Return-Path: <owner-linux-mm@kvack.org>
Received: from mail-pf0-f197.google.com (mail-pf0-f197.google.com [209.85.192.197])
	by kanga.kvack.org (Postfix) with ESMTP id 16FED6B0038
	for <linux-mm@kvack.org>; Thu, 30 Nov 2017 08:39:00 -0500 (EST)
Received: by mail-pf0-f197.google.com with SMTP id f64so4944812pfd.6
        for <linux-mm@kvack.org>; Thu, 30 Nov 2017 05:39:00 -0800 (PST)
Received: from mga09.intel.com (mga09.intel.com. [134.134.136.24])
        by mx.google.com with ESMTPS id 3si3191907pli.43.2017.11.30.05.38.57
        for <linux-mm@kvack.org>
        (version=TLS1_2 cipher=ECDHE-RSA-AES128-GCM-SHA256 bits=128/128);
        Thu, 30 Nov 2017 05:38:58 -0800 (PST)
Date: Thu, 30 Nov 2017 21:38:40 +0800
From: Fengguang Wu <fengguang.wu@intel.com>
Subject: dd: page allocation failure: order:0, mode:0x1080020(GFP_ATOMIC),
 nodemask=(null)
Message-ID: <20171130133840.6yz4774274e5scpi@wfg-t540p.sh.intel.com>
MIME-Version: 1.0
Content-Type: multipart/mixed; boundary="y7hnjbnavwaasi5b"
Content-Disposition: inline
Sender: owner-linux-mm@kvack.org
List-ID: <linux-mm.kvack.org>
To: linux-mm@kvack.org
Cc: Andrew Morton <akpm@linux-foundation.org>, Michal Hocko <mhocko@suse.com>, Vlastimil Babka <vbabka@suse.cz>, Mel Gorman <mgorman@techsingularity.net>, Johannes Weiner <hannes@cmpxchg.org>, linux-kernel@vger.kernel.org, lkp@01.org


--y7hnjbnavwaasi5b
Content-Type: text/plain; charset=us-ascii
Content-Disposition: inline

Hello,

It looks like a regression in 4.15.0-rc1 -- the test case simply run a
set of parallel dd's and there seems no reason to run into memory problem.

It occurs in 1 out of 4 tests.

The test goes like this:

        https://git.kernel.org/pub/scm/linux/kernel/git/wfg/vm-scalability.git/tree/case-lru-file-readtwice

        mount -t tmpfs -o size=100% vm-scalability-tmp /tmp/vm-scalability-tmp
        truncate -s 67192406016 /tmp/vm-scalability-tmp/vm-scalability.img
        mkfs.xfs -q /tmp/vm-scalability-tmp/vm-scalability.img
        mount -o loop /tmp/vm-scalability-tmp/vm-scalability.img /tmp/vm-scalability-tmp/vm-scalability
        ./case-lru-file-readtwice
        truncate /tmp/vm-scalability-tmp/vm-scalability/sparse-lru-file-readtwice-1 -s 39268272420
        truncate /tmp/vm-scalability-tmp/vm-scalability/sparse-lru-file-readtwice-2 -s 39268272420
        truncate /tmp/vm-scalability-tmp/vm-scalability/sparse-lru-file-readtwice-3 -s 39268272420
        ...
        truncate /tmp/vm-scalability-tmp/vm-scalability/sparse-lru-file-readtwice-112 -s 39268272420

The test machine is

        hostname: lkp-skl-2sp2
        model: Skylake
        nr_cpu: 112
        memory: 64G

[   35.877083]
[   35.879974] 2017-11-29 10:02:06  truncate /tmp/vm-scalability-tmp/vm-scalability/sparse-lru-file-readtwice-111 -s 39268272420
[   35.879977]
[   35.882960] 2017-11-29 10:02:06  truncate /tmp/vm-scalability-tmp/vm-scalability/sparse-lru-file-readtwice-112 -s 39268272420
[   35.882964]
[   71.088242] dd: page allocation failure: order:0, mode:0x1080020(GFP_ATOMIC), nodemask=(null)
[   71.098654] dd cpuset=/ mems_allowed=0-1
[   71.104460] CPU: 0 PID: 6016 Comm: dd Tainted: G           O     4.15.0-rc1 #1
[   71.113553] Call Trace:
[   71.117886]  <IRQ>
[   71.121749]  dump_stack+0x5c/0x7b:
						dump_stack at lib/dump_stack.c:55
[   71.126785]  warn_alloc+0xbe/0x150:
						preempt_count at arch/x86/include/asm/preempt.h:23
						 (inlined by) should_suppress_show_mem at mm/page_alloc.c:3244
						 (inlined by) warn_alloc_show_mem at mm/page_alloc.c:3254
						 (inlined by) warn_alloc at mm/page_alloc.c:3293
[   71.131939]  __alloc_pages_slowpath+0xda7/0xdf0:
						__alloc_pages_slowpath at mm/page_alloc.c:4151
[   71.138110]  ? xhci_urb_enqueue+0x23d/0x580:
						xhci_urb_enqueue at drivers/usb/host/xhci.c:1389
[   71.143941]  __alloc_pages_nodemask+0x269/0x280:
						__alloc_pages_nodemask at mm/page_alloc.c:4245
[   71.150167]  page_frag_alloc+0x11c/0x150:
						__page_frag_cache_refill at mm/page_alloc.c:4335
						 (inlined by) page_frag_alloc at mm/page_alloc.c:4364
[   71.155668]  __netdev_alloc_skb+0xa0/0x110:
						__netdev_alloc_skb at net/core/skbuff.c:415
[   71.161386]  rx_submit+0x3b/0x2e0:
						rx_submit at drivers/net/usb/usbnet.c:488
[   71.166232]  rx_complete+0x196/0x2d0:
						rx_complete at drivers/net/usb/usbnet.c:659
[   71.171354]  __usb_hcd_giveback_urb+0x86/0x100:
						arch_local_irq_restore at arch/x86/include/asm/paravirt.h:777
						 (inlined by) __usb_hcd_giveback_urb at drivers/usb/core/hcd.c:1769
[   71.177281]  xhci_giveback_urb_in_irq+0x86/0x100
[   71.184107]  xhci_td_cleanup+0xe7/0x170:
						xhci_td_cleanup at drivers/usb/host/xhci-ring.c:1924
[   71.189457]  handle_tx_event+0x297/0x1190:
						process_bulk_intr_td at drivers/usb/host/xhci-ring.c:2267
						 (inlined by) handle_tx_event at drivers/usb/host/xhci-ring.c:2598
[   71.194905]  ? reweight_entity+0x145/0x180:
						enqueue_runnable_load_avg at kernel/sched/fair.c:2742
						 (inlined by) reweight_entity at kernel/sched/fair.c:2810
[   71.200466]  xhci_irq+0x300/0xb80:
						xhci_handle_event at drivers/usb/host/xhci-ring.c:2676
						 (inlined by) xhci_irq at drivers/usb/host/xhci-ring.c:2777
[   71.205195]  ? scheduler_tick+0xb2/0xe0:
						rq_last_tick_reset at kernel/sched/sched.h:1643
						 (inlined by) scheduler_tick at kernel/sched/core.c:3036
[   71.210407]  ? run_timer_softirq+0x73/0x460:
						__collect_expired_timers at kernel/time/timer.c:1375
						 (inlined by) collect_expired_timers at kernel/time/timer.c:1609
						 (inlined by) __run_timers at kernel/time/timer.c:1656
						 (inlined by) run_timer_softirq at kernel/time/timer.c:1688
[   71.215905]  __handle_irq_event_percpu+0x3a/0x1a0:
						__handle_irq_event_percpu at kernel/irq/handle.c:147
[   71.221975]  handle_irq_event_percpu+0x20/0x50:
						handle_irq_event_percpu at kernel/irq/handle.c:189
[   71.227641]  handle_irq_event+0x3d/0x60:
						handle_irq_event at kernel/irq/handle.c:206
[   71.232682]  handle_edge_irq+0x71/0x190:
						handle_edge_irq at kernel/irq/chip.c:796
[   71.237715]  handle_irq+0xa5/0x100:
						handle_irq at arch/x86/kernel/irq_64.c:78
[   71.242326]  do_IRQ+0x41/0xc0:
						do_IRQ at arch/x86/kernel/irq.c:241
[   71.246472]  common_interrupt+0x96/0x96:
						ret_from_intr at arch/x86/entry/entry_64.S:611
[   71.251509]  </IRQ>
[   71.254696] RIP: 0010:_raw_spin_unlock_irqrestore+0x11/0x20:
						arch_local_irq_restore at arch/x86/include/asm/paravirt.h:777
						 (inlined by) __raw_spin_unlock_irqrestore at include/linux/spinlock_api_smp.h:160
						 (inlined by) _raw_spin_unlock_irqrestore at kernel/locking/spinlock.c:191
[   71.261306] RSP: 0018:ffffc9000a0f7718 EFLAGS: 00000246 ORIG_RAX: ffffffffffffffd9
[   71.269926] RAX: 0000000000000001 RBX: ffffea00124bce40 RCX: 0000000000000000
[   71.278165] RDX: ffffffff811d5b10 RSI: 0000000000000246 RDI: 0000000000000246
[   71.286380] RBP: ffff8808196b0688 R08: 0000000000000001 R09: 0000000000000016
[   71.294533] R10: ffff8804676c3258 R11: 0000000000000017 R12: 0000000000000001
[   71.302666] R13: ffff8808196b0670 R14: 0000000000000246 R15: 0000000000000000
[   71.310729]  ? count_shadow_nodes+0xa0/0xa0:
						workingset_update_node at mm/workingset.c:344
[   71.315862]  __remove_mapping+0xe8/0x200:
						__remove_mapping at mm/vmscan.c:748
[   71.320667]  shrink_page_list+0x8e5/0xbd0:
						shrink_page_list at mm/vmscan.c:1308 (discriminator 1)
[   71.325599]  shrink_inactive_list+0x216/0x550:
						spin_lock_irq at include/linux/spinlock.h:340
						 (inlined by) shrink_inactive_list at mm/vmscan.c:1806
[   71.330861]  shrink_node_memcg+0x37e/0x780:
						shrink_list at mm/vmscan.c:2161
						 (inlined by) shrink_node_memcg at mm/vmscan.c:2424
[   71.335879]  ? shrink_node+0xeb/0x2e0:
						shrink_node at mm/vmscan.c:2617
[   71.340356]  shrink_node+0xeb/0x2e0:
						shrink_node at mm/vmscan.c:2617
[   71.344646]  do_try_to_free_pages+0xb3/0x310:
						shrink_zones at mm/vmscan.c:2743
						 (inlined by) do_try_to_free_pages at mm/vmscan.c:2860
[   71.349761]  try_to_free_pages+0xf2/0x1c0:
						try_to_free_pages at mm/vmscan.c:3066
[   71.354467]  __alloc_pages_slowpath+0x3e2/0xdf0:
						__perform_reclaim at mm/page_alloc.c:3625
						 (inlined by) __alloc_pages_direct_reclaim at mm/page_alloc.c:3646
						 (inlined by) __alloc_pages_slowpath at mm/page_alloc.c:4045
[   71.359719]  __alloc_pages_nodemask+0x269/0x280:
						__alloc_pages_nodemask at mm/page_alloc.c:4245
[   71.364901]  __do_page_cache_readahead+0xfd/0x290:
						__do_page_cache_readahead at mm/readahead.c:184
[   71.370326]  ? set_next_entity+0xa1/0x210:
						set_next_entity at kernel/sched/fair.c:4165
[   71.374955]  ? current_time+0x18/0x70:
						current_kernel_time at include/linux/timekeeping32.h:17
						 (inlined by) current_time at fs/inode.c:2118
[   71.379284]  ? ondemand_readahead+0x117/0x2c0:
						ra_submit at mm/internal.h:66
						 (inlined by) ondemand_readahead at mm/readahead.c:478
[   71.384303]  ondemand_readahead+0x117/0x2c0:
						ra_submit at mm/internal.h:66
						 (inlined by) ondemand_readahead at mm/readahead.c:478
[   71.389205]  generic_file_read_iter+0x731/0x980:
						generic_file_buffered_read at mm/filemap.c:2103
						 (inlined by) generic_file_read_iter at mm/filemap.c:2365
[   71.394425]  ? _cond_resched+0xf/0x30:
						_cond_resched at kernel/sched/core.c:4849
[   71.398789]  ? _cond_resched+0x19/0x30:
						_cond_resched at kernel/sched/core.c:4855
[   71.403210]  ? down_read+0x21/0x40:
						__down_read at arch/x86/include/asm/rwsem.h:83
						 (inlined by) down_read at kernel/locking/rwsem.c:26
[   71.407317]  xfs_file_buffered_aio_read+0x53/0xf0 [xfs]
[   71.413255]  xfs_file_read_iter+0x64/0xc0 [xfs]
[   71.418424]  __vfs_read+0xd2/0x140:
						new_sync_read at fs/read_write.c:402
						 (inlined by) __vfs_read at fs/read_write.c:413
[   71.422504]  vfs_read+0x9b/0x140:
						vfs_read at fs/read_write.c:448
[   71.426392]  SyS_read+0x42/0x90
[   71.430203]  entry_SYSCALL_64_fastpath+0x1a/0x7d:
						entry_SYSCALL_64_fastpath at arch/x86/entry/entry_64.S:210
[   71.435466] RIP: 0033:0x7ff145cae060
[   71.439728] RSP: 002b:00007ffee3f33b98 EFLAGS: 00000246 ORIG_RAX: 0000000000000000
[   71.447993] RAX: ffffffffffffffda RBX: 00000000000b1bf2 RCX: 00007ff145cae060
[   71.455801] RDX: 0000000000001000 RSI: 0000000000ff4000 RDI: 0000000000000000
[   71.463637] RBP: 0000000000001000 R08: 0000000000000003 R09: 0000000000003011
[   71.471442] R10: 000000000000086d R11: 0000000000000246 R12: 0000000000ff4000
[   71.479267] R13: 0000000000000000 R14: 0000000000ff4000 R15: 0000000000000000
[   78.848629] dd: page allocation failure: order:0, mode:0x1080020(GFP_ATOMIC), nodemask=(null)
[   78.857841] dd cpuset=/ mems_allowed=0-1
[   78.862502] CPU: 0 PID: 6131 Comm: dd Tainted: G           O     4.15.0-rc1 #1
[   78.870437] Call Trace:
[   78.873610]  <IRQ>
[   78.876342]  dump_stack+0x5c/0x7b:
						dump_stack at lib/dump_stack.c:55
[   78.880414]  warn_alloc+0xbe/0x150:
						preempt_count at arch/x86/include/asm/preempt.h:23
						 (inlined by) should_suppress_show_mem at mm/page_alloc.c:3244
						 (inlined by) warn_alloc_show_mem at mm/page_alloc.c:3254
						 (inlined by) warn_alloc at mm/page_alloc.c:3293
[   78.884550]  __alloc_pages_slowpath+0xda7/0xdf0:
						__alloc_pages_slowpath at mm/page_alloc.c:4151
[   78.889822]  ? xhci_urb_enqueue+0x23d/0x580:
						xhci_urb_enqueue at drivers/usb/host/xhci.c:1389
[   78.894713]  __alloc_pages_nodemask+0x269/0x280:
						__alloc_pages_nodemask at mm/page_alloc.c:4245
[   78.899891]  page_frag_alloc+0x11c/0x150:
						__page_frag_cache_refill at mm/page_alloc.c:4335
						 (inlined by) page_frag_alloc at mm/page_alloc.c:4364
[   78.904471]  __netdev_alloc_skb+0xa0/0x110:
						__netdev_alloc_skb at net/core/skbuff.c:415
[   78.909277]  rx_submit+0x3b/0x2e0:
						rx_submit at drivers/net/usb/usbnet.c:488
[   78.913256]  rx_complete+0x196/0x2d0:
						rx_complete at drivers/net/usb/usbnet.c:659
[   78.917560]  __usb_hcd_giveback_urb+0x86/0x100:
						arch_local_irq_restore at arch/x86/include/asm/paravirt.h:777
						 (inlined by) __usb_hcd_giveback_urb at drivers/usb/core/hcd.c:1769
[   78.922681]  xhci_giveback_urb_in_irq+0x86/0x100
[   78.928769]  ? ip_rcv+0x261/0x390:
						NF_HOOK at include/linux/netfilter.h:250
						 (inlined by) ip_rcv at net/ipv4/ip_input.c:493
[   78.932739]  xhci_td_cleanup+0xe7/0x170:
						xhci_td_cleanup at drivers/usb/host/xhci-ring.c:1924
[   78.937308]  handle_tx_event+0x297/0x1190:
						process_bulk_intr_td at drivers/usb/host/xhci-ring.c:2267
						 (inlined by) handle_tx_event at drivers/usb/host/xhci-ring.c:2598
[   78.941990]  xhci_irq+0x300/0xb80:
						xhci_handle_event at drivers/usb/host/xhci-ring.c:2676
						 (inlined by) xhci_irq at drivers/usb/host/xhci-ring.c:2777
[   78.945968]  ? pciehp_isr+0x46/0x320
[   78.950870]  __handle_irq_event_percpu+0x3a/0x1a0:
						__handle_irq_event_percpu at kernel/irq/handle.c:147
[   78.956311]  handle_irq_event_percpu+0x20/0x50:
						handle_irq_event_percpu at kernel/irq/handle.c:189
[   78.961466]  handle_irq_event+0x3d/0x60:
						handle_irq_event at kernel/irq/handle.c:206
[   78.965962]  handle_edge_irq+0x71/0x190:
						handle_edge_irq at kernel/irq/chip.c:796
[   78.970480]  handle_irq+0xa5/0x100:
						handle_irq at arch/x86/kernel/irq_64.c:78
[   78.974565]  do_IRQ+0x41/0xc0:
						do_IRQ at arch/x86/kernel/irq.c:241
[   78.978206]  ? pagevec_move_tail_fn+0x350/0x350:
						__activate_page at mm/swap.c:275
[   78.983412]  common_interrupt+0x96/0x96:
						ret_from_intr at arch/x86/entry/entry_64.S:611
[   78.987887]  </IRQ>
[   78.990638] RIP: 0010:_raw_spin_unlock_irqrestore+0x11/0x20:
						arch_local_irq_restore at arch/x86/include/asm/paravirt.h:777
						 (inlined by) __raw_spin_unlock_irqrestore at include/linux/spinlock_api_smp.h:160
						 (inlined by) _raw_spin_unlock_irqrestore at kernel/locking/spinlock.c:191
[   78.996915] RSP: 0018:ffffc9000a347cf8 EFLAGS: 00000246 ORIG_RAX: ffffffffffffffd9
[   79.005196] RAX: ffff881035e00008 RBX: 000000000000000e RCX: 0000000000000001
[   79.013024] RDX: ffffea003eb91ba0 RSI: 0000000000000246 RDI: 0000000000000246
[   79.020886] RBP: ffff88085d8166a0 R08: ffffea003eb91ba0 R09: 00000000005eb501
[   79.028770] R10: ffff88107ffcd000 R11: ffffffffffffffff R12: 0000000000000246
[   79.036607] R13: ffffffff811b33b0 R14: ffff88107ffcd000 R15: ffffea003eb91bc0
[   79.044528]  ? pagevec_move_tail_fn+0x350/0x350:
						__activate_page at mm/swap.c:275
[   79.049871]  pagevec_lru_move_fn+0xab/0xd0:
						spin_unlock_irqrestore at include/linux/spinlock.h:370
						 (inlined by) pagevec_lru_move_fn at mm/swap.c:212
[   79.054723]  activate_page+0xbb/0xd0:
						__preempt_count_sub at arch/x86/include/asm/preempt.h:81
						 (inlined by) activate_page at mm/swap.c:314
[   79.059035]  mark_page_accessed+0x7a/0x150:
						__read_once_size at include/linux/compiler.h:183
						 (inlined by) compound_head at include/linux/page-flags.h:147
						 (inlined by) ClearPageReferenced at include/linux/page-flags.h:268
						 (inlined by) mark_page_accessed at mm/swap.c:392
[   79.063876]  generic_file_read_iter+0x42d/0x980:
						generic_file_buffered_read at mm/filemap.c:2188
						 (inlined by) generic_file_read_iter at mm/filemap.c:2365
[   79.069112]  ? _cond_resched+0x19/0x30:
						_cond_resched at kernel/sched/core.c:4855
[   79.073611]  ? _cond_resched+0x19/0x30:
						_cond_resched at kernel/sched/core.c:4855
[   79.078092]  ? down_read+0x21/0x40:
						__down_read at arch/x86/include/asm/rwsem.h:83
						 (inlined by) down_read at kernel/locking/rwsem.c:26
[   79.082287]  xfs_file_buffered_aio_read+0x53/0xf0 [xfs]
[   79.088284]  xfs_file_read_iter+0x64/0xc0 [xfs]
[   79.093515]  __vfs_read+0xd2/0x140:
						new_sync_read at fs/read_write.c:402
						 (inlined by) __vfs_read at fs/read_write.c:413
[   79.097639]  vfs_read+0x9b/0x140:
						vfs_read at fs/read_write.c:448
[   79.101563]  SyS_read+0x42/0x90
[   79.105374]  entry_SYSCALL_64_fastpath+0x1a/0x7d:
						entry_SYSCALL_64_fastpath at arch/x86/entry/entry_64.S:210
[   79.110692] RIP: 0033:0x7f2611b8c060
[   79.114910] RSP: 002b:00007ffd6360fda8 EFLAGS: 00000246 ORIG_RAX: 0000000000000000
[   79.123181] RAX: ffffffffffffffda RBX: 00000000000c4a1e RCX: 00007f2611b8c060
[   79.131037] RDX: 0000000000001000 RSI: 00000000009a4000 RDI: 0000000000000000
[   79.138858] RBP: 0000000000001000 R08: 0000000000000003 R09: 0000000000003011
[   79.146708] R10: 000000000000086d R11: 0000000000000246 R12: 00000000009a4000
[   79.154579] R13: 0000000000000000 R14: 00000000009a4000 R15: 0000000000000000
[   85.364572] Terminated
[   85.364576]
[   85.806857] /usr/bin/curl -sSf http://inn:80/~lkp/cgi-bin/lkp-jobfile-append-var?job_file=/lkp/scheduled/lkp-skl-2sp2/vm-scalability-300s-lru-file-readtwice-performance-debian-x86_64-2016-08-31.cgz-CYCLIC_HEAD-20171128-58530-nmcjkk-0.yaml&job_state=post_run -o /dev/null

Thanks,
Fengguang

--y7hnjbnavwaasi5b
Content-Type: text/plain; charset=us-ascii
Content-Disposition: attachment; filename="dmesg-lkp-skl-2sp2:20171129101019:x86_64-rhel-7.2:gcc-7:4.15.0-rc1:1"
Content-Transfer-Encoding: quoted-printable

Decompressing Linux... Parsing ELF... done.
Booting the kernel.
[    0.000000] Linux version 4.15.0-rc1 (kbuild@ivb42) (gcc version 7.2.1 2=
0171025 (Debian 7.2.0-12)) #1 SMP Mon Nov 27 09:58:37 CST 2017
[    0.000000] Command line: ip=3D::::lkp-skl-2sp2::dhcp root=3D/dev/ram0 u=
ser=3Dlkp job=3D/lkp/scheduled/lkp-skl-2sp2/vm-scalability-300s-lru-file-re=
adtwice-performance-debian-x86_64-2016-08-31.cgz-CYCLIC_HEAD-20171128-58530=
-nmcjkk-0.yaml ARCH=3Dx86_64 kconfig=3Dx86_64-rhel-7.2 branch=3Dlinus/maste=
r commit=3D4fbd8d194f06c8a3fd2af1ce560ddb31f7ec8323 BOOT_IMAGE=3D/pkg/linux=
/x86_64-rhel-7.2/gcc-7/4fbd8d194f06c8a3fd2af1ce560ddb31f7ec8323/vmlinuz-4.1=
5.0-rc1 acpi_rsdp=3D0x6C295014 max_uptime=3D1500 RESULT_ROOT=3D/result/vm-s=
calability/300s-lru-file-readtwice-performance/lkp-skl-2sp2/debian-x86_64-2=
016-08-31.cgz/x86_64-rhel-7.2/gcc-7/4fbd8d194f06c8a3fd2af1ce560ddb31f7ec832=
3/0 LKP_SERVER=3Dinn debug apic=3Ddebug sysrq_always_enabled rcupdate.rcu_c=
pu_stall_timeout=3D100 net.ifnames=3D0 printk.devkmsg=3Don panic=3D-1 softl=
ockup_panic=3D1 nmi_watchdog=3Dpanic oops=3Dpanic load_ramdisk=3D2 prompt_r=
amdisk=3D0 drbd.minor_count=3D8 systemd.log_level=3Derr ignore_loglevel con=
sole=3Dtty0 earlyprintk=3DttyS0,115200 console=3DttyS0,115200 vga=3Dnormal =
rw
[    0.000000] x86/fpu: Supporting XSAVE feature 0x001: 'x87 floating point=
 registers'
[    0.000000] x86/fpu: Supporting XSAVE feature 0x002: 'SSE registers'
[    0.000000] x86/fpu: Supporting XSAVE feature 0x004: 'AVX registers'
[    0.000000] x86/fpu: Supporting XSAVE feature 0x008: 'MPX bounds registe=
rs'
[    0.000000] x86/fpu: Supporting XSAVE feature 0x010: 'MPX CSR'
[    0.000000] x86/fpu: Supporting XSAVE feature 0x020: 'AVX-512 opmask'
[    0.000000] x86/fpu: Supporting XSAVE feature 0x040: 'AVX-512 Hi256'
[    0.000000] x86/fpu: Supporting XSAVE feature 0x080: 'AVX-512 ZMM_Hi256'
[    0.000000] x86/fpu: Supporting XSAVE feature 0x200: 'Protection Keys Us=
er registers'
[    0.000000] x86/fpu: xstate_offset[2]:  576, xstate_sizes[2]:  256
[    0.000000] x86/fpu: xstate_offset[3]:  832, xstate_sizes[3]:   64
[    0.000000] x86/fpu: xstate_offset[4]:  896, xstate_sizes[4]:   64
[    0.000000] x86/fpu: xstate_offset[5]:  960, xstate_sizes[5]:   64
[    0.000000] x86/fpu: xstate_offset[6]: 1024, xstate_sizes[6]:  512
[    0.000000] x86/fpu: xstate_offset[7]: 1536, xstate_sizes[7]: 1024
[    0.000000] x86/fpu: xstate_offset[9]: 2560, xstate_sizes[9]:    8
[    0.000000] x86/fpu: Enabled xstate features 0x2ff, context size is 2568=
 bytes, using 'compacted' format.
[    0.000000] e820: BIOS-provided physical RAM map:
[    0.000000] BIOS-e820: [mem 0x0000000000000100-0x000000000009ffff] usable
[    0.000000] BIOS-e820: [mem 0x00000000000a0000-0x00000000000fffff] reser=
ved
[    0.000000] BIOS-e820: [mem 0x0000000000100000-0x00000000677f0fff] usable
[    0.000000] BIOS-e820: [mem 0x00000000677f1000-0x0000000067a17fff] reser=
ved
[    0.000000] BIOS-e820: [mem 0x0000000067a18000-0x0000000067d43fff] usable
[    0.000000] BIOS-e820: [mem 0x0000000067d44000-0x0000000067d69fff] ACPI =
data
[    0.000000] BIOS-e820: [mem 0x0000000067d6a000-0x0000000067d8ffff] usable
[    0.000000] BIOS-e820: [mem 0x0000000067d90000-0x0000000067dc3fff] ACPI =
data
[    0.000000] BIOS-e820: [mem 0x0000000067dc4000-0x0000000067e2bfff] usable
[    0.000000] BIOS-e820: [mem 0x0000000067e2c000-0x0000000067e45fff] ACPI =
data
[    0.000000] BIOS-e820: [mem 0x0000000067e46000-0x0000000067e5ffff] usable
[    0.000000] BIOS-e820: [mem 0x0000000067e60000-0x0000000067e8afff] ACPI =
data
[    0.000000] BIOS-e820: [mem 0x0000000067e8b000-0x0000000068c82fff] usable
[    0.000000] BIOS-e820: [mem 0x0000000068c83000-0x0000000069c82fff] reser=
ved
[    0.000000] BIOS-e820: [mem 0x0000000069c83000-0x000000006b465fff] usable
[    0.000000] BIOS-e820: [mem 0x000000006b466000-0x000000006b765fff] reser=
ved
[    0.000000] BIOS-e820: [mem 0x000000006b766000-0x000000006c195fff] ACPI =
NVS
[    0.000000] BIOS-e820: [mem 0x000000006c196000-0x000000006c295fff] ACPI =
data
[    0.000000] BIOS-e820: [mem 0x000000006c296000-0x000000006fafffff] usable
[    0.000000] BIOS-e820: [mem 0x000000006fb00000-0x000000008fffffff] reser=
ved
[    0.000000] BIOS-e820: [mem 0x00000000fe000000-0x00000000fe010fff] reser=
ved
[    0.000000] BIOS-e820: [mem 0x0000000100000000-0x000000107fffffff] usable
[    0.000000] debug: ignoring loglevel setting.
[    0.000000] bootconsole [earlyser0] enabled
[    0.000000] NX (Execute Disable) protection: active
[    0.000000] DMI not present or invalid.
[    0.000000] e820: update [mem 0x00000000-0x00000fff] usable =3D=3D> rese=
rved
[    0.000000] e820: remove [mem 0x000a0000-0x000fffff] usable
[    0.000000] e820: last_pfn =3D 0x1080000 max_arch_pfn =3D 0x400000000
[    0.000000] MTRR default type: uncachable
[    0.000000] MTRR fixed ranges enabled:
[    0.000000]   00000-9FFFF write-back
[    0.000000]   A0000-FFFFF uncachable
[    0.000000] MTRR variable ranges enabled:
[    0.000000]   0 base 000000000000 mask 3FF000000000 write-back
[    0.000000]   1 base 001000000000 mask 3FFF80000000 write-back
[    0.000000]   2 base 000080000000 mask 3FFF80000000 uncachable
[    0.000000]   3 base 00007F000000 mask 3FFFFF000000 uncachable
[    0.000000]   4 disabled
[    0.000000]   5 disabled
[    0.000000]   6 disabled
[    0.000000]   7 disabled
[    0.000000]   8 disabled
[    0.000000]   9 disabled
[    0.000000] x86/PAT: Configuration [0-7]: WB  WC  UC- UC  WB  WP  UC- WT=
 =20
[    0.000000] e820: update [mem 0x7f000000-0xffffffff] usable =3D=3D> rese=
rved
[    0.000000] e820: last_pfn =3D 0x6fb00 max_arch_pfn =3D 0x400000000
[    0.000000] Scan for SMP in [mem 0x00000000-0x000003ff]
[    0.000000] Scan for SMP in [mem 0x0009fc00-0x0009ffff]
[    0.000000] Scan for SMP in [mem 0x000f0000-0x000fffff]
[    0.000000] Scan for SMP in [mem 0x0009c000-0x0009c3ff]
[    0.000000] Base memory trampoline at [ffff880000096000] 96000 size 24576
[    0.000000] Using GB pages for direct mapping
[    0.000000] BRK [0x107f90a000, 0x107f90afff] PGTABLE
[    0.000000] BRK [0x107f90b000, 0x107f90bfff] PGTABLE
[    0.000000] BRK [0x107f90c000, 0x107f90cfff] PGTABLE
[    0.000000] BRK [0x107f90d000, 0x107f90dfff] PGTABLE
[    0.000000] BRK [0x107f90e000, 0x107f90efff] PGTABLE
[    0.000000] BRK [0x107f90f000, 0x107f90ffff] PGTABLE
[    0.000000] RAMDISK: [mem 0x1068a28000-0x107dffffff]
[    0.000000] ACPI: Early table checksum verification disabled
[    0.000000] ACPI: RSDP 0x000000006C295014 000024 (v02 INTEL )
[    0.000000] ACPI: XSDT 0x000000006C1A7188 0000F4 (v01 INTEL  S2600WF  00=
000000 INTL 20091013)
[    0.000000] ACPI: FACP 0x000000006C292000 00010C (v05 INTEL  S2600WF  00=
000000 INTL 20091013)
[    0.000000] ACPI: DSDT 0x000000006C24E000 035F66 (v02 INTEL  S2600WF  00=
000003 INTL 20091013)
[    0.000000] ACPI: FACS 0x000000006C10E000 000040
[    0.000000] ACPI: SSDT 0x000000006C293000 0004B0 (v02 INTEL  S2600WF  00=
000000 MSFT 0100000D)
[    0.000000] ACPI: UEFI 0x000000006C185000 000042 (v01 INTEL  S2600WF  00=
000002 INTL 20091013)
[    0.000000] ACPI: UEFI 0x000000006C110000 00005C (v01 INTEL  RstUefiV 00=
000000      00000000)
[    0.000000] ACPI: HPET 0x000000006C291000 000038 (v01 INTEL  S2600WF  00=
000001 INTL 20091013)
[    0.000000] ACPI: APIC 0x000000006C28F000 0016DE (v03 INTEL  S2600WF  00=
000000 INTL 20091013)
[    0.000000] ACPI: MCFG 0x000000006C28E000 00003C (v01 INTEL  S2600WF  00=
000001 INTL 20091013)
[    0.000000] ACPI: MSCT 0x000000006C28D000 000090 (v01 INTEL  S2600WF  00=
000001 INTL 20091013)
[    0.000000] ACPI: PCAT 0x000000006C28C000 000048 (v01 INTEL  S2600WF  00=
000002 INTL 20091013)
[    0.000000] ACPI: PCCT 0x000000006C28B000 0000AC (v01 INTEL  S2600WF  00=
000002 INTL 20091013)
[    0.000000] ACPI: RASF 0x000000006C28A000 000030 (v01 INTEL  S2600WF  00=
000001 INTL 20091013)
[    0.000000] ACPI: SLIT 0x000000006C289000 00006C (v01 INTEL  S2600WF  00=
000001 INTL 20091013)
[    0.000000] ACPI: SRAT 0x000000006C286000 002830 (v03 INTEL  S2600WF  00=
000002 INTL 20091013)
[    0.000000] ACPI: SPMI 0x000000006C285000 000041 (v05 INTEL  S2600WF  00=
000001 INTL 20091013)
[    0.000000] ACPI: WDDT 0x000000006C284000 000040 (v01 INTEL  S2600WF  00=
000000 INTL 20091013)
[    0.000000] ACPI: OEM4 0x000000006C1AB000 0A27C4 (v02 INTEL  CPU  CST 00=
003000 INTL 20140828)
[    0.000000] ACPI: OEM1 0x0000000067E60000 02A2C4 (v02 INTEL  CPU EIST 00=
003000 INTL 20140828)
[    0.000000] ACPI: OEM2 0x0000000067E2C000 019464 (v02 INTEL  CPU  HWP 00=
003000 INTL 20140828)
[    0.000000] ACPI: SSDT 0x0000000067D90000 033990 (v02 INTEL  S2600WF  00=
004000 INTL 20091013)
[    0.000000] ACPI: OEM3 0x0000000067D44000 025F64 (v02 INTEL  CPU  TST 00=
003000 INTL 20140828)
[    0.000000] ACPI: SSDT 0x000000006C1A8000 002AF6 (v02 INTEL  S2600WF  00=
000002 INTL 20091013)
[    0.000000] ACPI: HEST 0x000000006C294000 0000A8 (v01 INTEL  S2600WF  00=
000001 INTL 00000001)
[    0.000000] ACPI: BERT 0x000000006C1A6000 000030 (v01 INTEL  S2600WF  00=
000001 INTL 00000001)
[    0.000000] ACPI: ERST 0x000000006C1A5000 000230 (v01 INTEL  S2600WF  00=
000001 INTL 00000001)
[    0.000000] ACPI: EINJ 0x000000006C1A4000 000150 (v01 INTEL  S2600WF  00=
000001 INTL 00000001)
[    0.000000] ACPI: BGRT 0x000000006C1A3000 000038 (v01 INTEL  S2600WF  00=
000002 INTL 20091013)
[    0.000000] ACPI: Local APIC address 0xfee00000
[    0.000000] mapped APIC to ffffffffff5fc000 (        fee00000)
[    0.000000] SRAT: PXM 0 -> APIC 0x00 -> Node 0
[    0.000000] SRAT: PXM 0 -> APIC 0x02 -> Node 0
[    0.000000] SRAT: PXM 0 -> APIC 0x04 -> Node 0
[    0.000000] SRAT: PXM 0 -> APIC 0x06 -> Node 0
[    0.000000] SRAT: PXM 0 -> APIC 0x08 -> Node 0
[    0.000000] SRAT: PXM 0 -> APIC 0x0a -> Node 0
[    0.000000] SRAT: PXM 0 -> APIC 0x0c -> Node 0
[    0.000000] SRAT: PXM 0 -> APIC 0x10 -> Node 0
[    0.000000] SRAT: PXM 0 -> APIC 0x12 -> Node 0
[    0.000000] SRAT: PXM 0 -> APIC 0x14 -> Node 0
[    0.000000] SRAT: PXM 0 -> APIC 0x16 -> Node 0
[    0.000000] SRAT: PXM 0 -> APIC 0x18 -> Node 0
[    0.000000] SRAT: PXM 0 -> APIC 0x1a -> Node 0
[    0.000000] SRAT: PXM 0 -> APIC 0x1c -> Node 0
[    0.000000] SRAT: PXM 0 -> APIC 0x20 -> Node 0
[    0.000000] SRAT: PXM 0 -> APIC 0x22 -> Node 0
[    0.000000] SRAT: PXM 0 -> APIC 0x24 -> Node 0
[    0.000000] SRAT: PXM 0 -> APIC 0x26 -> Node 0
[    0.000000] SRAT: PXM 0 -> APIC 0x28 -> Node 0
[    0.000000] SRAT: PXM 0 -> APIC 0x2a -> Node 0
[    0.000000] SRAT: PXM 0 -> APIC 0x2c -> Node 0
[    0.000000] SRAT: PXM 0 -> APIC 0x30 -> Node 0
[    0.000000] SRAT: PXM 0 -> APIC 0x32 -> Node 0
[    0.000000] SRAT: PXM 0 -> APIC 0x34 -> Node 0
[    0.000000] SRAT: PXM 0 -> APIC 0x36 -> Node 0
[    0.000000] SRAT: PXM 0 -> APIC 0x38 -> Node 0
[    0.000000] SRAT: PXM 0 -> APIC 0x3a -> Node 0
[    0.000000] SRAT: PXM 0 -> APIC 0x3c -> Node 0
[    0.000000] SRAT: PXM 1 -> APIC 0x40 -> Node 1
[    0.000000] SRAT: PXM 1 -> APIC 0x42 -> Node 1
[    0.000000] SRAT: PXM 1 -> APIC 0x44 -> Node 1
[    0.000000] SRAT: PXM 1 -> APIC 0x46 -> Node 1
[    0.000000] SRAT: PXM 1 -> APIC 0x48 -> Node 1
[    0.000000] SRAT: PXM 1 -> APIC 0x4a -> Node 1
[    0.000000] SRAT: PXM 1 -> APIC 0x4c -> Node 1
[    0.000000] SRAT: PXM 1 -> APIC 0x50 -> Node 1
[    0.000000] SRAT: PXM 1 -> APIC 0x52 -> Node 1
[    0.000000] SRAT: PXM 1 -> APIC 0x54 -> Node 1
[    0.000000] SRAT: PXM 1 -> APIC 0x56 -> Node 1
[    0.000000] SRAT: PXM 1 -> APIC 0x58 -> Node 1
[    0.000000] SRAT: PXM 1 -> APIC 0x5a -> Node 1
[    0.000000] SRAT: PXM 1 -> APIC 0x5c -> Node 1
[    0.000000] SRAT: PXM 1 -> APIC 0x60 -> Node 1
[    0.000000] SRAT: PXM 1 -> APIC 0x62 -> Node 1
[    0.000000] SRAT: PXM 1 -> APIC 0x64 -> Node 1
[    0.000000] SRAT: PXM 1 -> APIC 0x66 -> Node 1
[    0.000000] SRAT: PXM 1 -> APIC 0x68 -> Node 1
[    0.000000] SRAT: PXM 1 -> APIC 0x6a -> Node 1
[    0.000000] SRAT: PXM 1 -> APIC 0x6c -> Node 1
[    0.000000] SRAT: PXM 1 -> APIC 0x70 -> Node 1
[    0.000000] SRAT: PXM 1 -> APIC 0x72 -> Node 1
[    0.000000] SRAT: PXM 1 -> APIC 0x74 -> Node 1
[    0.000000] SRAT: PXM 1 -> APIC 0x76 -> Node 1
[    0.000000] SRAT: PXM 1 -> APIC 0x78 -> Node 1
[    0.000000] SRAT: PXM 1 -> APIC 0x7a -> Node 1
[    0.000000] SRAT: PXM 1 -> APIC 0x7c -> Node 1
[    0.000000] SRAT: PXM 0 -> APIC 0x01 -> Node 0
[    0.000000] SRAT: PXM 0 -> APIC 0x03 -> Node 0
[    0.000000] SRAT: PXM 0 -> APIC 0x05 -> Node 0
[    0.000000] SRAT: PXM 0 -> APIC 0x07 -> Node 0
[    0.000000] SRAT: PXM 0 -> APIC 0x09 -> Node 0
[    0.000000] SRAT: PXM 0 -> APIC 0x0b -> Node 0
[    0.000000] SRAT: PXM 0 -> APIC 0x0d -> Node 0
[    0.000000] SRAT: PXM 0 -> APIC 0x11 -> Node 0
[    0.000000] SRAT: PXM 0 -> APIC 0x13 -> Node 0
[    0.000000] SRAT: PXM 0 -> APIC 0x15 -> Node 0
[    0.000000] SRAT: PXM 0 -> APIC 0x17 -> Node 0
[    0.000000] SRAT: PXM 0 -> APIC 0x19 -> Node 0
[    0.000000] SRAT: PXM 0 -> APIC 0x1b -> Node 0
[    0.000000] SRAT: PXM 0 -> APIC 0x1d -> Node 0
[    0.000000] SRAT: PXM 0 -> APIC 0x21 -> Node 0
[    0.000000] SRAT: PXM 0 -> APIC 0x23 -> Node 0
[    0.000000] SRAT: PXM 0 -> APIC 0x25 -> Node 0
[    0.000000] SRAT: PXM 0 -> APIC 0x27 -> Node 0
[    0.000000] SRAT: PXM 0 -> APIC 0x29 -> Node 0
[    0.000000] SRAT: PXM 0 -> APIC 0x2b -> Node 0
[    0.000000] SRAT: PXM 0 -> APIC 0x2d -> Node 0
[    0.000000] SRAT: PXM 0 -> APIC 0x31 -> Node 0
[    0.000000] SRAT: PXM 0 -> APIC 0x33 -> Node 0
[    0.000000] SRAT: PXM 0 -> APIC 0x35 -> Node 0
[    0.000000] SRAT: PXM 0 -> APIC 0x37 -> Node 0
[    0.000000] SRAT: PXM 0 -> APIC 0x39 -> Node 0
[    0.000000] SRAT: PXM 0 -> APIC 0x3b -> Node 0
[    0.000000] SRAT: PXM 0 -> APIC 0x3d -> Node 0
[    0.000000] SRAT: PXM 1 -> APIC 0x41 -> Node 1
[    0.000000] SRAT: PXM 1 -> APIC 0x43 -> Node 1
[    0.000000] SRAT: PXM 1 -> APIC 0x45 -> Node 1
[    0.000000] SRAT: PXM 1 -> APIC 0x47 -> Node 1
[    0.000000] SRAT: PXM 1 -> APIC 0x49 -> Node 1
[    0.000000] SRAT: PXM 1 -> APIC 0x4b -> Node 1
[    0.000000] SRAT: PXM 1 -> APIC 0x4d -> Node 1
[    0.000000] SRAT: PXM 1 -> APIC 0x51 -> Node 1
[    0.000000] SRAT: PXM 1 -> APIC 0x53 -> Node 1
[    0.000000] SRAT: PXM 1 -> APIC 0x55 -> Node 1
[    0.000000] SRAT: PXM 1 -> APIC 0x57 -> Node 1
[    0.000000] SRAT: PXM 1 -> APIC 0x59 -> Node 1
[    0.000000] SRAT: PXM 1 -> APIC 0x5b -> Node 1
[    0.000000] SRAT: PXM 1 -> APIC 0x5d -> Node 1
[    0.000000] SRAT: PXM 1 -> APIC 0x61 -> Node 1
[    0.000000] SRAT: PXM 1 -> APIC 0x63 -> Node 1
[    0.000000] SRAT: PXM 1 -> APIC 0x65 -> Node 1
[    0.000000] SRAT: PXM 1 -> APIC 0x67 -> Node 1
[    0.000000] SRAT: PXM 1 -> APIC 0x69 -> Node 1
[    0.000000] SRAT: PXM 1 -> APIC 0x6b -> Node 1
[    0.000000] SRAT: PXM 1 -> APIC 0x6d -> Node 1
[    0.000000] SRAT: PXM 1 -> APIC 0x71 -> Node 1
[    0.000000] SRAT: PXM 1 -> APIC 0x73 -> Node 1
[    0.000000] SRAT: PXM 1 -> APIC 0x75 -> Node 1
[    0.000000] SRAT: PXM 1 -> APIC 0x77 -> Node 1
[    0.000000] SRAT: PXM 1 -> APIC 0x79 -> Node 1
[    0.000000] SRAT: PXM 1 -> APIC 0x7b -> Node 1
[    0.000000] SRAT: PXM 1 -> APIC 0x7d -> Node 1
[    0.000000] ACPI: SRAT: Node 0 PXM 0 [mem 0x00000000-0x7fffffff]
[    0.000000] ACPI: SRAT: Node 0 PXM 0 [mem 0x100000000-0x87fffffff]
[    0.000000] ACPI: SRAT: Node 1 PXM 1 [mem 0x880000000-0x107fffffff]
[    0.000000] NUMA: Initialized distance table, cnt=3D2
[    0.000000] NUMA: Node 0 [mem 0x00000000-0x7fffffff] + [mem 0x100000000-=
0x87fffffff] -> [mem 0x00000000-0x87fffffff]
[    0.000000] NODE_DATA(0) allocated [mem 0x87ffd5000-0x87fffffff]
[    0.000000] NODE_DATA(1) allocated [mem 0x107ffcd000-0x107fff7fff]
[    0.000000] cma: Reserved 200 MiB at 0x000000105c000000
[    0.000000] Zone ranges:
[    0.000000]   DMA      [mem 0x0000000000001000-0x0000000000ffffff]
[    0.000000]   DMA32    [mem 0x0000000001000000-0x00000000ffffffff]
[    0.000000]   Normal   [mem 0x0000000100000000-0x000000107fffffff]
[    0.000000]   Device   empty
[    0.000000] Movable zone start for each node
[    0.000000] Early memory node ranges
[    0.000000]   node   0: [mem 0x0000000000001000-0x000000000009ffff]
[    0.000000]   node   0: [mem 0x0000000000100000-0x00000000677f0fff]
[    0.000000]   node   0: [mem 0x0000000067a18000-0x0000000067d43fff]
[    0.000000]   node   0: [mem 0x0000000067d6a000-0x0000000067d8ffff]
[    0.000000]   node   0: [mem 0x0000000067dc4000-0x0000000067e2bfff]
[    0.000000]   node   0: [mem 0x0000000067e46000-0x0000000067e5ffff]
[    0.000000]   node   0: [mem 0x0000000067e8b000-0x0000000068c82fff]
[    0.000000]   node   0: [mem 0x0000000069c83000-0x000000006b465fff]
[    0.000000]   node   0: [mem 0x000000006c296000-0x000000006fafffff]
[    0.000000]   node   0: [mem 0x0000000100000000-0x000000087fffffff]
[    0.000000]   node   1: [mem 0x0000000880000000-0x000000107fffffff]
[    0.000000] Initmem setup node 0 [mem 0x0000000000001000-0x000000087ffff=
fff]
[    0.000000] On node 0 totalpages: 8313257
[    0.000000]   DMA zone: 64 pages used for memmap
[    0.000000]   DMA zone: 25 pages reserved
[    0.000000]   DMA zone: 3999 pages, LIFO batch:0
[    0.000000]   DMA32 zone: 6953 pages used for memmap
[    0.000000]   DMA32 zone: 444938 pages, LIFO batch:31
[    0.000000]   Normal zone: 122880 pages used for memmap
[    0.000000]   Normal zone: 7864320 pages, LIFO batch:31
[    0.000000] Initmem setup node 1 [mem 0x0000000880000000-0x000000107ffff=
fff]
[    0.000000] On node 1 totalpages: 8388608
[    0.000000]   Normal zone: 131072 pages used for memmap
[    0.000000]   Normal zone: 8388608 pages, LIFO batch:31
[    0.000000] Reserved but unavailable: 97 pages
[    0.000000] ACPI: PM-Timer IO Port: 0x508
[    0.000000] ACPI: Local APIC address 0xfee00000
[    0.000000] ACPI: X2APIC_NMI (uid[0xffffffff] high level lint[0x1])
[    0.000000] ACPI: LAPIC_NMI (acpi_id[0xff] high level lint[0x1])
[    0.000000] IOAPIC[0]: apic_id 8, version 32, address 0xfec00000, GSI 0-=
23
[    0.000000] IOAPIC[1]: apic_id 9, version 32, address 0xfec01000, GSI 24=
-31
[    0.000000] IOAPIC[2]: apic_id 10, version 32, address 0xfec08000, GSI 3=
2-39
[    0.000000] IOAPIC[3]: apic_id 11, version 32, address 0xfec10000, GSI 4=
0-47
[    0.000000] IOAPIC[4]: apic_id 12, version 32, address 0xfec18000, GSI 4=
8-55
[    0.000000] IOAPIC[5]: apic_id 15, version 32, address 0xfec20000, GSI 7=
2-79
[    0.000000] IOAPIC[6]: apic_id 16, version 32, address 0xfec28000, GSI 8=
0-87
[    0.000000] IOAPIC[7]: apic_id 17, version 32, address 0xfec30000, GSI 8=
8-95
[    0.000000] IOAPIC[8]: apic_id 18, version 32, address 0xfec38000, GSI 9=
6-103
[    0.000000] ACPI: INT_SRC_OVR (bus 0 bus_irq 0 global_irq 2 dfl dfl)
[    0.000000] Int: type 0, pol 0, trig 0, bus 00, IRQ 00, APIC ID 8, APIC =
INT 02
[    0.000000] ACPI: INT_SRC_OVR (bus 0 bus_irq 9 global_irq 9 high level)
[    0.000000] Int: type 0, pol 1, trig 3, bus 00, IRQ 09, APIC ID 8, APIC =
INT 09
[    0.000000] ACPI: IRQ0 used by override.
[    0.000000] Int: type 0, pol 0, trig 0, bus 00, IRQ 01, APIC ID 8, APIC =
INT 01
[    0.000000] Int: type 0, pol 0, trig 0, bus 00, IRQ 03, APIC ID 8, APIC =
INT 03
[    0.000000] Int: type 0, pol 0, trig 0, bus 00, IRQ 04, APIC ID 8, APIC =
INT 04
[    0.000000] Int: type 0, pol 0, trig 0, bus 00, IRQ 05, APIC ID 8, APIC =
INT 05
[    0.000000] Int: type 0, pol 0, trig 0, bus 00, IRQ 06, APIC ID 8, APIC =
INT 06
[    0.000000] Int: type 0, pol 0, trig 0, bus 00, IRQ 07, APIC ID 8, APIC =
INT 07
[    0.000000] Int: type 0, pol 0, trig 0, bus 00, IRQ 08, APIC ID 8, APIC =
INT 08
[    0.000000] ACPI: IRQ9 used by override.
[    0.000000] Int: type 0, pol 0, trig 0, bus 00, IRQ 0a, APIC ID 8, APIC =
INT 0a
[    0.000000] Int: type 0, pol 0, trig 0, bus 00, IRQ 0b, APIC ID 8, APIC =
INT 0b
[    0.000000] Int: type 0, pol 0, trig 0, bus 00, IRQ 0c, APIC ID 8, APIC =
INT 0c
[    0.000000] Int: type 0, pol 0, trig 0, bus 00, IRQ 0d, APIC ID 8, APIC =
INT 0d
[    0.000000] Int: type 0, pol 0, trig 0, bus 00, IRQ 0e, APIC ID 8, APIC =
INT 0e
[    0.000000] Int: type 0, pol 0, trig 0, bus 00, IRQ 0f, APIC ID 8, APIC =
INT 0f
[    0.000000] Using ACPI (MADT) for SMP configuration information
[    0.000000] ACPI: HPET id: 0x8086a701 base: 0xfed00000
[    0.000000] [Firmware Bug]: TSC_DEADLINE disabled due to Errata; please =
update microcode to version: 0xffffffff (or later)
[    0.000000] smpboot: Allowing 336 CPUs, 224 hotplug CPUs
[    0.000000] mapped IOAPIC to ffffffffff5fb000 (fec00000)
[    0.000000] mapped IOAPIC to ffffffffff5fa000 (fec01000)
[    0.000000] mapped IOAPIC to ffffffffff5f9000 (fec08000)
[    0.000000] mapped IOAPIC to ffffffffff5f8000 (fec10000)
[    0.000000] mapped IOAPIC to ffffffffff5f7000 (fec18000)
[    0.000000] mapped IOAPIC to ffffffffff5f6000 (fec20000)
[    0.000000] mapped IOAPIC to ffffffffff5f5000 (fec28000)
[    0.000000] mapped IOAPIC to ffffffffff5f4000 (fec30000)
[    0.000000] mapped IOAPIC to ffffffffff5f3000 (fec38000)
[    0.000000] PM: Registered nosave memory: [mem 0x00000000-0x00000fff]
[    0.000000] PM: Registered nosave memory: [mem 0x000a0000-0x000fffff]
[    0.000000] PM: Registered nosave memory: [mem 0x677f1000-0x67a17fff]
[    0.000000] PM: Registered nosave memory: [mem 0x67d44000-0x67d69fff]
[    0.000000] PM: Registered nosave memory: [mem 0x67d90000-0x67dc3fff]
[    0.000000] PM: Registered nosave memory: [mem 0x67e2c000-0x67e45fff]
[    0.000000] PM: Registered nosave memory: [mem 0x67e60000-0x67e8afff]
[    0.000000] PM: Registered nosave memory: [mem 0x68c83000-0x69c82fff]
[    0.000000] PM: Registered nosave memory: [mem 0x6b466000-0x6b765fff]
[    0.000000] PM: Registered nosave memory: [mem 0x6b766000-0x6c195fff]
[    0.000000] PM: Registered nosave memory: [mem 0x6c196000-0x6c295fff]
[    0.000000] PM: Registered nosave memory: [mem 0x6fb00000-0x8fffffff]
[    0.000000] PM: Registered nosave memory: [mem 0x90000000-0xfdffffff]
[    0.000000] PM: Registered nosave memory: [mem 0xfe000000-0xfe010fff]
[    0.000000] PM: Registered nosave memory: [mem 0xfe011000-0xffffffff]
[    0.000000] e820: [mem 0x90000000-0xfdffffff] available for PCI devices
[    0.000000] Booting paravirtualized kernel on bare hardware
[    0.000000] clocksource: refined-jiffies: mask: 0xffffffff max_cycles: 0=
xffffffff, max_idle_ns: 1910969940391419 ns
[    0.000000] random: fast init done
[    0.000000] setup_percpu: NR_CPUS:8192 nr_cpumask_bits:336 nr_cpu_ids:33=
6 nr_node_ids:2
[    0.000000] percpu: Embedded 39 pages/cpu @ffff88085d800000 s119448 r819=
2 d32104 u262144
[    0.000000] pcpu-alloc: s119448 r8192 d32104 u262144 alloc=3D1*2097152
[    0.000000] pcpu-alloc: [0] 000 001 002 003 004 005 006 007=20
[    0.000000] pcpu-alloc: [0] 008 009 010 011 012 013 014 015=20
[    0.000000] pcpu-alloc: [0] 016 017 018 019 020 021 022 023=20
[    0.000000] pcpu-alloc: [0] 024 025 026 027 056 057 058 059=20
[    0.000000] pcpu-alloc: [0] 060 061 062 063 064 065 066 067=20
[    0.000000] pcpu-alloc: [0] 068 069 070 071 072 073 074 075=20
[    0.000000] pcpu-alloc: [0] 076 077 078 079 080 081 082 083=20
[    0.000000] pcpu-alloc: [0] 112 114 116 118 120 122 124 126=20
[    0.000000] pcpu-alloc: [0] 128 130 132 134 136 138 140 142=20
[    0.000000] pcpu-alloc: [0] 144 146 148 150 152 154 156 158=20
[    0.000000] pcpu-alloc: [0] 160 162 164 166 168 170 172 174=20
[    0.000000] pcpu-alloc: [0] 176 178 180 182 184 186 188 190=20
[    0.000000] pcpu-alloc: [0] 192 194 196 198 200 202 204 206=20
[    0.000000] pcpu-alloc: [0] 208 210 212 214 216 218 220 222=20
[    0.000000] pcpu-alloc: [0] 224 226 228 230 232 234 236 238=20
[    0.000000] pcpu-alloc: [0] 240 242 244 246 248 250 252 254=20
[    0.000000] pcpu-alloc: [0] 256 258 260 262 264 266 268 270=20
[    0.000000] pcpu-alloc: [0] 272 274 276 278 280 282 284 286=20
[    0.000000] pcpu-alloc: [0] 288 290 292 294 296 298 300 302=20
[    0.000000] pcpu-alloc: [0] 304 306 308 310 312 314 316 318=20
[    0.000000] pcpu-alloc: [0] 320 322 324 326 328 330 332 334=20
[    0.000000] pcpu-alloc: [1] 028 029 030 031 032 033 034 035=20
[    0.000000] pcpu-alloc: [1] 036 037 038 039 040 041 042 043=20
[    0.000000] pcpu-alloc: [1] 044 045 046 047 048 049 050 051=20
[    0.000000] pcpu-alloc: [1] 052 053 054 055 084 085 086 087=20
[    0.000000] pcpu-alloc: [1] 088 089 090 091 092 093 094 095=20
[    0.000000] pcpu-alloc: [1] 096 097 098 099 100 101 102 103=20
[    0.000000] pcpu-alloc: [1] 104 105 106 107 108 109 110 111=20
[    0.000000] pcpu-alloc: [1] 113 115 117 119 121 123 125 127=20
[    0.000000] pcpu-alloc: [1] 129 131 133 135 137 139 141 143=20
[    0.000000] pcpu-alloc: [1] 145 147 149 151 153 155 157 159=20
[    0.000000] pcpu-alloc: [1] 161 163 165 167 169 171 173 175=20
[    0.000000] pcpu-alloc: [1] 177 179 181 183 185 187 189 191=20
[    0.000000] pcpu-alloc: [1] 193 195 197 199 201 203 205 207=20
[    0.000000] pcpu-alloc: [1] 209 211 213 215 217 219 221 223=20
[    0.000000] pcpu-alloc: [1] 225 227 229 231 233 235 237 239=20
[    0.000000] pcpu-alloc: [1] 241 243 245 247 249 251 253 255=20
[    0.000000] pcpu-alloc: [1] 257 259 261 263 265 267 269 271=20
[    0.000000] pcpu-alloc: [1] 273 275 277 279 281 283 285 287=20
[    0.000000] pcpu-alloc: [1] 289 291 293 295 297 299 301 303=20
[    0.000000] pcpu-alloc: [1] 305 307 309 311 313 315 317 319=20
[    0.000000] pcpu-alloc: [1] 321 323 325 327 329 331 333 335=20
[    0.000000] Built 2 zonelists, mobility grouping on.  Total pages: 16440=
871
[    0.000000] Policy zone: Normal
[    0.000000] Kernel command line: ip=3D::::lkp-skl-2sp2::dhcp root=3D/dev=
/ram0 user=3Dlkp job=3D/lkp/scheduled/lkp-skl-2sp2/vm-scalability-300s-lru-=
file-readtwice-performance-debian-x86_64-2016-08-31.cgz-CYCLIC_HEAD-2017112=
8-58530-nmcjkk-0.yaml ARCH=3Dx86_64 kconfig=3Dx86_64-rhel-7.2 branch=3Dlinu=
s/master commit=3D4fbd8d194f06c8a3fd2af1ce560ddb31f7ec8323 BOOT_IMAGE=3D/pk=
g/linux/x86_64-rhel-7.2/gcc-7/4fbd8d194f06c8a3fd2af1ce560ddb31f7ec8323/vmli=
nuz-4.15.0-rc1 acpi_rsdp=3D0x6C295014 max_uptime=3D1500 RESULT_ROOT=3D/resu=
lt/vm-scalability/300s-lru-file-readtwice-performance/lkp-skl-2sp2/debian-x=
86_64-2016-08-31.cgz/x86_64-rhel-7.2/gcc-7/4fbd8d194f06c8a3fd2af1ce560ddb31=
f7ec8323/0 LKP_SERVER=3Dinn debug apic=3Ddebug sysrq_always_enabled rcupdat=
e.rcu_cpu_stall_timeout=3D100 net.ifnames=3D0 printk.devkmsg=3Don panic=3D-=
1 softlockup_panic=3D1 nmi_watchdog=3Dpanic oops=3Dpanic load_ramdisk=3D2 p=
rompt_ramdisk=3D0 drbd.minor_count=3D8 systemd.log_level=3Derr ignore_logle=
vel console=3Dtty0 earlyprintk=3DttyS0,115200 console=3DttyS0,115200 vga=3D=
normal rw
[    0.000000] sysrq: sysrq always enabled.
[    0.000000] log_buf_len individual max cpu contribution: 4096 bytes
[    0.000000] log_buf_len total cpu_extra contributions: 1372160 bytes
[    0.000000] log_buf_len min size: 1048576 bytes
[    0.000000] log_buf_len: 4194304 bytes
[    0.000000] early log buf free: 1021704(97%)
[    0.000000] Memory: 65059416K/66807460K available (9339K kernel code, 25=
33K rwdata, 4012K rodata, 2304K init, 2516K bss, 1543244K reserved, 204800K=
 cma-reserved)
[    0.000000] SLUB: HWalign=3D64, Order=3D0-3, MinObjects=3D0, CPUs=3D336,=
 Nodes=3D2
[    0.000000] ftrace: allocating 38525 entries in 151 pages
[    0.000000] Hierarchical RCU implementation.
[    0.000000] 	RCU restricting CPUs from NR_CPUS=3D8192 to nr_cpu_ids=3D33=
6.
[    0.000000] 	RCU CPU stall warnings timeout set to 100 (rcu_cpu_stall_ti=
meout).
[    0.000000] 	Tasks RCU enabled.
[    0.000000] RCU: Adjusting geometry for rcu_fanout_leaf=3D16, nr_cpu_ids=
=3D336
[    0.000000] NR_IRQS: 524544, nr_irqs: 4472, preallocated irqs: 16
[    0.000000] 	Offload RCU callbacks from CPUs: .
[    0.000000] spurious APIC interrupt through vector ff on CPU#0, should n=
ever happen.
[    0.000000] Console: colour dummy device 80x25
[    0.000000] console [tty0] enabled
[    0.000000] console [ttyS0] enabled
[    0.000000] bootconsole [earlyser0] disabled
[    0.000000] mempolicy: Enabling automatic NUMA balancing. Configure with=
 numa_balancing=3D or the kernel.numa_balancing sysctl
[    0.000000] ACPI: Core revision 20170831
[    0.000000] ACPI: 4 ACPI AML tables successfully acquired and loaded
[    0.000000] clocksource: hpet: mask: 0xffffffff max_cycles: 0xffffffff, =
max_idle_ns: 79635855245 ns
[    0.000000] hpet clockevent registered
[    0.000000] APIC: Switch to symmetric I/O mode setup
[    0.000000] x2apic: IRQ remapping doesn't support X2APIC mode
[    0.000000] Switched APIC routing to physical flat.
[    0.000000] masked ExtINT on CPU#0
[    0.000000] ENABLING IO-APIC IRQs
[    0.000000] init IO_APIC IRQs
[    0.000000]  apic 8 pin 0 not connected
[    0.000000] IOAPIC[0]: Set routing entry (8-1 -> 0xef -> IRQ 1 Mode:0 Ac=
tive:0 Dest:0)
[    0.000000] IOAPIC[0]: Set routing entry (8-2 -> 0x30 -> IRQ 0 Mode:0 Ac=
tive:0 Dest:0)
[    0.000000] IOAPIC[0]: Set routing entry (8-3 -> 0xef -> IRQ 3 Mode:0 Ac=
tive:0 Dest:0)
[    0.000000] IOAPIC[0]: Set routing entry (8-4 -> 0xef -> IRQ 4 Mode:0 Ac=
tive:0 Dest:0)
[    0.000000] IOAPIC[0]: Set routing entry (8-5 -> 0xef -> IRQ 5 Mode:0 Ac=
tive:0 Dest:0)
[    0.000000] IOAPIC[0]: Set routing entry (8-6 -> 0xef -> IRQ 6 Mode:0 Ac=
tive:0 Dest:0)
[    0.000000] IOAPIC[0]: Set routing entry (8-7 -> 0xef -> IRQ 7 Mode:0 Ac=
tive:0 Dest:0)
[    0.000000] IOAPIC[0]: Set routing entry (8-8 -> 0xef -> IRQ 8 Mode:0 Ac=
tive:0 Dest:0)
[    0.000000] IOAPIC[0]: Set routing entry (8-9 -> 0xef -> IRQ 9 Mode:1 Ac=
tive:0 Dest:0)
[    0.000000] IOAPIC[0]: Set routing entry (8-10 -> 0xef -> IRQ 10 Mode:0 =
Active:0 Dest:0)
[    0.000000] IOAPIC[0]: Set routing entry (8-11 -> 0xef -> IRQ 11 Mode:0 =
Active:0 Dest:0)
[    0.000000] IOAPIC[0]: Set routing entry (8-12 -> 0xef -> IRQ 12 Mode:0 =
Active:0 Dest:0)
[    0.000000] IOAPIC[0]: Set routing entry (8-13 -> 0xef -> IRQ 13 Mode:0 =
Active:0 Dest:0)
[    0.000000] IOAPIC[0]: Set routing entry (8-14 -> 0xef -> IRQ 14 Mode:0 =
Active:0 Dest:0)
[    0.000000] IOAPIC[0]: Set routing entry (8-15 -> 0xef -> IRQ 15 Mode:0 =
Active:0 Dest:0)
[    0.000000]  apic 8 pin 16 not connected
[    0.000000]  apic 8 pin 17 not connected
[    0.000000]  apic 8 pin 18 not connected
[    0.000000]  apic 8 pin 19 not connected
[    0.000000]  apic 8 pin 20 not connected
[    0.000000]  apic 8 pin 21 not connected
[    0.000000]  apic 8 pin 22 not connected
[    0.000000]  apic 8 pin 23 not connected
[    0.000000]  apic 9 pin 0 not connected
[    0.000000]  apic 9 pin 1 not connected
[    0.000000]  apic 9 pin 2 not connected
[    0.000000]  apic 9 pin 3 not connected
[    0.000000]  apic 9 pin 4 not connected
[    0.000000]  apic 9 pin 5 not connected
[    0.000000]  apic 9 pin 6 not connected
[    0.000000]  apic 9 pin 7 not connected
[    0.000000]  apic 10 pin 0 not connected
[    0.000000]  apic 10 pin 1 not connected
[    0.000000]  apic 10 pin 2 not connected
[    0.000000]  apic 10 pin 3 not connected
[    0.000000]  apic 10 pin 4 not connected
[    0.000000]  apic 10 pin 5 not connected
[    0.000000]  apic 10 pin 6 not connected
[    0.000000]  apic 10 pin 7 not connected
[    0.000000]  apic 11 pin 0 not connected
[    0.000000]  apic 11 pin 1 not connected
[    0.000000]  apic 11 pin 2 not connected
[    0.000000]  apic 11 pin 3 not connected
[    0.000000]  apic 11 pin 4 not connected
[    0.000000]  apic 11 pin 5 not connected
[    0.000000]  apic 11 pin 6 not connected
[    0.000000]  apic 11 pin 7 not connected
[    0.000000]  apic 12 pin 0 not connected
[    0.000000]  apic 12 pin 1 not connected
[    0.000000]  apic 12 pin 2 not connected
[    0.000000]  apic 12 pin 3 not connected
[    0.000000]  apic 12 pin 4 not connected
[    0.000000]  apic 12 pin 5 not connected
[    0.000000]  apic 12 pin 6 not connected
[    0.000000]  apic 12 pin 7 not connected
[    0.000000]  apic 15 pin 0 not connected
[    0.000000]  apic 15 pin 1 not connected
[    0.000000]  apic 15 pin 2 not connected
[    0.000000]  apic 15 pin 3 not connected
[    0.000000]  apic 15 pin 4 not connected
[    0.000000]  apic 15 pin 5 not connected
[    0.000000]  apic 15 pin 6 not connected
[    0.000000]  apic 15 pin 7 not connected
[    0.000000]  apic 16 pin 0 not connected
[    0.000000]  apic 16 pin 1 not connected
[    0.000000]  apic 16 pin 2 not connected
[    0.000000]  apic 16 pin 3 not connected
[    0.000000]  apic 16 pin 4 not connected
[    0.000000]  apic 16 pin 5 not connected
[    0.000000]  apic 16 pin 6 not connected
[    0.000000]  apic 16 pin 7 not connected
[    0.000000]  apic 17 pin 0 not connected
[    0.000000]  apic 17 pin 1 not connected
[    0.000000]  apic 17 pin 2 not connected
[    0.000000]  apic 17 pin 3 not connected
[    0.000000]  apic 17 pin 4 not connected
[    0.000000]  apic 17 pin 5 not connected
[    0.000000]  apic 17 pin 6 not connected
[    0.000000]  apic 17 pin 7 not connected
[    0.000000]  apic 18 pin 0 not connected
[    0.000000]  apic 18 pin 1 not connected
[    0.000000]  apic 18 pin 2 not connected
[    0.000000]  apic 18 pin 3 not connected
[    0.000000]  apic 18 pin 4 not connected
[    0.000000]  apic 18 pin 5 not connected
[    0.000000]  apic 18 pin 6 not connected
[    0.000000]  apic 18 pin 7 not connected
[    0.000000] ..TIMER: vector=3D0x30 apic1=3D0 pin1=3D2 apic2=3D-1 pin2=3D=
-1
[    0.005000] tsc: Detected 1800.000 MHz processor
[    0.006000] Calibrating delay loop (skipped), value calculated using tim=
er frequency.. 3600.00 BogoMIPS (lpj=3D1800000)
[    0.007001] pid_max: default: 344064 minimum: 2688
[    0.009193] Security Framework initialized
[    0.010001] SELinux:  Initializing.
[    0.011008] SELinux:  Starting in permissive mode
[    0.023309] Dentry cache hash table entries: 8388608 (order: 14, 6710886=
4 bytes)
[    0.030072] Inode-cache hash table entries: 4194304 (order: 13, 33554432=
 bytes)
[    0.031436] Mount-cache hash table entries: 131072 (order: 8, 1048576 by=
tes)
[    0.033038] Mountpoint-cache hash table entries: 131072 (order: 8, 10485=
76 bytes)
[    0.036157] CPU: Physical Processor ID: 0
[    0.037001] CPU: Processor Core ID: 0
[    0.038017] mce: CPU supports 20 MCE banks
[    0.039015] CPU0: Thermal monitoring enabled (TM1)
[    0.040036] process: using mwait in idle threads
[    0.041003] Last level iTLB entries: 4KB 64, 2MB 8, 4MB 8
[    0.042000] Last level dTLB entries: 4KB 64, 2MB 0, 4MB 0, 1GB 4
[    0.044842] Freeing SMP alternatives memory: 40K
[    0.047043] Using local APIC timer interrupts.
[    0.047043] calibrating APIC timer ...
[    0.049000] ... lapic delta =3D 155877
[    0.049000] ... PM-Timer delta =3D 357940
[    0.049000] ... PM-Timer result ok
[    0.049000] ..... delta 155877
[    0.049000] ..... mult: 6694866
[    0.049000] ..... calibration result: 24940
[    0.049000] ..... CPU clock speed is 1795.0706 MHz.
[    0.049000] ..... host bus clock speed is 24.0940 MHz.
[    0.049041] smpboot: CPU0: Intel 06/55 (family: 0x6, model: 0x55, steppi=
ng: 0x2)
[    0.050480] Performance Events: PEBS fmt3+, Skylake events, 32-deep LBR,=
 full-width counters, Intel PMU driver.
[    0.051003] ... version:                4
[    0.052001] ... bit width:              48
[    0.053000] ... generic registers:      4
[    0.054003] ... value mask:             0000ffffffffffff
[    0.055001] ... max period:             00007fffffffffff
[    0.056000] ... fixed-purpose events:   3
[    0.057000] ... event mask:             000000070000000f
[    0.058363] Hierarchical SRCU implementation.
[    0.083496] smp: Bringing up secondary CPUs ...
[    0.088249] NMI watchdog: Enabled. Permanently consumes one hw-PMU count=
er.
[    0.089148] x86: Booting SMP configuration:
[    0.090002] .... node  #0, CPUs:          #1
[    0.001000] masked ExtINT on CPU#1
[    0.102162]    #2
[    0.001000] masked ExtINT on CPU#2
[    0.111199]    #3
[    0.001000] masked ExtINT on CPU#3
[    0.120383]    #4
[    0.001000] masked ExtINT on CPU#4
[    0.129535]    #5
[    0.001000] masked ExtINT on CPU#5
[    0.139172]    #6
[    0.001000] masked ExtINT on CPU#6
[    0.148359]    #7
[    0.001000] masked ExtINT on CPU#7
[    0.158132]    #8
[    0.001000] masked ExtINT on CPU#8
[    0.167167]    #9
[    0.001000] masked ExtINT on CPU#9
[    0.176222]   #10
[    0.001000] masked ExtINT on CPU#10
[    0.185551]   #11
[    0.001000] masked ExtINT on CPU#11
[    0.195169]   #12
[    0.001000] masked ExtINT on CPU#12
[    0.204396]   #13
[    0.001000] masked ExtINT on CPU#13
[    0.214165]   #14
[    0.001000] masked ExtINT on CPU#14
[    0.223357]   #15
[    0.001000] masked ExtINT on CPU#15
[    0.233093]   #16
[    0.001000] masked ExtINT on CPU#16
[    0.242170]   #17
[    0.001000] masked ExtINT on CPU#17
[    0.251385]   #18
[    0.001000] masked ExtINT on CPU#18
[    0.261087]   #19
[    0.001000] masked ExtINT on CPU#19
[    0.270172]   #20
[    0.001000] masked ExtINT on CPU#20
[    0.279558]   #21
[    0.001000] masked ExtINT on CPU#21
[    0.289202]   #22
[    0.001000] masked ExtINT on CPU#22
[    0.299014]   #23
[    0.001000] masked ExtINT on CPU#23
[    0.308170]   #24
[    0.001000] masked ExtINT on CPU#24
[    0.317219]   #25
[    0.001000] masked ExtINT on CPU#25
[    0.327031]   #26
[    0.001000] masked ExtINT on CPU#26
[    0.336209]   #27
[    0.001000] masked ExtINT on CPU#27
[    0.346205] .... node  #1, CPUs:    #28
[    0.001000] masked ExtINT on CPU#28
[    0.418304]   #29
[    0.001000] masked ExtINT on CPU#29
[    0.001000] [Firmware Bug]: TSC ADJUST differs within socket(s), fixing =
all errors
[    0.428217]   #30
[    0.001000] masked ExtINT on CPU#30
[    0.438027]   #31
[    0.001000] masked ExtINT on CPU#31
[    0.447119]   #32
[    0.001000] masked ExtINT on CPU#32
[    0.456183]   #33
[    0.001000] masked ExtINT on CPU#33
[    0.465551]   #34
[    0.001000] masked ExtINT on CPU#34
[    0.475224]   #35
[    0.001000] masked ExtINT on CPU#35
[    0.484582]   #36
[    0.001000] masked ExtINT on CPU#36
[    0.494148]   #37
[    0.001000] masked ExtINT on CPU#37
[    0.503207]   #38
[    0.001000] masked ExtINT on CPU#38
[    0.512471]   #39
[    0.001000] masked ExtINT on CPU#39
[    0.522117]   #40
[    0.001000] masked ExtINT on CPU#40
[    0.531265]   #41
[    0.001000] masked ExtINT on CPU#41
[    0.541102]   #42
[    0.001000] masked ExtINT on CPU#42
[    0.550191]   #43
[    0.001000] masked ExtINT on CPU#43
[    0.559536]   #44
[    0.001000] masked ExtINT on CPU#44
[    0.569148]   #45
[    0.001000] masked ExtINT on CPU#45
[    0.578193]   #46
[    0.001000] masked ExtINT on CPU#46
[    0.587433]   #47
[    0.001000] masked ExtINT on CPU#47
[    0.597118]   #48
[    0.001000] masked ExtINT on CPU#48
[    0.606280]   #49
[    0.001000] masked ExtINT on CPU#49
[    0.616116]   #50
[    0.001000] masked ExtINT on CPU#50
[    0.625264]   #51
[    0.001000] masked ExtINT on CPU#51
[    0.634484]   #52
[    0.001000] masked ExtINT on CPU#52
[    0.644145]   #53
[    0.001000] masked ExtINT on CPU#53
[    0.653223]   #54
[    0.001000] masked ExtINT on CPU#54
[    0.663075]   #55
[    0.001000] masked ExtINT on CPU#55
[    0.672444] .... node  #0, CPUs:    #56
[    0.001000] masked ExtINT on CPU#56
[    0.682179]   #57
[    0.001000] masked ExtINT on CPU#57
[    0.691486]   #58
[    0.001000] masked ExtINT on CPU#58
[    0.701174]   #59
[    0.001000] masked ExtINT on CPU#59
[    0.710310]   #60
[    0.001000] masked ExtINT on CPU#60
[    0.719565]   #61
[    0.001000] masked ExtINT on CPU#61
[    0.729227]   #62
[    0.001000] masked ExtINT on CPU#62
[    0.739008]   #63
[    0.001000] masked ExtINT on CPU#63
[    0.748229]   #64
[    0.001000] masked ExtINT on CPU#64
[    0.757575]   #65
[    0.001000] masked ExtINT on CPU#65
[    0.767173]   #66
[    0.001000] masked ExtINT on CPU#66
[    0.776283]   #67
[    0.001000] masked ExtINT on CPU#67
[    0.786075]   #68
[    0.001000] masked ExtINT on CPU#68
[    0.795234]   #69
[    0.001000] masked ExtINT on CPU#69
[    0.805161]   #70
[    0.001000] masked ExtINT on CPU#70
[    0.814263]   #71
[    0.001000] masked ExtINT on CPU#71
[    0.824085]   #72
[    0.001000] masked ExtINT on CPU#72
[    0.833237]   #73
[    0.001000] masked ExtINT on CPU#73
[    0.842460]   #74
[    0.001000] masked ExtINT on CPU#74
[    0.852176]   #75
[    0.001000] masked ExtINT on CPU#75
[    0.861238]   #76
[    0.001000] masked ExtINT on CPU#76
[    0.871170]   #77
[    0.001000] masked ExtINT on CPU#77
[    0.880433]   #78
[    0.001000] masked ExtINT on CPU#78
[    0.890174]   #79
[    0.001000] masked ExtINT on CPU#79
[    0.899210]   #80
[    0.001000] masked ExtINT on CPU#80
[    0.908499]   #81
[    0.001000] masked ExtINT on CPU#81
[    0.918242]   #82
[    0.001000] masked ExtINT on CPU#82
[    0.927564]   #83
[    0.001000] masked ExtINT on CPU#83
[    0.937245] .... node  #1, CPUs:    #84
[    0.001000] masked ExtINT on CPU#84
[    0.949158]   #85
[    0.001000] masked ExtINT on CPU#85
[    0.958554]   #86
[    0.001000] masked ExtINT on CPU#86
[    0.968259]   #87
[    0.001000] masked ExtINT on CPU#87
[    0.977597]   #88
[    0.001000] masked ExtINT on CPU#88
[    0.987153]   #89
[    0.001000] masked ExtINT on CPU#89
[    0.996524]   #90
[    0.001000] masked ExtINT on CPU#90
[    1.006265]   #91
[    0.001000] masked ExtINT on CPU#91
[    1.015616]   #92
[    0.001000] masked ExtINT on CPU#92
[    1.025156]   #93
[    0.001000] masked ExtINT on CPU#93
[    1.034348]   #94
[    0.001000] masked ExtINT on CPU#94
[    1.044154]   #95
[    0.001000] masked ExtINT on CPU#95
[    1.053299]   #96
[    0.001000] masked ExtINT on CPU#96
[    1.063158]   #97
[    0.001000] masked ExtINT on CPU#97
[    1.072581]   #98
[    0.001000] masked ExtINT on CPU#98
[    1.082266]   #99
[    0.001000] masked ExtINT on CPU#99
[    1.092104]  #100
[    0.001000] masked ExtINT on CPU#100
[    1.101253]  #101
[    0.001000] masked ExtINT on CPU#101
[    1.111126]  #102
[    0.001000] masked ExtINT on CPU#102
[    1.120361]  #103
[    0.001000] masked ExtINT on CPU#103
[    1.130123]  #104
[    0.001000] masked ExtINT on CPU#104
[    1.140095]  #105
[    0.001000] masked ExtINT on CPU#105
[    1.149545]  #106
[    0.001000] masked ExtINT on CPU#106
[    1.159268]  #107
[    0.001000] masked ExtINT on CPU#107
[    1.169051]  #108
[    0.001000] masked ExtINT on CPU#108
[    1.178268]  #109
[    0.001000] masked ExtINT on CPU#109
[    1.188127]  #110
[    0.001000] masked ExtINT on CPU#110
[    1.198027]  #111
[    0.001000] masked ExtINT on CPU#111
[    1.207488] smp: Brought up 2 nodes, 112 CPUs
[    1.208005] smpboot: Max logical packages: 6
[    1.209010] smpboot: Total of 112 processors activated (402623.53 BogoMI=
PS)
[    1.217425] devtmpfs: initialized
[    1.218060] x86/mm: Memory block size: 2048MB
[    1.219511] evm: security.selinux
[    1.220001] evm: security.ima
[    1.221001] evm: security.capability
[    1.223171] PM: Registering ACPI NVS region [mem 0x6b766000-0x6c195fff] =
(10682368 bytes)
[    1.224646] clocksource: jiffies: mask: 0xffffffff max_cycles: 0xfffffff=
f, max_idle_ns: 1911260446275000 ns
[    1.226030] futex hash table entries: 131072 (order: 11, 8388608 bytes)
[    1.230844] pinctrl core: initialized pinctrl subsystem
[    1.232522] NET: Registered protocol family 16
[    1.234198] audit: initializing netlink subsys (disabled)
[    1.235033] audit: type=3D2000 audit(1511949323.235:1): state=3Dinitiali=
zed audit_enabled=3D0 res=3D1
[    1.244003] cpuidle: using governor menu
[    1.248006] ACPI: [PCCT:0x01] Invalid zero length
[    1.252001] ACPI: [PCCT:0x02] Invalid zero length
[    1.257001] Error parsing PCC subspaces from PCCT
[    1.262507] ACPI FADT declares the system doesn't support PCIe ASPM, so =
disable it
[    1.270002] ACPI: bus type PCI registered
[    1.274001] acpiphp: ACPI Hot Plug PCI Controller Driver version: 0.5
[    1.280440] PCI: MMCONFIG for domain 0000 [bus 00-ff] at [mem 0x80000000=
-0x8fffffff] (base 0x80000000)
[    1.290065] PCI: MMCONFIG at [mem 0x80000000-0x8fffffff] reserved in E820
[    1.297007] pmd_set_huge: Cannot satisfy [mem 0x80000000-0x80200000] wit=
h a huge-page mapping due to MTRR override.
[    1.308069] PCI: Using configuration type 1 for base access
[    1.319027] HugeTLB registered 1.00 GiB page size, pre-allocated 0 pages
[    1.325005] HugeTLB registered 2.00 MiB page size, pre-allocated 0 pages
[    1.334602] ACPI: Added _OSI(Module Device)
[    1.339002] ACPI: Added _OSI(Processor Device)
[    1.343001] ACPI: Added _OSI(3.0 _SCP Extensions)
[    1.348001] ACPI: Added _OSI(Processor Aggregator Device)
[    1.380534] ACPI: [Firmware Bug]: BIOS _OSI(Linux) query ignored
[    1.429053] ACPI: Dynamic OEM Table Load:
[    1.474724] ACPI: Dynamic OEM Table Load:
[    1.484464] ACPI: Dynamic OEM Table Load:
[    1.516076] ACPI: Dynamic OEM Table Load:
[    1.643964] ACPI: Interpreter enabled
[    1.648017] ACPI: (supports S0 S5)
[    1.651002] ACPI: Using IOAPIC for interrupt routing
[    1.656051] HEST: Table parsing has been initialized.
[    1.661002] PCI: Using host bridge windows from ACPI; if necessary, use =
"pci=3Dnocrs" and report a bug
[    1.670704] ACPI: Enabled 7 GPEs in block 00 to 7F
[    1.756571] ACPI: PCI Root Bridge [PC00] (domain 0000 [bus 00-16])
[    1.763013] acpi PNP0A08:00: _OSC: OS supports [ExtendedConfig ASPM Cloc=
kPM Segments MSI]
[    1.771157] acpi PNP0A08:00: _OSC: platform does not support [AER]
[    1.777118] acpi PNP0A08:00: _OSC: OS now controls [PCIeHotplug PME PCIe=
Capability]
[    1.785002] acpi PNP0A08:00: FADT indicates ASPM is unsupported, using B=
IOS configuration
[    1.795105] PCI host bridge to bus 0000:00
[    1.799003] pci_bus 0000:00: root bus resource [io  0x0000-0x0cf7 window]
[    1.806002] pci_bus 0000:00: root bus resource [io  0x1000-0x3fff window]
[    1.812001] pci_bus 0000:00: root bus resource [mem 0x000a0000-0x000bfff=
f window]
[    1.820001] pci_bus 0000:00: root bus resource [mem 0x000c4000-0x000c7ff=
f window]
[    1.827001] pci_bus 0000:00: root bus resource [mem 0xfe010000-0xfe010ff=
f window]
[    1.835002] pci_bus 0000:00: root bus resource [mem 0x90000000-0x9d7ffff=
f window]
[    1.842001] pci_bus 0000:00: root bus resource [mem 0x380000000000-0x383=
fffffffff window]
[    1.851002] pci_bus 0000:00: root bus resource [bus 00-16]
[    1.856010] pci 0000:00:00.0: [8086:2020] type 00 class 0x060000
[    1.863066] pci 0000:00:04.0: [8086:2021] type 00 class 0x088000
[    1.869012] pci 0000:00:04.0: reg 0x10: [mem 0x383ffff2c000-0x383ffff2ff=
ff 64bit]
[    1.877192] pci 0000:00:04.1: [8086:2021] type 00 class 0x088000
[    1.883011] pci 0000:00:04.1: reg 0x10: [mem 0x383ffff28000-0x383ffff2bf=
ff 64bit]
[    1.891318] pci 0000:00:04.2: [8086:2021] type 00 class 0x088000
[    1.897011] pci 0000:00:04.2: reg 0x10: [mem 0x383ffff24000-0x383ffff27f=
ff 64bit]
[    1.905441] pci 0000:00:04.3: [8086:2021] type 00 class 0x088000
[    1.911011] pci 0000:00:04.3: reg 0x10: [mem 0x383ffff20000-0x383ffff23f=
ff 64bit]
[    1.919567] pci 0000:00:04.4: [8086:2021] type 00 class 0x088000
[    1.925011] pci 0000:00:04.4: reg 0x10: [mem 0x383ffff1c000-0x383ffff1ff=
ff 64bit]
[    1.933609] pci 0000:00:04.5: [8086:2021] type 00 class 0x088000
[    1.939010] pci 0000:00:04.5: reg 0x10: [mem 0x383ffff18000-0x383ffff1bf=
ff 64bit]
[    1.947608] pci 0000:00:04.6: [8086:2021] type 00 class 0x088000
[    1.953010] pci 0000:00:04.6: reg 0x10: [mem 0x383ffff14000-0x383ffff17f=
ff 64bit]
[    1.961610] pci 0000:00:04.7: [8086:2021] type 00 class 0x088000
[    1.968011] pci 0000:00:04.7: reg 0x10: [mem 0x383ffff10000-0x383ffff13f=
ff 64bit]
[    1.976041] pci 0000:00:05.0: [8086:2024] type 00 class 0x088000
[    1.982613] pci 0000:00:05.2: [8086:2025] type 00 class 0x088000
[    1.989293] pci 0000:00:05.4: [8086:2026] type 00 class 0x080020
[    1.995009] pci 0000:00:05.4: reg 0x10: [mem 0x9220a000-0x9220afff]
[    2.002196] pci 0000:00:08.0: [8086:2014] type 00 class 0x088000
[    2.008599] pci 0000:00:08.1: [8086:2015] type 00 class 0x110100
[    2.015407] pci 0000:00:08.2: [8086:2016] type 00 class 0x088000
[    2.022032] pci 0000:00:11.0: [8086:a26c] type 00 class 0xff0000
[    2.028653] pci 0000:00:11.1: [8086:a26d] type 00 class 0xff0000
[    2.035370] pci 0000:00:11.5: [8086:a252] type 00 class 0x010601
[    2.041017] pci 0000:00:11.5: reg 0x10: [mem 0x92206000-0x92207fff]
[    2.047007] pci 0000:00:11.5: reg 0x14: [mem 0x92209000-0x922090ff]
[    2.054007] pci 0000:00:11.5: reg 0x18: [io  0x3068-0x306f]
[    2.059007] pci 0000:00:11.5: reg 0x1c: [io  0x3074-0x3077]
[    2.065007] pci 0000:00:11.5: reg 0x20: [io  0x3040-0x305f]
[    2.070007] pci 0000:00:11.5: reg 0x24: [mem 0x92180000-0x921fffff]
[    2.077014] pci 0000:00:11.5: PME# supported from D3hot
[    2.082624] pci 0000:00:14.0: [8086:a22f] type 00 class 0x0c0330
[    2.089022] pci 0000:00:14.0: reg 0x10: [mem 0x383ffff00000-0x383ffff0ff=
ff 64bit]
[    2.096064] pci 0000:00:14.0: PME# supported from D3hot D3cold
[    2.102618] pci 0000:00:14.2: [8086:a231] type 00 class 0x118000
[    2.109021] pci 0000:00:14.2: reg 0x10: [mem 0x383ffff34000-0x383ffff34f=
ff 64bit]
[    2.117082] pci 0000:00:16.0: [8086:a23a] type 00 class 0x078000
[    2.123028] pci 0000:00:16.0: reg 0x10: [mem 0x383ffff33000-0x383ffff33f=
ff 64bit]
[    2.130083] pci 0000:00:16.0: PME# supported from D3hot
[    2.136516] pci 0000:00:16.1: [8086:a23b] type 00 class 0x078000
[    2.142026] pci 0000:00:16.1: reg 0x10: [mem 0x383ffff32000-0x383ffff32f=
ff 64bit]
[    2.150071] pci 0000:00:16.1: PME# supported from D3hot
[    2.155591] pci 0000:00:16.4: [8086:a23e] type 00 class 0x078000
[    2.162026] pci 0000:00:16.4: reg 0x10: [mem 0x383ffff31000-0x383ffff31f=
ff 64bit]
[    2.169070] pci 0000:00:16.4: PME# supported from D3hot
[    2.175345] pci 0000:00:17.0: [8086:a202] type 00 class 0x010601
[    2.181017] pci 0000:00:17.0: reg 0x10: [mem 0x92204000-0x92205fff]
[    2.187007] pci 0000:00:17.0: reg 0x14: [mem 0x92208000-0x922080ff]
[    2.194007] pci 0000:00:17.0: reg 0x18: [io  0x3060-0x3067]
[    2.199007] pci 0000:00:17.0: reg 0x1c: [io  0x3070-0x3073]
[    2.205007] pci 0000:00:17.0: reg 0x20: [io  0x3020-0x303f]
[    2.210007] pci 0000:00:17.0: reg 0x24: [mem 0x92100000-0x9217ffff]
[    2.217037] pci 0000:00:17.0: PME# supported from D3hot
[    2.222622] pci 0000:00:1c.0: [8086:a213] type 01 class 0x060400
[    2.229065] pci 0000:00:1c.0: PME# supported from D0 D3hot D3cold
[    2.235665] pci 0000:00:1f.0: [8086:a242] type 00 class 0x060100
[    2.242387] pci 0000:00:1f.2: [8086:a221] type 00 class 0x058000
[    2.248014] pci 0000:00:1f.2: reg 0x10: [mem 0x92200000-0x92203fff]
[    2.255341] pci 0000:00:1f.4: [8086:a223] type 00 class 0x0c0500
[    2.261020] pci 0000:00:1f.4: reg 0x10: [mem 0x383ffff30000-0x383ffff300=
ff 64bit]
[    2.269022] pci 0000:00:1f.4: reg 0x20: [io  0x3000-0x301f]
[    2.275062] pci 0000:00:1f.5: [8086:a224] type 00 class 0x0c8000
[    2.281017] pci 0000:00:1f.5: reg 0x10: [mem 0xfe010000-0xfe010fff]
[    2.288050] pci 0000:01:00.0: [1a03:1150] type 01 class 0x060400
[    2.294104] pci 0000:01:00.0: supports D1 D2
[    2.298001] pci 0000:01:00.0: PME# supported from D0 D1 D2 D3hot D3cold
[    2.305062] pci 0000:00:1c.0: PCI bridge to [bus 01-02]
[    2.310003] pci 0000:00:1c.0:   bridge window [io  0x2000-0x2fff]
[    2.316003] pci 0000:00:1c.0:   bridge window [mem 0x91000000-0x920fffff]
[    2.323053] pci 0000:02:00.0: [1a03:2000] type 00 class 0x030000
[    2.329027] pci 0000:02:00.0: reg 0x10: [mem 0x91000000-0x91ffffff]
[    2.335012] pci 0000:02:00.0: reg 0x14: [mem 0x92000000-0x9201ffff]
[    2.342012] pci 0000:02:00.0: reg 0x18: [io  0x2000-0x207f]
[    2.347089] pci 0000:02:00.0: supports D1 D2
[    2.352001] pci 0000:02:00.0: PME# supported from D0 D1 D2 D3hot D3cold
[    2.358079] pci 0000:01:00.0: PCI bridge to [bus 02]
[    2.363006] pci 0000:01:00.0:   bridge window [io  0x2000-0x2fff]
[    2.369004] pci 0000:01:00.0:   bridge window [mem 0x91000000-0x920fffff]
[    2.376017] pci_bus 0000:00: on NUMA node 0
[    2.380338] ACPI: PCI Interrupt Link [LNKA] (IRQs 3 4 5 6 10 *11 12 14 1=
5), disabled.
[    2.388077] ACPI: PCI Interrupt Link [LNKB] (IRQs 3 4 5 6 *10 11 12 14 1=
5), disabled.
[    2.396075] ACPI: PCI Interrupt Link [LNKC] (IRQs 3 4 5 6 10 *11 12 14 1=
5), disabled.
[    2.404074] ACPI: PCI Interrupt Link [LNKD] (IRQs 3 4 5 6 10 *11 12 14 1=
5), disabled.
[    2.412074] ACPI: PCI Interrupt Link [LNKE] (IRQs 3 4 5 6 10 *11 12 14 1=
5), disabled.
[    2.420074] ACPI: PCI Interrupt Link [LNKF] (IRQs 3 4 5 6 10 *11 12 14 1=
5), disabled.
[    2.428074] ACPI: PCI Interrupt Link [LNKG] (IRQs 3 4 5 6 10 *11 12 14 1=
5), disabled.
[    2.436074] ACPI: PCI Interrupt Link [LNKH] (IRQs 3 4 5 6 10 *11 12 14 1=
5), disabled.
[    2.444366] ACPI: PCI Root Bridge [PC01] (domain 0000 [bus 17-39])
[    2.450004] acpi PNP0A08:01: _OSC: OS supports [ExtendedConfig ASPM Cloc=
kPM Segments MSI]
[    2.459362] acpi PNP0A08:01: _OSC: platform does not support [AER]
[    2.465276] acpi PNP0A08:01: _OSC: OS now controls [PCIeHotplug PME PCIe=
Capability]
[    2.473001] acpi PNP0A08:01: FADT indicates ASPM is unsupported, using B=
IOS configuration
[    2.481293] PCI host bridge to bus 0000:17
[    2.486004] pci_bus 0000:17: root bus resource [io  0x4000-0x5fff window]
[    2.493002] pci_bus 0000:17: root bus resource [mem 0x9d800000-0xaafffff=
f window]
[    2.500001] pci_bus 0000:17: root bus resource [mem 0x384000000000-0x387=
fffffffff window]
[    2.508001] pci_bus 0000:17: root bus resource [bus 17-39]
[    2.514010] pci 0000:17:05.0: [8086:2034] type 00 class 0x088000
[    2.520118] pci 0000:17:05.2: [8086:2035] type 00 class 0x088000
[    2.526113] pci 0000:17:05.4: [8086:2036] type 00 class 0x080020
[    2.532009] pci 0000:17:05.4: reg 0x10: [mem 0x9d800000-0x9d800fff]
[    2.538111] pci 0000:17:08.0: [8086:208d] type 00 class 0x088000
[    2.544096] pci 0000:17:08.1: [8086:208d] type 00 class 0x088000
[    2.550090] pci 0000:17:08.2: [8086:208d] type 00 class 0x088000
[    2.557089] pci 0000:17:08.3: [8086:208d] type 00 class 0x088000
[    2.563055] pci 0000:17:08.4: [8086:208d] type 00 class 0x088000
[    2.569088] pci 0000:17:08.5: [8086:208d] type 00 class 0x088000
[    2.575091] pci 0000:17:08.6: [8086:208d] type 00 class 0x088000
[    2.581089] pci 0000:17:08.7: [8086:208d] type 00 class 0x088000
[    2.587088] pci 0000:17:09.0: [8086:208d] type 00 class 0x088000
[    2.593095] pci 0000:17:09.1: [8086:208d] type 00 class 0x088000
[    2.599088] pci 0000:17:09.2: [8086:208d] type 00 class 0x088000
[    2.605090] pci 0000:17:09.3: [8086:208d] type 00 class 0x088000
[    2.611088] pci 0000:17:09.4: [8086:208d] type 00 class 0x088000
[    2.618091] pci 0000:17:09.5: [8086:208d] type 00 class 0x088000
[    2.624074] pci 0000:17:09.6: [8086:208d] type 00 class 0x088000
[    2.630088] pci 0000:17:09.7: [8086:208d] type 00 class 0x088000
[    2.636091] pci 0000:17:0a.0: [8086:208d] type 00 class 0x088000
[    2.642092] pci 0000:17:0a.1: [8086:208d] type 00 class 0x088000
[    2.648090] pci 0000:17:0a.2: [8086:208d] type 00 class 0x088000
[    2.654090] pci 0000:17:0a.3: [8086:208d] type 00 class 0x088000
[    2.660088] pci 0000:17:0a.4: [8086:208d] type 00 class 0x088000
[    2.666090] pci 0000:17:0a.5: [8086:208d] type 00 class 0x088000
[    2.672090] pci 0000:17:0a.6: [8086:208d] type 00 class 0x088000
[    2.679004] pci 0000:17:0a.7: [8086:208d] type 00 class 0x088000
[    2.685089] pci 0000:17:0b.0: [8086:208d] type 00 class 0x088000
[    2.691095] pci 0000:17:0b.1: [8086:208d] type 00 class 0x088000
[    2.697091] pci 0000:17:0b.2: [8086:208d] type 00 class 0x088000
[    2.703089] pci 0000:17:0b.3: [8086:208d] type 00 class 0x088000
[    2.709094] pci 0000:17:0e.0: [8086:208e] type 00 class 0x088000
[    2.715092] pci 0000:17:0e.1: [8086:208e] type 00 class 0x088000
[    2.721091] pci 0000:17:0e.2: [8086:208e] type 00 class 0x088000
[    2.727090] pci 0000:17:0e.3: [8086:208e] type 00 class 0x088000
[    2.733088] pci 0000:17:0e.4: [8086:208e] type 00 class 0x088000
[    2.740019] pci 0000:17:0e.5: [8086:208e] type 00 class 0x088000
[    2.746089] pci 0000:17:0e.6: [8086:208e] type 00 class 0x088000
[    2.752090] pci 0000:17:0e.7: [8086:208e] type 00 class 0x088000
[    2.758100] pci 0000:17:0f.0: [8086:208e] type 00 class 0x088000
[    2.764092] pci 0000:17:0f.1: [8086:208e] type 00 class 0x088000
[    2.770090] pci 0000:17:0f.2: [8086:208e] type 00 class 0x088000
[    2.776088] pci 0000:17:0f.3: [8086:208e] type 00 class 0x088000
[    2.782090] pci 0000:17:0f.4: [8086:208e] type 00 class 0x088000
[    2.788089] pci 0000:17:0f.5: [8086:208e] type 00 class 0x088000
[    2.795088] pci 0000:17:0f.6: [8086:208e] type 00 class 0x088000
[    2.801033] pci 0000:17:0f.7: [8086:208e] type 00 class 0x088000
[    2.807088] pci 0000:17:10.0: [8086:208e] type 00 class 0x088000
[    2.813095] pci 0000:17:10.1: [8086:208e] type 00 class 0x088000
[    2.819091] pci 0000:17:10.2: [8086:208e] type 00 class 0x088000
[    2.825090] pci 0000:17:10.3: [8086:208e] type 00 class 0x088000
[    2.831089] pci 0000:17:10.4: [8086:208e] type 00 class 0x088000
[    2.837088] pci 0000:17:10.5: [8086:208e] type 00 class 0x088000
[    2.843090] pci 0000:17:10.6: [8086:208e] type 00 class 0x088000
[    2.849089] pci 0000:17:10.7: [8086:208e] type 00 class 0x088000
[    2.856090] pci 0000:17:11.0: [8086:208e] type 00 class 0x088000
[    2.862044] pci 0000:17:11.1: [8086:208e] type 00 class 0x088000
[    2.868090] pci 0000:17:11.2: [8086:208e] type 00 class 0x088000
[    2.874093] pci 0000:17:11.3: [8086:208e] type 00 class 0x088000
[    2.880102] pci 0000:17:1d.0: [8086:2054] type 00 class 0x088000
[    2.886095] pci 0000:17:1d.1: [8086:2055] type 00 class 0x088000
[    2.892091] pci 0000:17:1d.2: [8086:2056] type 00 class 0x088000
[    2.898089] pci 0000:17:1d.3: [8086:2057] type 00 class 0x088000
[    2.904095] pci 0000:17:1e.0: [8086:2080] type 00 class 0x088000
[    2.910092] pci 0000:17:1e.1: [8086:2081] type 00 class 0x088000
[    2.917091] pci 0000:17:1e.2: [8086:2082] type 00 class 0x088000
[    2.923089] pci 0000:17:1e.3: [8086:2083] type 00 class 0x088000
[    2.929091] pci 0000:17:1e.4: [8086:2084] type 00 class 0x088000
[    2.935090] pci 0000:17:1e.5: [8086:2085] type 00 class 0x088000
[    2.941088] pci 0000:17:1e.6: [8086:2086] type 00 class 0x088000
[    2.947092] pci_bus 0000:17: on NUMA node 0
[    2.951114] ACPI: PCI Root Bridge [PC02] (domain 0000 [bus 3a-5c])
[    2.958003] acpi PNP0A08:02: _OSC: OS supports [ExtendedConfig ASPM Cloc=
kPM Segments MSI]
[    2.966472] acpi PNP0A08:02: _OSC: platform does not support [AER]
[    2.973106] acpi PNP0A08:02: _OSC: OS now controls [PCIeHotplug PME PCIe=
Capability]
[    2.980001] acpi PNP0A08:02: FADT indicates ASPM is unsupported, using B=
IOS configuration
[    2.989151] PCI host bridge to bus 0000:3a
[    2.993002] pci_bus 0000:3a: root bus resource [io  0x6000-0x7fff window]
[    3.000002] pci_bus 0000:3a: root bus resource [mem 0xab000000-0xb87ffff=
f window]
[    3.007003] pci_bus 0000:3a: root bus resource [mem 0x388000000000-0x38b=
fffffffff window]
[    3.015002] pci_bus 0000:3a: root bus resource [bus 3a-5c]
[    3.021008] pci 0000:3a:00.0: [8086:2030] type 01 class 0x060400
[    3.027051] pci 0000:3a:00.0: PME# supported from D0 D3hot D3cold
[    3.033065] pci 0000:3a:05.0: [8086:2034] type 00 class 0x088000
[    3.039081] pci 0000:3a:05.2: [8086:2035] type 00 class 0x088000
[    3.045079] pci 0000:3a:05.4: [8086:2036] type 00 class 0x080020
[    3.051009] pci 0000:3a:05.4: reg 0x10: [mem 0xadb00000-0xadb00fff]
[    3.058081] pci 0000:3a:08.0: [8086:2066] type 00 class 0x088000
[    3.064070] pci 0000:3a:09.0: [8086:2066] type 00 class 0x088000
[    3.070077] pci 0000:3a:0a.0: [8086:2040] type 00 class 0x088000
[    3.076074] pci 0000:3a:0a.1: [8086:2041] type 00 class 0x088000
[    3.082071] pci 0000:3a:0a.2: [8086:2042] type 00 class 0x088000
[    3.088070] pci 0000:3a:0a.3: [8086:2043] type 00 class 0x088000
[    3.094069] pci 0000:3a:0a.4: [8086:2044] type 00 class 0x088000
[    3.100072] pci 0000:3a:0a.5: [8086:2045] type 00 class 0x088000
[    3.106070] pci 0000:3a:0a.6: [8086:2046] type 00 class 0x088000
[    3.112069] pci 0000:3a:0a.7: [8086:2047] type 00 class 0x088000
[    3.118070] pci 0000:3a:0b.0: [8086:2048] type 00 class 0x088000
[    3.124074] pci 0000:3a:0b.1: [8086:2049] type 00 class 0x088000
[    3.131069] pci 0000:3a:0b.2: [8086:204a] type 00 class 0x088000
[    3.137051] pci 0000:3a:0b.3: [8086:204b] type 00 class 0x088000
[    3.143073] pci 0000:3a:0c.0: [8086:2040] type 00 class 0x088000
[    3.149076] pci 0000:3a:0c.1: [8086:2041] type 00 class 0x088000
[    3.155072] pci 0000:3a:0c.2: [8086:2042] type 00 class 0x088000
[    3.161072] pci 0000:3a:0c.3: [8086:2043] type 00 class 0x088000
[    3.167070] pci 0000:3a:0c.4: [8086:2044] type 00 class 0x088000
[    3.173072] pci 0000:3a:0c.5: [8086:2045] type 00 class 0x088000
[    3.179072] pci 0000:3a:0c.6: [8086:2046] type 00 class 0x088000
[    3.185072] pci 0000:3a:0c.7: [8086:2047] type 00 class 0x088000
[    3.191073] pci 0000:3a:0d.0: [8086:2048] type 00 class 0x088000
[    3.197077] pci 0000:3a:0d.1: [8086:2049] type 00 class 0x088000
[    3.204070] pci 0000:3a:0d.2: [8086:204a] type 00 class 0x088000
[    3.210064] pci 0000:3a:0d.3: [8086:204b] type 00 class 0x088000
[    3.216124] pci 0000:3b:00.0: [8086:37c0] type 01 class 0x060400
[    3.222017] pci 0000:3b:00.0: reg 0x10: [mem 0xada00000-0xada1ffff 64bit]
[    3.229007] pci 0000:3b:00.0: reg 0x38: [mem 0xfff00000-0xffffffff pref]
[    3.235042] pci 0000:3b:00.0: PME# supported from D0 D3hot D3cold
[    3.245010] pci 0000:3a:00.0: PCI bridge to [bus 3b-3e]
[    3.250004] pci 0000:3a:00.0:   bridge window [mem 0xada00000-0xadafffff]
[    3.257003] pci 0000:3a:00.0:   bridge window [mem 0xab000000-0xad9fffff=
 64bit pref]
[    3.264069] pci 0000:3c:03.0: [8086:37c5] type 01 class 0x060400
[    3.271073] pci 0000:3c:03.0: PME# supported from D0 D3hot D3cold
[    3.277070] pci 0000:3b:00.0: PCI bridge to [bus 3c-3e]
[    3.282007] pci 0000:3b:00.0:   bridge window [mem 0xab000000-0xad9fffff=
 64bit pref]
[    3.290067] pci 0000:3d:00.0: [8086:37d2] type 00 class 0x020000
[    3.296024] pci 0000:3d:00.0: reg 0x10: [mem 0xac000000-0xacffffff 64bit=
 pref]
[    3.303017] pci 0000:3d:00.0: reg 0x1c: [mem 0xad808000-0xad80ffff 64bit=
 pref]
[    3.310014] pci 0000:3d:00.0: reg 0x30: [mem 0xfff80000-0xffffffff pref]
[    3.317090] pci 0000:3d:00.0: reg 0x184: [mem 0xad400000-0xad41ffff 64bi=
t pref]
[    3.324002] pci 0000:3d:00.0: VF(n) BAR0 space: [mem 0xad400000-0xad7fff=
ff 64bit pref] (contains BAR0 for 32 VFs)
[    3.335015] pci 0000:3d:00.0: reg 0x190: [mem 0xad890000-0xad893fff 64bi=
t pref]
[    3.342002] pci 0000:3d:00.0: VF(n) BAR3 space: [mem 0xad890000-0xad90ff=
ff 64bit pref] (contains BAR3 for 32 VFs)
[    3.352127] pci 0000:3d:00.1: [8086:37d2] type 00 class 0x020000
[    3.358024] pci 0000:3d:00.1: reg 0x10: [mem 0xab000000-0xabffffff 64bit=
 pref]
[    3.366017] pci 0000:3d:00.1: reg 0x1c: [mem 0xad800000-0xad807fff 64bit=
 pref]
[    3.373015] pci 0000:3d:00.1: reg 0x30: [mem 0xfff80000-0xffffffff pref]
[    3.380051] pci 0000:3d:00.1: reg 0x184: [mem 0xad000000-0xad01ffff 64bi=
t pref]
[    3.387002] pci 0000:3d:00.1: VF(n) BAR0 space: [mem 0xad000000-0xad3fff=
ff 64bit pref] (contains BAR0 for 32 VFs)
[    3.397014] pci 0000:3d:00.1: reg 0x190: [mem 0xad810000-0xad813fff 64bi=
t pref]
[    3.405002] pci 0000:3d:00.1: VF(n) BAR3 space: [mem 0xad810000-0xad88ff=
ff 64bit pref] (contains BAR3 for 32 VFs)
[    3.415144] pci 0000:3c:03.0: PCI bridge to [bus 3d-3e]
[    3.420008] pci 0000:3c:03.0:   bridge window [mem 0xab000000-0xad9fffff=
 64bit pref]
[    3.428014] pci_bus 0000:3a: on NUMA node 0
[    3.432114] ACPI: PCI Root Bridge [PC03] (domain 0000 [bus 5d-7f])
[    3.439003] acpi PNP0A08:03: _OSC: OS supports [ExtendedConfig ASPM Cloc=
kPM Segments MSI]
[    3.447454] acpi PNP0A08:03: _OSC: platform does not support [AER]
[    3.453279] acpi PNP0A08:03: _OSC: OS now controls [PCIeHotplug PME PCIe=
Capability]
[    3.461001] acpi PNP0A08:03: FADT indicates ASPM is unsupported, using B=
IOS configuration
[    3.470007] PCI host bridge to bus 0000:5d
[    3.474002] pci_bus 0000:5d: root bus resource [io  0x8000-0x9fff window]
[    3.481002] pci_bus 0000:5d: root bus resource [mem 0xb8800000-0xc5fffff=
f window]
[    3.488001] pci_bus 0000:5d: root bus resource [mem 0x38c000000000-0x38f=
fffffffff window]
[    3.496001] pci_bus 0000:5d: root bus resource [bus 5d-7f]
[    3.502011] pci 0000:5d:02.0: [8086:2032] type 01 class 0x060400
[    3.508059] pci 0000:5d:02.0: PME# supported from D0 D3hot D3cold
[    3.514065] pci 0000:5d:03.0: [8086:2033] type 01 class 0x060400
[    3.520058] pci 0000:5d:03.0: PME# supported from D0 D3hot D3cold
[    3.526063] pci 0000:5d:05.0: [8086:2034] type 00 class 0x088000
[    3.532084] pci 0000:5d:05.2: [8086:2035] type 00 class 0x088000
[    3.538082] pci 0000:5d:05.4: [8086:2036] type 00 class 0x080020
[    3.544010] pci 0000:5d:05.4: reg 0x10: [mem 0xb8800000-0xb8800fff]
[    3.551087] pci 0000:5d:0e.0: [8086:2058] type 00 class 0x110100
[    3.557080] pci 0000:5d:0e.1: [8086:2059] type 00 class 0x088000
[    3.563073] pci 0000:5d:0f.0: [8086:2058] type 00 class 0x110100
[    3.569070] pci 0000:5d:0f.1: [8086:2059] type 00 class 0x088000
[    3.575072] pci 0000:5d:10.0: [8086:2058] type 00 class 0x110100
[    3.581072] pci 0000:5d:10.1: [8086:2059] type 00 class 0x088000
[    3.587071] pci 0000:5d:12.0: [8086:204c] type 00 class 0x110100
[    3.593070] pci 0000:5d:12.1: [8086:204d] type 00 class 0x110100
[    3.599058] pci 0000:5d:12.2: [8086:204e] type 00 class 0x088000
[    3.605058] pci 0000:5d:12.4: [8086:204c] type 00 class 0x110100
[    3.611068] pci 0000:5d:12.5: [8086:204d] type 00 class 0x110100
[    3.618059] pci 0000:5d:15.0: [8086:2018] type 00 class 0x088000
[    3.624044] pci 0000:5d:16.0: [8086:2018] type 00 class 0x088000
[    3.630064] pci 0000:5d:16.4: [8086:2018] type 00 class 0x088000
[    3.636059] pci 0000:5d:17.0: [8086:2018] type 00 class 0x088000
[    3.642097] pci 0000:5d:02.0: PCI bridge to [bus 5e]
[    3.647003] pci 0000:5d:02.0:   bridge window [io  0x8000-0x8fff]
[    3.653002] pci 0000:5d:02.0:   bridge window [mem 0xb8900000-0xb8afffff]
[    3.660003] pci 0000:5d:02.0:   bridge window [mem 0x38c000000000-0x38c0=
001fffff 64bit pref]
[    3.668028] pci 0000:5d:03.0: PCI bridge to [bus 5f]
[    3.673002] pci 0000:5d:03.0:   bridge window [io  0x9000-0x9fff]
[    3.679002] pci 0000:5d:03.0:   bridge window [mem 0xb8b00000-0xb8cfffff]
[    3.686003] pci 0000:5d:03.0:   bridge window [mem 0x38c000200000-0x38c0=
003fffff 64bit pref]
[    3.695010] pci_bus 0000:5d: on NUMA node 0
[    3.699172] ACPI: PCI Root Bridge [PC06] (domain 0000 [bus 80-84])
[    3.705003] acpi PNP0A08:06: _OSC: OS supports [ExtendedConfig ASPM Cloc=
kPM Segments MSI]
[    3.713280] acpi PNP0A08:06: _OSC: platform does not support [AER]
[    3.720212] acpi PNP0A08:06: _OSC: OS now controls [PCIeHotplug PME PCIe=
Capability]
[    3.728001] acpi PNP0A08:06: FADT indicates ASPM is unsupported, using B=
IOS configuration
[    3.736185] PCI host bridge to bus 0000:80
[    3.740002] pci_bus 0000:80: root bus resource [io  0xa000-0xbfff window]
[    3.747001] pci_bus 0000:80: root bus resource [mem 0xc6000000-0xd37ffff=
f window]
[    3.754001] pci_bus 0000:80: root bus resource [mem 0x390000000000-0x393=
fffffffff window]
[    3.763002] pci_bus 0000:80: root bus resource [bus 80-84]
[    3.768010] pci 0000:80:04.0: [8086:2021] type 00 class 0x088000
[    3.774012] pci 0000:80:04.0: reg 0x10: [mem 0x393ffff1c000-0x393ffff1ff=
ff 64bit]
[    3.782042] pci 0000:80:04.1: [8086:2021] type 00 class 0x088000
[    3.788012] pci 0000:80:04.1: reg 0x10: [mem 0x393ffff18000-0x393ffff1bf=
ff 64bit]
[    3.795087] pci 0000:80:04.2: [8086:2021] type 00 class 0x088000
[    3.801012] pci 0000:80:04.2: reg 0x10: [mem 0x393ffff14000-0x393ffff17f=
ff 64bit]
[    3.809088] pci 0000:80:04.3: [8086:2021] type 00 class 0x088000
[    3.815011] pci 0000:80:04.3: reg 0x10: [mem 0x393ffff10000-0x393ffff13f=
ff 64bit]
[    3.822086] pci 0000:80:04.4: [8086:2021] type 00 class 0x088000
[    3.829011] pci 0000:80:04.4: reg 0x10: [mem 0x393ffff0c000-0x393ffff0ff=
ff 64bit]
[    3.836086] pci 0000:80:04.5: [8086:2021] type 00 class 0x088000
[    3.842011] pci 0000:80:04.5: reg 0x10: [mem 0x393ffff08000-0x393ffff0bf=
ff 64bit]
[    3.850019] pci 0000:80:04.6: [8086:2021] type 00 class 0x088000
[    3.856011] pci 0000:80:04.6: reg 0x10: [mem 0x393ffff04000-0x393ffff07f=
ff 64bit]
[    3.863086] pci 0000:80:04.7: [8086:2021] type 00 class 0x088000
[    3.869011] pci 0000:80:04.7: reg 0x10: [mem 0x393ffff00000-0x393ffff03f=
ff 64bit]
[    3.877086] pci 0000:80:05.0: [8086:2024] type 00 class 0x088000
[    3.883087] pci 0000:80:05.2: [8086:2025] type 00 class 0x088000
[    3.889086] pci 0000:80:05.4: [8086:2026] type 00 class 0x080020
[    3.895011] pci 0000:80:05.4: reg 0x10: [mem 0xc6000000-0xc6000fff]
[    3.901090] pci 0000:80:08.0: [8086:2014] type 00 class 0x088000
[    3.907074] pci 0000:80:08.1: [8086:2015] type 00 class 0x110100
[    3.914066] pci 0000:80:08.2: [8086:2016] type 00 class 0x088000
[    3.920024] pci_bus 0000:80: on NUMA node 1
[    3.924097] ACPI: PCI Root Bridge [PC07] (domain 0000 [bus 85-ad])
[    3.930003] acpi PNP0A08:07: _OSC: OS supports [ExtendedConfig ASPM Cloc=
kPM Segments MSI]
[    3.939147] acpi PNP0A08:07: _OSC: platform does not support [AER]
[    3.945277] acpi PNP0A08:07: _OSC: OS now controls [PCIeHotplug PME PCIe=
Capability]
[    3.953001] acpi PNP0A08:07: FADT indicates ASPM is unsupported, using B=
IOS configuration
[    3.961324] PCI host bridge to bus 0000:85
[    3.966002] pci_bus 0000:85: root bus resource [io  0xc000-0xdfff window]
[    3.972001] pci_bus 0000:85: root bus resource [mem 0xd3800000-0xe0fffff=
f window]
[    3.980001] pci_bus 0000:85: root bus resource [mem 0x394000000000-0x397=
fffffffff window]
[    3.988001] pci_bus 0000:85: root bus resource [bus 85-ad]
[    3.993010] pci 0000:85:05.0: [8086:2034] type 00 class 0x088000
[    4.000119] pci 0000:85:05.2: [8086:2035] type 00 class 0x088000
[    4.006081] pci 0000:85:05.4: [8086:2036] type 00 class 0x080020
[    4.012010] pci 0000:85:05.4: reg 0x10: [mem 0xd3800000-0xd3800fff]
[    4.018116] pci 0000:85:08.0: [8086:208d] type 00 class 0x088000
[    4.024100] pci 0000:85:08.1: [8086:208d] type 00 class 0x088000
[    4.030093] pci 0000:85:08.2: [8086:208d] type 00 class 0x088000
[    4.036093] pci 0000:85:08.3: [8086:208d] type 00 class 0x088000
[    4.042094] pci 0000:85:08.4: [8086:208d] type 00 class 0x088000
[    4.049013] pci 0000:85:08.5: [8086:208d] type 00 class 0x088000
[    4.055092] pci 0000:85:08.6: [8086:208d] type 00 class 0x088000
[    4.061092] pci 0000:85:08.7: [8086:208d] type 00 class 0x088000
[    4.067092] pci 0000:85:09.0: [8086:208d] type 00 class 0x088000
[    4.073097] pci 0000:85:09.1: [8086:208d] type 00 class 0x088000
[    4.079091] pci 0000:85:09.2: [8086:208d] type 00 class 0x088000
[    4.085093] pci 0000:85:09.3: [8086:208d] type 00 class 0x088000
[    4.091092] pci 0000:85:09.4: [8086:208d] type 00 class 0x088000
[    4.097093] pci 0000:85:09.5: [8086:208d] type 00 class 0x088000
[    4.104091] pci 0000:85:09.6: [8086:208d] type 00 class 0x088000
[    4.110059] pci 0000:85:09.7: [8086:208d] type 00 class 0x088000
[    4.116093] pci 0000:85:0a.0: [8086:208d] type 00 class 0x088000
[    4.122097] pci 0000:85:0a.1: [8086:208d] type 00 class 0x088000
[    4.128094] pci 0000:85:0a.2: [8086:208d] type 00 class 0x088000
[    4.134092] pci 0000:85:0a.3: [8086:208d] type 00 class 0x088000
[    4.140094] pci 0000:85:0a.4: [8086:208d] type 00 class 0x088000
[    4.146094] pci 0000:85:0a.5: [8086:208d] type 00 class 0x088000
[    4.152093] pci 0000:85:0a.6: [8086:208d] type 00 class 0x088000
[    4.158093] pci 0000:85:0a.7: [8086:208d] type 00 class 0x088000
[    4.165002] pci 0000:85:0b.0: [8086:208d] type 00 class 0x088000
[    4.171098] pci 0000:85:0b.1: [8086:208d] type 00 class 0x088000
[    4.177092] pci 0000:85:0b.2: [8086:208d] type 00 class 0x088000
[    4.183094] pci 0000:85:0b.3: [8086:208d] type 00 class 0x088000
[    4.189099] pci 0000:85:0e.0: [8086:208e] type 00 class 0x088000
[    4.195095] pci 0000:85:0e.1: [8086:208e] type 00 class 0x088000
[    4.201093] pci 0000:85:0e.2: [8086:208e] type 00 class 0x088000
[    4.207092] pci 0000:85:0e.3: [8086:208e] type 00 class 0x088000
[    4.213093] pci 0000:85:0e.4: [8086:208e] type 00 class 0x088000
[    4.220092] pci 0000:85:0e.5: [8086:208e] type 00 class 0x088000
[    4.226061] pci 0000:85:0e.6: [8086:208e] type 00 class 0x088000
[    4.232093] pci 0000:85:0e.7: [8086:208e] type 00 class 0x088000
[    4.238094] pci 0000:85:0f.0: [8086:208e] type 00 class 0x088000
[    4.244096] pci 0000:85:0f.1: [8086:208e] type 00 class 0x088000
[    4.250093] pci 0000:85:0f.2: [8086:208e] type 00 class 0x088000
[    4.256091] pci 0000:85:0f.3: [8086:208e] type 00 class 0x088000
[    4.262093] pci 0000:85:0f.4: [8086:208e] type 00 class 0x088000
[    4.268091] pci 0000:85:0f.5: [8086:208e] type 00 class 0x088000
[    4.274093] pci 0000:85:0f.6: [8086:208e] type 00 class 0x088000
[    4.281001] pci 0000:85:0f.7: [8086:208e] type 00 class 0x088000
[    4.287094] pci 0000:85:10.0: [8086:208e] type 00 class 0x088000
[    4.293097] pci 0000:85:10.1: [8086:208e] type 00 class 0x088000
[    4.299092] pci 0000:85:10.2: [8086:208e] type 00 class 0x088000
[    4.305093] pci 0000:85:10.3: [8086:208e] type 00 class 0x088000
[    4.311092] pci 0000:85:10.4: [8086:208e] type 00 class 0x088000
[    4.317094] pci 0000:85:10.5: [8086:208e] type 00 class 0x088000
[    4.323093] pci 0000:85:10.6: [8086:208e] type 00 class 0x088000
[    4.329092] pci 0000:85:10.7: [8086:208e] type 00 class 0x088000
[    4.336095] pci 0000:85:11.0: [8086:208e] type 00 class 0x088000
[    4.342057] pci 0000:85:11.1: [8086:208e] type 00 class 0x088000
[    4.348094] pci 0000:85:11.2: [8086:208e] type 00 class 0x088000
[    4.354095] pci 0000:85:11.3: [8086:208e] type 00 class 0x088000
[    4.360108] pci 0000:85:1d.0: [8086:2054] type 00 class 0x088000
[    4.366100] pci 0000:85:1d.1: [8086:2055] type 00 class 0x088000
[    4.372093] pci 0000:85:1d.2: [8086:2056] type 00 class 0x088000
[    4.378094] pci 0000:85:1d.3: [8086:2057] type 00 class 0x088000
[    4.384098] pci 0000:85:1e.0: [8086:2080] type 00 class 0x088000
[    4.390097] pci 0000:85:1e.1: [8086:2081] type 00 class 0x088000
[    4.397030] pci 0000:85:1e.2: [8086:2082] type 00 class 0x088000
[    4.403092] pci 0000:85:1e.3: [8086:2083] type 00 class 0x088000
[    4.409096] pci 0000:85:1e.4: [8086:2084] type 00 class 0x088000
[    4.415092] pci 0000:85:1e.5: [8086:2085] type 00 class 0x088000
[    4.421093] pci 0000:85:1e.6: [8086:2086] type 00 class 0x088000
[    4.427095] pci_bus 0000:85: on NUMA node 1
[    4.431131] ACPI: PCI Root Bridge [PC08] (domain 0000 [bus ae-d6])
[    4.438003] acpi PNP0A08:08: _OSC: OS supports [ExtendedConfig ASPM Cloc=
kPM Segments MSI]
[    4.446454] acpi PNP0A08:08: _OSC: platform does not support [AER]
[    4.453156] acpi PNP0A08:08: _OSC: OS now controls [PCIeHotplug PME PCIe=
Capability]
[    4.460001] acpi PNP0A08:08: FADT indicates ASPM is unsupported, using B=
IOS configuration
[    4.469231] PCI host bridge to bus 0000:ae
[    4.473002] pci_bus 0000:ae: root bus resource [io  0xe000-0xefff window]
[    4.480002] pci_bus 0000:ae: root bus resource [mem 0xe1000000-0xee7ffff=
f window]
[    4.487001] pci_bus 0000:ae: root bus resource [mem 0x398000000000-0x39b=
fffffffff window]
[    4.495001] pci_bus 0000:ae: root bus resource [bus ae-d6]
[    4.501010] pci 0000:ae:05.0: [8086:2034] type 00 class 0x088000
[    4.507088] pci 0000:ae:05.2: [8086:2035] type 00 class 0x088000
[    4.513092] pci 0000:ae:05.4: [8086:2036] type 00 class 0x080020
[    4.519010] pci 0000:ae:05.4: reg 0x10: [mem 0xe1000000-0xe1000fff]
[    4.525087] pci 0000:ae:08.0: [8086:2066] type 00 class 0x088000
[    4.532083] pci 0000:ae:09.0: [8086:2066] type 00 class 0x088000
[    4.538074] pci 0000:ae:0a.0: [8086:2040] type 00 class 0x088000
[    4.544078] pci 0000:ae:0a.1: [8086:2041] type 00 class 0x088000
[    4.550077] pci 0000:ae:0a.2: [8086:2042] type 00 class 0x088000
[    4.556076] pci 0000:ae:0a.3: [8086:2043] type 00 class 0x088000
[    4.562075] pci 0000:ae:0a.4: [8086:2044] type 00 class 0x088000
[    4.568086] pci 0000:ae:0a.5: [8086:2045] type 00 class 0x088000
[    4.574076] pci 0000:ae:0a.6: [8086:2046] type 00 class 0x088000
[    4.580074] pci 0000:ae:0a.7: [8086:2047] type 00 class 0x088000
[    4.586076] pci 0000:ae:0b.0: [8086:2048] type 00 class 0x088000
[    4.592079] pci 0000:ae:0b.1: [8086:2049] type 00 class 0x088000
[    4.599074] pci 0000:ae:0b.2: [8086:204a] type 00 class 0x088000
[    4.605038] pci 0000:ae:0b.3: [8086:204b] type 00 class 0x088000
[    4.611079] pci 0000:ae:0c.0: [8086:2040] type 00 class 0x088000
[    4.617079] pci 0000:ae:0c.1: [8086:2041] type 00 class 0x088000
[    4.623078] pci 0000:ae:0c.2: [8086:2042] type 00 class 0x088000
[    4.629078] pci 0000:ae:0c.3: [8086:2043] type 00 class 0x088000
[    4.635077] pci 0000:ae:0c.4: [8086:2044] type 00 class 0x088000
[    4.641077] pci 0000:ae:0c.5: [8086:2045] type 00 class 0x088000
[    4.647079] pci 0000:ae:0c.6: [8086:2046] type 00 class 0x088000
[    4.653077] pci 0000:ae:0c.7: [8086:2047] type 00 class 0x088000
[    4.659078] pci 0000:ae:0d.0: [8086:2048] type 00 class 0x088000
[    4.665081] pci 0000:ae:0d.1: [8086:2049] type 00 class 0x088000
[    4.672077] pci 0000:ae:0d.2: [8086:204a] type 00 class 0x088000
[    4.678077] pci 0000:ae:0d.3: [8086:204b] type 00 class 0x088000
[    4.684089] pci_bus 0000:ae: on NUMA node 1
[    4.688109] ACPI: PCI Root Bridge [PC09] (domain 0000 [bus d7-ff])
[    4.694003] acpi PNP0A08:09: _OSC: OS supports [ExtendedConfig ASPM Cloc=
kPM Segments MSI]
[    4.703302] acpi PNP0A08:09: _OSC: platform does not support [AER]
[    4.709278] acpi PNP0A08:09: _OSC: OS now controls [PCIeHotplug PME PCIe=
Capability]
[    4.717001] acpi PNP0A08:09: FADT indicates ASPM is unsupported, using B=
IOS configuration
[    4.725228] PCI host bridge to bus 0000:d7
[    4.730002] pci_bus 0000:d7: root bus resource [io  0xf000-0xffff window]
[    4.736001] pci_bus 0000:d7: root bus resource [mem 0xee800000-0xfbfffff=
f window]
[    4.744001] pci_bus 0000:d7: root bus resource [mem 0x39c000000000-0x39f=
fffffffff window]
[    4.752001] pci_bus 0000:d7: root bus resource [bus d7-ff]
[    4.758009] pci 0000:d7:00.0: [8086:2030] type 01 class 0x060400
[    4.764066] pci 0000:d7:00.0: PME# supported from D0 D3hot D3cold
[    4.770069] pci 0000:d7:01.0: [8086:2031] type 01 class 0x060400
[    4.776065] pci 0000:d7:01.0: PME# supported from D0 D3hot D3cold
[    4.782065] pci 0000:d7:05.0: [8086:2034] type 00 class 0x088000
[    4.788088] pci 0000:d7:05.2: [8086:2035] type 00 class 0x088000
[    4.794087] pci 0000:d7:05.4: [8086:2036] type 00 class 0x080020
[    4.800015] pci 0000:d7:05.4: reg 0x10: [mem 0xee800000-0xee800fff]
[    4.807095] pci 0000:d7:0e.0: [8086:2058] type 00 class 0x110100
[    4.813041] pci 0000:d7:0e.1: [8086:2059] type 00 class 0x088000
[    4.819076] pci 0000:d7:0f.0: [8086:2058] type 00 class 0x110100
[    4.825077] pci 0000:d7:0f.1: [8086:2059] type 00 class 0x088000
[    4.831077] pci 0000:d7:10.0: [8086:2058] type 00 class 0x110100
[    4.837077] pci 0000:d7:10.1: [8086:2059] type 00 class 0x088000
[    4.843078] pci 0000:d7:12.0: [8086:204c] type 00 class 0x110100
[    4.849075] pci 0000:d7:12.1: [8086:204d] type 00 class 0x110100
[    4.855059] pci 0000:d7:12.2: [8086:204e] type 00 class 0x088000
[    4.861063] pci 0000:d7:12.4: [8086:204c] type 00 class 0x110100
[    4.867070] pci 0000:d7:12.5: [8086:204d] type 00 class 0x110100
[    4.873063] pci 0000:d7:15.0: [8086:2018] type 00 class 0x088000
[    4.880068] pci 0000:d7:16.0: [8086:2018] type 00 class 0x088000
[    4.886012] pci 0000:d7:16.4: [8086:2018] type 00 class 0x088000
[    4.892063] pci 0000:d7:17.0: [8086:2018] type 00 class 0x088000
[    4.898104] pci 0000:d7:00.0: PCI bridge to [bus d8]
[    4.903004] pci 0000:d7:00.0:   bridge window [mem 0xee900000-0xeeafffff]
[    4.910004] pci 0000:d7:00.0:   bridge window [mem 0x39c000000000-0x39c0=
001fffff 64bit pref]
[    4.918031] pci 0000:d7:01.0: PCI bridge to [bus d9]
[    4.923003] pci 0000:d7:01.0:   bridge window [io  0xf000-0xffff]
[    4.929003] pci 0000:d7:01.0:   bridge window [mem 0xeeb00000-0xeecfffff]
[    4.936004] pci 0000:d7:01.0:   bridge window [mem 0x39c000200000-0x39c0=
003fffff 64bit pref]
[    4.944011] pci_bus 0000:d7: on NUMA node 1
[    4.949575] pci 0000:02:00.0: vgaarb: VGA device added: decodes=3Dio+mem=
,owns=3Dnone,locks=3Dnone
[    4.958007] pci 0000:02:00.0: vgaarb: bridge control possible
[    4.963003] pci 0000:02:00.0: vgaarb: setting as boot device (VGA legacy=
 resources not available)
[    4.972001] vgaarb: loaded
[    4.975254] SCSI subsystem initialized
[    4.979019] ACPI: bus type USB registered
[    4.983013] usbcore: registered new interface driver usbfs
[    4.989007] usbcore: registered new interface driver hub
[    4.994500] usbcore: registered new device driver usb
[    4.999020] pps_core: LinuxPPS API ver. 1 registered
[    5.004001] pps_core: Software ver. 5.3.6 - Copyright 2005-2007 Rodolfo =
Giometti <giometti@linux.it>
[    5.014002] PTP clock support registered
[    5.018383] EDAC MC: Ver: 3.0.0
[    5.022060] dmi: Firmware registration failed.
[    5.026013] PCI: Using ACPI for IRQ routing
[    5.034665] PCI: pci_cache_line_size set to 64 bytes
[    5.039312] e820: reserve RAM buffer [mem 0x677f1000-0x67ffffff]
[    5.046002] e820: reserve RAM buffer [mem 0x67d44000-0x67ffffff]
[    5.052001] e820: reserve RAM buffer [mem 0x67d90000-0x67ffffff]
[    5.058002] e820: reserve RAM buffer [mem 0x67e2c000-0x67ffffff]
[    5.064001] e820: reserve RAM buffer [mem 0x67e60000-0x67ffffff]
[    5.070001] e820: reserve RAM buffer [mem 0x68c83000-0x6bffffff]
[    5.076001] e820: reserve RAM buffer [mem 0x6b466000-0x6bffffff]
[    5.082001] e820: reserve RAM buffer [mem 0x6fb00000-0x6fffffff]
[    5.088193] NetLabel: Initializing
[    5.091001] NetLabel:  domain hash size =3D 128
[    5.096001] NetLabel:  protocols =3D UNLABELED CIPSOv4 CALIPSO
[    5.101017] NetLabel:  unlabeled traffic allowed by default
[    5.107320] hpet0: at MMIO 0xfed00000, IRQs 2, 8, 0, 0, 0, 0, 0, 0
[    5.114002] hpet0: 8 comparators, 64-bit 24.000000 MHz counter
