Return-Path: <owner-linux-mm@kvack.org>
Received: from mail-pa0-f43.google.com (mail-pa0-f43.google.com [209.85.220.43])
	by kanga.kvack.org (Postfix) with ESMTP id 952586B0038
	for <linux-mm@kvack.org>; Sun,  2 Aug 2015 08:56:04 -0400 (EDT)
Received: by padck2 with SMTP id ck2so69105272pad.0
        for <linux-mm@kvack.org>; Sun, 02 Aug 2015 05:56:04 -0700 (PDT)
Received: from mga01.intel.com (mga01.intel.com. [192.55.52.88])
        by mx.google.com with ESMTP id ah3si21452236pad.55.2015.08.02.05.56.02
        for <linux-mm@kvack.org>;
        Sun, 02 Aug 2015 05:56:03 -0700 (PDT)
Date: Sun, 02 Aug 2015 20:55:14 +0800
From: kernel test robot <fengguang.wu@intel.com>
Subject: [x86_64]  RIP: 0010:[<ffffffff813bc3dc>]  [<ffffffff813bc3dc>]
 __asan_store8
Message-ID: <55be1332.5NMwVwgRwvmoOtmG%fengguang.wu@intel.com>
MIME-Version: 1.0
Content-Type: multipart/mixed;
 boundary="=_55be1332.IhXcyUp6b5zrzZdlrnROaHliFjQoc6OwK0YpzIyu1nRh6ULg"
Sender: owner-linux-mm@kvack.org
List-ID: <linux-mm.kvack.org>
To: Andrey Ryabinin <a.ryabinin@samsung.com>
Cc: LKP <lkp@01.org>, linux-doc@vger.kernel.org, linux-kernel@vger.kernel.org, Linux Memory Management List <linux-mm@kvack.org>, Andrew Morton <akpm@linux-foundation.org>, Andrey Konovalov <adech.fo@gmail.com>, wfg@linux.intel.com

This is a multi-part message in MIME format.

--=_55be1332.IhXcyUp6b5zrzZdlrnROaHliFjQoc6OwK0YpzIyu1nRh6ULg
Content-Type: text/plain; charset=us-ascii
Content-Transfer-Encoding: 7bit
Content-Disposition: inline

Greetings,

0day kernel testing robot got the below dmesg and the first bad commit is

git://git.kernel.org/pub/scm/linux/kernel/git/torvalds/linux.git master

commit ef7f0d6a6ca8c9e4b27d78895af86c2fbfaeedb2
Author:     Andrey Ryabinin <a.ryabinin@samsung.com>
AuthorDate: Fri Feb 13 14:39:25 2015 -0800
Commit:     Linus Torvalds <torvalds@linux-foundation.org>
CommitDate: Fri Feb 13 21:21:41 2015 -0800

    x86_64: add KASan support
    
    This patch adds arch specific code for kernel address sanitizer.
    
    16TB of virtual addressed used for shadow memory.  It's located in range
    [ffffec0000000000 - fffffc0000000000] between vmemmap and %esp fixup
    stacks.
    
    At early stage we map whole shadow region with zero page.  Latter, after
    pages mapped to direct mapping address range we unmap zero pages from
    corresponding shadow (see kasan_map_shadow()) and allocate and map a real
    shadow memory reusing vmemmap_populate() function.
    
    Also replace __pa with __pa_nodebug before shadow initialized.  __pa with
    CONFIG_DEBUG_VIRTUAL=y make external function call (__phys_addr)
    __phys_addr is instrumented, so __asan_load could be called before shadow
    area initialized.
    
    Signed-off-by: Andrey Ryabinin <a.ryabinin@samsung.com>
    Cc: Dmitry Vyukov <dvyukov@google.com>
    Cc: Konstantin Serebryany <kcc@google.com>
    Cc: Dmitry Chernenkov <dmitryc@google.com>
    Signed-off-by: Andrey Konovalov <adech.fo@gmail.com>
    Cc: Yuri Gribov <tetra2005@gmail.com>
    Cc: Konstantin Khlebnikov <koct9i@gmail.com>
    Cc: Sasha Levin <sasha.levin@oracle.com>
    Cc: Christoph Lameter <cl@linux.com>
    Cc: Joonsoo Kim <iamjoonsoo.kim@lge.com>
    Cc: Dave Hansen <dave.hansen@intel.com>
    Cc: Andi Kleen <andi@firstfloor.org>
    Cc: Ingo Molnar <mingo@elte.hu>
    Cc: Thomas Gleixner <tglx@linutronix.de>
    Cc: "H. Peter Anvin" <hpa@zytor.com>
    Cc: Christoph Lameter <cl@linux.com>
    Cc: Pekka Enberg <penberg@kernel.org>
    Cc: David Rientjes <rientjes@google.com>
    Cc: Jim Davis <jim.epost@gmail.com>
    Signed-off-by: Andrew Morton <akpm@linux-foundation.org>
    Signed-off-by: Linus Torvalds <torvalds@linux-foundation.org>

+------------------------------------------------+------------+------------+-----------------+
|                                                | 786a895991 | ef7f0d6a6c | v4.2-rc4_080210 |
+------------------------------------------------+------------+------------+-----------------+
| boot_successes                                 | 910        | 77         | 40              |
| boot_failures                                  | 0          | 233        | 18              |
| RIP:rb_insert_color                            | 0          | 17         |                 |
| Kernel_panic-not_syncing:softlockup:hung_tasks | 0          | 233        | 17              |
| backtrace:insert                               | 0          | 72         | 1               |
| backtrace:rbtree_test_init                     | 0          | 232        | 17              |
| backtrace:kernel_init_freeable                 | 0          | 233        | 17              |
| RIP:rb_erase                                   | 0          | 17         |                 |
| backtrace:apic_timer_interrupt                 | 0          | 57         | 2               |
| RIP:__asan_load8                               | 0          | 44         | 2               |
| backtrace:rb_erase                             | 0          | 45         |                 |
| RIP:__asan_loadN                               | 0          | 72         | 8               |
| backtrace:erase_augmented                      | 0          | 33         | 5               |
| RIP:insert_augmented                           | 0          | 7          | 1               |
| RIP:__asan_store8                              | 0          | 24         | 2               |
| RIP:__asan_store4                              | 0          | 5          |                 |
| backtrace:insert_augmented                     | 0          | 26         | 9               |
| RIP:augment_recompute                          | 0          | 4          |                 |
| RIP:augment_callbacks_propagate                | 0          | 1          |                 |
| RIP:erase_augmented                            | 0          | 2          | 1               |
| RIP:__rb_insert_augmented                      | 0          | 4          |                 |
| RIP:augment_callbacks_rotate                   | 0          | 6          |                 |
| RIP:insert                                     | 0          | 8          |                 |
| RIP:__asan_storeN                              | 0          | 4          |                 |
| RIP:__asan_load4                               | 0          | 14         | 3               |
| RIP:rbtree_test_init                           | 0          | 1          |                 |
| RIP:__rb_erase_color                           | 0          | 2          |                 |
| RIP:__rb_change_child                          | 0          | 1          |                 |
| BUG:kernel_boot_hang                           | 0          | 0          | 1               |
+------------------------------------------------+------------+------------+-----------------+

[   53.667591] xz_dec_test: Create a device node with 'mknod xz_dec_test c 250 0' and write .xz files to it.
[   53.671288] rbtree testing
[   80.140009] NMI watchdog: BUG: soft lockup - CPU#0 stuck for 22s! [swapper:1]
[   80.140009] Modules linked in:
[   80.140009] CPU: 0 PID: 1 Comm: swapper Not tainted 3.19.0-05243-gef7f0d6 #4
[   80.140009] Hardware name: QEMU Standard PC (i440FX + PIIX, 1996), BIOS 1.7.5-20140531_083030-gandalf 04/01/2014
[   80.140009] task: ffff88000e4d0000 ti: ffff88000e4d8000 task.ti: ffff88000e4d8000
[   80.140009] RIP: 0010:[<ffffffff813bc3dc>]  [<ffffffff813bc3dc>] __asan_store8+0x4c/0x140
[   80.140009] RSP: 0018:ffff88000e4dbd88  EFLAGS: 00000206
[   80.140009] RAX: 0000000086dfa090 RBX: ffffffff8413730f RCX: dffffc0000000000
[   80.140009] RDX: 0000000086dfa08f RSI: 0000000000000008 RDI: ffffffff84a3d468
[   80.140009] RBP: ffff88000e4dbdb8 R08: fffffbfff0826e61 R09: ffffffff8413730f
[   80.140009] R10: 0000000026d79129 R11: 0000000026d6454e R12: 0000000026d6bb7e
[   80.140009] R13: 1ffffffff0826e61 R14: 0000000000000010 R15: ffff88000e4dbdb8
[   80.140009] FS:  0000000000000000(0000) GS:ffffffff838b0000(0000) knlGS:0000000000000000
[   80.140009] CS:  0010 DS: 0000 ES: 0000 CR0: 000000008005003b
[   80.140009] CR2: 0000000000000000 CR3: 000000000388a000 CR4: 00000000000006b0
[   80.140009] Stack:
[   80.140009]  ffff88000e4dbdf8 ffffffff84a3d440 ffffffff84a3cfb8 0000000000000002
[   80.140009]  00000000b4f0c03a ffffffff84a3d460 ffff88000e4dbdf8 ffffffff82d2a679
[   80.140009]  0000000026d79123 00000000000005c8 0000000000004094 00000034c1e9ef3c
[   80.140009] Call Trace:
[   80.140009]  [<ffffffff82d2a679>] insert+0x9d/0xf1
[   80.140009]  [<ffffffff844eef7e>] rbtree_test_init+0x98/0x32c
[   80.140009]  [<ffffffff810006a9>] do_one_initcall+0x409/0x570
[   80.140009]  [<ffffffff844eeee6>] ? dynamic_debug_init+0x52a/0x52a
[   80.140009]  [<ffffffff8446d38b>] kernel_init_freeable+0x25a/0x3e4
[   80.140009]  [<ffffffff811567d4>] ? finish_task_switch+0x274/0x4c0
[   80.140009]  [<ffffffff82d142c0>] ? rest_init+0xe0/0xe0
[   80.140009]  [<ffffffff82d142df>] kernel_init+0x1f/0x2b0
[   80.140009]  [<ffffffff82d142c0>] ? rest_init+0xe0/0xe0
[   80.140009]  [<ffffffff82d50ffa>] ret_from_fork+0x7a/0xb0
[   80.140009]  [<ffffffff82d142c0>] ? rest_init+0xe0/0xe0
[   80.140009] Code: 01 48 39 c7 76 49 48 8b 15 42 ce 3f 03 48 b9 00 00 00 00 00 fc ff df 48 83 05 00 d2 3f 03 01 48 8d 42 01 48 83 05 04 d2 3f 03 01 <48> 89 05 1d ce 3f 03 48 89 f8 48 c1 e8 03 48 01 c8 66 83 38 00 
[   80.140009] Kernel panic - not syncing: softlockup: hung tasks
[   80.140009] CPU: 0 PID: 1 Comm: swapper Tainted: G             L  3.19.0-05243-gef7f0d6 #4
[   80.140009] Hardware name: QEMU Standard PC (i440FX + PIIX, 1996), BIOS 1.7.5-20140531_083030-gandalf 04/01/2014
[   80.140009]  0000000000000003 0000000000000003 0000000000000001 ffff88000e4dbc01
[   80.140009]  0000000000000000 ffffffff838b3da8 ffffffff82d28acb ffffffff838b3e38
[   80.140009]  ffffffff82d1c785 ffffffff838b3e38 ffffffff00000008 ffffffff838b3e48
[   80.140009] Call Trace:
[   80.140009]  <IRQ>  [<ffffffff82d28acb>] dump_stack+0x2e/0x3e
[   80.140009]  [<ffffffff82d1c785>] panic+0x1bb/0x4d6
[   80.140009]  [<ffffffff81227d1e>] watchdog_timer_fn+0x46e/0x470
[   80.140009]  [<ffffffff811b7aca>] hrtimer_run_queues+0x5aa/0xb30
[   80.140009]  [<ffffffff812278b0>] ? watchdog+0x40/0x40
[   80.140009]  [<ffffffff811b59cb>] update_process_times+0x3b/0xe0
[   80.140009]  [<ffffffff811ddb6e>] tick_nohz_handler+0x15e/0x350
[   80.140009]  [<ffffffff81071dd5>] local_apic_timer_interrupt+0x65/0xb0
[   80.140009]  [<ffffffff81072245>] smp_apic_timer_interrupt+0x85/0xb0
[   80.140009]  [<ffffffff82d51dfb>] apic_timer_interrupt+0x6b/0x70
[   80.140009]  <EOI>  [<ffffffff813bc3dc>] ? __asan_store8+0x4c/0x140
[   80.140009]  [<ffffffff82d2a679>] insert+0x9d/0xf1
[   80.140009]  [<ffffffff844eef7e>] rbtree_test_init+0x98/0x32c
[   80.140009]  [<ffffffff810006a9>] do_one_initcall+0x409/0x570
[   80.140009]  [<ffffffff844eeee6>] ? dynamic_debug_init+0x52a/0x52a
[   80.140009]  [<ffffffff8446d38b>] kernel_init_freeable+0x25a/0x3e4
[   80.140009]  [<ffffffff811567d4>] ? finish_task_switch+0x274/0x4c0
[   80.140009]  [<ffffffff82d142c0>] ? rest_init+0xe0/0xe0
[   80.140009]  [<ffffffff82d142df>] kernel_init+0x1f/0x2b0
[   80.140009]  [<ffffffff82d142c0>] ? rest_init+0xe0/0xe0
[   80.140009]  [<ffffffff82d50ffa>] ret_from_fork+0x7a/0xb0
[   80.140009]  [<ffffffff82d142c0>] ? rest_init+0xe0/0xe0
[   80.140009] Kernel Offset: 0x0 from 0xffffffff81000000 (relocation range: 0xffffffff80000000-0xffffffff9fffffff)

Elapsed time: 110

git bisect start v4.0 v2.6.39 --
git bisect good 5abcd76f5d896de014bd8d1486107c483659d40d  # 13:13    310+    310  Merge branch 'x86-boot-for-linus' of git://git.kernel.org/pub/scm/linux/kernel/git/tip/tip
git bisect good 6a4d07f85ba9da5b6eab6e60a493d459c4296176  # 13:35    310+    156  Merge branch 'for-3.14-fixes' of git://git.kernel.org/pub/scm/linux/kernel/git/tj/cgroup
git bisect good 9f47112975fdc32e545e079f42a17bbd0be236fc  # 14:09    310+      0  Merge branch 'upstream' of git://git.linux-mips.org/pub/scm/ralf/upstream-linus
git bisect good c0f486fde3f353232c1cc2fd4d62783ac782a467  # 14:30    310+      0  Merge tag 'pm+acpi-3.19-rc1-2' of git://git.kernel.org/pub/scm/linux/kernel/git/rafael/linux-pm
git bisect good a42cf70eb81558082e9a26fe8541d160b6c2a694  # 14:51    301+      0  Merge tag 'modules-next-for-linus' of git://git.kernel.org/pub/scm/linux/kernel/git/rusty/linux
git bisect  bad ecddad64d4ca427c71598cc23183f48bc9cc4568  # 15:07     47-     17  Merge tag 'fbdev-fixes-4.0' of git://git.kernel.org/pub/scm/linux/kernel/git/tomba/linux
git bisect  bad d34696c2208b2dc1b27ec8f0a017a91e4e6eb85d  # 15:15      6-      1  Merge branch 'for-linus' of git://git.kernel.org/pub/scm/linux/kernel/git/s390/linux
git bisect  bad 66dc830d14a222c9214a8557e9feb1e4a67a3857  # 15:25     15-      8  Merge branch 'iov_iter' of git://git.kernel.org/pub/scm/linux/kernel/git/viro/vfs
git bisect  bad 8c334ce8f0fec7122fc3059c52a697b669a01b41  # 15:36     34-     38  Merge branch 'timers-core-for-linus' of git://git.kernel.org/pub/scm/linux/kernel/git/tip/tip
git bisect  bad 4ba63072b998cc31515cc6305c25f3b808b50c01  # 15:48     36-     36  Merge tag 'char-misc-3.20-rc1' of git://git.kernel.org/pub/scm/linux/kernel/git/gregkh/char-misc
git bisect  bad fee5429e028c414d80d036198db30454cfd91b7a  # 16:00     52-     44  Merge git://git.kernel.org/pub/scm/linux/kernel/git/herbert/crypto-2.6
git bisect good 18320f2a6871aaf2522f793fee4a67eccf5e131a  # 16:21    310+      0  Merge tag 'pm+acpi-3.20-rc1-2' of git://git.kernel.org/pub/scm/linux/kernel/git/rafael/linux-pm
git bisect  bad 83e047c104aa95a8a683d6bd421df1551c17dbd2  # 16:57     39-     40  Merge branch 'akpm' (patches from Andrew)
git bisect good 327953e9af6c59ad111b28359e59e3ec0cbd71b6  # 17:37    310+      0  checkpatch: add check for keyword 'boolean' in Kconfig definitions
git bisect  bad 3f15801cdc2379ca4bf507f48bffd788f9e508ae  # 17:47     20-     21  lib: add kasan test module
git bisect good 0f3c5aab5e00527eb3167aa9d1725cca9320e01e  # 18:14    300+      1  checkpatch: add of_device_id to structs that should be const
git bisect  bad b8c73fc2493d42517be95cf2c89659fc6c6f4d02  # 18:24      8-     10  mm: page_alloc: add kasan hooks on alloc and free paths
git bisect good cb4188ac8e5779f66b9f55888ac2c75b391cde44  # 18:47    310+      0  compiler: introduce __alias(symbol) shortcut
git bisect good 786a8959912eb94fc2381c2ae487a96ce55dabca  # 19:10    306+      0  kasan: disable memory hotplug
git bisect  bad ef7f0d6a6ca8c9e4b27d78895af86c2fbfaeedb2  # 19:20     14-     12  x86_64: add KASan support
# first bad commit: [ef7f0d6a6ca8c9e4b27d78895af86c2fbfaeedb2] x86_64: add KASan support
git bisect good 786a8959912eb94fc2381c2ae487a96ce55dabca  # 19:56    910+      0  kasan: disable memory hotplug
# extra tests with DEBUG_INFO
git bisect  bad ef7f0d6a6ca8c9e4b27d78895af86c2fbfaeedb2  # 20:08     31-     22  x86_64: add KASan support
# extra tests on HEAD of linux-devel/devel-hourly-2015080210
git bisect  bad 8fc06a4ce2b4a6828d0a8d70daaf9d999c72fb8a  # 20:08      0-     18  0day head guard for 'devel-hourly-2015080210'
# extra tests on tree/branch linus/master
git bisect  bad 01183609ab61d11f1c310d42552a97be3051cc0f  # 20:47     54-     31  Merge branch 'for-linus' of git://git.kernel.org/pub/scm/linux/kernel/git/viro/vfs
# extra tests on tree/branch linus/master
git bisect  bad 01183609ab61d11f1c310d42552a97be3051cc0f  # 20:47      0-     31  Merge branch 'for-linus' of git://git.kernel.org/pub/scm/linux/kernel/git/viro/vfs
# extra tests on tree/branch linux-next/master


This script may reproduce the error.

----------------------------------------------------------------------------
#!/bin/bash

kernel=$1
initrd=quantal-core-x86_64.cgz

wget --no-clobber https://github.com/fengguang/reproduce-kernel-bug/raw/master/initrd/$initrd

kvm=(
	qemu-system-x86_64
	-enable-kvm
	-cpu kvm64
	-kernel $kernel
	-initrd $initrd
	-m 300
	-smp 2
	-device e1000,netdev=net0
	-netdev user,id=net0
	-boot order=nc
	-no-reboot
	-watchdog i6300esb
	-rtc base=localtime
	-serial stdio
	-display none
	-monitor null 
)

append=(
	hung_task_panic=1
	earlyprintk=ttyS0,115200
	systemd.log_level=err
	debug
	apic=debug
	sysrq_always_enabled
	rcupdate.rcu_cpu_stall_timeout=100
	panic=-1
	softlockup_panic=1
	nmi_watchdog=panic
	oops=panic
	load_ramdisk=2
	prompt_ramdisk=0
	console=ttyS0,115200
	console=tty0
	vga=normal
	root=/dev/ram0
	rw
	drbd.minor_count=8
)

"${kvm[@]}" --append "${append[*]}"
----------------------------------------------------------------------------

---
0-DAY kernel test infrastructure                Open Source Technology Center
https://lists.01.org/pipermail/lkp                          Intel Corporation

--=_55be1332.IhXcyUp6b5zrzZdlrnROaHliFjQoc6OwK0YpzIyu1nRh6ULg
Content-Type: text/plain;
 charset=us-ascii
Content-Transfer-Encoding: quoted-printable
Content-Disposition: attachment;
 filename="dmesg-quantal-ivb41-134:20150802191603:x86_64-randconfig-h0-08021103:3.19.0-05243-gef7f0d6:4"

early console in setup code
early console in decompress_kernel

Decompressing Linux... Parsing ELF... done.
Booting the kernel.
[    0.000000] Linux version 3.19.0-05243-gef7f0d6 (kbuild@lkp-sb04) (g=
cc version 4.9.2 (Debian 4.9.2-10) ) #4 Sun Aug 2 19:16:24 CST 2015
[    0.000000] Command line: hung_task_panic=3D1 earlyprintk=3DttyS0,11=
5200 systemd.log_level=3Derr debug apic=3Ddebug sysrq_always_enabled rc=
update.rcu_cpu_stall_timeout=3D100 panic=3D-1 softlockup_panic=3D1 nmi_=
watchdog=3Dpanic oops=3Dpanic load_ramdisk=3D2 prompt_ramdisk=3D0 conso=
le=3DttyS0,115200 console=3Dtty0 vga=3Dnormal  root=3D/dev/ram0 rw link=
=3D/kbuild-tests/run-queue/kvm/x86_64-randconfig-h0-08021103/linux-deve=
l:devel-hourly-2015080210:ef7f0d6a6ca8c9e4b27d78895af86c2fbfaeedb2:bise=
ct-linux-3/.vmlinuz-ef7f0d6a6ca8c9e4b27d78895af86c2fbfaeedb2-2015080219=
1720-162-ivb41 branch=3Dlinux-devel/devel-hourly-2015080210 BOOT_IMAGE=
=3D/pkg/linux/x86_64-randconfig-h0-08021103/gcc-4.9/ef7f0d6a6ca8c9e4b27=
d78895af86c2fbfaeedb2/vmlinuz-3.19.0-05243-gef7f0d6 drbd.minor_count=3D=
8
[    0.000000] e820: BIOS-provided physical RAM map:
[    0.000000] BIOS-e820: [mem 0x0000000000000000-0x000000000009fbff] u=
sable
[    0.000000] BIOS-e820: [mem 0x000000000009fc00-0x000000000009ffff] r=
eserved
[    0.000000] BIOS-e820: [mem 0x00000000000f0000-0x00000000000fffff] r=
eserved
[    0.000000] BIOS-e820: [mem 0x0000000000100000-0x0000000012bdffff] u=
sable
[    0.000000] BIOS-e820: [mem 0x0000000012be0000-0x0000000012bfffff] r=
eserved
[    0.000000] BIOS-e820: [mem 0x00000000feffc000-0x00000000feffffff] r=
eserved
[    0.000000] BIOS-e820: [mem 0x00000000fffc0000-0x00000000ffffffff] r=
eserved
[    0.000000] bootconsole [earlyser0] enabled
[    0.000000] NX (Execute Disable) protection: active
[    0.000000] SMBIOS 2.8 present.
[    0.000000] DMI: QEMU Standard PC (i440FX + PIIX, 1996), BIOS 1.7.5-=
20140531_083030-gandalf 04/01/2014
[    0.000000] Hypervisor detected: KVM
[    0.000000] e820: update [mem 0x00000000-0x00000fff] usable =3D=3D> =
reserved
[    0.000000] e820: remove [mem 0x000a0000-0x000fffff] usable
[    0.000000] AGP: No AGP bridge found
[    0.000000] e820: last_pfn =3D 0x12be0 max_arch_pfn =3D 0x400000000
[    0.000000] MTRR default type: write-back
[    0.000000] MTRR fixed ranges enabled:
[    0.000000]   00000-9FFFF write-back
[    0.000000]   A0000-BFFFF uncachable
[    0.000000]   C0000-FFFFF write-protect
[    0.000000] MTRR variable ranges enabled:
[    0.000000]   0 base 0080000000 mask FF80000000 uncachable
[    0.000000]   1 disabled
[    0.000000]   2 disabled
[    0.000000]   3 disabled
[    0.000000]   4 disabled
[    0.000000]   5 disabled
[    0.000000]   6 disabled
[    0.000000]   7 disabled
[    0.000000] PAT configuration [0-7]: WB  WC  UC- UC  WB  WC  UC- UC =
=20
[    0.000000] Scan for SMP in [mem 0x00000000-0x000003ff]
[    0.000000] Scan for SMP in [mem 0x0009fc00-0x0009ffff]
[    0.000000] Scan for SMP in [mem 0x000f0000-0x000fffff]
[    0.000000] found SMP MP-table at [mem 0x000f0e80-0x000f0e8f] mapped=
 at [ffff8800000f0e80]
[    0.000000]   mpc: f0e90-f0fac
[    0.000000] Base memory trampoline at [ffff880000099000] 99000 size =
24576
[    0.000000] init_memory_mapping: [mem 0x00000000-0x000fffff]
[    0.000000]  [mem 0x00000000-0x000fffff] page 4k
[    0.000000] BRK [0x04e8f000, 0x04e8ffff] PGTABLE
[    0.000000] BRK [0x04e90000, 0x04e90fff] PGTABLE
[    0.000000] BRK [0x04e91000, 0x04e91fff] PGTABLE
[    0.000000] init_memory_mapping: [mem 0x11200000-0x113fffff]
[    0.000000]  [mem 0x11200000-0x113fffff] page 2M
[    0.000000] init_memory_mapping: [mem 0x00100000-0x111fffff]
[    0.000000]  [mem 0x00100000-0x001fffff] page 4k
[    0.000000]  [mem 0x00200000-0x111fffff] page 2M
[    0.000000] init_memory_mapping: [mem 0x11400000-0x12bdffff]
[    0.000000]  [mem 0x11400000-0x129fffff] page 2M
[    0.000000]  [mem 0x12a00000-0x12bdffff] page 4k
[    0.000000] BRK [0x04e92000, 0x04e92fff] PGTABLE
[    0.000000] RAMDISK: [mem 0x11525000-0x12bd7fff]
[    0.000000] ACPI: Early table checksum verification disabled
[    0.000000] ACPI: RSDP 0x00000000000F0C60 000014 (v00 BOCHS )
[    0.000000] ACPI: RSDT 0x0000000012BE18BD 000034 (v01 BOCHS  BXPCRSD=
T 00000001 BXPC 00000001)
[    0.000000] ACPI: FACP 0x0000000012BE0B37 000074 (v01 BOCHS  BXPCFAC=
P 00000001 BXPC 00000001)
[    0.000000] ACPI: DSDT 0x0000000012BE0040 000AF7 (v01 BOCHS  BXPCDSD=
T 00000001 BXPC 00000001)
[    0.000000] ACPI: FACS 0x0000000012BE0000 000040
[    0.000000] ACPI: SSDT 0x0000000012BE0BAB 000C5A (v01 BOCHS  BXPCSSD=
T 00000001 BXPC 00000001)
[    0.000000] ACPI: APIC 0x0000000012BE1805 000080 (v01 BOCHS  BXPCAPI=
C 00000001 BXPC 00000001)
[    0.000000] ACPI: HPET 0x0000000012BE1885 000038 (v01 BOCHS  BXPCHPE=
T 00000001 BXPC 00000001)
[    0.000000] ACPI: Local APIC address 0xfee00000
[    0.000000] mapped APIC to ffffffffff5fb000 (        fee00000)
[    0.000000] kvm-clock: Using msrs 4b564d01 and 4b564d00
[    0.000000] kvm-clock: cpu 0, msr 0:12bdf001, primary cpu clock
[    0.000000]  [ffffea0000000000-ffffea00005fffff] PMD -> [ffff8800106=
00000-ffff880010bfffff] on node 0
[    0.000000] Zone ranges:
[    0.000000]   DMA      [mem 0x0000000000001000-0x0000000000ffffff]
[    0.000000]   DMA32    [mem 0x0000000001000000-0x0000000012bdffff]
[    0.000000]   Normal   empty
[    0.000000] Movable zone start for each node
[    0.000000] Early memory node ranges
[    0.000000]   node   0: [mem 0x0000000000001000-0x000000000009efff]
[    0.000000]   node   0: [mem 0x0000000000100000-0x0000000012bdffff]
[    0.000000] Initmem setup node 0 [mem 0x0000000000001000-0x000000001=
2bdffff]
[    0.000000] On node 0 totalpages: 76670
[    0.000000]   DMA zone: 64 pages used for memmap
[    0.000000]   DMA zone: 21 pages reserved
[    0.000000]   DMA zone: 3998 pages, LIFO batch:0
[    0.000000]   DMA32 zone: 1136 pages used for memmap
[    0.000000]   DMA32 zone: 72672 pages, LIFO batch:15
[    0.000000]  [ffffed0000000000-ffffed00001fffff] PMD -> [ffff8800112=
00000-ffff8800113fffff] on node -1
[    0.000000]  [ffffed0000200000-ffffed00003fffff] PMD -> [ffff8800110=
00000-ffff8800111fffff] on node -1
[    0.000000]  [ffffed0000400000-ffffed00005fffff] PMD -> [ffff880010e=
00000-ffff880010ffffff] on node -1
[    0.000000]  [ffffed0000600000-ffffed00007fffff] PMD -> [ffff880010c=
00000-ffff880010dfffff] on node -1
[    0.000000]  [ffffed0000800000-ffffed00009fffff] PMD -> [ffff8800104=
00000-ffff8800105fffff] on node -1
[    0.000000]  [ffffed0000a00000-ffffed0000bfffff] PMD -> [ffff8800102=
00000-ffff8800103fffff] on node -1
[    0.000000]  [ffffed0000c00000-ffffed0000dfffff] PMD -> [ffff8800100=
00000-ffff8800101fffff] on node -1
[    0.000000]  [ffffed0000e00000-ffffed0000ffffff] PMD -> [ffff88000fe=
00000-ffff88000fffffff] on node -1
[    0.000000]  [ffffed0001000000-ffffed00011fffff] PMD -> [ffff88000fc=
00000-ffff88000fdfffff] on node -1
[    0.000000]  [ffffed0001200000-ffffed00013fffff] PMD -> [ffff88000fa=
00000-ffff88000fbfffff] on node -1
[    0.000000]  [ffffed0001400000-ffffed00015fffff] PMD -> [ffff88000f8=
00000-ffff88000f9fffff] on node -1
[    0.000000]  [ffffed0001600000-ffffed00017fffff] PMD -> [ffff88000f6=
00000-ffff88000f7fffff] on node -1
[    0.000000]  [ffffed0001800000-ffffed00019fffff] PMD -> [ffff88000f4=
00000-ffff88000f5fffff] on node -1
[    0.000000]  [ffffed0001a00000-ffffed0001bfffff] PMD -> [ffff88000f2=
00000-ffff88000f3fffff] on node -1
[    0.000000]  [ffffed0001c00000-ffffed0001dfffff] PMD -> [ffff88000f0=
00000-ffff88000f1fffff] on node -1
[    0.000000]  [ffffed0001e00000-ffffed0001ffffff] PMD -> [ffff88000ee=
00000-ffff88000effffff] on node -1
[    0.000000]  [ffffed0002000000-ffffed00021fffff] PMD -> [ffff88000ec=
00000-ffff88000edfffff] on node -1
[    0.000000]  [ffffed0002200000-ffffed00023fffff] PMD -> [ffff88000ea=
00000-ffff88000ebfffff] on node -1
[    0.000000] ACPI: PM-Timer IO Port: 0x608
[    0.000000] ACPI: Local APIC address 0xfee00000
[    0.000000] mapped APIC to ffffffffff5fb000 (        fee00000)
[    0.000000] ACPI: LAPIC (acpi_id[0x00] lapic_id[0x00] enabled)
[    0.000000] ACPI: LAPIC (acpi_id[0x01] lapic_id[0x01] enabled)
[    0.000000] ACPI: NR_CPUS/possible_cpus limit of 1 reached.  Process=
or 1/0x1 ignored.
[    0.000000] ACPI: LAPIC_NMI (acpi_id[0xff] dfl dfl lint[0x1])
[    0.000000] ACPI: IOAPIC (id[0x00] address[0xfec00000] gsi_base[0])
[    0.000000] IOAPIC[0]: apic_id 0, version 17, address 0xfec00000, GS=
I 0-23
[    0.000000] ACPI: INT_SRC_OVR (bus 0 bus_irq 0 global_irq 2 dfl dfl)
[    0.000000] Int: type 0, pol 0, trig 0, bus 00, IRQ 00, APIC ID 0, A=
PIC INT 02
[    0.000000] ACPI: INT_SRC_OVR (bus 0 bus_irq 5 global_irq 5 high lev=
el)
[    0.000000] Int: type 0, pol 1, trig 3, bus 00, IRQ 05, APIC ID 0, A=
PIC INT 05
[    0.000000] ACPI: INT_SRC_OVR (bus 0 bus_irq 9 global_irq 9 high lev=
el)
[    0.000000] Int: type 0, pol 1, trig 3, bus 00, IRQ 09, APIC ID 0, A=
PIC INT 09
[    0.000000] ACPI: INT_SRC_OVR (bus 0 bus_irq 10 global_irq 10 high l=
evel)
[    0.000000] Int: type 0, pol 1, trig 3, bus 00, IRQ 0a, APIC ID 0, A=
PIC INT 0a
[    0.000000] ACPI: INT_SRC_OVR (bus 0 bus_irq 11 global_irq 11 high l=
evel)
[    0.000000] Int: type 0, pol 1, trig 3, bus 00, IRQ 0b, APIC ID 0, A=
PIC INT 0b
[    0.000000] ACPI: IRQ0 used by override.
[    0.000000] Int: type 0, pol 0, trig 0, bus 00, IRQ 01, APIC ID 0, A=
PIC INT 01
[    0.000000] Int: type 0, pol 0, trig 0, bus 00, IRQ 03, APIC ID 0, A=
PIC INT 03
[    0.000000] Int: type 0, pol 0, trig 0, bus 00, IRQ 04, APIC ID 0, A=
PIC INT 04
[    0.000000] ACPI: IRQ5 used by override.
[    0.000000] Int: type 0, pol 0, trig 0, bus 00, IRQ 06, APIC ID 0, A=
PIC INT 06
[    0.000000] Int: type 0, pol 0, trig 0, bus 00, IRQ 07, APIC ID 0, A=
PIC INT 07
[    0.000000] Int: type 0, pol 0, trig 0, bus 00, IRQ 08, APIC ID 0, A=
PIC INT 08
[    0.000000] ACPI: IRQ9 used by override.
[    0.000000] ACPI: IRQ10 used by override.
[    0.000000] ACPI: IRQ11 used by override.
[    0.000000] Int: type 0, pol 0, trig 0, bus 00, IRQ 0c, APIC ID 0, A=
PIC INT 0c
[    0.000000] Int: type 0, pol 0, trig 0, bus 00, IRQ 0d, APIC ID 0, A=
PIC INT 0d
[    0.000000] Int: type 0, pol 0, trig 0, bus 00, IRQ 0e, APIC ID 0, A=
PIC INT 0e
[    0.000000] Int: type 0, pol 0, trig 0, bus 00, IRQ 0f, APIC ID 0, A=
PIC INT 0f
[    0.000000] Using ACPI (MADT) for SMP configuration information
[    0.000000] ACPI: HPET id: 0x8086a201 base: 0xfed00000
[    0.000000] mapped IOAPIC to ffffffffff5fa000 (fec00000)
[    0.000000] KVM setup async PF for cpu 0
[    0.000000] kvm-stealtime: cpu 0, msr 38dc780
[    0.000000] e820: [mem 0x12c00000-0xfeffbfff] available for PCI devi=
ces
[    0.000000] Booting paravirtualized kernel on KVM
[    0.000000] pcpu-alloc: s0 r0 d32768 u32768 alloc=3D1*32768
[    0.000000] pcpu-alloc: [0] 0=20
[    0.000000] Built 1 zonelists in Zone order, mobility grouping on.  =
Total pages: 75449
[    0.000000] Kernel command line: hung_task_panic=3D1 earlyprintk=3Dt=
tyS0,115200 systemd.log_level=3Derr debug apic=3Ddebug sysrq_always_ena=
bled rcupdate.rcu_cpu_stall_timeout=3D100 panic=3D-1 softlockup_panic=
=3D1 nmi_watchdog=3Dpanic oops=3Dpanic load_ramdisk=3D2 prompt_ramdisk=
=3D0 console=3DttyS0,115200 console=3Dtty0 vga=3Dnormal  root=3D/dev/ra=
m0 rw link=3D/kbuild-tests/run-queue/kvm/x86_64-randconfig-h0-08021103/=
linux-devel:devel-hourly-2015080210:ef7f0d6a6ca8c9e4b27d78895af86c2fbfa=
eedb2:bisect-linux-3/.vmlinuz-ef7f0d6a6ca8c9e4b27d78895af86c2fbfaeedb2-=
20150802191720-162-ivb41 branch=3Dlinux-devel/devel-hourly-2015080210 B=
OOT_IMAGE=3D/pkg/linux/x86_64-randconfig-h0-08021103/gcc-4.9/ef7f0d6a6c=
a8c9e4b27d78895af86c2fbfaeedb2/vmlinuz-3.19.0-05243-gef7f0d6 drbd.minor=
_count=3D8
[    0.000000] sysrq: sysrq always enabled.
[    0.000000] PID hash table entries: 2048 (order: 2, 16384 bytes)
[    0.000000] Dentry cache hash table entries: 65536 (order: 7, 524288=
 bytes)
[    0.000000] Inode-cache hash table entries: 32768 (order: 6, 262144 =
bytes)
[    0.000000] AGP: Checking aperture...
[    0.000000] AGP: No AGP bridge found
[    0.000000] Memory: 173336K/306680K available (30029K kernel code, 1=
2224K rwdata, 11340K rodata, 1752K init, 8628K bss, 133344K reserved, 0=
K cma-reserved)
[    0.000000] SLUB: HWalign=3D64, Order=3D0-3, MinObjects=3D0, CPUs=3D=
1, Nodes=3D1
[    0.000000] NR_IRQS:4352 nr_irqs:256 16
[    0.000000] Console: colour VGA+ 80x25
[    0.000000] console [tty0] enabled
[    0.000000] bootconsole [earlyser0] disabled
[    0.000000] Linux version 3.19.0-05243-gef7f0d6 (kbuild@lkp-sb04) (g=
cc version 4.9.2 (Debian 4.9.2-10) ) #4 Sun Aug 2 19:16:24 CST 2015
[    0.000000] Command line: hung_task_panic=3D1 earlyprintk=3DttyS0,11=
5200 systemd.log_level=3Derr debug apic=3Ddebug sysrq_always_enabled rc=
update.rcu_cpu_stall_timeout=3D100 panic=3D-1 softlockup_panic=3D1 nmi_=
watchdog=3Dpanic oops=3Dpanic load_ramdisk=3D2 prompt_ramdisk=3D0 conso=
le=3DttyS0,115200 console=3Dtty0 vga=3Dnormal  root=3D/dev/ram0 rw link=
=3D/kbuild-tests/run-queue/kvm/x86_64-randconfig-h0-08021103/linux-deve=
l:devel-hourly-2015080210:ef7f0d6a6ca8c9e4b27d78895af86c2fbfaeedb2:bise=
ct-linux-3/.vmlinuz-ef7f0d6a6ca8c9e4b27d78895af86c2fbfaeedb2-2015080219=
1720-162-ivb41 branch=3Dlinux-devel/devel-hourly-2015080210 BOOT_IMAGE=
=3D/pkg/linux/x86_64-randconfig-h0-08021103/gcc-4.9/ef7f0d6a6ca8c9e4b27=
d78895af86c2fbfaeedb2/vmlinuz-3.19.0-05243-gef7f0d6 drbd.minor_count=3D=
8
[    0.000000] e820: BIOS-provided physical RAM map:
[    0.000000] BIOS-e820: [mem 0x0000000000000000-0x000000000009fbff] u=
sable
[    0.000000] BIOS-e820: [mem 0x000000000009fc00-0x000000000009ffff] r=
eserved
[    0.000000] BIOS-e820: [mem 0x00000000000f0000-0x00000000000fffff] r=
eserved
[    0.000000] BIOS-e820: [mem 0x0000000000100000-0x0000000012bdffff] u=
sable
[    0.000000] BIOS-e820: [mem 0x0000000012be0000-0x0000000012bfffff] r=
eserved
[    0.000000] BIOS-e820: [mem 0x00000000feffc000-0x00000000feffffff] r=
eserved
[    0.000000] BIOS-e820: [mem 0x00000000fffc0000-0x00000000ffffffff] r=
eserved
[    0.000000] bootconsole [earlyser0] enabled
[    0.000000] NX (Execute Disable) protection: active
[    0.000000] SMBIOS 2.8 present.
[    0.000000] DMI: QEMU Standard PC (i440FX + PIIX, 1996), BIOS 1.7.5-=
20140531_083030-gandalf 04/01/2014
[    0.000000] Hypervisor detected: KVM
[    0.000000] e820: update [mem 0x00000000-0x00000fff] usable =3D=3D> =
reserved
[    0.000000] e820: remove [mem 0x000a0000-0x000fffff] usable
[    0.000000] AGP: No AGP bridge found
[    0.000000] e820: last_pfn =3D 0x12be0 max_arch_pfn =3D 0x400000000
[    0.000000] MTRR default type: write-back
[    0.000000] MTRR fixed ranges enabled:
[    0.000000]   00000-9FFFF write-back
[    0.000000]   A0000-BFFFF uncachable
[    0.000000]   C0000-FFFFF write-protect
[    0.000000] MTRR variable ranges enabled:
[    0.000000]   0 base 0080000000 mask FF80000000 uncachable
[    0.000000]   1 disabled
[    0.000000]   2 disabled
[    0.000000]   3 disabled
[    0.000000]   4 disabled
[    0.000000]   5 disabled
[    0.000000]   6 disabled
[    0.000000]   7 disabled
[    0.000000] PAT configuration [0-7]: WB  WC  UC- UC  WB  WC  UC- UC =
=20
[    0.000000] Scan for SMP in [mem 0x00000000-0x000003ff]
[    0.000000] Scan for SMP in [mem 0x0009fc00-0x0009ffff]
[    0.000000] Scan for SMP in [mem 0x000f0000-0x000fffff]
[    0.000000] found SMP MP-table at [mem 0x000f0e80-0x000f0e8f] mapped=
 at [ffff8800000f0e80]
[    0.000000]   mpc: f0e90-f0fac
[    0.000000] Base memory trampoline at [ffff880000099000] 99000 size =
24576
[    0.000000] init_memory_mapping: [mem 0x00000000-0x000fffff]
[    0.000000]  [mem 0x00000000-0x000fffff] page 4k
[    0.000000] BRK [0x04e8f000, 0x04e8ffff] PGTABLE
[    0.000000] BRK [0x04e90000, 0x04e90fff] PGTABLE
[    0.000000] BRK [0x04e91000, 0x04e91fff] PGTABLE
[    0.000000] init_memory_mapping: [mem 0x11200000-0x113fffff]
[    0.000000]  [mem 0x11200000-0x113fffff] page 2M
[    0.000000] init_memory_mapping: [mem 0x00100000-0x111fffff]
[    0.000000]  [mem 0x00100000-0x001fffff] page 4k
[    0.000000]  [mem 0x00200000-0x111fffff] page 2M
[    0.000000] init_memory_mapping: [mem 0x11400000-0x12bdffff]
[    0.000000]  [mem 0x11400000-0x129fffff] page 2M
[    0.000000]  [mem 0x12a00000-0x12bdffff] page 4k
[    0.000000] BRK [0x04e92000, 0x04e92fff] PGTABLE
[    0.000000] RAMDISK: [mem 0x11525000-0x12bd7fff]
[    0.000000] ACPI: Early table checksum verification disabled
[    0.000000] ACPI: RSDP 0x00000000000F0C60 000014 (v00 BOCHS )
[    0.000000] ACPI: RSDT 0x0000000012BE18BD 000034 (v01 BOCHS  BXPCRSD=
T 00000001 BXPC 00000001)
[    0.000000] ACPI: FACP 0x0000000012BE0B37 000074 (v01 BOCHS  BXPCFAC=
P 00000001 BXPC 00000001)
[    0.000000] ACPI: DSDT 0x0000000012BE0040 000AF7 (v01 BOCHS  BXPCDSD=
T 00000001 BXPC 00000001)
[    0.000000] ACPI: FACS 0x0000000012BE0000 000040
[    0.000000] ACPI: SSDT 0x0000000012BE0BAB 000C5A (v01 BOCHS  BXPCSSD=
T 00000001 BXPC 00000001)
[    0.000000] ACPI: APIC 0x0000000012BE1805 000080 (v01 BOCHS  BXPCAPI=
C 00000001 BXPC 00000001)
[    0.000000] ACPI: HPET 0x0000000012BE1885 000038 (v01 BOCHS  BXPCHPE=
T 00000001 BXPC 00000001)
[    0.000000] ACPI: Local APIC address 0xfee00000
[    0.000000] mapped APIC to ffffffffff5fb000 (        fee00000)
[    0.000000] kvm-clock: Using msrs 4b564d01 and 4b564d00
[    0.000000] kvm-clock: cpu 0, msr 0:12bdf001, primary cpu clock
[    0.000000]  [ffffea0000000000-ffffea00005fffff] PMD -> [ffff8800106=
00000-ffff880010bfffff] on node 0
[    0.000000] Zone ranges:
[    0.000000]   DMA      [mem 0x0000000000001000-0x0000000000ffffff]
[    0.000000]   DMA32    [mem 0x0000000001000000-0x0000000012bdffff]
[    0.000000]   Normal   empty
[    0.000000] Movable zone start for each node
[    0.000000] Early memory node ranges
[    0.000000]   node   0: [mem 0x0000000000001000-0x000000000009efff]
[    0.000000]   node   0: [mem 0x0000000000100000-0x0000000012bdffff]
[    0.000000] Initmem setup node 0 [mem 0x0000000000001000-0x000000001=
2bdffff]
[    0.000000] On node 0 totalpages: 76670
[    0.000000]   DMA zone: 64 pages used for memmap
[    0.000000]   DMA zone: 21 pages reserved
[    0.000000]   DMA zone: 3998 pages, LIFO batch:0
[    0.000000]   DMA32 zone: 1136 pages used for memmap
[    0.000000]   DMA32 zone: 72672 pages, LIFO batch:15
[    0.000000]  [ffffed0000000000-ffffed00001fffff] PMD -> [ffff8800112=
00000-ffff8800113fffff] on node -1
[    0.000000]  [ffffed0000200000-ffffed00003fffff] PMD -> [ffff8800110=
00000-ffff8800111fffff] on node -1
[    0.000000]  [ffffed0000400000-ffffed00005fffff] PMD -> [ffff880010e=
00000-ffff880010ffffff] on node -1
[    0.000000]  [ffffed0000600000-ffffed00007fffff] PMD -> [ffff880010c=
00000-ffff880010dfffff] on node -1
[    0.000000]  [ffffed0000800000-ffffed00009fffff] PMD -> [ffff8800104=
00000-ffff8800105fffff] on node -1
[    0.000000]  [ffffed0000a00000-ffffed0000bfffff] PMD -> [ffff8800102=
00000-ffff8800103fffff] on node -1
[    0.000000]  [ffffed0000c00000-ffffed0000dfffff] PMD -> [ffff8800100=
00000-ffff8800101fffff] on node -1
[    0.000000]  [ffffed0000e00000-ffffed0000ffffff] PMD -> [ffff88000fe=
00000-ffff88000fffffff] on node -1
[    0.000000]  [ffffed0001000000-ffffed00011fffff] PMD -> [ffff88000fc=
00000-ffff88000fdfffff] on node -1
[    0.000000]  [ffffed0001200000-ffffed00013fffff] PMD -> [ffff88000fa=
00000-ffff88000fbfffff] on node -1
[    0.000000]  [ffffed0001400000-ffffed00015fffff] PMD -> [ffff88000f8=
00000-ffff88000f9fffff] on node -1
[    0.000000]  [ffffed0001600000-ffffed00017fffff] PMD -> [ffff88000f6=
00000-ffff88000f7fffff] on node -1
[    0.000000]  [ffffed0001800000-ffffed00019fffff] PMD -> [ffff88000f4=
00000-ffff88000f5fffff] on node -1
[    0.000000]  [ffffed0001a00000-ffffed0001bfffff] PMD -> [ffff88000f2=
00000-ffff88000f3fffff] on node -1
[    0.000000]  [ffffed0001c00000-ffffed0001dfffff] PMD -> [ffff88000f0=
00000-ffff88000f1fffff] on node -1
[    0.000000]  [ffffed0001e00000-ffffed0001ffffff] PMD -> [ffff88000ee=
00000-ffff88000effffff] on node -1
[    0.000000]  [ffffed0002000000-ffffed00021fffff] PMD -> [ffff88000ec=
00000-ffff88000edfffff] on node -1
[    0.000000]  [ffffed0002200000-ffffed00023fffff] PMD -> [ffff88000ea=
00000-ffff88000ebfffff] on node -1
[    0.000000] ACPI: PM-Timer IO Port: 0x608
[    0.000000] ACPI: Local APIC address 0xfee00000
[    0.000000] mapped APIC to ffffffffff5fb000 (        fee00000)
[    0.000000] ACPI: LAPIC (acpi_id[0x00] lapic_id[0x00] enabled)
[    0.000000] ACPI: LAPIC (acpi_id[0x01] lapic_id[0x01] enabled)
[    0.000000] ACPI: NR_CPUS/possible_cpus limit of 1 reached.  Process=
or 1/0x1 ignored.
[    0.000000] ACPI: LAPIC_NMI (acpi_id[0xff] dfl dfl lint[0x1])
[    0.000000] ACPI: IOAPIC (id[0x00] address[0xfec00000] gsi_base[0])
[    0.000000] IOAPIC[0]: apic_id 0, version 17, address 0xfec00000, GS=
I 0-23
[    0.000000] ACPI: INT_SRC_OVR (bus 0 bus_irq 0 global_irq 2 dfl dfl)
[    0.000000] Int: type 0, pol 0, trig 0, bus 00, IRQ 00, APIC ID 0, A=
PIC INT 02
[    0.000000] ACPI: INT_SRC_OVR (bus 0 bus_irq 5 global_irq 5 high lev=
el)
[    0.000000] Int: type 0, pol 1, trig 3, bus 00, IRQ 05, APIC ID 0, A=
PIC INT 05
[    0.000000] ACPI: INT_SRC_OVR (bus 0 bus_irq 9 global_irq 9 high lev=
el)
[    0.000000] Int: type 0, pol 1, trig 3, bus 00, IRQ 09, APIC ID 0, A=
PIC INT 09
[    0.000000] ACPI: INT_SRC_OVR (bus 0 bus_irq 10 global_irq 10 high l=
evel)
[    0.000000] Int: type 0, pol 1, trig 3, bus 00, IRQ 0a, APIC ID 0, A=
PIC INT 0a
[    0.000000] ACPI: INT_SRC_OVR (bus 0 bus_irq 11 global_irq 11 high l=
evel)
[    0.000000] Int: type 0, pol 1, trig 3, bus 00, IRQ 0b, APIC ID 0, A=
PIC INT 0b
[    0.000000] ACPI: IRQ0 used by override.
[    0.000000] Int: type 0, pol 0, trig 0, bus 00, IRQ 01, APIC ID 0, A=
PIC INT 01
[    0.000000] Int: type 0, pol 0, trig 0, bus 00, IRQ 03, APIC ID 0, A=
PIC INT 03
[    0.000000] Int: type 0, pol 0, trig 0, bus 00, IRQ 04, APIC ID 0, A=
PIC INT 04
[    0.000000] ACPI: IRQ5 used by override.
[    0.000000] Int: type 0, pol 0, trig 0, bus 00, IRQ 06, APIC ID 0, A=
PIC INT 06
[    0.000000] Int: type 0, pol 0, trig 0, bus 00, IRQ 07, APIC ID 0, A=
PIC INT 07
[    0.000000] Int: type 0, pol 0, trig 0, bus 00, IRQ 08, APIC ID 0, A=
PIC INT 08
[    0.000000] ACPI: IRQ9 used by override.
[    0.000000] ACPI: IRQ10 used by override.
[    0.000000] ACPI: IRQ11 used by override.
[    0.000000] Int: type 0, pol 0, trig 0, bus 00, IRQ 0c, APIC ID 0, A=
PIC INT 0c
[    0.000000] Int: type 0, pol 0, trig 0, bus 00, IRQ 0d, APIC ID 0, A=
PIC INT 0d
[    0.000000] Int: type 0, pol 0, trig 0, bus 00, IRQ 0e, APIC ID 0, A=
PIC INT 0e
[    0.000000] Int: type 0, pol 0, trig 0, bus 00, IRQ 0f, APIC ID 0, A=
PIC INT 0f
[    0.000000] Using ACPI (MADT) for SMP configuration information
[    0.000000] ACPI: HPET id: 0x8086a201 base: 0xfed00000
[    0.000000] mapped IOAPIC to ffffffffff5fa000 (fec00000)
[    0.000000] KVM setup async PF for cpu 0
[    0.000000] kvm-stealtime: cpu 0, msr 38dc780
[    0.000000] e820: [mem 0x12c00000-0xfeffbfff] available for PCI devi=
ces
[    0.000000] Booting paravirtualized kernel on KVM
[    0.000000] pcpu-alloc: s0 r0 d32768 u32768 alloc=3D1*32768
[    0.000000] pcpu-alloc: [0] 0=20
[    0.000000] Built 1 zonelists in Zone order, mobility grouping on.  =
Total pages: 75449
[    0.000000] Kernel command line: hung_task_panic=3D1 earlyprintk=3Dt=
tyS0,115200 systemd.log_level=3Derr debug apic=3Ddebug sysrq_always_ena=
bled rcupdate.rcu_cpu_stall_timeout=3D100 panic=3D-1 softlockup_panic=
=3D1 nmi_watchdog=3Dpanic oops=3Dpanic load_ramdisk=3D2 prompt_ramdisk=
=3D0 console=3DttyS0,115200 console=3Dtty0 vga=3Dnormal  root=3D/dev/ra=
m0 rw link=3D/kbuild-tests/run-queue/kvm/x86_64-randconfig-h0-08021103/=
linux-devel:devel-hourly-2015080210:ef7f0d6a6ca8c9e4b27d78895af86c2fbfa=
eedb2:bisect-linux-3/.vmlinuz-ef7f0d6a6ca8c9e4b27d78895af86c2fbfaeedb2-=
20150802191720-162-ivb41 branch=3Dlinux-devel/devel-hourly-2015080210 B=
OOT_IMAGE=3D/pkg/linux/x86_64-randconfig-h0-08021103/gcc-4.9/ef7f0d6a6c=
a8c9e4b27d78895af86c2fbfaeedb2/vmlinuz-3.19.0-05243-gef7f0d6 drbd.minor=
_count=3D8
[    0.000000] sysrq: sysrq always enabled.
[    0.000000] PID hash table entries: 2048 (order: 2, 16384 bytes)
[    0.000000] Dentry cache hash table entries: 65536 (order: 7, 524288=
 bytes)
[    0.000000] Inode-cache hash table entries: 32768 (order: 6, 262144 =
bytes)
[    0.000000] AGP: Checking aperture...
[    0.000000] AGP: No AGP bridge found
[    0.000000] Memory: 173336K/306680K available (30029K kernel code, 1=
2224K rwdata, 11340K rodata, 1752K init, 8628K bss, 133344K reserved, 0=
K cma-reserved)
[    0.000000] SLUB: HWalign=3D64, Order=3D0-3, MinObjects=3D0, CPUs=3D=
1, Nodes=3D1
[    0.000000] NR_IRQS:4352 nr_irqs:256 16
[    0.000000] Console: colour VGA+ 80x25
[    0.000000] console [tty0] enabled
[    0.000000] bootconsole [earlyser0] disabled
[    0.000000] console [ttyS0] enabled
[    0.000000] ------------------------
[    0.000000] | Locking API testsuite:
[    0.000000] --------------------------------------------------------=
--------------------
[    0.000000]                                  | spin |wlock |rlock |m=
utex | wsem | rsem |
[    0.000000]   ------------------------------------------------------=
--------------------
[    0.000000]                      A-A deadlock:failed|failed|  ok  |f=
ailed|failed|failed|
[    0.000000]                  A-B-B-A deadlock:failed|failed|  ok  |f=
ailed|failed|failed|
[    0.000000]              A-B-B-C-C-A deadlock:failed|failed|  ok  |f=
ailed|failed|failed|
[    0.000000]              A-B-C-A-B-C deadlock:failed|failed|  ok  |f=
ailed|failed|failed|
[    0.000000]          A-B-B-C-C-D-D-A deadlock:failed|failed|  ok  |f=
ailed|failed|failed|
[    0.000000]          A-B-C-D-B-D-D-A deadlock:failed|failed|  ok  |f=
ailed|failed|failed|
[    0.000000]          A-B-C-D-B-C-D-A deadlock:failed|failed|  ok  |f=
ailed|failed|failed|
[    0.000000]                     double unlock:  ok  |  ok  |failed| =
 ok  |failed|failed|
[    0.000000]                   initialize held:failed|failed|failed|f=
ailed|failed|failed|
[    0.000000]                  bad unlock order:  ok  |  ok  |  ok  | =
 ok  |  ok  |  ok  |
[    0.000000]   ------------------------------------------------------=
--------------------
[    0.000000]               recursive read-lock:             |  ok  | =
            |failed|
[    0.000000]            recursive read-lock #2:             |  ok  | =
            |failed|
[    0.000000]             mixed read-write-lock:             |failed| =
            |failed|
[    0.000000]             mixed write-read-lock:             |failed| =
            |failed|
[    0.000000]   ------------------------------------------------------=
--------------------
[    0.000000]      hard-irqs-on + irq-safe-A/12:failed|failed|  ok  |
[    0.000000]      soft-irqs-on + irq-safe-A/12:failed|failed|  ok  |
[    0.000000]      hard-irqs-on + irq-safe-A/21:failed|failed|  ok  |
[    0.000000]      soft-irqs-on + irq-safe-A/21:failed|failed|  ok  |
[    0.000000]        sirq-safe-A =3D> hirqs-on/12:failed|failed|  ok  =
|
[    0.000000]        sirq-safe-A =3D> hirqs-on/21:failed|failed|  ok  =
|
[    0.000000]          hard-safe-A + irqs-on/12:failed|failed|  ok  |
[    0.000000]          soft-safe-A + irqs-on/12:failed|failed|  ok  |
[    0.000000]          hard-safe-A + irqs-on/21:failed|failed|  ok  |
[    0.000000]          soft-safe-A + irqs-on/21:failed|failed|  ok  |
[    0.000000]     hard-safe-A + unsafe-B #1/123:failed|failed|  ok  |
[    0.000000]     soft-safe-A + unsafe-B #1/123:failed|failed|  ok  |
[    0.000000]     hard-safe-A + unsafe-B #1/132:failed|failed|  ok  |
[    0.000000]     soft-safe-A + unsafe-B #1/132:failed|failed|  ok  |
[    0.000000]     hard-safe-A + unsafe-B #1/213:failed|failed|  ok  |
[    0.000000]     soft-safe-A + unsafe-B #1/213:failed|failed|  ok  |
[    0.000000]     hard-safe-A + unsafe-B #1/231:failed|failed|  ok  |
[    0.000000]     soft-safe-A + unsafe-B #1/231:failed|failed|  ok  |
[    0.000000]     hard-safe-A + unsafe-B #1/312:failed|failed|  ok  |
[    0.000000]     soft-safe-A + unsafe-B #1/312:failed|failed|  ok  |
[    0.000000]     hard-safe-A + unsafe-B #1/321:failed|failed|  ok  |
[    0.000000]     soft-safe-A + unsafe-B #1/321:failed|failed|  ok  |
[    0.000000]     hard-safe-A + unsafe-B #2/123:failed|failed|  ok  |
[    0.000000]     soft-safe-A + unsafe-B #2/123:failed|failed|  ok  |
[    0.000000]     hard-safe-A + unsafe-B #2/132:failed|failed|  ok  |
[    0.000000]     soft-safe-A + unsafe-B #2/132:failed|failed|  ok  |
[    0.000000]     hard-safe-A + unsafe-B #2/213:failed|failed|  ok  |
[    0.000000]     soft-safe-A + unsafe-B #2/213:failed|failed|  ok  |
[    0.000000]     hard-safe-A + unsafe-B #2/231:failed|failed|  ok  |
[    0.000000]     soft-safe-A + unsafe-B #2/231:failed|failed|  ok  |
[    0.000000]     hard-safe-A + unsafe-B #2/312:failed|failed|  ok  |
[    0.000000]     soft-safe-A + unsafe-B #2/312:failed|failed|  ok  |
[    0.000000]     hard-safe-A + unsafe-B #2/321:failed|failed|  ok  |
[    0.000000]     soft-safe-A + unsafe-B #2/321:failed|failed|  ok  |
[    0.000000]       hard-irq lock-inversion/123:failed|failed|  ok  |
[    0.000000]       soft-irq lock-inversion/123:failed|failed|  ok  |
[    0.000000]       hard-irq lock-inversion/132:failed|failed|  ok  |
[    0.000000]       soft-irq lock-inversion/132:failed|failed|  ok  |
[    0.000000]       hard-irq lock-inversion/213:failed|failed|  ok  |
[    0.000000]       soft-irq lock-inversion/213:failed|failed|  ok  |
[    0.000000]       hard-irq lock-inversion/231:failed|failed|  ok  |
[    0.000000]       soft-irq lock-inversion/231:failed|failed|  ok  |
[    0.000000]       hard-irq lock-inversion/312:failed|failed|  ok  |
[    0.000000]       soft-irq lock-inversion/312:failed|failed|  ok  |
[    0.000000]       hard-irq lock-inversion/321:failed|failed|  ok  |
[    0.000000]       soft-irq lock-inversion/321:failed|failed|  ok  |
[    0.000000]       hard-irq read-recursion/123:  ok  |
[    0.000000]       soft-irq read-recursion/123:  ok  |
[    0.000000]       hard-irq read-recursion/132:  ok  |
[    0.000000]       soft-irq read-recursion/132:  ok  |
[    0.000000]       hard-irq read-recursion/213:  ok  |
[    0.000000]       soft-irq read-recursion/213:  ok  |
[    0.000000]       hard-irq read-recursion/231:  ok  |
[    0.000000]       soft-irq read-recursion/231:  ok  |
[    0.000000]       hard-irq read-recursion/312:  ok  |
[    0.000000]       soft-irq read-recursion/312:  ok  |
[    0.000000]       hard-irq read-recursion/321:  ok  |
[    0.000000]       soft-irq read-recursion/321:  ok  |
[    0.000000]   ------------------------------------------------------=
--------------------
[    0.000000]   | Wound/wait tests |
[    0.000000]   ---------------------
[    0.000000]                   ww api failures:  ok  |  ok  |  ok  |
[    0.000000]                ww contexts mixing:failed|  ok  |
[    0.000000]              finishing ww context:  ok  |  ok  |  ok  | =
 ok  |
[    0.000000]                locking mismatches:  ok  |  ok  |  ok  |
[    0.000000]                  EDEADLK handling:  ok  |  ok  |  ok  | =
 ok  |  ok  |  ok  |  ok  |  ok  |  ok  |  ok  |
[    0.000000]            spinlock nest unlocked:failed|
[    0.000000]   -----------------------------------------------------
[    0.000000]                                  |block | try  |context|
[    0.000000]   -----------------------------------------------------
[    0.000000]                           context:failed|  ok  |  ok  |
[    0.000000]                               try:failed|  ok  |failed|
[    0.000000]                             block:failed|  ok  |failed|
[    0.000000]                          spinlock:failed|  ok  |failed|
[    0.000000] --------------------------------------------------------
[    0.000000] 151 out of 253 testcases failed, as expected. |
[    0.000000] ----------------------------------------------------
[    0.000000] hpet clockevent registered
[    0.000000] tsc: Detected 2693.508 MHz processor
[    0.009999] Calibrating delay loop (skipped) preset value.. 5389.47 =
BogoMIPS (lpj=3D8978360)
[    0.009999] pid_max: default: 32768 minimum: 301
[    0.010096] ACPI: Core revision 20150204
[    0.031215] ACPI: All ACPI Tables successfully acquired
[    0.033221] Mount-cache hash table entries: 1024 (order: 1, 8192 byt=
es)
[    0.033385] Mountpoint-cache hash table entries: 1024 (order: 1, 819=
2 bytes)
[    0.038056] Last level iTLB entries: 4KB 0, 2MB 0, 4MB 0
[    0.039556] Last level dTLB entries: 4KB 0, 2MB 0, 4MB 0, 1GB 0
[    0.040033] CPU: Intel Common KVM processor (fam: 0f, model: 06, ste=
pping: 01)
[    0.049445] ftrace: allocating 33687 entries in 132 pages
[    0.123818] Performance Events: unsupported Netburst CPU model 6 no =
PMU driver, software events only.
[    0.133960] Getting VERSION: 1050014
[    0.135187] Getting VERSION: 1050014
[    0.136336] Getting ID: 0
[    0.136721] Getting ID: ff000000
[    0.137873] Getting LVT0: 8700
[    0.138968] Getting LVT1: 8400
[    0.140095] enabled ExtINT on CPU#0
[    0.143410] ENABLING IO-APIC IRQs
[    0.144615] NMI watchdog: disabled (cpu0): hardware events not enabl=
ed
[    0.146449] init IO_APIC IRQs
[    0.146708]  apic 0 pin 0 not connected
[    0.147922] IOAPIC[0]: Set routing entry (0-1 -> 0x31 -> IRQ 1 Mode:=
0 Active:0 Dest:1)
[    0.150099] IOAPIC[0]: Set routing entry (0-2 -> 0x30 -> IRQ 0 Mode:=
0 Active:0 Dest:1)
[    0.153431] IOAPIC[0]: Set routing entry (0-2 -> 0x30 -> IRQ 0 Mode:=
0 Active:0 Dest:1)
[    0.155519] IOAPIC[0]: Set routing entry (0-3 -> 0x33 -> IRQ 3 Mode:=
0 Active:0 Dest:1)
[    0.156734] IOAPIC[0]: Set routing entry (0-4 -> 0x34 -> IRQ 4 Mode:=
0 Active:0 Dest:1)
[    0.160066] IOAPIC[0]: Set routing entry (0-5 -> 0x35 -> IRQ 5 Mode:=
1 Active:0 Dest:1)
[    0.162434] IOAPIC[0]: Set routing entry (0-6 -> 0x36 -> IRQ 6 Mode:=
0 Active:0 Dest:1)
[    0.163430] IOAPIC[0]: Set routing entry (0-7 -> 0x37 -> IRQ 7 Mode:=
0 Active:0 Dest:1)
[    0.166768] IOAPIC[0]: Set routing entry (0-8 -> 0x38 -> IRQ 8 Mode:=
0 Active:0 Dest:1)
[    0.170101] IOAPIC[0]: Set routing entry (0-9 -> 0x39 -> IRQ 9 Mode:=
1 Active:0 Dest:1)
[    0.172482] IOAPIC[0]: Set routing entry (0-10 -> 0x3a -> IRQ 10 Mod=
e:1 Active:0 Dest:1)
[    0.173425] IOAPIC[0]: Set routing entry (0-11 -> 0x3b -> IRQ 11 Mod=
e:1 Active:0 Dest:1)
[    0.176765] IOAPIC[0]: Set routing entry (0-12 -> 0x3c -> IRQ 12 Mod=
e:0 Active:0 Dest:1)
[    0.179098] IOAPIC[0]: Set routing entry (0-13 -> 0x3d -> IRQ 13 Mod=
e:0 Active:0 Dest:1)
[    0.180090] IOAPIC[0]: Set routing entry (0-14 -> 0x3e -> IRQ 14 Mod=
e:0 Active:0 Dest:1)
[    0.183437] IOAPIC[0]: Set routing entry (0-15 -> 0x3f -> IRQ 15 Mod=
e:0 Active:0 Dest:1)
[    0.186744]  apic 0 pin 16 not connected
[    0.187954]  apic 0 pin 17 not connected
[    0.189069]  apic 0 pin 18 not connected
[    0.190038]  apic 0 pin 19 not connected
[    0.191227]  apic 0 pin 20 not connected
[    0.192341]  apic 0 pin 21 not connected
[    0.193388]  apic 0 pin 22 not connected
[    0.194550]  apic 0 pin 23 not connected
[    0.197064] ..TIMER: vector=3D0x30 apic1=3D0 pin1=3D2 apic2=3D-1 pin=
2=3D-1
[    0.200016] Using local APIC timer interrupts.
[    0.200016] calibrating APIC timer ...
[    0.206666] ... lapic delta =3D 14525696
[    0.206666] ... PM-Timer delta =3D 831930
[    0.206666] APIC calibration not consistent with PM-Timer: 232ms ins=
tead of 100ms
[    0.206666] APIC delta adjusted to PM-Timer: 6249962 (14525696)
[    0.206666] TSC delta adjusted to PM-Timer: 269286246 (625855017)
[    0.206666] ..... delta 6249962
[    0.206666] ..... mult: 268433850
[    0.206666] ..... calibration result: 3333313
[    0.206666] ..... CPU clock speed is 2693.0439 MHz.
[    0.206666] ..... host bus clock speed is 1000.0313 MHz.
[    0.207481] devtmpfs: initialized
[    0.209849] gcov: version magic: 0x3430392a
[    0.224797] NET: Registered protocol family 16
[    0.233440] cpuidle: using governor ladder
[    0.236736] cpuidle: using governor menu
[    0.242310] ACPI: bus type PCI registered
[    0.243438] PCI: Using configuration type 1 for base access
[    0.304851] ACPI: Added _OSI(Module Device)
[    0.306697] ACPI: Added _OSI(Processor Device)
[    0.310031] ACPI: Added _OSI(3.0 _SCP Extensions)
[    0.313366] ACPI: Added _OSI(Processor Aggregator Device)
[    0.330986] IOAPIC[0]: Set routing entry (0-9 -> 0x39 -> IRQ 9 Mode:=
1 Active:0 Dest:1)
[    0.367449] ACPI: Interpreter enabled
[    0.370095] ACPI: (supports S0 S5)
[    0.373362] ACPI: Using IOAPIC for interrupt routing
[    0.376891] PCI: Using host bridge windows from ACPI; if necessary, =
use "pci=3Dnocrs" and report a bug
[    0.468535] ACPI: PCI Root Bridge [PCI0] (domain 0000 [bus 00-ff])
[    0.470080] acpi PNP0A03:00: _OSC: OS supports [Segments MSI]
[    0.473401] acpi PNP0A03:00: _OSC failed (AE_NOT_FOUND); disabling A=
SPM
[    0.480599] PCI host bridge to bus 0000:00
[    0.483379] pci_bus 0000:00: root bus resource [bus 00-ff]
[    0.486711] pci_bus 0000:00: root bus resource [io  0x0cf8-0x0cff]
[    0.490049] pci_bus 0000:00: root bus resource [io  0x0000-0x0cf7 wi=
ndow]
[    0.493385] pci_bus 0000:00: root bus resource [io  0x0d00-0xadff wi=
ndow]
[    0.496706] pci_bus 0000:00: root bus resource [io  0xae0f-0xaeff wi=
ndow]
[    0.500049] pci_bus 0000:00: root bus resource [io  0xaf20-0xafdf wi=
ndow]
[    0.503388] pci_bus 0000:00: root bus resource [io  0xafe4-0xffff wi=
ndow]
[    0.506717] pci_bus 0000:00: root bus resource [mem 0x000a0000-0x000=
bffff window]
[    0.510058] pci_bus 0000:00: root bus resource [mem 0x12c00000-0xfeb=
fffff window]
[    0.513454] pci 0000:00:00.0: [8086:1237] type 00 class 0x060000
[    0.520672] pci 0000:00:01.0: [8086:7000] type 00 class 0x060100
[    0.526866] pci 0000:00:01.1: [8086:7010] type 00 class 0x010180
[    0.560053] pci 0000:00:01.1: reg 0x20: [io  0xc200-0xc20f]
[    0.576758] pci 0000:00:01.1: legacy IDE quirk: reg 0x10: [io  0x01f=
0-0x01f7]
[    0.580050] pci 0000:00:01.1: legacy IDE quirk: reg 0x14: [io  0x03f=
6]
[    0.583378] pci 0000:00:01.1: legacy IDE quirk: reg 0x18: [io  0x017=
0-0x0177]
[    0.586712] pci 0000:00:01.1: legacy IDE quirk: reg 0x1c: [io  0x037=
6]
[    0.591349] pci 0000:00:01.3: [8086:7113] type 00 class 0x068000
[    0.596789] pci 0000:00:01.3: quirk: [io  0x0600-0x063f] claimed by =
PIIX4 ACPI
[    0.600075] pci 0000:00:01.3: quirk: [io  0x0700-0x070f] claimed by =
PIIX4 SMB
[    0.610708] pci 0000:00:02.0: [1013:00b8] type 00 class 0x030000
[    0.620063] pci 0000:00:02.0: reg 0x10: [mem 0xfc000000-0xfdffffff p=
ref]
[    0.630062] pci 0000:00:02.0: reg 0x14: [mem 0xfebf0000-0xfebf0fff]
[    0.666731] pci 0000:00:02.0: reg 0x30: [mem 0xfebe0000-0xfebeffff p=
ref]
[    0.673440] pci 0000:00:03.0: [8086:100e] type 00 class 0x020000
[    0.683387] pci 0000:00:03.0: reg 0x10: [mem 0xfebc0000-0xfebdffff]
[    0.693377] pci 0000:00:03.0: reg 0x14: [io  0xc000-0xc03f]
[    0.730044] pci 0000:00:03.0: reg 0x30: [mem 0xfeb80000-0xfebbffff p=
ref]
[    0.736887] pci 0000:00:04.0: [1af4:1001] type 00 class 0x010000
[    0.746559] pci 0000:00:04.0: reg 0x10: [io  0xc040-0xc07f]
[    0.756711] pci 0000:00:04.0: reg 0x14: [mem 0xfebf1000-0xfebf1fff]
[    0.791502] pci 0000:00:05.0: [1af4:1001] type 00 class 0x010000
[    0.800044] pci 0000:00:05.0: reg 0x10: [io  0xc080-0xc0bf]
[    0.810055] pci 0000:00:05.0: reg 0x14: [mem 0xfebf2000-0xfebf2fff]
[    0.850754] pci 0000:00:06.0: [1af4:1001] type 00 class 0x010000
[    0.860052] pci 0000:00:06.0: reg 0x10: [io  0xc0c0-0xc0ff]
[    0.870043] pci 0000:00:06.0: reg 0x14: [mem 0xfebf3000-0xfebf3fff]
[    0.913737] pci 0000:00:07.0: [1af4:1001] type 00 class 0x010000
[    0.923388] pci 0000:00:07.0: reg 0x10: [io  0xc100-0xc13f]
[    0.933389] pci 0000:00:07.0: reg 0x14: [mem 0xfebf4000-0xfebf4fff]
[    0.975123] pci 0000:00:08.0: [1af4:1001] type 00 class 0x010000
[    0.983367] pci 0000:00:08.0: reg 0x10: [io  0xc140-0xc17f]
[    0.996713] pci 0000:00:08.0: reg 0x14: [mem 0xfebf5000-0xfebf5fff]
[    1.031660] pci 0000:00:09.0: [1af4:1001] type 00 class 0x010000
[    1.040042] pci 0000:00:09.0: reg 0x10: [io  0xc180-0xc1bf]
[    1.050044] pci 0000:00:09.0: reg 0x14: [mem 0xfebf6000-0xfebf6fff]
[    1.088404] pci 0000:00:0a.0: [1af4:1001] type 00 class 0x010000
[    1.096709] pci 0000:00:0a.0: reg 0x10: [io  0xc1c0-0xc1ff]
[    1.106710] pci 0000:00:0a.0: reg 0x14: [mem 0xfebf7000-0xfebf7fff]
[    1.141654] pci 0000:00:0b.0: [8086:25ab] type 00 class 0x088000
[    1.148337] pci 0000:00:0b.0: reg 0x10: [mem 0xfebf8000-0xfebf800f]
[    1.174916] pci_bus 0000:00: on NUMA node 0
[    1.181554] ACPI: PCI Interrupt Link [LNKA] (IRQs 5 *10 11)
[    1.188230] ACPI: PCI Interrupt Link [LNKB] (IRQs 5 *10 11)
[    1.194323] ACPI: PCI Interrupt Link [LNKC] (IRQs 5 10 *11)
[    1.198297] ACPI: PCI Interrupt Link [LNKD] (IRQs 5 10 *11)
[    1.204438] ACPI: PCI Interrupt Link [LNKS] (IRQs *9)
[    1.213333] ACPI: Enabled 16 GPEs in block 00 to 0F
[    1.217629] vgaarb: setting as boot device: PCI:0000:00:02.0
[    1.219999] vgaarb: device added: PCI:0000:00:02.0,decodes=3Dio+mem,=
owns=3Dio+mem,locks=3Dnone
[    1.220062] vgaarb: loaded
[    1.221372] vgaarb: bridge control possible 0000:00:02.0
[    1.228539] SCSI subsystem initialized
[    1.230740] Linux video capture interface: v2.00
[    1.233605] pps_core: LinuxPPS API ver. 1 registered
[    1.236700] pps_core: Software ver. 5.3.6 - Copyright 2005-2007 Rodo=
lfo Giometti <giometti@linux.it>
[    1.240138] PTP clock support registered
[    1.243688] PCI: Using ACPI for IRQ routing
[    1.246688] PCI: pci_cache_line_size set to 64 bytes
[    1.250471] e820: reserve RAM buffer [mem 0x0009fc00-0x0009ffff]
[    1.253386] e820: reserve RAM buffer [mem 0x12be0000-0x13ffffff]
[    1.257921] Bluetooth: Core ver 2.20
[    1.260155] NET: Registered protocol family 31
[    1.263351] Bluetooth: HCI device and connection manager initialized
[    1.266747] Bluetooth: HCI socket layer initialized
[    1.270032] Bluetooth: L2CAP socket layer initialized
[    1.272055] Bluetooth: SCO socket layer initialized
[    1.277200] HPET: 3 timers in total, 0 timers will be used for per-c=
pu timer
[    1.280226] Switched to clocksource kvm-clock
[    1.283007] Warning: could not register all branches stats
[    1.310082] Warning: could not register annotated branches stats
[    1.777305] pnp: PnP ACPI init
[    1.788452] IOAPIC[0]: Set routing entry (0-8 -> 0x38 -> IRQ 8 Mode:=
0 Active:0 Dest:1)
[    1.818740] pnp 00:00: Plug and Play ACPI device, IDs PNP0b00 (activ=
e)
[    1.821337] IOAPIC[0]: Set routing entry (0-1 -> 0x31 -> IRQ 1 Mode:=
0 Active:0 Dest:1)
[    1.824448] pnp 00:01: Plug and Play ACPI device, IDs PNP0303 (activ=
e)
[    1.833787] IOAPIC[0]: Set routing entry (0-12 -> 0x3c -> IRQ 12 Mod=
e:0 Active:0 Dest:1)
[    1.844372] pnp 00:02: Plug and Play ACPI device, IDs PNP0f13 (activ=
e)
[    1.869245] IOAPIC[0]: Set routing entry (0-6 -> 0x36 -> IRQ 6 Mode:=
0 Active:0 Dest:1)
[    1.878801] pnp 00:03: [dma 2]
[    1.880464] pnp 00:03: Plug and Play ACPI device, IDs PNP0700 (activ=
e)
[    1.902137] IOAPIC[0]: Set routing entry (0-7 -> 0x37 -> IRQ 7 Mode:=
0 Active:0 Dest:1)
[    1.905532] pnp 00:04: Plug and Play ACPI device, IDs PNP0400 (activ=
e)
[    1.921296] IOAPIC[0]: Set routing entry (0-4 -> 0x34 -> IRQ 4 Mode:=
0 Active:0 Dest:1)
[    1.930955] pnp 00:05: Plug and Play ACPI device, IDs PNP0501 (activ=
e)
[    1.936198] pnp: PnP ACPI: found 6 devices
[    2.027171] pci_bus 0000:00: resource 4 [io  0x0cf8-0x0cff]
[    2.050012] pci_bus 0000:00: resource 5 [io  0x0000-0x0cf7 window]
[    2.065789] pci_bus 0000:00: resource 6 [io  0x0d00-0xadff window]
[    2.068184] pci_bus 0000:00: resource 7 [io  0xae0f-0xaeff window]
[    2.071493] pci_bus 0000:00: resource 8 [io  0xaf20-0xafdf window]
[    2.085595] pci_bus 0000:00: resource 9 [io  0xafe4-0xffff window]
[    2.088024] pci_bus 0000:00: resource 10 [mem 0x000a0000-0x000bffff =
window]
[    2.102739] pci_bus 0000:00: resource 11 [mem 0x12c00000-0xfebfffff =
window]
[    2.112951] NET: Registered protocol family 2
[    2.116240] TCP established hash table entries: 4096 (order: 3, 3276=
8 bytes)
[    2.121121] TCP bind hash table entries: 4096 (order: 5, 131072 byte=
s)
[    2.132932] TCP: Hash tables configured (established 4096 bind 4096)
[    2.136541] TCP: reno registered
[    2.139842] UDP hash table entries: 256 (order: 2, 24576 bytes)
[    2.142914] UDP-Lite hash table entries: 256 (order: 2, 24576 bytes)
[    2.149359] NET: Registered protocol family 1
[    2.152617] pci 0000:00:00.0: Limiting direct PCI/PCI transfers
[    2.157023] pci 0000:00:01.0: PIIX3: Enabling Passive Release
[    2.161063] pci 0000:00:01.0: Activating ISA DMA hang workarounds
[    2.175561] pci 0000:00:02.0: Video device with shadowed ROM
[    2.181259] PCI: CLS 0 bytes, default 64
[    2.187643] Unpacking initramfs...
[   20.804472] Freeing initrd memory: 23244K (ffff880011525000 - ffff88=
0012bd8000)
[   20.828448] camellia-x86_64: performance on this CPU would be subopt=
imal: disabling camellia-x86_64.
[   20.849589] twofish-x86_64-3way: performance on this CPU would be su=
boptimal: disabling twofish-x86_64-3way.
[   20.864208] cryptomgr_test (19) used greatest stack depth: 14744 byt=
es left
[   20.879214] AVX or AES-NI instructions are not detected.
[   20.894365] AVX instructions are not detected.
[   20.896987] AVX instructions are not detected.
[   20.920816] AVX2 or AES-NI instructions are not detected.
[   20.929499] futex hash table entries: 256 (order: 1, 12288 bytes)
[   20.942145] Initialise system trusted keyring
[   21.838667] tsc: Refined TSC clocksource calibration: 2693.508 MHz
[   48.583018] Kprobe smoke test: started
[   51.044477] Kprobe smoke test: passed successfully
[   51.056224] HugeTLB registered 2 MB page size, pre-allocated 0 pages
[   51.252051] page_owner is disabled
[   51.271461] zbud: loaded
[   51.273900] VFS: Disk quotas dquot_6.5.2
[   51.276338] VFS: Dquot-cache hash table entries: 512 (order 0, 4096 =
bytes)
[   51.285341] squashfs: version 4.0 (2009/01/31) Phillip Lougher
[   51.332600] SGI XFS with ACLs, security attributes, realtime, debug =
enabled
[   51.378845] befs: version: 0.9.3
[   51.382870] OCFS2 User DLM kernel interface loaded
[   51.439382] NET: Registered protocol family 38
[   51.458993] bounce: pool size: 64 pages
[   51.460839] Block layer SCSI generic (bsg) driver version 0.4 loaded=
 (major 251)
[   51.463790] io scheduler noop registered (default)
[   51.474128] start plist test
[   51.665122] end plist test
[   51.678422] Running resizable hashtable tests...
[   51.688913]   Adding 2048 keys
[   51.695073]   Traversal complete: counted=3D2048, nelems=3D2048, ent=
ries=3D2048
[   52.144315]   Table expansion iteration 0...
[   52.167490]   Verifying lookups...
[   52.374361]   Table expansion iteration 1...
[   52.397036]   Verifying lookups...
[   52.471106]   Table expansion iteration 2...
[   52.494640]   Verifying lookups...
[   52.554681]   Table expansion iteration 3...
[   52.560197]   Verifying lookups...
[   52.601108]   Table shrinkage iteration 0...
[   52.602787]   Verifying lookups...
[   52.667068]   Table shrinkage iteration 1...
[   52.682681]   Verifying lookups...
[   52.789762]   Table shrinkage iteration 2...
[   52.791432]   Verifying lookups...
[   53.048892]   Table shrinkage iteration 3...
[   53.050500]   Verifying lookups...
[   53.524848]   Traversal complete: counted=3D2048, nelems=3D2048, ent=
ries=3D2048
[   53.544197]   Deleting 2048 keys
[   53.661064] xz_dec_test: module loaded
[   53.667591] xz_dec_test: Create a device node with 'mknod xz_dec_tes=
t c 250 0' and write .xz files to it.
[   53.671288] rbtree testing
[   80.140009] NMI watchdog: BUG: soft lockup - CPU#0 stuck for 22s! [s=
wapper:1]
[   80.140009] Modules linked in:
[   80.140009] CPU: 0 PID: 1 Comm: swapper Not tainted 3.19.0-05243-gef=
7f0d6 #4
[   80.140009] Hardware name: QEMU Standard PC (i440FX + PIIX, 1996), B=
IOS 1.7.5-20140531_083030-gandalf 04/01/2014
[   80.140009] task: ffff88000e4d0000 ti: ffff88000e4d8000 task.ti: fff=
f88000e4d8000
[   80.140009] RIP: 0010:[<ffffffff813bc3dc>]  [<ffffffff813bc3dc>] __a=
san_store8+0x4c/0x140
[   80.140009] RSP: 0018:ffff88000e4dbd88  EFLAGS: 00000206
[   80.140009] RAX: 0000000086dfa090 RBX: ffffffff8413730f RCX: dffffc0=
000000000
[   80.140009] RDX: 0000000086dfa08f RSI: 0000000000000008 RDI: fffffff=
f84a3d468
[   80.140009] RBP: ffff88000e4dbdb8 R08: fffffbfff0826e61 R09: fffffff=
f8413730f
[   80.140009] R10: 0000000026d79129 R11: 0000000026d6454e R12: 0000000=
026d6bb7e
[   80.140009] R13: 1ffffffff0826e61 R14: 0000000000000010 R15: ffff880=
00e4dbdb8
[   80.140009] FS:  0000000000000000(0000) GS:ffffffff838b0000(0000) kn=
lGS:0000000000000000
[   80.140009] CS:  0010 DS: 0000 ES: 0000 CR0: 000000008005003b
[   80.140009] CR2: 0000000000000000 CR3: 000000000388a000 CR4: 0000000=
0000006b0
[   80.140009] Stack:
[   80.140009]  ffff88000e4dbdf8 ffffffff84a3d440 ffffffff84a3cfb8 0000=
000000000002
[   80.140009]  00000000b4f0c03a ffffffff84a3d460 ffff88000e4dbdf8 ffff=
ffff82d2a679
[   80.140009]  0000000026d79123 00000000000005c8 0000000000004094 0000=
0034c1e9ef3c
[   80.140009] Call Trace:
[   80.140009]  [<ffffffff82d2a679>] insert+0x9d/0xf1
[   80.140009]  [<ffffffff844eef7e>] rbtree_test_init+0x98/0x32c
[   80.140009]  [<ffffffff810006a9>] do_one_initcall+0x409/0x570
[   80.140009]  [<ffffffff844eeee6>] ? dynamic_debug_init+0x52a/0x52a
[   80.140009]  [<ffffffff8446d38b>] kernel_init_freeable+0x25a/0x3e4
[   80.140009]  [<ffffffff811567d4>] ? finish_task_switch+0x274/0x4c0
[   80.140009]  [<ffffffff82d142c0>] ? rest_init+0xe0/0xe0
[   80.140009]  [<ffffffff82d142df>] kernel_init+0x1f/0x2b0
[   80.140009]  [<ffffffff82d142c0>] ? rest_init+0xe0/0xe0
[   80.140009]  [<ffffffff82d50ffa>] ret_from_fork+0x7a/0xb0
[   80.140009]  [<ffffffff82d142c0>] ? rest_init+0xe0/0xe0
[   80.140009] Code: 01 48 39 c7 76 49 48 8b 15 42 ce 3f 03 48 b9 00 00=
 00 00 00 fc ff df 48 83 05 00 d2 3f 03 01 48 8d 42 01 48 83 05 04 d2 3=
f 03 01 <48> 89 05 1d ce 3f 03 48 89 f8 48 c1 e8 03 48 01 c8 66 83 38 0=
0=20
[   80.140009] Kernel panic - not syncing: softlockup: hung tasks
[   80.140009] CPU: 0 PID: 1 Comm: swapper Tainted: G             L  3.=
19.0-05243-gef7f0d6 #4
[   80.140009] Hardware name: QEMU Standard PC (i440FX + PIIX, 1996), B=
IOS 1.7.5-20140531_083030-gandalf 04/01/2014
[   80.140009]  0000000000000003 0000000000000003 0000000000000001 ffff=
88000e4dbc01
[   80.140009]  0000000000000000 ffffffff838b3da8 ffffffff82d28acb ffff=
ffff838b3e38
[   80.140009]  ffffffff82d1c785 ffffffff838b3e38 ffffffff00000008 ffff=
ffff838b3e48
[   80.140009] Call Trace:
[   80.140009]  <IRQ>  [<ffffffff82d28acb>] dump_stack+0x2e/0x3e
[   80.140009]  [<ffffffff82d1c785>] panic+0x1bb/0x4d6
[   80.140009]  [<ffffffff81227d1e>] watchdog_timer_fn+0x46e/0x470
[   80.140009]  [<ffffffff811b7aca>] hrtimer_run_queues+0x5aa/0xb30
[   80.140009]  [<ffffffff812278b0>] ? watchdog+0x40/0x40
[   80.140009]  [<ffffffff811b59cb>] update_process_times+0x3b/0xe0
[   80.140009]  [<ffffffff811ddb6e>] tick_nohz_handler+0x15e/0x350
[   80.140009]  [<ffffffff81071dd5>] local_apic_timer_interrupt+0x65/0x=
b0
[   80.140009]  [<ffffffff81072245>] smp_apic_timer_interrupt+0x85/0xb0
[   80.140009]  [<ffffffff82d51dfb>] apic_timer_interrupt+0x6b/0x70
[   80.140009]  <EOI>  [<ffffffff813bc3dc>] ? __asan_store8+0x4c/0x140
[   80.140009]  [<ffffffff82d2a679>] insert+0x9d/0xf1
[   80.140009]  [<ffffffff844eef7e>] rbtree_test_init+0x98/0x32c
[   80.140009]  [<ffffffff810006a9>] do_one_initcall+0x409/0x570
[   80.140009]  [<ffffffff844eeee6>] ? dynamic_debug_init+0x52a/0x52a
[   80.140009]  [<ffffffff8446d38b>] kernel_init_freeable+0x25a/0x3e4
[   80.140009]  [<ffffffff811567d4>] ? finish_task_switch+0x274/0x4c0
[   80.140009]  [<ffffffff82d142c0>] ? rest_init+0xe0/0xe0
[   80.140009]  [<ffffffff82d142df>] kernel_init+0x1f/0x2b0
[   80.140009]  [<ffffffff82d142c0>] ? rest_init+0xe0/0xe0
[   80.140009]  [<ffffffff82d50ffa>] ret_from_fork+0x7a/0xb0
[   80.140009]  [<ffffffff82d142c0>] ? rest_init+0xe0/0xe0
[   80.140009] Kernel Offset: 0x0 from 0xffffffff81000000 (relocation r=
ange: 0xffffffff80000000-0xffffffff9fffffff)

Elapsed time: 110
qemu-system-x86_64 -enable-kvm -cpu kvm64 -kernel /pkg/linux/x86_64-ran=
dconfig-h0-08021103/gcc-4.9/ef7f0d6a6ca8c9e4b27d78895af86c2fbfaeedb2/vm=
linuz-3.19.0-05243-gef7f0d6 -append 'hung_task_panic=3D1 earlyprintk=3D=
ttyS0,115200 systemd.log_level=3Derr debug apic=3Ddebug sysrq_always_en=
abled rcupdate.rcu_cpu_stall_timeout=3D100 panic=3D-1 softlockup_panic=
=3D1 nmi_watchdog=3Dpanic oops=3Dpanic load_ramdisk=3D2 prompt_ramdisk=
=3D0 console=3DttyS0,115200 console=3Dtty0 vga=3Dnormal  root=3D/dev/ra=
m0 rw link=3D/kbuild-tests/run-queue/kvm/x86_64-randconfig-h0-08021103/=
linux-devel:devel-hourly-2015080210:ef7f0d6a6ca8c9e4b27d78895af86c2fbfa=
eedb2:bisect-linux-3/.vmlinuz-ef7f0d6a6ca8c9e4b27d78895af86c2fbfaeedb2-=
20150802191720-162-ivb41 branch=3Dlinux-devel/devel-hourly-2015080210 B=
OOT_IMAGE=3D/pkg/linux/x86_64-randconfig-h0-08021103/gcc-4.9/ef7f0d6a6c=
a8c9e4b27d78895af86c2fbfaeedb2/vmlinuz-3.19.0-05243-gef7f0d6 drbd.minor=
_count=3D8'  -initrd /osimage/quantal/quantal-core-x86_64.cgz -m 300 -s=
mp 2 -device e1000,netdev=3Dnet0 -netdev user,id=3Dnet0 -boot order=3Dn=
c -no-reboot -watchdog i6300esb -rtc base=3Dlocaltime -drive file=3D/fs=
/sda5/disk0-quantal-ivb41-134,media=3Ddisk,if=3Dvirtio -drive file=3D/f=
s/sda5/disk1-quantal-ivb41-134,media=3Ddisk,if=3Dvirtio -drive file=3D/=
fs/sda5/disk2-quantal-ivb41-134,media=3Ddisk,if=3Dvirtio -drive file=3D=
/fs/sda5/disk3-quantal-ivb41-134,media=3Ddisk,if=3Dvirtio -drive file=
=3D/fs/sda5/disk4-quantal-ivb41-134,media=3Ddisk,if=3Dvirtio -drive fil=
e=3D/fs/sda5/disk5-quantal-ivb41-134,media=3Ddisk,if=3Dvirtio -drive fi=
le=3D/fs/sda5/disk6-quantal-ivb41-134,media=3Ddisk,if=3Dvirtio -pidfile=
 /dev/shm/kboot/pid-quantal-ivb41-134 -serial file:/dev/shm/kboot/seria=
l-quantal-ivb41-134 -daemonize -display none -monitor null=20

--=_55be1332.IhXcyUp6b5zrzZdlrnROaHliFjQoc6OwK0YpzIyu1nRh6ULg
Content-Type: text/plain;
 charset=us-ascii
Content-Transfer-Encoding: 7bit
Content-Disposition: attachment;
 filename="config-3.19.0-05243-gef7f0d6"

#
# Automatically generated file; DO NOT EDIT.
# Linux/x86_64 3.19.0 Kernel Configuration
#
CONFIG_64BIT=y
CONFIG_X86_64=y
CONFIG_X86=y
CONFIG_INSTRUCTION_DECODER=y
CONFIG_PERF_EVENTS_INTEL_UNCORE=y
CONFIG_OUTPUT_FORMAT="elf64-x86-64"
CONFIG_ARCH_DEFCONFIG="arch/x86/configs/x86_64_defconfig"
CONFIG_LOCKDEP_SUPPORT=y
CONFIG_STACKTRACE_SUPPORT=y
CONFIG_HAVE_LATENCYTOP_SUPPORT=y
CONFIG_MMU=y
CONFIG_NEED_DMA_MAP_STATE=y
CONFIG_NEED_SG_DMA_LENGTH=y
CONFIG_GENERIC_ISA_DMA=y
CONFIG_GENERIC_BUG=y
CONFIG_GENERIC_BUG_RELATIVE_POINTERS=y
CONFIG_GENERIC_HWEIGHT=y
CONFIG_ARCH_MAY_HAVE_PC_FDC=y
CONFIG_RWSEM_XCHGADD_ALGORITHM=y
CONFIG_GENERIC_CALIBRATE_DELAY=y
CONFIG_ARCH_HAS_CPU_RELAX=y
CONFIG_ARCH_HAS_CACHE_LINE_SIZE=y
CONFIG_HAVE_SETUP_PER_CPU_AREA=y
CONFIG_NEED_PER_CPU_EMBED_FIRST_CHUNK=y
CONFIG_NEED_PER_CPU_PAGE_FIRST_CHUNK=y
CONFIG_ARCH_HIBERNATION_POSSIBLE=y
CONFIG_ARCH_SUSPEND_POSSIBLE=y
CONFIG_ARCH_WANT_HUGE_PMD_SHARE=y
CONFIG_ARCH_WANT_GENERAL_HUGETLB=y
CONFIG_ZONE_DMA32=y
CONFIG_AUDIT_ARCH=y
CONFIG_ARCH_SUPPORTS_OPTIMIZED_INLINING=y
CONFIG_ARCH_SUPPORTS_DEBUG_PAGEALLOC=y
CONFIG_ARCH_HWEIGHT_CFLAGS="-fcall-saved-rdi -fcall-saved-rsi -fcall-saved-rdx -fcall-saved-rcx -fcall-saved-r8 -fcall-saved-r9 -fcall-saved-r10 -fcall-saved-r11"
CONFIG_ARCH_SUPPORTS_UPROBES=y
CONFIG_FIX_EARLYCON_MEM=y
CONFIG_DEFCONFIG_LIST="/lib/modules/$UNAME_RELEASE/.config"
CONFIG_CONSTRUCTORS=y
CONFIG_IRQ_WORK=y
CONFIG_BUILDTIME_EXTABLE_SORT=y

#
# General setup
#
CONFIG_BROKEN_ON_SMP=y
CONFIG_INIT_ENV_ARG_LIMIT=32
CONFIG_CROSS_COMPILE=""
# CONFIG_COMPILE_TEST is not set
CONFIG_LOCALVERSION=""
CONFIG_LOCALVERSION_AUTO=y
CONFIG_HAVE_KERNEL_GZIP=y
CONFIG_HAVE_KERNEL_BZIP2=y
CONFIG_HAVE_KERNEL_LZMA=y
CONFIG_HAVE_KERNEL_XZ=y
CONFIG_HAVE_KERNEL_LZO=y
CONFIG_HAVE_KERNEL_LZ4=y
# CONFIG_KERNEL_GZIP is not set
# CONFIG_KERNEL_BZIP2 is not set
# CONFIG_KERNEL_LZMA is not set
CONFIG_KERNEL_XZ=y
# CONFIG_KERNEL_LZO is not set
# CONFIG_KERNEL_LZ4 is not set
CONFIG_DEFAULT_HOSTNAME="(none)"
# CONFIG_SWAP is not set
CONFIG_SYSVIPC=y
CONFIG_SYSVIPC_SYSCTL=y
# CONFIG_POSIX_MQUEUE is not set
# CONFIG_CROSS_MEMORY_ATTACH is not set
CONFIG_FHANDLE=y
# CONFIG_USELIB is not set
# CONFIG_AUDIT is not set
CONFIG_HAVE_ARCH_AUDITSYSCALL=y

#
# IRQ subsystem
#
CONFIG_GENERIC_IRQ_PROBE=y
CONFIG_GENERIC_IRQ_SHOW=y
CONFIG_GENERIC_IRQ_LEGACY_ALLOC_HWIRQ=y
CONFIG_IRQ_DOMAIN=y
CONFIG_GENERIC_MSI_IRQ=y
# CONFIG_IRQ_DOMAIN_DEBUG is not set
CONFIG_IRQ_FORCED_THREADING=y
CONFIG_SPARSE_IRQ=y
CONFIG_CLOCKSOURCE_WATCHDOG=y
CONFIG_ARCH_CLOCKSOURCE_DATA=y
CONFIG_CLOCKSOURCE_VALIDATE_LAST_CYCLE=y
CONFIG_GENERIC_TIME_VSYSCALL=y
CONFIG_GENERIC_CLOCKEVENTS=y
CONFIG_GENERIC_CLOCKEVENTS_BUILD=y
CONFIG_GENERIC_CLOCKEVENTS_BROADCAST=y
CONFIG_GENERIC_CLOCKEVENTS_MIN_ADJUST=y
CONFIG_GENERIC_CMOS_UPDATE=y

#
# Timers subsystem
#
CONFIG_TICK_ONESHOT=y
CONFIG_NO_HZ_COMMON=y
# CONFIG_HZ_PERIODIC is not set
CONFIG_NO_HZ_IDLE=y
CONFIG_NO_HZ=y
# CONFIG_HIGH_RES_TIMERS is not set

#
# CPU/Task time and stats accounting
#
CONFIG_VIRT_CPU_ACCOUNTING=y
# CONFIG_TICK_CPU_ACCOUNTING is not set
CONFIG_VIRT_CPU_ACCOUNTING_GEN=y
# CONFIG_IRQ_TIME_ACCOUNTING is not set
# CONFIG_BSD_PROCESS_ACCT is not set
CONFIG_TASKSTATS=y
# CONFIG_TASK_DELAY_ACCT is not set
# CONFIG_TASK_XACCT is not set

#
# RCU Subsystem
#
CONFIG_TINY_RCU=y
CONFIG_SRCU=y
# CONFIG_TASKS_RCU is not set
CONFIG_RCU_STALL_COMMON=y
CONFIG_CONTEXT_TRACKING=y
# CONFIG_CONTEXT_TRACKING_FORCE is not set
# CONFIG_TREE_RCU_TRACE is not set
CONFIG_RCU_KTHREAD_PRIO=0
CONFIG_BUILD_BIN2C=y
CONFIG_IKCONFIG=y
CONFIG_IKCONFIG_PROC=y
CONFIG_LOG_BUF_SHIFT=17
CONFIG_HAVE_UNSTABLE_SCHED_CLOCK=y
CONFIG_ARCH_SUPPORTS_NUMA_BALANCING=y
CONFIG_ARCH_SUPPORTS_INT128=y
CONFIG_CGROUPS=y
# CONFIG_CGROUP_DEBUG is not set
# CONFIG_CGROUP_FREEZER is not set
# CONFIG_CGROUP_DEVICE is not set
# CONFIG_CPUSETS is not set
# CONFIG_CGROUP_CPUACCT is not set
# CONFIG_MEMCG is not set
# CONFIG_CGROUP_HUGETLB is not set
# CONFIG_CGROUP_PERF is not set
# CONFIG_CGROUP_SCHED is not set
# CONFIG_BLK_CGROUP is not set
# CONFIG_CHECKPOINT_RESTORE is not set
CONFIG_NAMESPACES=y
CONFIG_UTS_NS=y
# CONFIG_IPC_NS is not set
CONFIG_USER_NS=y
CONFIG_PID_NS=y
# CONFIG_NET_NS is not set
# CONFIG_SCHED_AUTOGROUP is not set
# CONFIG_SYSFS_DEPRECATED is not set
CONFIG_RELAY=y
CONFIG_BLK_DEV_INITRD=y
CONFIG_INITRAMFS_SOURCE=""
CONFIG_RD_GZIP=y
# CONFIG_RD_BZIP2 is not set
CONFIG_RD_LZMA=y
CONFIG_RD_XZ=y
CONFIG_RD_LZO=y
# CONFIG_RD_LZ4 is not set
CONFIG_INIT_FALLBACK=y
# CONFIG_CC_OPTIMIZE_FOR_SIZE is not set
CONFIG_SYSCTL=y
CONFIG_ANON_INODES=y
CONFIG_SYSCTL_EXCEPTION_TRACE=y
CONFIG_HAVE_PCSPKR_PLATFORM=y
CONFIG_BPF=y
# CONFIG_EXPERT is not set
CONFIG_SGETMASK_SYSCALL=y
CONFIG_SYSFS_SYSCALL=y
# CONFIG_SYSCTL_SYSCALL is not set
CONFIG_KALLSYMS=y
CONFIG_KALLSYMS_ALL=y
CONFIG_PRINTK=y
CONFIG_BUG=y
CONFIG_ELF_CORE=y
CONFIG_PCSPKR_PLATFORM=y
CONFIG_BASE_FULL=y
CONFIG_FUTEX=y
CONFIG_EPOLL=y
CONFIG_SIGNALFD=y
CONFIG_TIMERFD=y
CONFIG_EVENTFD=y
# CONFIG_BPF_SYSCALL is not set
CONFIG_SHMEM=y
CONFIG_AIO=y
CONFIG_ADVISE_SYSCALLS=y
CONFIG_PCI_QUIRKS=y
# CONFIG_EMBEDDED is not set
CONFIG_HAVE_PERF_EVENTS=y
CONFIG_PERF_USE_VMALLOC=y

#
# Kernel Performance Events And Counters
#
CONFIG_PERF_EVENTS=y
CONFIG_DEBUG_PERF_USE_VMALLOC=y
CONFIG_VM_EVENT_COUNTERS=y
CONFIG_SLUB_DEBUG=y
CONFIG_COMPAT_BRK=y
# CONFIG_SLAB is not set
CONFIG_SLUB=y
CONFIG_SYSTEM_TRUSTED_KEYRING=y
# CONFIG_PROFILING is not set
CONFIG_TRACEPOINTS=y
CONFIG_HAVE_OPROFILE=y
CONFIG_OPROFILE_NMI_TIMER=y
CONFIG_KPROBES=y
# CONFIG_JUMP_LABEL is not set
CONFIG_OPTPROBES=y
CONFIG_KPROBES_ON_FTRACE=y
CONFIG_UPROBES=y
# CONFIG_HAVE_64BIT_ALIGNED_ACCESS is not set
CONFIG_HAVE_EFFICIENT_UNALIGNED_ACCESS=y
CONFIG_ARCH_USE_BUILTIN_BSWAP=y
CONFIG_KRETPROBES=y
CONFIG_HAVE_IOREMAP_PROT=y
CONFIG_HAVE_KPROBES=y
CONFIG_HAVE_KRETPROBES=y
CONFIG_HAVE_OPTPROBES=y
CONFIG_HAVE_KPROBES_ON_FTRACE=y
CONFIG_HAVE_ARCH_TRACEHOOK=y
CONFIG_HAVE_DMA_ATTRS=y
CONFIG_HAVE_DMA_CONTIGUOUS=y
CONFIG_GENERIC_SMP_IDLE_THREAD=y
CONFIG_HAVE_REGS_AND_STACK_ACCESS_API=y
CONFIG_HAVE_DMA_API_DEBUG=y
CONFIG_HAVE_HW_BREAKPOINT=y
CONFIG_HAVE_MIXED_BREAKPOINTS_REGS=y
CONFIG_HAVE_USER_RETURN_NOTIFIER=y
CONFIG_HAVE_PERF_EVENTS_NMI=y
CONFIG_HAVE_PERF_REGS=y
CONFIG_HAVE_PERF_USER_STACK_DUMP=y
CONFIG_HAVE_ARCH_JUMP_LABEL=y
CONFIG_ARCH_HAVE_NMI_SAFE_CMPXCHG=y
CONFIG_HAVE_ALIGNED_STRUCT_PAGE=y
CONFIG_HAVE_CMPXCHG_LOCAL=y
CONFIG_HAVE_CMPXCHG_DOUBLE=y
CONFIG_HAVE_ARCH_SECCOMP_FILTER=y
CONFIG_HAVE_CC_STACKPROTECTOR=y
# CONFIG_CC_STACKPROTECTOR is not set
CONFIG_CC_STACKPROTECTOR_NONE=y
# CONFIG_CC_STACKPROTECTOR_REGULAR is not set
# CONFIG_CC_STACKPROTECTOR_STRONG is not set
CONFIG_HAVE_CONTEXT_TRACKING=y
CONFIG_HAVE_VIRT_CPU_ACCOUNTING_GEN=y
CONFIG_HAVE_IRQ_TIME_ACCOUNTING=y
CONFIG_HAVE_ARCH_TRANSPARENT_HUGEPAGE=y
CONFIG_HAVE_ARCH_SOFT_DIRTY=y
CONFIG_MODULES_USE_ELF_RELA=y
CONFIG_HAVE_IRQ_EXIT_ON_IRQ_STACK=y

#
# GCOV-based kernel profiling
#
CONFIG_GCOV_KERNEL=y
CONFIG_ARCH_HAS_GCOV_PROFILE_ALL=y
CONFIG_GCOV_PROFILE_ALL=y
# CONFIG_GCOV_FORMAT_AUTODETECT is not set
# CONFIG_GCOV_FORMAT_3_4 is not set
CONFIG_GCOV_FORMAT_4_7=y
# CONFIG_HAVE_GENERIC_DMA_COHERENT is not set
CONFIG_SLABINFO=y
CONFIG_RT_MUTEXES=y
CONFIG_BASE_SMALL=0
CONFIG_MODULES=y
# CONFIG_MODULE_FORCE_LOAD is not set
CONFIG_MODULE_UNLOAD=y
CONFIG_MODULE_FORCE_UNLOAD=y
CONFIG_MODVERSIONS=y
# CONFIG_MODULE_SRCVERSION_ALL is not set
# CONFIG_MODULE_SIG is not set
# CONFIG_MODULE_COMPRESS is not set
CONFIG_BLOCK=y
CONFIG_BLK_DEV_BSG=y
CONFIG_BLK_DEV_BSGLIB=y
CONFIG_BLK_DEV_INTEGRITY=y
CONFIG_BLK_CMDLINE_PARSER=y

#
# Partition Types
#
CONFIG_PARTITION_ADVANCED=y
CONFIG_ACORN_PARTITION=y
CONFIG_ACORN_PARTITION_CUMANA=y
CONFIG_ACORN_PARTITION_EESOX=y
# CONFIG_ACORN_PARTITION_ICS is not set
# CONFIG_ACORN_PARTITION_ADFS is not set
# CONFIG_ACORN_PARTITION_POWERTEC is not set
CONFIG_ACORN_PARTITION_RISCIX=y
# CONFIG_AIX_PARTITION is not set
# CONFIG_OSF_PARTITION is not set
CONFIG_AMIGA_PARTITION=y
# CONFIG_ATARI_PARTITION is not set
# CONFIG_MAC_PARTITION is not set
CONFIG_MSDOS_PARTITION=y
CONFIG_BSD_DISKLABEL=y
# CONFIG_MINIX_SUBPARTITION is not set
CONFIG_SOLARIS_X86_PARTITION=y
# CONFIG_UNIXWARE_DISKLABEL is not set
CONFIG_LDM_PARTITION=y
CONFIG_LDM_DEBUG=y
# CONFIG_SGI_PARTITION is not set
CONFIG_ULTRIX_PARTITION=y
CONFIG_SUN_PARTITION=y
CONFIG_KARMA_PARTITION=y
CONFIG_EFI_PARTITION=y
CONFIG_SYSV68_PARTITION=y
CONFIG_CMDLINE_PARTITION=y

#
# IO Schedulers
#
CONFIG_IOSCHED_NOOP=y
# CONFIG_IOSCHED_DEADLINE is not set
# CONFIG_IOSCHED_CFQ is not set
CONFIG_DEFAULT_NOOP=y
CONFIG_DEFAULT_IOSCHED="noop"
CONFIG_UNINLINE_SPIN_UNLOCK=y
CONFIG_ARCH_SUPPORTS_ATOMIC_RMW=y
CONFIG_ARCH_USE_QUEUE_RWLOCK=y
# CONFIG_FREEZER is not set

#
# Processor type and features
#
CONFIG_ZONE_DMA=y
# CONFIG_SMP is not set
CONFIG_X86_FEATURE_NAMES=y
CONFIG_X86_MPPARSE=y
CONFIG_X86_EXTENDED_PLATFORM=y
# CONFIG_X86_GOLDFISH is not set
# CONFIG_X86_INTEL_LPSS is not set
# CONFIG_X86_AMD_PLATFORM_DEVICE is not set
# CONFIG_IOSF_MBI is not set
# CONFIG_SCHED_OMIT_FRAME_POINTER is not set
CONFIG_HYPERVISOR_GUEST=y
CONFIG_PARAVIRT=y
# CONFIG_PARAVIRT_DEBUG is not set
# CONFIG_XEN is not set
CONFIG_KVM_GUEST=y
# CONFIG_KVM_DEBUG_FS is not set
# CONFIG_PARAVIRT_TIME_ACCOUNTING is not set
CONFIG_PARAVIRT_CLOCK=y
CONFIG_NO_BOOTMEM=y
CONFIG_MEMTEST=y
# CONFIG_MK8 is not set
# CONFIG_MPSC is not set
# CONFIG_MCORE2 is not set
# CONFIG_MATOM is not set
CONFIG_GENERIC_CPU=y
CONFIG_X86_INTERNODE_CACHE_SHIFT=6
CONFIG_X86_L1_CACHE_SHIFT=6
CONFIG_X86_TSC=y
CONFIG_X86_CMPXCHG64=y
CONFIG_X86_CMOV=y
CONFIG_X86_MINIMUM_CPU_FAMILY=64
CONFIG_X86_DEBUGCTLMSR=y
CONFIG_CPU_SUP_INTEL=y
CONFIG_CPU_SUP_AMD=y
CONFIG_CPU_SUP_CENTAUR=y
CONFIG_HPET_TIMER=y
CONFIG_DMI=y
CONFIG_GART_IOMMU=y
# CONFIG_CALGARY_IOMMU is not set
CONFIG_SWIOTLB=y
CONFIG_IOMMU_HELPER=y
CONFIG_NR_CPUS=1
# CONFIG_PREEMPT_NONE is not set
CONFIG_PREEMPT_VOLUNTARY=y
# CONFIG_PREEMPT is not set
CONFIG_PREEMPT_COUNT=y
CONFIG_UP_LATE_INIT=y
CONFIG_X86_UP_APIC_MSI=y
CONFIG_X86_LOCAL_APIC=y
CONFIG_X86_IO_APIC=y
CONFIG_X86_REROUTE_FOR_BROKEN_BOOT_IRQS=y
# CONFIG_X86_MCE is not set
CONFIG_X86_16BIT=y
CONFIG_X86_ESPFIX64=y
CONFIG_X86_VSYSCALL_EMULATION=y
# CONFIG_I8K is not set
# CONFIG_MICROCODE is not set
# CONFIG_MICROCODE_INTEL_EARLY is not set
# CONFIG_MICROCODE_AMD_EARLY is not set
CONFIG_X86_MSR=m
# CONFIG_X86_CPUID is not set
CONFIG_ARCH_PHYS_ADDR_T_64BIT=y
CONFIG_ARCH_DMA_ADDR_T_64BIT=y
CONFIG_DIRECT_GBPAGES=y
CONFIG_ARCH_SPARSEMEM_ENABLE=y
CONFIG_ARCH_SPARSEMEM_DEFAULT=y
CONFIG_ARCH_SELECT_MEMORY_MODEL=y
CONFIG_ARCH_PROC_KCORE_TEXT=y
CONFIG_ILLEGAL_POINTER_VALUE=0xdead000000000000
CONFIG_SELECT_MEMORY_MODEL=y
CONFIG_SPARSEMEM_MANUAL=y
CONFIG_SPARSEMEM=y
CONFIG_HAVE_MEMORY_PRESENT=y
CONFIG_SPARSEMEM_EXTREME=y
CONFIG_SPARSEMEM_VMEMMAP_ENABLE=y
CONFIG_SPARSEMEM_ALLOC_MEM_MAP_TOGETHER=y
CONFIG_SPARSEMEM_VMEMMAP=y
CONFIG_HAVE_MEMBLOCK=y
CONFIG_HAVE_MEMBLOCK_NODE_MAP=y
CONFIG_ARCH_DISCARD_MEMBLOCK=y
# CONFIG_HAVE_BOOTMEM_INFO_NODE is not set
# CONFIG_MEMORY_HOTPLUG is not set
CONFIG_PAGEFLAGS_EXTENDED=y
CONFIG_SPLIT_PTLOCK_CPUS=4
CONFIG_ARCH_ENABLE_SPLIT_PMD_PTLOCK=y
CONFIG_COMPACTION=y
CONFIG_MIGRATION=y
CONFIG_ARCH_ENABLE_HUGEPAGE_MIGRATION=y
CONFIG_PHYS_ADDR_T_64BIT=y
CONFIG_ZONE_DMA_FLAG=1
CONFIG_BOUNCE=y
CONFIG_NEED_BOUNCE_POOL=y
CONFIG_VIRT_TO_BUS=y
CONFIG_KSM=y
CONFIG_DEFAULT_MMAP_MIN_ADDR=4096
CONFIG_TRANSPARENT_HUGEPAGE=y
CONFIG_TRANSPARENT_HUGEPAGE_ALWAYS=y
# CONFIG_TRANSPARENT_HUGEPAGE_MADVISE is not set
CONFIG_NEED_PER_CPU_KM=y
# CONFIG_CLEANCACHE is not set
# CONFIG_CMA is not set
# CONFIG_ZPOOL is not set
CONFIG_ZBUD=y
CONFIG_ZSMALLOC=m
# CONFIG_PGTABLE_MAPPING is not set
CONFIG_ZSMALLOC_STAT=y
CONFIG_GENERIC_EARLY_IOREMAP=y
# CONFIG_X86_CHECK_BIOS_CORRUPTION is not set
CONFIG_X86_RESERVE_LOW=64
CONFIG_MTRR=y
# CONFIG_MTRR_SANITIZER is not set
CONFIG_X86_PAT=y
CONFIG_ARCH_USES_PG_UNCACHED=y
CONFIG_ARCH_RANDOM=y
CONFIG_X86_SMAP=y
CONFIG_X86_INTEL_MPX=y
# CONFIG_EFI is not set
# CONFIG_SECCOMP is not set
# CONFIG_HZ_100 is not set
# CONFIG_HZ_250 is not set
CONFIG_HZ_300=y
# CONFIG_HZ_1000 is not set
CONFIG_HZ=300
# CONFIG_SCHED_HRTICK is not set
CONFIG_KEXEC=y
# CONFIG_KEXEC_FILE is not set
CONFIG_CRASH_DUMP=y
CONFIG_PHYSICAL_START=0x1000000
# CONFIG_RELOCATABLE is not set
CONFIG_PHYSICAL_ALIGN=0x200000
# CONFIG_CMDLINE_BOOL is not set
CONFIG_HAVE_LIVEPATCH=y
# CONFIG_LIVEPATCH is not set
CONFIG_ARCH_ENABLE_MEMORY_HOTPLUG=y

#
# Power management and ACPI options
#
# CONFIG_SUSPEND is not set
# CONFIG_PM is not set
CONFIG_ACPI=y
CONFIG_ACPI_LEGACY_TABLES_LOOKUP=y
CONFIG_ARCH_MIGHT_HAVE_ACPI_PDC=y
# CONFIG_ACPI_PROCFS_POWER is not set
# CONFIG_ACPI_EC_DEBUGFS is not set
CONFIG_ACPI_AC=y
CONFIG_ACPI_BATTERY=y
CONFIG_ACPI_BUTTON=y
CONFIG_ACPI_VIDEO=m
CONFIG_ACPI_FAN=y
# CONFIG_ACPI_DOCK is not set
CONFIG_ACPI_PROCESSOR=y
# CONFIG_ACPI_IPMI is not set
# CONFIG_ACPI_PROCESSOR_AGGREGATOR is not set
CONFIG_ACPI_THERMAL=y
# CONFIG_ACPI_CUSTOM_DSDT is not set
# CONFIG_ACPI_INITRD_TABLE_OVERRIDE is not set
# CONFIG_ACPI_DEBUG is not set
# CONFIG_ACPI_PCI_SLOT is not set
CONFIG_X86_PM_TIMER=y
# CONFIG_ACPI_CONTAINER is not set
CONFIG_ACPI_HOTPLUG_IOAPIC=y
# CONFIG_ACPI_SBS is not set
# CONFIG_ACPI_HED is not set
# CONFIG_ACPI_CUSTOM_METHOD is not set
# CONFIG_ACPI_REDUCED_HARDWARE_ONLY is not set
CONFIG_HAVE_ACPI_APEI=y
CONFIG_HAVE_ACPI_APEI_NMI=y
# CONFIG_ACPI_APEI is not set
# CONFIG_PMIC_OPREGION is not set
CONFIG_SFI=y

#
# CPU Frequency scaling
#
CONFIG_CPU_FREQ=y
CONFIG_CPU_FREQ_GOV_COMMON=y
CONFIG_CPU_FREQ_STAT=m
CONFIG_CPU_FREQ_STAT_DETAILS=y
# CONFIG_CPU_FREQ_DEFAULT_GOV_PERFORMANCE is not set
CONFIG_CPU_FREQ_DEFAULT_GOV_POWERSAVE=y
# CONFIG_CPU_FREQ_DEFAULT_GOV_USERSPACE is not set
# CONFIG_CPU_FREQ_DEFAULT_GOV_ONDEMAND is not set
# CONFIG_CPU_FREQ_DEFAULT_GOV_CONSERVATIVE is not set
CONFIG_CPU_FREQ_GOV_PERFORMANCE=y
CONFIG_CPU_FREQ_GOV_POWERSAVE=y
# CONFIG_CPU_FREQ_GOV_USERSPACE is not set
CONFIG_CPU_FREQ_GOV_ONDEMAND=y
CONFIG_CPU_FREQ_GOV_CONSERVATIVE=y

#
# CPU frequency scaling drivers
#
CONFIG_X86_INTEL_PSTATE=y
# CONFIG_X86_PCC_CPUFREQ is not set
# CONFIG_X86_ACPI_CPUFREQ is not set
# CONFIG_X86_SPEEDSTEP_CENTRINO is not set
CONFIG_X86_P4_CLOCKMOD=m

#
# shared options
#
CONFIG_X86_SPEEDSTEP_LIB=m

#
# CPU Idle
#
CONFIG_CPU_IDLE=y
CONFIG_CPU_IDLE_GOV_LADDER=y
CONFIG_CPU_IDLE_GOV_MENU=y
# CONFIG_ARCH_NEEDS_CPU_IDLE_COUPLED is not set
# CONFIG_INTEL_IDLE is not set

#
# Memory power savings
#
CONFIG_I7300_IDLE_IOAT_CHANNEL=y
CONFIG_I7300_IDLE=m

#
# Bus options (PCI etc.)
#
CONFIG_PCI=y
CONFIG_PCI_DIRECT=y
# CONFIG_PCI_MMCONFIG is not set
CONFIG_PCI_DOMAINS=y
# CONFIG_PCIEPORTBUS is not set
CONFIG_PCI_MSI=y
# CONFIG_PCI_DEBUG is not set
# CONFIG_PCI_REALLOC_ENABLE_AUTO is not set
CONFIG_PCI_STUB=m
# CONFIG_HT_IRQ is not set
# CONFIG_PCI_IOV is not set
# CONFIG_PCI_PRI is not set
# CONFIG_PCI_PASID is not set
CONFIG_PCI_LABEL=y

#
# PCI host controller drivers
#
CONFIG_ISA_DMA_API=y
CONFIG_AMD_NB=y
# CONFIG_PCCARD is not set
CONFIG_HOTPLUG_PCI=y
# CONFIG_HOTPLUG_PCI_ACPI is not set
CONFIG_HOTPLUG_PCI_CPCI=y
# CONFIG_HOTPLUG_PCI_CPCI_ZT5550 is not set
CONFIG_HOTPLUG_PCI_CPCI_GENERIC=y
CONFIG_HOTPLUG_PCI_SHPC=y
# CONFIG_RAPIDIO is not set
# CONFIG_X86_SYSFB is not set

#
# Executable file formats / Emulations
#
CONFIG_BINFMT_ELF=y
CONFIG_ARCH_BINFMT_ELF_RANDOMIZE_PIE=y
CONFIG_CORE_DUMP_DEFAULT_ELF_HEADERS=y
CONFIG_BINFMT_SCRIPT=y
# CONFIG_HAVE_AOUT is not set
# CONFIG_BINFMT_MISC is not set
CONFIG_COREDUMP=y
# CONFIG_IA32_EMULATION is not set
CONFIG_X86_DEV_DMA_OPS=y
CONFIG_PMC_ATOM=y
CONFIG_NET=y

#
# Networking options
#
# CONFIG_PACKET is not set
CONFIG_UNIX=y
# CONFIG_UNIX_DIAG is not set
CONFIG_XFRM=y
CONFIG_XFRM_ALGO=y
CONFIG_XFRM_USER=y
CONFIG_XFRM_SUB_POLICY=y
CONFIG_XFRM_MIGRATE=y
CONFIG_XFRM_STATISTICS=y
CONFIG_XFRM_IPCOMP=y
CONFIG_NET_KEY=y
# CONFIG_NET_KEY_MIGRATE is not set
CONFIG_INET=y
# CONFIG_IP_MULTICAST is not set
# CONFIG_IP_ADVANCED_ROUTER is not set
CONFIG_IP_PNP=y
CONFIG_IP_PNP_DHCP=y
CONFIG_IP_PNP_BOOTP=y
# CONFIG_IP_PNP_RARP is not set
CONFIG_NET_IPIP=m
CONFIG_NET_IPGRE_DEMUX=m
CONFIG_NET_IP_TUNNEL=y
# CONFIG_NET_IPGRE is not set
# CONFIG_SYN_COOKIES is not set
CONFIG_NET_IPVTI=m
CONFIG_NET_UDP_TUNNEL=y
# CONFIG_NET_FOU is not set
# CONFIG_NET_FOU_IP_TUNNELS is not set
# CONFIG_GENEVE is not set
CONFIG_INET_AH=m
CONFIG_INET_ESP=m
CONFIG_INET_IPCOMP=y
CONFIG_INET_XFRM_TUNNEL=y
CONFIG_INET_TUNNEL=y
CONFIG_INET_XFRM_MODE_TRANSPORT=m
CONFIG_INET_XFRM_MODE_TUNNEL=m
# CONFIG_INET_XFRM_MODE_BEET is not set
# CONFIG_INET_LRO is not set
# CONFIG_INET_DIAG is not set
# CONFIG_TCP_CONG_ADVANCED is not set
CONFIG_TCP_CONG_CUBIC=y
CONFIG_DEFAULT_TCP_CONG="cubic"
# CONFIG_TCP_MD5SIG is not set
# CONFIG_IPV6 is not set
CONFIG_NETWORK_SECMARK=y
CONFIG_NET_PTP_CLASSIFY=y
# CONFIG_NETWORK_PHY_TIMESTAMPING is not set
# CONFIG_NETFILTER is not set
# CONFIG_IP_DCCP is not set
CONFIG_IP_SCTP=m
CONFIG_NET_SCTPPROBE=m
# CONFIG_SCTP_DBG_OBJCNT is not set
CONFIG_SCTP_DEFAULT_COOKIE_HMAC_MD5=y
# CONFIG_SCTP_DEFAULT_COOKIE_HMAC_SHA1 is not set
# CONFIG_SCTP_DEFAULT_COOKIE_HMAC_NONE is not set
CONFIG_SCTP_COOKIE_HMAC_MD5=y
CONFIG_SCTP_COOKIE_HMAC_SHA1=y
# CONFIG_RDS is not set
CONFIG_TIPC=m
# CONFIG_ATM is not set
CONFIG_L2TP=y
# CONFIG_L2TP_DEBUGFS is not set
CONFIG_L2TP_V3=y
CONFIG_L2TP_IP=m
CONFIG_L2TP_ETH=y
CONFIG_STP=y
CONFIG_GARP=m
CONFIG_MRP=m
CONFIG_BRIDGE=y
CONFIG_BRIDGE_IGMP_SNOOPING=y
# CONFIG_BRIDGE_VLAN_FILTERING is not set
CONFIG_HAVE_NET_DSA=y
CONFIG_VLAN_8021Q=m
CONFIG_VLAN_8021Q_GVRP=y
CONFIG_VLAN_8021Q_MVRP=y
CONFIG_DECNET=y
CONFIG_DECNET_ROUTER=y
CONFIG_LLC=y
CONFIG_LLC2=m
CONFIG_IPX=m
# CONFIG_IPX_INTERN is not set
CONFIG_ATALK=m
CONFIG_DEV_APPLETALK=m
CONFIG_IPDDP=m
CONFIG_IPDDP_ENCAP=y
# CONFIG_X25 is not set
# CONFIG_LAPB is not set
# CONFIG_PHONET is not set
CONFIG_IEEE802154=y
CONFIG_IEEE802154_SOCKET=m
CONFIG_MAC802154=m
# CONFIG_NET_SCHED is not set
CONFIG_DCB=y
CONFIG_DNS_RESOLVER=y
# CONFIG_BATMAN_ADV is not set
# CONFIG_OPENVSWITCH is not set
CONFIG_VSOCKETS=y
CONFIG_NETLINK_MMAP=y
CONFIG_NETLINK_DIAG=y
# CONFIG_NET_MPLS_GSO is not set
CONFIG_HSR=m
# CONFIG_NET_SWITCHDEV is not set
# CONFIG_CGROUP_NET_PRIO is not set
# CONFIG_CGROUP_NET_CLASSID is not set
CONFIG_NET_RX_BUSY_POLL=y
CONFIG_BQL=y
# CONFIG_BPF_JIT is not set

#
# Network testing
#
CONFIG_NET_PKTGEN=y
# CONFIG_NET_TCPPROBE is not set
CONFIG_NET_DROP_MONITOR=y
CONFIG_HAMRADIO=y

#
# Packet Radio protocols
#
# CONFIG_AX25 is not set
CONFIG_CAN=m
CONFIG_CAN_RAW=m
CONFIG_CAN_BCM=m
# CONFIG_CAN_GW is not set

#
# CAN Device Drivers
#
# CONFIG_CAN_VCAN is not set
# CONFIG_CAN_SLCAN is not set
# CONFIG_CAN_DEV is not set
# CONFIG_CAN_DEBUG_DEVICES is not set
# CONFIG_IRDA is not set
CONFIG_BT=y
# CONFIG_BT_BREDR is not set
CONFIG_BT_LE=y
# CONFIG_BT_SELFTEST is not set

#
# Bluetooth device drivers
#
# CONFIG_BT_HCIUART is not set
# CONFIG_BT_HCIVHCI is not set
# CONFIG_BT_MRVL is not set
CONFIG_AF_RXRPC=y
# CONFIG_AF_RXRPC_DEBUG is not set
CONFIG_RXKAD=y
CONFIG_FIB_RULES=y
CONFIG_WIRELESS=y
# CONFIG_CFG80211 is not set
# CONFIG_LIB80211 is not set

#
# CFG80211 needs to be enabled for MAC80211
#
CONFIG_WIMAX=y
CONFIG_WIMAX_DEBUG_LEVEL=8
CONFIG_RFKILL=y
CONFIG_RFKILL_INPUT=y
CONFIG_RFKILL_REGULATOR=m
# CONFIG_NET_9P is not set
CONFIG_CAIF=m
CONFIG_CAIF_DEBUG=y
CONFIG_CAIF_NETDEV=m
# CONFIG_CAIF_USB is not set
CONFIG_CEPH_LIB=y
CONFIG_CEPH_LIB_PRETTYDEBUG=y
CONFIG_CEPH_LIB_USE_DNS_RESOLVER=y
# CONFIG_NFC is not set
CONFIG_HAVE_BPF_JIT=y

#
# Device Drivers
#

#
# Generic Driver Options
#
# CONFIG_UEVENT_HELPER is not set
CONFIG_DEVTMPFS=y
# CONFIG_DEVTMPFS_MOUNT is not set
CONFIG_STANDALONE=y
# CONFIG_PREVENT_FIRMWARE_BUILD is not set
CONFIG_FW_LOADER=y
CONFIG_FIRMWARE_IN_KERNEL=y
CONFIG_EXTRA_FIRMWARE=""
CONFIG_FW_LOADER_USER_HELPER=y
CONFIG_FW_LOADER_USER_HELPER_FALLBACK=y
CONFIG_ALLOW_DEV_COREDUMP=y
# CONFIG_DEBUG_DRIVER is not set
CONFIG_DEBUG_DEVRES=y
# CONFIG_SYS_HYPERVISOR is not set
# CONFIG_GENERIC_CPU_DEVICES is not set
CONFIG_GENERIC_CPU_AUTOPROBE=y
CONFIG_REGMAP=y
CONFIG_REGMAP_I2C=y
CONFIG_REGMAP_MMIO=y
CONFIG_REGMAP_IRQ=y
CONFIG_DMA_SHARED_BUFFER=y
CONFIG_FENCE_TRACE=y

#
# Bus devices
#
CONFIG_CONNECTOR=m
CONFIG_MTD=y
CONFIG_MTD_TESTS=m
# CONFIG_MTD_REDBOOT_PARTS is not set
CONFIG_MTD_CMDLINE_PARTS=y
CONFIG_MTD_AR7_PARTS=m

#
# User Modules And Translation Layers
#
CONFIG_MTD_BLKDEVS=y
CONFIG_MTD_BLOCK=m
CONFIG_MTD_BLOCK_RO=y
CONFIG_FTL=m
CONFIG_NFTL=m
CONFIG_NFTL_RW=y
CONFIG_INFTL=y
CONFIG_RFD_FTL=y
CONFIG_SSFDC=m
# CONFIG_SM_FTL is not set
CONFIG_MTD_OOPS=m

#
# RAM/ROM/Flash chip drivers
#
CONFIG_MTD_CFI=y
CONFIG_MTD_JEDECPROBE=y
CONFIG_MTD_GEN_PROBE=y
CONFIG_MTD_CFI_ADV_OPTIONS=y
# CONFIG_MTD_CFI_NOSWAP is not set
# CONFIG_MTD_CFI_BE_BYTE_SWAP is not set
CONFIG_MTD_CFI_LE_BYTE_SWAP=y
# CONFIG_MTD_CFI_GEOMETRY is not set
CONFIG_MTD_MAP_BANK_WIDTH_1=y
CONFIG_MTD_MAP_BANK_WIDTH_2=y
CONFIG_MTD_MAP_BANK_WIDTH_4=y
# CONFIG_MTD_MAP_BANK_WIDTH_8 is not set
# CONFIG_MTD_MAP_BANK_WIDTH_16 is not set
# CONFIG_MTD_MAP_BANK_WIDTH_32 is not set
CONFIG_MTD_CFI_I1=y
CONFIG_MTD_CFI_I2=y
# CONFIG_MTD_CFI_I4 is not set
# CONFIG_MTD_CFI_I8 is not set
CONFIG_MTD_OTP=y
CONFIG_MTD_CFI_INTELEXT=m
CONFIG_MTD_CFI_AMDSTD=y
CONFIG_MTD_CFI_STAA=m
CONFIG_MTD_CFI_UTIL=y
CONFIG_MTD_RAM=m
CONFIG_MTD_ROM=y
CONFIG_MTD_ABSENT=m

#
# Mapping drivers for chip access
#
# CONFIG_MTD_COMPLEX_MAPPINGS is not set
CONFIG_MTD_PHYSMAP=y
CONFIG_MTD_PHYSMAP_COMPAT=y
CONFIG_MTD_PHYSMAP_START=0x8000000
CONFIG_MTD_PHYSMAP_LEN=0
CONFIG_MTD_PHYSMAP_BANKWIDTH=2
# CONFIG_MTD_AMD76XROM is not set
# CONFIG_MTD_ICHXROM is not set
CONFIG_MTD_ESB2ROM=y
CONFIG_MTD_CK804XROM=m
# CONFIG_MTD_SCB2_FLASH is not set
CONFIG_MTD_NETtel=m
CONFIG_MTD_L440GX=m
# CONFIG_MTD_INTEL_VR_NOR is not set
CONFIG_MTD_PLATRAM=m

#
# Self-contained MTD device drivers
#
# CONFIG_MTD_PMC551 is not set
# CONFIG_MTD_SLRAM is not set
CONFIG_MTD_PHRAM=y
CONFIG_MTD_MTDRAM=m
CONFIG_MTDRAM_TOTAL_SIZE=4096
CONFIG_MTDRAM_ERASE_SIZE=128
CONFIG_MTD_BLOCK2MTD=y

#
# Disk-On-Chip Device Drivers
#
# CONFIG_MTD_DOCG3 is not set
CONFIG_MTD_NAND_ECC=y
CONFIG_MTD_NAND_ECC_SMC=y
CONFIG_MTD_NAND=y
# CONFIG_MTD_NAND_ECC_BCH is not set
CONFIG_MTD_SM_COMMON=y
# CONFIG_MTD_NAND_DENALI is not set
# CONFIG_MTD_NAND_OMAP_BCH_BUILD is not set
CONFIG_MTD_NAND_IDS=y
CONFIG_MTD_NAND_RICOH=y
# CONFIG_MTD_NAND_DISKONCHIP is not set
CONFIG_MTD_NAND_DOCG4=y
# CONFIG_MTD_NAND_CAFE is not set
# CONFIG_MTD_NAND_NANDSIM is not set
CONFIG_MTD_NAND_PLATFORM=m
CONFIG_MTD_ONENAND=m
# CONFIG_MTD_ONENAND_VERIFY_WRITE is not set
CONFIG_MTD_ONENAND_GENERIC=m
CONFIG_MTD_ONENAND_OTP=y
# CONFIG_MTD_ONENAND_2X_PROGRAM is not set

#
# LPDDR & LPDDR2 PCM memory drivers
#
# CONFIG_MTD_LPDDR is not set
CONFIG_MTD_SPI_NOR=m
CONFIG_MTD_SPI_NOR_USE_4K_SECTORS=y
CONFIG_MTD_UBI=m
CONFIG_MTD_UBI_WL_THRESHOLD=4096
CONFIG_MTD_UBI_BEB_LIMIT=20
# CONFIG_MTD_UBI_FASTMAP is not set
CONFIG_MTD_UBI_GLUEBI=m
# CONFIG_MTD_UBI_BLOCK is not set
CONFIG_ARCH_MIGHT_HAVE_PC_PARPORT=y
CONFIG_PARPORT=y
# CONFIG_PARPORT_PC is not set
# CONFIG_PARPORT_GSC is not set
CONFIG_PARPORT_AX88796=y
# CONFIG_PARPORT_1284 is not set
CONFIG_PARPORT_NOT_PC=y
CONFIG_PNP=y
CONFIG_PNP_DEBUG_MESSAGES=y

#
# Protocols
#
CONFIG_PNPACPI=y
CONFIG_BLK_DEV=y
CONFIG_BLK_DEV_NULL_BLK=y
# CONFIG_BLK_DEV_FD is not set
# CONFIG_BLK_DEV_PCIESSD_MTIP32XX is not set
# CONFIG_ZRAM is not set
CONFIG_BLK_CPQ_CISS_DA=m
CONFIG_CISS_SCSI_TAPE=y
CONFIG_BLK_DEV_DAC960=y
CONFIG_BLK_DEV_UMEM=y
# CONFIG_BLK_DEV_COW_COMMON is not set
CONFIG_BLK_DEV_LOOP=y
CONFIG_BLK_DEV_LOOP_MIN_COUNT=8
CONFIG_BLK_DEV_CRYPTOLOOP=y
CONFIG_BLK_DEV_DRBD=m
CONFIG_DRBD_FAULT_INJECTION=y
CONFIG_BLK_DEV_NBD=y
# CONFIG_BLK_DEV_NVME is not set
CONFIG_BLK_DEV_SKD=m
CONFIG_BLK_DEV_OSD=m
CONFIG_BLK_DEV_SX8=m
# CONFIG_BLK_DEV_RAM is not set
CONFIG_CDROM_PKTCDVD=y
CONFIG_CDROM_PKTCDVD_BUFFERS=8
# CONFIG_CDROM_PKTCDVD_WCACHE is not set
CONFIG_ATA_OVER_ETH=m
# CONFIG_VIRTIO_BLK is not set
CONFIG_BLK_DEV_HD=y
# CONFIG_BLK_DEV_RBD is not set
CONFIG_BLK_DEV_RSXX=y

#
# Misc devices
#
CONFIG_SENSORS_LIS3LV02D=m
CONFIG_AD525X_DPOT=m
CONFIG_AD525X_DPOT_I2C=m
CONFIG_DUMMY_IRQ=y
CONFIG_IBM_ASM=y
CONFIG_PHANTOM=y
# CONFIG_SGI_IOC4 is not set
# CONFIG_TIFM_CORE is not set
CONFIG_ICS932S401=y
CONFIG_ENCLOSURE_SERVICES=m
# CONFIG_HP_ILO is not set
CONFIG_APDS9802ALS=m
# CONFIG_ISL29003 is not set
# CONFIG_ISL29020 is not set
# CONFIG_SENSORS_TSL2550 is not set
CONFIG_SENSORS_BH1780=y
CONFIG_SENSORS_BH1770=y
# CONFIG_SENSORS_APDS990X is not set
CONFIG_HMC6352=y
CONFIG_DS1682=m
CONFIG_VMWARE_BALLOON=y
CONFIG_BMP085=y
CONFIG_BMP085_I2C=m
CONFIG_USB_SWITCH_FSA9480=y
# CONFIG_SRAM is not set
CONFIG_C2PORT=m
CONFIG_C2PORT_DURAMAR_2150=m

#
# EEPROM support
#
# CONFIG_EEPROM_AT24 is not set
CONFIG_EEPROM_LEGACY=m
CONFIG_EEPROM_MAX6875=y
CONFIG_EEPROM_93CX6=y
CONFIG_CB710_CORE=y
# CONFIG_CB710_DEBUG is not set
CONFIG_CB710_DEBUG_ASSUMPTIONS=y

#
# Texas Instruments shared transport line discipline
#
CONFIG_SENSORS_LIS3_I2C=m

#
# Altera FPGA firmware download module
#
CONFIG_ALTERA_STAPL=m
# CONFIG_VMWARE_VMCI is not set

#
# Intel MIC Bus Driver
#
CONFIG_INTEL_MIC_BUS=m

#
# Intel MIC Host Driver
#
CONFIG_INTEL_MIC_HOST=m

#
# Intel MIC Card Driver
#
# CONFIG_INTEL_MIC_CARD is not set
# CONFIG_GENWQE is not set
CONFIG_ECHO=y
# CONFIG_CXL_BASE is not set
CONFIG_HAVE_IDE=y
CONFIG_IDE=y

#
# Please see Documentation/ide/ide.txt for help/info on IDE drives
#
CONFIG_IDE_XFER_MODE=y
CONFIG_IDE_TIMINGS=y
CONFIG_IDE_ATAPI=y
# CONFIG_BLK_DEV_IDE_SATA is not set
CONFIG_IDE_GD=y
# CONFIG_IDE_GD_ATA is not set
CONFIG_IDE_GD_ATAPI=y
# CONFIG_BLK_DEV_IDECD is not set
CONFIG_BLK_DEV_IDETAPE=y
# CONFIG_BLK_DEV_IDEACPI is not set
# CONFIG_IDE_TASK_IOCTL is not set
# CONFIG_IDE_PROC_FS is not set

#
# IDE chipset support/bugfixes
#
CONFIG_IDE_GENERIC=m
CONFIG_BLK_DEV_PLATFORM=m
# CONFIG_BLK_DEV_CMD640 is not set
# CONFIG_BLK_DEV_IDEPNP is not set
CONFIG_BLK_DEV_IDEDMA_SFF=y

#
# PCI IDE chipsets support
#
CONFIG_BLK_DEV_IDEPCI=y
# CONFIG_IDEPCI_PCIBUS_ORDER is not set
CONFIG_BLK_DEV_OFFBOARD=y
CONFIG_BLK_DEV_GENERIC=m
# CONFIG_BLK_DEV_OPTI621 is not set
# CONFIG_BLK_DEV_RZ1000 is not set
CONFIG_BLK_DEV_IDEDMA_PCI=y
CONFIG_BLK_DEV_AEC62XX=y
CONFIG_BLK_DEV_ALI15X3=y
CONFIG_BLK_DEV_AMD74XX=m
CONFIG_BLK_DEV_ATIIXP=y
# CONFIG_BLK_DEV_CMD64X is not set
# CONFIG_BLK_DEV_TRIFLEX is not set
CONFIG_BLK_DEV_HPT366=m
# CONFIG_BLK_DEV_JMICRON is not set
CONFIG_BLK_DEV_PIIX=m
# CONFIG_BLK_DEV_IT8172 is not set
CONFIG_BLK_DEV_IT8213=y
# CONFIG_BLK_DEV_IT821X is not set
CONFIG_BLK_DEV_NS87415=m
# CONFIG_BLK_DEV_PDC202XX_OLD is not set
CONFIG_BLK_DEV_PDC202XX_NEW=m
CONFIG_BLK_DEV_SVWKS=m
CONFIG_BLK_DEV_SIIMAGE=y
# CONFIG_BLK_DEV_SIS5513 is not set
CONFIG_BLK_DEV_SLC90E66=y
CONFIG_BLK_DEV_TRM290=m
CONFIG_BLK_DEV_VIA82CXXX=y
CONFIG_BLK_DEV_TC86C001=y
CONFIG_BLK_DEV_IDEDMA=y

#
# SCSI device support
#
CONFIG_SCSI_MOD=y
# CONFIG_RAID_ATTRS is not set
CONFIG_SCSI=y
CONFIG_SCSI_DMA=y
CONFIG_SCSI_NETLINK=y
CONFIG_SCSI_MQ_DEFAULT=y
CONFIG_SCSI_PROC_FS=y

#
# SCSI support type (disk, tape, CD-ROM)
#
# CONFIG_BLK_DEV_SD is not set
CONFIG_CHR_DEV_ST=m
CONFIG_CHR_DEV_OSST=y
CONFIG_BLK_DEV_SR=m
# CONFIG_BLK_DEV_SR_VENDOR is not set
# CONFIG_CHR_DEV_SG is not set
CONFIG_CHR_DEV_SCH=m
CONFIG_SCSI_ENCLOSURE=m
# CONFIG_SCSI_CONSTANTS is not set
CONFIG_SCSI_LOGGING=y
CONFIG_SCSI_SCAN_ASYNC=y

#
# SCSI Transports
#
CONFIG_SCSI_SPI_ATTRS=y
CONFIG_SCSI_FC_ATTRS=y
CONFIG_SCSI_ISCSI_ATTRS=y
CONFIG_SCSI_SAS_ATTRS=y
CONFIG_SCSI_SAS_LIBSAS=y
# CONFIG_SCSI_SAS_HOST_SMP is not set
CONFIG_SCSI_SRP_ATTRS=m
CONFIG_SCSI_LOWLEVEL=y
CONFIG_ISCSI_TCP=m
CONFIG_ISCSI_BOOT_SYSFS=y
CONFIG_SCSI_CXGB3_ISCSI=m
# CONFIG_SCSI_CXGB4_ISCSI is not set
# CONFIG_SCSI_BNX2_ISCSI is not set
CONFIG_BE2ISCSI=y
CONFIG_BLK_DEV_3W_XXXX_RAID=m
# CONFIG_SCSI_HPSA is not set
CONFIG_SCSI_3W_9XXX=y
# CONFIG_SCSI_3W_SAS is not set
CONFIG_SCSI_ACARD=y
CONFIG_SCSI_AACRAID=m
CONFIG_SCSI_AIC7XXX=m
CONFIG_AIC7XXX_CMDS_PER_DEVICE=32
CONFIG_AIC7XXX_RESET_DELAY_MS=5000
# CONFIG_AIC7XXX_BUILD_FIRMWARE is not set
# CONFIG_AIC7XXX_DEBUG_ENABLE is not set
CONFIG_AIC7XXX_DEBUG_MASK=0
# CONFIG_AIC7XXX_REG_PRETTY_PRINT is not set
# CONFIG_SCSI_AIC79XX is not set
CONFIG_SCSI_AIC94XX=y
# CONFIG_AIC94XX_DEBUG is not set
# CONFIG_SCSI_MVSAS is not set
CONFIG_SCSI_MVUMI=y
CONFIG_SCSI_DPT_I2O=y
CONFIG_SCSI_ADVANSYS=y
CONFIG_SCSI_ARCMSR=m
# CONFIG_SCSI_ESAS2R is not set
# CONFIG_MEGARAID_NEWGEN is not set
CONFIG_MEGARAID_LEGACY=y
CONFIG_MEGARAID_SAS=y
