Return-Path: <owner-linux-mm@kvack.org>
Received: from mail-pg0-f70.google.com (mail-pg0-f70.google.com [74.125.83.70])
	by kanga.kvack.org (Postfix) with ESMTP id DEBE16B0033
	for <linux-mm@kvack.org>; Sun, 26 Nov 2017 01:31:24 -0500 (EST)
Received: by mail-pg0-f70.google.com with SMTP id 4so25957499pge.8
        for <linux-mm@kvack.org>; Sat, 25 Nov 2017 22:31:24 -0800 (PST)
Received: from mga14.intel.com (mga14.intel.com. [192.55.52.115])
        by mx.google.com with ESMTPS id m3si21153962pgd.193.2017.11.25.22.31.23
        for <linux-mm@kvack.org>
        (version=TLS1_2 cipher=ECDHE-RSA-AES128-GCM-SHA256 bits=128/128);
        Sat, 25 Nov 2017 22:31:23 -0800 (PST)
Date: Sun, 26 Nov 2017 14:31:17 +0800
From: Fengguang Wu <fengguang.wu@intel.com>
Subject: [pcpu] BUG: KASAN: use-after-scope in
 pcpu_setup_first_chunk+0x1e3b/0x29e2
Message-ID: <20171126063117.oytmra3tqoj5546u@wfg-t540p.sh.intel.com>
MIME-Version: 1.0
Content-Type: multipart/mixed; boundary="2dl254wjnnxf3azv"
Content-Disposition: inline
Sender: owner-linux-mm@kvack.org
List-ID: <linux-mm.kvack.org>
To: linux-mm@kvack.org
Cc: Tejun Heo <tj@kernel.org>, Christoph Lameter <cl@linux.com>, Linus Torvalds <torvalds@linux-foundation.org>, Dennis Zhou <dennisszhou@gmail.com>, Josef Bacik <jbacik@fb.com>, linux-kernel@vger.kernel.org, lkp@01.org


--2dl254wjnnxf3azv
Content-Type: text/plain; charset=us-ascii
Content-Disposition: inline

Hello,

FYI this happens in mainline kernel 4.14.0-13151-g5a78775.
This looks like a new regression after 4.14.

It occurs in 3 out of 3 boots.

[    0.000000] clocksource: refined-jiffies: mask: 0xffffffff max_cycles: 0xffffffff, max_idle_ns: 7645519600211568 ns
[    0.000000] random: fast init done
[    0.000000] pcpu-alloc: s0 r0 d32768 u32768 alloc=1*32768
[    0.000000] pcpu-alloc: [0] 0
[    0.000000] ==================================================================
[    0.000000] BUG: KASAN: use-after-scope in pcpu_setup_first_chunk+0x1e3b/0x29e2:
						pcpu_setup_first_chunk at mm/percpu.c:2118 (discriminator 3)
[    0.000000] Write of size 8 at addr ffffffff83c07d38 by task swapper/0
[    0.000000]
[    0.000000] CPU: 0 PID: 0 Comm: swapper Not tainted 4.14.0-13151-g5a78775 #2
[    0.000000] Call Trace:
[    0.000000]  print_address_description+0x2d/0x3d0:
						print_address_description at mm/kasan/report.c:253
[    0.000000]  ? pcpu_setup_first_chunk+0x1e3b/0x29e2:
						pcpu_setup_first_chunk at mm/percpu.c:2118 (discriminator 3)
[    0.000000]  kasan_report+0x1f4/0x3b0:
						kasan_report_error at mm/kasan/report.c:352
						 (inlined by) kasan_report at mm/kasan/report.c:409
[    0.000000]  pcpu_setup_first_chunk+0x1e3b/0x29e2:
						pcpu_setup_first_chunk at mm/percpu.c:2118 (discriminator 3)
[    0.000000]  ? pcpu_free_alloc_info+0x83/0x83:
						pcpu_setup_first_chunk at mm/percpu.c:2003
[    0.000000]  ? memblock_virt_alloc_internal+0x5a5/0xa05:
						memblock_virt_alloc_internal at mm/memblock.c:1304 (discriminator 1)
[    0.000000]  ? memblock_virt_alloc_try_nid_nopanic+0x1f9/0x220:
						memset at include/linux/string.h:326
						 (inlined by) memblock_virt_alloc_try_nid_nopanic at mm/memblock.c:1412
[    0.000000]  setup_per_cpu_areas+0x2f3/0x3be:
						setup_per_cpu_areas at mm/percpu.c:2720
[    0.000000]  start_kernel+0x7a2/0x11e8:
						start_kernel at init/main.c:542
[    0.000000]  ? thread_stack_cache_init+0x2e/0x2e
[    0.000000]  ? memcpy_orig+0x16/0x110:
						memcpy_orig at arch/x86/lib/memcpy_64.S:77
[    0.000000]  secondary_startup_64+0xa5/0xb0:
						secondary_startup_64 at arch/x86/kernel/head_64.S:237
[    0.000000]
[    0.000000] Memory state around the buggy address:
[    0.000000]  ffffffff83c07c00: 00 00 00 00 00 00 00 00 00 00 00 00 00 00 00 00
[    0.000000]  ffffffff83c07c80: 00 00 00 00 00 00 00 00 00 00 00 00 00 00 00 00
[    0.000000] >ffffffff83c07d00: 00 00 00 f1 f1 f1 f1 f8 f2 f2 f2 f2 f2 f2 f2 00

Attached the full dmesg, kconfig and reproduce scripts.

Thanks,
Fengguang

--2dl254wjnnxf3azv
Content-Type: text/plain; charset=us-ascii
Content-Disposition: attachment; filename="dmesg-yocto-ivb41-126:20171124152859:x86_64-randconfig-s1-11211736:4.14.0-13151-g5a78775:2"

early console in setup code
[    0.000000] Linux version 4.14.0-13151-g5a78775 (kbuild@lkp-nex05) (gcc version 7.2.1 20171025 (Debian 7.2.0-12)) #2 PREEMPT Fri Nov 24 15:13:35 CST 2017
[    0.000000] Command line: root=/dev/ram0 hung_task_panic=1 debug apic=debug sysrq_always_enabled rcupdate.rcu_cpu_stall_timeout=100 net.ifnames=0 printk.devkmsg=on panic=-1 softlockup_panic=1 nmi_watchdog=panic oops=panic load_ramdisk=2 prompt_ramdisk=0 drbd.minor_count=8 systemd.log_level=err ignore_loglevel console=tty0 earlyprintk=ttyS0,115200 console=ttyS0,115200 vga=normal rw link=/kbuild-tests/run-queue/kvm/x86_64-randconfig-s1-11211736/linus:master:5a787756b809888e8925d722862167f1229b58f7/.vmlinuz-5a787756b809888e8925d722862167f1229b58f7-20171124152843-10:yocto-ivb41-126 branch=linus/master BOOT_IMAGE=/pkg/linux/x86_64-randconfig-s1-11211736/gcc-7/5a787756b809888e8925d722862167f1229b58f7/vmlinuz-4.14.0-13151-g5a78775 drbd.minor_count=8
[    0.000000] x86/fpu: Supporting XSAVE feature 0x001: 'x87 floating point registers'
[    0.000000] x86/fpu: Supporting XSAVE feature 0x002: 'SSE registers'
[    0.000000] x86/fpu: Supporting XSAVE feature 0x004: 'AVX registers'
[    0.000000] x86/fpu: xstate_offset[2]:  576, xstate_sizes[2]:  256
[    0.000000] x86/fpu: Enabled xstate features 0x7, context size is 832 bytes, using 'standard' format.
[    0.000000] e820: BIOS-provided physical RAM map:
[    0.000000] BIOS-e820: [mem 0x0000000000000000-0x000000000009fbff] usable
[    0.000000] BIOS-e820: [mem 0x000000000009fc00-0x000000000009ffff] reserved
[    0.000000] BIOS-e820: [mem 0x00000000000f0000-0x00000000000fffff] reserved
[    0.000000] BIOS-e820: [mem 0x0000000000100000-0x000000001ffd1fff] usable
[    0.000000] BIOS-e820: [mem 0x000000001ffd2000-0x000000001fffffff] reserved
[    0.000000] BIOS-e820: [mem 0x00000000feffc000-0x00000000feffffff] reserved
[    0.000000] BIOS-e820: [mem 0x00000000fffc0000-0x00000000ffffffff] reserved
[    0.000000] debug: ignoring loglevel setting.
[    0.000000] NX (Execute Disable) protection: active
[    0.000000] Hypervisor detected: KVM
[    0.000000] e820: update [mem 0x00000000-0x00000fff] usable ==> reserved
[    0.000000] e820: remove [mem 0x000a0000-0x000fffff] usable
[    0.000000] e820: last_pfn = 0x1ffd2 max_arch_pfn = 0x400000000
[    0.000000] MTRR default type: write-back
[    0.000000] MTRR fixed ranges enabled:
[    0.000000]   00000-9FFFF write-back
[    0.000000]   A0000-BFFFF uncachable
[    0.000000]   C0000-FFFFF write-protect
[    0.000000] MTRR variable ranges enabled:
[    0.000000]   0 base 0080000000 mask FF80000000 uncachable
[    0.000000]   1 disabled
[    0.000000]   2 disabled
[    0.000000]   3 disabled
[    0.000000]   4 disabled
[    0.000000]   5 disabled
[    0.000000]   6 disabled
[    0.000000]   7 disabled
[    0.000000] x86/PAT: Configuration [0-7]: WB  WC  UC- UC  WB  WP  UC- WT  
[    0.000000] Scanning 1 areas for low memory corruption
[    0.000000] Base memory trampoline at [ffff880000099000] 99000 size 24576
[    0.000000] BRK [0x06476000, 0x06476fff] PGTABLE
[    0.000000] BRK [0x06477000, 0x06477fff] PGTABLE
[    0.000000] BRK [0x06478000, 0x06478fff] PGTABLE
[    0.000000] BRK [0x06479000, 0x06479fff] PGTABLE
[    0.000000] RAMDISK: [mem 0x1fbf9000-0x1ffcffff]
[    0.000000] ACPI: Early table checksum verification disabled
[    0.000000] ACPI: RSDP 0x00000000000F6890 000014 (v00 BOCHS )
[    0.000000] ACPI: RSDT 0x000000001FFE15CE 000030 (v01 BOCHS  BXPCRSDT 00000001 BXPC 00000001)
[    0.000000] ACPI: FACP 0x000000001FFE142A 000074 (v01 BOCHS  BXPCFACP 00000001 BXPC 00000001)
[    0.000000] ACPI: DSDT 0x000000001FFE0040 0013EA (v01 BOCHS  BXPCDSDT 00000001 BXPC 00000001)
[    0.000000] ACPI: FACS 0x000000001FFE0000 000040
[    0.000000] ACPI: APIC 0x000000001FFE151E 000078 (v01 BOCHS  BXPCAPIC 00000001 BXPC 00000001)
[    0.000000] ACPI: HPET 0x000000001FFE1596 000038 (v01 BOCHS  BXPCHPET 00000001 BXPC 00000001)
[    0.000000] ACPI: Local APIC address 0xfee00000
[    0.000000] mapped APIC to ffffffffff5fd000 (        fee00000)
[    0.000000] cma: dma_contiguous_reserve(limit 1ffd2000)
[    0.000000] kvm-clock: cpu 0, msr 0:1ffd0001, primary cpu clock
[    0.000000] kvm-clock: Using msrs 4b564d01 and 4b564d00
[    0.000000] kvm-clock: using sched offset of 2315330717 cycles
[    0.000000] clocksource: kvm-clock: mask: 0xffffffffffffffff max_cycles: 0x1cd42e4dffb, max_idle_ns: 881590591483 ns
[    0.000000] Zone ranges:
[    0.000000]   DMA32    [mem 0x0000000000001000-0x000000001ffd1fff]
[    0.000000]   Normal   empty
[    0.000000] Movable zone start for each node
[    0.000000] Early memory node ranges
[    0.000000]   node   0: [mem 0x0000000000001000-0x000000000009efff]
[    0.000000]   node   0: [mem 0x0000000000100000-0x000000001ffd1fff]
[    0.000000] Initmem setup node 0 [mem 0x0000000000001000-0x000000001ffd1fff]
[    0.000000] On node 0 totalpages: 130928
[    0.000000]   DMA32 zone: 1792 pages used for memmap
[    0.000000]   DMA32 zone: 21 pages reserved
[    0.000000]   DMA32 zone: 130928 pages, LIFO batch:31
[    0.000000] Reserved but unavailable: 98 pages
[    0.000000] kasan: KernelAddressSanitizer initialized
[    0.000000] ACPI: PM-Timer IO Port: 0x608
[    0.000000] ACPI: Local APIC address 0xfee00000
[    0.000000] ACPI: LAPIC_NMI (acpi_id[0xff] dfl dfl lint[0x1])
[    0.000000] IOAPIC[0]: apic_id 0, version 17, address 0xfec00000, GSI 0-23
[    0.000000] ACPI: INT_SRC_OVR (bus 0 bus_irq 0 global_irq 2 dfl dfl)
[    0.000000] Int: type 0, pol 0, trig 0, bus 00, IRQ 00, APIC ID 0, APIC INT 02
[    0.000000] ACPI: INT_SRC_OVR (bus 0 bus_irq 5 global_irq 5 high level)
[    0.000000] Int: type 0, pol 1, trig 3, bus 00, IRQ 05, APIC ID 0, APIC INT 05
[    0.000000] ACPI: INT_SRC_OVR (bus 0 bus_irq 9 global_irq 9 high level)
[    0.000000] Int: type 0, pol 1, trig 3, bus 00, IRQ 09, APIC ID 0, APIC INT 09
[    0.000000] ACPI: INT_SRC_OVR (bus 0 bus_irq 10 global_irq 10 high level)
[    0.000000] Int: type 0, pol 1, trig 3, bus 00, IRQ 0a, APIC ID 0, APIC INT 0a
[    0.000000] ACPI: INT_SRC_OVR (bus 0 bus_irq 11 global_irq 11 high level)
[    0.000000] Int: type 0, pol 1, trig 3, bus 00, IRQ 0b, APIC ID 0, APIC INT 0b
[    0.000000] ACPI: IRQ0 used by override.
[    0.000000] Int: type 0, pol 0, trig 0, bus 00, IRQ 01, APIC ID 0, APIC INT 01
[    0.000000] Int: type 0, pol 0, trig 0, bus 00, IRQ 03, APIC ID 0, APIC INT 03
[    0.000000] Int: type 0, pol 0, trig 0, bus 00, IRQ 04, APIC ID 0, APIC INT 04
[    0.000000] ACPI: IRQ5 used by override.
[    0.000000] Int: type 0, pol 0, trig 0, bus 00, IRQ 06, APIC ID 0, APIC INT 06
[    0.000000] Int: type 0, pol 0, trig 0, bus 00, IRQ 07, APIC ID 0, APIC INT 07
[    0.000000] Int: type 0, pol 0, trig 0, bus 00, IRQ 08, APIC ID 0, APIC INT 08
[    0.000000] ACPI: IRQ9 used by override.
[    0.000000] ACPI: IRQ10 used by override.
[    0.000000] ACPI: IRQ11 used by override.
[    0.000000] Int: type 0, pol 0, trig 0, bus 00, IRQ 0c, APIC ID 0, APIC INT 0c
[    0.000000] Int: type 0, pol 0, trig 0, bus 00, IRQ 0d, APIC ID 0, APIC INT 0d
[    0.000000] Int: type 0, pol 0, trig 0, bus 00, IRQ 0e, APIC ID 0, APIC INT 0e
[    0.000000] Int: type 0, pol 0, trig 0, bus 00, IRQ 0f, APIC ID 0, APIC INT 0f
[    0.000000] Using ACPI (MADT) for SMP configuration information
[    0.000000] ACPI: HPET id: 0x8086a201 base: 0xfed00000
[    0.000000] mapped IOAPIC to ffffffffff5fc000 (fec00000)
[    0.000000] KVM setup async PF for cpu 0
[    0.000000] kvm-stealtime: cpu 0, msr 3cc4540
[    0.000000] e820: [mem 0x20000000-0xfeffbfff] available for PCI devices
[    0.000000] Booting paravirtualized kernel on KVM
[    0.000000] clocksource: refined-jiffies: mask: 0xffffffff max_cycles: 0xffffffff, max_idle_ns: 7645519600211568 ns
[    0.000000] random: fast init done
[    0.000000] pcpu-alloc: s0 r0 d32768 u32768 alloc=1*32768
[    0.000000] pcpu-alloc: [0] 0 
[    0.000000] ==================================================================
[    0.000000] BUG: KASAN: use-after-scope in pcpu_setup_first_chunk+0x1e3b/0x29e2
[    0.000000] Write of size 8 at addr ffffffff83c07d38 by task swapper/0
[    0.000000] 
[    0.000000] CPU: 0 PID: 0 Comm: swapper Not tainted 4.14.0-13151-g5a78775 #2
[    0.000000] Call Trace:
[    0.000000]  print_address_description+0x2d/0x3d0
[    0.000000]  ? pcpu_setup_first_chunk+0x1e3b/0x29e2
[    0.000000]  kasan_report+0x1f4/0x3b0
[    0.000000]  pcpu_setup_first_chunk+0x1e3b/0x29e2
[    0.000000]  ? pcpu_free_alloc_info+0x83/0x83
[    0.000000]  ? memblock_virt_alloc_internal+0x5a5/0xa05
[    0.000000]  ? memblock_virt_alloc_try_nid_nopanic+0x1f9/0x220
[    0.000000]  setup_per_cpu_areas+0x2f3/0x3be
[    0.000000]  start_kernel+0x7a2/0x11e8
[    0.000000]  ? thread_stack_cache_init+0x2e/0x2e
[    0.000000]  ? memcpy_orig+0x16/0x110
[    0.000000]  secondary_startup_64+0xa5/0xb0
[    0.000000] 
[    0.000000] Memory state around the buggy address:
[    0.000000]  ffffffff83c07c00: 00 00 00 00 00 00 00 00 00 00 00 00 00 00 00 00
[    0.000000]  ffffffff83c07c80: 00 00 00 00 00 00 00 00 00 00 00 00 00 00 00 00
[    0.000000] >ffffffff83c07d00: 00 00 00 f1 f1 f1 f1 f8 f2 f2 f2 f2 f2 f2 f2 00
[    0.000000]                                         ^
[    0.000000]  ffffffff83c07d80: f2 f2 f2 f2 f2 f2 f2 00 f2 f2 f2 00 00 00 00 00
[    0.000000]  ffffffff83c07e00: 00 00 00 00 00 00 00 00 00 00 00 00 00 00 00 00
[    0.000000] ==================================================================
[    0.000000] Disabling lock debugging due to kernel taint
[    0.000000] Built 1 zonelists, mobility grouping on.  Total pages: 129115
[    0.000000] Kernel command line: root=/dev/ram0 hung_task_panic=1 debug apic=debug sysrq_always_enabled rcupdate.rcu_cpu_stall_timeout=100 net.ifnames=0 printk.devkmsg=on panic=-1 softlockup_panic=1 nmi_watchdog=panic oops=panic load_ramdisk=2 prompt_ramdisk=0 drbd.minor_count=8 systemd.log_level=err ignore_loglevel console=tty0 earlyprintk=ttyS0,115200 console=ttyS0,115200 vga=normal rw link=/kbuild-tests/run-queue/kvm/x86_64-randconfig-s1-11211736/linus:master:5a787756b809888e8925d722862167f1229b58f7/.vmlinuz-5a787756b809888e8925d722862167f1229b58f7-20171124152843-10:yocto-ivb41-126 branch=linus/master BOOT_IMAGE=/pkg/linux/x86_64-randconfig-s1-11211736/gcc-7/5a787756b809888e8925d722862167f1229b58f7/vmlinuz-4.14.0-13151-g5a78775 drbd.minor_count=8
[    0.000000] sysrq: sysrq always enabled.
[    0.000000] Dentry cache hash table entries: 65536 (order: 7, 524288 bytes)
[    0.000000] Inode-cache hash table entries: 32768 (order: 6, 262144 bytes)
[    0.000000] Memory: 347660K/523712K available (34758K kernel code, 11763K rwdata, 8672K rodata, 2592K init, 22768K bss, 176052K reserved, 0K cma-reserved)
[    0.004000] Running RCU self tests
[    0.004000] Preemptible hierarchical RCU implementation.
[    0.004000] 	RCU lockdep checking is enabled.
[    0.004000] 	RCU priority boosting: priority 1 delay 500 ms.
[    0.004000] 	RCU debug extended QS entry/exit.
[    0.004000] 	RCU CPU stall warnings timeout set to 100 (rcu_cpu_stall_timeout).
[    0.004000] 	Tasks RCU enabled.
[    0.004000] NR_IRQS: 4352, nr_irqs: 256, preallocated irqs: 16
[    0.004000] 	Offload RCU callbacks from CPUs: .
[    0.004000] console [ttyS0] enabled
[    0.004000] Lock dependency validator: Copyright (c) 2006 Red Hat, Inc., Ingo Molnar
[    0.004000] ... MAX_LOCKDEP_SUBCLASSES:  8
[    0.004000] ... MAX_LOCK_DEPTH:          48
[    0.004000] ... MAX_LOCKDEP_KEYS:        8191
[    0.004000] ... CLASSHASH_SIZE:          4096
[    0.004000] ... MAX_LOCKDEP_ENTRIES:     32768
[    0.004000] ... MAX_LOCKDEP_CHAINS:      65536
[    0.004000] ... CHAINHASH_SIZE:          32768
[    0.004000]  memory used by lock dependency info: 7391 kB
[    0.004000]  per task-struct memory footprint: 2304 bytes
[    0.004000] ----------------------------------
[    0.004000] | Locking API testsuite disabled |
[    0.004000] ----------------------------------
[    0.004000] ODEBUG: selftest passed
[    0.004000] ACPI: Core revision 20170831
[    0.004000] ACPI: 1 ACPI AML tables successfully acquired and loaded
[    0.004000] clocksource: hpet: mask: 0xffffffff max_cycles: 0xffffffff, max_idle_ns: 19112604467 ns
[    0.004000] hpet clockevent registered
[    0.004025] APIC: Switch to symmetric I/O mode setup
[    0.004745] x2apic enabled
[    0.005281] Switched APIC routing to physical x2apic.
[    0.006064] enabled ExtINT on CPU#0
[    0.007082] ENABLING IO-APIC IRQs
[    0.008046] init IO_APIC IRQs
[    0.008390]  apic 0 pin 0 not connected
[    0.008866] IOAPIC[0]: Set routing entry (0-1 -> 0xef -> IRQ 1 Mode:0 Active:0 Dest:0)
[    0.009767] IOAPIC[0]: Set routing entry (0-2 -> 0x30 -> IRQ 0 Mode:0 Active:0 Dest:0)
[    0.010650] IOAPIC[0]: Set routing entry (0-3 -> 0xef -> IRQ 3 Mode:0 Active:0 Dest:0)
[    0.011535] IOAPIC[0]: Set routing entry (0-4 -> 0xef -> IRQ 4 Mode:0 Active:0 Dest:0)
[    0.012000] IOAPIC[0]: Set routing entry (0-5 -> 0xef -> IRQ 5 Mode:1 Active:0 Dest:0)
[    0.012000] IOAPIC[0]: Set routing entry (0-6 -> 0xef -> IRQ 6 Mode:0 Active:0 Dest:0)
[    0.012000] IOAPIC[0]: Set routing entry (0-7 -> 0xef -> IRQ 7 Mode:0 Active:0 Dest:0)
[    0.012000] IOAPIC[0]: Set routing entry (0-8 -> 0xef -> IRQ 8 Mode:0 Active:0 Dest:0)
[    0.012000] IOAPIC[0]: Set routing entry (0-9 -> 0xef -> IRQ 9 Mode:1 Active:0 Dest:0)
[    0.012000] IOAPIC[0]: Set routing entry (0-10 -> 0xef -> IRQ 10 Mode:1 Active:0 Dest:0)
[    0.012000] IOAPIC[0]: Set routing entry (0-11 -> 0xef -> IRQ 11 Mode:1 Active:0 Dest:0)
[    0.012000] IOAPIC[0]: Set routing entry (0-12 -> 0xef -> IRQ 12 Mode:0 Active:0 Dest:0)
[    0.012000] IOAPIC[0]: Set routing entry (0-13 -> 0xef -> IRQ 13 Mode:0 Active:0 Dest:0)
[    0.012000] IOAPIC[0]: Set routing entry (0-14 -> 0xef -> IRQ 14 Mode:0 Active:0 Dest:0)
[    0.012000] IOAPIC[0]: Set routing entry (0-15 -> 0xef -> IRQ 15 Mode:0 Active:0 Dest:0)
[    0.012000]  apic 0 pin 16 not connected
[    0.012000]  apic 0 pin 17 not connected
[    0.012000]  apic 0 pin 18 not connected
[    0.012000]  apic 0 pin 19 not connected
[    0.012000]  apic 0 pin 20 not connected
[    0.012000]  apic 0 pin 21 not connected
[    0.012000]  apic 0 pin 22 not connected
[    0.012000]  apic 0 pin 23 not connected
[    0.012000] ..TIMER: vector=0x30 apic1=0 pin1=2 apic2=-1 pin2=-1
[    0.012000] tsc: Detected 2693.508 MHz processor
[    0.012000] Calibrating delay loop (skipped) preset value.. 5387.01 BogoMIPS (lpj=10774032)
[    0.012017] pid_max: default: 32768 minimum: 301
[    0.013222] Mount-cache hash table entries: 1024 (order: 1, 8192 bytes)
[    0.013929] Mountpoint-cache hash table entries: 1024 (order: 1, 8192 bytes)
[    0.016641] Last level iTLB entries: 4KB 0, 2MB 0, 4MB 0
[    0.017214] Last level dTLB entries: 4KB 0, 2MB 0, 4MB 0, 1GB 0
[    0.017849] CPU: Intel Core Processor (Haswell) (family: 0x6, model: 0x3c, stepping: 0x4)
[    0.020906] Performance Events: unsupported p6 CPU model 60 no PMU driver, software events only.
[    0.022111] Hierarchical SRCU implementation.
[    0.026288] NMI watchdog: Perf event create on CPU 0 failed with -2
[    0.026968] NMI watchdog: Perf NMI watchdog permanently disabled
[    0.027857] TSC deadline timer enabled
[    0.028000] devtmpfs: initialized
[    0.028000] x86/mm: Memory block size: 128MB
[    0.034436] workqueue: round-robin CPU selection forced, expect performance impact
[    0.035635] clocksource: jiffies: mask: 0xffffffff max_cycles: 0xffffffff, max_idle_ns: 7645041785100000 ns
[    0.036108] futex hash table entries: 256 (order: 2, 22528 bytes)
[    0.040362] NET: Registered protocol family 16
[    0.046664] cpuidle: using governor ladder
[    0.047810] ACPI: bus type PCI registered
[    0.048116] PCI: Using configuration type 1 for base access
[    0.095298] ACPI: Added _OSI(Module Device)
[    0.095787] ACPI: Added _OSI(Processor Device)
[    0.096071] ACPI: Added _OSI(3.0 _SCP Extensions)
[    0.096858] ACPI: Added _OSI(Processor Aggregator Device)
[    0.130037] ACPI: Interpreter enabled
[    0.130527] ACPI: (supports S0 S5)
[    0.130905] ACPI: Using IOAPIC for interrupt routing
[    0.131706] PCI: Using host bridge windows from ACPI; if necessary, use "pci=nocrs" and report a bug
[    0.136137] ACPI: Enabled 2 GPEs in block 00 to 0F
[    0.293434] ACPI: PCI Root Bridge [PCI0] (domain 0000 [bus 00-ff])
[    0.294164] acpi PNP0A03:00: _OSC: OS supports [Segments]
[    0.294945] acpi PNP0A03:00: _OSC failed (AE_NOT_FOUND); disabling ASPM
[    0.298052] PCI host bridge to bus 0000:00
[    0.298649] pci_bus 0000:00: root bus resource [io  0x0000-0x0cf7 window]
[    0.299606] pci_bus 0000:00: root bus resource [io  0x0d00-0xffff window]
[    0.300034] pci_bus 0000:00: root bus resource [mem 0x000a0000-0x000bffff window]
[    0.300839] pci_bus 0000:00: root bus resource [mem 0x20000000-0xfebfffff window]
[    0.301646] pci_bus 0000:00: root bus resource [bus 00-ff]
[    0.302494] pci 0000:00:00.0: [8086:1237] type 00 class 0x060000
[    0.308367] pci 0000:00:01.0: [8086:7000] type 00 class 0x060100
[    0.314227] pci 0000:00:01.1: [8086:7010] type 00 class 0x010180
[    0.328029] pci 0000:00:01.1: reg 0x20: [io  0xc200-0xc20f]
[    0.332044] pci 0000:00:01.1: legacy IDE quirk: reg 0x10: [io  0x01f0-0x01f7]
[    0.332826] pci 0000:00:01.1: legacy IDE quirk: reg 0x14: [io  0x03f6]
[    0.333577] pci 0000:00:01.1: legacy IDE quirk: reg 0x18: [io  0x0170-0x0177]
[    0.334395] pci 0000:00:01.1: legacy IDE quirk: reg 0x1c: [io  0x0376]
[    0.340478] pci 0000:00:01.3: [8086:7113] type 00 class 0x068000
[    0.341684] pci 0000:00:01.3: quirk: [io  0x0600-0x063f] claimed by PIIX4 ACPI
[    0.342460] pci 0000:00:01.3: quirk: [io  0x0700-0x070f] claimed by PIIX4 SMB
[    0.347974] pci 0000:00:02.0: [1234:1111] type 00 class 0x030000
[    0.352028] pci 0000:00:02.0: reg 0x10: [mem 0xfd000000-0xfdffffff pref]
[    0.360037] pci 0000:00:02.0: reg 0x18: [mem 0xfebf0000-0xfebf0fff]
[    0.378412] pci 0000:00:02.0: reg 0x30: [mem 0xfebe0000-0xfebeffff pref]
[    0.384296] pci 0000:00:03.0: [8086:100e] type 00 class 0x020000
[    0.388021] pci 0000:00:03.0: reg 0x10: [mem 0xfebc0000-0xfebdffff]
[    0.392018] pci 0000:00:03.0: reg 0x14: [io  0xc000-0xc03f]
[    0.414153] pci 0000:00:03.0: reg 0x30: [mem 0xfeb80000-0xfebbffff pref]
[    0.420142] pci 0000:00:04.0: [1af4:1001] type 00 class 0x010000
[    0.424030] pci 0000:00:04.0: reg 0x10: [io  0xc040-0xc07f]
[    0.431064] pci 0000:00:04.0: reg 0x14: [mem 0xfebf1000-0xfebf1fff]
[    0.444033] pci 0000:00:04.0: reg 0x20: [mem 0xfe000000-0xfe003fff 64bit pref]
[    0.456651] pci 0000:00:05.0: [1af4:1001] type 00 class 0x010000
[    0.464028] pci 0000:00:05.0: reg 0x10: [io  0xc080-0xc0bf]
[    0.468024] pci 0000:00:05.0: reg 0x14: [mem 0xfebf2000-0xfebf2fff]
[    0.484046] pci 0000:00:05.0: reg 0x20: [mem 0xfe004000-0xfe007fff 64bit pref]
[    0.496519] pci 0000:00:06.0: [1af4:1001] type 00 class 0x010000
[    0.504025] pci 0000:00:06.0: reg 0x10: [io  0xc0c0-0xc0ff]
[    0.508020] pci 0000:00:06.0: reg 0x14: [mem 0xfebf3000-0xfebf3fff]
[    0.523117] pci 0000:00:06.0: reg 0x20: [mem 0xfe008000-0xfe00bfff 64bit pref]
[    0.536594] pci 0000:00:07.0: [1af4:1001] type 00 class 0x010000
[    0.544030] pci 0000:00:07.0: reg 0x10: [io  0xc100-0xc13f]
[    0.548020] pci 0000:00:07.0: reg 0x14: [mem 0xfebf4000-0xfebf4fff]
[    0.564029] pci 0000:00:07.0: reg 0x20: [mem 0xfe00c000-0xfe00ffff 64bit pref]
[    0.574352] pci 0000:00:08.0: [1af4:1001] type 00 class 0x010000
[    0.578903] pci 0000:00:08.0: reg 0x10: [io  0xc140-0xc17f]
[    0.584020] pci 0000:00:08.0: reg 0x14: [mem 0xfebf5000-0xfebf5fff]
[    0.599140] pci 0000:00:08.0: reg 0x20: [mem 0xfe010000-0xfe013fff 64bit pref]
[    0.609394] pci 0000:00:09.0: [1af4:1001] type 00 class 0x010000
[    0.615046] pci 0000:00:09.0: reg 0x10: [io  0xc180-0xc1bf]
[    0.620023] pci 0000:00:09.0: reg 0x14: [mem 0xfebf6000-0xfebf6fff]
[    0.635035] pci 0000:00:09.0: reg 0x20: [mem 0xfe014000-0xfe017fff 64bit pref]
[    0.645433] pci 0000:00:0a.0: [1af4:1001] type 00 class 0x010000
[    0.651651] pci 0000:00:0a.0: reg 0x10: [io  0xc1c0-0xc1ff]
[    0.656028] pci 0000:00:0a.0: reg 0x14: [mem 0xfebf7000-0xfebf7fff]
[    0.672032] pci 0000:00:0a.0: reg 0x20: [mem 0xfe018000-0xfe01bfff 64bit pref]
[    0.682763] pci 0000:00:0b.0: [8086:25ab] type 00 class 0x088000
[    0.685029] pci 0000:00:0b.0: reg 0x10: [mem 0xfebf8000-0xfebf800f]
[    0.702278] pci_bus 0000:00: on NUMA node 0
[    0.718082] ACPI: PCI Interrupt Link [LNKA] (IRQs 5 *10 11)
[    0.722715] ACPI: PCI Interrupt Link [LNKB] (IRQs 5 *10 11)
[    0.727455] ACPI: PCI Interrupt Link [LNKC] (IRQs 5 10 *11)
[    0.732102] ACPI: PCI Interrupt Link [LNKD] (IRQs 5 10 *11)
[    0.734291] ACPI: PCI Interrupt Link [LNKS] (IRQs *9)
[    0.741574] pci 0000:00:02.0: vgaarb: setting as boot VGA device
[    0.742278] pci 0000:00:02.0: vgaarb: VGA device added: decodes=io+mem,owns=io+mem,locks=none
[    0.743213] pci 0000:00:02.0: vgaarb: bridge control possible
[    0.743832] vgaarb: loaded
[    0.745809] ACPI: bus type USB registered
[    0.746709] usbcore: registered new interface driver usbfs
[    0.747568] usbcore: registered new interface driver hub
[    0.748184] usbcore: registered new device driver usb
[    0.749693] pps_core: LinuxPPS API ver. 1 registered
[    0.750261] pps_core: Software ver. 5.3.6 - Copyright 2005-2007 Rodolfo Giometti <giometti@linux.it>
[    0.751921] PCI: Using ACPI for IRQ routing
[    0.752016] PCI: pci_cache_line_size set to 64 bytes
[    0.752828] e820: reserve RAM buffer [mem 0x0009fc00-0x0009ffff]
[    0.753508] e820: reserve RAM buffer [mem 0x1ffd2000-0x1fffffff]
[    0.757224] clocksource: Switched to clocksource kvm-clock
[    0.762649] Warning: could not register all branches stats
[    0.763356] Warning: could not register annotated branches stats
[    0.972166] FS-Cache: Loaded
[    0.972865] pnp: PnP ACPI init
[    0.974494] pnp 00:00: Plug and Play ACPI device, IDs PNP0b00 (active)
[    0.976363] pnp 00:01: Plug and Play ACPI device, IDs PNP0303 (active)
[    0.978139] pnp 00:02: Plug and Play ACPI device, IDs PNP0f13 (active)
[    0.979150] pnp 00:03: [dma 2]
[    0.980053] pnp 00:03: Plug and Play ACPI device, IDs PNP0700 (active)
[    0.982516] pnp 00:04: Plug and Play ACPI device, IDs PNP0400 (active)
[    0.984923] pnp 00:05: Plug and Play ACPI device, IDs PNP0501 (active)
[    0.987298] pnp 00:06: Plug and Play ACPI device, IDs PNP0501 (active)
[    0.996265] pnp: PnP ACPI: found 7 devices
[    1.006280] clocksource: acpi_pm: mask: 0xffffff max_cycles: 0xffffff, max_idle_ns: 2085701024 ns
[    1.007872] pci_bus 0000:00: resource 4 [io  0x0000-0x0cf7 window]
[    1.008586] pci_bus 0000:00: resource 5 [io  0x0d00-0xffff window]
[    1.009278] pci_bus 0000:00: resource 6 [mem 0x000a0000-0x000bffff window]
[    1.010007] pci_bus 0000:00: resource 7 [mem 0x20000000-0xfebfffff window]
[    1.011918] NET: Registered protocol family 1
[    1.012526] pci 0000:00:00.0: Limiting direct PCI/PCI transfers
[    1.013184] pci 0000:00:01.0: PIIX3: Enabling Passive Release
[    1.013845] pci 0000:00:01.0: Activating ISA DMA hang workarounds
[    1.014585] pci 0000:00:02.0: Video device with shadowed ROM at [mem 0x000c0000-0x000dffff]
[    1.015619] PCI: CLS 0 bytes, default 64
[    1.016909] Unpacking initramfs...
[    1.370618] Freeing initrd memory: 3932K
[    1.372578] Scanning for low memory corruption every 60 seconds
[    1.379931] spin_lock-torture:--- Start of test [debug]: nwriters_stress=2 nreaders_stress=0 stat_interval=60 verbose=1 shuffle_interval=3 stutter=5 shutdown_secs=0 onoff_interval=0 onoff_holdoff=0
[    1.381819] spin_lock-torture: Creating torture_shuffle task
[    1.382675] spin_lock-torture: Creating torture_stutter task
[    1.383513] spin_lock-torture: Creating lock_torture_writer task
[    1.385300] spin_lock-torture: Creating lock_torture_writer task
[    1.386120] spin_lock-torture: lock_torture_writer task started
[    1.386811] spin_lock-torture: torture_shuffle task started
[    1.387427] spin_lock-torture: torture_stutter task started
[    1.388161] spin_lock-torture: Creating lock_torture_stats task
[    1.388936] spin_lock-torture: lock_torture_writer task started
[    1.390423] torture_init_begin: Refusing rcu init: spin_lock running.
[    1.391126] torture_init_begin: One torture test at a time!
[    1.392177] spin_lock-torture: lock_torture_stats task started
[    1.397992] Initialise system trusted keyrings
[    1.398588] Key type blacklist registered
[    1.399318] workingset: timestamp_bits=62 max_order=17 bucket_order=0
[    1.400285] zbud: loaded
[    1.414317] Key type asymmetric registered
[    1.414791] Asymmetric key parser 'x509' registered
[    1.416841] test_printf: all 260 tests passed
[    1.626064] test_bitmap: test 13: input is '0-2047:128/256' OK, Time: 2619
[    1.640196] test_bitmap: all 460506 tests passed
[    1.640719] test_uuid: all 18 tests passed
[    1.641961] atomic64_test: passed for x86-64 platform with CX8 and with SSE
[    1.642725] glob: 64 self-tests passed, 0 failed
[    1.644481] gpio-mockup: probe of gpio-mockup failed with error -22
[    1.647434] hgafb: HGA card not detected.
[    1.647902] hgafb: probe of hgafb.0 failed with error -22
[    1.650194] input: Power Button as /devices/LNXSYSTM:00/LNXPWRBN:00/input/input0
[    1.651117] ACPI: Power Button [PWRF]
[    1.913796] Serial: 8250/16550 driver, 4 ports, IRQ sharing disabled
[    1.938979] 00:05: ttyS0 at I/O 0x3f8 (irq = 4, base_baud = 115200) is a 16550A
[    1.965392] 00:06: ttyS1 at I/O 0x2f8 (irq = 3, base_baud = 115200) is a 16550A
[    1.971383] Non-volatile memory driver v1.3
[    1.974736] [drm] Initialized vgem 1.0.0 20120112 for virtual device on minor 0
[    1.980924] usbcore: registered new interface driver rtsx_usb
[    1.984787] ehci_hcd: USB 2.0 'Enhanced' Host Controller (EHCI) Driver
[    1.985525] ehci-pci: EHCI PCI platform driver
[    1.986177] ehci-platform: EHCI generic platform driver
[    1.987074] ohci_hcd: USB 1.1 'Open' Host Controller (OHCI) Driver
[    1.987769] ohci-pci: OHCI PCI platform driver
[    1.988463] ohci-platform: OHCI generic platform driver
[    1.989643] usbcore: registered new interface driver usblp
[    1.990443] usbcore: registered new interface driver mdc800
[    1.991055] mdc800: v0.7.5 (30/10/2000):USB Driver for Mustek MDC800 Digital Camera
[    1.992053] usbcore: registered new interface driver adutux
[    1.992796] usbcore: registered new interface driver emi26 - firmware loader
[    1.993693] usbcore: registered new interface driver usblcd
[    1.994443] usbcore: registered new interface driver ldusb
[    1.995254] usbcore: registered new interface driver usbtest
[    1.996277] usbcore: registered new interface driver chaoskey
[    1.997312] i8042: PNP: PS/2 Controller [PNP0303:KBD,PNP0f13:MOU] at 0x60,0x64 irq 1,12
[    1.999521] serio: i8042 KBD port at 0x60,0x64 irq 1
[    2.000812] serio: i8042 AUX port at 0x60,0x64 irq 12
[    2.059386] input: AT Translated Set 2 keyboard as /devices/platform/i8042/serio0/input/input1
[    2.063621] usbcore: registered new interface driver i2c-diolan-u2c
[    2.064456] usbcore: registered new interface driver RobotFuzz Open Source InterFace, OSIF
[    2.065498] usbcore: registered new interface driver i2c-tiny-usb
[    2.066284] IR NEC protocol handler initialized
[    2.066776] IR RC5(x/sz) protocol handler initialized
[    2.067319] IR RC6 protocol handler initialized
[    2.067803] IR JVC protocol handler initialized
[    2.070088] IR Sony protocol handler initialized
[    2.070601] IR SANYO protocol handler initialized
[    2.071113] IR Sharp protocol handler initialized
[    2.071618] IR MCE Keyboard/mouse protocol handler initialized
[    2.072275] IR XMP protocol handler initialized
[    2.072766] Driver for 1-wire Dallas network protocol.
[    2.073926] __power_supply_register: Expected proper parent device for 'test_ac'
[    2.075288] __power_supply_register: Expected proper parent device for 'test_battery'
[    2.077485] (NULL device *): hwmon_device_register() is deprecated. Please convert the driver to use hwmon_device_register_with_info().
[    2.079239] __power_supply_register: Expected proper parent device for 'test_usb'
[    2.086478] ib700wdt: WDT driver for IB700 single board computer initialising
[    2.088828] sc1200wdt: build 20020303
[    2.089357] sc1200wdt: io parameter must be specified
[    2.089969] pc87413_wdt: Version 1.1 at io 0x2E
[    2.090471] pc87413_wdt: cannot register miscdev on minor=130 (err=-16)
[    2.091214] cpu5wdt: misc_register failed
[    2.091648] w83977f_wdt: driver v1.00
[    2.092511] w83977f_wdt: cannot register miscdev on minor=130 (err=-16)
[    2.093235] machzwd: MachZ ZF-Logic Watchdog driver initializing
[    2.093874] machzwd: no ZF-Logic found
[    2.094295] sbc_epx_c3: cannot register miscdev on minor=130 (err=-16)
[    2.098207] usbcore: registered new interface driver usbhid
[    2.098813] usbhid: USB HID core driver
[    2.101053] start plist test
[    2.111891] end plist test
[    2.112625] ... APIC ID:      00000000 (0)
[    2.113101] ... APIC VERSION: 01050014
[    2.113536] 0000000000000000000000000000000000000000000000000000000000000000
[    2.114333] 0000000000000000000000000000000000000000000000000000000000000000
[    2.115116] 0000000000000000000000000000000000000000000000000000000000000000
[    2.115911] number of MP IRQ sources: 15.
[    2.116374] number of IO-APIC #0 registers: 24.
[    2.116863] testing the IO APIC.......................
[    2.117440] IO APIC #0......
[    2.117765] .... register #00: 00000000
[    2.118192] .......    : physical APIC id: 00
[    2.118664] .......    : Delivery Type: 0
[    2.119081] .......    : LTS          : 0
[    2.119537] .... register #01: 00170011
[    2.119934] .......     : max redirection entries: 17
[    2.120532] .......     : PRQ implemented: 0
[    2.120984] .......     : IO APIC version: 11
[    2.121457] .... register #02: 00000000
[    2.121896] .......     : arbitration: 00
[    2.122341] .... IRQ redirection table:
[    2.122779] IOAPIC 0:
[    2.123052]  pin00, disabled, edge , high, V(00), IRR(0), S(0), physical, D(00), M(0)
[    2.123908]  pin01, enabled , edge , high, V(22), IRR(0), S(0), physical, D(00), M(0)
[    2.124795]  pin02, enabled , edge , high, V(30), IRR(0), S(0), physical, D(00), M(0)
[    2.125685]  pin03, disabled, edge , high, V(00), IRR(0), S(0), physical, D(00), M(0)
[    2.126543]  pin04, disabled, edge , high, V(00), IRR(0), S(0), physical, D(00), M(0)
[    2.127375]  pin05, disabled, edge , high, V(00), IRR(0), S(0), physical, D(00), M(0)
[    2.128248]  pin06, disabled, edge , high, V(00), IRR(0), S(0), physical, D(00), M(0)
[    2.129082]  pin07, disabled, edge , high, V(00), IRR(0), S(0), physical, D(00), M(0)
[    2.129945]  pin08, disabled, edge , high, V(00), IRR(0), S(0), physical, D(00), M(0)
[    2.130780]  pin09, enabled , level, high, V(20), IRR(0), S(0), physical, D(00), M(0)
[    2.131609]  pin0a, disabled, edge , high, V(00), IRR(0), S(0), physical, D(00), M(0)
[    2.132478]  pin0b, disabled, edge , high, V(00), IRR(0), S(0), physical, D(00), M(0)
[    2.133339]  pin0c, enabled , edge , high, V(21), IRR(0), S(0), physical, D(00), M(0)
[    2.134192]  pin0d, disabled, edge , high, V(00), IRR(0), S(0), physical, D(00), M(0)
[    2.135050]  pin0e, disabled, edge , high, V(00), IRR(0), S(0), physical, D(00), M(0)
[    2.135884]  pin0f, disabled, edge , high, V(00), IRR(0), S(0), physical, D(00), M(0)
[    2.136733]  pin10, disabled, edge , high, V(00), IRR(0), S(0), physical, D(00), M(0)
[    2.137606]  pin11, disabled, edge , high, V(00), IRR(0), S(0), physical, D(00), M(0)
[    2.138439]  pin12, disabled, edge , high, V(00), IRR(0), S(0), physical, D(00), M(0)
[    2.139278]  pin13, disabled, edge , high, V(00), IRR(0), S(0), physical, D(00), M(0)
[    2.140152]  pin14, disabled, edge , high, V(00), IRR(0), S(0), physical, D(00), M(0)
[    2.141006]  pin15, disabled, edge , high, V(00), IRR(0), S(0), physical, D(00), M(0)
[    2.141853]  pin16, disabled, edge , high, V(00), IRR(0), S(0), physical, D(00), M(0)
[    2.142726]  pin17, disabled, edge , high, V(00), IRR(0), S(0), physical, D(00), M(0)
[    2.143549] IRQ to pin mappings:
[    2.143910] IRQ0 -> 0:2
[    2.144259] IRQ1 -> 0:1
[    2.144544] IRQ3 -> 0:3
[    2.144838] IRQ4 -> 0:4
[    2.145135] IRQ5 -> 0:5
[    2.145412] IRQ6 -> 0:6
[    2.145688] IRQ7 -> 0:7
[    2.145970] IRQ8 -> 0:8
[    2.146277] IRQ9 -> 0:9
[    2.146553] IRQ10 -> 0:10
[    2.146848] IRQ11 -> 0:11
[    2.147149] IRQ12 -> 0:12
[    2.147442] IRQ13 -> 0:13
[    2.147736] IRQ14 -> 0:14
[    2.148057] IRQ15 -> 0:15
[    2.148355] .................................... done.
[    2.149031] sched_clock: Marking stable (2148042961, 0)->(2880441898, -732398937)
[    2.152113] Loading compiled-in X.509 certificates
[    2.153000] page_owner is disabled
[    2.155068] Key type encrypted registered
[    2.166879] Freeing unused kernel memory: 2592K
[    2.167396] Write protecting the kernel read-only data: 45056k
[    2.170275] Freeing unused kernel memory: 48K
[    2.190677] Freeing unused kernel memory: 1568K
/etc/rcS.d/S00fbsetup: line 3: /sbin/modprobe: not found

Please wait: booting...
Starting udev
/etc/rcS.d/S03udev: line 72: can't create /proc/sys/kernel/hotplug: nonexistent directory
[    2.400126] tsc: Refined TSC clocksource calibration: 2693.508 MHz
[    2.400858] clocksource: tsc: mask: 0xffffffffffffffff max_cycles: 0x26d349e8249, max_idle_ns: 440795288087 ns
[    2.681991] input: ImExPS/2 Generic Explorer Mouse as /devices/platform/i8042/serio1/input/input3
Kernel tests: Boot OK!

Elapsed time: 10

qemu-img create -f qcow2 disk-yocto-ivb41-126-0 256G
qemu-img create -f qcow2 disk-yocto-ivb41-126-1 256G
qemu-img create -f qcow2 disk-yocto-ivb41-126-2 256G
qemu-img create -f qcow2 disk-yocto-ivb41-126-3 256G
qemu-img create -f qcow2 disk-yocto-ivb41-126-4 256G
qemu-img create -f qcow2 disk-yocto-ivb41-126-5 256G
qemu-img create -f qcow2 disk-yocto-ivb41-126-6 256G

kvm=(
	qemu-system-x86_64
	-enable-kvm
	-cpu Haswell,+smep,+smap
	-kernel $kernel
	-initrd /osimage/yocto/yocto-trinity-x86_64.cgz
	-m 512
	-smp 1
	-device e1000,netdev=net0
	-netdev user,id=net0
	-boot order=nc
	-no-reboot
	-watchdog i6300esb
	-watchdog-action debug
	-rtc base=localtime
	-drive file=disk-yocto-ivb41-126-0,media=disk,if=virtio
	-drive file=disk-yocto-ivb41-126-1,media=disk,if=virtio
	-drive file=disk-yocto-ivb41-126-2,media=disk,if=virtio
	-drive file=disk-yocto-ivb41-126-3,media=disk,if=virtio
	-drive file=disk-yocto-ivb41-126-4,media=disk,if=virtio
	-drive file=disk-yocto-ivb41-126-5,media=disk,if=virtio
	-drive file=disk-yocto-ivb41-126-6,media=disk,if=virtio
	-serial stdio
	-display none
	-monitor null
)

append=(
	root=/dev/ram0
	hung_task_panic=1
	debug
	apic=debug
	sysrq_always_enabled
	rcupdate.rcu_cpu_stall_timeout=100
	net.ifnames=0
	printk.devkmsg=on
	panic=-1
	softlockup_panic=1
	nmi_watchdog=panic
	oops=panic
	load_ramdisk=2
	prompt_ramdisk=0
	drbd.minor_count=8
	systemd.log_level=err
	ignore_loglevel
	console=tty0
	earlyprintk=ttyS0,115200
	console=ttyS0,115200
	vga=normal
	rw
	branch=linus/master
	BOOT_IMAGE=/pkg/linux/x86_64-randconfig-s1-11211736/gcc-7/5a787756b809888e8925d722862167f1229b58f7/vmlinuz-4.14.0-13151-g5a78775
	drbd.minor_count=8
)

"${kvm[@]}" -append "${append[*]}"

--2dl254wjnnxf3azv
Content-Type: text/plain; charset=us-ascii
Content-Disposition: attachment; filename=".config"

#
# Automatically generated file; DO NOT EDIT.
# Linux/x86_64 4.14.0 Kernel Configuration
#
CONFIG_64BIT=y
CONFIG_X86_64=y
CONFIG_X86=y
CONFIG_INSTRUCTION_DECODER=y
CONFIG_OUTPUT_FORMAT="elf64-x86-64"
CONFIG_ARCH_DEFCONFIG="arch/x86/configs/x86_64_defconfig"
CONFIG_LOCKDEP_SUPPORT=y
CONFIG_STACKTRACE_SUPPORT=y
CONFIG_MMU=y
CONFIG_ARCH_MMAP_RND_BITS_MIN=28
CONFIG_ARCH_MMAP_RND_BITS_MAX=32
CONFIG_ARCH_MMAP_RND_COMPAT_BITS_MIN=8
CONFIG_ARCH_MMAP_RND_COMPAT_BITS_MAX=16
CONFIG_NEED_DMA_MAP_STATE=y
CONFIG_NEED_SG_DMA_LENGTH=y
CONFIG_GENERIC_BUG=y
CONFIG_GENERIC_BUG_RELATIVE_POINTERS=y
CONFIG_GENERIC_HWEIGHT=y
CONFIG_RWSEM_XCHGADD_ALGORITHM=y
CONFIG_GENERIC_CALIBRATE_DELAY=y
CONFIG_ARCH_HAS_CPU_RELAX=y
CONFIG_ARCH_HAS_CACHE_LINE_SIZE=y
CONFIG_HAVE_SETUP_PER_CPU_AREA=y
CONFIG_NEED_PER_CPU_EMBED_FIRST_CHUNK=y
CONFIG_NEED_PER_CPU_PAGE_FIRST_CHUNK=y
CONFIG_ARCH_HIBERNATION_POSSIBLE=y
CONFIG_ARCH_SUSPEND_POSSIBLE=y
CONFIG_ARCH_WANT_HUGE_PMD_SHARE=y
CONFIG_ARCH_WANT_GENERAL_HUGETLB=y
CONFIG_ZONE_DMA32=y
CONFIG_AUDIT_ARCH=y
CONFIG_ARCH_SUPPORTS_OPTIMIZED_INLINING=y
CONFIG_ARCH_SUPPORTS_DEBUG_PAGEALLOC=y
CONFIG_KASAN_SHADOW_OFFSET=0xdffffc0000000000
CONFIG_ARCH_SUPPORTS_UPROBES=y
CONFIG_FIX_EARLYCON_MEM=y
CONFIG_PGTABLE_LEVELS=4
CONFIG_DEFCONFIG_LIST="/lib/modules/$UNAME_RELEASE/.config"
CONFIG_CONSTRUCTORS=y
CONFIG_IRQ_WORK=y
CONFIG_BUILDTIME_EXTABLE_SORT=y
CONFIG_THREAD_INFO_IN_TASK=y

#
# General setup
#
CONFIG_BROKEN_ON_SMP=y
CONFIG_INIT_ENV_ARG_LIMIT=32
CONFIG_CROSS_COMPILE=""
# CONFIG_COMPILE_TEST is not set
CONFIG_LOCALVERSION=""
CONFIG_LOCALVERSION_AUTO=y
CONFIG_HAVE_KERNEL_GZIP=y
CONFIG_HAVE_KERNEL_BZIP2=y
CONFIG_HAVE_KERNEL_LZMA=y
CONFIG_HAVE_KERNEL_XZ=y
CONFIG_HAVE_KERNEL_LZO=y
CONFIG_HAVE_KERNEL_LZ4=y
# CONFIG_KERNEL_GZIP is not set
CONFIG_KERNEL_BZIP2=y
# CONFIG_KERNEL_LZMA is not set
# CONFIG_KERNEL_XZ is not set
# CONFIG_KERNEL_LZO is not set
# CONFIG_KERNEL_LZ4 is not set
CONFIG_DEFAULT_HOSTNAME="(none)"
# CONFIG_SYSVIPC is not set
# CONFIG_POSIX_MQUEUE is not set
CONFIG_CROSS_MEMORY_ATTACH=y
# CONFIG_USELIB is not set
# CONFIG_AUDIT is not set
CONFIG_HAVE_ARCH_AUDITSYSCALL=y

#
# IRQ subsystem
#
CONFIG_GENERIC_IRQ_PROBE=y
CONFIG_GENERIC_IRQ_SHOW=y
CONFIG_GENERIC_IRQ_CHIP=y
CONFIG_IRQ_DOMAIN=y
CONFIG_IRQ_SIM=y
CONFIG_IRQ_DOMAIN_HIERARCHY=y
CONFIG_GENERIC_IRQ_MATRIX_ALLOCATOR=y
CONFIG_GENERIC_IRQ_RESERVATION_MODE=y
# CONFIG_IRQ_DOMAIN_DEBUG is not set
CONFIG_IRQ_FORCED_THREADING=y
CONFIG_SPARSE_IRQ=y
CONFIG_GENERIC_IRQ_DEBUGFS=y
CONFIG_CLOCKSOURCE_WATCHDOG=y
CONFIG_ARCH_CLOCKSOURCE_DATA=y
CONFIG_CLOCKSOURCE_VALIDATE_LAST_CYCLE=y
CONFIG_GENERIC_TIME_VSYSCALL=y
CONFIG_GENERIC_CLOCKEVENTS=y
CONFIG_GENERIC_CLOCKEVENTS_BROADCAST=y
CONFIG_GENERIC_CLOCKEVENTS_MIN_ADJUST=y
CONFIG_GENERIC_CMOS_UPDATE=y

#
# Timers subsystem
#
CONFIG_TICK_ONESHOT=y
CONFIG_HZ_PERIODIC=y
# CONFIG_NO_HZ_IDLE is not set
# CONFIG_NO_HZ is not set
CONFIG_HIGH_RES_TIMERS=y

#
# CPU/Task time and stats accounting
#
CONFIG_TICK_CPU_ACCOUNTING=y
# CONFIG_VIRT_CPU_ACCOUNTING_GEN is not set
CONFIG_IRQ_TIME_ACCOUNTING=y
# CONFIG_BSD_PROCESS_ACCT is not set
# CONFIG_TASKSTATS is not set
# CONFIG_CPU_ISOLATION is not set

#
# RCU Subsystem
#
CONFIG_PREEMPT_RCU=y
CONFIG_RCU_EXPERT=y
CONFIG_SRCU=y
CONFIG_TREE_SRCU=y
CONFIG_TASKS_RCU=y
CONFIG_RCU_STALL_COMMON=y
CONFIG_RCU_NEED_SEGCBLIST=y
CONFIG_RCU_FANOUT=64
CONFIG_RCU_FANOUT_LEAF=16
CONFIG_RCU_BOOST=y
CONFIG_RCU_BOOST_DELAY=500
CONFIG_RCU_NOCB_CPU=y
CONFIG_BUILD_BIN2C=y
CONFIG_IKCONFIG=y
CONFIG_IKCONFIG_PROC=y
CONFIG_LOG_BUF_SHIFT=20
CONFIG_PRINTK_SAFE_LOG_BUF_SHIFT=13
CONFIG_HAVE_UNSTABLE_SCHED_CLOCK=y
CONFIG_ARCH_SUPPORTS_NUMA_BALANCING=y
CONFIG_ARCH_WANT_BATCHED_UNMAP_TLB_FLUSH=y
CONFIG_ARCH_SUPPORTS_INT128=y
CONFIG_CGROUPS=y
# CONFIG_MEMCG is not set
CONFIG_CGROUP_SCHED=y
CONFIG_FAIR_GROUP_SCHED=y
# CONFIG_CFS_BANDWIDTH is not set
# CONFIG_RT_GROUP_SCHED is not set
# CONFIG_CGROUP_PIDS is not set
# CONFIG_CGROUP_RDMA is not set
# CONFIG_CGROUP_FREEZER is not set
CONFIG_CGROUP_DEVICE=y
# CONFIG_CGROUP_CPUACCT is not set
# CONFIG_CGROUP_PERF is not set
CONFIG_CGROUP_BPF=y
# CONFIG_CGROUP_DEBUG is not set
CONFIG_SOCK_CGROUP_DATA=y
# CONFIG_NAMESPACES is not set
# CONFIG_SCHED_AUTOGROUP is not set
# CONFIG_SYSFS_DEPRECATED is not set
CONFIG_RELAY=y
CONFIG_BLK_DEV_INITRD=y
CONFIG_INITRAMFS_SOURCE=""
CONFIG_RD_GZIP=y
CONFIG_RD_BZIP2=y
CONFIG_RD_LZMA=y
CONFIG_RD_XZ=y
CONFIG_RD_LZO=y
CONFIG_RD_LZ4=y
CONFIG_CC_OPTIMIZE_FOR_PERFORMANCE=y
# CONFIG_CC_OPTIMIZE_FOR_SIZE is not set
CONFIG_SYSCTL=y
CONFIG_ANON_INODES=y
CONFIG_HAVE_UID16=y
CONFIG_SYSCTL_EXCEPTION_TRACE=y
CONFIG_HAVE_PCSPKR_PLATFORM=y
CONFIG_BPF=y
CONFIG_EXPERT=y
# CONFIG_UID16 is not set
CONFIG_MULTIUSER=y
CONFIG_SGETMASK_SYSCALL=y
CONFIG_SYSFS_SYSCALL=y
# CONFIG_SYSCTL_SYSCALL is not set
CONFIG_FHANDLE=y
CONFIG_POSIX_TIMERS=y
CONFIG_PRINTK=y
CONFIG_PRINTK_NMI=y
CONFIG_BUG=y
# CONFIG_ELF_CORE is not set
CONFIG_PCSPKR_PLATFORM=y
CONFIG_BASE_FULL=y
CONFIG_FUTEX=y
CONFIG_FUTEX_PI=y
CONFIG_EPOLL=y
CONFIG_SIGNALFD=y
CONFIG_TIMERFD=y
# CONFIG_EVENTFD is not set
# CONFIG_SHMEM is not set
# CONFIG_AIO is not set
# CONFIG_ADVISE_SYSCALLS is not set
# CONFIG_MEMBARRIER is not set
# CONFIG_CHECKPOINT_RESTORE is not set
CONFIG_KALLSYMS=y
CONFIG_KALLSYMS_ALL=y
# CONFIG_KALLSYMS_ABSOLUTE_PERCPU is not set
CONFIG_KALLSYMS_BASE_RELATIVE=y
CONFIG_BPF_SYSCALL=y
CONFIG_USERFAULTFD=y
CONFIG_EMBEDDED=y
CONFIG_HAVE_PERF_EVENTS=y
# CONFIG_PC104 is not set

#
# Kernel Performance Events And Counters
#
CONFIG_PERF_EVENTS=y
# CONFIG_DEBUG_PERF_USE_VMALLOC is not set
# CONFIG_VM_EVENT_COUNTERS is not set
# CONFIG_COMPAT_BRK is not set
CONFIG_SLAB=y
# CONFIG_SLUB is not set
# CONFIG_SLOB is not set
CONFIG_SLAB_MERGE_DEFAULT=y
CONFIG_SLAB_FREELIST_RANDOM=y
CONFIG_SYSTEM_DATA_VERIFICATION=y
# CONFIG_PROFILING is not set
CONFIG_TRACEPOINTS=y
CONFIG_HAVE_OPROFILE=y
CONFIG_OPROFILE_NMI_TIMER=y
CONFIG_KPROBES=y
CONFIG_JUMP_LABEL=y
# CONFIG_STATIC_KEYS_SELFTEST is not set
CONFIG_OPTPROBES=y
# CONFIG_UPROBES is not set
# CONFIG_HAVE_64BIT_ALIGNED_ACCESS is not set
CONFIG_HAVE_EFFICIENT_UNALIGNED_ACCESS=y
CONFIG_ARCH_USE_BUILTIN_BSWAP=y
CONFIG_KRETPROBES=y
CONFIG_HAVE_IOREMAP_PROT=y
CONFIG_HAVE_KPROBES=y
CONFIG_HAVE_KRETPROBES=y
CONFIG_HAVE_OPTPROBES=y
CONFIG_HAVE_KPROBES_ON_FTRACE=y
CONFIG_HAVE_NMI=y
CONFIG_HAVE_ARCH_TRACEHOOK=y
CONFIG_HAVE_DMA_CONTIGUOUS=y
CONFIG_GENERIC_SMP_IDLE_THREAD=y
CONFIG_ARCH_HAS_FORTIFY_SOURCE=y
CONFIG_ARCH_HAS_SET_MEMORY=y
CONFIG_ARCH_WANTS_DYNAMIC_TASK_STRUCT=y
CONFIG_HAVE_REGS_AND_STACK_ACCESS_API=y
CONFIG_HAVE_CLK=y
CONFIG_HAVE_DMA_API_DEBUG=y
CONFIG_HAVE_HW_BREAKPOINT=y
CONFIG_HAVE_MIXED_BREAKPOINTS_REGS=y
CONFIG_HAVE_USER_RETURN_NOTIFIER=y
CONFIG_HAVE_PERF_EVENTS_NMI=y
CONFIG_HAVE_HARDLOCKUP_DETECTOR_PERF=y
CONFIG_HAVE_PERF_REGS=y
CONFIG_HAVE_PERF_USER_STACK_DUMP=y
CONFIG_HAVE_ARCH_JUMP_LABEL=y
CONFIG_HAVE_RCU_TABLE_FREE=y
CONFIG_ARCH_HAVE_NMI_SAFE_CMPXCHG=y
CONFIG_HAVE_CMPXCHG_LOCAL=y
CONFIG_HAVE_CMPXCHG_DOUBLE=y
CONFIG_ARCH_WANT_COMPAT_IPC_PARSE_VERSION=y
CONFIG_ARCH_WANT_OLD_COMPAT_IPC=y
CONFIG_HAVE_ARCH_SECCOMP_FILTER=y
CONFIG_HAVE_GCC_PLUGINS=y
CONFIG_GCC_PLUGINS=y
# CONFIG_GCC_PLUGIN_CYC_COMPLEXITY is not set
CONFIG_GCC_PLUGIN_SANCOV=y
CONFIG_GCC_PLUGIN_LATENT_ENTROPY=y
CONFIG_GCC_PLUGIN_STRUCTLEAK=y
CONFIG_GCC_PLUGIN_STRUCTLEAK_BYREF_ALL=y
# CONFIG_GCC_PLUGIN_STRUCTLEAK_VERBOSE is not set
# CONFIG_GCC_PLUGIN_RANDSTRUCT is not set
CONFIG_HAVE_CC_STACKPROTECTOR=y
CONFIG_CC_STACKPROTECTOR=y
# CONFIG_CC_STACKPROTECTOR_NONE is not set
# CONFIG_CC_STACKPROTECTOR_REGULAR is not set
CONFIG_CC_STACKPROTECTOR_STRONG=y
CONFIG_THIN_ARCHIVES=y
CONFIG_HAVE_ARCH_WITHIN_STACK_FRAMES=y
CONFIG_HAVE_CONTEXT_TRACKING=y
CONFIG_HAVE_VIRT_CPU_ACCOUNTING_GEN=y
CONFIG_HAVE_IRQ_TIME_ACCOUNTING=y
CONFIG_HAVE_ARCH_TRANSPARENT_HUGEPAGE=y
CONFIG_HAVE_ARCH_TRANSPARENT_HUGEPAGE_PUD=y
CONFIG_HAVE_ARCH_HUGE_VMAP=y
CONFIG_HAVE_ARCH_SOFT_DIRTY=y
CONFIG_HAVE_MOD_ARCH_SPECIFIC=y
CONFIG_MODULES_USE_ELF_RELA=y
CONFIG_HAVE_IRQ_EXIT_ON_IRQ_STACK=y
CONFIG_ARCH_HAS_ELF_RANDOMIZE=y
CONFIG_HAVE_ARCH_MMAP_RND_BITS=y
CONFIG_HAVE_EXIT_THREAD=y
CONFIG_ARCH_MMAP_RND_BITS=28
CONFIG_HAVE_ARCH_MMAP_RND_COMPAT_BITS=y
CONFIG_ARCH_MMAP_RND_COMPAT_BITS=8
CONFIG_HAVE_ARCH_COMPAT_MMAP_BASES=y
CONFIG_HAVE_COPY_THREAD_TLS=y
CONFIG_HAVE_STACK_VALIDATION=y
# CONFIG_HAVE_ARCH_HASH is not set
CONFIG_ISA_BUS_API=y
CONFIG_OLD_SIGSUSPEND3=y
CONFIG_COMPAT_OLD_SIGACTION=y
# CONFIG_CPU_NO_EFFICIENT_FFS is not set
CONFIG_HAVE_ARCH_VMAP_STACK=y
# CONFIG_ARCH_OPTIONAL_KERNEL_RWX is not set
# CONFIG_ARCH_OPTIONAL_KERNEL_RWX_DEFAULT is not set
CONFIG_ARCH_HAS_STRICT_KERNEL_RWX=y
CONFIG_STRICT_KERNEL_RWX=y
CONFIG_ARCH_HAS_STRICT_MODULE_RWX=y
CONFIG_STRICT_MODULE_RWX=y
CONFIG_ARCH_HAS_REFCOUNT=y
CONFIG_REFCOUNT_FULL=y

#
# GCOV-based kernel profiling
#
CONFIG_GCOV_KERNEL=y
CONFIG_ARCH_HAS_GCOV_PROFILE_ALL=y
# CONFIG_GCOV_PROFILE_ALL is not set
CONFIG_GCOV_FORMAT_AUTODETECT=y
# CONFIG_GCOV_FORMAT_3_4 is not set
# CONFIG_GCOV_FORMAT_4_7 is not set
# CONFIG_HAVE_GENERIC_DMA_COHERENT is not set
CONFIG_RT_MUTEXES=y
CONFIG_BASE_SMALL=0
CONFIG_MODULES=y
# CONFIG_MODULE_FORCE_LOAD is not set
# CONFIG_MODULE_UNLOAD is not set
# CONFIG_MODVERSIONS is not set
# CONFIG_MODULE_SRCVERSION_ALL is not set
# CONFIG_MODULE_SIG is not set
# CONFIG_MODULE_COMPRESS is not set
CONFIG_TRIM_UNUSED_KSYMS=y
CONFIG_MODULES_TREE_LOOKUP=y
# CONFIG_BLOCK is not set
CONFIG_ASN1=y
CONFIG_UNINLINE_SPIN_UNLOCK=y
CONFIG_ARCH_SUPPORTS_ATOMIC_RMW=y
CONFIG_ARCH_USE_QUEUED_SPINLOCKS=y
CONFIG_ARCH_USE_QUEUED_RWLOCKS=y
CONFIG_FREEZER=y

#
# Processor type and features
#
# CONFIG_ZONE_DMA is not set
# CONFIG_SMP is not set
CONFIG_X86_FEATURE_NAMES=y
# CONFIG_X86_FAST_FEATURE_TESTS is not set
CONFIG_X86_X2APIC=y
# CONFIG_X86_MPPARSE is not set
# CONFIG_GOLDFISH is not set
CONFIG_INTEL_RDT=y
CONFIG_X86_EXTENDED_PLATFORM=y
# CONFIG_X86_GOLDFISH is not set
# CONFIG_X86_INTEL_MID is not set
# CONFIG_X86_INTEL_LPSS is not set
# CONFIG_X86_AMD_PLATFORM_DEVICE is not set
# CONFIG_IOSF_MBI is not set
# CONFIG_SCHED_OMIT_FRAME_POINTER is not set
CONFIG_HYPERVISOR_GUEST=y
CONFIG_PARAVIRT=y
# CONFIG_PARAVIRT_DEBUG is not set
CONFIG_XEN=y
# CONFIG_XEN_PV is not set
CONFIG_XEN_PVHVM=y
CONFIG_XEN_SAVE_RESTORE=y
# CONFIG_XEN_DEBUG_FS is not set
# CONFIG_XEN_PVH is not set
CONFIG_KVM_GUEST=y
# CONFIG_KVM_DEBUG_FS is not set
CONFIG_PARAVIRT_TIME_ACCOUNTING=y
CONFIG_PARAVIRT_CLOCK=y
CONFIG_NO_BOOTMEM=y
# CONFIG_MK8 is not set
# CONFIG_MPSC is not set
# CONFIG_MCORE2 is not set
# CONFIG_MATOM is not set
CONFIG_GENERIC_CPU=y
CONFIG_X86_INTERNODE_CACHE_SHIFT=6
CONFIG_X86_L1_CACHE_SHIFT=6
CONFIG_X86_TSC=y
CONFIG_X86_CMPXCHG64=y
CONFIG_X86_CMOV=y
CONFIG_X86_MINIMUM_CPU_FAMILY=64
CONFIG_X86_DEBUGCTLMSR=y
# CONFIG_PROCESSOR_SELECT is not set
CONFIG_CPU_SUP_INTEL=y
CONFIG_CPU_SUP_AMD=y
CONFIG_CPU_SUP_CENTAUR=y
CONFIG_HPET_TIMER=y
# CONFIG_DMI is not set
# CONFIG_GART_IOMMU is not set
# CONFIG_CALGARY_IOMMU is not set
CONFIG_SWIOTLB=y
CONFIG_IOMMU_HELPER=y
CONFIG_NR_CPUS=1
# CONFIG_PREEMPT_NONE is not set
# CONFIG_PREEMPT_VOLUNTARY is not set
CONFIG_PREEMPT=y
CONFIG_PREEMPT_COUNT=y
CONFIG_UP_LATE_INIT=y
CONFIG_X86_LOCAL_APIC=y
CONFIG_X86_IO_APIC=y
CONFIG_X86_REROUTE_FOR_BROKEN_BOOT_IRQS=y
# CONFIG_X86_MCE is not set

#
# Performance monitoring
#
CONFIG_PERF_EVENTS_INTEL_UNCORE=y
CONFIG_PERF_EVENTS_INTEL_RAPL=y
CONFIG_PERF_EVENTS_INTEL_CSTATE=y
# CONFIG_PERF_EVENTS_AMD_POWER is not set
# CONFIG_VM86 is not set
CONFIG_X86_16BIT=y
CONFIG_X86_ESPFIX64=y
CONFIG_X86_VSYSCALL_EMULATION=y
# CONFIG_I8K is not set
CONFIG_MICROCODE=y
# CONFIG_MICROCODE_INTEL is not set
CONFIG_MICROCODE_AMD=y
CONFIG_MICROCODE_OLD_INTERFACE=y
CONFIG_X86_MSR=m
CONFIG_X86_CPUID=m
# CONFIG_X86_5LEVEL is not set
CONFIG_ARCH_PHYS_ADDR_T_64BIT=y
CONFIG_ARCH_DMA_ADDR_T_64BIT=y
CONFIG_X86_DIRECT_GBPAGES=y
CONFIG_ARCH_HAS_MEM_ENCRYPT=y
CONFIG_AMD_MEM_ENCRYPT=y
CONFIG_AMD_MEM_ENCRYPT_ACTIVE_BY_DEFAULT=y
CONFIG_ARCH_USE_MEMREMAP_PROT=y
CONFIG_ARCH_SPARSEMEM_ENABLE=y
CONFIG_ARCH_SPARSEMEM_DEFAULT=y
CONFIG_ARCH_SELECT_MEMORY_MODEL=y
# CONFIG_ARCH_MEMORY_PROBE is not set
CONFIG_ILLEGAL_POINTER_VALUE=0xdead000000000000
CONFIG_SELECT_MEMORY_MODEL=y
CONFIG_SPARSEMEM_MANUAL=y
CONFIG_SPARSEMEM=y
CONFIG_HAVE_MEMORY_PRESENT=y
CONFIG_SPARSEMEM_EXTREME=y
CONFIG_SPARSEMEM_VMEMMAP_ENABLE=y
CONFIG_SPARSEMEM_ALLOC_MEM_MAP_TOGETHER=y
CONFIG_SPARSEMEM_VMEMMAP=y
CONFIG_HAVE_MEMBLOCK=y
CONFIG_HAVE_MEMBLOCK_NODE_MAP=y
CONFIG_HAVE_GENERIC_GUP=y
CONFIG_ARCH_DISCARD_MEMBLOCK=y
CONFIG_MEMORY_ISOLATION=y
CONFIG_HAVE_BOOTMEM_INFO_NODE=y
CONFIG_MEMORY_HOTPLUG=y
CONFIG_MEMORY_HOTPLUG_SPARSE=y
CONFIG_MEMORY_HOTPLUG_DEFAULT_ONLINE=y
CONFIG_MEMORY_HOTREMOVE=y
CONFIG_SPLIT_PTLOCK_CPUS=4
CONFIG_ARCH_ENABLE_SPLIT_PMD_PTLOCK=y
CONFIG_MEMORY_BALLOON=y
CONFIG_BALLOON_COMPACTION=y
CONFIG_COMPACTION=y
CONFIG_MIGRATION=y
CONFIG_PHYS_ADDR_T_64BIT=y
CONFIG_VIRT_TO_BUS=y
CONFIG_MMU_NOTIFIER=y
CONFIG_KSM=y
CONFIG_DEFAULT_MMAP_MIN_ADDR=4096
# CONFIG_TRANSPARENT_HUGEPAGE is not set
CONFIG_ARCH_WANTS_THP_SWAP=y
CONFIG_NEED_PER_CPU_KM=y
CONFIG_CLEANCACHE=y
CONFIG_CMA=y
CONFIG_CMA_DEBUG=y
CONFIG_CMA_DEBUGFS=y
CONFIG_CMA_AREAS=7
CONFIG_ZPOOL=m
CONFIG_ZBUD=y
# CONFIG_Z3FOLD is not set
CONFIG_ZSMALLOC=y
CONFIG_PGTABLE_MAPPING=y
# CONFIG_ZSMALLOC_STAT is not set
CONFIG_GENERIC_EARLY_IOREMAP=y
CONFIG_ARCH_SUPPORTS_DEFERRED_STRUCT_PAGE_INIT=y
CONFIG_DEFERRED_STRUCT_PAGE_INIT=y
CONFIG_IDLE_PAGE_TRACKING=y
CONFIG_ARCH_HAS_ZONE_DEVICE=y
# CONFIG_ZONE_DEVICE is not set
CONFIG_FRAME_VECTOR=y
CONFIG_ARCH_USES_HIGH_VMA_FLAGS=y
CONFIG_ARCH_HAS_PKEYS=y
CONFIG_PERCPU_STATS=y
# CONFIG_GUP_BENCHMARK is not set
CONFIG_X86_CHECK_BIOS_CORRUPTION=y
CONFIG_X86_BOOTPARAM_MEMORY_CORRUPTION_CHECK=y
CONFIG_X86_RESERVE_LOW=64
CONFIG_MTRR=y
CONFIG_MTRR_SANITIZER=y
CONFIG_MTRR_SANITIZER_ENABLE_DEFAULT=0
CONFIG_MTRR_SANITIZER_SPARE_REG_NR_DEFAULT=1
CONFIG_X86_PAT=y
CONFIG_ARCH_USES_PG_UNCACHED=y
# CONFIG_ARCH_RANDOM is not set
# CONFIG_X86_SMAP is not set
# CONFIG_X86_INTEL_UMIP is not set
# CONFIG_X86_INTEL_MPX is not set
CONFIG_X86_INTEL_MEMORY_PROTECTION_KEYS=y
# CONFIG_EFI is not set
# CONFIG_SECCOMP is not set
# CONFIG_HZ_100 is not set
CONFIG_HZ_250=y
# CONFIG_HZ_300 is not set
# CONFIG_HZ_1000 is not set
CONFIG_HZ=250
CONFIG_SCHED_HRTICK=y
# CONFIG_KEXEC is not set
# CONFIG_KEXEC_FILE is not set
# CONFIG_CRASH_DUMP is not set
CONFIG_PHYSICAL_START=0x1000000
# CONFIG_RELOCATABLE is not set
CONFIG_PHYSICAL_ALIGN=0x200000
# CONFIG_COMPAT_VDSO is not set
# CONFIG_LEGACY_VSYSCALL_NATIVE is not set
CONFIG_LEGACY_VSYSCALL_EMULATE=y
# CONFIG_LEGACY_VSYSCALL_NONE is not set
# CONFIG_CMDLINE_BOOL is not set
CONFIG_MODIFY_LDT_SYSCALL=y
CONFIG_HAVE_LIVEPATCH=y
CONFIG_ARCH_HAS_ADD_PAGES=y
CONFIG_ARCH_ENABLE_MEMORY_HOTPLUG=y
CONFIG_ARCH_ENABLE_MEMORY_HOTREMOVE=y

#
# Power management and ACPI options
#
# CONFIG_SUSPEND is not set
CONFIG_HIBERNATE_CALLBACKS=y
CONFIG_PM_SLEEP=y
# CONFIG_PM_AUTOSLEEP is not set
# CONFIG_PM_WAKELOCKS is not set
CONFIG_PM=y
CONFIG_PM_DEBUG=y
CONFIG_PM_ADVANCED_DEBUG=y
CONFIG_PM_SLEEP_DEBUG=y
# CONFIG_DPM_WATCHDOG is not set
# CONFIG_PM_TRACE_RTC is not set
CONFIG_PM_CLK=y
# CONFIG_WQ_POWER_EFFICIENT_DEFAULT is not set
CONFIG_ACPI=y
CONFIG_ACPI_LEGACY_TABLES_LOOKUP=y
CONFIG_ARCH_MIGHT_HAVE_ACPI_PDC=y
CONFIG_ACPI_SYSTEM_POWER_STATES_SUPPORT=y
# CONFIG_ACPI_DEBUGGER is not set
CONFIG_ACPI_LPIT=y
# CONFIG_ACPI_PROCFS_POWER is not set
CONFIG_ACPI_REV_OVERRIDE_POSSIBLE=y
# CONFIG_ACPI_EC_DEBUGFS is not set
CONFIG_ACPI_AC=y
CONFIG_ACPI_BATTERY=y
CONFIG_ACPI_BUTTON=y
# CONFIG_ACPI_VIDEO is not set
CONFIG_ACPI_FAN=y
# CONFIG_ACPI_DOCK is not set
CONFIG_ACPI_CPU_FREQ_PSS=y
CONFIG_ACPI_PROCESSOR_CSTATE=y
CONFIG_ACPI_PROCESSOR_IDLE=y
CONFIG_ACPI_PROCESSOR=y
# CONFIG_ACPI_IPMI is not set
# CONFIG_ACPI_PROCESSOR_AGGREGATOR is not set
CONFIG_ACPI_THERMAL=y
CONFIG_ACPI_CUSTOM_DSDT_FILE=""
# CONFIG_ACPI_CUSTOM_DSDT is not set
CONFIG_ARCH_HAS_ACPI_TABLE_UPGRADE=y
CONFIG_ACPI_TABLE_UPGRADE=y
# CONFIG_ACPI_DEBUG is not set
# CONFIG_ACPI_PCI_SLOT is not set
CONFIG_X86_PM_TIMER=y
# CONFIG_ACPI_CONTAINER is not set
# CONFIG_ACPI_HOTPLUG_MEMORY is not set
CONFIG_ACPI_HOTPLUG_IOAPIC=y
# CONFIG_ACPI_SBS is not set
# CONFIG_ACPI_HED is not set
# CONFIG_ACPI_CUSTOM_METHOD is not set
# CONFIG_ACPI_REDUCED_HARDWARE_ONLY is not set
CONFIG_HAVE_ACPI_APEI=y
CONFIG_HAVE_ACPI_APEI_NMI=y
# CONFIG_ACPI_APEI is not set
# CONFIG_DPTF_POWER is not set
# CONFIG_PMIC_OPREGION is not set
# CONFIG_ACPI_CONFIGFS is not set
CONFIG_SFI=y

#
# CPU Frequency scaling
#
CONFIG_CPU_FREQ=y
CONFIG_CPU_FREQ_GOV_ATTR_SET=y
CONFIG_CPU_FREQ_GOV_COMMON=y
CONFIG_CPU_FREQ_STAT=y
CONFIG_CPU_FREQ_DEFAULT_GOV_PERFORMANCE=y
# CONFIG_CPU_FREQ_DEFAULT_GOV_POWERSAVE is not set
# CONFIG_CPU_FREQ_DEFAULT_GOV_USERSPACE is not set
# CONFIG_CPU_FREQ_DEFAULT_GOV_ONDEMAND is not set
# CONFIG_CPU_FREQ_DEFAULT_GOV_CONSERVATIVE is not set
CONFIG_CPU_FREQ_GOV_PERFORMANCE=y
CONFIG_CPU_FREQ_GOV_POWERSAVE=y
# CONFIG_CPU_FREQ_GOV_USERSPACE is not set
CONFIG_CPU_FREQ_GOV_ONDEMAND=m
# CONFIG_CPU_FREQ_GOV_CONSERVATIVE is not set

#
# CPU frequency scaling drivers
#
# CONFIG_CPUFREQ_DT is not set
# CONFIG_X86_INTEL_PSTATE is not set
# CONFIG_X86_PCC_CPUFREQ is not set
# CONFIG_X86_ACPI_CPUFREQ is not set
# CONFIG_X86_SPEEDSTEP_CENTRINO is not set
CONFIG_X86_P4_CLOCKMOD=y

#
# shared options
#
CONFIG_X86_SPEEDSTEP_LIB=y

#
# CPU Idle
#
CONFIG_CPU_IDLE=y
CONFIG_CPU_IDLE_GOV_LADDER=y
CONFIG_CPU_IDLE_GOV_MENU=y
# CONFIG_ARCH_NEEDS_CPU_IDLE_COUPLED is not set
# CONFIG_INTEL_IDLE is not set

#
# Bus options (PCI etc.)
#
CONFIG_PCI=y
CONFIG_PCI_DIRECT=y
# CONFIG_PCI_MMCONFIG is not set
CONFIG_PCI_XEN=y
CONFIG_PCI_DOMAINS=y
# CONFIG_PCI_CNB20LE_QUIRK is not set
# CONFIG_PCIEPORTBUS is not set
CONFIG_PCI_BUS_ADDR_T_64BIT=y
# CONFIG_PCI_MSI is not set
CONFIG_PCI_QUIRKS=y
# CONFIG_PCI_DEBUG is not set
# CONFIG_PCI_STUB is not set
CONFIG_XEN_PCIDEV_FRONTEND=y
CONFIG_HT_IRQ=y
CONFIG_PCI_LOCKLESS_CONFIG=y
# CONFIG_PCI_IOV is not set
# CONFIG_PCI_PRI is not set
# CONFIG_PCI_PASID is not set
CONFIG_PCI_LABEL=y
# CONFIG_HOTPLUG_PCI is not set

#
# DesignWare PCI Core Support
#

#
# PCI host controller drivers
#

#
# PCI Endpoint
#
CONFIG_PCI_ENDPOINT=y
# CONFIG_PCI_ENDPOINT_CONFIGFS is not set
CONFIG_PCI_EPF_TEST=m

#
# PCI switch controller drivers
#
# CONFIG_PCI_SW_SWITCHTEC is not set
CONFIG_ISA_BUS=y
# CONFIG_ISA_DMA_API is not set
CONFIG_AMD_NB=y
CONFIG_PCCARD=y
CONFIG_PCMCIA=y
# CONFIG_PCMCIA_LOAD_CIS is not set
CONFIG_CARDBUS=y

#
# PC-card bridges
#
# CONFIG_YENTA is not set
# CONFIG_PD6729 is not set
# CONFIG_I82092 is not set
# CONFIG_RAPIDIO is not set
CONFIG_X86_SYSFB=y

#
# Executable file formats / Emulations
#
CONFIG_BINFMT_ELF=y
CONFIG_COMPAT_BINFMT_ELF=y
CONFIG_ELFCORE=y
CONFIG_BINFMT_SCRIPT=y
# CONFIG_HAVE_AOUT is not set
CONFIG_BINFMT_MISC=m
CONFIG_COREDUMP=y
CONFIG_IA32_EMULATION=y
# CONFIG_IA32_AOUT is not set
CONFIG_X86_X32=y
CONFIG_COMPAT_32=y
CONFIG_COMPAT=y
CONFIG_COMPAT_FOR_U64_ALIGNMENT=y
CONFIG_X86_DEV_DMA_OPS=y
CONFIG_NET=y

#
# Networking options
#
# CONFIG_PACKET is not set
CONFIG_UNIX=y
# CONFIG_UNIX_DIAG is not set
# CONFIG_NET_KEY is not set
# CONFIG_INET is not set
# CONFIG_NETWORK_SECMARK is not set
# CONFIG_NET_PTP_CLASSIFY is not set
# CONFIG_NETWORK_PHY_TIMESTAMPING is not set
# CONFIG_NETFILTER is not set
# CONFIG_ATM is not set
# CONFIG_BRIDGE is not set
# CONFIG_VLAN_8021Q is not set
# CONFIG_DECNET is not set
# CONFIG_LLC2 is not set
# CONFIG_IPX is not set
# CONFIG_ATALK is not set
# CONFIG_X25 is not set
# CONFIG_LAPB is not set
# CONFIG_PHONET is not set
# CONFIG_IEEE802154 is not set
# CONFIG_NET_SCHED is not set
# CONFIG_DCB is not set
# CONFIG_DNS_RESOLVER is not set
# CONFIG_BATMAN_ADV is not set
# CONFIG_VSOCKETS is not set
# CONFIG_NETLINK_DIAG is not set
# CONFIG_MPLS is not set
# CONFIG_NET_NSH is not set
# CONFIG_HSR is not set
# CONFIG_CGROUP_NET_PRIO is not set
# CONFIG_CGROUP_NET_CLASSID is not set
CONFIG_NET_RX_BUSY_POLL=y
CONFIG_BQL=y
# CONFIG_BPF_JIT is not set
# CONFIG_BPF_STREAM_PARSER is not set

#
# Network testing
#
# CONFIG_HAMRADIO is not set
# CONFIG_CAN is not set
# CONFIG_BT is not set
# CONFIG_STREAM_PARSER is not set
CONFIG_WIRELESS=y
# CONFIG_CFG80211 is not set
CONFIG_CFG80211_REQUIRE_SIGNED_REGDB=y
CONFIG_CFG80211_USE_KERNEL_REGDB_KEYS=y
# CONFIG_LIB80211 is not set

#
# CFG80211 needs to be enabled for MAC80211
#
CONFIG_MAC80211_STA_HASH_MAX_SIZE=0
# CONFIG_WIMAX is not set
# CONFIG_RFKILL is not set
# CONFIG_NET_9P is not set
# CONFIG_CAIF is not set
# CONFIG_NFC is not set
# CONFIG_PSAMPLE is not set
# CONFIG_NET_IFE is not set
# CONFIG_LWTUNNEL is not set
# CONFIG_DST_CACHE is not set
# CONFIG_GRO_CELLS is not set
# CONFIG_NET_DEVLINK is not set
CONFIG_MAY_USE_DEVLINK=y
CONFIG_HAVE_EBPF_JIT=y

#
# Device Drivers
#

#
# Generic Driver Options
#
# CONFIG_UEVENT_HELPER is not set
CONFIG_DEVTMPFS=y
CONFIG_DEVTMPFS_MOUNT=y
# CONFIG_STANDALONE is not set
CONFIG_PREVENT_FIRMWARE_BUILD=y
CONFIG_FW_LOADER=y
# CONFIG_FIRMWARE_IN_KERNEL is not set
CONFIG_EXTRA_FIRMWARE=""
CONFIG_FW_LOADER_USER_HELPER=y
# CONFIG_FW_LOADER_USER_HELPER_FALLBACK is not set
CONFIG_ALLOW_DEV_COREDUMP=y
# CONFIG_DEBUG_DRIVER is not set
CONFIG_DEBUG_DEVRES=y
# CONFIG_DEBUG_TEST_DRIVER_REMOVE is not set
# CONFIG_TEST_ASYNC_DRIVER_PROBE is not set
# CONFIG_SYS_HYPERVISOR is not set
# CONFIG_GENERIC_CPU_DEVICES is not set
CONFIG_GENERIC_CPU_AUTOPROBE=y
CONFIG_REGMAP=y
CONFIG_REGMAP_I2C=y
CONFIG_REGMAP_SPI=y
CONFIG_REGMAP_SPMI=m
CONFIG_REGMAP_W1=m
CONFIG_REGMAP_MMIO=y
CONFIG_REGMAP_IRQ=y
CONFIG_DMA_SHARED_BUFFER=y
# CONFIG_DMA_FENCE_TRACE is not set
CONFIG_DMA_CMA=y

#
# Default contiguous memory area size:
#
CONFIG_CMA_SIZE_MBYTES=0
CONFIG_CMA_SIZE_SEL_MBYTES=y
# CONFIG_CMA_SIZE_SEL_PERCENTAGE is not set
# CONFIG_CMA_SIZE_SEL_MIN is not set
# CONFIG_CMA_SIZE_SEL_MAX is not set
CONFIG_CMA_ALIGNMENT=8

#
# Bus devices
#
# CONFIG_SIMPLE_PM_BUS is not set
# CONFIG_CONNECTOR is not set
# CONFIG_MTD is not set
CONFIG_OF=y
# CONFIG_OF_UNITTEST is not set
CONFIG_OF_KOBJ=y
CONFIG_OF_ADDRESS=y
CONFIG_OF_ADDRESS_PCI=y
CONFIG_OF_IRQ=y
CONFIG_OF_PCI=y
CONFIG_OF_PCI_IRQ=y
# CONFIG_OF_OVERLAY is not set
CONFIG_ARCH_MIGHT_HAVE_PC_PARPORT=y
# CONFIG_PARPORT is not set
CONFIG_PNP=y
CONFIG_PNP_DEBUG_MESSAGES=y

#
# Protocols
#
CONFIG_PNPACPI=y

#
# NVME Support
#

#
# Misc devices
#
# CONFIG_SENSORS_LIS3LV02D is not set
CONFIG_AD525X_DPOT=m
CONFIG_AD525X_DPOT_I2C=m
CONFIG_AD525X_DPOT_SPI=m
# CONFIG_DUMMY_IRQ is not set
# CONFIG_IBM_ASM is not set
# CONFIG_PHANTOM is not set
# CONFIG_SGI_IOC4 is not set
# CONFIG_TIFM_CORE is not set
CONFIG_ICS932S401=y
CONFIG_ENCLOSURE_SERVICES=y
# CONFIG_HP_ILO is not set
CONFIG_APDS9802ALS=m
CONFIG_ISL29003=m
CONFIG_ISL29020=y
# CONFIG_SENSORS_TSL2550 is not set
# CONFIG_SENSORS_BH1770 is not set
CONFIG_SENSORS_APDS990X=m
# CONFIG_HMC6352 is not set
CONFIG_DS1682=y
CONFIG_USB_SWITCH_FSA9480=m
# CONFIG_LATTICE_ECP3_CONFIG is not set
# CONFIG_SRAM is not set
# CONFIG_PCI_ENDPOINT_TEST is not set
# CONFIG_C2PORT is not set

#
# EEPROM support
#
CONFIG_EEPROM_AT24=m
CONFIG_EEPROM_AT25=m
CONFIG_EEPROM_LEGACY=m
CONFIG_EEPROM_MAX6875=m
CONFIG_EEPROM_93CX6=m
CONFIG_EEPROM_93XX46=y
# CONFIG_EEPROM_IDT_89HPESX is not set
# CONFIG_CB710_CORE is not set

#
# Texas Instruments shared transport line discipline
#
# CONFIG_TI_ST is not set
# CONFIG_SENSORS_LIS3_I2C is not set
CONFIG_ALTERA_STAPL=y
# CONFIG_INTEL_MEI is not set
# CONFIG_INTEL_MEI_ME is not set
# CONFIG_INTEL_MEI_TXE is not set
# CONFIG_VMWARE_VMCI is not set

#
# Intel MIC & related support
#

#
# Intel MIC Bus Driver
#
# CONFIG_INTEL_MIC_BUS is not set

#
# SCIF Bus Driver
#
# CONFIG_SCIF_BUS is not set

#
# VOP Bus Driver
#
# CONFIG_VOP_BUS is not set

#
# Intel MIC Host Driver
#

#
# Intel MIC Card Driver
#

#
# SCIF Driver
#

#
# Intel MIC Coprocessor State Management (COSM) Drivers
#

#
# VOP Driver
#
# CONFIG_GENWQE is not set
# CONFIG_ECHO is not set
# CONFIG_CXL_BASE is not set
# CONFIG_CXL_AFU_DRIVER_OPS is not set
# CONFIG_CXL_LIB is not set
CONFIG_HAVE_IDE=y

#
# SCSI device support
#
CONFIG_SCSI_MOD=y
# CONFIG_SCSI_DMA is not set
# CONFIG_SCSI_NETLINK is not set
# CONFIG_FUSION is not set

#
# IEEE 1394 (FireWire) support
#
# CONFIG_FIREWIRE is not set
# CONFIG_FIREWIRE_NOSY is not set
CONFIG_MACINTOSH_DRIVERS=y
# CONFIG_MAC_EMUMOUSEBTN is not set
# CONFIG_NETDEVICES is not set

#
# Input device support
#
CONFIG_INPUT=y
CONFIG_INPUT_LEDS=y
# CONFIG_INPUT_FF_MEMLESS is not set
# CONFIG_INPUT_POLLDEV is not set
# CONFIG_INPUT_SPARSEKMAP is not set
# CONFIG_INPUT_MATRIXKMAP is not set

#
# Userland interfaces
#
# CONFIG_INPUT_MOUSEDEV is not set
# CONFIG_INPUT_JOYDEV is not set
# CONFIG_INPUT_EVDEV is not set
# CONFIG_INPUT_EVBUG is not set

#
# Input Device Drivers
#
CONFIG_INPUT_KEYBOARD=y
# CONFIG_KEYBOARD_ADC is not set
# CONFIG_KEYBOARD_ADP5520 is not set
# CONFIG_KEYBOARD_ADP5588 is not set
# CONFIG_KEYBOARD_ADP5589 is not set
CONFIG_KEYBOARD_ATKBD=y
# CONFIG_KEYBOARD_QT1070 is not set
# CONFIG_KEYBOARD_QT2160 is not set
# CONFIG_KEYBOARD_DLINK_DIR685 is not set
# CONFIG_KEYBOARD_LKKBD is not set
# CONFIG_KEYBOARD_GPIO is not set
# CONFIG_KEYBOARD_GPIO_POLLED is not set
# CONFIG_KEYBOARD_TCA6416 is not set
# CONFIG_KEYBOARD_TCA8418 is not set
# CONFIG_KEYBOARD_MATRIX is not set
# CONFIG_KEYBOARD_LM8323 is not set
# CONFIG_KEYBOARD_LM8333 is not set
# CONFIG_KEYBOARD_MAX7359 is not set
# CONFIG_KEYBOARD_MCS is not set
# CONFIG_KEYBOARD_MPR121 is not set
# CONFIG_KEYBOARD_NEWTON is not set
# CONFIG_KEYBOARD_OPENCORES is not set
# CONFIG_KEYBOARD_SAMSUNG is not set
# CONFIG_KEYBOARD_STOWAWAY is not set
# CONFIG_KEYBOARD_SUNKBD is not set
# CONFIG_KEYBOARD_STMPE is not set
# CONFIG_KEYBOARD_OMAP4 is not set
# CONFIG_KEYBOARD_TM2_TOUCHKEY is not set
# CONFIG_KEYBOARD_XTKBD is not set
# CONFIG_KEYBOARD_CAP11XX is not set
# CONFIG_KEYBOARD_BCM is not set
CONFIG_INPUT_MOUSE=y
CONFIG_MOUSE_PS2=y
CONFIG_MOUSE_PS2_ALPS=y
CONFIG_MOUSE_PS2_BYD=y
CONFIG_MOUSE_PS2_LOGIPS2PP=y
CONFIG_MOUSE_PS2_SYNAPTICS=y
CONFIG_MOUSE_PS2_SYNAPTICS_SMBUS=y
CONFIG_MOUSE_PS2_CYPRESS=y
CONFIG_MOUSE_PS2_TRACKPOINT=y
# CONFIG_MOUSE_PS2_ELANTECH is not set
# CONFIG_MOUSE_PS2_SENTELIC is not set
# CONFIG_MOUSE_PS2_TOUCHKIT is not set
CONFIG_MOUSE_PS2_FOCALTECH=y
# CONFIG_MOUSE_PS2_VMMOUSE is not set
CONFIG_MOUSE_PS2_SMBUS=y
# CONFIG_MOUSE_SERIAL is not set
# CONFIG_MOUSE_APPLETOUCH is not set
# CONFIG_MOUSE_BCM5974 is not set
# CONFIG_MOUSE_CYAPA is not set
# CONFIG_MOUSE_ELAN_I2C is not set
# CONFIG_MOUSE_VSXXXAA is not set
# CONFIG_MOUSE_GPIO is not set
# CONFIG_MOUSE_SYNAPTICS_I2C is not set
# CONFIG_MOUSE_SYNAPTICS_USB is not set
# CONFIG_INPUT_JOYSTICK is not set
# CONFIG_INPUT_TABLET is not set
# CONFIG_INPUT_TOUCHSCREEN is not set
# CONFIG_INPUT_MISC is not set
# CONFIG_RMI4_CORE is not set

#
# Hardware I/O ports
#
CONFIG_SERIO=y
CONFIG_ARCH_MIGHT_HAVE_PC_SERIO=y
CONFIG_SERIO_I8042=y
CONFIG_SERIO_SERPORT=y
# CONFIG_SERIO_CT82C710 is not set
# CONFIG_SERIO_PCIPS2 is not set
CONFIG_SERIO_LIBPS2=y
CONFIG_SERIO_RAW=m
# CONFIG_SERIO_ALTERA_PS2 is not set
# CONFIG_SERIO_PS2MULT is not set
# CONFIG_SERIO_ARC_PS2 is not set
# CONFIG_SERIO_APBPS2 is not set
# CONFIG_SERIO_GPIO_PS2 is not set
CONFIG_USERIO=m
CONFIG_GAMEPORT=y
CONFIG_GAMEPORT_NS558=y
# CONFIG_GAMEPORT_L4 is not set
# CONFIG_GAMEPORT_EMU10K1 is not set
# CONFIG_GAMEPORT_FM801 is not set

#
# Character devices
#
CONFIG_TTY=y
# CONFIG_VT is not set
CONFIG_UNIX98_PTYS=y
CONFIG_LEGACY_PTYS=y
CONFIG_LEGACY_PTY_COUNT=256
# CONFIG_SERIAL_NONSTANDARD is not set
# CONFIG_NOZOMI is not set
# CONFIG_N_GSM is not set
# CONFIG_TRACE_SINK is not set
# CONFIG_DEVMEM is not set
CONFIG_DEVKMEM=y

#
# Serial drivers
#
CONFIG_SERIAL_EARLYCON=y
CONFIG_SERIAL_8250=y
CONFIG_SERIAL_8250_DEPRECATED_OPTIONS=y
CONFIG_SERIAL_8250_PNP=y
# CONFIG_SERIAL_8250_FINTEK is not set
CONFIG_SERIAL_8250_CONSOLE=y
CONFIG_SERIAL_8250_PCI=y
CONFIG_SERIAL_8250_EXAR=y
# CONFIG_SERIAL_8250_CS is not set
# CONFIG_SERIAL_8250_MEN_MCB is not set
CONFIG_SERIAL_8250_NR_UARTS=4
CONFIG_SERIAL_8250_RUNTIME_UARTS=4
# CONFIG_SERIAL_8250_EXTENDED is not set
# CONFIG_SERIAL_8250_ASPEED_VUART is not set
# CONFIG_SERIAL_8250_FSL is not set
# CONFIG_SERIAL_8250_DW is not set
# CONFIG_SERIAL_8250_RT288X is not set
CONFIG_SERIAL_8250_LPSS=y
CONFIG_SERIAL_8250_MID=y
# CONFIG_SERIAL_8250_MOXA is not set
# CONFIG_SERIAL_OF_PLATFORM is not set

#
# Non-8250 serial port support
#
# CONFIG_SERIAL_MAX3100 is not set
# CONFIG_SERIAL_MAX310X is not set
# CONFIG_SERIAL_UARTLITE is not set
CONFIG_SERIAL_CORE=y
CONFIG_SERIAL_CORE_CONSOLE=y
# CONFIG_SERIAL_JSM is not set
# CONFIG_SERIAL_SCCNXP is not set
# CONFIG_SERIAL_SC16IS7XX is not set
# CONFIG_SERIAL_ALTERA_JTAGUART is not set
# CONFIG_SERIAL_ALTERA_UART is not set
# CONFIG_SERIAL_IFX6X60 is not set
# CONFIG_SERIAL_XILINX_PS_UART is not set
# CONFIG_SERIAL_ARC is not set
# CONFIG_SERIAL_RP2 is not set
# CONFIG_SERIAL_FSL_LPUART is not set
# CONFIG_SERIAL_CONEXANT_DIGICOLOR is not set
# CONFIG_SERIAL_MEN_Z135 is not set
CONFIG_SERIAL_DEV_BUS=y
# CONFIG_SERIAL_DEV_CTRL_TTYPORT is not set
# CONFIG_TTY_PRINTK is not set
CONFIG_HVC_DRIVER=y
CONFIG_HVC_IRQ=y
CONFIG_HVC_XEN=y
CONFIG_HVC_XEN_FRONTEND=y
# CONFIG_VIRTIO_CONSOLE is not set
CONFIG_IPMI_HANDLER=m
CONFIG_IPMI_PROC_INTERFACE=y
CONFIG_IPMI_PANIC_EVENT=y
# CONFIG_IPMI_PANIC_STRING is not set
# CONFIG_IPMI_DEVICE_INTERFACE is not set
CONFIG_IPMI_SI=m
CONFIG_IPMI_SSIF=m
# CONFIG_IPMI_WATCHDOG is not set
CONFIG_IPMI_POWEROFF=m
CONFIG_HW_RANDOM=y
CONFIG_HW_RANDOM_TIMERIOMEM=m
CONFIG_HW_RANDOM_INTEL=y
CONFIG_HW_RANDOM_AMD=y
CONFIG_HW_RANDOM_VIA=y
# CONFIG_HW_RANDOM_VIRTIO is not set
CONFIG_HW_RANDOM_TPM=m
CONFIG_NVRAM=y
# CONFIG_R3964 is not set
# CONFIG_APPLICOM is not set

#
# PCMCIA character devices
#
# CONFIG_SYNCLINK_CS is not set
# CONFIG_CARDMAN_4000 is not set
# CONFIG_CARDMAN_4040 is not set
CONFIG_SCR24X=m
# CONFIG_MWAVE is not set
# CONFIG_HPET is not set
# CONFIG_HANGCHECK_TIMER is not set
CONFIG_TCG_TPM=m
# CONFIG_TCG_TIS is not set
# CONFIG_TCG_TIS_SPI is not set
CONFIG_TCG_TIS_I2C_ATMEL=m
CONFIG_TCG_TIS_I2C_INFINEON=m
CONFIG_TCG_TIS_I2C_NUVOTON=m
# CONFIG_TCG_NSC is not set
CONFIG_TCG_ATMEL=m
# CONFIG_TCG_INFINEON is not set
CONFIG_TCG_XEN=m
# CONFIG_TCG_CRB is not set
CONFIG_TCG_VTPM_PROXY=m
CONFIG_TCG_TIS_ST33ZP24=m
CONFIG_TCG_TIS_ST33ZP24_I2C=m
# CONFIG_TCG_TIS_ST33ZP24_SPI is not set
# CONFIG_TELCLOCK is not set
CONFIG_DEVPORT=y
CONFIG_XILLYBUS=y
# CONFIG_XILLYBUS_OF is not set

#
# I2C support
#
CONFIG_I2C=y
CONFIG_ACPI_I2C_OPREGION=y
CONFIG_I2C_BOARDINFO=y
CONFIG_I2C_COMPAT=y
# CONFIG_I2C_CHARDEV is not set
CONFIG_I2C_MUX=m

#
# Multiplexer I2C Chip support
#
# CONFIG_I2C_ARB_GPIO_CHALLENGE is not set
CONFIG_I2C_MUX_GPIO=m
CONFIG_I2C_MUX_GPMUX=m
CONFIG_I2C_MUX_LTC4306=m
CONFIG_I2C_MUX_PCA9541=m
CONFIG_I2C_MUX_PCA954x=m
# CONFIG_I2C_MUX_REG is not set
CONFIG_I2C_MUX_MLXCPLD=m
# CONFIG_I2C_HELPER_AUTO is not set
CONFIG_I2C_SMBUS=m

#
# I2C Algorithms
#
CONFIG_I2C_ALGOBIT=y
CONFIG_I2C_ALGOPCF=m
CONFIG_I2C_ALGOPCA=m

#
# I2C Hardware Bus support
#

#
# PC SMBus host controller drivers
#
# CONFIG_I2C_ALI1535 is not set
# CONFIG_I2C_ALI1563 is not set
# CONFIG_I2C_ALI15X3 is not set
# CONFIG_I2C_AMD756 is not set
# CONFIG_I2C_AMD8111 is not set
# CONFIG_I2C_I801 is not set
# CONFIG_I2C_ISCH is not set
# CONFIG_I2C_ISMT is not set
# CONFIG_I2C_PIIX4 is not set
# CONFIG_I2C_NFORCE2 is not set
# CONFIG_I2C_SIS5595 is not set
# CONFIG_I2C_SIS630 is not set
# CONFIG_I2C_SIS96X is not set
# CONFIG_I2C_VIA is not set
# CONFIG_I2C_VIAPRO is not set

#
# ACPI drivers
#
# CONFIG_I2C_SCMI is not set

#
# I2C system bus drivers (mostly embedded / system-on-chip)
#
CONFIG_I2C_CBUS_GPIO=y
# CONFIG_I2C_DESIGNWARE_PLATFORM is not set
# CONFIG_I2C_DESIGNWARE_PCI is not set
# CONFIG_I2C_EMEV2 is not set
CONFIG_I2C_GPIO=y
CONFIG_I2C_OCORES=y
CONFIG_I2C_PCA_PLATFORM=m
# CONFIG_I2C_PXA_PCI is not set
# CONFIG_I2C_RK3X is not set
CONFIG_I2C_SIMTEC=y
CONFIG_I2C_XILINX=y

#
# External I2C/SMBus adapter drivers
#
CONFIG_I2C_DIOLAN_U2C=y
CONFIG_I2C_PARPORT_LIGHT=m
CONFIG_I2C_ROBOTFUZZ_OSIF=y
# CONFIG_I2C_TAOS_EVM is not set
CONFIG_I2C_TINY_USB=y
CONFIG_I2C_VIPERBOARD=m

#
# Other I2C/SMBus bus drivers
#
CONFIG_I2C_MLXCPLD=m
CONFIG_I2C_STUB=m
CONFIG_I2C_SLAVE=y
CONFIG_I2C_SLAVE_EEPROM=m
# CONFIG_I2C_DEBUG_CORE is not set
# CONFIG_I2C_DEBUG_ALGO is not set
# CONFIG_I2C_DEBUG_BUS is not set
CONFIG_SPI=y
# CONFIG_SPI_DEBUG is not set
CONFIG_SPI_MASTER=y

#
# SPI Master Controller Drivers
#
# CONFIG_SPI_ALTERA is not set
CONFIG_SPI_AXI_SPI_ENGINE=y
CONFIG_SPI_BITBANG=y
# CONFIG_SPI_CADENCE is not set
CONFIG_SPI_DESIGNWARE=m
# CONFIG_SPI_DW_PCI is not set
CONFIG_SPI_DW_MMIO=m
CONFIG_SPI_GPIO=y
CONFIG_SPI_FSL_LIB=y
CONFIG_SPI_FSL_SPI=y
CONFIG_SPI_OC_TINY=m
# CONFIG_SPI_PXA2XX is not set
# CONFIG_SPI_PXA2XX_PCI is not set
CONFIG_SPI_ROCKCHIP=y
CONFIG_SPI_SC18IS602=y
CONFIG_SPI_XCOMM=m
CONFIG_SPI_XILINX=y
CONFIG_SPI_ZYNQMP_GQSPI=m

#
# SPI Protocol Masters
#
CONFIG_SPI_SPIDEV=m
# CONFIG_SPI_LOOPBACK_TEST is not set
CONFIG_SPI_TLE62X0=y
CONFIG_SPI_SLAVE=y
CONFIG_SPI_SLAVE_TIME=y
CONFIG_SPI_SLAVE_SYSTEM_CONTROL=m
CONFIG_SPMI=y
CONFIG_HSI=y
CONFIG_HSI_BOARDINFO=y

#
# HSI controllers
#

#
# HSI clients
#
# CONFIG_HSI_CHAR is not set
CONFIG_PPS=y
# CONFIG_PPS_DEBUG is not set
# CONFIG_NTP_PPS is not set

#
# PPS clients support
#
CONFIG_PPS_CLIENT_KTIMER=m
# CONFIG_PPS_CLIENT_LDISC is not set
CONFIG_PPS_CLIENT_GPIO=m

#
# PPS generators support
#

#
# PTP clock support
#
# CONFIG_PTP_1588_CLOCK is not set

#
# Enable PHYLIB and NETWORK_PHY_TIMESTAMPING to see the additional clocks.
#
# CONFIG_PINCTRL is not set
CONFIG_GPIOLIB=y
CONFIG_OF_GPIO=y
CONFIG_GPIO_ACPI=y
CONFIG_GPIOLIB_IRQCHIP=y
CONFIG_DEBUG_GPIO=y
CONFIG_GPIO_SYSFS=y
CONFIG_GPIO_GENERIC=m
CONFIG_GPIO_MAX730X=y

#
# Memory mapped GPIO drivers
#
# CONFIG_GPIO_74XX_MMIO is not set
CONFIG_GPIO_ALTERA=m
# CONFIG_GPIO_AMDPT is not set
CONFIG_GPIO_DWAPB=m
# CONFIG_GPIO_EXAR is not set
# CONFIG_GPIO_FTGPIO010 is not set
CONFIG_GPIO_GENERIC_PLATFORM=m
CONFIG_GPIO_GRGPIO=m
# CONFIG_GPIO_ICH is not set
# CONFIG_GPIO_LYNXPOINT is not set
# CONFIG_GPIO_MB86S7X is not set
# CONFIG_GPIO_MENZ127 is not set
CONFIG_GPIO_MOCKUP=y
CONFIG_GPIO_SYSCON=m
# CONFIG_GPIO_VX855 is not set
CONFIG_GPIO_XILINX=y

#
# Port-mapped I/O GPIO drivers
#
# CONFIG_GPIO_F7188X is not set
CONFIG_GPIO_IT87=m
# CONFIG_GPIO_SCH is not set
CONFIG_GPIO_SCH311X=y
CONFIG_GPIO_WS16C48=m

#
# I2C GPIO expanders
#
CONFIG_GPIO_ADP5588=y
CONFIG_GPIO_ADP5588_IRQ=y
CONFIG_GPIO_ADNP=y
CONFIG_GPIO_MAX7300=y
CONFIG_GPIO_MAX732X=y
# CONFIG_GPIO_MAX732X_IRQ is not set
# CONFIG_GPIO_PCA953X is not set
CONFIG_GPIO_PCF857X=m
CONFIG_GPIO_TPIC2810=m

#
# MFD GPIO expanders
#
CONFIG_GPIO_ADP5520=y
CONFIG_GPIO_ARIZONA=y
# CONFIG_GPIO_BD9571MWV is not set
# CONFIG_GPIO_DA9052 is not set
# CONFIG_GPIO_DA9055 is not set
CONFIG_GPIO_LP3943=m
CONFIG_GPIO_LP873X=y
CONFIG_GPIO_LP87565=m
# CONFIG_GPIO_PALMAS is not set
CONFIG_GPIO_RC5T583=y
CONFIG_GPIO_STMPE=y
CONFIG_GPIO_TPS6586X=y
# CONFIG_GPIO_TPS65912 is not set
# CONFIG_GPIO_UCB1400 is not set
CONFIG_GPIO_WM831X=y
CONFIG_GPIO_WM8994=y

#
# PCI GPIO expanders
#
# CONFIG_GPIO_AMD8111 is not set
# CONFIG_GPIO_BT8XX is not set
# CONFIG_GPIO_ML_IOH is not set
# CONFIG_GPIO_PCI_IDIO_16 is not set
# CONFIG_GPIO_RDC321X is not set
# CONFIG_GPIO_SODAVILLE is not set

#
# SPI GPIO expanders
#
CONFIG_GPIO_74X164=m
# CONFIG_GPIO_MAX3191X is not set
CONFIG_GPIO_MAX7301=y
# CONFIG_GPIO_MC33880 is not set
CONFIG_GPIO_PISOSR=m
CONFIG_GPIO_XRA1403=m

#
# USB GPIO expanders
#
CONFIG_GPIO_VIPERBOARD=m
CONFIG_W1=y

#
# 1-wire Bus Masters
#
# CONFIG_W1_MASTER_MATROX is not set
CONFIG_W1_MASTER_DS2490=m
# CONFIG_W1_MASTER_DS2482 is not set
CONFIG_W1_MASTER_DS1WM=m
CONFIG_W1_MASTER_GPIO=m

#
# 1-wire Slaves
#
CONFIG_W1_SLAVE_THERM=m
CONFIG_W1_SLAVE_SMEM=m
CONFIG_W1_SLAVE_DS2405=y
# CONFIG_W1_SLAVE_DS2408 is not set
CONFIG_W1_SLAVE_DS2413=y
CONFIG_W1_SLAVE_DS2406=m
# CONFIG_W1_SLAVE_DS2423 is not set
CONFIG_W1_SLAVE_DS2805=m
# CONFIG_W1_SLAVE_DS2431 is not set
# CONFIG_W1_SLAVE_DS2433 is not set
# CONFIG_W1_SLAVE_DS2438 is not set
CONFIG_W1_SLAVE_DS2760=y
CONFIG_W1_SLAVE_DS2780=y
CONFIG_W1_SLAVE_DS2781=y
CONFIG_W1_SLAVE_DS28E04=m
# CONFIG_W1_SLAVE_DS28E17 is not set
# CONFIG_POWER_AVS is not set
# CONFIG_POWER_RESET is not set
CONFIG_POWER_SUPPLY=y
# CONFIG_POWER_SUPPLY_DEBUG is not set
CONFIG_PDA_POWER=y
# CONFIG_GENERIC_ADC_BATTERY is not set
CONFIG_WM831X_BACKUP=y
# CONFIG_WM831X_POWER is not set
CONFIG_TEST_POWER=y
CONFIG_BATTERY_DS2760=y
CONFIG_BATTERY_DS2780=y
CONFIG_BATTERY_DS2781=y
CONFIG_BATTERY_DS2782=y
CONFIG_BATTERY_LEGO_EV3=m
CONFIG_BATTERY_SBS=y
# CONFIG_CHARGER_SBS is not set
# CONFIG_MANAGER_SBS is not set
CONFIG_BATTERY_BQ27XXX=m
# CONFIG_BATTERY_BQ27XXX_I2C is not set
CONFIG_BATTERY_BQ27XXX_HDQ=m
# CONFIG_BATTERY_DA9052 is not set
CONFIG_BATTERY_DA9150=y
CONFIG_BATTERY_MAX17040=m
CONFIG_BATTERY_MAX17042=y
CONFIG_BATTERY_MAX1721X=m
CONFIG_CHARGER_PCF50633=m
CONFIG_CHARGER_ISP1704=m
# CONFIG_CHARGER_MAX8903 is not set
CONFIG_CHARGER_LP8727=y
CONFIG_CHARGER_GPIO=m
# CONFIG_CHARGER_MANAGER is not set
# CONFIG_CHARGER_LTC3651 is not set
CONFIG_CHARGER_MAX14577=m
CONFIG_CHARGER_DETECTOR_MAX14656=y
# CONFIG_CHARGER_BQ2415X is not set
CONFIG_CHARGER_BQ24190=y
# CONFIG_CHARGER_BQ24257 is not set
CONFIG_CHARGER_BQ24735=y
CONFIG_CHARGER_BQ25890=m
CONFIG_CHARGER_SMB347=y
CONFIG_CHARGER_TPS65090=m
CONFIG_CHARGER_TPS65217=m
# CONFIG_BATTERY_GAUGE_LTC2941 is not set
CONFIG_BATTERY_RT5033=m
# CONFIG_CHARGER_RT9455 is not set
CONFIG_HWMON=y
CONFIG_HWMON_VID=y
# CONFIG_HWMON_DEBUG_CHIP is not set

#
# Native drivers
#
# CONFIG_SENSORS_AD7314 is not set
CONFIG_SENSORS_AD7414=y
# CONFIG_SENSORS_AD7418 is not set
# CONFIG_SENSORS_ADM1021 is not set
# CONFIG_SENSORS_ADM1025 is not set
# CONFIG_SENSORS_ADM1026 is not set
CONFIG_SENSORS_ADM1029=m
CONFIG_SENSORS_ADM1031=m
CONFIG_SENSORS_ADM9240=m
CONFIG_SENSORS_ADT7X10=y
# CONFIG_SENSORS_ADT7310 is not set
CONFIG_SENSORS_ADT7410=y
# CONFIG_SENSORS_ADT7411 is not set
CONFIG_SENSORS_ADT7462=y
# CONFIG_SENSORS_ADT7470 is not set
CONFIG_SENSORS_ADT7475=y
# CONFIG_SENSORS_ASC7621 is not set
# CONFIG_SENSORS_K8TEMP is not set
# CONFIG_SENSORS_K10TEMP is not set
# CONFIG_SENSORS_FAM15H_POWER is not set
# CONFIG_SENSORS_APPLESMC is not set
CONFIG_SENSORS_ASB100=m
CONFIG_SENSORS_ASPEED=m
CONFIG_SENSORS_ATXP1=m
# CONFIG_SENSORS_DS620 is not set
CONFIG_SENSORS_DS1621=y
# CONFIG_SENSORS_DELL_SMM is not set
CONFIG_SENSORS_DA9052_ADC=y
CONFIG_SENSORS_DA9055=m
# CONFIG_SENSORS_I5K_AMB is not set
CONFIG_SENSORS_F71805F=y
# CONFIG_SENSORS_F71882FG is not set
CONFIG_SENSORS_F75375S=m
CONFIG_SENSORS_MC13783_ADC=m
CONFIG_SENSORS_FSCHMD=m
CONFIG_SENSORS_FTSTEUTATES=m
# CONFIG_SENSORS_GL518SM is not set
CONFIG_SENSORS_GL520SM=m
CONFIG_SENSORS_G760A=m
CONFIG_SENSORS_G762=m
CONFIG_SENSORS_GPIO_FAN=m
CONFIG_SENSORS_HIH6130=y
# CONFIG_SENSORS_IBMAEM is not set
# CONFIG_SENSORS_IBMPEX is not set
# CONFIG_SENSORS_IIO_HWMON is not set
# CONFIG_SENSORS_I5500 is not set
CONFIG_SENSORS_CORETEMP=y
# CONFIG_SENSORS_IT87 is not set
CONFIG_SENSORS_JC42=y
CONFIG_SENSORS_POWR1220=m
CONFIG_SENSORS_LINEAGE=y
CONFIG_SENSORS_LTC2945=m
# CONFIG_SENSORS_LTC2990 is not set
# CONFIG_SENSORS_LTC4151 is not set
CONFIG_SENSORS_LTC4215=m
CONFIG_SENSORS_LTC4222=m
CONFIG_SENSORS_LTC4245=y
CONFIG_SENSORS_LTC4260=y
CONFIG_SENSORS_LTC4261=m
CONFIG_SENSORS_MAX1111=m
# CONFIG_SENSORS_MAX16065 is not set
CONFIG_SENSORS_MAX1619=y
# CONFIG_SENSORS_MAX1668 is not set
CONFIG_SENSORS_MAX197=m
CONFIG_SENSORS_MAX31722=y
# CONFIG_SENSORS_MAX6621 is not set
CONFIG_SENSORS_MAX6639=m
# CONFIG_SENSORS_MAX6642 is not set
# CONFIG_SENSORS_MAX6650 is not set
CONFIG_SENSORS_MAX6697=m
# CONFIG_SENSORS_MAX31790 is not set
CONFIG_SENSORS_MCP3021=m
CONFIG_SENSORS_TC654=m
CONFIG_SENSORS_MENF21BMC_HWMON=y
CONFIG_SENSORS_ADCXX=y
# CONFIG_SENSORS_LM63 is not set
# CONFIG_SENSORS_LM70 is not set
CONFIG_SENSORS_LM73=y
# CONFIG_SENSORS_LM75 is not set
CONFIG_SENSORS_LM77=m
# CONFIG_SENSORS_LM78 is not set
CONFIG_SENSORS_LM80=y
CONFIG_SENSORS_LM83=y
CONFIG_SENSORS_LM85=m
CONFIG_SENSORS_LM87=y
# CONFIG_SENSORS_LM90 is not set
CONFIG_SENSORS_LM92=y
CONFIG_SENSORS_LM93=m
CONFIG_SENSORS_LM95234=y
CONFIG_SENSORS_LM95241=y
CONFIG_SENSORS_LM95245=y
# CONFIG_SENSORS_PC87360 is not set
CONFIG_SENSORS_PC87427=y
# CONFIG_SENSORS_NTC_THERMISTOR is not set
CONFIG_SENSORS_NCT6683=m
CONFIG_SENSORS_NCT6775=y
# CONFIG_SENSORS_NCT7802 is not set
CONFIG_SENSORS_NCT7904=y
# CONFIG_SENSORS_PCF8591 is not set
CONFIG_PMBUS=m
CONFIG_SENSORS_PMBUS=m
CONFIG_SENSORS_ADM1275=m
CONFIG_SENSORS_IBM_CFFPS=m
# CONFIG_SENSORS_IR35221 is not set
CONFIG_SENSORS_LM25066=m
# CONFIG_SENSORS_LTC2978 is not set
CONFIG_SENSORS_LTC3815=m
CONFIG_SENSORS_MAX16064=m
# CONFIG_SENSORS_MAX20751 is not set
# CONFIG_SENSORS_MAX31785 is not set
# CONFIG_SENSORS_MAX34440 is not set
CONFIG_SENSORS_MAX8688=m
CONFIG_SENSORS_TPS40422=m
# CONFIG_SENSORS_TPS53679 is not set
CONFIG_SENSORS_UCD9000=m
CONFIG_SENSORS_UCD9200=m
# CONFIG_SENSORS_ZL6100 is not set
CONFIG_SENSORS_PWM_FAN=y
CONFIG_SENSORS_SHT15=y
CONFIG_SENSORS_SHT21=y
CONFIG_SENSORS_SHT3x=y
# CONFIG_SENSORS_SHTC1 is not set
# CONFIG_SENSORS_SIS5595 is not set
CONFIG_SENSORS_DME1737=m
CONFIG_SENSORS_EMC1403=m
CONFIG_SENSORS_EMC2103=y
CONFIG_SENSORS_EMC6W201=y
CONFIG_SENSORS_SMSC47M1=m
CONFIG_SENSORS_SMSC47M192=y
CONFIG_SENSORS_SMSC47B397=y
# CONFIG_SENSORS_SCH56XX_COMMON is not set
# CONFIG_SENSORS_SCH5627 is not set
# CONFIG_SENSORS_SCH5636 is not set
CONFIG_SENSORS_STTS751=y
CONFIG_SENSORS_SMM665=m
CONFIG_SENSORS_ADC128D818=y
# CONFIG_SENSORS_ADS1015 is not set
CONFIG_SENSORS_ADS7828=y
# CONFIG_SENSORS_ADS7871 is not set
CONFIG_SENSORS_AMC6821=y
# CONFIG_SENSORS_INA209 is not set
# CONFIG_SENSORS_INA2XX is not set
CONFIG_SENSORS_INA3221=m
CONFIG_SENSORS_TC74=m
CONFIG_SENSORS_THMC50=m
# CONFIG_SENSORS_TMP102 is not set
CONFIG_SENSORS_TMP103=y
CONFIG_SENSORS_TMP108=m
CONFIG_SENSORS_TMP401=y
CONFIG_SENSORS_TMP421=y
CONFIG_SENSORS_VIA_CPUTEMP=y
# CONFIG_SENSORS_VIA686A is not set
# CONFIG_SENSORS_VT1211 is not set
# CONFIG_SENSORS_VT8231 is not set
# CONFIG_SENSORS_W83781D is not set
# CONFIG_SENSORS_W83791D is not set
# CONFIG_SENSORS_W83792D is not set
CONFIG_SENSORS_W83793=m
# CONFIG_SENSORS_W83795 is not set
CONFIG_SENSORS_W83L785TS=m
# CONFIG_SENSORS_W83L786NG is not set
CONFIG_SENSORS_W83627HF=m
# CONFIG_SENSORS_W83627EHF is not set
# CONFIG_SENSORS_WM831X is not set

#
# ACPI drivers
#
# CONFIG_SENSORS_ACPI_POWER is not set
# CONFIG_SENSORS_ATK0110 is not set
CONFIG_THERMAL=y
CONFIG_THERMAL_EMERGENCY_POWEROFF_DELAY_MS=0
CONFIG_THERMAL_HWMON=y
CONFIG_THERMAL_OF=y
# CONFIG_THERMAL_WRITABLE_TRIPS is not set
CONFIG_THERMAL_DEFAULT_GOV_STEP_WISE=y
# CONFIG_THERMAL_DEFAULT_GOV_FAIR_SHARE is not set
# CONFIG_THERMAL_DEFAULT_GOV_USER_SPACE is not set
# CONFIG_THERMAL_DEFAULT_GOV_POWER_ALLOCATOR is not set
# CONFIG_THERMAL_GOV_FAIR_SHARE is not set
CONFIG_THERMAL_GOV_STEP_WISE=y
# CONFIG_THERMAL_GOV_BANG_BANG is not set
# CONFIG_THERMAL_GOV_USER_SPACE is not set
# CONFIG_THERMAL_GOV_POWER_ALLOCATOR is not set
# CONFIG_CPU_THERMAL is not set
# CONFIG_THERMAL_EMULATION is not set
# CONFIG_QORIQ_THERMAL is not set
# CONFIG_DA9062_THERMAL is not set
# CONFIG_INTEL_POWERCLAMP is not set
# CONFIG_INTEL_SOC_DTS_THERMAL is not set

#
# ACPI INT340X thermal drivers
#
# CONFIG_INT340X_THERMAL is not set
# CONFIG_INTEL_PCH_THERMAL is not set
# CONFIG_QCOM_SPMI_TEMP_ALARM is not set
# CONFIG_GENERIC_ADC_THERMAL is not set
CONFIG_WATCHDOG=y
CONFIG_WATCHDOG_CORE=y
# CONFIG_WATCHDOG_NOWAYOUT is not set
CONFIG_WATCHDOG_HANDLE_BOOT_ENABLED=y
CONFIG_WATCHDOG_SYSFS=y

#
# Watchdog Device Drivers
#
# CONFIG_SOFT_WATCHDOG is not set
CONFIG_DA9052_WATCHDOG=y
CONFIG_DA9055_WATCHDOG=m
CONFIG_DA9063_WATCHDOG=y
# CONFIG_DA9062_WATCHDOG is not set
# CONFIG_GPIO_WATCHDOG is not set
CONFIG_MENF21BMC_WATCHDOG=m
# CONFIG_WDAT_WDT is not set
CONFIG_WM831X_WATCHDOG=m
CONFIG_XILINX_WATCHDOG=y
CONFIG_ZIIRAVE_WATCHDOG=y
CONFIG_CADENCE_WATCHDOG=m
CONFIG_DW_WATCHDOG=y
CONFIG_RN5T618_WATCHDOG=m
CONFIG_MAX63XX_WATCHDOG=y
CONFIG_ACQUIRE_WDT=m
# CONFIG_ADVANTECH_WDT is not set
# CONFIG_ALIM1535_WDT is not set
# CONFIG_ALIM7101_WDT is not set
CONFIG_EBC_C384_WDT=m
# CONFIG_F71808E_WDT is not set
# CONFIG_SP5100_TCO is not set
CONFIG_SBC_FITPC2_WATCHDOG=m
# CONFIG_EUROTECH_WDT is not set
CONFIG_IB700_WDT=y
# CONFIG_IBMASR is not set
CONFIG_WAFER_WDT=m
# CONFIG_I6300ESB_WDT is not set
# CONFIG_IE6XX_WDT is not set
# CONFIG_ITCO_WDT is not set
CONFIG_IT8712F_WDT=y
CONFIG_IT87_WDT=m
# CONFIG_HP_WATCHDOG is not set
CONFIG_SC1200_WDT=y
CONFIG_PC87413_WDT=y
# CONFIG_NV_TCO is not set
CONFIG_60XX_WDT=m
CONFIG_CPU5_WDT=y
CONFIG_SMSC_SCH311X_WDT=m
CONFIG_SMSC37B787_WDT=m
# CONFIG_VIA_WDT is not set
CONFIG_W83627HF_WDT=m
CONFIG_W83877F_WDT=m
CONFIG_W83977F_WDT=y
CONFIG_MACHZ_WDT=y
CONFIG_SBC_EPX_C3_WATCHDOG=y
# CONFIG_NI903X_WDT is not set
# CONFIG_NIC7018_WDT is not set
CONFIG_MEN_A21_WDT=m
# CONFIG_XEN_WDT is not set

#
# PCI-based Watchdog Cards
#
# CONFIG_PCIPCWATCHDOG is not set
# CONFIG_WDTPCI is not set

#
# USB-based Watchdog Cards
#
CONFIG_USBPCWATCHDOG=m

#
# Watchdog Pretimeout Governors
#
CONFIG_WATCHDOG_PRETIMEOUT_GOV=y
CONFIG_WATCHDOG_PRETIMEOUT_DEFAULT_GOV_NOOP=y
# CONFIG_WATCHDOG_PRETIMEOUT_DEFAULT_GOV_PANIC is not set
CONFIG_WATCHDOG_PRETIMEOUT_GOV_NOOP=y
CONFIG_WATCHDOG_PRETIMEOUT_GOV_PANIC=y
CONFIG_SSB_POSSIBLE=y

#
# Sonics Silicon Backplane
#
CONFIG_SSB=y
CONFIG_SSB_SPROM=y
CONFIG_SSB_PCIHOST_POSSIBLE=y
CONFIG_SSB_PCIHOST=y
# CONFIG_SSB_B43_PCI_BRIDGE is not set
CONFIG_SSB_PCMCIAHOST_POSSIBLE=y
# CONFIG_SSB_PCMCIAHOST is not set
CONFIG_SSB_SILENT=y
CONFIG_SSB_DRIVER_PCICORE_POSSIBLE=y
# CONFIG_SSB_DRIVER_PCICORE is not set
CONFIG_SSB_DRIVER_GPIO=y
CONFIG_BCMA_POSSIBLE=y
CONFIG_BCMA=y
CONFIG_BCMA_HOST_PCI_POSSIBLE=y
CONFIG_BCMA_HOST_PCI=y
CONFIG_BCMA_HOST_SOC=y
CONFIG_BCMA_DRIVER_PCI=y
CONFIG_BCMA_SFLASH=y
# CONFIG_BCMA_DRIVER_GMAC_CMN is not set
CONFIG_BCMA_DRIVER_GPIO=y
CONFIG_BCMA_DEBUG=y

#
# Multifunction device drivers
#
CONFIG_MFD_CORE=y
# CONFIG_MFD_ACT8945A is not set
# CONFIG_MFD_AS3711 is not set
# CONFIG_MFD_AS3722 is not set
CONFIG_PMIC_ADP5520=y
CONFIG_MFD_AAT2870_CORE=y
# CONFIG_MFD_ATMEL_FLEXCOM is not set
# CONFIG_MFD_ATMEL_HLCDC is not set
CONFIG_MFD_BCM590XX=y
CONFIG_MFD_BD9571MWV=m
# CONFIG_MFD_AXP20X_I2C is not set
# CONFIG_MFD_CROS_EC is not set
# CONFIG_PMIC_DA903X is not set
CONFIG_PMIC_DA9052=y
CONFIG_MFD_DA9052_SPI=y
# CONFIG_MFD_DA9052_I2C is not set
CONFIG_MFD_DA9055=y
CONFIG_MFD_DA9062=y
CONFIG_MFD_DA9063=y
CONFIG_MFD_DA9150=y
# CONFIG_MFD_DLN2 is not set
CONFIG_MFD_MC13XXX=m
# CONFIG_MFD_MC13XXX_SPI is not set
CONFIG_MFD_MC13XXX_I2C=m
# CONFIG_MFD_HI6421_PMIC is not set
CONFIG_HTC_PASIC3=m
CONFIG_HTC_I2CPLD=y
# CONFIG_MFD_INTEL_QUARK_I2C_GPIO is not set
# CONFIG_LPC_ICH is not set
# CONFIG_LPC_SCH is not set
# CONFIG_INTEL_SOC_PMIC is not set
# CONFIG_INTEL_SOC_PMIC_CHTWC is not set
# CONFIG_INTEL_SOC_PMIC_CHTDC_TI is not set
# CONFIG_MFD_INTEL_LPSS_ACPI is not set
# CONFIG_MFD_INTEL_LPSS_PCI is not set
# CONFIG_MFD_JANZ_CMODIO is not set
# CONFIG_MFD_KEMPLD is not set
CONFIG_MFD_88PM800=y
CONFIG_MFD_88PM805=y
# CONFIG_MFD_88PM860X is not set
CONFIG_MFD_MAX14577=m
# CONFIG_MFD_MAX77620 is not set
CONFIG_MFD_MAX77686=m
# CONFIG_MFD_MAX77693 is not set
CONFIG_MFD_MAX77843=y
# CONFIG_MFD_MAX8907 is not set
# CONFIG_MFD_MAX8925 is not set
# CONFIG_MFD_MAX8997 is not set
# CONFIG_MFD_MAX8998 is not set
CONFIG_MFD_MT6397=y
CONFIG_MFD_MENF21BMC=y
# CONFIG_EZX_PCAP is not set
# CONFIG_MFD_CPCAP is not set
CONFIG_MFD_VIPERBOARD=m
# CONFIG_MFD_RETU is not set
CONFIG_MFD_PCF50633=m
CONFIG_PCF50633_ADC=m
CONFIG_PCF50633_GPIO=m
CONFIG_UCB1400_CORE=m
# CONFIG_MFD_RDC321X is not set
# CONFIG_MFD_RTSX_PCI is not set
CONFIG_MFD_RT5033=m
CONFIG_MFD_RTSX_USB=y
CONFIG_MFD_RC5T583=y
# CONFIG_MFD_RK808 is not set
CONFIG_MFD_RN5T618=m
# CONFIG_MFD_SEC_CORE is not set
CONFIG_MFD_SI476X_CORE=y
CONFIG_MFD_SM501=m
CONFIG_MFD_SM501_GPIO=y
CONFIG_MFD_SKY81452=m
# CONFIG_MFD_SMSC is not set
# CONFIG_ABX500_CORE is not set
CONFIG_MFD_STMPE=y

#
# STMicroelectronics STMPE Interface Drivers
#
CONFIG_STMPE_I2C=y
CONFIG_STMPE_SPI=y
CONFIG_MFD_SYSCON=y
# CONFIG_MFD_TI_AM335X_TSCADC is not set
CONFIG_MFD_LP3943=m
# CONFIG_MFD_LP8788 is not set
CONFIG_MFD_TI_LMU=m
CONFIG_MFD_PALMAS=y
CONFIG_TPS6105X=y
# CONFIG_TPS65010 is not set
CONFIG_TPS6507X=y
# CONFIG_MFD_TPS65086 is not set
CONFIG_MFD_TPS65090=y
CONFIG_MFD_TPS65217=m
# CONFIG_MFD_TPS68470 is not set
CONFIG_MFD_TI_LP873X=y
CONFIG_MFD_TI_LP87565=y
# CONFIG_MFD_TPS65218 is not set
CONFIG_MFD_TPS6586X=y
# CONFIG_MFD_TPS65910 is not set
CONFIG_MFD_TPS65912=y
CONFIG_MFD_TPS65912_I2C=m
CONFIG_MFD_TPS65912_SPI=y
# CONFIG_MFD_TPS80031 is not set
# CONFIG_TWL4030_CORE is not set
# CONFIG_TWL6040_CORE is not set
# CONFIG_MFD_WL1273_CORE is not set
# CONFIG_MFD_LM3533 is not set
# CONFIG_MFD_TC3589X is not set
# CONFIG_MFD_TMIO is not set
# CONFIG_MFD_VX855 is not set
CONFIG_MFD_ARIZONA=y
CONFIG_MFD_ARIZONA_I2C=y
CONFIG_MFD_ARIZONA_SPI=m
# CONFIG_MFD_CS47L24 is not set
CONFIG_MFD_WM5102=y
# CONFIG_MFD_WM5110 is not set
CONFIG_MFD_WM8997=y
CONFIG_MFD_WM8998=y
# CONFIG_MFD_WM8400 is not set
CONFIG_MFD_WM831X=y
# CONFIG_MFD_WM831X_I2C is not set
CONFIG_MFD_WM831X_SPI=y
# CONFIG_MFD_WM8350_I2C is not set
CONFIG_MFD_WM8994=y
CONFIG_REGULATOR=y
# CONFIG_REGULATOR_DEBUG is not set
CONFIG_REGULATOR_FIXED_VOLTAGE=y
CONFIG_REGULATOR_VIRTUAL_CONSUMER=m
CONFIG_REGULATOR_USERSPACE_CONSUMER=m
CONFIG_REGULATOR_88PM800=m
CONFIG_REGULATOR_ACT8865=y
# CONFIG_REGULATOR_AD5398 is not set
# CONFIG_REGULATOR_ANATOP is not set
CONFIG_REGULATOR_AAT2870=m
CONFIG_REGULATOR_ARIZONA_LDO1=m
# CONFIG_REGULATOR_ARIZONA_MICSUPP is not set
CONFIG_REGULATOR_BCM590XX=m
# CONFIG_REGULATOR_BD9571MWV is not set
CONFIG_REGULATOR_DA9052=m
# CONFIG_REGULATOR_DA9055 is not set
# CONFIG_REGULATOR_DA9062 is not set
CONFIG_REGULATOR_DA9063=m
# CONFIG_REGULATOR_DA9210 is not set
CONFIG_REGULATOR_DA9211=y
CONFIG_REGULATOR_FAN53555=m
CONFIG_REGULATOR_GPIO=y
CONFIG_REGULATOR_ISL9305=m
CONFIG_REGULATOR_ISL6271A=y
# CONFIG_REGULATOR_LM363X is not set
CONFIG_REGULATOR_LP3971=y
# CONFIG_REGULATOR_LP3972 is not set
# CONFIG_REGULATOR_LP872X is not set
# CONFIG_REGULATOR_LP873X is not set
CONFIG_REGULATOR_LP8755=m
CONFIG_REGULATOR_LP87565=y
# CONFIG_REGULATOR_LTC3589 is not set
CONFIG_REGULATOR_LTC3676=m
# CONFIG_REGULATOR_MAX14577 is not set
CONFIG_REGULATOR_MAX1586=y
# CONFIG_REGULATOR_MAX8649 is not set
# CONFIG_REGULATOR_MAX8660 is not set
CONFIG_REGULATOR_MAX8952=m
# CONFIG_REGULATOR_MAX8973 is not set
CONFIG_REGULATOR_MAX77686=m
CONFIG_REGULATOR_MAX77693=y
CONFIG_REGULATOR_MAX77802=m
CONFIG_REGULATOR_MC13XXX_CORE=m
CONFIG_REGULATOR_MC13783=m
CONFIG_REGULATOR_MC13892=m
CONFIG_REGULATOR_MT6311=m
# CONFIG_REGULATOR_MT6323 is not set
CONFIG_REGULATOR_MT6397=m
CONFIG_REGULATOR_PALMAS=m
CONFIG_REGULATOR_PCF50633=m
CONFIG_REGULATOR_PFUZE100=y
# CONFIG_REGULATOR_PV88060 is not set
CONFIG_REGULATOR_PV88080=y
CONFIG_REGULATOR_PV88090=y
CONFIG_REGULATOR_PWM=y
CONFIG_REGULATOR_QCOM_SPMI=m
# CONFIG_REGULATOR_RC5T583 is not set
CONFIG_REGULATOR_RN5T618=m
# CONFIG_REGULATOR_RT5033 is not set
# CONFIG_REGULATOR_SKY81452 is not set
CONFIG_REGULATOR_TPS51632=y
CONFIG_REGULATOR_TPS6105X=m
CONFIG_REGULATOR_TPS62360=y
CONFIG_REGULATOR_TPS65023=y
# CONFIG_REGULATOR_TPS6507X is not set
# CONFIG_REGULATOR_TPS65090 is not set
CONFIG_REGULATOR_TPS65132=y
# CONFIG_REGULATOR_TPS65217 is not set
CONFIG_REGULATOR_TPS6524X=y
CONFIG_REGULATOR_TPS6586X=m
CONFIG_REGULATOR_TPS65912=y
CONFIG_REGULATOR_VCTRL=m
CONFIG_REGULATOR_WM831X=y
CONFIG_REGULATOR_WM8994=y
CONFIG_CEC_CORE=y
CONFIG_RC_CORE=y
CONFIG_RC_MAP=y
CONFIG_RC_DECODERS=y
# CONFIG_LIRC is not set
CONFIG_IR_NEC_DECODER=y
CONFIG_IR_RC5_DECODER=y
CONFIG_IR_RC6_DECODER=y
CONFIG_IR_JVC_DECODER=y
CONFIG_IR_SONY_DECODER=y
CONFIG_IR_SANYO_DECODER=y
CONFIG_IR_SHARP_DECODER=y
CONFIG_IR_MCE_KBD_DECODER=y
CONFIG_IR_XMP_DECODER=y
# CONFIG_RC_DEVICES is not set
CONFIG_MEDIA_SUPPORT=m

#
# Multimedia core support
#
CONFIG_MEDIA_CAMERA_SUPPORT=y
# CONFIG_MEDIA_ANALOG_TV_SUPPORT is not set
CONFIG_MEDIA_DIGITAL_TV_SUPPORT=y
CONFIG_MEDIA_RADIO_SUPPORT=y
# CONFIG_MEDIA_SDR_SUPPORT is not set
CONFIG_MEDIA_CEC_SUPPORT=y
# CONFIG_MEDIA_CEC_RC is not set
# CONFIG_MEDIA_CONTROLLER is not set
CONFIG_VIDEO_DEV=m
CONFIG_VIDEO_V4L2=m
# CONFIG_VIDEO_ADV_DEBUG is not set
CONFIG_VIDEO_FIXED_MINOR_RANGES=y
# CONFIG_VIDEO_PCI_SKELETON is not set
CONFIG_V4L2_MEM2MEM_DEV=m
CONFIG_V4L2_FWNODE=m
CONFIG_VIDEOBUF2_CORE=m
CONFIG_VIDEOBUF2_MEMOPS=m
CONFIG_VIDEOBUF2_DMA_CONTIG=m
CONFIG_VIDEOBUF2_VMALLOC=m
CONFIG_DVB_CORE=m
# CONFIG_TTPCI_EEPROM is not set
CONFIG_DVB_MAX_ADAPTERS=16
CONFIG_DVB_DYNAMIC_MINORS=y
# CONFIG_DVB_DEMUX_SECTION_LOSS_LOG is not set

#
# Media drivers
#
# CONFIG_MEDIA_USB_SUPPORT is not set
# CONFIG_MEDIA_PCI_SUPPORT is not set
CONFIG_V4L_PLATFORM_DRIVERS=y
# CONFIG_VIDEO_CAFE_CCIC is not set
# CONFIG_SOC_CAMERA is not set
CONFIG_V4L_MEM2MEM_DRIVERS=y
# CONFIG_VIDEO_SH_VEU is not set
CONFIG_V4L_TEST_DRIVERS=y
CONFIG_VIDEO_VIVID=m
CONFIG_VIDEO_VIVID_CEC=y
CONFIG_VIDEO_VIVID_MAX_DEVS=64
CONFIG_VIDEO_VIM2M=m
# CONFIG_DVB_PLATFORM_DRIVERS is not set
# CONFIG_CEC_PLATFORM_DRIVERS is not set

#
# Supported MMC/SDIO adapters
#
CONFIG_RADIO_ADAPTERS=y
CONFIG_RADIO_TEA575X=m
# CONFIG_RADIO_SI470X is not set
CONFIG_RADIO_SI4713=m
CONFIG_USB_SI4713=m
# CONFIG_PLATFORM_SI4713 is not set
CONFIG_I2C_SI4713=m
# CONFIG_RADIO_SI476X is not set
# CONFIG_USB_MR800 is not set
CONFIG_USB_DSBR=m
# CONFIG_RADIO_MAXIRADIO is not set
CONFIG_RADIO_SHARK=m
CONFIG_RADIO_SHARK2=m
CONFIG_USB_KEENE=m
CONFIG_USB_RAREMONO=m
CONFIG_USB_MA901=m
CONFIG_RADIO_TEA5764=m
CONFIG_RADIO_SAA7706H=m
CONFIG_RADIO_TEF6862=m
# CONFIG_RADIO_WL1273 is not set

#
# Texas Instruments WL128x FM driver (ST based)
#
# CONFIG_CYPRESS_FIRMWARE is not set
CONFIG_VIDEO_V4L2_TPG=m

#
# Media ancillary drivers (tuners, sensors, i2c, spi, frontends)
#
# CONFIG_MEDIA_SUBDRV_AUTOSELECT is not set
CONFIG_MEDIA_ATTACH=y
CONFIG_VIDEO_IR_I2C=m

#
# I2C Encoders, decoders, sensors and other helper chips
#

#
# Audio decoders, processors and mixers
#
# CONFIG_VIDEO_TVAUDIO is not set
CONFIG_VIDEO_TDA7432=m
# CONFIG_VIDEO_TDA9840 is not set
# CONFIG_VIDEO_TEA6415C is not set
CONFIG_VIDEO_TEA6420=m
CONFIG_VIDEO_MSP3400=m
CONFIG_VIDEO_CS3308=m
CONFIG_VIDEO_CS5345=m
CONFIG_VIDEO_CS53L32A=m
CONFIG_VIDEO_TLV320AIC23B=m
CONFIG_VIDEO_UDA1342=m
# CONFIG_VIDEO_WM8775 is not set
CONFIG_VIDEO_WM8739=m
CONFIG_VIDEO_VP27SMPX=m
CONFIG_VIDEO_SONY_BTF_MPX=m

#
# RDS decoders
#
CONFIG_VIDEO_SAA6588=m

#
# Video decoders
#
CONFIG_VIDEO_ADV7183=m
CONFIG_VIDEO_BT819=m
# CONFIG_VIDEO_BT856 is not set
CONFIG_VIDEO_BT866=m
# CONFIG_VIDEO_KS0127 is not set
CONFIG_VIDEO_ML86V7667=m
CONFIG_VIDEO_SAA7110=m
# CONFIG_VIDEO_SAA711X is not set
CONFIG_VIDEO_TVP514X=m
CONFIG_VIDEO_TVP5150=m
CONFIG_VIDEO_TVP7002=m
CONFIG_VIDEO_TW2804=m
CONFIG_VIDEO_TW9903=m
CONFIG_VIDEO_TW9906=m
# CONFIG_VIDEO_VPX3220 is not set

#
# Video and audio decoders
#
# CONFIG_VIDEO_SAA717X is not set
CONFIG_VIDEO_CX25840=m

#
# Video encoders
#
# CONFIG_VIDEO_SAA7127 is not set
# CONFIG_VIDEO_SAA7185 is not set
CONFIG_VIDEO_ADV7170=m
# CONFIG_VIDEO_ADV7175 is not set
# CONFIG_VIDEO_ADV7343 is not set
CONFIG_VIDEO_ADV7393=m
CONFIG_VIDEO_AK881X=m
CONFIG_VIDEO_THS8200=m

#
# Camera sensor devices
#
# CONFIG_VIDEO_OV2640 is not set
# CONFIG_VIDEO_OV2659 is not set
CONFIG_VIDEO_OV6650=m
# CONFIG_VIDEO_OV7640 is not set
# CONFIG_VIDEO_OV7670 is not set
CONFIG_VIDEO_VS6624=m
# CONFIG_VIDEO_MT9M111 is not set
CONFIG_VIDEO_MT9V011=m
CONFIG_VIDEO_SR030PC30=m

#
# Flash devices
#

#
# Video improvement chips
#
CONFIG_VIDEO_UPD64031A=m
# CONFIG_VIDEO_UPD64083 is not set

#
# Audio/Video compression chips
#
# CONFIG_VIDEO_SAA6752HS is not set

#
# SDR tuner chips
#

#
# Miscellaneous helper chips
#
# CONFIG_VIDEO_THS7303 is not set
CONFIG_VIDEO_M52790=m

#
# Sensors used on soc_camera driver
#

#
# SPI helper chips
#
CONFIG_MEDIA_TUNER=m

#
# Customize TV tuners
#
CONFIG_MEDIA_TUNER_SIMPLE=m
# CONFIG_MEDIA_TUNER_TDA8290 is not set
# CONFIG_MEDIA_TUNER_TDA827X is not set
# CONFIG_MEDIA_TUNER_TDA18271 is not set
CONFIG_MEDIA_TUNER_TDA9887=m
# CONFIG_MEDIA_TUNER_TEA5761 is not set
CONFIG_MEDIA_TUNER_TEA5767=m
CONFIG_MEDIA_TUNER_MSI001=m
CONFIG_MEDIA_TUNER_MT20XX=m
# CONFIG_MEDIA_TUNER_MT2060 is not set
# CONFIG_MEDIA_TUNER_MT2063 is not set
# CONFIG_MEDIA_TUNER_MT2266 is not set
# CONFIG_MEDIA_TUNER_MT2131 is not set
# CONFIG_MEDIA_TUNER_QT1010 is not set
CONFIG_MEDIA_TUNER_XC2028=m
CONFIG_MEDIA_TUNER_XC5000=m
# CONFIG_MEDIA_TUNER_XC4000 is not set
CONFIG_MEDIA_TUNER_MXL5005S=m
CONFIG_MEDIA_TUNER_MXL5007T=m
CONFIG_MEDIA_TUNER_MC44S803=m
CONFIG_MEDIA_TUNER_MAX2165=m
CONFIG_MEDIA_TUNER_TDA18218=m
CONFIG_MEDIA_TUNER_FC0011=m
# CONFIG_MEDIA_TUNER_FC0012 is not set
CONFIG_MEDIA_TUNER_FC0013=m
CONFIG_MEDIA_TUNER_TDA18212=m
CONFIG_MEDIA_TUNER_E4000=m
# CONFIG_MEDIA_TUNER_FC2580 is not set
# CONFIG_MEDIA_TUNER_M88RS6000T is not set
CONFIG_MEDIA_TUNER_TUA9001=m
CONFIG_MEDIA_TUNER_SI2157=m
# CONFIG_MEDIA_TUNER_IT913X is not set
CONFIG_MEDIA_TUNER_R820T=m
CONFIG_MEDIA_TUNER_MXL301RF=m
CONFIG_MEDIA_TUNER_QM1D1C0042=m

#
# Customise DVB Frontends
#

#
# Multistandard (satellite) frontends
#
CONFIG_DVB_STB0899=m
# CONFIG_DVB_STB6100 is not set
CONFIG_DVB_STV090x=m
CONFIG_DVB_STV0910=m
# CONFIG_DVB_STV6110x is not set
CONFIG_DVB_STV6111=m
CONFIG_DVB_MXL5XX=m
# CONFIG_DVB_M88DS3103 is not set

#
# Multistandard (cable + terrestrial) frontends
#
CONFIG_DVB_DRXK=m
# CONFIG_DVB_TDA18271C2DD is not set
# CONFIG_DVB_SI2165 is not set
CONFIG_DVB_MN88472=m
CONFIG_DVB_MN88473=m

#
# DVB-S (satellite) frontends
#
# CONFIG_DVB_CX24110 is not set
CONFIG_DVB_CX24123=m
# CONFIG_DVB_MT312 is not set
CONFIG_DVB_ZL10036=m
# CONFIG_DVB_ZL10039 is not set
CONFIG_DVB_S5H1420=m
# CONFIG_DVB_STV0288 is not set
CONFIG_DVB_STB6000=m
# CONFIG_DVB_STV0299 is not set
# CONFIG_DVB_STV6110 is not set
CONFIG_DVB_STV0900=m
# CONFIG_DVB_TDA8083 is not set
CONFIG_DVB_TDA10086=m
CONFIG_DVB_TDA8261=m
CONFIG_DVB_VES1X93=m
CONFIG_DVB_TUNER_ITD1000=m
CONFIG_DVB_TUNER_CX24113=m
CONFIG_DVB_TDA826X=m
# CONFIG_DVB_TUA6100 is not set
# CONFIG_DVB_CX24116 is not set
CONFIG_DVB_CX24117=m
CONFIG_DVB_CX24120=m
# CONFIG_DVB_SI21XX is not set
CONFIG_DVB_TS2020=m
CONFIG_DVB_DS3000=m
CONFIG_DVB_MB86A16=m
CONFIG_DVB_TDA10071=m

#
# DVB-T (terrestrial) frontends
#
# CONFIG_DVB_SP8870 is not set
CONFIG_DVB_SP887X=m
CONFIG_DVB_CX22700=m
# CONFIG_DVB_CX22702 is not set
CONFIG_DVB_S5H1432=m
CONFIG_DVB_DRXD=m
CONFIG_DVB_L64781=m
CONFIG_DVB_TDA1004X=m
# CONFIG_DVB_NXT6000 is not set
# CONFIG_DVB_MT352 is not set
# CONFIG_DVB_ZL10353 is not set
CONFIG_DVB_DIB3000MB=m
CONFIG_DVB_DIB3000MC=m
CONFIG_DVB_DIB7000M=m
# CONFIG_DVB_DIB7000P is not set
# CONFIG_DVB_DIB9000 is not set
CONFIG_DVB_TDA10048=m
CONFIG_DVB_AF9013=m
CONFIG_DVB_EC100=m
CONFIG_DVB_STV0367=m
# CONFIG_DVB_CXD2820R is not set
# CONFIG_DVB_CXD2841ER is not set
CONFIG_DVB_RTL2830=m
CONFIG_DVB_RTL2832=m
# CONFIG_DVB_SI2168 is not set
# CONFIG_DVB_AS102_FE is not set
CONFIG_DVB_ZD1301_DEMOD=m
# CONFIG_DVB_GP8PSK_FE is not set

#
# DVB-C (cable) frontends
#
CONFIG_DVB_VES1820=m
CONFIG_DVB_TDA10021=m
# CONFIG_DVB_TDA10023 is not set
# CONFIG_DVB_STV0297 is not set

#
# ATSC (North American/Korean Terrestrial/Cable DTV) frontends
#
# CONFIG_DVB_NXT200X is not set
CONFIG_DVB_OR51211=m
# CONFIG_DVB_OR51132 is not set
CONFIG_DVB_BCM3510=m
# CONFIG_DVB_LGDT330X is not set
CONFIG_DVB_LGDT3305=m
CONFIG_DVB_LGDT3306A=m
# CONFIG_DVB_LG2160 is not set
CONFIG_DVB_S5H1409=m
CONFIG_DVB_AU8522=m
CONFIG_DVB_AU8522_DTV=m
CONFIG_DVB_AU8522_V4L=m
CONFIG_DVB_S5H1411=m

#
# ISDB-T (terrestrial) frontends
#
CONFIG_DVB_S921=m
CONFIG_DVB_DIB8000=m
CONFIG_DVB_MB86A20S=m

#
# ISDB-S (satellite) & ISDB-T (terrestrial) frontends
#
CONFIG_DVB_TC90522=m

#
# Digital terrestrial only tuners/PLL
#
# CONFIG_DVB_PLL is not set
# CONFIG_DVB_TUNER_DIB0070 is not set
CONFIG_DVB_TUNER_DIB0090=m

#
# SEC control devices for DVB-S
#
# CONFIG_DVB_DRX39XYJ is not set
CONFIG_DVB_LNBH25=m
CONFIG_DVB_LNBP21=m
# CONFIG_DVB_LNBP22 is not set
CONFIG_DVB_ISL6405=m
CONFIG_DVB_ISL6421=m
CONFIG_DVB_ISL6423=m
# CONFIG_DVB_A8293 is not set
# CONFIG_DVB_SP2 is not set
CONFIG_DVB_LGS8GL5=m
# CONFIG_DVB_LGS8GXX is not set
# CONFIG_DVB_ATBM8830 is not set
CONFIG_DVB_TDA665x=m
# CONFIG_DVB_IX2505V is not set
