Return-Path: <owner-linux-mm@kvack.org>
Received: from mail-pl0-f71.google.com (mail-pl0-f71.google.com [209.85.160.71])
	by kanga.kvack.org (Postfix) with ESMTP id 788EC6B0008
	for <linux-mm@kvack.org>; Sat, 11 Aug 2018 07:30:47 -0400 (EDT)
Received: by mail-pl0-f71.google.com with SMTP id 2-v6so7448374plc.11
        for <linux-mm@kvack.org>; Sat, 11 Aug 2018 04:30:47 -0700 (PDT)
Received: from bombadil.infradead.org (bombadil.infradead.org. [2607:7c80:54:e::133])
        by mx.google.com with ESMTPS id p81-v6si12858867pfi.345.2018.08.11.04.30.41
        for <linux-mm@kvack.org>
        (version=TLS1_2 cipher=ECDHE-RSA-CHACHA20-POLY1305 bits=256/256);
        Sat, 11 Aug 2018 04:30:41 -0700 (PDT)
Date: Sat, 11 Aug 2018 04:30:39 -0700
From: Matthew Wilcox <willy@infradead.org>
Subject: Re: [4.18.0 rc8 BUG] possible irq lock inversion dependency detected
Message-ID: <20180811113039.GA10397@bombadil.infradead.org>
References: <CABXGCsOni6VZTVq6+kfgniX+SO5vc5SSRrn93xa=SMEpw-NNCQ@mail.gmail.com>
MIME-Version: 1.0
Content-Type: text/plain; charset=us-ascii
Content-Disposition: inline
In-Reply-To: <CABXGCsOni6VZTVq6+kfgniX+SO5vc5SSRrn93xa=SMEpw-NNCQ@mail.gmail.com>
Sender: owner-linux-mm@kvack.org
List-ID: <linux-mm.kvack.org>
To: Mikhail Gavrilov <mikhail.v.gavrilov@gmail.com>
Cc: kvm@vger.kernel.org, linux-mm@kvack.org, Thomas Gleixner <tglx@linutronix.de>, Borislav Petkov <bp@suse.de>, Konrad Rzeszutek Wilk <konrad.wilk@oracle.com>

On Sat, Aug 11, 2018 at 12:28:24PM +0500, Mikhail Gavrilov wrote:
> Hi guys.
> I am catched new bug. It occured when I start virtual machine.
> Can anyone look?

I'd suggest that st->lock should be taken with irqsave.  Like this;
please test.


diff --git a/arch/x86/kernel/process.c b/arch/x86/kernel/process.c
index 30ca2d1a9231..c982c574aebb 100644
--- a/arch/x86/kernel/process.c
+++ b/arch/x86/kernel/process.c
@@ -345,6 +345,7 @@ static __always_inline void amd_set_core_ssb_state(unsigned long tifn)
 {
 	struct ssb_state *st = this_cpu_ptr(&ssb_state);
 	u64 msr = x86_amd_ls_cfg_base;
+	unsigned long flags;
 
 	if (!static_cpu_has(X86_FEATURE_ZEN)) {
 		msr |= ssbd_tif_to_amd_ls_cfg(tifn);
@@ -362,21 +363,21 @@ static __always_inline void amd_set_core_ssb_state(unsigned long tifn)
 
 		msr |= x86_amd_ls_cfg_ssbd_mask;
 
-		raw_spin_lock(&st->shared_state->lock);
+		raw_spin_lock_irqsave(&st->shared_state->lock, flags);
 		/* First sibling enables SSBD: */
 		if (!st->shared_state->disable_state)
 			wrmsrl(MSR_AMD64_LS_CFG, msr);
 		st->shared_state->disable_state++;
-		raw_spin_unlock(&st->shared_state->lock);
+		raw_spin_unlock_irqrestore(&st->shared_state->lock, flags);
 	} else {
 		if (!__test_and_clear_bit(LSTATE_SSB, &st->local_state))
 			return;
 
-		raw_spin_lock(&st->shared_state->lock);
+		raw_spin_lock_irqsave(&st->shared_state->lock, flags);
 		st->shared_state->disable_state--;
 		if (!st->shared_state->disable_state)
 			wrmsrl(MSR_AMD64_LS_CFG, msr);
-		raw_spin_unlock(&st->shared_state->lock);
+		raw_spin_unlock_irqrestore(&st->shared_state->lock, flags);
 	}
 }
 #else

> [  476.307476] ========================================================
> [  476.307479] WARNING: possible irq lock inversion dependency detected
> [  476.307482] 4.18.0-0.rc8.git1.1.fc29.x86_64 #1 Tainted: G         C
> [  476.307485] --------------------------------------------------------
> [  476.307488] CPU 0/KVM/10284 just changed the state of lock:
> [  476.307491] 000000000d538a88 (&st->lock){+...}, at:
> speculative_store_bypass_update+0x10b/0x170
> [  476.307502] but this lock was taken by another, HARDIRQ-safe lock
> in the past:
> [  476.307504]  (&(&sighand->siglock)->rlock){-.-.}
> [  476.307507]
> 
>                and interrupts could create inverse lock ordering between them.
> 
> [  476.307513]
>                other info that might help us debug this:
> [  476.307516]  Possible interrupt unsafe locking scenario:
> 
> [  476.307519]        CPU0                    CPU1
> [  476.307521]        ----                    ----
> [  476.307523]   lock(&st->lock);
> [  476.307527]                                local_irq_disable();
> [  476.307529]                                lock(&(&sighand->siglock)->rlock);
> [  476.307533]                                lock(&st->lock);
> [  476.307537]   <Interrupt>
> [  476.307539]     lock(&(&sighand->siglock)->rlock);
> [  476.307543]
>                 *** DEADLOCK ***
> 
> [  476.307547] 1 lock held by CPU 0/KVM/10284:
> [  476.307549]  #0: 000000009792d366 (&vcpu->mutex){+.+.}, at:
> kvm_vcpu_ioctl+0x78/0x6c0 [kvm]
> [  476.307583]
>                the shortest dependencies between 2nd lock and 1st lock:
> [  476.307589]  -> (&(&sighand->siglock)->rlock){-.-.} ops: 2505028 {
> [  476.307596]     IN-HARDIRQ-W at:
> [  476.307602]                       _raw_spin_lock_irqsave+0x48/0x81
> [  476.307608]                       __lock_task_sighand+0x9a/0x1a0
> [  476.307612]                       do_send_sig_info+0x35/0x90
> [  476.307616]                       kill_pid_info+0x93/0x150
> [  476.307621]                       it_real_fn+0x3e/0x140
> [  476.307625]                       __hrtimer_run_queues+0x11e/0x520
> [  476.307629]                       hrtimer_interrupt+0x100/0x220
> [  476.307633]                       smp_apic_timer_interrupt+0x79/0x2c0
> [  476.307637]                       apic_timer_interrupt+0xf/0x20
> [  476.307640]     IN-SOFTIRQ-W at:
> [  476.307644]                       _raw_spin_lock_irqsave+0x48/0x81
> [  476.307648]                       __lock_task_sighand+0x9a/0x1a0
> [  476.307652]                       do_send_sig_info+0x35/0x90
> [  476.307655]                       kill_pid_info+0x93/0x150
> [  476.307659]                       it_real_fn+0x3e/0x140
> [  476.307663]                       __hrtimer_run_queues+0x11e/0x520
> [  476.307667]                       hrtimer_interrupt+0x100/0x220
> [  476.307671]                       smp_apic_timer_interrupt+0x79/0x2c0
> [  476.307675]                       apic_timer_interrupt+0xf/0x20
> [  476.307678]                       _raw_spin_unlock_irqrestore+0x50/0x60
> [  476.307683]                       scsi_end_request+0x112/0x1f0
> [  476.307686]                       scsi_io_completion+0x3e3/0x710
> [  476.307690]                       blk_done_softirq+0xaa/0xe0
> [  476.307694]                       __do_softirq+0xd9/0x4f7
> [  476.307699]                       irq_exit+0x10e/0x120
> [  476.307703]                       call_function_single_interrupt+0xf/0x20
> [  476.307707]                       cpuidle_enter_state+0xbc/0x350
> [  476.307711]                       do_idle+0x231/0x270
> [  476.307715]                       cpu_startup_entry+0x6f/0x80
> [  476.307720]                       start_secondary+0x1b3/0x200
> [  476.307724]                       secondary_startup_64+0xa5/0xb0
> [  476.307726]     INITIAL USE at:
> [  476.307730]                      _raw_spin_lock_irqsave+0x48/0x81
> [  476.307734]                      flush_signals+0x1d/0x60
> [  476.307738]                      kthreadd+0x35/0x390
> [  476.307742]                      ret_from_fork+0x27/0x50
> [  476.307744]   }
> [  476.307748]   ... key      at: [<ffffffffa52ac1a8>] __key.67772+0x0/0x8
> [  476.307751]   ... acquired at:
> [  476.307754]    speculative_store_bypass_update+0x81/0x170
> [  476.307758]    ssb_prctl_set+0x96/0xb0
> [  476.307762]    do_seccomp+0x6d0/0x720
> [  476.307765]    do_syscall_64+0x60/0x1f0
> [  476.307769]    entry_SYSCALL_64_after_hwframe+0x49/0xbe
> 
> [  476.307773] -> (&st->lock){+...} ops: 3228332 {
> [  476.307780]    HARDIRQ-ON-W at:
> [  476.307784]                     _raw_spin_lock+0x30/0x70
> [  476.307788]                     speculative_store_bypass_update+0x10b/0x170
> [  476.307795]                     svm_vcpu_run+0x187/0x6e0 [kvm_amd]
> [  476.307797]    INITIAL USE at:
> [  476.307801]                    _raw_spin_lock+0x30/0x70
> [  476.307805]                    speculative_store_bypass_update+0x81/0x170
> [  476.307808]                    ssb_prctl_set+0x96/0xb0
> [  476.307811]                    do_seccomp+0x6d0/0x720
> [  476.307815]                    do_syscall_64+0x60/0x1f0
> [  476.307818]                    entry_SYSCALL_64_after_hwframe+0x49/0xbe
> [  476.307820]  }
> [  476.307824]  ... key      at: [<ffffffffa524c998>] __key.54335+0x0/0x8
> [  476.307826]  ... acquired at:
> [  476.307830]    __lock_acquire+0x578/0x16c0
> [  476.307833]    lock_acquire+0x9e/0x1b0
> [  476.307836]    _raw_spin_lock+0x30/0x70
> [  476.307839]    speculative_store_bypass_update+0x10b/0x170
> [  476.307846]    svm_vcpu_run+0x187/0x6e0 [kvm_amd]
> 
> [  476.307850]
>                stack backtrace:
> [  476.307856] CPU: 0 PID: 10284 Comm: CPU 0/KVM Tainted: G         C
>       4.18.0-0.rc8.git1.1.fc29.x86_64 #1
> [  476.307859] Hardware name: System manufacturer System Product
> Name/ROG STRIX X470-I GAMING, BIOS 0901 07/23/2018
> [  476.307861] Call Trace:
> [  476.307868]  dump_stack+0x85/0xc0
> [  476.307873]  check_usage_backwards.cold.59+0x1d/0x26
> [  476.307880]  mark_lock+0x2c8/0x620
> [  476.307884]  ? print_shortest_lock_dependencies+0x40/0x40
> [  476.307889]  __lock_acquire+0x578/0x16c0
> [  476.307892]  ? __lock_acquire+0x29a/0x16c0
> [  476.307897]  ? __lock_acquire+0x29a/0x16c0
> [  476.307902]  ? native_sched_clock+0x3e/0xa0
> [  476.307906]  lock_acquire+0x9e/0x1b0
> [  476.307910]  ? speculative_store_bypass_update+0x10b/0x170
> [  476.307915]  _raw_spin_lock+0x30/0x70
> [  476.307919]  ? speculative_store_bypass_update+0x10b/0x170
> [  476.307923]  speculative_store_bypass_update+0x10b/0x170
> [  476.307931]  svm_vcpu_run+0x187/0x6e0 [kvm_amd]
> [  476.307972]  ? kvm_arch_vcpu_ioctl_run+0x492/0x1ed0 [kvm]
> [  476.308008]  ? kvm_vcpu_ioctl+0x2c0/0x6c0 [kvm]
> [  476.308039]  ? kvm_vcpu_ioctl+0x2c0/0x6c0 [kvm]
> [  476.308044]  ? __seccomp_filter+0x44/0x4a0
> [  476.308049]  ? native_sched_clock+0x3e/0xa0
> [  476.308056]  ? do_vfs_ioctl+0xa5/0x6e0
> [  476.308063]  ? ksys_ioctl+0x60/0x90
> [  476.308067]  ? __x64_sys_ioctl+0x16/0x20
> [  476.308072]  ? do_syscall_64+0x60/0x1f0
> [  476.308077]  ? entry_SYSCALL_64_after_hwframe+0x49/0xbe
> 
> 
> 
> --
> Best Regards,
> Mike Gavrilov.

> [    0.000000] Linux version 4.18.0-0.rc8.git1.1.fc29.x86_64 (mockbuild@bkernel02.phx2.fedoraproject.org) (gcc version 8.2.1 20180801 (Red Hat 8.2.1-2) (GCC)) #1 SMP Wed Aug 8 10:26:42 UTC 2018
> [    0.000000] Command line: BOOT_IMAGE=/boot/vmlinuz-4.18.0-0.rc8.git1.1.fc29.x86_64 root=UUID=f495bc27-2073-4454-a85f-f2cf941b4cf1 ro resume=UUID=f129f65c-36c0-41bd-a173-34cfcd7ae3fc rhgb quiet LANG=en_US.UTF-8
> [    0.000000] x86/fpu: Supporting XSAVE feature 0x001: 'x87 floating point registers'
> [    0.000000] x86/fpu: Supporting XSAVE feature 0x002: 'SSE registers'
> [    0.000000] x86/fpu: Supporting XSAVE feature 0x004: 'AVX registers'
> [    0.000000] x86/fpu: xstate_offset[2]:  576, xstate_sizes[2]:  256
> [    0.000000] x86/fpu: Enabled xstate features 0x7, context size is 832 bytes, using 'compacted' format.
> [    0.000000] BIOS-provided physical RAM map:
> [    0.000000] BIOS-e820: [mem 0x0000000000000000-0x000000000009ffff] usable
> [    0.000000] BIOS-e820: [mem 0x00000000000a0000-0x00000000000fffff] reserved
> [    0.000000] BIOS-e820: [mem 0x0000000000100000-0x0000000003ffffff] usable
> [    0.000000] BIOS-e820: [mem 0x0000000004000000-0x0000000004009fff] ACPI NVS
> [    0.000000] BIOS-e820: [mem 0x000000000400a000-0x0000000009cfffff] usable
> [    0.000000] BIOS-e820: [mem 0x0000000009d00000-0x0000000009ffffff] reserved
> [    0.000000] BIOS-e820: [mem 0x000000000a000000-0x000000000affffff] usable
> [    0.000000] BIOS-e820: [mem 0x000000000b000000-0x000000000b01ffff] reserved
> [    0.000000] BIOS-e820: [mem 0x000000000b020000-0x00000000da307fff] usable
> [    0.000000] BIOS-e820: [mem 0x00000000da308000-0x00000000db804fff] reserved
> [    0.000000] BIOS-e820: [mem 0x00000000db805000-0x00000000db82cfff] ACPI data
> [    0.000000] BIOS-e820: [mem 0x00000000db82d000-0x00000000dbcddfff] ACPI NVS
> [    0.000000] BIOS-e820: [mem 0x00000000dbcde000-0x00000000dc7f5fff] reserved
> [    0.000000] BIOS-e820: [mem 0x00000000dc7f6000-0x00000000deffffff] usable
> [    0.000000] BIOS-e820: [mem 0x00000000df000000-0x00000000dfffffff] reserved
> [    0.000000] BIOS-e820: [mem 0x00000000f8000000-0x00000000fbffffff] reserved
> [    0.000000] BIOS-e820: [mem 0x00000000fd800000-0x00000000fdffffff] reserved
> [    0.000000] BIOS-e820: [mem 0x00000000fea00000-0x00000000fea0ffff] reserved
> [    0.000000] BIOS-e820: [mem 0x00000000feb80000-0x00000000fec01fff] reserved
> [    0.000000] BIOS-e820: [mem 0x00000000fec10000-0x00000000fec10fff] reserved
> [    0.000000] BIOS-e820: [mem 0x00000000fec30000-0x00000000fec30fff] reserved
> [    0.000000] BIOS-e820: [mem 0x00000000fed00000-0x00000000fed00fff] reserved
> [    0.000000] BIOS-e820: [mem 0x00000000fed40000-0x00000000fed44fff] reserved
> [    0.000000] BIOS-e820: [mem 0x00000000fed80000-0x00000000fed8ffff] reserved
> [    0.000000] BIOS-e820: [mem 0x00000000fedc2000-0x00000000fedcffff] reserved
> [    0.000000] BIOS-e820: [mem 0x00000000fedd4000-0x00000000fedd5fff] reserved
> [    0.000000] BIOS-e820: [mem 0x00000000fee00000-0x00000000feefffff] reserved
> [    0.000000] BIOS-e820: [mem 0x00000000ff000000-0x00000000ffffffff] reserved
> [    0.000000] BIOS-e820: [mem 0x0000000100000000-0x000000081f37ffff] usable
> [    0.000000] NX (Execute Disable) protection: active
> [    0.000000] e820: update [mem 0x99bc9018-0x99bda057] usable ==> usable
> [    0.000000] e820: update [mem 0x99bc9018-0x99bda057] usable ==> usable
> [    0.000000] e820: update [mem 0x99baf018-0x99bc8457] usable ==> usable
> [    0.000000] e820: update [mem 0x99baf018-0x99bc8457] usable ==> usable
> [    0.000000] extended physical RAM map:
> [    0.000000] reserve setup_data: [mem 0x0000000000000000-0x000000000009ffff] usable
> [    0.000000] reserve setup_data: [mem 0x00000000000a0000-0x00000000000fffff] reserved
> [    0.000000] reserve setup_data: [mem 0x0000000000100000-0x0000000003ffffff] usable
> [    0.000000] reserve setup_data: [mem 0x0000000004000000-0x0000000004009fff] ACPI NVS
> [    0.000000] reserve setup_data: [mem 0x000000000400a000-0x0000000009cfffff] usable
> [    0.000000] reserve setup_data: [mem 0x0000000009d00000-0x0000000009ffffff] reserved
> [    0.000000] reserve setup_data: [mem 0x000000000a000000-0x000000000affffff] usable
> [    0.000000] reserve setup_data: [mem 0x000000000b000000-0x000000000b01ffff] reserved
> [    0.000000] reserve setup_data: [mem 0x000000000b020000-0x0000000099baf017] usable
> [    0.000000] reserve setup_data: [mem 0x0000000099baf018-0x0000000099bc8457] usable
> [    0.000000] reserve setup_data: [mem 0x0000000099bc8458-0x0000000099bc9017] usable
> [    0.000000] reserve setup_data: [mem 0x0000000099bc9018-0x0000000099bda057] usable
> [    0.000000] reserve setup_data: [mem 0x0000000099bda058-0x00000000da307fff] usable
> [    0.000000] reserve setup_data: [mem 0x00000000da308000-0x00000000db804fff] reserved
> [    0.000000] reserve setup_data: [mem 0x00000000db805000-0x00000000db82cfff] ACPI data
> [    0.000000] reserve setup_data: [mem 0x00000000db82d000-0x00000000dbcddfff] ACPI NVS
> [    0.000000] reserve setup_data: [mem 0x00000000dbcde000-0x00000000dc7f5fff] reserved
> [    0.000000] reserve setup_data: [mem 0x00000000dc7f6000-0x00000000deffffff] usable
> [    0.000000] reserve setup_data: [mem 0x00000000df000000-0x00000000dfffffff] reserved
> [    0.000000] reserve setup_data: [mem 0x00000000f8000000-0x00000000fbffffff] reserved
> [    0.000000] reserve setup_data: [mem 0x00000000fd800000-0x00000000fdffffff] reserved
> [    0.000000] reserve setup_data: [mem 0x00000000fea00000-0x00000000fea0ffff] reserved
> [    0.000000] reserve setup_data: [mem 0x00000000feb80000-0x00000000fec01fff] reserved
> [    0.000000] reserve setup_data: [mem 0x00000000fec10000-0x00000000fec10fff] reserved
> [    0.000000] reserve setup_data: [mem 0x00000000fec30000-0x00000000fec30fff] reserved
> [    0.000000] reserve setup_data: [mem 0x00000000fed00000-0x00000000fed00fff] reserved
> [    0.000000] reserve setup_data: [mem 0x00000000fed40000-0x00000000fed44fff] reserved
> [    0.000000] reserve setup_data: [mem 0x00000000fed80000-0x00000000fed8ffff] reserved
> [    0.000000] reserve setup_data: [mem 0x00000000fedc2000-0x00000000fedcffff] reserved
> [    0.000000] reserve setup_data: [mem 0x00000000fedd4000-0x00000000fedd5fff] reserved
> [    0.000000] reserve setup_data: [mem 0x00000000fee00000-0x00000000feefffff] reserved
> [    0.000000] reserve setup_data: [mem 0x00000000ff000000-0x00000000ffffffff] reserved
> [    0.000000] reserve setup_data: [mem 0x0000000100000000-0x000000081f37ffff] usable
> [    0.000000] efi: EFI v2.60 by American Megatrends
> [    0.000000] efi:  ACPI 2.0=0xdb80d000  ACPI=0xdb80d000  SMBIOS=0xdc6b9000  SMBIOS 3.0=0xdc6b8000  ESRT=0xd7a91b98  MEMATTR=0xd7af3018 
> [    0.000000] secureboot: Secure boot disabled
> [    0.000000] SMBIOS 3.1.1 present.
> [    0.000000] DMI: System manufacturer System Product Name/ROG STRIX X470-I GAMING, BIOS 0901 07/23/2018
> [    0.000000] e820: update [mem 0x00000000-0x00000fff] usable ==> reserved
> [    0.000000] e820: remove [mem 0x000a0000-0x000fffff] usable
> [    0.000000] last_pfn = 0x81f380 max_arch_pfn = 0x400000000
> [    0.000000] MTRR default type: uncachable
> [    0.000000] MTRR fixed ranges enabled:
> [    0.000000]   00000-9FFFF write-back
> [    0.000000]   A0000-BFFFF write-through
> [    0.000000]   C0000-FFFFF write-protect
> [    0.000000] MTRR variable ranges enabled:
> [    0.000000]   0 base 000000000000 mask FFFF80000000 write-back
> [    0.000000]   1 base 000080000000 mask FFFFC0000000 write-back
> [    0.000000]   2 base 0000C0000000 mask FFFFE0000000 write-back
> [    0.000000]   3 disabled
> [    0.000000]   4 disabled
> [    0.000000]   5 disabled
> [    0.000000]   6 disabled
> [    0.000000]   7 disabled
> [    0.000000] TOM2: 0000000820000000 aka 33280M
> [    0.000000] x86/PAT: Configuration [0-7]: WB  WC  UC- UC  WB  WP  UC- WT  
> [    0.000000] e820: update [mem 0xe0000000-0xffffffff] usable ==> reserved
> [    0.000000] last_pfn = 0xdf000 max_arch_pfn = 0x400000000
> [    0.000000] esrt: Reserving ESRT space from 0x00000000d7a91b98 to 0x00000000d7a91bd0.
> [    0.000000] Scanning 1 areas for low memory corruption
> [    0.000000] Base memory trampoline at [(____ptrval____)] 98000 size 24576
> [    0.000000] Using GB pages for direct mapping
> [    0.000000] BRK [0x6e3244000, 0x6e3244fff] PGTABLE
> [    0.000000] BRK [0x6e3245000, 0x6e3245fff] PGTABLE
> [    0.000000] BRK [0x6e3246000, 0x6e3246fff] PGTABLE
> [    0.000000] BRK [0x6e3247000, 0x6e3247fff] PGTABLE
> [    0.000000] BRK [0x6e3248000, 0x6e3248fff] PGTABLE
> [    0.000000] BRK [0x6e3249000, 0x6e3249fff] PGTABLE
> [    0.000000] BRK [0x6e324a000, 0x6e324afff] PGTABLE
> [    0.000000] BRK [0x6e324b000, 0x6e324bfff] PGTABLE
> [    0.000000] BRK [0x6e324c000, 0x6e324cfff] PGTABLE
> [    0.000000] BRK [0x6e324d000, 0x6e324dfff] PGTABLE
> [    0.000000] BRK [0x6e324e000, 0x6e324efff] PGTABLE
> [    0.000000] BRK [0x6e324f000, 0x6e324ffff] PGTABLE
> [    0.000000] RAMDISK: [mem 0x3b24b000-0x3cd8efff]
> [    0.000000] ACPI: Early table checksum verification disabled
> [    0.000000] ACPI: RSDP 0x00000000DB80D000 000024 (v02 ALASKA)
> [    0.000000] ACPI: XSDT 0x00000000DB80D098 0000AC (v01 ALASKA A M I    01072009 AMI  00010013)
> [    0.000000] ACPI: FACP 0x00000000DB81B628 000114 (v06 ALASKA A M I    01072009 AMI  00010013)
> [    0.000000] ACPI BIOS Warning (bug): Optional FADT field Pm2ControlBlock has valid Length but zero Address: 0x0000000000000000/0x1 (20180531/tbfadt-624)
> [    0.000000] ACPI: DSDT 0x00000000DB80D1E0 00E442 (v02 ALASKA A M I    01072009 INTL 20120913)
> [    0.000000] ACPI: FACS 0x00000000DBCC6E00 000040
> [    0.000000] ACPI: APIC 0x00000000DB81B740 0000DE (v03 ALASKA A M I    01072009 AMI  00010013)
> [    0.000000] ACPI: FPDT 0x00000000DB81B820 000044 (v01 ALASKA A M I    01072009 AMI  00010013)
> [    0.000000] ACPI: FIDT 0x00000000DB81B868 00009C (v01 ALASKA A M I    01072009 AMI  00010013)
> [    0.000000] ACPI: SSDT 0x00000000DB81B908 008C98 (v02 AMD    AMD ALIB 00000002 MSFT 04000000)
> [    0.000000] ACPI: SSDT 0x00000000DB8245A0 002314 (v01 AMD    AMD CPU  00000001 AMD  00000001)
> [    0.000000] ACPI: CRAT 0x00000000DB8268B8 000F50 (v01 AMD    AMD CRAT 00000001 AMD  00000001)
> [    0.000000] ACPI: CDIT 0x00000000DB827808 000029 (v01 AMD    AMD CDIT 00000001 AMD  00000001)
> [    0.000000] ACPI: SSDT 0x00000000DB827838 002DA8 (v01 AMD    AMD AOD  00000001 INTL 20120913)
> [    0.000000] ACPI: MCFG 0x00000000DB82A5E0 00003C (v01 ALASKA A M I    01072009 MSFT 00010013)
> [    0.000000] ACPI: SSDT 0x00000000DB82C270 0000F8 (v01 AMD    AMD PT   00001000 INTL 20120913)
> [    0.000000] ACPI: HPET 0x00000000DB82A678 000038 (v01 ALASKA A M I    01072009 AMI  00000005)
> [    0.000000] ACPI: SSDT 0x00000000DB82A6B0 000024 (v01 AMDFCH FCHZP    00001000 INTL 20120913)
> [    0.000000] ACPI: UEFI 0x00000000DB82A6D8 000042 (v01                 00000000      00000000)
> [    0.000000] ACPI: BGRT 0x00000000DB82A720 000038 (v01 ALASKA A M I    01072009 AMI  00010013)
> [    0.000000] ACPI: IVRS 0x00000000DB82A758 0000D0 (v02 AMD    AMD IVRS 00000001 AMD  00000000)
> [    0.000000] ACPI: SSDT 0x00000000DB82A828 001A41 (v01 AMD    AmdTable 00000001 INTL 20120913)
> [    0.000000] ACPI: Local APIC address 0xfee00000
> [    0.000000] No NUMA configuration found
> [    0.000000] Faking a node at [mem 0x0000000000000000-0x000000081f37ffff]
> [    0.000000] NODE_DATA(0) allocated [mem 0x81f355000-0x81f37ffff]
> [    0.000000] tsc: Fast TSC calibration failed
> [    0.000000] tsc: Using PIT calibration value
> [    0.000000] Zone ranges:
> [    0.000000]   DMA      [mem 0x0000000000001000-0x0000000000ffffff]
> [    0.000000]   DMA32    [mem 0x0000000001000000-0x00000000ffffffff]
> [    0.000000]   Normal   [mem 0x0000000100000000-0x000000081f37ffff]
> [    0.000000]   Device   empty
> [    0.000000] Movable zone start for each node
> [    0.000000] Early memory node ranges
> [    0.000000]   node   0: [mem 0x0000000000001000-0x000000000009ffff]
> [    0.000000]   node   0: [mem 0x0000000000100000-0x0000000003ffffff]
> [    0.000000]   node   0: [mem 0x000000000400a000-0x0000000009cfffff]
> [    0.000000]   node   0: [mem 0x000000000a000000-0x000000000affffff]
> [    0.000000]   node   0: [mem 0x000000000b020000-0x00000000da307fff]
> [    0.000000]   node   0: [mem 0x00000000dc7f6000-0x00000000deffffff]
> [    0.000000]   node   0: [mem 0x0000000100000000-0x000000081f37ffff]
> [    0.000000] Reserved but unavailable: 14457 pages
> [    0.000000] Initmem setup node 0 [mem 0x0000000000001000-0x000000081f37ffff]
> [    0.000000] On node 0 totalpages: 8370951
> [    0.000000]   DMA zone: 64 pages used for memmap
> [    0.000000]   DMA zone: 24 pages reserved
> [    0.000000]   DMA zone: 3999 pages, LIFO batch:0
> [    0.000000]   DMA32 zone: 14048 pages used for memmap
> [    0.000000]   DMA32 zone: 899048 pages, LIFO batch:31
> [    0.000000]   Normal zone: 116686 pages used for memmap
> [    0.000000]   Normal zone: 7467904 pages, LIFO batch:31
> [    0.000000] ACPI: PM-Timer IO Port: 0x808
> [    0.000000] ACPI: Local APIC address 0xfee00000
> [    0.000000] ACPI: LAPIC_NMI (acpi_id[0xff] high edge lint[0x1])
> [    0.000000] IOAPIC[0]: apic_id 17, version 33, address 0xfec00000, GSI 0-23
> [    0.000000] IOAPIC[1]: apic_id 18, version 33, address 0xfec01000, GSI 24-55
> [    0.000000] ACPI: INT_SRC_OVR (bus 0 bus_irq 0 global_irq 2 dfl dfl)
> [    0.000000] ACPI: INT_SRC_OVR (bus 0 bus_irq 9 global_irq 9 low level)
> [    0.000000] ACPI: IRQ0 used by override.
> [    0.000000] ACPI: IRQ9 used by override.
> [    0.000000] Using ACPI (MADT) for SMP configuration information
> [    0.000000] ACPI: HPET id: 0x10228201 base: 0xfed00000
> [    0.000000] smpboot: Allowing 16 CPUs, 0 hotplug CPUs
> [    0.000000] PM: Registered nosave memory: [mem 0x00000000-0x00000fff]
> [    0.000000] PM: Registered nosave memory: [mem 0x000a0000-0x000fffff]
> [    0.000000] PM: Registered nosave memory: [mem 0x04000000-0x04009fff]
> [    0.000000] PM: Registered nosave memory: [mem 0x09d00000-0x09ffffff]
> [    0.000000] PM: Registered nosave memory: [mem 0x0b000000-0x0b01ffff]
> [    0.000000] PM: Registered nosave memory: [mem 0x99baf000-0x99baffff]
> [    0.000000] PM: Registered nosave memory: [mem 0x99bc8000-0x99bc8fff]
> [    0.000000] PM: Registered nosave memory: [mem 0x99bc9000-0x99bc9fff]
> [    0.000000] PM: Registered nosave memory: [mem 0x99bda000-0x99bdafff]
> [    0.000000] PM: Registered nosave memory: [mem 0xda308000-0xdb804fff]
> [    0.000000] PM: Registered nosave memory: [mem 0xdb805000-0xdb82cfff]
> [    0.000000] PM: Registered nosave memory: [mem 0xdb82d000-0xdbcddfff]
> [    0.000000] PM: Registered nosave memory: [mem 0xdbcde000-0xdc7f5fff]
> [    0.000000] PM: Registered nosave memory: [mem 0xdf000000-0xdfffffff]
> [    0.000000] PM: Registered nosave memory: [mem 0xe0000000-0xf7ffffff]
> [    0.000000] PM: Registered nosave memory: [mem 0xf8000000-0xfbffffff]
> [    0.000000] PM: Registered nosave memory: [mem 0xfc000000-0xfd7fffff]
> [    0.000000] PM: Registered nosave memory: [mem 0xfd800000-0xfdffffff]
> [    0.000000] PM: Registered nosave memory: [mem 0xfe000000-0xfe9fffff]
> [    0.000000] PM: Registered nosave memory: [mem 0xfea00000-0xfea0ffff]
> [    0.000000] PM: Registered nosave memory: [mem 0xfea10000-0xfeb7ffff]
> [    0.000000] PM: Registered nosave memory: [mem 0xfeb80000-0xfec01fff]
> [    0.000000] PM: Registered nosave memory: [mem 0xfec02000-0xfec0ffff]
> [    0.000000] PM: Registered nosave memory: [mem 0xfec10000-0xfec10fff]
> [    0.000000] PM: Registered nosave memory: [mem 0xfec11000-0xfec2ffff]
> [    0.000000] PM: Registered nosave memory: [mem 0xfec30000-0xfec30fff]
> [    0.000000] PM: Registered nosave memory: [mem 0xfec31000-0xfecfffff]
> [    0.000000] PM: Registered nosave memory: [mem 0xfed00000-0xfed00fff]
> [    0.000000] PM: Registered nosave memory: [mem 0xfed01000-0xfed3ffff]
> [    0.000000] PM: Registered nosave memory: [mem 0xfed40000-0xfed44fff]
> [    0.000000] PM: Registered nosave memory: [mem 0xfed45000-0xfed7ffff]
> [    0.000000] PM: Registered nosave memory: [mem 0xfed80000-0xfed8ffff]
> [    0.000000] PM: Registered nosave memory: [mem 0xfed90000-0xfedc1fff]
> [    0.000000] PM: Registered nosave memory: [mem 0xfedc2000-0xfedcffff]
> [    0.000000] PM: Registered nosave memory: [mem 0xfedd0000-0xfedd3fff]
> [    0.000000] PM: Registered nosave memory: [mem 0xfedd4000-0xfedd5fff]
> [    0.000000] PM: Registered nosave memory: [mem 0xfedd6000-0xfedfffff]
> [    0.000000] PM: Registered nosave memory: [mem 0xfee00000-0xfeefffff]
> [    0.000000] PM: Registered nosave memory: [mem 0xfef00000-0xfeffffff]
> [    0.000000] PM: Registered nosave memory: [mem 0xff000000-0xffffffff]
> [    0.000000] [mem 0xe0000000-0xf7ffffff] available for PCI devices
> [    0.000000] Booting paravirtualized kernel on bare hardware
> [    0.000000] clocksource: refined-jiffies: mask: 0xffffffff max_cycles: 0xffffffff, max_idle_ns: 1910969940391419 ns
> [    0.000000] random: get_random_bytes called from start_kernel+0x9d/0x587 with crng_init=0
> [    0.000000] setup_percpu: NR_CPUS:8192 nr_cpumask_bits:16 nr_cpu_ids:16 nr_node_ids:1
> [    0.000000] percpu: Embedded 494 pages/cpu @(____ptrval____) s1986560 r8192 d28672 u2097152
> [    0.000000] pcpu-alloc: s1986560 r8192 d28672 u2097152 alloc=1*2097152
> [    0.000000] pcpu-alloc: [0] 00 [0] 01 [0] 02 [0] 03 [0] 04 [0] 05 [0] 06 [0] 07 
> [    0.000000] pcpu-alloc: [0] 08 [0] 09 [0] 10 [0] 11 [0] 12 [0] 13 [0] 14 [0] 15 
> [    0.000000] Built 1 zonelists, mobility grouping on.  Total pages: 8240129
> [    0.000000] Policy zone: Normal
> [    0.000000] Kernel command line: BOOT_IMAGE=/boot/vmlinuz-4.18.0-0.rc8.git1.1.fc29.x86_64 root=UUID=f495bc27-2073-4454-a85f-f2cf941b4cf1 ro resume=UUID=f129f65c-36c0-41bd-a173-34cfcd7ae3fc rhgb quiet LANG=en_US.UTF-8
> [    0.000000] Memory: 32557216K/33483804K available (14348K kernel code, 3811K rwdata, 4420K rodata, 4824K init, 16396K bss, 926588K reserved, 0K cma-reserved)
> [    0.000000] SLUB: HWalign=64, Order=0-3, MinObjects=0, CPUs=16, Nodes=1
> [    0.000000] ftrace: allocating 38395 entries in 150 pages
> [    0.000000] Running RCU self tests
> [    0.000000] Hierarchical RCU implementation.
> [    0.000000] 	RCU lockdep checking is enabled.
> [    0.000000] 	RCU restricting CPUs from NR_CPUS=8192 to nr_cpu_ids=16.
> [    0.000000] 	RCU callback double-/use-after-free debug enabled.
> [    0.000000] 	Tasks RCU enabled.
> [    0.000000] RCU: Adjusting geometry for rcu_fanout_leaf=16, nr_cpu_ids=16
> [    0.000000] NR_IRQS: 524544, nr_irqs: 1096, preallocated irqs: 16
> [    0.000000] Console: colour dummy device 80x25
> [    0.000000] console [tty0] enabled
> [    0.000000] Lock dependency validator: Copyright (c) 2006 Red Hat, Inc., Ingo Molnar
> [    0.000000] ... MAX_LOCKDEP_SUBCLASSES:  8
> [    0.000000] ... MAX_LOCK_DEPTH:          48
> [    0.000000] ... MAX_LOCKDEP_KEYS:        8191
> [    0.000000] ... CLASSHASH_SIZE:          4096
> [    0.000000] ... MAX_LOCKDEP_ENTRIES:     32768
> [    0.000000] ... MAX_LOCKDEP_CHAINS:      65536
> [    0.000000] ... CHAINHASH_SIZE:          32768
> [    0.000000]  memory used by lock dependency info: 7903 kB
> [    0.000000]  per task-struct memory footprint: 2688 bytes
> [    0.000000] kmemleak: Kernel memory leak detector disabled
> [    0.000000] ACPI: Core revision 20180531
> [    0.000000] clocksource: hpet: mask: 0xffffffff max_cycles: 0xffffffff, max_idle_ns: 133484873504 ns
> [    0.000000] hpet clockevent registered
> [    0.000000] APIC: Switch to symmetric I/O mode setup
> [    0.001000] Switched APIC routing to physical flat.
> [    0.002000] ..TIMER: vector=0x30 apic1=0 pin1=2 apic2=-1 pin2=-1
> [    0.007000] tsc: Fast TSC calibration failed
> [    0.009000] tsc: PIT calibration matches HPET. 1 loops
> [    0.009000] tsc: Detected 3692.719 MHz processor
> [    0.009000] clocksource: tsc-early: mask: 0xffffffffffffffff max_cycles: 0x6a74ef90411, max_idle_ns: 881591048502 ns
> [    0.009000] Calibrating delay loop (skipped), value calculated using timer frequency.. 7385.43 BogoMIPS (lpj=3692719)
> [    0.009000] pid_max: default: 32768 minimum: 301
> [    0.011009] ---[ User Space ]---
> [    0.011010] 0x0000000000000000-0x0000000000008000          32K     RW                     x  pte
> [    0.011020] 0x0000000000008000-0x000000000003f000         220K                               pte
> [    0.011025] 0x000000000003f000-0x00000000000a0000         388K     RW                     x  pte
> [    0.011036] 0x00000000000a0000-0x0000000000200000        1408K                               pte
> [    0.011040] 0x0000000000200000-0x0000000001000000          14M                               pmd
> [    0.011044] 0x0000000001000000-0x0000000001020000         128K     RW                     x  pte
> [    0.011056] 0x0000000001020000-0x0000000001200000        1920K                               pte
> [    0.011061] 0x0000000001200000-0x0000000040000000        1006M                               pmd
> [    0.011065] 0x0000000040000000-0x00000000c0000000           2G                               pud
> [    0.011069] 0x00000000c0000000-0x00000000cd200000         210M                               pmd
> [    0.011075] 0x00000000cd200000-0x00000000cd3c1000        1796K                               pte
> [    0.011079] 0x00000000cd3c1000-0x00000000cd400000         252K     RW                     x  pte
> [    0.011089] 0x00000000cd400000-0x00000000d6400000         144M     RW         PSE         x  pmd
> [    0.011104] 0x00000000d6400000-0x00000000d6800000           4M     RW                     x  pte
> [    0.011113] 0x00000000d6800000-0x00000000d7a00000          18M     RW         PSE         x  pmd
> [    0.011125] 0x00000000d7a00000-0x00000000d7c00000           2M     RW                     x  pte
> [    0.011134] 0x00000000d7c00000-0x00000000d9200000          22M     RW         PSE         x  pmd
> [    0.011145] 0x00000000d9200000-0x00000000d9363000        1420K     RW                     x  pte
> [    0.011155] 0x00000000d9363000-0x00000000d9400000         628K                               pte
> [    0.011159] 0x00000000d9400000-0x00000000d9600000           2M                               pmd
> [    0.011163] 0x00000000d9600000-0x00000000d9684000         528K                               pte
> [    0.011169] 0x00000000d9684000-0x00000000d9800000        1520K     RW                     x  pte
> [    0.011178] 0x00000000d9800000-0x00000000da200000          10M     RW         PSE         x  pmd
> [    0.011188] 0x00000000da200000-0x00000000da308000        1056K     RW                     x  pte
> [    0.011199] 0x00000000da308000-0x00000000da400000         992K                               pte
> [    0.011202] 0x00000000da400000-0x00000000dbc00000          24M                               pmd
> [    0.011207] 0x00000000dbc00000-0x00000000dbcde000         888K                               pte
> [    0.011212] 0x00000000dbcde000-0x00000000dbe00000        1160K     RW                     NX pte
> [    0.011221] 0x00000000dbe00000-0x00000000dc600000           8M     RW         PSE         NX pmd
> [    0.011232] 0x00000000dc600000-0x00000000dc76f000        1468K     RW                     NX pte
> [    0.011241] 0x00000000dc76f000-0x00000000dc772000          12K     ro                     x  pte
> [    0.011251] 0x00000000dc772000-0x00000000dc777000          20K     RW                     NX pte
> [    0.011260] 0x00000000dc777000-0x00000000dc778000           4K     ro                     x  pte
> [    0.011269] 0x00000000dc778000-0x00000000dc77c000          16K     RW                     NX pte
> [    0.011278] 0x00000000dc77c000-0x00000000dc780000          16K     ro                     x  pte
> [    0.011287] 0x00000000dc780000-0x00000000dc785000          20K     RW                     NX pte
> [    0.011296] 0x00000000dc785000-0x00000000dc786000           4K     ro                     x  pte
> [    0.011305] 0x00000000dc786000-0x00000000dc78a000          16K     RW                     NX pte
> [    0.011316] 0x00000000dc78a000-0x00000000dc78b000           4K     ro                     x  pte
> [    0.011327] 0x00000000dc78b000-0x00000000dc790000          20K     RW                     NX pte
> [    0.011337] 0x00000000dc790000-0x00000000dc79d000          52K     ro                     x  pte
> [    0.011347] 0x00000000dc79d000-0x00000000dc7a4000          28K     RW                     NX pte
> [    0.011356] 0x00000000dc7a4000-0x00000000dc7a7000          12K     ro                     x  pte
> [    0.011366] 0x00000000dc7a7000-0x00000000dc7ad000          24K     RW                     NX pte
> [    0.011375] 0x00000000dc7ad000-0x00000000dc7ae000           4K     ro                     x  pte
> [    0.011384] 0x00000000dc7ae000-0x00000000dc7b3000          20K     RW                     NX pte
> [    0.011394] 0x00000000dc7b3000-0x00000000dc7b4000           4K     ro                     x  pte
> [    0.011403] 0x00000000dc7b4000-0x00000000dc7b9000          20K     RW                     NX pte
> [    0.011413] 0x00000000dc7b9000-0x00000000dc7ba000           4K     ro                     x  pte
> [    0.011422] 0x00000000dc7ba000-0x00000000dc7bf000          20K     RW                     NX pte
> [    0.011431] 0x00000000dc7bf000-0x00000000dc7c0000           4K     ro                     x  pte
> [    0.011441] 0x00000000dc7c0000-0x00000000dc7c5000          20K     RW                     NX pte
> [    0.011450] 0x00000000dc7c5000-0x00000000dc7c6000           4K     ro                     x  pte
> [    0.011459] 0x00000000dc7c6000-0x00000000dc7cb000          20K     RW                     NX pte
> [    0.011469] 0x00000000dc7cb000-0x00000000dc7cc000           4K     ro                     x  pte
> [    0.011478] 0x00000000dc7cc000-0x00000000dc7d0000          16K     RW                     NX pte
> [    0.011488] 0x00000000dc7d0000-0x00000000dc7da000          40K     ro                     x  pte
> [    0.011497] 0x00000000dc7da000-0x00000000dc7e3000          36K     RW                     NX pte
> [    0.011507] 0x00000000dc7e3000-0x00000000dc7e8000          20K     ro                     x  pte
> [    0.011516] 0x00000000dc7e8000-0x00000000dc7ed000          20K     RW                     NX pte
> [    0.011525] 0x00000000dc7ed000-0x00000000dc7f1000          16K     ro                     x  pte
> [    0.011535] 0x00000000dc7f1000-0x00000000dc7f6000          20K     RW                     NX pte
> [    0.011544] 0x00000000dc7f6000-0x00000000dc800000          40K     RW                     x  pte
> [    0.011554] 0x00000000dc800000-0x00000000df000000          40M     RW         PSE         x  pmd
> [    0.011564] 0x00000000df000000-0x00000000f8000000         400M                               pmd
> [    0.011568] 0x00000000f8000000-0x00000000fc000000          64M     RW         PSE         x  pmd
> [    0.011577] 0x00000000fc000000-0x00000000fd800000          24M                               pmd
> [    0.011581] 0x00000000fd800000-0x00000000fe000000           8M     RW         PSE         x  pmd
> [    0.011590] 0x00000000fe000000-0x00000000fea00000          10M                               pmd
> [    0.011594] 0x00000000fea00000-0x00000000fea10000          64K     RW                     x  pte
> [    0.011605] 0x00000000fea10000-0x00000000feb80000        1472K                               pte
> [    0.011610] 0x00000000feb80000-0x00000000fec02000         520K     RW                     x  pte
> [    0.011619] 0x00000000fec02000-0x00000000fec10000          56K                               pte
> [    0.011623] 0x00000000fec10000-0x00000000fec11000           4K     RW                     x  pte
> [    0.011633] 0x00000000fec11000-0x00000000fec30000         124K                               pte
> [    0.011636] 0x00000000fec30000-0x00000000fec31000           4K     RW                     x  pte
> [    0.011647] 0x00000000fec31000-0x00000000fed00000         828K                               pte
> [    0.011651] 0x00000000fed00000-0x00000000fed01000           4K     RW                     x  pte
> [    0.011660] 0x00000000fed01000-0x00000000fed40000         252K                               pte
> [    0.011664] 0x00000000fed40000-0x00000000fed45000          20K     RW                     x  pte
> [    0.011674] 0x00000000fed45000-0x00000000fed80000         236K                               pte
> [    0.011678] 0x00000000fed80000-0x00000000fed90000          64K     RW                     x  pte
> [    0.011687] 0x00000000fed90000-0x00000000fedc2000         200K                               pte
> [    0.011691] 0x00000000fedc2000-0x00000000fedd0000          56K     RW                     x  pte
> [    0.011701] 0x00000000fedd0000-0x00000000fedd4000          16K                               pte
> [    0.011704] 0x00000000fedd4000-0x00000000fedd6000           8K     RW                     x  pte
> [    0.011714] 0x00000000fedd6000-0x00000000fee00000         168K                               pte
> [    0.011719] 0x00000000fee00000-0x00000000fef00000           1M     RW                     x  pte
> [    0.011730] 0x00000000fef00000-0x00000000ff000000           1M                               pte
> [    0.011734] 0x00000000ff000000-0x0000000100000000          16M     RW         PSE         x  pmd
> [    0.011743] 0x0000000100000000-0x00000007c0000000          27G                               pud
> [    0.011749] 0x00000007c0000000-0x00000007fc400000         964M                               pmd
> [    0.011755] 0x00000007fc400000-0x00000007fc574000        1488K                               pte
> [    0.011759] 0x00000007fc574000-0x00000007fc576000           8K     RW                     NX pte
> [    0.011769] 0x00000007fc576000-0x00000007fc600000         552K                               pte
> [    0.011773] 0x00000007fc600000-0x0000000800000000          58M                               pmd
> [    0.011779] 0x0000000800000000-0x0000008000000000         480G                               pud
> [    0.011786] 0x0000008000000000-0xffff800000000000   17179737600G                               pgd
> [    0.011790] ---[ Kernel Space ]---
> [    0.011791] 0xffff800000000000-0xffff808000000000         512G                               pgd
> [    0.011795] ---[ Low Kernel Mapping ]---
> [    0.011796] 0xffff808000000000-0xffff810000000000         512G                               pgd
> [    0.011799] ---[ vmalloc() Area ]---
> [    0.011801] 0xffff810000000000-0xffff818000000000         512G                               pgd
> [    0.011804] ---[ Vmemmap ]---
> [    0.011806] 0xffff818000000000-0xffff938000000000          18T                               pgd
> [    0.011811] 0xffff938000000000-0xffff93d6c0000000         347G                               pud
> [    0.011818] 0xffff93d6c0000000-0xffff93d6c0200000           2M     RW                 GLB NX pte
> [    0.011828] 0xffff93d6c0200000-0xffff93d6c4000000          62M     RW         PSE     GLB NX pmd
> [    0.011837] 0xffff93d6c4000000-0xffff93d6c400a000          40K                               pte
> [    0.011844] 0xffff93d6c400a000-0xffff93d6c4200000        2008K     RW                 GLB NX pte
> [    0.011853] 0xffff93d6c4200000-0xffff93d6c9c00000          90M     RW         PSE     GLB NX pmd
> [    0.011864] 0xffff93d6c9c00000-0xffff93d6c9d00000           1M     RW                 GLB NX pte
> [    0.011875] 0xffff93d6c9d00000-0xffff93d6c9e00000           1M                               pte
> [    0.011879] 0xffff93d6c9e00000-0xffff93d6ca000000           2M                               pmd
> [    0.012001] 0xffff93d6ca000000-0xffff93d6cb000000          16M     RW         PSE     GLB NX pmd
> [    0.012011] 0xffff93d6cb000000-0xffff93d6cb020000         128K                               pte
> [    0.012017] 0xffff93d6cb020000-0xffff93d6cb200000        1920K     RW                 GLB NX pte
> [    0.012029] 0xffff93d6cb200000-0xffff93d700000000         846M     RW         PSE     GLB NX pmd
> [    0.012038] 0xffff93d700000000-0xffff93d780000000           2G     RW         PSE     GLB NX pud
> [    0.012049] 0xffff93d780000000-0xffff93d79a200000         418M     RW         PSE     GLB NX pmd
> [    0.012060] 0xffff93d79a200000-0xffff93d79a308000        1056K     RW                 GLB NX pte
> [    0.012071] 0xffff93d79a308000-0xffff93d79a400000         992K                               pte
> [    0.012074] 0xffff93d79a400000-0xffff93d79c600000          34M                               pmd
> [    0.012081] 0xffff93d79c600000-0xffff93d79c7f6000        2008K                               pte
> [    0.012085] 0xffff93d79c7f6000-0xffff93d79c800000          40K     RW                 GLB NX pte
> [    0.012094] 0xffff93d79c800000-0xffff93d79f000000          40M     RW         PSE     GLB NX pmd
> [    0.012105] 0xffff93d79f000000-0xffff93d7c0000000         528M                               pmd
> [    0.012109] 0xffff93d7c0000000-0xffff93dec0000000          28G     RW         PSE     GLB NX pud
> [    0.012119] 0xffff93dec0000000-0xffff93dedf200000         498M     RW         PSE     GLB NX pmd
> [    0.012131] 0xffff93dedf200000-0xffff93dedf380000        1536K     RW                 GLB NX pte
> [    0.012141] 0xffff93dedf380000-0xffff93dedf400000         512K                               pte
> [    0.012146] 0xffff93dedf400000-0xffff93df00000000         524M                               pmd
> [    0.012150] 0xffff93df00000000-0xffff940000000000         132G                               pud
> [    0.012155] 0xffff940000000000-0xffffba8000000000       39424G                               pgd
> [    0.012160] 0xffffba8000000000-0xffffbaafc0000000         191G                               pud
> [    0.012164] 0xffffbaafc0000000-0xffffbaafc0001000           4K     RW                 GLB NX pte
> [    0.012173] 0xffffbaafc0001000-0xffffbaafc0002000           4K                               pte
> [    0.012177] 0xffffbaafc0002000-0xffffbaafc0003000           4K     RW                 GLB NX pte
> [    0.012186] 0xffffbaafc0003000-0xffffbaafc0004000           4K                               pte
> [    0.012190] 0xffffbaafc0004000-0xffffbaafc0007000          12K     RW                 GLB NX pte
> [    0.012199] 0xffffbaafc0007000-0xffffbaafc0008000           4K                               pte
> [    0.012203] 0xffffbaafc0008000-0xffffbaafc000a000           8K     RW                 GLB NX pte
> [    0.012212] 0xffffbaafc000a000-0xffffbaafc000b000           4K                               pte
> [    0.012216] 0xffffbaafc000b000-0xffffbaafc000c000           4K     RW                 GLB NX pte
> [    0.012225] 0xffffbaafc000c000-0xffffbaafc000d000           4K                               pte
> [    0.012229] 0xffffbaafc000d000-0xffffbaafc000e000           4K     RW     PCD         GLB NX pte
> [    0.012239] 0xffffbaafc000e000-0xffffbaafc0010000           8K                               pte
> [    0.012242] 0xffffbaafc0010000-0xffffbaafc001f000          60K     RW                 GLB NX pte
> [    0.012252] 0xffffbaafc001f000-0xffffbaafc0020000           4K                               pte
> [    0.012256] 0xffffbaafc0020000-0xffffbaafc002a000          40K     RW                 GLB NX pte
> [    0.012265] 0xffffbaafc002a000-0xffffbaafc002c000           8K                               pte
> [    0.012269] 0xffffbaafc002c000-0xffffbaafc0030000          16K     RW                 GLB NX pte
> [    0.012278] 0xffffbaafc0030000-0xffffbaafc0034000          16K                               pte
> [    0.012282] 0xffffbaafc0034000-0xffffbaafc0037000          12K     RW                 GLB NX pte
> [    0.012292] 0xffffbaafc0037000-0xffffbaafc0080000         292K                               pte
> [    0.012296] 0xffffbaafc0080000-0xffffbaafc0100000         512K     RW     PCD         GLB NX pte
> [    0.012307] 0xffffbaafc0100000-0xffffbaafc0200000           1M                               pte
> [    0.012313] 0xffffbaafc0200000-0xffffbab000000000        1022M                               pmd
> [    0.012318] 0xffffbab000000000-0xffffbb0000000000         320G                               pud
> [    0.012323] 0xffffbb0000000000-0xfffff48000000000       58880G                               pgd
> [    0.012329] 0xfffff48000000000-0xfffff4f0c0000000         451G                               pud
> [    0.012333] 0xfffff4f0c0000000-0xfffff4f0c3800000          56M     RW         PSE     GLB NX pmd
> [    0.012342] 0xfffff4f0c3800000-0xfffff4f0c4000000           8M                               pmd
> [    0.012347] 0xfffff4f0c4000000-0xfffff4f0e0800000         456M     RW         PSE     GLB NX pmd
> [    0.012358] 0xfffff4f0e0800000-0xfffff4f100000000         504M                               pmd
> [    0.012362] 0xfffff4f100000000-0xfffff50000000000          60G                               pud
> [    0.012366] 0xfffff50000000000-0xfffffe0000000000           9T                               pgd
> [    0.012370] ---[ CPU entry Area ]---
> [    0.012371] 0xfffffe0000000000-0xfffffe0000001000           4K     ro                 GLB NX pte
> [    0.012380] ---[ LDT remap ]---
> [    0.012381] 0xfffffe0000001000-0xfffffe0000002000           4K     ro                 GLB NX pte
> [    0.012391] 0xfffffe0000002000-0xfffffe0000003000           4K     RW                 GLB NX pte
> [    0.012400] 0xfffffe0000003000-0xfffffe0000006000          12K     ro                 GLB NX pte
> [    0.012410] 0xfffffe0000006000-0xfffffe0000007000           4K     ro                 GLB x  pte
> [    0.012419] 0xfffffe0000007000-0xfffffe000000c000          20K     RW                 GLB NX pte
> [    0.012429] 0xfffffe000000c000-0xfffffe000002d000         132K                               pte
> [    0.012432] 0xfffffe000002d000-0xfffffe000002e000           4K     ro                 GLB NX pte
> [    0.012442] 0xfffffe000002e000-0xfffffe000002f000           4K     RW                 GLB NX pte
> [    0.012451] 0xfffffe000002f000-0xfffffe0000032000          12K     ro                 GLB NX pte
> [    0.012461] 0xfffffe0000032000-0xfffffe0000033000           4K     ro                 GLB x  pte
> [    0.012470] 0xfffffe0000033000-0xfffffe0000038000          20K     RW                 GLB NX pte
> [    0.012480] 0xfffffe0000038000-0xfffffe0000059000         132K                               pte
> [    0.012483] 0xfffffe0000059000-0xfffffe000005a000           4K     ro                 GLB NX pte
> [    0.012493] 0xfffffe000005a000-0xfffffe000005b000           4K     RW                 GLB NX pte
> [    0.012502] 0xfffffe000005b000-0xfffffe000005e000          12K     ro                 GLB NX pte
> [    0.012512] 0xfffffe000005e000-0xfffffe000005f000           4K     ro                 GLB x  pte
> [    0.012521] 0xfffffe000005f000-0xfffffe0000064000          20K     RW                 GLB NX pte
> [    0.012531] 0xfffffe0000064000-0xfffffe0000085000         132K                               pte
> [    0.012534] 0xfffffe0000085000-0xfffffe0000086000           4K     ro                 GLB NX pte
> [    0.012544] 0xfffffe0000086000-0xfffffe0000087000           4K     RW                 GLB NX pte
> [    0.012553] 0xfffffe0000087000-0xfffffe000008a000          12K     ro                 GLB NX pte
> [    0.012562] 0xfffffe000008a000-0xfffffe000008b000           4K     ro                 GLB x  pte
> [    0.012572] 0xfffffe000008b000-0xfffffe0000090000          20K     RW                 GLB NX pte
> [    0.012581] 0xfffffe0000090000-0xfffffe00000b1000         132K                               pte
> [    0.012585] 0xfffffe00000b1000-0xfffffe00000b2000           4K     ro                 GLB NX pte
> [    0.012595] 0xfffffe00000b2000-0xfffffe00000b3000           4K     RW                 GLB NX pte
> [    0.012604] 0xfffffe00000b3000-0xfffffe00000b6000          12K     ro                 GLB NX pte
> [    0.012613] 0xfffffe00000b6000-0xfffffe00000b7000           4K     ro                 GLB x  pte
> [    0.012623] 0xfffffe00000b7000-0xfffffe00000bc000          20K     RW                 GLB NX pte
> [    0.012632] 0xfffffe00000bc000-0xfffffe00000dd000         132K                               pte
> [    0.012636] 0xfffffe00000dd000-0xfffffe00000de000           4K     ro                 GLB NX pte
> [    0.012646] 0xfffffe00000de000-0xfffffe00000df000           4K     RW                 GLB NX pte
> [    0.012655] 0xfffffe00000df000-0xfffffe00000e2000          12K     ro                 GLB NX pte
> [    0.012664] 0xfffffe00000e2000-0xfffffe00000e3000           4K     ro                 GLB x  pte
> [    0.012674] 0xfffffe00000e3000-0xfffffe00000e8000          20K     RW                 GLB NX pte
> [    0.012683] 0xfffffe00000e8000-0xfffffe0000109000         132K                               pte
> [    0.012687] 0xfffffe0000109000-0xfffffe000010a000           4K     ro                 GLB NX pte
> [    0.012697] 0xfffffe000010a000-0xfffffe000010b000           4K     RW                 GLB NX pte
> [    0.012706] 0xfffffe000010b000-0xfffffe000010e000          12K     ro                 GLB NX pte
> [    0.012715] 0xfffffe000010e000-0xfffffe000010f000           4K     ro                 GLB x  pte
> [    0.012725] 0xfffffe000010f000-0xfffffe0000114000          20K     RW                 GLB NX pte
> [    0.012734] 0xfffffe0000114000-0xfffffe0000135000         132K                               pte
> [    0.012738] 0xfffffe0000135000-0xfffffe0000136000           4K     ro                 GLB NX pte
> [    0.012748] 0xfffffe0000136000-0xfffffe0000137000           4K     RW                 GLB NX pte
> [    0.012757] 0xfffffe0000137000-0xfffffe000013a000          12K     ro                 GLB NX pte
> [    0.012766] 0xfffffe000013a000-0xfffffe000013b000           4K     ro                 GLB x  pte
> [    0.012776] 0xfffffe000013b000-0xfffffe0000140000          20K     RW                 GLB NX pte
> [    0.012785] 0xfffffe0000140000-0xfffffe0000161000         132K                               pte
> [    0.012789] 0xfffffe0000161000-0xfffffe0000162000           4K     ro                 GLB NX pte
> [    0.012799] 0xfffffe0000162000-0xfffffe0000163000           4K     RW                 GLB NX pte
> [    0.012808] 0xfffffe0000163000-0xfffffe0000166000          12K     ro                 GLB NX pte
> [    0.012817] 0xfffffe0000166000-0xfffffe0000167000           4K     ro                 GLB x  pte
> [    0.012827] 0xfffffe0000167000-0xfffffe000016c000          20K     RW                 GLB NX pte
> [    0.012836] 0xfffffe000016c000-0xfffffe000018d000         132K                               pte
> [    0.012840] 0xfffffe000018d000-0xfffffe000018e000           4K     ro                 GLB NX pte
> [    0.012850] 0xfffffe000018e000-0xfffffe000018f000           4K     RW                 GLB NX pte
> [    0.012859] 0xfffffe000018f000-0xfffffe0000192000          12K     ro                 GLB NX pte
> [    0.012868] 0xfffffe0000192000-0xfffffe0000193000           4K     ro                 GLB x  pte
> [    0.012878] 0xfffffe0000193000-0xfffffe0000198000          20K     RW                 GLB NX pte
> [    0.012887] 0xfffffe0000198000-0xfffffe00001b9000         132K                               pte
> [    0.012891] 0xfffffe00001b9000-0xfffffe00001ba000           4K     ro                 GLB NX pte
> [    0.012900] 0xfffffe00001ba000-0xfffffe00001bb000           4K     RW                 GLB NX pte
> [    0.012910] 0xfffffe00001bb000-0xfffffe00001be000          12K     ro                 GLB NX pte
> [    0.012919] 0xfffffe00001be000-0xfffffe00001bf000           4K     ro                 GLB x  pte
> [    0.012929] 0xfffffe00001bf000-0xfffffe00001c4000          20K     RW                 GLB NX pte
> [    0.012938] 0xfffffe00001c4000-0xfffffe00001e5000         132K                               pte
> [    0.012942] 0xfffffe00001e5000-0xfffffe00001e6000           4K     ro                 GLB NX pte
> [    0.012951] 0xfffffe00001e6000-0xfffffe00001e7000           4K     RW                 GLB NX pte
> [    0.012961] 0xfffffe00001e7000-0xfffffe00001ea000          12K     ro                 GLB NX pte
> [    0.012970] 0xfffffe00001ea000-0xfffffe00001eb000           4K     ro                 GLB x  pte
> [    0.012980] 0xfffffe00001eb000-0xfffffe00001f0000          20K     RW                 GLB NX pte
> [    0.012989] 0xfffffe00001f0000-0xfffffe0000211000         132K                               pte
> [    0.012993] 0xfffffe0000211000-0xfffffe0000212000           4K     ro                 GLB NX pte
> [    0.013005] 0xfffffe0000212000-0xfffffe0000213000           4K     RW                 GLB NX pte
> [    0.013015] 0xfffffe0000213000-0xfffffe0000216000          12K     ro                 GLB NX pte
> [    0.013024] 0xfffffe0000216000-0xfffffe0000217000           4K     ro                 GLB x  pte
> [    0.013033] 0xfffffe0000217000-0xfffffe000021c000          20K     RW                 GLB NX pte
> [    0.013043] 0xfffffe000021c000-0xfffffe000023d000         132K                               pte
> [    0.013047] 0xfffffe000023d000-0xfffffe000023e000           4K     ro                 GLB NX pte
> [    0.013056] 0xfffffe000023e000-0xfffffe000023f000           4K     RW                 GLB NX pte
> [    0.013066] 0xfffffe000023f000-0xfffffe0000242000          12K     ro                 GLB NX pte
> [    0.013075] 0xfffffe0000242000-0xfffffe0000243000           4K     ro                 GLB x  pte
> [    0.013085] 0xfffffe0000243000-0xfffffe0000248000          20K     RW                 GLB NX pte
> [    0.013094] 0xfffffe0000248000-0xfffffe0000269000         132K                               pte
> [    0.013098] 0xfffffe0000269000-0xfffffe000026a000           4K     ro                 GLB NX pte
> [    0.013107] 0xfffffe000026a000-0xfffffe000026b000           4K     RW                 GLB NX pte
> [    0.013117] 0xfffffe000026b000-0xfffffe000026e000          12K     ro                 GLB NX pte
> [    0.013126] 0xfffffe000026e000-0xfffffe000026f000           4K     ro                 GLB x  pte
> [    0.013136] 0xfffffe000026f000-0xfffffe0000274000          20K     RW                 GLB NX pte
> [    0.013145] 0xfffffe0000274000-0xfffffe0000295000         132K                               pte
> [    0.013149] 0xfffffe0000295000-0xfffffe0000296000           4K     ro                 GLB NX pte
> [    0.013158] 0xfffffe0000296000-0xfffffe0000297000           4K     RW                 GLB NX pte
> [    0.013168] 0xfffffe0000297000-0xfffffe000029a000          12K     ro                 GLB NX pte
> [    0.013177] 0xfffffe000029a000-0xfffffe000029b000           4K     ro                 GLB x  pte
> [    0.013187] 0xfffffe000029b000-0xfffffe00002a0000          20K     RW                 GLB NX pte
> [    0.013198] 0xfffffe00002a0000-0xfffffe0000400000        1408K                               pte
> [    0.013204] 0xfffffe0000400000-0xfffffe0040000000        1020M                               pmd
> [    0.013210] 0xfffffe0040000000-0xfffffe8000000000         511G                               pud
> [    0.013214] 0xfffffe8000000000-0xffffff0000000000         512G                               pgd
> [    0.013217] ---[ ESPfix Area ]---
> [    0.013219] 0xffffff0000000000-0xffffff0f00000000          60G                               pud
> [    0.013222] 0xffffff0f00000000-0xffffff0f00003000          12K                               pte
> [    0.013226] 0xffffff0f00003000-0xffffff0f00004000           4K     ro                 GLB NX pte
> [    0.013236] 0xffffff0f00004000-0xffffff0f00013000          60K                               pte
> [    0.013239] 0xffffff0f00013000-0xffffff0f00014000           4K     ro                 GLB NX pte
> [    0.013249] 0xffffff0f00014000-0xffffff0f00023000          60K                               pte
> [    0.013253] 0xffffff0f00023000-0xffffff0f00024000           4K     ro                 GLB NX pte
> [    0.013262] 0xffffff0f00024000-0xffffff0f00033000          60K                               pte
> [    0.013266] 0xffffff0f00033000-0xffffff0f00034000           4K     ro                 GLB NX pte
> [    0.013275] 0xffffff0f00034000-0xffffff0f00043000          60K                               pte
> [    0.013279] 0xffffff0f00043000-0xffffff0f00044000           4K     ro                 GLB NX pte
> [    0.013288] 0xffffff0f00044000-0xffffff0f00053000          60K                               pte
> [    0.013292] 0xffffff0f00053000-0xffffff0f00054000           4K     ro                 GLB NX pte
> [    0.013302] 0xffffff0f00054000-0xffffff0f00063000          60K                               pte
> [    0.013305] 0xffffff0f00063000-0xffffff0f00064000           4K     ro                 GLB NX pte
> [    0.013315] 0xffffff0f00064000-0xffffff0f00073000          60K                               pte
> [    0.020669] ... 131059 entries skipped ... 
> [    0.020670] ---[ EFI Runtime Services ]---
> [    0.020671] 0xffffffef00000000-0xfffffffec0000000          63G                               pud
> [    0.020676] 0xfffffffec0000000-0xfffffffee9c00000         668M                               pmd
> [    0.020680] 0xfffffffee9c00000-0xfffffffee9c08000          32K     RW                     x  pte
> [    0.020689] 0xfffffffee9c08000-0xfffffffee9c3f000         220K                               pte
> [    0.020693] 0xfffffffee9c3f000-0xfffffffee9ca0000         388K     RW                     x  pte
> [    0.020704] 0xfffffffee9ca0000-0xfffffffee9e00000        1408K                               pte
> [    0.020708] 0xfffffffee9e00000-0xfffffffee9e20000         128K     RW                     x  pte
> [    0.020719] 0xfffffffee9e20000-0xfffffffee9fc1000        1668K                               pte
> [    0.020723] 0xfffffffee9fc1000-0xfffffffeea000000         252K     RW                     x  pte
> [    0.020732] 0xfffffffeea000000-0xfffffffef3000000         144M     RW         PSE         x  pmd
> [    0.020746] 0xfffffffef3000000-0xfffffffef3400000           4M     RW                     x  pte
> [    0.020755] 0xfffffffef3400000-0xfffffffef4600000          18M     RW         PSE         x  pmd
> [    0.020767] 0xfffffffef4600000-0xfffffffef4800000           2M     RW                     x  pte
> [    0.020776] 0xfffffffef4800000-0xfffffffef5e00000          22M     RW         PSE         x  pmd
> [    0.020787] 0xfffffffef5e00000-0xfffffffef5f63000        1420K     RW                     x  pte
> [    0.020797] 0xfffffffef5f63000-0xfffffffef6084000        1156K                               pte
> [    0.020803] 0xfffffffef6084000-0xfffffffef6200000        1520K     RW                     x  pte
> [    0.020812] 0xfffffffef6200000-0xfffffffef6c00000          10M     RW         PSE         x  pmd
> [    0.020822] 0xfffffffef6c00000-0xfffffffef6d08000        1056K     RW                     x  pte
> [    0.020834] 0xfffffffef6d08000-0xfffffffef6ede000        1880K                               pte
> [    0.020839] 0xfffffffef6ede000-0xfffffffef7000000        1160K     RW                     NX pte
> [    0.020848] 0xfffffffef7000000-0xfffffffef7800000           8M     RW         PSE         NX pmd
> [    0.020859] 0xfffffffef7800000-0xfffffffef796f000        1468K     RW                     NX pte
> [    0.020868] 0xfffffffef796f000-0xfffffffef7972000          12K     ro                     x  pte
> [    0.020877] 0xfffffffef7972000-0xfffffffef7977000          20K     RW                     NX pte
> [    0.020886] 0xfffffffef7977000-0xfffffffef7978000           4K     ro                     x  pte
> [    0.020895] 0xfffffffef7978000-0xfffffffef797c000          16K     RW                     NX pte
> [    0.020903] 0xfffffffef797c000-0xfffffffef7980000          16K     ro                     x  pte
> [    0.020912] 0xfffffffef7980000-0xfffffffef7985000          20K     RW                     NX pte
> [    0.020921] 0xfffffffef7985000-0xfffffffef7986000           4K     ro                     x  pte
> [    0.020930] 0xfffffffef7986000-0xfffffffef798a000          16K     RW                     NX pte
> [    0.020939] 0xfffffffef798a000-0xfffffffef798b000           4K     ro                     x  pte
> [    0.020948] 0xfffffffef798b000-0xfffffffef7990000          20K     RW                     NX pte
> [    0.020957] 0xfffffffef7990000-0xfffffffef799d000          52K     ro                     x  pte
> [    0.020966] 0xfffffffef799d000-0xfffffffef79a4000          28K     RW                     NX pte
> [    0.020975] 0xfffffffef79a4000-0xfffffffef79a7000          12K     ro                     x  pte
> [    0.020984] 0xfffffffef79a7000-0xfffffffef79ad000          24K     RW                     NX pte
> [    0.020993] 0xfffffffef79ad000-0xfffffffef79ae000           4K     ro                     x  pte
> [    0.021004] 0xfffffffef79ae000-0xfffffffef79b3000          20K     RW                     NX pte
> [    0.021013] 0xfffffffef79b3000-0xfffffffef79b4000           4K     ro                     x  pte
> [    0.021022] 0xfffffffef79b4000-0xfffffffef79b9000          20K     RW                     NX pte
> [    0.021031] 0xfffffffef79b9000-0xfffffffef79ba000           4K     ro                     x  pte
> [    0.021039] 0xfffffffef79ba000-0xfffffffef79bf000          20K     RW                     NX pte
> [    0.021048] 0xfffffffef79bf000-0xfffffffef79c0000           4K     ro                     x  pte
> [    0.021057] 0xfffffffef79c0000-0xfffffffef79c5000          20K     RW                     NX pte
> [    0.021066] 0xfffffffef79c5000-0xfffffffef79c6000           4K     ro                     x  pte
> [    0.021075] 0xfffffffef79c6000-0xfffffffef79cb000          20K     RW                     NX pte
> [    0.021084] 0xfffffffef79cb000-0xfffffffef79cc000           4K     ro                     x  pte
> [    0.021093] 0xfffffffef79cc000-0xfffffffef79d0000          16K     RW                     NX pte
> [    0.021102] 0xfffffffef79d0000-0xfffffffef79da000          40K     ro                     x  pte
> [    0.021111] 0xfffffffef79da000-0xfffffffef79e3000          36K     RW                     NX pte
> [    0.021120] 0xfffffffef79e3000-0xfffffffef79e8000          20K     ro                     x  pte
> [    0.021129] 0xfffffffef79e8000-0xfffffffef79ed000          20K     RW                     NX pte
> [    0.021138] 0xfffffffef79ed000-0xfffffffef79f1000          16K     ro                     x  pte
> [    0.021147] 0xfffffffef79f1000-0xfffffffef79f6000          20K     RW                     NX pte
> [    0.021155] 0xfffffffef79f6000-0xfffffffef7a00000          40K     RW                     x  pte
> [    0.021165] 0xfffffffef7a00000-0xfffffffefea00000         112M     RW         PSE         x  pmd
> [    0.021174] 0xfffffffefea00000-0xfffffffefea10000          64K     RW                     x  pte
> [    0.021184] 0xfffffffefea10000-0xfffffffefeb80000        1472K                               pte
> [    0.021189] 0xfffffffefeb80000-0xfffffffefec02000         520K     RW                     x  pte
> [    0.021198] 0xfffffffefec02000-0xfffffffefec10000          56K                               pte
> [    0.021201] 0xfffffffefec10000-0xfffffffefec11000           4K     RW                     x  pte
> [    0.021210] 0xfffffffefec11000-0xfffffffefec30000         124K                               pte
> [    0.021214] 0xfffffffefec30000-0xfffffffefec31000           4K     RW                     x  pte
> [    0.021224] 0xfffffffefec31000-0xfffffffefed00000         828K                               pte
> [    0.021228] 0xfffffffefed00000-0xfffffffefed01000           4K     RW                     x  pte
> [    0.021237] 0xfffffffefed01000-0xfffffffefed40000         252K                               pte
> [    0.021240] 0xfffffffefed40000-0xfffffffefed45000          20K     RW                     x  pte
> [    0.021250] 0xfffffffefed45000-0xfffffffefed80000         236K                               pte
> [    0.021253] 0xfffffffefed80000-0xfffffffefed90000          64K     RW                     x  pte
> [    0.021262] 0xfffffffefed90000-0xfffffffefedc2000         200K                               pte
> [    0.021266] 0xfffffffefedc2000-0xfffffffefedd0000          56K     RW                     x  pte
> [    0.021275] 0xfffffffefedd0000-0xfffffffefedd4000          16K                               pte
> [    0.021278] 0xfffffffefedd4000-0xfffffffefedd6000           8K     RW                     x  pte
> [    0.021287] 0xfffffffefedd6000-0xfffffffefee00000         168K                               pte
> [    0.021292] 0xfffffffefee00000-0xfffffffefef00000           1M     RW                     x  pte
> [    0.021303] 0xfffffffefef00000-0xfffffffeff000000           1M                               pte
> [    0.021306] 0xfffffffeff000000-0xffffffff00000000          16M     RW         PSE         x  pmd
> [    0.021315] 0xffffffff00000000-0xffffffff80000000           2G                               pud
> [    0.021319] ---[ High Kernel Mapping ]---
> [    0.021321] 0xffffffff80000000-0xffffffffa3000000         560M                               pmd
> [    0.021325] 0xffffffffa3000000-0xffffffffa6400000          52M     RW         PSE     GLB x  pmd
> [    0.021335] 0xffffffffa6400000-0xffffffffc0000000         412M                               pmd
> [    0.021338] ---[ Modules ]---
> [    0.021341] 0xffffffffc0000000-0xffffffffff000000        1008M                               pmd
> [    0.021345] ---[ End Modules ]---
> [    0.021346] 0xffffffffff000000-0xffffffffff200000           2M                               pmd
> [    0.021354] 0xffffffffff200000-0xffffffffff576000        3544K                               pte
> [    0.021357] ---[ Fixmap Area ]---
> [    0.021359] 0xffffffffff576000-0xffffffffff5fa000         528K                               pte
> [    0.021363] 0xffffffffff5fa000-0xffffffffff5fd000          12K     RW PWT PCD         GLB NX pte
> [    0.021372] 0xffffffffff5fd000-0xffffffffff600000          12K                               pte
> [    0.021375] 0xffffffffff600000-0xffffffffff601000           4K USR ro                 GLB NX pte
> [    0.021387] 0xffffffffff601000-0xffffffffff800000        2044K                               pte
> [    0.021391] 0xffffffffff800000-0x0000000000000000           8M                               pmd
> [    0.021442] Security Framework initialized
> [    0.021443] Yama: becoming mindful.
> [    0.021451] SELinux:  Initializing.
> [    0.021487] SELinux:  Starting in permissive mode
> [    0.026501] Dentry cache hash table entries: 4194304 (order: 13, 33554432 bytes)
> [    0.029067] Inode-cache hash table entries: 2097152 (order: 12, 16777216 bytes)
> [    0.029170] Mount-cache hash table entries: 65536 (order: 7, 524288 bytes)
> [    0.029248] Mountpoint-cache hash table entries: 65536 (order: 7, 524288 bytes)
> [    0.029692] CPU: Physical Processor ID: 0
> [    0.029693] CPU: Processor Core ID: 0
> [    0.029699] mce: CPU supports 23 MCE banks
> [    0.029723] LVT offset 1 assigned for vector 0xf9
> [    0.029786] LVT offset 2 assigned for vector 0xf4
> [    0.029797] Last level iTLB entries: 4KB 1024, 2MB 1024, 4MB 512
> [    0.029798] Last level dTLB entries: 4KB 1536, 2MB 1536, 4MB 768, 1GB 0
> [    0.029800] Spectre V2 : Mitigation: Full AMD retpoline
> [    0.029801] Spectre V2 : Spectre v2 mitigation: Enabling Indirect Branch Prediction Barrier
> [    0.029803] Speculative Store Bypass: Mitigation: Speculative Store Bypass disabled via prctl and seccomp
> [    0.034160] Freeing SMP alternatives memory: 28K
> [    0.053000] smpboot: CPU0: AMD Ryzen 7 2700X Eight-Core Processor (family: 0x17, model: 0x8, stepping: 0x2)
> [    0.053000] Performance Events: Fam17h core perfctr, AMD PMU driver.
> [    0.053000] ... version:                0
> [    0.053000] ... bit width:              48
> [    0.053000] ... generic registers:      6
> [    0.053000] ... value mask:             0000ffffffffffff
> [    0.053000] ... max period:             00007fffffffffff
> [    0.053000] ... fixed-purpose events:   0
> [    0.053000] ... event mask:             000000000000003f
> [    0.053000] Hierarchical SRCU implementation.
> [    0.053226] NMI watchdog: Enabled. Permanently consumes one hw-PMU counter.
> [    0.053266] smp: Bringing up secondary CPUs ...
> [    0.053542] x86: Booting SMP configuration:
> [    0.053546] .... node  #0, CPUs:        #1  #2  #3  #4  #5  #6  #7  #8  #9 #10 #11 #12 #13 #14 #15
> [    0.074071] smp: Brought up 1 node, 16 CPUs
> [    0.074071] smpboot: Max logical packages: 1
> [    0.074071] smpboot: Total of 16 processors activated (118167.00 BogoMIPS)
> [    0.077166] devtmpfs: initialized
> [    0.077166] x86/mm: Memory block size: 128MB
> [    0.083448] PM: Registering ACPI NVS region [mem 0x04000000-0x04009fff] (40960 bytes)
> [    0.083448] PM: Registering ACPI NVS region [mem 0xdb82d000-0xdbcddfff] (4919296 bytes)
> [    0.098537] DMA-API: preallocated 65536 debug entries
> [    0.098540] DMA-API: debugging enabled by kernel config
> [    0.098542] clocksource: jiffies: mask: 0xffffffff max_cycles: 0xffffffff, max_idle_ns: 1911260446275000 ns
> [    0.098597] futex hash table entries: 4096 (order: 7, 524288 bytes)
> [    0.098961] pinctrl core: initialized pinctrl subsystem
> [    0.099265] RTC time: 20:39:22, date: 08/10/18
> [    0.100089] NET: Registered protocol family 16
> [    0.100298] audit: initializing netlink subsys (disabled)
> [    0.100356] audit: type=2000 audit(1533933561.100:1): state=initialized audit_enabled=0 res=1
> [    0.100356] cpuidle: using governor menu
> [    0.100632] ACPI: bus type PCI registered
> [    0.100632] acpiphp: ACPI Hot Plug PCI Controller Driver version: 0.5
> [    0.101017] PCI: MMCONFIG for domain 0000 [bus 00-3f] at [mem 0xf8000000-0xfbffffff] (base 0xf8000000)
> [    0.101021] PCI: MMCONFIG at [mem 0xf8000000-0xfbffffff] reserved in E820
> [    0.101028] PCI: Using configuration type 1 for base access
> [    0.106137] HugeTLB registered 1.00 GiB page size, pre-allocated 0 pages
> [    0.106137] HugeTLB registered 2.00 MiB page size, pre-allocated 0 pages
> [    0.106333] cryptd: max_cpu_qlen set to 1000
> [    0.106333] ACPI: Added _OSI(Module Device)
> [    0.106333] ACPI: Added _OSI(Processor Device)
> [    0.106333] ACPI: Added _OSI(3.0 _SCP Extensions)
> [    0.106333] ACPI: Added _OSI(Processor Aggregator Device)
> [    0.106333] ACPI: Added _OSI(Linux-Dell-Video)
> [    0.139325] ACPI: 7 ACPI AML tables successfully acquired and loaded
> [    0.151743] ACPI: [Firmware Bug]: BIOS _OSI(Linux) query ignored
> [    0.159106] ACPI: EC: EC started
> [    0.159109] ACPI: EC: interrupt blocked
> [    0.159443] ACPI: \_SB_.PCI0.SBRG.EC0_: Used as first EC
> [    0.159446] ACPI: \_SB_.PCI0.SBRG.EC0_: GPE=0x2, EC_CMD/EC_SC=0x66, EC_DATA=0x62
> [    0.159448] ACPI: \_SB_.PCI0.SBRG.EC0_: Used as boot DSDT EC to handle transactions
> [    0.159449] ACPI: Interpreter enabled
> [    0.159478] ACPI: (supports S0 S3 S4 S5)
> [    0.159480] ACPI: Using IOAPIC for interrupt routing
> [    0.160702] PCI: Using host bridge windows from ACPI; if necessary, use "pci=nocrs" and report a bug
> [    0.161418] ACPI: Enabled 3 GPEs in block 00 to 1F
> [    0.187564] ACPI: PCI Root Bridge [PCI0] (domain 0000 [bus 00-ff])
> [    0.187571] acpi PNP0A08:00: _OSC: OS supports [ExtendedConfig ASPM ClockPM Segments MSI]
> [    0.188047] acpi PNP0A08:00: _OSC: platform does not support [PCIeHotplug SHPCHotplug PME LTR]
> [    0.188481] acpi PNP0A08:00: _OSC: OS now controls [AER PCIeCapability]
> [    0.188514] acpi PNP0A08:00: [Firmware Info]: MMCONFIG for domain 0000 [bus 00-3f] only partially covers this bridge
> [    0.189448] PCI host bridge to bus 0000:00
> [    0.189451] pci_bus 0000:00: root bus resource [io  0x0000-0x03af window]
> [    0.189453] pci_bus 0000:00: root bus resource [io  0x03e0-0x0cf7 window]
> [    0.189454] pci_bus 0000:00: root bus resource [io  0x03b0-0x03df window]
> [    0.189456] pci_bus 0000:00: root bus resource [io  0x0d00-0xefff window]
> [    0.189458] pci_bus 0000:00: root bus resource [mem 0x000a0000-0x000bffff window]
> [    0.189460] pci_bus 0000:00: root bus resource [mem 0x000c0000-0x000dffff window]
> [    0.189461] pci_bus 0000:00: root bus resource [mem 0xe0000000-0xfec2ffff window]
> [    0.189463] pci_bus 0000:00: root bus resource [mem 0xfee00000-0xffffffff window]
> [    0.189465] pci_bus 0000:00: root bus resource [bus 00-ff]
> [    0.189484] pci 0000:00:00.0: [1022:1450] type 00 class 0x060000
> [    0.189736] pci 0000:00:00.2: [1022:1451] type 00 class 0x080600
> [    0.189942] pci 0000:00:01.0: [1022:1452] type 00 class 0x060000
> [    0.190115] pci 0000:00:01.1: [1022:1453] type 01 class 0x060400
> [    0.190925] pci 0000:00:01.1: PME# supported from D0 D3hot D3cold
> [    0.192040] pci 0000:00:01.3: [1022:1453] type 01 class 0x060400
> [    0.192927] pci 0000:00:01.3: PME# supported from D0 D3hot D3cold
> [    0.194037] pci 0000:00:02.0: [1022:1452] type 00 class 0x060000
> [    0.194215] pci 0000:00:03.0: [1022:1452] type 00 class 0x060000
> [    0.194377] pci 0000:00:03.1: [1022:1453] type 01 class 0x060400
> [    0.194931] pci 0000:00:03.1: PME# supported from D0 D3hot D3cold
> [    0.196037] pci 0000:00:04.0: [1022:1452] type 00 class 0x060000
> [    0.196219] pci 0000:00:07.0: [1022:1452] type 00 class 0x060000
> [    0.196381] pci 0000:00:07.1: [1022:1454] type 01 class 0x060400
> [    0.196848] pci 0000:00:07.1: enabling Extended Tags
> [    0.196932] pci 0000:00:07.1: PME# supported from D0 D3hot D3cold
> [    0.198046] pci 0000:00:08.0: [1022:1452] type 00 class 0x060000
> [    0.198209] pci 0000:00:08.1: [1022:1454] type 01 class 0x060400
> [    0.198851] pci 0000:00:08.1: enabling Extended Tags
> [    0.198937] pci 0000:00:08.1: PME# supported from D0 D3hot D3cold
> [    0.200077] pci 0000:00:14.0: [1022:790b] type 00 class 0x0c0500
> [    0.200394] pci 0000:00:14.3: [1022:790e] type 00 class 0x060100
> [    0.200715] pci 0000:00:18.0: [1022:1460] type 00 class 0x060000
> [    0.200868] pci 0000:00:18.1: [1022:1461] type 00 class 0x060000
> [    0.201023] pci 0000:00:18.2: [1022:1462] type 00 class 0x060000
> [    0.201174] pci 0000:00:18.3: [1022:1463] type 00 class 0x060000
> [    0.201325] pci 0000:00:18.4: [1022:1464] type 00 class 0x060000
> [    0.201475] pci 0000:00:18.5: [1022:1465] type 00 class 0x060000
> [    0.201625] pci 0000:00:18.6: [1022:1466] type 00 class 0x060000
> [    0.201774] pci 0000:00:18.7: [1022:1467] type 00 class 0x060000
> [    0.202086] pci 0000:01:00.0: [8086:2700] type 00 class 0x010802
> [    0.202106] pci 0000:01:00.0: reg 0x10: [mem 0xfe910000-0xfe913fff 64bit]
> [    0.202133] pci 0000:01:00.0: reg 0x30: [mem 0xfe900000-0xfe90ffff pref]
> [    0.203160] pci 0000:00:01.1: PCI bridge to [bus 01]
> [    0.203165] pci 0000:00:01.1:   bridge window [mem 0xfe900000-0xfe9fffff]
> [    0.203971] pci 0000:02:00.0: [1022:43d0] type 00 class 0x0c0330
> [    0.203995] pci 0000:02:00.0: reg 0x10: [mem 0xfe5a0000-0xfe5a7fff 64bit]
> [    0.204090] pci 0000:02:00.0: PME# supported from D3hot D3cold
> [    0.204212] pci 0000:02:00.1: [1022:43c8] type 00 class 0x010601
> [    0.204250] pci 0000:02:00.1: reg 0x24: [mem 0xfe580000-0xfe59ffff]
> [    0.204256] pci 0000:02:00.1: reg 0x30: [mem 0xfe500000-0xfe57ffff pref]
> [    0.204303] pci 0000:02:00.1: PME# supported from D3hot D3cold
> [    0.204409] pci 0000:02:00.2: [1022:43c6] type 01 class 0x060400
> [    0.204492] pci 0000:02:00.2: PME# supported from D3hot D3cold
> [    0.204630] pci 0000:00:01.3: PCI bridge to [bus 02-08]
> [    0.204634] pci 0000:00:01.3:   bridge window [io  0xc000-0xdfff]
> [    0.204637] pci 0000:00:01.3:   bridge window [mem 0xfe300000-0xfe5fffff]
> [    0.204874] pci 0000:03:00.0: [1022:43c7] type 01 class 0x060400
> [    0.204972] pci 0000:03:00.0: PME# supported from D3hot D3cold
> [    0.205118] pci 0000:03:01.0: [1022:43c7] type 01 class 0x060400
> [    0.205216] pci 0000:03:01.0: PME# supported from D3hot D3cold
> [    0.205357] pci 0000:03:02.0: [1022:43c7] type 01 class 0x060400
> [    0.205455] pci 0000:03:02.0: PME# supported from D3hot D3cold
> [    0.205596] pci 0000:03:03.0: [1022:43c7] type 01 class 0x060400
> [    0.205693] pci 0000:03:03.0: PME# supported from D3hot D3cold
> [    0.205837] pci 0000:03:04.0: [1022:43c7] type 01 class 0x060400
> [    0.205935] pci 0000:03:04.0: PME# supported from D3hot D3cold
> [    0.206100] pci 0000:02:00.2: PCI bridge to [bus 03-08]
> [    0.206106] pci 0000:02:00.2:   bridge window [io  0xc000-0xdfff]
> [    0.206109] pci 0000:02:00.2:   bridge window [mem 0xfe300000-0xfe4fffff]
> [    0.206232] pci 0000:04:00.0: [8086:1539] type 00 class 0x020000
> [    0.206278] pci 0000:04:00.0: reg 0x10: [mem 0xfe400000-0xfe41ffff]
> [    0.206312] pci 0000:04:00.0: reg 0x18: [io  0xd000-0xd01f]
> [    0.206330] pci 0000:04:00.0: reg 0x1c: [mem 0xfe420000-0xfe423fff]
> [    0.206510] pci 0000:04:00.0: PME# supported from D0 D3hot D3cold
> [    0.206696] pci 0000:03:00.0: PCI bridge to [bus 04]
> [    0.206702] pci 0000:03:00.0:   bridge window [io  0xd000-0xdfff]
> [    0.206705] pci 0000:03:00.0:   bridge window [mem 0xfe400000-0xfe4fffff]
> [    0.206788] pci 0000:05:00.0: [10ec:b822] type 00 class 0x028000
> [    0.206833] pci 0000:05:00.0: reg 0x10: [io  0xc000-0xc0ff]
> [    0.206868] pci 0000:05:00.0: reg 0x18: [mem 0xfe300000-0xfe30ffff 64bit]
> [    0.207035] pci 0000:05:00.0: supports D1 D2
> [    0.207037] pci 0000:05:00.0: PME# supported from D0 D1 D2 D3hot D3cold
> [    0.207235] pci 0000:03:01.0: PCI bridge to [bus 05]
> [    0.207241] pci 0000:03:01.0:   bridge window [io  0xc000-0xcfff]
> [    0.207244] pci 0000:03:01.0:   bridge window [mem 0xfe300000-0xfe3fffff]
> [    0.207303] pci 0000:03:02.0: PCI bridge to [bus 06]
> [    0.207387] pci 0000:03:03.0: PCI bridge to [bus 07]
> [    0.207470] pci 0000:03:04.0: PCI bridge to [bus 08]
> [    0.207944] pci 0000:09:00.0: [1022:1470] type 01 class 0x060400
> [    0.207965] pci 0000:09:00.0: reg 0x10: [mem 0xfe700000-0xfe703fff]
> [    0.208046] pci 0000:09:00.0: PME# supported from D0 D3hot D3cold
> [    0.208186] pci 0000:00:03.1: PCI bridge to [bus 09-0b]
> [    0.208190] pci 0000:00:03.1:   bridge window [io  0xe000-0xefff]
> [    0.208192] pci 0000:00:03.1:   bridge window [mem 0xfe600000-0xfe7fffff]
> [    0.208196] pci 0000:00:03.1:   bridge window [mem 0xe0000000-0xf01fffff 64bit pref]
> [    0.208255] pci 0000:0a:00.0: [1022:1471] type 01 class 0x060400
> [    0.208345] pci 0000:0a:00.0: PME# supported from D0 D3hot D3cold
> [    0.208457] pci 0000:09:00.0: PCI bridge to [bus 0a-0b]
> [    0.208462] pci 0000:09:00.0:   bridge window [io  0xe000-0xefff]
> [    0.208465] pci 0000:09:00.0:   bridge window [mem 0xfe600000-0xfe6fffff]
> [    0.208470] pci 0000:09:00.0:   bridge window [mem 0xe0000000-0xf01fffff 64bit pref]
> [    0.208524] pci 0000:0b:00.0: [1002:687f] type 00 class 0x030000
> [    0.208550] pci 0000:0b:00.0: reg 0x10: [mem 0xe0000000-0xefffffff 64bit pref]
> [    0.208561] pci 0000:0b:00.0: reg 0x18: [mem 0xf0000000-0xf01fffff 64bit pref]
> [    0.208568] pci 0000:0b:00.0: reg 0x20: [io  0xe000-0xe0ff]
> [    0.208576] pci 0000:0b:00.0: reg 0x24: [mem 0xfe600000-0xfe67ffff]
> [    0.208583] pci 0000:0b:00.0: reg 0x30: [mem 0xfe680000-0xfe69ffff pref]
> [    0.208604] pci 0000:0b:00.0: BAR 0: assigned to efifb
> [    0.208655] pci 0000:0b:00.0: PME# supported from D1 D2 D3hot D3cold
> [    0.208758] pci 0000:0b:00.1: [1002:aaf8] type 00 class 0x040300
> [    0.208776] pci 0000:0b:00.1: reg 0x10: [mem 0xfe6a0000-0xfe6a3fff]
> [    0.208867] pci 0000:0b:00.1: PME# supported from D1 D2 D3hot D3cold
> [    0.208988] pci 0000:0a:00.0: PCI bridge to [bus 0b]
> [    0.208993] pci 0000:0a:00.0:   bridge window [io  0xe000-0xefff]
> [    0.208996] pci 0000:0a:00.0:   bridge window [mem 0xfe600000-0xfe6fffff]
> [    0.209006] pci 0000:0a:00.0:   bridge window [mem 0xe0000000-0xf01fffff 64bit pref]
> [    0.209959] pci 0000:0c:00.0: [1022:145a] type 00 class 0x130000
> [    0.209989] pci 0000:0c:00.0: enabling Extended Tags
> [    0.210103] pci 0000:0c:00.2: [1022:1456] type 00 class 0x108000
> [    0.210120] pci 0000:0c:00.2: reg 0x18: [mem 0xfe100000-0xfe1fffff]
> [    0.210129] pci 0000:0c:00.2: reg 0x24: [mem 0xfe200000-0xfe201fff]
> [    0.210136] pci 0000:0c:00.2: enabling Extended Tags
> [    0.210260] pci 0000:0c:00.3: [1022:145f] type 00 class 0x0c0330
> [    0.210275] pci 0000:0c:00.3: reg 0x10: [mem 0xfe000000-0xfe0fffff 64bit]
> [    0.210298] pci 0000:0c:00.3: enabling Extended Tags
> [    0.210336] pci 0000:0c:00.3: PME# supported from D0 D3hot D3cold
> [    0.210445] pci 0000:00:07.1: PCI bridge to [bus 0c]
> [    0.210449] pci 0000:00:07.1:   bridge window [mem 0xfe000000-0xfe2fffff]
> [    0.210978] pci 0000:0d:00.0: [1022:1455] type 00 class 0x130000
> [    0.211014] pci 0000:0d:00.0: enabling Extended Tags
> [    0.211130] pci 0000:0d:00.2: [1022:7901] type 00 class 0x010601
> [    0.211156] pci 0000:0d:00.2: reg 0x24: [mem 0xfe808000-0xfe808fff]
> [    0.211164] pci 0000:0d:00.2: enabling Extended Tags
> [    0.211202] pci 0000:0d:00.2: PME# supported from D3hot D3cold
> [    0.211309] pci 0000:0d:00.3: [1022:1457] type 00 class 0x040300
> [    0.211321] pci 0000:0d:00.3: reg 0x10: [mem 0xfe800000-0xfe807fff]
> [    0.211343] pci 0000:0d:00.3: enabling Extended Tags
> [    0.211380] pci 0000:0d:00.3: PME# supported from D0 D3hot D3cold
> [    0.211494] pci 0000:00:08.1: PCI bridge to [bus 0d]
> [    0.211499] pci 0000:00:08.1:   bridge window [mem 0xfe800000-0xfe8fffff]
> [    0.212315] ACPI: PCI Interrupt Link [LNKA] (IRQs 4 5 7 10 11 14 15) *0
> [    0.212446] ACPI: PCI Interrupt Link [LNKB] (IRQs 4 5 7 10 11 14 15) *0
> [    0.212564] ACPI: PCI Interrupt Link [LNKC] (IRQs 4 5 7 10 11 14 15) *0
> [    0.212700] ACPI: PCI Interrupt Link [LNKD] (IRQs 4 5 7 10 11 14 15) *0
> [    0.212830] ACPI: PCI Interrupt Link [LNKE] (IRQs 4 5 7 10 11 14 15) *0
> [    0.212938] ACPI: PCI Interrupt Link [LNKF] (IRQs 4 5 7 10 11 14 15) *0
> [    0.213052] ACPI: PCI Interrupt Link [LNKG] (IRQs 4 5 7 10 11 14 15) *0
> [    0.213160] ACPI: PCI Interrupt Link [LNKH] (IRQs 4 5 7 10 11 14 15) *0
> [    0.214350] ACPI: EC: interrupt unblocked
> [    0.214366] ACPI: EC: event unblocked
> [    0.214377] ACPI: \_SB_.PCI0.SBRG.EC0_: GPE=0x2, EC_CMD/EC_SC=0x66, EC_DATA=0x62
> [    0.214379] ACPI: \_SB_.PCI0.SBRG.EC0_: Used as boot DSDT EC to handle transactions and events
> [    0.214588] pci 0000:0b:00.0: vgaarb: setting as boot VGA device
> [    0.214588] pci 0000:0b:00.0: vgaarb: VGA device added: decodes=io+mem,owns=io+mem,locks=none
> [    0.214588] pci 0000:0b:00.0: vgaarb: bridge control possible
> [    0.214588] vgaarb: loaded
> [    0.214588] SCSI subsystem initialized
> [    0.214600] libata version 3.00 loaded.
> [    0.214600] ACPI: bus type USB registered
> [    0.214600] usbcore: registered new interface driver usbfs
> [    0.215009] usbcore: registered new interface driver hub
> [    0.215221] usbcore: registered new device driver usb
> [    0.215255] pps_core: LinuxPPS API ver. 1 registered
> [    0.215257] pps_core: Software ver. 5.3.6 - Copyright 2005-2007 Rodolfo Giometti <giometti@linux.it>
> [    0.215261] PTP clock support registered
> [    0.215333] EDAC MC: Ver: 3.0.0
> [    0.215333] Registered efivars operations
> [    0.231607] PCI: Using ACPI for IRQ routing
> [    0.235725] PCI: pci_cache_line_size set to 64 bytes
> [    0.235806] e820: reserve RAM buffer [mem 0x09d00000-0x0bffffff]
> [    0.235813] e820: reserve RAM buffer [mem 0x0b000000-0x0bffffff]
> [    0.235815] e820: reserve RAM buffer [mem 0x99baf018-0x9bffffff]
> [    0.235817] e820: reserve RAM buffer [mem 0x99bc9018-0x9bffffff]
> [    0.235818] e820: reserve RAM buffer [mem 0xda308000-0xdbffffff]
> [    0.235820] e820: reserve RAM buffer [mem 0xdf000000-0xdfffffff]
> [    0.235822] e820: reserve RAM buffer [mem 0x81f380000-0x81fffffff]
> [    0.236117] NetLabel: Initializing
> [    0.236118] NetLabel:  domain hash size = 128
> [    0.236119] NetLabel:  protocols = UNLABELED CIPSOv4 CALIPSO
> [    0.236147] NetLabel:  unlabeled traffic allowed by default
> [    0.236173] hpet0: at MMIO 0xfed00000, IRQs 2, 8, 0
> [    0.236173] hpet0: 3 comparators, 32-bit 14.318180 MHz counter
> [    0.238087] clocksource: Switched to clocksource tsc-early
> [    0.274438] VFS: Disk quotas dquot_6.6.0
> [    0.274470] VFS: Dquot-cache hash table entries: 512 (order 0, 4096 bytes)
> [    0.274629] pnp: PnP ACPI init
> [    0.274851] system 00:00: [mem 0xf8000000-0xfbffffff] has been reserved
> [    0.274867] system 00:00: Plug and Play ACPI device, IDs PNP0c01 (active)
> [    0.275021] system 00:01: [mem 0xfeb80000-0xfebfffff] could not be reserved
> [    0.275027] system 00:01: Plug and Play ACPI device, IDs PNP0c02 (active)
> [    0.275229] pnp 00:02: Plug and Play ACPI device, IDs PNP0b00 (active)
> [    0.275550] system 00:03: [io  0x02a0-0x02af] has been reserved
> [    0.275552] system 00:03: [io  0x0230-0x023f] has been reserved
> [    0.275555] system 00:03: [io  0x0290-0x029f] has been reserved
> [    0.275561] system 00:03: Plug and Play ACPI device, IDs PNP0c02 (active)
> [    0.276061] system 00:04: [io  0x04d0-0x04d1] has been reserved
> [    0.276064] system 00:04: [io  0x040b] has been reserved
> [    0.276066] system 00:04: [io  0x04d6] has been reserved
> [    0.276068] system 00:04: [io  0x0c00-0x0c01] has been reserved
> [    0.276070] system 00:04: [io  0x0c14] has been reserved
> [    0.276072] system 00:04: [io  0x0c50-0x0c51] has been reserved
> [    0.276074] system 00:04: [io  0x0c52] has been reserved
> [    0.276076] system 00:04: [io  0x0c6c] has been reserved
> [    0.276078] system 00:04: [io  0x0c6f] has been reserved
> [    0.276080] system 00:04: [io  0x0cd0-0x0cd1] has been reserved
> [    0.276082] system 00:04: [io  0x0cd2-0x0cd3] has been reserved
> [    0.276085] system 00:04: [io  0x0cd4-0x0cd5] has been reserved
> [    0.276087] system 00:04: [io  0x0cd6-0x0cd7] has been reserved
> [    0.276089] system 00:04: [io  0x0cd8-0x0cdf] has been reserved
> [    0.276091] system 00:04: [io  0x0800-0x089f] has been reserved
> [    0.276093] system 00:04: [io  0x0b00-0x0b0f] has been reserved
> [    0.276095] system 00:04: [io  0x0b20-0x0b3f] has been reserved
> [    0.276097] system 00:04: [io  0x0900-0x090f] has been reserved
> [    0.276099] system 00:04: [io  0x0910-0x091f] has been reserved
> [    0.276102] system 00:04: [mem 0xfec00000-0xfec00fff] could not be reserved
> [    0.276105] system 00:04: [mem 0xfec01000-0xfec01fff] could not be reserved
> [    0.276107] system 00:04: [mem 0xfedc0000-0xfedc0fff] has been reserved
> [    0.276110] system 00:04: [mem 0xfee00000-0xfee00fff] has been reserved
> [    0.276112] system 00:04: [mem 0xfed80000-0xfed8ffff] could not be reserved
> [    0.276115] system 00:04: [mem 0xfec10000-0xfec10fff] has been reserved
> [    0.276117] system 00:04: [mem 0xff000000-0xffffffff] has been reserved
> [    0.276123] system 00:04: Plug and Play ACPI device, IDs PNP0c02 (active)
> [    0.277130] pnp: PnP ACPI: found 5 devices
> [    0.284513] clocksource: acpi_pm: mask: 0xffffff max_cycles: 0xffffff, max_idle_ns: 2085701024 ns
> [    0.284678] pci 0000:00:01.1: PCI bridge to [bus 01]
> [    0.284682] pci 0000:00:01.1:   bridge window [mem 0xfe900000-0xfe9fffff]
> [    0.284687] pci 0000:03:00.0: PCI bridge to [bus 04]
> [    0.284690] pci 0000:03:00.0:   bridge window [io  0xd000-0xdfff]
> [    0.284694] pci 0000:03:00.0:   bridge window [mem 0xfe400000-0xfe4fffff]
> [    0.284702] pci 0000:03:01.0: PCI bridge to [bus 05]
> [    0.284704] pci 0000:03:01.0:   bridge window [io  0xc000-0xcfff]
> [    0.284708] pci 0000:03:01.0:   bridge window [mem 0xfe300000-0xfe3fffff]
> [    0.284715] pci 0000:03:02.0: PCI bridge to [bus 06]
> [    0.284725] pci 0000:03:03.0: PCI bridge to [bus 07]
> [    0.284735] pci 0000:03:04.0: PCI bridge to [bus 08]
> [    0.284745] pci 0000:02:00.2: PCI bridge to [bus 03-08]
> [    0.284748] pci 0000:02:00.2:   bridge window [io  0xc000-0xdfff]
> [    0.284752] pci 0000:02:00.2:   bridge window [mem 0xfe300000-0xfe4fffff]
> [    0.284759] pci 0000:00:01.3: PCI bridge to [bus 02-08]
> [    0.284761] pci 0000:00:01.3:   bridge window [io  0xc000-0xdfff]
> [    0.284763] pci 0000:00:01.3:   bridge window [mem 0xfe300000-0xfe5fffff]
> [    0.284769] pci 0000:0a:00.0: PCI bridge to [bus 0b]
> [    0.284771] pci 0000:0a:00.0:   bridge window [io  0xe000-0xefff]
> [    0.284775] pci 0000:0a:00.0:   bridge window [mem 0xfe600000-0xfe6fffff]
> [    0.284778] pci 0000:0a:00.0:   bridge window [mem 0xe0000000-0xf01fffff 64bit pref]
> [    0.284783] pci 0000:09:00.0: PCI bridge to [bus 0a-0b]
> [    0.284785] pci 0000:09:00.0:   bridge window [io  0xe000-0xefff]
> [    0.284789] pci 0000:09:00.0:   bridge window [mem 0xfe600000-0xfe6fffff]
> [    0.284792] pci 0000:09:00.0:   bridge window [mem 0xe0000000-0xf01fffff 64bit pref]
> [    0.284796] pci 0000:00:03.1: PCI bridge to [bus 09-0b]
> [    0.284798] pci 0000:00:03.1:   bridge window [io  0xe000-0xefff]
> [    0.284801] pci 0000:00:03.1:   bridge window [mem 0xfe600000-0xfe7fffff]
> [    0.284804] pci 0000:00:03.1:   bridge window [mem 0xe0000000-0xf01fffff 64bit pref]
> [    0.284807] pci 0000:00:07.1: PCI bridge to [bus 0c]
> [    0.284810] pci 0000:00:07.1:   bridge window [mem 0xfe000000-0xfe2fffff]
> [    0.284815] pci 0000:00:08.1: PCI bridge to [bus 0d]
> [    0.284818] pci 0000:00:08.1:   bridge window [mem 0xfe800000-0xfe8fffff]
> [    0.284823] pci_bus 0000:00: resource 4 [io  0x0000-0x03af window]
> [    0.284825] pci_bus 0000:00: resource 5 [io  0x03e0-0x0cf7 window]
> [    0.284826] pci_bus 0000:00: resource 6 [io  0x03b0-0x03df window]
> [    0.284828] pci_bus 0000:00: resource 7 [io  0x0d00-0xefff window]
> [    0.284829] pci_bus 0000:00: resource 8 [mem 0x000a0000-0x000bffff window]
> [    0.284831] pci_bus 0000:00: resource 9 [mem 0x000c0000-0x000dffff window]
> [    0.284832] pci_bus 0000:00: resource 10 [mem 0xe0000000-0xfec2ffff window]
> [    0.284834] pci_bus 0000:00: resource 11 [mem 0xfee00000-0xffffffff window]
> [    0.284835] pci_bus 0000:01: resource 1 [mem 0xfe900000-0xfe9fffff]
> [    0.284837] pci_bus 0000:02: resource 0 [io  0xc000-0xdfff]
> [    0.284838] pci_bus 0000:02: resource 1 [mem 0xfe300000-0xfe5fffff]
> [    0.284840] pci_bus 0000:03: resource 0 [io  0xc000-0xdfff]
> [    0.284841] pci_bus 0000:03: resource 1 [mem 0xfe300000-0xfe4fffff]
> [    0.284843] pci_bus 0000:04: resource 0 [io  0xd000-0xdfff]
> [    0.284844] pci_bus 0000:04: resource 1 [mem 0xfe400000-0xfe4fffff]
> [    0.284846] pci_bus 0000:05: resource 0 [io  0xc000-0xcfff]
> [    0.284847] pci_bus 0000:05: resource 1 [mem 0xfe300000-0xfe3fffff]
> [    0.284849] pci_bus 0000:09: resource 0 [io  0xe000-0xefff]
> [    0.284850] pci_bus 0000:09: resource 1 [mem 0xfe600000-0xfe7fffff]
> [    0.284852] pci_bus 0000:09: resource 2 [mem 0xe0000000-0xf01fffff 64bit pref]
> [    0.284853] pci_bus 0000:0a: resource 0 [io  0xe000-0xefff]
> [    0.284855] pci_bus 0000:0a: resource 1 [mem 0xfe600000-0xfe6fffff]
> [    0.284856] pci_bus 0000:0a: resource 2 [mem 0xe0000000-0xf01fffff 64bit pref]
> [    0.284857] pci_bus 0000:0b: resource 0 [io  0xe000-0xefff]
> [    0.284859] pci_bus 0000:0b: resource 1 [mem 0xfe600000-0xfe6fffff]
> [    0.284860] pci_bus 0000:0b: resource 2 [mem 0xe0000000-0xf01fffff 64bit pref]
> [    0.284862] pci_bus 0000:0c: resource 1 [mem 0xfe000000-0xfe2fffff]
> [    0.284863] pci_bus 0000:0d: resource 1 [mem 0xfe800000-0xfe8fffff]
> [    0.285083] NET: Registered protocol family 2
> [    0.289159] tcp_listen_portaddr_hash hash table entries: 16384 (order: 8, 1441792 bytes)
> [    0.289534] TCP established hash table entries: 262144 (order: 9, 2097152 bytes)
> [    0.290197] TCP bind hash table entries: 65536 (order: 10, 5242880 bytes)
> [    0.291001] TCP: Hash tables configured (established 262144 bind 65536)
> [    0.291370] UDP hash table entries: 16384 (order: 9, 3145728 bytes)
> [    0.292059] UDP-Lite hash table entries: 16384 (order: 9, 3145728 bytes)
> [    0.292598] NET: Registered protocol family 1
> [    0.292997] pci 0000:0b:00.0: Video device with shadowed ROM at [mem 0x000c0000-0x000dffff]
> [    0.293023] pci 0000:0b:00.1: Linked as a consumer to 0000:0b:00.0
> [    0.293365] PCI: CLS 64 bytes, default 64
> [    0.293510] Unpacking initramfs...
> [    0.619506] Freeing initrd memory: 27920K
> [    0.619550] AMD-Vi: IOMMU performance counters supported
> [    0.620045] iommu: Adding device 0000:00:01.0 to group 0
> [    0.620179] iommu: Adding device 0000:00:01.1 to group 1
> [    0.620353] iommu: Adding device 0000:00:01.3 to group 2
> [    0.620540] iommu: Adding device 0000:00:02.0 to group 3
> [    0.620703] iommu: Adding device 0000:00:03.0 to group 4
> [    0.620905] iommu: Adding device 0000:00:03.1 to group 5
> [    0.621085] iommu: Adding device 0000:00:04.0 to group 6
> [    0.621248] iommu: Adding device 0000:00:07.0 to group 7
> [    0.621416] iommu: Adding device 0000:00:07.1 to group 8
> [    0.621584] iommu: Adding device 0000:00:08.0 to group 9
> [    0.621746] iommu: Adding device 0000:00:08.1 to group 10
> [    0.621917] iommu: Adding device 0000:00:14.0 to group 11
> [    0.621947] iommu: Adding device 0000:00:14.3 to group 11
> [    0.622183] iommu: Adding device 0000:00:18.0 to group 12
> [    0.622213] iommu: Adding device 0000:00:18.1 to group 12
> [    0.622243] iommu: Adding device 0000:00:18.2 to group 12
> [    0.622272] iommu: Adding device 0000:00:18.3 to group 12
> [    0.622301] iommu: Adding device 0000:00:18.4 to group 12
> [    0.622332] iommu: Adding device 0000:00:18.5 to group 12
> [    0.622361] iommu: Adding device 0000:00:18.6 to group 12
> [    0.622390] iommu: Adding device 0000:00:18.7 to group 12
> [    0.622561] iommu: Adding device 0000:01:00.0 to group 13
> [    0.622765] iommu: Adding device 0000:02:00.0 to group 14
> [    0.622806] iommu: Adding device 0000:02:00.1 to group 14
> [    0.622844] iommu: Adding device 0000:02:00.2 to group 14
> [    0.622862] iommu: Adding device 0000:03:00.0 to group 14
> [    0.622880] iommu: Adding device 0000:03:01.0 to group 14
> [    0.622897] iommu: Adding device 0000:03:02.0 to group 14
> [    0.622917] iommu: Adding device 0000:03:03.0 to group 14
> [    0.622935] iommu: Adding device 0000:03:04.0 to group 14
> [    0.622958] iommu: Adding device 0000:04:00.0 to group 14
> [    0.622984] iommu: Adding device 0000:05:00.0 to group 14
> [    0.623137] iommu: Adding device 0000:09:00.0 to group 15
> [    0.623295] iommu: Adding device 0000:0a:00.0 to group 16
> [    0.623502] iommu: Adding device 0000:0b:00.0 to group 17
> [    0.623658] iommu: Using direct mapping for device 0000:0b:00.0
> [    0.623768] iommu: Adding device 0000:0b:00.1 to group 18
> [    0.623928] iommu: Adding device 0000:0c:00.0 to group 19
> [    0.624086] iommu: Adding device 0000:0c:00.2 to group 20
> [    0.624242] iommu: Adding device 0000:0c:00.3 to group 21
> [    0.624400] iommu: Adding device 0000:0d:00.0 to group 22
> [    0.624560] iommu: Adding device 0000:0d:00.2 to group 23
> [    0.624727] iommu: Adding device 0000:0d:00.3 to group 24
> [    0.624915] AMD-Vi: Found IOMMU at 0000:00:00.2 cap 0x40
> [    0.624916] AMD-Vi: Extended features (0xf77ef22294ada):
> [    0.624917]  PPR NX GT IA GA PC GA_vAPIC
> [    0.624924] AMD-Vi: Interrupt remapping enabled
> [    0.624925] AMD-Vi: virtual APIC enabled
> [    0.625162] AMD-Vi: Lazy IO/TLB flushing enabled
> [    0.631256] amd_uncore: AMD NB counters detected
> [    0.631269] amd_uncore: AMD LLC counters detected
> [    0.631611] perf/amd_iommu: Detected AMD IOMMU #0 (2 banks, 4 counters/bank).
> [    0.634027] Scanning for low memory corruption every 60 seconds
> [    0.634307] cryptomgr_test (128) used greatest stack depth: 14472 bytes left
> [    0.635369] Initialise system trusted keyrings
> [    0.635439] Key type blacklist registered
> [    0.635505] workingset: timestamp_bits=36 max_order=23 bucket_order=0
> [    0.638955] zbud: loaded
> [    0.640033] pstore: using deflate compression
> [    0.640159] SELinux:  Registering netfilter hooks
> [    0.705096] cryptomgr_test (131) used greatest stack depth: 13928 bytes left
> [    0.724702] cryptomgr_test (132) used greatest stack depth: 13816 bytes left
> [    0.728436] cryptomgr_test (145) used greatest stack depth: 13800 bytes left
> [    0.729846] alg: No test for 842 (842-generic)
> [    0.729886] alg: No test for 842 (842-scomp)
> [    0.731434] modprobe (155) used greatest stack depth: 13720 bytes left
> [    0.732957] cryptomgr_test (153) used greatest stack depth: 13024 bytes left
> [    0.736995] NET: Registered protocol family 38
> [    0.737008] Key type asymmetric registered
> [    0.737016] Asymmetric key parser 'x509' registered
> [    0.737097] Block layer SCSI generic (bsg) driver version 0.4 loaded (major 244)
> [    0.737192] io scheduler noop registered
> [    0.737193] io scheduler deadline registered
> [    0.737249] io scheduler cfq registered (default)
> [    0.737251] io scheduler mq-deadline registered
