Return-Path: <owner-linux-mm@kvack.org>
Received: from psmtp.com (na3sys010amx130.postini.com [74.125.245.130])
	by kanga.kvack.org (Postfix) with SMTP id 189466B005A
	for <linux-mm@kvack.org>; Thu, 20 Sep 2012 17:39:51 -0400 (EDT)
Date: Fri, 21 Sep 2012 05:39:38 +0800
From: Fengguang Wu <fengguang.wu@intel.com>
Subject: Re: [PATCH 6/7] mm: add CONFIG_DEBUG_VM_RB build option
Message-ID: <20120920213938.GA7959@localhost>
MIME-Version: 1.0
Content-Type: multipart/mixed; boundary="azLHFNyN32YCQGCU"
Content-Disposition: inline
In-Reply-To: <505449BF.5040000@gmail.com>
Sender: owner-linux-mm@kvack.org
List-ID: <linux-mm.kvack.org>
To: Sasha Levin <levinsasha928@gmail.com>
Cc: Michel Lespinasse <walken@google.com>, linux-mm@kvack.org, riel@redhat.com, peterz@infradead.org, aarcange@redhat.com, hughd@google.com, daniel.santos@pobox.com, linux-kernel@vger.kernel.org, akpm@linux-foundation.org, Dave Jones <davej@redhat.com>, Jiri Slaby <jslaby@suse.cz>


--azLHFNyN32YCQGCU
Content-Type: text/plain; charset=us-ascii
Content-Disposition: inline

On Sat, Sep 15, 2012 at 11:26:23AM +0200, Sasha Levin wrote:
> On 09/15/2012 02:00 AM, Michel Lespinasse wrote:
> > All right. Hugh managed to reproduce the issue on his suse laptop, and
> > I came up with a fix.
> >
> > The problem was that in mremap, the new vma's vm_{start,end,pgoff}
> > fields need to be updated before calling anon_vma_clone() so that the
> > new vma will be properly indexed.
> >
> > Patch attached. I expect this should also explain Jiri's reported
> > failure involving splitting THP pages during mremap(), even though we
> > did not manage to reproduce that one.
>
> Initially I've stumbled on it by running trinity inside a KVM tools guest. fwiw,
> the guest is pretty custom and isn't based on suse.
>
> I re-ran tests with patch applied and looks like it fixed the issue, I haven't
> seen the warnings even though it runs for quite a while now.

Not sure if it's the same problem you are talking about, but I got the
below warning and it's still happening in linux-next 20120920:

[   38.482925] scsi_nl_rcv_msg: discarding partial skb
[   62.679879] ------------[ cut here ]------------
[   62.680380] WARNING: at /c/kernel-tests/src/linux/mm/interval_tree.c:109 anon_vma_interval_tree_verify+0x33/0x80()
[   62.681356] Pid: 195, comm: trinity-child0 Not tainted 3.6.0-rc6-next-20120918-08732-g3de9d1a #1
[   62.682130] Call Trace:
[   62.682356]  [<ffffffff810c249f>] ? anon_vma_interval_tree_verify+0x33/0x80
[   62.682968]  [<ffffffff81044356>] warn_slowpath_common+0x5d/0x74
[   62.683577]  [<ffffffff81044424>] warn_slowpath_null+0x15/0x19
[   62.684098]  [<ffffffff810c249f>] anon_vma_interval_tree_verify+0x33/0x80
[   62.684714]  [<ffffffff810ca57c>] validate_mm+0x32/0x15b
[   62.685202]  [<ffffffff810ca767>] vma_link+0x95/0xa4
[   62.685637]  [<ffffffff810cbc31>] copy_vma+0x1c7/0x1fe
[   62.686168]  [<ffffffff810cdd50>] move_vma+0x90/0x1ef
[   62.686614]  [<ffffffff810ce250>] sys_mremap+0x3a1/0x429
[   62.687094]  [<ffffffff813caafe>] ? trace_hardirqs_on_thunk+0x3a/0x3f
[   62.687670]  [<ffffffff81b505b9>] system_call_fastpath+0x16/0x1b

Bisected down to 

commit cb58d445d2ec3a06f313e29d6f6af5bef6c9e43c
Author: Michel Lespinasse <walken@google.com>
Date:   Thu Sep 13 10:58:56 2012 +1000

    mm: add CONFIG_DEBUG_VM_RB build option

Thanks,
Fengguang

--azLHFNyN32YCQGCU
Content-Type: text/plain; charset=us-ascii
Content-Disposition: attachment; filename="dmesg-kvm-fat-3559-2012-09-19-10-31-29-3.6.0-rc6-next-20120918-08732-g3de9d1a-1"

[    0.000000] Linux version 3.6.0-rc6-next-20120918-08732-g3de9d1a (kbuild@inn) (gcc version 4.7.1 (Debian 4.7.1-6) ) #1 SMP Wed Sep 19 10:24:03 CST 2012
[    0.000000] Command line: trinity=5m hung_task_panic=1 rcutree.rcu_cpu_stall_timeout=100 branch=internal-wfg/0day log_buf_len=8M ignore_loglevel debug sched_debug apic=debug dynamic_printk sysrq_always_enabled panic=10  prompt_ramdisk=0 console=ttyS0,115200 console=tty0 vga=normal  root=/dev/ram0 rw link=vmlinuz-2012-09-19-10-25-19-internal-wfg:0day:3de9d1a-3de9d1a-x86_64-randconfig-i013-9-fat BOOT_IMAGE=kernel-tests/kernels/x86_64-randconfig-i013/3de9d1a/vmlinuz-3.6.0-rc6-next-20120918-08732-g3de9d1a
[    0.000000] KERNEL supported cpus:
[    0.000000] CPU: vendor_id 'GenuineIntel' unknown, using generic init.
[    0.000000] CPU: Your system may be unstable.
[    0.000000] e820: BIOS-provided physical RAM map:
[    0.000000] BIOS-e820: [mem 0x0000000000000000-0x0000000000093bff] usable
[    0.000000] BIOS-e820: [mem 0x0000000000093c00-0x000000000009ffff] reserved
[    0.000000] BIOS-e820: [mem 0x00000000000f0000-0x00000000000fffff] reserved
[    0.000000] BIOS-e820: [mem 0x0000000000100000-0x000000000fffdfff] usable
[    0.000000] BIOS-e820: [mem 0x000000000fffe000-0x000000000fffffff] reserved
[    0.000000] BIOS-e820: [mem 0x00000000feffc000-0x00000000feffffff] reserved
[    0.000000] BIOS-e820: [mem 0x00000000fffc0000-0x00000000ffffffff] reserved
[    0.000000] debug: ignoring loglevel setting.
[    0.000000] NX (Execute Disable) protection: active
[    0.000000] Hypervisor detected: KVM
[    0.000000] e820: update [mem 0x00000000-0x0000ffff] usable ==> reserved
[    0.000000] e820: remove [mem 0x000a0000-0x000fffff] usable
[    0.000000] e820: last_pfn = 0xfffe max_arch_pfn = 0x400000000
[    0.000000] MTRR default type: write-back
[    0.000000] MTRR fixed ranges enabled:
[    0.000000]   00000-9FFFF write-back
[    0.000000]   A0000-BFFFF uncachable
[    0.000000]   C0000-FFFFF write-protect
[    0.000000] MTRR variable ranges enabled:
[    0.000000]   0 base 00E0000000 mask FFE0000000 uncachable
[    0.000000]   1 disabled
[    0.000000]   2 disabled
[    0.000000]   3 disabled
[    0.000000]   4 disabled
[    0.000000]   5 disabled
[    0.000000]   6 disabled
[    0.000000]   7 disabled
[    0.000000] x86 PAT enabled: cpu 0, old 0x70406, new 0x7010600070106
[    0.000000] initial memory mapped: [mem 0x00000000-0x1fffffff]
[    0.000000] Base memory trampoline at [ffff88000008d000] 8d000 size 24576
[    0.000000] init_memory_mapping: [mem 0x00000000-0x0fffdfff]
[    0.000000]  [mem 0x00000000-0x0fffdfff] page 4k
[    0.000000] kernel direct mapping tables up to 0xfffdfff @ [mem 0x0e854000-0x0e8d5fff]
[    0.000000] log_buf_len: 8388608
[    0.000000] early log buf free: 128332(97%)
[    0.000000] RAMDISK: [mem 0x0e8d6000-0x0ffeffff]
[    0.000000] ACPI: RSDP 00000000000fd920 00014 (v00 BOCHS )
[    0.000000] ACPI: RSDT 000000000fffe550 00038 (v01 BOCHS  BXPCRSDT 00000001 BXPC 00000001)
[    0.000000] ACPI: FACP 000000000fffff80 00074 (v01 BOCHS  BXPCFACP 00000001 BXPC 00000001)
[    0.000000] ACPI: DSDT 000000000fffe590 01121 (v01   BXPC   BXDSDT 00000001 INTL 20100528)
[    0.000000] ACPI: FACS 000000000fffff40 00040
[    0.000000] ACPI: SSDT 000000000ffffe40 000FF (v01 BOCHS  BXPCSSDT 00000001 BXPC 00000001)
[    0.000000] ACPI: APIC 000000000ffffd50 00080 (v01 BOCHS  BXPCAPIC 00000001 BXPC 00000001)
[    0.000000] ACPI: HPET 000000000ffffd10 00038 (v01 BOCHS  BXPCHPET 00000001 BXPC 00000001)
[    0.000000] ACPI: SSDT 000000000ffff6c0 00644 (v01   BXPC BXSSDTPC 00000001 INTL 20100528)
[    0.000000] ACPI: Local APIC address 0xfee00000
[    0.000000] mapped APIC to ffffffffff5fb000 (        fee00000)
[    0.000000] No NUMA configuration found
[    0.000000] Faking a node at [mem 0x0000000000000000-0x000000000fffdfff]
[    0.000000] Initmem setup node 0 [mem 0x00000000-0x0fffdfff]
[    0.000000]   NODE_DATA [mem 0x0e023000-0x0e053fff]
[    0.000000] kvm-clock: Using msrs 4b564d01 and 4b564d00
[    0.000000] kvm-clock: cpu 0, msr 0:27b79c1, boot clock
[    0.000000]  [ffffea0000000000-ffffea00003fffff] PMD -> [ffff88000d400000-ffff88000d7fffff] on node 0
[    0.000000] Zone ranges:
[    0.000000]   DMA      [mem 0x00010000-0x00ffffff]
[    0.000000]   DMA32    [mem 0x01000000-0xffffffff]
[    0.000000]   Normal   empty
[    0.000000] Movable zone start for each node
[    0.000000] Early memory node ranges
[    0.000000]   node   0: [mem 0x00010000-0x00092fff]
[    0.000000]   node   0: [mem 0x00100000-0x0fffdfff]
[    0.000000] On node 0 totalpages: 65409
[    0.000000]   DMA zone: 64 pages used for memmap
[    0.000000]   DMA zone: 6 pages reserved
[    0.000000]   DMA zone: 3901 pages, LIFO batch:0
[    0.000000]   DMA32 zone: 960 pages used for memmap
[    0.000000]   DMA32 zone: 60478 pages, LIFO batch:15
[    0.000000] ACPI: PM-Timer IO Port: 0xb008
[    0.000000] ACPI: Local APIC address 0xfee00000
[    0.000000] mapped APIC to ffffffffff5fb000 (        fee00000)
[    0.000000] ACPI: LAPIC (acpi_id[0x00] lapic_id[0x00] enabled)
[    0.000000] ACPI: LAPIC (acpi_id[0x01] lapic_id[0x01] enabled)
[    0.000000] ACPI: LAPIC_NMI (acpi_id[0xff] dfl dfl lint[0x1])
[    0.000000] ACPI: IOAPIC (id[0x02] address[0xfec00000] gsi_base[0])
[    0.000000] IOAPIC[0]: apic_id 2, version 17, address 0xfec00000, GSI 0-23
[    0.000000] ACPI: INT_SRC_OVR (bus 0 bus_irq 0 global_irq 2 dfl dfl)
[    0.000000] Int: type 0, pol 0, trig 0, bus 00, IRQ 00, APIC ID 2, APIC INT 02
[    0.000000] ACPI: INT_SRC_OVR (bus 0 bus_irq 5 global_irq 5 high level)
[    0.000000] Int: type 0, pol 1, trig 3, bus 00, IRQ 05, APIC ID 2, APIC INT 05
[    0.000000] ACPI: INT_SRC_OVR (bus 0 bus_irq 9 global_irq 9 high level)
[    0.000000] Int: type 0, pol 1, trig 3, bus 00, IRQ 09, APIC ID 2, APIC INT 09
[    0.000000] ACPI: INT_SRC_OVR (bus 0 bus_irq 10 global_irq 10 high level)
[    0.000000] Int: type 0, pol 1, trig 3, bus 00, IRQ 0a, APIC ID 2, APIC INT 0a
[    0.000000] ACPI: INT_SRC_OVR (bus 0 bus_irq 11 global_irq 11 high level)
[    0.000000] Int: type 0, pol 1, trig 3, bus 00, IRQ 0b, APIC ID 2, APIC INT 0b
[    0.000000] ACPI: IRQ0 used by override.
[    0.000000] Int: type 0, pol 0, trig 0, bus 00, IRQ 01, APIC ID 2, APIC INT 01
[    0.000000] ACPI: IRQ2 used by override.
[    0.000000] Int: type 0, pol 0, trig 0, bus 00, IRQ 03, APIC ID 2, APIC INT 03
[    0.000000] Int: type 0, pol 0, trig 0, bus 00, IRQ 04, APIC ID 2, APIC INT 04
[    0.000000] ACPI: IRQ5 used by override.
[    0.000000] Int: type 0, pol 0, trig 0, bus 00, IRQ 06, APIC ID 2, APIC INT 06
[    0.000000] Int: type 0, pol 0, trig 0, bus 00, IRQ 07, APIC ID 2, APIC INT 07
[    0.000000] Int: type 0, pol 0, trig 0, bus 00, IRQ 08, APIC ID 2, APIC INT 08
[    0.000000] ACPI: IRQ9 used by override.
[    0.000000] ACPI: IRQ10 used by override.
[    0.000000] ACPI: IRQ11 used by override.
[    0.000000] Int: type 0, pol 0, trig 0, bus 00, IRQ 0c, APIC ID 2, APIC INT 0c
[    0.000000] Int: type 0, pol 0, trig 0, bus 00, IRQ 0d, APIC ID 2, APIC INT 0d
[    0.000000] Int: type 0, pol 0, trig 0, bus 00, IRQ 0e, APIC ID 2, APIC INT 0e
[    0.000000] Int: type 0, pol 0, trig 0, bus 00, IRQ 0f, APIC ID 2, APIC INT 0f
[    0.000000] Using ACPI (MADT) for SMP configuration information
[    0.000000] ACPI: HPET id: 0x8086a201 base: 0xfed00000
[    0.000000] smpboot: Allowing 2 CPUs, 0 hotplug CPUs
[    0.000000] mapped IOAPIC to ffffffffff5fa000 (fec00000)
[    0.000000] nr_irqs_gsi: 40
[    0.000000] PM: Registered nosave memory: 0000000000093000 - 0000000000094000
[    0.000000] PM: Registered nosave memory: 0000000000094000 - 00000000000a0000
[    0.000000] PM: Registered nosave memory: 00000000000a0000 - 00000000000f0000
[    0.000000] PM: Registered nosave memory: 00000000000f0000 - 0000000000100000
[    0.000000] e820: [mem 0x10000000-0xfeffbfff] available for PCI devices
[    0.000000] Booting paravirtualized kernel on KVM
[    0.000000] setup_percpu: NR_CPUS:4096 nr_cpumask_bits:2 nr_cpu_ids:2 nr_node_ids:1
[    0.000000] PERCPU: Embedded 474 pages/cpu @ffff88000dc00000 s1918656 r0 d22848 u2097152
[    0.000000] pcpu-alloc: s1918656 r0 d22848 u2097152 alloc=1*2097152
[    0.000000] pcpu-alloc: [0] 0 [0] 1 
[    0.000000] kvm-clock: cpu 0, msr 0:ddd39c1, primary cpu clock
[    0.000000] KVM setup async PF for cpu 0
[    0.000000] kvm-stealtime: cpu 0, msr dc0ec00
[    0.000000] Built 1 zonelists in Node order, mobility grouping on.  Total pages: 64379
[    0.000000] Policy zone: DMA32
[    0.000000] Kernel command line: trinity=5m hung_task_panic=1 rcutree.rcu_cpu_stall_timeout=100 branch=internal-wfg/0day log_buf_len=8M ignore_loglevel debug sched_debug apic=debug dynamic_printk sysrq_always_enabled panic=10  prompt_ramdisk=0 console=ttyS0,115200 console=tty0 vga=normal  root=/dev/ram0 rw link=vmlinuz-2012-09-19-10-25-19-internal-wfg:0day:3de9d1a-3de9d1a-x86_64-randconfig-i013-9-fat BOOT_IMAGE=kernel-tests/kernels/x86_64-randconfig-i013/3de9d1a/vmlinuz-3.6.0-rc6-next-20120918-08732-g3de9d1a
[    0.000000] sysrq: sysrq always enabled.
[    0.000000] PID hash table entries: 1024 (order: 1, 8192 bytes)
[    0.000000] __ex_table already sorted, skipping sort
[    0.000000] Memory: 183604k/262136k available (11599k kernel code, 500k absent, 78032k reserved, 10812k data, 2592k init)
[    0.000000] Hierarchical RCU implementation.
[    0.000000] 
[    0.000000] 
[    0.000000] 
[    0.000000] NR_IRQS:262400 nr_irqs:512 16
[    0.000000] console [ttyS0] enabled
[    0.000000] Lock dependency validator: Copyright (c) 2006 Red Hat, Inc., Ingo Molnar
[    0.000000] ... MAX_LOCKDEP_SUBCLASSES:  8
[    0.000000] ... MAX_LOCK_DEPTH:          48
[    0.000000] ... MAX_LOCKDEP_KEYS:        8191
[    0.000000] ... CLASSHASH_SIZE:          4096
[    0.000000] ... MAX_LOCKDEP_ENTRIES:     16384
[    0.000000] ... MAX_LOCKDEP_CHAINS:      32768
[    0.000000] ... CHAINHASH_SIZE:          16384
[    0.000000]  memory used by lock dependency info: 6367 kB
[    0.000000]  per task-struct memory footprint: 2688 bytes
[    0.000000] ODEBUG: 7 of 7 active objects replaced
[    0.000000] hpet clockevent registered
[    0.000000] tsc: Detected 3200.304 MHz processor
[    0.000000] tsc: Marking TSC unstable due to TSCs unsynchronized
[    0.020000] Calibrating delay loop (skipped) preset value.. 6400.60 BogoMIPS (lpj=32003040)
[    0.020000] pid_max: default: 4096 minimum: 301
[    0.020000] Security Framework initialized
[    0.020000] Dentry cache hash table entries: 32768 (order: 6, 262144 bytes)
[    0.020000] Inode-cache hash table entries: 16384 (order: 5, 131072 bytes)
[    0.020000] Mount-cache hash table entries: 256
[    0.020000] mce: CPU supports 10 MCE banks
[    0.020000] mce: unknown CPU type - not enabling MCE support
[    0.020000] numa_add_cpu cpu 0 node 0: mask now 0
[    0.020000] Last level iTLB entries: 4KB 0, 2MB 0, 4MB 0
[    0.020000] Last level dTLB entries: 4KB 0, 2MB 0, 4MB 0
[    0.020000] tlb_flushall_shift: -1
[    0.020000] debug: unmapping init [mem 0xffffffff8286c000-0xffffffff82875fff]
[    0.021695] ACPI: Core revision 20120711
[    0.026982] Getting VERSION: 50014
[    0.027379] Getting VERSION: 50014
[    0.027690] Getting ID: 0
[    0.027933] Getting ID: ff000000
[    0.028231] Getting LVT0: 8700
[    0.028510] Getting LVT1: 8400
[    0.028823] enabled ExtINT on CPU#0
[    0.029880] ENABLING IO-APIC IRQs
[    0.030008] init IO_APIC IRQs
[    0.030281]  apic 2 pin 0 not connected
[    0.030642] IOAPIC[0]: Set routing entry (2-1 -> 0x31 -> IRQ 1 Mode:0 Active:0 Dest:1)
[    0.031448] IOAPIC[0]: Set routing entry (2-2 -> 0x30 -> IRQ 0 Mode:0 Active:0 Dest:1)
[    0.032173] IOAPIC[0]: Set routing entry (2-3 -> 0x33 -> IRQ 3 Mode:0 Active:0 Dest:1)
[    0.032972] IOAPIC[0]: Set routing entry (2-4 -> 0x34 -> IRQ 4 Mode:0 Active:0 Dest:1)
[    0.033698] IOAPIC[0]: Set routing entry (2-5 -> 0x35 -> IRQ 5 Mode:1 Active:0 Dest:1)
[    0.034426] IOAPIC[0]: Set routing entry (2-6 -> 0x36 -> IRQ 6 Mode:0 Active:0 Dest:1)
[    0.035222] IOAPIC[0]: Set routing entry (2-7 -> 0x37 -> IRQ 7 Mode:0 Active:0 Dest:1)
[    0.035947] IOAPIC[0]: Set routing entry (2-8 -> 0x38 -> IRQ 8 Mode:0 Active:0 Dest:1)
[    0.036667] IOAPIC[0]: Set routing entry (2-9 -> 0x39 -> IRQ 9 Mode:1 Active:0 Dest:1)
[    0.037481] IOAPIC[0]: Set routing entry (2-10 -> 0x3a -> IRQ 10 Mode:1 Active:0 Dest:1)
[    0.038225] IOAPIC[0]: Set routing entry (2-11 -> 0x3b -> IRQ 11 Mode:1 Active:0 Dest:1)
[    0.039038] IOAPIC[0]: Set routing entry (2-12 -> 0x3c -> IRQ 12 Mode:0 Active:0 Dest:1)
[    0.040022] IOAPIC[0]: Set routing entry (2-13 -> 0x3d -> IRQ 13 Mode:0 Active:0 Dest:1)
[    0.040751] IOAPIC[0]: Set routing entry (2-14 -> 0x3e -> IRQ 14 Mode:0 Active:0 Dest:1)
[    0.041560] IOAPIC[0]: Set routing entry (2-15 -> 0x3f -> IRQ 15 Mode:0 Active:0 Dest:1)
[    0.042285]  apic 2 pin 16 not connected
[    0.042636]  apic 2 pin 17 not connected
[    0.043062]  apic 2 pin 18 not connected
[    0.043410]  apic 2 pin 19 not connected
[    0.043758]  apic 2 pin 20 not connected
[    0.044111]  apic 2 pin 21 not connected
[    0.044459]  apic 2 pin 22 not connected
[    0.044808]  apic 2 pin 23 not connected
[    0.045374] ..TIMER: vector=0x30 apic1=0 pin1=2 apic2=-1 pin2=-1
[    0.046072] smpboot: CPU0: GenuineIntel Common KVM processor stepping 01
[    0.046903] Using local APIC timer interrupts.
[    0.046903] calibrating APIC timer ...
[    0.050000] ... lapic delta = 6252978
[    0.050000] ... PM-Timer delta = 358141
[    0.050000] ... PM-Timer result ok
[    0.050000] ..... delta 6252978
[    0.050000] ..... mult: 268563360
[    0.050000] ..... calibration result: 10004764
[    0.050000] ..... CPU clock speed is 3201.7764 MHz.
[    0.050000] ..... host bus clock speed is 1000.4764 MHz.
[    0.050000] Performance Events: 
[    0.050000] SMP alternatives: lockdep: fixing up alternatives
[    0.050000] smpboot: Booting Node   0, Processors  #1 OK
[    0.020000] kvm-clock: cpu 1, msr 0:dfd39c1, secondary cpu clock
[    0.020000] masked ExtINT on CPU#1
[    0.020000] numa_add_cpu cpu 1 node 0: mask now 0-1
[    0.054734] Brought up 2 CPUs
[    0.054734] KVM setup async PF for cpu 1
[    0.054734] kvm-stealtime: cpu 1, msr de0ec00
[    0.054734] ----------------
[    0.054734] | NMI testsuite:
[    0.054734] --------------------
[    0.054734]   remote IPI:  ok  |
[    0.054734]    local IPI:  ok  |
[    0.100023] --------------------
[    0.100376] Good, all   2 testcases passed! |
[    0.100779] ---------------------------------
[    0.101185] smpboot: Total of 2 processors activated (12801.21 BogoMIPS)
[    0.102098] devtmpfs: initialized
[    0.102098] device: 'platform': device_add
[    0.102098] PM: Adding info for No Bus:platform
[    0.102098] bus: 'platform': registered
[    0.102098] bus: 'cpu': registered
[    0.102098] device: 'cpu': device_add
[    0.102098] PM: Adding info for No Bus:cpu
[    0.102098] EVM: security.ima
[    0.102098] EVM: security.capability
[    0.104288] atomic64 test passed for x86-64 platform with CX8 and with SSE
[    0.104288] bus: 'virtio': registered
[    0.104288] device class 'regulator': registering
[    0.104288] Registering platform device 'reg-dummy'. Parent at platform
[    0.104288] device: 'reg-dummy': device_add
[    0.104288] bus: 'platform': add device reg-dummy
[    0.104288] PM: Adding info for platform:reg-dummy
[    0.104288] bus: 'platform': add driver reg-dummy
[    0.104634] bus: 'platform': driver_probe_device: matched device reg-dummy with driver reg-dummy
[    0.105490] bus: 'platform': really_probe: probing driver reg-dummy with device reg-dummy
[    0.106283] device: 'regulator.0': device_add
[    0.106752] PM: Adding info for No Bus:regulator.0
[    0.107310] regulator-dummy: no parameters
[    0.110083] driver: 'reg-dummy': driver_bound: bound to device 'reg-dummy'
[    0.114666] bus: 'platform': really_probe: bound device reg-dummy to driver reg-dummy
[    0.114666] NET: Registered protocol family 16
[    0.114666] device class 'bdi': registering
[    0.114666] device class 'pci_bus': registering
[    0.114666] bus: 'pci': registered
[    0.114666] device: 'rapidio': device_add
[    0.114666] PM: Adding info for No Bus:rapidio
[    0.114692] bus: 'rapidio': registered
[    0.115037] device class 'backlight': registering
[    0.115482] device class 'video_output': registering
[    0.116029] device class 'tty': registering
[    0.116465] bus: 'node': registered
[    0.116793] device: 'node': device_add
[    0.117159] PM: Adding info for No Bus:node
[    0.117646] bus: 'hsi': registered
[    0.140658] ACPI: bus type pci registered
[    0.141030] device class 'dma': registering
[    0.141466] PCI: Using configuration type 1 for base access
[    0.142392] device: 'node0': device_add
[    0.142840] bus: 'node': add device node0
[    0.143212] PM: Adding info for node:node0
[    0.143623] device: 'cpu0': device_add
[    0.143979] bus: 'cpu': add device cpu0
[    0.144343] PM: Adding info for cpu:cpu0
[    0.144812] device: 'cpu1': device_add
[    0.145157] bus: 'cpu': add device cpu1
[    0.145527] PM: Adding info for cpu:cpu1
[    0.170622] device: 'default': device_add
[    0.171026] PM: Adding info for No Bus:default
[    0.175929] bio: create slab <bio-0> at 0
[    0.175929] device class 'block': registering
[    0.175929] ACPI: Added _OSI(Module Device)
[    0.175929] ACPI: Added _OSI(Processor Device)
[    0.175929] ACPI: Added _OSI(3.0 _SCP Extensions)
[    0.175929] ACPI: Added _OSI(Processor Aggregator Device)
[    0.175929] ACPI: EC: Look up EC in DSDT
[    0.190009] ACPI: Interpreter enabled
[    0.190009] ACPI: (supports S0 S4 S5)
[    0.190425] ACPI: Using IOAPIC for interrupt routing
[    0.190912] bus: 'acpi': registered
[    0.191232] bus: 'acpi': add driver power
[    0.191764] device: 'LNXSYSTM:00': device_add
[    0.192169] bus: 'acpi': add device LNXSYSTM:00
[    0.192586] PM: Adding info for acpi:LNXSYSTM:00
[    0.193161] device: 'device:00': device_add
[    0.193655] bus: 'acpi': add device device:00
[    0.194065] PM: Adding info for acpi:device:00
[    0.194577] device: 'PNP0A03:00': device_add
[    0.194975] bus: 'acpi': add device PNP0A03:00
[    0.195385] PM: Adding info for acpi:PNP0A03:00
[    0.196881] device: 'device:01': device_add
[    0.197299] bus: 'acpi': add device device:01
[    0.197789] PM: Adding info for acpi:device:01
[    0.198298] device: 'device:02': device_add
[    0.198689] bus: 'acpi': add device device:02
[    0.199090] PM: Adding info for acpi:device:02
[    0.199687] device: 'PNP0B00:00': device_add
[    0.200010] bus: 'acpi': add device PNP0B00:00
[    0.200457] PM: Adding info for acpi:PNP0B00:00
[    0.201017] device: 'PNP0303:00': device_add
[    0.201411] bus: 'acpi': add device PNP0303:00
[    0.201895] PM: Adding info for acpi:PNP0303:00
[    0.202464] device: 'PNP0F13:00': device_add
[    0.202889] bus: 'acpi': add device PNP0F13:00
[    0.203297] PM: Adding info for acpi:PNP0F13:00
[    0.203939] device: 'PNP0700:00': device_add
[    0.204331] bus: 'acpi': add device PNP0700:00
[    0.204818] PM: Adding info for acpi:PNP0700:00
[    0.205703] device: 'PNP0400:00': device_add
[    0.206101] bus: 'acpi': add device PNP0400:00
[    0.206513] PM: Adding info for acpi:PNP0400:00
[    0.207193] device: 'PNP0501:00': device_add
[    0.207673] bus: 'acpi': add device PNP0501:00
[    0.208079] PM: Adding info for acpi:PNP0501:00
[    0.208721] device: 'device:03': device_add
[    0.209106] bus: 'acpi': add device device:03
[    0.209589] PM: Adding info for acpi:device:03
[    0.210131] device: 'device:04': device_add
[    0.210518] bus: 'acpi': add device device:04
[    0.210914] PM: Adding info for acpi:device:04
[    0.211517] device: 'device:05': device_add
[    0.211924] bus: 'acpi': add device device:05
[    0.212327] PM: Adding info for acpi:device:05
[    0.212928] device: 'device:06': device_add
[    0.213312] bus: 'acpi': add device device:06
[    0.213798] PM: Adding info for acpi:device:06
[    0.214331] device: 'device:07': device_add
[    0.214751] bus: 'acpi': add device device:07
[    0.215153] PM: Adding info for acpi:device:07
[    0.215742] device: 'device:08': device_add
[    0.216125] bus: 'acpi': add device device:08
[    0.216529] PM: Adding info for acpi:device:08
[    0.217061] device: 'device:09': device_add
[    0.217547] bus: 'acpi': add device device:09
[    0.217953] PM: Adding info for acpi:device:09
[    0.218479] device: 'device:0a': device_add
[    0.218865] bus: 'acpi': add device device:0a
[    0.219267] PM: Adding info for acpi:device:0a
[    0.220072] device: 'device:0b': device_add
[    0.220488] bus: 'acpi': add device device:0b
[    0.220974] PM: Adding info for acpi:device:0b
[    0.221494] device: 'device:0c': device_add
[    0.221963] bus: 'acpi': add device device:0c
[    0.222364] PM: Adding info for acpi:device:0c
[    0.222905] device: 'device:0d': device_add
[    0.223319] bus: 'acpi': add device device:0d
[    0.223806] PM: Adding info for acpi:device:0d
[    0.224327] device: 'device:0e': device_add
[    0.224719] bus: 'acpi': add device device:0e
[    0.225121] PM: Adding info for acpi:device:0e
[    0.225729] device: 'device:0f': device_add
[    0.226145] bus: 'acpi': add device device:0f
[    0.226547] PM: Adding info for acpi:device:0f
[    0.227071] device: 'device:10': device_add
[    0.227455] bus: 'acpi': add device device:10
[    0.227941] PM: Adding info for acpi:device:10
[    0.228475] device: 'device:11': device_add
[    0.228974] bus: 'acpi': add device device:11
[    0.229385] PM: Adding info for acpi:device:11
[    0.229982] device: 'device:12': device_add
[    0.230010] bus: 'acpi': add device device:12
[    0.230416] PM: Adding info for acpi:device:12
[    0.230949] device: 'device:13': device_add
[    0.231442] bus: 'acpi': add device device:13
[    0.231844] PM: Adding info for acpi:device:13
[    0.232370] device: 'device:14': device_add
[    0.232756] bus: 'acpi': add device device:14
[    0.233154] PM: Adding info for acpi:device:14
[    0.233766] device: 'device:15': device_add
[    0.234179] bus: 'acpi': add device device:15
[    0.234587] PM: Adding info for acpi:device:15
[    0.235105] device: 'device:16': device_add
[    0.235520] bus: 'acpi': add device device:16
[    0.235919] PM: Adding info for acpi:device:16
[    0.236530] device: 'device:17': device_add
[    0.236943] bus: 'acpi': add device device:17
[    0.237429] PM: Adding info for acpi:device:17
[    0.237949] device: 'device:18': device_add
[    0.238340] bus: 'acpi': add device device:18
[    0.238739] PM: Adding info for acpi:device:18
[    0.239270] device: 'device:19': device_add
[    0.240043] bus: 'acpi': add device device:19
[    0.240450] PM: Adding info for acpi:device:19
[    0.240988] device: 'device:1a': device_add
[    0.241387] bus: 'acpi': add device device:1a
[    0.241840] PM: Adding info for acpi:device:1a
[    0.242372] device: 'device:1b': device_add
[    0.242792] bus: 'acpi': add device device:1b
[    0.243195] PM: Adding info for acpi:device:1b
[    0.243750] device: 'device:1c': device_add
[    0.244133] bus: 'acpi': add device device:1c
[    0.244533] PM: Adding info for acpi:device:1c
[    0.245153] device: 'device:1d': device_add
[    0.245594] bus: 'acpi': add device device:1d
[    0.246001] PM: Adding info for acpi:device:1d
[    0.246528] device: 'device:1e': device_add
[    0.246990] bus: 'acpi': add device device:1e
[    0.247391] PM: Adding info for acpi:device:1e
[    0.247946] device: 'device:1f': device_add
[    0.248360] bus: 'acpi': add device device:1f
[    0.248768] PM: Adding info for acpi:device:1f
[    0.249288] device: 'device:20': device_add
[    0.249751] bus: 'acpi': add device device:20
[    0.250013] PM: Adding info for acpi:device:20
[    0.250560] device: 'device:21': device_add
[    0.250975] bus: 'acpi': add device device:21
[    0.251379] PM: Adding info for acpi:device:21
[    0.251930] device: 'device:22': device_add
[    0.252316] bus: 'acpi': add device device:22
[    0.252793] PM: Adding info for acpi:device:22
[    0.253766] device: 'PNP0103:00': device_add
[    0.254193] bus: 'acpi': add device PNP0103:00
[    0.254685] PM: Adding info for acpi:PNP0103:00
[    0.255449] device: 'PNP0C0F:00': device_add
[    0.255847] bus: 'acpi': add device PNP0C0F:00
[    0.256248] PM: Adding info for acpi:PNP0C0F:00
[    0.257038] device: 'PNP0C0F:01': device_add
[    0.257505] bus: 'acpi': add device PNP0C0F:01
[    0.257913] PM: Adding info for acpi:PNP0C0F:01
[    0.258694] device: 'PNP0C0F:02': device_add
[    0.259087] bus: 'acpi': add device PNP0C0F:02
[    0.259502] PM: Adding info for acpi:PNP0C0F:02
[    0.260311] device: 'PNP0C0F:03': device_add
[    0.260782] bus: 'acpi': add device PNP0C0F:03
[    0.261182] PM: Adding info for acpi:PNP0C0F:03
[    0.261962] device: 'PNP0C0F:04': device_add
[    0.262355] bus: 'acpi': add device PNP0C0F:04
[    0.262872] PM: Adding info for acpi:PNP0C0F:04
[    0.263471] device: 'LNXCPU:00': device_add
[    0.263873] bus: 'acpi': add device LNXCPU:00
[    0.264270] PM: Adding info for acpi:LNXCPU:00
[    0.264949] device: 'LNXCPU:01': device_add
[    0.265375] bus: 'acpi': add device LNXCPU:01
[    0.265818] PM: Adding info for acpi:LNXCPU:01
[    0.266345] device: 'device:23': device_add
[    0.266803] bus: 'acpi': add device device:23
[    0.267199] PM: Adding info for acpi:device:23
[    0.267693] device: 'LNXPWRBN:00': device_add
[    0.268100] bus: 'acpi': add device LNXPWRBN:00
[    0.268593] PM: Adding info for acpi:LNXPWRBN:00
[    0.269241] bus: 'acpi': add driver ec
[    0.272080] ACPI: No dock devices found.
[    0.272438] PCI: Using host bridge windows from ACPI; if necessary, use "pci=nocrs" and report a bug
[    0.273319] bus: 'acpi': add driver pci_root
[    0.273785] bus: 'acpi': driver_probe_device: matched device PNP0A03:00 with driver pci_root
[    0.274521] bus: 'acpi': really_probe: probing driver pci_root with device PNP0A03:00
[    0.275322] ACPI: PCI Root Bridge [PCI0] (domain 0000 [bus 00-ff])
[    0.275952] device: 'pci0000:00': device_add
[    0.276400] PM: Adding info for No Bus:pci0000:00
[    0.276923] device: '0000:00': device_add
[    0.277316] PM: Adding info for No Bus:0000:00
[    0.277842] PCI host bridge to bus 0000:00
[    0.278214] pci_bus 0000:00: root bus resource [bus 00-ff]
[    0.278789] pci_bus 0000:00: root bus resource [io  0x0000-0x0cf7]
[    0.279330] pci_bus 0000:00: root bus resource [io  0x0d00-0xffff]
[    0.279889] pci_bus 0000:00: root bus resource [mem 0x000a0000-0x000bffff]
[    0.280005] pci_bus 0000:00: root bus resource [mem 0xe0000000-0xfebfffff]
[    0.280682] pci_bus 0000:00: scanning bus
[    0.281087] pci 0000:00:00.0: [8086:1237] type 00 class 0x060000
[    0.281707] pci 0000:00:00.0: calling quirk_mmio_always_on+0x0/0xa
[    0.282637] pci 0000:00:01.0: [8086:7000] type 00 class 0x060100
[    0.283595] pci 0000:00:01.1: [8086:7010] type 00 class 0x010180
[    0.285919] pci 0000:00:01.1: reg 20: [io  0xc1c0-0xc1cf]
[    0.287273] pci 0000:00:01.3: [8086:7113] type 00 class 0x068000
[    0.287819] pci 0000:00:01.3: calling acpi_pm_check_blacklist+0x0/0x38
[    0.288826] pci 0000:00:01.3: calling quirk_piix4_acpi+0x0/0x154
[    0.289455] pci 0000:00:01.3: quirk: [io  0xb000-0xb03f] claimed by PIIX4 ACPI
[    0.290087] pci 0000:00:01.3: quirk: [io  0xb100-0xb10f] claimed by PIIX4 SMB
[    0.290765] pci 0000:00:01.3: calling pci_fixup_piix4_acpi+0x0/0x10
[    0.291441] pci 0000:00:02.0: [1013:00b8] type 00 class 0x030000
[    0.294472] pci 0000:00:02.0: reg 10: [mem 0xfc000000-0xfdffffff pref]
[    0.295964] pci 0000:00:02.0: reg 14: [mem 0xfebf4000-0xfebf4fff]
[    0.301283] pci 0000:00:02.0: reg 30: [mem 0xfebe0000-0xfebeffff pref]
[    0.302152] pci 0000:00:03.0: [8086:100e] type 00 class 0x020000
[    0.303378] pci 0000:00:03.0: reg 10: [mem 0xfeba0000-0xfebbffff]
[    0.304616] pci 0000:00:03.0: reg 14: [io  0xc000-0xc03f]
[    0.308221] pci 0000:00:03.0: reg 30: [mem 0xfebc0000-0xfebdffff pref]
[    0.309008] pci 0000:00:04.0: [8086:2668] type 00 class 0x040300
[    0.310008] pci 0000:00:04.0: reg 10: [mem 0xfebf0000-0xfebf3fff]
[    0.312934] pci 0000:00:05.0: [1af4:1001] type 00 class 0x010000
[    0.314199] pci 0000:00:05.0: reg 10: [io  0xc040-0xc07f]
[    0.315378] pci 0000:00:05.0: reg 14: [mem 0xfebf5000-0xfebf5fff]
[    0.319428] pci 0000:00:06.0: [1af4:1001] type 00 class 0x010000
[    0.320735] pci 0000:00:06.0: reg 10: [io  0xc080-0xc0bf]
[    0.321911] pci 0000:00:06.0: reg 14: [mem 0xfebf6000-0xfebf6fff]
[    0.325942] pci 0000:00:07.0: [1af4:1001] type 00 class 0x010000
[    0.327201] pci 0000:00:07.0: reg 10: [io  0xc0c0-0xc0ff]
[    0.328295] pci 0000:00:07.0: reg 14: [mem 0xfebf7000-0xfebf7fff]
[    0.332461] pci 0000:00:08.0: [1af4:1001] type 00 class 0x010000
[    0.333795] pci 0000:00:08.0: reg 10: [io  0xc100-0xc13f]
[    0.334960] pci 0000:00:08.0: reg 14: [mem 0xfebf8000-0xfebf8fff]
[    0.339039] pci 0000:00:09.0: [1af4:1001] type 00 class 0x010000
[    0.340005] pci 0000:00:09.0: reg 10: [io  0xc140-0xc17f]
[    0.341169] pci 0000:00:09.0: reg 14: [mem 0xfebf9000-0xfebf9fff]
[    0.345215] pci 0000:00:0a.0: [1af4:1001] type 00 class 0x010000
[    0.346490] pci 0000:00:0a.0: reg 10: [io  0xc180-0xc1bf]
[    0.347584] pci 0000:00:0a.0: reg 14: [mem 0xfebfa000-0xfebfafff]
[    0.351843] pci 0000:00:0b.0: [8086:25ab] type 00 class 0x088000
[    0.352789] pci 0000:00:0b.0: reg 10: [mem 0xfebfb000-0xfebfb00f]
[    0.355642] pci_bus 0000:00: fixups for bus
[    0.356023] pci_bus 0000:00: bus scan returning with max=00
[    0.356552] ACPI: PCI Interrupt Routing Table [\_SB_.PCI0._PRT]
[    0.360888]  pci0000:00: ACPI _OSC support notification failed, disabling PCIe ASPM
[    0.361569]  pci0000:00: Unable to request _OSC control (_OSC support mask: 0x08)
[    0.362344] device: '0000:00:00.0': device_add
[    0.364778] bus: 'pci': add device 0000:00:00.0
[    0.365292] PM: Adding info for pci:0000:00:00.0
[    0.365787] device: '0000:00:01.0': device_add
[    0.368090] bus: 'pci': add device 0000:00:01.0
[    0.368694] PM: Adding info for pci:0000:00:01.0
[    0.369139] device: '0000:00:01.1': device_add
[    0.371492] bus: 'pci': add device 0000:00:01.1
[    0.371986] PM: Adding info for pci:0000:00:01.1
[    0.372425] device: '0000:00:01.3': device_add
[    0.374890] bus: 'pci': add device 0000:00:01.3
[    0.375418] PM: Adding info for pci:0000:00:01.3
[    0.375877] device: '0000:00:02.0': device_add
[    0.378213] bus: 'pci': add device 0000:00:02.0
[    0.378789] PM: Adding info for pci:0000:00:02.0
[    0.379226] device: '0000:00:03.0': device_add
[    0.381569] bus: 'pci': add device 0000:00:03.0
[    0.382134] PM: Adding info for pci:0000:00:03.0
[    0.382635] device: '0000:00:04.0': device_add
[    0.384958] bus: 'pci': add device 0000:00:04.0
[    0.385486] PM: Adding info for pci:0000:00:04.0
[    0.385942] device: '0000:00:05.0': device_add
[    0.388218] bus: 'pci': add device 0000:00:05.0
[    0.388788] PM: Adding info for pci:0000:00:05.0
[    0.389231] device: '0000:00:06.0': device_add
[    0.391683] bus: 'pci': add device 0000:00:06.0
[    0.392275] PM: Adding info for pci:0000:00:06.0
[    0.392791] device: '0000:00:07.0': device_add
[    0.395180] bus: 'pci': add device 0000:00:07.0
[    0.395685] PM: Adding info for pci:0000:00:07.0
[    0.396174] device: '0000:00:08.0': device_add
[    0.398510] bus: 'pci': add device 0000:00:08.0
[    0.399078] PM: Adding info for pci:0000:00:08.0
[    0.399517] device: '0000:00:09.0': device_add
[    0.401915] bus: 'pci': add device 0000:00:09.0
[    0.402447] PM: Adding info for pci:0000:00:09.0
[    0.402972] device: '0000:00:0a.0': device_add
[    0.405290] bus: 'pci': add device 0000:00:0a.0
[    0.405799] PM: Adding info for pci:0000:00:0a.0
[    0.406237] device: '0000:00:0b.0': device_add
[    0.408655] bus: 'pci': add device 0000:00:0b.0
[    0.409154] PM: Adding info for pci:0000:00:0b.0
[    0.409670] driver: 'PNP0A03:00': driver_bound: bound to device 'pci_root'
[    0.410009] bus: 'acpi': really_probe: bound device PNP0A03:00 to driver pci_root
[    0.410805] bus: 'acpi': add driver pci_link
[    0.411216] bus: 'acpi': driver_probe_device: matched device PNP0C0F:00 with driver pci_link
[    0.411968] bus: 'acpi': really_probe: probing driver pci_link with device PNP0C0F:00
[    0.412935] ACPI: PCI Interrupt Link [LNKA] (IRQs 5 *10 11)
[    0.413660] driver: 'PNP0C0F:00': driver_bound: bound to device 'pci_link'
[    0.414270] bus: 'acpi': really_probe: bound device PNP0C0F:00 to driver pci_link
[    0.415004] bus: 'acpi': driver_probe_device: matched device PNP0C0F:01 with driver pci_link
[    0.415755] bus: 'acpi': really_probe: probing driver pci_link with device PNP0C0F:01
[    0.416759] ACPI: PCI Interrupt Link [LNKB] (IRQs 5 *10 11)
[    0.417475] driver: 'PNP0C0F:01': driver_bound: bound to device 'pci_link'
[    0.418085] bus: 'acpi': really_probe: bound device PNP0C0F:01 to driver pci_link
[    0.418830] bus: 'acpi': driver_probe_device: matched device PNP0C0F:02 with driver pci_link
[    0.419573] bus: 'acpi': really_probe: probing driver pci_link with device PNP0C0F:02
[    0.420241] ACPI: PCI Interrupt Link [LNKC] (IRQs 5 10 *11)
[    0.420880] driver: 'PNP0C0F:02': driver_bound: bound to device 'pci_link'
[    0.421572] bus: 'acpi': really_probe: bound device PNP0C0F:02 to driver pci_link
[    0.422306] bus: 'acpi': driver_probe_device: matched device PNP0C0F:03 with driver pci_link
[    0.423048] bus: 'acpi': really_probe: probing driver pci_link with device PNP0C0F:03
[    0.423887] ACPI: PCI Interrupt Link [LNKD] (IRQs 5 10 *11)
[    0.424595] driver: 'PNP0C0F:03': driver_bound: bound to device 'pci_link'
[    0.425235] bus: 'acpi': really_probe: bound device PNP0C0F:03 to driver pci_link
[    0.425891] bus: 'acpi': driver_probe_device: matched device PNP0C0F:04 with driver pci_link
[    0.426710] bus: 'acpi': really_probe: probing driver pci_link with device PNP0C0F:04
[    0.427573] ACPI: PCI Interrupt Link [LNKS] (IRQs 9) *0
[    0.428236] driver: 'PNP0C0F:04': driver_bound: bound to device 'pci_link'
[    0.428848] bus: 'acpi': really_probe: bound device PNP0C0F:04 to driver pci_link
[    0.430097] bus: 'pnp': registered
[    0.430528] bus: 'xen-backend': registered
[    0.430971] bus: 'xen': registered
[    0.431292] bus: 'platform': add driver gpio-regulator
[    0.431856] device class 'misc': registering
[    0.436930] bus: 'tifm': registered
[    0.436930] device class 'tifm_adapter': registering
[    0.436930] device class 'scsi_host': registering
[    0.436930] bus: 'scsi': registered
[    0.436930] device class 'scsi_device': registering
[    0.436930] SCSI subsystem initialized
[    0.436930] ACPI: bus type scsi registered
[    0.440582] device class 'ata_link': registering
[    0.440595] device class 'ata_port': registering
[    0.441022] device class 'ata_device': registering
[    0.441569] libata version 3.00 loaded.
[    0.441922] device class 'mdio_bus': registering
[    0.442508] bus: 'mdio_bus': registered
[    0.442863] bus: 'mdio_bus': add driver Generic PHY
[    0.443395] device class 'pcmcia_socket': registering
[    0.443395] ACPI: bus type usb registered
[    0.443395] bus: 'usb': registered
[    0.443395] bus: 'usb': add driver usbfs
[    0.443395] usbcore: registered new interface driver usbfs
[    0.443395] bus: 'usb': add driver hub
[    0.443395] usbcore: registered new interface driver hub
[    0.446881] bus: 'usb': add driver usb
[    0.446881] usbcore: registered new device driver usb
[    0.446881] device class 'udc': registering
[    0.446881] bus: 'serio': registered
[    0.446881] bus: 'gameport': registered
[    0.446881] device class 'input': registering
[    0.446881] device class 'rtc': registering
[    0.446881] Linux video capture interface: v2.00
[    0.446881] device class 'video4linux': registering
[    0.446881] device class 'power_supply': registering
[    0.446881] device class 'hwmon': registering
[    0.452789] bus: 'mmc': registered
[    0.452789] device class 'mmc_host': registering
[    0.452789] bus: 'sdio': registered
[    0.452789] device class 'leds': registering
[    0.452789] device class 'devfreq': registering
[    0.452789] bus: 'iio': registered
[    0.452789] device class 'sound': registering
[    0.452789] PCI: Using ACPI for IRQ routing
[    0.452789] PCI: pci_cache_line_size set to 64 bytes
[    0.452789] pci 0000:00:01.1: BAR 0: reserving [io  0x01f0-0x01f7 flags 0x110] (d=0, p=0)
[    0.453056] pci 0000:00:01.1: BAR 1: reserving [io  0x03f6 flags 0x110] (d=0, p=0)
[    0.453802] pci 0000:00:01.1: BAR 2: reserving [io  0x0170-0x0177 flags 0x110] (d=0, p=0)
[    0.454598] pci 0000:00:01.1: BAR 3: reserving [io  0x0376 flags 0x110] (d=0, p=0)
[    0.455261] pci 0000:00:01.1: BAR 4: reserving [io  0xc1c0-0xc1cf flags 0x40101] (d=0, p=0)
[    0.456022] pci 0000:00:02.0: BAR 0: reserving [mem 0xfc000000-0xfdffffff flags 0x42208] (d=0, p=0)
[    0.456897] pci 0000:00:02.0: BAR 1: reserving [mem 0xfebf4000-0xfebf4fff flags 0x40200] (d=0, p=0)
[    0.457777] pci 0000:00:03.0: BAR 0: reserving [mem 0xfeba0000-0xfebbffff flags 0x40200] (d=0, p=0)
[    0.458647] pci 0000:00:03.0: BAR 1: reserving [io  0xc000-0xc03f flags 0x40101] (d=0, p=0)
[    0.459469] pci 0000:00:04.0: BAR 0: reserving [mem 0xfebf0000-0xfebf3fff flags 0x40200] (d=0, p=0)
[    0.460016] pci 0000:00:05.0: BAR 0: reserving [io  0xc040-0xc07f flags 0x40101] (d=0, p=0)
[    0.460837] pci 0000:00:05.0: BAR 1: reserving [mem 0xfebf5000-0xfebf5fff flags 0x40200] (d=0, p=0)
[    0.461717] pci 0000:00:06.0: BAR 0: reserving [io  0xc080-0xc0bf flags 0x40101] (d=0, p=0)
[    0.462531] pci 0000:00:06.0: BAR 1: reserving [mem 0xfebf6000-0xfebf6fff flags 0x40200] (d=0, p=0)
[    0.463422] pci 0000:00:07.0: BAR 0: reserving [io  0xc0c0-0xc0ff flags 0x40101] (d=0, p=0)
[    0.464238] pci 0000:00:07.0: BAR 1: reserving [mem 0xfebf7000-0xfebf7fff flags 0x40200] (d=0, p=0)
[    0.465045] pci 0000:00:08.0: BAR 0: reserving [io  0xc100-0xc13f flags 0x40101] (d=0, p=0)
[    0.470004] pci 0000:00:08.0: BAR 1: reserving [mem 0xfebf8000-0xfebf8fff flags 0x40200] (d=0, p=0)
[    0.470004] pci 0000:00:09.0: BAR 0: reserving [io  0xc140-0xc17f flags 0x40101] (d=0, p=0)
[    0.470004] pci 0000:00:09.0: BAR 1: reserving [mem 0xfebf9000-0xfebf9fff flags 0x40200] (d=0, p=0)
[    0.470004] pci 0000:00:0a.0: BAR 0: reserving [io  0xc180-0xc1bf flags 0x40101] (d=0, p=0)
[    0.470004] pci 0000:00:0a.0: BAR 1: reserving [mem 0xfebfa000-0xfebfafff flags 0x40200] (d=0, p=0)
[    0.470016] pci 0000:00:0b.0: BAR 0: reserving [mem 0xfebfb000-0xfebfb00f flags 0x40200] (d=0, p=0)
[    0.471005] e820: reserve RAM buffer [mem 0x00093c00-0x0009ffff]
[    0.471625] e820: reserve RAM buffer [mem 0x0fffe000-0x0fffffff]
[    0.472247] device class 'net': registering
[    0.472752] device: 'lo': device_add
[    0.473429] PM: Adding info for No Bus:lo
[    0.474246] NET: Registered protocol family 23
[    0.474678] NetLabel: Initializing
[    0.474989] NetLabel:  domain hash size = 128
[    0.475399] NetLabel:  protocols = UNLABELED CIPSOv4
[    0.475917] NetLabel:  unlabeled traffic allowed by default
[    0.476504] nfc: nfc_init: NFC Core ver 0.1
[    0.476882] device class 'nfc': registering
[    0.477485] NET: Registered protocol family 39
[    0.478532] HPET: 3 timers in total, 0 timers will be used for per-cpu timer
[    0.479247] hpet0: at MMIO 0xfed00000, IRQs 2, 8, 0
[    0.480137] hpet0: 3 comparators, 64-bit 100.000000 MHz counter
[    0.490051] Switching to clocksource kvm-clock
[    0.490607] bus: 'pnp': add driver system
[    0.490713] pnp: PnP ACPI init
[    0.491019] device: 'pnp0': device_add
[    0.491382] PM: Adding info for No Bus:pnp0
[    0.491801] ACPI: bus type pnp registered
[    0.492214] pnp 00:00: [bus 00-ff]
[    0.492566] pnp 00:00: [io  0x0cf8-0x0cff]
[    0.492945] pnp 00:00: [io  0x0000-0x0cf7 window]
[    0.493378] pnp 00:00: [io  0x0d00-0xffff window]
[    0.493843] pnp 00:00: [mem 0x000a0000-0x000bffff window]
[    0.494329] pnp 00:00: [mem 0xe0000000-0xfebfffff window]
[    0.494936] device: '00:00': device_add
[    0.495357] bus: 'pnp': add device 00:00
[    0.495803] PM: Adding info for pnp:00:00
[    0.496196] pnp 00:00: Plug and Play ACPI device, IDs PNP0a03 (active)
[    0.496897] pnp 00:01: [io  0x0070-0x0071]
[    0.497282] IOAPIC[0]: Set routing entry (2-8 -> 0x38 -> IRQ 8 Mode:0 Active:0 Dest:3)
[    0.498069] pnp 00:01: [irq 8]
[    0.498345] pnp 00:01: [io  0x0072-0x0077]
[    0.498789] device: '00:01': device_add
[    0.499154] bus: 'pnp': add device 00:01
[    0.499604] PM: Adding info for pnp:00:01
[    0.499988] pnp 00:01: Plug and Play ACPI device, IDs PNP0b00 (active)
[    0.500746] pnp 00:02: [io  0x0060]
[    0.501063] pnp 00:02: [io  0x0064]
[    0.501437] IOAPIC[0]: Set routing entry (2-1 -> 0x31 -> IRQ 1 Mode:0 Active:0 Dest:3)
[    0.502154] pnp 00:02: [irq 1]
[    0.502510] device: '00:02': device_add
[    0.502873] bus: 'pnp': add device 00:02
[    0.503234] PM: Adding info for pnp:00:02
[    0.503688] pnp 00:02: Plug and Play ACPI device, IDs PNP0303 (active)
[    0.504349] IOAPIC[0]: Set routing entry (2-12 -> 0x3c -> IRQ 12 Mode:0 Active:0 Dest:3)
[    0.505148] pnp 00:03: [irq 12]
[    0.505553] device: '00:03': device_add
[    0.505923] bus: 'pnp': add device 00:03
[    0.506291] PM: Adding info for pnp:00:03
[    0.506751] pnp 00:03: Plug and Play ACPI device, IDs PNP0f13 (active)
[    0.507479] pnp 00:04: [io  0x03f2-0x03f5]
[    0.507854] pnp 00:04: [io  0x03f7]
[    0.508173] IOAPIC[0]: Set routing entry (2-6 -> 0x36 -> IRQ 6 Mode:0 Active:0 Dest:3)
[    0.508963] pnp 00:04: [irq 6]
[    0.509244] pnp 00:04: [dma 2]
[    0.509605] device: '00:04': device_add
[    0.509973] bus: 'pnp': add device 00:04
[    0.510480] PM: Adding info for pnp:00:04
[    0.510866] pnp 00:04: Plug and Play ACPI device, IDs PNP0700 (active)
[    0.511657] pnp 00:05: [io  0x0378-0x037f]
[    0.512032] IOAPIC[0]: Set routing entry (2-7 -> 0x37 -> IRQ 7 Mode:0 Active:0 Dest:3)
[    0.512819] pnp 00:05: [irq 7]
[    0.513097] device: '00:05': device_add
[    0.513549] bus: 'pnp': add device 00:05
[    0.513957] PM: Adding info for pnp:00:05
[    0.514339] pnp 00:05: Plug and Play ACPI device, IDs PNP0400 (active)
[    0.515131] pnp 00:06: [io  0x03f8-0x03ff]
[    0.515583] IOAPIC[0]: Set routing entry (2-4 -> 0x34 -> IRQ 4 Mode:0 Active:0 Dest:3)
[    0.516284] pnp 00:06: [irq 4]
[    0.516640] device: '00:06': device_add
[    0.517009] bus: 'pnp': add device 00:06
[    0.517373] PM: Adding info for pnp:00:06
[    0.517827] pnp 00:06: Plug and Play ACPI device, IDs PNP0501 (active)
[    0.518985] pnp 00:07: [mem 0xfed00000-0xfed003ff]
[    0.519532] device: '00:07': device_add
[    0.519985] bus: 'pnp': add device 00:07
[    0.520365] PM: Adding info for pnp:00:07
[    0.520818] pnp 00:07: Plug and Play ACPI device, IDs PNP0103 (active)
[    0.521855] pnp: PnP ACPI: found 8 devices
[    0.522222] ACPI: ACPI bus type pnp unregistered
[    0.522712] bus: 'pci': add driver Intel MID DMA
[    0.523173] bus: 'pci': add driver pciback
[    0.523676] bus: 'pci': driver_probe_device: matched device 0000:00:00.0 with driver pciback
[    0.524489] bus: 'pci': really_probe: probing driver pciback with device 0000:00:00.0
[    0.525211] pciback: probe of 0000:00:00.0 rejects match -19
[    0.525792] bus: 'pci': driver_probe_device: matched device 0000:00:01.0 with driver pciback
[    0.526605] bus: 'pci': really_probe: probing driver pciback with device 0000:00:01.0
[    0.527297] pciback: probe of 0000:00:01.0 rejects match -19
[    0.527884] bus: 'pci': driver_probe_device: matched device 0000:00:01.1 with driver pciback
[    0.528694] bus: 'pci': really_probe: probing driver pciback with device 0000:00:01.1
[    0.529459] pciback: probe of 0000:00:01.1 rejects match -19
[    0.529965] bus: 'pci': driver_probe_device: matched device 0000:00:01.3 with driver pciback
[    0.530793] bus: 'pci': really_probe: probing driver pciback with device 0000:00:01.3
[    0.531570] pciback: probe of 0000:00:01.3 rejects match -19
[    0.532082] bus: 'pci': driver_probe_device: matched device 0000:00:02.0 with driver pciback
[    0.532899] bus: 'pci': really_probe: probing driver pciback with device 0000:00:02.0
[    0.533671] pciback: probe of 0000:00:02.0 rejects match -19
[    0.534167] bus: 'pci': driver_probe_device: matched device 0000:00:03.0 with driver pciback
[    0.534975] bus: 'pci': really_probe: probing driver pciback with device 0000:00:03.0
[    0.535700] pciback: probe of 0000:00:03.0 rejects match -19
[    0.536201] bus: 'pci': driver_probe_device: matched device 0000:00:04.0 with driver pciback
[    0.537020] bus: 'pci': really_probe: probing driver pciback with device 0000:00:04.0
[    0.537793] pciback: probe of 0000:00:04.0 rejects match -19
[    0.538293] bus: 'pci': driver_probe_device: matched device 0000:00:05.0 with driver pciback
[    0.539099] bus: 'pci': really_probe: probing driver pciback with device 0000:00:05.0
[    0.539792] pciback: probe of 0000:00:05.0 rejects match -19
[    0.540306] bus: 'pci': driver_probe_device: matched device 0000:00:06.0 with driver pciback
[    0.541115] bus: 'pci': really_probe: probing driver pciback with device 0000:00:06.0
[    0.541886] pciback: probe of 0000:00:06.0 rejects match -19
[    0.542461] bus: 'pci': driver_probe_device: matched device 0000:00:07.0 with driver pciback
[    0.543199] bus: 'pci': really_probe: probing driver pciback with device 0000:00:07.0
[    0.543898] pciback: probe of 0000:00:07.0 rejects match -19
[    0.544476] bus: 'pci': driver_probe_device: matched device 0000:00:08.0 with driver pciback
[    0.545214] bus: 'pci': really_probe: probing driver pciback with device 0000:00:08.0
[    0.545988] pciback: probe of 0000:00:08.0 rejects match -19
[    0.546568] bus: 'pci': driver_probe_device: matched device 0000:00:09.0 with driver pciback
[    0.547297] bus: 'pci': really_probe: probing driver pciback with device 0000:00:09.0
[    0.547993] pciback: probe of 0000:00:09.0 rejects match -19
[    0.548576] bus: 'pci': driver_probe_device: matched device 0000:00:0a.0 with driver pciback
[    0.549334] bus: 'pci': really_probe: probing driver pciback with device 0000:00:0a.0
[    0.550125] pciback: probe of 0000:00:0a.0 rejects match -19
[    0.550706] bus: 'pci': driver_probe_device: matched device 0000:00:0b.0 with driver pciback
[    0.551447] bus: 'pci': really_probe: probing driver pciback with device 0000:00:0b.0
[    0.552141] pciback: probe of 0000:00:0b.0 rejects match -19
[    0.552776] device class 'mem': registering
[    0.553175] device: 'mem': device_add
[    0.554067] PM: Adding info for No Bus:mem
[    0.554582] device: 'kmem': device_add
[    0.555225] PM: Adding info for No Bus:kmem
[    0.555660] device: 'null': device_add
[    0.556340] PM: Adding info for No Bus:null
[    0.556793] device: 'port': device_add
[    0.557438] PM: Adding info for No Bus:port
[    0.557870] device: 'zero': device_add
[    0.558530] PM: Adding info for No Bus:zero
[    0.558974] device: 'full': device_add
[    0.559538] PM: Adding info for No Bus:full
[    0.559975] device: 'random': device_add
[    0.560671] PM: Adding info for No Bus:random
[    0.561123] device: 'urandom': device_add
[    0.561784] PM: Adding info for No Bus:urandom
[    0.562233] device: 'kmsg': device_add
[    0.562852] PM: Adding info for No Bus:kmsg
[    0.563240] device: 'oldmem': device_add
[    0.563747] PM: Adding info for No Bus:oldmem
[    0.564166] device: 'tty': device_add
[    0.564792] PM: Adding info for No Bus:tty
[    0.565189] device: 'console': device_add
[    0.565702] PM: Adding info for No Bus:console
[    0.566174] device class 'firmware': registering
[    0.571316] bus: 'bcma': registered
[    0.571639] bus: 'pci': add driver bcma-pci-bridge
[    0.572162] pci_bus 0000:00: resource 4 [io  0x0000-0x0cf7]
[    0.572745] pci_bus 0000:00: resource 5 [io  0x0d00-0xffff]
[    0.573237] pci_bus 0000:00: resource 6 [mem 0x000a0000-0x000bffff]
[    0.573795] pci_bus 0000:00: resource 7 [mem 0xe0000000-0xfebfffff]
[    0.574480] NET: Registered protocol family 2
[    0.575167] TCP established hash table entries: 8192 (order: 5, 131072 bytes)
[    0.576060] TCP bind hash table entries: 8192 (order: 7, 655360 bytes)
[    0.577330] TCP: Hash tables configured (established 8192 bind 8192)
[    0.578005] TCP: reno registered
[    0.578320] UDP hash table entries: 128 (order: 2, 24576 bytes)
[    0.578959] UDP-Lite hash table entries: 128 (order: 2, 24576 bytes)
[    0.579653] NET: Registered protocol family 1
[    0.580541] RPC: Registered named UNIX socket transport module.
[    0.581066] RPC: Registered udp transport module.
[    0.581484] RPC: Registered tcp transport module.
[    0.581895] RPC: Registered tcp NFSv4.1 backchannel transport module.
[    0.582553] pci 0000:00:00.0: calling quirk_natoma+0x0/0x2b
[    0.583044] pci 0000:00:00.0: Limiting direct PCI/PCI transfers
[    0.583576] pci 0000:00:00.0: calling quirk_passive_release+0x0/0x7b
[    0.584139] pci 0000:00:01.0: PIIX3: Enabling Passive Release
[    0.584744] pci 0000:00:01.0: calling quirk_isa_dma_hangs+0x0/0x2e
[    0.585282] pci 0000:00:01.0: Activating ISA DMA hang workarounds
[    0.585843] pci 0000:00:02.0: calling pci_fixup_video+0x0/0x97
[    0.586357] pci 0000:00:02.0: Boot video device
[    0.586846] pci 0000:00:03.0: calling quirk_e100_interrupt+0x0/0x155
[    0.587477] PCI: CLS 0 bytes, default 64
[    0.588087] Unpacking initramfs...
[    1.898134] debug: unmapping init [mem 0xffff88000e8d6000-0xffff88000ffeffff]
[    1.899714] Machine check injector initialized
[    1.900171] Registering platform device 'pcspkr'. Parent at platform
[    1.900822] device: 'pcspkr': device_add
[    1.901189] bus: 'platform': add device pcspkr
[    1.901754] PM: Adding info for platform:pcspkr
[    1.902174] microcode: no support for this CPU vendor
[    1.903512] cryptomgr_test (28) used greatest stack depth: 6200 bytes left
[    1.905347] cryptomgr_test (29) used greatest stack depth: 6024 bytes left
[    1.907183] cryptomgr_test (30) used greatest stack depth: 5672 bytes left
[    1.913956] device: 'snapshot': device_add
[    1.914529] PM: Adding info for No Bus:snapshot
[    1.915208] bus: 'clocksource': registered
[    1.915671] device: 'clocksource': device_add
[    1.916073] PM: Adding info for No Bus:clocksource
[    1.916583] device: 'clocksource0': device_add
[    1.916985] bus: 'clocksource': add device clocksource0
[    1.917544] PM: Adding info for clocksource:clocksource0
[    1.918103] bus: 'platform': add driver alarmtimer
[    1.918798] Registering platform device 'alarmtimer'. Parent at platform
[    1.919479] device: 'alarmtimer': device_add
[    1.919869] bus: 'platform': add device alarmtimer
[    1.920414] PM: Adding info for platform:alarmtimer
[    1.920907] bus: 'platform': driver_probe_device: matched device alarmtimer with driver alarmtimer
[    1.921779] bus: 'platform': really_probe: probing driver alarmtimer with device alarmtimer
[    1.922607] driver: 'alarmtimer': driver_bound: bound to device 'alarmtimer'
[    1.923235] bus: 'platform': really_probe: bound device alarmtimer to driver alarmtimer
[    1.924276] bus: 'event_source': registered
[    1.924750] device: 'breakpoint': device_add
[    1.925144] bus: 'event_source': add device breakpoint
[    1.925705] PM: Adding info for event_source:breakpoint
[    1.926246] device: 'software': device_add
[    1.926708] bus: 'event_source': add device software
[    1.927266] PM: Adding info for event_source:software
[    1.928787] HugeTLB registered 2 MB page size, pre-allocated 0 pages
[    1.930291] VFS: Disk quotas dquot_6.5.2
[    1.930707] Dquot-cache hash table entries: 512 (order 0, 4096 bytes)
[    1.932424] device: 'dlm-control': device_add
[    1.933056] PM: Adding info for No Bus:dlm-control
[    1.933666] device: 'dlm-monitor': device_add
[    1.934835] PM: Adding info for No Bus:dlm-monitor
[    1.935371] device: 'dlm_plock': device_add
[    1.935991] PM: Adding info for No Bus:dlm_plock
[    1.936496] DLM installed
[    1.937755] squashfs: version 4.0 (2009/01/31) Phillip Lougher
[    1.939047] device: 'ecryptfs': device_add
[    1.939998] PM: Adding info for No Bus:ecryptfs
[    1.941799] NFS: Registering the id_resolver key type
[    1.942521] Key type id_resolver registered
[    1.942899] Key type id_legacy registered
[    1.943254] Installing knfsd (copyright (C) 1996 okir@monad.swb.de).
[    1.946998] NTFS driver 2.1.30 [Flags: R/W DEBUG].
[    1.947544] ROMFS MTD (C) 2007 Red Hat, Inc.
[    1.947938] QNX4 filesystem 0.2.3 registered.
[    1.948334] SGI XFS with security attributes, large block/inode numbers, no debug enabled
[    1.950121] 9p: Installing v9fs 9p2000 file system support
[    1.950695] OCFS2 1.5.0
[    1.951308] ocfs2 stack glue: unable to register sysctl
[    1.951800] ocfs2: Registered cluster interface o2cb
[    1.952237] OCFS2 DLMFS 1.5.0
[    1.952807] OCFS2 User DLM kernel interface loaded
[    1.953268] OCFS2 Node Manager 1.5.0
[    1.957873] OCFS2 DLM 1.5.0
[    1.958208] ceph: loaded (mds proto 32)
[    1.958641] msgmni has been set to 358
[    1.959797] alg: No test for cipher_null (cipher_null-generic)
[    1.960645] alg: No test for ecb(cipher_null) (ecb-cipher_null)
[    1.961826] alg: No test for compress_null (compress_null-generic)
[    1.963076] alg: No test for digest_null (digest_null-generic)
[    1.966380] cryptomgr_test (61) used greatest stack depth: 5560 bytes left
[    1.968807] alg: No test for fcrypt (fcrypt-generic)
[    1.973745] cryptomgr_test (84) used greatest stack depth: 5432 bytes left
[    1.974804] alg: No test for stdrng (krng)
[    1.975568] cryptomgr_test (87) used greatest stack depth: 5400 bytes left
[    1.976230] NET: Registered protocol family 38
[    1.976677] device class 'bsg': registering
[    1.977294] Block layer SCSI generic (bsg) driver version 0.4 loaded (major 253)
[    1.978021] io scheduler noop registered
[    1.978426] io scheduler deadline registered (default)
[    1.978915] io scheduler cfq registered
[    1.979944] crc32: CRC_LE_BITS = 64, CRC_BE BITS = 64
[    1.980471] crc32: self tests passed, processed 225944 bytes in 134274 nsec
[    1.981244] crc32c: CRC_LE_BITS = 64
[    1.981610] crc32c: self tests passed, processed 225944 bytes in 67926 nsec
[    1.983807] bus: 'platform': add driver omap-ocp2scp
[    1.984349] bus: 'platform': add driver basic-mmio-gpio
[    1.984918] bus: 'pci': add driver bt8xxgpio
[    1.985742] bus: 'pci': add driver langwell_gpio
[    1.986253] bus: 'platform': add driver wp_gpio
[    1.986771] bus: 'pci': add driver pch_gpio
[    1.987378] bus: 'platform': add driver rdc321x-gpio
[    1.987909] bus: 'platform': add driver sch_gpio
[    1.988411] bus: 'platform': add driver vx855_gpio
[    1.989022] bus: 'pci': add driver ioapic
[    1.989511] pci_hotplug: PCI Hot Plug PCI Core version: 0.5
[    1.990049] cpcihp_zt5550: ZT5550 CompactPCI Hot Plug Driver version: 0.2
[    1.990714] bus: 'pci': add driver zt5550_hc
[    1.991297] bus: 'pci': add driver shpchp
[    1.991788] shpchp: Standard Hot Plug PCI Controller Driver version: 0.4
[    1.992408] acpiphp: ACPI Hot Plug PCI Controller Driver version: 0.5
[    1.993369] pci_bus 0000:00: dev 03, created physical slot 3
[    1.994098] acpiphp: Slot [3] registered
[    1.994560] pci_bus 0000:00: dev 04, created physical slot 4
[    1.995154] acpiphp: Slot [4] registered
[    1.995717] pci_bus 0000:00: dev 05, created physical slot 5
[    1.996319] acpiphp: Slot [5] registered
[    1.996746] pci_bus 0000:00: dev 06, created physical slot 6
[    1.997477] acpiphp: Slot [6] registered
[    1.997905] pci_bus 0000:00: dev 07, created physical slot 7
[    1.998537] acpiphp: Slot [7] registered
[    1.999067] pci_bus 0000:00: dev 08, created physical slot 8
[    1.999700] acpiphp: Slot [8] registered
[    2.000142] pci_bus 0000:00: dev 09, created physical slot 9
[    2.000840] acpiphp: Slot [9] registered
[    2.001267] pci_bus 0000:00: dev 0a, created physical slot 10
[    2.001904] acpiphp: Slot [10] registered
[    2.002476] pci_bus 0000:00: dev 0b, created physical slot 11
[    2.003085] acpiphp: Slot [11] registered
[    2.003552] pci_bus 0000:00: dev 0c, created physical slot 12
[    2.004151] acpiphp: Slot [12] registered
[    2.004691] pci_bus 0000:00: dev 0d, created physical slot 13
[    2.005292] acpiphp: Slot [13] registered
[    2.005762] pci_bus 0000:00: dev 0e, created physical slot 14
[    2.006498] acpiphp: Slot [14] registered
[    2.006936] pci_bus 0000:00: dev 0f, created physical slot 15
[    2.007573] acpiphp: Slot [15] registered
[    2.008110] pci_bus 0000:00: dev 10, created physical slot 16
[    2.008720] acpiphp: Slot [16] registered
[    2.009152] pci_bus 0000:00: dev 11, created physical slot 17
[    2.009885] acpiphp: Slot [17] registered
[    2.010404] pci_bus 0000:00: dev 12, created physical slot 18
[    2.010983] acpiphp: Slot [18] registered
[    2.011580] pci_bus 0000:00: dev 13, created physical slot 19
[    2.012164] acpiphp: Slot [19] registered
[    2.012588] pci_bus 0000:00: dev 14, created physical slot 20
[    2.013266] acpiphp: Slot [20] registered
[    2.013765] pci_bus 0000:00: dev 15, created physical slot 21
[    2.014419] acpiphp: Slot [21] registered
[    2.014943] pci_bus 0000:00: dev 16, created physical slot 22
[    2.015605] acpiphp: Slot [22] registered
[    2.016022] pci_bus 0000:00: dev 17, created physical slot 23
[    2.016706] acpiphp: Slot [23] registered
[    2.017121] pci_bus 0000:00: dev 18, created physical slot 24
[    2.017777] acpiphp: Slot [24] registered
[    2.018295] pci_bus 0000:00: dev 19, created physical slot 25
[    2.018985] acpiphp: Slot [25] registered
[    2.019491] pci_bus 0000:00: dev 1a, created physical slot 26
[    2.020204] acpiphp: Slot [26] registered
[    2.020631] pci_bus 0000:00: dev 1b, created physical slot 27
[    2.021213] acpiphp: Slot [27] registered
[    2.021814] pci_bus 0000:00: dev 1c, created physical slot 28
[    2.022474] acpiphp: Slot [28] registered
[    2.022889] pci_bus 0000:00: dev 1d, created physical slot 29
[    2.023651] acpiphp: Slot [29] registered
[    2.024068] pci_bus 0000:00: dev 1e, created physical slot 30
[    2.024650] acpiphp: Slot [30] registered
[    2.025183] pci_bus 0000:00: dev 1f, created physical slot 31
[    2.025845] acpiphp: Slot [31] registered
[    2.030086] acpiphp_ibm: ibm_acpiphp_init: acpi_walk_namespace failed
[    2.030745] bus: 'acpi': add driver ac
[    2.031166] bus: 'acpi': add driver button
[    2.031653] bus: 'acpi': driver_probe_device: matched device LNXPWRBN:00 with driver button
[    2.032401] bus: 'acpi': really_probe: probing driver button with device LNXPWRBN:00
[    2.033581] device: 'input0': device_add
[    2.034119] PM: Adding info for No Bus:input0
[    2.034646] input: Power Button as /devices/LNXSYSTM:00/LNXPWRBN:00/input/input0
[    2.035391] ACPI: Power Button [PWRF]
[    2.035756] driver: 'LNXPWRBN:00': driver_bound: bound to device 'button'
[    2.036359] bus: 'acpi': really_probe: bound device LNXPWRBN:00 to driver button
[    2.037025] bus: 'platform': add driver virtio-mmio
[    2.037667] bus: 'pci': add driver virtio-pci
[    2.038078] bus: 'pci': driver_probe_device: matched device 0000:00:05.0 with driver virtio-pci
[    2.038924] bus: 'pci': really_probe: probing driver virtio-pci with device 0000:00:05.0
[    2.040287] ACPI: PCI Interrupt Link [LNKA] enabled at IRQ 10
[    2.040833] IOAPIC[0]: Set routing entry (2-10 -> 0x3a -> IRQ 10 Mode:1 Active:0 Dest:3)
[    2.041672] virtio-pci 0000:00:05.0: enabling bus mastering
[    2.042179] virtio-pci 0000:00:05.0: setting latency timer to 64
[    2.043051] device: 'virtio0': device_add
[    2.043502] bus: 'virtio': add device virtio0
[    2.044033] PM: Adding info for virtio:virtio0
[    2.044469] driver: '0000:00:05.0': driver_bound: bound to device 'virtio-pci'
[    2.045110] bus: 'pci': really_probe: bound device 0000:00:05.0 to driver virtio-pci
[    2.045876] bus: 'pci': driver_probe_device: matched device 0000:00:06.0 with driver virtio-pci
[    2.046725] bus: 'pci': really_probe: probing driver virtio-pci with device 0000:00:06.0
[    2.048028] ACPI: PCI Interrupt Link [LNKB] enabled at IRQ 11
[    2.048557] IOAPIC[0]: Set routing entry (2-11 -> 0x3b -> IRQ 11 Mode:1 Active:0 Dest:3)
[    2.049359] virtio-pci 0000:00:06.0: enabling bus mastering
[    2.049888] virtio-pci 0000:00:06.0: setting latency timer to 64
[    2.050723] device: 'virtio1': device_add
[    2.051091] bus: 'virtio': add device virtio1
[    2.051580] PM: Adding info for virtio:virtio1
[    2.051988] driver: '0000:00:06.0': driver_bound: bound to device 'virtio-pci'
[    2.052631] bus: 'pci': really_probe: bound device 0000:00:06.0 to driver virtio-pci
[    2.053391] bus: 'pci': driver_probe_device: matched device 0000:00:07.0 with driver virtio-pci
[    2.054156] bus: 'pci': really_probe: probing driver virtio-pci with device 0000:00:07.0
[    2.055863] ACPI: PCI Interrupt Link [LNKC] enabled at IRQ 11
[    2.056406] virtio-pci 0000:00:07.0: enabling bus mastering
[    2.056918] virtio-pci 0000:00:07.0: setting latency timer to 64
[    2.057709] device: 'virtio2': device_add
[    2.058075] bus: 'virtio': add device virtio2
[    2.058561] PM: Adding info for virtio:virtio2
[    2.058968] driver: '0000:00:07.0': driver_bound: bound to device 'virtio-pci'
[    2.059683] bus: 'pci': really_probe: bound device 0000:00:07.0 to driver virtio-pci
[    2.060387] bus: 'pci': driver_probe_device: matched device 0000:00:08.0 with driver virtio-pci
[    2.061145] bus: 'pci': really_probe: probing driver virtio-pci with device 0000:00:08.0
[    2.062713] ACPI: PCI Interrupt Link [LNKD] enabled at IRQ 10
[    2.063246] virtio-pci 0000:00:08.0: enabling bus mastering
[    2.063840] virtio-pci 0000:00:08.0: setting latency timer to 64
[    2.064667] device: 'virtio3': device_add
[    2.065146] bus: 'virtio': add device virtio3
[    2.065644] PM: Adding info for virtio:virtio3
[    2.066055] driver: '0000:00:08.0': driver_bound: bound to device 'virtio-pci'
[    2.066778] bus: 'pci': really_probe: bound device 0000:00:08.0 to driver virtio-pci
[    2.067549] bus: 'pci': driver_probe_device: matched device 0000:00:09.0 with driver virtio-pci
[    2.068317] bus: 'pci': really_probe: probing driver virtio-pci with device 0000:00:09.0
[    2.069262] virtio-pci 0000:00:09.0: enabling bus mastering
[    2.069860] virtio-pci 0000:00:09.0: setting latency timer to 64
[    2.070665] device: 'virtio4': device_add
[    2.071034] bus: 'virtio': add device virtio4
[    2.071647] PM: Adding info for virtio:virtio4
[    2.072065] driver: '0000:00:09.0': driver_bound: bound to device 'virtio-pci'
[    2.072710] bus: 'pci': really_probe: bound device 0000:00:09.0 to driver virtio-pci
[    2.073478] bus: 'pci': driver_probe_device: matched device 0000:00:0a.0 with driver virtio-pci
[    2.074242] bus: 'pci': really_probe: probing driver virtio-pci with device 0000:00:0a.0
[    2.075130] virtio-pci 0000:00:0a.0: enabling bus mastering
[    2.075718] virtio-pci 0000:00:0a.0: setting latency timer to 64
[    2.076425] device: 'virtio5': device_add
[    2.076794] bus: 'virtio': add device virtio5
[    2.077380] PM: Adding info for virtio:virtio5
[    2.077798] driver: '0000:00:0a.0': driver_bound: bound to device 'virtio-pci'
[    2.078518] bus: 'pci': really_probe: bound device 0000:00:0a.0 to driver virtio-pci
[    2.079226] bus: 'pci': add driver xen-platform-pci
[    2.079777] bus: 'platform': add driver reg-userspace-consumer
[    2.080480] device: 'ptmx': device_add
[    2.080877] PM: Adding info for No Bus:ptmx
[    2.081428] HDLC line discipline maxframe=4096
[    2.081833] N_HDLC line discipline registered.
[    2.082465] r3964: Philips r3964 Driver $Revision: 1.10 $
[    2.082952] Serial: 8250/16550 driver, 4 ports, IRQ sharing disabled
[    2.083655] Registering platform device 'serial8250'. Parent at platform
[    2.084361] device: 'serial8250': device_add
[    2.084755] bus: 'platform': add device serial8250
[    2.085205] PM: Adding info for platform:serial8250

[    2.381107] device: 'ttyS0': device_add
[    2.381674] PM: Adding info for No Bus:ttyS0
[    2.382227] device: 'ttyS1': device_add
[    2.382711] PM: Adding info for No Bus:ttyS1
[    2.383200] device: 'ttyS2': device_add
[    2.383722] PM: Adding info for No Bus:ttyS2
[    2.384212] device: 'ttyS3': device_add
[    2.385109] PM: Adding info for No Bus:ttyS3
[    2.385654] bus: 'platform': add driver serial8250
[    2.386096] bus: 'platform': driver_probe_device: matched device serial8250 with driver serial8250
[    2.386966] bus: 'platform': really_probe: probing driver serial8250 with device serial8250
[    2.387720] driver: 'serial8250': driver_bound: bound to device 'serial8250'
[    2.388429] bus: 'platform': really_probe: bound device serial8250 to driver serial8250
[    2.389150] bus: 'pci': add driver serial
[    2.389737] bus: 'pci': add driver jsm
[    2.390179] bus: 'platform': add driver altera_uart
[    2.392204] bus: 'pci': add driver HSU serial
[    2.392883] MOXA Intellio family driver version 6.0k
[    2.393625] bus: 'pci': add driver moxa
[    2.394097] MOXA Smartio/Industio family driver version 2.0.5
[    2.394691] bus: 'pci': add driver mxser
[    2.395238] RocketPort device driver module, version 2.09, 12-June-2003
[    2.395987] No rocketport ports found; unloading driver
[    2.396557] SyncLink GT
[    2.396828] SyncLink GT, tty major#250
[    2.397170] bus: 'pci': add driver synclink_gt
[    2.397646] SyncLink GT no devices found
[    2.398003] SyncLink MultiPort driver $Revision: 4.38 $
[    2.398547] bus: 'pci': add driver synclinkmp
[    2.399416] device: 'ttySLM0': device_add
[    2.399828] PM: Adding info for No Bus:ttySLM0
[    2.400404] device: 'ttySLM1': device_add
[    2.401237] PM: Adding info for No Bus:ttySLM1
[    2.401662] device: 'ttySLM2': device_add
[    2.402065] PM: Adding info for No Bus:ttySLM2
[    2.402611] device: 'ttySLM3': device_add
[    2.403435] PM: Adding info for No Bus:ttySLM3
[    2.403854] device: 'ttySLM4': device_add
[    2.404256] PM: Adding info for No Bus:ttySLM4
[    2.404802] device: 'ttySLM5': device_add
[    2.405637] PM: Adding info for No Bus:ttySLM5
[    2.406056] device: 'ttySLM6': device_add
[    2.406545] PM: Adding info for No Bus:ttySLM6
[    2.407044] device: 'ttySLM7': device_add
[    2.407876] PM: Adding info for No Bus:ttySLM7
[    2.408370] device: 'ttySLM8': device_add
[    2.408787] PM: Adding info for No Bus:ttySLM8
[    2.409271] device: 'ttySLM9': device_add
[    2.410134] PM: Adding info for No Bus:ttySLM9
[    2.410635] device: 'ttySLM10': device_add
[    2.411046] PM: Adding info for No Bus:ttySLM10
[    2.411535] device: 'ttySLM11': device_add
[    2.412443] PM: Adding info for No Bus:ttySLM11
[    2.412869] device: 'ttySLM12': device_add
[    2.413285] PM: Adding info for No Bus:ttySLM12
[    2.413762] device: 'ttySLM13': device_add
[    2.414663] PM: Adding info for No Bus:ttySLM13
[    2.415089] device: 'ttySLM14': device_add
[    2.415504] PM: Adding info for No Bus:ttySLM14
[    2.415988] device: 'ttySLM15': device_add
[    2.416899] PM: Adding info for No Bus:ttySLM15
[    2.417330] device: 'ttySLM16': device_add
[    2.417741] PM: Adding info for No Bus:ttySLM16
[    2.418212] device: 'ttySLM17': device_add
[    2.419112] PM: Adding info for No Bus:ttySLM17
[    2.419546] device: 'ttySLM18': device_add
[    2.419963] PM: Adding info for No Bus:ttySLM18
[    2.420557] device: 'ttySLM19': device_add
[    2.421398] PM: Adding info for No Bus:ttySLM19
[    2.421824] device: 'ttySLM20': device_add
[    2.422233] PM: Adding info for No Bus:ttySLM20
[    2.422782] device: 'ttySLM21': device_add
[    2.423608] PM: Adding info for No Bus:ttySLM21
[    2.424037] device: 'ttySLM22': device_add
[    2.424529] PM: Adding info for No Bus:ttySLM22
[    2.424997] device: 'ttySLM23': device_add
[    2.425828] PM: Adding info for No Bus:ttySLM23
[    2.426264] device: 'ttySLM24': device_add
[    2.426759] PM: Adding info for No Bus:ttySLM24
[    2.427227] device: 'ttySLM25': device_add
[    2.428056] PM: Adding info for No Bus:ttySLM25
[    2.428564] device: 'ttySLM26': device_add
[    2.428987] PM: Adding info for No Bus:ttySLM26
[    2.429472] device: 'ttySLM27': device_add
[    2.430409] PM: Adding info for No Bus:ttySLM27
[    2.430834] device: 'ttySLM28': device_add
[    2.431246] PM: Adding info for No Bus:ttySLM28
[    2.431731] device: 'ttySLM29': device_add
[    2.432624] PM: Adding info for No Bus:ttySLM29
[    2.433054] device: 'ttySLM30': device_add
[    2.433486] PM: Adding info for No Bus:ttySLM30
[    2.433953] device: 'ttySLM31': device_add
[    2.434856] PM: Adding info for No Bus:ttySLM31
[    2.435288] device: 'ttySLM32': device_add
[    2.435700] PM: Adding info for No Bus:ttySLM32
[    2.436170] device: 'ttySLM33': device_add
[    2.437075] PM: Adding info for No Bus:ttySLM33
[    2.437508] device: 'ttySLM34': device_add
[    2.437920] PM: Adding info for No Bus:ttySLM34
[    2.438473] device: 'ttySLM35': device_add
[    2.439304] PM: Adding info for No Bus:ttySLM35
[    2.439732] device: 'ttySLM36': device_add
[    2.440179] PM: Adding info for No Bus:ttySLM36
[    2.440699] device: 'ttySLM37': device_add
[    2.441530] PM: Adding info for No Bus:ttySLM37
[    2.441957] device: 'ttySLM38': device_add
[    2.442453] PM: Adding info for No Bus:ttySLM38
[    2.442922] device: 'ttySLM39': device_add
[    2.443761] PM: Adding info for No Bus:ttySLM39
[    2.444188] device: 'ttySLM40': device_add
[    2.444685] PM: Adding info for No Bus:ttySLM40
[    2.445158] device: 'ttySLM41': device_add
[    2.445996] PM: Adding info for No Bus:ttySLM41
[    2.446512] device: 'ttySLM42': device_add
[    2.446924] PM: Adding info for No Bus:ttySLM42
[    2.447399] device: 'ttySLM43': device_add
[    2.448232] PM: Adding info for No Bus:ttySLM43
[    2.448744] device: 'ttySLM44': device_add
[    2.449156] PM: Adding info for No Bus:ttySLM44
[    2.449630] device: 'ttySLM45': device_add
[    2.450552] PM: Adding info for No Bus:ttySLM45
[    2.450979] device: 'ttySLM46': device_add
[    2.451395] PM: Adding info for No Bus:ttySLM46
[    2.451874] device: 'ttySLM47': device_add
[    2.452783] PM: Adding info for No Bus:ttySLM47
[    2.453210] device: 'ttySLM48': device_add
[    2.453626] PM: Adding info for No Bus:ttySLM48
[    2.454093] device: 'ttySLM49': device_add
[    2.454999] PM: Adding info for No Bus:ttySLM49
[    2.455430] device: 'ttySLM50': device_add
[    2.455840] PM: Adding info for No Bus:ttySLM50
[    2.456381] device: 'ttySLM51': device_add
[    2.457211] PM: Adding info for No Bus:ttySLM51
[    2.457642] device: 'ttySLM52': device_add
[    2.458050] PM: Adding info for No Bus:ttySLM52
[    2.458603] device: 'ttySLM53': device_add
[    2.459436] PM: Adding info for No Bus:ttySLM53
[    2.459864] device: 'ttySLM54': device_add
[    2.460343] PM: Adding info for No Bus:ttySLM54
[    2.460822] device: 'ttySLM55': device_add
[    2.461655] PM: Adding info for No Bus:ttySLM55
[    2.462084] device: 'ttySLM56': device_add
[    2.462578] PM: Adding info for No Bus:ttySLM56
[    2.463046] device: 'ttySLM57': device_add
[    2.463880] PM: Adding info for No Bus:ttySLM57
[    2.464390] device: 'ttySLM58': device_add
[    2.464805] PM: Adding info for No Bus:ttySLM58
[    2.465274] device: 'ttySLM59': device_add
[    2.466106] PM: Adding info for No Bus:ttySLM59
[    2.466613] device: 'ttySLM60': device_add
[    2.467026] PM: Adding info for No Bus:ttySLM60
[    2.467500] device: 'ttySLM61': device_add
[    2.468406] PM: Adding info for No Bus:ttySLM61
[    2.468837] device: 'ttySLM62': device_add
[    2.469252] PM: Adding info for No Bus:ttySLM62
[    2.469724] device: 'ttySLM63': device_add
[    2.470650] PM: Adding info for No Bus:ttySLM63
[    2.471076] device: 'ttySLM64': device_add
[    2.471493] PM: Adding info for No Bus:ttySLM64
[    2.471967] device: 'ttySLM65': device_add
[    2.472887] PM: Adding info for No Bus:ttySLM65
[    2.473319] device: 'ttySLM66': device_add
[    2.473730] PM: Adding info for No Bus:ttySLM66
[    2.474200] device: 'ttySLM67': device_add
[    2.475109] PM: Adding info for No Bus:ttySLM67
[    2.475542] device: 'ttySLM68': device_add
[    2.475953] PM: Adding info for No Bus:ttySLM68
[    2.476505] device: 'ttySLM69': device_add
[    2.477340] PM: Adding info for No Bus:ttySLM69
[    2.477766] device: 'ttySLM70': device_add
[    2.478175] PM: Adding info for No Bus:ttySLM70
[    2.478722] device: 'ttySLM71': device_add
[    2.479557] PM: Adding info for No Bus:ttySLM71
[    2.479984] device: 'ttySLM72': device_add
[    2.480511] PM: Adding info for No Bus:ttySLM72
[    2.480989] device: 'ttySLM73': device_add
[    2.481832] PM: Adding info for No Bus:ttySLM73
[    2.482257] device: 'ttySLM74': device_add
[    2.482746] PM: Adding info for No Bus:ttySLM74
[    2.483221] device: 'ttySLM75': device_add
[    2.484064] PM: Adding info for No Bus:ttySLM75
[    2.484570] device: 'ttySLM76': device_add
[    2.484981] PM: Adding info for No Bus:ttySLM76
[    2.485460] device: 'ttySLM77': device_add
[    2.486371] PM: Adding info for No Bus:ttySLM77
[    2.486800] device: 'ttySLM78': device_add
[    2.487213] PM: Adding info for No Bus:ttySLM78
[    2.487695] device: 'ttySLM79': device_add
[    2.488614] PM: Adding info for No Bus:ttySLM79
[    2.489040] device: 'ttySLM80': device_add
[    2.489466] PM: Adding info for No Bus:ttySLM80
[    2.489941] device: 'ttySLM81': device_add
[    2.490888] PM: Adding info for No Bus:ttySLM81
[    2.491323] device: 'ttySLM82': device_add
[    2.491734] PM: Adding info for No Bus:ttySLM82
[    2.492209] device: 'ttySLM83': device_add
[    2.493130] PM: Adding info for No Bus:ttySLM83
[    2.493559] device: 'ttySLM84': device_add
[    2.493970] PM: Adding info for No Bus:ttySLM84
[    2.494532] device: 'ttySLM85': device_add
[    2.495378] PM: Adding info for No Bus:ttySLM85
[    2.495804] device: 'ttySLM86': device_add
[    2.496214] PM: Adding info for No Bus:ttySLM86
[    2.496767] device: 'ttySLM87': device_add
[    2.497614] PM: Adding info for No Bus:ttySLM87
[    2.498040] device: 'ttySLM88': device_add
[    2.498534] PM: Adding info for No Bus:ttySLM88
[    2.499006] device: 'ttySLM89': device_add
[    2.499854] PM: Adding info for No Bus:ttySLM89
[    2.500382] device: 'ttySLM90': device_add
[    2.500828] PM: Adding info for No Bus:ttySLM90
[    2.501311] device: 'ttySLM91': device_add
[    2.502171] PM: Adding info for No Bus:ttySLM91
[    2.502679] device: 'ttySLM92': device_add
[    2.503090] PM: Adding info for No Bus:ttySLM92
[    2.503572] device: 'ttySLM93': device_add
[    2.504487] PM: Adding info for No Bus:ttySLM93
[    2.504913] device: 'ttySLM94': device_add
[    2.505331] PM: Adding info for No Bus:ttySLM94
[    2.505808] device: 'ttySLM95': device_add
[    2.506729] PM: Adding info for No Bus:ttySLM95
[    2.507157] device: 'ttySLM96': device_add
[    2.507574] PM: Adding info for No Bus:ttySLM96
[    2.508049] device: 'ttySLM97': device_add
[    2.508977] PM: Adding info for No Bus:ttySLM97
[    2.509406] device: 'ttySLM98': device_add
[    2.509817] PM: Adding info for No Bus:ttySLM98
[    2.510394] device: 'ttySLM99': device_add
[    2.511245] PM: Adding info for No Bus:ttySLM99
[    2.511689] device: 'ttySLM100': device_add
[    2.512108] PM: Adding info for No Bus:ttySLM100
[    2.512671] device: 'ttySLM101': device_add
[    2.513532] PM: Adding info for No Bus:ttySLM101
[    2.513967] device: 'ttySLM102': device_add
[    2.514464] PM: Adding info for No Bus:ttySLM102
[    2.514952] device: 'ttySLM103': device_add
[    2.515819] PM: Adding info for No Bus:ttySLM103
[    2.516250] device: 'ttySLM104': device_add
[    2.516755] PM: Adding info for No Bus:ttySLM104
[    2.517234] device: 'ttySLM105': device_add
[    2.518099] PM: Adding info for No Bus:ttySLM105
[    2.518614] device: 'ttySLM106': device_add
[    2.519033] PM: Adding info for No Bus:ttySLM106
[    2.519521] device: 'ttySLM107': device_add
[    2.520438] PM: Adding info for No Bus:ttySLM107
[    2.520872] device: 'ttySLM108': device_add
[    2.521294] PM: Adding info for No Bus:ttySLM108
[    2.521778] device: 'ttySLM109': device_add
[    2.522706] PM: Adding info for No Bus:ttySLM109
[    2.523141] device: 'ttySLM110': device_add
[    2.523564] PM: Adding info for No Bus:ttySLM110
[    2.524045] device: 'ttySLM111': device_add
[    2.524983] PM: Adding info for No Bus:ttySLM111
[    2.525421] device: 'ttySLM112': device_add
[    2.525838] PM: Adding info for No Bus:ttySLM112
[    2.526388] device: 'ttySLM113': device_add
[    2.527245] PM: Adding info for No Bus:ttySLM113
[    2.527683] device: 'ttySLM114': device_add
[    2.528098] PM: Adding info for No Bus:ttySLM114
[    2.528661] device: 'ttySLM115': device_add
[    2.529515] PM: Adding info for No Bus:ttySLM115
[    2.529947] device: 'ttySLM116': device_add
[    2.530471] PM: Adding info for No Bus:ttySLM116
[    2.530956] device: 'ttySLM117': device_add
[    2.531816] PM: Adding info for No Bus:ttySLM117
[    2.532246] device: 'ttySLM118': device_add
[    2.532747] PM: Adding info for No Bus:ttySLM118
[    2.533238] device: 'ttySLM119': device_add
[    2.534098] PM: Adding info for No Bus:ttySLM119
[    2.534609] device: 'ttySLM120': device_add
[    2.535025] PM: Adding info for No Bus:ttySLM120
[    2.535513] device: 'ttySLM121': device_add
[    2.536440] PM: Adding info for No Bus:ttySLM121
[    2.536881] device: 'ttySLM122': device_add
[    2.537306] PM: Adding info for No Bus:ttySLM122
[    2.537787] device: 'ttySLM123': device_add
[    2.538723] PM: Adding info for No Bus:ttySLM123
[    2.539156] device: 'ttySLM124': device_add
[    2.539582] PM: Adding info for No Bus:ttySLM124
[    2.540095] device: 'ttySLM125': device_add
[    2.540985] PM: Adding info for No Bus:ttySLM125
[    2.541566] device: 'ttySLM126': device_add
[    2.541987] PM: Adding info for No Bus:ttySLM126
[    2.542566] device: 'ttySLM127': device_add
[    2.543445] PM: Adding info for No Bus:ttySLM127
[    2.543873] SyncLink MultiPort driver $Revision: 4.38 $, tty major#249
[    2.544527] SyncLink serial driver $Revision: 4.38 $
[    2.544967] bus: 'pci': add driver synclink
[    2.545685] device: 'ttySL0': device_add
[    2.546236] PM: Adding info for No Bus:ttySL0
[    2.546784] device: 'ttySL1': device_add
[    2.547489] PM: Adding info for No Bus:ttySL1
[    2.548059] device: 'ttySL2': device_add
[    2.548698] PM: Adding info for No Bus:ttySL2
[    2.549171] device: 'ttySL3': device_add
[    2.549870] PM: Adding info for No Bus:ttySL3
[    2.550390] device: 'ttySL4': device_add
[    2.550934] PM: Adding info for No Bus:ttySL4
[    2.551549] device: 'ttySL5': device_add
[    2.552256] PM: Adding info for No Bus:ttySL5
[    2.552745] device: 'ttySL6': device_add
[    2.553301] PM: Adding info for No Bus:ttySL6
[    2.553764] device: 'ttySL7': device_add
[    2.554542] PM: Adding info for No Bus:ttySL7
[    2.555106] device: 'ttySL8': device_add
[    2.555675] PM: Adding info for No Bus:ttySL8
[    2.556148] device: 'ttySL9': device_add
[    2.556922] PM: Adding info for No Bus:ttySL9
[    2.557338] device: 'ttySL10': device_add
[    2.557886] PM: Adding info for No Bus:ttySL10
[    2.558587] device: 'ttySL11': device_add
[    2.559306] PM: Adding info for No Bus:ttySL11
[    2.559723] device: 'ttySL12': device_add
[    2.560360] PM: Adding info for No Bus:ttySL12
[    2.560834] device: 'ttySL13': device_add
[    2.561541] PM: Adding info for No Bus:ttySL13
[    2.562116] device: 'ttySL14': device_add
[    2.562770] PM: Adding info for No Bus:ttySL14
[    2.563251] device: 'ttySL15': device_add
[    2.563959] PM: Adding info for No Bus:ttySL15
[    2.564457] device: 'ttySL16': device_add
[    2.565009] PM: Adding info for No Bus:ttySL16
[    2.565630] device: 'ttySL17': device_add
[    2.566422] PM: Adding info for No Bus:ttySL17
[    2.566844] device: 'ttySL18': device_add
[    2.567413] PM: Adding info for No Bus:ttySL18
[    2.567885] device: 'ttySL19': device_add
[    2.568662] PM: Adding info for No Bus:ttySL19
[    2.569230] device: 'ttySL20': device_add
[    2.569805] PM: Adding info for No Bus:ttySL20
[    2.570380] device: 'ttySL21': device_add
[    2.571085] PM: Adding info for No Bus:ttySL21
[    2.571505] device: 'ttySL22': device_add
[    2.572053] PM: Adding info for No Bus:ttySL22
[    2.572749] device: 'ttySL23': device_add
[    2.573467] PM: Adding info for No Bus:ttySL23
[    2.573882] device: 'ttySL24': device_add
[    2.574520] PM: Adding info for No Bus:ttySL24
[    2.574994] device: 'ttySL25': device_add
[    2.575707] PM: Adding info for No Bus:ttySL25
[    2.576347] device: 'ttySL26': device_add
[    2.576929] PM: Adding info for No Bus:ttySL26
[    2.577413] device: 'ttySL27': device_add
[    2.578114] PM: Adding info for No Bus:ttySL27
[    2.578611] device: 'ttySL28': device_add
[    2.579163] PM: Adding info for No Bus:ttySL28
[    2.579789] device: 'ttySL29': device_add
[    2.580578] PM: Adding info for No Bus:ttySL29
[    2.580996] device: 'ttySL30': device_add
[    2.581568] PM: Adding info for No Bus:ttySL30
[    2.582039] device: 'ttySL31': device_add
[    2.582821] PM: Adding info for No Bus:ttySL31
[    2.583400] device: 'ttySL32': device_add
[    2.583968] PM: Adding info for No Bus:ttySL32
[    2.584524] device: 'ttySL33': device_add
[    2.585225] PM: Adding info for No Bus:ttySL33
[    2.585647] device: 'ttySL34': device_add
[    2.586200] PM: Adding info for No Bus:ttySL34
[    2.586890] device: 'ttySL35': device_add
[    2.587607] PM: Adding info for No Bus:ttySL35
[    2.588024] device: 'ttySL36': device_add
[    2.588678] PM: Adding info for No Bus:ttySL36
[    2.589150] device: 'ttySL37': device_add
[    2.589858] PM: Adding info for No Bus:ttySL37
[    2.590531] device: 'ttySL38': device_add
[    2.591106] PM: Adding info for No Bus:ttySL38
[    2.591592] device: 'ttySL39': device_add
[    2.592372] PM: Adding info for No Bus:ttySL39
[    2.592796] device: 'ttySL40': device_add
[    2.593358] PM: Adding info for No Bus:ttySL40
[    2.593975] device: 'ttySL41': device_add
[    2.594773] PM: Adding info for No Bus:ttySL41
[    2.595189] device: 'ttySL42': device_add
[    2.595761] PM: Adding info for No Bus:ttySL42
[    2.596233] device: 'ttySL43': device_add
[    2.597023] PM: Adding info for No Bus:ttySL43
[    2.597600] device: 'ttySL44': device_add
[    2.598173] PM: Adding info for No Bus:ttySL44
[    2.598728] device: 'ttySL45': device_add
[    2.599439] PM: Adding info for No Bus:ttySL45
[    2.599860] device: 'ttySL46': device_add
[    2.600517] PM: Adding info for No Bus:ttySL46
[    2.601145] device: 'ttySL47': device_add
[    2.601869] PM: Adding info for No Bus:ttySL47
[    2.602367] device: 'ttySL48': device_add
[    2.602936] PM: Adding info for No Bus:ttySL48
[    2.603412] device: 'ttySL49': device_add
[    2.604115] PM: Adding info for No Bus:ttySL49
[    2.604766] device: 'ttySL50': device_add
[    2.605345] PM: Adding info for No Bus:ttySL50
[    2.605824] device: 'ttySL51': device_add
[    2.606602] PM: Adding info for No Bus:ttySL51
[    2.607022] device: 'ttySL52': device_add
[    2.607585] PM: Adding info for No Bus:ttySL52
[    2.608201] device: 'ttySL53': device_add
[    2.608995] PM: Adding info for No Bus:ttySL53
[    2.609418] device: 'ttySL54': device_add
[    2.609989] PM: Adding info for No Bus:ttySL54
[    2.610556] device: 'ttySL55': device_add
[    2.611259] PM: Adding info for No Bus:ttySL55
[    2.611832] device: 'ttySL56': device_add
[    2.612492] PM: Adding info for No Bus:ttySL56
[    2.612968] device: 'ttySL57': device_add
[    2.613682] PM: Adding info for No Bus:ttySL57
[    2.614103] device: 'ttySL58': device_add
[    2.614743] PM: Adding info for No Bus:ttySL58
[    2.615365] device: 'ttySL59': device_add
[    2.616081] PM: Adding info for No Bus:ttySL59
[    2.616585] device: 'ttySL60': device_add
[    2.617155] PM: Adding info for No Bus:ttySL60
[    2.617629] device: 'ttySL61': device_add
[    2.618417] PM: Adding info for No Bus:ttySL61
[    2.618986] device: 'ttySL62': device_add
[    2.619570] PM: Adding info for No Bus:ttySL62
[    2.620066] device: 'ttySL63': device_add
[    2.620849] PM: Adding info for No Bus:ttySL63
[    2.621271] device: 'ttySL64': device_add
[    2.621829] PM: Adding info for No Bus:ttySL64
[    2.622526] device: 'ttySL65': device_add
[    2.623242] PM: Adding info for No Bus:ttySL65
[    2.623663] device: 'ttySL66': device_add
[    2.624233] PM: Adding info for No Bus:ttySL66
[    2.624785] device: 'ttySL67': device_add
[    2.625495] PM: Adding info for No Bus:ttySL67
[    2.626065] device: 'ttySL68': device_add
[    2.626727] PM: Adding info for No Bus:ttySL68
[    2.627205] device: 'ttySL69': device_add
[    2.627915] PM: Adding info for No Bus:ttySL69
[    2.628412] device: 'ttySL70': device_add
[    2.628973] PM: Adding info for No Bus:ttySL70
[    2.629595] device: 'ttySL71': device_add
[    2.630403] PM: Adding info for No Bus:ttySL71
[    2.630818] device: 'ttySL72': device_add
[    2.631393] PM: Adding info for No Bus:ttySL72
[    2.631862] device: 'ttySL73': device_add
[    2.632640] PM: Adding info for No Bus:ttySL73
[    2.633214] device: 'ttySL74': device_add
[    2.633799] PM: Adding info for No Bus:ttySL74
[    2.634349] device: 'ttySL75': device_add
[    2.635065] PM: Adding info for No Bus:ttySL75
[    2.635488] device: 'ttySL76': device_add
[    2.636047] PM: Adding info for No Bus:ttySL76
[    2.636749] device: 'ttySL77': device_add
[    2.637474] PM: Adding info for No Bus:ttySL77
[    2.637893] device: 'ttySL78': device_add
[    2.638544] PM: Adding info for No Bus:ttySL78
[    2.639016] device: 'ttySL79': device_add
[    2.639732] PM: Adding info for No Bus:ttySL79
[    2.640395] device: 'ttySL80': device_add
[    2.640977] PM: Adding info for No Bus:ttySL80
[    2.641461] device: 'ttySL81': device_add
[    2.642167] PM: Adding info for No Bus:ttySL81
[    2.642666] device: 'ttySL82': device_add
[    2.643228] PM: Adding info for No Bus:ttySL82
[    2.643859] device: 'ttySL83': device_add
[    2.644651] PM: Adding info for No Bus:ttySL83
[    2.645071] device: 'ttySL84': device_add
[    2.645654] PM: Adding info for No Bus:ttySL84
[    2.646125] device: 'ttySL85': device_add
[    2.646913] PM: Adding info for No Bus:ttySL85
[    2.647489] device: 'ttySL86': device_add
[    2.648067] PM: Adding info for No Bus:ttySL86
[    2.648628] device: 'ttySL87': device_add
[    2.649340] PM: Adding info for No Bus:ttySL87
[    2.649757] device: 'ttySL88': device_add
[    2.650418] PM: Adding info for No Bus:ttySL88
[    2.651038] device: 'ttySL89': device_add
[    2.651763] PM: Adding info for No Bus:ttySL89
[    2.652181] device: 'ttySL90': device_add
[    2.652837] PM: Adding info for No Bus:ttySL90
[    2.653309] device: 'ttySL91': device_add
[    2.654013] PM: Adding info for No Bus:ttySL91
[    2.654666] device: 'ttySL92': device_add
[    2.655248] PM: Adding info for No Bus:ttySL92
[    2.655733] device: 'ttySL93': device_add
[    2.656512] PM: Adding info for No Bus:ttySL93
[    2.656926] device: 'ttySL94': device_add
[    2.657493] PM: Adding info for No Bus:ttySL94
[    2.658111] device: 'ttySL95': device_add
[    2.658908] PM: Adding info for No Bus:ttySL95
[    2.659327] device: 'ttySL96': device_add
[    2.659901] PM: Adding info for No Bus:ttySL96
[    2.660472] device: 'ttySL97': device_add
[    2.661185] PM: Adding info for No Bus:ttySL97
[    2.661761] device: 'ttySL98': device_add
[    2.662439] PM: Adding info for No Bus:ttySL98
[    2.663062] device: 'ttySL99': device_add
[    2.663796] PM: Adding info for No Bus:ttySL99
[    2.664214] device: 'ttySL100': device_add
[    2.664894] PM: Adding info for No Bus:ttySL100
[    2.665380] device: 'ttySL101': device_add
[    2.666093] PM: Adding info for No Bus:ttySL101
[    2.666741] device: 'ttySL102': device_add
[    2.667345] PM: Adding info for No Bus:ttySL102
[    2.667834] device: 'ttySL103': device_add
[    2.668623] PM: Adding info for No Bus:ttySL103
[    2.669050] device: 'ttySL104': device_add
[    2.669629] PM: Adding info for No Bus:ttySL104
[    2.670352] device: 'ttySL105': device_add
[    2.671085] PM: Adding info for No Bus:ttySL105
[    2.671516] device: 'ttySL106': device_add
[    2.672101] PM: Adding info for No Bus:ttySL106
[    2.672657] device: 'ttySL107': device_add
[    2.673378] PM: Adding info for No Bus:ttySL107
[    2.673958] device: 'ttySL108': device_add
[    2.674631] PM: Adding info for No Bus:ttySL108
[    2.675119] device: 'ttySL109': device_add
[    2.675840] PM: Adding info for No Bus:ttySL109
[    2.676338] device: 'ttySL110': device_add
[    2.676920] PM: Adding info for No Bus:ttySL110
[    2.677552] device: 'ttySL111': device_add
[    2.678356] PM: Adding info for No Bus:ttySL111
[    2.678785] device: 'ttySL112': device_add
[    2.679378] PM: Adding info for No Bus:ttySL112
[    2.679859] device: 'ttySL113': device_add
[    2.680675] PM: Adding info for No Bus:ttySL113
[    2.681257] device: 'ttySL114': device_add
[    2.681851] PM: Adding info for No Bus:ttySL114
[    2.682427] device: 'ttySL115': device_add
[    2.683145] PM: Adding info for No Bus:ttySL115
[    2.683582] device: 'ttySL116': device_add
[    2.684159] PM: Adding info for No Bus:ttySL116
[    2.684869] device: 'ttySL117': device_add
[    2.685603] PM: Adding info for No Bus:ttySL117
[    2.686030] device: 'ttySL118': device_add
[    2.686708] PM: Adding info for No Bus:ttySL118
[    2.687187] device: 'ttySL119': device_add
[    2.687909] PM: Adding info for No Bus:ttySL119
[    2.688579] device: 'ttySL120': device_add
[    2.689171] PM: Adding info for No Bus:ttySL120
[    2.689661] device: 'ttySL121': device_add
[    2.690477] PM: Adding info for No Bus:ttySL121
[    2.690902] device: 'ttySL122': device_add
[    2.691481] PM: Adding info for No Bus:ttySL122
[    2.692111] device: 'ttySL123': device_add
[    2.692929] PM: Adding info for No Bus:ttySL123
[    2.693364] device: 'ttySL124': device_add
[    2.693956] PM: Adding info for No Bus:ttySL124
[    2.694520] device: 'ttySL125': device_add
[    2.695234] PM: Adding info for No Bus:ttySL125
[    2.695821] device: 'ttySL126': device_add
[    2.696495] PM: Adding info for No Bus:ttySL126
[    2.696983] device: 'ttySL127': device_add
[    2.697708] PM: Adding info for No Bus:ttySL127
[    2.698128] SyncLink serial driver $Revision: 4.38 $, tty major#248
[    2.698801] device: 'ttyprintk': device_add
[    2.699392] PM: Adding info for No Bus:ttyprintk
[    2.699875] device class 'virtio-ports': registering
[    2.700943] bus: 'virtio': add driver virtio_console
[    2.701418] Applicom driver: $Id: ac.c,v 1.30 2000/03/22 16:03:57 dwmw2 Exp $
[    2.702056] ac.o: No PCI boards found.
[    2.702476] ac.o: For an ISA board you must supply memory and irq parameters.
[    2.703116] device: 'hpet': device_add
[    2.703697] PM: Adding info for No Bus:hpet
[    2.704149] bus: 'acpi': add driver hpet
[    2.704612] bus: 'acpi': driver_probe_device: matched device PNP0103:00 with driver hpet
[    2.705328] bus: 'acpi': really_probe: probing driver hpet with device PNP0103:00
[    2.706109] hpet: probe of PNP0103:00 rejects match -19
[    2.706727] device: 'nvram': device_add
[    2.707431] PM: Adding info for No Bus:nvram
[    2.707841] Non-volatile memory driver v1.3
[    2.708232] bus: 'virtio': add driver virtio_rng
[    2.708905] Linux agpgart interface v0.103
[    2.709287] bus: 'pci': add driver agpgart-sis
[    2.709715] Hangcheck: starting hangcheck timer 0.9.1 (tick is 180 seconds, margin is 60 seconds).
[    2.710596] Hangcheck: Using getrawmonotonic().
[    2.711013] bus: 'pnp': add driver tpm_tis
[    2.711580] bus: 'platform': add driver tpm_atmel
[    2.712083] bus: 'platform': remove driver tpm_atmel
[    2.712615] driver: 'tpm_atmel': driver_release
[    2.713019] bus: 'pnp': add driver tpm_inf_pnp
[    2.713811] device: 'loop-control': device_add
[    2.714338] PM: Adding info for No Bus:loop-control
[    2.715356] device: '7:0': device_add
[    2.715802] PM: Adding info for No Bus:7:0
[    2.715906] bus: 'platform': add driver floppy
[    2.716068] Floppy drive(s): fd0 is 1.44M
[    2.717247] device: 'loop0': device_add
[    2.717869] PM: Adding info for No Bus:loop0
[    2.718897] device: '7:1': device_add
[    2.719433] PM: Adding info for No Bus:7:1
[    2.720227] device: 'loop1': device_add
[    2.721192] PM: Adding info for No Bus:loop1
[    2.722359] device: '7:2': device_add
[    2.722723] PM: Adding info for No Bus:7:2
[    2.723428] device: 'loop2': device_add
[    2.724018] PM: Adding info for No Bus:loop2
[    2.725165] device: '7:3': device_add
[    2.725693] PM: Adding info for No Bus:7:3
[    2.726543] device: 'loop3': device_add
[    2.727439] PM: Adding info for No Bus:loop3
[    2.728459] device: '7:4': device_add
[    2.728993] PM: Adding info for No Bus:7:4
[    2.729715] device: 'loop4': device_add
[    2.730379] PM: Adding info for No Bus:loop4
[    2.731164] FDC 0 is a S82078B
[    2.731512] device: '7:5': device_add
[    2.731995] PM: Adding info for No Bus:7:5
[    2.732047] Registering platform device 'floppy.0'. Parent at platform
[    2.732052] device: 'floppy.0': device_add
[    2.732066] bus: 'platform': add device floppy.0
[    2.732279] PM: Adding info for platform:floppy.0
[    2.732363] bus: 'platform': driver_probe_device: matched device floppy.0 with driver floppy
[    2.732364] bus: 'platform': really_probe: probing driver floppy with device floppy.0
[    2.732374] driver: 'floppy.0': driver_bound: bound to device 'floppy'
[    2.732377] bus: 'platform': really_probe: bound device floppy.0 to driver floppy
[    2.732564] device: '2:0': device_add
[    2.732599] PM: Adding info for No Bus:2:0
[    2.733019] device: 'fd0': device_add
[    2.738464] device: 'loop5': device_add
[    2.739602] PM: Adding info for No Bus:loop5
[    2.739605] PM: Adding info for No Bus:fd0
[    2.741191] device: '7:6': device_add
[    2.741560] PM: Adding info for No Bus:7:6
[    2.742390] device: 'loop6': device_add
[    2.743323] PM: Adding info for No Bus:loop6
[    2.744521] device: '7:7': device_add
[    2.745052] PM: Adding info for No Bus:7:7
[    2.745778] device: 'loop7': device_add
[    2.746456] PM: Adding info for No Bus:loop7
[    2.747125] loop: module loaded
[    2.747422] Compaq SMART2 Driver (v 2.6.0)
[    2.747790] bus: 'pci': add driver cpqarray
[    2.748519] bus: 'pci': remove driver cpqarray
[    2.748976] driver: 'cpqarray': driver_release
[    2.749417] device class 'pktcdvd': registering
[    2.750644] device: 'pktcdvd': device_add
[    2.751413] PM: Adding info for No Bus:pktcdvd
[    2.751827] device class 'osdblk': registering
[    2.752672] bus: 'virtio': add driver virtio_blk
[    2.753097] bus: 'virtio': driver_probe_device: matched device virtio0 with driver virtio_blk
[    2.753850] bus: 'virtio': really_probe: probing driver virtio_blk with device virtio0
[    2.754891] virtio-pci 0000:00:05.0: irq 40 for MSI/MSI-X
[    2.755419] virtio-pci 0000:00:05.0: irq 41 for MSI/MSI-X
[    2.769656] device: '252:0': device_add
[    2.770054] PM: Adding info for No Bus:252:0
[    2.770500] device: 'vda': device_add
[    2.771537] PM: Adding info for No Bus:vda
[    2.772864]  vda: unknown partition table
[    2.774037] driver: 'virtio0': driver_bound: bound to device 'virtio_blk'
[    2.774654] bus: 'virtio': really_probe: bound device virtio0 to driver virtio_blk
[    2.775404] bus: 'virtio': driver_probe_device: matched device virtio1 with driver virtio_blk
[    2.776157] bus: 'virtio': really_probe: probing driver virtio_blk with device virtio1
[    2.777411] virtio-pci 0000:00:06.0: irq 42 for MSI/MSI-X
[    2.777934] virtio-pci 0000:00:06.0: irq 43 for MSI/MSI-X
[    2.792211] device: '252:16': device_add
[    2.792908] PM: Adding info for No Bus:252:16
[    2.793345] device: 'vdb': device_add
[    2.794344] PM: Adding info for No Bus:vdb
