Return-Path: <owner-linux-mm@kvack.org>
Received: from mail-wm0-f70.google.com (mail-wm0-f70.google.com [74.125.82.70])
	by kanga.kvack.org (Postfix) with ESMTP id C30F96B025E
	for <linux-mm@kvack.org>; Tue, 27 Dec 2016 06:48:44 -0500 (EST)
Received: by mail-wm0-f70.google.com with SMTP id l2so28138572wml.5
        for <linux-mm@kvack.org>; Tue, 27 Dec 2016 03:48:44 -0800 (PST)
Received: from tschil.ethgen.ch (tschil.ethgen.ch. [5.9.7.51])
        by mx.google.com with ESMTPS id m76si45949487wmi.48.2016.12.27.03.48.38
        for <linux-mm@kvack.org>
        (version=TLS1_2 cipher=ECDHE-RSA-AES128-GCM-SHA256 bits=128/128);
        Tue, 27 Dec 2016 03:48:38 -0800 (PST)
Date: Tue, 27 Dec 2016 12:48:24 +0100
From: Klaus Ethgen <Klaus+lkml@ethgen.de>
Subject: Re: Bug 4.9 and memorymanagement
Message-ID: <20161227114821.j3dl3r7segov6tb3@ikki.ethgen.ch>
MIME-Version: 1.0
Content-Type: multipart/signed; micalg=pgp-sha512;
	protocol="application/pgp-signature"; boundary="4jbyw4ckxstwdxmh"
Content-Disposition: inline
In-Reply-To: <20161226110053.GA16042@dhcp22.suse.cz>
 <66baf7dd-c5e3-e11c-092f-3a642c306e63@I-love.SAKURA.ne.jp>
Sender: owner-linux-mm@kvack.org
List-ID: <linux-mm.kvack.org>
To: Tetsuo Handa <penguin-kernel@I-love.SAKURA.ne.jp>, Michal Hocko <mhocko@kernel.org>
Cc: linux-kernel@vger.kernel.org, linux-mm@kvack.org


--4jbyw4ckxstwdxmh
Content-Type: multipart/mixed; boundary="rlbqxeuxbnebjaro"
Content-Disposition: inline


--rlbqxeuxbnebjaro
Content-Type: text/plain; charset=iso-8859-1
Content-Disposition: inline
Content-Transfer-Encoding: quoted-printable

Hello,

Am Mo den 26. Dez 2016 um 11:38 schrieb Tetsuo Handa:
> linux-mm@kvack.org would be a better place to report.

Thanks, didn't know about that list.

Hope, it is ok to group reply?

Am Mo den 26. Dez 2016 um 12:00 schrieb Michal Hocko:
> > The last days I compiled version 4.9 for my i386 laptop. (Lenovo x61s)
>
> Do you have memory cgroups enabled in runtime (aka does the same happen
> with cgroup_disable=3Dmemory)?

Well, I have ulatencyd running and the support in the kernel, so yes.

> > What I was able to see is that it went to swap even if there is plenty
> > of memory left. The OOMs was also with many memory left.
>
> Could you paste those OOM reports from the kernel log?

Sure, see below in appendix.

By the way, I find the following two messages often. Maybe they are
unrelated, maybe not.
   [31633.189121] Purging GPU memory, 144 pages freed, 5692 pages still pin=
ned.
   [31638.530025] Unable to lock GPU to purge memory.

often the are seen after an OOM (maybe due to X killed).

> > I went back to 4.8.15 now with the same config from 4.9 and everything
> > gets back to normal.
> >
> > So it seems for me that there are some really strange memory leaks in
> > 4.9. The biggest problem is, that I do not know how to reproduce it
> > reliable. The only what I know is that it happened after several
> > suspends. (Not necessarily the first.)
> >
> > Am I the only one seeing that behavior or do anybody have an idea what
> > could went wrong?
>
> no there were some reports recently and 32b with memory cgroups are
> broken since 4.8 when the zone LRU's were moved to nodes.

Ah, nice, that matches with my findings that also 4.8.15 was broken but
not that wrong.

Finally I went back to 4.7.9 to start again with further tests.

In the end, I was able to have a 4.9 kernel that is stable so far. I did
it with reusing my 4.7.9 config and did a "make olddefconfig". (For the
broken one I did "make menuconfig" and read about the new parameters
before enabling them. Especially I was interested in hardening options
like CONFIG_SLAB_FREELIST_RANDOM and CONFIG_HARDENED_USERCOPY.)

Gru=DF
   Klaus

Appendix:
OOMs:
   [28756.498366] Xorg invoked oom-killer: gfp_mask=3D0x24200d4(GFP_USER|GF=
P_DMA32|__GFP_RECLAIMABLE), nodemask=3D0, order=3D0, oom_score_adj=3D0
   [28756.498373] Xorg cpuset=3D/ mems_allowed=3D0
   [28756.498382] CPU: 1 PID: 2746 Comm: Xorg Tainted: G     U     O    4.9=
=2E0 #1
   [28756.498385] Hardware name: LENOVO 7669A26/7669A26, BIOS 7NETB3WW (2.1=
3 ) 04/30/2008
   [28756.498388]  f2c25c24 c12b4830 f2c25c24 f09e8000 c113d7e1 f2c25b90 00=
003206 c12b99df
   [28756.498396]  f44bd31c 0001dcce 4e78dcce f09e8000 f09e842c c159e597 f2=
c25c24 c10e9553
   [28756.498403]  00000000 ef7d8840 00000000 0013cfe0 c10e91fb 00000000 00=
000000 0000006a
   [28756.498411] Call Trace:
   [28756.498420]  [<c12b4830>] ? dump_stack+0x44/0x64
   [28756.498426]  [<c113d7e1>] ? dump_header+0x5d/0x1b7
   [28756.498430]  [<c12b99df>] ? ___ratelimit+0x8f/0xf0
   [28756.498434]  [<c10e9553>] ? oom_kill_process+0x203/0x3d0
   [28756.498438]  [<c10e91fb>] ? oom_badness.part.12+0xeb/0x160
   [28756.498441]  [<c10e99de>] ? out_of_memory+0xde/0x290
   [28756.498445]  [<c10ed72c>] ? __alloc_pages_nodemask+0xc3c/0xc50
   [28756.498450]  [<c10fc297>] ? shmem_alloc_and_acct_page+0x137/0x210
   [28756.498455]  [<c10e5675>] ? find_get_entry+0xd5/0x110
   [28756.498459]  [<c10fcbc5>] ? shmem_getpage_gfp+0x165/0xbb0
   [28756.498464]  [<c1094c30>] ? rcu_seq_end+0x40/0x40
   [28756.498500]  [<f8944b0e>] ? i915_gem_shrink+0x23e/0x2d0 [i915]
   [28756.498506]  [<c14c194f>] ? wait_for_completion+0xbf/0xe0
   [28756.498510]  [<c10806e7>] ? __wake_up_locked+0x17/0x20
   [28756.498513]  [<c10fd652>] ? shmem_read_mapping_page_gfp+0x42/0x70
   [28756.498537]  [<f893ca21>] ? i915_gem_object_get_pages_gtt+0x1e1/0x3d0=
 [i915]
   [28756.498561]  [<f893d265>] ? i915_gem_object_get_pages+0x35/0xb0 [i915]
   [28756.498586]  [<f893e1de>] ? i915_gem_object_set_to_gtt_domain+0x2e/0x=
150 [i915]
   [28756.498610]  [<f893ed15>] ? i915_gem_set_domain_ioctl+0xe5/0x120 [i91=
5]
   [28756.498634]  [<f893ec30>] ? i915_gem_obj_prepare_shmem_write+0x180/0x=
180 [i915]
   [28756.498648]  [<f824d666>] ? drm_ioctl+0x1c6/0x400 [drm]
   [28756.498672]  [<f893ec30>] ? i915_gem_obj_prepare_shmem_write+0x180/0x=
180 [i915]
   [28756.498677]  [<c1136a99>] ? get_mem_cgroup_from_mm+0x69/0xd0
   [28756.498680]  [<c12ba26b>] ? __rb_insert_augmented+0x1ab/0x1c0
   [28756.498685]  [<c1112620>] ? vm_get_page_prot+0x10/0x10
   [28756.498688]  [<c1112f00>] ? vma_link+0x60/0xb0
   [28756.498692]  [<c1113d76>] ? vma_set_page_prot+0x26/0x50
   [28756.498696]  [<c11155a1>] ? mmap_region+0x161/0x540
   [28756.498706]  [<f824d4a0>] ? drm_getunique+0x60/0x60 [drm]
   [28756.498711]  [<c115354f>] ? do_vfs_ioctl+0x8f/0x780
   [28756.498715]  [<c10c91de>] ? __audit_syscall_entry+0xae/0x110
   [28756.498719]  [<c10011b3>] ? syscall_trace_enter+0x183/0x200
   [28756.498723]  [<c10c8db1>] ? audit_filter_inodes+0xc1/0x100
   [28756.498727]  [<c10c88b5>] ? audit_filter_syscall+0xa5/0xd0
   [28756.498731]  [<c115d671>] ? __fget+0x61/0xb0
   [28756.498734]  [<c1153c6e>] ? SyS_ioctl+0x2e/0x50
   [28756.498738]  [<c10014e9>] ? do_fast_syscall_32+0x79/0x130
   [28756.498742]  [<c14c4762>] ? sysenter_past_esp+0x47/0x75
   [28756.498744] Mem-Info:
   [28756.498751] active_anon:102497 inactive_anon:58398 isolated_anon:0
   [28756.498751]  active_file:318087 inactive_file:180221 isolated_file:0
   [28756.498751]  unevictable:6936 dirty:1164 writeback:0 unstable:0
   [28756.498751]  slab_reclaimable:48510 slab_unreclaimable:11849
   [28756.498751]  mapped:47698 shmem:8833 pagetables:766 bounce:0
   [28756.498751]  free:41859 free_pcp:451 free_cma:0
   [28756.498761] Node 0 active_anon:409988kB inactive_anon:233592kB active=
_file:1272348kB inactive_file:720884kB unevictable:27744kB isolated(anon):0=
kB isolated(file):0kB mapped:190792kB dirty:4656kB writeback:0kB shmem:0kB =
shmem_thp: 0kB shmem_pmdmapped: 0kB anon_thp: 35332kB writeback_tmp:0kB uns=
table:0kB pages_scanned:4062806 all_unreclaimable? yes
   [28756.498769] DMA free:4116kB min:788kB low:984kB high:1180kB active_an=
on:0kB inactive_anon:0kB active_file:1568kB inactive_file:0kB unevictable:0=
kB writepending:0kB present:15984kB managed:15908kB mlocked:0kB slab_reclai=
mable:9848kB slab_unreclaimable:376kB kernel_stack:0kB pagetables:0kB bounc=
e:0kB free_pcp:0kB local_pcp:0kB free_cma:0kB
   lowmem_reserve[]: 0 833 3008 3008
   [28756.498782] Normal free:42404kB min:42416kB low:53020kB high:63624kB =
active_anon:1316kB inactive_anon:20540kB active_file:548376kB inactive_file=
:60kB unevictable:0kB writepending:260kB present:892920kB managed:854328kB =
mlocked:0kB slab_reclaimable:184192kB slab_unreclaimable:47020kB kernel_sta=
ck:2728kB pagetables:0kB bounce:0kB free_pcp:936kB local_pcp:216kB free_cma=
:0kB
   lowmem_reserve[]: 0 0 17397 17397
   [28756.498795] HighMem free:120916kB min:512kB low:28168kB high:55824kB =
active_anon:408672kB inactive_anon:213052kB active_file:722404kB inactive_f=
ile:720724kB unevictable:27744kB writepending:4396kB present:2226888kB mana=
ged:2226888kB mlocked:27744kB slab_reclaimable:0kB slab_unreclaimable:0kB k=
ernel_stack:0kB pagetables:3064kB bounce:0kB free_pcp:868kB local_pcp:220kB=
 free_cma:0kB
   lowmem_reserve[]: 0 0 0 0
   [28756.498803] DMA: 1*4kB (U) 2*8kB (UE) 0*16kB 0*32kB 0*64kB 4*128kB (U=
E) 4*256kB (E) 3*512kB (UE) 1*1024kB (U) 0*2048kB 0*4096kB =3D 4116kB
   Normal: 531*4kB (UME) 467*8kB (UME) 262*16kB (UME) 367*32kB (UME) 152*64=
kB (UME) 71*128kB (UM) 3*256kB (E) 2*512kB (E) 0*1024kB 0*2048kB 0*4096kB =
=3D 42404kB
   HighMem: 27*4kB (U) 27*8kB (U) 5*16kB (U) 2*32kB (U) 14*64kB (UM) 6*128k=
B (UM) 6*256kB (UM) 3*512kB (UM) 1*1024kB (U) 14*2048kB (UM) 21*4096kB (M) =
=3D 120916kB
   509526 total pagecache pages
   [28756.498863] 184 pages in swap cache
   [28756.498866] Swap cache stats: add 541, delete 357, find 0/0
   [28756.498868] Free swap  =3D 2094312kB
   [28756.498870] Total swap =3D 2096476kB
   [28756.498872] 783948 pages RAM
   [28756.498874] 556722 pages HighMem/MovableOnly
   [28756.498875] 9667 pages reserved
   [28756.498877] [ pid ]   uid  tgid total_vm      rss nr_ptes nr_pmds swa=
pents oom_score_adj name
   [28756.498883] [  216]     0   216     2929      818       5       0    =
    0         -1000 udevd
   [28756.498888] [ 1669]     0  1669     1232       45       5       0    =
    0             0 acpi_fakekeyd
   [28756.498893] [ 1685]     0  1685     3233      523       5       0    =
    0         -1000 auditd
   [28756.498897] [ 2024]     0  2024     5349      343       7       0    =
    0             0 lxcfs
   [28756.498901] [ 2053]     0  2053      558       18       4       0    =
    0             0 thinkfan
   [28756.498905] [ 2054]     0  2054      559      196       4       0    =
    0             0 startpar
   [28756.498908] [ 2056]     0  2056     7910      609       6       0    =
    0             0 rsyslogd
   [28756.498912] [ 2060]     0  2060     5413      142       6       0    =
    0             0 lvmetad
   [28756.498916] [ 2101]     0  2101      601       23       3       0    =
    0             0 uuidd
   [28756.498920] [ 2198]     0  2198      595      434       4       0    =
    0             0 acpid
   [28756.498924] [ 2281]     0  2281     2003     1047       5       0    =
    0             0 haveged
   [28756.498928] [ 2294]     8  2294     1058      633       4       0    =
    0             0 nullmailer-send
   [28756.498931] [ 2307]   103  2307     1108      658       4       0    =
    0             0 dbus-daemon
   [28756.498935] [ 2354]     0  2354     7111      502       7       0    =
    0             0 pcscd
   [28756.498939] [ 2459]     0  2459     1451      973       5       0    =
    0             0 bluetoothd
   [28756.498943] [ 2488]   124  2488      824      594       4       0    =
    0             0 ulogd
   [28756.498947] [ 2545]     0  2545     2129      726       4       0    =
    0         -1000 sshd
   [28756.498951] [ 2566]     0  2566     1460      580       6       0    =
    0             0 smartd
   [28756.498954] [ 2572]   110  2572     5360     2818       8       0    =
    0             0 unbound
   [28756.498958] [ 2626]     0  2626     8222     3671       9       0    =
    0             0 wicd
   [28756.498962] [ 2675]     0  2675     1406      608       5       0    =
    0             0 cron
   [28756.498965] [ 2703]   121  2703     9921      741       8       0    =
    0             0 privoxy
   [28756.498969] [ 2729]     0  2729     1511      571       5       0    =
    0             0 wdm
   [28756.498973] [ 2736]     0  2736     1511      603       5       0    =
    0             0 wdm
   [28756.498977] [ 2746]     0  2746    26486    12809      26       0    =
    0             0 Xorg
   [28756.498981] [ 2761]     0  2761     4975     3281       8       0    =
    0             0 wicd-monitor
   [28756.498985] [ 2827]     0  2827      553      132       4       0    =
    0             0 mingetty
   [28756.498988] [ 2833]     0  2833     1698     1013       5       0    =
    0             0 wdm
   [28756.498992] [ 2849] 10230  2849    13596     3301      11       0    =
    0             0 fvwm2
   [28756.498996] [ 2903] 10230  2903     1136      605       6       0    =
    0             0 dbus-launch
   [28756.498999] [ 2904] 10230  2904     1075      604       5       0    =
    0             0 dbus-daemon
   [28756.503469] [ 2921] 10230  2921     8450      409       8       0    =
    0             0 gpg-agent
   [28756.503477] [ 2925] 10230  2925     3957      730       5       0    =
    0             0 tpb
   [28756.503482] [ 2937] 10230  2937     2099     1271       6       0    =
    0             0 xscreensaver
   [28756.503487] [ 2939] 10230  2939     2937      633       7       0    =
    0             0 redshift
   [28756.503492] [ 2949] 10230  2949     1284      620       4       0    =
    0             0 autocutsel
   [28756.503496] [ 2956] 10230  2956    10940     5171      12       0    =
    0             0 gkrellm
   [28756.503501] [ 2957] 10230  2957    52699    18548      39       0    =
    0             0 psi-plus
   [28756.503506] [ 2958] 10230  2958    10774     7323      15       0    =
    0             0 wicd-client
   [28756.503510] [ 2980] 10230  2980     1047      301       5       0    =
    0             0 FvwmCommandS
   [28756.503515] [ 2981] 10230  2981     1528      451       5       0    =
    0             0 FvwmEvent
   [28756.503520] [ 2982] 10230  2982    12182     2117      10       0    =
    0             0 FvwmAnimate
   [28756.503524] [ 2983] 10230  2983    12808     2430      11       0    =
    0             0 FvwmButtons
   [28756.503529] [ 2984] 10230  2984    13311     2697      12       0    =
    0             0 FvwmProxy
   [28756.503533] [ 2985] 10230  2985     1507      406       5       0    =
    0             0 FvwmAuto
   [28756.503538] [ 2986] 10230  2986    12803     2412      11       0    =
    0             0 FvwmPager
   [28756.503542] [ 2987] 10230  2987      581      145       3       0    =
    0             0 sh
   [28756.503547] [ 2988] 10230  2988     1030      703       4       0    =
    0             0 stalonetray
   [28756.503551] [ 3293] 10230  3293     2717     1591       6       0    =
    0             0 xterm
   [28756.503555] [ 3296] 10230  3296     2091     1417       5       0    =
    0             0 zsh
   [28756.503560] [ 3528] 10230  3528     3043     1864       7       0    =
    0             0 xterm
   [28756.503564] [ 3530] 10230  3530     2495     1325       6       0    =
    0             0 ssh
   [28756.503569] [ 3537]     0  3537     2866     1412       6       0    =
    0             0 sshd
   [28756.503573] [ 3541] 10230  3541     8278      817       8       0    =
    0             0 scdaemon
   [28756.503578] [ 3552] 10230  3552     2495      632       6       0    =
    0             0 ssh
   [28756.503582] [ 3555]     0  3555     2498     1837       7       0    =
    0             0 zsh
   [28756.503590] [ 4218] 10230  4218     2817     1648       6       0    =
    0             0 xterm
   [28756.503595] [ 4221] 10230  4221     2331     1647       5       0    =
    0             0 zsh
   [28756.503599] [15515] 10230 15515   291002   138194     253       0    =
    0             0 firefox.real
   [28756.503603] [16352] 10230 16352     2808     1618       6       0    =
    0             0 xterm
   [28756.503608] [16355] 10230 16355     2061     1370       6       0    =
    0             0 zsh
   [28756.503614] [30422]     0 30422      626      469       4       0    =
    0             0 anacron
   [28756.503618] [31403]     0 31403      581      143       4       0    =
    0             0 sh
   [28756.503623] [31404]     0 31404      554      379       4       0    =
    0             0 run-parts
   [28756.503627] [31551] 10230 31551    15591     9353      18       0    =
    0             0 vim
   [28756.503631] [  578] 10230   578    12479     5848      15       0    =
    0             0 vim
   [28756.503637] [ 7020]     0  7020      557      134       4       0    =
    0             0 sleep
   [28756.503643] [ 7316]     0  7316      581      391       4       0    =
    0             0 battery-stats-c
   [28756.503647] [ 7328]     0  7328      557      142       4       0    =
    0             0 sleep
   [28756.503652] [ 7425]     0  7425     7386     6886      11       0    =
    0         -1000 ulatencyd
   [28756.503656] [ 7459]     0  7459      891      668       4       0    =
    0             0 mlocate
   [28756.503661] [ 7465]     0  7465      595      159       4       0    =
    0             0 flock
   [28756.503665] [ 7466]     0  7466      604      447       4       0    =
    0             0 updatedb.mlocat
   [28756.503683] Out of memory: Kill process 15515 (firefox.real) score 10=
6 or sacrifice child
   [28756.503766] Killed process 15515 (firefox.real) total-vm:1164008kB, a=
non-rss:447680kB, file-rss:97228kB, shmem-rss:7868kB

   [28757.732436] updatedb.mlocat invoked oom-killer: gfp_mask=3D0x2400840(=
GFP_NOFS|__GFP_NOFAIL), nodemask=3D0, order=3D0, oom_score_adj=3D0
   [28757.732442] updatedb.mlocat cpuset=3D/ mems_allowed=3D0
   [28757.732450] CPU: 1 PID: 7466 Comm: updatedb.mlocat Tainted: G     U  =
   O    4.9.0 #1
   [28757.732453] Hardware name: LENOVO 7669A26/7669A26, BIOS 7NETB3WW (2.1=
3 ) 04/30/2008
   [28757.732456]  c3c85b54 c12b4830 c3c85b54 f36e2940 c113d7e1 c3c85ac0 00=
000206 c12b99df
   [28757.732464]  f44bd31c 0101ab10 ee8bab10 f36e2940 f36e2d6c c159e597 c3=
c85b54 c10e9553
   [28757.732472]  00000000 ef7d8840 00000000 0013cfe0 c10e91fb 00000000 00=
000000 0000000e
   [28757.732479] Call Trace:
   [28757.732488]  [<c12b4830>] ? dump_stack+0x44/0x64
   [28757.732493]  [<c113d7e1>] ? dump_header+0x5d/0x1b7
   [28757.732498]  [<c12b99df>] ? ___ratelimit+0x8f/0xf0
   [28757.732502]  [<c10e9553>] ? oom_kill_process+0x203/0x3d0
   [28757.732506]  [<c10e91fb>] ? oom_badness.part.12+0xeb/0x160
   [28757.732509]  [<c10e99de>] ? out_of_memory+0xde/0x290
   [28757.732513]  [<c10ed690>] ? __alloc_pages_nodemask+0xba0/0xc50
   [28757.732518]  [<c10e5a2a>] ? pagecache_get_page+0xaa/0x250
   [28757.732523]  [<c1202563>] ? __alloc_extent_buffer+0x93/0xd0
   [28757.732527]  [<c120a3ff>] ? alloc_extent_buffer+0x13f/0x450
   [28757.732532]  [<c11d6052>] ? read_tree_block+0x12/0x50
   [28757.732536]  [<c11af405>] ? btrfs_release_path+0x15/0x80
   [28757.732539]  [<c11b21fb>] ? read_block_for_search.isra.32+0x14b/0x380
   [28757.732544]  [<c1226a02>] ? btrfs_tree_read_lock+0x32/0x100
   [28757.732548]  [<c11b40c1>] ? btrfs_search_slot+0x341/0x950
   [28757.732553]  [<c11d339d>] ? btrfs_lookup_inode+0x3d/0xc0
   [28757.732557]  [<c112c21f>] ? kmem_cache_alloc+0xaf/0x100
   [28757.732561]  [<c11ee217>] ? btrfs_iget+0x107/0x7d0
   [28757.732565]  [<c11cf9e9>] ? btrfs_match_dir_item_name+0xe9/0x110
   [28757.732570]  [<c11ef22f>] ? btrfs_lookup_dentry+0x47f/0x5d0
   [28757.732574]  [<c11ef388>] ? btrfs_lookup+0x8/0x40
   [28757.732578]  [<c114bade>] ? lookup_slow+0x7e/0x140
   [28757.732581]  [<c114cf94>] ? walk_component+0x1d4/0x300
   [28757.732584]  [<c114ac1a>] ? path_init+0x16a/0x360
   [28757.732588]  [<c114d641>] ? path_lookupat+0x51/0x100
   [28757.732591]  [<c114f9bc>] ? filename_lookup+0x8c/0x170
   [28757.732595]  [<c12bff28>] ? lockref_get+0x8/0x20
   [28757.732599]  [<c10c9567>] ? __audit_getname+0x77/0x90
   [28757.732603]  [<c114f69c>] ? getname_flags+0x8c/0x190
   [28757.732607]  [<c1145788>] ? vfs_fstatat+0x68/0xc0
   [28757.732610]  [<c11460c8>] ? SyS_lstat64+0x28/0x50
   [28757.732614]  [<c10c8db1>] ? audit_filter_inodes+0xc1/0x100
   [28757.732618]  [<c10c88b5>] ? audit_filter_syscall+0xa5/0xd0
   [28757.732621]  [<c10c9416>] ? __audit_syscall_exit+0x1d6/0x260
   [28757.732625]  [<c10014e9>] ? do_fast_syscall_32+0x79/0x130
   [28757.732630]  [<c14c4762>] ? sysenter_past_esp+0x47/0x75
   [28757.732632] Mem-Info:
   [28757.732638] active_anon:31030 inactive_anon:15460 isolated_anon:0
   [28757.732638]  active_file:320172 inactive_file:178465 isolated_file:0
   [28757.732638]  unevictable:6936 dirty:0 writeback:1 unstable:0
   [28757.732638]  slab_reclaimable:48471 slab_unreclaimable:11834
   [28757.732638]  mapped:25791 shmem:6838 pagetables:512 bounce:0
   [28757.732638]  free:156631 free_pcp:126 free_cma:0
   [28757.732649] Node 0 active_anon:124120kB inactive_anon:61840kB active_=
file:1280688kB inactive_file:713860kB unevictable:27744kB isolated(anon):0k=
B isolated(file):0kB mapped:103164kB dirty:0kB writeback:4kB shmem:0kB shme=
m_thp: 0kB shmem_pmdmapped: 0kB anon_thp: 27352kB writeback_tmp:0kB unstabl=
e:0kB pages_scanned:3674354 all_unreclaimable? yes
   [28757.732656] DMA free:4116kB min:788kB low:984kB high:1180kB active_an=
on:0kB inactive_anon:0kB active_file:1568kB inactive_file:0kB unevictable:0=
kB writepending:0kB present:15984kB managed:15908kB mlocked:0kB slab_reclai=
mable:9848kB slab_unreclaimable:376kB kernel_stack:0kB pagetables:0kB bounc=
e:0kB free_pcp:0kB local_pcp:0kB free_cma:0kB
   lowmem_reserve[]: 0 833 3008 3008
   [28757.732669] Normal free:42324kB min:42416kB low:53020kB high:63624kB =
active_anon:1312kB inactive_anon:20408kB active_file:549628kB inactive_file=
:40kB unevictable:0kB writepending:0kB present:892920kB managed:854328kB ml=
ocked:0kB slab_reclaimable:184036kB slab_unreclaimable:46960kB kernel_stack=
:2384kB pagetables:0kB bounce:0kB free_pcp:408kB local_pcp:124kB free_cma:0=
kB
   lowmem_reserve[]: 0 0 17397 17397
   [28757.732681] HighMem free:580084kB min:512kB low:28168kB high:55824kB =
active_anon:122808kB inactive_anon:41432kB active_file:729492kB inactive_fi=
le:713820kB unevictable:27744kB writepending:4kB present:2226888kB managed:=
2226888kB mlocked:27744kB slab_reclaimable:0kB slab_unreclaimable:0kB kerne=
l_stack:0kB pagetables:2048kB bounce:0kB free_pcp:96kB local_pcp:96kB free_=
cma:0kB
   lowmem_reserve[]: 0 0 0 0
   [28757.732689] DMA: 1*4kB (U) 2*8kB (UE) 0*16kB 0*32kB 0*64kB 4*128kB (U=
E) 4*256kB (E) 3*512kB (UE) 1*1024kB (U) 0*2048kB 0*4096kB =3D 4116kB
   Normal: 485*4kB (ME) 498*8kB (UME) 273*16kB (ME) 355*32kB (UME) 153*64kB=
 (UME) 71*128kB (UM) 3*256kB (E) 2*512kB (E) 0*1024kB 0*2048kB 0*4096kB =3D=
 42324kB
   HighMem: 13625*4kB (UM) 6184*8kB (UM) 3241*16kB (UM) 1682*32kB (UM) 866*=
64kB (UM) 541*128kB (UM) 212*256kB (UM) 68*512kB (UM) 21*1024kB (UM) 18*204=
8kB (UM) 24*4096kB (M) =3D 580084kB
   507869 total pagecache pages
   [28757.732748] 188 pages in swap cache
   [28757.732751] Swap cache stats: add 789, delete 601, find 165/172
   [28757.732753] Free swap  =3D 2094296kB
   [28757.732755] Total swap =3D 2096476kB
   [28757.732757] 783948 pages RAM
   [28757.732759] 556722 pages HighMem/MovableOnly
   [28757.732761] 9667 pages reserved
   [28757.732763] [ pid ]   uid  tgid total_vm      rss nr_ptes nr_pmds swa=
pents oom_score_adj name
   [28757.732768] [  216]     0   216     2929      818       5       0    =
    0         -1000 udevd
   [28757.732774] [ 1669]     0  1669     1232       45       5       0    =
    0             0 acpi_fakekeyd
   [28757.732778] [ 1685]     0  1685     3233      523       5       0    =
    0         -1000 auditd
   [28757.732782] [ 2024]     0  2024     5349      343       7       0    =
    0             0 lxcfs
   [28757.732786] [ 2053]     0  2053      558       18       4       0    =
    0             0 thinkfan
   [28757.732790] [ 2054]     0  2054      559      196       4       0    =
    0             0 startpar
   [28757.732794] [ 2056]     0  2056     7910      609       6       0    =
    0             0 rsyslogd
   [28757.732798] [ 2060]     0  2060     5413      142       6       0    =
    0             0 lvmetad
   [28757.732801] [ 2101]     0  2101      601       23       3       0    =
    0             0 uuidd
   [28757.732805] [ 2198]     0  2198      595      434       4       0    =
    0             0 acpid
   [28757.732809] [ 2281]     0  2281     2003     1047       5       0    =
    0             0 haveged
   [28757.732813] [ 2294]     8  2294     1058      633       4       0    =
    0             0 nullmailer-send
   [28757.732817] [ 2307]   103  2307     1108      658       4       0    =
    0             0 dbus-daemon
   [28757.732821] [ 2354]     0  2354     7111      502       7       0    =
    0             0 pcscd
   [28757.732825] [ 2459]     0  2459     1451      973       5       0    =
    0             0 bluetoothd
   [28757.732829] [ 2488]   124  2488      824      594       4       0    =
    0             0 ulogd
   [28757.732833] [ 2545]     0  2545     2129      726       4       0    =
    0         -1000 sshd
   [28757.732837] [ 2566]     0  2566     1460      580       6       0    =
    0             0 smartd
   [28757.732840] [ 2572]   110  2572     5360     2818       8       0    =
    0             0 unbound
   [28757.732844] [ 2626]     0  2626     8222     3671       9       0    =
    0             0 wicd
   [28757.732848] [ 2675]     0  2675     1406      608       5       0    =
    0             0 cron
   [28757.732852] [ 2703]   121  2703     9921      741       8       0    =
    0             0 privoxy
   [28757.732856] [ 2729]     0  2729     1511      571       5       0    =
    0             0 wdm
   [28757.732859] [ 2736]     0  2736     1511      603       5       0    =
    0             0 wdm
   [28757.732864] [ 2746]     0  2746    24496    10852      25       0    =
    0             0 Xorg
   [28757.732867] [ 2761]     0  2761     4975     3281       8       0    =
    0             0 wicd-monitor
   [28757.732871] [ 2827]     0  2827      553      132       4       0    =
    0             0 mingetty
   [28757.732875] [ 2833]     0  2833     1698     1013       5       0    =
    0             0 wdm
   [28757.732879] [ 2849] 10230  2849    13596     3301      11       0    =
    0             0 fvwm2
   [28757.732883] [ 2903] 10230  2903     1136      605       6       0    =
    0             0 dbus-launch
   [28757.732887] [ 2904] 10230  2904     1075      604       5       0    =
    0             0 dbus-daemon
   [28757.732890] [ 2921] 10230  2921     8450      409       8       0    =
    0             0 gpg-agent
   [28757.732894] [ 2925] 10230  2925     3957      730       5       0    =
    0             0 tpb
   [28757.732898] [ 2937] 10230  2937     2099     1271       6       0    =
    0             0 xscreensaver
   [28757.732902] [ 2939] 10230  2939     2937      633       7       0    =
    0             0 redshift
   [28757.732906] [ 2949] 10230  2949     1284      620       4       0    =
    0             0 autocutsel
   [28757.732910] [ 2956] 10230  2956    10940     5171      12       0    =
    0             0 gkrellm
   [28757.732914] [ 2957] 10230  2957    52699    18548      39       0    =
    0             0 psi-plus
   [28757.732918] [ 2958] 10230  2958    10774     7323      15       0    =
    0             0 wicd-client
   [28757.732921] [ 2980] 10230  2980     1047      301       5       0    =
    0             0 FvwmCommandS
   [28757.732925] [ 2981] 10230  2981     1528      451       5       0    =
    0             0 FvwmEvent
   [28757.732929] [ 2982] 10230  2982    12182     2117      10       0    =
    0             0 FvwmAnimate
   [28757.732933] [ 2983] 10230  2983    12808     2430      11       0    =
    0             0 FvwmButtons
   [28757.732937] [ 2984] 10230  2984    13311     2697      12       0    =
    0             0 FvwmProxy
   [28757.732941] [ 2985] 10230  2985     1507      406       5       0    =
    0             0 FvwmAuto
   [28757.732945] [ 2986] 10230  2986    12803     2412      11       0    =
    0             0 FvwmPager
   [28757.732949] [ 2987] 10230  2987      581      145       3       0    =
    0             0 sh
   [28757.732953] [ 2988] 10230  2988     1030      703       4       0    =
    0             0 stalonetray
   [28757.732957] [ 3293] 10230  3293     2717     1591       6       0    =
    0             0 xterm
   [28757.732960] [ 3296] 10230  3296     2091     1417       5       0    =
    0             0 zsh
   [28757.732964] [ 3528] 10230  3528     3043     1864       7       0    =
    0             0 xterm
   [28757.732968] [ 3530] 10230  3530     2495     1325       6       0    =
    0             0 ssh
   [28757.732972] [ 3537]     0  3537     2866     1412       6       0    =
    0             0 sshd
   [28757.732976] [ 3541] 10230  3541     8278      817       8       0    =
    0             0 scdaemon
   [28757.732980] [ 3552] 10230  3552     2495      632       6       0    =
    0             0 ssh
   [28757.732983] [ 3555]     0  3555     2498     1837       7       0    =
    0             0 zsh
   [28757.732988] [ 4218] 10230  4218     2817     1648       6       0    =
    0             0 xterm
   [28757.732991] [ 4221] 10230  4221     2331     1647       5       0    =
    0             0 zsh
   [28757.732995] [16352] 10230 16352     2808     1618       6       0    =
    0             0 xterm
   [28757.732999] [16355] 10230 16355     2061     1370       6       0    =
    0             0 zsh
   [28757.734531] [30422]     0 30422      626      469       4       0    =
    0             0 anacron
   [28757.734537] [31403]     0 31403      581      143       4       0    =
    0             0 sh
   [28757.734541] [31404]     0 31404      554      379       4       0    =
    0             0 run-parts
   [28757.734546] [31551] 10230 31551    15591     9353      18       0    =
    0             0 vim
   [28757.734550] [  578] 10230   578    12479     5848      15       0    =
    0             0 vim
   [28757.734554] [ 7020]     0  7020      557      134       4       0    =
    0             0 sleep
   [28757.734558] [ 7316]     0  7316      581      391       4       0    =
    0             0 battery-stats-c
   [28757.734562] [ 7328]     0  7328      557      142       4       0    =
    0             0 sleep
   [28757.734567] [ 7425]     0  7425     7386     6886      11       0    =
    0         -1000 ulatencyd
   [28757.734571] [ 7459]     0  7459      891      668       4       0    =
    0             0 mlocate
   [28757.734574] [ 7465]     0  7465      595      159       4       0    =
    0             0 flock
   [28757.734578] [ 7466]     0  7466      604      447       4       0    =
    0             0 updatedb.mlocat
   [28757.734582] Out of memory: Kill process 2957 (psi-plus) score 14 or s=
acrifice child
   [28757.734603] Killed process 2957 (psi-plus) total-vm:210796kB, anon-rs=
s:29156kB, file-rss:44496kB, shmem-rss:540kB

   [31617.991795] gkrellm invoked oom-killer: gfp_mask=3D0x25000c0(GFP_KERN=
EL_ACCOUNT), nodemask=3D0, order=3D0, oom_score_adj=3D0
   [31617.991802] gkrellm cpuset=3D/ mems_allowed=3D0
   [31617.991810] CPU: 0 PID: 2956 Comm: gkrellm Tainted: G     U     O    =
4.9.0 #1
   [31617.991813] Hardware name: LENOVO 7669A26/7669A26, BIOS 7NETB3WW (2.1=
3 ) 04/30/2008
   [31617.991817]  f15f1d64 c12b4830 f15f1d64 f09e8000 c113d7e1 f15f1cd0 00=
000206 c12b99df
   [31617.991825]  f44bd31c 0101a5ea 1adba5ea f09e8000 f09e842c c159e597 f1=
5f1d64 c10e9553
   [31617.991832]  00000000 f093d280 00000000 0013cfe0 c10e91fb 00000000 00=
000000 00000060
   [31617.991840] Call Trace:
   [31617.991849]  [<c12b4830>] ? dump_stack+0x44/0x64
   [31617.991855]  [<c113d7e1>] ? dump_header+0x5d/0x1b7
   [31617.991859]  [<c12b99df>] ? ___ratelimit+0x8f/0xf0
   [31617.991864]  [<c10e9553>] ? oom_kill_process+0x203/0x3d0
   [31617.991867]  [<c10e91fb>] ? oom_badness.part.12+0xeb/0x160
   [31617.991871]  [<c10e99de>] ? out_of_memory+0xde/0x290
   [31617.991875]  [<c10ed72c>] ? __alloc_pages_nodemask+0xc3c/0xc50
   [31617.991880]  [<c141d752>] ? alloc_skb_with_frags+0xf2/0x1b0
   [31617.991884]  [<c14186fe>] ? sock_alloc_send_pskb+0x1be/0x1e0
   [31617.991888]  [<c1163d70>] ? seq_open+0x20/0x90
   [31617.991893]  [<c112c21f>] ? kmem_cache_alloc+0xaf/0x100
   [31617.991897]  [<c14b6b1d>] ? unix_stream_sendmsg+0x23d/0x3a0
   [31617.991901]  [<c14145b5>] ? sock_write_iter+0x75/0xf0
   [31617.991905]  [<c1414540>] ? kernel_sendmsg+0x50/0x50
   [31617.991908]  [<c11415f8>] ? do_readv_writev+0x248/0x400
   [31617.991911]  [<c1414540>] ? kernel_sendmsg+0x50/0x50
   [31617.991916]  [<c10011b3>] ? syscall_trace_enter+0x183/0x200
   [31617.991919]  [<c11419e7>] ? vfs_writev+0x37/0x60
   [31617.991922]  [<c1141a62>] ? do_writev+0x52/0xe0
   [31617.991925]  [<c10014e9>] ? do_fast_syscall_32+0x79/0x130
   [31617.991930]  [<c14c4762>] ? sysenter_past_esp+0x47/0x75
   [31617.991932] Mem-Info:
   [31617.991939] active_anon:102728 inactive_anon:47238 isolated_anon:0
   [31617.991939]  active_file:318732 inactive_file:144917 isolated_file:0
   [31617.991939]  unevictable:7117 dirty:17 writeback:0 unstable:0
   [31617.991939]  slab_reclaimable:45826 slab_unreclaimable:11350
   [31617.991939]  mapped:46166 shmem:8686 pagetables:741 bounce:0
   [31617.991939]  free:89837 free_pcp:508 free_cma:0
   [31617.991950] Node 0 active_anon:410912kB inactive_anon:188952kB active=
_file:1274928kB inactive_file:579668kB unevictable:28468kB isolated(anon):0=
kB isolated(file):0kB mapped:184664kB dirty:68kB writeback:0kB shmem:0kB sh=
mem_thp: 0kB shmem_pmdmapped: 0kB anon_thp: 34744kB writeback_tmp:0kB unsta=
ble:0kB pages_scanned:5362697 all_unreclaimable? yes
   [31617.991957] DMA free:4116kB min:788kB low:984kB high:1180kB active_an=
on:0kB inactive_anon:0kB active_file:1568kB inactive_file:0kB unevictable:0=
kB writepending:0kB present:15984kB managed:15908kB mlocked:0kB slab_reclai=
mable:9848kB slab_unreclaimable:376kB kernel_stack:0kB pagetables:0kB bounc=
e:0kB free_pcp:0kB local_pcp:0kB free_cma:0kB
   lowmem_reserve[]: 0 833 3008 3008
   [31617.991970] Normal free:42300kB min:42416kB low:53020kB high:63624kB =
active_anon:1380kB inactive_anon:20244kB active_file:558700kB inactive_file=
:16kB unevictable:0kB writepending:16kB present:892920kB managed:854328kB m=
locked:0kB slab_reclaimable:173456kB slab_unreclaimable:45024kB kernel_stac=
k:3144kB pagetables:0kB bounce:0kB free_pcp:1392kB local_pcp:612kB free_cma=
:0kB
   lowmem_reserve[]: 0 0 17397 17397
   [31617.991982] HighMem free:312932kB min:512kB low:28168kB high:55824kB =
active_anon:409600kB inactive_anon:168672kB active_file:714660kB inactive_f=
ile:579584kB unevictable:28468kB writepending:0kB present:2226888kB managed=
:2226888kB mlocked:28468kB slab_reclaimable:0kB slab_unreclaimable:0kB kern=
el_stack:0kB pagetables:2964kB bounce:0kB free_pcp:640kB local_pcp:620kB fr=
ee_cma:0kB
   lowmem_reserve[]: 0 0 0 0
   [31617.991990] DMA: 1*4kB (U) 2*8kB (UE) 0*16kB 0*32kB 0*64kB 4*128kB (U=
E) 4*256kB (E) 3*512kB (UE) 1*1024kB (U) 0*2048kB 0*4096kB =3D 4116kB
   Normal: 465*4kB (ME) 491*8kB (ME) 158*16kB (UME) 260*32kB (UME) 153*64kB=
 (UME) 60*128kB (UME) 24*256kB (UM) 4*512kB (M) 0*1024kB 0*2048kB 0*4096kB =
=3D 42300kB
   HighMem: 60*4kB (UM) 27*8kB (UM) 132*16kB (UM) 240*32kB (UM) 138*64kB (U=
M) 60*128kB (UM) 98*256kB (UM) 110*512kB (UM) 42*1024kB (UM) 25*2048kB (UM)=
 27*4096kB (M) =3D 312968kB
   474670 total pagecache pages
   [31617.992085] 191 pages in swap cache
   [31617.992088] Swap cache stats: add 2859, delete 2668, find 997/1128
   [31617.992090] Free swap  =3D 2093464kB
   [31617.992092] Total swap =3D 2096476kB
   [31617.992094] 783948 pages RAM
   [31617.992096] 556722 pages HighMem/MovableOnly
   [31617.992098] 9667 pages reserved
   [31617.992100] [ pid ]   uid  tgid total_vm      rss nr_ptes nr_pmds swa=
pents oom_score_adj name
   [31617.992107] [  216]     0   216     2929      818       5       0    =
    0         -1000 udevd
   [31617.992115] [ 1669]     0  1669     1232       45       5       0    =
    0             0 acpi_fakekeyd
   [31617.992120] [ 1685]     0  1685     3233      523       5       0    =
    0         -1000 auditd
   [31617.992124] [ 2024]     0  2024     7688      343       8       0    =
    0             0 lxcfs
   [31617.992128] [ 2053]     0  2053      558       18       4       0    =
    0             0 thinkfan
   [31617.992132] [ 2054]     0  2054      559      196       4       0    =
    0             0 startpar
   [31617.992136] [ 2056]     0  2056     7910      609       6       0    =
    0             0 rsyslogd
   [31617.992141] [ 2060]     0  2060     5413      142       6       0    =
    0             0 lvmetad
   [31617.992144] [ 2101]     0  2101      601       23       3       0    =
    0             0 uuidd
   [31617.992148] [ 2198]     0  2198      595      434       4       0    =
    0             0 acpid
   [31617.992152] [ 2281]     0  2281     2003     1047       5       0    =
    0             0 haveged
   [31617.992156] [ 2294]     8  2294     1058      633       4       0    =
    0             0 nullmailer-send
   [31617.992160] [ 2307]   103  2307     1108      658       4       0    =
    0             0 dbus-daemon
   [31617.992164] [ 2354]     0  2354     7111      502       7       0    =
    0             0 pcscd
   [31617.992168] [ 2459]     0  2459     1451      973       5       0    =
    0             0 bluetoothd
   [31617.992172] [ 2488]   124  2488      824      594       4       0    =
    0             0 ulogd
   [31617.992176] [ 2545]     0  2545     2129      726       4       0    =
    0         -1000 sshd
   [31617.992180] [ 2566]     0  2566     1460      580       6       0    =
    0             0 smartd
   [31617.992184] [ 2572]   110  2572     5360     2884       8       0    =
    0             0 unbound
   [31617.992188] [ 2626]     0  2626     8317     3717       9       0    =
    0             0 wicd
   [31617.992197] [ 2675]     0  2675     1406      608       5       0    =
    0             0 cron
   [31617.992205] [ 2703]   121  2703     9921      741       8       0    =
    0             0 privoxy
   [31617.992212] [ 2729]     0  2729     1511      571       5       0    =
    0             0 wdm
   [31617.992218] [ 2736]     0  2736     1511      603       5       0    =
    0             0 wdm
   [31617.992225] [ 2746]     0  2746    26081    12408      25       0    =
    0             0 Xorg
   [31617.992232] [ 2761]     0  2761     4975     3281       8       0    =
    0             0 wicd-monitor
   [31617.992239] [ 2827]     0  2827      553      132       4       0    =
    0             0 mingetty
   [31617.992246] [ 2833]     0  2833     1698     1013       5       0    =
    0             0 wdm
   [31617.992253] [ 2849] 10230  2849    13599     3304      11       0    =
    0             0 fvwm2
   [31617.992260] [ 2903] 10230  2903     1136      605       6       0    =
    0             0 dbus-launch
   [31617.992274] [ 2904] 10230  2904     1075      604       5       0    =
    0             0 dbus-daemon
   [31617.992280] [ 2921] 10230  2921     8450      409       8       0    =
    0             0 gpg-agent
   [31617.992288] [ 2925] 10230  2925     3957      730       5       0    =
    0             0 tpb
   [31617.992294] [ 2937] 10230  2937     2099     1271       6       0    =
    0             0 xscreensaver
   [31617.992301] [ 2939] 10230  2939     2937      633       7       0    =
    0             0 redshift
   [31617.992307] [ 2949] 10230  2949     1284      620       4       0    =
    0             0 autocutsel
   [31617.992315] [ 2956] 10230  2956    10940     5171      12       0    =
    0             0 gkrellm
   [31617.992322] [ 2958] 10230  2958    11297     8193      15       0    =
    0             0 wicd-client
   [31617.992329] [ 2980] 10230  2980     1047      301       5       0    =
    0             0 FvwmCommandS
   [31617.992336] [ 2981] 10230  2981     1528      451       5       0    =
    0             0 FvwmEvent
   [31617.992343] [ 2982] 10230  2982    12182     2117      10       0    =
    0             0 FvwmAnimate
   [31617.992350] [ 2983] 10230  2983    12808     2430      11       0    =
    0             0 FvwmButtons
   [31617.992357] [ 2984] 10230  2984    13311     2697      12       0    =
    0             0 FvwmProxy
   [31617.992365] [ 2985] 10230  2985     1507      406       5       0    =
    0             0 FvwmAuto
   [31617.992372] [ 2986] 10230  2986    12803     2412      11       0    =
    0             0 FvwmPager
   [31617.992379] [ 2987] 10230  2987      581      145       3       0    =
    0             0 sh
   [31617.992386] [ 2988] 10230  2988     1063      703       4       0    =
    0             0 stalonetray
   [31617.992391] [ 3293] 10230  3293     2717     1591       6       0    =
    0             0 xterm
   [31617.992395] [ 3296] 10230  3296     2115     1420       5       0    =
    0             0 zsh
   [31617.992399] [ 3528] 10230  3528     3638     2452       7       0    =
    0             0 xterm
   [31617.992403] [ 3530] 10230  3530     2495     1325       6       0    =
    0             0 ssh
   [31617.992407] [ 3537]     0  3537     2866     1412       6       0    =
    0             0 sshd
   [31617.992411] [ 3541] 10230  3541     8278      817       8       0    =
    0             0 scdaemon
   [31617.992415] [ 3552] 10230  3552     2561      709       6       0    =
    0             0 ssh
   [31617.992419] [ 3555]     0  3555     2524     1850       7       0    =
    0             0 zsh
   [31617.992424] [ 4218] 10230  4218     2817     1648       6       0    =
    0             0 xterm
   [31617.992428] [ 4221] 10230  4221     2331     1647       5       0    =
    0             0 zsh
   [31617.992432] [16352] 10230 16352     2808     1618       6       0    =
    0             0 xterm
   [31617.992436] [16355] 10230 16355     2069     1379       6       0    =
    0             0 zsh
   [31617.992441] [ 7316]     0  7316      581      393       4       0    =
    0             0 battery-stats-c
   [31617.992445] [ 7425]     0  7425     7567     7069      11       0    =
    0         -1000 ulatencyd
   [31617.992450] [32214] 10230 32214    49046    17230      37       0    =
    0             0 psi-plus
   [31617.992454] [32249] 10230 32249   258814   125356     221       0    =
    0             0 firefox.real
   [31617.992458] [32456]     0 32456     1453      701       5       0    =
    0             0 top
   [31617.992464] [ 1858]     0  1858     2190      798       4       0    =
    0             0 wpa_supplicant
   [31617.992468] [ 1907]     0  1907     2026      180       4       0    =
    0             0 dhclient
   [31617.992472] [ 1937]     0  1937      581       16       4       0    =
    0             0 ntpdate
   [31617.992476] [ 1940]     0  1940      595      161       4       0    =
    0             0 flock
   [31617.992480] [ 1942]     0  1942     1353      666       5       0    =
    0             0 ntpdate
   [31617.992483] [ 1957] 65534  1957     2288     1441       5       0    =
    0             0 openvpn
   [31617.992487] [ 1965]   120  1965     8484     7507      12       0    =
    0             0 tor
   [31617.992491] [ 1974]     0  1974      557      143       4       0    =
    0             0 sleep
   [31617.992495] [ 2033] 10230  2033    45486     2635      27       0    =
    0             0 git
   [31617.992498] Out of memory: Kill process 32249 (firefox.real) score 96=
 or sacrifice child
   [31617.992590] Killed process 32249 (firefox.real) total-vm:1035256kB, a=
non-rss:407320kB, file-rss:87824kB, shmem-rss:6280kB
   [31618.087277] oom_reaper: reaped process 32249 (firefox.real), now anon=
-rss:0kB, file-rss:96kB, shmem-rss:6148kB

   [31626.627123] git invoked oom-killer: gfp_mask=3D0x2600840(GFP_NOFS|__G=
FP_NOFAIL|__GFP_NOTRACK), nodemask=3D0, order=3D0, oom_score_adj=3D0
   [31626.627126] git cpuset=3D/ mems_allowed=3D0
   [31626.627134] CPU: 1 PID: 2038 Comm: git Tainted: G     U     O    4.9.=
0 #1
   [31626.627137] Hardware name: LENOVO 7669A26/7669A26, BIOS 7NETB3WW (2.1=
3 ) 04/30/2008
   [31626.627140]  da8aba08 c12b4830 da8aba08 eb84f380 c113d7e1 da8ab974 00=
000206 c12b99df
   [31626.627148]  00000000 91b6f852 91b6f852 eb84f380 eb84f7ac c159e597 da=
8aba08 c10e9553
   [31626.627156]  00000000 f093d280 00000000 0013cfe0 c10e91fb 00000000 00=
000000 0000000d
   [31626.627163] Call Trace:
   [31626.627173]  [<c12b4830>] ? dump_stack+0x44/0x64
   [31626.627178]  [<c113d7e1>] ? dump_header+0x5d/0x1b7
   [31626.627182]  [<c12b99df>] ? ___ratelimit+0x8f/0xf0
   [31626.627187]  [<c10e9553>] ? oom_kill_process+0x203/0x3d0
   [31626.627190]  [<c10e91fb>] ? oom_badness.part.12+0xeb/0x160
   [31626.627194]  [<c10e99de>] ? out_of_memory+0xde/0x290
   [31626.627198]  [<c10ed690>] ? __alloc_pages_nodemask+0xba0/0xc50
   [31626.627203]  [<c112a532>] ? new_slab+0x322/0x480
   [31626.627208]  [<c14c039e>] ? __schedule+0x1be/0x590
   [31626.627211]  [<c112c002>] ? ___slab_alloc.constprop.78+0x472/0x5b0
   [31626.627215]  [<c14c079d>] ? schedule+0x2d/0x80
   [31626.627220]  [<c12024e9>] ? __alloc_extent_buffer+0x19/0xd0
   [31626.627225]  [<c10a26e4>] ? ktime_get+0x44/0x100
   [31626.627228]  [<c10cef67>] ? delayacct_end+0x37/0x70
   [31626.627232]  [<c14c01ba>] ? io_schedule_timeout+0xba/0xe0
   [31626.627236]  [<c11d4886>] ? verify_parent_transid+0x66/0x230
   [31626.627240]  [<c120ba27>] ? map_private_extent_buffer+0x57/0xd0
   [31626.627244]  [<c112c159>] ? __slab_alloc.isra.73.constprop.77+0x19/0x=
30
   [31626.627248]  [<c112c240>] ? kmem_cache_alloc+0xd0/0x100
   [31626.627251]  [<c12024e9>] ? __alloc_extent_buffer+0x19/0xd0
   [31626.627255]  [<c12024e9>] ? __alloc_extent_buffer+0x19/0xd0
   [31626.627258]  [<c120a362>] ? alloc_extent_buffer+0xa2/0x450
   [31626.627262]  [<c11feeb5>] ? btrfs_get_token_64+0x125/0x150
   [31626.627266]  [<c11d6052>] ? read_tree_block+0x12/0x50
   [31626.627270]  [<c11af405>] ? btrfs_release_path+0x15/0x80
   [31626.627273]  [<c11b21fb>] ? read_block_for_search.isra.32+0x14b/0x380
   [31626.627277]  [<c11b46b7>] ? btrfs_search_slot+0x937/0x950
   [31626.627281]  [<c11b73b4>] ? btrfs_next_old_leaf+0x234/0x430
   [31626.627284]  [<c11b75c7>] ? btrfs_next_leaf+0x17/0x20
   [31626.627290]  [<c126d88c>] ? btrfs_load_inode_props+0x9c/0x350
   [31626.627294]  [<c11ee2d3>] ? btrfs_iget+0x1c3/0x7d0
   [31626.627299]  [<c11cf9e9>] ? btrfs_match_dir_item_name+0xe9/0x110
   [31626.627303]  [<c11ef22f>] ? btrfs_lookup_dentry+0x47f/0x5d0
   [31626.627307]  [<c11ef388>] ? btrfs_lookup+0x8/0x40
   [31626.627311]  [<c114bade>] ? lookup_slow+0x7e/0x140
   [31626.627314]  [<c114cf94>] ? walk_component+0x1d4/0x300
   [31626.627317]  [<c114ac1a>] ? path_init+0x16a/0x360
   [31626.627321]  [<c114d641>] ? path_lookupat+0x51/0x100
   [31626.627324]  [<c114f9bc>] ? filename_lookup+0x8c/0x170
   [31626.627328]  [<c12bff28>] ? lockref_get+0x8/0x20
   [31626.627333]  [<c10c9567>] ? __audit_getname+0x77/0x90
   [31626.627336]  [<c114f69c>] ? getname_flags+0x8c/0x190
   [31626.627341]  [<c1145788>] ? vfs_fstatat+0x68/0xc0
   [31626.627344]  [<c11460c8>] ? SyS_lstat64+0x28/0x50
   [31626.627348]  [<c10c8db1>] ? audit_filter_inodes+0xc1/0x100
   [31626.627351]  [<c12bffdd>] ? lockref_put_or_lock+0x1d/0x30
   [31626.627355]  [<c1157c15>] ? dput+0xc5/0x250
   [31626.627359]  [<c115fc9d>] ? mntput_no_expire+0xd/0x180
   [31626.627362]  [<c10c9416>] ? __audit_syscall_exit+0x1d6/0x260
   [31626.627366]  [<c10014e9>] ? do_fast_syscall_32+0x79/0x130
   [31626.627370]  [<c14c4762>] ? sysenter_past_esp+0x47/0x75
   [31626.627373] Mem-Info:
   [31626.627379] active_anon:33380 inactive_anon:12622 isolated_anon:0
   [31626.627379]  active_file:315871 inactive_file:108673 isolated_file:0
   [31626.627379]  unevictable:7117 dirty:7 writeback:0 unstable:0
   [31626.627379]  slab_reclaimable:42724 slab_unreclaimable:11239
   [31626.627379]  mapped:26211 shmem:7044 pagetables:506 bounce:0
   [31626.627379]  free:236761 free_pcp:199 free_cma:0
   [31626.627390] Node 0 active_anon:133520kB inactive_anon:50488kB active_=
file:1263484kB inactive_file:434692kB unevictable:28468kB isolated(anon):0k=
B isolated(file):0kB mapped:104844kB dirty:28kB writeback:0kB shmem:0kB shm=
em_thp: 0kB shmem_pmdmapped: 0kB anon_thp: 28176kB writeback_tmp:0kB unstab=
le:0kB pages_scanned:3295193 all_unreclaimable? yes
   [31626.627398] DMA free:4116kB min:788kB low:984kB high:1180kB active_an=
on:0kB inactive_anon:0kB active_file:1568kB inactive_file:0kB unevictable:0=
kB writepending:0kB present:15984kB managed:15908kB mlocked:0kB slab_reclai=
mable:9848kB slab_unreclaimable:376kB kernel_stack:0kB pagetables:0kB bounc=
e:0kB free_pcp:0kB local_pcp:0kB free_cma:0kB
   lowmem_reserve[]: 0 833 3008 3008
   [31626.627410] Normal free:41928kB min:42416kB low:53020kB high:63624kB =
active_anon:1340kB inactive_anon:20004kB active_file:573156kB inactive_file=
:76kB unevictable:0kB writepending:28kB present:892920kB managed:854328kB m=
locked:0kB slab_reclaimable:161048kB slab_unreclaimable:44580kB kernel_stac=
k:2784kB pagetables:0kB bounce:0kB free_pcp:796kB local_pcp:152kB free_cma:=
0kB
   lowmem_reserve[]: 0 0 17397 17397
   [31626.627423] HighMem free:901000kB min:512kB low:28168kB high:55824kB =
active_anon:132180kB inactive_anon:30452kB active_file:688760kB inactive_fi=
le:434616kB unevictable:28468kB writepending:0kB present:2226888kB managed:=
2226888kB mlocked:28468kB slab_reclaimable:0kB slab_unreclaimable:0kB kerne=
l_stack:0kB pagetables:2024kB bounce:0kB free_pcp:0kB local_pcp:0kB free_cm=
a:0kB
   lowmem_reserve[]: 0 0 0 0
   [31626.627431] DMA: 1*4kB (U) 2*8kB (UE) 0*16kB 0*32kB 0*64kB 4*128kB (U=
E) 4*256kB (E) 3*512kB (UE) 1*1024kB (U) 0*2048kB 0*4096kB =3D 4116kB
   Normal: 594*4kB (UME) 572*8kB (UME) 122*16kB (UME) 324*32kB (ME) 162*64k=
B (ME) 50*128kB (ME) 21*256kB (UME) 1*512kB (M) 0*1024kB 0*2048kB 0*4096kB =
=3D 41928kB
   HighMem: 8326*4kB (UM) 12102*8kB (UM) 7024*16kB (UM) 3442*32kB (UM) 1626=
*64kB (UM) 527*128kB (UM) 200*256kB (UM) 136*512kB (UM) 54*1024kB (UM) 32*2=
048kB (UM) 33*4096kB (M) =3D 901000kB
   434010 total pagecache pages
   [31626.627490] 217 pages in swap cache
   [31626.627493] Swap cache stats: add 6095, delete 5878, find 2283/2706
   [31626.627495] Free swap  =3D 2093256kB
   [31626.627497] Total swap =3D 2096476kB
   [31626.627499] 783948 pages RAM
   [31626.627501] 556722 pages HighMem/MovableOnly
   [31626.627502] 9667 pages reserved
   [31626.627504] [ pid ]   uid  tgid total_vm      rss nr_ptes nr_pmds swa=
pents oom_score_adj name
   [31626.627510] [  216]     0   216     2929      818       5       0    =
    0         -1000 udevd
   [31626.627516] [ 1669]     0  1669     1232       45       5       0    =
    0             0 acpi_fakekeyd
   [31626.627520] [ 1685]     0  1685     3233      523       5       0    =
    0         -1000 auditd
   [31626.627524] [ 2024]     0  2024     7688      343       8       0    =
    0             0 lxcfs
   [31626.627528] [ 2053]     0  2053      558       18       4       0    =
    0             0 thinkfan
   [31626.627532] [ 2054]     0  2054      559      196       4       0    =
    0             0 startpar
   [31626.627536] [ 2056]     0  2056     7910      609       6       0    =
    0             0 rsyslogd
   [31626.627540] [ 2060]     0  2060     5413      142       6       0    =
    0             0 lvmetad
   [31626.627543] [ 2101]     0  2101      601       23       3       0    =
    0             0 uuidd
   [31626.627547] [ 2198]     0  2198      595      434       4       0    =
    0             0 acpid
   [31626.627551] [ 2281]     0  2281     2003     1047       5       0    =
    0             0 haveged
   [31626.627555] [ 2294]     8  2294     1058      633       4       0    =
    0             0 nullmailer-send
   [31626.627558] [ 2307]   103  2307     1108      658       4       0    =
    0             0 dbus-daemon
   [31626.627562] [ 2354]     0  2354     7111      502       7       0    =
    0             0 pcscd
   [31626.627566] [ 2459]     0  2459     1451      973       5       0    =
    0             0 bluetoothd
   [31626.627570] [ 2488]   124  2488      824      594       4       0    =
    0             0 ulogd
   [31626.627574] [ 2545]     0  2545     2129      726       4       0    =
    0         -1000 sshd
   [31626.627578] [ 2566]     0  2566     1460      580       6       0    =
    0             0 smartd
   [31626.627581] [ 2572]   110  2572     5360     2884       8       0    =
    0             0 unbound
   [31626.627585] [ 2626]     0  2626     8317     3717       9       0    =
    0             0 wicd
   [31626.627589] [ 2675]     0  2675     1406      608       5       0    =
    0             0 cron
   [31626.627593] [ 2703]   121  2703     9921      741       8       0    =
    0             0 privoxy
   [31626.627596] [ 2729]     0  2729     1511      571       5       0    =
    0             0 wdm
   [31626.627600] [ 2736]     0  2736     1511      603       5       0    =
    0             0 wdm
   [31626.627604] [ 2746]     0  2746    24513    10872      24       0    =
    0             0 Xorg
   [31626.627608] [ 2761]     0  2761     4975     3281       8       0    =
    0             0 wicd-monitor
   [31626.627611] [ 2827]     0  2827      553      132       4       0    =
    0             0 mingetty
   [31626.627615] [ 2833]     0  2833     1698     1013       5       0    =
    0             0 wdm
   [31626.627619] [ 2849] 10230  2849    13599     3304      11       0    =
    0             0 fvwm2
   [31626.627623] [ 2903] 10230  2903     1136      605       6       0    =
    0             0 dbus-launch
   [31626.627626] [ 2904] 10230  2904     1075      604       5       0    =
    0             0 dbus-daemon
   [31626.627630] [ 2921] 10230  2921     8450      409       8       0    =
    0             0 gpg-agent
   [31626.627634] [ 2925] 10230  2925     3957      730       5       0    =
    0             0 tpb
   [31626.627638] [ 2937] 10230  2937     2099     1271       6       0    =
    0             0 xscreensaver
   [31626.627642] [ 2939] 10230  2939     2937      633       7       0    =
    0             0 redshift
   [31626.627645] [ 2949] 10230  2949     1284      620       4       0    =
    0             0 autocutsel
   [31626.627649] [ 2956] 10230  2956    10940     5171      12       0    =
    0             0 gkrellm
   [31626.627653] [ 2958] 10230  2958    11297     8193      15       0    =
    0             0 wicd-client
   [31626.627657] [ 2980] 10230  2980     1047      301       5       0    =
    0             0 FvwmCommandS
   [31626.627661] [ 2981] 10230  2981     1528      451       5       0    =
    0             0 FvwmEvent
   [31626.627664] [ 2982] 10230  2982    12182     2117      10       0    =
    0             0 FvwmAnimate
   [31626.627668] [ 2983] 10230  2983    12808     2430      11       0    =
    0             0 FvwmButtons
   [31626.627672] [ 2984] 10230  2984    13311     2697      12       0    =
    0             0 FvwmProxy
   [31626.627676] [ 2985] 10230  2985     1507      406       5       0    =
    0             0 FvwmAuto
   [31626.627679] [ 2986] 10230  2986    12803     2412      11       0    =
    0             0 FvwmPager
   [31626.627683] [ 2987] 10230  2987      581      145       3       0    =
    0             0 sh
   [31626.627687] [ 2988] 10230  2988     1063      703       4       0    =
    0             0 stalonetray
   [31626.627691] [ 3293] 10230  3293     2717     1591       6       0    =
    0             0 xterm
   [31626.627694] [ 3296] 10230  3296     2115     1420       5       0    =
    0             0 zsh
   [31626.627698] [ 3528] 10230  3528     3638     2452       7       0    =
    0             0 xterm
   [31626.627702] [ 3530] 10230  3530     2495     1325       6       0    =
    0             0 ssh
   [31626.627705] [ 3537]     0  3537     2866     1412       6       0    =
    0             0 sshd
   [31626.627709] [ 3541] 10230  3541     8278      817       8       0    =
    0             0 scdaemon
   [31626.627713] [ 3552] 10230  3552     2561      709       6       0    =
    0             0 ssh
   [31626.627717] [ 3555]     0  3555     2524     1850       7       0    =
    0             0 zsh
   [31626.627721] [ 4218] 10230  4218     2817     1648       6       0    =
    0             0 xterm
   [31626.627725] [ 4221] 10230  4221     2331     1647       5       0    =
    0             0 zsh
   [31626.627729] [16352] 10230 16352     2808     1618       6       0    =
    0             0 xterm
   [31626.627733] [16355] 10230 16355     2069     1379       6       0    =
    0             0 zsh
   [31626.627737] [ 7316]     0  7316      581      393       4       0    =
    0             0 battery-stats-c
   [31626.627741] [ 7425]     0  7425     7567     7069      11       0    =
    0         -1000 ulatencyd
   [31626.627745] [32214] 10230 32214    49046    17230      37       0    =
    0             0 psi-plus
   [31626.627749] [32456]     0 32456     1453      701       5       0    =
    0             0 top
   [31626.627753] [ 1858]     0  1858     2190      798       4       0    =
    0             0 wpa_supplicant
   [31626.627757] [ 1907]     0  1907     2026      180       4       0    =
    0             0 dhclient
   [31626.627761] [ 1957] 65534  1957     2288     1441       5       0    =
    0             0 openvpn
   [31626.627765] [ 1965]   120  1965     8484     7507      12       0    =
    0             0 tor
   [31626.627769] [ 1974]     0  1974      557      143       4       0    =
    0             0 sleep
   [31626.627773] [ 2033] 10230  2033    45486     2635      27       0    =
    0             0 git
   [31626.627776] Out of memory: Kill process 32214 (psi-plus) score 13 or =
sacrifice child
   [31626.627796] Killed process 32214 (psi-plus) total-vm:196184kB, anon-r=
ss:27556kB, file-rss:40824kB, shmem-rss:540kB

   [31631.025619] git: page allocation stalls for 10085ms, order:0, mode:0x=
2400840(GFP_NOFS|__GFP_NOFAIL)
   [31631.025631] CPU: 1 PID: 2043 Comm: git Tainted: G     U     O    4.9.=
0 #1
   [31631.025634] Hardware name: LENOVO 7669A26/7669A26, BIOS 7NETB3WW (2.1=
3 ) 04/30/2008
   [31631.025638]  00000000 c12b4830 c15a0c38 00000000 c10eca5f c159e645 02=
400840 dcee9a7c
   [31631.025646]  dcee9a84 c15a0c38 dcee9a5c 9ff675c6 00000000 dcee9afc 00=
000000 c10ed528
   [31631.025653]  02400840 c15a0c38 00002765 00000000 00000000 00000000 00=
000000 00000001
   [31631.025661] Call Trace:
   [31631.025670]  [<c12b4830>] ? dump_stack+0x44/0x64
   [31631.025675]  [<c10eca5f>] ? warn_alloc+0xff/0x120
   [31631.025679]  [<c10ed528>] ? __alloc_pages_nodemask+0xa38/0xc50
   [31631.025684]  [<c10e5a2a>] ? pagecache_get_page+0xaa/0x250
   [31631.025689]  [<c1202563>] ? __alloc_extent_buffer+0x93/0xd0
   [31631.025694]  [<c120a3ff>] ? alloc_extent_buffer+0x13f/0x450
   [31631.025698]  [<c11d6052>] ? read_tree_block+0x12/0x50
   [31631.025702]  [<c11af405>] ? btrfs_release_path+0x15/0x80
   [31631.025705]  [<c11b21fb>] ? read_block_for_search.isra.32+0x14b/0x380
   [31631.025709]  [<c11b46b7>] ? btrfs_search_slot+0x937/0x950
   [31631.025713]  [<c11b73b4>] ? btrfs_next_old_leaf+0x234/0x430
   [31631.025717]  [<c11b75c7>] ? btrfs_next_leaf+0x17/0x20
   [31631.025722]  [<c126d88c>] ? btrfs_load_inode_props+0x9c/0x350
   [31631.025727]  [<c11ee2d3>] ? btrfs_iget+0x1c3/0x7d0
   [31631.025731]  [<c11cf9e9>] ? btrfs_match_dir_item_name+0xe9/0x110
   [31631.025735]  [<c11ef22f>] ? btrfs_lookup_dentry+0x47f/0x5d0
   [31631.025740]  [<c11ef388>] ? btrfs_lookup+0x8/0x40
   [31631.025744]  [<c114bade>] ? lookup_slow+0x7e/0x140
   [31631.025747]  [<c114cf94>] ? walk_component+0x1d4/0x300
   [31631.025750]  [<c114ac1a>] ? path_init+0x16a/0x360
   [31631.025754]  [<c114d641>] ? path_lookupat+0x51/0x100
   [31631.025757]  [<c114f9bc>] ? filename_lookup+0x8c/0x170
   [31631.025761]  [<c12bff28>] ? lockref_get+0x8/0x20
   [31631.025766]  [<c10c9567>] ? __audit_getname+0x77/0x90
   [31631.025769]  [<c114f69c>] ? getname_flags+0x8c/0x190
   [31631.025774]  [<c1145788>] ? vfs_fstatat+0x68/0xc0
   [31631.025777]  [<c11460c8>] ? SyS_lstat64+0x28/0x50
   [31631.025781]  [<c10c8db1>] ? audit_filter_inodes+0xc1/0x100
   [31631.025784]  [<c12bffdd>] ? lockref_put_or_lock+0x1d/0x30
   [31631.025788]  [<c1157c15>] ? dput+0xc5/0x250
   [31631.025792]  [<c115fc9d>] ? mntput_no_expire+0xd/0x180
   [31631.025796]  [<c10c9416>] ? __audit_syscall_exit+0x1d6/0x260
   [31631.025799]  [<c10014e9>] ? do_fast_syscall_32+0x79/0x130
   [31631.025804]  [<c14c4762>] ? sysenter_past_esp+0x47/0x75
   [31631.025806] Mem-Info:
   [31631.025813] active_anon:26644 inactive_anon:12273 isolated_anon:160
   [31631.025813]  active_file:315747 inactive_file:107091 isolated_file:0
   [31631.025813]  unevictable:7117 dirty:1 writeback:0 unstable:0
   [31631.025813]  slab_reclaimable:42689 slab_unreclaimable:11234
   [31631.025813]  mapped:18660 shmem:6847 pagetables:478 bounce:0
   [31631.025813]  free:245651 free_pcp:59 free_cma:0
   [31631.025824] Node 0 active_anon:106576kB inactive_anon:49092kB active_=
file:1262988kB inactive_file:428364kB unevictable:28468kB isolated(anon):64=
0kB isolated(file):0kB mapped:74640kB dirty:4kB writeback:0kB shmem:0kB shm=
em_thp: 0kB shmem_pmdmapped: 0kB anon_thp: 27388kB writeback_tmp:0kB unstab=
le:0kB pages_scanned:1687443 all_unreclaimable? no
   [31631.025831] DMA free:4116kB min:788kB low:984kB high:1180kB active_an=
on:0kB inactive_anon:0kB active_file:1568kB inactive_file:0kB unevictable:0=
kB writepending:0kB present:15984kB managed:15908kB mlocked:0kB slab_reclai=
mable:9848kB slab_unreclaimable:376kB kernel_stack:0kB pagetables:0kB bounc=
e:0kB free_pcp:0kB local_pcp:0kB free_cma:0kB
   lowmem_reserve[]: 0 833 3008 3008
   [31631.025844] Normal free:42392kB min:42416kB low:53020kB high:63624kB =
active_anon:1340kB inactive_anon:19080kB active_file:573844kB inactive_file=
:56kB unevictable:0kB writepending:4kB present:892920kB managed:854328kB ml=
ocked:0kB slab_reclaimable:160908kB slab_unreclaimable:44560kB kernel_stack=
:2752kB pagetables:0kB bounce:0kB free_pcp:236kB local_pcp:120kB free_cma:0=
kB
   lowmem_reserve[]: 0 0 17397 17397
   [31631.025856] HighMem free:936096kB min:512kB low:28168kB high:55824kB =
active_anon:105236kB inactive_anon:29908kB active_file:687576kB inactive_fi=
le:428308kB unevictable:28468kB writepending:0kB present:2226888kB managed:=
2226888kB mlocked:28468kB slab_reclaimable:0kB slab_unreclaimable:0kB kerne=
l_stack:0kB pagetables:1912kB bounce:0kB free_pcp:0kB local_pcp:0kB free_cm=
a:0kB
   lowmem_reserve[]: 0 0 0 0
   [31631.025864] DMA: 1*4kB (U) 2*8kB (UE) 0*16kB 0*32kB 0*64kB 4*128kB (U=
E) 4*256kB (E) 3*512kB (UE) 1*1024kB (U) 0*2048kB 0*4096kB =3D 4116kB
   Normal: 688*4kB (UME) 571*8kB (UME) 106*16kB (ME) 335*32kB (ME) 162*64kB=
 (ME) 50*128kB (ME) 21*256kB (UME) 1*512kB (M) 0*1024kB 0*2048kB 0*4096kB =
=3D 42392kB
   HighMem: 14584*4kB (UM) 12694*8kB (UM) 7111*16kB (UM) 3455*32kB (UM) 165=
3*64kB (UM) 531*128kB (UM) 201*256kB (UM) 138*512kB (UM) 54*1024kB (UM) 32*=
2048kB (UM) 33*4096kB (M) =3D 936096kB
   432098 total pagecache pages
   [31631.025923] 208 pages in swap cache
   [31631.025926] Swap cache stats: add 6336, delete 6128, find 2357/2807
   [31631.025928] Free swap  =3D 2093040kB
   [31631.025930] Total swap =3D 2096476kB
   [31631.025932] 783948 pages RAM
   [31631.025934] 556722 pages HighMem/MovableOnly
   [31631.025936] 9667 pages reserved

   [31638.530097] git invoked oom-killer: gfp_mask=3D0x2400840(GFP_NOFS|__G=
FP_NOFAIL), nodemask=3D0, order=3D0, oom_score_adj=3D0
   [31638.530101] git cpuset=3D/ mems_allowed=3D0
   [31638.530109] CPU: 1 PID: 2036 Comm: git Tainted: G     U     O    4.9.=
0 #1
   [31638.530111] Hardware name: LENOVO 7669A26/7669A26, BIOS 7NETB3WW (2.1=
3 ) 04/30/2008
   [31638.530115]  dce85afc c12b4830 dce85afc f36e6300 c113d7e1 dce85a68 00=
000206 c12b99df
   [31638.530122]  00000000 7f101eae 7f101eae f36e6300 f36e672c c159e597 dc=
e85afc c10e9553
   [31638.530130]  00000000 f093d280 00000000 0013cfe0 c10e91fb 00000000 00=
000000 00000008
   [31638.530137] Call Trace:
   [31638.530146]  [<c12b4830>] ? dump_stack+0x44/0x64
   [31638.530152]  [<c113d7e1>] ? dump_header+0x5d/0x1b7
   [31638.530156]  [<c12b99df>] ? ___ratelimit+0x8f/0xf0
   [31638.530160]  [<c10e9553>] ? oom_kill_process+0x203/0x3d0
   [31638.530164]  [<c10e91fb>] ? oom_badness.part.12+0xeb/0x160
   [31638.530168]  [<c10e99de>] ? out_of_memory+0xde/0x290
   [31638.530171]  [<c10ed690>] ? __alloc_pages_nodemask+0xba0/0xc50
   [31638.530177]  [<c10e5a2a>] ? pagecache_get_page+0xaa/0x250
   [31638.530181]  [<c1202563>] ? __alloc_extent_buffer+0x93/0xd0
   [31638.530185]  [<c120a3ff>] ? alloc_extent_buffer+0x13f/0x450
   [31638.530190]  [<c11d6052>] ? read_tree_block+0x12/0x50
   [31638.530194]  [<c11af405>] ? btrfs_release_path+0x15/0x80
   [31638.530198]  [<c11b21fb>] ? read_block_for_search.isra.32+0x14b/0x380
   [31638.530201]  [<c11b46b7>] ? btrfs_search_slot+0x937/0x950
   [31638.530205]  [<c11b73b4>] ? btrfs_next_old_leaf+0x234/0x430
   [31638.530209]  [<c11b75c7>] ? btrfs_next_leaf+0x17/0x20
   [31638.530214]  [<c126d88c>] ? btrfs_load_inode_props+0x9c/0x350
   [31638.530219]  [<c11ee2d3>] ? btrfs_iget+0x1c3/0x7d0
   [31638.530223]  [<c11cf9e9>] ? btrfs_match_dir_item_name+0xe9/0x110
   [31638.530227]  [<c11ef22f>] ? btrfs_lookup_dentry+0x47f/0x5d0
   [31638.530232]  [<c11ef388>] ? btrfs_lookup+0x8/0x40
   [31638.530235]  [<c114bade>] ? lookup_slow+0x7e/0x140
   [31638.530239]  [<c114cf94>] ? walk_component+0x1d4/0x300
   [31638.530242]  [<c114ac1a>] ? path_init+0x16a/0x360
   [31638.530246]  [<c114d641>] ? path_lookupat+0x51/0x100
   [31638.530249]  [<c114f9bc>] ? filename_lookup+0x8c/0x170
   [31638.530253]  [<c12bff28>] ? lockref_get+0x8/0x20
   [31638.530257]  [<c10c9567>] ? __audit_getname+0x77/0x90
   [31638.530261]  [<c114f69c>] ? getname_flags+0x8c/0x190
   [31638.530265]  [<c1145788>] ? vfs_fstatat+0x68/0xc0
   [31638.530269]  [<c11460c8>] ? SyS_lstat64+0x28/0x50
   [31638.530273]  [<c10c8db1>] ? audit_filter_inodes+0xc1/0x100
   [31638.530276]  [<c12bffdd>] ? lockref_put_or_lock+0x1d/0x30
   [31638.530279]  [<c1157c15>] ? dput+0xc5/0x250
   [31638.530283]  [<c115fc9d>] ? mntput_no_expire+0xd/0x180
   [31638.530287]  [<c10c9416>] ? __audit_syscall_exit+0x1d6/0x260
   [31638.530291]  [<c10014e9>] ? do_fast_syscall_32+0x79/0x130
   [31638.530296]  [<c14c4762>] ? sysenter_past_esp+0x47/0x75
   [31638.530298] Mem-Info:
   [31638.530305] active_anon:26483 inactive_anon:12469 isolated_anon:0
   [31638.530305]  active_file:314265 inactive_file:103275 isolated_file:0
   [31638.530305]  unevictable:7117 dirty:0 writeback:0 unstable:0
   [31638.530305]  slab_reclaimable:42517 slab_unreclaimable:11233
   [31638.530305]  mapped:18660 shmem:6895 pagetables:469 bounce:0
   [31638.530305]  free:251271 free_pcp:60 free_cma:0
   [31638.530315] Node 0 active_anon:105932kB inactive_anon:49876kB active_=
file:1257060kB inactive_file:413100kB unevictable:28468kB isolated(anon):0k=
B isolated(file):0kB mapped:74640kB dirty:0kB writeback:0kB shmem:0kB shmem=
_thp: 0kB shmem_pmdmapped: 0kB anon_thp: 27580kB writeback_tmp:0kB unstable=
:0kB pages_scanned:3111372 all_unreclaimable? yes
   [31638.530322] DMA free:4116kB min:788kB low:984kB high:1180kB active_an=
on:0kB inactive_anon:0kB active_file:1568kB inactive_file:0kB unevictable:0=
kB writepending:0kB present:15984kB managed:15908kB mlocked:0kB slab_reclai=
mable:9848kB slab_unreclaimable:376kB kernel_stack:0kB pagetables:0kB bounc=
e:0kB free_pcp:0kB local_pcp:0kB free_cma:0kB
   lowmem_reserve[]: 0 833 3008 3008
   [31638.530335] Normal free:42388kB min:42416kB low:53020kB high:63624kB =
active_anon:1340kB inactive_anon:19968kB active_file:574424kB inactive_file=
:88kB unevictable:0kB writepending:0kB present:892920kB managed:854328kB ml=
ocked:0kB slab_reclaimable:160220kB slab_unreclaimable:44556kB kernel_stack=
:2744kB pagetables:0kB bounce:0kB free_pcp:240kB local_pcp:120kB free_cma:0=
kB
   lowmem_reserve[]: 0 0 17397 17397
   [31638.530347] HighMem free:958580kB min:512kB low:28168kB high:55824kB =
active_anon:104592kB inactive_anon:29908kB active_file:681068kB inactive_fi=
le:413012kB unevictable:28468kB writepending:0kB present:2226888kB managed:=
2226888kB mlocked:28468kB slab_reclaimable:0kB slab_unreclaimable:0kB kerne=
l_stack:0kB pagetables:1876kB bounce:0kB free_pcp:0kB local_pcp:0kB free_cm=
a:0kB
   lowmem_reserve[]: 0 0 0 0
   [31638.530355] DMA: 1*4kB (U) 2*8kB (UE) 0*16kB 0*32kB 0*64kB 4*128kB (U=
E) 4*256kB (E) 3*512kB (UE) 1*1024kB (U) 0*2048kB 0*4096kB =3D 4116kB
   Normal: 625*4kB (UME) 562*8kB (ME) 108*16kB (UME) 345*32kB (UME) 167*64k=
B (UME) 51*128kB (UME) 21*256kB (UME) 0*512kB 0*1024kB 0*2048kB 0*4096kB =
=3D 42356kB
   HighMem: 15917*4kB (UM) 13408*8kB (UM) 7374*16kB (UM) 3559*32kB (UM) 170=
2*64kB (UM) 533*128kB (UM) 201*256kB (UM) 137*512kB (UM) 53*1024kB (UM) 31*=
2048kB (UM) 34*4096kB (M) =3D 958580kB
   426847 total pagecache pages
   [31638.530413] 207 pages in swap cache
   [31638.530416] Swap cache stats: add 6663, delete 6456, find 2500/2989
   [31638.530418] Free swap  =3D 2093200kB
   [31638.530420] Total swap =3D 2096476kB
   [31638.530422] 783948 pages RAM
   [31638.530424] 556722 pages HighMem/MovableOnly
   [31638.530426] 9667 pages reserved
   [31638.530428] [ pid ]   uid  tgid total_vm      rss nr_ptes nr_pmds swa=
pents oom_score_adj name
   [31638.530434] [  216]     0   216     2929      818       5       0    =
    0         -1000 udevd
   [31638.530439] [ 1669]     0  1669     1232       45       5       0    =
    0             0 acpi_fakekeyd
   [31638.530444] [ 1685]     0  1685     3233      523       5       0    =
    0         -1000 auditd
   [31638.530448] [ 2024]     0  2024     7688      343       8       0    =
    0             0 lxcfs
   [31638.530451] [ 2053]     0  2053      558       18       4       0    =
    0             0 thinkfan
   [31638.530455] [ 2054]     0  2054      559      196       4       0    =
    0             0 startpar
   [31638.530459] [ 2056]     0  2056     7910      609       6       0    =
    0             0 rsyslogd
   [31638.530463] [ 2060]     0  2060     5413      142       6       0    =
    0             0 lvmetad
   [31638.530467] [ 2101]     0  2101      601       23       3       0    =
    0             0 uuidd
   [31638.530470] [ 2198]     0  2198      595      434       4       0    =
    0             0 acpid
   [31638.530474] [ 2281]     0  2281     2003     1047       5       0    =
    0             0 haveged
   [31638.530478] [ 2294]     8  2294     1058      633       4       0    =
    0             0 nullmailer-send
   [31638.530482] [ 2307]   103  2307     1108      658       4       0    =
    0             0 dbus-daemon
   [31638.530486] [ 2354]     0  2354     7111      502       7       0    =
    0             0 pcscd
   [31638.530489] [ 2459]     0  2459     1451      973       5       0    =
    0             0 bluetoothd
   [31638.530493] [ 2488]   124  2488      824      594       4       0    =
    0             0 ulogd
   [31638.530497] [ 2545]     0  2545     2129      726       4       0    =
    0         -1000 sshd
   [31638.530501] [ 2566]     0  2566     1460      580       6       0    =
    0             0 smartd
   [31638.530505] [ 2572]   110  2572     5360     2884       8       0    =
    0             0 unbound
   [31638.530509] [ 2626]     0  2626     8317     3717       9       0    =
    0             0 wicd
   [31638.530512] [ 2675]     0  2675     1406      608       5       0    =
    0             0 cron
   [31638.530516] [ 2703]   121  2703     9921      741       8       0    =
    0             0 privoxy
   [31638.530520] [ 2729]     0  2729     1511      571       5       0    =
    0             0 wdm
   [31638.530524] [ 2736]     0  2736     1511      603       5       0    =
    0             0 wdm
   [31638.530528] [ 2746]     0  2746    24378    10737      24       0    =
    0             0 Xorg
   [31638.530532] [ 2761]     0  2761     4975     3281       8       0    =
    0             0 wicd-monitor
   [31638.530535] [ 2827]     0  2827      553      132       4       0    =
    0             0 mingetty
   [31638.530539] [ 2833]     0  2833     1698     1013       5       0    =
    0             0 wdm
   [31638.530543] [ 2849] 10230  2849    13599     3304      11       0    =
    0             0 fvwm2
   [31638.530547] [ 2903] 10230  2903     1136      605       6       0    =
    0             0 dbus-launch
   [31638.530550] [ 2904] 10230  2904     1075      604       5       0    =
    0             0 dbus-daemon
   [31638.530554] [ 2921] 10230  2921     8450      409       8       0    =
    0             0 gpg-agent
   [31638.530558] [ 2925] 10230  2925     3957      730       5       0    =
    0             0 tpb
   [31638.530562] [ 2937] 10230  2937     2099     1271       6       0    =
    0             0 xscreensaver
   [31638.530566] [ 2939] 10230  2939     2937      633       7       0    =
    0             0 redshift
   [31638.530570] [ 2949] 10230  2949     1284      620       4       0    =
    0             0 autocutsel
   [31638.530574] [ 2956] 10230  2956    10940     5171      12       0    =
    0             0 gkrellm
   [31638.530578] [ 2958] 10230  2958    11297     8193      15       0    =
    0             0 wicd-client
   [31638.530582] [ 2980] 10230  2980     1047      301       5       0    =
    0             0 FvwmCommandS
   [31638.530585] [ 2981] 10230  2981     1528      451       5       0    =
    0             0 FvwmEvent
   [31638.530589] [ 2982] 10230  2982    12182     2117      10       0    =
    0             0 FvwmAnimate
   [31638.530593] [ 2983] 10230  2983    12808     2430      11       0    =
    0             0 FvwmButtons
   [31638.530597] [ 2984] 10230  2984    13311     2697      12       0    =
    0             0 FvwmProxy
   [31638.530601] [ 2985] 10230  2985     1507      406       5       0    =
    0             0 FvwmAuto
   [31638.530605] [ 2986] 10230  2986    12803     2412      11       0    =
    0             0 FvwmPager
   [31638.530609] [ 2987] 10230  2987      581      145       3       0    =
    0             0 sh
   [31638.530613] [ 2988] 10230  2988     1063      703       4       0    =
    0             0 stalonetray
   [31638.530616] [ 3293] 10230  3293     2717     1591       6       0    =
    0             0 xterm
   [31638.530620] [ 3296] 10230  3296     2115     1420       5       0    =
    0             0 zsh
   [31638.530624] [ 3528] 10230  3528     3638     2452       7       0    =
    0             0 xterm
   [31638.530628] [ 3530] 10230  3530     2495     1325       6       0    =
    0             0 ssh
   [31638.530631] [ 3537]     0  3537     2866     1412       6       0    =
    0             0 sshd
   [31638.530635] [ 3541] 10230  3541     8278      817       8       0    =
    0             0 scdaemon
   [31638.530639] [ 3552] 10230  3552     2561      709       6       0    =
    0             0 ssh
   [31638.530643] [ 3555]     0  3555     2524     1850       7       0    =
    0             0 zsh
   [31638.530647] [ 4218] 10230  4218     2817     1648       6       0    =
    0             0 xterm
   [31638.530651] [ 4221] 10230  4221     2331     1647       5       0    =
    0             0 zsh
   [31638.530655] [16352] 10230 16352     2808     1618       6       0    =
    0             0 xterm
   [31638.530658] [16355] 10230 16355     2069     1379       6       0    =
    0             0 zsh
   [31638.530663] [ 7316]     0  7316      581      393       4       0    =
    0             0 battery-stats-c
   [31638.530666] [ 7425]     0  7425     7567     7069      11       0    =
    0         -1000 ulatencyd
   [31638.530670] [32456]     0 32456     1453      701       5       0    =
    0             0 top
   [31638.530675] [ 1858]     0  1858     2190      798       4       0    =
    0             0 wpa_supplicant
   [31638.530678] [ 1907]     0  1907     2026      180       4       0    =
    0             0 dhclient
   [31638.530682] [ 1957] 65534  1957     2288     1441       5       0    =
    0             0 openvpn
   [31638.530686] [ 1965]   120  1965     8484     7507      12       0    =
    0             0 tor
   [31638.530690] [ 1974]     0  1974      557      143       4       0    =
    0             0 sleep
   [31638.530693] [ 2033] 10230  2033    45486     2635      27       0    =
    0             0 git
   [31638.530696] Out of memory: Kill process 2746 (Xorg) score 8 or sacrif=
ice child
   [31638.530706] Killed process 2746 (Xorg) total-vm:97512kB, anon-rss:264=
84kB, file-rss:15300kB, shmem-rss:1164kB
   [31638.537455] oom_reaper: reaped process 2746 (Xorg), now anon-rss:0kB,=
 file-rss:0kB, shmem-rss:1164kB

   [31638.619661] Xorg invoked oom-killer: gfp_mask=3D0x24200d4(GFP_USER|GF=
P_DMA32|__GFP_RECLAIMABLE), nodemask=3D0, order=3D0, oom_score_adj=3D0
   [31638.619667] Xorg cpuset=3D/ mems_allowed=3D0
   [31638.619675] CPU: 1 PID: 2746 Comm: Xorg Tainted: G     U     O    4.9=
=2E0 #1
   [31638.619678] Hardware name: LENOVO 7669A26/7669A26, BIOS 7NETB3WW (2.1=
3 ) 04/30/2008
   [31638.619681]  f2c25a1c c12b4830 f2c25a1c f36e7380 c113d7e1 f2c25988 00=
000206 c12b99df
   [31638.619689]  f44bd31c 0001dcce 4e78dcce f36e7380 f36e77ac c159e597 f2=
c25a1c c10e9553
   [31638.619697]  00000000 f093d280 00000000 0013cfe0 c10e91fb 00000000 00=
000000 00000006
   [31638.619704] Call Trace:
   [31638.619713]  [<c12b4830>] ? dump_stack+0x44/0x64
   [31638.619719]  [<c113d7e1>] ? dump_header+0x5d/0x1b7
   [31638.619723]  [<c12b99df>] ? ___ratelimit+0x8f/0xf0
   [31638.619727]  [<c10e9553>] ? oom_kill_process+0x203/0x3d0
   [31638.619731]  [<c10e91fb>] ? oom_badness.part.12+0xeb/0x160
   [31638.619735]  [<c10e99de>] ? out_of_memory+0xde/0x290
   [31638.619739]  [<c10ed72c>] ? __alloc_pages_nodemask+0xc3c/0xc50
   [31638.619743]  [<c106e838>] ? update_curr+0x58/0xf0
   [31638.619748]  [<c111f747>] ? __read_swap_cache_async+0x117/0x1d0
   [31638.619752]  [<c111f825>] ? read_swap_cache_async+0x25/0x50
   [31638.619756]  [<c111f92b>] ? swapin_readahead+0xdb/0x180
   [31638.619760]  [<c10fd30b>] ? shmem_getpage_gfp+0x8ab/0xbb0
   [31638.619765]  [<c14c079d>] ? schedule+0x2d/0x80
   [31638.619769]  [<c14c194f>] ? wait_for_completion+0xbf/0xe0
   [31638.619773]  [<c10fd652>] ? shmem_read_mapping_page_gfp+0x42/0x70
   [31638.619806]  [<f893ca21>] ? i915_gem_object_get_pages_gtt+0x1e1/0x3d0=
 [i915]
   [31638.619830]  [<f89374b1>] ? ggtt_bind_vma+0x41/0x70 [i915]
   [31638.619853]  [<f893d265>] ? i915_gem_object_get_pages+0x35/0xb0 [i915]
   [31638.619877]  [<f893f207>] ? __i915_vma_do_pin+0x117/0x6b0 [i915]
   [31638.619901]  [<f89305de>] ? i915_gem_execbuffer_reserve_vma.isra.36+0=
x15e/0x1f0 [i915]
   [31638.619924]  [<f8930a7b>] ? i915_gem_execbuffer_reserve.isra.37+0x40b=
/0x440 [i915]
   [31638.619948]  [<f8932431>] ? i915_gem_do_execbuffer.isra.40+0x5d1/0x11=
d0 [i915]
   [31638.619953]  [<c113d739>] ? __check_object_size+0xd9/0x124
   [31638.619956]  [<c113d739>] ? __check_object_size+0xd9/0x124
   [31638.619979]  [<f8933485>] ? i915_gem_execbuffer2+0x95/0x230 [i915]
   [31638.620002]  [<f89333f0>] ? i915_gem_execbuffer+0x3c0/0x3c0 [i915]
   [31638.620012]  [<f824d666>] ? drm_ioctl+0x1c6/0x400 [drm]
   [31638.620012]  [<f89333f0>] ? i915_gem_execbuffer+0x3c0/0x3c0 [i915]
   [31638.620012]  [<f824d4a0>] ? drm_getunique+0x60/0x60 [drm]
   [31638.620012]  [<c115354f>] ? do_vfs_ioctl+0x8f/0x780
   [31638.620012]  [<c10c91de>] ? __audit_syscall_entry+0xae/0x110
   [31638.620012]  [<c10011b3>] ? syscall_trace_enter+0x183/0x200
   [31638.620012]  [<c10c8db1>] ? audit_filter_inodes+0xc1/0x100
   [31638.620012]  [<c10c88b5>] ? audit_filter_syscall+0xa5/0xd0
   [31638.620012]  [<c115d671>] ? __fget+0x61/0xb0
   [31638.620012]  [<c1153c6e>] ? SyS_ioctl+0x2e/0x50
   [31638.620012]  [<c10014e9>] ? do_fast_syscall_32+0x79/0x130
   [31638.620012]  [<c14c4762>] ? sysenter_past_esp+0x47/0x75
   [31638.623187] Mem-Info:
   [31638.623195] active_anon:20008 inactive_anon:12217 isolated_anon:96
   [31638.623195]  active_file:314290 inactive_file:103275 isolated_file:0
   [31638.623195]  unevictable:7117 dirty:0 writeback:0 unstable:0
   [31638.623195]  slab_reclaimable:42517 slab_unreclaimable:11233
   [31638.623195]  mapped:16260 shmem:6895 pagetables:469 bounce:0
   [31638.623195]  free:257430 free_pcp:456 free_cma:0
   [31638.623206] Node 0 active_anon:80032kB inactive_anon:48868kB active_f=
ile:1257160kB inactive_file:413100kB unevictable:28468kB isolated(anon):384=
kB isolated(file):0kB mapped:65040kB dirty:0kB writeback:0kB shmem:0kB shme=
m_thp: 0kB shmem_pmdmapped: 0kB anon_thp: 27580kB writeback_tmp:0kB unstabl=
e:0kB pages_scanned:1652269 all_unreclaimable? no
   [31638.623214] DMA free:4116kB min:788kB low:984kB high:1180kB active_an=
on:0kB inactive_anon:0kB active_file:1568kB inactive_file:0kB unevictable:0=
kB writepending:0kB present:15984kB managed:15908kB mlocked:0kB slab_reclai=
mable:9848kB slab_unreclaimable:376kB kernel_stack:0kB pagetables:0kB bounc=
e:0kB free_pcp:0kB local_pcp:0kB free_cma:0kB
   lowmem_reserve[]: 0 833 3008 3008
   [31638.623227] Normal free:42348kB min:42416kB low:53020kB high:63624kB =
active_anon:388kB inactive_anon:19600kB active_file:574560kB inactive_file:=
88kB unevictable:0kB writepending:0kB present:892920kB managed:854328kB mlo=
cked:0kB slab_reclaimable:160220kB slab_unreclaimable:44556kB kernel_stack:=
2744kB pagetables:0kB bounce:0kB free_pcp:1072kB local_pcp:836kB free_cma:0=
kB
   lowmem_reserve[]: 0 0 17397 17397
   [31638.623239] HighMem free:983256kB min:512kB low:28168kB high:55824kB =
active_anon:79692kB inactive_anon:29408kB active_file:681068kB inactive_fil=
e:413012kB unevictable:28468kB writepending:0kB present:2226888kB managed:2=
226888kB mlocked:28468kB slab_reclaimable:0kB slab_unreclaimable:0kB kernel=
_stack:0kB pagetables:1876kB bounce:0kB free_pcp:752kB local_pcp:628kB free=
_cma:0kB
   lowmem_reserve[]: 0 0 0 0
   [31638.623247] DMA: 1*4kB (U) 2*8kB (UE) 0*16kB 0*32kB 0*64kB 4*128kB (U=
E) 4*256kB (E) 3*512kB (UE) 1*1024kB (U) 0*2048kB 0*4096kB =3D 4116kB
   Normal: 655*4kB (UME) 554*8kB (UME) 110*16kB (UME) 342*32kB (UME) 167*64=
kB (UME) 51*128kB (UME) 21*256kB (UME) 0*512kB 0*1024kB 0*2048kB 0*4096kB =
=3D 42348kB
   HighMem: 16488*4kB (UM) 13685*8kB (UM) 7559*16kB (UM) 3655*32kB (UM) 174=
9*64kB (UM) 554*128kB (UM) 212*256kB (UM) 142*512kB (UM) 56*1024kB (UM) 31*=
2048kB (UM) 34*4096kB (M) =3D 983256kB
   426884 total pagecache pages
   [31638.623306] 207 pages in swap cache
   [31638.623309] Swap cache stats: add 6663, delete 6456, find 2500/2989
   [31638.623311] Free swap  =3D 2093200kB
   [31638.623313] Total swap =3D 2096476kB
   [31638.623315] 783948 pages RAM
   [31638.623317] 556722 pages HighMem/MovableOnly
   [31638.623319] 9667 pages reserved
   [31638.623321] [ pid ]   uid  tgid total_vm      rss nr_ptes nr_pmds swa=
pents oom_score_adj name
   [31638.623327] [  216]     0   216     2929      818       5       0    =
    0         -1000 udevd
   [31638.623333] [ 1669]     0  1669     1232       45       5       0    =
    0             0 acpi_fakekeyd
   [31638.623337] [ 1685]     0  1685     3233      523       5       0    =
    0         -1000 auditd
   [31638.623342] [ 2024]     0  2024     7688      343       8       0    =
    0             0 lxcfs
   [31638.623346] [ 2053]     0  2053      558       18       4       0    =
    0             0 thinkfan
   [31638.623350] [ 2054]     0  2054      559      196       4       0    =
    0             0 startpar
   [31638.623353] [ 2056]     0  2056     7910      609       6       0    =
    0             0 rsyslogd
   [31638.623357] [ 2060]     0  2060     5413      142       6       0    =
    0             0 lvmetad
   [31638.623361] [ 2101]     0  2101      601       23       3       0    =
    0             0 uuidd
   [31638.623365] [ 2198]     0  2198      595      434       4       0    =
    0             0 acpid
   [31638.623368] [ 2281]     0  2281     2003     1047       5       0    =
    0             0 haveged
   [31638.623372] [ 2294]     8  2294     1058      633       4       0    =
    0             0 nullmailer-send
   [31638.623376] [ 2307]   103  2307     1108      658       4       0    =
    0             0 dbus-daemon
   [31638.623380] [ 2354]     0  2354     7111      502       7       0    =
    0             0 pcscd
   [31638.623384] [ 2459]     0  2459     1451      973       5       0    =
    0             0 bluetoothd
   [31638.623387] [ 2488]   124  2488      824      594       4       0    =
    0             0 ulogd
   [31638.623392] [ 2545]     0  2545     2129      726       4       0    =
    0         -1000 sshd
   [31638.623395] [ 2566]     0  2566     1460      580       6       0    =
    0             0 smartd
   [31638.623399] [ 2572]   110  2572     5360     2884       8       0    =
    0             0 unbound
   [31638.623403] [ 2626]     0  2626     8317     3717       9       0    =
    0             0 wicd
   [31638.623407] [ 2675]     0  2675     1406      608       5       0    =
    0             0 cron
   [31638.623411] [ 2703]   121  2703     9921      741       8       0    =
    0             0 privoxy
   [31638.623415] [ 2729]     0  2729     1511      571       5       0    =
    0             0 wdm
   [31638.623418] [ 2736]     0  2736     1511      603       5       0    =
    0             0 wdm
   [31638.623423] [ 2746]     0  2746    24378      291      24       0    =
    0             0 Xorg
   [31638.623426] [ 2761]     0  2761     4975     3281       8       0    =
    0             0 wicd-monitor
   [31638.623430] [ 2827]     0  2827      553      132       4       0    =
    0             0 mingetty
   [31638.623434] [ 2833]     0  2833     1698     1013       5       0    =
    0             0 wdm
   [31638.623438] [ 2849] 10230  2849    13599     3304      11       0    =
    0             0 fvwm2
   [31638.623442] [ 2903] 10230  2903     1136      605       6       0    =
    0             0 dbus-launch
   [31638.623446] [ 2904] 10230  2904     1075      604       5       0    =
    0             0 dbus-daemon
   [31638.623450] [ 2921] 10230  2921     8450      409       8       0    =
    0             0 gpg-agent
   [31638.623454] [ 2925] 10230  2925     3957      730       5       0    =
    0             0 tpb
   [31638.623458] [ 2937] 10230  2937     2099     1271       6       0    =
    0             0 xscreensaver
   [31638.623462] [ 2939] 10230  2939     2937      633       7       0    =
    0             0 redshift
   [31638.623466] [ 2949] 10230  2949     1284      620       4       0    =
    0             0 autocutsel
   [31638.623469] [ 2956] 10230  2956    10940     5171      12       0    =
    0             0 gkrellm
   [31638.623473] [ 2958] 10230  2958    11297     8193      15       0    =
    0             0 wicd-client
   [31638.623477] [ 2980] 10230  2980     1047      301       5       0    =
    0             0 FvwmCommandS
   [31638.623481] [ 2981] 10230  2981     1528      451       5       0    =
    0             0 FvwmEvent
   [31638.623485] [ 2982] 10230  2982    12182     2117      10       0    =
    0             0 FvwmAnimate
   [31638.623489] [ 2983] 10230  2983    12808     2430      11       0    =
    0             0 FvwmButtons
   [31638.623493] [ 2984] 10230  2984    13311     2697      12       0    =
    0             0 FvwmProxy
   [31638.623497] [ 2985] 10230  2985     1507      406       5       0    =
    0             0 FvwmAuto
   [31638.623501] [ 2986] 10230  2986    12803     2412      11       0    =
    0             0 FvwmPager
   [31638.623505] [ 2987] 10230  2987      581      145       3       0    =
    0             0 sh
   [31638.623509] [ 2988] 10230  2988     1063      703       4       0    =
    0             0 stalonetray
   [31638.623513] [ 3293] 10230  3293     2717     1591       6       0    =
    0             0 xterm
   [31638.623516] [ 3296] 10230  3296     2115     1420       5       0    =
    0             0 zsh
   [31638.623520] [ 3528] 10230  3528     3638     2452       7       0    =
    0             0 xterm
   [31638.623524] [ 3530] 10230  3530     2495     1325       6       0    =
    0             0 ssh
   [31638.623528] [ 3537]     0  3537     2866     1412       6       0    =
    0             0 sshd
   [31638.623532] [ 3541] 10230  3541     8278      817       8       0    =
    0             0 scdaemon
   [31638.623535] [ 3552] 10230  3552     2561      709       6       0    =
    0             0 ssh
   [31638.623539] [ 3555]     0  3555     2524     1850       7       0    =
    0             0 zsh
   [31638.623544] [ 4218] 10230  4218     2817     1648       6       0    =
    0             0 xterm
   [31638.623548] [ 4221] 10230  4221     2331     1647       5       0    =
    0             0 zsh
   [31638.623551] [16352] 10230 16352     2808     1618       6       0    =
    0             0 xterm
   [31638.623555] [16355] 10230 16355     2069     1379       6       0    =
    0             0 zsh
   [31638.623559] [ 7316]     0  7316      581      393       4       0    =
    0             0 battery-stats-c
   [31638.623564] [ 7425]     0  7425     7567     7069      11       0    =
    0         -1000 ulatencyd
   [31638.623568] [32456]     0 32456     1453      701       5       0    =
    0             0 top
   [31638.623572] [ 1858]     0  1858     2190      798       4       0    =
    0             0 wpa_supplicant
   [31638.623576] [ 1907]     0  1907     2026      180       4       0    =
    0             0 dhclient
   [31638.623580] [ 1957] 65534  1957     2288     1441       5       0    =
    0             0 openvpn
   [31638.623584] [ 1965]   120  1965     8484     7507      12       0    =
    0             0 tor
   [31638.623588] [ 1974]     0  1974      557      143       4       0    =
    0             0 sleep
   [31638.623592] [ 2033] 10230  2033    45486     2635      27       0    =
    0             0 git
   [31638.623595] Out of memory: Kill process 2958 (wicd-client) score 6 or=
 sacrifice child
   [31638.623606] Killed process 2958 (wicd-client) total-vm:45188kB, anon-=
rss:8900kB, file-rss:23496kB, shmem-rss:376kB


   [47073.478113] Xorg invoked oom-killer: gfp_mask=3D0x24200d4(GFP_USER|GF=
P_DMA32|__GFP_RECLAIMABLE), order=3D0, oom_score_adj=3D0
   [47073.478116] Xorg cpuset=3D/ mems_allowed=3D0
   [47073.478125] CPU: 0 PID: 2631 Comm: Xorg Tainted: G     U     O    4.8=
=2E15 #1
   [47073.478127] Hardware name: LENOVO 7669A26/7669A26, BIOS 7NETB3WW (2.1=
3 ) 04/30/2008
   [47073.478131]  00000286 8d0bfcbf c12b1260 f3741ba0 f0a5ca40 c113c257 c1=
5933a0 f3b78be4
   [47073.478139]  024200d4 f3741bac 00000000 00000000 00000000 00000206 c1=
2b63ef 00000000
   [47073.478146]  f447d0d8 00018840 f0a5ca40 f0a5ce6c c15910eb f3741ba0 c1=
0e7b4e c105fe23
   [47073.478153] Call Trace:
   [47073.478163]  [<c12b1260>] ? dump_stack+0x44/0x64
   [47073.478168]  [<c113c257>] ? dump_header+0x43/0x19f
   [47073.478172]  [<c12b63ef>] ? ___ratelimit+0x8f/0xf0
   [47073.478177]  [<c10e7b4e>] ? oom_kill_process+0x1fe/0x3c0
   [47073.478181]  [<c105fe23>] ? notifier_call_chain+0x43/0x60
   [47073.478185]  [<c104e3de>] ? has_ns_capability_noaudit+0x2e/0x40
   [47073.478189]  [<c10e72fb>] ? oom_badness.part.11+0xeb/0x160
   [47073.478193]  [<c10e7f4f>] ? out_of_memory+0x1ef/0x230
   [47073.478197]  [<c10ebab6>] ? __alloc_pages_nodemask+0xaf6/0xb30
   [47073.478202]  [<c10fa877>] ? shmem_alloc_and_acct_page+0x137/0x210
   [47073.478205]  [<c10e3a55>] ? find_get_entry+0xd5/0x110
   [47073.478208]  [<c10fb1a5>] ? shmem_getpage_gfp+0x165/0xbb0
   [47073.478212]  [<c10fcd6b>] ? shmem_truncate_range+0x3b/0x70
   [47073.478246]  [<f888d09d>] ? i915_gem_object_truncate+0x2d/0x50 [i915]
   [47073.478271]  [<f88961a9>] ? i915_gem_shrink+0x249/0x2e0 [i915]
   [47073.478275]  [<c10fbc32>] ? shmem_read_mapping_page_gfp+0x42/0x70
   [47073.478299]  [<f888de2b>] ? i915_gem_object_get_pages_gtt+0x1eb/0x3e0=
 [i915]
   [47073.478303]  [<c1159100>] ? inode_init_always+0xd0/0x160
   [47073.478327]  [<f888efb9>] ? i915_gem_object_get_pages+0x39/0xc0 [i915]
   [47073.478348]  [<f88720a9>] ? intel_runtime_pm_get+0x19/0xa0 [i915]
   [47073.478360]  [<f80869e8>] ? drm_gem_object_lookup+0x48/0x90 [drm]
   [47073.478384]  [<f88949b3>] ? i915_gem_pwrite_ioctl+0x803/0xcc0 [i915]
   [47073.478388]  [<c12b1dc9>] ? idr_mark_full+0x49/0x60
   [47073.478392]  [<c112c2c4>] ? __check_heap_object+0x54/0xa0
   [47073.478396]  [<c113c1c9>] ? __check_object_size+0xd9/0x124
   [47073.478399]  [<c113c1c9>] ? __check_object_size+0xd9/0x124
   [47073.478424]  [<f88dc89f>] ? intel_frontbuffer_flush+0x2f/0x70 [i915]
   [47073.478435]  [<f8094da9>] ? drm_mode_dirtyfb_ioctl+0x159/0x180 [drm]
   [47073.478439]  [<c113c1c9>] ? __check_object_size+0xd9/0x124
   [47073.478442]  [<c113c1c9>] ? __check_object_size+0xd9/0x124
   [47073.478451]  [<f80869e8>] ? drm_gem_object_lookup+0x48/0x90 [drm]
   [47073.478475]  [<f88941b0>] ? i915_gem_pread_ioctl+0x940/0x940 [i915]
   [47073.478484]  [<f808780a>] ? drm_ioctl+0x16a/0x410 [drm]
   [47073.478509]  [<f88941b0>] ? i915_gem_pread_ioctl+0x940/0x940 [i915]
   [47073.478513]  [<c106e419>] ? task_tick_fair+0x469/0xd80
   [47073.478523]  [<f80876a0>] ? drm_getunique+0x60/0x60 [drm]
   [47073.478526]  [<c1151e9f>] ? do_vfs_ioctl+0x8f/0x780
   [47073.478530]  [<c10c767e>] ? __audit_syscall_entry+0xae/0x110
   [47073.478534]  [<c100123a>] ? syscall_trace_enter+0x1ca/0x1f0
   [47073.478538]  [<c115bec1>] ? __fget+0x61/0xb0
   [47073.478541]  [<c11525be>] ? SyS_ioctl+0x2e/0x50
   [47073.478544]  [<c1001510>] ? do_fast_syscall_32+0x80/0x130
   [47073.478549]  [<c14ba38a>] ? sysenter_past_esp+0x47/0x75
   [47073.478551] Mem-Info:
   [47073.478558] active_anon:102174 inactive_anon:63513 isolated_anon:0
   [47073.478558]  active_file:315076 inactive_file:158931 isolated_file:0
   [47073.478558]  unevictable:7141 dirty:0 writeback:0 unstable:0
   [47073.478558]  slab_reclaimable:41926 slab_unreclaimable:11510
   [47073.478558]  mapped:52152 shmem:10692 pagetables:777 bounce:0
   [47073.478558]  free:67706 free_pcp:459 free_cma:0
   [47073.478569] Node 0 active_anon:408696kB inactive_anon:254052kB active=
_file:1260304kB inactive_file:635724kB unevictable:28564kB isolated(anon):0=
kB isolated(file):0kB mapped:208608kB dirty:0kB writeback:0kB shmem:0kB shm=
em_thp: 0kB shmem_pmdmapped: 0kB anon_thp: 42768kB writeback_tmp:0kB unstab=
le:0kB pages_scanned:7264420 all_unreclaimable? yes
   [47073.478576] DMA free:4020kB min:788kB low:984kB high:1180kB active_an=
on:0kB inactive_anon:0kB active_file:8096kB inactive_file:0kB unevictable:0=
kB writepending:0kB present:15984kB managed:15908kB mlocked:0kB slab_reclai=
mable:3496kB slab_unreclaimable:288kB kernel_stack:8kB pagetables:0kB bounc=
e:0kB free_pcp:0kB local_pcp:0kB free_cma:0kB
   [47073.478579] lowmem_reserve[]: 0 833 3008 3008
   [47073.478589] Normal free:42372kB min:42416kB low:53020kB high:63624kB =
active_anon:208kB inactive_anon:21208kB active_file:568680kB inactive_file:=
28kB unevictable:0kB writepending:0kB present:892920kB managed:854340kB mlo=
cked:0kB slab_reclaimable:164208kB slab_unreclaimable:45752kB kernel_stack:=
2904kB pagetables:0kB bounce:0kB free_pcp:940kB local_pcp:380kB free_cma:0kB
   [47073.478591] lowmem_reserve[]: 0 0 17397 17397
   [47073.478601] HighMem free:224432kB min:512kB low:28164kB high:55816kB =
active_anon:408488kB inactive_anon:232804kB active_file:683608kB inactive_f=
ile:635696kB unevictable:28564kB writepending:0kB present:2226888kB managed=
:2226888kB mlocked:28564kB slab_reclaimable:0kB slab_unreclaimable:0kB kern=
el_stack:0kB pagetables:3108kB bounce:0kB free_pcp:896kB local_pcp:176kB fr=
ee_cma:0kB
   [47073.478603] lowmem_reserve[]: 0 0 0 0
   [47073.478608] DMA: 1*4kB (U) 0*8kB 1*16kB (U) 3*32kB (UE) 3*64kB (UE) 1=
*128kB (E) 2*256kB (UE) 2*512kB (U) 2*1024kB (U) 0*2048kB 0*4096kB =3D 4020=
kB
   [47073.478628] Normal: 241*4kB (ME) 142*8kB (UME) 57*16kB (UME) 35*32kB =
(ME) 35*64kB (UM) 27*128kB (UME) 33*256kB (UME) 13*512kB (UME) 7*1024kB (ME=
) 3*2048kB (E) 1*4096kB (E) =3D 42340kB
   [47073.478648] HighMem: 2605*4kB (UM) 389*8kB (UM) 668*16kB (UM) 869*32k=
B (UM) 863*64kB (UM) 314*128kB (UM) 31*256kB (UM) 19*512kB (M) 20*1024kB (M=
) 7*2048kB (M) 6*4096kB (UM) =3D 224508kB
   [47073.478668] 486900 total pagecache pages
   [47073.478671] 0 pages in swap cache
   [47073.478673] Swap cache stats: add 327, delete 327, find 23/27
   [47073.478676] Free swap  =3D 2095796kB
   [47073.478677] Total swap =3D 2096476kB
   [47073.478679] 783948 pages RAM
   [47073.478681] 556722 pages HighMem/MovableOnly
   [47073.478683] 9664 pages reserved
   [47073.478685] [ pid ]   uid  tgid total_vm      rss nr_ptes nr_pmds swa=
pents oom_score_adj name
   [47073.478691] [  218]     0   218     2974      896       5       0    =
    0         -1000 udevd
   [47073.478696] [ 1658]     0  1658     3233      538       5       0    =
    0         -1000 auditd
   [47073.478700] [ 1760]     0  1760     5349      343       7       0    =
    0             0 lxcfs
   [47073.478704] [ 1778]     0  1778     5413      158       6       0    =
    0             0 lvmetad
   [47073.478707] [ 1803]     0  1803     7910      621       7       0    =
    0             0 rsyslogd
   [47073.478711] [ 1966]     0  1966      581      403       4       0    =
    0             0 battery-stats-c
   [47073.478714] [ 1994]     0  1994      595      439       4       0    =
    0             0 acpid
   [47073.478718] [ 2034]     0  2034     2003     1046       5       0    =
    0             0 haveged
   [47073.478721] [ 2041]   103  2041     1108      677       4       0    =
    0             0 dbus-daemon
   [47073.478725] [ 2063]     8  2063     1058      631       5       0    =
    0             0 nullmailer-send
   [47073.478729] [ 2134]     0  2134     7111      485       6       0    =
    0             0 pcscd
   [47073.478732] [ 2168]     0  2168     1451      994       4       0    =
    0             0 bluetoothd
   [47073.478736] [ 2222]     0  2222     2129      707       6       0    =
    0         -1000 sshd
   [47073.478740] [ 2232]     0  2232     1460      551       5       0    =
    0             0 smartd
   [47073.478743] [ 2287]     0  2287      558       19       4       0    =
    0             0 thinkfan
   [47073.478747] [ 2288]     0  2288      559      184       4       0    =
    0             0 startpar
   [47073.478750] [ 2303]   124  2303      824      592       4       0    =
    0             0 ulogd
   [47073.478754] [ 2376]     0  2376      601       23       4       0    =
    0             0 uuidd
   [47073.478757] [ 2454]   110  2454     5497     2987      10       0    =
    0             0 unbound
   [47073.478761] [ 2531]     0  2531     8563     4029      11       0    =
