Return-Path: <owner-linux-mm@kvack.org>
Received: from mail-wm0-f70.google.com (mail-wm0-f70.google.com [74.125.82.70])
	by kanga.kvack.org (Postfix) with ESMTP id 805376B0253
	for <linux-mm@kvack.org>; Fri, 12 Aug 2016 03:03:24 -0400 (EDT)
Received: by mail-wm0-f70.google.com with SMTP id l4so8397227wml.0
        for <linux-mm@kvack.org>; Fri, 12 Aug 2016 00:03:24 -0700 (PDT)
Received: from mail-wm0-x242.google.com (mail-wm0-x242.google.com. [2a00:1450:400c:c09::242])
        by mx.google.com with ESMTPS id j73si1096243wmj.93.2016.08.12.00.03.19
        for <linux-mm@kvack.org>
        (version=TLS1_2 cipher=ECDHE-RSA-AES128-GCM-SHA256 bits=128/128);
        Fri, 12 Aug 2016 00:03:20 -0700 (PDT)
Received: by mail-wm0-x242.google.com with SMTP id i138so1189657wmf.3
        for <linux-mm@kvack.org>; Fri, 12 Aug 2016 00:03:19 -0700 (PDT)
Received: from xps.localnet ([91.234.176.247])
        by smtp.gmail.com with ESMTPSA id wc3sm6064717wjc.47.2016.08.12.00.03.15
        for <linux-mm@kvack.org>
        (version=TLS1 cipher=ECDHE-RSA-AES128-SHA bits=128/128);
        Fri, 12 Aug 2016 00:03:16 -0700 (PDT)
From: Arkadiusz Miskiewicz <a.miskiewicz@gmail.com>
Reply-To: arekm@maven.pl
Subject: 4.7.0, cp -al causes OOM
Date: Fri, 12 Aug 2016 09:01:41 +0200
MIME-Version: 1.0
Content-Type: Text/Plain;
  charset="utf-8"
Content-Transfer-Encoding: quoted-printable
Message-Id: <201608120901.41463.a.miskiewicz@gmail.com>
Sender: owner-linux-mm@kvack.org
List-ID: <linux-mm.kvack.org>
To: linux-ext4@vger.kernel.org
Cc: linux-mm@vger.kernel.org


Hello.

I have a system with 4x2TB SATA disks, split into few partitions. Celeron G=
530,
8GB of ram, 20GB of swap. It's just basic system (so syslog,
cron, udevd, irqbalance) + my cp tests and nothing more. kernel 4.7.0

There is software raid 5 partition on sd[abcd]4 and ext4 created with -T ne=
ws
option.

Using deadline I/O scheduler.

=46or testing I have 400GB of tiny files on it (about 6.4mln inodes) in myd=
ir.
I did "cp -al mydir copy{1,2,...,10}" 10x in parallel and that ended up
with 5 of cp being killed by OOM while other 5x finished.

Even two in parallel seem to be enough for OOM to kick in:
rm -rf copy1; cp -al mydir copy1
rm -rf copy2; cp -al mydir copy2

I would expect 8GB of ram to be enough for just rm/cp. Ideas?

Note that I first tested the same thing with xfs (hence you can see " task =
xfsaild/md2:661 blocked
for more than 120 seconds." and xfs related stacktraces in dmesg) and 10x c=
p managed to finish
without OOM. Later I did test with ext4 which caused OOMs. I guess it is pr=
obably not some generic
memory management problem but that's only my guess.

dmesg:
[    0.000000] Linux version 4.7.0-1 (builder@ymir-builder) (gcc version 5.=
4.0 20160603 (release) (PLD-Linux) ) #1 SMP Sun Jul 31 22:37:26 CEST 2016
[    0.000000] Command line: BOOT_IMAGE=3D/boot/vmlinuz-4.7.0-1 root=3D/dev=
/md1 ro panic=3D300
[    0.000000] x86/fpu: Supporting XSAVE feature 0x001: 'x87 floating point=
 registers'
[    0.000000] x86/fpu: Supporting XSAVE feature 0x002: 'SSE registers'
[    0.000000] x86/fpu: Enabled xstate features 0x3, context size is 576 by=
tes, using 'standard' format.
[    0.000000] x86/fpu: Using 'eager' FPU context switches.
[    0.000000] e820: BIOS-provided physical RAM map:
[    0.000000] BIOS-e820: [mem 0x0000000000000000-0x000000000009dbff] usable
[    0.000000] BIOS-e820: [mem 0x000000000009f800-0x000000000009ffff] reser=
ved
[    0.000000] BIOS-e820: [mem 0x00000000000f0000-0x00000000000fffff] reser=
ved
[    0.000000] BIOS-e820: [mem 0x0000000000100000-0x00000000dafcffff] usable
[    0.000000] BIOS-e820: [mem 0x00000000dafd0000-0x00000000dafd2fff] ACPI =
NVS
[    0.000000] BIOS-e820: [mem 0x00000000dafd3000-0x00000000dafeffff] ACPI =
data
[    0.000000] BIOS-e820: [mem 0x00000000daff0000-0x00000000daffffff] reser=
ved
[    0.000000] BIOS-e820: [mem 0x00000000f4000000-0x00000000f7ffffff] reser=
ved
[    0.000000] BIOS-e820: [mem 0x00000000fec00000-0x00000000ffffffff] reser=
ved
[    0.000000] BIOS-e820: [mem 0x0000000100000000-0x000000021fdfffff] usable
[    0.000000] NX (Execute Disable) protection: active
[    0.000000] SMBIOS 2.4 present.
[    0.000000] DMI: Gigabyte Technology Co., Ltd. H61M-S2V-B3/H61M-S2V-B3, =
BIOS F4 05/25/2011
[    0.000000] e820: update [mem 0x00000000-0x00000fff] usable =3D=3D> rese=
rved
[    0.000000] e820: remove [mem 0x000a0000-0x000fffff] usable
[    0.000000] e820: last_pfn =3D 0x21fe00 max_arch_pfn =3D 0x400000000
[    0.000000] MTRR default type: uncachable
[    0.000000] MTRR fixed ranges enabled:
[    0.000000]   00000-9FFFF write-back
[    0.000000]   A0000-BFFFF uncachable
[    0.000000]   C0000-CCFFF write-protect
[    0.000000]   CD000-EFFFF uncachable
[    0.000000]   F0000-FFFFF write-through
[    0.000000] MTRR variable ranges enabled:
[    0.000000]   0 base 000000000 mask F00000000 write-back
[    0.000000]   1 base 0E0000000 mask FE0000000 uncachable
[    0.000000]   2 base 0DC000000 mask FFC000000 uncachable
[    0.000000]   3 base 0DB800000 mask FFF800000 uncachable
[    0.000000]   4 base 100000000 mask F00000000 write-back
[    0.000000]   5 base 200000000 mask FE0000000 write-back
[    0.000000]   6 disabled
[    0.000000]   7 disabled
[    0.000000]   8 disabled
[    0.000000]   9 disabled
[    0.000000] x86/PAT: Configuration [0-7]: WB  WC  UC- UC  WB  WC  UC- WT=
 =20
[    0.000000] e820: update [mem 0xdb800000-0xffffffff] usable =3D=3D> rese=
rved
[    0.000000] e820: last_pfn =3D 0xdafd0 max_arch_pfn =3D 0x400000000
[    0.000000] found SMP MP-table at [mem 0x000f57e0-0x000f57ef] mapped at =
[ffff8800000f57e0]
[    0.000000] Scanning 1 areas for low memory corruption
[    0.000000] Base memory trampoline at [ffff880000097000] 97000 size 24576
[    0.000000] reserving inaccessible SNB gfx pages
[    0.000000] BRK [0x01fa5000, 0x01fa5fff] PGTABLE
[    0.000000] BRK [0x01fa6000, 0x01fa6fff] PGTABLE
[    0.000000] BRK [0x01fa7000, 0x01fa7fff] PGTABLE
[    0.000000] BRK [0x01fa8000, 0x01fa8fff] PGTABLE
[    0.000000] BRK [0x01fa9000, 0x01fa9fff] PGTABLE
[    0.000000] BRK [0x01faa000, 0x01faafff] PGTABLE
[    0.000000] RAMDISK: [mem 0x37b8d000-0x37dbdfff]
[    0.000000] ACPI: Early table checksum verification disabled
[    0.000000] ACPI: RSDP 0x00000000000F6F30 000014 (v00 GBT   )
[    0.000000] ACPI: RSDT 0x00000000DAFD3040 000048 (v01 GBT    GBTUACPI 42=
302E31 GBTU 01010101)
[    0.000000] ACPI: FACP 0x00000000DAFD3100 000074 (v01 GBT    GBTUACPI 42=
302E31 GBTU 01010101)
[    0.000000] ACPI: DSDT 0x00000000DAFD31C0 0049C2 (v01 GBT    GBTUACPI 00=
001000 MSFT 04000000)
[    0.000000] ACPI: FACS 0x00000000DAFD0000 000040
[    0.000000] ACPI: HPET 0x00000000DAFD7D00 000038 (v01 GBT    GBTUACPI 42=
302E31 GBTU 00000098)
[    0.000000] ACPI: MCFG 0x00000000DAFD7D80 00003C (v01 GBT    GBTUACPI 42=
302E31 GBTU 01010101)
[    0.000000] ACPI: ASPT 0x00000000DAFD7E00 000034 (v07 GBT    PerfTune 31=
2E3042 UTBG 01010101)
[    0.000000] ACPI: SSPT 0x00000000DAFD7E40 0022EC (v01 GBT    SsptHead 31=
2E3042 UTBG 01010101)
[    0.000000] ACPI: EUDS 0x00000000DAFDA130 0000C0 (v01 GBT             00=
000000      00000000)
[    0.000000] ACPI: TAMG 0x00000000DAFDA1F0 000442 (v01 GBT    GBT   B0 54=
55312E BG?? 45240101)
[    0.000000] ACPI: APIC 0x00000000DAFD7C00 0000BC (v01 GBT    GBTUACPI 42=
302E31 GBTU 01010101)
[    0.000000] ACPI: SSDT 0x00000000DAFDA640 000D24 (v01 INTEL  PPM RCM  80=
000001 INTL 20061109)
[    0.000000] ACPI: Local APIC address 0xfee00000
[    0.000000] No NUMA configuration found
[    0.000000] Faking a node at [mem 0x0000000000000000-0x000000021fdfffff]
[    0.000000] NODE_DATA(0) allocated [mem 0x21fdf6000-0x21fdf9fff]
[    0.000000] cma: Reserved 16 MiB at 0x000000021ec00000
[    0.000000] Zone ranges:
[    0.000000]   DMA      [mem 0x0000000000001000-0x0000000000ffffff]
[    0.000000]   DMA32    [mem 0x0000000001000000-0x00000000ffffffff]
[    0.000000]   Normal   [mem 0x0000000100000000-0x000000021fdfffff]
[    0.000000] Movable zone start for each node
[    0.000000] Early memory node ranges
[    0.000000]   node   0: [mem 0x0000000000001000-0x000000000009cfff]
[    0.000000]   node   0: [mem 0x0000000000100000-0x00000000dafcffff]
[    0.000000]   node   0: [mem 0x0000000100000000-0x000000021fdfffff]
[    0.000000] Initmem setup node 0 [mem 0x0000000000001000-0x000000021fdff=
fff]
[    0.000000] On node 0 totalpages: 2076012
[    0.000000]   DMA zone: 64 pages used for memmap
[    0.000000]   DMA zone: 156 pages reserved
[    0.000000]   DMA zone: 3996 pages, LIFO batch:0
[    0.000000]   DMA32 zone: 13952 pages used for memmap
[    0.000000]   DMA32 zone: 892880 pages, LIFO batch:31
[    0.000000]   Normal zone: 18424 pages used for memmap
[    0.000000]   Normal zone: 1179136 pages, LIFO batch:31
[    0.000000] Reserving Intel graphics stolen memory at 0xdba00000-0xdf9ff=
fff
[    0.000000] ACPI: PM-Timer IO Port: 0x408
[    0.000000] ACPI: Local APIC address 0xfee00000
[    0.000000] ACPI: LAPIC_NMI (acpi_id[0x00] dfl dfl lint[0x1])
[    0.000000] ACPI: LAPIC_NMI (acpi_id[0x01] dfl dfl lint[0x1])
[    0.000000] ACPI: LAPIC_NMI (acpi_id[0x02] dfl dfl lint[0x1])
[    0.000000] ACPI: LAPIC_NMI (acpi_id[0x03] dfl dfl lint[0x1])
[    0.000000] ACPI: LAPIC_NMI (acpi_id[0x04] dfl dfl lint[0x1])
[    0.000000] ACPI: LAPIC_NMI (acpi_id[0x05] dfl dfl lint[0x1])
[    0.000000] ACPI: LAPIC_NMI (acpi_id[0x06] dfl dfl lint[0x1])
[    0.000000] ACPI: LAPIC_NMI (acpi_id[0x07] dfl dfl lint[0x1])
[    0.000000] IOAPIC[0]: apic_id 2, version 32, address 0xfec00000, GSI 0-=
23
[    0.000000] ACPI: INT_SRC_OVR (bus 0 bus_irq 0 global_irq 2 dfl dfl)
[    0.000000] ACPI: INT_SRC_OVR (bus 0 bus_irq 9 global_irq 9 high level)
[    0.000000] ACPI: IRQ0 used by override.
[    0.000000] ACPI: IRQ9 used by override.
[    0.000000] Using ACPI (MADT) for SMP configuration information
[    0.000000] ACPI: HPET id: 0x8086a201 base: 0xfed00000
[    0.000000] smpboot: Allowing 8 CPUs, 6 hotplug CPUs
[    0.000000] PM: Registered nosave memory: [mem 0x00000000-0x00000fff]
[    0.000000] PM: Registered nosave memory: [mem 0x0009d000-0x0009ffff]
[    0.000000] PM: Registered nosave memory: [mem 0x000a0000-0x000effff]
[    0.000000] PM: Registered nosave memory: [mem 0x000f0000-0x000fffff]
[    0.000000] PM: Registered nosave memory: [mem 0xdafd0000-0xdafd2fff]
[    0.000000] PM: Registered nosave memory: [mem 0xdafd3000-0xdafeffff]
[    0.000000] PM: Registered nosave memory: [mem 0xdaff0000-0xdaffffff]
[    0.000000] PM: Registered nosave memory: [mem 0xdb000000-0xdb9fffff]
[    0.000000] PM: Registered nosave memory: [mem 0xdba00000-0xdf9fffff]
[    0.000000] PM: Registered nosave memory: [mem 0xdfa00000-0xf3ffffff]
[    0.000000] PM: Registered nosave memory: [mem 0xf4000000-0xf7ffffff]
[    0.000000] PM: Registered nosave memory: [mem 0xf8000000-0xfebfffff]
[    0.000000] PM: Registered nosave memory: [mem 0xfec00000-0xffffffff]
[    0.000000] e820: [mem 0xdfa00000-0xf3ffffff] available for PCI devices
[    0.000000] Booting paravirtualized kernel on bare hardware
[    0.000000] clocksource: refined-jiffies: mask: 0xffffffff max_cycles: 0=
xffffffff, max_idle_ns: 6370452778343963 ns
[    0.000000] setup_percpu: NR_CPUS:512 nr_cpumask_bits:512 nr_cpu_ids:8 n=
r_node_ids:1
[    0.000000] percpu: Embedded 33 pages/cpu @ffff88021ea00000 s98072 r8192=
 d28904 u262144
[    0.000000] pcpu-alloc: s98072 r8192 d28904 u262144 alloc=3D1*2097152
[    0.000000] pcpu-alloc: [0] 0 1 2 3 4 5 6 7=20
[    0.000000] Built 1 zonelists in Node order, mobility grouping on.  Tota=
l pages: 2043416
[    0.000000] Policy zone: Normal
[    0.000000] Kernel command line: BOOT_IMAGE=3D/boot/vmlinuz-4.7.0-1 root=
=3D/dev/md1 ro panic=3D300
[    0.000000] PID hash table entries: 4096 (order: 3, 32768 bytes)
[    0.000000] Calgary: detecting Calgary via BIOS EBDA area
[    0.000000] Calgary: Unable to locate Rio Grande table in EBDA - bailing!
[    0.000000] Memory: 8070264K/8304048K available (6535K kernel code, 973K=
 rwdata, 2576K rodata, 1344K init, 1376K bss, 217400K reserved, 16384K cma-=
reserved)
[    0.000000] SLUB: HWalign=3D64, Order=3D0-3, MinObjects=3D0, CPUs=3D8, N=
odes=3D1
[    0.000000] Hierarchical RCU implementation.
[    0.000000]  Build-time adjustment of leaf fanout to 64.
[    0.000000]  RCU restricting CPUs from NR_CPUS=3D512 to nr_cpu_ids=3D8.
[    0.000000] RCU: Adjusting geometry for rcu_fanout_leaf=3D64, nr_cpu_ids=
=3D8
[    0.000000] NR_IRQS:33024 nr_irqs:488 16
[    0.000000] Console: colour VGA+ 80x25
[    0.000000] console [tty0] enabled
[    0.000000] clocksource: hpet: mask: 0xffffffff max_cycles: 0xffffffff, =
max_idle_ns: 133484882848 ns
[    0.000000] hpet clockevent registered
[    0.000000] tsc: Fast TSC calibration using PIT
[    0.000000] tsc: Detected 2394.649 MHz processor
[    0.000028] Calibrating delay loop (skipped), value calculated using tim=
er frequency.. 4791.85 BogoMIPS (lpj=3D7982163)
[    0.000108] pid_max: default: 32768 minimum: 301
[    0.000151] ACPI: Core revision 20160422
[    0.002622] ACPI: 2 ACPI AML tables successfully acquired and loaded

[    0.002736] Security Framework initialized
[    0.002783] Yama: becoming mindful.
[    0.002824] AppArmor: AppArmor disabled by boot time parameter
[    0.003342] Dentry cache hash table entries: 1048576 (order: 11, 8388608=
 bytes)
[    0.005035] Inode-cache hash table entries: 524288 (order: 10, 4194304 b=
ytes)
[    0.005809] Mount-cache hash table entries: 16384 (order: 5, 131072 byte=
s)
[    0.005862] Mountpoint-cache hash table entries: 16384 (order: 5, 131072=
 bytes)
[    0.006171] CPU: Physical Processor ID: 0
[    0.006209] CPU: Processor Core ID: 0
[    0.006249] ENERGY_PERF_BIAS: Set to 'normal', was 'performance'
[    0.006290] ENERGY_PERF_BIAS: View and update with x86_energy_perf_polic=
y(8)
[    0.006333] mce: CPU supports 7 MCE banks
[    0.006377] CPU0: Thermal monitoring enabled (TM1)
[    0.006424] process: using mwait in idle threads
[    0.006464] Last level iTLB entries: 4KB 512, 2MB 8, 4MB 8
[    0.006504] Last level dTLB entries: 4KB 512, 2MB 32, 4MB 32, 1GB 0
[    0.006972] Freeing SMP alternatives memory: 24K (ffffffff81e45000 - fff=
fffff81e4b000)
[    0.009060] ftrace: allocating 26534 entries in 104 pages
[    0.022297] smpboot: Max logical packages: 4
[    0.022340] smpboot: APIC(0) Converting physical 0 to logical package 0
[    0.022788] ..TIMER: vector=3D0x30 apic1=3D0 pin1=3D2 apic2=3D-1 pin2=3D=
=2D1
[    0.055834] TSC deadline timer enabled
[    0.055837] smpboot: CPU0: Intel(R) Celeron(R) CPU G530 @ 2.40GHz (famil=
y: 0x6, model: 0x2a, stepping: 0x7)
[    0.055954] Performance Events: PEBS fmt1+, 16-deep LBR, SandyBridge eve=
nts, full-width counters, Intel PMU driver.
[    0.056130] core: PEBS disabled due to CPU errata, please upgrade microc=
ode
[    0.056174] ... version:                3
[    0.056211] ... bit width:              48
[    0.056248] ... generic registers:      8
[    0.056285] ... value mask:             0000ffffffffffff
[    0.056324] ... max period:             0000ffffffffffff
[    0.056363] ... fixed-purpose events:   3
[    0.056401] ... event mask:             00000007000000ff
[    0.056751] NMI watchdog: enabled on all CPUs, permanently consumes one =
hw-PMU counter.
[    0.056907] x86: Booting SMP configuration:
[    0.056945] .... node  #0, CPUs:      #1
[    0.141256] x86: Booted up 1 node, 2 CPUs
[    0.141328] ----------------
[    0.141363] | NMI testsuite:
[    0.141398] --------------------
[    0.141434]   remote IPI:  ok  |
[    0.149269]    local IPI:  ok  |
[    0.169212] --------------------
[    0.169263] Good, all   2 testcases passed! |
[    0.169301] ---------------------------------
[    0.169340] smpboot: Total of 2 processors activated (9583.70 BogoMIPS)
[    0.170676] devtmpfs: initialized
[    0.170779] x86/mm: Memory block size: 128MB
[    0.174609] evm: security.selinux
[    0.174646] evm: security.SMACK64
[    0.174682] evm: security.SMACK64EXEC
[    0.174719] evm: security.SMACK64TRANSMUTE
[    0.174757] evm: security.SMACK64MMAP
[    0.174794] evm: security.capability
[    0.174870] PM: Registering ACPI NVS region [mem 0xdafd0000-0xdafd2fff] =
(12288 bytes)
[    0.174972] clocksource: jiffies: mask: 0xffffffff max_cycles: 0xfffffff=
f, max_idle_ns: 6370867519511994 ns
[    0.175099] prandom: seed boundary self test passed
[    0.175661] prandom: 100 self tests passed
[    0.176400] pinctrl core: initialized pinctrl subsystem
[    0.176622] NET: Registered protocol family 16
[    0.184590] cpuidle: using governor ladder
[    0.197927] cpuidle: using governor menu
[    0.197980] PCCT header not found.
[    0.198033] ACPI: bus type PCI registered
[    0.198071] acpiphp: ACPI Hot Plug PCI Controller Driver version: 0.5
[    0.198166] PCI: MMCONFIG for domain 0000 [bus 00-3f] at [mem 0xf4000000=
=2D0xf7ffffff] (base 0xf4000000)
[    0.198225] PCI: MMCONFIG at [mem 0xf4000000-0xf7ffffff] reserved in E820
[    0.198272] pmd_set_huge: Cannot satisfy [mem 0xf4000000-0xf4200000] wit=
h a huge-page mapping due to MTRR override.
[    0.198411] PCI: Using configuration type 1 for base access
[    0.198633] NMI watchdog: enabled on all CPUs, permanently consumes one =
hw-PMU counter.
[    0.198646] core: PMU erratum BJ122, BV98, HSD29 workaround disabled, HT=
 off
[    0.211412] HugeTLB registered 2 MB page size, pre-allocated 0 pages
[    0.211634] ACPI: Added _OSI(Module Device)
[    0.211672] ACPI: Added _OSI(Processor Device)
[    0.211710] ACPI: Added _OSI(3.0 _SCP Extensions)
[    0.211749] ACPI: Added _OSI(Processor Aggregator Device)
[    0.214528] ACPI: Interpreter enabled
[    0.214580] ACPI: (supports S0 S3 S4 S5)
[    0.214618] ACPI: Using IOAPIC for interrupt routing
[    0.214675] PCI: Using host bridge windows from ACPI; if necessary, use =
"pci=3Dnocrs" and report a bug
[    0.218200] ACPI: PCI Root Bridge [PCI0] (domain 0000 [bus 00-3f])
[    0.218245] acpi PNP0A03:00: _OSC: OS supports [ExtendedConfig ASPM Cloc=
kPM Segments MSI]
[    0.218303] acpi PNP0A03:00: _OSC failed (AE_NOT_FOUND); disabling ASPM
[    0.218530] PCI host bridge to bus 0000:00
[    0.218569] pci_bus 0000:00: root bus resource [io  0x0000-0x0cf7 window]
[    0.218612] pci_bus 0000:00: root bus resource [io  0x0d00-0xffff window]
[    0.218654] pci_bus 0000:00: root bus resource [mem 0x000a0000-0x000bfff=
f window]
[    0.218708] pci_bus 0000:00: root bus resource [mem 0x000c0000-0x000dfff=
f window]
[    0.218763] pci_bus 0000:00: root bus resource [mem 0xdfa00000-0xfebffff=
f window]
[    0.218818] pci_bus 0000:00: root bus resource [bus 00-3f]
[    0.218864] pci 0000:00:00.0: [8086:0100] type 00 class 0x060000
[    0.218950] pci 0000:00:02.0: [8086:0102] type 00 class 0x030000
[    0.218960] pci 0000:00:02.0: reg 0x10: [mem 0xfb800000-0xfbbfffff 64bit]
[    0.218966] pci 0000:00:02.0: reg 0x18: [mem 0xe0000000-0xefffffff 64bit=
 pref]
[    0.218971] pci 0000:00:02.0: reg 0x20: [io  0xff00-0xff3f]
[    0.219073] pci 0000:00:16.0: [8086:1c3a] type 00 class 0x078000
[    0.219093] pci 0000:00:16.0: reg 0x10: [mem 0xfbfff000-0xfbfff00f 64bit]
[    0.219168] pci 0000:00:16.0: PME# supported from D0 D3hot D3cold
[    0.219250] pci 0000:00:1a.0: [8086:1c2d] type 00 class 0x0c0320
[    0.219268] pci 0000:00:1a.0: reg 0x10: [mem 0xfbffe000-0xfbffe3ff]
[    0.219354] pci 0000:00:1a.0: PME# supported from D0 D3hot D3cold
[    0.219394] pci 0000:00:1a.0: System wakeup disabled by ACPI
[    0.219472] pci 0000:00:1b.0: [8086:1c20] type 00 class 0x040300
[    0.219488] pci 0000:00:1b.0: reg 0x10: [mem 0xfbff4000-0xfbff7fff 64bit]
[    0.219562] pci 0000:00:1b.0: PME# supported from D0 D3hot D3cold
[    0.219603] pci 0000:00:1b.0: System wakeup disabled by ACPI
[    0.219680] pci 0000:00:1c.0: [8086:1c10] type 01 class 0x060400
[    0.219751] pci 0000:00:1c.0: PME# supported from D0 D3hot D3cold
[    0.219792] pci 0000:00:1c.0: System wakeup disabled by ACPI
[    0.219870] pci 0000:00:1c.4: [8086:1c18] type 01 class 0x060400
[    0.219947] pci 0000:00:1c.4: PME# supported from D0 D3hot D3cold
[    0.219988] pci 0000:00:1c.4: System wakeup disabled by ACPI
[    0.220067] pci 0000:00:1d.0: [8086:1c26] type 00 class 0x0c0320
[    0.220085] pci 0000:00:1d.0: reg 0x10: [mem 0xfbffd000-0xfbffd3ff]
[    0.220170] pci 0000:00:1d.0: PME# supported from D0 D3hot D3cold
[    0.220208] pci 0000:00:1d.0: System wakeup disabled by ACPI
[    0.220280] pci 0000:00:1e.0: [8086:244e] type 01 class 0x060401
[    0.220361] pci 0000:00:1e.0: System wakeup disabled by ACPI
[    0.220436] pci 0000:00:1f.0: [8086:1c5c] type 00 class 0x060100
[    0.220602] pci 0000:00:1f.2: [8086:1c02] type 00 class 0x010601
[    0.220617] pci 0000:00:1f.2: reg 0x10: [io  0xfe00-0xfe07]
[    0.220624] pci 0000:00:1f.2: reg 0x14: [io  0xfd00-0xfd03]
[    0.220632] pci 0000:00:1f.2: reg 0x18: [io  0xfc00-0xfc07]
[    0.220639] pci 0000:00:1f.2: reg 0x1c: [io  0xfb00-0xfb03]
[    0.220647] pci 0000:00:1f.2: reg 0x20: [io  0xfa00-0xfa1f]
[    0.220654] pci 0000:00:1f.2: reg 0x24: [mem 0xfbffc000-0xfbffc7ff]
[    0.220695] pci 0000:00:1f.2: PME# supported from D3hot
[    0.220761] pci 0000:00:1f.3: [8086:1c22] type 00 class 0x0c0500
[    0.220776] pci 0000:00:1f.3: reg 0x10: [mem 0xfbffb000-0xfbffb0ff 64bit]
[    0.220797] pci 0000:00:1f.3: reg 0x20: [io  0x0500-0x051f]
[    0.220914] pci 0000:00:1c.0: PCI bridge to [bus 01]
[    0.221020] pci 0000:02:00.0: [10ec:8168] type 00 class 0x020000
[    0.221043] pci 0000:02:00.0: reg 0x10: [io  0xee00-0xeeff]
[    0.221078] pci 0000:02:00.0: reg 0x18: [mem 0xfbeff000-0xfbefffff 64bit=
 pref]
[    0.221100] pci 0000:02:00.0: reg 0x20: [mem 0xfbef8000-0xfbefbfff 64bit=
 pref]
[    0.221210] pci 0000:02:00.0: supports D1 D2
[    0.221212] pci 0000:02:00.0: PME# supported from D0 D1 D2 D3hot D3cold
[    0.225938] pci 0000:00:1c.4: PCI bridge to [bus 02]
[    0.225993] pci 0000:00:1c.4:   bridge window [io  0xe000-0xefff]
[    0.226001] pci 0000:00:1c.4:   bridge window [mem 0xfbe00000-0xfbefffff=
 64bit pref]
[    0.226068] pci 0000:00:1e.0: PCI bridge to [bus 03] (subtractive decode)
[    0.226119] pci 0000:00:1e.0:   bridge window [io  0x0000-0x0cf7 window]=
 (subtractive decode)
[    0.226120] pci 0000:00:1e.0:   bridge window [io  0x0d00-0xffff window]=
 (subtractive decode)
[    0.226122] pci 0000:00:1e.0:   bridge window [mem 0x000a0000-0x000bffff=
 window] (subtractive decode)
[    0.226124] pci 0000:00:1e.0:   bridge window [mem 0x000c0000-0x000dffff=
 window] (subtractive decode)
[    0.226125] pci 0000:00:1e.0:   bridge window [mem 0xdfa00000-0xfebfffff=
 window] (subtractive decode)
[    0.226634] ACPI: PCI Interrupt Link [LNKA] (IRQs 3 4 5 6 7 9 *10 11 12 =
14 15)
[    0.226978] ACPI: PCI Interrupt Link [LNKB] (IRQs 3 4 5 6 7 9 10 11 12 1=
4 15) *0, disabled.
[    0.227360] ACPI: PCI Interrupt Link [LNKC] (IRQs 3 4 *5 6 7 9 10 11 12 =
14 15)
[    0.227702] ACPI: PCI Interrupt Link [LNKD] (IRQs 3 4 5 6 7 9 10 *11 12 =
14 15)
[    0.228042] ACPI: PCI Interrupt Link [LNKE] (IRQs 3 4 5 6 7 9 10 11 12 1=
4 15) *0, disabled.
[    0.228423] ACPI: PCI Interrupt Link [LNKF] (IRQs 3 4 5 6 7 9 10 11 12 1=
4 15) *0, disabled.
[    0.228805] ACPI: PCI Interrupt Link [LNK0] (IRQs 3 4 5 6 7 9 10 11 *12 =
14 15)
[    0.229146] ACPI: PCI Interrupt Link [LNK1] (IRQs *3 4 5 6 7 9 10 11 12 =
14 15)
[    0.229539] ACPI: Enabled 1 GPEs in block 00 to 3F
[    0.229693] vgaarb: setting as boot device: PCI:0000:00:02.0
[    0.229734] vgaarb: device added: PCI:0000:00:02.0,decodes=3Dio+mem,owns=
=3Dio+mem,locks=3Dnone
[    0.229791] vgaarb: loaded
[    0.229826] vgaarb: bridge control possible 0000:00:02.0
[    0.229984] PCI: Using ACPI for IRQ routing
[    0.231581] PCI: pci_cache_line_size set to 64 bytes
[    0.231614] e820: reserve RAM buffer [mem 0x0009dc00-0x0009ffff]
[    0.231616] e820: reserve RAM buffer [mem 0xdafd0000-0xdbffffff]
[    0.231618] e820: reserve RAM buffer [mem 0x21fe00000-0x21fffffff]
[    0.231713] NetLabel: Initializing
[    0.231750] NetLabel:  domain hash size =3D 128
[    0.231787] NetLabel:  protocols =3D UNLABELED CIPSOv4
[    0.231837] NetLabel:  unlabeled traffic allowed by default
[    0.231918] hpet0: at MMIO 0xfed00000, IRQs 2, 8, 0, 0, 0, 0, 0, 0
[    0.232132] hpet0: 8 comparators, 64-bit 14.318180 MHz counter
[    0.234184] amd_nb: Cannot enumerate AMD northbridges
[    0.234231] clocksource: Switched to clocksource hpet
[    0.239457] VFS: Disk quotas dquot_6.6.0
[    0.239516] VFS: Dquot-cache hash table entries: 512 (order 0, 4096 byte=
s)
[    0.239635] pnp: PnP ACPI init
[    0.239813] system 00:00: [io  0x04d0-0x04d1] has been reserved
[    0.239855] system 00:00: [io  0x0290-0x029f] has been reserved
[    0.239896] system 00:00: [io  0x0800-0x087f] has been reserved
[    0.239937] system 00:00: [io  0x0290-0x0294] has been reserved
[    0.239978] system 00:00: [io  0x0880-0x088f] has been reserved
[    0.240021] system 00:00: Plug and Play ACPI device, IDs PNP0c02 (active)
[    0.240083] pnp 00:01: Plug and Play ACPI device, IDs PNP0b00 (active)
[    0.240320] pnp 00:02: Plug and Play ACPI device, IDs PNP0501 (active)
[    0.240493] pnp 00:03: Plug and Play ACPI device, IDs PNP0400 (active)
[    0.240577] pnp 00:04: Plug and Play ACPI device, IDs PNP0303 (active)
[    0.240622] system 00:05: [io  0x0400-0x04cf] has been reserved
[    0.240664] system 00:05: [io  0x04d2-0x04ff] has been reserved
[    0.240706] system 00:05: Plug and Play ACPI device, IDs PNP0c02 (active)
[    0.240736] system 00:06: [io  0x1000-0x107f] has been reserved
[    0.240777] system 00:06: [io  0x1080-0x10ff] has been reserved
[    0.240818] system 00:06: [io  0x1100-0x117f] has been reserved
[    0.240859] system 00:06: [io  0x1180-0x11ff] has been reserved
[    0.240914] system 00:06: Plug and Play ACPI device, IDs ICD0001 PNP0c02=
 (active)
[    0.241069] system 00:07: [io  0x0454-0x0457] has been reserved
[    0.241112] system 00:07: Plug and Play ACPI device, IDs INT3f0d PNP0c02=
 (active)
[    0.241146] system 00:08: [mem 0xf4000000-0xf7ffffff] has been reserved
[    0.241189] system 00:08: Plug and Play ACPI device, IDs PNP0c02 (active)
[    0.241355] system 00:09: [mem 0x000d2000-0x000d3fff] has been reserved
[    0.241398] system 00:09: [mem 0x000f0000-0x000f7fff] could not be reser=
ved
[    0.241440] system 00:09: [mem 0x000f8000-0x000fbfff] could not be reser=
ved
[    0.241483] system 00:09: [mem 0x000fc000-0x000fffff] could not be reser=
ved
[    0.241526] system 00:09: [mem 0xdafd0000-0xdafdffff] could not be reser=
ved
[    0.241569] system 00:09: [mem 0x00000000-0x0009ffff] could not be reser=
ved
[    0.241611] system 00:09: [mem 0x00100000-0xdafcffff] could not be reser=
ved
[    0.241654] system 00:09: [mem 0xdafe0000-0xdafeffff] could not be reser=
ved
[    0.241697] system 00:09: [mem 0xfec00000-0xfec00fff] could not be reser=
ved
[    0.241740] system 00:09: [mem 0xfed10000-0xfed1dfff] has been reserved
[    0.241782] system 00:09: [mem 0xfed20000-0xfed8ffff] has been reserved
[    0.241824] system 00:09: [mem 0xfee00000-0xfee00fff] has been reserved
[    0.241866] system 00:09: [mem 0xffb00000-0xffb7ffff] has been reserved
[    0.241909] system 00:09: [mem 0xfff00000-0xffffffff] has been reserved
[    0.241951] system 00:09: [mem 0x000e0000-0x000effff] has been reserved
[    0.241994] system 00:09: [mem 0x20000000-0x201fffff] could not be reser=
ved
[    0.242037] system 00:09: [mem 0x40000000-0x400fffff] could not be reser=
ved
[    0.242080] system 00:09: [mem 0xdb000000-0xdf9fffff] could not be reser=
ved
[    0.242123] system 00:09: Plug and Play ACPI device, IDs PNP0c01 (active)
[    0.242129] pnp: PnP ACPI: found 10 devices
[    0.248212] clocksource: acpi_pm: mask: 0xffffff max_cycles: 0xffffff, m=
ax_idle_ns: 2085701024 ns
[    0.248283] pci 0000:00:1c.0: bridge window [io  0x1000-0x0fff] to [bus =
01] add_size 1000
[    0.248286] pci 0000:00:1c.0: bridge window [mem 0x00100000-0x000fffff 6=
4bit pref] to [bus 01] add_size 200000 add_align 100000
[    0.248289] pci 0000:00:1c.0: bridge window [mem 0x00100000-0x000fffff] =
to [bus 01] add_size 200000 add_align 100000
[    0.248305] pci 0000:00:1c.0: res[14]=3D[mem 0x00100000-0x000fffff] res_=
to_dev_res add_size 200000 min_align 100000
[    0.248307] pci 0000:00:1c.0: res[14]=3D[mem 0x00100000-0x002fffff] res_=
to_dev_res add_size 200000 min_align 100000
[    0.248309] pci 0000:00:1c.0: res[15]=3D[mem 0x00100000-0x000fffff 64bit=
 pref] res_to_dev_res add_size 200000 min_align 100000
[    0.248311] pci 0000:00:1c.0: res[15]=3D[mem 0x00100000-0x002fffff 64bit=
 pref] res_to_dev_res add_size 200000 min_align 100000
[    0.248313] pci 0000:00:1c.0: res[13]=3D[io  0x1000-0x0fff] res_to_dev_r=
es add_size 1000 min_align 1000
[    0.248315] pci 0000:00:1c.0: res[13]=3D[io  0x1000-0x1fff] res_to_dev_r=
es add_size 1000 min_align 1000
[    0.248320] pci 0000:00:1c.0: BAR 14: assigned [mem 0xdfa00000-0xdfbffff=
f]
[    0.248365] pci 0000:00:1c.0: BAR 15: assigned [mem 0xdfc00000-0xdfdffff=
f 64bit pref]
[    0.248421] pci 0000:00:1c.0: BAR 13: assigned [io  0x2000-0x2fff]
[    0.248463] pci 0000:00:1c.0: PCI bridge to [bus 01]
[    0.248504] pci 0000:00:1c.0:   bridge window [io  0x2000-0x2fff]
[    0.248549] pci 0000:00:1c.0:   bridge window [mem 0xdfa00000-0xdfbfffff]
[    0.248593] pci 0000:00:1c.0:   bridge window [mem 0xdfc00000-0xdfdfffff=
 64bit pref]
[    0.248653] pci 0000:00:1c.4: PCI bridge to [bus 02]
[    0.248693] pci 0000:00:1c.4:   bridge window [io  0xe000-0xefff]
[    0.248739] pci 0000:00:1c.4:   bridge window [mem 0xfbe00000-0xfbefffff=
 64bit pref]
[    0.248799] pci 0000:00:1e.0: PCI bridge to [bus 03]
[    0.248848] pci_bus 0000:00: resource 4 [io  0x0000-0x0cf7 window]
[    0.248849] pci_bus 0000:00: resource 5 [io  0x0d00-0xffff window]
[    0.248851] pci_bus 0000:00: resource 6 [mem 0x000a0000-0x000bffff windo=
w]
[    0.248853] pci_bus 0000:00: resource 7 [mem 0x000c0000-0x000dffff windo=
w]
[    0.248854] pci_bus 0000:00: resource 8 [mem 0xdfa00000-0xfebfffff windo=
w]
[    0.248856] pci_bus 0000:01: resource 0 [io  0x2000-0x2fff]
[    0.248858] pci_bus 0000:01: resource 1 [mem 0xdfa00000-0xdfbfffff]
[    0.248859] pci_bus 0000:01: resource 2 [mem 0xdfc00000-0xdfdfffff 64bit=
 pref]
[    0.248861] pci_bus 0000:02: resource 0 [io  0xe000-0xefff]
[    0.248862] pci_bus 0000:02: resource 2 [mem 0xfbe00000-0xfbefffff 64bit=
 pref]
[    0.248864] pci_bus 0000:03: resource 4 [io  0x0000-0x0cf7 window]
[    0.248866] pci_bus 0000:03: resource 5 [io  0x0d00-0xffff window]
[    0.248867] pci_bus 0000:03: resource 6 [mem 0x000a0000-0x000bffff windo=
w]
[    0.248869] pci_bus 0000:03: resource 7 [mem 0x000c0000-0x000dffff windo=
w]
[    0.248871] pci_bus 0000:03: resource 8 [mem 0xdfa00000-0xfebfffff windo=
w]
[    0.248897] NET: Registered protocol family 2
[    0.249103] TCP established hash table entries: 65536 (order: 7, 524288 =
bytes)
[    0.249289] TCP bind hash table entries: 65536 (order: 8, 1048576 bytes)
[    0.249473] TCP: Hash tables configured (established 65536 bind 65536)
[    0.249549] UDP hash table entries: 4096 (order: 5, 131072 bytes)
[    0.249619] UDP-Lite hash table entries: 4096 (order: 5, 131072 bytes)
[    0.249733] NET: Registered protocol family 1
[    0.249796] pci 0000:00:02.0: BIOS left Intel GPU interrupts enabled; di=
sabling
[    0.249866] pci 0000:00:02.0: Video device with shadowed ROM at [mem 0x0=
00c0000-0x000dffff]
[    0.274330] PCI: CLS 4 bytes, default 64
[    0.274379] Trying to unpack rootfs image as initramfs...
[    0.521391] Freeing initrd memory: 2244K (ffff880037b8d000 - ffff880037d=
be000)
[    0.521451] PCI-DMA: Using software bounce buffering for IO (SWIOTLB)
[    0.521494] software IO TLB [mem 0xd6fd0000-0xdafd0000] (64MB) mapped at=
 [ffff8800d6fd0000-ffff8800dafcffff]
[    0.521634] Scanning for low memory corruption every 60 seconds
[    0.521963] futex hash table entries: 2048 (order: 5, 131072 bytes)
[    0.522031] audit: initializing netlink subsys (disabled)
[    0.522085] audit: type=3D2000 audit(1470753990.513:1): initialized
[    0.522388] Initialise system trusted keyrings
[    0.522503] workingset: timestamp_bits=3D38 max_order=3D21 bucket_order=
=3D0
[    0.524323] romfs: ROMFS MTD (C) 2007 Red Hat, Inc.
[    0.524433] Key type big_key registered
[    0.524695] Key type asymmetric registered
[    0.524734] Asymmetric key parser 'x509' registered
[    0.524805] Block layer SCSI generic (bsg) driver version 0.4 loaded (ma=
jor 248)
[    0.524879] io scheduler noop registered
[    0.524917] io scheduler deadline registered
[    0.524982] io scheduler cfq registered (default)
[    0.525094] pcieport 0000:00:1c.0: enabling device (0000 -> 0003)
[    0.525382] pci_hotplug: PCI Hot Plug PCI Core version: 0.5
[    0.525427] pciehp: PCI Express Hot Plug Controller Driver version: 0.4
[    0.525510] intel_idle: MWAIT substates: 0x1120
[    0.525511] intel_idle: v0.4.1 model 0x2A
[    0.525579] intel_idle: lapic_timer_reliable_states 0xffffffff
[    0.525861] GHES: HEST is not enabled!
[    0.534232] Serial: 8250/16550 driver, 4 ports, IRQ sharing enabled
[    0.554918] 00:02: ttyS0 at I/O 0x3f8 (irq =3D 4, base_baud =3D 115200) =
is a 16550A
[    0.555452] Linux agpgart interface v0.103
[    0.557938] brd: module loaded
[    0.558026] libphy: Fixed MDIO Bus: probed
[    0.558091] i8042: PNP: PS/2 Controller [PNP0303:PS2K] at 0x60,0x64 irq 1
[    0.558133] i8042: PNP: PS/2 appears to have AUX port disabled, if this =
is incorrect please boot with i8042.nopnp
[    0.558321] serio: i8042 KBD port at 0x60,0x64 irq 1
[    0.558444] mousedev: PS/2 mouse device common for all mice
[    0.558521] rtc_cmos 00:01: RTC can wake from S4
[    0.559373] rtc_cmos 00:01: rtc core: registered rtc_cmos as rtc0
[    0.559437] rtc_cmos 00:01: alarms up to one month, 242 bytes nvram, hpe=
t irqs
[    0.559502] intel_pstate: Intel P-state driver initializing
[    0.559611] ledtrig-cpu: registered to indicate activity on CPUs
[    0.559888] drop_monitor: Initializing network drop monitor service
[    0.560231] NET: Registered protocol family 10
[    0.560507] mip6: Mobile IPv6
[    0.560550] NET: Registered protocol family 17
[    0.560769] microcode: CPU0 sig=3D0x206a7, pf=3D0x2, revision=3D0x14
[    0.560825] microcode: CPU1 sig=3D0x206a7, pf=3D0x2, revision=3D0x14
[    0.560934] microcode: Microcode Update Driver: v2.01 <tigran@aivazian.f=
snet.co.uk>, Peter Oruba
[    0.561158] registered taskstats version 1
[    0.561586] Loading compiled-in X.509 certificates
[    0.561723] zswap: default zpool zbud not available
[    0.561769] zswap: pool creation failed
[    0.562139] Key type encrypted registered
[    0.562184] evm: HMAC attrs: 0x1
[    0.562515] rtc_cmos 00:01: setting system clock to 2016-08-09 14:46:31 =
UTC (1470753991)
[    0.562702] Unable to open file: /etc/keys/x509_evm.der (-2)
[    0.564624] Freeing unused kernel memory: 1344K (ffffffff81cf5000 - ffff=
ffff81e45000)
[    0.564725] Write protecting the kernel read-only data: 12288k
[    0.565374] Freeing unused kernel memory: 1640K (ffff880001666000 - ffff=
880001800000)
[    0.570863] Freeing unused kernel memory: 1520K (ffff880001a84000 - ffff=
880001c00000)
[    0.579324] x86/mm: Checked W+X mappings: passed, no W+X pages found.
[    0.580060] geninitrd/12757 starting
[    0.583776] SCSI subsystem initialized
[    0.585084] libata version 3.00 loaded.
[    0.585159] input: AT Translated Set 2 keyboard as /devices/platform/i80=
42/serio0/input/input0
[    0.586118] ahci 0000:00:1f.2: version 3.0
[    0.586270] ahci 0000:00:1f.2: SSS flag set, parallel bus scan disabled
[    0.596432] ahci 0000:00:1f.2: AHCI 0001.0300 32 slots 4 ports 3 Gbps 0x=
33 impl SATA mode
[    0.596491] ahci 0000:00:1f.2: flags: 64bit ncq sntf stag pm led clo pmp=
 pio slum part ems apst=20
[    0.614783] scsi host0: ahci
[    0.614979] scsi host1: ahci
[    0.615163] scsi host2: ahci
[    0.615346] scsi host3: ahci
[    0.615474] scsi host4: ahci
[    0.615583] scsi host5: ahci
[    0.615657] ata1: SATA max UDMA/133 abar m2048@0xfbffc000 port 0xfbffc10=
0 irq 24
[    0.615713] ata2: SATA max UDMA/133 abar m2048@0xfbffc000 port 0xfbffc18=
0 irq 24
[    0.615767] ata3: DUMMY
[    0.615802] ata4: DUMMY
[    0.615838] ata5: SATA max UDMA/133 abar m2048@0xfbffc000 port 0xfbffc30=
0 irq 24
[    0.615893] ata6: SATA max UDMA/133 abar m2048@0xfbffc000 port 0xfbffc38=
0 irq 24
[    1.077562] ata1: SATA link up 3.0 Gbps (SStatus 123 SControl 300)
[    1.081866] ata1.00: ATA-8: WDC WD2003FYYS-02W0B1, 01.01D02, max UDMA/133
[    1.081911] ata1.00: 3907029168 sectors, multi 0: LBA48 NCQ (depth 31/32=
), AA
[    1.086874] ata1.00: configured for UDMA/133
[    1.087094] scsi 0:0:0:0: Direct-Access     ATA      WDC WD2003FYYS-0 1D=
02 PQ: 0 ANSI: 5
[    1.524214] tsc: Refined TSC clocksource calibration: 2394.560 MHz
[    1.524270] clocksource: tsc: mask: 0xffffffffffffffff max_cycles: 0x228=
4248580e, max_idle_ns: 440795288736 ns
[    1.574216] ata2: SATA link up 3.0 Gbps (SStatus 123 SControl 300)
[    1.578666] ata2.00: ATA-8: WDC WD2003FYYS-02W0B0, 01.01D01, max UDMA/133
[    1.578723] ata2.00: 3907029168 sectors, multi 0: LBA48 NCQ (depth 31/32=
), AA
[    1.583674] ata2.00: configured for UDMA/133
[    1.583982] scsi 1:0:0:0: Direct-Access     ATA      WDC WD2003FYYS-0 1D=
01 PQ: 0 ANSI: 5
[    2.070865] ata5: SATA link up 3.0 Gbps (SStatus 123 SControl 300)
[    2.071861] ata5.00: ATA-8: WDC WD2000FYYZ-01UL1B1, 01.01K02, max UDMA/1=
33
[    2.071919] ata5.00: 3907029168 sectors, multi 0: LBA48 NCQ (depth 31/32=
), AA
[    2.072953] ata5.00: configured for UDMA/133
[    2.073218] scsi 4:0:0:0: Direct-Access     ATA      WDC WD2000FYYZ-0 1K=
02 PQ: 0 ANSI: 5
[    2.524361] clocksource: Switched to clocksource tsc
[    2.560843] ata6: SATA link up 3.0 Gbps (SStatus 123 SControl 300)
[    2.562330] ata6.00: ATA-8: WDC WD2000FYYZ-01UL1B2, 01.01K03, max UDMA/1=
33
[    2.562388] ata6.00: 3907029168 sectors, multi 0: LBA48 NCQ (depth 31/32=
), AA
[    2.563417] ata6.00: configured for UDMA/133
[    2.563700] scsi 5:0:0:0: Direct-Access     ATA      WDC WD2000FYYZ-0 1K=
03 PQ: 0 ANSI: 5
[    2.589052] md: raid1 personality registered for level 1
[    2.589604] sd 1:0:0:0: [sdb] 3907029168 512-byte logical blocks: (2.00 =
TB/1.82 TiB)
[    2.589685] sd 4:0:0:0: [sdc] 3907029168 512-byte logical blocks: (2.00 =
TB/1.82 TiB)
[    2.589698] sd 5:0:0:0: [sdd] 3907029168 512-byte logical blocks: (2.00 =
TB/1.82 TiB)
[    2.589728] sd 5:0:0:0: [sdd] Write Protect is off
[    2.589730] sd 5:0:0:0: [sdd] Mode Sense: 00 3a 00 00
[    2.589743] sd 5:0:0:0: [sdd] Write cache: enabled, read cache: enabled,=
 doesn't support DPO or FUA
[    2.589898] sd 0:0:0:0: [sda] 3907029168 512-byte logical blocks: (2.00 =
TB/1.82 TiB)
[    2.589921] sd 4:0:0:0: [sdc] Write Protect is off
[    2.589922] sd 4:0:0:0: [sdc] Mode Sense: 00 3a 00 00
[    2.589935] sd 4:0:0:0: [sdc] Write cache: disabled, read cache: enabled=
, doesn't support DPO or FUA
[    2.590077] sd 1:0:0:0: [sdb] Write Protect is off
[    2.590079] sd 0:0:0:0: [sda] Write Protect is off
[    2.590081] sd 0:0:0:0: [sda] Mode Sense: 00 3a 00 00
[    2.590093] sd 0:0:0:0: [sda] Write cache: enabled, read cache: enabled,=
 doesn't support DPO or FUA
[    2.590212] sd 1:0:0:0: [sdb] Mode Sense: 00 3a 00 00
[    2.590231] sd 1:0:0:0: [sdb] Write cache: enabled, read cache: enabled,=
 doesn't support DPO or FUA
[    2.595368]  sda: sda1 sda2 sda3 sda4
[    2.595789] sd 0:0:0:0: [sda] Attached SCSI disk
[    2.599262]  sdb: sdb1 sdb2 sdb3 sdb4
[    2.599584] sd 1:0:0:0: [sdb] Attached SCSI disk
[    2.601530]  sdd: sdd1 sdd2 sdd3 sdd4
[    2.601935] sd 5:0:0:0: [sdd] Attached SCSI disk
[    2.609757]  sdc: sdc1 sdc2 sdc3 sdc4
[    2.610181] sd 4:0:0:0: [sdc] Attached SCSI disk
[    2.615544] SGI XFS with ACLs, security attributes, no debug enabled
[    2.618522] random: udevd urandom read with 39 bits of entropy available
[    2.927351] md: md1 stopped.
[    2.929554] md: bind<sdb2>
[    2.929705] md: bind<sdc2>
[    2.929854] md: bind<sdd2>
[    2.930015] md: bind<sda2>
[    2.930173] md/raid1:md1: active with 4 out of 4 mirrors
[    2.930236] md1: detected capacity change from 0 to 107374116864
[    2.950519] XFS (md1): Mounting V4 Filesystem
[    2.970496] random: nonblocking pool is initialized
[    3.108969] XFS (md1): Ending clean mount
[    3.109574] geninitrd/12757 switching root
[    4.134739] ACPI Warning: SystemIO range 0x0000000000000428-0x0000000000=
00042F conflicts with OpRegion 0x000000000000042C-0x000000000000042D (\GP2C=
) (20160422/utaddress-255)
[    4.134745] ACPI: If an ACPI driver is available for this device, you sh=
ould use it instead of the native driver
[    4.134770] lpc_ich: Resource conflict(s) found affecting gpio_ich
[    4.135007] shpchp: Standard Hot Plug PCI Controller Driver version: 0.4
[    4.161695] input: Power Button as /devices/LNXSYSTM:00/LNXSYBUS:00/PNP0=
C0C:00/input/input1
[    4.161700] ACPI: Power Button [PWRB]
[    4.162365] input: Power Button as /devices/LNXSYSTM:00/LNXPWRBN:00/inpu=
t/input2
[    4.162369] ACPI: Power Button [PWRF]
[    4.193268] FUJITSU Extended Socket Network Device Driver - version 1.1 =
=2D Copyright (c) 2015 FUJITSU LIMITED
[    4.194217] ACPI: bus type USB registered
[    4.194242] usbcore: registered new interface driver usbfs
[    4.194253] usbcore: registered new interface driver hub
[    4.194275] usbcore: registered new device driver usb
[    4.213186] ehci_hcd: USB 2.0 'Enhanced' Host Controller (EHCI) Driver
[    4.223414] r8169 Gigabit Ethernet driver 2.3LK-NAPI loaded
[    4.223426] r8169 0000:02:00.0: can't disable ASPM; OS doesn't have ASPM=
 control
[    4.227863] r8169 0000:02:00.0 eth0: RTL8168evl/8111evl at 0xffffc90000e=
4c000, 50:e5:49:2e:26:1c, XID 0c900800 IRQ 26
[    4.227867] r8169 0000:02:00.0 eth0: jumbo features [frames: 9200 bytes,=
 tx checksumming: ko]
[    4.228434] ehci-pci: EHCI PCI platform driver
[    4.228568] ehci-pci 0000:00:1a.0: EHCI Host Controller
[    4.228577] ehci-pci 0000:00:1a.0: new USB bus registered, assigned bus =
number 1
[    4.228591] ehci-pci 0000:00:1a.0: debug port 2
[    4.232533] ehci-pci 0000:00:1a.0: cache line size of 4 is not supported
[    4.233452] parport_pc 00:03: reported by Plug and Play ACPI
[    4.233517] parport0: PC-style at 0x378, irq 7 [PCSPP,TRISTATE]
[    4.235804] ehci-pci 0000:00:1a.0: irq 18, io mem 0xfbffe000
[    4.244159] ehci-pci 0000:00:1a.0: USB 2.0 started, EHCI 1.00
[    4.244209] usb usb1: New USB device found, idVendor=3D1d6b, idProduct=
=3D0002
[    4.244211] usb usb1: New USB device strings: Mfr=3D3, Product=3D2, Seri=
alNumber=3D1
[    4.244213] usb usb1: Product: EHCI Host Controller
[    4.244215] usb usb1: Manufacturer: Linux 4.7.0-1 ehci_hcd
[    4.244216] usb usb1: SerialNumber: 0000:00:1a.0
[    4.244361] hub 1-0:1.0: USB hub found
[    4.244367] hub 1-0:1.0: 2 ports detected
[    4.244976] ehci-pci 0000:00:1d.0: EHCI Host Controller
[    4.245038] ehci-pci 0000:00:1d.0: new USB bus registered, assigned bus =
number 2
[    4.245052] ehci-pci 0000:00:1d.0: debug port 2
[    4.249133] ehci-pci 0000:00:1d.0: cache line size of 4 is not supported
[    4.253302] ehci-pci 0000:00:1d.0: irq 23, io mem 0xfbffd000
[    4.260788] ehci-pci 0000:00:1d.0: USB 2.0 started, EHCI 1.00
[    4.260837] usb usb2: New USB device found, idVendor=3D1d6b, idProduct=
=3D0002
[    4.260839] usb usb2: New USB device strings: Mfr=3D3, Product=3D2, Seri=
alNumber=3D1
[    4.260841] usb usb2: Product: EHCI Host Controller
[    4.260843] usb usb2: Manufacturer: Linux 4.7.0-1 ehci_hcd
[    4.260844] usb usb2: SerialNumber: 0000:00:1d.0
[    4.261169] hub 2-0:1.0: USB hub found
[    4.261176] hub 2-0:1.0: 2 ports detected
[    4.280005] input: PC Speaker as /devices/platform/pcspkr/input/input3
[    4.293472] i801_smbus 0000:00:1f.3: SMBus using PCI interrupt
[    4.336346] RAPL PMU: API unit is 2^-32 Joules, 3 fixed counters, 163840=
 ms ovfl timer
[    4.336349] RAPL PMU: hw unit of domain pp0-core 2^-16 Joules
[    4.336350] RAPL PMU: hw unit of domain package 2^-16 Joules
[    4.336351] RAPL PMU: hw unit of domain pp1-gpu 2^-16 Joules
[    4.385979] iTCO_vendor_support: vendor-support=3D0
[    4.387151] iTCO_wdt: Intel TCO WatchDog Timer Driver v1.11
[    4.387184] iTCO_wdt: unable to reset NO_REBOOT flag, device disabled by=
 hardware/BIOS
[    4.405264] gpio_ich: GPIO from 436 to 511 on gpio_ich
[    4.418770] ppdev: user-space parallel port driver
[    4.550753] usb 1-1: new high-speed USB device number 2 using ehci-pci
[    4.567419] usb 2-1: new high-speed USB device number 2 using ehci-pci
[    4.635396] intel_rapl: Found RAPL domain package
[    4.635399] intel_rapl: Found RAPL domain core
[    4.635401] intel_rapl: Found RAPL domain uncore
[    4.674501] usb 1-1: New USB device found, idVendor=3D8087, idProduct=3D=
0024
[    4.674516] usb 1-1: New USB device strings: Mfr=3D0, Product=3D0, Seria=
lNumber=3D0
[    4.674768] hub 1-1:1.0: USB hub found
[    4.674826] hub 1-1:1.0: 4 ports detected
[    4.691116] usb 2-1: New USB device found, idVendor=3D8087, idProduct=3D=
0024
[    4.691121] usb 2-1: New USB device strings: Mfr=3D0, Product=3D0, Seria=
lNumber=3D0
[    4.691485] hub 2-1:1.0: USB hub found
[    4.691575] hub 2-1:1.0: 6 ports detected
[    7.230760] floppy0: no floppy controllers found
[    7.230770] work still pending
[    7.590833] md: md0 stopped.
[    7.592227] md: bind<sdb1>
[    7.592341] md: bind<sdc1>
[    7.592436] md: bind<sdd1>
[    7.592548] md: bind<sda1>
[    7.606940] md: raid0 personality registered for level 0
[    7.607181] md/raid0:md0: md_size is 41910272 sectors.
[    7.607183] md: RAID0 configuration for md0 - 1 zone
[    7.607185] md: zone0=3D[sda1/sdb1/sdc1/sdd1]
[    7.607190]       zone-offset=3D         0KB, device-offset=3D         0=
KB, size=3D  20955136KB
[    7.607202] md0: detected capacity change from 0 to 21458059264
[    7.623793] md: md2 stopped.
[    7.625564] md: bind<sdb3>
[    7.625669] md: bind<sdc3>
[    7.625770] md: bind<sdd3>
[    7.625940] md: bind<sda3>
[    7.703961] raid6: sse2x1   gen()  6399 MB/s
[    7.760620] raid6: sse2x1   xor()  5012 MB/s
[    7.817286] raid6: sse2x2   gen()  7973 MB/s
[    7.873952] raid6: sse2x2   xor()  5801 MB/s
[    7.930615] raid6: sse2x4   gen()  9242 MB/s
[    7.987279] raid6: sse2x4   xor()  6960 MB/s
[    7.987281] raid6: using algorithm sse2x4 gen() 9242 MB/s
[    7.987282] raid6: .... xor() 6960 MB/s, rmw enabled
[    7.987283] raid6: using ssse3x2 recovery algorithm
[    7.987962] async_tx: api initialized (async)
[    7.988621] xor: measuring software checksum speed
[    8.020609]    prefetch64-sse: 13413.600 MB/sec
[    8.053941]    generic_sse: 12324.000 MB/sec
[    8.053942] xor: using function: prefetch64-sse (13413.600 MB/sec)
[    8.063069] md: raid6 personality registered for level 6
[    8.063073] md: raid5 personality registered for level 5
[    8.063074] md: raid4 personality registered for level 4
[    8.063392] md/raid:md2: device sda3 operational as raid disk 0
[    8.063394] md/raid:md2: device sdd3 operational as raid disk 3
[    8.063395] md/raid:md2: device sdc3 operational as raid disk 2
[    8.063397] md/raid:md2: device sdb3 operational as raid disk 1
[    8.063688] md/raid:md2: allocated 4374kB
[    8.064389] md/raid:md2: raid level 5 active with 4 out of 4 devices, al=
gorithm 2
[    8.064391] RAID conf printout:
[    8.064393]  --- level:5 rd:4 wd:4
[    8.064394]  disk 0, o:1, dev:sda3
[    8.064396]  disk 1, o:1, dev:sdb3
[    8.064397]  disk 2, o:1, dev:sdc3
[    8.064399]  disk 3, o:1, dev:sdd3
[    8.064531] created bitmap (7 pages) for device md2
[    8.064742] md2: bitmap initialized from disk: read 1 pages, set 0 of 14=
078 bits
[    8.072817] md2: detected capacity change from 0 to 2834275762176
[    8.106570] md: md3 stopped.
[    8.109279] md: bind<sdb4>
[    8.109393] md: bind<sdc4>
[    8.109490] md: bind<sdd4>
[    8.109609] md: bind<sda4>
[    8.111468] md/raid:md3: device sda4 operational as raid disk 0
[    8.111471] md/raid:md3: device sdd4 operational as raid disk 3
[    8.111472] md/raid:md3: device sdc4 operational as raid disk 2
[    8.111474] md/raid:md3: device sdb4 operational as raid disk 1
[    8.111711] md/raid:md3: allocated 4374kB
[    8.111735] md/raid:md3: raid level 5 active with 4 out of 4 devices, al=
gorithm 2
[    8.111736] RAID conf printout:
[    8.111737]  --- level:5 rd:4 wd:4
[    8.111739]  disk 0, o:1, dev:sda4
[    8.111740]  disk 1, o:1, dev:sdb4
[    8.111741]  disk 2, o:1, dev:sdc4
[    8.111742]  disk 3, o:1, dev:sdd4
[    8.111855] created bitmap (7 pages) for device md3
[    8.112053] md3: bitmap initialized from disk: read 1 pages, set 0 of 14=
047 bits
[    8.128615] md3: detected capacity change from 0 to 2827883642880
[    8.171727] XFS (md2): Mounting V4 Filesystem
[    8.398760] XFS (md2): Ending clean mount
[    8.698346] EXT4-fs (md3): mounted filesystem with ordered data mode. Op=
ts: (null)
[    9.581802] Adding 20955132k swap on /dev/md0.  Priority:-1 extents:1 ac=
ross:20955132k FS
[   10.149348] r8169 0000:02:00.0 eth0: link down
[   10.149351] r8169 0000:02:00.0 eth0: link down
[   10.149406] IPv6: ADDRCONF(NETDEV_UP): eth0: link is not ready
[   12.308938] r8169 0000:02:00.0 eth0: link up
[   12.308949] IPv6: ADDRCONF(NETDEV_CHANGE): eth0: link becomes ready

[started testing with xfs]

[ 3480.077485] INFO: task kworker/1:0H:1249 blocked for more than 120 secon=
ds.
[ 3480.077490]       Not tainted 4.7.0-1 #1
[ 3480.077491] "echo 0 > /proc/sys/kernel/hung_task_timeout_secs" disables =
this message.
[ 3480.077492] kworker/1:0H    D ffff88011edfbae8     0  1249      2 0x0000=
0000
[ 3480.077528] Workqueue: xfs-log/md2 xfs_log_worker [xfs]
[ 3480.077531]  ffff88011edfbae8 ffff880215553fc0 ffffffff8104b2e5 ffff8801=
1edfc000
[ 3480.077533]  ffff88011edfbc70 0000000000000000 7fffffffffffffff ffff8802=
15553fc0
[ 3480.077535]  ffff88011edfbb00 ffffffff816598e5 0000000000000002 ffff8801=
1edfbbb0
[ 3480.077537] Call Trace:
[ 3480.077544]  [<ffffffff8104b2e5>] ? default_send_IPI_single+0x35/0x40
[ 3480.077547]  [<ffffffff816598e5>] schedule+0x35/0x80
[ 3480.077549]  [<ffffffff8165c49c>] schedule_timeout+0x1ec/0x250
[ 3480.077553]  [<ffffffff8109dc80>] ? check_preempt_curr+0x80/0x90
[ 3480.077555]  [<ffffffff8109dca9>] ? ttwu_do_wakeup+0x19/0xe0
[ 3480.077558]  [<ffffffff8165a336>] wait_for_common+0xc6/0x1a0
[ 3480.077559]  [<ffffffff8109eb80>] ? wake_up_q+0x70/0x70
[ 3480.077562]  [<ffffffff8165a42d>] wait_for_completion+0x1d/0x20
[ 3480.077565]  [<ffffffff8108d601>] flush_work+0x111/0x1c0
[ 3480.077567]  [<ffffffff8108b570>] ? flush_workqueue_prep_pwqs+0x1a0/0x1a0
[ 3480.077588]  [<ffffffffc014da47>] xlog_cil_force_lsn+0x87/0x1f0 [xfs]
[ 3480.077596]  [<ffffffffc000ab9f>] ? scsi_request_fn+0x3f/0x660 [scsi_mod]
[ 3480.077616]  [<ffffffffc0149dc4>] ? xlog_state_do_callback+0x2a4/0x2c0 [=
xfs]
[ 3480.077635]  [<ffffffffc014bb85>] _xfs_log_force+0x85/0x2a0 [xfs]
[ 3480.077637]  [<ffffffff810b0c26>] ? pick_next_task_fair+0x3c6/0x4c0
[ 3480.077655]  [<ffffffffc014be64>] ? xfs_log_worker+0x24/0x50 [xfs]
[ 3480.077672]  [<ffffffffc014bdcc>] xfs_log_force+0x2c/0xa0 [xfs]
[ 3480.077689]  [<ffffffffc014be64>] xfs_log_worker+0x24/0x50 [xfs]
[ 3480.077691]  [<ffffffff8108e2d5>] process_one_work+0x155/0x470
[ 3480.077694]  [<ffffffff8108e63b>] worker_thread+0x4b/0x4f0
[ 3480.077696]  [<ffffffff8165945f>] ? __schedule+0x25f/0x6b0
[ 3480.077698]  [<ffffffff8108e5f0>] ? process_one_work+0x470/0x470
[ 3480.077700]  [<ffffffff8108e5f0>] ? process_one_work+0x470/0x470
[ 3480.077702]  [<ffffffff81094538>] kthread+0xd8/0xf0
[ 3480.077705]  [<ffffffff8165d3df>] ret_from_fork+0x1f/0x40
[ 3480.077707]  [<ffffffff81094460>] ? kthread_worker_fn+0x180/0x180
[ 3480.077710] INFO: task rm:1275 blocked for more than 120 seconds.
[ 3480.077711]       Not tainted 4.7.0-1 #1
[ 3480.077712] "echo 0 > /proc/sys/kernel/hung_task_timeout_secs" disables =
this message.
[ 3480.077713] rm              D ffff8801118576e8     0  1275   1189 0x0000=
0000
[ 3480.077715]  ffff8801118576e8 ffff880037e3b300 ffffffff8104b2e5 ffff8801=
11858000
[ 3480.077717]  ffff880111857870 0000000000000000 7fffffffffffffff ffff8800=
37e3b300
[ 3480.077719]  ffff880111857700 ffffffff816598e5 0000000000000002 ffff8801=
118577b0
[ 3480.077721] Call Trace:
[ 3480.077724]  [<ffffffff8104b2e5>] ? default_send_IPI_single+0x35/0x40
[ 3480.077726]  [<ffffffff816598e5>] schedule+0x35/0x80
[ 3480.077728]  [<ffffffff8165c49c>] schedule_timeout+0x1ec/0x250
[ 3480.077730]  [<ffffffff8109dc80>] ? check_preempt_curr+0x80/0x90
[ 3480.077732]  [<ffffffff8109dca9>] ? ttwu_do_wakeup+0x19/0xe0
[ 3480.077734]  [<ffffffff8165a336>] wait_for_common+0xc6/0x1a0
[ 3480.077736]  [<ffffffff8109eb80>] ? wake_up_q+0x70/0x70
[ 3480.077738]  [<ffffffff8165a42d>] wait_for_completion+0x1d/0x20
[ 3480.077740]  [<ffffffff8108d601>] flush_work+0x111/0x1c0
[ 3480.077742]  [<ffffffff8108b570>] ? flush_workqueue_prep_pwqs+0x1a0/0x1a0
[ 3480.077761]  [<ffffffffc014da47>] xlog_cil_force_lsn+0x87/0x1f0 [xfs]
[ 3480.077777]  [<ffffffffc0100dba>] ? xfs_btree_updkey+0x8a/0xc0 [xfs]
[ 3480.077793]  [<ffffffffc0100c0d>] ? xfs_btree_is_lastrec+0x5d/0x70 [xfs]
[ 3480.077811]  [<ffffffffc014bb85>] _xfs_log_force+0x85/0x2a0 [xfs]
[ 3480.077830]  [<ffffffffc01298bb>] ? xfs_buf_lock+0xeb/0xf0 [xfs]
[ 3480.077847]  [<ffffffffc014bdcc>] xfs_log_force+0x2c/0xa0 [xfs]
[ 3480.077866]  [<ffffffffc0129a10>] ? _xfs_buf_find+0x150/0x320 [xfs]
[ 3480.077883]  [<ffffffffc01298bb>] xfs_buf_lock+0xeb/0xf0 [xfs]
[ 3480.077901]  [<ffffffffc0129a10>] _xfs_buf_find+0x150/0x320 [xfs]
[ 3480.077918]  [<ffffffffc0129cfa>] xfs_buf_get_map+0x2a/0x1d0 [xfs]
[ 3480.077933]  [<ffffffffc00e9d6a>] ? xfs_free_ag_extent+0x2ca/0x760 [xfs]
[ 3480.077954]  [<ffffffffc0158608>] xfs_trans_get_buf_map+0x108/0x190 [xfs]
[ 3480.077970]  [<ffffffffc010210f>] xfs_btree_get_bufs+0x5f/0x80 [xfs]
[ 3480.077985]  [<ffffffffc00ec061>] xfs_alloc_fix_freelist+0x231/0x3e0 [xf=
s]
[ 3480.078004]  [<ffffffffc0146b03>] ? xfs_trans_free_item_desc+0x33/0x40 [=
xfs]
[ 3480.078022]  [<ffffffffc0147620>] ? xfs_trans_free_items+0x80/0xb0 [xfs]
[ 3480.078026]  [<ffffffff8133bc1d>] ? radix_tree_lookup+0xd/0x10
[ 3480.078044]  [<ffffffffc011f7ca>] ? xfs_perag_get+0x2a/0xb0 [xfs]
[ 3480.078059]  [<ffffffffc00ec9b4>] xfs_free_extent+0x94/0x120 [xfs]
[ 3480.078080]  [<ffffffffc0159166>] xfs_trans_free_extent+0x26/0x60 [xfs]
[ 3480.078098]  [<ffffffffc0126437>] xfs_bmap_finish+0x117/0x140 [xfs]
[ 3480.078118]  [<ffffffffc013d93e>] xfs_itruncate_extents+0xfe/0x220 [xfs]
[ 3480.078137]  [<ffffffffc013db0d>] xfs_inactive_truncate+0xad/0x100 [xfs]
[ 3480.078155]  [<ffffffffc013e0b2>] xfs_inactive+0x102/0x120 [xfs]
[ 3480.078174]  [<ffffffffc0143718>] xfs_fs_destroy_inode+0x98/0x190 [xfs]
[ 3480.078177]  [<ffffffff8121e55b>] destroy_inode+0x3b/0x60
[ 3480.078179]  [<ffffffff8121e6a9>] evict+0x129/0x190
[ 3480.078181]  [<ffffffff8121ef28>] iput+0x1b8/0x240
[ 3480.078184]  [<ffffffff81213669>] do_unlinkat+0x199/0x2d0
[ 3480.078187]  [<ffffffff81213fbb>] SyS_unlinkat+0x1b/0x30
[ 3480.078189]  [<ffffffff8165d1b6>] entry_SYSCALL_64_fastpath+0x1e/0xa8
[10124.041862] perf: interrupt took too long (2507 > 2500), lowering kernel=
=2Eperf_event_max_sample_rate to 79500
[13357.017542] perf: interrupt took too long (3134 > 3133), lowering kernel=
=2Eperf_event_max_sample_rate to 63600
[56878.087309] INFO: task xfsaild/md2:661 blocked for more than 120 seconds.
[56878.087313]       Not tainted 4.7.0-1 #1
[56878.087314] "echo 0 > /proc/sys/kernel/hung_task_timeout_secs" disables =
this message.
[56878.087315] xfsaild/md2     D ffff8800d68b3ae8     0   661      2 0x0000=
0000
[56878.087320]  ffff8800d68b3ae8 ffff8800d6b19980 ffff88021ea56db0 ffff8800=
d68b4000
[56878.087322]  ffff8800d68b3c70 0000000000000000 7fffffffffffffff ffff8800=
d6b19980
[56878.087325]  ffff8800d68b3b00 ffffffff816598e5 0000000000000002 ffff8800=
d68b3bb0
[56878.087327] Call Trace:
[56878.087334]  [<ffffffff816598e5>] schedule+0x35/0x80
[56878.087337]  [<ffffffff8165c49c>] schedule_timeout+0x1ec/0x250
[56878.087339]  [<ffffffff8165945f>] ? __schedule+0x25f/0x6b0
[56878.087342]  [<ffffffff8165a336>] wait_for_common+0xc6/0x1a0
[56878.087345]  [<ffffffff8109eb80>] ? wake_up_q+0x70/0x70
[56878.087347]  [<ffffffff8165a42d>] wait_for_completion+0x1d/0x20
[56878.087350]  [<ffffffff8108d601>] flush_work+0x111/0x1c0
[56878.087352]  [<ffffffff8108b570>] ? flush_workqueue_prep_pwqs+0x1a0/0x1a0
[56878.087386]  [<ffffffffc014da47>] xlog_cil_force_lsn+0x87/0x1f0 [xfs]
[56878.087389]  [<ffffffff8165cdde>] ? _raw_spin_unlock_irqrestore+0xe/0x10
[56878.087392]  [<ffffffff810dc92e>] ? try_to_del_timer_sync+0x5e/0x90
[56878.087413]  [<ffffffffc014bb85>] _xfs_log_force+0x85/0x2a0 [xfs]
[56878.087415]  [<ffffffff810dc3c0>] ? init_timer_key+0xb0/0xb0
[56878.087435]  [<ffffffffc01574f4>] ? xfsaild+0x184/0x740 [xfs]
[56878.087455]  [<ffffffffc014bdcc>] xfs_log_force+0x2c/0xa0 [xfs]
[56878.087474]  [<ffffffffc01574f4>] xfsaild+0x184/0x740 [xfs]
[56878.087493]  [<ffffffffc0157370>] ? xfs_trans_ail_cursor_first+0x90/0x90=
 [xfs]
[56878.087511]  [<ffffffffc0157370>] ? xfs_trans_ail_cursor_first+0x90/0x90=
 [xfs]
[56878.087513]  [<ffffffff81094538>] kthread+0xd8/0xf0
[56878.087516]  [<ffffffff8165d3df>] ret_from_fork+0x1f/0x40
[56878.087518]  [<ffffffff81094460>] ? kthread_worker_fn+0x180/0x180
[56878.087525] INFO: task kworker/1:1H:1917 blocked for more than 120 secon=
ds.
[56878.087527]       Not tainted 4.7.0-1 #1
[56878.087528] "echo 0 > /proc/sys/kernel/hung_task_timeout_secs" disables =
this message.
[56878.087529] kworker/1:1H    D ffff8801843cbae8     0  1917      2 0x0000=
0000
[56878.087550] Workqueue: xfs-log/md2 xfs_log_worker [xfs]
[56878.087551]  ffff8801843cbae8 ffff8800d6b1f2c0 ffff880214739a00 ffff8801=
843cc000
[56878.087553]  ffff8801843cbc70 0000000000000000 7fffffffffffffff ffff8800=
d6b1f2c0
[56878.087555]  ffff8801843cbb00 ffffffff816598e5 0000000000000002 ffff8801=
843cbbb0
[56878.087557] Call Trace:
[56878.087560]  [<ffffffff816598e5>] schedule+0x35/0x80
[56878.087562]  [<ffffffff8165c49c>] schedule_timeout+0x1ec/0x250
[56878.087564]  [<ffffffff8109dc80>] ? check_preempt_curr+0x80/0x90
[56878.087566]  [<ffffffff8109dca9>] ? ttwu_do_wakeup+0x19/0xe0
[56878.087568]  [<ffffffff8165a336>] wait_for_common+0xc6/0x1a0
[56878.087570]  [<ffffffff8109eb80>] ? wake_up_q+0x70/0x70
[56878.087572]  [<ffffffff8165a42d>] wait_for_completion+0x1d/0x20
[56878.087574]  [<ffffffff8108d601>] flush_work+0x111/0x1c0
[56878.087576]  [<ffffffff8108b570>] ? flush_workqueue_prep_pwqs+0x1a0/0x1a0
[56878.087595]  [<ffffffffc014da47>] xlog_cil_force_lsn+0x87/0x1f0 [xfs]
[56878.087603]  [<ffffffffc000ab9f>] ? scsi_request_fn+0x3f/0x660 [scsi_mod]
[56878.087623]  [<ffffffffc0149dc4>] ? xlog_state_do_callback+0x2a4/0x2c0 [=
xfs]
[56878.087641]  [<ffffffffc014bb85>] _xfs_log_force+0x85/0x2a0 [xfs]
[56878.087644]  [<ffffffff810b0c26>] ? pick_next_task_fair+0x3c6/0x4c0
[56878.087661]  [<ffffffffc014be64>] ? xfs_log_worker+0x24/0x50 [xfs]
[56878.087678]  [<ffffffffc014bdcc>] xfs_log_force+0x2c/0xa0 [xfs]
[56878.087695]  [<ffffffffc014be64>] xfs_log_worker+0x24/0x50 [xfs]
[56878.087698]  [<ffffffff8108e2d5>] process_one_work+0x155/0x470
[56878.087700]  [<ffffffff8108e63b>] worker_thread+0x4b/0x4f0
[56878.087702]  [<ffffffff8165945f>] ? __schedule+0x25f/0x6b0
[56878.087704]  [<ffffffff8108e5f0>] ? process_one_work+0x470/0x470
[56878.087706]  [<ffffffff8108e5f0>] ? process_one_work+0x470/0x470
[56878.087708]  [<ffffffff81094538>] kthread+0xd8/0xf0
[56878.087711]  [<ffffffff8165d3df>] ret_from_fork+0x1f/0x40
[56878.087713]  [<ffffffff81094460>] ? kthread_worker_fn+0x180/0x180
[57238.073850] INFO: task kworker/1:1H:1917 blocked for more than 120 secon=
ds.
[57238.073854]       Not tainted 4.7.0-1 #1
[57238.073855] "echo 0 > /proc/sys/kernel/hung_task_timeout_secs" disables =
this message.
[57238.073857] kworker/1:1H    D ffff8801843cbae8     0  1917      2 0x0000=
0000
[57238.073894] Workqueue: xfs-log/md2 xfs_log_worker [xfs]
[57238.073896]  ffff8801843cbae8 ffff8800d6b1f2c0 ffff880214739a00 ffff8801=
843cc000
[57238.073899]  ffff8801843cbc70 0000000000000000 7fffffffffffffff ffff8800=
d6b1f2c0
[57238.073901]  ffff8801843cbb00 ffffffff816598e5 0000000000000002 ffff8801=
843cbbb0
[57238.073903] Call Trace:
[57238.073909]  [<ffffffff816598e5>] schedule+0x35/0x80
[57238.073912]  [<ffffffff8165c49c>] schedule_timeout+0x1ec/0x250
[57238.073916]  [<ffffffff8109dc80>] ? check_preempt_curr+0x80/0x90
[57238.073918]  [<ffffffff8109dca9>] ? ttwu_do_wakeup+0x19/0xe0
[57238.073920]  [<ffffffff8165a336>] wait_for_common+0xc6/0x1a0
[57238.073922]  [<ffffffff8109eb80>] ? wake_up_q+0x70/0x70
[57238.073924]  [<ffffffff8165a42d>] wait_for_completion+0x1d/0x20
[57238.073927]  [<ffffffff8108d601>] flush_work+0x111/0x1c0
[57238.073929]  [<ffffffff8108b570>] ? flush_workqueue_prep_pwqs+0x1a0/0x1a0
[57238.073951]  [<ffffffffc014da47>] xlog_cil_force_lsn+0x87/0x1f0 [xfs]
[57238.073960]  [<ffffffffc000ab9f>] ? scsi_request_fn+0x3f/0x660 [scsi_mod]
[57238.073981]  [<ffffffffc014bb85>] _xfs_log_force+0x85/0x2a0 [xfs]
[57238.073983]  [<ffffffff810aa26c>] ? dequeue_task_fair+0x54c/0x9c0
[57238.073985]  [<ffffffff810aa8d5>] ? put_prev_entity+0x35/0x880
[57238.073987]  [<ffffffff810b096f>] ? pick_next_task_fair+0x10f/0x4c0
[57238.074006]  [<ffffffffc014be64>] ? xfs_log_worker+0x24/0x50 [xfs]
[57238.074023]  [<ffffffffc014bdcc>] xfs_log_force+0x2c/0xa0 [xfs]
[57238.074041]  [<ffffffffc014be64>] xfs_log_worker+0x24/0x50 [xfs]
[57238.074043]  [<ffffffff8108e2d5>] process_one_work+0x155/0x470
[57238.074046]  [<ffffffff8108e63b>] worker_thread+0x4b/0x4f0
[57238.074048]  [<ffffffff8165945f>] ? __schedule+0x25f/0x6b0
[57238.074050]  [<ffffffff8108e5f0>] ? process_one_work+0x470/0x470
[57238.074052]  [<ffffffff8108e5f0>] ? process_one_work+0x470/0x470
[57238.074054]  [<ffffffff81094538>] kthread+0xd8/0xf0
[57238.074057]  [<ffffffff8165d3df>] ret_from_fork+0x1f/0x40
[57238.074059]  [<ffffffff81094460>] ? kthread_worker_fn+0x180/0x180
[57534.200562] perf: interrupt took too long (3920 > 3917), lowering kernel=
=2Eperf_event_max_sample_rate to 51000
[57598.060403] INFO: task xfsaild/md2:661 blocked for more than 120 seconds.
[57598.060407]       Not tainted 4.7.0-1 #1
[57598.060408] "echo 0 > /proc/sys/kernel/hung_task_timeout_secs" disables =
this message.
[57598.060410] xfsaild/md2     D ffff8800d68b3ae8     0   661      2 0x0000=
0000
[57598.060414]  ffff8800d68b3ae8 ffff8800d6b19980 ffff880214739a00 ffff8800=
d68b4000
[57598.060417]  ffff8800d68b3c70 0000000000000000 7fffffffffffffff ffff8800=
d6b19980
[57598.060419]  ffff8800d68b3b00 ffffffff816598e5 0000000000000002 ffff8800=
d68b3bb0
[57598.060421] Call Trace:
[57598.060428]  [<ffffffff816598e5>] schedule+0x35/0x80
[57598.060431]  [<ffffffff8165c49c>] schedule_timeout+0x1ec/0x250
[57598.060434]  [<ffffffff8109dc80>] ? check_preempt_curr+0x80/0x90
[57598.060436]  [<ffffffff8109dca9>] ? ttwu_do_wakeup+0x19/0xe0
[57598.060439]  [<ffffffff8165a336>] wait_for_common+0xc6/0x1a0
[57598.060441]  [<ffffffff8109eb80>] ? wake_up_q+0x70/0x70
[57598.060443]  [<ffffffff8165a42d>] wait_for_completion+0x1d/0x20
[57598.060446]  [<ffffffff8108d601>] flush_work+0x111/0x1c0
[57598.060448]  [<ffffffff8108b570>] ? flush_workqueue_prep_pwqs+0x1a0/0x1a0
[57598.060479]  [<ffffffffc014da47>] xlog_cil_force_lsn+0x87/0x1f0 [xfs]
[57598.060482]  [<ffffffff8109eb80>] ? wake_up_q+0x70/0x70
[57598.060502]  [<ffffffffc014bb85>] _xfs_log_force+0x85/0x2a0 [xfs]
[57598.060505]  [<ffffffff810dc3c0>] ? init_timer_key+0xb0/0xb0
[57598.060525]  [<ffffffffc01574f4>] ? xfsaild+0x184/0x740 [xfs]
[57598.060544]  [<ffffffffc014bdcc>] xfs_log_force+0x2c/0xa0 [xfs]
[57598.060563]  [<ffffffffc01574f4>] xfsaild+0x184/0x740 [xfs]
[57598.060581]  [<ffffffffc0157370>] ? xfs_trans_ail_cursor_first+0x90/0x90=
 [xfs]
[57598.060599]  [<ffffffffc0157370>] ? xfs_trans_ail_cursor_first+0x90/0x90=
 [xfs]
[57598.060601]  [<ffffffff81094538>] kthread+0xd8/0xf0
[57598.060604]  [<ffffffff8165d3df>] ret_from_fork+0x1f/0x40
[57598.060606]  [<ffffffff81094460>] ? kthread_worker_fn+0x180/0x180
[57718.055905] INFO: task xfsaild/md2:661 blocked for more than 120 seconds.
[57718.055920]       Not tainted 4.7.0-1 #1
[57718.055921] "echo 0 > /proc/sys/kernel/hung_task_timeout_secs" disables =
this message.
[57718.055922] xfsaild/md2     D ffff8800d68b3ae8     0   661      2 0x0000=
0000
[57718.055926]  ffff8800d68b3ae8 ffff8800d6b19980 ffff880214739a00 ffff8800=
d68b4000
[57718.055929]  ffff8800d68b3c70 0000000000000000 7fffffffffffffff ffff8800=
d6b19980
[57718.055931]  ffff8800d68b3b00 ffffffff816598e5 0000000000000002 ffff8800=
d68b3bb0
[57718.055933] Call Trace:
[57718.055941]  [<ffffffff816598e5>] schedule+0x35/0x80
[57718.055944]  [<ffffffff8165c49c>] schedule_timeout+0x1ec/0x250
[57718.055947]  [<ffffffff8109dc80>] ? check_preempt_curr+0x80/0x90
[57718.055949]  [<ffffffff8109dca9>] ? ttwu_do_wakeup+0x19/0xe0
[57718.055951]  [<ffffffff8165a336>] wait_for_common+0xc6/0x1a0
[57718.055953]  [<ffffffff8109eb80>] ? wake_up_q+0x70/0x70
[57718.055956]  [<ffffffff8165a42d>] wait_for_completion+0x1d/0x20
[57718.055958]  [<ffffffff8108d601>] flush_work+0x111/0x1c0
[57718.055961]  [<ffffffff8108b570>] ? flush_workqueue_prep_pwqs+0x1a0/0x1a0
[57718.055994]  [<ffffffffc014da47>] xlog_cil_force_lsn+0x87/0x1f0 [xfs]
[57718.055996]  [<ffffffff8109eb80>] ? wake_up_q+0x70/0x70
[57718.056017]  [<ffffffffc014bb85>] _xfs_log_force+0x85/0x2a0 [xfs]
[57718.056019]  [<ffffffff810dc3c0>] ? init_timer_key+0xb0/0xb0
[57718.056039]  [<ffffffffc01574f4>] ? xfsaild+0x184/0x740 [xfs]
[57718.056058]  [<ffffffffc014bdcc>] xfs_log_force+0x2c/0xa0 [xfs]
[57718.056077]  [<ffffffffc01574f4>] xfsaild+0x184/0x740 [xfs]
[57718.056096]  [<ffffffffc0157370>] ? xfs_trans_ail_cursor_first+0x90/0x90=
 [xfs]
[57718.056113]  [<ffffffffc0157370>] ? xfs_trans_ail_cursor_first+0x90/0x90=
 [xfs]
[57718.056116]  [<ffffffff81094538>] kthread+0xd8/0xf0
[57718.056119]  [<ffffffff8165d3df>] ret_from_fork+0x1f/0x40
[57718.056121]  [<ffffffff81094460>] ? kthread_worker_fn+0x180/0x180
[57718.056125] INFO: task cp:1684 blocked for more than 120 seconds.
[57718.056126]       Not tainted 4.7.0-1 #1
[57718.056127] "echo 0 > /proc/sys/kernel/hung_task_timeout_secs" disables =
this message.
[57718.056128] cp              D ffff880090ec3c68     0  1684   1189 0x0000=
0000
[57718.056130]  ffff880090ec3c68 ffff88021473b300 0000000000071240 ffff8800=
90ec4000
[57718.056133]  ffff8801d81cb170 ffff8802147039c0 0000000000071240 00000000=
00000023
[57718.056135]  ffff880090ec3c80 ffffffff816598e5 ffff880214703800 ffff8800=
90ec3cc8
[57718.056137] Call Trace:
[57718.056139]  [<ffffffff816598e5>] schedule+0x35/0x80
[57718.056158]  [<ffffffffc0148bf2>] xlog_grant_head_wait+0xb2/0x1d0 [xfs]
[57718.056176]  [<ffffffffc0148da4>] xlog_grant_head_check+0x94/0xf0 [xfs]
[57718.056194]  [<ffffffffc014c63e>] xfs_log_reserve+0xce/0x1e0 [xfs]
[57718.056213]  [<ffffffffc0146a6c>] xfs_trans_reserve+0x16c/0x1d0 [xfs]
[57718.056232]  [<ffffffffc0147cd9>] xfs_trans_alloc+0xb9/0x130 [xfs]
[57718.056251]  [<ffffffffc013d689>] xfs_link+0x129/0x2e0 [xfs]
[57718.056254]  [<ffffffff81219df7>] ? _d_rehash+0x37/0x40
[57718.056256]  [<ffffffff8121a0ba>] ? d_add+0x16a/0x180
[57718.056275]  [<ffffffffc0138c16>] xfs_vn_link+0x66/0xb0 [xfs]
[57718.056278]  [<ffffffff8120e952>] vfs_link+0x1d2/0x2a0
[57718.056280]  [<ffffffff812143b8>] SyS_linkat+0x298/0x2f0
[57718.056283]  [<ffffffff8165d1b6>] entry_SYSCALL_64_fastpath+0x1e/0xa8
[57718.056285] INFO: task cp:1705 blocked for more than 120 seconds.
[57718.056286]       Not tainted 4.7.0-1 #1
[57718.056287] "echo 0 > /proc/sys/kernel/hung_task_timeout_secs" disables =
this message.
[57718.056288] cp              D ffff880211537c68     0  1705   1685 0x0000=
0000
[57718.056290]  ffff880211537c68 ffff880214551980 0000000000071240 ffff8802=
11538000
[57718.056292]  ffff880062512da8 ffff8802147039c0 0000000000071240 00000000=
00000023
[57718.056294]  ffff880211537c80 ffffffff816598e5 ffff880214703800 ffff8802=
11537cc8
[57718.056296] Call Trace:
[57718.056298]  [<ffffffff816598e5>] schedule+0x35/0x80
[57718.056317]  [<ffffffffc0148bf2>] xlog_grant_head_wait+0xb2/0x1d0 [xfs]
[57718.056334]  [<ffffffffc0148da4>] xlog_grant_head_check+0x94/0xf0 [xfs]
[57718.056352]  [<ffffffffc014c63e>] xfs_log_reserve+0xce/0x1e0 [xfs]
[57718.056371]  [<ffffffffc0146a6c>] xfs_trans_reserve+0x16c/0x1d0 [xfs]
[57718.056388]  [<ffffffffc0147cd9>] xfs_trans_alloc+0xb9/0x130 [xfs]
[57718.056408]  [<ffffffffc013d689>] xfs_link+0x129/0x2e0 [xfs]
[57718.056410]  [<ffffffff81219df7>] ? _d_rehash+0x37/0x40
[57718.056411]  [<ffffffff8121a0ba>] ? d_add+0x16a/0x180
[57718.056431]  [<ffffffffc0138c16>] xfs_vn_link+0x66/0xb0 [xfs]
[57718.056433]  [<ffffffff8120e952>] vfs_link+0x1d2/0x2a0
[57718.056435]  [<ffffffff812143b8>] SyS_linkat+0x298/0x2f0
[57718.056438]  [<ffffffff8165d1b6>] entry_SYSCALL_64_fastpath+0x1e/0xa8
[57718.056440] INFO: task cp:1726 blocked for more than 120 seconds.
[57718.056441]       Not tainted 4.7.0-1 #1
[57718.056442] "echo 0 > /proc/sys/kernel/hung_task_timeout_secs" disables =
this message.
[57718.056443] cp              D ffff8801c543fc68     0  1726   1706 0x0000=
0000
[57718.056445]  ffff8801c543fc68 ffff880214aba640 0000000000071240 ffff8801=
c5440000
[57718.056447]  ffff880062512000 ffff8802147039c0 0000000000071240 00000000=
00000023
[57718.056449]  ffff8801c543fc80 ffffffff816598e5 ffff880214703800 ffff8801=
c543fcc8
[57718.056451] Call Trace:
[57718.056453]  [<ffffffff816598e5>] schedule+0x35/0x80
[57718.056471]  [<ffffffffc0148bf2>] xlog_grant_head_wait+0xb2/0x1d0 [xfs]
[57718.056488]  [<ffffffffc0148da4>] xlog_grant_head_check+0x94/0xf0 [xfs]
[57718.056506]  [<ffffffffc014c63e>] xfs_log_reserve+0xce/0x1e0 [xfs]
[57718.056524]  [<ffffffffc0146a6c>] xfs_trans_reserve+0x16c/0x1d0 [xfs]
[57718.056541]  [<ffffffffc0147cd9>] xfs_trans_alloc+0xb9/0x130 [xfs]
[57718.056560]  [<ffffffffc013d689>] xfs_link+0x129/0x2e0 [xfs]
[57718.056562]  [<ffffffff81219df7>] ? _d_rehash+0x37/0x40
[57718.056564]  [<ffffffff8121a0ba>] ? d_add+0x16a/0x180
[57718.056583]  [<ffffffffc0138c16>] xfs_vn_link+0x66/0xb0 [xfs]
[57718.056586]  [<ffffffff8120e952>] vfs_link+0x1d2/0x2a0
[57718.056587]  [<ffffffff812143b8>] SyS_linkat+0x298/0x2f0
[57718.056590]  [<ffffffff8165d1b6>] entry_SYSCALL_64_fastpath+0x1e/0xa8


[somewhere in middle started testing on ext4, stopped on xfs]

[87259.568301] bash invoked oom-killer: gfp_mask=3D0x27000c0(GFP_KERNEL_ACC=
OUNT|__GFP_NOTRACK), order=3D2, oom_score_adj=3D0
[87259.568304] bash cpuset=3D/ mems_allowed=3D0
[87259.568309] CPU: 1 PID: 2238 Comm: bash Not tainted 4.7.0-1 #1
[87259.568311] Hardware name: Gigabyte Technology Co., Ltd. H61M-S2V-B3/H61=
M-S2V-B3, BIOS F4 05/25/2011
[87259.568312]  0000000000000286 00000000971cca7c ffff880102fabb40 ffffffff=
81335d0e
[87259.568315]  ffff880102fabd28 ffff880214739980 ffff880102fabbb0 ffffffff=
811ffa2f
[87259.568317]  0000000000000000 ffff88021ea5a748 0000000100000000 ffff8800=
37eb0cc0
[87259.568319] Call Trace:
[87259.568326]  [<ffffffff81335d0e>] dump_stack+0x63/0x85
[87259.568329]  [<ffffffff811ffa2f>] dump_header+0x5f/0x1d4
[87259.568334]  [<ffffffff8165cdde>] ? _raw_spin_unlock_irqrestore+0xe/0x10
[87259.568337]  [<ffffffff8118141f>] oom_kill_process+0x32f/0x420
[87259.568339]  [<ffffffff81181723>] out_of_memory+0x1c3/0x470
[87259.568341]  [<ffffffff81186f4f>] __alloc_pages_nodemask+0xeff/0xf40
[87259.568344]  [<ffffffff811872ef>] alloc_kmem_pages_node+0x4f/0xd0
[87259.568348]  [<ffffffff81072856>] copy_process.part.8+0x136/0x1a00
[87259.568351]  [<ffffffff811dff4d>] ? kmem_cache_alloc+0x1bd/0x1d0
[87259.568353]  [<ffffffff8120513c>] ? get_empty_filp+0x5c/0x1c0
[87259.568356]  [<ffffffff81074307>] _do_fork+0xd7/0x390
[87259.568358]  [<ffffffff81074669>] SyS_clone+0x19/0x20
[87259.568361]  [<ffffffff81003c9e>] do_syscall_64+0x5e/0xc0
[87259.568364]  [<ffffffff8165d265>] entry_SYSCALL64_slow_path+0x25/0x25
[87259.568365] Mem-Info:
[87259.568369] active_anon:439065 inactive_anon:146385 isolated_anon:0
                active_file:201920 inactive_file:122369 isolated_file:0
                unevictable:0 dirty:26675 writeback:0 unstable:0
                slab_reclaimable:966564 slab_unreclaimable:79528
                mapped:2236 shmem:1 pagetables:1759 bounce:0
                free:30651 free_pcp:0 free_cma:0
[87259.568372] Node 0 DMA free:15360kB min:128kB low:160kB high:192kB activ=
e_anon:0kB inactive_anon:0kB active_file:0kB inactive_file:0kB unevictable:=
0kB isolated(anon):0kB isolated(file):0kB present:15984kB=20
managed:15360kB mlocked:0kB dirty:0kB writeback:0kB mapped:0kB shmem:0kB sl=
ab_reclaimable:0kB slab_unreclaimable:0kB kernel_stack:0kB pagetables:0kB u=
nstable:0kB bounce:0kB free_pcp:0kB local_pcp:0kB free_cma:0kB=20
writeback_tmp:0kB pages_scanned:0 all_unreclaimable? yes
[87259.568378] lowmem_reserve[]: 0 3405 7866 7866
[87259.568380] Node 0 DMA32 free:57976kB min:29148kB low:36432kB high:43716=
kB active_anon:794476kB inactive_anon:264828kB active_file:213280kB inactiv=
e_file:87136kB unevictable:0kB isolated(anon):0kB isolated(file):0kB=20
present:3571520kB managed:3494416kB mlocked:0kB dirty:42012kB writeback:0kB=
 mapped:2240kB shmem:0kB slab_reclaimable:1908884kB slab_unreclaimable:1255=
60kB kernel_stack:928kB pagetables:2548kB unstable:0kB=20
bounce:0kB free_pcp:0kB local_pcp:0kB free_cma:0kB writeback_tmp:0kB pages_=
scanned:12 all_unreclaimable? no
[87259.568386] lowmem_reserve[]: 0 0 4460 4460
[87259.568388] Node 0 Normal free:49268kB min:38304kB low:47880kB high:5745=
6kB active_anon:961784kB inactive_anon:320712kB active_file:594400kB inacti=
ve_file:402340kB unevictable:0kB isolated(anon):0kB isolated(file):0kB=20
present:4716544kB managed:4583644kB mlocked:0kB dirty:64688kB writeback:0kB=
 mapped:6704kB shmem:4kB slab_reclaimable:1957372kB slab_unreclaimable:1925=
52kB kernel_stack:1584kB pagetables:4488kB unstable:0kB=20
bounce:0kB free_pcp:0kB local_pcp:0kB free_cma:0kB writeback_tmp:0kB pages_=
scanned:0 all_unreclaimable? no
[87259.568393] lowmem_reserve[]: 0 0 0 0
[87259.568395] Node 0 DMA: 0*4kB 0*8kB 0*16kB 0*32kB 0*64kB 0*128kB 0*256kB=
 0*512kB 1*1024kB (U) 1*2048kB (M) 3*4096kB (M) =3D 15360kB
[87259.568403] Node 0 DMA32: 11467*4kB (UME) 1525*8kB (UME) 0*16kB 0*32kB 0=
*64kB 0*128kB 0*256kB 0*512kB 0*1024kB 0*2048kB 0*4096kB =3D 58068kB
[87259.568411] Node 0 Normal: 9927*4kB (UMEH) 1119*8kB (UMH) 19*16kB (H) 8*=
32kB (H) 2*64kB (H) 0*128kB 0*256kB 0*512kB 0*1024kB 0*2048kB 0*4096kB =3D =
49348kB
[87259.568420] Node 0 hugepages_total=3D0 hugepages_free=3D0 hugepages_surp=
=3D0 hugepages_size=3D2048kB
[87259.568421] 324490 total pagecache pages
[87259.568422] 140 pages in swap cache
[87259.568424] Swap cache stats: add 1604711, delete 1604571, find 800418/9=
61568
[87259.568425] Free swap  =3D 20943644kB
[87259.568426] Total swap =3D 20955132kB
[87259.568427] 2076012 pages RAM
[87259.568428] 0 pages HighMem/MovableOnly
[87259.568428] 52657 pages reserved
[87259.568429] 4096 pages cma reserved
[87259.568430] 0 pages hwpoisoned
[87259.568431] [ pid ]   uid  tgid total_vm      rss nr_ptes nr_pmds swapen=
ts oom_score_adj name
[87259.568435] [  429]     0   429    10643       69      21       3      3=
42         -1000 udevd
[87259.568438] [  802]     0   802     4826       22      14       3       =
35             0 irqbalance
[87259.568440] [  995]     0   995     6743        2      16       3       =
69             0 syslog-ng
[87259.568442] [  996]     0   996   123139      519      45       4      3=
69             0 syslog-ng
[87259.568444] [ 1027]     0  1027    15794      217      34       3      1=
45         -1000 sshd
[87259.568445] [ 1071]     0  1071    35627      203      17       4      1=
25             0 crond
[87259.568447] [ 1107]     0  1107    31552        0      10       3       =
22             0 mingetty
[87259.568449] [ 1108]     0  1108    31552        0      10       4       =
22             0 mingetty
[87259.568451] [ 1109]     0  1109    31552        0      10       3       =
21             0 mingetty
[87259.568452] [ 1147]     0  1147    36183      506      20       3      1=
35             0 tmux
[87259.568454] [ 1189]     0  1189    34030       73      16       3      1=
05             0 bash
[87259.568456] [ 1685]     0  1685    34030       73      16       3      1=
07             0 bash
[87259.568458] [ 1706]     0  1706    34030       80      16       3      1=
05             0 bash
[87259.568459] [ 1727]     0  1727    34030       47      15       3      1=
11             0 bash
[87259.568461] [ 1747]     0  1747    34030       75      15       3      1=
04             0 bash
[87259.568463] [ 1767]     0  1767    34030       80      14       3      1=
04             0 bash
[87259.568464] [ 1787]     0  1787    34030       79      17       3      1=
05             0 bash
[87259.568466] [ 1807]     0  1807    34030       53      15       3      1=
09             0 bash
[87259.568468] [ 1827]     0  1827    34030       71      17       3      1=
10             0 bash
[87259.568469] [ 1847]     0  1847    34030       75      16       3      1=
03             0 bash
[87259.568471] [ 2168]     0  2168    93321    58592     132       4       =
39             0 cp
[87259.568473] [ 2175]     0  2175    93321    58587     131       3       =
46             0 cp
[87259.568475] [ 2178]     0  2178    93321    58592     132       3       =
39             0 cp
[87259.568477] [ 2180]     0  2180    93321    58590     133       3       =
40             0 cp
[87259.568478] [ 2182]     0  2182    93321    58588     132       3       =
43             0 cp
[87259.568480] [ 2184]     0  2184    93321    58577     131       4       =
47             0 cp
[87259.568482] [ 2186]     0  2186    93321    58585     132       3       =
40             0 cp
[87259.568484] [ 2188]     0  2188    93321    58593     132       3       =
35             0 cp
[87259.568485] [ 2190]     0  2190    93321    58599     133       3       =
36             0 cp
[87259.568487] [ 2192]     0  2192    93321    58598     131       3       =
37             0 cp
[87259.568489] [ 2234]     0  2234    26919     1590      58       3       =
 0             0 sshd
[87259.568491] [ 2238]     0  2238    34073      885      16       3       =
 0             0 bash
[87259.568492] Out of memory: Kill process 2190 (cp) score 7 or sacrifice c=
hild
[87259.568496] Killed process 2190 (cp) total-vm:373284kB, anon-rss:233932k=
B, file-rss:464kB, shmem-rss:0kB
[87259.586976] oom_reaper: reaped process 2190 (cp), now anon-rss:0kB, file=
=2Drss:0kB, shmem-rss:0kB
[99888.398968] kthreadd invoked oom-killer: gfp_mask=3D0x27000c0(GFP_KERNEL=
_ACCOUNT|__GFP_NOTRACK), order=3D2, oom_score_adj=3D0
[99888.398972] kthreadd cpuset=3D/ mems_allowed=3D0
[99888.398977] CPU: 0 PID: 2 Comm: kthreadd Not tainted 4.7.0-1 #1
[99888.398978] Hardware name: Gigabyte Technology Co., Ltd. H61M-S2V-B3/H61=
M-S2V-B3, BIOS F4 05/25/2011
[99888.398980]  0000000000000286 00000000bb05bfd8 ffff88021555fb10 ffffffff=
81335d0e
[99888.398983]  ffff88021555fcf8 ffff880037e3b300 ffff88021555fb80 ffffffff=
811ffa2f
[99888.398985]  0000000000000000 ffff88021ea1a748 0000000100000000 ffff8802=
15550cc0
[99888.398987] Call Trace:
[99888.398994]  [<ffffffff81335d0e>] dump_stack+0x63/0x85
[99888.398997]  [<ffffffff811ffa2f>] dump_header+0x5f/0x1d4
[99888.399001]  [<ffffffff8165cdde>] ? _raw_spin_unlock_irqrestore+0xe/0x10
[99888.399004]  [<ffffffff8118141f>] oom_kill_process+0x32f/0x420
[99888.399006]  [<ffffffff81181723>] out_of_memory+0x1c3/0x470
[99888.399008]  [<ffffffff81186f4f>] __alloc_pages_nodemask+0xeff/0xf40
[99888.399011]  [<ffffffff811872ef>] alloc_kmem_pages_node+0x4f/0xd0
[99888.399014]  [<ffffffff81072856>] copy_process.part.8+0x136/0x1a00
[99888.399017]  [<ffffffff810a6051>] ? set_next_entity+0x71/0x920
[99888.399020]  [<ffffffff81094460>] ? kthread_worker_fn+0x180/0x180
[99888.399022]  [<ffffffff810b0c26>] ? pick_next_task_fair+0x3c6/0x4c0
[99888.399024]  [<ffffffff81074307>] _do_fork+0xd7/0x390
[99888.399026]  [<ffffffff8165945f>] ? __schedule+0x25f/0x6b0
[99888.399028]  [<ffffffff810745e9>] kernel_thread+0x29/0x30
[99888.399030]  [<ffffffff81094caa>] kthreadd+0x14a/0x190
[99888.399033]  [<ffffffff8165d3df>] ret_from_fork+0x1f/0x40
[99888.399035]  [<ffffffff81094b60>] ? kthread_create_on_cpu+0x60/0x60
[99888.399036] Mem-Info:
[99888.399040] active_anon:195818 inactive_anon:195891 isolated_anon:0
                active_file:294335 inactive_file:23747 isolated_file:0
                unevictable:0 dirty:38741 writeback:2 unstable:0
                slab_reclaimable:1079860 slab_unreclaimable:157162
                mapped:675 shmem:1 pagetables:1625 bounce:0
                free:34472 free_pcp:0 free_cma:0
[99888.399044] Node 0 DMA free:15360kB min:128kB low:160kB high:192kB activ=
e_anon:0kB inactive_anon:0kB active_file:0kB inactive_file:0kB unevictable:=
0kB isolated(anon):0kB isolated(file):0kB present:15984kB=20
managed:15360kB mlocked:0kB dirty:0kB writeback:0kB mapped:0kB shmem:0kB sl=
ab_reclaimable:0kB slab_unreclaimable:0kB kernel_stack:0kB pagetables:0kB u=
nstable:0kB bounce:0kB free_pcp:0kB local_pcp:0kB free_cma:0kB=20
writeback_tmp:0kB pages_scanned:0 all_unreclaimable? yes
[99888.399049] lowmem_reserve[]: 0 3405 7866 7866
[99888.399052] Node 0 DMA32 free:71868kB min:29148kB low:36432kB high:43716=
kB active_anon:288580kB inactive_anon:288628kB active_file:487756kB inactiv=
e_file:40308kB unevictable:0kB isolated(anon):0kB isolated(file):0kB=20
present:3571520kB managed:3494416kB mlocked:0kB dirty:60916kB writeback:0kB=
 mapped:968kB shmem:0kB slab_reclaimable:2012792kB slab_unreclaimable:25732=
0kB kernel_stack:928kB pagetables:2344kB unstable:0kB=20
bounce:0kB free_pcp:0kB local_pcp:0kB free_cma:0kB writeback_tmp:0kB pages_=
scanned:88 all_unreclaimable? no
[99888.399057] lowmem_reserve[]: 0 0 4460 4460
[99888.399059] Node 0 Normal free:50660kB min:38304kB low:47880kB high:5745=
6kB active_anon:494692kB inactive_anon:494936kB active_file:689584kB inacti=
ve_file:54680kB unevictable:0kB isolated(anon):0kB isolated(file):0kB=20
present:4716544kB managed:4583644kB mlocked:0kB dirty:94048kB writeback:8kB=
 mapped:1732kB shmem:4kB slab_reclaimable:2306648kB slab_unreclaimable:3713=
28kB kernel_stack:1520kB pagetables:4156kB unstable:0kB=20
bounce:0kB free_pcp:0kB local_pcp:0kB free_cma:0kB writeback_tmp:0kB pages_=
scanned:100 all_unreclaimable? no
[99888.399064] lowmem_reserve[]: 0 0 0 0
[99888.399066] Node 0 DMA: 0*4kB 0*8kB 0*16kB 0*32kB 0*64kB 0*128kB 0*256kB=
 0*512kB 1*1024kB (U) 1*2048kB (M) 3*4096kB (M) =3D 15360kB
[99888.399075] Node 0 DMA32: 14370*4kB (UME) 1809*8kB (UM) 0*16kB 0*32kB 0*=
64kB 0*128kB 0*256kB 0*512kB 0*1024kB 0*2048kB 0*4096kB =3D 71952kB
[99888.399082] Node 0 Normal: 12172*4kB (UMEH) 165*8kB (UMEH) 23*16kB (H) 9=
*32kB (H) 2*64kB (H) 0*128kB 0*256kB 0*512kB 0*1024kB 0*2048kB 0*4096kB =3D=
 50792kB
[99888.399091] Node 0 hugepages_total=3D0 hugepages_free=3D0 hugepages_surp=
=3D0 hugepages_size=3D2048kB
[99888.399092] 322587 total pagecache pages
[99888.399094] 4439 pages in swap cache
[99888.399095] Swap cache stats: add 1744522, delete 1740083, find 800596/9=
61835
[99888.399096] Free swap  =3D 20385372kB
[99888.399097] Total swap =3D 20955132kB
[99888.399098] 2076012 pages RAM
[99888.399099] 0 pages HighMem/MovableOnly
[99888.399100] 52657 pages reserved
[99888.399101] 4096 pages cma reserved
[99888.399102] 0 pages hwpoisoned
[99888.399103] [ pid ]   uid  tgid total_vm      rss nr_ptes nr_pmds swapen=
ts oom_score_adj name
[99888.399107] [  429]     0   429    10643       67      21       3      3=
42         -1000 udevd
[99888.399109] [  802]     0   802     4826       22      14       3       =
35             0 irqbalance
[99888.399111] [  995]     0   995     6743        2      16       3       =
69             0 syslog-ng
[99888.399113] [  996]     0   996   139523      399      46       4      3=
32             0 syslog-ng
[99888.399115] [ 1027]     0  1027    15794       65      34       3      1=
45         -1000 sshd
[99888.399117] [ 1071]     0  1071    35627      215      17       4      1=
23             0 crond
[99888.399119] [ 1107]     0  1107    31552        0      10       3       =
22             0 mingetty
[99888.399120] [ 1108]     0  1108    31552        0      10       4       =
22             0 mingetty
[99888.399122] [ 1109]     0  1109    31552        0      10       3       =
21             0 mingetty
[99888.399124] [ 1147]     0  1147    36183      240      20       3      1=
35             0 tmux
[99888.399126] [ 1189]     0  1189    34030       68      16       3      1=
07             0 bash
[99888.399128] [ 1685]     0  1685    34030       70      16       3      1=
07             0 bash
[99888.399129] [ 1706]     0  1706    34030       76      16       3      1=
05             0 bash
[99888.399131] [ 1727]     0  1727    34030       43      15       3      1=
11             0 bash
[99888.399133] [ 1747]     0  1747    34030       71      15       3      1=
04             0 bash
[99888.399135] [ 1767]     0  1767    34030       76      14       3      1=
04             0 bash
[99888.399136] [ 1787]     0  1787    34030       76      17       3      1=
05             0 bash
[99888.399138] [ 1807]     0  1807    34067      295      15       3       =
47             0 bash
[99888.399140] [ 1827]     0  1827    34030       67      17       3      1=
10             0 bash
[99888.399141] [ 1847]     0  1847    34030       71      16       3      1=
03             0 bash
[99888.399143] [ 2168]     0  2168    93321    42988     132       4    156=
11             0 cp
[99888.399145] [ 2175]     0  2175    93321    43050     131       3    155=
49             0 cp
[99888.399147] [ 2178]     0  2178    93321    43034     132       3    155=
65             0 cp
[99888.399148] [ 2180]     0  2180    93321    43008     133       3    155=
91             0 cp
[99888.399150] [ 2182]     0  2182    93321    42950     132       3    156=
49             0 cp
[99888.399152] [ 2184]     0  2184    93321    43131     131       4    154=
65             0 cp
[99888.399154] [ 2186]     0  2186    93321    43037     132       3    155=
60             0 cp
[99888.399155] [ 2188]     0  2188    93321    43070     132       3    155=
28             0 cp
[99888.399157] [ 2192]     0  2192    93321    43072     131       3    155=
27             0 cp
[99888.399159] [ 2311]     0  2311    26920      740      57       3       =
 0             0 sshd
[99888.399161] [ 2315]     0  2315    34030      421      15       3       =
 0             0 bash
[99888.399163] Out of memory: Kill process 2180 (cp) score 7 or sacrifice c=
hild
[99888.399167] Killed process 2180 (cp) total-vm:373284kB, anon-rss:171708k=
B, file-rss:324kB, shmem-rss:0kB
[99888.416476] oom_reaper: reaped process 2180 (cp), now anon-rss:0kB, file=
=2Drss:0kB, shmem-rss:0kB
[103315.505488] kthreadd invoked oom-killer: gfp_mask=3D0x27000c0(GFP_KERNE=
L_ACCOUNT|__GFP_NOTRACK), order=3D2, oom_score_adj=3D0
[103315.505492] kthreadd cpuset=3D/ mems_allowed=3D0
[103315.505496] CPU: 1 PID: 2 Comm: kthreadd Not tainted 4.7.0-1 #1
[103315.505498] Hardware name: Gigabyte Technology Co., Ltd. H61M-S2V-B3/H6=
1M-S2V-B3, BIOS F4 05/25/2011
[103315.505500]  0000000000000286 00000000bb05bfd8 ffff88021555fb10 fffffff=
f81335d0e
[103315.505502]  ffff88021555fcf8 ffff880037dccc80 ffff88021555fb80 fffffff=
f811ffa2f
[103315.505504]  0000000000000000 ffff88021ea5a738 0000000100000000 ffff880=
215550cc0
[103315.505507] Call Trace:
[103315.505513]  [<ffffffff81335d0e>] dump_stack+0x63/0x85
[103315.505517]  [<ffffffff811ffa2f>] dump_header+0x5f/0x1d4
[103315.505521]  [<ffffffff8165cdde>] ? _raw_spin_unlock_irqrestore+0xe/0x10
[103315.505524]  [<ffffffff8118141f>] oom_kill_process+0x32f/0x420
[103315.505526]  [<ffffffff81181723>] out_of_memory+0x1c3/0x470
[103315.505528]  [<ffffffff81186f4f>] __alloc_pages_nodemask+0xeff/0xf40
[103315.505531]  [<ffffffff811872ef>] alloc_kmem_pages_node+0x4f/0xd0
[103315.505534]  [<ffffffff81072856>] copy_process.part.8+0x136/0x1a00
[103315.505537]  [<ffffffff81094460>] ? kthread_worker_fn+0x180/0x180
[103315.505540]  [<ffffffff810b0b66>] ? pick_next_task_fair+0x306/0x4c0
[103315.505542]  [<ffffffff81074307>] _do_fork+0xd7/0x390
[103315.505544]  [<ffffffff8165945f>] ? __schedule+0x25f/0x6b0
[103315.505546]  [<ffffffff810745e9>] kernel_thread+0x29/0x30
[103315.505548]  [<ffffffff81094caa>] kthreadd+0x14a/0x190
[103315.505551]  [<ffffffff8165d3df>] ret_from_fork+0x1f/0x40
[103315.505553]  [<ffffffff81094b60>] ? kthread_create_on_cpu+0x60/0x60
[103315.505554] Mem-Info:
[103315.505559] active_anon:154510 inactive_anon:154514 isolated_anon:0
                 active_file:317774 inactive_file:43364 isolated_file:0
                 unevictable:0 dirty:11801 writeback:5212 unstable:0
                 slab_reclaimable:1112194 slab_unreclaimable:166028
                 mapped:1069 shmem:0 pagetables:1420 bounce:0
                 free:31143 free_pcp:0 free_cma:1
[103315.505562] Node 0 DMA free:15360kB min:128kB low:160kB high:192kB acti=
ve_anon:0kB inactive_anon:0kB active_file:0kB inactive_file:0kB unevictable=
:0kB isolated(anon):0kB isolated(file):0kB present:15984kB=20
managed:15360kB mlocked:0kB dirty:0kB writeback:0kB mapped:0kB shmem:0kB sl=
ab_reclaimable:0kB slab_unreclaimable:0kB kernel_stack:0kB pagetables:0kB u=
nstable:0kB bounce:0kB free_pcp:0kB local_pcp:0kB free_cma:0kB=20
writeback_tmp:0kB pages_scanned:0 all_unreclaimable? yes
[103315.505567] lowmem_reserve[]: 0 3405 7866 7866
[103315.505570] Node 0 DMA32 free:59152kB min:29148kB low:36432kB high:4371=
6kB active_anon:222416kB inactive_anon:222416kB active_file:526844kB inacti=
ve_file:71144kB unevictable:0kB isolated(anon):0kB isolated(file):0kB=20
present:3571520kB managed:3494416kB mlocked:0kB dirty:18500kB writeback:866=
8kB mapped:1276kB shmem:0kB slab_reclaimable:2066852kB slab_unreclaimable:2=
77200kB kernel_stack:880kB pagetables:2056kB unstable:0kB=20
bounce:0kB free_pcp:0kB local_pcp:0kB free_cma:0kB writeback_tmp:0kB pages_=
scanned:0 all_unreclaimable? no
[103315.505575] lowmem_reserve[]: 0 0 4460 4460
[103315.505577] Node 0 Normal free:50060kB min:38304kB low:47880kB high:574=
56kB active_anon:395624kB inactive_anon:395640kB active_file:744252kB inact=
ive_file:102312kB unevictable:0kB isolated(anon):0kB=20
isolated(file):0kB present:4716544kB managed:4583644kB mlocked:0kB dirty:28=
704kB writeback:12180kB mapped:3000kB shmem:0kB slab_reclaimable:2381924kB =
slab_unreclaimable:386912kB kernel_stack:1536kB=20
pagetables:3624kB unstable:0kB bounce:0kB free_pcp:0kB local_pcp:0kB free_c=
ma:4kB writeback_tmp:0kB pages_scanned:72 all_unreclaimable? no
[103315.505582] lowmem_reserve[]: 0 0 0 0
[103315.505585] Node 0 DMA: 0*4kB 0*8kB 0*16kB 0*32kB 0*64kB 0*128kB 0*256k=
B 0*512kB 1*1024kB (U) 1*2048kB (M) 3*4096kB (M) =3D 15360kB
[103315.505593] Node 0 DMA32: 11422*4kB (UME) 1701*8kB (UME) 0*16kB 0*32kB =
0*64kB 0*128kB 0*256kB 0*512kB 0*1024kB 0*2048kB 0*4096kB =3D 59296kB
[103315.505600] Node 0 Normal: 12073*4kB (UMEHC) 134*8kB (UMEH) 23*16kB (H)=
 9*32kB (H) 2*64kB (H) 0*128kB 0*256kB 0*512kB 0*1024kB 0*2048kB 0*4096kB =
=3D 50148kB
[103315.505609] Node 0 hugepages_total=3D0 hugepages_free=3D0 hugepages_sur=
p=3D0 hugepages_size=3D2048kB
[103315.505610] 362829 total pagecache pages
[103315.505612] 1683 pages in swap cache
[103315.505613] Swap cache stats: add 1781379, delete 1779696, find 800685/=
962025
[103315.505614] Free swap  =3D 20301020kB
[103315.505615] Total swap =3D 20955132kB
[103315.505616] 2076012 pages RAM
[103315.505617] 0 pages HighMem/MovableOnly
[103315.505618] 52657 pages reserved
[103315.505619] 4096 pages cma reserved
[103315.505620] 0 pages hwpoisoned
[103315.505620] [ pid ]   uid  tgid total_vm      rss nr_ptes nr_pmds swape=
nts oom_score_adj name
[103315.505625] [  429]     0   429    10643       68      21       3      =
341         -1000 udevd
[103315.505627] [  802]     0   802     4826       23      14       3      =
 34             0 irqbalance
[103315.505629] [  995]     0   995     6743        3      16       3      =
 68             0 syslog-ng
[103315.505631] [  996]     0   996   139523      403      46       4      =
331             0 syslog-ng
[103315.505633] [ 1027]     0  1027    15794       63      34       3      =
144         -1000 sshd
[103315.505635] [ 1071]     0  1071    35627      215      17       4      =
123             0 crond
[103315.505637] [ 1107]     0  1107    31552        0      10       3      =
 21             0 mingetty
[103315.505638] [ 1108]     0  1108    31552        0      10       4      =
 21             0 mingetty
[103315.505640] [ 1109]     0  1109    31552        0      10       3      =
 20             0 mingetty
[103315.505642] [ 1147]     0  1147    36183      543      20       3      =
123             0 tmux
[103315.505644] [ 1189]     0  1189    34030       69      16       3      =
106             0 bash
[103315.505645] [ 1685]     0  1685    34030       71      16       3      =
106             0 bash
[103315.505662] [ 1706]     0  1706    34067      516      16       3      =
 54             0 bash
[103315.505664] [ 1727]     0  1727    34030       43      15       3      =
110             0 bash
[103315.505666] [ 1747]     0  1747    34030       72      15       3      =
103             0 bash
[103315.505668] [ 1767]     0  1767    34030       77      14       3      =
103             0 bash
[103315.505669] [ 1787]     0  1787    34030       77      17       3      =
104             0 bash
[103315.505671] [ 1807]     0  1807    34067      295      15       3      =
 47             0 bash
[103315.505673] [ 1827]     0  1827    34030       67      17       3      =
109             0 bash
[103315.505674] [ 1847]     0  1847    34030       72      16       3      =
102             0 bash
[103315.505676] [ 2168]     0  2168    93321    38614     132       4    19=
985             0 cp
[103315.505678] [ 2175]     0  2175    93321    37966     131       3    20=
633             0 cp
[103315.505680] [ 2178]     0  2178    93321    38102     132       3    20=
497             0 cp
[103315.505682] [ 2182]     0  2182    93321    38600     132       3    19=
999             0 cp
[103315.505683] [ 2184]     0  2184    93321    38795     131       4    19=
801             0 cp
[103315.505685] [ 2186]     0  2186    93321    38546     132       3    20=
051             0 cp
[103315.505687] [ 2188]     0  2188    93321    38707     132       3    19=
891             0 cp
[103315.505689] [ 2192]     0  2192    93321    38282     131       3    20=
317             0 cp
[103315.505691] Out of memory: Kill process 2168 (cp) score 7 or sacrifice =
child
[103315.505695] Killed process 2168 (cp) total-vm:373284kB, anon-rss:154132=
kB, file-rss:324kB, shmem-rss:0kB
[103315.520030] oom_reaper: reaped process 2168 (cp), now anon-rss:0kB, fil=
e-rss:0kB, shmem-rss:0kB
[104400.507608] kthreadd invoked oom-killer: gfp_mask=3D0x27000c0(GFP_KERNE=
L_ACCOUNT|__GFP_NOTRACK), order=3D2, oom_score_adj=3D0
[104400.507612] kthreadd cpuset=3D/ mems_allowed=3D0
[104400.507617] CPU: 1 PID: 2 Comm: kthreadd Not tainted 4.7.0-1 #1
[104400.507618] Hardware name: Gigabyte Technology Co., Ltd. H61M-S2V-B3/H6=
1M-S2V-B3, BIOS F4 05/25/2011
[104400.507620]  0000000000000286 00000000bb05bfd8 ffff88021555fb10 fffffff=
f81335d0e
[104400.507623]  ffff88021555fcf8 ffff880037e06600 ffff88021555fb80 fffffff=
f811ffa2f
[104400.507625]  0000000000000000 00000000006ecfba ffff880214ab8cc0 ffff880=
21555fbe0
[104400.507628] Call Trace:
[104400.507634]  [<ffffffff81335d0e>] dump_stack+0x63/0x85
[104400.507638]  [<ffffffff811ffa2f>] dump_header+0x5f/0x1d4
[104400.507642]  [<ffffffff8165cdde>] ? _raw_spin_unlock_irqrestore+0xe/0x10
[104400.507645]  [<ffffffff8118141f>] oom_kill_process+0x32f/0x420
[104400.507647]  [<ffffffff81181723>] out_of_memory+0x1c3/0x470
[104400.507649]  [<ffffffff81186f4f>] __alloc_pages_nodemask+0xeff/0xf40
[104400.507652]  [<ffffffff811872ef>] alloc_kmem_pages_node+0x4f/0xd0
[104400.507655]  [<ffffffff81072856>] copy_process.part.8+0x136/0x1a00
[104400.507657]  [<ffffffff810a704c>] ? select_task_rq_fair+0x33c/0x6f0
[104400.507661]  [<ffffffff8102ed89>] ? sched_clock+0x9/0x10
[104400.507663]  [<ffffffff81094460>] ? kthread_worker_fn+0x180/0x180
[104400.507666]  [<ffffffff810b096f>] ? pick_next_task_fair+0x10f/0x4c0
[104400.507668]  [<ffffffff81074307>] _do_fork+0xd7/0x390
[104400.507670]  [<ffffffff8165945f>] ? __schedule+0x25f/0x6b0
[104400.507672]  [<ffffffff810745e9>] kernel_thread+0x29/0x30
[104400.507674]  [<ffffffff81094caa>] kthreadd+0x14a/0x190
[104400.507677]  [<ffffffff8165d3df>] ret_from_fork+0x1f/0x40
[104400.507679]  [<ffffffff81094b60>] ? kthread_create_on_cpu+0x60/0x60
[104400.507680] Mem-Info:
[104400.507684] active_anon:129371 inactive_anon:129450 isolated_anon:0
                 active_file:316704 inactive_file:55666 isolated_file:0
                 unevictable:0 dirty:29991 writeback:0 unstable:0
                 slab_reclaimable:1145618 slab_unreclaimable:171545
                 mapped:1064 shmem:0 pagetables:1288 bounce:0
                 free:31319 free_pcp:0 free_cma:0
[104400.507688] Node 0 DMA free:15360kB min:128kB low:160kB high:192kB acti=
ve_anon:0kB inactive_anon:0kB active_file:0kB inactive_file:0kB unevictable=
:0kB isolated(anon):0kB isolated(file):0kB present:15984kB=20
managed:15360kB mlocked:0kB dirty:0kB writeback:0kB mapped:0kB shmem:0kB sl=
ab_reclaimable:0kB slab_unreclaimable:0kB kernel_stack:0kB pagetables:0kB u=
nstable:0kB bounce:0kB free_pcp:0kB local_pcp:0kB free_cma:0kB=20
writeback_tmp:0kB pages_scanned:0 all_unreclaimable? yes
[104400.507693] lowmem_reserve[]: 0 3405 7866 7866
[104400.507696] Node 0 DMA32 free:60480kB min:29148kB low:36432kB high:4371=
6kB active_anon:188336kB inactive_anon:188448kB active_file:518148kB inacti=
ve_file:92412kB unevictable:0kB isolated(anon):0kB isolated(file):0kB=20
present:3571520kB managed:3494416kB mlocked:0kB dirty:46972kB writeback:0kB=
 mapped:1284kB shmem:0kB slab_reclaimable:2115820kB slab_unreclaimable:2829=
64kB kernel_stack:832kB pagetables:1800kB unstable:0kB=20
bounce:0kB free_pcp:0kB local_pcp:0kB free_cma:0kB writeback_tmp:0kB pages_=
scanned:92 all_unreclaimable? no
[104400.507701] lowmem_reserve[]: 0 0 4460 4460
[104400.507703] Node 0 Normal free:49436kB min:38304kB low:47880kB high:574=
56kB active_anon:329148kB inactive_anon:329352kB active_file:748668kB inact=
ive_file:130252kB unevictable:0kB isolated(anon):0kB=20
isolated(file):0kB present:4716544kB managed:4583644kB mlocked:0kB dirty:72=
992kB writeback:0kB mapped:2972kB shmem:0kB slab_reclaimable:2466652kB slab=
_unreclaimable:403216kB kernel_stack:1536kB pagetables:3352kB=20
unstable:0kB bounce:0kB free_pcp:0kB local_pcp:0kB free_cma:0kB writeback_t=
mp:0kB pages_scanned:0 all_unreclaimable? no
[104400.507708] lowmem_reserve[]: 0 0 0 0
[104400.507710] Node 0 DMA: 0*4kB 0*8kB 0*16kB 0*32kB 0*64kB 0*128kB 0*256k=
B 0*512kB 1*1024kB (U) 1*2048kB (M) 3*4096kB (M) =3D 15360kB
[104400.507718] Node 0 DMA32: 11384*4kB (UME) 1886*8kB (UME) 0*16kB 0*32kB =
0*64kB 0*128kB 0*256kB 0*512kB 0*1024kB 0*2048kB 0*4096kB =3D 60624kB
[104400.507726] Node 0 Normal: 11072*4kB (UMEHC) 560*8kB (UMEH) 23*16kB (H)=
 9*32kB (H) 2*64kB (H) 0*128kB 0*256kB 0*512kB 0*1024kB 0*2048kB 0*4096kB =
=3D 49552kB
[104400.507735] Node 0 hugepages_total=3D0 hugepages_free=3D0 hugepages_sur=
p=3D0 hugepages_size=3D2048kB
[104400.507736] 374745 total pagecache pages
[104400.507737] 2357 pages in swap cache
[104400.507739] Swap cache stats: add 1793838, delete 1791481, find 800745/=
962143
