Return-Path: <owner-linux-mm@kvack.org>
Received: from mail-pa0-f54.google.com (mail-pa0-f54.google.com [209.85.220.54])
	by kanga.kvack.org (Postfix) with ESMTP id 285A66B0069
	for <linux-mm@kvack.org>; Fri, 28 Nov 2014 05:10:22 -0500 (EST)
Received: by mail-pa0-f54.google.com with SMTP id fb1so6607525pad.13
        for <linux-mm@kvack.org>; Fri, 28 Nov 2014 02:10:21 -0800 (PST)
Received: from mga01.intel.com (mga01.intel.com. [192.55.52.88])
        by mx.google.com with ESMTP id pt10si15479240pac.130.2014.11.28.02.10.05
        for <linux-mm@kvack.org>;
        Fri, 28 Nov 2014 02:10:18 -0800 (PST)
Date: Fri, 28 Nov 2014 02:10:00 -0800
From: Fengguang Wu <fengguang.wu@intel.com>
Subject: [mm] BUG: unable to handle kernel paging request at c2446ffc
Message-ID: <20141128101000.GB8289@wfg-t540p.sh.intel.com>
MIME-Version: 1.0
Content-Type: multipart/mixed; boundary="v9Ux+11Zm5mwPlX6"
Content-Disposition: inline
Sender: owner-linux-mm@kvack.org
List-ID: <linux-mm.kvack.org>
To: Joonsoo Kim <iamjoonsoo.kim@lge.com>
Cc: LKP <lkp@01.org>, linux-kernel@vger.kernel.org, linux-mm@kvack.org


--v9Ux+11Zm5mwPlX6
Content-Type: text/plain; charset=us-ascii
Content-Disposition: inline

Greetings,

0day kernel testing robot got the below dmesg and the first bad commit is

git://git.kernel.org/pub/scm/linux/kernel/git/next/linux-next.git master

commit 1e491e9be4c97229a3a88763aada9582e37c7eaf
Author:     Joonsoo Kim <iamjoonsoo.kim@lge.com>
AuthorDate: Thu Nov 27 11:09:34 2014 +1100
Commit:     Stephen Rothwell <sfr@canb.auug.org.au>
CommitDate: Thu Nov 27 11:09:34 2014 +1100

    mm/debug-pagealloc: prepare boottime configurable on/off
    
    Until now, debug-pagealloc needs extra flags in struct page, so we need to
    recompile whole source code when we decide to use it.  This is really
    painful, because it takes some time to recompile and sometimes rebuild is
    not possible due to third party module depending on struct page.  So, we
    can't use this good feature in many cases.
    
    Now, we have the page extension feature that allows us to insert extra
    flags to outside of struct page.  This gets rid of third party module
    issue mentioned above.  And, this allows us to determine if we need extra
    memory for this page extension in boottime.  With these property, we can
    avoid using debug-pagealloc in boottime with low computational overhead in
    the kernel built with CONFIG_DEBUG_PAGEALLOC.  This will help our
    development process greatly.
    
    This patch is the preparation step to achive above goal.  debug-pagealloc
    originally uses extra field of struct page, but, after this patch, it will
    use field of struct page_ext.  Because memory for page_ext is allocated
    later than initialization of page allocator in CONFIG_SPARSEMEM, we should
    disable debug-pagealloc feature temporarily until initialization of
    page_ext.  This patch implements this.
    
    Signed-off-by: Joonsoo Kim <iamjoonsoo.kim@lge.com>
    Cc: Mel Gorman <mgorman@suse.de>
    Cc: Johannes Weiner <hannes@cmpxchg.org>
    Cc: Minchan Kim <minchan@kernel.org>
    Cc: Dave Hansen <dave@sr71.net>
    Cc: Michal Nazarewicz <mina86@mina86.com>
    Cc: Jungsoo Son <jungsoo.son@lge.com>
    Cc: Ingo Molnar <mingo@redhat.com>
    Cc: Joonsoo Kim <iamjoonsoo.kim@lge.com>
    Signed-off-by: Andrew Morton <akpm@linux-foundation.org>

Attached dmesg for the parent commit, too, to help confirm whether it is a noise error.

+-------------------------------------------------+------------+------------+---------------+
|                                                 | 34bf7903e1 | 1e491e9be4 | next-20141127 |
+-------------------------------------------------+------------+------------+---------------+
| boot_successes                                  | 95         | 26         | 11            |
| boot_failures                                   | 10         | 9          | 3             |
| BUG:kernel_early_hang_without_any_printk_output | 10         | 8          |               |
| BUG:unable_to_handle_kernel                     | 0          | 1          | 3             |
| Oops                                            | 0          | 1          | 3             |
| EIP_is_at__free_pages_ok                        | 0          | 1          | 3             |
| Kernel_panic-not_syncing:Fatal_exception        | 0          | 1          | 3             |
| backtrace:put_tty_driver                        | 0          | 1          | 3             |
| backtrace:rp_init                               | 0          | 1          | 3             |
| backtrace:kernel_init_freeable                  | 0          | 1          | 3             |
+-------------------------------------------------+------------+------------+---------------+

[   13.206984] RocketPort device driver module, version 2.09, 12-June-2003
[   13.208641] No rocketport ports found; unloading driver
[   13.208641] No rocketport ports found; unloading driver
[   13.213422] BUG: unable to handle kernel 
[   13.213422] BUG: unable to handle kernel paging requestpaging request at c2446ffc
 at c2446ffc
[   13.214380] IP:
[   13.214380] IP: [<b11ab6fe>] __free_pages_ok+0x376/0x62c
 [<b11ab6fe>] __free_pages_ok+0x376/0x62c
[   13.214380] *pde = 123ca067 
[   13.214380] *pde = 123ca067 *pte = 12446060 *pte = 12446060 

[   13.214380] Oops: 0000 [#1] 
[   13.214380] Oops: 0000 [#1] SMP SMP DEBUG_PAGEALLOCDEBUG_PAGEALLOC

[   13.214380] CPU: 0 PID: 1 Comm: swapper/0 Not tainted 3.18.0-rc6-00201-g1e491e9 #14
[   13.214380] CPU: 0 PID: 1 Comm: swapper/0 Not tainted 3.18.0-rc6-00201-g1e491e9 #14
[   13.214380] task: c1c40000 ti: c1c48000 task.ti: c1c48000
[   13.214380] task: c1c40000 ti: c1c48000 task.ti: c1c48000
[   13.214380] EIP: 0060:[<b11ab6fe>] EFLAGS: 00010097 CPU: 0
[   13.214380] EIP: 0060:[<b11ab6fe>] EFLAGS: 00010097 CPU: 0
[   13.214380] EIP is at __free_pages_ok+0x376/0x62c
[   13.214380] EIP is at __free_pages_ok+0x376/0x62c
[   13.214380] EAX: c2446ffc EBX: c2513200 ECX: 00000004 EDX: c2447000
[   13.214380] EAX: c2446ffc EBX: c2513200 ECX: 00000004 EDX: c2447000
[   13.214380] ESI: c2513300 EDI: 00000004 EBP: c1c49e94 ESP: c1c49e64
[   13.214380] ESI: c2513300 EDI: 00000004 EBP: c1c49e94 ESP: c1c49e64
[   13.214380]  DS: 007b ES: 007b FS: 00d8 GS: 0000 SS: 0068
[   13.214380]  DS: 007b ES: 007b FS: 00d8 GS: 0000 SS: 0068
[   13.214380] CR0: 8005003b CR2: c2446ffc CR3: 02729000 CR4: 00000690
[   13.214380] CR0: 8005003b CR2: c2446ffc CR3: 02729000 CR4: 00000690
[   13.214380] Stack:
[   13.214380] Stack:
[   13.214380]  00000008
[   13.214380]  00000008 b26054ec b26054ec b2605440 b2605440 00000246 00000246 00000010 00000010 00000000 00000000 c2513000 c2513000 00000000 00000000

[   13.214380]  00000003
[   13.214380]  00000003 00000000 00000000 c2513300 c2513300 00000000 00000000 c1c49e9c c1c49e9c b11aba32 b11aba32 c1c49ea4 c1c49ea4 b11abc52 b11abc52

[   13.214380]  c1c49ec4
[   13.214380]  c1c49ec4 b1204fb5 b1204fb5 c1c49ebc c1c49ebc b10deca7 b10deca7 b0018000 b0018000 bbf20984 bbf20984 00000100 00000100 bbf20980 bbf20980

[   13.214380] Call Trace:
[   13.214380] Call Trace:
[   13.214380]  [<b11aba32>] __free_pages+0x7e/0x8e
[   13.214380]  [<b11aba32>] __free_pages+0x7e/0x8e
[   13.214380]  [<b11abc52>] __free_kmem_pages+0x16/0x26
[   13.214380]  [<b11abc52>] __free_kmem_pages+0x16/0x26
[   13.214380]  [<b1204fb5>] kfree+0x292/0x4e1
[   13.214380]  [<b1204fb5>] kfree+0x292/0x4e1
[   13.214380]  [<b10deca7>] ? debug_mutex_unlock+0x2f3/0x398
[   13.214380]  [<b10deca7>] ? debug_mutex_unlock+0x2f3/0x398
[   13.214380]  [<b14f5c36>] destruct_tty_driver+0xee/0x158
[   13.214380]  [<b14f5c36>] destruct_tty_driver+0xee/0x158
[   13.214380]  [<b14f5fe5>] tty_driver_kref_put+0xb4/0xc6
[   13.214380]  [<b14f5fe5>] tty_driver_kref_put+0xb4/0xc6
[   13.214380]  [<b14f6121>] put_tty_driver+0x16/0x26
[   13.214380]  [<b14f6121>] put_tty_driver+0x16/0x26
[   13.214380]  [<b26aa177>] rp_init+0xc04/0xc23
[   13.214380]  [<b26aa177>] rp_init+0xc04/0xc23
[   13.214380]  [<b12050e9>] ? kfree+0x3c6/0x4e1
[   13.214380]  [<b12050e9>] ? kfree+0x3c6/0x4e1
[   13.214380]  [<b26a9573>] ? register_PCI+0x1091/0x1091
[   13.214380]  [<b26a9573>] ? register_PCI+0x1091/0x1091
[   13.214380]  [<b26469d2>] do_one_initcall+0x1ed/0x356
[   13.214380]  [<b26469d2>] do_one_initcall+0x1ed/0x356
[   13.214380]  [<b2646d8b>] kernel_init_freeable+0x250/0x3ab
[   13.214380]  [<b2646d8b>] kernel_init_freeable+0x250/0x3ab
[   13.214380]  [<b1d95dd0>] kernel_init+0x16/0x1e7
[   13.214380]  [<b1d95dd0>] kernel_init+0x16/0x1e7
[   13.214380]  [<b1dcdd01>] ret_from_kernel_thread+0x21/0x30
[   13.214380]  [<b1dcdd01>] ret_from_kernel_thread+0x21/0x30
[   13.214380]  [<b1d95dba>] ? rest_init+0x15b/0x15b
[   13.214380]  [<b1d95dba>] ? rest_init+0x15b/0x15b
[   13.214380] Code:
[   13.214380] Code: 31 31 d0 d0 29 29 d0 d0 c1 c1 e0 e0 05 05 80 80 3d 3d 00 00 30 30 64 64 b2 b2 00 00 8d 8d 14 14 03 03 74 74 71 71 83 83 05 05 28 28 90 90 da da b2 b2 01 01 89 89 d0 d0 89 89 55 55 e8 e8 83 83 15 15 2c 2c 90 90 da da b2 b2 00 00 e8 e8 67 67 d9 d9 05 05 00 00 <8b> <8b> 00 00 83 83 05 05 30 30 90 90 da da b2 b2 01 01 83 83 15 15 34 34 90 90 da da b2 b2 00 00 a8 a8 02 02 8b 8b 55 55 e8 e8

[   13.214380] EIP: [<b11ab6fe>] 
[   13.214380] EIP: [<b11ab6fe>] __free_pages_ok+0x376/0x62c__free_pages_ok+0x376/0x62c SS:ESP 0068:c1c49e64
 SS:ESP 0068:c1c49e64
[   13.214380] CR2: 00000000c2446ffc
[   13.214380] CR2: 00000000c2446ffc
[   13.214380] ---[ end trace fe261d43ae421f43 ]---
[   13.214380] ---[ end trace fe261d43ae421f43 ]---

git bisect start 3bcf494d225fd193d02e8cb2e2c3fe3cc476ff3f 5d01410fe4d92081f349b013a2e7a95429e4f2c9 --
git bisect good 14692f2c9f01c7f21f83d41a8cb99fea1e4f803f  # 10:20     35+      0  Merge remote-tracking branch 'dlm/next'
git bisect good 17623427488fe306376e18e0ee63c2c1bcbf5612  # 10:42     35+      0  Merge remote-tracking branch 'edac-amd/for-next'
git bisect good 6acfd0c5752274ad5099152d9a00c99f81c273b5  # 10:54     35+      0  Merge remote-tracking branch 'char-misc/char-misc-next'
git bisect good 574733068e280900745b7241a51f26815f25ca64  # 11:24     35+      5  Merge remote-tracking branch 'userns/for-next'
git bisect good d3d6c2b2574a1700a33c3f40a8adcd11db728926  # 11:36     35+     11  Merge remote-tracking branch 'llvmlinux/for-next'
git bisect good 749230afd0fa54770f95063071b1bdfb6dee9bc2  # 11:45     35+     13  Merge remote-tracking branch 'y2038/y2038'
git bisect  bad 35cc8c3f978f75a04ac96b3cb72b8f7630ea04f4  # 11:50      0-      1  Merge branch 'akpm-current/current'
git bisect  bad 6aab9099af555bf5a464f318d312ba5baa5cf516  # 11:59      0-      1  stacktrace: introduce snprint_stack_trace for buffer output
git bisect good 15c2416b0e6f21f17152e0ba32202bb1354394e3  # 12:10     35+     18  mm-compaction-more-focused-lru-and-pcplists-draining-fix
git bisect good c5c825302103a196aa94efa121c011121ffff14b  # 12:17     35+      2  uprobes: share the i_mmap_rwsem
git bisect good b225ec73923a04a6d00dd28c6372c167780921b8  # 12:24     35+      0  hugetlb: hugetlb_register_all_nodes(): add __init marker
git bisect good 4fb10ba778d4c4ccefee3ce833e487a6695068b1  # 12:32     35+      1  mm: support madvise(MADV_FREE)
git bisect good 0aba43a2670028ec26cfeb59d3c2610ab0ee140b  # 12:42     35+      4  arm64: add pmd_[dirty|mkclean] for THP
git bisect  bad 1e491e9be4c97229a3a88763aada9582e37c7eaf  # 12:51      0-      1  mm/debug-pagealloc: prepare boottime configurable on/off
git bisect good 34bf7903e195347898a225220357f3a49dd65e7e  # 12:57     35+      0  mm/page_ext: resurrect struct page extending code for debugging
# first bad commit: [1e491e9be4c97229a3a88763aada9582e37c7eaf] mm/debug-pagealloc: prepare boottime configurable on/off
git bisect good 34bf7903e195347898a225220357f3a49dd65e7e  # 13:01    105+     10  mm/page_ext: resurrect struct page extending code for debugging
# extra tests on HEAD of next/master
git bisect  bad 3bcf494d225fd193d02e8cb2e2c3fe3cc476ff3f  # 13:01      0-      3  Add linux-next specific files for 20141127
# extra tests on tree/branch next/master
git bisect  bad 3bcf494d225fd193d02e8cb2e2c3fe3cc476ff3f  # 13:01      0-      3  Add linux-next specific files for 20141127
# extra tests on tree/branch linus/master
git bisect good 98e8d2e094de67315f786cd81b1dccb4ac040cc2  # 13:11    105+     21  Merge branch 'upstream' of git://git.linux-mips.org/pub/scm/ralf/upstream-linus
# extra tests on tree/branch next/master
git bisect  bad 3bcf494d225fd193d02e8cb2e2c3fe3cc476ff3f  # 13:11      0-      3  Add linux-next specific files for 20141127


This script may reproduce the error.

----------------------------------------------------------------------------
#!/bin/bash

kernel=$1
initrd=quantal-core-i386.cgz

wget --no-clobber https://github.com/fengguang/reproduce-kernel-bug/raw/master/initrd/$initrd

kvm=(
	qemu-system-x86_64
	-cpu kvm64
	-enable-kvm
	-kernel $kernel
	-initrd $initrd
	-m 320
	-smp 2
	-net nic,vlan=1,model=e1000
	-net user,vlan=1
	-boot order=nc
	-no-reboot
	-watchdog i6300esb
	-rtc base=localtime
	-serial stdio
	-display none
	-monitor null 
)

append=(
	hung_task_panic=1
	earlyprintk=ttyS0,115200
	debug
	apic=debug
	sysrq_always_enabled
	rcupdate.rcu_cpu_stall_timeout=100
	panic=-1
	softlockup_panic=1
	nmi_watchdog=panic
	oops=panic
	load_ramdisk=2
	prompt_ramdisk=0
	console=ttyS0,115200
	console=tty0
	vga=normal
	root=/dev/ram0
	rw
	drbd.minor_count=8
)

"${kvm[@]}" --append "${append[*]}"
----------------------------------------------------------------------------

Thanks,
Fengguang

--v9Ux+11Zm5mwPlX6
Content-Type: text/plain; charset=us-ascii
Content-Disposition: attachment; filename="dmesg-quantal-client6-31:20141128125048:i386-randconfig-hsxa0-11280759:3.18.0-rc6-00201-g1e491e9:14"
Content-Transfer-Encoding: quoted-printable

early console in setup code
early console in decompress_kernel

Decompressing Linux... Parsing ELF... No relocation needed... done.
Booting the kernel.
[    0.000000] Linux version 3.18.0-rc6-00201-g1e491e9 (kbuild@lkp-hsx01) (=
gcc version 4.9.1 (Debian 4.9.1-19) ) #14 SMP Fri Nov 28 12:49:40 CST 2014
[    0.000000] e820: BIOS-provided physical RAM map:
[    0.000000] BIOS-e820: [mem 0x0000000000000000-0x000000000009fbff] usable
[    0.000000] BIOS-e820: [mem 0x000000000009fc00-0x000000000009ffff] reser=
ved
[    0.000000] BIOS-e820: [mem 0x00000000000f0000-0x00000000000fffff] reser=
ved
[    0.000000] BIOS-e820: [mem 0x0000000000100000-0x0000000013fdffff] usable
[    0.000000] BIOS-e820: [mem 0x0000000013fe0000-0x0000000013ffffff] reser=
ved
[    0.000000] BIOS-e820: [mem 0x00000000feffc000-0x00000000feffffff] reser=
ved
[    0.000000] BIOS-e820: [mem 0x00000000fffc0000-0x00000000ffffffff] reser=
ved
[    0.000000] bootconsole [earlyser0] enabled
[    0.000000] Notice: NX (Execute Disable) protection cannot be enabled: n=
on-PAE kernel!
[    0.000000] Hypervisor detected: KVM
[    0.000000] e820: update [mem 0x00000000-0x00000fff] usable =3D=3D> rese=
rved
[    0.000000] e820: remove [mem 0x000a0000-0x000fffff] usable
[    0.000000] e820: last_pfn =3D 0x13fe0 max_arch_pfn =3D 0x100000
[    0.000000] MTRR default type: write-back
[    0.000000] MTRR fixed ranges enabled:
[    0.000000]   00000-9FFFF write-back
[    0.000000]   A0000-BFFFF uncachable
[    0.000000]   C0000-FFFFF write-protect
[    0.000000] MTRR variable ranges enabled:
[    0.000000]   0 base 0080000000 mask FF80000000 uncachable
[    0.000000]   1 disabled
[    0.000000]   2 disabled
[    0.000000]   3 disabled
[    0.000000]   4 disabled
[    0.000000]   5 disabled
[    0.000000]   6 disabled
[    0.000000]   7 disabled
[    0.000000] x86 PAT enabled: cpu 0, old 0x7040600070406, new 0x701060007=
0106
[    0.000000] Scan for SMP in [mem 0x00000000-0x000003ff]
[    0.000000] Scan for SMP in [mem 0x0009fc00-0x0009ffff]
[    0.000000] Scan for SMP in [mem 0x000f0000-0x000fffff]
[    0.000000] found SMP MP-table at [mem 0x000f0eb0-0x000f0ebf] mapped at =
[b00f0eb0]
[    0.000000]   mpc: f0ec0-f0fa4
[    0.000000] initial memory mapped: [mem 0x00000000-0x037fffff]
[    0.000000] Base memory trampoline at [b009b000] 9b000 size 16384
[    0.000000] init_memory_mapping: [mem 0x00000000-0x000fffff]
[    0.000000]  [mem 0x00000000-0x000fffff] page 4k
[    0.000000] init_memory_mapping: [mem 0x12000000-0x123fffff]
[    0.000000]  [mem 0x12000000-0x123fffff] page 4k
[    0.000000] BRK [0x03214000, 0x03214fff] PGTABLE
[    0.000000] init_memory_mapping: [mem 0x10000000-0x11ffffff]
[    0.000000]  [mem 0x10000000-0x11ffffff] page 4k
[    0.000000] BRK [0x03215000, 0x03215fff] PGTABLE
[    0.000000] BRK [0x03216000, 0x03216fff] PGTABLE
[    0.000000] BRK [0x03217000, 0x03217fff] PGTABLE
[    0.000000] BRK [0x03218000, 0x03218fff] PGTABLE
[    0.000000] BRK [0x03219000, 0x03219fff] PGTABLE
[    0.000000] init_memory_mapping: [mem 0x00100000-0x0fffffff]
[    0.000000]  [mem 0x00100000-0x0fffffff] page 4k
[    0.000000] init_memory_mapping: [mem 0x12400000-0x13fdffff]
[    0.000000]  [mem 0x12400000-0x13fdffff] page 4k
[    0.000000] RAMDISK: [mem 0x12793000-0x13fd7fff]
[    0.000000] ACPI: Early table checksum verification disabled
[    0.000000] ACPI: RSDP 0x000F0C90 000014 (v00 BOCHS )
[    0.000000] ACPI: RSDT 0x13FE18BD 000034 (v01 BOCHS  BXPCRSDT 00000001 B=
XPC 00000001)
[    0.000000] ACPI: FACP 0x13FE0B37 000074 (v01 BOCHS  BXPCFACP 00000001 B=
XPC 00000001)
[    0.000000] ACPI: DSDT 0x13FE0040 000AF7 (v01 BOCHS  BXPCDSDT 00000001 B=
XPC 00000001)
[    0.000000] ACPI: FACS 0x13FE0000 000040
[    0.000000] ACPI: SSDT 0x13FE0BAB 000C5A (v01 BOCHS  BXPCSSDT 00000001 B=
XPC 00000001)
[    0.000000] ACPI: APIC 0x13FE1805 000080 (v01 BOCHS  BXPCAPIC 00000001 B=
XPC 00000001)
[    0.000000] ACPI: HPET 0x13FE1885 000038 (v01 BOCHS  BXPCHPET 00000001 B=
XPC 00000001)
[    0.000000] ACPI: Local APIC address 0xfee00000
[    0.000000] mapped APIC to         ffffb000 (        fee00000)
[    0.000000] 0MB HIGHMEM available.
[    0.000000] 319MB LOWMEM available.
[    0.000000]   mapped low ram: 0 - 13fe0000
[    0.000000]   low ram: 0 - 13fe0000
[    0.000000] kvm-clock: Using msrs 4b564d01 and 4b564d00
[    0.000000] kvm-clock: cpu 0, msr 0:13fdf001, primary cpu clock
[    0.000000] Zone ranges:
[    0.000000]   DMA      [mem 0x00001000-0x00ffffff]
[    0.000000]   Normal   [mem 0x01000000-0x13fdffff]
[    0.000000]   HighMem  empty
[    0.000000] Movable zone start for each node
[    0.000000] Early memory node ranges
[    0.000000]   node   0: [mem 0x00001000-0x0009efff]
[    0.000000]   node   0: [mem 0x00100000-0x13fdffff]
[    0.000000] Initmem setup node 0 [mem 0x00001000-0x13fdffff]
[    0.000000] On node 0 totalpages: 81790
[    0.000000] free_area_init_node: node 0, pgdat b26053c0, node_mem_map c2=
513020
[    0.000000]   DMA zone: 32 pages used for memmap
[    0.000000]   DMA zone: 0 pages reserved
[    0.000000]   DMA zone: 3998 pages, LIFO batch:0
[    0.000000]   Normal zone: 608 pages used for memmap
[    0.000000]   Normal zone: 77792 pages, LIFO batch:15
[    0.000000] Using APIC driver default
[    0.000000] ACPI: PM-Timer IO Port: 0x608
[    0.000000] ACPI: Local APIC address 0xfee00000
[    0.000000] mapped APIC to         ffffb000 (        fee00000)
[    0.000000] ACPI: LAPIC (acpi_id[0x00] lapic_id[0x00] enabled)
[    0.000000] ACPI: LAPIC (acpi_id[0x01] lapic_id[0x01] enabled)
[    0.000000] ACPI: LAPIC_NMI (acpi_id[0xff] dfl dfl lint[0x1])
[    0.000000] ACPI: IOAPIC (id[0x00] address[0xfec00000] gsi_base[0])
[    0.000000] IOAPIC[0]: apic_id 0, version 17, address 0xfec00000, GSI 0-=
23
[    0.000000] ACPI: INT_SRC_OVR (bus 0 bus_irq 0 global_irq 2 dfl dfl)
[    0.000000] Int: type 0, pol 0, trig 0, bus 00, IRQ 00, APIC ID 0, APIC =
INT 02
[    0.000000] ACPI: INT_SRC_OVR (bus 0 bus_irq 5 global_irq 5 high level)
[    0.000000] Int: type 0, pol 1, trig 3, bus 00, IRQ 05, APIC ID 0, APIC =
INT 05
[    0.000000] ACPI: INT_SRC_OVR (bus 0 bus_irq 9 global_irq 9 high level)
[    0.000000] Int: type 0, pol 1, trig 3, bus 00, IRQ 09, APIC ID 0, APIC =
INT 09
[    0.000000] ACPI: INT_SRC_OVR (bus 0 bus_irq 10 global_irq 10 high level)
[    0.000000] Int: type 0, pol 1, trig 3, bus 00, IRQ 0a, APIC ID 0, APIC =
INT 0a
[    0.000000] ACPI: INT_SRC_OVR (bus 0 bus_irq 11 global_irq 11 high level)
[    0.000000] Int: type 0, pol 1, trig 3, bus 00, IRQ 0b, APIC ID 0, APIC =
INT 0b
[    0.000000] ACPI: IRQ0 used by override.
[    0.000000] Int: type 0, pol 0, trig 0, bus 00, IRQ 01, APIC ID 0, APIC =
INT 01
[    0.000000] Int: type 0, pol 0, trig 0, bus 00, IRQ 03, APIC ID 0, APIC =
INT 03
[    0.000000] Int: type 0, pol 0, trig 0, bus 00, IRQ 04, APIC ID 0, APIC =
INT 04
[    0.000000] ACPI: IRQ5 used by override.
[    0.000000] Int: type 0, pol 0, trig 0, bus 00, IRQ 06, APIC ID 0, APIC =
INT 06
[    0.000000] Int: type 0, pol 0, trig 0, bus 00, IRQ 07, APIC ID 0, APIC =
INT 07
[    0.000000] Int: type 0, pol 0, trig 0, bus 00, IRQ 08, APIC ID 0, APIC =
INT 08
[    0.000000] ACPI: IRQ9 used by override.
[    0.000000] ACPI: IRQ10 used by override.
[    0.000000] ACPI: IRQ11 used by override.
[    0.000000] Int: type 0, pol 0, trig 0, bus 00, IRQ 0c, APIC ID 0, APIC =
INT 0c
[    0.000000] Int: type 0, pol 0, trig 0, bus 00, IRQ 0d, APIC ID 0, APIC =
INT 0d
[    0.000000] Int: type 0, pol 0, trig 0, bus 00, IRQ 0e, APIC ID 0, APIC =
INT 0e
[    0.000000] Int: type 0, pol 0, trig 0, bus 00, IRQ 0f, APIC ID 0, APIC =
INT 0f
[    0.000000] Using ACPI (MADT) for SMP configuration information
[    0.000000] ACPI: HPET id: 0x8086a201 base: 0xfed00000
[    0.000000] smpboot: Allowing 2 CPUs, 0 hotplug CPUs
[    0.000000] mapped IOAPIC to ffffa000 (fec00000)
[    0.000000] e820: [mem 0x14000000-0xfeffbfff] available for PCI devices
[    0.000000] Booting paravirtualized kernel on KVM
[    0.000000] setup_percpu: NR_CPUS:8 nr_cpumask_bits:8 nr_cpu_ids:2 nr_no=
de_ids:1
[    0.000000] PERCPU: Embedded 13 pages/cpu @c24f7000 s32064 r0 d21184 u53=
248
[    0.000000] pcpu-alloc: s32064 r0 d21184 u53248 alloc=3D13*4096
[    0.000000] pcpu-alloc: [0] 0 [0] 1=20
[    0.000000] KVM setup async PF for cpu 0
[    0.000000] kvm-stealtime: cpu 0, msr 124f9680
[    0.000000] Built 1 zonelists in Zone order, mobility grouping on.  Tota=
l pages: 81150
[    0.000000] Kernel command line: hung_task_panic=3D1 earlyprintk=3DttyS0=
,115200 debug apic=3Ddebug sysrq_always_enabled rcupdate.rcu_cpu_stall_time=
out=3D100 panic=3D-1 softlockup_panic=3D1 nmi_watchdog=3Dpanic oops=3Dpanic=
 load_ramdisk=3D2 prompt_ramdisk=3D0 console=3DttyS0,115200 console=3Dtty0 =
vga=3Dnormal  root=3D/dev/ram0 rw link=3D/kbuild-tests/run-queue/kvm/i386-r=
andconfig-hsxa0-11280759/next:master:1e491e9be4c97229a3a88763aada9582e37c7e=
af:bisect-linux-2/.vmlinuz-1e491e9be4c97229a3a88763aada9582e37c7eaf-2014112=
8125009-16-client6 branch=3Dnext/master BOOT_IMAGE=3D/kernel/i386-randconfi=
g-hsxa0-11280759/1e491e9be4c97229a3a88763aada9582e37c7eaf/vmlinuz-3.18.0-rc=
6-00201-g1e491e9 drbd.minor_count=3D8
[    0.000000] sysrq: sysrq always enabled.
[    0.000000] PID hash table entries: 2048 (order: 1, 8192 bytes)
[    0.000000] Dentry cache hash table entries: 65536 (order: 6, 262144 byt=
es)
[    0.000000] Inode-cache hash table entries: 32768 (order: 5, 131072 byte=
s)
[    0.000000] Initializing CPU#0
[    0.000000] allocated 327548 bytes of page_ext
[    0.000000] Initializing HighMem for node 0 (00000000:00000000)
[    0.000000] Memory: 263664K/327160K available (14140K kernel code, 2787K=
 rwdata, 5824K rodata, 884K init, 11136K bss, 63496K reserved, 0K highmem)
[    0.000000] virtual kernel memory layout:
[    0.000000]     fixmap  : 0xfff15000 - 0xfffff000   ( 936 kB)
[    0.000000]     pkmap   : 0xff800000 - 0xffc00000   (4096 kB)
[    0.000000]     vmalloc : 0xc47e0000 - 0xff7fe000   ( 944 MB)
[    0.000000]     lowmem  : 0xb0000000 - 0xc3fe0000   ( 319 MB)
[    0.000000]       .init : 0xb2645000 - 0xb2722000   ( 884 kB)
[    0.000000]       .data : 0xb1dcf5e2 - 0xb2643f40   (8658 kB)
[    0.000000]       .text : 0xb1000000 - 0xb1dcf5e2   (14141 kB)
[    0.000000] Checking if this processor honours the WP bit even in superv=
isor mode...Ok.
[    0.000000] SLUB: HWalign=3D128, Order=3D0-3, MinObjects=3D0, CPUs=3D2, =
Nodes=3D1
[    0.000000] Hierarchical RCU implementation.
[    0.000000] RCU: Adjusting geometry for rcu_fanout_leaf=3D16, nr_cpu_ids=
=3D2
[    0.000000] NR_IRQS:2304 nr_irqs:440 0
[    0.000000] CPU 0 irqstacks, hard=3Dc1c0a000 soft=3Dc1c0c000
[    0.000000] Linux version 3.18.0-rc6-00201-g1e491e9 (kbuild@lkp-hsx01) (=
gcc version 4.9.1 (Debian 4.9.1-19) ) #14 SMP Fri Nov 28 12:49:40 CST 2014
[    0.000000] e820: BIOS-provided physical RAM map:
[    0.000000] BIOS-e820: [mem 0x0000000000000000-0x000000000009fbff] usable
[    0.000000] BIOS-e820: [mem 0x000000000009fc00-0x000000000009ffff] reser=
ved
[    0.000000] BIOS-e820: [mem 0x00000000000f0000-0x00000000000fffff] reser=
ved
[    0.000000] BIOS-e820: [mem 0x0000000000100000-0x0000000013fdffff] usable
[    0.000000] BIOS-e820: [mem 0x0000000013fe0000-0x0000000013ffffff] reser=
ved
[    0.000000] BIOS-e820: [mem 0x00000000feffc000-0x00000000feffffff] reser=
ved
[    0.000000] BIOS-e820: [mem 0x00000000fffc0000-0x00000000ffffffff] reser=
ved
[    0.000000] bootconsole [earlyser0] enabled
[    0.000000] Notice: NX (Execute Disable) protection cannot be enabled: n=
on-PAE kernel!
[    0.000000] Hypervisor detected: KVM
[    0.000000] e820: update [mem 0x00000000-0x00000fff] usable =3D=3D> rese=
rved
[    0.000000] e820: remove [mem 0x000a0000-0x000fffff] usable
[    0.000000] e820: last_pfn =3D 0x13fe0 max_arch_pfn =3D 0x100000
[    0.000000] MTRR default type: write-back
[    0.000000] MTRR fixed ranges enabled:
[    0.000000]   00000-9FFFF write-back
[    0.000000]   A0000-BFFFF uncachable
[    0.000000]   C0000-FFFFF write-protect
[    0.000000] MTRR variable ranges enabled:
[    0.000000]   0 base 0080000000 mask FF80000000 uncachable
[    0.000000]   1 disabled
[    0.000000]   2 disabled
[    0.000000]   3 disabled
[    0.000000]   4 disabled
[    0.000000]   5 disabled
[    0.000000]   6 disabled
[    0.000000]   7 disabled
[    0.000000] x86 PAT enabled: cpu 0, old 0x7040600070406, new 0x701060007=
0106
[    0.000000] Scan for SMP in [mem 0x00000000-0x000003ff]
[    0.000000] Scan for SMP in [mem 0x0009fc00-0x0009ffff]
[    0.000000] Scan for SMP in [mem 0x000f0000-0x000fffff]
[    0.000000] found SMP MP-table at [mem 0x000f0eb0-0x000f0ebf] mapped at =
[b00f0eb0]
[    0.000000]   mpc: f0ec0-f0fa4
[    0.000000] initial memory mapped: [mem 0x00000000-0x037fffff]
[    0.000000] Base memory trampoline at [b009b000] 9b000 size 16384
[    0.000000] init_memory_mapping: [mem 0x00000000-0x000fffff]
[    0.000000]  [mem 0x00000000-0x000fffff] page 4k
[    0.000000] init_memory_mapping: [mem 0x12000000-0x123fffff]
[    0.000000]  [mem 0x12000000-0x123fffff] page 4k
[    0.000000] BRK [0x03214000, 0x03214fff] PGTABLE
[    0.000000] init_memory_mapping: [mem 0x10000000-0x11ffffff]
[    0.000000]  [mem 0x10000000-0x11ffffff] page 4k
[    0.000000] BRK [0x03215000, 0x03215fff] PGTABLE
[    0.000000] BRK [0x03216000, 0x03216fff] PGTABLE
[    0.000000] BRK [0x03217000, 0x03217fff] PGTABLE
[    0.000000] BRK [0x03218000, 0x03218fff] PGTABLE
[    0.000000] BRK [0x03219000, 0x03219fff] PGTABLE
[    0.000000] init_memory_mapping: [mem 0x00100000-0x0fffffff]
[    0.000000]  [mem 0x00100000-0x0fffffff] page 4k
[    0.000000] init_memory_mapping: [mem 0x12400000-0x13fdffff]
[    0.000000]  [mem 0x12400000-0x13fdffff] page 4k
[    0.000000] RAMDISK: [mem 0x12793000-0x13fd7fff]
[    0.000000] ACPI: Early table checksum verification disabled
[    0.000000] ACPI: RSDP 0x000F0C90 000014 (v00 BOCHS )
[    0.000000] ACPI: RSDT 0x13FE18BD 000034 (v01 BOCHS  BXPCRSDT 00000001 B=
XPC 00000001)
[    0.000000] ACPI: FACP 0x13FE0B37 000074 (v01 BOCHS  BXPCFACP 00000001 B=
XPC 00000001)
[    0.000000] ACPI: DSDT 0x13FE0040 000AF7 (v01 BOCHS  BXPCDSDT 00000001 B=
XPC 00000001)
[    0.000000] ACPI: FACS 0x13FE0000 000040
[    0.000000] ACPI: SSDT 0x13FE0BAB 000C5A (v01 BOCHS  BXPCSSDT 00000001 B=
XPC 00000001)
[    0.000000] ACPI: APIC 0x13FE1805 000080 (v01 BOCHS  BXPCAPIC 00000001 B=
XPC 00000001)
[    0.000000] ACPI: HPET 0x13FE1885 000038 (v01 BOCHS  BXPCHPET 00000001 B=
XPC 00000001)
[    0.000000] ACPI: Local APIC address 0xfee00000
[    0.000000] mapped APIC to         ffffb000 (        fee00000)
[    0.000000] 0MB HIGHMEM available.
[    0.000000] 319MB LOWMEM available.
[    0.000000]   mapped low ram: 0 - 13fe0000
[    0.000000]   low ram: 0 - 13fe0000
[    0.000000] kvm-clock: Using msrs 4b564d01 and 4b564d00
[    0.000000] kvm-clock: cpu 0, msr 0:13fdf001, primary cpu clock
[    0.000000] Zone ranges:
[    0.000000]   DMA      [mem 0x00001000-0x00ffffff]
[    0.000000]   Normal   [mem 0x01000000-0x13fdffff]
[    0.000000]   HighMem  empty
[    0.000000] Movable zone start for each node
[    0.000000] Early memory node ranges
[    0.000000]   node   0: [mem 0x00001000-0x0009efff]
[    0.000000]   node   0: [mem 0x00100000-0x13fdffff]
[    0.000000] Initmem setup node 0 [mem 0x00001000-0x13fdffff]
[    0.000000] On node 0 totalpages: 81790
[    0.000000] free_area_init_node: node 0, pgdat b26053c0, node_mem_map c2=
513020
[    0.000000]   DMA zone: 32 pages used for memmap
[    0.000000]   DMA zone: 0 pages reserved
[    0.000000]   DMA zone: 3998 pages, LIFO batch:0
[    0.000000]   Normal zone: 608 pages used for memmap
[    0.000000]   Normal zone: 77792 pages, LIFO batch:15
[    0.000000] Using APIC driver default
[    0.000000] ACPI: PM-Timer IO Port: 0x608
[    0.000000] ACPI: Local APIC address 0xfee00000
[    0.000000] mapped APIC to         ffffb000 (        fee00000)
[    0.000000] ACPI: LAPIC (acpi_id[0x00] lapic_id[0x00] enabled)
[    0.000000] ACPI: LAPIC (acpi_id[0x01] lapic_id[0x01] enabled)
[    0.000000] ACPI: LAPIC_NMI (acpi_id[0xff] dfl dfl lint[0x1])
[    0.000000] ACPI: IOAPIC (id[0x00] address[0xfec00000] gsi_base[0])
[    0.000000] IOAPIC[0]: apic_id 0, version 17, address 0xfec00000, GSI 0-=
23
[    0.000000] ACPI: INT_SRC_OVR (bus 0 bus_irq 0 global_irq 2 dfl dfl)
[    0.000000] Int: type 0, pol 0, trig 0, bus 00, IRQ 00, APIC ID 0, APIC =
INT 02
[    0.000000] ACPI: INT_SRC_OVR (bus 0 bus_irq 5 global_irq 5 high level)
[    0.000000] Int: type 0, pol 1, trig 3, bus 00, IRQ 05, APIC ID 0, APIC =
INT 05
[    0.000000] ACPI: INT_SRC_OVR (bus 0 bus_irq 9 global_irq 9 high level)
[    0.000000] Int: type 0, pol 1, trig 3, bus 00, IRQ 09, APIC ID 0, APIC =
INT 09
[    0.000000] ACPI: INT_SRC_OVR (bus 0 bus_irq 10 global_irq 10 high level)
[    0.000000] Int: type 0, pol 1, trig 3, bus 00, IRQ 0a, APIC ID 0, APIC =
INT 0a
[    0.000000] ACPI: INT_SRC_OVR (bus 0 bus_irq 11 global_irq 11 high level)
[    0.000000] Int: type 0, pol 1, trig 3, bus 00, IRQ 0b, APIC ID 0, APIC =
INT 0b
[    0.000000] ACPI: IRQ0 used by override.
[    0.000000] Int: type 0, pol 0, trig 0, bus 00, IRQ 01, APIC ID 0, APIC =
INT 01
[    0.000000] Int: type 0, pol 0, trig 0, bus 00, IRQ 03, APIC ID 0, APIC =
INT 03
[    0.000000] Int: type 0, pol 0, trig 0, bus 00, IRQ 04, APIC ID 0, APIC =
INT 04
[    0.000000] ACPI: IRQ5 used by override.
[    0.000000] Int: type 0, pol 0, trig 0, bus 00, IRQ 06, APIC ID 0, APIC =
INT 06
[    0.000000] Int: type 0, pol 0, trig 0, bus 00, IRQ 07, APIC ID 0, APIC =
INT 07
[    0.000000] Int: type 0, pol 0, trig 0, bus 00, IRQ 08, APIC ID 0, APIC =
INT 08
[    0.000000] ACPI: IRQ9 used by override.
[    0.000000] ACPI: IRQ10 used by override.
[    0.000000] ACPI: IRQ11 used by override.
[    0.000000] Int: type 0, pol 0, trig 0, bus 00, IRQ 0c, APIC ID 0, APIC =
INT 0c
[    0.000000] Int: type 0, pol 0, trig 0, bus 00, IRQ 0d, APIC ID 0, APIC =
INT 0d
[    0.000000] Int: type 0, pol 0, trig 0, bus 00, IRQ 0e, APIC ID 0, APIC =
INT 0e
[    0.000000] Int: type 0, pol 0, trig 0, bus 00, IRQ 0f, APIC ID 0, APIC =
INT 0f
[    0.000000] Using ACPI (MADT) for SMP configuration information
[    0.000000] ACPI: HPET id: 0x8086a201 base: 0xfed00000
[    0.000000] smpboot: Allowing 2 CPUs, 0 hotplug CPUs
[    0.000000] mapped IOAPIC to ffffa000 (fec00000)
[    0.000000] e820: [mem 0x14000000-0xfeffbfff] available for PCI devices
[    0.000000] Booting paravirtualized kernel on KVM
[    0.000000] setup_percpu: NR_CPUS:8 nr_cpumask_bits:8 nr_cpu_ids:2 nr_no=
de_ids:1
[    0.000000] PERCPU: Embedded 13 pages/cpu @c24f7000 s32064 r0 d21184 u53=
248
[    0.000000] pcpu-alloc: s32064 r0 d21184 u53248 alloc=3D13*4096
[    0.000000] pcpu-alloc: [0] 0 [0] 1=20
[    0.000000] KVM setup async PF for cpu 0
[    0.000000] kvm-stealtime: cpu 0, msr 124f9680
[    0.000000] Built 1 zonelists in Zone order, mobility grouping on.  Tota=
l pages: 81150
[    0.000000] Kernel command line: hung_task_panic=3D1 earlyprintk=3DttyS0=
,115200 debug apic=3Ddebug sysrq_always_enabled rcupdate.rcu_cpu_stall_time=
out=3D100 panic=3D-1 softlockup_panic=3D1 nmi_watchdog=3Dpanic oops=3Dpanic=
 load_ramdisk=3D2 prompt_ramdisk=3D0 console=3DttyS0,115200 console=3Dtty0 =
vga=3Dnormal  root=3D/dev/ram0 rw link=3D/kbuild-tests/run-queue/kvm/i386-r=
andconfig-hsxa0-11280759/next:master:1e491e9be4c97229a3a88763aada9582e37c7e=
af:bisect-linux-2/.vmlinuz-1e491e9be4c97229a3a88763aada9582e37c7eaf-2014112=
8125009-16-client6 branch=3Dnext/master BOOT_IMAGE=3D/kernel/i386-randconfi=
g-hsxa0-11280759/1e491e9be4c97229a3a88763aada9582e37c7eaf/vmlinuz-3.18.0-rc=
6-00201-g1e491e9 drbd.minor_count=3D8
[    0.000000] sysrq: sysrq always enabled.
[    0.000000] PID hash table entries: 2048 (order: 1, 8192 bytes)
[    0.000000] Dentry cache hash table entries: 65536 (order: 6, 262144 byt=
es)
[    0.000000] Inode-cache hash table entries: 32768 (order: 5, 131072 byte=
s)
[    0.000000] Initializing CPU#0
[    0.000000] allocated 327548 bytes of page_ext
[    0.000000] Initializing HighMem for node 0 (00000000:00000000)
[    0.000000] Memory: 263664K/327160K available (14140K kernel code, 2787K=
 rwdata, 5824K rodata, 884K init, 11136K bss, 63496K reserved, 0K highmem)
[    0.000000] virtual kernel memory layout:
[    0.000000]     fixmap  : 0xfff15000 - 0xfffff000   ( 936 kB)
[    0.000000]     pkmap   : 0xff800000 - 0xffc00000   (4096 kB)
[    0.000000]     vmalloc : 0xc47e0000 - 0xff7fe000   ( 944 MB)
[    0.000000]     lowmem  : 0xb0000000 - 0xc3fe0000   ( 319 MB)
[    0.000000]       .init : 0xb2645000 - 0xb2722000   ( 884 kB)
[    0.000000]       .data : 0xb1dcf5e2 - 0xb2643f40   (8658 kB)
[    0.000000]       .text : 0xb1000000 - 0xb1dcf5e2   (14141 kB)
[    0.000000] Checking if this processor honours the WP bit even in superv=
isor mode...Ok.
[    0.000000] SLUB: HWalign=3D128, Order=3D0-3, MinObjects=3D0, CPUs=3D2, =
Nodes=3D1
[    0.000000] Hierarchical RCU implementation.
[    0.000000] RCU: Adjusting geometry for rcu_fanout_leaf=3D16, nr_cpu_ids=
=3D2
[    0.000000] NR_IRQS:2304 nr_irqs:440 0
[    0.000000] CPU 0 irqstacks, hard=3Dc1c0a000 soft=3Dc1c0c000
[    0.000000] console [ttyS0] enabled
[    0.000000] console [ttyS0] enabled
[    0.000000] Lock dependency validator: Copyright (c) 2006 Red Hat, Inc.,=
 Ingo Molnar
[    0.000000] Lock dependency validator: Copyright (c) 2006 Red Hat, Inc.,=
 Ingo Molnar
[    0.000000] ... MAX_LOCKDEP_SUBCLASSES:  8
[    0.000000] ... MAX_LOCKDEP_SUBCLASSES:  8
[    0.000000] ... MAX_LOCK_DEPTH:          48
[    0.000000] ... MAX_LOCK_DEPTH:          48
[    0.000000] ... MAX_LOCKDEP_KEYS:        8191
[    0.000000] ... MAX_LOCKDEP_KEYS:        8191
[    0.000000] ... CLASSHASH_SIZE:          4096
[    0.000000] ... CLASSHASH_SIZE:          4096
[    0.000000] ... MAX_LOCKDEP_ENTRIES:     32768
[    0.000000] ... MAX_LOCKDEP_ENTRIES:     32768
[    0.000000] ... MAX_LOCKDEP_CHAINS:      65536
[    0.000000] ... MAX_LOCKDEP_CHAINS:      65536
[    0.000000] ... CHAINHASH_SIZE:          32768
[    0.000000] ... CHAINHASH_SIZE:          32768
[    0.000000]  memory used by lock dependency info: 4895 kB
[    0.000000]  memory used by lock dependency info: 4895 kB
[    0.000000]  per task-struct memory footprint: 1152 bytes
[    0.000000]  per task-struct memory footprint: 1152 bytes
[    0.000000] ------------------------
[    0.000000] ------------------------
[    0.000000] | Locking API testsuite:
[    0.000000] | Locking API testsuite:
[    0.000000] ------------------------------------------------------------=
----------------
[    0.000000] ------------------------------------------------------------=
----------------
[    0.000000]                                  | spin |wlock |rlock |mutex=
 | wsem | rsem |
[    0.000000]                                  | spin |wlock |rlock |mutex=
 | wsem | rsem |
[    0.000000]   ----------------------------------------------------------=
----------------
[    0.000000]   ----------------------------------------------------------=
----------------
[    0.000000]                      A-A deadlock:
[    0.000000]                      A-A deadlock:failed|failed|failed|faile=
d|  ok  |  ok  |failed|failed|failed|failed|failed|failed|

[    0.000000]                  A-B-B-A deadlock:
[    0.000000]                  A-B-B-A deadlock:failed|failed|failed|faile=
d|  ok  |  ok  |failed|failed|failed|failed|failed|failed|

[    0.000000]              A-B-B-C-C-A deadlock:
[    0.000000]              A-B-B-C-C-A deadlock:failed|failed|failed|faile=
d|  ok  |  ok  |failed|failed|failed|failed|failed|failed|

[    0.000000]              A-B-C-A-B-C deadlock:
[    0.000000]              A-B-C-A-B-C deadlock:failed|failed|failed|faile=
d|  ok  |  ok  |failed|failed|failed|failed|failed|failed|

[    0.000000]          A-B-B-C-C-D-D-A deadlock:
[    0.000000]          A-B-B-C-C-D-D-A deadlock:failed|failed|failed|faile=
d|  ok  |  ok  |failed|failed|failed|failed|failed|failed|

[    0.000000]          A-B-C-D-B-D-D-A deadlock:
[    0.000000]          A-B-C-D-B-D-D-A deadlock:failed|failed|failed|faile=
d|  ok  |  ok  |failed|failed|failed|failed|failed|failed|

[    0.000000]          A-B-C-D-B-C-D-A deadlock:
[    0.000000]          A-B-C-D-B-C-D-A deadlock:failed|failed|failed|faile=
d|  ok  |  ok  |failed|failed|failed|failed|failed|failed|

[    0.000000]                     double unlock:
[    0.000000]                     double unlock:  ok  |  ok  |  ok  |  ok =
 |  ok  |  ok  |  ok  |  ok  |  ok  |  ok  |  ok  |  ok  |

[    0.000000]                   initialize held:
[    0.000000]                   initialize held:  ok  |  ok  |  ok  |  ok =
 |  ok  |  ok  |  ok  |  ok  |  ok  |  ok  |  ok  |  ok  |

[    0.000000]                  bad unlock order:
[    0.000000]                  bad unlock order:  ok  |  ok  |  ok  |  ok =
 |  ok  |  ok  |  ok  |  ok  |  ok  |  ok  |  ok  |  ok  |

[    0.000000]   ----------------------------------------------------------=
----------------
[    0.000000]   ----------------------------------------------------------=
----------------
[    0.000000]               recursive read-lock:
[    0.000000]               recursive read-lock:             |            =
 |  ok  |  ok  |             |             |failed|failed|

[    0.000000]            recursive read-lock #2:
[    0.000000]            recursive read-lock #2:             |            =
 |  ok  |  ok  |             |             |failed|failed|

[    0.000000]             mixed read-write-lock:
[    0.000000]             mixed read-write-lock:             |            =
 |failed|failed|             |             |failed|failed|

[    0.000000]             mixed write-read-lock:
[    0.000000]             mixed write-read-lock:             |            =
 |failed|failed|             |             |failed|failed|

[    0.000000]   ----------------------------------------------------------=
----------------
[    0.000000]   ----------------------------------------------------------=
----------------
[    0.000000]      hard-irqs-on + irq-safe-A/12:
[    0.000000]      hard-irqs-on + irq-safe-A/12:failed|failed|failed|faile=
d|  ok  |  ok  |

[    0.000000]      soft-irqs-on + irq-safe-A/12:
[    0.000000]      soft-irqs-on + irq-safe-A/12:failed|failed|failed|faile=
d|  ok  |  ok  |

[    0.000000]      hard-irqs-on + irq-safe-A/21:
[    0.000000]      hard-irqs-on + irq-safe-A/21:failed|failed|failed|faile=
d|  ok  |  ok  |

[    0.000000]      soft-irqs-on + irq-safe-A/21:
[    0.000000]      soft-irqs-on + irq-safe-A/21:failed|failed|failed|faile=
d|  ok  |  ok  |

[    0.000000]        sirq-safe-A =3D> hirqs-on/12:
[    0.000000]        sirq-safe-A =3D> hirqs-on/12:failed|failed|failed|fai=
led|  ok  |  ok  |

[    0.000000]        sirq-safe-A =3D> hirqs-on/21:
[    0.000000]        sirq-safe-A =3D> hirqs-on/21:failed|failed|failed|fai=
led|  ok  |  ok  |

[    0.000000]          hard-safe-A + irqs-on/12:
[    0.000000]          hard-safe-A + irqs-on/12:failed|failed|failed|faile=
d|  ok  |  ok  |

[    0.000000]          soft-safe-A + irqs-on/12:
[    0.000000]          soft-safe-A + irqs-on/12:failed|failed|failed|faile=
d|  ok  |  ok  |

[    0.000000]          hard-safe-A + irqs-on/21:
[    0.000000]          hard-safe-A + irqs-on/21:failed|failed|failed|faile=
d|  ok  |  ok  |

[    0.000000]          soft-safe-A + irqs-on/21:
[    0.000000]          soft-safe-A + irqs-on/21:failed|failed|failed|faile=
d|  ok  |  ok  |

[    0.000000]     hard-safe-A + unsafe-B #1/123:
[    0.000000]     hard-safe-A + unsafe-B #1/123:failed|failed|failed|faile=
d|  ok  |  ok  |

[    0.000000]     soft-safe-A + unsafe-B #1/123:
[    0.000000]     soft-safe-A + unsafe-B #1/123:failed|failed|failed|faile=
d|  ok  |  ok  |

[    0.000000]     hard-safe-A + unsafe-B #1/132:
[    0.000000]     hard-safe-A + unsafe-B #1/132:failed|failed|failed|faile=
d|  ok  |  ok  |

[    0.000000]     soft-safe-A + unsafe-B #1/132:
[    0.000000]     soft-safe-A + unsafe-B #1/132:failed|failed|failed|faile=
d|  ok  |  ok  |

[    0.000000]     hard-safe-A + unsafe-B #1/213:
[    0.000000]     hard-safe-A + unsafe-B #1/213:failed|failed|failed|faile=
d|  ok  |  ok  |

[    0.000000]     soft-safe-A + unsafe-B #1/213:
[    0.000000]     soft-safe-A + unsafe-B #1/213:failed|failed|failed|faile=
d|  ok  |  ok  |

[    0.000000]     hard-safe-A + unsafe-B #1/231:
[    0.000000]     hard-safe-A + unsafe-B #1/231:failed|failed|failed|faile=
d|  ok  |  ok  |

[    0.000000]     soft-safe-A + unsafe-B #1/231:
[    0.000000]     soft-safe-A + unsafe-B #1/231:failed|failed|failed|faile=
d|  ok  |  ok  |

[    0.000000]     hard-safe-A + unsafe-B #1/312:
[    0.000000]     hard-safe-A + unsafe-B #1/312:failed|failed|failed|faile=
d|  ok  |  ok  |

[    0.000000]     soft-safe-A + unsafe-B #1/312:
[    0.000000]     soft-safe-A + unsafe-B #1/312:failed|failed|failed|faile=
d|  ok  |  ok  |

[    0.000000]     hard-safe-A + unsafe-B #1/321:
[    0.000000]     hard-safe-A + unsafe-B #1/321:failed|failed|failed|faile=
d|  ok  |  ok  |

[    0.000000]     soft-safe-A + unsafe-B #1/321:
[    0.000000]     soft-safe-A + unsafe-B #1/321:failed|failed|failed|faile=
d|  ok  |  ok  |

[    0.000000]     hard-safe-A + unsafe-B #2/123:
[    0.000000]     hard-safe-A + unsafe-B #2/123:failed|failed|failed|faile=
d|  ok  |  ok  |

[    0.000000]     soft-safe-A + unsafe-B #2/123:
[    0.000000]     soft-safe-A + unsafe-B #2/123:failed|failed|failed|faile=
d|  ok  |  ok  |

[    0.000000]     hard-safe-A + unsafe-B #2/132:
[    0.000000]     hard-safe-A + unsafe-B #2/132:failed|failed|failed|faile=
d|  ok  |  ok  |

[    0.000000]     soft-safe-A + unsafe-B #2/132:
[    0.000000]     soft-safe-A + unsafe-B #2/132:failed|failed|failed|faile=
d|  ok  |  ok  |

[    0.000000]     hard-safe-A + unsafe-B #2/213:
[    0.000000]     hard-safe-A + unsafe-B #2/213:failed|failed|failed|faile=
d|  ok  |  ok  |

[    0.000000]     soft-safe-A + unsafe-B #2/213:
[    0.000000]     soft-safe-A + unsafe-B #2/213:failed|failed|failed|faile=
d|  ok  |  ok  |

[    0.000000]     hard-safe-A + unsafe-B #2/231:
[    0.000000]     hard-safe-A + unsafe-B #2/231:failed|failed|failed|faile=
d|  ok  |  ok  |

[    0.000000]     soft-safe-A + unsafe-B #2/231:
[    0.000000]     soft-safe-A + unsafe-B #2/231:failed|failed|failed|faile=
d|  ok  |  ok  |

[    0.000000]     hard-safe-A + unsafe-B #2/312:
[    0.000000]     hard-safe-A + unsafe-B #2/312:failed|failed|failed|faile=
d|  ok  |  ok  |

[    0.000000]     soft-safe-A + unsafe-B #2/312:
[    0.000000]     soft-safe-A + unsafe-B #2/312:failed|failed|failed|faile=
d|  ok  |  ok  |

[    0.000000]     hard-safe-A + unsafe-B #2/321:
[    0.000000]     hard-safe-A + unsafe-B #2/321:failed|failed|failed|faile=
d|  ok  |  ok  |

[    0.000000]     soft-safe-A + unsafe-B #2/321:
[    0.000000]     soft-safe-A + unsafe-B #2/321:failed|failed|failed|faile=
d|  ok  |  ok  |

[    0.000000]       hard-irq lock-inversion/123:
[    0.000000]       hard-irq lock-inversion/123:failed|failed|failed|faile=
d|  ok  |  ok  |

[    0.000000]       soft-irq lock-inversion/123:
[    0.000000]       soft-irq lock-inversion/123:failed|failed|failed|faile=
d|  ok  |  ok  |

[    0.000000]       hard-irq lock-inversion/132:
[    0.000000]       hard-irq lock-inversion/132:failed|failed|failed|faile=
d|  ok  |  ok  |

[    0.000000]       soft-irq lock-inversion/132:
[    0.000000]       soft-irq lock-inversion/132:failed|failed|failed|faile=
d|  ok  |  ok  |

[    0.000000]       hard-irq lock-inversion/213:
[    0.000000]       hard-irq lock-inversion/213:failed|failed|failed|faile=
d|  ok  |  ok  |

[    0.000000]       soft-irq lock-inversion/213:
[    0.000000]       soft-irq lock-inversion/213:failed|failed|failed|faile=
d|  ok  |  ok  |

[    0.000000]       hard-irq lock-inversion/231:
[    0.000000]       hard-irq lock-inversion/231:failed|failed|failed|faile=
d|  ok  |  ok  |

[    0.000000]       soft-irq lock-inversion/231:
[    0.000000]       soft-irq lock-inversion/231:failed|failed|failed|faile=
d|  ok  |  ok  |

[    0.000000]       hard-irq lock-inversion/312:
[    0.000000]       hard-irq lock-inversion/312:failed|failed|failed|faile=
d|  ok  |  ok  |

[    0.000000]       soft-irq lock-inversion/312:
[    0.000000]       soft-irq lock-inversion/312:failed|failed|failed|faile=
d|  ok  |  ok  |

[    0.000000]       hard-irq lock-inversion/321:
[    0.000000]       hard-irq lock-inversion/321:failed|failed|failed|faile=
d|  ok  |  ok  |

[    0.000000]       soft-irq lock-inversion/321:
[    0.000000]       soft-irq lock-inversion/321:failed|failed|failed|faile=
d|  ok  |  ok  |

[    0.000000]       hard-irq read-recursion/123:
[    0.000000]       hard-irq read-recursion/123:  ok  |  ok  |

[    0.000000]       soft-irq read-recursion/123:
[    0.000000]       soft-irq read-recursion/123:  ok  |  ok  |

[    0.000000]       hard-irq read-recursion/132:
[    0.000000]       hard-irq read-recursion/132:  ok  |  ok  |

[    0.000000]       soft-irq read-recursion/132:
[    0.000000]       soft-irq read-recursion/132:  ok  |  ok  |

[    0.000000]       hard-irq read-recursion/213:
[    0.000000]       hard-irq read-recursion/213:  ok  |  ok  |

[    0.000000]       soft-irq read-recursion/213:
[    0.000000]       soft-irq read-recursion/213:  ok  |  ok  |

[    0.000000]       hard-irq read-recursion/231:
[    0.000000]       hard-irq read-recursion/231:  ok  |  ok  |

[    0.000000]       soft-irq read-recursion/231:
[    0.000000]       soft-irq read-recursion/231:  ok  |  ok  |

[    0.000000]       hard-irq read-recursion/312:
[    0.000000]       hard-irq read-recursion/312:  ok  |  ok  |

[    0.000000]       soft-irq read-recursion/312:
[    0.000000]       soft-irq read-recursion/312:  ok  |  ok  |

[    0.000000]       hard-irq read-recursion/321:
[    0.000000]       hard-irq read-recursion/321:  ok  |  ok  |

[    0.000000]       soft-irq read-recursion/321:
[    0.000000]       soft-irq read-recursion/321:  ok  |  ok  |

[    0.000000]   ----------------------------------------------------------=
----------------
[    0.000000]   ----------------------------------------------------------=
----------------
[    0.000000]   | Wound/wait tests |
[    0.000000]   | Wound/wait tests |
[    0.000000]   ---------------------
[    0.000000]   ---------------------
[    0.000000]                   ww api failures:
[    0.000000]                   ww api failures:  ok  |  ok  |  ok  |  ok =
 |  ok  |  ok  |

[    0.000000]                ww contexts mixing:
[    0.000000]                ww contexts mixing:failed|failed|  ok  |  ok =
 |

[    0.000000]              finishing ww context:
[    0.000000]              finishing ww context:  ok  |  ok  |  ok  |  ok =
 |  ok  |  ok  |  ok  |  ok  |

[    0.000000]                locking mismatches:
[    0.000000]                locking mismatches:  ok  |  ok  |  ok  |  ok =
 |  ok  |  ok  |

[    0.000000]                  EDEADLK handling:
[    0.000000]                  EDEADLK handling:  ok  |  ok  |  ok  |  ok =
 |  ok  |  ok  |  ok  |  ok  |  ok  |  ok  |  ok  |  ok  |  ok  |  ok  |  o=
k  |  ok  |  ok  |  ok  |  ok  |  ok  |

[    0.000000]            spinlock nest unlocked:
[    0.000000]            spinlock nest unlocked:  ok  |  ok  |

[    0.000000]   -----------------------------------------------------
[    0.000000]   -----------------------------------------------------
[    0.000000]                                  |block | try  |context|
[    0.000000]                                  |block | try  |context|
[    0.000000]   -----------------------------------------------------
[    0.000000]   -----------------------------------------------------
[    0.000000]                           context:
[    0.000000]                           context:failed|failed|  ok  |  ok =
 |  ok  |  ok  |

[    0.000000]                               try:
[    0.000000]                               try:failed|failed|  ok  |  ok =
 |failed|failed|

[    0.000000]                             block:
[    0.000000]                             block:failed|failed|  ok  |  ok =
 |failed|failed|

[    0.000000]                          spinlock:
[    0.000000]                          spinlock:failed|failed|  ok  |  ok =
 |failed|failed|

[    0.000000] --------------------------------------------------------
[    0.000000] --------------------------------------------------------
[    0.000000] 141 out of 253 testcases failed, as expected. |
[    0.000000] 141 out of 253 testcases failed, as expected. |
[    0.000000] ----------------------------------------------------
[    0.000000] ----------------------------------------------------
[    0.000000] hpet clockevent registered
[    0.000000] hpet clockevent registered
[    0.000000] tsc: Detected 2925.998 MHz processor
[    0.000000] tsc: Detected 2925.998 MHz processor
[    0.004000] Calibrating delay loop (skipped) preset value..=20
[    0.004000] Calibrating delay loop (skipped) preset value.. 5851.99 Bogo=
MIPS (lpj=3D2925998)
5851.99 BogoMIPS (lpj=3D2925998)
[    0.005012] pid_max: default: 32768 minimum: 301
[    0.005012] pid_max: default: 32768 minimum: 301
[    0.006048] ACPI: Core revision 20140926
[    0.006048] ACPI: Core revision 20140926
[    0.014404] ACPI:=20
[    0.014404] ACPI: All ACPI Tables successfully acquiredAll ACPI Tables s=
uccessfully acquired

[    0.015139] Security Framework initialized
[    0.015139] Security Framework initialized
[    0.016047] Mount-cache hash table entries: 1024 (order: 0, 4096 bytes)
[    0.016047] Mount-cache hash table entries: 1024 (order: 0, 4096 bytes)
[    0.017015] Mountpoint-cache hash table entries: 1024 (order: 0, 4096 by=
tes)
[    0.017015] Mountpoint-cache hash table entries: 1024 (order: 0, 4096 by=
tes)
[    0.018685] Initializing cgroup subsys devices
[    0.018685] Initializing cgroup subsys devices
[    0.019030] Initializing cgroup subsys perf_event
[    0.019030] Initializing cgroup subsys perf_event
[    0.020018] Initializing cgroup subsys debug
[    0.020018] Initializing cgroup subsys debug
[    0.021120] Last level iTLB entries: 4KB 0, 2MB 0, 4MB 0
[    0.021120] Last level dTLB entries: 4KB 0, 2MB 0, 4MB 0, 1GB 0
[    0.021120] Last level iTLB entries: 4KB 0, 2MB 0, 4MB 0
[    0.021120] Last level dTLB entries: 4KB 0, 2MB 0, 4MB 0, 1GB 0
[    0.023134] debug: unmapping init [mem 0xb2722000-0xb2725fff]
[    0.023134] debug: unmapping init [mem 0xb2722000-0xb2725fff]
[    0.029464] Getting VERSION: 1050014
[    0.029464] Getting VERSION: 1050014
[    0.030018] Getting VERSION: 1050014
[    0.030018] Getting VERSION: 1050014
[    0.031016] Getting ID: 0
[    0.031016] Getting ID: 0
[    0.031695] Getting ID: f000000
[    0.031695] Getting ID: f000000
[    0.032022] Getting LVT0: 8700
[    0.032022] Getting LVT0: 8700
[    0.033015] Getting LVT1: 8400
[    0.033015] Getting LVT1: 8400
[    0.034010] Enabling APIC mode:  Flat.  Using 1 I/O APICs
[    0.034010] Enabling APIC mode:  Flat.  Using 1 I/O APICs
[    0.035087] enabled ExtINT on CPU#0
[    0.035087] enabled ExtINT on CPU#0
[    0.037909] ENABLING IO-APIC IRQs
[    0.037909] ENABLING IO-APIC IRQs
[    0.038033] init IO_APIC IRQs
[    0.038033] init IO_APIC IRQs
[    0.039024]  apic 0 pin 0 not connected
[    0.039024]  apic 0 pin 0 not connected
[    0.040045] IOAPIC[0]: Set routing entry (0-1 -> 0x31 -> IRQ 1 Mode:0 Ac=
tive:0 Dest:1)
[    0.040045] IOAPIC[0]: Set routing entry (0-1 -> 0x31 -> IRQ 1 Mode:0 Ac=
tive:0 Dest:1)
[    0.041043] IOAPIC[0]: Set routing entry (0-2 -> 0x30 -> IRQ 0 Mode:0 Ac=
tive:0 Dest:1)
[    0.041043] IOAPIC[0]: Set routing entry (0-2 -> 0x30 -> IRQ 0 Mode:0 Ac=
tive:0 Dest:1)
[    0.042040] IOAPIC[0]: Set routing entry (0-2 -> 0x30 -> IRQ 0 Mode:0 Ac=
tive:0 Dest:1)
[    0.042040] IOAPIC[0]: Set routing entry (0-2 -> 0x30 -> IRQ 0 Mode:0 Ac=
tive:0 Dest:1)
[    0.043043] IOAPIC[0]: Set routing entry (0-3 -> 0x33 -> IRQ 3 Mode:0 Ac=
tive:0 Dest:1)
[    0.043043] IOAPIC[0]: Set routing entry (0-3 -> 0x33 -> IRQ 3 Mode:0 Ac=
tive:0 Dest:1)
[    0.044036] IOAPIC[0]: Set routing entry (0-4 -> 0x34 -> IRQ 4 Mode:0 Ac=
tive:0 Dest:1)
[    0.044036] IOAPIC[0]: Set routing entry (0-4 -> 0x34 -> IRQ 4 Mode:0 Ac=
tive:0 Dest:1)
[    0.045037] IOAPIC[0]: Set routing entry (0-5 -> 0x35 -> IRQ 5 Mode:1 Ac=
tive:0 Dest:1)
[    0.045037] IOAPIC[0]: Set routing entry (0-5 -> 0x35 -> IRQ 5 Mode:1 Ac=
tive:0 Dest:1)
[    0.046038] IOAPIC[0]: Set routing entry (0-6 -> 0x36 -> IRQ 6 Mode:0 Ac=
tive:0 Dest:1)
[    0.046038] IOAPIC[0]: Set routing entry (0-6 -> 0x36 -> IRQ 6 Mode:0 Ac=
tive:0 Dest:1)
[    0.047039] IOAPIC[0]: Set routing entry (0-7 -> 0x37 -> IRQ 7 Mode:0 Ac=
tive:0 Dest:1)
[    0.047039] IOAPIC[0]: Set routing entry (0-7 -> 0x37 -> IRQ 7 Mode:0 Ac=
tive:0 Dest:1)
[    0.048039] IOAPIC[0]: Set routing entry (0-8 -> 0x38 -> IRQ 8 Mode:0 Ac=
tive:0 Dest:1)
[    0.048039] IOAPIC[0]: Set routing entry (0-8 -> 0x38 -> IRQ 8 Mode:0 Ac=
tive:0 Dest:1)
[    0.049036] IOAPIC[0]: Set routing entry (0-9 -> 0x39 -> IRQ 9 Mode:1 Ac=
tive:0 Dest:1)
[    0.049036] IOAPIC[0]: Set routing entry (0-9 -> 0x39 -> IRQ 9 Mode:1 Ac=
tive:0 Dest:1)
[    0.050091] IOAPIC[0]: Set routing entry (0-10 -> 0x3a -> IRQ 10 Mode:1 =
Active:0 Dest:1)
[    0.050091] IOAPIC[0]: Set routing entry (0-10 -> 0x3a -> IRQ 10 Mode:1 =
Active:0 Dest:1)
[    0.051039] IOAPIC[0]: Set routing entry (0-11 -> 0x3b -> IRQ 11 Mode:1 =
Active:0 Dest:1)
[    0.051039] IOAPIC[0]: Set routing entry (0-11 -> 0x3b -> IRQ 11 Mode:1 =
Active:0 Dest:1)
[    0.053013] IOAPIC[0]: Set routing entry (0-12 -> 0x3c -> IRQ 12 Mode:0 =
Active:0 Dest:1)
[    0.053013] IOAPIC[0]: Set routing entry (0-12 -> 0x3c -> IRQ 12 Mode:0 =
Active:0 Dest:1)
[    0.054039] IOAPIC[0]: Set routing entry (0-13 -> 0x3d -> IRQ 13 Mode:0 =
Active:0 Dest:1)
[    0.054039] IOAPIC[0]: Set routing entry (0-13 -> 0x3d -> IRQ 13 Mode:0 =
Active:0 Dest:1)
[    0.055039] IOAPIC[0]: Set routing entry (0-14 -> 0x3e -> IRQ 14 Mode:0 =
Active:0 Dest:1)
[    0.055039] IOAPIC[0]: Set routing entry (0-14 -> 0x3e -> IRQ 14 Mode:0 =
Active:0 Dest:1)
[    0.056037] IOAPIC[0]: Set routing entry (0-15 -> 0x3f -> IRQ 15 Mode:0 =
Active:0 Dest:1)
[    0.056037] IOAPIC[0]: Set routing entry (0-15 -> 0x3f -> IRQ 15 Mode:0 =
Active:0 Dest:1)
[    0.058029]  apic 0 pin 16 not connected
[    0.058029]  apic 0 pin 16 not connected
[    0.059020]  apic 0 pin 17 not connected
[    0.059020]  apic 0 pin 17 not connected
[    0.060008]  apic 0 pin 18 not connected
[    0.060008]  apic 0 pin 18 not connected
[    0.061008]  apic 0 pin 19 not connected
[    0.061008]  apic 0 pin 19 not connected
[    0.062007]  apic 0 pin 20 not connected
[    0.062007]  apic 0 pin 20 not connected
[    0.063007]  apic 0 pin 21 not connected
[    0.063007]  apic 0 pin 21 not connected
[    0.064010]  apic 0 pin 22 not connected
[    0.064010]  apic 0 pin 22 not connected
[    0.065008]  apic 0 pin 23 not connected
[    0.065008]  apic 0 pin 23 not connected
[    0.066170] ..TIMER: vector=3D0x30 apic1=3D0 pin1=3D2 apic2=3D-1 pin2=3D=
-1
[    0.066170] ..TIMER: vector=3D0x30 apic1=3D0 pin1=3D2 apic2=3D-1 pin2=3D=
-1
[    0.067009] smpboot: CPU0:=20
[    0.067009] smpboot: CPU0: Intel Intel Common KVM processorCommon KVM pr=
ocessor (fam: 0f, model: 06 (fam: 0f, model: 06, stepping: 01)
, stepping: 01)
[    0.070007] Using local APIC timer interrupts.
[    0.070007] calibrating APIC timer ...
[    0.070007] Using local APIC timer interrupts.
[    0.070007] calibrating APIC timer ...
[    0.072000] ... lapic delta =3D 6249753
[    0.072000] ... lapic delta =3D 6249753
[    0.072000] ... PM-Timer delta =3D 357940
[    0.072000] ... PM-Timer delta =3D 357940
[    0.072000] ... PM-Timer result ok
[    0.072000] ... PM-Timer result ok
[    0.072000] ..... delta 6249753
[    0.072000] ..... delta 6249753
[    0.072000] ..... mult: 268424847
[    0.072000] ..... mult: 268424847
[    0.072000] ..... calibration result: 999960
[    0.072000] ..... calibration result: 999960
[    0.072000] ..... CPU clock speed is 2925.0870 MHz.
[    0.072000] ..... CPU clock speed is 2925.0870 MHz.
[    0.072000] ..... host bus clock speed is 999.0960 MHz.
[    0.072000] ..... host bus clock speed is 999.0960 MHz.
[    0.072138] Performance Events:=20
[    0.072138] Performance Events: unsupported Netburst CPU model 6 unsuppo=
rted Netburst CPU model 6 no PMU driver, software events only.
no PMU driver, software events only.
[    0.076756]=20
[    0.076756] **********************************************************
[    0.076756]=20
[    0.076756] **********************************************************
[    0.077006] **   NOTICE NOTICE NOTICE NOTICE NOTICE NOTICE NOTICE   **
[    0.077006] **   NOTICE NOTICE NOTICE NOTICE NOTICE NOTICE NOTICE   **
[    0.078005] **                                                      **
[    0.078005] **                                                      **
[    0.079006] ** trace_printk() being used. Allocating extra memory.  **
[    0.079006] ** trace_printk() being used. Allocating extra memory.  **
[    0.080005] **                                                      **
[    0.080005] **                                                      **
[    0.081005] ** This means that this is a DEBUG kernel and it is     **
[    0.081005] ** This means that this is a DEBUG kernel and it is     **
[    0.082005] ** unsafe for produciton use.                           **
[    0.082005] ** unsafe for produciton use.                           **
[    0.083005] **                                                      **
[    0.083005] **                                                      **
[    0.084005] ** If you see this message and you are not debugging    **
[    0.084005] ** If you see this message and you are not debugging    **
[    0.085005] ** the kernel, report this immediately to your vendor!  **
[    0.085005] ** the kernel, report this immediately to your vendor!  **
[    0.086005] **                                                      **
[    0.086005] **                                                      **
[    0.087005] **   NOTICE NOTICE NOTICE NOTICE NOTICE NOTICE NOTICE   **
[    0.087005] **   NOTICE NOTICE NOTICE NOTICE NOTICE NOTICE NOTICE   **
[    0.088005] **********************************************************
[    0.088005] **********************************************************
[    0.092415] Testing tracer nop:=20
[    0.092415] Testing tracer nop: PASSED
PASSED
[    0.094728] CPU 1 irqstacks, hard=3Dc1fa6000 soft=3Dc1fb8000
[    0.094728] CPU 1 irqstacks, hard=3Dc1fa6000 soft=3Dc1fb8000
[    0.095006] x86: Booting SMP configuration:
[    0.095006] x86: Booting SMP configuration:
[    0.096007] .... node  #0, CPUs: =20
[    0.096007] .... node  #0, CPUs:         #1 #1
[    0.003000] Initializing CPU#1
[    0.004000] kvm-clock: cpu 1, msr 0:13fdf041, secondary cpu clock
[    0.004000] masked ExtINT on CPU#1
[    0.121163] x86: Booted up 1 node, 2 CPUs
[    0.121163] x86: Booted up 1 node, 2 CPUs
[    0.121123] KVM setup async PF for cpu 1
[    0.121123] KVM setup async PF for cpu 1
[    0.121123] kvm-stealtime: cpu 1, msr 12506680
[    0.121123] kvm-stealtime: cpu 1, msr 12506680
[    0.124016] ----------------
[    0.124016] ----------------
[    0.125005] | NMI testsuite:
[    0.125005] | NMI testsuite:
[    0.126005] --------------------
[    0.126005] --------------------
[    0.127006]   remote IPI:
[    0.127006]   remote IPI:  ok  |  ok  |

[    0.140543]    local IPI:
[    0.140543]    local IPI:  ok  |  ok  |

[    0.152045] --------------------
[    0.152045] --------------------
[    0.153012] Good, all   2 testcases passed! |
[    0.153012] Good, all   2 testcases passed! |
[    0.154022] ---------------------------------
[    0.154022] ---------------------------------
[    0.155014] smpboot: Total of 2 processors activated (11703.99 BogoMIPS)
[    0.155014] smpboot: Total of 2 processors activated (11703.99 BogoMIPS)
[    0.158077] devtmpfs: initialized
[    0.158077] devtmpfs: initialized
[    0.159815] gcov: version magic: 0x3430392a
[    0.159815] gcov: version magic: 0x3430392a
[    0.188779] Testing tracer wakeup:=20
[    0.188779] Testing tracer wakeup:=20

[    0.242184] ftrace-test (18) used greatest stack depth: 7344 bytes left
[    0.242184] ftrace-test (18) used greatest stack depth: 7344 bytes left
[    0.262399] PASSED
[    0.262399] PASSED
[    0.280012] Testing tracer wakeup_rt:=20
[    0.280012] Testing tracer wakeup_rt: PASSED
PASSED
[    0.372503] Testing tracer wakeup_dl:=20
[    0.372503] Testing tracer wakeup_dl: PASSED
PASSED
[    0.463033] Testing tracer branch:=20
[    0.463033] Testing tracer branch: PASSED
PASSED
[    0.629116] prandom: seed boundary self test passed
[    0.629116] prandom: seed boundary self test passed
[    0.629564] prandom: 100 self tests passed
[    0.629564] prandom: 100 self tests passed
[    0.629564] atomic64_test: passed for i386+ platform with CX8 and with S=
SE
[    0.629564] atomic64_test: passed for i386+ platform with CX8 and with S=
SE
[    0.629564] pinctrl core: initialized pinctrl subsystem
[    0.629564] pinctrl core: initialized pinctrl subsystem
[    0.629564] regulator-dummy: no parameters
[    0.629564] regulator-dummy: no parameters
[    0.629564] NET: Registered protocol family 16
[    0.629564] NET: Registered protocol family 16
[    0.635027] cpuidle: using governor ladder
[    0.635027] cpuidle: using governor ladder
[    0.641024] cpuidle: using governor menu
[    0.641024] cpuidle: using governor menu
[    0.660313] ACPI: bus type PCI registered
[    0.660313] ACPI: bus type PCI registered
[    0.661014] acpiphp: ACPI Hot Plug PCI Controller Driver version: 0.5
[    0.661014] acpiphp: ACPI Hot Plug PCI Controller Driver version: 0.5
[    0.663150] PCI: Using configuration type 1 for base access
[    0.663150] PCI: Using configuration type 1 for base access
[    0.698503] Running resizable hashtable tests...
[    0.698503] Running resizable hashtable tests...
[    0.701024]   Adding 2048 keys
[    0.701024]   Adding 2048 keys
[    0.837289]   Traversal complete: counted=3D2048, nelems=3D2048, entries=
=3D2048
[    0.837289]   Traversal complete: counted=3D2048, nelems=3D2048, entries=
=3D2048
[    0.839402]   Table expansion iteration 0...
[    0.839402]   Table expansion iteration 0...
[    0.868060]   Verifying lookups...
[    0.868060]   Verifying lookups...
[    0.869380]   Table expansion iteration 1...
[    0.869380]   Table expansion iteration 1...
[    0.888081]   Verifying lookups...
[    0.888081]   Verifying lookups...
[    0.889375]   Table expansion iteration 2...
[    0.889375]   Table expansion iteration 2...
[    0.908149]   Verifying lookups...
[    0.908149]   Verifying lookups...
[    0.909384]   Table expansion iteration 3...
[    0.909384]   Table expansion iteration 3...
[    0.922251]   Verifying lookups...
[    0.922251]   Verifying lookups...
[    0.923453]   Table shrinkage iteration 0...
[    0.923453]   Table shrinkage iteration 0...
[    0.929076]   Verifying lookups...
[    0.929076]   Verifying lookups...
[    0.929457]   Table shrinkage iteration 1...
[    0.929457]   Table shrinkage iteration 1...
[    0.935056]   Verifying lookups...
[    0.935056]   Verifying lookups...
[    0.936476]   Table shrinkage iteration 2...
[    0.936476]   Table shrinkage iteration 2...
[    0.943052]   Verifying lookups...
[    0.943052]   Verifying lookups...
[    0.944510]   Table shrinkage iteration 3...
[    0.944510]   Table shrinkage iteration 3...
[    0.955053]   Verifying lookups...
[    0.955053]   Verifying lookups...
[    0.956460]   Deleting 2048 keys
[    0.956460]   Deleting 2048 keys
[    1.024389] ACPI: Added _OSI(Module Device)
[    1.024389] ACPI: Added _OSI(Module Device)
[    1.025019] ACPI: Added _OSI(Processor Device)
[    1.025019] ACPI: Added _OSI(Processor Device)
[    1.027011] ACPI: Added _OSI(3.0 _SCP Extensions)
[    1.027011] ACPI: Added _OSI(3.0 _SCP Extensions)
[    1.028009] ACPI: Added _OSI(Processor Aggregator Device)
[    1.028009] ACPI: Added _OSI(Processor Aggregator Device)
[    1.055060] ACPI: Interpreter enabled
[    1.055060] ACPI: Interpreter enabled
[    1.057030] ACPI: (supports S0 S5)
[    1.057030] ACPI: (supports S0 S5)
[    1.059008] ACPI: Using IOAPIC for interrupt routing
[    1.059008] ACPI: Using IOAPIC for interrupt routing
[    1.062099] PCI: Using host bridge windows from ACPI; if necessary, use =
"pci=3Dnocrs" and report a bug
[    1.062099] PCI: Using host bridge windows from ACPI; if necessary, use =
"pci=3Dnocrs" and report a bug
[    1.111697] ACPI: PCI Root Bridge [PCI0] (domain 0000 [bus 00-ff])
[    1.111697] ACPI: PCI Root Bridge [PCI0] (domain 0000 [bus 00-ff])
[    1.113019] acpi PNP0A03:00: _OSC: OS supports [ASPM ClockPM Segments MS=
I]
[    1.113019] acpi PNP0A03:00: _OSC: OS supports [ASPM ClockPM Segments MS=
I]
[    1.115055] acpi PNP0A03:00: _OSC failed (AE_NOT_FOUND); disabling ASPM
[    1.115055] acpi PNP0A03:00: _OSC failed (AE_NOT_FOUND); disabling ASPM
[    1.117456] acpi PNP0A03:00: fail to add MMCONFIG information, can't acc=
ess extended PCI configuration space under this bridge.
[    1.117456] acpi PNP0A03:00: fail to add MMCONFIG information, can't acc=
ess extended PCI configuration space under this bridge.
[    1.121008] acpiphp: Slot [3] registered
[    1.121008] acpiphp: Slot [3] registered
[    1.122135] acpiphp: Slot [4] registered
[    1.122135] acpiphp: Slot [4] registered
[    1.123155] acpiphp: Slot [5] registered
[    1.123155] acpiphp: Slot [5] registered
[    1.124126] acpiphp: Slot [6] registered
[    1.124126] acpiphp: Slot [6] registered
[    1.126129] acpiphp: Slot [7] registered
[    1.126129] acpiphp: Slot [7] registered
[    1.127136] acpiphp: Slot [8] registered
[    1.127136] acpiphp: Slot [8] registered
[    1.128128] acpiphp: Slot [9] registered
[    1.128128] acpiphp: Slot [9] registered
[    1.129129] acpiphp: Slot [10] registered
[    1.129129] acpiphp: Slot [10] registered
[    1.130142] acpiphp: Slot [11] registered
[    1.130142] acpiphp: Slot [11] registered
[    1.131157] acpiphp: Slot [12] registered
[    1.131157] acpiphp: Slot [12] registered
[    1.133143] acpiphp: Slot [13] registered
[    1.133143] acpiphp: Slot [13] registered
[    1.134130] acpiphp: Slot [14] registered
[    1.134130] acpiphp: Slot [14] registered
[    1.135130] acpiphp: Slot [15] registered
[    1.135130] acpiphp: Slot [15] registered
[    1.136123] acpiphp: Slot [16] registered
[    1.136123] acpiphp: Slot [16] registered
[    1.138120] acpiphp: Slot [17] registered
[    1.138120] acpiphp: Slot [17] registered
[    1.139130] acpiphp: Slot [18] registered
[    1.139130] acpiphp: Slot [18] registered
[    1.140100] acpiphp: Slot [19] registered
[    1.140100] acpiphp: Slot [19] registered
[    1.141129] acpiphp: Slot [20] registered
[    1.141129] acpiphp: Slot [20] registered
[    1.142154] acpiphp: Slot [21] registered
[    1.142154] acpiphp: Slot [21] registered
[    1.144126] acpiphp: Slot [22] registered
[    1.144126] acpiphp: Slot [22] registered
[    1.145006] acpiphp: Slot [23] registered
[    1.145006] acpiphp: Slot [23] registered
[    1.146138] acpiphp: Slot [24] registered
[    1.146138] acpiphp: Slot [24] registered
[    1.147168] acpiphp: Slot [25] registered
[    1.147168] acpiphp: Slot [25] registered
[    1.148158] acpiphp: Slot [26] registered
[    1.148158] acpiphp: Slot [26] registered
[    1.150128] acpiphp: Slot [27] registered
[    1.150128] acpiphp: Slot [27] registered
[    1.151125] acpiphp: Slot [28] registered
[    1.151125] acpiphp: Slot [28] registered
[    1.152140] acpiphp: Slot [29] registered
[    1.152140] acpiphp: Slot [29] registered
[    1.153160] acpiphp: Slot [30] registered
[    1.153160] acpiphp: Slot [30] registered
[    1.154191] acpiphp: Slot [31] registered
[    1.154191] acpiphp: Slot [31] registered
[    1.156029] PCI host bridge to bus 0000:00
[    1.156029] PCI host bridge to bus 0000:00
[    1.157012] pci_bus 0000:00: root bus resource [bus 00-ff]
[    1.157012] pci_bus 0000:00: root bus resource [bus 00-ff]
[    1.158009] pci_bus 0000:00: root bus resource [io  0x0000-0x0cf7]
[    1.158009] pci_bus 0000:00: root bus resource [io  0x0000-0x0cf7]
[    1.160009] pci_bus 0000:00: root bus resource [io  0x0d00-0xadff]
[    1.160009] pci_bus 0000:00: root bus resource [io  0x0d00-0xadff]
[    1.162011] pci_bus 0000:00: root bus resource [io  0xae0f-0xaeff]
[    1.162011] pci_bus 0000:00: root bus resource [io  0xae0f-0xaeff]
[    1.163010] pci_bus 0000:00: root bus resource [io  0xaf20-0xafdf]
[    1.163010] pci_bus 0000:00: root bus resource [io  0xaf20-0xafdf]
[    1.165010] pci_bus 0000:00: root bus resource [io  0xafe4-0xffff]
[    1.165010] pci_bus 0000:00: root bus resource [io  0xafe4-0xffff]
[    1.170011] pci_bus 0000:00: root bus resource [mem 0x000a0000-0x000bfff=
f]
[    1.170011] pci_bus 0000:00: root bus resource [mem 0x000a0000-0x000bfff=
f]
[    1.171010] pci_bus 0000:00: root bus resource [mem 0x14000000-0xfebffff=
f]
[    1.171010] pci_bus 0000:00: root bus resource [mem 0x14000000-0xfebffff=
f]
[    1.173069] pci 0000:00:00.0: [8086:1237] type 00 class 0x060000
[    1.173069] pci 0000:00:00.0: [8086:1237] type 00 class 0x060000
[    1.176126] pci 0000:00:01.0: [8086:7000] type 00 class 0x060100
[    1.176126] pci 0000:00:01.0: [8086:7000] type 00 class 0x060100
[    1.178849] pci 0000:00:01.1: [8086:7010] type 00 class 0x010180
[    1.178849] pci 0000:00:01.1: [8086:7010] type 00 class 0x010180
[    1.184010] pci 0000:00:01.1: reg 0x20: [io  0xc040-0xc04f]
[    1.184010] pci 0000:00:01.1: reg 0x20: [io  0xc040-0xc04f]
[    1.187023] pci 0000:00:01.1: legacy IDE quirk: reg 0x10: [io  0x01f0-0x=
01f7]
[    1.187023] pci 0000:00:01.1: legacy IDE quirk: reg 0x10: [io  0x01f0-0x=
01f7]
[    1.189009] pci 0000:00:01.1: legacy IDE quirk: reg 0x14: [io  0x03f6]
[    1.189009] pci 0000:00:01.1: legacy IDE quirk: reg 0x14: [io  0x03f6]
[    1.190009] pci 0000:00:01.1: legacy IDE quirk: reg 0x18: [io  0x0170-0x=
0177]
[    1.190009] pci 0000:00:01.1: legacy IDE quirk: reg 0x18: [io  0x0170-0x=
0177]
[    1.192010] pci 0000:00:01.1: legacy IDE quirk: reg 0x1c: [io  0x0376]
[    1.192010] pci 0000:00:01.1: legacy IDE quirk: reg 0x1c: [io  0x0376]
[    1.194594] pci 0000:00:01.3: [8086:7113] type 00 class 0x068000
[    1.194594] pci 0000:00:01.3: [8086:7113] type 00 class 0x068000
[    1.196473] pci 0000:00:01.3: quirk: [io  0x0600-0x063f] claimed by PIIX=
4 ACPI
[    1.196473] pci 0000:00:01.3: quirk: [io  0x0600-0x063f] claimed by PIIX=
4 ACPI
[    1.198029] pci 0000:00:01.3: quirk: [io  0x0700-0x070f] claimed by PIIX=
4 SMB
[    1.198029] pci 0000:00:01.3: quirk: [io  0x0700-0x070f] claimed by PIIX=
4 SMB
[    1.201098] pci 0000:00:02.0: [1013:00b8] type 00 class 0x030000
[    1.201098] pci 0000:00:02.0: [1013:00b8] type 00 class 0x030000
[    1.204015] pci 0000:00:02.0: reg 0x10: [mem 0xfc000000-0xfdffffff pref]
[    1.204015] pci 0000:00:02.0: reg 0x10: [mem 0xfc000000-0xfdffffff pref]
[    1.207016] pci 0000:00:02.0: reg 0x14: [mem 0xfebf0000-0xfebf0fff]
[    1.207016] pci 0000:00:02.0: reg 0x14: [mem 0xfebf0000-0xfebf0fff]
[    1.215690] pci 0000:00:02.0: reg 0x30: [mem 0xfebe0000-0xfebeffff pref]
[    1.215690] pci 0000:00:02.0: reg 0x30: [mem 0xfebe0000-0xfebeffff pref]
[    1.218254] pci 0000:00:03.0: [8086:100e] type 00 class 0x020000
[    1.218254] pci 0000:00:03.0: [8086:100e] type 00 class 0x020000
[    1.221010] pci 0000:00:03.0: reg 0x10: [mem 0xfebc0000-0xfebdffff]
[    1.221010] pci 0000:00:03.0: reg 0x10: [mem 0xfebc0000-0xfebdffff]
[    1.224008] pci 0000:00:03.0: reg 0x14: [io  0xc000-0xc03f]
[    1.224008] pci 0000:00:03.0: reg 0x14: [io  0xc000-0xc03f]
[    1.231639] pci 0000:00:03.0: reg 0x30: [mem 0xfeb80000-0xfebbffff pref]
[    1.231639] pci 0000:00:03.0: reg 0x30: [mem 0xfeb80000-0xfebbffff pref]
[    1.234100] pci 0000:00:04.0: [8086:25ab] type 00 class 0x088000
[    1.234100] pci 0000:00:04.0: [8086:25ab] type 00 class 0x088000
[    1.236010] pci 0000:00:04.0: reg 0x10: [mem 0xfebf1000-0xfebf100f]
[    1.236010] pci 0000:00:04.0: reg 0x10: [mem 0xfebf1000-0xfebf100f]
[    1.242717] pci_bus 0000:00: on NUMA node 0
[    1.242717] pci_bus 0000:00: on NUMA node 0
[    1.245325] ACPI: PCI Interrupt Link [LNKA] (IRQs
[    1.245325] ACPI: PCI Interrupt Link [LNKA] (IRQs 5 5 *10 *10 11 11))

[    1.247206] ACPI: PCI Interrupt Link [LNKB] (IRQs
[    1.247206] ACPI: PCI Interrupt Link [LNKB] (IRQs 5 5 *10 *10 11 11))

[    1.249053] ACPI: PCI Interrupt Link [LNKC] (IRQs
[    1.249053] ACPI: PCI Interrupt Link [LNKC] (IRQs 5 5 10 10 *11 *11))

[    1.250691] ACPI: PCI Interrupt Link [LNKD] (IRQs
[    1.250691] ACPI: PCI Interrupt Link [LNKD] (IRQs 5 5 10 10 *11 *11))

[    1.252502] ACPI: PCI Interrupt Link [LNKS] (IRQs
[    1.252502] ACPI: PCI Interrupt Link [LNKS] (IRQs *9 *9))

[    1.256914] vgaarb: setting as boot device: PCI:0000:00:02.0
[    1.256914] vgaarb: setting as boot device: PCI:0000:00:02.0
[    1.257000] vgaarb: device added: PCI:0000:00:02.0,decodes=3Dio+mem,owns=
=3Dio+mem,locks=3Dnone
[    1.257000] vgaarb: device added: PCI:0000:00:02.0,decodes=3Dio+mem,owns=
=3Dio+mem,locks=3Dnone
[    1.260015] vgaarb: loaded
[    1.260015] vgaarb: loaded
[    1.260727] vgaarb: bridge control possible 0000:00:02.0
[    1.260727] vgaarb: bridge control possible 0000:00:02.0
[    1.263775] Linux video capture interface: v2.00
[    1.263775] Linux video capture interface: v2.00
[    1.265047] pps_core: LinuxPPS API ver. 1 registered
[    1.265047] pps_core: LinuxPPS API ver. 1 registered
[    1.266007] pps_core: Software ver. 5.3.6 - Copyright 2005-2007 Rodolfo =
Giometti <giometti@linux.it>
[    1.266007] pps_core: Software ver. 5.3.6 - Copyright 2005-2007 Rodolfo =
Giometti <giometti@linux.it>
[    1.268232] wmi: Mapper loaded
[    1.268232] wmi: Mapper loaded
[    1.269189] PCI: Using ACPI for IRQ routing
[    1.269189] PCI: Using ACPI for IRQ routing
[    1.271009] PCI: pci_cache_line_size set to 64 bytes
[    1.271009] PCI: pci_cache_line_size set to 64 bytes
[    1.272098] e820: reserve RAM buffer [mem 0x0009fc00-0x0009ffff]
[    1.272098] e820: reserve RAM buffer [mem 0x0009fc00-0x0009ffff]
[    1.274012] e820: reserve RAM buffer [mem 0x13fe0000-0x13ffffff]
[    1.274012] e820: reserve RAM buffer [mem 0x13fe0000-0x13ffffff]
[    1.277128] HPET: 3 timers in total, 0 timers will be used for per-cpu t=
imer
[    1.277128] HPET: 3 timers in total, 0 timers will be used for per-cpu t=
imer
[    1.279031] hpet0: at MMIO 0xfed00000, IRQs
[    1.279031] hpet0: at MMIO 0xfed00000, IRQs 2 2, 8, 8, 0, 0

[    1.280076] hpet0: 3 comparators, 64-bit 100.000000 MHz counter
[    1.280076] hpet0: 3 comparators, 64-bit 100.000000 MHz counter
[    1.285436] Switched to clocksource kvm-clock
[    1.285436] Switched to clocksource kvm-clock
[    1.286978] Warning: could not register annotated branches stats
[    1.286978] Warning: could not register annotated branches stats
[    1.346950] pnp: PnP ACPI init
[    1.346950] pnp: PnP ACPI init
[    1.348092] IOAPIC[0]: Set routing entry (0-8 -> 0x38 -> IRQ 8 Mode:0 Ac=
tive:0 Dest:3)
[    1.348092] IOAPIC[0]: Set routing entry (0-8 -> 0x38 -> IRQ 8 Mode:0 Ac=
tive:0 Dest:3)
[    1.350386] pnp 00:00: Plug and Play ACPI device, IDs PNP0b00 (active)
[    1.350386] pnp 00:00: Plug and Play ACPI device, IDs PNP0b00 (active)
[    1.352363] IOAPIC[0]: Set routing entry (0-1 -> 0x31 -> IRQ 1 Mode:0 Ac=
tive:0 Dest:3)
[    1.352363] IOAPIC[0]: Set routing entry (0-1 -> 0x31 -> IRQ 1 Mode:0 Ac=
tive:0 Dest:3)
[    1.367568] pnp 00:01: Plug and Play ACPI device, IDs PNP0303 (active)
[    1.367568] pnp 00:01: Plug and Play ACPI device, IDs PNP0303 (active)
[    1.369472] IOAPIC[0]: Set routing entry (0-12 -> 0x3c -> IRQ 12 Mode:0 =
Active:0 Dest:3)
[    1.369472] IOAPIC[0]: Set routing entry (0-12 -> 0x3c -> IRQ 12 Mode:0 =
Active:0 Dest:3)
[    1.371810] pnp 00:02: Plug and Play ACPI device, IDs PNP0f13 (active)
[    1.371810] pnp 00:02: Plug and Play ACPI device, IDs PNP0f13 (active)
[    1.373769] IOAPIC[0]: Set routing entry (0-6 -> 0x36 -> IRQ 6 Mode:0 Ac=
tive:0 Dest:3)
[    1.373769] IOAPIC[0]: Set routing entry (0-6 -> 0x36 -> IRQ 6 Mode:0 Ac=
tive:0 Dest:3)
[    1.375820] pnp 00:03: [dma 2]
[    1.375820] pnp 00:03: [dma 2]
[    1.376777] pnp 00:03: Plug and Play ACPI device, IDs PNP0700 (active)
[    1.376777] pnp 00:03: Plug and Play ACPI device, IDs PNP0700 (active)
[    1.391645] IOAPIC[0]: Set routing entry (0-7 -> 0x37 -> IRQ 7 Mode:0 Ac=
tive:0 Dest:3)
[    1.391645] IOAPIC[0]: Set routing entry (0-7 -> 0x37 -> IRQ 7 Mode:0 Ac=
tive:0 Dest:3)
[    1.393871] pnp 00:04: Plug and Play ACPI device, IDs PNP0400 (active)
[    1.393871] pnp 00:04: Plug and Play ACPI device, IDs PNP0400 (active)
[    1.395708] IOAPIC[0]: Set routing entry (0-4 -> 0x34 -> IRQ 4 Mode:0 Ac=
tive:0 Dest:3)
[    1.395708] IOAPIC[0]: Set routing entry (0-4 -> 0x34 -> IRQ 4 Mode:0 Ac=
tive:0 Dest:3)
[    1.399580] pnp 00:05: Plug and Play ACPI device, IDs PNP0501 (active)
[    1.399580] pnp 00:05: Plug and Play ACPI device, IDs PNP0501 (active)
[    1.402310] pnp: PnP ACPI: found 6 devices
[    1.402310] pnp: PnP ACPI: found 6 devices
[    1.439890] pci_bus 0000:00: resource 4 [io  0x0000-0x0cf7]
[    1.439890] pci_bus 0000:00: resource 4 [io  0x0000-0x0cf7]
[    1.441221] pci_bus 0000:00: resource 5 [io  0x0d00-0xadff]
[    1.441221] pci_bus 0000:00: resource 5 [io  0x0d00-0xadff]
[    1.455597] pci_bus 0000:00: resource 6 [io  0xae0f-0xaeff]
[    1.455597] pci_bus 0000:00: resource 6 [io  0xae0f-0xaeff]
[    1.457031] pci_bus 0000:00: resource 7 [io  0xaf20-0xafdf]
[    1.457031] pci_bus 0000:00: resource 7 [io  0xaf20-0xafdf]
[    1.458447] pci_bus 0000:00: resource 8 [io  0xafe4-0xffff]
[    1.458447] pci_bus 0000:00: resource 8 [io  0xafe4-0xffff]
[    1.459778] pci_bus 0000:00: resource 9 [mem 0x000a0000-0x000bffff]
[    1.459778] pci_bus 0000:00: resource 9 [mem 0x000a0000-0x000bffff]
[    1.461367] pci_bus 0000:00: resource 10 [mem 0x14000000-0xfebfffff]
[    1.461367] pci_bus 0000:00: resource 10 [mem 0x14000000-0xfebfffff]
[    1.463064] NET: Registered protocol family 1
[    1.463064] NET: Registered protocol family 1
[    1.464155] pci 0000:00:00.0: Limiting direct PCI/PCI transfers
[    1.464155] pci 0000:00:00.0: Limiting direct PCI/PCI transfers
[    1.465644] pci 0000:00:01.0: PIIX3: Enabling Passive Release
[    1.465644] pci 0000:00:01.0: PIIX3: Enabling Passive Release
[    1.467137] pci 0000:00:01.0: Activating ISA DMA hang workarounds
[    1.467137] pci 0000:00:01.0: Activating ISA DMA hang workarounds
[    1.468643] pci 0000:00:02.0: Video device with shadowed ROM
[    1.468643] pci 0000:00:02.0: Video device with shadowed ROM
[    1.470064] PCI: CLS 0 bytes, default 64
[    1.470064] PCI: CLS 0 bytes, default 64
[    1.471456] Unpacking initramfs...
[    1.471456] Unpacking initramfs...
[    3.437242] debug: unmapping init [mem 0xc2793000-0xc3fd7fff]
[    3.437242] debug: unmapping init [mem 0xc2793000-0xc3fd7fff]
[    3.444318] microcode: CPU0 sig=3D0xf61, pf=3D0x1, revision=3D0x1
[    3.444318] microcode: CPU0 sig=3D0xf61, pf=3D0x1, revision=3D0x1
[    3.445770] microcode: CPU1 sig=3D0xf61, pf=3D0x1, revision=3D0x1
[    3.445770] microcode: CPU1 sig=3D0xf61, pf=3D0x1, revision=3D0x1
[    3.448203] microcode: Microcode Update Driver: v2.00 <tigran@aivazian.f=
snet.co.uk>, Peter Oruba
[    3.448203] microcode: Microcode Update Driver: v2.00 <tigran@aivazian.f=
snet.co.uk>, Peter Oruba
[    3.469435] cryptomgr_test (26) used greatest stack depth: 7256 bytes le=
ft
[    3.469435] cryptomgr_test (26) used greatest stack depth: 7256 bytes le=
ft
[    3.475658] cryptomgr_test (33) used greatest stack depth: 7228 bytes le=
ft
[    3.475658] cryptomgr_test (33) used greatest stack depth: 7228 bytes le=
ft
[    3.480788] PCLMULQDQ-NI instructions are not detected.
[    3.480788] PCLMULQDQ-NI instructions are not detected.
[    3.484339] The force parameter has not been set to 1. The Iris poweroff=
 handler will not be installed.
[    3.484339] The force parameter has not been set to 1. The Iris poweroff=
 handler will not be installed.
[    3.489334] NatSemi SCx200 Driver
[    3.489334] NatSemi SCx200 Driver
[    3.491407] spin_lock-torture:--- Start of test [debug]: nwriters_stress=
=3D4 nreaders_stress=3D0 stat_interval=3D60 verbose=3D1 shuffle_interval=3D=
3 stutter=3D5 shutdown_secs=3D0 onoff_interval=3D0 onoff_holdoff=3D0
[    3.491407] spin_lock-torture:--- Start of test [debug]: nwriters_stress=
=3D4 nreaders_stress=3D0 stat_interval=3D60 verbose=3D1 shuffle_interval=3D=
3 stutter=3D5 shutdown_secs=3D0 onoff_interval=3D0 onoff_holdoff=3D0
[    3.499905] spin_lock-torture: Creating torture_shuffle task
[    3.499905] spin_lock-torture: Creating torture_shuffle task
[    3.504477] spin_lock-torture: torture_shuffle task started
[    3.504477] spin_lock-torture: torture_shuffle task started
[    3.504500] spin_lock-torture: Creating torture_stutter task
[    3.504500] spin_lock-torture: Creating torture_stutter task
[    3.504569] spin_lock-torture: Creating lock_torture_writer task
[    3.504569] spin_lock-torture: Creating lock_torture_writer task
[    3.504606] spin_lock-torture: torture_stutter task started
[    3.504606] spin_lock-torture: torture_stutter task started
[    3.504627] spin_lock-torture: Creating lock_torture_writer task
[    3.504627] spin_lock-torture: Creating lock_torture_writer task
[    3.504664] spin_lock-torture: lock_torture_writer task started
[    3.504664] spin_lock-torture: lock_torture_writer task started
[    3.504704] spin_lock-torture: Creating lock_torture_writer task
[    3.504704] spin_lock-torture: Creating lock_torture_writer task
[    3.504740] spin_lock-torture: lock_torture_writer task started
[    3.504740] spin_lock-torture: lock_torture_writer task started
[    3.504765] spin_lock-torture: Creating lock_torture_writer task
[    3.504765] spin_lock-torture: Creating lock_torture_writer task
[    3.504827] spin_lock-torture: lock_torture_writer task started
[    3.504827] spin_lock-torture: lock_torture_writer task started
[    3.504852] spin_lock-torture: Creating lock_torture_stats task
[    3.504852] spin_lock-torture: Creating lock_torture_stats task
[    3.504888] spin_lock-torture: lock_torture_writer task started
[    3.504888] spin_lock-torture: lock_torture_writer task started
[    3.506165] torture_init_begin: refusing rcu init: spin_lock running
[    3.506165] torture_init_begin: refusing rcu init: spin_lock running
[    3.506166] futex hash table entries: 512 (order: 3, 32768 bytes)
[    3.506166] futex hash table entries: 512 (order: 3, 32768 bytes)
[    3.535934] spin_lock-torture: lock_torture_stats task started
[    3.535934] spin_lock-torture: lock_torture_stats task started
[    4.990249] tsc: Refined TSC clocksource calibration: 2925.997 MHz
[    4.990249] tsc: Refined TSC clocksource calibration: 2925.997 MHz
[    5.034406] fuse init (API version 7.23)
[    5.034406] fuse init (API version 7.23)
[    5.062830] cryptomgr_test (52) used greatest stack depth: 6824 bytes le=
ft
[    5.062830] cryptomgr_test (52) used greatest stack depth: 6824 bytes le=
ft
[    5.100847] start plist test
[    5.100847] start plist test
[    5.147257] end plist test
[    5.147257] end plist test
[    5.150094] test_string_helpers: Running tests...
[    5.150094] test_string_helpers: Running tests...
[    5.156229] test_firmware: interface ready
[    5.156229] test_firmware: interface ready
[    5.162050] crc32: CRC_LE_BITS =3D 32, CRC_BE BITS =3D 32
[    5.162050] crc32: CRC_LE_BITS =3D 32, CRC_BE BITS =3D 32
[    5.165522] crc32: self tests passed, processed 225944 bytes in 288463 n=
sec
[    5.165522] crc32: self tests passed, processed 225944 bytes in 288463 n=
sec
[    5.173826] crc32c: CRC_LE_BITS =3D 32
[    5.173826] crc32c: CRC_LE_BITS =3D 32
[    5.176819] crc32c: self tests passed, processed 225944 bytes in 150674 =
nsec
[    5.176819] crc32c: self tests passed, processed 225944 bytes in 150674 =
nsec
[    5.294364] crc32_combine: 8373 self tests passed
[    5.294364] crc32_combine: 8373 self tests passed
[    5.378357] crc32c_combine: 8373 self tests passed
[    5.378357] crc32c_combine: 8373 self tests passed
[    5.392676] rbtree testing
[    5.392676] rbtree testing -> 80703 cycles
 -> 80703 cycles
[    8.406156] augmented rbtree testing
[    8.406156] augmented rbtree testing -> 119736 cycles
 -> 119736 cycles
[   12.877443] pci_hotplug: PCI Hot Plug PCI Core version: 0.5
[   12.877443] pci_hotplug: PCI Hot Plug PCI Core version: 0.5
[   12.879279] cpcihp_zt5550: ZT5550 CompactPCI Hot Plug Driver version: 0.2
[   12.879279] cpcihp_zt5550: ZT5550 CompactPCI Hot Plug Driver version: 0.2
[   12.881154] cpcihp_generic: Generic port I/O CompactPCI Hot Plug Driver =
version: 0.1
[   12.881154] cpcihp_generic: Generic port I/O CompactPCI Hot Plug Driver =
version: 0.1
[   12.883291] cpcihp_generic: not configured, disabling.
[   12.883291] cpcihp_generic: not configured, disabling.
[   12.884760] shpchp: Standard Hot Plug PCI Controller Driver version: 0.4
[   12.884760] shpchp: Standard Hot Plug PCI Controller Driver version: 0.4
[   12.892080] acpiphp_ibm: ibm_acpiphp_init: acpi_walk_namespace failed
[   12.892080] acpiphp_ibm: ibm_acpiphp_init: acpi_walk_namespace failed
[   12.894941] VIA Graphics Integration Chipset framebuffer 2.4 initializing
[   12.894941] VIA Graphics Integration Chipset framebuffer 2.4 initializing
[   12.897393] vmlfb: initializing
[   12.897393] vmlfb: initializing
[   12.898645] hgafb: HGA card not detected.
[   12.898645] hgafb: HGA card not detected.
[   12.899757] hgafb: probe of hgafb.0 failed with error -22
[   12.899757] hgafb: probe of hgafb.0 failed with error -22
[   12.901535] hv_vmbus: registering driver hyperv_fb
[   12.901535] hv_vmbus: registering driver hyperv_fb
[   12.903693] input: Power Button as /devices/LNXSYSTM:00/LNXPWRBN:00/inpu=
t/input0
[   12.903693] input: Power Button as /devices/LNXSYSTM:00/LNXPWRBN:00/inpu=
t/input0
[   12.905620] ACPI: Power Button [PWRF]
[   12.905620] ACPI: Power Button [PWRF]
[   12.907672] button: probe of LNXPWRBN:00 failed with error -22
[   12.907672] button: probe of LNXPWRBN:00 failed with error -22
[   13.129677] r3964: Philips r3964 Driver $Revision: 1.10 $
[   13.129677] r3964: Philips r3964 Driver $Revision: 1.10 $
[   13.131108] Serial: 8250/16550 driver, 4 ports, IRQ sharing enabled
[   13.131108] Serial: 8250/16550 driver, 4 ports, IRQ sharing enabled
[   13.185816] serial 00:05: ttyS0 at I/O 0x3f8 (irq =3D 4, base_baud =3D 1=
15200) is a 16550A
[   13.185816] serial 00:05: ttyS0 at I/O 0x3f8 (irq =3D 4, base_baud =3D 1=
15200) is a 16550A
[   13.195263] Cyclades driver 2.6
[   13.195263] Cyclades driver 2.6
[   13.199712] MOXA Intellio family driver version 6.0k
[   13.199712] MOXA Intellio family driver version 6.0k
[   13.201127] MOXA Smartio/Industio family driver version 2.0.5
[   13.201127] MOXA Smartio/Industio family driver version 2.0.5
[   13.205853] Initializing Nozomi driver 2.1d
[   13.205853] Initializing Nozomi driver 2.1d
[   13.206984] RocketPort device driver module, version 2.09, 12-June-2003
[   13.206984] RocketPort device driver module, version 2.09, 12-June-2003
[   13.208641] No rocketport ports found; unloading driver
[   13.208641] No rocketport ports found; unloading driver
[   13.213422] BUG: unable to handle kernel=20
[   13.213422] BUG: unable to handle kernel paging requestpaging request at=
 c2446ffc
 at c2446ffc
[   13.214380] IP:
[   13.214380] IP: [<b11ab6fe>] __free_pages_ok+0x376/0x62c
 [<b11ab6fe>] __free_pages_ok+0x376/0x62c
[   13.214380] *pde =3D 123ca067=20
[   13.214380] *pde =3D 123ca067 *pte =3D 12446060 *pte =3D 12446060=20

[   13.214380] Oops: 0000 [#1]=20
[   13.214380] Oops: 0000 [#1] SMP SMP DEBUG_PAGEALLOCDEBUG_PAGEALLOC

[   13.214380] CPU: 0 PID: 1 Comm: swapper/0 Not tainted 3.18.0-rc6-00201-g=
1e491e9 #14
[   13.214380] CPU: 0 PID: 1 Comm: swapper/0 Not tainted 3.18.0-rc6-00201-g=
1e491e9 #14
[   13.214380] task: c1c40000 ti: c1c48000 task.ti: c1c48000
[   13.214380] task: c1c40000 ti: c1c48000 task.ti: c1c48000
[   13.214380] EIP: 0060:[<b11ab6fe>] EFLAGS: 00010097 CPU: 0
[   13.214380] EIP: 0060:[<b11ab6fe>] EFLAGS: 00010097 CPU: 0
[   13.214380] EIP is at __free_pages_ok+0x376/0x62c
[   13.214380] EIP is at __free_pages_ok+0x376/0x62c
[   13.214380] EAX: c2446ffc EBX: c2513200 ECX: 00000004 EDX: c2447000
[   13.214380] EAX: c2446ffc EBX: c2513200 ECX: 00000004 EDX: c2447000
[   13.214380] ESI: c2513300 EDI: 00000004 EBP: c1c49e94 ESP: c1c49e64
[   13.214380] ESI: c2513300 EDI: 00000004 EBP: c1c49e94 ESP: c1c49e64
[   13.214380]  DS: 007b ES: 007b FS: 00d8 GS: 0000 SS: 0068
[   13.214380]  DS: 007b ES: 007b FS: 00d8 GS: 0000 SS: 0068
[   13.214380] CR0: 8005003b CR2: c2446ffc CR3: 02729000 CR4: 00000690
[   13.214380] CR0: 8005003b CR2: c2446ffc CR3: 02729000 CR4: 00000690
[   13.214380] Stack:
[   13.214380] Stack:
[   13.214380]  00000008
[   13.214380]  00000008 b26054ec b26054ec b2605440 b2605440 00000246 00000=
246 00000010 00000010 00000000 00000000 c2513000 c2513000 00000000 00000000

[   13.214380]  00000003
[   13.214380]  00000003 00000000 00000000 c2513300 c2513300 00000000 00000=
000 c1c49e9c c1c49e9c b11aba32 b11aba32 c1c49ea4 c1c49ea4 b11abc52 b11abc52

[   13.214380]  c1c49ec4
[   13.214380]  c1c49ec4 b1204fb5 b1204fb5 c1c49ebc c1c49ebc b10deca7 b10de=
ca7 b0018000 b0018000 bbf20984 bbf20984 00000100 00000100 bbf20980 bbf20980

[   13.214380] Call Trace:
[   13.214380] Call Trace:
[   13.214380]  [<b11aba32>] __free_pages+0x7e/0x8e
[   13.214380]  [<b11aba32>] __free_pages+0x7e/0x8e
[   13.214380]  [<b11abc52>] __free_kmem_pages+0x16/0x26
[   13.214380]  [<b11abc52>] __free_kmem_pages+0x16/0x26
[   13.214380]  [<b1204fb5>] kfree+0x292/0x4e1
[   13.214380]  [<b1204fb5>] kfree+0x292/0x4e1
[   13.214380]  [<b10deca7>] ? debug_mutex_unlock+0x2f3/0x398
[   13.214380]  [<b10deca7>] ? debug_mutex_unlock+0x2f3/0x398
[   13.214380]  [<b14f5c36>] destruct_tty_driver+0xee/0x158
[   13.214380]  [<b14f5c36>] destruct_tty_driver+0xee/0x158
[   13.214380]  [<b14f5fe5>] tty_driver_kref_put+0xb4/0xc6
[   13.214380]  [<b14f5fe5>] tty_driver_kref_put+0xb4/0xc6
[   13.214380]  [<b14f6121>] put_tty_driver+0x16/0x26
[   13.214380]  [<b14f6121>] put_tty_driver+0x16/0x26
[   13.214380]  [<b26aa177>] rp_init+0xc04/0xc23
[   13.214380]  [<b26aa177>] rp_init+0xc04/0xc23
[   13.214380]  [<b12050e9>] ? kfree+0x3c6/0x4e1
[   13.214380]  [<b12050e9>] ? kfree+0x3c6/0x4e1
[   13.214380]  [<b26a9573>] ? register_PCI+0x1091/0x1091
[   13.214380]  [<b26a9573>] ? register_PCI+0x1091/0x1091
[   13.214380]  [<b26469d2>] do_one_initcall+0x1ed/0x356
[   13.214380]  [<b26469d2>] do_one_initcall+0x1ed/0x356
[   13.214380]  [<b2646d8b>] kernel_init_freeable+0x250/0x3ab
[   13.214380]  [<b2646d8b>] kernel_init_freeable+0x250/0x3ab
[   13.214380]  [<b1d95dd0>] kernel_init+0x16/0x1e7
[   13.214380]  [<b1d95dd0>] kernel_init+0x16/0x1e7
[   13.214380]  [<b1dcdd01>] ret_from_kernel_thread+0x21/0x30
[   13.214380]  [<b1dcdd01>] ret_from_kernel_thread+0x21/0x30
[   13.214380]  [<b1d95dba>] ? rest_init+0x15b/0x15b
[   13.214380]  [<b1d95dba>] ? rest_init+0x15b/0x15b
[   13.214380] Code:
[   13.214380] Code: 31 31 d0 d0 29 29 d0 d0 c1 c1 e0 e0 05 05 80 80 3d 3d =
00 00 30 30 64 64 b2 b2 00 00 8d 8d 14 14 03 03 74 74 71 71 83 83 05 05 28 =
28 90 90 da da b2 b2 01 01 89 89 d0 d0 89 89 55 55 e8 e8 83 83 15 15 2c 2c =
90 90 da da b2 b2 00 00 e8 e8 67 67 d9 d9 05 05 00 00 <8b> <8b> 00 00 83 83=
 05 05 30 30 90 90 da da b2 b2 01 01 83 83 15 15 34 34 90 90 da da b2 b2 00=
 00 a8 a8 02 02 8b 8b 55 55 e8 e8

[   13.214380] EIP: [<b11ab6fe>]=20
[   13.214380] EIP: [<b11ab6fe>] __free_pages_ok+0x376/0x62c__free_pages_ok=
+0x376/0x62c SS:ESP 0068:c1c49e64
 SS:ESP 0068:c1c49e64
[   13.214380] CR2: 00000000c2446ffc
[   13.214380] CR2: 00000000c2446ffc
[   13.214380] ---[ end trace fe261d43ae421f43 ]---
[   13.214380] ---[ end trace fe261d43ae421f43 ]---
[   13.214380] Kernel panic - not syncing: Fatal exception
[   13.214380] Kernel panic - not syncing: Fatal exception
[   13.214380] Kernel Offset: 0x0 from 0xb1000000 (relocation range: 0xb000=
0000-0xc47dffff)
[   13.214380] Kernel Offset: 0x0 from 0xb1000000 (relocation range: 0xb000=
0000-0xc47dffff)

Elapsed time: 20
qemu-system-x86_64 -cpu kvm64 -enable-kvm -kernel /kernel/i386-randconfig-h=
sxa0-11280759/1e491e9be4c97229a3a88763aada9582e37c7eaf/vmlinuz-3.18.0-rc6-0=
0201-g1e491e9 -append 'hung_task_panic=3D1 earlyprintk=3DttyS0,115200 debug=
 apic=3Ddebug sysrq_always_enabled rcupdate.rcu_cpu_stall_timeout=3D100 pan=
ic=3D-1 softlockup_panic=3D1 nmi_watchdog=3Dpanic oops=3Dpanic load_ramdisk=
=3D2 prompt_ramdisk=3D0 console=3DttyS0,115200 console=3Dtty0 vga=3Dnormal =
 root=3D/dev/ram0 rw link=3D/kbuild-tests/run-queue/kvm/i386-randconfig-hsx=
a0-11280759/next:master:1e491e9be4c97229a3a88763aada9582e37c7eaf:bisect-lin=
ux-2/.vmlinuz-1e491e9be4c97229a3a88763aada9582e37c7eaf-20141128125009-16-cl=
ient6 branch=3Dnext/master BOOT_IMAGE=3D/kernel/i386-randconfig-hsxa0-11280=
759/1e491e9be4c97229a3a88763aada9582e37c7eaf/vmlinuz-3.18.0-rc6-00201-g1e49=
1e9 drbd.minor_count=3D8'  -initrd /kernel-tests/initrd/quantal-core-i386.c=
gz -m 320 -smp 2 -net nic,vlan=3D1,model=3De1000 -net user,vlan=3D1 -boot o=
rder=3Dnc -no-reboot -watchdog i6300esb -rtc base=3Dlocaltime -pidfile /dev=
/shm/kboot/pid-quantal-client6-31 -serial file:/dev/shm/kboot/serial-quanta=
l-client6-31 -daemonize -display none -monitor null=20

--v9Ux+11Zm5mwPlX6
Content-Type: text/plain; charset=us-ascii
Content-Disposition: attachment; filename="dmesg-yocto-client4-11:20141128130046:i386-randconfig-hsxa0-11280759:3.18.0-rc6-00200-g34bf790:15"
Content-Transfer-Encoding: quoted-printable

BUG: kernel early hang without any printk output
Command line: hung_task_panic=3D1 earlyprintk=3DttyS0,115200 debug apic=3Dd=
ebug sysrq_always_enabled rcupdate.rcu_cpu_stall_timeout=3D100 panic=3D-1 s=
oftlockup_panic=3D1 nmi_watchdog=3Dpanic oops=3Dpanic load_ramdisk=3D2 prom=
pt_ramdisk=3D0 console=3DttyS0,115200 console=3Dtty0 vga=3Dnormal  root=3D/=
dev/ram0 rw link=3D/kbuild-tests/run-queue/kvm/i386-randconfig-hsxa0-112807=
59/next:master:34bf7903e195347898a225220357f3a49dd65e7e:bisect-linux-2/.vml=
inuz-34bf7903e195347898a225220357f3a49dd65e7e-20141128125733-65-client4 bra=
nch=3Dnext/master BOOT_IMAGE=3D/kernel/i386-randconfig-hsxa0-11280759/34bf7=
903e195347898a225220357f3a49dd65e7e/vmlinuz-3.18.0-rc6-00200-g34bf790 drbd.=
minor_count=3D8
Early hang kernel: vmlinuz-3.18.0-rc6-00200-g34bf790 3.18.0-rc6-00200-g34bf=
790 #15
Elapsed time: 95
qemu-system-x86_64 -cpu kvm64 -enable-kvm -kernel /kernel/i386-randconfig-h=
sxa0-11280759/34bf7903e195347898a225220357f3a49dd65e7e/vmlinuz-3.18.0-rc6-0=
0200-g34bf790 -append 'hung_task_panic=3D1 earlyprintk=3DttyS0,115200 debug=
 apic=3Ddebug sysrq_always_enabled rcupdate.rcu_cpu_stall_timeout=3D100 pan=
ic=3D-1 softlockup_panic=3D1 nmi_watchdog=3Dpanic oops=3Dpanic load_ramdisk=
=3D2 prompt_ramdisk=3D0 console=3DttyS0,115200 console=3Dtty0 vga=3Dnormal =
 root=3D/dev/ram0 rw link=3D/kbuild-tests/run-queue/kvm/i386-randconfig-hsx=
a0-11280759/next:master:34bf7903e195347898a225220357f3a49dd65e7e:bisect-lin=
ux-2/.vmlinuz-34bf7903e195347898a225220357f3a49dd65e7e-20141128125733-65-cl=
ient4 branch=3Dnext/master BOOT_IMAGE=3D/kernel/i386-randconfig-hsxa0-11280=
759/34bf7903e195347898a225220357f3a49dd65e7e/vmlinuz-3.18.0-rc6-00200-g34bf=
790 drbd.minor_count=3D8'  -initrd /kernel-tests/initrd/yocto-minimal-i386.=
cgz -m 320 -smp 1 -net nic,vlan=3D1,model=3De1000 -net user,vlan=3D1 -boot =
order=3Dnc -no-reboot -watchdog i6300esb -rtc base=3Dlocaltime -pidfile /de=
v/shm/kboot/pid-yocto-client4-11 -serial file:/dev/shm/kboot/serial-yocto-c=
lient4-11 -daemonize -display none -monitor null=20

--v9Ux+11Zm5mwPlX6
Content-Type: text/plain; charset=us-ascii
Content-Disposition: attachment; filename="config-3.18.0-rc6-00201-g1e491e9"

#
# Automatically generated file; DO NOT EDIT.
# Linux/i386 3.18.0-rc6 Kernel Configuration
#
# CONFIG_64BIT is not set
CONFIG_X86_32=y
CONFIG_X86=y
CONFIG_INSTRUCTION_DECODER=y
CONFIG_PERF_EVENTS_INTEL_UNCORE=y
CONFIG_OUTPUT_FORMAT="elf32-i386"
CONFIG_ARCH_DEFCONFIG="arch/x86/configs/i386_defconfig"
CONFIG_LOCKDEP_SUPPORT=y
CONFIG_STACKTRACE_SUPPORT=y
CONFIG_HAVE_LATENCYTOP_SUPPORT=y
CONFIG_MMU=y
CONFIG_NEED_DMA_MAP_STATE=y
CONFIG_NEED_SG_DMA_LENGTH=y
CONFIG_GENERIC_ISA_DMA=y
CONFIG_GENERIC_BUG=y
CONFIG_GENERIC_HWEIGHT=y
CONFIG_ARCH_MAY_HAVE_PC_FDC=y
CONFIG_RWSEM_XCHGADD_ALGORITHM=y
CONFIG_GENERIC_CALIBRATE_DELAY=y
CONFIG_ARCH_HAS_CPU_RELAX=y
CONFIG_ARCH_HAS_CACHE_LINE_SIZE=y
CONFIG_HAVE_SETUP_PER_CPU_AREA=y
CONFIG_NEED_PER_CPU_EMBED_FIRST_CHUNK=y
CONFIG_NEED_PER_CPU_PAGE_FIRST_CHUNK=y
CONFIG_ARCH_HIBERNATION_POSSIBLE=y
CONFIG_ARCH_SUSPEND_POSSIBLE=y
CONFIG_ARCH_WANT_HUGE_PMD_SHARE=y
CONFIG_ARCH_WANT_GENERAL_HUGETLB=y
# CONFIG_ZONE_DMA32 is not set
# CONFIG_AUDIT_ARCH is not set
CONFIG_ARCH_SUPPORTS_OPTIMIZED_INLINING=y
CONFIG_ARCH_SUPPORTS_DEBUG_PAGEALLOC=y
CONFIG_HAVE_INTEL_TXT=y
CONFIG_X86_32_SMP=y
CONFIG_X86_HT=y
CONFIG_X86_32_LAZY_GS=y
CONFIG_ARCH_HWEIGHT_CFLAGS="-fcall-saved-ecx -fcall-saved-edx"
CONFIG_ARCH_SUPPORTS_UPROBES=y
CONFIG_FIX_EARLYCON_MEM=y
CONFIG_DEFCONFIG_LIST="/lib/modules/$UNAME_RELEASE/.config"
CONFIG_CONSTRUCTORS=y
CONFIG_IRQ_WORK=y
CONFIG_BUILDTIME_EXTABLE_SORT=y

#
# General setup
#
CONFIG_INIT_ENV_ARG_LIMIT=32
CONFIG_CROSS_COMPILE=""
# CONFIG_COMPILE_TEST is not set
CONFIG_LOCALVERSION=""
CONFIG_LOCALVERSION_AUTO=y
CONFIG_HAVE_KERNEL_GZIP=y
CONFIG_HAVE_KERNEL_BZIP2=y
CONFIG_HAVE_KERNEL_LZMA=y
CONFIG_HAVE_KERNEL_XZ=y
CONFIG_HAVE_KERNEL_LZO=y
CONFIG_HAVE_KERNEL_LZ4=y
# CONFIG_KERNEL_GZIP is not set
CONFIG_KERNEL_BZIP2=y
# CONFIG_KERNEL_LZMA is not set
