Return-Path: <owner-linux-mm@kvack.org>
Received: from mail-pa0-f45.google.com (mail-pa0-f45.google.com [209.85.220.45])
	by kanga.kvack.org (Postfix) with ESMTP id 6B7516B0038
	for <linux-mm@kvack.org>; Tue,  7 Jul 2015 10:29:21 -0400 (EDT)
Received: by pacgz10 with SMTP id gz10so40530616pac.3
        for <linux-mm@kvack.org>; Tue, 07 Jul 2015 07:29:21 -0700 (PDT)
Received: from mga02.intel.com (mga02.intel.com. [134.134.136.20])
        by mx.google.com with ESMTP id px1si34845232pbb.240.2015.07.07.07.29.19
        for <linux-mm@kvack.org>;
        Tue, 07 Jul 2015 07:29:20 -0700 (PDT)
Date: Tue, 07 Jul 2015 22:27:58 +0800
From: kernel test robot <fengguang.wu@intel.com>
Subject: [mm: meminit]  WARNING: CPU: 1 PID: 15 at
 kernel/locking/lockdep.c:3382 lock_release()
Message-ID: <559be1ee.oKzhDxqT1ZZpBUZm%fengguang.wu@intel.com>
MIME-Version: 1.0
Content-Type: multipart/mixed;
 boundary="=_559be1ee./9tdyPbznChQo7YkntdXp/uaiwvnlAbayZyItQ03e8HMF6wr"
Sender: owner-linux-mm@kvack.org
List-ID: <linux-mm.kvack.org>
To: Mel Gorman <mgorman@suse.de>
Cc: LKP <lkp@01.org>, linux-kernel@vger.kernel.org, linux-mm@kvack.orgLinux Memory Management List <linux-mm@kvack.org>, Andrew Morton <akpm@linux-foundation.org>, fengguang.wu@intel.com

This is a multi-part message in MIME format.

--=_559be1ee./9tdyPbznChQo7YkntdXp/uaiwvnlAbayZyItQ03e8HMF6wr
Content-Type: text/plain; charset=us-ascii
Content-Transfer-Encoding: 7bit
Content-Disposition: inline

Greetings,

0day kernel testing robot got the below dmesg and the first bad commit is

git://git.kernel.org/pub/scm/linux/kernel/git/torvalds/linux.git master

commit 0e1cc95b4cc7293bb7b39175035e7f7e45c90977
Author:     Mel Gorman <mgorman@suse.de>
AuthorDate: Tue Jun 30 14:57:27 2015 -0700
Commit:     Linus Torvalds <torvalds@linux-foundation.org>
CommitDate: Tue Jun 30 19:44:56 2015 -0700

    mm: meminit: finish initialisation of struct pages before basic setup
    
    Waiman Long reported that 24TB machines hit OOM during basic setup when
    struct page initialisation was deferred.  One approach is to initialise
    memory on demand but it interferes with page allocator paths.  This patch
    creates dedicated threads to initialise memory before basic setup.  It
    then blocks on a rw_semaphore until completion as a wait_queue and counter
    is overkill.  This may be slower to boot but it's simplier overall and
    also gets rid of a section mangling which existed so kswapd could do the
    initialisation.
    
    [akpm@linux-foundation.org: include rwsem.h, use DECLARE_RWSEM, fix comment, remove unneeded cast]
    Signed-off-by: Mel Gorman <mgorman@suse.de>
    Cc: Waiman Long <waiman.long@hp.com
    Cc: Nathan Zimmer <nzimmer@sgi.com>
    Cc: Dave Hansen <dave.hansen@intel.com>
    Cc: Scott Norton <scott.norton@hp.com>
    Tested-by: Daniel J Blueman <daniel@numascale.com>
    Signed-off-by: Andrew Morton <akpm@linux-foundation.org>
    Signed-off-by: Linus Torvalds <torvalds@linux-foundation.org>

+-----------------------------------------------------+------------+------------+-----------------+
|                                                     | 74033a798f | 0e1cc95b4c | v4.2-rc1_070709 |
+-----------------------------------------------------+------------+------------+-----------------+
| boot_successes                                      | 63         | 0          | 0               |
| boot_failures                                       | 0          | 24         | 13              |
| WARNING:at_kernel/locking/lockdep.c:#lock_release() | 0          | 24         | 13              |
| backtrace:up_read                                   | 0          | 24         | 13              |
| backtrace:deferred_init_memmap                      | 0          | 24         | 13              |
+-----------------------------------------------------+------------+------------+-----------------+

[    0.240862] kvm-stealtime: cpu 1, msr 1100d140
[    0.260270] ------------[ cut here ]------------
[    0.260270] ------------[ cut here ]------------
[    0.261323] WARNING: CPU: 1 PID: 15 at kernel/locking/lockdep.c:3382 lock_release+0xde/0x3d3()
[    0.261323] WARNING: CPU: 1 PID: 15 at kernel/locking/lockdep.c:3382 lock_release+0xde/0x3d3()
[    0.264199] DEBUG_LOCKS_WARN_ON(depth <= 0)
[    0.264199] DEBUG_LOCKS_WARN_ON(depth <= 0)

[    0.265313] CPU: 1 PID: 15 Comm: pgdatinit0 Not tainted 4.1.0-11369-g0e1cc95 #1
[    0.265313] CPU: 1 PID: 15 Comm: pgdatinit0 Not tainted 4.1.0-11369-g0e1cc95 #1
[    0.269739] Hardware name: QEMU Standard PC (i440FX + PIIX, 1996), BIOS 1.7.5-20140531_083030-gandalf 04/01/2014
[    0.269739] Hardware name: QEMU Standard PC (i440FX + PIIX, 1996), BIOS 1.7.5-20140531_083030-gandalf 04/01/2014
[    0.270000]  0000000000000009
[    0.270000]  0000000000000009 ffff88000f997c48 ffff88000f997c48 ffffffff817d5686 ffffffff817d5686 ffffffff810cb07d ffffffff810cb07d

[    0.270000]  ffff88000f997c98
[    0.270000]  ffff88000f997c98 ffff88000f997c88 ffff88000f997c88 ffffffff8108bd43 ffffffff8108bd43 ffff88000f997c68 ffff88000f997c68

[    0.270000]  ffffffff810c3b8d
[    0.270000]  ffffffff810c3b8d ffff88000f990000 ffff88000f990000 ffff8800114fe000 ffff8800114fe000 ffffffff8236e530 ffffffff8236e530

[    0.270000] Call Trace:
[    0.270000] Call Trace:
[    0.270000]  [<ffffffff817d5686>] dump_stack+0x4c/0x6e
[    0.270000]  [<ffffffff817d5686>] dump_stack+0x4c/0x6e
[    0.270000]  [<ffffffff810cb07d>] ? console_unlock+0x3f3/0x422
[    0.270000]  [<ffffffff810cb07d>] ? console_unlock+0x3f3/0x422
[    0.270000]  [<ffffffff8108bd43>] warn_slowpath_common+0x9c/0xb6
[    0.270000]  [<ffffffff8108bd43>] warn_slowpath_common+0x9c/0xb6
[    0.270000]  [<ffffffff810c3b8d>] ? lock_release+0xde/0x3d3
[    0.270000]  [<ffffffff810c3b8d>] ? lock_release+0xde/0x3d3
[    0.270000]  [<ffffffff821dc011>] ? deferred_init_memmap+0x306/0x32d
[    0.270000]  [<ffffffff821dc011>] ? deferred_init_memmap+0x306/0x32d
[    0.270000]  [<ffffffff8108bdc2>] warn_slowpath_fmt+0x46/0x48
[    0.270000]  [<ffffffff8108bdc2>] warn_slowpath_fmt+0x46/0x48
[    0.270000]  [<ffffffff810c3b8d>] lock_release+0xde/0x3d3
[    0.270000]  [<ffffffff810c3b8d>] lock_release+0xde/0x3d3
[    0.270000]  [<ffffffff821dbd0b>] ? deferred_free_range+0x63/0x63
[    0.270000]  [<ffffffff821dbd0b>] ? deferred_free_range+0x63/0x63
[    0.270000]  [<ffffffff810c08ac>] up_read+0x20/0x2c
[    0.270000]  [<ffffffff810c08ac>] up_read+0x20/0x2c
[    0.270000]  [<ffffffff821dc011>] deferred_init_memmap+0x306/0x32d
[    0.270000]  [<ffffffff821dc011>] deferred_init_memmap+0x306/0x32d
[    0.270000]  [<ffffffff817d9ea9>] ? __schedule+0x3b9/0x5af
[    0.270000]  [<ffffffff817d9ea9>] ? __schedule+0x3b9/0x5af
[    0.270000]  [<ffffffff821dbd0b>] ? deferred_free_range+0x63/0x63
[    0.270000]  [<ffffffff821dbd0b>] ? deferred_free_range+0x63/0x63
[    0.270000]  [<ffffffff810a2cb8>] kthread+0xe0/0xe8
[    0.270000]  [<ffffffff810a2cb8>] kthread+0xe0/0xe8
[    0.270000]  [<ffffffff817de2eb>] ? _raw_spin_unlock_irq+0x32/0x46
[    0.270000]  [<ffffffff817de2eb>] ? _raw_spin_unlock_irq+0x32/0x46
[    0.270000]  [<ffffffff810a2bd8>] ? __kthread_parkme+0xad/0xad
[    0.270000]  [<ffffffff810a2bd8>] ? __kthread_parkme+0xad/0xad
[    0.270000]  [<ffffffff817df1cf>] ret_from_fork+0x3f/0x70
[    0.270000]  [<ffffffff817df1cf>] ret_from_fork+0x3f/0x70
[    0.270000]  [<ffffffff810a2bd8>] ? __kthread_parkme+0xad/0xad
[    0.270000]  [<ffffffff810a2bd8>] ? __kthread_parkme+0xad/0xad
[    0.270000] ---[ end trace 95f3f95a9e2dd516 ]---
[    0.270000] ---[ end trace 95f3f95a9e2dd516 ]---

git bisect start 9bbbdce9ba479ee60d157b45e83c2060f5e6ceac v4.1 --
git bisect good f822dcc63f966fc79b11a8254fa0942b1aa8c71e  # 14:45     20+      0  Merge tag 'sound-fix-4.2-rc1' of git://git.kernel.org/pub/scm/linux/kernel/git/tiwai/sound
git bisect  bad daa259f637dc2e674b38884342f0ded0189aceff  # 15:40      0-     11  Merge 'mediatek/v4.2-next/soc' into devel-hourly-2015070709
git bisect  bad 13d45f79a2af84de9083310db58b309a61065208  # 16:14      0-      3  Merge branch 'for-next' of git://git.kernel.org/pub/scm/linux/kernel/git/cooloney/linux-leds
git bisect good d5fb82137b6cd39e67c4321f4f5ce9b03d4d04e6  # 16:23     22+      0  Merge branch 'irq-urgent-for-linus' of git://git.kernel.org/pub/scm/linux/kernel/git/tip/tip
git bisect  bad 2d01eedf1d14432f4db5388a49dc5596a8c5bd02  # 16:29      0-      4  Merge branch 'akpm' (patches from Andrew)
git bisect good 6ac15baacb6ecd87c66209627753b96ded3b4515  # 17:36     21+      0  Merge branch 'timers-urgent-for-linus' of git://git.kernel.org/pub/scm/linux/kernel/git/tip/tip
git bisect  bad 9ce71148b027e2bd27016139cae1c39401587695  # 19:04      0-     13  devpts: if initialization failed, don't crash when opening /dev/ptmx
git bisect  bad 460b865e53c347ebf110e50d499718cd9b39d810  # 20:05      0-      2  fs: document seq_open()'s usage of file->private_data
git bisect good 7e18adb4f80bea90d30b62158694d97c31f71d37  # 20:14     20+      0  mm: meminit: initialise remaining struct pages in parallel with kswapd
git bisect good ac5d2539b2382689b1cdb90bd60dcd49f61c2773  # 21:18     22+      0  mm: meminit: reduce number of times pageblocks are set during struct page init
git bisect  bad 0e1cc95b4cc7293bb7b39175035e7f7e45c90977  # 21:26      0-     12  mm: meminit: finish initialisation of struct pages before basic setup
git bisect good 74033a798f5a5db368126ee6f690111cf019bf7a  # 21:37     22+      0  mm: meminit: remove mminit_verify_page_links
# first bad commit: [0e1cc95b4cc7293bb7b39175035e7f7e45c90977] mm: meminit: finish initialisation of struct pages before basic setup
git bisect good 74033a798f5a5db368126ee6f690111cf019bf7a  # 21:41     63+      0  mm: meminit: remove mminit_verify_page_links
# extra tests with DEBUG_INFO
git bisect  bad 0e1cc95b4cc7293bb7b39175035e7f7e45c90977  # 21:50      0-      5  mm: meminit: finish initialisation of struct pages before basic setup
# extra tests on HEAD of linux-devel/devel-hourly-2015070709
git bisect  bad 9bbbdce9ba479ee60d157b45e83c2060f5e6ceac  # 21:50      0-     13  0day head guard for 'devel-hourly-2015070709'
# extra tests on tree/branch linus/master
# extra tests with first bad commit reverted
# extra tests on tree/branch linus/master
# extra tests on tree/branch next/master
git bisect  bad 8e551e96341aa57779ea93a87c857ae61a057f11  # 22:27      0-      1  Add linux-next specific files for 20150707


This script may reproduce the error.

----------------------------------------------------------------------------
#!/bin/bash

kernel=$1
initrd=quantal-core-x86_64.cgz

wget --no-clobber https://github.com/fengguang/reproduce-kernel-bug/raw/master/initrd/$initrd

kvm=(
	qemu-system-x86_64
	-enable-kvm
	-cpu kvm64
	-kernel $kernel
	-initrd $initrd
	-m 300
	-smp 2
	-device e1000,netdev=net0
	-netdev user,id=net0
	-boot order=nc
	-no-reboot
	-watchdog i6300esb
	-rtc base=localtime
	-serial stdio
	-display none
	-monitor null 
)

append=(
	hung_task_panic=1
	earlyprintk=ttyS0,115200
	systemd.log_level=err
	debug
	apic=debug
	sysrq_always_enabled
	rcupdate.rcu_cpu_stall_timeout=100
	panic=-1
	softlockup_panic=1
	nmi_watchdog=panic
	oops=panic
	load_ramdisk=2
	prompt_ramdisk=0
	console=ttyS0,115200
	console=tty0
	vga=normal
	root=/dev/ram0
	rw
	drbd.minor_count=8
)

"${kvm[@]}" --append "${append[*]}"
----------------------------------------------------------------------------

---
0-DAY kernel test infrastructure                Open Source Technology Center
https://lists.01.org/pipermail/lkp                          Intel Corporation

--=_559be1ee./9tdyPbznChQo7YkntdXp/uaiwvnlAbayZyItQ03e8HMF6wr
Content-Type: text/plain;
 charset=us-ascii
Content-Transfer-Encoding: quoted-printable
Content-Disposition: attachment;
 filename="dmesg-quantal-intel12-1:20150707213044:x86_64-randconfig-h0-07070925:4.1.0-11369-g0e1cc95:1"

early console in setup code
early console in decompress_kernel

Decompressing Linux... Parsing ELF... done.
Booting the kernel.
[    0.000000] Initializing cgroup subsys cpuset
[    0.000000] Initializing cgroup subsys cpu
[    0.000000] Linux version 4.1.0-11369-g0e1cc95 (kbuild@lkp-nex05) (g=
cc version 4.9.2 (Debian 4.9.2-10) ) #1 SMP PREEMPT Tue Jul 7 21:22:08 =
CST 2015
[    0.000000] Command line: hung_task_panic=3D1 earlyprintk=3DttyS0,11=
5200 systemd.log_level=3Derr debug apic=3Ddebug sysrq_always_enabled rc=
update.rcu_cpu_stall_timeout=3D100 panic=3D-1 softlockup_panic=3D1 nmi_=
watchdog=3Dpanic oops=3Dpanic load_ramdisk=3D2 prompt_ramdisk=3D0 conso=
le=3DttyS0,115200 console=3Dtty0 vga=3Dnormal  root=3D/dev/ram0 rw link=
=3D/kbuild-tests/run-queue/kvm/x86_64-randconfig-h0-07070925/linux-deve=
l:devel-hourly-2015070709:0e1cc95b4cc7293bb7b39175035e7f7e45c90977:bise=
ct-linux-6/.vmlinuz-0e1cc95b4cc7293bb7b39175035e7f7e45c90977-2015070721=
2227-3-intel12 branch=3Dlinux-devel/devel-hourly-2015070709 BOOT_IMAGE=
=3D/pkg/linux/x86_64-randconfig-h0-07070925/gcc-4.9/0e1cc95b4cc7293bb7b=
39175035e7f7e45c90977/vmlinuz-4.1.0-11369-g0e1cc95 drbd.minor_count=3D8
[    0.000000] x86/fpu: Legacy x87 FPU detected.
[    0.000000] x86/fpu: Using 'lazy' FPU context switches.
[    0.000000] e820: BIOS-provided physical RAM map:
[    0.000000] BIOS-e820: [mem 0x0000000000000000-0x000000000009fbff] u=
sable
[    0.000000] BIOS-e820: [mem 0x000000000009fc00-0x000000000009ffff] r=
eserved
[    0.000000] BIOS-e820: [mem 0x00000000000f0000-0x00000000000fffff] r=
eserved
[    0.000000] BIOS-e820: [mem 0x0000000000100000-0x0000000012bdffff] u=
sable
[    0.000000] BIOS-e820: [mem 0x0000000012be0000-0x0000000012bfffff] r=
eserved
[    0.000000] BIOS-e820: [mem 0x00000000feffc000-0x00000000feffffff] r=
eserved
[    0.000000] BIOS-e820: [mem 0x00000000fffc0000-0x00000000ffffffff] r=
eserved
[    0.000000] bootconsole [earlyser0] enabled
[    0.000000] NX (Execute Disable) protection: active
[    0.000000] SMBIOS 2.8 present.
[    0.000000] DMI: QEMU Standard PC (i440FX + PIIX, 1996), BIOS 1.7.5-=
20140531_083030-gandalf 04/01/2014
[    0.000000] Hypervisor detected: KVM
[    0.000000] e820: update [mem 0x00000000-0x00000fff] usable =3D=3D> =
reserved
[    0.000000] e820: remove [mem 0x000a0000-0x000fffff] usable
[    0.000000] e820: last_pfn =3D 0x12be0 max_arch_pfn =3D 0x400000000
[    0.000000] MTRR default type: write-back
[    0.000000] MTRR fixed ranges enabled:
[    0.000000]   00000-9FFFF write-back
[    0.000000]   A0000-BFFFF uncachable
[    0.000000]   C0000-FFFFF write-protect
[    0.000000] MTRR variable ranges enabled:
[    0.000000]   0 base 0080000000 mask FF80000000 uncachable
[    0.000000]   1 disabled
[    0.000000]   2 disabled
[    0.000000]   3 disabled
[    0.000000]   4 disabled
[    0.000000]   5 disabled
[    0.000000]   6 disabled
[    0.000000]   7 disabled
[    0.000000] x86/PAT: Configuration [0-7]: WB  WT  UC- UC  WB  WT  UC=
- UC =20
[    0.000000] Scanning 1 areas for low memory corruption
[    0.000000] Base memory trampoline at [ffff880000099000] 99000 size =
24576
[    0.000000] init_memory_mapping: [mem 0x00000000-0x000fffff]
[    0.000000]  [mem 0x00000000-0x000fffff] page 4k
[    0.000000] BRK [0x04046000, 0x04046fff] PGTABLE
[    0.000000] BRK [0x04047000, 0x04047fff] PGTABLE
[    0.000000] BRK [0x04048000, 0x04048fff] PGTABLE
[    0.000000] init_memory_mapping: [mem 0x11200000-0x113fffff]
[    0.000000]  [mem 0x11200000-0x113fffff] page 4k
[    0.000000] BRK [0x04049000, 0x04049fff] PGTABLE
[    0.000000] init_memory_mapping: [mem 0x00100000-0x111fffff]
[    0.000000]  [mem 0x00100000-0x111fffff] page 4k
[    0.000000] init_memory_mapping: [mem 0x11400000-0x12bdffff]
[    0.000000]  [mem 0x11400000-0x12bdffff] page 4k
[    0.000000] BRK [0x0404a000, 0x0404afff] PGTABLE
[    0.000000] BRK [0x0404b000, 0x0404bfff] PGTABLE
[    0.000000] RAMDISK: [mem 0x11525000-0x12bd7fff]
[    0.000000] ACPI: Early table checksum verification disabled
[    0.000000] ACPI: RSDP 0x00000000000F0C60 000014 (v00 BOCHS )
[    0.000000] ACPI: RSDT 0x0000000012BE18BD 000034 (v01 BOCHS  BXPCRSD=
T 00000001 BXPC 00000001)
[    0.000000] ACPI: FACP 0x0000000012BE0B37 000074 (v01 BOCHS  BXPCFAC=
P 00000001 BXPC 00000001)
[    0.000000] ACPI: DSDT 0x0000000012BE0040 000AF7 (v01 BOCHS  BXPCDSD=
T 00000001 BXPC 00000001)
[    0.000000] ACPI: FACS 0x0000000012BE0000 000040
[    0.000000] ACPI: SSDT 0x0000000012BE0BAB 000C5A (v01 BOCHS  BXPCSSD=
T 00000001 BXPC 00000001)
[    0.000000] ACPI: APIC 0x0000000012BE1805 000080 (v01 BOCHS  BXPCAPI=
C 00000001 BXPC 00000001)
[    0.000000] ACPI: HPET 0x0000000012BE1885 000038 (v01 BOCHS  BXPCHPE=
T 00000001 BXPC 00000001)
[    0.000000] ACPI: Local APIC address 0xfee00000
[    0.000000] mapped APIC to ffffffffff57d000 (        fee00000)
[    0.000000] No NUMA configuration found
[    0.000000] Faking a node at [mem 0x0000000000000000-0x0000000012bdf=
fff]
[    0.000000] NODE_DATA(0) allocated [mem 0x114fe000-0x11524fff]
[    0.000000] cma: dma_contiguous_reserve(limit 12be0000)
[    0.000000] kvm-clock: Using msrs 4b564d01 and 4b564d00
[    0.000000] kvm-clock: cpu 0, msr 0:1147e001, primary cpu clock
[    0.000000] clocksource: kvm-clock: mask: 0xffffffffffffffff max_cyc=
les: 0x1cd42e4dffb, max_idle_ns: 881590591483 ns
[    0.000000] Zone ranges:
[    0.000000]   DMA      [mem 0x0000000000001000-0x0000000000ffffff]
[    0.000000]   DMA32    [mem 0x0000000001000000-0x0000000012bdffff]
[    0.000000]   Normal   empty
[    0.000000] Movable zone start for each node
[    0.000000] Early memory node ranges
[    0.000000]   node   0: [mem 0x0000000000001000-0x000000000009efff]
[    0.000000]   node   0: [mem 0x0000000000100000-0x0000000012bdffff]
[    0.000000] Initmem setup node 0 [mem 0x0000000000001000-0x000000001=
2bdffff]
[    0.000000] On node 0 totalpages: 76670
[    0.000000]   DMA zone: 64 pages used for memmap
[    0.000000]   DMA zone: 21 pages reserved
[    0.000000]   DMA zone: 3998 pages, LIFO batch:0
[    0.000000]   DMA32 zone: 1136 pages used for memmap
[    0.000000]   DMA32 zone: 72672 pages, LIFO batch:15
[    0.000000] ACPI: PM-Timer IO Port: 0x608
[    0.000000] ACPI: Local APIC address 0xfee00000
[    0.000000] mapped APIC to ffffffffff57d000 (        fee00000)
[    0.000000] ACPI: LAPIC_NMI (acpi_id[0xff] dfl dfl lint[0x1])
[    0.000000] IOAPIC[0]: apic_id 0, version 17, address 0xfec00000, GS=
I 0-23
[    0.000000] ACPI: INT_SRC_OVR (bus 0 bus_irq 0 global_irq 2 dfl dfl)
[    0.000000] Int: type 0, pol 0, trig 0, bus 00, IRQ 00, APIC ID 0, A=
PIC INT 02
[    0.000000] ACPI: INT_SRC_OVR (bus 0 bus_irq 5 global_irq 5 high lev=
el)
[    0.000000] Int: type 0, pol 1, trig 3, bus 00, IRQ 05, APIC ID 0, A=
PIC INT 05
[    0.000000] ACPI: INT_SRC_OVR (bus 0 bus_irq 9 global_irq 9 high lev=
el)
[    0.000000] Int: type 0, pol 1, trig 3, bus 00, IRQ 09, APIC ID 0, A=
PIC INT 09
[    0.000000] ACPI: INT_SRC_OVR (bus 0 bus_irq 10 global_irq 10 high l=
evel)
[    0.000000] Int: type 0, pol 1, trig 3, bus 00, IRQ 0a, APIC ID 0, A=
PIC INT 0a
[    0.000000] ACPI: INT_SRC_OVR (bus 0 bus_irq 11 global_irq 11 high l=
evel)
[    0.000000] Int: type 0, pol 1, trig 3, bus 00, IRQ 0b, APIC ID 0, A=
PIC INT 0b
[    0.000000] ACPI: IRQ0 used by override.
[    0.000000] Int: type 0, pol 0, trig 0, bus 00, IRQ 01, APIC ID 0, A=
PIC INT 01
[    0.000000] Int: type 0, pol 0, trig 0, bus 00, IRQ 03, APIC ID 0, A=
PIC INT 03
[    0.000000] Int: type 0, pol 0, trig 0, bus 00, IRQ 04, APIC ID 0, A=
PIC INT 04
[    0.000000] ACPI: IRQ5 used by override.
[    0.000000] Int: type 0, pol 0, trig 0, bus 00, IRQ 06, APIC ID 0, A=
PIC INT 06
[    0.000000] Int: type 0, pol 0, trig 0, bus 00, IRQ 07, APIC ID 0, A=
PIC INT 07
[    0.000000] Int: type 0, pol 0, trig 0, bus 00, IRQ 08, APIC ID 0, A=
PIC INT 08
[    0.000000] ACPI: IRQ9 used by override.
[    0.000000] ACPI: IRQ10 used by override.
[    0.000000] ACPI: IRQ11 used by override.
[    0.000000] Int: type 0, pol 0, trig 0, bus 00, IRQ 0c, APIC ID 0, A=
PIC INT 0c
[    0.000000] Int: type 0, pol 0, trig 0, bus 00, IRQ 0d, APIC ID 0, A=
PIC INT 0d
[    0.000000] Int: type 0, pol 0, trig 0, bus 00, IRQ 0e, APIC ID 0, A=
PIC INT 0e
[    0.000000] Int: type 0, pol 0, trig 0, bus 00, IRQ 0f, APIC ID 0, A=
PIC INT 0f
[    0.000000] Using ACPI (MADT) for SMP configuration information
[    0.000000] ACPI: HPET id: 0x8086a201 base: 0xfed00000
[    0.000000] smpboot: Allowing 2 CPUs, 0 hotplug CPUs
[    0.000000] mapped IOAPIC to ffffffffff57c000 (fec00000)
[    0.000000] e820: [mem 0x12c00000-0xfeffbfff] available for PCI devi=
ces
[    0.000000] Booting paravirtualized kernel on KVM
[    0.000000] clocksource: refined-jiffies: mask: 0xffffffff max_cycle=
s: 0xffffffff, max_idle_ns: 19112604462750000 ns
[    0.000000] setup_percpu: NR_CPUS:8192 nr_cpumask_bits:2 nr_cpu_ids:=
2 nr_node_ids:1
[    0.000000] PERCPU: Embedded 477 pages/cpu @ffff880010e00000 s192275=
2 r0 d31040 u2097152
[    0.000000] pcpu-alloc: s1922752 r0 d31040 u2097152 alloc=3D1*209715=
2
[    0.000000] pcpu-alloc: [0] 0 [0] 1=20
[    0.000000] KVM setup async PF for cpu 0
[    0.000000] kvm-stealtime: cpu 0, msr 10e0d140
[    0.000000] Built 1 zonelists in Node order, mobility grouping on.  =
Total pages: 75449
[    0.000000] Policy zone: DMA32
[    0.000000] Kernel command line: hung_task_panic=3D1 earlyprintk=3Dt=
tyS0,115200 systemd.log_level=3Derr debug apic=3Ddebug sysrq_always_ena=
bled rcupdate.rcu_cpu_stall_timeout=3D100 panic=3D-1 softlockup_panic=
=3D1 nmi_watchdog=3Dpanic oops=3Dpanic load_ramdisk=3D2 prompt_ramdisk=
=3D0 console=3DttyS0,115200 console=3Dtty0 vga=3Dnormal  root=3D/dev/ra=
m0 rw link=3D/kbuild-tests/run-queue/kvm/x86_64-randconfig-h0-07070925/=
linux-devel:devel-hourly-2015070709:0e1cc95b4cc7293bb7b39175035e7f7e45c=
90977:bisect-linux-6/.vmlinuz-0e1cc95b4cc7293bb7b39175035e7f7e45c90977-=
20150707212227-3-intel12 branch=3Dlinux-devel/devel-hourly-2015070709 B=
OOT_IMAGE=3D/pkg/linux/x86_64-randconfig-h0-07070925/gcc-4.9/0e1cc95b4c=
c7293bb7b39175035e7f7e45c90977/vmlinuz-4.1.0-11369-g0e1cc95 drbd.minor_=
count=3D8
[    0.000000] sysrq: sysrq always enabled.
[    0.000000] PID hash table entries: 2048 (order: 2, 16384 bytes)
[    0.000000] Calgary: detecting Calgary via BIOS EBDA area
[    0.000000] Calgary: Unable to locate Rio Grande table in EBDA - bai=
ling!
[    0.000000] Memory: 221944K/306680K available (8069K kernel code, 19=
32K rwdata, 4648K rodata, 4248K init, 28888K bss, 84736K reserved, 0K c=
ma-reserved)
[    0.000000] SLUB: HWalign=3D64, Order=3D0-3, MinObjects=3D0, CPUs=3D=
2, Nodes=3D1
[    0.000000] Preemptible hierarchical RCU implementation.
[    0.000000] RCU: Adjusting geometry for rcu_fanout_leaf=3D64, nr_cpu=
_ids=3D2
[    0.000000]=20
[    0.000000] ********************************************************=
**
[    0.000000] **   NOTICE NOTICE NOTICE NOTICE NOTICE NOTICE NOTICE   =
**
[    0.000000] **                                                      =
**
[    0.000000] ** trace_printk() being used. Allocating extra memory.  =
**
[    0.000000] **                                                      =
**
[    0.000000] ** This means that this is a DEBUG kernel and it is     =
**
[    0.000000] ** unsafe for production use.                           =
**
[    0.000000] **                                                      =
**
[    0.000000] ** If you see this message and you are not debugging    =
**
[    0.000000] ** the kernel, report this immediately to your vendor!  =
**
[    0.000000] **                                                      =
**
[    0.000000] **   NOTICE NOTICE NOTICE NOTICE NOTICE NOTICE NOTICE   =
**
[    0.000000] ********************************************************=
**
[    0.000000] NR_IRQS:4352 nr_irqs:440 16
[    0.000000] Initializing cgroup subsys cpuset
[    0.000000] Initializing cgroup subsys cpu
[    0.000000] Linux version 4.1.0-11369-g0e1cc95 (kbuild@lkp-nex05) (g=
cc version 4.9.2 (Debian 4.9.2-10) ) #1 SMP PREEMPT Tue Jul 7 21:22:08 =
CST 2015
[    0.000000] Command line: hung_task_panic=3D1 earlyprintk=3DttyS0,11=
5200 systemd.log_level=3Derr debug apic=3Ddebug sysrq_always_enabled rc=
update.rcu_cpu_stall_timeout=3D100 panic=3D-1 softlockup_panic=3D1 nmi_=
watchdog=3Dpanic oops=3Dpanic load_ramdisk=3D2 prompt_ramdisk=3D0 conso=
le=3DttyS0,115200 console=3Dtty0 vga=3Dnormal  root=3D/dev/ram0 rw link=
=3D/kbuild-tests/run-queue/kvm/x86_64-randconfig-h0-07070925/linux-deve=
l:devel-hourly-2015070709:0e1cc95b4cc7293bb7b39175035e7f7e45c90977:bise=
ct-linux-6/.vmlinuz-0e1cc95b4cc7293bb7b39175035e7f7e45c90977-2015070721=
2227-3-intel12 branch=3Dlinux-devel/devel-hourly-2015070709 BOOT_IMAGE=
=3D/pkg/linux/x86_64-randconfig-h0-07070925/gcc-4.9/0e1cc95b4cc7293bb7b=
39175035e7f7e45c90977/vmlinuz-4.1.0-11369-g0e1cc95 drbd.minor_count=3D8
[    0.000000] x86/fpu: Legacy x87 FPU detected.
[    0.000000] x86/fpu: Using 'lazy' FPU context switches.
[    0.000000] e820: BIOS-provided physical RAM map:
[    0.000000] BIOS-e820: [mem 0x0000000000000000-0x000000000009fbff] u=
sable
[    0.000000] BIOS-e820: [mem 0x000000000009fc00-0x000000000009ffff] r=
eserved
[    0.000000] BIOS-e820: [mem 0x00000000000f0000-0x00000000000fffff] r=
eserved
[    0.000000] BIOS-e820: [mem 0x0000000000100000-0x0000000012bdffff] u=
sable
[    0.000000] BIOS-e820: [mem 0x0000000012be0000-0x0000000012bfffff] r=
eserved
[    0.000000] BIOS-e820: [mem 0x00000000feffc000-0x00000000feffffff] r=
eserved
[    0.000000] BIOS-e820: [mem 0x00000000fffc0000-0x00000000ffffffff] r=
eserved
[    0.000000] bootconsole [earlyser0] enabled
[    0.000000] NX (Execute Disable) protection: active
[    0.000000] SMBIOS 2.8 present.
[    0.000000] DMI: QEMU Standard PC (i440FX + PIIX, 1996), BIOS 1.7.5-=
20140531_083030-gandalf 04/01/2014
[    0.000000] Hypervisor detected: KVM
[    0.000000] e820: update [mem 0x00000000-0x00000fff] usable =3D=3D> =
reserved
[    0.000000] e820: remove [mem 0x000a0000-0x000fffff] usable
[    0.000000] e820: last_pfn =3D 0x12be0 max_arch_pfn =3D 0x400000000
[    0.000000] MTRR default type: write-back
[    0.000000] MTRR fixed ranges enabled:
[    0.000000]   00000-9FFFF write-back
[    0.000000]   A0000-BFFFF uncachable
[    0.000000]   C0000-FFFFF write-protect
[    0.000000] MTRR variable ranges enabled:
[    0.000000]   0 base 0080000000 mask FF80000000 uncachable
[    0.000000]   1 disabled
[    0.000000]   2 disabled
[    0.000000]   3 disabled
[    0.000000]   4 disabled
[    0.000000]   5 disabled
[    0.000000]   6 disabled
[    0.000000]   7 disabled
[    0.000000] x86/PAT: Configuration [0-7]: WB  WT  UC- UC  WB  WT  UC=
- UC =20
[    0.000000] Scanning 1 areas for low memory corruption
[    0.000000] Base memory trampoline at [ffff880000099000] 99000 size =
24576
[    0.000000] init_memory_mapping: [mem 0x00000000-0x000fffff]
[    0.000000]  [mem 0x00000000-0x000fffff] page 4k
[    0.000000] BRK [0x04046000, 0x04046fff] PGTABLE
[    0.000000] BRK [0x04047000, 0x04047fff] PGTABLE
[    0.000000] BRK [0x04048000, 0x04048fff] PGTABLE
[    0.000000] init_memory_mapping: [mem 0x11200000-0x113fffff]
[    0.000000]  [mem 0x11200000-0x113fffff] page 4k
[    0.000000] BRK [0x04049000, 0x04049fff] PGTABLE
[    0.000000] init_memory_mapping: [mem 0x00100000-0x111fffff]
[    0.000000]  [mem 0x00100000-0x111fffff] page 4k
[    0.000000] init_memory_mapping: [mem 0x11400000-0x12bdffff]
[    0.000000]  [mem 0x11400000-0x12bdffff] page 4k
[    0.000000] BRK [0x0404a000, 0x0404afff] PGTABLE
[    0.000000] BRK [0x0404b000, 0x0404bfff] PGTABLE
[    0.000000] RAMDISK: [mem 0x11525000-0x12bd7fff]
[    0.000000] ACPI: Early table checksum verification disabled
[    0.000000] ACPI: RSDP 0x00000000000F0C60 000014 (v00 BOCHS )
[    0.000000] ACPI: RSDT 0x0000000012BE18BD 000034 (v01 BOCHS  BXPCRSD=
T 00000001 BXPC 00000001)
[    0.000000] ACPI: FACP 0x0000000012BE0B37 000074 (v01 BOCHS  BXPCFAC=
P 00000001 BXPC 00000001)
[    0.000000] ACPI: DSDT 0x0000000012BE0040 000AF7 (v01 BOCHS  BXPCDSD=
T 00000001 BXPC 00000001)
[    0.000000] ACPI: FACS 0x0000000012BE0000 000040
[    0.000000] ACPI: SSDT 0x0000000012BE0BAB 000C5A (v01 BOCHS  BXPCSSD=
T 00000001 BXPC 00000001)
[    0.000000] ACPI: APIC 0x0000000012BE1805 000080 (v01 BOCHS  BXPCAPI=
C 00000001 BXPC 00000001)
[    0.000000] ACPI: HPET 0x0000000012BE1885 000038 (v01 BOCHS  BXPCHPE=
T 00000001 BXPC 00000001)
[    0.000000] ACPI: Local APIC address 0xfee00000
[    0.000000] mapped APIC to ffffffffff57d000 (        fee00000)
[    0.000000] No NUMA configuration found
[    0.000000] Faking a node at [mem 0x0000000000000000-0x0000000012bdf=
fff]
[    0.000000] NODE_DATA(0) allocated [mem 0x114fe000-0x11524fff]
[    0.000000] cma: dma_contiguous_reserve(limit 12be0000)
[    0.000000] kvm-clock: Using msrs 4b564d01 and 4b564d00
[    0.000000] kvm-clock: cpu 0, msr 0:1147e001, primary cpu clock
[    0.000000] clocksource: kvm-clock: mask: 0xffffffffffffffff max_cyc=
les: 0x1cd42e4dffb, max_idle_ns: 881590591483 ns
[    0.000000] Zone ranges:
[    0.000000]   DMA      [mem 0x0000000000001000-0x0000000000ffffff]
[    0.000000]   DMA32    [mem 0x0000000001000000-0x0000000012bdffff]
[    0.000000]   Normal   empty
[    0.000000] Movable zone start for each node
[    0.000000] Early memory node ranges
[    0.000000]   node   0: [mem 0x0000000000001000-0x000000000009efff]
[    0.000000]   node   0: [mem 0x0000000000100000-0x0000000012bdffff]
[    0.000000] Initmem setup node 0 [mem 0x0000000000001000-0x000000001=
2bdffff]
[    0.000000] On node 0 totalpages: 76670
[    0.000000]   DMA zone: 64 pages used for memmap
[    0.000000]   DMA zone: 21 pages reserved
[    0.000000]   DMA zone: 3998 pages, LIFO batch:0
[    0.000000]   DMA32 zone: 1136 pages used for memmap
[    0.000000]   DMA32 zone: 72672 pages, LIFO batch:15
[    0.000000] ACPI: PM-Timer IO Port: 0x608
[    0.000000] ACPI: Local APIC address 0xfee00000
[    0.000000] mapped APIC to ffffffffff57d000 (        fee00000)
[    0.000000] ACPI: LAPIC_NMI (acpi_id[0xff] dfl dfl lint[0x1])
[    0.000000] IOAPIC[0]: apic_id 0, version 17, address 0xfec00000, GS=
I 0-23
[    0.000000] ACPI: INT_SRC_OVR (bus 0 bus_irq 0 global_irq 2 dfl dfl)
[    0.000000] Int: type 0, pol 0, trig 0, bus 00, IRQ 00, APIC ID 0, A=
PIC INT 02
[    0.000000] ACPI: INT_SRC_OVR (bus 0 bus_irq 5 global_irq 5 high lev=
el)
[    0.000000] Int: type 0, pol 1, trig 3, bus 00, IRQ 05, APIC ID 0, A=
PIC INT 05
[    0.000000] ACPI: INT_SRC_OVR (bus 0 bus_irq 9 global_irq 9 high lev=
el)
[    0.000000] Int: type 0, pol 1, trig 3, bus 00, IRQ 09, APIC ID 0, A=
PIC INT 09
[    0.000000] ACPI: INT_SRC_OVR (bus 0 bus_irq 10 global_irq 10 high l=
evel)
[    0.000000] Int: type 0, pol 1, trig 3, bus 00, IRQ 0a, APIC ID 0, A=
PIC INT 0a
[    0.000000] ACPI: INT_SRC_OVR (bus 0 bus_irq 11 global_irq 11 high l=
evel)
[    0.000000] Int: type 0, pol 1, trig 3, bus 00, IRQ 0b, APIC ID 0, A=
PIC INT 0b
[    0.000000] ACPI: IRQ0 used by override.
[    0.000000] Int: type 0, pol 0, trig 0, bus 00, IRQ 01, APIC ID 0, A=
PIC INT 01
[    0.000000] Int: type 0, pol 0, trig 0, bus 00, IRQ 03, APIC ID 0, A=
PIC INT 03
[    0.000000] Int: type 0, pol 0, trig 0, bus 00, IRQ 04, APIC ID 0, A=
PIC INT 04
[    0.000000] ACPI: IRQ5 used by override.
[    0.000000] Int: type 0, pol 0, trig 0, bus 00, IRQ 06, APIC ID 0, A=
PIC INT 06
[    0.000000] Int: type 0, pol 0, trig 0, bus 00, IRQ 07, APIC ID 0, A=
PIC INT 07
[    0.000000] Int: type 0, pol 0, trig 0, bus 00, IRQ 08, APIC ID 0, A=
PIC INT 08
[    0.000000] ACPI: IRQ9 used by override.
[    0.000000] ACPI: IRQ10 used by override.
[    0.000000] ACPI: IRQ11 used by override.
[    0.000000] Int: type 0, pol 0, trig 0, bus 00, IRQ 0c, APIC ID 0, A=
PIC INT 0c
[    0.000000] Int: type 0, pol 0, trig 0, bus 00, IRQ 0d, APIC ID 0, A=
PIC INT 0d
[    0.000000] Int: type 0, pol 0, trig 0, bus 00, IRQ 0e, APIC ID 0, A=
PIC INT 0e
[    0.000000] Int: type 0, pol 0, trig 0, bus 00, IRQ 0f, APIC ID 0, A=
PIC INT 0f
[    0.000000] Using ACPI (MADT) for SMP configuration information
[    0.000000] ACPI: HPET id: 0x8086a201 base: 0xfed00000
[    0.000000] smpboot: Allowing 2 CPUs, 0 hotplug CPUs
[    0.000000] mapped IOAPIC to ffffffffff57c000 (fec00000)
[    0.000000] e820: [mem 0x12c00000-0xfeffbfff] available for PCI devi=
ces
[    0.000000] Booting paravirtualized kernel on KVM
[    0.000000] clocksource: refined-jiffies: mask: 0xffffffff max_cycle=
s: 0xffffffff, max_idle_ns: 19112604462750000 ns
[    0.000000] setup_percpu: NR_CPUS:8192 nr_cpumask_bits:2 nr_cpu_ids:=
2 nr_node_ids:1
[    0.000000] PERCPU: Embedded 477 pages/cpu @ffff880010e00000 s192275=
2 r0 d31040 u2097152
[    0.000000] pcpu-alloc: s1922752 r0 d31040 u2097152 alloc=3D1*209715=
2
[    0.000000] pcpu-alloc: [0] 0 [0] 1=20
[    0.000000] KVM setup async PF for cpu 0
[    0.000000] kvm-stealtime: cpu 0, msr 10e0d140
[    0.000000] Built 1 zonelists in Node order, mobility grouping on.  =
Total pages: 75449
[    0.000000] Policy zone: DMA32
[    0.000000] Kernel command line: hung_task_panic=3D1 earlyprintk=3Dt=
tyS0,115200 systemd.log_level=3Derr debug apic=3Ddebug sysrq_always_ena=
bled rcupdate.rcu_cpu_stall_timeout=3D100 panic=3D-1 softlockup_panic=
=3D1 nmi_watchdog=3Dpanic oops=3Dpanic load_ramdisk=3D2 prompt_ramdisk=
=3D0 console=3DttyS0,115200 console=3Dtty0 vga=3Dnormal  root=3D/dev/ra=
m0 rw link=3D/kbuild-tests/run-queue/kvm/x86_64-randconfig-h0-07070925/=
linux-devel:devel-hourly-2015070709:0e1cc95b4cc7293bb7b39175035e7f7e45c=
90977:bisect-linux-6/.vmlinuz-0e1cc95b4cc7293bb7b39175035e7f7e45c90977-=
20150707212227-3-intel12 branch=3Dlinux-devel/devel-hourly-2015070709 B=
OOT_IMAGE=3D/pkg/linux/x86_64-randconfig-h0-07070925/gcc-4.9/0e1cc95b4c=
c7293bb7b39175035e7f7e45c90977/vmlinuz-4.1.0-11369-g0e1cc95 drbd.minor_=
count=3D8
[    0.000000] sysrq: sysrq always enabled.
[    0.000000] PID hash table entries: 2048 (order: 2, 16384 bytes)
[    0.000000] Calgary: detecting Calgary via BIOS EBDA area
[    0.000000] Calgary: Unable to locate Rio Grande table in EBDA - bai=
ling!
[    0.000000] Memory: 221944K/306680K available (8069K kernel code, 19=
32K rwdata, 4648K rodata, 4248K init, 28888K bss, 84736K reserved, 0K c=
ma-reserved)
[    0.000000] SLUB: HWalign=3D64, Order=3D0-3, MinObjects=3D0, CPUs=3D=
2, Nodes=3D1
[    0.000000] Preemptible hierarchical RCU implementation.
[    0.000000] RCU: Adjusting geometry for rcu_fanout_leaf=3D64, nr_cpu=
_ids=3D2
[    0.000000]=20
[    0.000000] ********************************************************=
**
[    0.000000] **   NOTICE NOTICE NOTICE NOTICE NOTICE NOTICE NOTICE   =
**
[    0.000000] **                                                      =
**
[    0.000000] ** trace_printk() being used. Allocating extra memory.  =
**
[    0.000000] **                                                      =
**
[    0.000000] ** This means that this is a DEBUG kernel and it is     =
**
[    0.000000] ** unsafe for production use.                           =
**
[    0.000000] **                                                      =
**
[    0.000000] ** If you see this message and you are not debugging    =
**
[    0.000000] ** the kernel, report this immediately to your vendor!  =
**
[    0.000000] **                                                      =
**
[    0.000000] **   NOTICE NOTICE NOTICE NOTICE NOTICE NOTICE NOTICE   =
**
[    0.000000] ********************************************************=
**
[    0.000000] NR_IRQS:4352 nr_irqs:440 16
[    0.000000] console [ttyS0] enabled
[    0.000000] console [ttyS0] enabled
[    0.000000] Lock dependency validator: Copyright (c) 2006 Red Hat, I=
nc., Ingo Molnar
[    0.000000] Lock dependency validator: Copyright (c) 2006 Red Hat, I=
nc., Ingo Molnar
[    0.000000] ... MAX_LOCKDEP_SUBCLASSES:  8
[    0.000000] ... MAX_LOCKDEP_SUBCLASSES:  8
[    0.000000] ... MAX_LOCK_DEPTH:          48
[    0.000000] ... MAX_LOCK_DEPTH:          48
[    0.000000] ... MAX_LOCKDEP_KEYS:        8191
[    0.000000] ... MAX_LOCKDEP_KEYS:        8191
[    0.000000] ... CLASSHASH_SIZE:          4096
[    0.000000] ... CLASSHASH_SIZE:          4096
[    0.000000] ... MAX_LOCKDEP_ENTRIES:     32768
[    0.000000] ... MAX_LOCKDEP_ENTRIES:     32768
[    0.000000] ... MAX_LOCKDEP_CHAINS:      65536
[    0.000000] ... MAX_LOCKDEP_CHAINS:      65536
[    0.000000] ... CHAINHASH_SIZE:          32768
[    0.000000] ... CHAINHASH_SIZE:          32768
[    0.000000]  memory used by lock dependency info: 8639 kB
[    0.000000]  memory used by lock dependency info: 8639 kB
[    0.000000]  per task-struct memory footprint: 2688 bytes
[    0.000000]  per task-struct memory footprint: 2688 bytes
[    0.000000] ------------------------
[    0.000000] ------------------------
[    0.000000] | Locking API testsuite:
[    0.000000] | Locking API testsuite:
[    0.000000] --------------------------------------------------------=
--------------------
[    0.000000] --------------------------------------------------------=
--------------------
[    0.000000]                                  | spin |wlock |rlock |m=
utex | wsem | rsem |
[    0.000000]                                  | spin |wlock |rlock |m=
utex | wsem | rsem |
[    0.000000]   ------------------------------------------------------=
--------------------
[    0.000000]   ------------------------------------------------------=
--------------------
[    0.000000]                      A-A deadlock:
[    0.000000]                      A-A deadlock:failed|failed|failed|f=
ailed|  ok  |  ok  |failed|failed|failed|failed|failed|failed|

[    0.000000]                  A-B-B-A deadlock:
[    0.000000]                  A-B-B-A deadlock:failed|failed|failed|f=
ailed|  ok  |  ok  |failed|failed|failed|failed|failed|failed|

[    0.000000]              A-B-B-C-C-A deadlock:
[    0.000000]              A-B-B-C-C-A deadlock:failed|failed|failed|f=
ailed|  ok  |  ok  |failed|failed|failed|failed|failed|failed|

[    0.000000]              A-B-C-A-B-C deadlock:
[    0.000000]              A-B-C-A-B-C deadlock:failed|failed|failed|f=
ailed|  ok  |  ok  |failed|failed|failed|failed|failed|failed|

[    0.000000]          A-B-B-C-C-D-D-A deadlock:
[    0.000000]          A-B-B-C-C-D-D-A deadlock:failed|failed|failed|f=
ailed|  ok  |  ok  |failed|failed|failed|failed|failed|failed|

[    0.000000]          A-B-C-D-B-D-D-A deadlock:
[    0.000000]          A-B-C-D-B-D-D-A deadlock:failed|failed|failed|f=
ailed|  ok  |  ok  |failed|failed|failed|failed|failed|failed|

[    0.000000]          A-B-C-D-B-C-D-A deadlock:
[    0.000000]          A-B-C-D-B-C-D-A deadlock:failed|failed|failed|f=
ailed|  ok  |  ok  |failed|failed|failed|failed|failed|failed|

[    0.000000]                     double unlock:
[    0.000000]                     double unlock:  ok  |  ok  |  ok  | =
 ok  |  ok  |  ok  |  ok  |  ok  |  ok  |  ok  |  ok  |  ok  |

[    0.000000]                   initialize held:
[    0.000000]                   initialize held:  ok  |  ok  |  ok  | =
 ok  |  ok  |  ok  |  ok  |  ok  |  ok  |  ok  |  ok  |  ok  |

[    0.000000]                  bad unlock order:
[    0.000000]                  bad unlock order:  ok  |  ok  |  ok  | =
 ok  |  ok  |  ok  |  ok  |  ok  |  ok  |  ok  |  ok  |  ok  |

[    0.000000]   ------------------------------------------------------=
--------------------
[    0.000000]   ------------------------------------------------------=
--------------------
[    0.000000]               recursive read-lock:
[    0.000000]               recursive read-lock:             |        =
     |  ok  |  ok  |             |             |failed|failed|

[    0.000000]            recursive read-lock #2:
[    0.000000]            recursive read-lock #2:             |        =
     |  ok  |  ok  |             |             |failed|failed|

[    0.000000]             mixed read-write-lock:
[    0.000000]             mixed read-write-lock:             |        =
     |failed|failed|             |             |failed|failed|

[    0.000000]             mixed write-read-lock:
[    0.000000]             mixed write-read-lock:             |        =
     |failed|failed|             |             |failed|failed|

[    0.000000]   ------------------------------------------------------=
--------------------
[    0.000000]   ------------------------------------------------------=
--------------------
[    0.000000]      hard-irqs-on + irq-safe-A/12:
[    0.000000]      hard-irqs-on + irq-safe-A/12:failed|failed|failed|f=
ailed|  ok  |  ok  |

[    0.000000]      soft-irqs-on + irq-safe-A/12:
[    0.000000]      soft-irqs-on + irq-safe-A/12:failed|failed|failed|f=
ailed|  ok  |  ok  |

[    0.000000]      hard-irqs-on + irq-safe-A/21:
[    0.000000]      hard-irqs-on + irq-safe-A/21:failed|failed|failed|f=
ailed|  ok  |  ok  |

[    0.000000]      soft-irqs-on + irq-safe-A/21:
[    0.000000]      soft-irqs-on + irq-safe-A/21:failed|failed|failed|f=
ailed|  ok  |  ok  |

[    0.000000]        sirq-safe-A =3D> hirqs-on/12:
[    0.000000]        sirq-safe-A =3D> hirqs-on/12:failed|failed|failed=
|failed|  ok  |  ok  |

[    0.000000]        sirq-safe-A =3D> hirqs-on/21:
[    0.000000]        sirq-safe-A =3D> hirqs-on/21:failed|failed|failed=
|failed|  ok  |  ok  |

[    0.000000]          hard-safe-A + irqs-on/12:
[    0.000000]          hard-safe-A + irqs-on/12:failed|failed|failed|f=
ailed|  ok  |  ok  |

[    0.000000]          soft-safe-A + irqs-on/12:
[    0.000000]          soft-safe-A + irqs-on/12:failed|failed|failed|f=
ailed|  ok  |  ok  |

[    0.000000]          hard-safe-A + irqs-on/21:
[    0.000000]          hard-safe-A + irqs-on/21:failed|failed|failed|f=
ailed|  ok  |  ok  |

[    0.000000]          soft-safe-A + irqs-on/21:
[    0.000000]          soft-safe-A + irqs-on/21:failed|failed|failed|f=
ailed|  ok  |  ok  |

[    0.000000]     hard-safe-A + unsafe-B #1/123:
[    0.000000]     hard-safe-A + unsafe-B #1/123:failed|failed|failed|f=
ailed|  ok  |  ok  |

[    0.000000]     soft-safe-A + unsafe-B #1/123:
[    0.000000]     soft-safe-A + unsafe-B #1/123:failed|failed|failed|f=
ailed|  ok  |  ok  |

[    0.000000]     hard-safe-A + unsafe-B #1/132:
[    0.000000]     hard-safe-A + unsafe-B #1/132:failed|failed|failed|f=
ailed|  ok  |  ok  |

[    0.000000]     soft-safe-A + unsafe-B #1/132:
[    0.000000]     soft-safe-A + unsafe-B #1/132:failed|failed|failed|f=
ailed|  ok  |  ok  |

[    0.000000]     hard-safe-A + unsafe-B #1/213:
[    0.000000]     hard-safe-A + unsafe-B #1/213:failed|failed|failed|f=
ailed|  ok  |  ok  |

[    0.000000]     soft-safe-A + unsafe-B #1/213:
[    0.000000]     soft-safe-A + unsafe-B #1/213:failed|failed|failed|f=
ailed|  ok  |  ok  |

[    0.000000]     hard-safe-A + unsafe-B #1/231:
[    0.000000]     hard-safe-A + unsafe-B #1/231:failed|failed|failed|f=
ailed|  ok  |  ok  |

[    0.000000]     soft-safe-A + unsafe-B #1/231:
[    0.000000]     soft-safe-A + unsafe-B #1/231:failed|failed|failed|f=
ailed|  ok  |  ok  |

[    0.000000]     hard-safe-A + unsafe-B #1/312:
[    0.000000]     hard-safe-A + unsafe-B #1/312:failed|failed|failed|f=
ailed|  ok  |  ok  |

[    0.000000]     soft-safe-A + unsafe-B #1/312:
[    0.000000]     soft-safe-A + unsafe-B #1/312:failed|failed|failed|f=
ailed|  ok  |  ok  |

[    0.000000]     hard-safe-A + unsafe-B #1/321:
[    0.000000]     hard-safe-A + unsafe-B #1/321:failed|failed|failed|f=
ailed|  ok  |  ok  |

[    0.000000]     soft-safe-A + unsafe-B #1/321:
[    0.000000]     soft-safe-A + unsafe-B #1/321:failed|failed|failed|f=
ailed|  ok  |  ok  |

[    0.000000]     hard-safe-A + unsafe-B #2/123:
[    0.000000]     hard-safe-A + unsafe-B #2/123:failed|failed|failed|f=
ailed|  ok  |  ok  |

[    0.000000]     soft-safe-A + unsafe-B #2/123:
[    0.000000]     soft-safe-A + unsafe-B #2/123:failed|failed|failed|f=
ailed|  ok  |  ok  |

[    0.000000]     hard-safe-A + unsafe-B #2/132:
[    0.000000]     hard-safe-A + unsafe-B #2/132:failed|failed|failed|f=
ailed|  ok  |  ok  |

[    0.000000]     soft-safe-A + unsafe-B #2/132:
[    0.000000]     soft-safe-A + unsafe-B #2/132:failed|failed|failed|f=
ailed|  ok  |  ok  |

[    0.000000]     hard-safe-A + unsafe-B #2/213:
[    0.000000]     hard-safe-A + unsafe-B #2/213:failed|failed|failed|f=
ailed|  ok  |  ok  |

[    0.000000]     soft-safe-A + unsafe-B #2/213:
[    0.000000]     soft-safe-A + unsafe-B #2/213:failed|failed|failed|f=
ailed|  ok  |  ok  |

[    0.000000]     hard-safe-A + unsafe-B #2/231:
[    0.000000]     hard-safe-A + unsafe-B #2/231:failed|failed|failed|f=
ailed|  ok  |  ok  |

[    0.000000]     soft-safe-A + unsafe-B #2/231:
[    0.000000]     soft-safe-A + unsafe-B #2/231:failed|failed|failed|f=
ailed|  ok  |  ok  |

[    0.000000]     hard-safe-A + unsafe-B #2/312:
[    0.000000]     hard-safe-A + unsafe-B #2/312:failed|failed|failed|f=
ailed|  ok  |  ok  |

[    0.000000]     soft-safe-A + unsafe-B #2/312:
[    0.000000]     soft-safe-A + unsafe-B #2/312:failed|failed|failed|f=
ailed|  ok  |  ok  |

[    0.000000]     hard-safe-A + unsafe-B #2/321:
[    0.000000]     hard-safe-A + unsafe-B #2/321:failed|failed|failed|f=
ailed|  ok  |  ok  |

[    0.000000]     soft-safe-A + unsafe-B #2/321:
[    0.000000]     soft-safe-A + unsafe-B #2/321:failed|failed|failed|f=
ailed|  ok  |  ok  |

[    0.000000]       hard-irq lock-inversion/123:
[    0.000000]       hard-irq lock-inversion/123:failed|failed|failed|f=
ailed|  ok  |  ok  |

[    0.000000]       soft-irq lock-inversion/123:
[    0.000000]       soft-irq lock-inversion/123:failed|failed|failed|f=
ailed|  ok  |  ok  |

[    0.000000]       hard-irq lock-inversion/132:
[    0.000000]       hard-irq lock-inversion/132:failed|failed|failed|f=
ailed|  ok  |  ok  |

[    0.000000]       soft-irq lock-inversion/132:
[    0.000000]       soft-irq lock-inversion/132:failed|failed|failed|f=
ailed|  ok  |  ok  |

[    0.000000]       hard-irq lock-inversion/213:
[    0.000000]       hard-irq lock-inversion/213:failed|failed|failed|f=
ailed|  ok  |  ok  |

[    0.000000]       soft-irq lock-inversion/213:
[    0.000000]       soft-irq lock-inversion/213:failed|failed|failed|f=
ailed|  ok  |  ok  |

[    0.000000]       hard-irq lock-inversion/231:
[    0.000000]       hard-irq lock-inversion/231:failed|failed|failed|f=
ailed|  ok  |  ok  |

[    0.000000]       soft-irq lock-inversion/231:
[    0.000000]       soft-irq lock-inversion/231:failed|failed|failed|f=
ailed|  ok  |  ok  |

[    0.000000]       hard-irq lock-inversion/312:
[    0.000000]       hard-irq lock-inversion/312:failed|failed|failed|f=
ailed|  ok  |  ok  |

[    0.000000]       soft-irq lock-inversion/312:
[    0.000000]       soft-irq lock-inversion/312:failed|failed|failed|f=
ailed|  ok  |  ok  |

[    0.000000]       hard-irq lock-inversion/321:
[    0.000000]       hard-irq lock-inversion/321:failed|failed|failed|f=
ailed|  ok  |  ok  |

[    0.000000]       soft-irq lock-inversion/321:
[    0.000000]       soft-irq lock-inversion/321:failed|failed|failed|f=
ailed|  ok  |  ok  |

[    0.000000]       hard-irq read-recursion/123:
[    0.000000]       hard-irq read-recursion/123:  ok  |  ok  |

[    0.000000]       soft-irq read-recursion/123:
[    0.000000]       soft-irq read-recursion/123:  ok  |  ok  |

[    0.000000]       hard-irq read-recursion/132:
[    0.000000]       hard-irq read-recursion/132:  ok  |  ok  |

[    0.000000]       soft-irq read-recursion/132:
[    0.000000]       soft-irq read-recursion/132:  ok  |  ok  |

[    0.000000]       hard-irq read-recursion/213:
[    0.000000]       hard-irq read-recursion/213:  ok  |  ok  |

[    0.000000]       soft-irq read-recursion/213:
[    0.000000]       soft-irq read-recursion/213:  ok  |  ok  |

[    0.000000]       hard-irq read-recursion/231:
[    0.000000]       hard-irq read-recursion/231:  ok  |  ok  |

[    0.000000]       soft-irq read-recursion/231:
[    0.000000]       soft-irq read-recursion/231:  ok  |  ok  |

[    0.000000]       hard-irq read-recursion/312:
[    0.000000]       hard-irq read-recursion/312:  ok  |  ok  |

[    0.000000]       soft-irq read-recursion/312:
[    0.000000]       soft-irq read-recursion/312:  ok  |  ok  |

[    0.000000]       hard-irq read-recursion/321:
[    0.000000]       hard-irq read-recursion/321:  ok  |  ok  |

[    0.000000]       soft-irq read-recursion/321:
[    0.000000]       soft-irq read-recursion/321:  ok  |  ok  |

[    0.000000]   ------------------------------------------------------=
--------------------
[    0.000000]   ------------------------------------------------------=
--------------------
[    0.000000]   | Wound/wait tests |
[    0.000000]   | Wound/wait tests |
[    0.000000]   ---------------------
[    0.000000]   ---------------------
[    0.000000]                   ww api failures:
[    0.000000]                   ww api failures:  ok  |  ok  |  ok  | =
 ok  |  ok  |  ok  |

[    0.000000]                ww contexts mixing:
[    0.000000]                ww contexts mixing:failed|failed|  ok  | =
 ok  |

[    0.000000]              finishing ww context:
[    0.000000]              finishing ww context:  ok  |  ok  |  ok  | =
 ok  |  ok  |  ok  |  ok  |  ok  |

[    0.000000]                locking mismatches:
[    0.000000]                locking mismatches:  ok  |  ok  |  ok  | =
 ok  |  ok  |  ok  |

[    0.000000]                  EDEADLK handling:
[    0.000000]                  EDEADLK handling:  ok  |  ok  |  ok  | =
 ok  |  ok  |  ok  |  ok  |  ok  |  ok  |  ok  |  ok  |  ok  |  ok  |  =
ok  |  ok  |  ok  |  ok  |  ok  |  ok  |  ok  |

[    0.000000]            spinlock nest unlocked:
[    0.000000]            spinlock nest unlocked:  ok  |  ok  |

[    0.000000]   -----------------------------------------------------
[    0.000000]   -----------------------------------------------------
[    0.000000]                                  |block | try  |context|
[    0.000000]                                  |block | try  |context|
[    0.000000]   -----------------------------------------------------
[    0.000000]   -----------------------------------------------------
[    0.000000]                           context:
[    0.000000]                           context:failed|failed|  ok  | =
 ok  |  ok  |  ok  |

[    0.000000]                               try:
[    0.000000]                               try:failed|failed|  ok  | =
 ok  |failed|failed|

[    0.000000]                             block:
[    0.000000]                             block:failed|failed|  ok  | =
 ok  |failed|failed|

[    0.000000]                          spinlock:
[    0.000000]                          spinlock:failed|failed|  ok  | =
 ok  |failed|failed|

[    0.000000] --------------------------------------------------------
[    0.000000] --------------------------------------------------------
[    0.000000] 141 out of 253 testcases failed, as expected. |
[    0.000000] 141 out of 253 testcases failed, as expected. |
[    0.000000] ----------------------------------------------------
[    0.000000] ----------------------------------------------------
[    0.000000] clocksource: hpet: mask: 0xffffffff max_cycles: 0xffffff=
ff, max_idle_ns: 19112604467 ns
[    0.000000] clocksource: hpet: mask: 0xffffffff max_cycles: 0xffffff=
ff, max_idle_ns: 19112604467 ns
[    0.000000] hpet clockevent registered
[    0.000000] hpet clockevent registered
[    0.000000] tsc: Detected 2926.330 MHz processor
[    0.000000] tsc: Detected 2926.330 MHz processor
[    0.020000] Calibrating delay loop (skipped) preset value..=20
[    0.020000] Calibrating delay loop (skipped) preset value.. 5852.66 =
BogoMIPS (lpj=3D29263300)
5852.66 BogoMIPS (lpj=3D29263300)
[    0.020000] pid_max: default: 32768 minimum: 301
[    0.020000] pid_max: default: 32768 minimum: 301
[    0.020000] ACPI: Core revision 20150515
[    0.020000] ACPI: Core revision 20150515
[    0.041319] ACPI:=20
[    0.041319] ACPI: All ACPI Tables successfully acquiredAll ACPI Tabl=
es successfully acquired

[    0.043088] Dentry cache hash table entries: 65536 (order: 7, 524288=
 bytes)
[    0.043088] Dentry cache hash table entries: 65536 (order: 7, 524288=
 bytes)
[    0.050215] Inode-cache hash table entries: 32768 (order: 6, 262144 =
bytes)
[    0.050215] Inode-cache hash table entries: 32768 (order: 6, 262144 =
bytes)
[    0.060089] Mount-cache hash table entries: 1024 (order: 1, 8192 byt=
es)
[    0.060089] Mount-cache hash table entries: 1024 (order: 1, 8192 byt=
es)
[    0.061975] Mountpoint-cache hash table entries: 1024 (order: 1, 819=
2 bytes)
[    0.061975] Mountpoint-cache hash table entries: 1024 (order: 1, 819=
2 bytes)
[    0.064365] Initializing cgroup subsys perf_event
[    0.064365] Initializing cgroup subsys perf_event
[    0.065772] numa_add_cpu cpu 0 node 0: mask now 0
[    0.065772] numa_add_cpu cpu 0 node 0: mask now 0
[    0.067089] Last level iTLB entries: 4KB 0, 2MB 0, 4MB 0
[    0.067089] Last level iTLB entries: 4KB 0, 2MB 0, 4MB 0
[    0.068614] Last level dTLB entries: 4KB 0, 2MB 0, 4MB 0, 1GB 0
[    0.068614] Last level dTLB entries: 4KB 0, 2MB 0, 4MB 0, 1GB 0
[    0.070092] debug: unmapping init [mem 0xffffffff8240b000-0xffffffff=
8240efff]
[    0.070092] debug: unmapping init [mem 0xffffffff8240b000-0xffffffff=
8240efff]
[    0.081277] ftrace: allocating 36591 entries in 143 pages
[    0.081277] ftrace: allocating 36591 entries in 143 pages
[    0.110320] enabled ExtINT on CPU#0
[    0.110320] enabled ExtINT on CPU#0
[    0.112385] ENABLING IO-APIC IRQs
[    0.112385] ENABLING IO-APIC IRQs
[    0.113294] init IO_APIC IRQs
[    0.113294] init IO_APIC IRQs
[    0.114103]  apic 0 pin 0 not connected
[    0.114103]  apic 0 pin 0 not connected
[    0.115184] IOAPIC[0]: Set routing entry (0-1 -> 0x31 -> IRQ 1 Mode:=
0 Active:0 Dest:1)
[    0.115184] IOAPIC[0]: Set routing entry (0-1 -> 0x31 -> IRQ 1 Mode:=
0 Active:0 Dest:1)
[    0.117489] IOAPIC[0]: Set routing entry (0-2 -> 0x30 -> IRQ 0 Mode:=
0 Active:0 Dest:1)
[    0.117489] IOAPIC[0]: Set routing entry (0-2 -> 0x30 -> IRQ 0 Mode:=
0 Active:0 Dest:1)
[    0.120000] IOAPIC[0]: Set routing entry (0-3 -> 0x33 -> IRQ 3 Mode:=
0 Active:0 Dest:1)
[    0.120000] IOAPIC[0]: Set routing entry (0-3 -> 0x33 -> IRQ 3 Mode:=
0 Active:0 Dest:1)
[    0.120000] IOAPIC[0]: Set routing entry (0-4 -> 0x34 -> IRQ 4 Mode:=
0 Active:0 Dest:1)
[    0.120000] IOAPIC[0]: Set routing entry (0-4 -> 0x34 -> IRQ 4 Mode:=
0 Active:0 Dest:1)
[    0.120000] IOAPIC[0]: Set routing entry (0-5 -> 0x35 -> IRQ 5 Mode:=
1 Active:0 Dest:1)
[    0.120000] IOAPIC[0]: Set routing entry (0-5 -> 0x35 -> IRQ 5 Mode:=
1 Active:0 Dest:1)
[    0.120000] IOAPIC[0]: Set routing entry (0-6 -> 0x36 -> IRQ 6 Mode:=
0 Active:0 Dest:1)
[    0.120000] IOAPIC[0]: Set routing entry (0-6 -> 0x36 -> IRQ 6 Mode:=
0 Active:0 Dest:1)
[    0.120000] IOAPIC[0]: Set routing entry (0-7 -> 0x37 -> IRQ 7 Mode:=
0 Active:0 Dest:1)
[    0.120000] IOAPIC[0]: Set routing entry (0-7 -> 0x37 -> IRQ 7 Mode:=
0 Active:0 Dest:1)
[    0.120000] IOAPIC[0]: Set routing entry (0-8 -> 0x38 -> IRQ 8 Mode:=
0 Active:0 Dest:1)
[    0.120000] IOAPIC[0]: Set routing entry (0-8 -> 0x38 -> IRQ 8 Mode:=
0 Active:0 Dest:1)
[    0.120000] IOAPIC[0]: Set routing entry (0-9 -> 0x39 -> IRQ 9 Mode:=
1 Active:0 Dest:1)
[    0.120000] IOAPIC[0]: Set routing entry (0-9 -> 0x39 -> IRQ 9 Mode:=
1 Active:0 Dest:1)
[    0.120000] IOAPIC[0]: Set routing entry (0-10 -> 0x3a -> IRQ 10 Mod=
e:1 Active:0 Dest:1)
[    0.120000] IOAPIC[0]: Set routing entry (0-10 -> 0x3a -> IRQ 10 Mod=
e:1 Active:0 Dest:1)
[    0.120000] IOAPIC[0]: Set routing entry (0-11 -> 0x3b -> IRQ 11 Mod=
e:1 Active:0 Dest:1)
[    0.120000] IOAPIC[0]: Set routing entry (0-11 -> 0x3b -> IRQ 11 Mod=
e:1 Active:0 Dest:1)
[    0.120000] IOAPIC[0]: Set routing entry (0-12 -> 0x3c -> IRQ 12 Mod=
e:0 Active:0 Dest:1)
[    0.120000] IOAPIC[0]: Set routing entry (0-12 -> 0x3c -> IRQ 12 Mod=
e:0 Active:0 Dest:1)
[    0.120000] IOAPIC[0]: Set routing entry (0-13 -> 0x3d -> IRQ 13 Mod=
e:0 Active:0 Dest:1)
[    0.120000] IOAPIC[0]: Set routing entry (0-13 -> 0x3d -> IRQ 13 Mod=
e:0 Active:0 Dest:1)
[    0.120000] IOAPIC[0]: Set routing entry (0-14 -> 0x3e -> IRQ 14 Mod=
e:0 Active:0 Dest:1)
[    0.120000] IOAPIC[0]: Set routing entry (0-14 -> 0x3e -> IRQ 14 Mod=
e:0 Active:0 Dest:1)
[    0.120000] IOAPIC[0]: Set routing entry (0-15 -> 0x3f -> IRQ 15 Mod=
e:0 Active:0 Dest:1)
[    0.120000] IOAPIC[0]: Set routing entry (0-15 -> 0x3f -> IRQ 15 Mod=
e:0 Active:0 Dest:1)
[    0.120000]  apic 0 pin 16 not connected
[    0.120000]  apic 0 pin 16 not connected
[    0.120000]  apic 0 pin 17 not connected
[    0.120000]  apic 0 pin 17 not connected
[    0.120000]  apic 0 pin 18 not connected
[    0.120000]  apic 0 pin 18 not connected
[    0.120000]  apic 0 pin 19 not connected
[    0.120000]  apic 0 pin 19 not connected
[    0.120000]  apic 0 pin 20 not connected
[    0.120000]  apic 0 pin 20 not connected
[    0.120000]  apic 0 pin 21 not connected
[    0.120000]  apic 0 pin 21 not connected
[    0.120000]  apic 0 pin 22 not connected
[    0.120000]  apic 0 pin 22 not connected
[    0.120000]  apic 0 pin 23 not connected
[    0.120000]  apic 0 pin 23 not connected
[    0.120000] ..TIMER: vector=3D0x30 apic1=3D0 pin1=3D2 apic2=3D-1 pin=
2=3D-1
[    0.120000] ..TIMER: vector=3D0x30 apic1=3D0 pin1=3D2 apic2=3D-1 pin=
2=3D-1
[    0.120000] Using local APIC timer interrupts.
[    0.120000] calibrating APIC timer ...
[    0.120000] Using local APIC timer interrupts.
[    0.120000] calibrating APIC timer ...
[    0.130000] ... lapic delta =3D 12857607
[    0.130000] ... lapic delta =3D 12857607
[    0.130000] ... PM-Timer delta =3D 736379
[    0.130000] ... PM-Timer delta =3D 736379
[    0.130000] APIC calibration not consistent with PM-Timer: 205ms ins=
tead of 100ms
[    0.130000] APIC calibration not consistent with PM-Timer: 205ms ins=
tead of 100ms
[    0.130000] APIC delta adjusted to PM-Timer: 6250085 (12857607)
[    0.130000] APIC delta adjusted to PM-Timer: 6250085 (12857607)
[    0.130000] TSC delta adjusted to PM-Timer: 292632660 (602000665)
[    0.130000] TSC delta adjusted to PM-Timer: 292632660 (602000665)
[    0.130000] ..... delta 6250085
[    0.130000] ..... delta 6250085
[    0.130000] ..... mult: 268439106
[    0.130000] ..... mult: 268439106
[    0.130000] ..... calibration result: 10000136
[    0.130000] ..... calibration result: 10000136
[    0.130000] ..... CPU clock speed is 2926.3266 MHz.
[    0.130000] ..... CPU clock speed is 2926.3266 MHz.
[    0.130000] ..... host bus clock speed is 1000.0136 MHz.
[    0.130000] ..... host bus clock speed is 1000.0136 MHz.
[    0.130117] smpboot: CPU0:=20
[    0.130117] smpboot: CPU0: Intel Intel Common KVM processorCommon KV=
M processor (fam: 0f, model: 06 (fam: 0f, model: 06, stepping: 01)
, stepping: 01)
[    0.141452] Performance Events:=20
[    0.141452] Performance Events: unsupported Netburst CPU model 6 uns=
upported Netburst CPU model 6 no PMU driver, software events only.
no PMU driver, software events only.
[    0.180943] x86: Booting SMP configuration:
[    0.180943] x86: Booting SMP configuration:
[    0.182800] .... node  #0, CPUs: =20
[    0.182800] .... node  #0, CPUs:         #1 #1
[    0.170187] kvm-clock: cpu 1, msr 0:1147e041, secondary cpu clock
[    0.170187] masked ExtINT on CPU#1
[    0.170187] numa_add_cpu cpu 1 node 0: mask now 0-1
[    0.230106] x86: Booted up 1 node, 2 CPUs
[    0.230106] x86: Booted up 1 node, 2 CPUs
[    0.231023] smpboot: Total of 2 processors activated (11705.32 BogoM=
IPS)
[    0.231023] smpboot: Total of 2 processors activated (11705.32 BogoM=
IPS)
[    0.240010] KVM setup async PF for cpu 1
[    0.240010] KVM setup async PF for cpu 1
[    0.240862] kvm-stealtime: cpu 1, msr 1100d140
[    0.240862] kvm-stealtime: cpu 1, msr 1100d140
[    0.260270] ------------[ cut here ]------------
[    0.260270] ------------[ cut here ]------------
[    0.261323] WARNING: CPU: 1 PID: 15 at kernel/locking/lockdep.c:3382=
 lock_release+0xde/0x3d3()
[    0.261323] WARNING: CPU: 1 PID: 15 at kernel/locking/lockdep.c:3382=
 lock_release+0xde/0x3d3()
[    0.264199] DEBUG_LOCKS_WARN_ON(depth <=3D 0)
[    0.264199] DEBUG_LOCKS_WARN_ON(depth <=3D 0)

[    0.265313] CPU: 1 PID: 15 Comm: pgdatinit0 Not tainted 4.1.0-11369-=
g0e1cc95 #1
[    0.265313] CPU: 1 PID: 15 Comm: pgdatinit0 Not tainted 4.1.0-11369-=
g0e1cc95 #1
[    0.269739] Hardware name: QEMU Standard PC (i440FX + PIIX, 1996), B=
IOS 1.7.5-20140531_083030-gandalf 04/01/2014
[    0.269739] Hardware name: QEMU Standard PC (i440FX + PIIX, 1996), B=
IOS 1.7.5-20140531_083030-gandalf 04/01/2014
[    0.270000]  0000000000000009
[    0.270000]  0000000000000009 ffff88000f997c48 ffff88000f997c48 ffff=
ffff817d5686 ffffffff817d5686 ffffffff810cb07d ffffffff810cb07d

[    0.270000]  ffff88000f997c98
[    0.270000]  ffff88000f997c98 ffff88000f997c88 ffff88000f997c88 ffff=
ffff8108bd43 ffffffff8108bd43 ffff88000f997c68 ffff88000f997c68

[    0.270000]  ffffffff810c3b8d
[    0.270000]  ffffffff810c3b8d ffff88000f990000 ffff88000f990000 ffff=
8800114fe000 ffff8800114fe000 ffffffff8236e530 ffffffff8236e530

[    0.270000] Call Trace:
[    0.270000] Call Trace:
[    0.270000]  [<ffffffff817d5686>] dump_stack+0x4c/0x6e
[    0.270000]  [<ffffffff817d5686>] dump_stack+0x4c/0x6e
[    0.270000]  [<ffffffff810cb07d>] ? console_unlock+0x3f3/0x422
[    0.270000]  [<ffffffff810cb07d>] ? console_unlock+0x3f3/0x422
[    0.270000]  [<ffffffff8108bd43>] warn_slowpath_common+0x9c/0xb6
[    0.270000]  [<ffffffff8108bd43>] warn_slowpath_common+0x9c/0xb6
[    0.270000]  [<ffffffff810c3b8d>] ? lock_release+0xde/0x3d3
[    0.270000]  [<ffffffff810c3b8d>] ? lock_release+0xde/0x3d3
[    0.270000]  [<ffffffff821dc011>] ? deferred_init_memmap+0x306/0x32d
[    0.270000]  [<ffffffff821dc011>] ? deferred_init_memmap+0x306/0x32d
[    0.270000]  [<ffffffff8108bdc2>] warn_slowpath_fmt+0x46/0x48
[    0.270000]  [<ffffffff8108bdc2>] warn_slowpath_fmt+0x46/0x48
[    0.270000]  [<ffffffff810c3b8d>] lock_release+0xde/0x3d3
[    0.270000]  [<ffffffff810c3b8d>] lock_release+0xde/0x3d3
[    0.270000]  [<ffffffff821dbd0b>] ? deferred_free_range+0x63/0x63
[    0.270000]  [<ffffffff821dbd0b>] ? deferred_free_range+0x63/0x63
[    0.270000]  [<ffffffff810c08ac>] up_read+0x20/0x2c
[    0.270000]  [<ffffffff810c08ac>] up_read+0x20/0x2c
[    0.270000]  [<ffffffff821dc011>] deferred_init_memmap+0x306/0x32d
[    0.270000]  [<ffffffff821dc011>] deferred_init_memmap+0x306/0x32d
[    0.270000]  [<ffffffff817d9ea9>] ? __schedule+0x3b9/0x5af
[    0.270000]  [<ffffffff817d9ea9>] ? __schedule+0x3b9/0x5af
[    0.270000]  [<ffffffff821dbd0b>] ? deferred_free_range+0x63/0x63
[    0.270000]  [<ffffffff821dbd0b>] ? deferred_free_range+0x63/0x63
[    0.270000]  [<ffffffff810a2cb8>] kthread+0xe0/0xe8
[    0.270000]  [<ffffffff810a2cb8>] kthread+0xe0/0xe8
[    0.270000]  [<ffffffff817de2eb>] ? _raw_spin_unlock_irq+0x32/0x46
[    0.270000]  [<ffffffff817de2eb>] ? _raw_spin_unlock_irq+0x32/0x46
[    0.270000]  [<ffffffff810a2bd8>] ? __kthread_parkme+0xad/0xad
[    0.270000]  [<ffffffff810a2bd8>] ? __kthread_parkme+0xad/0xad
[    0.270000]  [<ffffffff817df1cf>] ret_from_fork+0x3f/0x70
[    0.270000]  [<ffffffff817df1cf>] ret_from_fork+0x3f/0x70
[    0.270000]  [<ffffffff810a2bd8>] ? __kthread_parkme+0xad/0xad
[    0.270000]  [<ffffffff810a2bd8>] ? __kthread_parkme+0xad/0xad
[    0.270000] ---[ end trace 95f3f95a9e2dd516 ]---
[    0.270000] ---[ end trace 95f3f95a9e2dd516 ]---
[    0.380104] devtmpfs: initialized
[    0.380104] devtmpfs: initialized
[    0.402412] clocksource: jiffies: mask: 0xffffffff max_cycles: 0xfff=
fffff, max_idle_ns: 19112604462750000 ns
[    0.402412] clocksource: jiffies: mask: 0xffffffff max_cycles: 0xfff=
fffff, max_idle_ns: 19112604462750000 ns
[    0.420118] atomic64_test: passed for x86-64 platform with CX8 and w=
ith SSE
[    0.420118] atomic64_test: passed for x86-64 platform with CX8 and w=
ith SSE
[    0.422083] RTC time: 21:29:08, date: 07/07/15
[    0.422083] RTC time: 21:29:08, date: 07/07/15
[    0.423800] NET: Registered protocol family 16
[    0.423800] NET: Registered protocol family 16
[    0.460038] cpuidle: using governor ladder
[    0.460038] cpuidle: using governor ladder
[    0.490035] cpuidle: using governor menu
[    0.490035] cpuidle: using governor menu
[    0.491893] ACPI: bus type PCI registered
[    0.491893] ACPI: bus type PCI registered
[    0.493008] acpiphp: ACPI Hot Plug PCI Controller Driver version: 0.=
5
[    0.493008] acpiphp: ACPI Hot Plug PCI Controller Driver version: 0.=
5
[    0.494882] PCI: Using configuration type 1 for base access
[    0.494882] PCI: Using configuration type 1 for base access
[    0.530366] ACPI: Added _OSI(Module Device)
[    0.530366] ACPI: Added _OSI(Module Device)
[    0.531505] ACPI: Added _OSI(Processor Device)
[    0.531505] ACPI: Added _OSI(Processor Device)
[    0.532688] ACPI: Added _OSI(3.0 _SCP Extensions)
[    0.532688] ACPI: Added _OSI(3.0 _SCP Extensions)
[    0.533948] ACPI: Added _OSI(Processor Aggregator Device)
[    0.533948] ACPI: Added _OSI(Processor Aggregator Device)
[    0.540432] ACPI: Interpreter enabled
[    0.540432] ACPI: Interpreter enabled
[    0.541518] ACPI Exception: AE_NOT_FOUND,=20
[    0.541518] ACPI Exception: AE_NOT_FOUND, While evaluating Sleep Sta=
te [\_S1_]While evaluating Sleep State [\_S1_] (20150515/hwxface-580)
 (20150515/hwxface-580)
[    0.560680] ACPI Exception: AE_NOT_FOUND,=20
[    0.560680] ACPI Exception: AE_NOT_FOUND, While evaluating Sleep Sta=
te [\_S2_]While evaluating Sleep State [\_S2_] (20150515/hwxface-580)
 (20150515/hwxface-580)
[    0.563294] ACPI: (supports S0 S3 S5)
[    0.563294] ACPI: (supports S0 S3 S5)
[    0.564318] ACPI: Using IOAPIC for interrupt routing
[    0.564318] ACPI: Using IOAPIC for interrupt routing
[    0.565724] PCI: Using host bridge windows from ACPI; if necessary, =
use "pci=3Dnocrs" and report a bug
[    0.565724] PCI: Using host bridge windows from ACPI; if necessary, =
use "pci=3Dnocrs" and report a bug
[    0.590497] ACPI: PCI Root Bridge [PCI0] (domain 0000 [bus 00-ff])
[    0.590497] ACPI: PCI Root Bridge [PCI0] (domain 0000 [bus 00-ff])
[    0.600015] acpi PNP0A03:00: _OSC: OS supports [Segments]
[    0.600015] acpi PNP0A03:00: _OSC: OS supports [Segments]
[    0.610022] acpi PNP0A03:00: _OSC failed (AE_NOT_FOUND); disabling A=
SPM
[    0.610022] acpi PNP0A03:00: _OSC failed (AE_NOT_FOUND); disabling A=
SPM
[    0.612053] acpi PNP0A03:00: fail to add MMCONFIG information, can't=
 access extended PCI configuration space under this bridge.
[    0.612053] acpi PNP0A03:00: fail to add MMCONFIG information, can't=
 access extended PCI configuration space under this bridge.
[    0.620647] acpiphp: Slot [3] registered
[    0.620647] acpiphp: Slot [3] registered
[    0.621913] acpiphp: Slot [4] registered
[    0.621913] acpiphp: Slot [4] registered
[    0.630063] acpiphp: Slot [5] registered
[    0.630063] acpiphp: Slot [5] registered
[    0.631228] acpiphp: Slot [6] registered
[    0.631228] acpiphp: Slot [6] registered
[    0.632376] acpiphp: Slot [7] registered
[    0.632376] acpiphp: Slot [7] registered
[    0.633530] acpiphp: Slot [8] registered
[    0.633530] acpiphp: Slot [8] registered
[    0.634695] acpiphp: Slot [9] registered
[    0.634695] acpiphp: Slot [9] registered
[    0.635860] acpiphp: Slot [10] registered
[    0.635860] acpiphp: Slot [10] registered
[    0.637040] acpiphp: Slot [11] registered
[    0.637040] acpiphp: Slot [11] registered
[    0.638221] acpiphp: Slot [12] registered
[    0.638221] acpiphp: Slot [12] registered
[    0.640060] acpiphp: Slot [13] registered
[    0.640060] acpiphp: Slot [13] registered
[    0.641235] acpiphp: Slot [14] registered
[    0.641235] acpiphp: Slot [14] registered
[    0.650086] acpiphp: Slot [15] registered
[    0.650086] acpiphp: Slot [15] registered
[    0.651269] acpiphp: Slot [16] registered
[    0.651269] acpiphp: Slot [16] registered
[    0.652446] acpiphp: Slot [17] registered
[    0.652446] acpiphp: Slot [17] registered
[    0.653630] acpiphp: Slot [18] registered
[    0.653630] acpiphp: Slot [18] registered
[    0.660061] acpiphp: Slot [19] registered
[    0.660061] acpiphp: Slot [19] registered
[    0.661247] acpiphp: Slot [20] registered
[    0.661247] acpiphp: Slot [20] registered
[    0.662422] acpiphp: Slot [21] registered
[    0.662422] acpiphp: Slot [21] registered
[    0.663600] acpiphp: Slot [22] registered
[    0.663600] acpiphp: Slot [22] registered
[    0.664781] acpiphp: Slot [23] registered
[    0.664781] acpiphp: Slot [23] registered
[    0.665958] acpiphp: Slot [24] registered
[    0.665958] acpiphp: Slot [24] registered
[    0.667131] acpiphp: Slot [25] registered
[    0.667131] acpiphp: Slot [25] registered
[    0.670081] acpiphp: Slot [26] registered
[    0.670081] acpiphp: Slot [26] registered
[    0.680053] acpiphp: Slot [27] registered
[    0.680053] acpiphp: Slot [27] registered
[    0.681162] acpiphp: Slot [28] registered
[    0.681162] acpiphp: Slot [28] registered
[    0.682289] acpiphp: Slot [29] registered
[    0.682289] acpiphp: Slot [29] registered
[    0.683404] acpiphp: Slot [30] registered
[    0.683404] acpiphp: Slot [30] registered
[    0.684516] acpiphp: Slot [31] registered
[    0.684516] acpiphp: Slot [31] registered
[    0.685603] PCI host bridge to bus 0000:00
[    0.685603] PCI host bridge to bus 0000:00
[    0.686659] pci_bus 0000:00: root bus resource [bus 00-ff]
[    0.686659] pci_bus 0000:00: root bus resource [bus 00-ff]
[    0.688087] pci_bus 0000:00: root bus resource [io  0x0000-0x0cf7 wi=
ndow]
[    0.688087] pci_bus 0000:00: root bus resource [io  0x0000-0x0cf7 wi=
ndow]
[    0.690010] pci_bus 0000:00: root bus resource [io  0x0d00-0xadff wi=
ndow]
[    0.690010] pci_bus 0000:00: root bus resource [io  0x0d00-0xadff wi=
ndow]
[    0.700011] pci_bus 0000:00: root bus resource [io  0xae0f-0xaeff wi=
ndow]
[    0.700011] pci_bus 0000:00: root bus resource [io  0xae0f-0xaeff wi=
ndow]
[    0.701729] pci_bus 0000:00: root bus resource [io  0xaf20-0xafdf wi=
ndow]
[    0.701729] pci_bus 0000:00: root bus resource [io  0xaf20-0xafdf wi=
ndow]
[    0.703486] pci_bus 0000:00: root bus resource [io  0xafe4-0xffff wi=
ndow]
[    0.703486] pci_bus 0000:00: root bus resource [io  0xafe4-0xffff wi=
ndow]
[    0.710009] pci_bus 0000:00: root bus resource [mem 0x000a0000-0x000=
bffff window]
[    0.710009] pci_bus 0000:00: root bus resource [mem 0x000a0000-0x000=
bffff window]
[    0.711972] pci_bus 0000:00: root bus resource [mem 0x12c00000-0xfeb=
fffff window]
[    0.711972] pci_bus 0000:00: root bus resource [mem 0x12c00000-0xfeb=
fffff window]
[    0.713985] pci 0000:00:00.0: [8086:1237] type 00 class 0x060000
[    0.713985] pci 0000:00:00.0: [8086:1237] type 00 class 0x060000
[    0.716195] pci 0000:00:01.0: [8086:7000] type 00 class 0x060100
[    0.716195] pci 0000:00:01.0: [8086:7000] type 00 class 0x060100
[    0.720819] pci 0000:00:01.1: [8086:7010] type 00 class 0x010180
[    0.720819] pci 0000:00:01.1: [8086:7010] type 00 class 0x010180
[    0.753379] pci 0000:00:01.1: reg 0x20: [io  0xc200-0xc20f]
[    0.753379] pci 0000:00:01.1: reg 0x20: [io  0xc200-0xc20f]
[    0.763346] pci 0000:00:01.1: legacy IDE quirk: reg 0x10: [io  0x01f=
0-0x01f7]
[    0.763346] pci 0000:00:01.1: legacy IDE quirk: reg 0x10: [io  0x01f=
0-0x01f7]
[    0.765211] pci 0000:00:01.1: legacy IDE quirk: reg 0x14: [io  0x03f=
6]
[    0.765211] pci 0000:00:01.1: legacy IDE quirk: reg 0x14: [io  0x03f=
6]
[    0.766894] pci 0000:00:01.1: legacy IDE quirk: reg 0x18: [io  0x017=
0-0x0177]
[    0.766894] pci 0000:00:01.1: legacy IDE quirk: reg 0x18: [io  0x017=
0-0x0177]
[    0.770013] pci 0000:00:01.1: legacy IDE quirk: reg 0x1c: [io  0x037=
6]
[    0.770013] pci 0000:00:01.1: legacy IDE quirk: reg 0x1c: [io  0x037=
6]
[    0.772132] pci 0000:00:01.3: [8086:7113] type 00 class 0x068000
[    0.772132] pci 0000:00:01.3: [8086:7113] type 00 class 0x068000
[    0.773900] pci 0000:00:01.3: can't claim BAR 13 [io  0x0600-0x063f]=
: address conflict with ACPI PM1a_EVT_BLK [io  0x0600-0x0603]
[    0.773900] pci 0000:00:01.3: can't claim BAR 13 [io  0x0600-0x063f]=
: address conflict with ACPI PM1a_EVT_BLK [io  0x0600-0x0603]
[    0.780023] pci 0000:00:01.3: quirk: [io  0x0700-0x070f] claimed by =
PIIX4 SMB
[    0.780023] pci 0000:00:01.3: quirk: [io  0x0700-0x070f] claimed by =
PIIX4 SMB
[    0.783568] pci 0000:00:02.0: [1013:00b8] type 00 class 0x030000
[    0.783568] pci 0000:00:02.0: [1013:00b8] type 00 class 0x030000
[    0.790023] pci 0000:00:02.0: reg 0x10: [mem 0xfc000000-0xfdffffff p=
ref]
[    0.790023] pci 0000:00:02.0: reg 0x10: [mem 0xfc000000-0xfdffffff p=
ref]
[    0.803518] pci 0000:00:02.0: reg 0x14: [mem 0xfebf0000-0xfebf0fff]
[    0.803518] pci 0000:00:02.0: reg 0x14: [mem 0xfebf0000-0xfebf0fff]
[    0.850029] pci 0000:00:02.0: reg 0x30: [mem 0xfebe0000-0xfebeffff p=
ref]
[    0.850029] pci 0000:00:02.0: reg 0x30: [mem 0xfebe0000-0xfebeffff p=
ref]
[    0.860126] pci 0000:00:03.0: [8086:100e] type 00 class 0x020000
[    0.860126] pci 0000:00:03.0: [8086:100e] type 00 class 0x020000
[    0.870014] pci 0000:00:03.0: reg 0x10: [mem 0xfebc0000-0xfebdffff]
[    0.870014] pci 0000:00:03.0: reg 0x10: [mem 0xfebc0000-0xfebdffff]
[    0.878371] pci 0000:00:03.0: reg 0x14: [io  0xc000-0xc03f]
[    0.878371] pci 0000:00:03.0: reg 0x14: [io  0xc000-0xc03f]
[    0.940011] pci 0000:00:03.0: reg 0x30: [mem 0xfeb80000-0xfebbffff p=
ref]
[    0.940011] pci 0000:00:03.0: reg 0x30: [mem 0xfeb80000-0xfebbffff p=
ref]
[    0.942171] pci 0000:00:04.0: [1af4:1001] type 00 class 0x010000
[    0.942171] pci 0000:00:04.0: [1af4:1001] type 00 class 0x010000
[    0.963365] pci 0000:00:04.0: reg 0x10: [io  0xc040-0xc07f]
[    0.963365] pci 0000:00:04.0: reg 0x10: [io  0xc040-0xc07f]
[    0.973593] pci 0000:00:04.0: reg 0x14: [mem 0xfebf1000-0xfebf1fff]
[    0.973593] pci 0000:00:04.0: reg 0x14: [mem 0xfebf1000-0xfebf1fff]
[    1.030487] pci 0000:00:05.0: [1af4:1001] type 00 class 0x010000
[    1.030487] pci 0000:00:05.0: [1af4:1001] type 00 class 0x010000
[    1.038703] pci 0000:00:05.0: reg 0x10: [io  0xc080-0xc0bf]
[    1.038703] pci 0000:00:05.0: reg 0x10: [io  0xc080-0xc0bf]
[    1.046091] pci 0000:00:05.0: reg 0x14: [mem 0xfebf2000-0xfebf2fff]
[    1.046091] pci 0000:00:05.0: reg 0x14: [mem 0xfebf2000-0xfebf2fff]
[    1.100515] pci 0000:00:06.0: [1af4:1001] type 00 class 0x010000
[    1.100515] pci 0000:00:06.0: [1af4:1001] type 00 class 0x010000
[    1.120017] pci 0000:00:06.0: reg 0x10: [io  0xc0c0-0xc0ff]
[    1.120017] pci 0000:00:06.0: reg 0x10: [io  0xc0c0-0xc0ff]
[    1.133355] pci 0000:00:06.0: reg 0x14: [mem 0xfebf3000-0xfebf3fff]
[    1.133355] pci 0000:00:06.0: reg 0x14: [mem 0xfebf3000-0xfebf3fff]
[    1.208506] pci 0000:00:07.0: [1af4:1001] type 00 class 0x010000
[    1.208506] pci 0000:00:07.0: [1af4:1001] type 00 class 0x010000
[    1.216783] pci 0000:00:07.0: reg 0x10: [io  0xc100-0xc13f]
[    1.216783] pci 0000:00:07.0: reg 0x10: [io  0xc100-0xc13f]
[    1.223013] pci 0000:00:07.0: reg 0x14: [mem 0xfebf4000-0xfebf4fff]
[    1.223013] pci 0000:00:07.0: reg 0x14: [mem 0xfebf4000-0xfebf4fff]
[    1.282647] pci 0000:00:08.0: [1af4:1001] type 00 class 0x010000
[    1.282647] pci 0000:00:08.0: [1af4:1001] type 00 class 0x010000
[    1.300014] pci 0000:00:08.0: reg 0x10: [io  0xc140-0xc17f]
[    1.300014] pci 0000:00:08.0: reg 0x10: [io  0xc140-0xc17f]
[    1.320012] pci 0000:00:08.0: reg 0x14: [mem 0xfebf5000-0xfebf5fff]
[    1.320012] pci 0000:00:08.0: reg 0x14: [mem 0xfebf5000-0xfebf5fff]
[    1.390517] pci 0000:00:09.0: [1af4:1001] type 00 class 0x010000
[    1.390517] pci 0000:00:09.0: [1af4:1001] type 00 class 0x010000
[    1.400013] pci 0000:00:09.0: reg 0x10: [io  0xc180-0xc1bf]
[    1.400013] pci 0000:00:09.0: reg 0x10: [io  0xc180-0xc1bf]
[    1.410014] pci 0000:00:09.0: reg 0x14: [mem 0xfebf6000-0xfebf6fff]
[    1.410014] pci 0000:00:09.0: reg 0x14: [mem 0xfebf6000-0xfebf6fff]
[    1.500437] pci 0000:00:0a.0: [1af4:1001] type 00 class 0x010000
[    1.500437] pci 0000:00:0a.0: [1af4:1001] type 00 class 0x010000
[    1.520015] pci 0000:00:0a.0: reg 0x10: [io  0xc1c0-0xc1ff]
[    1.520015] pci 0000:00:0a.0: reg 0x10: [io  0xc1c0-0xc1ff]
[    1.540012] pci 0000:00:0a.0: reg 0x14: [mem 0xfebf7000-0xfebf7fff]
[    1.540012] pci 0000:00:0a.0: reg 0x14: [mem 0xfebf7000-0xfebf7fff]
[    1.631500] pci 0000:00:0b.0: [8086:25ab] type 00 class 0x088000
[    1.631500] pci 0000:00:0b.0: [8086:25ab] type 00 class 0x088000
[    1.650012] pci 0000:00:0b.0: reg 0x10: [mem 0xfebf8000-0xfebf800f]
[    1.650012] pci 0000:00:0b.0: reg 0x10: [mem 0xfebf8000-0xfebf800f]
[    1.727263] ACPI: PCI Interrupt Link [LNKA] (IRQs
[    1.727263] ACPI: PCI Interrupt Link [LNKA] (IRQs 5 5 *10 *10 11 11)=
)

[    1.730632] ACPI: PCI Interrupt Link [LNKB] (IRQs
[    1.730632] ACPI: PCI Interrupt Link [LNKB] (IRQs 5 5 *10 *10 11 11)=
)

[    1.736329] ACPI: PCI Interrupt Link [LNKC] (IRQs
[    1.736329] ACPI: PCI Interrupt Link [LNKC] (IRQs 5 5 10 10 *11 *11)=
)

[    1.741603] ACPI: PCI Interrupt Link [LNKD] (IRQs
[    1.741603] ACPI: PCI Interrupt Link [LNKD] (IRQs 5 5 10 10 *11 *11)=
)

[    1.745632] ACPI: PCI Interrupt Link [LNKS] (IRQs
[    1.745632] ACPI: PCI Interrupt Link [LNKS] (IRQs *9 *9))

[    1.752024] vgaarb: setting as boot device: PCI:0000:00:02.0
[    1.752024] vgaarb: setting as boot device: PCI:0000:00:02.0
[    1.752024] vgaarb: device added: PCI:0000:00:02.0,decodes=3Dio+mem,=
owns=3Dio+mem,locks=3Dnone
[    1.752024] vgaarb: device added: PCI:0000:00:02.0,decodes=3Dio+mem,=
owns=3Dio+mem,locks=3Dnone
[    1.753875] vgaarb: loaded
[    1.753875] vgaarb: loaded
[    1.754626] vgaarb: bridge control possible 0000:00:02.0
[    1.754626] vgaarb: bridge control possible 0000:00:02.0
[    1.760646] ACPI: bus type USB registered
[    1.760646] ACPI: bus type USB registered
[    1.760646] usbcore: registered new interface driver usbfs
[    1.760646] usbcore: registered new interface driver usbfs
[    1.761610] usbcore: registered new interface driver hub
[    1.761610] usbcore: registered new interface driver hub
[    1.765365] usbcore: registered new device driver usb
[    1.765365] usbcore: registered new device driver usb
[    1.765365] pps_core: LinuxPPS API ver. 1 registered
[    1.765365] pps_core: LinuxPPS API ver. 1 registered
[    1.765365] pps_core: Software ver. 5.3.6 - Copyright 2005-2007 Rodo=
lfo Giometti <giometti@linux.it>
[    1.765365] pps_core: Software ver. 5.3.6 - Copyright 2005-2007 Rodo=
lfo Giometti <giometti@linux.it>
[    1.765671] wmi: Mapper loaded
[    1.765671] wmi: Mapper loaded
[    1.770109] PCI: Using ACPI for IRQ routing
[    1.770109] PCI: Using ACPI for IRQ routing
[    1.771279] PCI: pci_cache_line_size set to 64 bytes
[    1.771279] PCI: pci_cache_line_size set to 64 bytes
[    1.772923] e820: reserve RAM buffer [mem 0x0009fc00-0x0009ffff]
[    1.772923] e820: reserve RAM buffer [mem 0x0009fc00-0x0009ffff]
[    1.774560] e820: reserve RAM buffer [mem 0x12be0000-0x13ffffff]
[    1.774560] e820: reserve RAM buffer [mem 0x12be0000-0x13ffffff]
[    1.805984] clocksource: Switched to clocksource kvm-clock
[    1.805984] clocksource: Switched to clocksource kvm-clock
[    1.853082] FS-Cache: Loaded
[    1.853082] FS-Cache: Loaded
[    1.853840] pnp: PnP ACPI init
[    1.853840] pnp: PnP ACPI init
[    1.855800] pnp 00:00: Plug and Play ACPI device, IDs PNP0b00 (activ=
e)
[    1.855800] pnp 00:00: Plug and Play ACPI device, IDs PNP0b00 (activ=
e)
[    1.859697] pnp 00:01: Plug and Play ACPI device, IDs PNP0303 (activ=
e)
[    1.859697] pnp 00:01: Plug and Play ACPI device, IDs PNP0303 (activ=
e)
[    1.863677] pnp 00:02: Plug and Play ACPI device, IDs PNP0f13 (activ=
e)
[    1.863677] pnp 00:02: Plug and Play ACPI device, IDs PNP0f13 (activ=
e)
[    1.867631] pnp 00:03: [dma 2]
[    1.867631] pnp 00:03: [dma 2]
[    1.882585] pnp 00:03: Plug and Play ACPI device, IDs PNP0700 (activ=
e)
[    1.882585] pnp 00:03: Plug and Play ACPI device, IDs PNP0700 (activ=
e)
[    1.884506] pnp 00:04: Plug and Play ACPI device, IDs PNP0400 (activ=
e)
[    1.884506] pnp 00:04: Plug and Play ACPI device, IDs PNP0400 (activ=
e)
[    1.886405] pnp 00:05: Plug and Play ACPI device, IDs PNP0501 (activ=
e)
[    1.886405] pnp 00:05: Plug and Play ACPI device, IDs PNP0501 (activ=
e)
[    1.908815] pnp: PnP ACPI: found 6 devices
[    1.908815] pnp: PnP ACPI: found 6 devices
[    1.942061] clocksource: acpi_pm: mask: 0xffffff max_cycles: 0xfffff=
f, max_idle_ns: 2085701024 ns
[    1.942061] clocksource: acpi_pm: mask: 0xffffff max_cycles: 0xfffff=
f, max_idle_ns: 2085701024 ns
[    1.944133] pci 0000:00:01.3: BAR 13: [io  size 0x0040] has bogus al=
ignment
[    1.944133] pci 0000:00:01.3: BAR 13: [io  size 0x0040] has bogus al=
ignment
[    1.945682] pci_bus 0000:00: resource 4 [io  0x0000-0x0cf7 window]
[    1.945682] pci_bus 0000:00: resource 4 [io  0x0000-0x0cf7 window]
[    1.947052] pci_bus 0000:00: resource 5 [io  0x0d00-0xadff window]
[    1.947052] pci_bus 0000:00: resource 5 [io  0x0d00-0xadff window]
[    1.948448] pci_bus 0000:00: resource 6 [io  0xae0f-0xaeff window]
[    1.948448] pci_bus 0000:00: resource 6 [io  0xae0f-0xaeff window]
[    1.966908] pci_bus 0000:00: resource 7 [io  0xaf20-0xafdf window]
[    1.966908] pci_bus 0000:00: resource 7 [io  0xaf20-0xafdf window]
[    1.968322] pci_bus 0000:00: resource 8 [io  0xafe4-0xffff window]
[    1.968322] pci_bus 0000:00: resource 8 [io  0xafe4-0xffff window]
[    1.969779] pci_bus 0000:00: resource 9 [mem 0x000a0000-0x000bffff w=
indow]
[    1.969779] pci_bus 0000:00: resource 9 [mem 0x000a0000-0x000bffff w=
indow]
[    1.971640] pci_bus 0000:00: resource 10 [mem 0x12c00000-0xfebfffff =
window]
[    1.971640] pci_bus 0000:00: resource 10 [mem 0x12c00000-0xfebfffff =
window]
[    1.973561] NET: Registered protocol family 1
[    1.973561] NET: Registered protocol family 1
[    1.974774] pci 0000:00:00.0: Limiting direct PCI/PCI transfers
[    1.974774] pci 0000:00:00.0: Limiting direct PCI/PCI transfers
[    1.994260] pci 0000:00:01.0: PIIX3: Enabling Passive Release
[    1.994260] pci 0000:00:01.0: PIIX3: Enabling Passive Release
[    1.995587] pci 0000:00:01.0: Activating ISA DMA hang workarounds
[    1.995587] pci 0000:00:01.0: Activating ISA DMA hang workarounds
[    1.997139] pci 0000:00:02.0: Video device with shadowed ROM
[    1.997139] pci 0000:00:02.0: Video device with shadowed ROM
[    1.998771] PCI: CLS 0 bytes, default 64
[    1.998771] PCI: CLS 0 bytes, default 64
[    1.999928] Unpacking initramfs...
[    1.999928] Unpacking initramfs...
[    4.091596] debug: unmapping init [mem 0xffff880011525000-0xffff8800=
12bd7fff]
[    4.091596] debug: unmapping init [mem 0xffff880011525000-0xffff8800=
12bd7fff]
[    4.152326] Scanning for low memory corruption every 60 seconds
[    4.152326] Scanning for low memory corruption every 60 seconds
[    4.162086] camellia-x86_64: performance on this CPU would be subopt=
imal: disabling camellia-x86_64.
[    4.162086] camellia-x86_64: performance on this CPU would be subopt=
imal: disabling camellia-x86_64.
[    4.171080] sha1_ssse3: Neither AVX nor AVX2 nor SSSE3 is available/=
usable.
[    4.171080] sha1_ssse3: Neither AVX nor AVX2 nor SSSE3 is available/=
usable.
[    4.172986] sha256_ssse3: Neither AVX nor SSSE3 is available/usable.
[    4.172986] sha256_ssse3: Neither AVX nor SSSE3 is available/usable.
[    4.174710] sha512_ssse3: Neither AVX nor SSSE3 is available/usable.
[    4.174710] sha512_ssse3: Neither AVX nor SSSE3 is available/usable.
[    4.176435] CPU feature 'AVX registers' is not supported.
[    4.176435] CPU feature 'AVX registers' is not supported.
[    4.177896] CPU feature 'AVX registers' is not supported.
[    4.177896] CPU feature 'AVX registers' is not supported.
[    4.179371] AVX2 or AES-NI instructions are not detected.
[    4.179371] AVX2 or AES-NI instructions are not detected.
[    4.199261] futex hash table entries: 512 (order: 4, 65536 bytes)
[    4.199261] futex hash table entries: 512 (order: 4, 65536 bytes)
[    4.209452] HugeTLB registered 2 MB page size, pre-allocated 0 pages
[    4.209452] HugeTLB registered 2 MB page size, pre-allocated 0 pages
[    4.228619] fuse init (API version 7.23)
[    4.228619] fuse init (API version 7.23)
[    4.247685] Key type asymmetric registered
[    4.247685] Key type asymmetric registered
[    4.249134] test_string_helpers: Running tests...
[    4.249134] test_string_helpers: Running tests...
[    4.250674] test_hexdump: Running tests...
[    4.250674] test_hexdump: Running tests...
[    4.252377] test_firmware: interface ready
[    4.252377] test_firmware: interface ready
[    4.253518] Running rhashtable test nelem=3D8, max_size=3D65536, shr=
inking=3D0
[    4.253518] Running rhashtable test nelem=3D8, max_size=3D65536, shr=
inking=3D0
[    4.255358] Test 00:
[    4.255358] Test 00:
[    4.276897]   Adding 50000 keys
[    4.276897]   Adding 50000 keys
[    4.425413] Info: encountered resize
[    4.425413] Info: encountered resize
[    4.427654]   Traversal complete: counted=3D50000, nelems=3D50000, e=
ntries=3D50000, table-jumps=3D1
[    4.427654]   Traversal complete: counted=3D50000, nelems=3D50000, e=
ntries=3D50000, table-jumps=3D1
[    4.494708]   Traversal complete: counted=3D50000, nelems=3D50000, e=
ntries=3D50000, table-jumps=3D0
[    4.494708]   Traversal complete: counted=3D50000, nelems=3D50000, e=
ntries=3D50000, table-jumps=3D0
[    4.496640]   Deleting 50000 keys
[    4.496640]   Deleting 50000 keys
[    4.564251]   Duration of test: 286589245 ns
[    4.564251]   Duration of test: 286589245 ns
[    4.565323] Test 01:
[    4.565323] Test 01:
[    4.567674]   Adding 50000 keys
[    4.567674]   Adding 50000 keys
[    4.809759]   Traversal complete: counted=3D50000, nelems=3D50000, e=
ntries=3D50000, table-jumps=3D0
[    4.809759]   Traversal complete: counted=3D50000, nelems=3D50000, e=
ntries=3D50000, table-jumps=3D0
[    4.886784]   Traversal complete: counted=3D50000, nelems=3D50000, e=
ntries=3D50000, table-jumps=3D0
[    4.886784]   Traversal complete: counted=3D50000, nelems=3D50000, e=
ntries=3D50000, table-jumps=3D0
[    4.888700]   Deleting 50000 keys
[    4.888700]   Deleting 50000 keys
[    4.977249]   Duration of test: 408808017 ns
[    4.977249]   Duration of test: 408808017 ns
[    4.986239] Test 02:
[    4.986239] Test 02:
[    4.988796]   Adding 50000 keys
[    4.988796]   Adding 50000 keys
[    5.112160] tsc: Refined TSC clocksource calibration: 2926.330 MHz
[    5.112160] tsc: Refined TSC clocksource calibration: 2926.330 MHz
[    5.130039] clocksource: tsc: mask: 0xffffffffffffffff max_cycles: 0=
x2a2e6c2e1bb, max_idle_ns: 440795237926 ns
[    5.130039] clocksource: tsc: mask: 0xffffffffffffffff max_cycles: 0=
x2a2e6c2e1bb, max_idle_ns: 440795237926 ns
[    5.201415]   Traversal complete: counted=3D50000, nelems=3D50000, e=
ntries=3D50000, table-jumps=3D0
[    5.201415]   Traversal complete: counted=3D50000, nelems=3D50000, e=
ntries=3D50000, table-jumps=3D0
[    5.272211]   Traversal complete: counted=3D50000, nelems=3D50000, e=
ntries=3D50000, table-jumps=3D0
[    5.272211]   Traversal complete: counted=3D50000, nelems=3D50000, e=
ntries=3D50000, table-jumps=3D0
[    5.281294]   Deleting 50000 keys
[    5.281294]   Deleting 50000 keys
[    5.369607]   Duration of test: 373133553 ns
[    5.369607]   Duration of test: 373133553 ns
[    5.370888] Test 03:
[    5.370888] Test 03:
[    5.380225]   Adding 50000 keys
[    5.380225]   Adding 50000 keys
[    5.591430]   Traversal complete: counted=3D50000, nelems=3D50000, e=
ntries=3D50000, table-jumps=3D0
[    5.591430]   Traversal complete: counted=3D50000, nelems=3D50000, e=
ntries=3D50000, table-jumps=3D0
[    5.669744]   Traversal complete: counted=3D50000, nelems=3D50000, e=
ntries=3D50000, table-jumps=3D0
[    5.669744]   Traversal complete: counted=3D50000, nelems=3D50000, e=
ntries=3D50000, table-jumps=3D0
[    5.672114]   Deleting 50000 keys
[    5.672114]   Deleting 50000 keys
[    5.760468]   Duration of test: 379510429 ns
[    5.760468]   Duration of test: 379510429 ns
[    5.761480] Average test time: 362010311
[    5.761480] Average test time: 362010311
[    5.770330] crc32: CRC_LE_BITS =3D 8, CRC_BE BITS =3D 8
[    5.770330] crc32: CRC_LE_BITS =3D 8, CRC_BE BITS =3D 8
[    5.771674] crc32: self tests passed, processed 225944 bytes in 6080=
34 nsec
[    5.771674] crc32: self tests passed, processed 225944 bytes in 6080=
34 nsec
[    5.780864] crc32c: CRC_LE_BITS =3D 8
[    5.780864] crc32c: CRC_LE_BITS =3D 8
[    5.781842] crc32c: self tests passed, processed 225944 bytes in 262=
827 nsec
[    5.781842] crc32c: self tests passed, processed 225944 bytes in 262=
827 nsec
[    5.917809] crc32_combine: 8373 self tests passed
[    5.917809] crc32_combine: 8373 self tests passed
[    6.016805] crc32c_combine: 8373 self tests passed
[    6.016805] crc32c_combine: 8373 self tests passed
[    6.018375] xz_dec_test: module loaded
[    6.018375] xz_dec_test: module loaded
[    6.019417] xz_dec_test: Create a device node with 'mknod xz_dec_tes=
t c 250 0' and write .xz files to it.
[    6.019417] xz_dec_test: Create a device node with 'mknod xz_dec_tes=
t c 250 0' and write .xz files to it.
[    6.022816] pci_hotplug: PCI Hot Plug PCI Core version: 0.5
[    6.022816] pci_hotplug: PCI Hot Plug PCI Core version: 0.5
[    6.042511] shpchp: Standard Hot Plug PCI Controller Driver version:=
 0.4
[    6.042511] shpchp: Standard Hot Plug PCI Controller Driver version:=
 0.4
[    6.046969] acpiphp_ibm: ibm_acpiphp_init: acpi_walk_namespace faile=
d
[    6.046969] acpiphp_ibm: ibm_acpiphp_init: acpi_walk_namespace faile=
d
[    6.049303] rivafb_setup START
[    6.049303] rivafb_setup START
[    6.050550] vmlfb: initializing
[    6.050550] vmlfb: initializing
[    6.069548] Could not find Carillo Ranch MCH device.
[    6.069548] Could not find Carillo Ranch MCH device.
[    6.070988] no IO addresses supplied
[    6.070988] no IO addresses supplied
[    6.072144] hgafb: HGA card not detected.
[    6.072144] hgafb: HGA card not detected.
[    6.073245] hgafb: probe of hgafb.0 failed with error -22
[    6.073245] hgafb: probe of hgafb.0 failed with error -22
[    6.074870] cirrusfb 0000:00:02.0: Cirrus Logic chipset on PCI bus, =
RAM (4096 kB) at 0xfc000000
[    6.074870] cirrusfb 0000:00:02.0: Cirrus Logic chipset on PCI bus, =
RAM (4096 kB) at 0xfc000000
[    6.089647] usbcore: registered new interface driver udlfb
[    6.089647] usbcore: registered new interface driver udlfb
[    6.090913] usbcore: registered new interface driver smscufx
[    6.090913] usbcore: registered new interface driver smscufx
[    6.092377] input: Power Button as /devices/LNXSYSTM:00/LNXPWRBN:00/=
input/input0
[    6.092377] input: Power Button as /devices/LNXSYSTM:00/LNXPWRBN:00/=
input/input0
[    6.101047] ACPI: Power Button [PWRF]
[    6.101047] ACPI: Power Button [PWRF]
[    6.102164] button: probe of LNXPWRBN:00 failed with error -22
[    6.102164] button: probe of LNXPWRBN:00 failed with error -22
[    6.111067] GHES: HEST is not enabled!
[    6.111067] GHES: HEST is not enabled!
[    6.495103] ACPI: PCI Interrupt Link [LNKD] enabled at IRQ 11
[    6.495103] ACPI: PCI Interrupt Link [LNKD] enabled at IRQ 11
[    6.503482] virtio-pci 0000:00:04.0: virtio_pci: leaving for legacy =
driver
[    6.503482] virtio-pci 0000:00:04.0: virtio_pci: leaving for legacy =
driver
[    7.283760] ACPI: PCI Interrupt Link [LNKA] enabled at IRQ 10
[    7.283760] ACPI: PCI Interrupt Link [LNKA] enabled at IRQ 10
[    7.285353] virtio-pci 0000:00:05.0: virtio_pci: leaving for legacy =
driver
[    7.285353] virtio-pci 0000:00:05.0: virtio_pci: leaving for legacy =
driver
[    8.064068] ACPI: PCI Interrupt Link [LNKB] enabled at IRQ 10
[    8.064068] ACPI: PCI Interrupt Link [LNKB] enabled at IRQ 10
[    8.065651] virtio-pci 0000:00:06.0: virtio_pci: leaving for legacy =
driver
[    8.065651] virtio-pci 0000:00:06.0: virtio_pci: leaving for legacy =
driver
[    8.779155] ACPI: PCI Interrupt Link [LNKC] enabled at IRQ 11
[    8.779155] ACPI: PCI Interrupt Link [LNKC] enabled at IRQ 11
[    8.780833] virtio-pci 0000:00:07.0: virtio_pci: leaving for legacy =
driver
[    8.780833] virtio-pci 0000:00:07.0: virtio_pci: leaving for legacy =
driver
[    9.578929] virtio-pci 0000:00:08.0: virtio_pci: leaving for legacy =
driver
[    9.578929] virtio-pci 0000:00:08.0: virtio_pci: leaving for legacy =
driver
[   10.394918] virtio-pci 0000:00:09.0: virtio_pci: leaving for legacy =
driver
[   10.394918] virtio-pci 0000:00:09.0: virtio_pci: leaving for legacy =
driver
[   11.197531] virtio-pci 0000:00:0a.0: virtio_pci: leaving for legacy =
driver
[   11.197531] virtio-pci 0000:00:0a.0: virtio_pci: leaving for legacy =
driver
[   11.961741] r3964: Philips r3964 Driver $Revision: 1.10 $
[   11.961741] r3964: Philips r3964 Driver $Revision: 1.10 $
[   11.963168] Serial: 8250/16550 driver, 4 ports, IRQ sharing disabled
[   11.963168] Serial: 8250/16550 driver, 4 ports, IRQ sharing disabled
[   12.070032] 00:05: ttyS0 at I/O 0x3f8 (irq =3D 4, base_baud =3D 1152=
00) is a 16550A
[   12.070032] 00:05: ttyS0 at I/O 0x3f8 (irq =3D 4, base_baud =3D 1152=
00) is a 16550A
[   12.089454] Initializing Nozomi driver 2.1d
[   12.089454] Initializing Nozomi driver 2.1d
[   12.090624] lp: driver loaded but no devices found
[   12.090624] lp: driver loaded but no devices found
[   12.091933] Non-volatile memory driver v1.3
[   12.091933] Non-volatile memory driver v1.3
[   12.093239] telclk_interrupt =3D 0xf non-mcpbl0010 hw.
[   12.093239] telclk_interrupt =3D 0xf non-mcpbl0010 hw.
[   12.094471] smapi::smapi_init, ERROR invalid usSmapiID
[   12.094471] smapi::smapi_init, ERROR invalid usSmapiID
[   12.095721] mwave: tp3780i::tp3780I_InitializeBoardData: Error: SMAP=
I is not available on this machine
[   12.095721] mwave: tp3780i::tp3780I_InitializeBoardData: Error: SMAP=
I is not available on this machine
[   12.120025] mwave: mwavedd::mwave_init: Error: Failed to initialize =
board data
[   12.120025] mwave: mwavedd::mwave_init: Error: Failed to initialize =
board data
[   12.121775] mwave: mwavedd::mwave_init: Error: Failed to initialize
[   12.121775] mwave: mwavedd::mwave_init: Error: Failed to initialize
[   12.123317] Linux agpgart interface v0.103
[   12.123317] Linux agpgart interface v0.103
[   12.124510] Hangcheck: starting hangcheck timer 0.9.1 (tick is 180 s=
econds, margin is 60 seconds).
[   12.124510] Hangcheck: starting hangcheck timer 0.9.1 (tick is 180 s=
econds, margin is 60 seconds).
[   12.126926] [drm] Initialized drm 1.1.0 20060810
[   12.126926] [drm] Initialized drm 1.1.0 20060810
[   12.148458] [drm] amdgpu kernel modesetting enabled.
[   12.148458] [drm] amdgpu kernel modesetting enabled.
[   12.149953] usbcore: registered new interface driver udl
[   12.149953] usbcore: registered new interface driver udl
[   12.181146] ibmasm: IBM ASM Service Processor Driver version 1.0 loa=
ded
[   12.181146] ibmasm: IBM ASM Service Processor Driver version 1.0 loa=
ded
[   12.182835] dummy-irq: no IRQ given.  Use irq=3DN
[   12.182835] dummy-irq: no IRQ given.  Use irq=3DN
[   12.184070] Phantom Linux Driver, version n0.9.8, init OK
[   12.184070] Phantom Linux Driver, version n0.9.8, init OK
[   12.199806] usbcore: registered new interface driver viperboard
[   12.199806] usbcore: registered new interface driver viperboard
[   12.201474] mtdoops: mtd device (mtddev=3Dname/number) must be suppl=
ied
[   12.201474] mtdoops: mtd device (mtddev=3Dname/number) must be suppl=
ied
[   12.203082] device id =3D 2440
[   12.203082] device id =3D 2440
[   12.203828] device id =3D 2480
[   12.203828] device id =3D 2480
[   12.204578] device id =3D 24c0
[   12.204578] device id =3D 24c0
[   12.205335] device id =3D 24d0
[   12.205335] device id =3D 24d0
[   12.228162] device id =3D 25a1
[   12.228162] device id =3D 25a1
[   12.228929] device id =3D 2670
[   12.228929] device id =3D 2670
[   12.229873] slram: not enough parameters.
[   12.229873] slram: not enough parameters.
[   12.350038] No valid DiskOnChip devices found
[   12.350038] No valid DiskOnChip devices found
[   12.351170] [nandsim] warning: read_byte: unexpected data output cyc=
le, state is STATE_READY return 0x0
[   12.351170] [nandsim] warning: read_byte: unexpected data output cyc=
le, state is STATE_READY return 0x0
[   12.353637] [nandsim] warning: read_byte: unexpected data output cyc=
le, state is STATE_READY return 0x0
[   12.353637] [nandsim] warning: read_byte: unexpected data output cyc=
le, state is STATE_READY return 0x0
[   12.356209] [nandsim] warning: read_byte: unexpected data output cyc=
le, state is STATE_READY return 0x0
[   12.356209] [nandsim] warning: read_byte: unexpected data output cyc=
le, state is STATE_READY return 0x0
[   12.380841] [nandsim] warning: read_byte: unexpected data output cyc=
le, state is STATE_READY return 0x0
[   12.380841] [nandsim] warning: read_byte: unexpected data output cyc=
le, state is STATE_READY return 0x0
[   12.383134] [nandsim] warning: read_byte: unexpected data output cyc=
le, state is STATE_READY return 0x0
[   12.383134] [nandsim] warning: read_byte: unexpected data output cyc=
le, state is STATE_READY return 0x0
[   12.385531] [nandsim] warning: read_byte: unexpected data output cyc=
le, state is STATE_READY return 0x0
[   12.385531] [nandsim] warning: read_byte: unexpected data output cyc=
le, state is STATE_READY return 0x0
[   12.408325] nand: device found, Manufacturer ID: 0x98, Chip ID: 0x39
[   12.408325] nand: device found, Manufacturer ID: 0x98, Chip ID: 0x39
[   12.416736] nand: Toshiba NAND 128MiB 1,8V 8-bit
[   12.416736] nand: Toshiba NAND 128MiB 1,8V 8-bit
[   12.417949] nand: 128 MiB, SLC, erase size: 16 KiB, page size: 512, =
OOB size: 16
[   12.417949] nand: 128 MiB, SLC, erase size: 16 KiB, page size: 512, =
OOB size: 16
[   12.430392] flash size: 128 MiB
[   12.430392] flash size: 128 MiB
[   12.431288] page size: 512 bytes
[   12.431288] page size: 512 bytes
[   12.432196] OOB area size: 16 bytes
[   12.432196] OOB area size: 16 bytes
[   12.439723] sector size: 16 KiB
[   12.439723] sector size: 16 KiB
[   12.440551] pages number: 262144
[   12.440551] pages number: 262144
[   12.441353] pages per sector: 32
[   12.441353] pages per sector: 32
[   12.442156] bus width: 8
[   12.442156] bus width: 8
[   12.442788] bits in sector size: 14
[   12.442788] bits in sector size: 14
[   12.443688] bits in page size: 9
[   12.443688] bits in page size: 9
[   12.444523] bits in OOB size: 4
[   12.444523] bits in OOB size: 4
[   12.445336] flash size with OOB: 135168 KiB
[   12.445336] flash size with OOB: 135168 KiB
[   12.466504] page address bytes: 4
[   12.466504] page address bytes: 4
[   12.467378] sector address bytes: 3
[   12.467378] sector address bytes: 3
[   12.468294] options: 0x42
[   12.468294] options: 0x42
[   12.469978] Scanning device for bad blocks
[   12.469978] Scanning device for bad blocks
[   12.547629] Creating 1 MTD partitions on "NAND 128MiB 1,8V 8-bit":
[   12.547629] Creating 1 MTD partitions on "NAND 128MiB 1,8V 8-bit":
[   12.567321] 0x000000000000-0x000008000000 : "NAND simulator partitio=
n 0"
[   12.567321] 0x000000000000-0x000008000000 : "NAND simulator partitio=
n 0"
[   12.591537] usbcore: registered new interface driver hwa-rc
[   12.591537] usbcore: registered new interface driver hwa-rc
[   12.593121] usbcore: registered new interface driver i1480-dfu-usb
[   12.593121] usbcore: registered new interface driver i1480-dfu-usb
[   12.597679] ohci_hcd: USB 1.1 'Open' Host Controller (OHCI) Driver
[   12.597679] ohci_hcd: USB 1.1 'Open' Host Controller (OHCI) Driver
[   12.599375] ohci-platform: OHCI generic platform driver
[   12.599375] ohci-platform: OHCI generic platform driver
[   12.610027] uhci_hcd: USB Universal Host Controller Interface driver
