Return-Path: <owner-linux-mm@kvack.org>
Received: from mail-pb0-f42.google.com (mail-pb0-f42.google.com [209.85.160.42])
	by kanga.kvack.org (Postfix) with ESMTP id 3C1776B0164
	for <linux-mm@kvack.org>; Wed, 19 Mar 2014 08:08:56 -0400 (EDT)
Received: by mail-pb0-f42.google.com with SMTP id rr13so8883687pbb.1
        for <linux-mm@kvack.org>; Wed, 19 Mar 2014 05:08:55 -0700 (PDT)
Received: from mga09.intel.com (mga09.intel.com. [134.134.136.24])
        by mx.google.com with ESMTP id zh8si9495929pac.31.2014.03.19.05.08.49
        for <linux-mm@kvack.org>;
        Wed, 19 Mar 2014 05:08:50 -0700 (PDT)
Date: Wed, 19 Mar 2014 20:07:47 +0800
From: Fengguang Wu <fengguang.wu@intel.com>
Subject: Re: [cpuidle] BUG: sleeping function called from invalid context at
 /c/kernel-tests/src/lkp/mm/vmalloc.c:74
Message-ID: <20140319120747.GA7600@localhost>
References: <20140319120251.GC7277@localhost>
MIME-Version: 1.0
Content-Type: text/plain; charset=us-ascii
Content-Disposition: inline
In-Reply-To: <20140319120251.GC7277@localhost>
Sender: owner-linux-mm@kvack.org
List-ID: <linux-mm.kvack.org>
To: linux-pm@vger.kernel.org
Cc: Andrew Morton <akpm@linux-foundation.org>, Linux Memory Management List <linux-mm@kvack.org>, LKML <linux-kernel@vger.kernel.org>, lkp@01.org

On Wed, Mar 19, 2014 at 08:02:51PM +0800, Fengguang Wu wrote:
> Greetings,
> 
> FYI, the below debug patch triggers a warning on cpuidle code path

One more dmesg:

[    0.000000] Initializing cgroup subsys cpuset
[    0.000000] Initializing cgroup subsys cpu
[    0.000000] Linux version 3.14.0-rc6-next-20140317 (kbuild@xian) (gcc version 4.8.2 (Debian 4.8.2-16) ) #1 SMP Mon Mar 17 20:01:18 CST 2014
[    0.000000] Command line: BOOT_IMAGE=/kernel/x86_64-lkp/8808b950581f71e3ee4cf8e6cae479f4c7106405/vmlinuz-3.14.0-rc6-next-20140317 user=lkp job=/lkp/scheduled/lkp-wsx02/cyclic_netperf-power-120s-25%-SCTP_STREAM_MANY-HEAD-8808b950581f71e3ee4cf8e6cae479f4c7106405.yaml ARCH=x86_64 BOOT_IMAGE=/kernel/x86_64-lkp/8808b950581f71e3ee4cf8e6cae479f4c7106405/vmlinuz-3.14.0-rc6-next-20140317 kconfig=x86_64-lkp commit=8808b950581f71e3ee4cf8e6cae479f4c7106405 max_uptime=996 RESULT_ROOT=/lkp/result/lkp-wsx02/micro/netperf/120s-25%-SCTP_STREAM_MANY/x86_64-lkp/8808b950581f71e3ee4cf8e6cae479f4c7106405/0 root=/dev/ram0 ip=::::lkp-wsx02::dhcp oops=panic earlyprintk=ttyS0,115200 debug apic=debug sysrq_always_enabled rcupdate.rcu_cpu_stall_timeout=100 panic=10 softlockup_panic=1 nmi_watchdog=panic load_ramdisk=2 prompt_ramdisk=0 console=ttyS0,115200 console=tty0 vga=normal
[    0.000000] e820: BIOS-provided physical RAM map:
[    0.000000] BIOS-e820: [mem 0x0000000000000100-0x000000000009b3ff] usable
[    0.000000] BIOS-e820: [mem 0x000000000009b400-0x000000000009ffff] reserved
[    0.000000] BIOS-e820: [mem 0x00000000000e0000-0x00000000000fffff] reserved
[    0.000000] BIOS-e820: [mem 0x0000000000100000-0x000000007b43dfff] usable
[    0.000000] BIOS-e820: [mem 0x000000007b43e000-0x000000007b440fff] reserved
[    0.000000] BIOS-e820: [mem 0x000000007b441000-0x000000007b67cfff] ACPI NVS
[    0.000000] BIOS-e820: [mem 0x000000007b67d000-0x000000007b68bfff] ACPI data
[    0.000000] BIOS-e820: [mem 0x000000007b68c000-0x000000007b68efff] reserved
[    0.000000] BIOS-e820: [mem 0x000000007b68f000-0x000000007b693fff] ACPI data
[    0.000000] BIOS-e820: [mem 0x000000007b694000-0x000000007b7bcfff] reserved
[    0.000000] BIOS-e820: [mem 0x000000007b7bd000-0x000000007ba3cfff] ACPI NVS
[    0.000000] BIOS-e820: [mem 0x000000007ba3d000-0x000000007baa7fff] reserved
[    0.000000] BIOS-e820: [mem 0x000000007baa8000-0x000000007bcfffff] ACPI data
[    0.000000] BIOS-e820: [mem 0x000000007bd00000-0x000000007bd16fff] reserved
[    0.000000] BIOS-e820: [mem 0x000000007bd17000-0x000000007bd19fff] ACPI data
[    0.000000] BIOS-e820: [mem 0x000000007bd1a000-0x000000007bd49fff] reserved
[    0.000000] BIOS-e820: [mem 0x000000007bd4a000-0x000000007bd5efff] ACPI data
[    0.000000] BIOS-e820: [mem 0x000000007bd5f000-0x000000007bdfefff] reserved
[    0.000000] BIOS-e820: [mem 0x000000007bdff000-0x000000007bdfffff] ACPI data
[    0.000000] BIOS-e820: [mem 0x000000007be00000-0x000000007be4efff] reserved
[    0.000000] BIOS-e820: [mem 0x000000007be4f000-0x000000007bf70fff] ACPI data
[    0.000000] BIOS-e820: [mem 0x000000007bf71000-0x000000007bfcefff] ACPI NVS
[    0.000000] BIOS-e820: [mem 0x000000007bfcf000-0x000000007bffefff] ACPI data
[    0.000000] BIOS-e820: [mem 0x000000007bfff000-0x000000008fffffff] reserved
[    0.000000] BIOS-e820: [mem 0x00000000fc000000-0x00000000fcffffff] reserved
[    0.000000] BIOS-e820: [mem 0x00000000fed1c000-0x00000000fed1ffff] reserved
[    0.000000] BIOS-e820: [mem 0x00000000ff000000-0x00000000ffffffff] reserved
[    0.000000] BIOS-e820: [mem 0x0000000100000000-0x000000207fffffff] usable
[    0.000000] bootconsole [earlyser0] enabled
[    0.000000] NX (Execute Disable) protection: active
[    0.000000] SMBIOS 2.5 present.
[    0.000000] DMI: QCI QSSC-S4R/QSSC-S4R, BIOS QSSC-S4R.QCI.01.00.0030.031120111710 03/11/2011
[    0.000000] e820: update [mem 0x00000000-0x00000fff] usable ==> reserved
[    0.000000] e820: remove [mem 0x000a0000-0x000fffff] usable
[    0.000000] No AGP bridge found
[    0.000000] e820: last_pfn = 0x2080000 max_arch_pfn = 0x400000000
[    0.000000] MTRR default type: write-back
[    0.000000] MTRR fixed ranges enabled:
[    0.000000]   00000-9FFFF write-back
[    0.000000]   A0000-BFFFF uncachable
[    0.000000]   C0000-DFFFF write-through
[    0.000000]   E0000-FFFFF write-protect
[    0.000000] MTRR variable ranges enabled:
[    0.000000]   0 base 00080000000 mask FFF80000000 uncachable
[    0.000000]   1 base FC000000000 mask FFF00000000 uncachable
[    0.000000]   2 disabled
[    0.000000]   3 disabled
[    0.000000]   4 disabled
[    0.000000]   5 disabled
[    0.000000]   6 disabled
[    0.000000]   7 disabled
[    0.000000]   8 disabled
[    0.000000]   9 disabled
[    0.000000] x86 PAT enabled: cpu 0, old 0x7040600070406, new 0x7010600070106
[    0.000000] e820: last_pfn = 0x7b43e max_arch_pfn = 0x400000000
[    0.000000] Scan for SMP in [mem 0x00000000-0x000003ff]
[    0.000000] Scan for SMP in [mem 0x0009fc00-0x0009ffff]
[    0.000000] Scan for SMP in [mem 0x000f0000-0x000fffff]
[    0.000000] found SMP MP-table at [mem 0x000fd9e0-0x000fd9ef] mapped at [ffff8800000fd9e0]
[    0.000000]   mpc: efc20-eff2c
[    0.000000] Scanning 1 areas for low memory corruption
[    0.000000] Base memory trampoline at [ffff880000095000] 95000 size 24576
[    0.000000] Using GB pages for direct mapping
[    0.000000] init_memory_mapping: [mem 0x00000000-0x000fffff]
[    0.000000]  [mem 0x00000000-0x000fffff] page 4k
[    0.000000] BRK [0x0266b000, 0x0266bfff] PGTABLE
[    0.000000] BRK [0x0266c000, 0x0266cfff] PGTABLE
[    0.000000] BRK [0x0266d000, 0x0266dfff] PGTABLE
[    0.000000] init_memory_mapping: [mem 0x207fe00000-0x207fffffff]
[    0.000000]  [mem 0x207fe00000-0x207fffffff] page 1G
[    0.000000] init_memory_mapping: [mem 0x207c000000-0x207fdfffff]
[    0.000000]  [mem 0x207c000000-0x207fdfffff] page 1G
[    0.000000] init_memory_mapping: [mem 0x2000000000-0x207bffffff]
[    0.000000]  [mem 0x2000000000-0x207bffffff] page 1G
[    0.000000] init_memory_mapping: [mem 0x1000000000-0x1fffffffff]
[    0.000000]  [mem 0x1000000000-0x1fffffffff] page 1G
[    0.000000] init_memory_mapping: [mem 0x00100000-0x7b43dfff]
[    0.000000]  [mem 0x00100000-0x001fffff] page 4k
[    0.000000]  [mem 0x00200000-0x7b3fffff] page 2M
[    0.000000]  [mem 0x7b400000-0x7b43dfff] page 4k
[    0.000000] init_memory_mapping: [mem 0x100000000-0xfffffffff]
[    0.000000]  [mem 0x100000000-0xfffffffff] page 1G
[    0.000000] RAMDISK: [mem 0x6e448000-0x7b433fff]
[    0.000000] ACPI: RSDP 0x00000000000F0410 000024 (v02 QUANTA)
[    0.000000] ACPI: XSDT 0x000000007BFFE120 0000BC (v01 QUANTA QSSC-S4R 00000000      01000013)
[    0.000000] ACPI: FACP 0x000000007BFFD000 0000F4 (v04 QUANTA QSSC-S4R 00000000 MSFT 0100000D)
[    0.000000] ACPI: DSDT 0x000000007BFE1000 01B7B5 (v02 QUANTA QSSC-S4R 00000003 MSFT 0100000D)
[    0.000000] ACPI: FACS 0x000000007BF71000 000040
[    0.000000] ACPI: APIC 0x000000007BFE0000 0004C4 (v02 QUANTA QSSC-S4R 00000000 MSFT 0100000D)
[    0.000000] ACPI: MSCT 0x000000007BFDF000 000090 (v01 QUANTA QSSC-S4R 00000001 MSFT 0100000D)
[    0.000000] ACPI: MCFG 0x000000007BFDE000 00003C (v01 QUANTA QSSC-S4R 00000001 MSFT 0100000D)
[    0.000000] ACPI: HPET 0x000000007BFDD000 000038 (v01 QUANTA QSSC-S4R 00000001 MSFT 0100000D)
[    0.000000] ACPI: SLIT 0x000000007BFDC000 00003C (v01 QUANTA QSSC-S4R 00000001 MSFT 0100000D)
[    0.000000] ACPI: SRAT 0x000000007BFDB000 000A30 (v02 QUANTA QSSC-S4R 00000001 MSFT 0100000D)
[    0.000000] ACPI: SPCR 0x000000007BFDA000 000050 (v01 QUANTA QSSC-S4R 00000000 MSFT 0100000D)
[    0.000000] ACPI: WDDT 0x000000007BFD9000 000040 (v01 QUANTA QSSC-S4R 00000000 MSFT 0100000D)
[    0.000000] ACPI: SSDT 0x000000007BF24000 04C744 (v02 QUANTA QSSC-S4R 00004000 INTL 20061109)
[    0.000000] ACPI: SSDT 0x000000007BFD8000 000174 (v02 QUANTA QSSC-S4R 00004000 INTL 20061109)
[    0.000000] ACPI: PMCT 0x000000007BFD7000 000060 (v01 QUANTA QSSC-S4R 00000000 MSFT 0100000D)
[    0.000000] ACPI: MIGT 0x000000007BFD6000 000040 (v01 QUANTA QSSC-S4R 00000000 MSFT 0100000D)
[    0.000000] ACPI: TCPA 0x000000007BFD3000 000032 (v00 QUANTA QSSC-S4R 00000000      00000000)
[    0.000000] ACPI: HEST 0x000000007BFD2000 0000A8 (v01 QUANTA QSSC-S4R 00000001 INTL 00000001)
[    0.000000] ACPI: BERT 0x000000007BFD1000 000030 (v01 QUANTA QSSC-S4R 00000001 INTL 00000001)
[    0.000000] ACPI: ERST 0x000000007BFD0000 000230 (v01 QUANTA QSSC-S4R 00000001 INTL 00000001)
[    0.000000] ACPI: EINJ 0x000000007BFCF000 000130 (v01 QUANTA QSSC-S4R 00000001 INTL 00000001)
[    0.000000] ACPI: DMAR 0x000000007BF23000 0002F8 (v01 QUANTA QSSC-S4R 00000001 MSFT 0100000D)
[    0.000000] ACPI: Local APIC address 0xfee00000
[    0.000000] mapped APIC to ffffffffff5f3000 (        fee00000)
[    0.000000] SRAT: PXM 0 -> APIC 0x00 -> Node 0
[    0.000000] SRAT: PXM 0 -> APIC 0x01 -> Node 0
[    0.000000] SRAT: PXM 0 -> APIC 0x02 -> Node 0
[    0.000000] SRAT: PXM 0 -> APIC 0x03 -> Node 0
[    0.000000] SRAT: PXM 0 -> APIC 0x04 -> Node 0
[    0.000000] SRAT: PXM 0 -> APIC 0x05 -> Node 0
[    0.000000] SRAT: PXM 0 -> APIC 0x10 -> Node 0
[    0.000000] SRAT: PXM 0 -> APIC 0x11 -> Node 0
[    0.000000] SRAT: PXM 0 -> APIC 0x12 -> Node 0
[    0.000000] SRAT: PXM 0 -> APIC 0x13 -> Node 0
[    0.000000] SRAT: PXM 0 -> APIC 0x20 -> Node 0
[    0.000000] SRAT: PXM 0 -> APIC 0x21 -> Node 0
[    0.000000] SRAT: PXM 0 -> APIC 0x22 -> Node 0
[    0.000000] SRAT: PXM 0 -> APIC 0x23 -> Node 0
[    0.000000] SRAT: PXM 0 -> APIC 0x24 -> Node 0
[    0.000000] SRAT: PXM 0 -> APIC 0x25 -> Node 0
[    0.000000] SRAT: PXM 0 -> APIC 0x30 -> Node 0
[    0.000000] SRAT: PXM 0 -> APIC 0x31 -> Node 0
[    0.000000] SRAT: PXM 0 -> APIC 0x32 -> Node 0
[    0.000000] SRAT: PXM 0 -> APIC 0x33 -> Node 0
[    0.000000] SRAT: PXM 1 -> APIC 0x40 -> Node 1
[    0.000000] SRAT: PXM 1 -> APIC 0x41 -> Node 1
[    0.000000] SRAT: PXM 1 -> APIC 0x42 -> Node 1
[    0.000000] SRAT: PXM 1 -> APIC 0x43 -> Node 1
[    0.000000] SRAT: PXM 1 -> APIC 0x44 -> Node 1
[    0.000000] SRAT: PXM 1 -> APIC 0x45 -> Node 1
[    0.000000] SRAT: PXM 1 -> APIC 0x50 -> Node 1
[    0.000000] SRAT: PXM 1 -> APIC 0x51 -> Node 1
[    0.000000] SRAT: PXM 1 -> APIC 0x52 -> Node 1
[    0.000000] SRAT: PXM 1 -> APIC 0x53 -> Node 1
[    0.000000] SRAT: PXM 1 -> APIC 0x60 -> Node 1
[    0.000000] SRAT: PXM 1 -> APIC 0x61 -> Node 1
[    0.000000] SRAT: PXM 1 -> APIC 0x62 -> Node 1
[    0.000000] SRAT: PXM 1 -> APIC 0x63 -> Node 1
[    0.000000] SRAT: PXM 1 -> APIC 0x64 -> Node 1
[    0.000000] SRAT: PXM 1 -> APIC 0x65 -> Node 1
[    0.000000] SRAT: PXM 1 -> APIC 0x70 -> Node 1
[    0.000000] SRAT: PXM 1 -> APIC 0x71 -> Node 1
[    0.000000] SRAT: PXM 1 -> APIC 0x72 -> Node 1
[    0.000000] SRAT: PXM 1 -> APIC 0x73 -> Node 1
[    0.000000] SRAT: PXM 2 -> APIC 0x80 -> Node 2
[    0.000000] SRAT: PXM 2 -> APIC 0x81 -> Node 2
[    0.000000] SRAT: PXM 2 -> APIC 0x82 -> Node 2
[    0.000000] SRAT: PXM 2 -> APIC 0x83 -> Node 2
[    0.000000] SRAT: PXM 2 -> APIC 0x84 -> Node 2
[    0.000000] SRAT: PXM 2 -> APIC 0x85 -> Node 2
[    0.000000] SRAT: PXM 2 -> APIC 0x90 -> Node 2
[    0.000000] SRAT: PXM 2 -> APIC 0x91 -> Node 2
[    0.000000] SRAT: PXM 2 -> APIC 0x92 -> Node 2
[    0.000000] SRAT: PXM 2 -> APIC 0x93 -> Node 2
[    0.000000] SRAT: PXM 2 -> APIC 0xa0 -> Node 2
[    0.000000] SRAT: PXM 2 -> APIC 0xa1 -> Node 2
[    0.000000] SRAT: PXM 2 -> APIC 0xa2 -> Node 2
[    0.000000] SRAT: PXM 2 -> APIC 0xa3 -> Node 2
[    0.000000] SRAT: PXM 2 -> APIC 0xa4 -> Node 2
[    0.000000] SRAT: PXM 2 -> APIC 0xa5 -> Node 2
[    0.000000] SRAT: PXM 2 -> APIC 0xb0 -> Node 2
[    0.000000] SRAT: PXM 2 -> APIC 0xb1 -> Node 2
[    0.000000] SRAT: PXM 2 -> APIC 0xb2 -> Node 2
[    0.000000] SRAT: PXM 2 -> APIC 0xb3 -> Node 2
[    0.000000] SRAT: PXM 3 -> APIC 0xc0 -> Node 3
[    0.000000] SRAT: PXM 3 -> APIC 0xc1 -> Node 3
[    0.000000] SRAT: PXM 3 -> APIC 0xc2 -> Node 3
[    0.000000] SRAT: PXM 3 -> APIC 0xc3 -> Node 3
[    0.000000] SRAT: PXM 3 -> APIC 0xc4 -> Node 3
[    0.000000] SRAT: PXM 3 -> APIC 0xc5 -> Node 3
[    0.000000] SRAT: PXM 3 -> APIC 0xd0 -> Node 3
[    0.000000] SRAT: PXM 3 -> APIC 0xd1 -> Node 3
[    0.000000] SRAT: PXM 3 -> APIC 0xd2 -> Node 3
[    0.000000] SRAT: PXM 3 -> APIC 0xd3 -> Node 3
[    0.000000] SRAT: PXM 3 -> APIC 0xe0 -> Node 3
[    0.000000] SRAT: PXM 3 -> APIC 0xe1 -> Node 3
[    0.000000] SRAT: PXM 3 -> APIC 0xe2 -> Node 3
[    0.000000] SRAT: PXM 3 -> APIC 0xe3 -> Node 3
[    0.000000] SRAT: PXM 3 -> APIC 0xe4 -> Node 3
[    0.000000] SRAT: PXM 3 -> APIC 0xe5 -> Node 3
[    0.000000] SRAT: PXM 3 -> APIC 0xf0 -> Node 3
[    0.000000] SRAT: PXM 3 -> APIC 0xf1 -> Node 3
[    0.000000] SRAT: PXM 3 -> APIC 0xf2 -> Node 3
[    0.000000] SRAT: PXM 3 -> APIC 0xf3 -> Node 3
[    0.000000] SRAT: Node 0 PXM 0 [mem 0x00000000-0x7fffffff]
[    0.000000] SRAT: Node 0 PXM 0 [mem 0x100000000-0x87fffffff]
[    0.000000] SRAT: Node 1 PXM 1 [mem 0x880000000-0x107fffffff]
[    0.000000] SRAT: Node 2 PXM 2 [mem 0x1080000000-0x187fffffff]
[    0.000000] SRAT: Node 3 PXM 3 [mem 0x1880000000-0x207fffffff]
[    0.000000] SRAT: Node 0 PXM 0 [mem 0x2100000000-0x40ffffffff] hotplug
[    0.000000] SRAT: Node 0 PXM 0 [mem 0x4100000000-0x60ffffffff] hotplug
[    0.000000] SRAT: Node 1 PXM 1 [mem 0x6100000000-0x80ffffffff] hotplug
[    0.000000] SRAT: Node 1 PXM 1 [mem 0x8100000000-0xa0ffffffff] hotplug
[    0.000000] SRAT: Node 2 PXM 2 [mem 0xa100000000-0xc0ffffffff] hotplug
[    0.000000] SRAT: Node 2 PXM 2 [mem 0xc100000000-0xe0ffffffff] hotplug
[    0.000000] SRAT: Node 3 PXM 3 [mem 0xe100000000-0x100ffffffff] hotplug
[    0.000000] SRAT: Node 3 PXM 3 [mem 0x10100000000-0x120ffffffff] hotplug
[    0.000000] NUMA: Initialized distance table, cnt=4
[    0.000000] NUMA: Node 0 [mem 0x00000000-0x7fffffff] + [mem 0x100000000-0x87fffffff] -> [mem 0x00000000-0x87fffffff]
[    0.000000] Initmem setup node 0 [mem 0x00000000-0x87fffffff]
[    0.000000]   NODE_DATA [mem 0x87fffb000-0x87fffffff]
[    0.000000] Initmem setup node 1 [mem 0x880000000-0x107fffffff]
[    0.000000]   NODE_DATA [mem 0x107fffb000-0x107fffffff]
[    0.000000] Initmem setup node 2 [mem 0x1080000000-0x187fffffff]
[    0.000000]   NODE_DATA [mem 0x187fffb000-0x187fffffff]
[    0.000000] Initmem setup node 3 [mem 0x1880000000-0x207fffffff]
[    0.000000]   NODE_DATA [mem 0x207fff8000-0x207fffcfff]
[    0.000000]  [ffffea0000000000-ffffea0021ffffff] PMD -> [ffff88085fe00000-ffff88087fdfffff] on node 0
[    0.000000]  [ffffea0022000000-ffffea0041ffffff] PMD -> [ffff88105fe00000-ffff88107fdfffff] on node 1
[    0.000000]  [ffffea0042000000-ffffea0061ffffff] PMD -> [ffff88185fe00000-ffff88187fdfffff] on node 2
[    0.000000]  [ffffea0062000000-ffffea0081ffffff] PMD -> [ffff88205f600000-ffff88207f5fffff] on node 3
[    0.000000] Zone ranges:
[    0.000000]   DMA      [mem 0x00001000-0x00ffffff]
[    0.000000]   DMA32    [mem 0x01000000-0xffffffff]
[    0.000000]   Normal   [mem 0x100000000-0x207fffffff]
[    0.000000] Movable zone start for each node
[    0.000000] Early memory node ranges
[    0.000000]   node   0: [mem 0x00001000-0x0009afff]
[    0.000000]   node   0: [mem 0x00100000-0x7b43dfff]
[    0.000000]   node   0: [mem 0x100000000-0x87fffffff]
[    0.000000]   node   1: [mem 0x880000000-0x107fffffff]
[    0.000000]   node   2: [mem 0x1080000000-0x187fffffff]
[    0.000000]   node   3: [mem 0x1880000000-0x207fffffff]
[    0.000000] On node 0 totalpages: 8369112
[    0.000000]   DMA zone: 64 pages used for memmap
[    0.000000]   DMA zone: 21 pages reserved
[    0.000000]   DMA zone: 3994 pages, LIFO batch:0
[    0.000000]   DMA32 zone: 7825 pages used for memmap
[    0.000000]   DMA32 zone: 500798 pages, LIFO batch:31
[    0.000000]   Normal zone: 122880 pages used for memmap
[    0.000000]   Normal zone: 7864320 pages, LIFO batch:31
[    0.000000] On node 1 totalpages: 8388608
[    0.000000]   Normal zone: 131072 pages used for memmap
[    0.000000]   Normal zone: 8388608 pages, LIFO batch:31
[    0.000000] On node 2 totalpages: 8388608
[    0.000000]   Normal zone: 131072 pages used for memmap
[    0.000000]   Normal zone: 8388608 pages, LIFO batch:31
[    0.000000] On node 3 totalpages: 8388608
[    0.000000]   Normal zone: 131072 pages used for memmap
[    0.000000]   Normal zone: 8388608 pages, LIFO batch:31
[    0.000000] ACPI: PM-Timer IO Port: 0x408
[    0.000000] ACPI: Local APIC address 0xfee00000
[    0.000000] mapped APIC to ffffffffff5f3000 (        fee00000)
[    0.000000] ACPI: LAPIC (acpi_id[0x00] lapic_id[0x00] enabled)
[    0.000000] ACPI: LAPIC (acpi_id[0x28] lapic_id[0x80] enabled)
[    0.000000] ACPI: LAPIC (acpi_id[0x14] lapic_id[0x40] enabled)
[    0.000000] ACPI: LAPIC (acpi_id[0x3c] lapic_id[0xc0] enabled)
[    0.000000] ACPI: LAPIC (acpi_id[0x0a] lapic_id[0x20] enabled)
[    0.000000] ACPI: LAPIC (acpi_id[0x32] lapic_id[0xa0] enabled)
[    0.000000] ACPI: LAPIC (acpi_id[0x1e] lapic_id[0x60] enabled)
[    0.000000] ACPI: LAPIC (acpi_id[0x46] lapic_id[0xe0] enabled)
[    0.000000] ACPI: LAPIC (acpi_id[0x06] lapic_id[0x10] enabled)
[    0.000000] ACPI: LAPIC (acpi_id[0x2e] lapic_id[0x90] enabled)
[    0.000000] ACPI: LAPIC (acpi_id[0x1a] lapic_id[0x50] enabled)
[    0.000000] ACPI: LAPIC (acpi_id[0x42] lapic_id[0xd0] enabled)
[    0.000000] ACPI: LAPIC (acpi_id[0x10] lapic_id[0x30] enabled)
[    0.000000] ACPI: LAPIC (acpi_id[0x38] lapic_id[0xb0] enabled)
[    0.000000] ACPI: LAPIC (acpi_id[0x24] lapic_id[0x70] enabled)
[    0.000000] ACPI: LAPIC (acpi_id[0x4c] lapic_id[0xf0] enabled)
[    0.000000] ACPI: LAPIC (acpi_id[0x02] lapic_id[0x02] enabled)
[    0.000000] ACPI: LAPIC (acpi_id[0x2a] lapic_id[0x82] enabled)
[    0.000000] ACPI: LAPIC (acpi_id[0x16] lapic_id[0x42] enabled)
[    0.000000] ACPI: LAPIC (acpi_id[0x3e] lapic_id[0xc2] enabled)
[    0.000000] ACPI: LAPIC (acpi_id[0x0c] lapic_id[0x22] enabled)
[    0.000000] ACPI: LAPIC (acpi_id[0x34] lapic_id[0xa2] enabled)
[    0.000000] ACPI: LAPIC (acpi_id[0x20] lapic_id[0x62] enabled)
[    0.000000] ACPI: LAPIC (acpi_id[0x48] lapic_id[0xe2] enabled)
[    0.000000] ACPI: LAPIC (acpi_id[0x08] lapic_id[0x12] enabled)
[    0.000000] ACPI: LAPIC (acpi_id[0x30] lapic_id[0x92] enabled)
[    0.000000] ACPI: LAPIC (acpi_id[0x1c] lapic_id[0x52] enabled)
[    0.000000] ACPI: LAPIC (acpi_id[0x44] lapic_id[0xd2] enabled)
[    0.000000] ACPI: LAPIC (acpi_id[0x12] lapic_id[0x32] enabled)
[    0.000000] ACPI: LAPIC (acpi_id[0x3a] lapic_id[0xb2] enabled)
[    0.000000] ACPI: LAPIC (acpi_id[0x26] lapic_id[0x72] enabled)
[    0.000000] ACPI: LAPIC (acpi_id[0x4e] lapic_id[0xf2] enabled)
[    0.000000] ACPI: LAPIC (acpi_id[0x01] lapic_id[0x01] enabled)
[    0.000000] ACPI: LAPIC (acpi_id[0x29] lapic_id[0x81] enabled)
[    0.000000] ACPI: LAPIC (acpi_id[0x15] lapic_id[0x41] enabled)
[    0.000000] ACPI: LAPIC (acpi_id[0x3d] lapic_id[0xc1] enabled)
[    0.000000] ACPI: LAPIC (acpi_id[0x0b] lapic_id[0x21] enabled)
[    0.000000] ACPI: LAPIC (acpi_id[0x33] lapic_id[0xa1] enabled)
[    0.000000] ACPI: LAPIC (acpi_id[0x1f] lapic_id[0x61] enabled)
[    0.000000] ACPI: LAPIC (acpi_id[0x47] lapic_id[0xe1] enabled)
[    0.000000] ACPI: LAPIC (acpi_id[0x07] lapic_id[0x11] enabled)
[    0.000000] ACPI: LAPIC (acpi_id[0x2f] lapic_id[0x91] enabled)
[    0.000000] ACPI: LAPIC (acpi_id[0x1b] lapic_id[0x51] enabled)
[    0.000000] ACPI: LAPIC (acpi_id[0x43] lapic_id[0xd1] enabled)
[    0.000000] ACPI: LAPIC (acpi_id[0x11] lapic_id[0x31] enabled)
[    0.000000] ACPI: LAPIC (acpi_id[0x39] lapic_id[0xb1] enabled)
[    0.000000] ACPI: LAPIC (acpi_id[0x25] lapic_id[0x71] enabled)
[    0.000000] ACPI: LAPIC (acpi_id[0x4d] lapic_id[0xf1] enabled)
[    0.000000] ACPI: LAPIC (acpi_id[0x03] lapic_id[0x03] enabled)
[    0.000000] ACPI: LAPIC (acpi_id[0x2b] lapic_id[0x83] enabled)
[    0.000000] ACPI: LAPIC (acpi_id[0x17] lapic_id[0x43] enabled)
[    0.000000] ACPI: LAPIC (acpi_id[0x3f] lapic_id[0xc3] enabled)
[    0.000000] ACPI: LAPIC (acpi_id[0x0d] lapic_id[0x23] enabled)
[    0.000000] ACPI: LAPIC (acpi_id[0x35] lapic_id[0xa3] enabled)
[    0.000000] ACPI: LAPIC (acpi_id[0x21] lapic_id[0x63] enabled)
[    0.000000] ACPI: LAPIC (acpi_id[0x49] lapic_id[0xe3] enabled)
[    0.000000] ACPI: LAPIC (acpi_id[0x09] lapic_id[0x13] enabled)
[    0.000000] ACPI: LAPIC (acpi_id[0x31] lapic_id[0x93] enabled)
[    0.000000] ACPI: LAPIC (acpi_id[0x1d] lapic_id[0x53] enabled)
[    0.000000] ACPI: LAPIC (acpi_id[0x45] lapic_id[0xd3] enabled)
[    0.000000] ACPI: LAPIC (acpi_id[0x13] lapic_id[0x33] enabled)
[    0.000000] ACPI: LAPIC (acpi_id[0x3b] lapic_id[0xb3] enabled)
[    0.000000] ACPI: LAPIC (acpi_id[0x27] lapic_id[0x73] enabled)
[    0.000000] ACPI: LAPIC (acpi_id[0x4f] lapic_id[0xf3] enabled)
[    0.000000] ACPI: LAPIC (acpi_id[0x04] lapic_id[0x04] enabled)
[    0.000000] ACPI: LAPIC (acpi_id[0x2c] lapic_id[0x84] enabled)
[    0.000000] ACPI: LAPIC (acpi_id[0x18] lapic_id[0x44] enabled)
[    0.000000] ACPI: LAPIC (acpi_id[0x40] lapic_id[0xc4] enabled)
[    0.000000] ACPI: LAPIC (acpi_id[0x0e] lapic_id[0x24] enabled)
[    0.000000] ACPI: LAPIC (acpi_id[0x36] lapic_id[0xa4] enabled)
[    0.000000] ACPI: LAPIC (acpi_id[0x22] lapic_id[0x64] enabled)
[    0.000000] ACPI: LAPIC (acpi_id[0x4a] lapic_id[0xe4] enabled)
[    0.000000] ACPI: LAPIC (acpi_id[0x05] lapic_id[0x05] enabled)
[    0.000000] ACPI: LAPIC (acpi_id[0x2d] lapic_id[0x85] enabled)
[    0.000000] ACPI: LAPIC (acpi_id[0x19] lapic_id[0x45] enabled)
[    0.000000] ACPI: LAPIC (acpi_id[0x41] lapic_id[0xc5] enabled)
[    0.000000] ACPI: LAPIC (acpi_id[0x0f] lapic_id[0x25] enabled)
[    0.000000] ACPI: LAPIC (acpi_id[0x37] lapic_id[0xa5] enabled)
[    0.000000] ACPI: LAPIC (acpi_id[0x23] lapic_id[0x65] enabled)
[    0.000000] ACPI: LAPIC (acpi_id[0x4b] lapic_id[0xe5] enabled)
[    0.000000] ACPI: LAPIC_NMI (acpi_id[0x00] high level lint[0x1])
[    0.000000] ACPI: LAPIC_NMI (acpi_id[0x01] high level lint[0x1])
[    0.000000] ACPI: LAPIC_NMI (acpi_id[0x02] high level lint[0x1])
[    0.000000] ACPI: LAPIC_NMI (acpi_id[0x03] high level lint[0x1])
[    0.000000] ACPI: LAPIC_NMI (acpi_id[0x04] high level lint[0x1])
[    0.000000] ACPI: LAPIC_NMI (acpi_id[0x05] high level lint[0x1])
[    0.000000] ACPI: LAPIC_NMI (acpi_id[0x06] high level lint[0x1])
[    0.000000] ACPI: LAPIC_NMI (acpi_id[0x07] high level lint[0x1])
[    0.000000] ACPI: LAPIC_NMI (acpi_id[0x08] high level lint[0x1])
[    0.000000] ACPI: LAPIC_NMI (acpi_id[0x09] high level lint[0x1])
[    0.000000] ACPI: LAPIC_NMI (acpi_id[0x0a] high level lint[0x1])
[    0.000000] ACPI: LAPIC_NMI (acpi_id[0x0b] high level lint[0x1])
[    0.000000] ACPI: LAPIC_NMI (acpi_id[0x0c] high level lint[0x1])
[    0.000000] ACPI: LAPIC_NMI (acpi_id[0x0d] high level lint[0x1])
[    0.000000] ACPI: LAPIC_NMI (acpi_id[0x0e] high level lint[0x1])
[    0.000000] ACPI: LAPIC_NMI (acpi_id[0x0f] high level lint[0x1])
[    0.000000] ACPI: LAPIC_NMI (acpi_id[0x10] high level lint[0x1])
[    0.000000] ACPI: LAPIC_NMI (acpi_id[0x11] high level lint[0x1])
[    0.000000] ACPI: LAPIC_NMI (acpi_id[0x12] high level lint[0x1])
[    0.000000] ACPI: LAPIC_NMI (acpi_id[0x13] high level lint[0x1])
[    0.000000] ACPI: LAPIC_NMI (acpi_id[0x14] high level lint[0x1])
[    0.000000] ACPI: LAPIC_NMI (acpi_id[0x15] high level lint[0x1])
[    0.000000] ACPI: LAPIC_NMI (acpi_id[0x16] high level lint[0x1])
[    0.000000] ACPI: LAPIC_NMI (acpi_id[0x17] high level lint[0x1])
[    0.000000] ACPI: LAPIC_NMI (acpi_id[0x18] high level lint[0x1])
[    0.000000] ACPI: LAPIC_NMI (acpi_id[0x19] high level lint[0x1])
[    0.000000] ACPI: LAPIC_NMI (acpi_id[0x1a] high level lint[0x1])
[    0.000000] ACPI: LAPIC_NMI (acpi_id[0x1b] high level lint[0x1])
[    0.000000] ACPI: LAPIC_NMI (acpi_id[0x1c] high level lint[0x1])
[    0.000000] ACPI: LAPIC_NMI (acpi_id[0x1d] high level lint[0x1])
[    0.000000] ACPI: LAPIC_NMI (acpi_id[0x1e] high level lint[0x1])
[    0.000000] ACPI: LAPIC_NMI (acpi_id[0x1f] high level lint[0x1])
[    0.000000] ACPI: LAPIC_NMI (acpi_id[0x20] high level lint[0x1])
[    0.000000] ACPI: LAPIC_NMI (acpi_id[0x21] high level lint[0x1])
[    0.000000] ACPI: LAPIC_NMI (acpi_id[0x22] high level lint[0x1])
[    0.000000] ACPI: LAPIC_NMI (acpi_id[0x23] high level lint[0x1])
[    0.000000] ACPI: LAPIC_NMI (acpi_id[0x24] high level lint[0x1])
[    0.000000] ACPI: LAPIC_NMI (acpi_id[0x25] high level lint[0x1])
[    0.000000] ACPI: LAPIC_NMI (acpi_id[0x26] high level lint[0x1])
[    0.000000] ACPI: LAPIC_NMI (acpi_id[0x27] high level lint[0x1])
[    0.000000] ACPI: LAPIC_NMI (acpi_id[0x28] high level lint[0x1])
[    0.000000] ACPI: LAPIC_NMI (acpi_id[0x29] high level lint[0x1])
[    0.000000] ACPI: LAPIC_NMI (acpi_id[0x2a] high level lint[0x1])
[    0.000000] ACPI: LAPIC_NMI (acpi_id[0x2b] high level lint[0x1])
[    0.000000] ACPI: LAPIC_NMI (acpi_id[0x2c] high level lint[0x1])
[    0.000000] ACPI: LAPIC_NMI (acpi_id[0x2d] high level lint[0x1])
[    0.000000] ACPI: LAPIC_NMI (acpi_id[0x2e] high level lint[0x1])
[    0.000000] ACPI: LAPIC_NMI (acpi_id[0x2f] high level lint[0x1])
[    0.000000] ACPI: LAPIC_NMI (acpi_id[0x30] high level lint[0x1])
[    0.000000] ACPI: LAPIC_NMI (acpi_id[0x31] high level lint[0x1])
[    0.000000] ACPI: LAPIC_NMI (acpi_id[0x32] high level lint[0x1])
[    0.000000] ACPI: LAPIC_NMI (acpi_id[0x33] high level lint[0x1])
[    0.000000] ACPI: LAPIC_NMI (acpi_id[0x34] high level lint[0x1])
[    0.000000] ACPI: LAPIC_NMI (acpi_id[0x35] high level lint[0x1])
[    0.000000] ACPI: LAPIC_NMI (acpi_id[0x36] high level lint[0x1])
[    0.000000] ACPI: LAPIC_NMI (acpi_id[0x37] high level lint[0x1])
[    0.000000] ACPI: LAPIC_NMI (acpi_id[0x38] high level lint[0x1])
[    0.000000] ACPI: LAPIC_NMI (acpi_id[0x39] high level lint[0x1])
[    0.000000] ACPI: LAPIC_NMI (acpi_id[0x3a] high level lint[0x1])
[    0.000000] ACPI: LAPIC_NMI (acpi_id[0x3b] high level lint[0x1])
[    0.000000] ACPI: LAPIC_NMI (acpi_id[0x3c] high level lint[0x1])
[    0.000000] ACPI: LAPIC_NMI (acpi_id[0x3d] high level lint[0x1])
[    0.000000] ACPI: LAPIC_NMI (acpi_id[0x3e] high level lint[0x1])
[    0.000000] ACPI: LAPIC_NMI (acpi_id[0x3f] high level lint[0x1])
[    0.000000] ACPI: LAPIC_NMI (acpi_id[0x40] high level lint[0x1])
[    0.000000] ACPI: LAPIC_NMI (acpi_id[0x41] high level lint[0x1])
[    0.000000] ACPI: LAPIC_NMI (acpi_id[0x42] high level lint[0x1])
[    0.000000] ACPI: LAPIC_NMI (acpi_id[0x43] high level lint[0x1])
[    0.000000] ACPI: LAPIC_NMI (acpi_id[0x44] high level lint[0x1])
[    0.000000] ACPI: LAPIC_NMI (acpi_id[0x45] high level lint[0x1])
[    0.000000] ACPI: LAPIC_NMI (acpi_id[0x46] high level lint[0x1])
[    0.000000] ACPI: LAPIC_NMI (acpi_id[0x47] high level lint[0x1])
[    0.000000] ACPI: LAPIC_NMI (acpi_id[0x48] high level lint[0x1])
[    0.000000] ACPI: LAPIC_NMI (acpi_id[0x49] high level lint[0x1])
[    0.000000] ACPI: LAPIC_NMI (acpi_id[0x4a] high level lint[0x1])
[    0.000000] ACPI: LAPIC_NMI (acpi_id[0x4b] high level lint[0x1])
[    0.000000] ACPI: LAPIC_NMI (acpi_id[0x4c] high level lint[0x1])
[    0.000000] ACPI: LAPIC_NMI (acpi_id[0x4d] high level lint[0x1])
[    0.000000] ACPI: LAPIC_NMI (acpi_id[0x4e] high level lint[0x1])
[    0.000000] ACPI: LAPIC_NMI (acpi_id[0x4f] high level lint[0x1])
[    0.000000] ACPI: IOAPIC (id[0x08] address[0xfec00000] gsi_base[0])
[    0.000000] IOAPIC[0]: apic_id 8, version 32, address 0xfec00000, GSI 0-23
[    0.000000] ACPI: IOAPIC (id[0x09] address[0xfec01000] gsi_base[24])
[    0.000000] IOAPIC[1]: apic_id 9, version 32, address 0xfec01000, GSI 24-47
[    0.000000] ACPI: IOAPIC (id[0x0a] address[0xfec04000] gsi_base[48])
[    0.000000] IOAPIC[2]: apic_id 10, version 32, address 0xfec04000, GSI 48-71
[    0.000000] ACPI: INT_SRC_OVR (bus 0 bus_irq 0 global_irq 2 dfl dfl)
[    0.000000] Int: type 0, pol 0, trig 0, bus 00, IRQ 00, APIC ID 8, APIC INT 02
[    0.000000] ACPI: INT_SRC_OVR (bus 0 bus_irq 9 global_irq 9 high level)
[    0.000000] Int: type 0, pol 1, trig 3, bus 00, IRQ 09, APIC ID 8, APIC INT 09
[    0.000000] ACPI: IRQ0 used by override.
[    0.000000] Int: type 0, pol 0, trig 0, bus 00, IRQ 01, APIC ID 8, APIC INT 01
[    0.000000] ACPI: IRQ2 used by override.
[    0.000000] Int: type 0, pol 0, trig 0, bus 00, IRQ 03, APIC ID 8, APIC INT 03
[    0.000000] Int: type 0, pol 0, trig 0, bus 00, IRQ 04, APIC ID 8, APIC INT 04
[    0.000000] Int: type 0, pol 0, trig 0, bus 00, IRQ 05, APIC ID 8, APIC INT 05
[    0.000000] Int: type 0, pol 0, trig 0, bus 00, IRQ 06, APIC ID 8, APIC INT 06
[    0.000000] Int: type 0, pol 0, trig 0, bus 00, IRQ 07, APIC ID 8, APIC INT 07
[    0.000000] Int: type 0, pol 0, trig 0, bus 00, IRQ 08, APIC ID 8, APIC INT 08
[    0.000000] ACPI: IRQ9 used by override.
[    0.000000] Int: type 0, pol 0, trig 0, bus 00, IRQ 0a, APIC ID 8, APIC INT 0a
[    0.000000] Int: type 0, pol 0, trig 0, bus 00, IRQ 0b, APIC ID 8, APIC INT 0b
[    0.000000] Int: type 0, pol 0, trig 0, bus 00, IRQ 0c, APIC ID 8, APIC INT 0c
[    0.000000] Int: type 0, pol 0, trig 0, bus 00, IRQ 0d, APIC ID 8, APIC INT 0d
[    0.000000] Int: type 0, pol 0, trig 0, bus 00, IRQ 0e, APIC ID 8, APIC INT 0e
[    0.000000] Int: type 0, pol 0, trig 0, bus 00, IRQ 0f, APIC ID 8, APIC INT 0f
[    0.000000] Using ACPI (MADT) for SMP configuration information
[    0.000000] ACPI: HPET id: 0x8086a401 base: 0xfed00000
[    0.000000] smpboot: Allowing 80 CPUs, 0 hotplug CPUs
[    0.000000] mapped IOAPIC to ffffffffff5f2000 (fec00000)
[    0.000000] mapped IOAPIC to ffffffffff5f1000 (fec01000)
[    0.000000] mapped IOAPIC to ffffffffff5f0000 (fec04000)
[    0.000000] nr_irqs_gsi: 88
[    0.000000] PM: Registered nosave memory: [mem 0x0009b000-0x0009bfff]
[    0.000000] PM: Registered nosave memory: [mem 0x0009c000-0x0009ffff]
[    0.000000] PM: Registered nosave memory: [mem 0x000a0000-0x000dffff]
[    0.000000] PM: Registered nosave memory: [mem 0x000e0000-0x000fffff]
[    0.000000] PM: Registered nosave memory: [mem 0x7b43e000-0x7b440fff]
[    0.000000] PM: Registered nosave memory: [mem 0x7b441000-0x7b67cfff]
[    0.000000] PM: Registered nosave memory: [mem 0x7b67d000-0x7b68bfff]
[    0.000000] PM: Registered nosave memory: [mem 0x7b68c000-0x7b68efff]
[    0.000000] PM: Registered nosave memory: [mem 0x7b68f000-0x7b693fff]
[    0.000000] PM: Registered nosave memory: [mem 0x7b694000-0x7b7bcfff]
[    0.000000] PM: Registered nosave memory: [mem 0x7b7bd000-0x7ba3cfff]
[    0.000000] PM: Registered nosave memory: [mem 0x7ba3d000-0x7baa7fff]
[    0.000000] PM: Registered nosave memory: [mem 0x7baa8000-0x7bcfffff]
[    0.000000] PM: Registered nosave memory: [mem 0x7bd00000-0x7bd16fff]
[    0.000000] PM: Registered nosave memory: [mem 0x7bd17000-0x7bd19fff]
[    0.000000] PM: Registered nosave memory: [mem 0x7bd1a000-0x7bd49fff]
[    0.000000] PM: Registered nosave memory: [mem 0x7bd4a000-0x7bd5efff]
[    0.000000] PM: Registered nosave memory: [mem 0x7bd5f000-0x7bdfefff]
[    0.000000] PM: Registered nosave memory: [mem 0x7bdff000-0x7bdfffff]
[    0.000000] PM: Registered nosave memory: [mem 0x7be00000-0x7be4efff]
[    0.000000] PM: Registered nosave memory: [mem 0x7be4f000-0x7bf70fff]
[    0.000000] PM: Registered nosave memory: [mem 0x7bf71000-0x7bfcefff]
[    0.000000] PM: Registered nosave memory: [mem 0x7bfcf000-0x7bffefff]
[    0.000000] PM: Registered nosave memory: [mem 0x7bfff000-0x8fffffff]
[    0.000000] PM: Registered nosave memory: [mem 0x90000000-0xfbffffff]
[    0.000000] PM: Registered nosave memory: [mem 0xfc000000-0xfcffffff]
[    0.000000] PM: Registered nosave memory: [mem 0xfd000000-0xfed1bfff]
[    0.000000] PM: Registered nosave memory: [mem 0xfed1c000-0xfed1ffff]
[    0.000000] PM: Registered nosave memory: [mem 0xfed20000-0xfeffffff]
[    0.000000] PM: Registered nosave memory: [mem 0xff000000-0xffffffff]
[    0.000000] e820: [mem 0x90000000-0xfbffffff] available for PCI devices
[    0.000000] Booting paravirtualized kernel on bare hardware
[    0.000000] setup_percpu: NR_CPUS:512 nr_cpumask_bits:512 nr_cpu_ids:80 nr_node_ids:4
[    0.000000] PERCPU: Embedded 27 pages/cpu @ffff88085f800000 s81088 r8192 d21312 u262144
[    0.000000] pcpu-alloc: s81088 r8192 d21312 u262144 alloc=1*2097152
[    0.000000] pcpu-alloc: [0] 00 04 08 12 16 20 24 28 [0] 32 36 40 44 48 52 56 60 
[    0.000000] pcpu-alloc: [0] 64 68 72 76 -- -- -- -- [1] 01 05 09 13 17 21 25 29 
[    0.000000] pcpu-alloc: [1] 33 37 41 45 49 53 57 61 [1] 65 69 73 77 -- -- -- -- 
[    0.000000] pcpu-alloc: [2] 02 06 10 14 18 22 26 30 [2] 34 38 42 46 50 54 58 62 
[    0.000000] pcpu-alloc: [2] 66 70 74 78 -- -- -- -- [3] 03 07 11 15 19 23 27 31 
[    0.000000] pcpu-alloc: [3] 35 39 43 47 51 55 59 63 [3] 67 71 75 79 -- -- -- -- 
[    0.000000] Built 4 zonelists in Zone order, mobility grouping on.  Total pages: 33010930
[    0.000000] Policy zone: Normal
[    0.000000] Kernel command line: BOOT_IMAGE=/kernel/x86_64-lkp/8808b950581f71e3ee4cf8e6cae479f4c7106405/vmlinuz-3.14.0-rc6-next-20140317 user=lkp job=/lkp/scheduled/lkp-wsx02/cyclic_netperf-power-120s-25%-SCTP_STREAM_MANY-HEAD-8808b950581f71e3ee4cf8e6cae479f4c7106405.yaml ARCH=x86_64 BOOT_IMAGE=/kernel/x86_64-lkp/8808b950581f71e3ee4cf8e6cae479f4c7106405/vmlinuz-3.14.0-rc6-next-20140317 kconfig=x86_64-lkp commit=8808b950581f71e3ee4cf8e6cae479f4c7106405 max_uptime=996 RESULT_ROOT=/lkp/result/lkp-wsx02/micro/netperf/120s-25%-SCTP_STREAM_MANY/x86_64-lkp/8808b950581f71e3ee4cf8e6cae479f4c7106405/0 root=/dev/ram0 ip=::::lkp-wsx02::dhcp oops=panic earlyprintk=ttyS0,115200 debug apic=debug sysrq_always_enabled rcupdate.rcu_cpu_stall_timeout=100 panic=10 softlockup_panic=1 nmi_watchdog=panic load_ramdisk=2 prompt_ramdisk=0 console=ttyS0,115200 console=tty0 vga=normal
[    0.000000] sysrq: sysrq always enabled.
[    0.000000] PID hash table entries: 4096 (order: 3, 32768 bytes)
[    0.000000] Checking aperture...
[    0.000000] No AGP bridge found
[    0.000000] Memory: 131731224K/134139744K available (10556K kernel code, 1268K rwdata, 4292K rodata, 1436K init, 1760K bss, 2408520K reserved)
[    0.000000] SLUB: HWalign=64, Order=0-3, MinObjects=0, CPUs=80, Nodes=4
[    0.000000] Hierarchical RCU implementation.
[    0.000000] 	RCU dyntick-idle grace-period acceleration is enabled.
[    0.000000] 	RCU restricting CPUs from NR_CPUS=512 to nr_cpu_ids=80.
[    0.000000] RCU: Adjusting geometry for rcu_fanout_leaf=16, nr_cpu_ids=80
[    0.000000] NR_IRQS:33024 nr_irqs:2136 16
[    0.000000] Console: colour VGA+ 80x25
[    0.000000] console [tty0] enabled
[    0.000000] bootconsole [earlyser0] disabled
[    0.000000] console [ttyS0] enabled
[    0.000000] allocated 536870912 bytes of page_cgroup
[    0.000000] please try 'cgroup_disable=memory' option if you don't want memory cgroups
[    0.000000] Disabling automatic NUMA balancing. Configure with numa_balancing= or the kernel.numa_balancing sysctl
[    0.000000] hpet clockevent registered
[    0.000000] tsc: Fast TSC calibration using PIT
[    0.000000] tsc: Detected 2394.281 MHz processor
[    0.000042] Calibrating delay loop (skipped), value calculated using timer frequency.. 4788.56 BogoMIPS (lpj=9577124)
[    0.012311] pid_max: default: 81920 minimum: 640
[    0.017689] ACPI: Core revision 20140214
[    0.108793] ACPI: All ACPI Tables successfully acquired
[    0.126760] Dentry cache hash table entries: 16777216 (order: 15, 134217728 bytes)
[    0.175568] Inode-cache hash table entries: 8388608 (order: 14, 67108864 bytes)
[    0.201651] Mount-cache hash table entries: 256
[    0.207817] Initializing cgroup subsys memory
[    0.213232] Initializing cgroup subsys devices
[    0.218799] Initializing cgroup subsys freezer
[    0.224280] Initializing cgroup subsys blkio
[    0.229559] Initializing cgroup subsys perf_event
[    0.235437] Initializing cgroup subsys hugetlb
[    0.241103] CPU: Physical Processor ID: 0
[    0.246098] CPU: Processor Core ID: 0
[    0.250784] mce: CPU supports 24 MCE banks
[    0.255911] CPU0: Thermal monitoring enabled (TM1)
[    0.261819] Last level iTLB entries: 4KB 512, 2MB 7, 4MB 7
[    0.261819] Last level dTLB entries: 4KB 512, 2MB 32, 4MB 32, 1GB 0
[    0.261819] tlb_flushall_shift: 6
[    0.280249] Freeing SMP alternatives memory: 44K (ffffffff824a6000 - ffffffff824b1000)
[    0.292202] ftrace: allocating 40687 entries in 159 pages
[    0.326147] Getting VERSION: 1060015
[    0.330732] Getting VERSION: 1060015
[    0.335225] Getting ID: 0
[    0.338541] Getting ID: 0
[    0.342094] Switched APIC routing to physical flat.
[    0.348101] enabled ExtINT on CPU#0
[    0.353071] ENABLING IO-APIC IRQs
[    0.357282] init IO_APIC IRQs
[    0.361107]  apic 8 pin 0 not connected
[    0.365908] IOAPIC[0]: Set routing entry (8-1 -> 0x31 -> IRQ 1 Mode:0 Active:0 Dest:0)
[    0.375734] IOAPIC[0]: Set routing entry (8-2 -> 0x30 -> IRQ 0 Mode:0 Active:0 Dest:0)
[    0.385475] IOAPIC[0]: Set routing entry (8-3 -> 0x33 -> IRQ 3 Mode:0 Active:0 Dest:0)
[    0.395030] IOAPIC[0]: Set routing entry (8-4 -> 0x34 -> IRQ 4 Mode:0 Active:0 Dest:0)
[    0.404616] IOAPIC[0]: Set routing entry (8-5 -> 0x35 -> IRQ 5 Mode:0 Active:0 Dest:0)
[    0.414199] IOAPIC[0]: Set routing entry (8-6 -> 0x36 -> IRQ 6 Mode:0 Active:0 Dest:0)
[    0.423778] IOAPIC[0]: Set routing entry (8-7 -> 0x37 -> IRQ 7 Mode:0 Active:0 Dest:0)
[    0.433346] IOAPIC[0]: Set routing entry (8-8 -> 0x38 -> IRQ 8 Mode:0 Active:0 Dest:0)
[    0.442905] IOAPIC[0]: Set routing entry (8-9 -> 0x39 -> IRQ 9 Mode:1 Active:0 Dest:0)
[    0.452460] IOAPIC[0]: Set routing entry (8-10 -> 0x3a -> IRQ 10 Mode:0 Active:0 Dest:0)
[    0.462225] IOAPIC[0]: Set routing entry (8-11 -> 0x3b -> IRQ 11 Mode:0 Active:0 Dest:0)
[    0.472001] IOAPIC[0]: Set routing entry (8-12 -> 0x3c -> IRQ 12 Mode:0 Active:0 Dest:0)
[    0.481760] IOAPIC[0]: Set routing entry (8-13 -> 0x3d -> IRQ 13 Mode:0 Active:0 Dest:0)
[    0.491525] IOAPIC[0]: Set routing entry (8-14 -> 0x3e -> IRQ 14 Mode:0 Active:0 Dest:0)
[    0.501285] IOAPIC[0]: Set routing entry (8-15 -> 0x3f -> IRQ 15 Mode:0 Active:0 Dest:0)
[    0.511054]  apic 8 pin 16 not connected
[    0.515817]  apic 8 pin 17 not connected
[    0.520586]  apic 8 pin 18 not connected
[    0.525363]  apic 8 pin 19 not connected
[    0.530140]  apic 8 pin 20 not connected
[    0.534916]  apic 8 pin 21 not connected
[    0.539693]  apic 8 pin 22 not connected
[    0.544466]  apic 8 pin 23 not connected
[    0.549243]  apic 9 pin 0 not connected
[    0.553911]  apic 9 pin 1 not connected
[    0.558577]  apic 9 pin 2 not connected
[    0.563243]  apic 9 pin 3 not connected
[    0.567916]  apic 9 pin 4 not connected
[    0.572585]  apic 9 pin 5 not connected
[    0.577243]  apic 9 pin 6 not connected
[    0.581923]  apic 9 pin 7 not connected
[    0.586602]  apic 9 pin 8 not connected
[    0.591280]  apic 9 pin 9 not connected
[    0.595956]  apic 9 pin 10 not connected
[    0.600730]  apic 9 pin 11 not connected
[    0.605500]  apic 9 pin 12 not connected
[    0.610273]  apic 9 pin 13 not connected
[    0.615037]  apic 9 pin 14 not connected
[    0.619803]  apic 9 pin 15 not connected
[    0.624576]  apic 9 pin 16 not connected
[    0.629342]  apic 9 pin 17 not connected
[    0.634109]  apic 9 pin 18 not connected
[    0.638880]  apic 9 pin 19 not connected
[    0.643658]  apic 9 pin 20 not connected
[    0.648434]  apic 9 pin 21 not connected
[    0.653210]  apic 9 pin 22 not connected
[    0.657983]  apic 9 pin 23 not connected
[    0.662756]  apic 10 pin 0 not connected
[    0.667532]  apic 10 pin 1 not connected
[    0.672300]  apic 10 pin 2 not connected
[    0.677067]  apic 10 pin 3 not connected
[    0.681846]  apic 10 pin 4 not connected
[    0.686609]  apic 10 pin 5 not connected
[    0.691374]  apic 10 pin 6 not connected
[    0.696145]  apic 10 pin 7 not connected
[    0.700913]  apic 10 pin 8 not connected
[    0.705689]  apic 10 pin 9 not connected
[    0.710466]  apic 10 pin 10 not connected
[    0.715339]  apic 10 pin 11 not connected
[    0.720211]  apic 10 pin 12 not connected
[    0.725084]  apic 10 pin 13 not connected
[    0.729954]  apic 10 pin 14 not connected
[    0.734819]  apic 10 pin 15 not connected
[    0.739694]  apic 10 pin 16 not connected
[    0.744554]  apic 10 pin 17 not connected
[    0.749418]  apic 10 pin 18 not connected
[    0.754293]  apic 10 pin 19 not connected
[    0.759156]  apic 10 pin 20 not connected
[    0.764020]  apic 10 pin 21 not connected
[    0.768896]  apic 10 pin 22 not connected
[    0.773760]  apic 10 pin 23 not connected
[    0.778765] ..TIMER: vector=0x30 apic1=0 pin1=2 apic2=-1 pin2=-1
[    0.825589] smpboot: CPU0: Intel(R) Xeon(R) CPU E7- 8870  @ 2.40GHz (fam: 06, model: 2f, stepping: 02)
[    0.836935] Using local APIC timer interrupts.
[    0.836935] calibrating APIC timer ...
[    0.950976] ... lapic delta = 831240
[    0.955352] ... PM-Timer delta = 357950
[    0.960026] ... PM-Timer result ok
[    0.964216] ..... delta 831240
[    0.968009] ..... mult: 35701486
[    0.971994] ..... calibration result: 531993
[    0.977160] ..... CPU clock speed is 2393.3878 MHz.
[    0.983006] ..... host bus clock speed is 132.3993 MHz.
[    0.989256] Performance Events: PEBS fmt1+, 16-deep LBR, Westmere events, Intel PMU driver.
[    0.999593] perf_event_intel: CPUID marked event: 'bus cycles' unavailable
[    1.007674] ... version:                3
[    1.012537] ... bit width:              48
[    1.017505] ... generic registers:      4
[    1.022379] ... value mask:             0000ffffffffffff
[    1.028707] ... max period:             000000007fffffff
[    1.035035] ... fixed-purpose events:   3
[    1.039907] ... event mask:             000000070000000f
[    1.049647] x86: Booting SMP configuration:
[    1.054722] .... node  #2, CPUs:        #1
[    1.071838] masked ExtINT on CPU#1
[    1.173617] 
[    1.175669] .... node  #1, CPUs:    #2
[    1.192293] masked ExtINT on CPU#2
[    1.293655] 
[    1.295705] .... node  #3, CPUs:    #3
[    1.312335] masked ExtINT on CPU#3
[    1.413750] 
[    1.415797] .... node  #0, CPUs:    #4
[    1.432410] masked ExtINT on CPU#4
[    1.438758] 
[    1.440811] .... node  #2, CPUs:    #5
[    1.457427] masked ExtINT on CPU#5
[    1.463691] 
[    1.465740] .... node  #1, CPUs:    #6
[    1.482377] masked ExtINT on CPU#6
[    1.488618] 
[    1.490672] .... node  #3, CPUs:    #7
[    1.507298] masked ExtINT on CPU#7
[    1.513542] 
[    1.515591] .... node  #0, CPUs:    #8
[    1.532203] masked ExtINT on CPU#8
[    1.538554] 
[    1.540598] .... node  #2, CPUs:    #9
[    1.557215] masked ExtINT on CPU#9
[    1.563470] 
[    1.565515] .... node  #1, CPUs:   #10
[    1.582133] masked ExtINT on CPU#10
[    1.588499] 
[    1.590550] .... node  #3, CPUs:   #11
[    1.607165] masked ExtINT on CPU#11
[    1.613514] 
[    1.615563] .... node  #0, CPUs:   #12
[    1.632176] masked ExtINT on CPU#12
[    1.638639] 
[    1.640697] .... node  #2, CPUs:   #13
[    1.657333] masked ExtINT on CPU#13
[    1.663665] 
[    1.665720] .... node  #1, CPUs:   #14
[    1.682353] masked ExtINT on CPU#14
[    1.688704] 
[    1.690757] .... node  #3, CPUs:   #15
[    1.707374] masked ExtINT on CPU#15
[    1.713718] 
[    1.715768] .... node  #0, CPUs:   #16
[    1.732382] masked ExtINT on CPU#16
[    1.738822] 
[    1.740875] .... node  #2, CPUs:   #17
[    1.757490] masked ExtINT on CPU#17
[    1.763844] 
[    1.765897] .... node  #1, CPUs:   #18
[    1.782513] masked ExtINT on CPU#18
[    1.788882] 
[    1.790933] .... node  #3, CPUs:   #19
[    1.807547] masked ExtINT on CPU#19
[    1.813879] 
[    1.815919] .... node  #0, CPUs:   #20
[    1.832533] masked ExtINT on CPU#20
[    1.838982] 
[    1.841027] .... node  #2, CPUs:   #21
[    1.857644] masked ExtINT on CPU#21
[    1.864012] 
[    1.866053] .... node  #1, CPUs:   #22
[    1.882669] masked ExtINT on CPU#22
[    1.889046] 
[    1.891099] .... node  #3, CPUs:   #23
[    1.907716] masked ExtINT on CPU#23
[    1.914060] 
[    1.916113] .... node  #0, CPUs:   #24
[    1.932727] masked ExtINT on CPU#24
[    1.939171] 
[    1.941219] .... node  #2, CPUs:   #25
[    1.957836] masked ExtINT on CPU#25
[    1.964183] 
[    1.966230] .... node  #1, CPUs:   #26
[    1.982845] masked ExtINT on CPU#26
[    1.989212] 
[    1.991267] .... node  #3, CPUs:   #27
[    2.007884] masked ExtINT on CPU#27
[    2.014230] 
[    2.016273] .... node  #0, CPUs:   #28
[    2.032886] masked ExtINT on CPU#28
[    2.039339] 
[    2.041392] .... node  #2, CPUs:   #29
[    2.058007] masked ExtINT on CPU#29
[    2.064369] 
[    2.066422] .... node  #1, CPUs:   #30
[    2.083035] masked ExtINT on CPU#30
[    2.089400] 
[    2.091452] .... node  #3, CPUs:   #31
[    2.108066] masked ExtINT on CPU#31
[    2.114400] 
[    2.116451] .... node  #0, CPUs:   #32
[    2.133284] masked ExtINT on CPU#32
[    2.139782] 
[    2.141826] .... node  #2, CPUs:   #33
[    2.158446] masked ExtINT on CPU#33
[    2.164797] 
[    2.166843] .... node  #1, CPUs:   #34
[    2.183457] masked ExtINT on CPU#34
[    2.189828] 
[    2.191881] .... node  #3, CPUs:   #35
[    2.208497] masked ExtINT on CPU#35
[    2.214843] 
[    2.216888] .... node  #0, CPUs:   #36
[    2.233499] masked ExtINT on CPU#36
[    2.239946] 
[    2.241988] .... node  #2, CPUs:   #37
[    2.258602] masked ExtINT on CPU#37
[    2.264963] 
[    2.267011] .... node  #1, CPUs:   #38
[    2.283626] masked ExtINT on CPU#38
[    2.289998] 
[    2.292050] .... node  #3, CPUs:   #39
[    2.308666] masked ExtINT on CPU#39
[    2.315016] 
[    2.317068] .... node  #0, CPUs:   #40
[    2.333682] masked ExtINT on CPU#40
[    2.340130] 
[    2.342188] .... node  #2, CPUs:   #41
[    2.358804] masked ExtINT on CPU#41
[    2.365168] 
[    2.367221] .... node  #1, CPUs:   #42
[    2.383836] masked ExtINT on CPU#42
[    2.390213] 
[    2.392262] .... node  #3, CPUs:   #43
[    2.408877] masked ExtINT on CPU#43
[    2.415223] 
[    2.417272] .... node  #0, CPUs:   #44
[    2.433884] masked ExtINT on CPU#44
[    2.440352] 
[    2.450492] .... node  #2, CPUs:   #45
[    2.467103] masked ExtINT on CPU#45
[    2.473455] 
[    2.475499] .... node  #1, CPUs:   #46
[    2.492114] masked ExtINT on CPU#46
[    2.498473] 
[    2.500526] .... node  #3, CPUs:   #47
[    2.517144] masked ExtINT on CPU#47
[    2.523489] 
[    2.525530] .... node  #0, CPUs:   #48
[    2.542142] masked ExtINT on CPU#48
[    2.548609] 
[    2.550669] .... node  #2, CPUs:   #49
[    2.567273] masked ExtINT on CPU#49
[    2.573629] 
[    2.575676] .... node  #1, CPUs:   #50
[    2.592291] masked ExtINT on CPU#50
[    2.598678] 
[    2.600731] .... node  #3, CPUs:   #51
[    2.617347] masked ExtINT on CPU#51
[    2.623683] 
[    2.625730] .... node  #0, CPUs:   #52
[    2.642341] masked ExtINT on CPU#52
[    2.648801] 
[    2.650863] .... node  #2, CPUs:   #53
[    2.667476] masked ExtINT on CPU#53
[    2.673833] 
[    2.675890] .... node  #1, CPUs:   #54
[    2.692507] masked ExtINT on CPU#54
[    2.698866] 
[    2.700919] .... node  #3, CPUs:   #55
[    2.717533] masked ExtINT on CPU#55
[    2.723890] 
[    2.725938] .... node  #0, CPUs:   #56
[    2.742550] masked ExtINT on CPU#56
[    2.749010] 
[    2.751069] .... node  #2, CPUs:   #57
[    2.767685] masked ExtINT on CPU#57
[    2.774043] 
[    2.776094] .... node  #1, CPUs:   #58
[    2.792711] masked ExtINT on CPU#58
[    2.799080] 
[    2.801131] .... node  #3, CPUs:   #59
[    2.817745] masked ExtINT on CPU#59
[    2.824098] 
[    2.826151] .... node  #0, CPUs:   #60
[    2.842762] masked ExtINT on CPU#60
[    2.849222] 
[    2.851277] .... node  #2, CPUs:   #61
[    2.867890] masked ExtINT on CPU#61
[    2.874252] 
[    2.876294] .... node  #1, CPUs:   #62
[    2.892908] masked ExtINT on CPU#62
[    2.899276] 
[    2.901327] .... node  #3, CPUs:   #63
[    2.917940] masked ExtINT on CPU#63
[    2.924290] 
[    2.926338] .... node  #0, CPUs:   #64
[    2.942954] masked ExtINT on CPU#64
[    2.949408] 
[    2.951467] .... node  #2, CPUs:   #65
[    2.968081] masked ExtINT on CPU#65
[    2.974450] 
[    2.976502] .... node  #1, CPUs:   #66
[    2.993117] masked ExtINT on CPU#66
[    2.999500] 
[    3.001555] .... node  #3, CPUs:   #67
[    3.018168] masked ExtINT on CPU#67
[    3.024536] 
[    3.026593] .... node  #0, CPUs:   #68
[    3.043207] masked ExtINT on CPU#68
[    3.049672] 
[    3.051730] .... node  #2, CPUs:   #69
[    3.068345] masked ExtINT on CPU#69
[    3.074707] 
[    3.076755] .... node  #1, CPUs:   #70
[    3.093368] masked ExtINT on CPU#70
[    3.099740] 
[    3.101794] .... node  #3, CPUs:   #71
[    3.118407] masked ExtINT on CPU#71
[    3.124764] 
[    3.126810] .... node  #0, CPUs:   #72
[    3.143423] masked ExtINT on CPU#72
[    3.149885] 
[    3.151942] .... node  #2, CPUs:   #73
[    3.168557] masked ExtINT on CPU#73
[    3.174916] 
[    3.176959] .... node  #1, CPUs:   #74
[    3.193573] masked ExtINT on CPU#74
[    3.199960] 
[    3.202012] .... node  #3, CPUs:   #75
[    3.218625] masked ExtINT on CPU#75
[    3.224975] 
[    3.227026] .... node  #0, CPUs:   #76
[    3.243636] masked ExtINT on CPU#76
[    3.250115] 
[    3.252178] .... node  #2, CPUs:   #77
[    3.268792] masked ExtINT on CPU#77
[    3.275149] 
[    3.277201] .... node  #1, CPUs:   #78
[    3.293813] masked ExtINT on CPU#78
[    3.300189] 
[    3.302240] .... node  #3, CPUs:   #79
[    3.318854] masked ExtINT on CPU#79
[    3.325108] x86: Booted up 4 nodes, 80 CPUs
[    3.330507] smpboot: Total of 80 processors activated (383052.54 BogoMIPS)
[    3.828712] devtmpfs: initialized
[    3.860017] PM: Registering ACPI NVS region [mem 0x7b441000-0x7b67cfff] (2342912 bytes)
[    3.869794] PM: Registering ACPI NVS region [mem 0x7b7bd000-0x7ba3cfff] (2621440 bytes)
[    3.879595] PM: Registering ACPI NVS region [mem 0x7bf71000-0x7bfcefff] (385024 bytes)
[    3.891488] xor: measuring software checksum speed
[    3.934969]    prefetch64-sse:  9923.000 MB/sec
[    3.978995]    generic_sse:  8725.000 MB/sec
[    3.984164] xor: using function: prefetch64-sse (9923.000 MB/sec)
[    3.991399] atomic64 test passed for x86-64 platform with CX8 and with SSE
[    3.999637] NET: Registered protocol family 16
[    4.005783] cpuidle: using governor ladder
[    4.010747] cpuidle: using governor menu
[    4.016119] ACPI FADT declares the system doesn't support PCIe ASPM, so disable it
[    4.025289] ACPI: bus type PCI registered
[    4.030151] acpiphp: ACPI Hot Plug PCI Controller Driver version: 0.5
[    4.037829] PCI: MMCONFIG for domain 0000 [bus 00-ff] at [mem 0x80000000-0x8fffffff] (base 0x80000000)
[    4.048950] PCI: MMCONFIG at [mem 0x80000000-0x8fffffff] reserved in E820
[    4.072919] PCI: Using configuration type 1 for base access
[    4.159107] raid6: sse2x1    5118 MB/s
[    4.231152] raid6: sse2x2    6194 MB/s
[    4.303187] raid6: sse2x4    7365 MB/s
[    4.307763] raid6: using algorithm sse2x4 (7365 MB/s)
[    4.313805] raid6: using ssse3x2 recovery algorithm
[    4.320053] ACPI: Added _OSI(Module Device)
[    4.325120] ACPI: Added _OSI(Processor Device)
[    4.330479] ACPI: Added _OSI(3.0 _SCP Extensions)
[    4.336122] ACPI: Added _OSI(Processor Aggregator Device)
[    4.456495] ACPI: Interpreter enabled
[    4.460987] ACPI Exception: AE_NOT_FOUND, While evaluating Sleep State [\_S2_] (20140214/hwxface-580)
[    4.472172] ACPI Exception: AE_NOT_FOUND, While evaluating Sleep State [\_S3_] (20140214/hwxface-580)
[    4.483355] ACPI Exception: AE_NOT_FOUND, While evaluating Sleep State [\_S4_] (20140214/hwxface-580)
[    4.494532] ACPI: (supports S0 S1 S5)
[    4.499007] ACPI: Using IOAPIC for interrupt routing
[    4.505024] HEST: Table parsing has been initialized.
[    4.511061] PCI: Using host bridge windows from ACPI; if necessary, use "pci=nocrs" and report a bug
[    4.551440] ACPI: PCI Root Bridge [IOH0] (domain 0000 [bus 00-7f])
[    4.558741] acpi PNP0A08:00: _OSC: OS supports [ExtendedConfig ASPM ClockPM Segments MSI]
[    4.568784] acpi PNP0A08:00: _OSC: platform does not support [PCIeHotplug AER]
[    4.577745] acpi PNP0A08:00: _OSC: OS now controls [PME PCIeCapability]
[    4.586052] acpi PNP0A08:00: ignoring host bridge window [mem 0x000c4000-0x000cbfff] (conflicts with Video ROM [mem 0x000c0000-0x000c7fff])
[    4.601101] PCI host bridge to bus 0000:00
[    4.606076] pci_bus 0000:00: root bus resource [bus 00-7f]
[    4.612600] pci_bus 0000:00: root bus resource [io  0x0000-0x0cf7]
[    4.619896] pci_bus 0000:00: root bus resource [io  0x1000-0x9fff]
[    4.627206] pci_bus 0000:00: root bus resource [mem 0x000a0000-0x000bffff]
[    4.635287] pci_bus 0000:00: root bus resource [mem 0xfed40000-0xfedfffff]
[    4.643370] pci_bus 0000:00: root bus resource [mem 0x90000000-0xafffffff]
[    4.651458] pci_bus 0000:00: root bus resource [mem 0xfc000000000-0xfc07fffffff]
[    4.660452] pci 0000:00:00.0: [8086:3407] type 00 class 0x060000
[    4.667629] pci 0000:00:00.0: PME# supported from D0 D3hot D3cold
[    4.674973] pci 0000:00:01.0: [8086:3408] type 01 class 0x060400
[    4.682135] pci 0000:00:01.0: PME# supported from D0 D3hot D3cold
[    4.689413] pci 0000:00:01.0: System wakeup disabled by ACPI
[    4.696184] pci 0000:00:02.0: [8086:3409] type 01 class 0x060400
[    4.703351] pci 0000:00:02.0: PME# supported from D0 D3hot D3cold
[    4.710619] pci 0000:00:02.0: System wakeup disabled by ACPI
[    4.717404] pci 0000:00:03.0: [8086:340a] type 01 class 0x060400
[    4.724570] pci 0000:00:03.0: PME# supported from D0 D3hot D3cold
[    4.731902] pci 0000:00:05.0: [8086:340c] type 01 class 0x060400
[    4.739066] pci 0000:00:05.0: PME# supported from D0 D3hot D3cold
[    4.746345] pci 0000:00:05.0: System wakeup disabled by ACPI
[    4.753139] pci 0000:00:07.0: [8086:340e] type 01 class 0x060400
[    4.760313] pci 0000:00:07.0: PME# supported from D0 D3hot D3cold
[    4.767597] pci 0000:00:07.0: System wakeup disabled by ACPI
[    4.774383] pci 0000:00:09.0: [8086:3410] type 01 class 0x060400
[    4.781553] pci 0000:00:09.0: PME# supported from D0 D3hot D3cold
[    4.788825] pci 0000:00:09.0: System wakeup disabled by ACPI
[    4.795604] pci 0000:00:0a.0: [8086:3411] type 01 class 0x060400
[    4.802760] pci 0000:00:0a.0: PME# supported from D0 D3hot D3cold
[    4.810031] pci 0000:00:0a.0: System wakeup disabled by ACPI
[    4.816810] pci 0000:00:10.0: [8086:3425] type 00 class 0x080000
[    4.824062] pci 0000:00:10.1: [8086:3426] type 00 class 0x080000
[    4.831308] pci 0000:00:11.0: [8086:3427] type 00 class 0x080000
[    4.838566] pci 0000:00:11.1: [8086:3428] type 00 class 0x080000
[    4.845828] pci 0000:00:13.0: [8086:342d] type 00 class 0x080020
[    4.852955] pci 0000:00:13.0: reg 0x10: [mem 0x95c02000-0x95c02fff]
[    4.860405] pci 0000:00:13.0: PME# supported from D0 D3hot D3cold
[    4.867726] pci 0000:00:14.0: [8086:342e] type 00 class 0x080000
[    4.874988] pci 0000:00:14.1: [8086:3422] type 00 class 0x080000
[    4.882236] pci 0000:00:14.2: [8086:3423] type 00 class 0x080000
[    4.889484] pci 0000:00:14.3: [8086:3438] type 00 class 0x080000
[    4.896727] pci 0000:00:15.0: [8086:342f] type 00 class 0x080020
[    4.903978] pci 0000:00:16.0: [8086:3430] type 00 class 0x088000
[    4.911102] pci 0000:00:16.0: reg 0x10: [mem 0xaff1c000-0xaff1ffff 64bit]
[    4.919254] pci 0000:00:16.1: [8086:3431] type 00 class 0x088000
[    4.926383] pci 0000:00:16.1: reg 0x10: [mem 0xaff18000-0xaff1bfff 64bit]
[    4.934534] pci 0000:00:16.2: [8086:3432] type 00 class 0x088000
[    4.941663] pci 0000:00:16.2: reg 0x10: [mem 0xaff14000-0xaff17fff 64bit]
[    4.949813] pci 0000:00:16.3: [8086:3433] type 00 class 0x088000
[    4.956938] pci 0000:00:16.3: reg 0x10: [mem 0xaff10000-0xaff13fff 64bit]
[    4.965088] pci 0000:00:16.4: [8086:3429] type 00 class 0x088000
[    4.972214] pci 0000:00:16.4: reg 0x10: [mem 0xaff0c000-0xaff0ffff 64bit]
[    4.980357] pci 0000:00:16.5: [8086:342a] type 00 class 0x088000
[    4.987485] pci 0000:00:16.5: reg 0x10: [mem 0xaff08000-0xaff0bfff 64bit]
[    4.995627] pci 0000:00:16.6: [8086:342b] type 00 class 0x088000
[    5.002754] pci 0000:00:16.6: reg 0x10: [mem 0xaff04000-0xaff07fff 64bit]
[    5.010907] pci 0000:00:16.7: [8086:342c] type 00 class 0x088000
[    5.018032] pci 0000:00:16.7: reg 0x10: [mem 0xaff00000-0xaff03fff 64bit]
[    5.026171] pci 0000:00:1a.0: [8086:3a37] type 00 class 0x0c0300
[    5.033324] pci 0000:00:1a.0: reg 0x20: [io  0x60c0-0x60df]
[    5.040060] pci 0000:00:1a.0: System wakeup disabled by ACPI
[    5.046849] pci 0000:00:1a.1: [8086:3a38] type 00 class 0x0c0300
[    5.054002] pci 0000:00:1a.1: reg 0x20: [io  0x60a0-0x60bf]
[    5.060751] pci 0000:00:1a.1: System wakeup disabled by ACPI
[    5.067540] pci 0000:00:1a.2: [8086:3a39] type 00 class 0x0c0300
[    5.074682] pci 0000:00:1a.2: reg 0x20: [io  0x6080-0x609f]
[    5.081420] pci 0000:00:1a.2: System wakeup disabled by ACPI
[    5.088201] pci 0000:00:1a.7: [8086:3a3c] type 00 class 0x0c0320
[    5.095327] pci 0000:00:1a.7: reg 0x10: [mem 0x95c01000-0x95c013ff]
[    5.102805] pci 0000:00:1a.7: PME# supported from D0 D3hot D3cold
[    5.110105] pci 0000:00:1a.7: System wakeup disabled by ACPI
[    5.116895] pci 0000:00:1c.0: [8086:3a40] type 01 class 0x060400
[    5.124083] pci 0000:00:1c.0: PME# supported from D0 D3hot D3cold
[    5.131364] pci 0000:00:1c.0: System wakeup disabled by ACPI
[    5.138157] pci 0000:00:1c.4: [8086:3a48] type 01 class 0x060400
[    5.145335] pci 0000:00:1c.4: PME# supported from D0 D3hot D3cold
[    5.152618] pci 0000:00:1c.4: System wakeup disabled by ACPI
[    5.159401] pci 0000:00:1d.0: [8086:3a34] type 00 class 0x0c0300
[    5.166546] pci 0000:00:1d.0: reg 0x20: [io  0x6060-0x607f]
[    5.173279] pci 0000:00:1d.0: System wakeup disabled by ACPI
[    5.180060] pci 0000:00:1d.1: [8086:3a35] type 00 class 0x0c0300
[    5.187219] pci 0000:00:1d.1: reg 0x20: [io  0x6040-0x605f]
[    5.193963] pci 0000:00:1d.1: System wakeup disabled by ACPI
[    5.200745] pci 0000:00:1d.2: [8086:3a36] type 00 class 0x0c0300
[    5.207902] pci 0000:00:1d.2: reg 0x20: [io  0x6020-0x603f]
[    5.214649] pci 0000:00:1d.2: System wakeup disabled by ACPI
[    5.221444] pci 0000:00:1d.7: [8086:3a3a] type 00 class 0x0c0320
[    5.228580] pci 0000:00:1d.7: reg 0x10: [mem 0x95c00000-0x95c003ff]
[    5.236063] pci 0000:00:1d.7: PME# supported from D0 D3hot D3cold
[    5.243363] pci 0000:00:1d.7: System wakeup disabled by ACPI
[    5.258255] pci 0000:00:1e.0: [8086:244e] type 01 class 0x060401
[    5.265469] pci 0000:00:1e.0: System wakeup disabled by ACPI
[    5.272245] pci 0000:00:1f.0: [8086:3a16] type 00 class 0x060100
[    5.279424] pci 0000:00:1f.0: quirk: [io  0x0400-0x047f] claimed by ICH6 ACPI/GPIO/TCO
[    5.288991] pci 0000:00:1f.0: quirk: [io  0x0500-0x053f] claimed by ICH6 GPIO
[    5.297364] pci 0000:00:1f.0: ICH7 LPC Generic IO decode 1 PIO at 0680 (mask 000f)
[    5.306553] pci 0000:00:1f.0: ICH7 LPC Generic IO decode 2 PIO at 0ca0 (mask 000f)
[    5.315744] pci 0000:00:1f.0: ICH7 LPC Generic IO decode 3 PIO at 0600 (mask 001f)
[    5.325064] pci 0000:00:1f.2: [8086:3a20] type 00 class 0x01018f
[    5.332188] pci 0000:00:1f.2: reg 0x10: [io  0x6138-0x613f]
[    5.338810] pci 0000:00:1f.2: reg 0x14: [io  0x614c-0x614f]
[    5.345431] pci 0000:00:1f.2: reg 0x18: [io  0x6130-0x6137]
[    5.352052] pci 0000:00:1f.2: reg 0x1c: [io  0x6148-0x614b]
[    5.358668] pci 0000:00:1f.2: reg 0x20: [io  0x6110-0x611f]
[    5.365290] pci 0000:00:1f.2: reg 0x24: [io  0x6100-0x610f]
[    5.372051] pci 0000:00:1f.3: [8086:3a30] type 00 class 0x0c0500
[    5.379178] pci 0000:00:1f.3: reg 0x10: [mem 0xaff20000-0xaff200ff 64bit]
[    5.387185] pci 0000:00:1f.3: reg 0x20: [io  0x6000-0x601f]
[    5.393939] pci 0000:00:1f.5: [8086:3a26] type 00 class 0x010185
[    5.401068] pci 0000:00:1f.5: reg 0x10: [io  0x6128-0x612f]
[    5.407702] pci 0000:00:1f.5: reg 0x14: [io  0x6144-0x6147]
[    5.414329] pci 0000:00:1f.5: reg 0x18: [io  0x6120-0x6127]
[    5.420960] pci 0000:00:1f.5: reg 0x1c: [io  0x6140-0x6143]
[    5.427592] pci 0000:00:1f.5: reg 0x20: [io  0x60f0-0x60ff]
[    5.434221] pci 0000:00:1f.5: reg 0x24: [io  0x60e0-0x60ef]
[    5.441108] pci 0000:01:00.0: [8086:150a] type 00 class 0x020000
[    5.448238] pci 0000:01:00.0: reg 0x10: [mem 0x95b20000-0x95b3ffff]
[    5.455650] pci 0000:01:00.0: reg 0x18: [io  0x5020-0x503f]
[    5.462286] pci 0000:01:00.0: reg 0x1c: [mem 0x95bc4000-0x95bc7fff]
[    5.469788] pci 0000:01:00.0: PME# supported from D0 D3hot D3cold
[    5.477048] pci 0000:01:00.0: reg 0x184: [mem 0x95b40000-0x95b43fff 64bit]
[    5.485157] pci 0000:01:00.0: reg 0x190: [mem 0x95b60000-0x95b63fff 64bit]
[    5.493354] pci 0000:01:00.1: [8086:150a] type 00 class 0x020000
[    5.500486] pci 0000:01:00.1: reg 0x10: [mem 0x95b00000-0x95b1ffff]
[    5.507915] pci 0000:01:00.1: reg 0x18: [io  0x5000-0x501f]
[    5.514547] pci 0000:01:00.1: reg 0x1c: [mem 0x95bc0000-0x95bc3fff]
[    5.522048] pci 0000:01:00.1: PME# supported from D0 D3hot D3cold
[    5.529300] pci 0000:01:00.1: reg 0x184: [mem 0x95b80000-0x95b83fff 64bit]
[    5.537402] pci 0000:01:00.1: reg 0x190: [mem 0x95ba0000-0x95ba3fff 64bit]
[    5.551948] pci 0000:00:01.0: PCI bridge to [bus 01-03]
[    5.558190] pci 0000:00:01.0:   bridge window [io  0x5000-0x5fff]
[    5.565395] pci 0000:00:01.0:   bridge window [mem 0x95b00000-0x95bfffff]
[    5.573518] pci 0000:04:00.0: [8086:150a] type 00 class 0x020000
[    5.580649] pci 0000:04:00.0: reg 0x10: [mem 0x95a20000-0x95a3ffff]
[    5.588076] pci 0000:04:00.0: reg 0x18: [io  0x4020-0x403f]
[    5.594712] pci 0000:04:00.0: reg 0x1c: [mem 0x95ac4000-0x95ac7fff]
[    5.602211] pci 0000:04:00.0: PME# supported from D0 D3hot D3cold
[    5.609468] pci 0000:04:00.0: reg 0x184: [mem 0x95a40000-0x95a43fff 64bit]
[    5.617567] pci 0000:04:00.0: reg 0x190: [mem 0x95a60000-0x95a63fff 64bit]
[    5.625746] pci 0000:04:00.1: [8086:150a] type 00 class 0x020000
[    5.632872] pci 0000:04:00.1: reg 0x10: [mem 0x95a00000-0x95a1ffff]
[    5.640281] pci 0000:04:00.1: reg 0x18: [io  0x4000-0x401f]
[    5.646922] pci 0000:04:00.1: reg 0x1c: [mem 0x95ac0000-0x95ac3fff]
[    5.654407] pci 0000:04:00.1: PME# supported from D0 D3hot D3cold
[    5.661657] pci 0000:04:00.1: reg 0x184: [mem 0x95a80000-0x95a83fff 64bit]
[    5.669767] pci 0000:04:00.1: reg 0x190: [mem 0x95aa0000-0x95aa3fff 64bit]
[    5.684025] pci 0000:00:02.0: PCI bridge to [bus 04-06]
[    5.690275] pci 0000:00:02.0:   bridge window [io  0x4000-0x4fff]
[    5.697491] pci 0000:00:02.0:   bridge window [mem 0x95a00000-0x95afffff]
[    5.705602] pci 0000:07:00.0: [1000:0079] type 00 class 0x010400
[    5.712726] pci 0000:07:00.0: reg 0x10: [io  0x3000-0x30ff]
[    5.719354] pci 0000:07:00.0: reg 0x14: [mem 0x95940000-0x95943fff 64bit]
[    5.727346] pci 0000:07:00.0: reg 0x1c: [mem 0x95900000-0x9593ffff 64bit]
[    5.735337] pci 0000:07:00.0: reg 0x30: [mem 0xfffc0000-0xffffffff pref]
[    5.743260] pci 0000:07:00.0: supports D1 D2
[    5.756061] pci 0000:00:03.0: PCI bridge to [bus 07]
[    5.762014] pci 0000:00:03.0:   bridge window [io  0x3000-0x3fff]
[    5.769230] pci 0000:00:03.0:   bridge window [mem 0x95900000-0x959fffff]
[    5.777224] pci 0000:00:03.0:   bridge window [mem 0x95d00000-0x95dfffff 64bit pref]
[    5.786851] acpiphp: Slot [1] registered
[    5.791658] pci 0000:00:05.0: PCI bridge to [bus 08-0a]
[    5.797899] pci 0000:00:05.0:   bridge window [io  0x2000-0x2fff]
[    5.805111] pci 0000:00:05.0:   bridge window [mem 0x94900000-0x958fffff]
[    5.813098] pci 0000:00:05.0:   bridge window [mem 0x91900000-0x928fffff 64bit pref]
[    5.822697] acpiphp: Slot [2] registered
[    5.827497] pci 0000:00:07.0: PCI bridge to [bus 0b-0d]
[    5.833731] pci 0000:00:07.0:   bridge window [io  0x1000-0x1fff]
[    5.840936] pci 0000:00:07.0:   bridge window [mem 0x93900000-0x948fffff]
[    5.848932] pci 0000:00:07.0:   bridge window [mem 0x92900000-0x938fffff 64bit pref]
[    5.858534] pci 0000:00:09.0: PCI bridge to [bus 0e]
[    5.864716] pci 0000:00:0a.0: PCI bridge to [bus 0f]
[    5.870802] pci 0000:00:1c.0: PCI bridge to [bus 10]
[    5.876751] pci 0000:00:1c.0:   bridge window [io  0x7000-0x7fff]
[    5.883958] pci 0000:00:1c.0:   bridge window [mem 0x95e00000-0x95ffffff]
[    5.891934] pci 0000:00:1c.0:   bridge window [mem 0x96000000-0x961fffff 64bit pref]
[    5.901397] pci 0000:11:00.0: [102b:0522] type 00 class 0x030000
[    5.908526] pci 0000:11:00.0: reg 0x10: [mem 0x90000000-0x90ffffff pref]
[    5.916424] pci 0000:11:00.0: reg 0x14: [mem 0x91800000-0x91803fff]
[    5.923828] pci 0000:11:00.0: reg 0x18: [mem 0x91000000-0x917fffff]
[    5.931284] pci 0000:11:00.0: reg 0x30: [mem 0xffff0000-0xffffffff pref]
[    5.944175] pci 0000:00:1c.4: PCI bridge to [bus 11]
[    5.950134] pci 0000:00:1c.4:   bridge window [io  0x8000-0x8fff]
[    5.957350] pci 0000:00:1c.4:   bridge window [mem 0x91000000-0x918fffff]
[    5.965342] pci 0000:00:1c.4:   bridge window [mem 0x90000000-0x90ffffff 64bit pref]
[    5.974813] pci 0000:00:1e.0: PCI bridge to [bus 12] (subtractive decode)
[    5.982814] pci 0000:00:1e.0:   bridge window [io  0x0000-0x0cf7] (subtractive decode)
[    5.992394] pci 0000:00:1e.0:   bridge window [io  0x1000-0x9fff] (subtractive decode)
[    6.001978] pci 0000:00:1e.0:   bridge window [mem 0x000a0000-0x000bffff] (subtractive decode)
[    6.012326] pci 0000:00:1e.0:   bridge window [mem 0xfed40000-0xfedfffff] (subtractive decode)
[    6.022689] pci 0000:00:1e.0:   bridge window [mem 0x90000000-0xafffffff] (subtractive decode)
[    6.033051] pci 0000:00:1e.0:   bridge window [mem 0xfc000000000-0xfc07fffffff] (subtractive decode)
[    6.044031] acpi PNP0A08:00: Disabling ASPM (FADT indicates it is unsupported)
[    6.053034] ACPI: PCI Interrupt Link [LNKA] (IRQs 3 4 5 6 7 9 10 *11 12 14 15)
[    6.062809] ACPI: PCI Interrupt Link [LNKB] (IRQs 3 4 5 6 7 9 *10 11 12 14 15)
[    6.072572] ACPI: PCI Interrupt Link [LNKC] (IRQs 3 4 5 6 7 *9 10 11 12 14 15)
[    6.082357] ACPI: PCI Interrupt Link [LNKD] (IRQs 3 4 *5 6 7 9 10 11 12 14 15)
[    6.092130] ACPI: PCI Interrupt Link [LNKE] (IRQs 3 4 5 6 7 9 10 11 12 14 15) *0, disabled.
[    6.103304] ACPI: PCI Interrupt Link [LNKF] (IRQs 3 4 5 6 7 9 10 *11 12 14 15)
[    6.113062] ACPI: PCI Interrupt Link [LNKG] (IRQs 3 4 5 6 7 9 10 11 12 14 15) *0, disabled.
[    6.124242] ACPI: PCI Interrupt Link [LNKH] (IRQs 3 4 5 6 7 9 *10 11 12 14 15)
[    6.134146] ACPI: PCI Root Bridge [IOH1] (domain 0000 [bus 80-f7])
[    6.141456] acpi PNP0A08:01: _OSC: OS supports [ExtendedConfig ASPM ClockPM Segments MSI]
[    6.151496] acpi PNP0A08:01: _OSC: platform does not support [PCIeHotplug AER]
[    6.160457] acpi PNP0A08:01: _OSC: OS now controls [PME PCIeCapability]
[    6.168425] PCI host bridge to bus 0000:80
[    6.173391] pci_bus 0000:80: root bus resource [bus 80-f7]
[    6.179914] pci_bus 0000:80: root bus resource [io  0xa000-0xffff]
[    6.187222] pci_bus 0000:80: root bus resource [mem 0xb0000000-0xfbffffff]
[    6.195295] pci_bus 0000:80: root bus resource [mem 0xfc080000000-0xfc0ffffffff]
[    6.204294] pci 0000:80:00.0: [8086:3420] type 01 class 0x060400
[    6.211460] pci 0000:80:00.0: PME# supported from D0 D3hot D3cold
[    6.218711] pci 0000:80:00.0: System wakeup disabled by ACPI
[    6.225499] pci 0000:80:01.0: [8086:3408] type 01 class 0x060400
[    6.232678] pci 0000:80:01.0: PME# supported from D0 D3hot D3cold
[    6.239926] pci 0000:80:01.0: System wakeup disabled by ACPI
[    6.246713] pci 0000:80:03.0: [8086:340a] type 01 class 0x060400
[    6.253889] pci 0000:80:03.0: PME# supported from D0 D3hot D3cold
[    6.261135] pci 0000:80:03.0: System wakeup disabled by ACPI
[    6.267925] pci 0000:80:07.0: [8086:340e] type 01 class 0x060400
[    6.275093] pci 0000:80:07.0: PME# supported from D0 D3hot D3cold
[    6.282329] pci 0000:80:07.0: System wakeup disabled by ACPI
[    6.289116] pci 0000:80:09.0: [8086:3410] type 01 class 0x060400
[    6.296280] pci 0000:80:09.0: PME# supported from D0 D3hot D3cold
[    6.303514] pci 0000:80:09.0: System wakeup disabled by ACPI
[    6.310301] pci 0000:80:10.0: [8086:3425] type 00 class 0x080000
[    6.317532] pci 0000:80:10.1: [8086:3426] type 00 class 0x080000
[    6.324756] pci 0000:80:11.0: [8086:3427] type 00 class 0x080000
[    6.331983] pci 0000:80:11.1: [8086:3428] type 00 class 0x080000
[    6.339203] pci 0000:80:13.0: [8086:342d] type 00 class 0x080020
[    6.346327] pci 0000:80:13.0: reg 0x10: [mem 0xb4000000-0xb4000fff]
[    6.353774] pci 0000:80:13.0: PME# supported from D0 D3hot D3cold
[    6.361059] pci 0000:80:14.0: [8086:342e] type 00 class 0x080000
[    6.368297] pci 0000:80:14.1: [8086:3422] type 00 class 0x080000
[    6.375520] pci 0000:80:14.2: [8086:3423] type 00 class 0x080000
[    6.382743] pci 0000:80:14.3: [8086:3438] type 00 class 0x080000
[    6.389963] pci 0000:80:15.0: [8086:342f] type 00 class 0x080020
[    6.397173] pci 0000:80:16.0: [8086:3430] type 00 class 0x088000
[    6.404299] pci 0000:80:16.0: reg 0x10: [mem 0xfbf1c000-0xfbf1ffff 64bit]
[    6.412429] pci 0000:80:16.1: [8086:3431] type 00 class 0x088000
[    6.419547] pci 0000:80:16.1: reg 0x10: [mem 0xfbf18000-0xfbf1bfff 64bit]
[    6.427668] pci 0000:80:16.2: [8086:3432] type 00 class 0x088000
[    6.434789] pci 0000:80:16.2: reg 0x10: [mem 0xfbf14000-0xfbf17fff 64bit]
[    6.442912] pci 0000:80:16.3: [8086:3433] type 00 class 0x088000
[    6.458132] pci 0000:80:16.3: reg 0x10: [mem 0xfbf10000-0xfbf13fff 64bit]
[    6.466243] pci 0000:80:16.4: [8086:3429] type 00 class 0x088000
[    6.473359] pci 0000:80:16.4: reg 0x10: [mem 0xfbf0c000-0xfbf0ffff 64bit]
[    6.481471] pci 0000:80:16.5: [8086:342a] type 00 class 0x088000
[    6.488596] pci 0000:80:16.5: reg 0x10: [mem 0xfbf08000-0xfbf0bfff 64bit]
[    6.496711] pci 0000:80:16.6: [8086:342b] type 00 class 0x088000
[    6.503831] pci 0000:80:16.6: reg 0x10: [mem 0xfbf04000-0xfbf07fff 64bit]
[    6.511950] pci 0000:80:16.7: [8086:342c] type 00 class 0x088000
[    6.519075] pci 0000:80:16.7: reg 0x10: [mem 0xfbf00000-0xfbf03fff 64bit]
[    6.527420] pci 0000:80:00.0: PCI bridge to [bus 81]
[    6.533596] pci 0000:80:01.0: PCI bridge to [bus 82]
[    6.539780] pci 0000:80:03.0: PCI bridge to [bus 83]
[    6.545975] acpiphp: Slot [6] registered
[    6.550784] pci 0000:80:07.0: PCI bridge to [bus 84-86]
[    6.557026] pci 0000:80:07.0:   bridge window [io  0xb000-0xbfff]
[    6.564225] pci 0000:80:07.0:   bridge window [mem 0xb3000000-0xb3ffffff]
[    6.572226] pci 0000:80:07.0:   bridge window [mem 0xb0000000-0xb0ffffff 64bit pref]
[    6.581842] acpiphp: Slot [7] registered
[    6.586647] pci 0000:80:09.0: PCI bridge to [bus 87-89]
[    6.592889] pci 0000:80:09.0:   bridge window [io  0xa000-0xafff]
[    6.600103] pci 0000:80:09.0:   bridge window [mem 0xb2000000-0xb2ffffff]
[    6.608096] pci 0000:80:09.0:   bridge window [mem 0xb1000000-0xb1ffffff 64bit pref]
[    6.617499] acpi PNP0A08:01: Disabling ASPM (FADT indicates it is unsupported)
[    6.626477] ACPI: PCI Root Bridge [PRB3] (domain 0000 [bus fc])
[    6.633491] acpi PNP0A03:00: _OSC: OS supports [ExtendedConfig ASPM ClockPM Segments MSI]
[    6.643350] acpi PNP0A03:00: _OSC failed (AE_NOT_FOUND); disabling ASPM
[    6.651203] PCI host bridge to bus 0000:fc
[    6.656175] pci_bus 0000:fc: root bus resource [bus fc]
[    6.662395] pci 0000:fc:00.0: [8086:2b00] type 00 class 0x060000
[    6.669574] pci 0000:fc:00.2: [8086:2b02] type 00 class 0x060000
[    6.676748] pci 0000:fc:00.4: [8086:2b22] type 00 class 0x060000
[    6.683934] pci 0000:fc:00.6: [8086:2b2a] type 00 class 0x060000
[    6.691113] pci 0000:fc:01.0: [8086:2b04] type 00 class 0x060000
[    6.698299] pci 0000:fc:02.0: [8086:2b08] type 00 class 0x060000
[    6.705479] pci 0000:fc:03.0: [8086:2b0c] type 00 class 0x060000
[    6.712665] pci 0000:fc:04.0: [8086:2b10] type 00 class 0x060000
[    6.719840] pci 0000:fc:05.0: [8086:2b14] type 00 class 0x060000
[    6.727014] pci 0000:fc:05.2: [8086:2b16] type 00 class 0x060000
[    6.734184] pci 0000:fc:05.4: [8086:2b13] type 00 class 0x060000
[    6.741369] pci 0000:fc:05.6: [8086:2b53] type 00 class 0x060000
[    6.748553] pci 0000:fc:06.0: [8086:2b18] type 00 class 0x060000
[    6.755737] pci 0000:fc:07.0: [8086:2b1c] type 00 class 0x060000
[    6.762911] pci 0000:fc:07.2: [8086:2b1e] type 00 class 0x060000
[    6.770096] pci 0000:fc:07.4: [8086:2b1b] type 00 class 0x060000
[    6.777272] pci 0000:fc:07.6: [8086:2b5b] type 00 class 0x060000
[    6.784459] pci 0000:fc:08.0: [8086:2b20] type 00 class 0x060000
[    6.791636] pci 0000:fc:09.0: [8086:2b24] type 00 class 0x060000
[    6.798819] pci 0000:fc:0a.0: [8086:2b28] type 00 class 0x060000
[    6.805996] pci 0000:fc:0b.0: [8086:2b2c] type 00 class 0x060000
[    6.813185] pci 0000:fc:0c.0: [8086:2b30] type 00 class 0x060000
[    6.820368] pci 0000:fc:0d.0: [8086:2b34] type 00 class 0x060000
[    6.827553] pci 0000:fc:0e.0: [8086:2b38] type 00 class 0x060000
[    6.834736] pci 0000:fc:0f.0: [8086:2b3c] type 00 class 0x060000
[    6.841917] pci 0000:fc:10.0: [8086:2b40] type 00 class 0x060000
[    6.849103] pci 0000:fc:10.2: [8086:2b42] type 00 class 0x060000
[    6.856280] pci 0000:fc:10.4: [8086:2b32] type 00 class 0x060000
[    6.863465] pci 0000:fc:10.6: [8086:2b3a] type 00 class 0x060000
[    6.870650] pci 0000:fc:11.0: [8086:2b44] type 00 class 0x060000
[    6.877837] pci 0000:fc:11.2: [8086:2b46] type 00 class 0x060000
[    6.885023] pci 0000:fc:11.4: [8086:2b36] type 00 class 0x060000
[    6.892207] pci 0000:fc:11.6: [8086:2b3e] type 00 class 0x060000
[    6.899395] pci 0000:fc:12.0: [8086:2b48] type 00 class 0x060000
[    6.906585] pci 0000:fc:13.0: [8086:2b4c] type 00 class 0x060000
[    6.913767] pci 0000:fc:14.0: [8086:2b50] type 00 class 0x060000
[    6.920954] pci 0000:fc:14.2: [8086:2b52] type 00 class 0x060000
[    6.928137] pci 0000:fc:15.0: [8086:2b54] type 00 class 0x060000
[    6.935315] pci 0000:fc:15.2: [8086:2b56] type 00 class 0x060000
[    6.942502] pci 0000:fc:16.0: [8086:2b58] type 00 class 0x060000
[    6.949687] pci 0000:fc:16.2: [8086:2b5a] type 00 class 0x060000
[    6.956875] pci 0000:fc:17.0: [8086:2b5c] type 00 class 0x060000
[    6.964061] pci 0000:fc:17.2: [8086:2b5e] type 00 class 0x060000
[    6.971252] pci 0000:fc:18.0: [8086:2b60] type 00 class 0x060000
[    6.978442] pci 0000:fc:18.2: [8086:2b62] type 00 class 0x060000
[    6.985627] pci 0000:fc:19.0: [8086:2b64] type 00 class 0x060000
[    6.992812] pci 0000:fc:19.2: [8086:2b66] type 00 class 0x060000
[    7.000000] pci 0000:fc:1a.0: [8086:2b68] type 00 class 0x060000
[    7.007191] pci 0000:fc:1b.0: [8086:2b6c] type 00 class 0x060000
[    7.014441] ACPI: PCI Root Bridge [PRB2] (domain 0000 [bus fd])
[    7.021452] acpi PNP0A03:01: _OSC: OS supports [ExtendedConfig ASPM ClockPM Segments MSI]
[    7.031333] acpi PNP0A03:01: _OSC failed (AE_NOT_FOUND); disabling ASPM
[    7.039188] PCI host bridge to bus 0000:fd
[    7.044161] pci_bus 0000:fd: root bus resource [bus fd]
[    7.050407] pci 0000:fd:00.0: [8086:2b00] type 00 class 0x060000
[    7.057595] pci 0000:fd:00.2: [8086:2b02] type 00 class 0x060000
[    7.064777] pci 0000:fd:00.4: [8086:2b22] type 00 class 0x060000
[    7.071952] pci 0000:fd:00.6: [8086:2b2a] type 00 class 0x060000
[    7.079136] pci 0000:fd:01.0: [8086:2b04] type 00 class 0x060000
[    7.086312] pci 0000:fd:02.0: [8086:2b08] type 00 class 0x060000
[    7.093489] pci 0000:fd:03.0: [8086:2b0c] type 00 class 0x060000
[    7.100667] pci 0000:fd:04.0: [8086:2b10] type 00 class 0x060000
[    7.107847] pci 0000:fd:05.0: [8086:2b14] type 00 class 0x060000
[    7.115025] pci 0000:fd:05.2: [8086:2b16] type 00 class 0x060000
[    7.122208] pci 0000:fd:05.4: [8086:2b13] type 00 class 0x060000
[    7.129387] pci 0000:fd:05.6: [8086:2b53] type 00 class 0x060000
[    7.136564] pci 0000:fd:06.0: [8086:2b18] type 00 class 0x060000
[    7.143750] pci 0000:fd:07.0: [8086:2b1c] type 00 class 0x060000
[    7.150926] pci 0000:fd:07.2: [8086:2b1e] type 00 class 0x060000
[    7.158109] pci 0000:fd:07.4: [8086:2b1b] type 00 class 0x060000
[    7.165286] pci 0000:fd:07.6: [8086:2b5b] type 00 class 0x060000
[    7.172456] pci 0000:fd:08.0: [8086:2b20] type 00 class 0x060000
[    7.179624] pci 0000:fd:09.0: [8086:2b24] type 00 class 0x060000
[    7.186802] pci 0000:fd:0a.0: [8086:2b28] type 00 class 0x060000
[    7.193984] pci 0000:fd:0b.0: [8086:2b2c] type 00 class 0x060000
[    7.201167] pci 0000:fd:0c.0: [8086:2b30] type 00 class 0x060000
[    7.208355] pci 0000:fd:0d.0: [8086:2b34] type 00 class 0x060000
[    7.215540] pci 0000:fd:0e.0: [8086:2b38] type 00 class 0x060000
[    7.222726] pci 0000:fd:0f.0: [8086:2b3c] type 00 class 0x060000
[    7.229923] pci 0000:fd:10.0: [8086:2b40] type 00 class 0x060000
[    7.237111] pci 0000:fd:10.2: [8086:2b42] type 00 class 0x060000
[    7.244292] pci 0000:fd:10.4: [8086:2b32] type 00 class 0x060000
[    7.251480] pci 0000:fd:10.6: [8086:2b3a] type 00 class 0x060000
[    7.258665] pci 0000:fd:11.0: [8086:2b44] type 00 class 0x060000
[    7.265839] pci 0000:fd:11.2: [8086:2b46] type 00 class 0x060000
[    7.273012] pci 0000:fd:11.4: [8086:2b36] type 00 class 0x060000
[    7.280188] pci 0000:fd:11.6: [8086:2b3e] type 00 class 0x060000
[    7.287367] pci 0000:fd:12.0: [8086:2b48] type 00 class 0x060000
[    7.294540] pci 0000:fd:13.0: [8086:2b4c] type 00 class 0x060000
[    7.301729] pci 0000:fd:14.0: [8086:2b50] type 00 class 0x060000
[    7.308916] pci 0000:fd:14.2: [8086:2b52] type 00 class 0x060000
[    7.316103] pci 0000:fd:15.0: [8086:2b54] type 00 class 0x060000
[    7.323290] pci 0000:fd:15.2: [8086:2b56] type 00 class 0x060000
[    7.330474] pci 0000:fd:16.0: [8086:2b58] type 00 class 0x060000
[    7.337660] pci 0000:fd:16.2: [8086:2b5a] type 00 class 0x060000
[    7.344847] pci 0000:fd:17.0: [8086:2b5c] type 00 class 0x060000
[    7.352025] pci 0000:fd:17.2: [8086:2b5e] type 00 class 0x060000
[    7.359213] pci 0000:fd:18.0: [8086:2b60] type 00 class 0x060000
[    7.366402] pci 0000:fd:18.2: [8086:2b62] type 00 class 0x060000
[    7.373577] pci 0000:fd:19.0: [8086:2b64] type 00 class 0x060000
[    7.380759] pci 0000:fd:19.2: [8086:2b66] type 00 class 0x060000
[    7.387928] pci 0000:fd:1a.0: [8086:2b68] type 00 class 0x060000
[    7.395116] pci 0000:fd:1b.0: [8086:2b6c] type 00 class 0x060000
[    7.402360] ACPI: PCI Root Bridge [PRB1] (domain 0000 [bus fe])
[    7.409385] acpi PNP0A03:02: _OSC: OS supports [ExtendedConfig ASPM ClockPM Segments MSI]
[    7.419244] acpi PNP0A03:02: _OSC failed (AE_NOT_FOUND); disabling ASPM
[    7.427100] PCI host bridge to bus 0000:fe
[    7.432071] pci_bus 0000:fe: root bus resource [bus fe]
[    7.438315] pci 0000:fe:00.0: [8086:2b00] type 00 class 0x060000
[    7.445486] pci 0000:fe:00.2: [8086:2b02] type 00 class 0x060000
[    7.452669] pci 0000:fe:00.4: [8086:2b22] type 00 class 0x060000
[    7.459846] pci 0000:fe:00.6: [8086:2b2a] type 00 class 0x060000
[    7.467026] pci 0000:fe:01.0: [8086:2b04] type 00 class 0x060000
[    7.474198] pci 0000:fe:02.0: [8086:2b08] type 00 class 0x060000
[    7.481386] pci 0000:fe:03.0: [8086:2b0c] type 00 class 0x060000
[    7.488573] pci 0000:fe:04.0: [8086:2b10] type 00 class 0x060000
[    7.495760] pci 0000:fe:05.0: [8086:2b14] type 00 class 0x060000
[    7.502937] pci 0000:fe:05.2: [8086:2b16] type 00 class 0x060000
[    7.510122] pci 0000:fe:05.4: [8086:2b13] type 00 class 0x060000
[    7.517306] pci 0000:fe:05.6: [8086:2b53] type 00 class 0x060000
[    7.524488] pci 0000:fe:06.0: [8086:2b18] type 00 class 0x060000
[    7.531670] pci 0000:fe:07.0: [8086:2b1c] type 00 class 0x060000
[    7.538853] pci 0000:fe:07.2: [8086:2b1e] type 00 class 0x060000
[    7.546028] pci 0000:fe:07.4: [8086:2b1b] type 00 class 0x060000
[    7.553212] pci 0000:fe:07.6: [8086:2b5b] type 00 class 0x060000
[    7.560389] pci 0000:fe:08.0: [8086:2b20] type 00 class 0x060000
[    7.567570] pci 0000:fe:09.0: [8086:2b24] type 00 class 0x060000
[    7.574760] pci 0000:fe:0a.0: [8086:2b28] type 00 class 0x060000
[    7.581947] pci 0000:fe:0b.0: [8086:2b2c] type 00 class 0x060000
[    7.589136] pci 0000:fe:0c.0: [8086:2b30] type 00 class 0x060000
[    7.596326] pci 0000:fe:0d.0: [8086:2b34] type 00 class 0x060000
[    7.603503] pci 0000:fe:0e.0: [8086:2b38] type 00 class 0x060000
[    7.610695] pci 0000:fe:0f.0: [8086:2b3c] type 00 class 0x060000
[    7.617881] pci 0000:fe:10.0: [8086:2b40] type 00 class 0x060000
[    7.625068] pci 0000:fe:10.2: [8086:2b42] type 00 class 0x060000
[    7.632242] pci 0000:fe:10.4: [8086:2b32] type 00 class 0x060000
[    7.639420] pci 0000:fe:10.6: [8086:2b3a] type 00 class 0x060000
[    7.646597] pci 0000:fe:11.0: [8086:2b44] type 00 class 0x060000
[    7.653769] pci 0000:fe:11.2: [8086:2b46] type 00 class 0x060000
[    7.660947] pci 0000:fe:11.4: [8086:2b36] type 00 class 0x060000
[    7.668132] pci 0000:fe:11.6: [8086:2b3e] type 00 class 0x060000
[    7.675309] pci 0000:fe:12.0: [8086:2b48] type 00 class 0x060000
[    7.682496] pci 0000:fe:13.0: [8086:2b4c] type 00 class 0x060000
[    7.689686] pci 0000:fe:14.0: [8086:2b50] type 00 class 0x060000
[    7.696869] pci 0000:fe:14.2: [8086:2b52] type 00 class 0x060000
[    7.704061] pci 0000:fe:15.0: [8086:2b54] type 00 class 0x060000
[    7.719341] pci 0000:fe:15.2: [8086:2b56] type 00 class 0x060000
[    7.726523] pci 0000:fe:16.0: [8086:2b58] type 00 class 0x060000
[    7.733702] pci 0000:fe:16.2: [8086:2b5a] type 00 class 0x060000
[    7.740879] pci 0000:fe:17.0: [8086:2b5c] type 00 class 0x060000
[    7.748057] pci 0000:fe:17.2: [8086:2b5e] type 00 class 0x060000
[    7.755237] pci 0000:fe:18.0: [8086:2b60] type 00 class 0x060000
[    7.762416] pci 0000:fe:18.2: [8086:2b62] type 00 class 0x060000
[    7.769603] pci 0000:fe:19.0: [8086:2b64] type 00 class 0x060000
[    7.776787] pci 0000:fe:19.2: [8086:2b66] type 00 class 0x060000
[    7.783975] pci 0000:fe:1a.0: [8086:2b68] type 00 class 0x060000
[    7.791165] pci 0000:fe:1b.0: [8086:2b6c] type 00 class 0x060000
[    7.798415] ACPI: PCI Root Bridge [PRB0] (domain 0000 [bus ff])
[    7.805432] acpi PNP0A03:03: _OSC: OS supports [ExtendedConfig ASPM ClockPM Segments MSI]
[    7.815294] acpi PNP0A03:03: _OSC failed (AE_NOT_FOUND); disabling ASPM
[    7.823147] PCI host bridge to bus 0000:ff
[    7.828112] pci_bus 0000:ff: root bus resource [bus ff]
[    7.834347] pci 0000:ff:00.0: [8086:2b00] type 00 class 0x060000
[    7.841524] pci 0000:ff:00.2: [8086:2b02] type 00 class 0x060000
[    7.848707] pci 0000:ff:00.4: [8086:2b22] type 00 class 0x060000
[    7.855891] pci 0000:ff:00.6: [8086:2b2a] type 00 class 0x060000
[    7.863081] pci 0000:ff:01.0: [8086:2b04] type 00 class 0x060000
[    7.870264] pci 0000:ff:02.0: [8086:2b08] type 00 class 0x060000
[    7.877446] pci 0000:ff:03.0: [8086:2b0c] type 00 class 0x060000
[    7.884626] pci 0000:ff:04.0: [8086:2b10] type 00 class 0x060000
[    7.891809] pci 0000:ff:05.0: [8086:2b14] type 00 class 0x060000
[    7.898987] pci 0000:ff:05.2: [8086:2b16] type 00 class 0x060000
[    7.906166] pci 0000:ff:05.4: [8086:2b13] type 00 class 0x060000
[    7.913347] pci 0000:ff:05.6: [8086:2b53] type 00 class 0x060000
[    7.920523] pci 0000:ff:06.0: [8086:2b18] type 00 class 0x060000
[    7.927699] pci 0000:ff:07.0: [8086:2b1c] type 00 class 0x060000
[    7.934877] pci 0000:ff:07.2: [8086:2b1e] type 00 class 0x060000
[    7.942046] pci 0000:ff:07.4: [8086:2b1b] type 00 class 0x060000
[    7.949226] pci 0000:ff:07.6: [8086:2b5b] type 00 class 0x060000
[    7.956401] pci 0000:ff:08.0: [8086:2b20] type 00 class 0x060000
[    7.963590] pci 0000:ff:09.0: [8086:2b24] type 00 class 0x060000
[    7.970760] pci 0000:ff:0a.0: [8086:2b28] type 00 class 0x060000
[    7.977947] pci 0000:ff:0b.0: [8086:2b2c] type 00 class 0x060000
[    7.985122] pci 0000:ff:0c.0: [8086:2b30] type 00 class 0x060000
[    7.992301] pci 0000:ff:0d.0: [8086:2b34] type 00 class 0x060000
[    7.999465] pci 0000:ff:0e.0: [8086:2b38] type 00 class 0x060000
[    8.006646] pci 0000:ff:0f.0: [8086:2b3c] type 00 class 0x060000
[    8.013818] pci 0000:ff:10.0: [8086:2b40] type 00 class 0x060000
[    8.020998] pci 0000:ff:10.2: [8086:2b42] type 00 class 0x060000
[    8.028169] pci 0000:ff:10.4: [8086:2b32] type 00 class 0x060000
[    8.035350] pci 0000:ff:10.6: [8086:2b3a] type 00 class 0x060000
[    8.042523] pci 0000:ff:11.0: [8086:2b44] type 00 class 0x060000
[    8.049705] pci 0000:ff:11.2: [8086:2b46] type 00 class 0x060000
[    8.056873] pci 0000:ff:11.4: [8086:2b36] type 00 class 0x060000
[    8.064056] pci 0000:ff:11.6: [8086:2b3e] type 00 class 0x060000
[    8.071229] pci 0000:ff:12.0: [8086:2b48] type 00 class 0x060000
[    8.078418] pci 0000:ff:13.0: [8086:2b4c] type 00 class 0x060000
[    8.085594] pci 0000:ff:14.0: [8086:2b50] type 00 class 0x060000
[    8.092778] pci 0000:ff:14.2: [8086:2b52] type 00 class 0x060000
[    8.099956] pci 0000:ff:15.0: [8086:2b54] type 00 class 0x060000
[    8.107136] pci 0000:ff:15.2: [8086:2b56] type 00 class 0x060000
[    8.114315] pci 0000:ff:16.0: [8086:2b58] type 00 class 0x060000
[    8.121500] pci 0000:ff:16.2: [8086:2b5a] type 00 class 0x060000
[    8.128685] pci 0000:ff:17.0: [8086:2b5c] type 00 class 0x060000
[    8.135870] pci 0000:ff:17.2: [8086:2b5e] type 00 class 0x060000
[    8.143051] pci 0000:ff:18.0: [8086:2b60] type 00 class 0x060000
[    8.150241] pci 0000:ff:18.2: [8086:2b62] type 00 class 0x060000
[    8.157429] pci 0000:ff:19.0: [8086:2b64] type 00 class 0x060000
[    8.164614] pci 0000:ff:19.2: [8086:2b66] type 00 class 0x060000
[    8.171800] pci 0000:ff:1a.0: [8086:2b68] type 00 class 0x060000
[    8.178991] pci 0000:ff:1b.0: [8086:2b6c] type 00 class 0x060000
[    8.204364] ACPI: Enabled 34 GPEs in block 00 to 3F
[    8.210600] vgaarb: device added: PCI:0000:11:00.0,decodes=io+mem,owns=io+mem,locks=none
[    8.220459] vgaarb: loaded
[    8.223869] vgaarb: bridge control possible 0000:11:00.0
[    8.230392] SCSI subsystem initialized
[    8.235272] libata version 3.00 loaded.
[    8.240097] ACPI: bus type USB registered
[    8.245035] usbcore: registered new interface driver usbfs
[    8.251590] usbcore: registered new interface driver hub
[    8.258006] usbcore: registered new device driver usb
[    8.264104] pps_core: LinuxPPS API ver. 1 registered
[    8.270057] pps_core: Software ver. 5.3.6 - Copyright 2005-2007 Rodolfo Giometti <giometti@linux.it>
[    8.281023] PTP clock support registered
[    8.286287] EDAC MC: Ver: 3.0.0
[    8.290678] PCI: Using ACPI for IRQ routing
[    8.300238] PCI: pci_cache_line_size set to 64 bytes
[    8.306576] e820: reserve RAM buffer [mem 0x0009b400-0x0009ffff]
[    8.313700] e820: reserve RAM buffer [mem 0x7b43e000-0x7bffffff]
[    8.321636] hpet0: at MMIO 0xfed00000, IRQs 2, 8, 0, 0
[    8.328151] hpet0: 4 comparators, 64-bit 14.318180 MHz counter
[    8.337404] Switched to clocksource hpet
[    8.342424] Could not create debugfs 'set_ftrace_filter' entry
[    8.349357] Could not create debugfs 'set_ftrace_notrace' entry
[    8.372587] pnp: PnP ACPI init
[    8.376421] ACPI: bus type PNP registered
[    8.381382] pnp 00:00: Plug and Play ACPI device, IDs PNP0003 (active)
[    8.389446] pnp 00:01: [dma 4]
[    8.393305] pnp 00:01: Plug and Play ACPI device, IDs PNP0200 (active)
[    8.401027] IOAPIC[0]: Set routing entry (8-8 -> 0x38 -> IRQ 8 Mode:0 Active:0 Dest:0)
[    8.410679] pnp 00:02: Plug and Play ACPI device, IDs PNP0b00 (active)
[    8.418405] IOAPIC[0]: Set routing entry (8-13 -> 0x3d -> IRQ 13 Mode:0 Active:0 Dest:0)
[    8.428223] pnp 00:03: Plug and Play ACPI device, IDs PNP0c04 (active)
[    8.435985] pnp 00:04: Plug and Play ACPI device, IDs PNP0800 (active)
[    8.443784] pnp 00:05: Plug and Play ACPI device, IDs PNP0103 (active)
[    8.451691] system 00:06: [io  0x0500-0x057f] could not be reserved
[    8.459108] system 00:06: [io  0x0400-0x047f] could not be reserved
[    8.466520] system 00:06: [io  0x0540-0x057f] has been reserved
[    8.473543] system 00:06: [io  0x0600-0x061f] has been reserved
[    8.480565] system 00:06: [io  0x0880-0x0883] has been reserved
[    8.487590] system 00:06: [io  0x0ca4-0x0ca5] has been reserved
[    8.494618] system 00:06: [io  0x0800-0x081f] has been reserved
[    8.501648] system 00:06: [mem 0xfed1c000-0xfed3ffff] could not be reserved
[    8.509846] system 00:06: [mem 0xfed45000-0xfed8bfff] has been reserved
[    8.517649] system 00:06: [mem 0xff000000-0xffffffff] has been reserved
[    8.525453] system 00:06: [mem 0xfee00000-0xfeefffff] has been reserved
[    8.533263] system 00:06: [mem 0xfed12000-0xfed1200f] has been reserved
[    8.541058] system 00:06: [mem 0xfed12010-0xfed1201f] has been reserved
[    8.548866] system 00:06: [mem 0xfed1b000-0xfed1bfff] has been reserved
[    8.556665] system 00:06: Plug and Play ACPI device, IDs PNP0c02 (active)
[    8.564806] IOAPIC[0]: Set routing entry (8-4 -> 0x34 -> IRQ 4 Mode:0 Active:0 Dest:0)
[    8.574472] pnp 00:07: Plug and Play ACPI device, IDs PNP0501 (active)
[    8.582310] IOAPIC[0]: Set routing entry (8-3 -> 0x33 -> IRQ 3 Mode:0 Active:0 Dest:0)
[    8.592008] pnp 00:08: Plug and Play ACPI device, IDs PNP0501 (active)
[    8.599794] pnp 00:09: Plug and Play ACPI device, IDs PNP0c31 (active)
[    8.607591] pnp 00:0a: Plug and Play ACPI device, IDs IPI0001 (active)
[    8.633939] pnp 00:0b: Plug and Play ACPI device, IDs PNP0c80 (active)
[    8.659998] pnp 00:0c: Plug and Play ACPI device, IDs PNP0c80 (active)
[    8.685994] pnp 00:0d: Plug and Play ACPI device, IDs PNP0c80 (active)
[    8.712012] pnp 00:0e: Plug and Play ACPI device, IDs PNP0c80 (active)
[    8.719813] pnp: PnP ACPI: found 15 devices
[    8.724895] ACPI: bus type PNP unregistered
[    8.737662] pci 0000:07:00.0: can't claim BAR 6 [mem 0xfffc0000-0xffffffff pref]: no compatible bridge window
[    8.749495] pci 0000:11:00.0: can't claim BAR 6 [mem 0xffff0000-0xffffffff pref]: no compatible bridge window
[    8.761418] pci 0000:00:01.0: PCI bridge to [bus 01-03]
[    8.767669] pci 0000:00:01.0:   bridge window [io  0x5000-0x5fff]
[    8.774893] pci 0000:00:01.0:   bridge window [mem 0x95b00000-0x95bfffff]
[    8.782890] pci 0000:00:02.0: PCI bridge to [bus 04-06]
[    8.789141] pci 0000:00:02.0:   bridge window [io  0x4000-0x4fff]
[    8.796353] pci 0000:00:02.0:   bridge window [mem 0x95a00000-0x95afffff]
[    8.804362] pci 0000:07:00.0: BAR 6: assigned [mem 0x95d00000-0x95d3ffff pref]
[    8.813167] pci 0000:00:03.0: PCI bridge to [bus 07]
[    8.819118] pci 0000:00:03.0:   bridge window [io  0x3000-0x3fff]
[    8.826339] pci 0000:00:03.0:   bridge window [mem 0x95900000-0x959fffff]
[    8.834341] pci 0000:00:03.0:   bridge window [mem 0x95d00000-0x95dfffff 64bit pref]
[    8.843749] pci 0000:00:05.0: PCI bridge to [bus 08-0a]
[    8.850000] pci 0000:00:05.0:   bridge window [io  0x2000-0x2fff]
[    8.857219] pci 0000:00:05.0:   bridge window [mem 0x94900000-0x958fffff]
[    8.865225] pci 0000:00:05.0:   bridge window [mem 0x91900000-0x928fffff 64bit pref]
[    8.874617] pci 0000:00:07.0: PCI bridge to [bus 0b-0d]
[    8.880852] pci 0000:00:07.0:   bridge window [io  0x1000-0x1fff]
[    8.888074] pci 0000:00:07.0:   bridge window [mem 0x93900000-0x948fffff]
[    8.896062] pci 0000:00:07.0:   bridge window [mem 0x92900000-0x938fffff 64bit pref]
[    8.905466] pci 0000:00:09.0: PCI bridge to [bus 0e]
[    8.911432] pci 0000:00:0a.0: PCI bridge to [bus 0f]
[    8.917397] pci 0000:00:1c.0: PCI bridge to [bus 10]
[    8.923351] pci 0000:00:1c.0:   bridge window [io  0x7000-0x7fff]
[    8.930575] pci 0000:00:1c.0:   bridge window [mem 0x95e00000-0x95ffffff]
[    8.938571] pci 0000:00:1c.0:   bridge window [mem 0x96000000-0x961fffff 64bit pref]
[    8.947980] pci 0000:11:00.0: BAR 6: assigned [mem 0x91810000-0x9181ffff pref]
[    8.956782] pci 0000:00:1c.4: PCI bridge to [bus 11]
[    8.962732] pci 0000:00:1c.4:   bridge window [io  0x8000-0x8fff]
[    8.969953] pci 0000:00:1c.4:   bridge window [mem 0x91000000-0x918fffff]
[    8.977949] pci 0000:00:1c.4:   bridge window [mem 0x90000000-0x90ffffff 64bit pref]
[    8.987351] pci 0000:00:1e.0: PCI bridge to [bus 12]
[    8.993301] pci_bus 0000:00: resource 4 [io  0x0000-0x0cf7]
[    8.999941] pci_bus 0000:00: resource 5 [io  0x1000-0x9fff]
[    9.006564] pci_bus 0000:00: resource 6 [mem 0x000a0000-0x000bffff]
[    9.013978] pci_bus 0000:00: resource 7 [mem 0xfed40000-0xfedfffff]
[    9.021397] pci_bus 0000:00: resource 8 [mem 0x90000000-0xafffffff]
[    9.037139] pci_bus 0000:00: resource 9 [mem 0xfc000000000-0xfc07fffffff]
[    9.045130] pci_bus 0000:01: resource 0 [io  0x5000-0x5fff]
[    9.051755] pci_bus 0000:01: resource 1 [mem 0x95b00000-0x95bfffff]
[    9.059174] pci_bus 0000:04: resource 0 [io  0x4000-0x4fff]
[    9.065798] pci_bus 0000:04: resource 1 [mem 0x95a00000-0x95afffff]
[    9.073206] pci_bus 0000:07: resource 0 [io  0x3000-0x3fff]
[    9.079842] pci_bus 0000:07: resource 1 [mem 0x95900000-0x959fffff]
[    9.087254] pci_bus 0000:07: resource 2 [mem 0x95d00000-0x95dfffff 64bit pref]
[    9.096059] pci_bus 0000:08: resource 0 [io  0x2000-0x2fff]
[    9.102697] pci_bus 0000:08: resource 1 [mem 0x94900000-0x958fffff]
[    9.110116] pci_bus 0000:08: resource 2 [mem 0x91900000-0x928fffff 64bit pref]
[    9.118936] pci_bus 0000:0b: resource 0 [io  0x1000-0x1fff]
[    9.125563] pci_bus 0000:0b: resource 1 [mem 0x93900000-0x948fffff]
[    9.132970] pci_bus 0000:0b: resource 2 [mem 0x92900000-0x938fffff 64bit pref]
[    9.141775] pci_bus 0000:10: resource 0 [io  0x7000-0x7fff]
[    9.148403] pci_bus 0000:10: resource 1 [mem 0x95e00000-0x95ffffff]
[    9.155813] pci_bus 0000:10: resource 2 [mem 0x96000000-0x961fffff 64bit pref]
[    9.164631] pci_bus 0000:11: resource 0 [io  0x8000-0x8fff]
[    9.171271] pci_bus 0000:11: resource 1 [mem 0x91000000-0x918fffff]
[    9.178685] pci_bus 0000:11: resource 2 [mem 0x90000000-0x90ffffff 64bit pref]
[    9.187505] pci_bus 0000:12: resource 4 [io  0x0000-0x0cf7]
[    9.194134] pci_bus 0000:12: resource 5 [io  0x1000-0x9fff]
[    9.200765] pci_bus 0000:12: resource 6 [mem 0x000a0000-0x000bffff]
[    9.208166] pci_bus 0000:12: resource 7 [mem 0xfed40000-0xfedfffff]
[    9.215581] pci_bus 0000:12: resource 8 [mem 0x90000000-0xafffffff]
[    9.222984] pci_bus 0000:12: resource 9 [mem 0xfc000000000-0xfc07fffffff]
[    9.231020] pci 0000:80:00.0: PCI bridge to [bus 81]
[    9.236976] pci 0000:80:01.0: PCI bridge to [bus 82]
[    9.242942] pci 0000:80:03.0: PCI bridge to [bus 83]
[    9.248903] pci 0000:80:07.0: PCI bridge to [bus 84-86]
[    9.255155] pci 0000:80:07.0:   bridge window [io  0xb000-0xbfff]
[    9.262378] pci 0000:80:07.0:   bridge window [mem 0xb3000000-0xb3ffffff]
[    9.270385] pci 0000:80:07.0:   bridge window [mem 0xb0000000-0xb0ffffff 64bit pref]
[    9.279783] pci 0000:80:09.0: PCI bridge to [bus 87-89]
[    9.286032] pci 0000:80:09.0:   bridge window [io  0xa000-0xafff]
[    9.293244] pci 0000:80:09.0:   bridge window [mem 0xb2000000-0xb2ffffff]
[    9.301245] pci 0000:80:09.0:   bridge window [mem 0xb1000000-0xb1ffffff 64bit pref]
[    9.310638] pci_bus 0000:80: resource 4 [io  0xa000-0xffff]
[    9.317280] pci_bus 0000:80: resource 5 [mem 0xb0000000-0xfbffffff]
[    9.324698] pci_bus 0000:80: resource 6 [mem 0xfc080000000-0xfc0ffffffff]
[    9.332698] pci_bus 0000:84: resource 0 [io  0xb000-0xbfff]
[    9.339339] pci_bus 0000:84: resource 1 [mem 0xb3000000-0xb3ffffff]
[    9.346747] pci_bus 0000:84: resource 2 [mem 0xb0000000-0xb0ffffff 64bit pref]
[    9.355565] pci_bus 0000:87: resource 0 [io  0xa000-0xafff]
[    9.362197] pci_bus 0000:87: resource 1 [mem 0xb2000000-0xb2ffffff]
[    9.369613] pci_bus 0000:87: resource 2 [mem 0xb1000000-0xb1ffffff 64bit pref]
[    9.378529] NET: Registered protocol family 2
[    9.384684] TCP established hash table entries: 524288 (order: 10, 4194304 bytes)
[    9.394932] TCP bind hash table entries: 65536 (order: 8, 1048576 bytes)
[    9.403094] TCP: Hash tables configured (established 524288 bind 65536)
[    9.411004] TCP: reno registered
[    9.415227] UDP hash table entries: 65536 (order: 9, 2097152 bytes)
[    9.423300] UDP-Lite hash table entries: 65536 (order: 9, 2097152 bytes)
[    9.432118] NET: Registered protocol family 1
[    9.437787] RPC: Registered named UNIX socket transport module.
[    9.444820] RPC: Registered udp transport module.
[    9.450477] RPC: Registered tcp transport module.
[    9.456143] RPC: Registered tcp NFSv4.1 backchannel transport module.
[    9.518290] IOAPIC[0]: Set routing entry (8-16 -> 0x41 -> IRQ 16 Mode:1 Active:1 Dest:0)
[    9.528408] IOAPIC[0]: Set routing entry (8-21 -> 0x51 -> IRQ 21 Mode:1 Active:1 Dest:0)
[    9.538514] IOAPIC[0]: Set routing entry (8-19 -> 0x61 -> IRQ 19 Mode:1 Active:1 Dest:0)
[    9.548638] IOAPIC[0]: Set routing entry (8-18 -> 0x71 -> IRQ 18 Mode:1 Active:1 Dest:0)
[    9.558766] IOAPIC[0]: Set routing entry (8-23 -> 0x81 -> IRQ 23 Mode:1 Active:1 Dest:0)
[    9.569702] pci 0000:11:00.0: Boot video device
[    9.575494] PCI: CLS 64 bytes, default 64
[    9.580424] Trying to unpack rootfs image as initramfs...
[   14.246348] Freeing initrd memory: 212912K (ffff88006e448000 - ffff88007b434000)
[   14.255384] PCI-DMA: Using software bounce buffering for IO (SWIOTLB)
[   14.263002] software IO TLB [mem 0x6a448000-0x6e448000] (64MB) mapped at [ffff88006a448000-ffff88006e447fff]
[   14.283170] Scanning for low memory corruption every 60 seconds
[   14.292421] sha1_ssse3: Using SSSE3 optimized SHA-1 implementation
[   14.299807] PCLMULQDQ-NI instructions are not detected.
[   14.306057] AVX or AES-NI instructions are not detected.
[   14.312397] AVX instructions are not detected.
[   14.317763] AVX instructions are not detected.
[   14.323126] AVX instructions are not detected.
[   14.328480] AVX instructions are not detected.
[   14.336197] futex hash table entries: 32768 (order: 9, 2097152 bytes)
[   14.372452] bounce pool size: 64 pages
[   14.377048] HugeTLB registered 2 MB page size, pre-allocated 0 pages
[   14.387627] VFS: Disk quotas dquot_6.5.2
[   14.392523] Dquot-cache hash table entries: 512 (order 0, 4096 bytes)
[   14.401907] NFS: Registering the id_resolver key type
[   14.407983] Key type id_resolver registered
[   14.413065] Key type id_legacy registered
[   14.417957] nfs4filelayout_init: NFSv4 File Layout Driver Registering...
[   14.425858] Installing knfsd (copyright (C) 1996 okir@monad.swb.de).
[   14.434223] ROMFS MTD (C) 2007 Red Hat, Inc.
[   14.439500] fuse init (API version 7.22)
[   14.444532] SGI XFS with ACLs, security attributes, realtime, large block/inode numbers, no debug enabled
[   14.457230] msgmni has been set to 32768
[   14.466203] NET: Registered protocol family 38
[   14.471592] Key type asymmetric registered
[   14.476684] Block layer SCSI generic (bsg) driver version 0.4 loaded (major 250)
[   14.485945] io scheduler noop registered
[   14.490738] io scheduler deadline registered
