Return-Path: <owner-linux-mm@kvack.org>
Received: from psmtp.com (na3sys010amx186.postini.com [74.125.245.186])
	by kanga.kvack.org (Postfix) with SMTP id 63C146B0036
	for <linux-mm@kvack.org>; Thu, 13 Jun 2013 06:26:01 -0400 (EDT)
Date: Thu, 13 Jun 2013 18:25:49 +0800
From: Fengguang Wu <fengguang.wu@intel.com>
Subject: [iput] BUG: Bad page state in process rm pfn:0b0ce
Message-ID: <20130613102549.GD31394@localhost>
MIME-Version: 1.0
Content-Type: multipart/mixed; boundary="Nq2Wo0NMKNjxTN9z"
Content-Disposition: inline
Sender: owner-linux-mm@kvack.org
List-ID: <linux-mm.kvack.org>
To: fengguang.wu@intel.com, Mel Gorman <mgorman@suse.de>
Cc: linux-kernel@vger.kernel.org, linux-mm@kvack.org


--Nq2Wo0NMKNjxTN9z
Content-Type: text/plain; charset=us-ascii
Content-Disposition: inline

Greetings,

I got the below dmesg in linux-next and the first bad commit is

commit eeb9bfc39ed70ee5c389d6c9be555588e1284e62
Author: Mel Gorman <mgorman@suse.de>
Date:   Thu Jun 6 10:40:03 2013 +1000

    mm: remove lru parameter from __lru_cache_add and lru_cache_add_lru
    
    Similar to __pagevec_lru_add, this patch removes the LRU parameter from
    __lru_cache_add and lru_cache_add_lru as the caller does not control the
    exact LRU the page gets added to.  lru_cache_add_lru gets renamed to
    lru_cache_add the name is silly without the lru parameter.  With the
    parameter removed, it is required that the caller indicate if they want
    the page added to the active or inactive list by setting or clearing
    PageActive respectively.
    
    [akpm@linux-foundation.org: Suggested the patch]
    Signed-off-by: Mel Gorman <mgorman@suse.de>
    Cc: Jan Kara <jack@suse.cz>
    Cc: Rik van Riel <riel@redhat.com>
    Acked-by: Johannes Weiner <hannes@cmpxchg.org>
    Cc: Alexey Lyahkov <alexey.lyashkov@gmail.com>
    Cc: Andrew Perepechko <anserper@ya.ru>
    Cc: Robin Dong <sanbai@taobao.com>
    Cc: Theodore Tso <tytso@mit.edu>
    Cc: Hugh Dickins <hughd@google.com>
    Cc: Rik van Riel <riel@redhat.com>
    Cc: Bernd Schubert <bernd.schubert@fastmail.fm>
    Cc: David Howells <dhowells@redhat.com>
    Cc: Trond Myklebust <Trond.Myklebust@netapp.com>
    Signed-off-by: Andrew Morton <akpm@linux-foundation.org>

This shows up reliably in every boot:

[   70.190744] Out of memory: Kill process 197 (trinity-child1) score 52 or sacrifice child
[   70.192202] Killed process 197 (trinity-child1) total-vm:21528kB, anon-rss:7672kB, file-rss:524kB
 * Asking all remaining processes to terminate...       
killall5[225]: mount returned non-zero exit status
killall5[225]: /proc not mounted, failed to mount.

mount: proc has wrong device number or fs type proc not supported
killall5[233]: mount returned non-zero exit status
killall5[233]: /proc not mounted, failed to mount.
 * All processes ended within 1 seconds....       
/etc/rc6.d/S40umountfs: line 20: /proc/mounts: No such file or directory
cat: /proc/1/maps: No such file or directory
cat: /proc/1/maps: No such file or directory
cat: /proc/1/maps: No such file or directory
cat: /proc/1/maps: No such file or directory
cat: /proc/1/maps: No such file or directory
cat: /proc/1/maps: No such file or directory
umount: /var/run: not mounted
[   84.212960] BUG: Bad page state in process rm  pfn:0b0c9
[   84.214682] page:ffff88000d646240 count:0 mapcount:0 mapping:          (null) index:0x0
[   84.216883] page flags: 0x20000000004c(referenced|uptodate|active)
[   84.218697] CPU: 1 PID: 283 Comm: rm Not tainted 3.10.0-rc4-04361-geeb9bfc #49
[   84.220729]  ffff88000d646240 ffff88000d179bb8 ffffffff82562956 ffff88000d179bd8
[   84.223242]  ffffffff811333f1 000020000000004c ffff88000d646240 ffff88000d179c28
[   84.225387]  ffffffff811346a4 ffff880000270000 0000000000000000 0000000000000006
[   84.227294] Call Trace:
[   84.227867]  [<ffffffff82562956>] dump_stack+0x27/0x30
[   84.229045]  [<ffffffff811333f1>] bad_page+0x130/0x158
[   84.230261]  [<ffffffff811346a4>] free_pages_prepare+0x8b/0x1e3
[   84.231765]  [<ffffffff8113542a>] free_hot_cold_page+0x28/0x1cf
[   84.233171]  [<ffffffff82585830>] ? _raw_spin_unlock_irqrestore+0x6b/0xc6
[   84.234822]  [<ffffffff81135b59>] free_hot_cold_page_list+0x30/0x5a
[   84.236311]  [<ffffffff8113a4ed>] release_pages+0x251/0x267
[   84.237653]  [<ffffffff8112a88d>] ? delete_from_page_cache+0x48/0x9e
[   84.239142]  [<ffffffff8113ad93>] __pagevec_release+0x2b/0x3d
[   84.240473]  [<ffffffff8113b45a>] truncate_inode_pages_range+0x1b0/0x7ce
[   84.242032]  [<ffffffff810e76ab>] ? put_lock_stats.isra.20+0x1c/0x53
[   84.243480]  [<ffffffff810e77f5>] ? lock_release_holdtime+0x113/0x11f
[   84.244935]  [<ffffffff8113ba8c>] truncate_inode_pages+0x14/0x1d
[   84.246337]  [<ffffffff8119b3ef>] evict+0x11f/0x232
[   84.247501]  [<ffffffff8119c527>] iput+0x1a5/0x218
[   84.248607]  [<ffffffff8118f015>] do_unlinkat+0x19b/0x25a
[   84.249828]  [<ffffffff810ea993>] ? trace_hardirqs_on_caller+0x210/0x2ce
[   84.251382]  [<ffffffff8144372e>] ? trace_hardirqs_on_thunk+0x3a/0x3f
[   84.252879]  [<ffffffff8118f10d>] SyS_unlinkat+0x39/0x4c
[   84.254174]  [<ffffffff825874d6>] system_call_fastpath+0x1a/0x1f
[   84.255596] Disabling lock debugging due to kernel taint


git bisect start 1f6587114a689a5d7fdfb0d4abc818117e3182a5 v3.9 --
git bisect good 9992ba72327fa0d8bdc9fb624e80f5cce338a711  # 11:22     30+  Merge tag 'sound-3.10' of git://git.kernel.org/pub/scm/linux/kernel/git/tiwai/sound
git bisect good 165b199f615ff5cbbd2a241526673d8643bedc30  # 11:38     30+  Merge remote-tracking branch 'asoc/topic/sn95031' into asoc-next
git bisect good a9ee2e0f380766c3edaa0c00513a2a3771472322  # 11:52     30+  Merge remote-tracking branch 'watchdog/master'
git bisect good bfc5068e4692d31dc4d17b1e290ca67fe6c331e8  # 12:15     30+  Merge remote-tracking branch 'mailbox/dbx500-prcmu-mailbox'
git bisect good 66cb7925f318acb04983ffc13faed70edacf7709  # 12:39     30+  Merge remote-tracking branch 'samsung/for-next'
git bisect  bad 1051b6d30fb5ad5fe0db180edccf86c2bc9f04a6  # 12:46      0-  mm/tile: prepare for removing num_physpages and simplify mem_init()
git bisect good 351c52b20c1545f39e578dc38ecde2c5068c2dc6  # 12:57     30+  drivers/scsi/dmx3191d.c: convert to module_pci_driver
git bisect good 35f49632f32139ddf803dcb35173898e8fb2f8d8  # 13:20     30+  vmcore-allow-user-process-to-remap-elf-note-segment-buffer-fix
git bisect  bad 47856ff3aa81669131eaae77bfdc11d74de82d68  # 13:30      0-  mm: report available pages as "MemTotal" for each NUMA node
git bisect  bad e923a66867a8b39da16382f81547193046d2fc6f  # 13:37      0-  mm/hugetlb: remove hugetlb_prefault
git bisect  bad eeb9bfc39ed70ee5c389d6c9be555588e1284e62  # 13:44      0-  mm: remove lru parameter from __lru_cache_add and lru_cache_add_lru
git bisect good 0436c4fab7d0f5441fe7307f52801a573ba61f4a  # 13:53     30+  memcg: update TODO list in Documentation
git bisect good f8d52137ba38f8a2770dea83a25a642efa2d0beb  # 14:03     30+  mm: pagevec: defer deciding which LRU to add a page to until pagevec drain time
git bisect good ebf2ee3010dedb4177eee18e01be00b5a7b0bc24  # 14:14     30+  mm: remove lru parameter from __pagevec_lru_add and remove parts of pagevec API
git bisect good ebf2ee3010dedb4177eee18e01be00b5a7b0bc24  # 14:37     90+  mm: remove lru parameter from __pagevec_lru_add and remove parts of pagevec API
git bisect  bad 5e81a2f5e9ffa505e6ad649a9b1b1b7e03b61b96  # 14:37      0-  INFO: suspicious RCU usage.
git bisect good ca47554a03c18011f31a5566878d072793c049ab  # 15:06     90+  Revert "mm: remove lru parameter from __lru_cache_add and lru_cache_add_lru"
git bisect good 26e04462c8b78d079d3231396ec72d58a14f114b  # 15:45     90+  Merge git://git.kernel.org/pub/scm/linux/kernel/git/davem/net
git bisect  bad c04efed734409f5a44715b54a6ca1b54b0ccf215  # 15:53      0-  Add linux-next specific files for 20130607

Thanks,
Fengguang

--Nq2Wo0NMKNjxTN9z
Content-Type: text/plain; charset=us-ascii
Content-Disposition: attachment; filename="dmesg-kvm-kbuild-29587-20130612221718-3.10.0-rc4-04726-g5e81a2f-17"

[    0.000000] Initializing cgroup subsys cpu
[    0.000000] Linux version 3.10.0-rc4-04726-g5e81a2f (kbuild@athens) (gcc version 4.7.2 (Debian 4.7.2-4) ) #17 SMP PREEMPT Wed Jun 12 22:20:58 CST 2013
[    0.000000] Command line: hung_task_panic=1 rcutree.rcu_cpu_stall_timeout=100 log_buf_len=8M ignore_loglevel debug sched_debug apic=debug dynamic_printk sysrq_always_enabled panic=10  prompt_ramdisk=0 console=ttyS0,115200 console=tty0 vga=normal  root=/dev/ram0 rw link=/kernel-tests/run-queue/kvm/x86_64-randconfig-a07-0612/wfg:0day/.vmlinuz-5e81a2f5e9ffa505e6ad649a9b1b1b7e03b61b96-20130612222221-9-kbuild branch=wfg/0day  BOOT_IMAGE=/kernel/x86_64-randconfig-a07-0612/5e81a2f5e9ffa505e6ad649a9b1b1b7e03b61b96/vmlinuz-3.10.0-rc4-04726-g5e81a2f
[    0.000000] e820: BIOS-provided physical RAM map:
[    0.000000] BIOS-e820: [mem 0x0000000000000000-0x0000000000093bff] usable
[    0.000000] BIOS-e820: [mem 0x0000000000093c00-0x000000000009ffff] reserved
[    0.000000] BIOS-e820: [mem 0x00000000000f0000-0x00000000000fffff] reserved
[    0.000000] BIOS-e820: [mem 0x0000000000100000-0x000000000fffdfff] usable
[    0.000000] BIOS-e820: [mem 0x000000000fffe000-0x000000000fffffff] reserved
[    0.000000] BIOS-e820: [mem 0x00000000feffc000-0x00000000feffffff] reserved
[    0.000000] BIOS-e820: [mem 0x00000000fffc0000-0x00000000ffffffff] reserved
[    0.000000] debug: ignoring loglevel setting.
[    0.000000] NX (Execute Disable) protection: active
[    0.000000] e820: update [mem 0x00000000-0x00000fff] usable ==> reserved
[    0.000000] e820: remove [mem 0x000a0000-0x000fffff] usable
[    0.000000] e820: last_pfn = 0xfffe max_arch_pfn = 0x400000000
[    0.000000] MTRR default type: write-back
[    0.000000] MTRR fixed ranges enabled:
[    0.000000]   00000-9FFFF write-back
[    0.000000]   A0000-BFFFF uncachable
[    0.000000]   C0000-FFFFF write-protect
[    0.000000] MTRR variable ranges enabled:
[    0.000000]   0 base 00E0000000 mask FFE0000000 uncachable
[    0.000000]   1 disabled
[    0.000000]   2 disabled
[    0.000000]   3 disabled
[    0.000000]   4 disabled
[    0.000000]   5 disabled
[    0.000000]   6 disabled
[    0.000000]   7 disabled
[    0.000000] Scan for SMP in [mem 0x00000000-0x000003ff]
[    0.000000] Scan for SMP in [mem 0x0009fc00-0x0009ffff]
[    0.000000] Scan for SMP in [mem 0x000f0000-0x000fffff]
[    0.000000] found SMP MP-table at [mem 0x000fdab0-0x000fdabf] mapped at [ffff8800000fdab0]
[    0.000000]   mpc: fdac0-fdbe4
[    0.000000] Base memory trampoline at [ffff88000008d000] 8d000 size 24576
[    0.000000] init_memory_mapping: [mem 0x00000000-0x000fffff]
[    0.000000]  [mem 0x00000000-0x000fffff] page 4k
[    0.000000] BRK [0x04f4f000, 0x04f4ffff] PGTABLE
[    0.000000] BRK [0x04f50000, 0x04f50fff] PGTABLE
[    0.000000] BRK [0x04f51000, 0x04f51fff] PGTABLE
[    0.000000] init_memory_mapping: [mem 0x0e600000-0x0e7fffff]
[    0.000000]  [mem 0x0e600000-0x0e7fffff] page 4k
[    0.000000] BRK [0x04f52000, 0x04f52fff] PGTABLE
[    0.000000] init_memory_mapping: [mem 0x0c000000-0x0e5fffff]
[    0.000000]  [mem 0x0c000000-0x0e5fffff] page 4k
[    0.000000] BRK [0x04f53000, 0x04f53fff] PGTABLE
[    0.000000] init_memory_mapping: [mem 0x00100000-0x0bffffff]
[    0.000000]  [mem 0x00100000-0x0bffffff] page 4k
[    0.000000] init_memory_mapping: [mem 0x0e800000-0x0fffdfff]
[    0.000000]  [mem 0x0e800000-0x0fffdfff] page 4k
[    0.000000] log_buf_len: 8388608
[    0.000000] early log buf free: 127628(97%)
[    0.000000] RAMDISK: [mem 0x0e8d6000-0x0ffeffff]
[    0.000000] ACPI: RSDP 00000000000fd920 00014 (v00 BOCHS )
[    0.000000] ACPI: RSDT 000000000fffe550 00038 (v01 BOCHS  BXPCRSDT 00000001 BXPC 00000001)
[    0.000000] ACPI: FACP 000000000fffff80 00074 (v01 BOCHS  BXPCFACP 00000001 BXPC 00000001)
[    0.000000] ACPI: DSDT 000000000fffe590 01121 (v01   BXPC   BXDSDT 00000001 INTL 20100528)
[    0.000000] ACPI: FACS 000000000fffff40 00040
[    0.000000] ACPI: SSDT 000000000ffffe40 000FF (v01 BOCHS  BXPCSSDT 00000001 BXPC 00000001)
[    0.000000] ACPI: APIC 000000000ffffd50 00080 (v01 BOCHS  BXPCAPIC 00000001 BXPC 00000001)
[    0.000000] ACPI: HPET 000000000ffffd10 00038 (v01 BOCHS  BXPCHPET 00000001 BXPC 00000001)
[    0.000000] ACPI: SSDT 000000000ffff6c0 00644 (v01   BXPC BXSSDTPC 00000001 INTL 20100528)
[    0.000000] ACPI: Local APIC address 0xfee00000
[    0.000000] mapped APIC to ffffffffff5fa000 (        fee00000)
[    0.000000] Zone ranges:
[    0.000000]   DMA32    [mem 0x00001000-0xffffffff]
[    0.000000]   Normal   empty
[    0.000000] Movable zone start for each node
[    0.000000] Early memory node ranges
[    0.000000]   node   0: [mem 0x00001000-0x00092fff]
[    0.000000]   node   0: [mem 0x00100000-0x0fffdfff]
[    0.000000] On node 0 totalpages: 65424
[    0.000000]   DMA32 zone: 1024 pages used for memmap
[    0.000000]   DMA32 zone: 21 pages reserved
[    0.000000]   DMA32 zone: 65424 pages, LIFO batch:15
[    0.000000] ACPI: PM-Timer IO Port: 0xb008
[    0.000000] ACPI: Local APIC address 0xfee00000
[    0.000000] mapped APIC to ffffffffff5fa000 (        fee00000)
[    0.000000] ACPI: LAPIC (acpi_id[0x00] lapic_id[0x00] enabled)
[    0.000000] ACPI: LAPIC (acpi_id[0x01] lapic_id[0x01] enabled)
[    0.000000] ACPI: LAPIC_NMI (acpi_id[0xff] dfl dfl lint[0x1])
[    0.000000] ACPI: IOAPIC (id[0x02] address[0xfec00000] gsi_base[0])
[    0.000000] IOAPIC[0]: apic_id 2, version 17, address 0xfec00000, GSI 0-23
[    0.000000] ACPI: INT_SRC_OVR (bus 0 bus_irq 0 global_irq 2 dfl dfl)
[    0.000000] Int: type 0, pol 0, trig 0, bus 00, IRQ 00, APIC ID 2, APIC INT 02
[    0.000000] ACPI: INT_SRC_OVR (bus 0 bus_irq 5 global_irq 5 high level)
[    0.000000] Int: type 0, pol 1, trig 3, bus 00, IRQ 05, APIC ID 2, APIC INT 05
[    0.000000] ACPI: INT_SRC_OVR (bus 0 bus_irq 9 global_irq 9 high level)
[    0.000000] Int: type 0, pol 1, trig 3, bus 00, IRQ 09, APIC ID 2, APIC INT 09
[    0.000000] ACPI: INT_SRC_OVR (bus 0 bus_irq 10 global_irq 10 high level)
[    0.000000] Int: type 0, pol 1, trig 3, bus 00, IRQ 0a, APIC ID 2, APIC INT 0a
[    0.000000] ACPI: INT_SRC_OVR (bus 0 bus_irq 11 global_irq 11 high level)
[    0.000000] Int: type 0, pol 1, trig 3, bus 00, IRQ 0b, APIC ID 2, APIC INT 0b
[    0.000000] ACPI: IRQ0 used by override.
[    0.000000] Int: type 0, pol 0, trig 0, bus 00, IRQ 01, APIC ID 2, APIC INT 01
[    0.000000] ACPI: IRQ2 used by override.
[    0.000000] Int: type 0, pol 0, trig 0, bus 00, IRQ 03, APIC ID 2, APIC INT 03
[    0.000000] Int: type 0, pol 0, trig 0, bus 00, IRQ 04, APIC ID 2, APIC INT 04
[    0.000000] ACPI: IRQ5 used by override.
[    0.000000] Int: type 0, pol 0, trig 0, bus 00, IRQ 06, APIC ID 2, APIC INT 06
[    0.000000] Int: type 0, pol 0, trig 0, bus 00, IRQ 07, APIC ID 2, APIC INT 07
[    0.000000] Int: type 0, pol 0, trig 0, bus 00, IRQ 08, APIC ID 2, APIC INT 08
[    0.000000] ACPI: IRQ9 used by override.
[    0.000000] ACPI: IRQ10 used by override.
[    0.000000] ACPI: IRQ11 used by override.
[    0.000000] Int: type 0, pol 0, trig 0, bus 00, IRQ 0c, APIC ID 2, APIC INT 0c
[    0.000000] Int: type 0, pol 0, trig 0, bus 00, IRQ 0d, APIC ID 2, APIC INT 0d
[    0.000000] Int: type 0, pol 0, trig 0, bus 00, IRQ 0e, APIC ID 2, APIC INT 0e
[    0.000000] Int: type 0, pol 0, trig 0, bus 00, IRQ 0f, APIC ID 2, APIC INT 0f
[    0.000000] Using ACPI (MADT) for SMP configuration information
[    0.000000] ACPI: HPET id: 0x8086a201 base: 0xfed00000
[    0.000000] smpboot: Allowing 2 CPUs, 0 hotplug CPUs
[    0.000000] mapped IOAPIC to ffffffffff5f9000 (fec00000)
[    0.000000] nr_irqs_gsi: 40
[    0.000000] e820: [mem 0x10000000-0xfeffbfff] available for PCI devices
[    0.000000] setup_percpu: NR_CPUS:4096 nr_cpumask_bits:2 nr_cpu_ids:2 nr_node_ids:1
[    0.000000] PERCPU: Embedded 472 pages/cpu @ffff88000da00000 s1909440 r0 d23872 u2097152
[    0.000000] pcpu-alloc: s1909440 r0 d23872 u2097152 alloc=1*2097152
[    0.000000] pcpu-alloc: [0] 0 [0] 1 
[    0.000000] Built 1 zonelists in Zone order, mobility grouping on.  Total pages: 64379
[    0.000000] Kernel command line: hung_task_panic=1 rcutree.rcu_cpu_stall_timeout=100 log_buf_len=8M ignore_loglevel debug sched_debug apic=debug dynamic_printk sysrq_always_enabled panic=10  prompt_ramdisk=0 console=ttyS0,115200 console=tty0 vga=normal  root=/dev/ram0 rw link=/kernel-tests/run-queue/kvm/x86_64-randconfig-a07-0612/wfg:0day/.vmlinuz-5e81a2f5e9ffa505e6ad649a9b1b1b7e03b61b96-20130612222221-9-kbuild branch=wfg/0day  BOOT_IMAGE=/kernel/x86_64-randconfig-a07-0612/5e81a2f5e9ffa505e6ad649a9b1b1b7e03b61b96/vmlinuz-3.10.0-rc4-04726-g5e81a2f
[    0.000000] PID hash table entries: 1024 (order: 1, 8192 bytes)
[    0.000000] Dentry cache hash table entries: 32768 (order: 6, 262144 bytes)
[    0.000000] Inode-cache hash table entries: 16384 (order: 5, 131072 bytes)
[    0.000000] Calgary: detecting Calgary via BIOS EBDA area
[    0.000000] Calgary: Unable to locate Rio Grande table in EBDA - bailing!
[    0.000000] Memory: 155776K/261696K available (22066K kernel code, 7695K rwdata, 12272K rodata, 2920K init, 19712K bss, 105920K reserved)
[    0.000000] SLUB: HWalign=64, Order=0-3, MinObjects=0, CPUs=2, Nodes=1
[    0.000000] Preemptible hierarchical RCU implementation.
[    0.000000] 
[    0.000000] NR_IRQS:262400 nr_irqs:512 16
[    0.000000] console [ttyS0] enabled
[    0.000000] Lock dependency validator: Copyright (c) 2006 Red Hat, Inc., Ingo Molnar
[    0.000000] ... MAX_LOCKDEP_SUBCLASSES:  8
[    0.000000] ... MAX_LOCK_DEPTH:          48
[    0.000000] ... MAX_LOCKDEP_KEYS:        8191
[    0.000000] ... CLASSHASH_SIZE:          4096
[    0.000000] ... MAX_LOCKDEP_ENTRIES:     16384
[    0.000000] ... MAX_LOCKDEP_CHAINS:      32768
[    0.000000] ... CHAINHASH_SIZE:          16384
[    0.000000]  memory used by lock dependency info: 6367 kB
[    0.000000]  per task-struct memory footprint: 2688 bytes
[    0.000000] ------------------------
[    0.000000] | Locking API testsuite:
[    0.000000] ----------------------------------------------------------------------------
[    0.000000]                                  | spin |wlock |rlock |mutex | wsem | rsem |
[    0.000000]   --------------------------------------------------------------------------
[    0.000000]                      A-A deadlock:  ok  |  ok  |  ok  |  ok  |  ok  |  ok  |
[    0.000000]                  A-B-B-A deadlock:  ok  |  ok  |  ok  |  ok  |  ok  |  ok  |
[    0.000000]              A-B-B-C-C-A deadlock:  ok  |  ok  |  ok  |  ok  |  ok  |  ok  |
[    0.000000]              A-B-C-A-B-C deadlock:  ok  |  ok  |  ok  |  ok  |  ok  |  ok  |
[    0.000000]          A-B-B-C-C-D-D-A deadlock:  ok  |  ok  |  ok  |  ok  |  ok  |  ok  |
[    0.000000]          A-B-C-D-B-D-D-A deadlock:  ok  |  ok  |  ok  |  ok  |  ok  |  ok  |
[    0.000000]          A-B-C-D-B-C-D-A deadlock:  ok  |  ok  |  ok  |  ok  |  ok  |  ok  |
[    0.000000]                     double unlock:  ok  |  ok  |  ok  |  ok  |  ok  |  ok  |
[    0.000000]                   initialize held:  ok  |  ok  |  ok  |  ok  |  ok  |  ok  |
[    0.000000]                  bad unlock order:  ok  |  ok  |  ok  |  ok  |  ok  |  ok  |
[    0.000000]   --------------------------------------------------------------------------
[    0.000000]               recursive read-lock:             |  ok  |             |  ok  |
[    0.000000]            recursive read-lock #2:             |  ok  |             |  ok  |
[    0.000000]             mixed read-write-lock:             |  ok  |             |  ok  |
[    0.000000]             mixed write-read-lock:             |  ok  |             |  ok  |
[    0.000000]   --------------------------------------------------------------------------
[    0.000000]      hard-irqs-on + irq-safe-A/12:  ok  |  ok  |  ok  |
[    0.000000]      soft-irqs-on + irq-safe-A/12:  ok  |  ok  |  ok  |
[    0.000000]      hard-irqs-on + irq-safe-A/21:  ok  |  ok  |  ok  |
[    0.000000]      soft-irqs-on + irq-safe-A/21:  ok  |  ok  |  ok  |
[    0.000000]        sirq-safe-A => hirqs-on/12:  ok  |  ok  |  ok  |
[    0.000000]        sirq-safe-A => hirqs-on/21:  ok  |  ok  |  ok  |
[    0.000000]          hard-safe-A + irqs-on/12:  ok  |  ok  |  ok  |
[    0.000000]          soft-safe-A + irqs-on/12:  ok  |  ok  |  ok  |
[    0.000000]          hard-safe-A + irqs-on/21:  ok  |  ok  |  ok  |
[    0.000000]          soft-safe-A + irqs-on/21:  ok  |  ok  |  ok  |
[    0.000000]     hard-safe-A + unsafe-B #1/123:  ok  |  ok  |  ok  |
[    0.000000]     soft-safe-A + unsafe-B #1/123:  ok  |  ok  |  ok  |
[    0.000000]     hard-safe-A + unsafe-B #1/132:  ok  |  ok  |  ok  |
[    0.000000]     soft-safe-A + unsafe-B #1/132:  ok  |  ok  |  ok  |
[    0.000000]     hard-safe-A + unsafe-B #1/213:  ok  |  ok  |  ok  |
[    0.000000]     soft-safe-A + unsafe-B #1/213:  ok  |  ok  |  ok  |
[    0.000000]     hard-safe-A + unsafe-B #1/231:  ok  |  ok  |  ok  |
[    0.000000]     soft-safe-A + unsafe-B #1/231:  ok  |  ok  |  ok  |
[    0.000000]     hard-safe-A + unsafe-B #1/312:  ok  |  ok  |  ok  |
[    0.000000]     soft-safe-A + unsafe-B #1/312:  ok  |  ok  |  ok  |
[    0.000000]     hard-safe-A + unsafe-B #1/321:  ok  |  ok  |  ok  |
[    0.000000]     soft-safe-A + unsafe-B #1/321:  ok  |  ok  |  ok  |
[    0.000000]     hard-safe-A + unsafe-B #2/123:  ok  |  ok  |  ok  |
[    0.000000]     soft-safe-A + unsafe-B #2/123:  ok  |  ok  |  ok  |
[    0.000000]     hard-safe-A + unsafe-B #2/132:  ok  |  ok  |  ok  |
[    0.000000]     soft-safe-A + unsafe-B #2/132:  ok  |  ok  |  ok  |
[    0.000000]     hard-safe-A + unsafe-B #2/213:  ok  |  ok  |  ok  |
[    0.000000]     soft-safe-A + unsafe-B #2/213:  ok  |  ok  |  ok  |
[    0.000000]     hard-safe-A + unsafe-B #2/231:  ok  |  ok  |  ok  |
[    0.000000]     soft-safe-A + unsafe-B #2/231:  ok  |  ok  |  ok  |
[    0.000000]     hard-safe-A + unsafe-B #2/312:  ok  |  ok  |  ok  |
[    0.000000]     soft-safe-A + unsafe-B #2/312:  ok  |  ok  |  ok  |
[    0.000000]     hard-safe-A + unsafe-B #2/321:  ok  |  ok  |  ok  |
[    0.000000]     soft-safe-A + unsafe-B #2/321:  ok  |  ok  |  ok  |
[    0.000000]       hard-irq lock-inversion/123:  ok  |  ok  |  ok  |
[    0.000000]       soft-irq lock-inversion/123:  ok  |  ok  |  ok  |
[    0.000000]       hard-irq lock-inversion/132:  ok  |  ok  |  ok  |
[    0.000000]       soft-irq lock-inversion/132:  ok  |  ok  |  ok  |
[    0.000000]       hard-irq lock-inversion/213:  ok  |  ok  |  ok  |
[    0.000000]       soft-irq lock-inversion/213:  ok  |  ok  |  ok  |
[    0.000000]       hard-irq lock-inversion/231:  ok  |  ok  |  ok  |
[    0.000000]       soft-irq lock-inversion/231:  ok  |  ok  |  ok  |
[    0.000000]       hard-irq lock-inversion/312:  ok  |  ok  |  ok  |
[    0.000000]       soft-irq lock-inversion/312:  ok  |  ok  |  ok  |
[    0.000000]       hard-irq lock-inversion/321:  ok  |  ok  |  ok  |
[    0.000000]       soft-irq lock-inversion/321:  ok  |  ok  |  ok  |
[    0.000000]       hard-irq read-recursion/123:  ok  |
[    0.000000]       soft-irq read-recursion/123:  ok  |
[    0.000000]       hard-irq read-recursion/132:  ok  |
[    0.000000]       soft-irq read-recursion/132:  ok  |
[    0.000000]       hard-irq read-recursion/213:  ok  |
[    0.000000]       soft-irq read-recursion/213:  ok  |
[    0.000000]       hard-irq read-recursion/231:  ok  |
[    0.000000]       soft-irq read-recursion/231:  ok  |
[    0.000000]       hard-irq read-recursion/312:  ok  |
[    0.000000]       soft-irq read-recursion/312:  ok  |
[    0.000000]       hard-irq read-recursion/321:  ok  |
[    0.000000]       soft-irq read-recursion/321:  ok  |
[    0.000000] -------------------------------------------------------
[    0.000000] Good, all 218 testcases passed! |
[    0.000000] ---------------------------------
[    0.000000] ODEBUG: 0 of 0 active objects replaced
[    0.000000] hpet clockevent registered
[    0.000000] tsc: Fast TSC calibration using PIT
[    0.000000] tsc: Detected 2693.582 MHz processor
[    0.006669] Calibrating delay loop (skipped), value calculated using timer frequency.. 5389.62 BogoMIPS (lpj=8978606)
[    0.008735] pid_max: default: 32768 minimum: 301
[    0.010141] Mount-cache hash table entries: 256
[    0.011588] Initializing cgroup subsys debug
[    0.013349] Initializing cgroup subsys devices
[    0.014267] Initializing cgroup subsys blkio
[    0.015113] Initializing cgroup subsys net_prio
[    0.016013] Initializing cgroup subsys hugetlb
[    0.016762] Last level iTLB entries: 4KB 0, 2MB 0, 4MB 0
[    0.016762] Last level dTLB entries: 4KB 0, 2MB 0, 4MB 0
[    0.016762] tlb_flushall_shift: 6
[    0.019498] debug: unmapping init [mem 0xffffffff83c04000-0xffffffff83c0efff]
[    0.020048] ACPI: Core revision 20130418
[    0.024888] ACPI: All ACPI Tables successfully acquired
[    0.026162] Getting VERSION: 50014
[    0.026680] Getting VERSION: 50014
[    0.027353] Getting ID: 0
[    0.027893] Getting ID: ff000000
[    0.028542] Getting LVT0: 8700
[    0.029139] Getting LVT1: 8400
[    0.030060] enabled ExtINT on CPU#0
[    0.031679] ENABLING IO-APIC IRQs
[    0.032341] init IO_APIC IRQs
[    0.032945]  apic 2 pin 0 not connected
[    0.033358] IOAPIC[0]: Set routing entry (2-1 -> 0x31 -> IRQ 1 Mode:0 Active:0 Dest:1)
[    0.034925] IOAPIC[0]: Set routing entry (2-2 -> 0x30 -> IRQ 0 Mode:0 Active:0 Dest:1)
[    0.036696] IOAPIC[0]: Set routing entry (2-3 -> 0x33 -> IRQ 3 Mode:0 Active:0 Dest:1)
[    0.038289] IOAPIC[0]: Set routing entry (2-4 -> 0x34 -> IRQ 4 Mode:0 Active:0 Dest:1)
[    0.040027] IOAPIC[0]: Set routing entry (2-5 -> 0x35 -> IRQ 5 Mode:1 Active:0 Dest:1)
[    0.041595] IOAPIC[0]: Set routing entry (2-6 -> 0x36 -> IRQ 6 Mode:0 Active:0 Dest:1)
[    0.043360] IOAPIC[0]: Set routing entry (2-7 -> 0x37 -> IRQ 7 Mode:0 Active:0 Dest:1)
[    0.044938] IOAPIC[0]: Set routing entry (2-8 -> 0x38 -> IRQ 8 Mode:0 Active:0 Dest:1)
[    0.046693] IOAPIC[0]: Set routing entry (2-9 -> 0x39 -> IRQ 9 Mode:1 Active:0 Dest:1)
[    0.048252] IOAPIC[0]: Set routing entry (2-10 -> 0x3a -> IRQ 10 Mode:1 Active:0 Dest:1)
[    0.050026] IOAPIC[0]: Set routing entry (2-11 -> 0x3b -> IRQ 11 Mode:1 Active:0 Dest:1)
[    0.051612] IOAPIC[0]: Set routing entry (2-12 -> 0x3c -> IRQ 12 Mode:0 Active:0 Dest:1)
[    0.053360] IOAPIC[0]: Set routing entry (2-13 -> 0x3d -> IRQ 13 Mode:0 Active:0 Dest:1)
[    0.054967] IOAPIC[0]: Set routing entry (2-14 -> 0x3e -> IRQ 14 Mode:0 Active:0 Dest:1)
[    0.056547] IOAPIC[0]: Set routing entry (2-15 -> 0x3f -> IRQ 15 Mode:0 Active:0 Dest:1)
[    0.056689]  apic 2 pin 16 not connected
[    0.057445]  apic 2 pin 17 not connected
[    0.058195]  apic 2 pin 18 not connected
[    0.060005]  apic 2 pin 19 not connected
[    0.060762]  apic 2 pin 20 not connected
[    0.061513]  apic 2 pin 21 not connected
[    0.062264]  apic 2 pin 22 not connected
[    0.063339]  apic 2 pin 23 not connected
[    0.064278] ..TIMER: vector=0x30 apic1=0 pin1=2 apic2=-1 pin2=-1
[    0.099149] smpboot: CPU0: Intel Common KVM processor (fam: 0f, model: 06, stepping: 01)
[    0.101317] Using local APIC timer interrupts.
[    0.101317] calibrating APIC timer ...
[    0.106666] ... lapic delta = 6249846
[    0.106666] ... PM-Timer delta = 357944
[    0.106666] ... PM-Timer result ok
[    0.106666] ..... delta 6249846
[    0.106666] ..... mult: 268428868
[    0.106666] ..... calibration result: 3333251
[    0.106666] ..... CPU clock speed is 2693.2405 MHz.
[    0.106666] ..... host bus clock speed is 1000.0251 MHz.
[    0.106743] Performance Events: unsupported Netburst CPU model 6 no PMU driver, software events only.
[    0.130104] NMI watchdog: disabled (cpu0): hardware events not enabled
[    0.136945] SMP alternatives: lockdep: fixing up alternatives
[    0.138354] smpboot: Booting Node   0, Processors  #1 OK
[    0.009999] masked ExtINT on CPU#1
[    0.240145] Brought up 2 CPUs
[    0.240742] ----------------
[    0.241283] | NMI testsuite:
[    0.241831] --------------------
[    0.242431]   remote IPI:  ok  |
[    0.250235]    local IPI:  ok  |
[    0.270018] --------------------
[    0.270669] Good, all   2 testcases passed! |
[    0.271477] ---------------------------------
[    0.272290] smpboot: Total of 2 processors activated (10778.30 BogoMIPS)
[    0.274834] devtmpfs: initialized
[    0.279754] xor: measuring software checksum speed
[    0.313337]    prefetch64-sse: 10989.600 MB/sec
[    0.346670]    generic_sse:  9271.200 MB/sec
[    0.347470] xor: using function: prefetch64-sse (10989.600 MB/sec)
[    0.349039] regulator-dummy: no parameters
[    0.350065] NET: Registered protocol family 16
[    0.381067] ACPI: bus type PCI registered
[    0.381901] PCI: Using configuration type 1 for base access
[    0.408506] bio: create slab <bio-0> at 0
[    0.463355] raid6: sse2x1    3616 MB/s
[    0.520019] raid6: sse2x2    4012 MB/s
[    0.576684] raid6: sse2x4    4264 MB/s
[    0.577417] raid6: using algorithm sse2x4 (4264 MB/s)
[    0.578363] raid6: using intx1 recovery algorithm
[    0.579512] ACPI: Added _OSI(Module Device)
[    0.580007] ACPI: Added _OSI(Processor Device)
[    0.580846] ACPI: Added _OSI(3.0 _SCP Extensions)
[    0.581721] ACPI: Added _OSI(Processor Aggregator Device)
[    0.585619] ACPI: EC: Look up EC in DSDT
[    0.592421] ACPI: Interpreter enabled
[    0.593150] ACPI: (supports S0 S5)
[    0.593338] ACPI: Using IOAPIC for interrupt routing
[    0.594294] PCI: Using host bridge windows from ACPI; if necessary, use "pci=nocrs" and report a bug
[    0.609440] ACPI: PCI Root Bridge [PCI0] (domain 0000 [bus 00-ff])
[    0.610223] PCI host bridge to bus 0000:00
[    0.611003] pci_bus 0000:00: root bus resource [bus 00-ff]
[    0.612021] pci_bus 0000:00: root bus resource [io  0x0000-0x0cf7]
[    0.613339] pci_bus 0000:00: root bus resource [io  0x0d00-0xffff]
[    0.614479] pci_bus 0000:00: root bus resource [mem 0x000a0000-0x000bffff]
[    0.615746] pci_bus 0000:00: root bus resource [mem 0xe0000000-0xfebfffff]
[    0.616749] pci 0000:00:00.0: [8086:1237] type 00 class 0x060000
[    0.618735] pci 0000:00:01.0: [8086:7000] type 00 class 0x060100
[    0.620767] pci 0000:00:01.1: [8086:7010] type 00 class 0x010180
[    0.624388] pci 0000:00:01.1: reg 0x20: [io  0xc1e0-0xc1ef]
[    0.626622] pci 0000:00:01.3: [8086:7113] type 00 class 0x068000
[    0.627218] pci 0000:00:01.3: quirk: [io  0xb000-0xb03f] claimed by PIIX4 ACPI
[    0.628572] pci 0000:00:01.3: quirk: [io  0xb100-0xb10f] claimed by PIIX4 SMB
[    0.630343] pci 0000:00:02.0: [1013:00b8] type 00 class 0x030000
[    0.636739] pci 0000:00:02.0: reg 0x10: [mem 0xfc000000-0xfdffffff pref]
[    0.639114] pci 0000:00:02.0: reg 0x14: [mem 0xfebe0000-0xfebe0fff]
[    0.645385] pci 0000:00:02.0: reg 0x30: [mem 0xfebc0000-0xfebcffff pref]
[    0.647526] pci 0000:00:03.0: [1af4:1000] type 00 class 0x020000
[    0.649353] pci 0000:00:03.0: reg 0x10: [io  0xc1c0-0xc1df]
[    0.650623] pci 0000:00:03.0: reg 0x14: [mem 0xfebe1000-0xfebe1fff]
[    0.655513] pci 0000:00:03.0: reg 0x30: [mem 0xfebd0000-0xfebdffff pref]
[    0.657191] pci 0000:00:04.0: [8086:100e] type 00 class 0x020000
[    0.658993] pci 0000:00:04.0: reg 0x10: [mem 0xfeb80000-0xfeb9ffff]
[    0.660636] pci 0000:00:04.0: reg 0x14: [io  0xc000-0xc03f]
[    0.665168] pci 0000:00:04.0: reg 0x30: [mem 0xfeba0000-0xfebbffff pref]
[    0.666834] pci 0000:00:05.0: [1af4:1001] type 00 class 0x010000
[    0.668708] pci 0000:00:05.0: reg 0x10: [io  0xc040-0xc07f]
[    0.670344] pci 0000:00:05.0: reg 0x14: [mem 0xfebe2000-0xfebe2fff]
[    0.675217] pci 0000:00:06.0: [1af4:1001] type 00 class 0x010000
[    0.677011] pci 0000:00:06.0: reg 0x10: [io  0xc080-0xc0bf]
[    0.678713] pci 0000:00:06.0: reg 0x14: [mem 0xfebe3000-0xfebe3fff]
[    0.684001] pci 0000:00:07.0: [1af4:1001] type 00 class 0x010000
[    0.685841] pci 0000:00:07.0: reg 0x10: [io  0xc0c0-0xc0ff]
[    0.687311] pci 0000:00:07.0: reg 0x14: [mem 0xfebe4000-0xfebe4fff]
[    0.692469] pci 0000:00:08.0: [1af4:1001] type 00 class 0x010000
[    0.694046] pci 0000:00:08.0: reg 0x10: [io  0xc100-0xc13f]
[    0.695721] pci 0000:00:08.0: reg 0x14: [mem 0xfebe5000-0xfebe5fff]
[    0.701101] pci 0000:00:09.0: [1af4:1001] type 00 class 0x010000
[    0.703827] pci 0000:00:09.0: reg 0x10: [io  0xc140-0xc17f]
[    0.705659] pci 0000:00:09.0: reg 0x14: [mem 0xfebe6000-0xfebe6fff]
[    0.710591] pci 0000:00:0a.0: [1af4:1001] type 00 class 0x010000
[    0.712430] pci 0000:00:0a.0: reg 0x10: [io  0xc180-0xc1bf]
[    0.713980] pci 0000:00:0a.0: reg 0x14: [mem 0xfebe7000-0xfebe7fff]
[    0.719187] pci 0000:00:0b.0: [8086:25ab] type 00 class 0x088000
[    0.720391] pci 0000:00:0b.0: reg 0x10: [mem 0xfebe8000-0xfebe800f]
[    0.724586] pci_bus 0000:00: on NUMA node 0
[    0.725394] acpi PNP0A03:00: ACPI _OSC support notification failed, disabling PCIe ASPM
[    0.726678] acpi PNP0A03:00: Unable to request _OSC control (_OSC support mask: 0x08)
[    0.730360] ACPI: PCI Interrupt Link [LNKA] (IRQs 5 *10 11)
[    0.732413] ACPI: PCI Interrupt Link [LNKB] (IRQs 5 *10 11)
[    0.733923] ACPI: PCI Interrupt Link [LNKC] (IRQs 5 10 *11)
[    0.735336] ACPI: PCI Interrupt Link [LNKD] (IRQs 5 10 *11)
[    0.737017] ACPI: PCI Interrupt Link [LNKS] (IRQs 9) *0
[    0.739278] ACPI: Enabled 16 GPEs in block 00 to 0F
[    0.740016] ACPI: \_SB_.PCI0: notify handler is installed
[    0.741172] Found 1 acpi root devices
[    0.743651] ACPI: No dock devices found.
[    0.745640] vgaarb: device added: PCI:0000:00:02.0,decodes=io+mem,owns=io+mem,locks=none
[    0.746680] vgaarb: loaded
[    0.747196] vgaarb: bridge control possible 0000:00:02.0
[    0.749329] SCSI subsystem initialized
[    0.750309] libata version 3.00 loaded.
[    0.751129] ACPI: bus type USB registered
[    0.751952] usbcore: registered new interface driver usbfs
[    0.753376] usbcore: registered new interface driver hub
[    0.754599] usbcore: registered new device driver usb
[    0.755849] pps_core: LinuxPPS API ver. 1 registered
[    0.756672] pps_core: Software ver. 5.3.6 - Copyright 2005-2007 Rodolfo Giometti <giometti@linux.it>
[    0.758395] PTP clock support registered
[    0.759502] EDAC MC: Ver: 3.0.0
[    0.760484] EDAC DEBUG: edac_mc_sysfs_init: device mc created
[    0.761933] wmi: Mapper loaded
[    0.762636] Advanced Linux Sound Architecture Driver Initialized.
[    0.763369] PCI: Using ACPI for IRQ routing
[    0.764194] PCI: pci_cache_line_size set to 64 bytes
[    0.765457] e820: reserve RAM buffer [mem 0x00093c00-0x0009ffff]
[    0.766682] e820: reserve RAM buffer [mem 0x0fffe000-0x0fffffff]
[    0.768553] Bluetooth: Core ver 2.16
[    0.770042] NET: Registered protocol family 31
[    0.770879] Bluetooth: HCI device and connection manager initialized
[    0.772080] Bluetooth: HCI socket layer initialized
[    0.773148] Bluetooth: L2CAP socket layer initialized
[    0.773387] Bluetooth: SCO socket layer initialized
[    0.774604] nfc: nfc_init: NFC Core ver 0.1
[    0.775825] NET: Registered protocol family 39
[    0.778082] HPET: 3 timers in total, 0 timers will be used for per-cpu timer
[    0.781579] Switching to clocksource hpet
[    0.782803] FS-Cache: Loaded
[    0.783333] CacheFiles: Loaded
[    0.783333] pnp: PnP ACPI init
[    0.783333] ACPI: bus type PNP registered
[    0.783403] IOAPIC[0]: Set routing entry (2-8 -> 0x38 -> IRQ 8 Mode:0 Active:0 Dest:3)
[    0.785033] pnp 00:00: Plug and Play ACPI device, IDs PNP0b00 (active)
[    0.786374] IOAPIC[0]: Set routing entry (2-1 -> 0x31 -> IRQ 1 Mode:0 Active:0 Dest:3)
[    0.788037] pnp 00:01: Plug and Play ACPI device, IDs PNP0303 (active)
[    0.789350] IOAPIC[0]: Set routing entry (2-12 -> 0x3c -> IRQ 12 Mode:0 Active:0 Dest:3)
[    0.791090] pnp 00:02: Plug and Play ACPI device, IDs PNP0f13 (active)
[    0.792393] IOAPIC[0]: Set routing entry (2-6 -> 0x36 -> IRQ 6 Mode:0 Active:0 Dest:3)
[    0.794010] pnp 00:03: [dma 2]
[    0.794664] pnp 00:03: Plug and Play ACPI device, IDs PNP0700 (active)
[    0.796043] IOAPIC[0]: Set routing entry (2-7 -> 0x37 -> IRQ 7 Mode:0 Active:0 Dest:3)
[    0.797715] pnp 00:04: Plug and Play ACPI device, IDs PNP0400 (active)
[    0.799067] IOAPIC[0]: Set routing entry (2-4 -> 0x34 -> IRQ 4 Mode:0 Active:0 Dest:3)
[    0.800726] pnp 00:05: Plug and Play ACPI device, IDs PNP0501 (active)
[    0.802443] pnp 00:06: Plug and Play ACPI device, IDs PNP0103 (active)
[    0.804116] pnp: PnP ACPI: found 7 devices
[    0.804886] ACPI: bus type PNP unregistered
[    0.812516] pci_bus 0000:00: resource 4 [io  0x0000-0x0cf7]
[    0.813665] pci_bus 0000:00: resource 5 [io  0x0d00-0xffff]
[    0.814699] pci_bus 0000:00: resource 6 [mem 0x000a0000-0x000bffff]
[    0.815857] pci_bus 0000:00: resource 7 [mem 0xe0000000-0xfebfffff]
[    0.817172] NET: Registered protocol family 1
[    0.818017] pci 0000:00:00.0: Limiting direct PCI/PCI transfers
[    0.819126] pci 0000:00:01.0: PIIX3: Enabling Passive Release
[    0.820316] pci 0000:00:01.0: Activating ISA DMA hang workarounds
[    0.821493] pci 0000:00:02.0: Boot video device
[    0.822467] PCI: CLS 0 bytes, default 64
[    0.823635] Trying to unpack rootfs image as initramfs...
[    1.719865] debug: unmapping init [mem 0xffff88000e8d6000-0xffff88000ffeffff]
[    1.750766] DMA-API: preallocated 65536 debug entries
[    1.751712] DMA-API: debugging enabled by kernel config
[    1.755286] camellia-x86_64: performance on this CPU would be suboptimal: disabling camellia-x86_64.
[    1.755305] cryptomgr_test (35) used greatest stack depth: 6072 bytes left
[    1.758291] blowfish-x86_64: performance on this CPU would be suboptimal: disabling blowfish-x86_64.
[    1.760472] twofish-x86_64-3way: performance on this CPU would be suboptimal: disabling twofish-x86_64-3way.
[    1.763924] cryptomgr_probe (43) used greatest stack depth: 5800 bytes left
[    1.765594] cryptomgr_test (42) used greatest stack depth: 5272 bytes left
[    1.766205] sha1_ssse3: Neither AVX nor SSSE3 is available/usable.
[    1.766206] sha256_ssse3: Neither AVX nor SSSE3 is available/usable.
[    1.766209] sha512_ssse3: Neither AVX nor SSSE3 is available/usable.
[    1.766210] AVX or AES-NI instructions are not detected.
[    1.766210] AVX instructions are not detected.
[    1.766211] AVX instructions are not detected.
[    1.766211] AVX instructions are not detected.
[    1.766212] AVX2 or AES-NI instructions are not detected.
[    1.767720] Initializing RT-Tester: OK
[    1.767725] audit: initializing netlink socket (disabled)
[    1.767785] type=2000 audit(1371046551.763:1): initialized
[    1.768374] HugeTLB registered 2 MB page size, pre-allocated 0 pages
[    1.772405] JFS: nTxBlock = 1217, nTxLock = 9736
[    1.774903] NILFS version 2 loaded
[    1.775374] bio: create slab <bio-1> at 1
[    1.783173] Running btrfs free space cache tests
[    1.784156] Running extent only tests
[    1.784886] Running bitmap only tests
[    1.785611] Running bitmap and extent tests
[    1.786427] Free space cache tests finished
[    1.787319] Btrfs loaded
[    1.789046] GFS2 installed
[    1.789580] msgmni has been set to 304
[    1.804827] alg: No test for crc32 (crc32-table)
[    1.807164] alg: No test for stdrng (krng)
[    1.808766] NET: Registered protocol family 38
[    1.809676] Key type asymmetric registered
[    1.810688] Block layer SCSI generic (bsg) driver version 0.4 loaded (major 250)
[    1.812341] io scheduler noop registered
[    1.813102] io scheduler deadline registered
[    1.814149] io scheduler cfq registered (default)
[    1.815033] test_string_helpers: Running tests...
[    1.816813] nvidiafb_setup START
[    1.817789] vmlfb: initializing
[    1.818429] Could not find Carillo Ranch MCH device.
[    1.819414] no IO addresses supplied
[    1.820421] hgafb: HGA card not detected.
[    1.821188] hgafb: probe of hgafb.0 failed with error -22
[    1.822831] cirrusfb 0000:00:02.0: Cirrus Logic chipset on PCI bus, RAM (4096 kB) at 0xfc000000
[    1.825061] usbcore: registered new interface driver udlfb
[    1.826119] usbcore: registered new interface driver smscufx
[    1.828154] uvesafb: failed to execute /sbin/v86d
[    1.829037] uvesafb: make sure that the v86d helper is installed and executable
[    1.830485] uvesafb: Getting VBE info block failed (eax=0x4f00, err=-2)
[    1.831716] uvesafb: vbe_init() failed with -22
[    1.832560] uvesafb: probe of uvesafb.0 failed with error -22
[    1.834104] ipmi message handler version 39.2
[    1.834948] IPMI System Interface driver.
[    1.835768] ipmi_si: Adding default-specified kcs state machine
[    1.836994] ipmi_si: Trying default-specified kcs state machine at i/o address 0xca2, slave address 0x0, irq 0
[    1.838828] ipmi_si: Interface detection failed
[    1.846794] ipmi_si: Adding default-specified smic state machine
[    1.847965] ipmi_si: Trying default-specified smic state machine at i/o address 0xca9, slave address 0x0, irq 0
[    1.849807] ipmi_si: Interface detection failed
[    1.863438] ipmi_si: Adding default-specified bt state machine
[    1.864571] ipmi_si: Trying default-specified bt state machine at i/o address 0xe4, slave address 0x0, irq 0
[    1.866392] ipmi_si: Interface detection failed
[    1.880211] ipmi_si: Unable to find any System Interface(s)
[    1.881309] IPMI Watchdog: driver initialized
[    1.882121] Copyright (C) 2004 MontaVista Software - IPMI Powerdown via sys_reboot.
[    1.883840] input: Power Button as /devices/LNXSYSTM:00/LNXPWRBN:00/input/input0
[    1.885231] ACPI: Power Button [PWRF]
[    1.887602] ACPI: PCI Interrupt Link [LNKC] enabled at IRQ 11
[    1.888705] IOAPIC[0]: Set routing entry (2-11 -> 0x3b -> IRQ 11 Mode:1 Active:0 Dest:3)
[    1.890398] virtio-pci 0000:00:03.0: setting latency timer to 64
[    1.892785] ACPI: PCI Interrupt Link [LNKA] enabled at IRQ 10
[    1.893945] IOAPIC[0]: Set routing entry (2-10 -> 0x3a -> IRQ 10 Mode:1 Active:0 Dest:3)
[    1.895476] virtio-pci 0000:00:05.0: setting latency timer to 64
[    1.898092] ACPI: PCI Interrupt Link [LNKB] enabled at IRQ 10
[    1.899195] virtio-pci 0000:00:06.0: setting latency timer to 64
[    1.901542] virtio-pci 0000:00:07.0: setting latency timer to 64
[    1.904084] ACPI: PCI Interrupt Link [LNKD] enabled at IRQ 11
[    1.905183] virtio-pci 0000:00:08.0: setting latency timer to 64
[    1.907513] virtio-pci 0000:00:09.0: setting latency timer to 64
[    1.909784] virtio-pci 0000:00:0a.0: setting latency timer to 64
[    1.991421] HDLC line discipline maxframe=4096
[    1.992724] N_HDLC line discipline registered.
[    1.994155] r3964: Philips r3964 Driver $Revision: 1.10 $
[    1.995716] Serial: 8250/16550 driver, 4 ports, IRQ sharing disabled

[    2.277097] MOXA Intellio family driver version 6.0k
[    2.278093] MOXA Smartio/Industio family driver version 2.0.5
[    2.279190] Initializing Nozomi driver 2.1d
[    2.280143] RocketPort device driver module, version 2.09, 12-June-2003
[    2.281404] No rocketport ports found; unloading driver
[    2.282739] Applicom driver: $Id: ac.c,v 1.30 2000/03/22 16:03:57 dwmw2 Exp $
[    2.284168] ac.o: No PCI boards found.
[    2.284846] ac.o: For an ISA board you must supply memory and irq parameters.
[    2.286188] ppdev: user-space parallel port driver
[    2.287195] telclk_interrupt = 0xf non-mcpbl0010 hw.
[    2.288162] smapi::smapi_init, ERROR invalid usSmapiID
[    2.289099] mwave: tp3780i::tp3780I_InitializeBoardData: Error: SMAPI is not available on this machine
[    2.290864] mwave: mwavedd::mwave_init: Error: Failed to initialize board data
[    2.292171] mwave: mwavedd::mwave_init: Error: Failed to initialize
[    2.293305] Hangcheck: starting hangcheck timer 0.9.1 (tick is 180 seconds, margin is 60 seconds).
[    2.295008] Hangcheck: Using getrawmonotonic().
[    2.295878] [drm:drm_core_init] *ERROR* Cannot create /proc/dri
[    2.298553] Floppy drive(s): fd0 is 1.44M
[    2.305905] brd: module loaded
[    2.309749] loop: module loaded
[    2.310519] Compaq SMART2 Driver (v 2.6.0)
[    2.311567] MM: desc_per_page = 128
[    2.313001] FDC 0 is a S82078B
[    2.314038] virtio-pci 0000:00:05.0: irq 40 for MSI/MSI-X
[    2.315441] virtio-pci 0000:00:05.0: irq 41 for MSI/MSI-X
[    2.345219]  vda: unknown partition table
[    2.347106] virtio-pci 0000:00:06.0: irq 42 for MSI/MSI-X
[    2.348438] virtio-pci 0000:00:06.0: irq 43 for MSI/MSI-X
[    2.373005]  vdb: unknown partition table
[    2.374806] virtio-pci 0000:00:07.0: irq 44 for MSI/MSI-X
[    2.376195] virtio-pci 0000:00:07.0: irq 45 for MSI/MSI-X
[    2.404786]  vdc: unknown partition table
[    2.406073] virtio-pci 0000:00:08.0: irq 46 for MSI/MSI-X
[    2.407190] virtio-pci 0000:00:08.0: irq 47 for MSI/MSI-X
[    2.437884]  vdd: unknown partition table
[    2.439261] virtio-pci 0000:00:09.0: irq 48 for MSI/MSI-X
[    2.440387] virtio-pci 0000:00:09.0: irq 49 for MSI/MSI-X
[    2.469710]  vde: unknown partition table
[    2.471110] virtio-pci 0000:00:0a.0: irq 50 for MSI/MSI-X
[    2.472165] virtio-pci 0000:00:0a.0: irq 51 for MSI/MSI-X
[    2.496885]  vdf: unknown partition table
[    2.497996] mtip32xx Version 1.2.6os3
[    2.498813] ibmasm: IBM ASM Service Processor Driver version 1.0 loaded
[    2.500310] lkdtm: No crash points registered, enable through debugfs
[    2.501533] Phantom Linux Driver, version n0.9.8, init OK
[    2.503271] usbcore: registered new interface driver viperboard
[    2.504550] usbcore: registered new interface driver pn533
[    2.505563] Uniform Multi-Platform E-IDE driver
[    2.506498] piix 0000:00:01.1: IDE controller (0x8086:0x7010 rev 0x00)
[    2.507974] piix 0000:00:01.1: not 100% native mode: will probe irqs later
[    2.509285] pci 0000:00:01.1: setting latency timer to 64
[    2.510380]     ide0: BM-DMA at 0xc1e0-0xc1e7
[    2.511249]     ide1: BM-DMA at 0xc1e8-0xc1ef
[    2.512076] Probing IDE interface ide0...
[    2.756846] tsc: Refined TSC clocksource calibration: 2693.508 MHz
[    2.758072] Switching to clocksource tsc
[    3.053548] Probing IDE interface ide1...
[    3.756813] hdc: QEMU DVD-ROM, ATAPI CD/DVD-ROM drive
[    4.397158] hdc: host max PIO4 wanted PIO255(auto-tune) selected PIO0
[    4.399997] hdc: MWDMA2 mode selected
[    4.401984] ide0 at 0x1f0-0x1f7,0x3f6 on irq 14
[    4.404021] ide1 at 0x170-0x177,0x376 on irq 15
[    4.413513] ide_generic: please use "probe_mask=0x3f" module parameter for probing all legacy ISA IDE ports
[    4.420347] ide-cd driver 5.00
[    4.424270] ide-cd: hdc: ATAPI 4X DVD-ROM drive, 512kB Cache
[    4.427968] cdrom: Uniform CD-ROM driver Revision: 3.20
[    4.435341] Loading iSCSI transport class v2.0-870.
[    4.446495] fnic: Cisco FCoE HBA Driver, ver 1.5.0.22
[    4.449031] fnic: Successfully Initialized Trace Buffer
[    4.453683] bnx2fc: Broadcom NetXtreme II FCoE Driver bnx2fc v1.0.14 (Mar 08, 2013)
[    4.465722] Adaptec aacraid driver 1.2-0[30200]-ms
[    4.468397] aic94xx: Adaptec aic94xx SAS/SATA driver version 1.0.3 loaded
[    4.471741] isci: Intel(R) C600 SAS Controller Driver - version 1.1.0
[    4.474624] scsi: <fdomain> Detection failed (no card)
[    4.480464] qla2xxx [0000:00:00.0]-0005: : QLogic Fibre Channel HBA Driver: 8.05.00.03-k.
[    4.482673] iscsi: registered transport (qla4xxx)
[    4.483888] QLogic iSCSI HBA Driver
[    4.484740] Brocade BFA FC/FCOE SCSI driver - version: 3.1.2.1
[    4.486254] csiostor: Chelsio FCoE driver 1.0.0
[    4.487779] DC390: clustering now enabled by default. If you get problems load
[    4.489518]        with "disable_clustering=1" and report to maintainers
[    4.491302] megaraid cmm: 2.20.2.7 (Release Date: Sun Jul 16 00:01:03 EST 2006)
[    4.493254] megaraid: 2.20.5.1 (Release Date: Thu Nov 16 15:32:35 EST 2006)
[    4.495030] mpt2sas version 14.100.00.00 loaded
[    4.496423] GDT-HA: Storage RAID Controller Driver. Version: 3.05
[    4.498052] 3ware Storage Controller device driver for Linux v1.26.02.003.
[    4.499744] 3ware 9000 Storage Controller device driver for Linux v2.26.02.014.
[    4.501599] LSI 3ware SAS/SATA-RAID Controller device driver for Linux v3.26.02.000.
[    4.503525] ipr: IBM Power RAID SCSI Device Driver version: 2.6.0 (November 16, 2012)
[    4.505457] stex: Promise SuperTrak EX Driver version: 4.6.0000.4
[    4.507269] iscsi: registered transport (be2iscsi)
[    4.508451] In beiscsi_module_init, tt=ffffffff83522980
[    4.510079] SCSI Media Changer driver v0.25 
[    4.511216] osd: LOADED open-osd 0.2.1
[    4.526639] scsi_debug: host protection
[    4.527658] scsi0 : scsi_debug, version 1.82 [20100324], dev_size_mb=8, opts=0x0
[    4.530636] scsi 0:0:0:0: Direct-Access     Linux    scsi_debug       0004 PQ: 0 ANSI: 5
[    4.535299] Error: Driver 'pata_platform' is already registered, aborting...
[    4.537148] sd 0:0:0:0: [sda] 16384 512-byte logical blocks: (8.38 MB/8.00 MiB)
[    4.539588] sd 0:0:0:0: Attached scsi generic sg0 type 0
[    4.540786] SSFDC read-only Flash Translation layer
[    4.541029] Generic platform RAM MTD, (c) 2004 Simtec Electronics
[    4.541133] slram: not enough parameters.
[    4.541138] Ramix PMC551 PCI Mezzanine Ram Driver. (C) 1999,2000 Nortel Networks.
[    4.541156] pmc551: not detected
[    4.541226] Spectra MTD driver built on Jun 12 2013 @ 22:04:08
[    4.548659] sd 0:0:0:0: [sda] Write Protect is off
[    4.549859] sd 0:0:0:0: [sda] Mode Sense: 73 00 10 08
[    4.556758] sd 0:0:0:0: [sda] Write cache: enabled, read cache: enabled, supports DPO and FUA
[    4.563472] No valid DiskOnChip devices found
[    4.565417] HSI/SSI char device loaded
[    4.566649] eql: Equalizer2002: Simon Janes (simon@ncm.com) and David S. Miller (davem@redhat.com)
[    4.571334] libphy: Fixed MDIO Bus: probed
[    4.573188] tun: Universal TUN/TAP device driver, 1.6
[    4.574747] tun: (C) 1999-2004 Max Krasnyansky <maxk@qualcomm.com>
[    4.580315]  sda: unknown partition table
[    4.581674] virtio-pci 0000:00:03.0: irq 52 for MSI/MSI-X
[    4.583325] virtio-pci 0000:00:03.0: irq 53 for MSI/MSI-X
[    4.584534] virtio-pci 0000:00:03.0: irq 54 for MSI/MSI-X
[    4.596783] sd 0:0:0:0: [sda] Attached SCSI disk
[    4.631956] arcnet loaded.
[    4.631962] arcnet: RFC1201 "standard" (`a') encapsulation support loaded.
[    4.631964] arcnet: RFC1051 "simple standard" (`s') encapsulation support loaded.
[    4.631965] arcnet: raw mode (`r') encapsulation support loaded.
[    4.631967] arcnet: cap mode (`c') encapsulation support loaded.
[    4.631977] arcnet: COM90xx chipset support
[    4.632346] S1: No ARCnet cards found.
[    4.632385] arcnet: COM90xx IO-mapped mode support (by David Woodhouse et el.)
[    4.632386] E-mail me if you actually test this driver, please!
[    4.632388]  arc%d: No autoprobe for IO mapped cards; you must specify the base address!
[    4.632395] arcnet: COM20020 PCI support
[    4.632530] pcnet32: pcnet32.c:v1.35 21.Apr.2008 tsbogend@alpha.franken.de
[    4.632762] cnic: Broadcom NetXtreme II CNIC Driver cnic v2.5.16 (Dec 05, 2012)
[    4.633054] Brocade 10G Ethernet driver - version: 3.2.21.1
[    4.633576] enic: Cisco VIC Ethernet NIC Driver, ver 2.1.1.39
[    4.633760] uli526x: ULi M5261/M5263 net driver, version 0.9.3 (2005-7-29)
[    4.634043] e100: Intel(R) PRO/100 Network Driver, 3.5.24-k2-NAPI
[    4.634045] e100: Copyright(c) 1999-2006 Intel Corporation
[    4.634112] igb: Intel(R) Gigabit Ethernet Network Driver - version 5.0.3-k
[    4.634114] igb: Copyright (c) 2007-2013 Intel Corporation.
[    4.634178] igbvf: Intel(R) Gigabit Virtual Function Network Driver - version 2.0.2-k
[    4.634179] igbvf: Copyright (c) 2009 - 2012 Intel Corporation.
[    4.634244] ixgbe: Intel(R) 10 Gigabit PCI Express Network Driver - version 3.13.10-k
[    4.634245] ixgbe: Copyright (c) 1999-2013 Intel Corporation.
[    4.634356] ixgb: Intel(R) PRO/10GbE Network Driver - version 1.0.135-k2-NAPI
[    4.634358] ixgb: Copyright (c) 1999-2008 Intel Corporation.
[    4.634419] jme: JMicron JMC2XX ethernet driver version 1.0.8
[    4.634877] pch_gbe: EG20T PCH Gigabit Ethernet Driver - version 1.01
[    4.634993] Solarflare NET driver v3.2
[    4.635491] PPP generic driver version 2.4.2
[    4.690552] SLIP: version 0.8.4-NET3.019-NEWTTY (dynamic channels, max=256) (6 bit encapsulation enabled).
[    4.697526] SLIP linefill/keepalive option.
[    4.699320] hdlc: HDLC support module revision 1.22
[    4.701430] x25_asy: X.25 async: version 0.00 ALPHA (dynamic channels, max=256)
[    4.704452] DLCI driver v0.35, 4 Jan 1997, mike.mclagan@linux.org.
[    4.706888] LAPB Ethernet driver version 0.02
[    4.708251] airo(): Probing for PCI adapters
[    4.709445] airo(): Finished probing for PCI adapters
[    4.711546] Loaded prism54 driver, version 1.2
[    4.713555] usbcore: registered new interface driver zd1201
[    4.715905] usbcore: registered new interface driver i2400m_usb
[    4.723648] ieee802154fakelb ieee802154fakelb: added ieee802154 hardware
[    4.726581] usbcore: registered new interface driver catc
[    4.728874] usbcore: registered new interface driver kaweth
[    4.731154] pegasus: v0.9.3 (2013/04/25), Pegasus/Pegasus II USB Ethernet driver
[    4.733554] usbcore: registered new interface driver pegasus
[    4.734886] usbcore: registered new interface driver rtl8150
[    4.737112] hso: /c/kernel-tests/src/tip/drivers/net/usb/hso.c: Option Wireless
[    4.740383] usbcore: registered new interface driver hso
[    4.742598] usbcore: registered new interface driver ax88179_178a
[    4.745185] usbcore: registered new interface driver cdc_ether
[    4.747565] usbcore: registered new interface driver cdc_eem
[    4.749904] usbcore: registered new interface driver dm9601
[    4.752341] usbcore: registered new interface driver smsc75xx
[    4.754252] usbcore: registered new interface driver smsc95xx
[    4.756565] usbcore: registered new interface driver net1080
[    4.758914] usbcore: registered new interface driver plusb
[    4.761220] usbcore: registered new interface driver rndis_host
[    4.763201] usbcore: registered new interface driver cdc_subset
[    4.764646] usbcore: registered new interface driver zaurus
[    4.766033] usbcore: registered new interface driver cdc_phonet
[    4.768331] usbcore: registered new interface driver kalmia
[    4.770555] usbcore: registered new interface driver cx82310_eth
[    4.772952] usbcore: registered new interface driver cdc_ncm
[    4.775245] usbcore: registered new interface driver qmi_wwan
[    4.777645] usbcore: registered new interface driver cdc_mbim
[    4.780539] usbcore: registered new interface driver hwa-rc
[    4.782769] usbcore: registered new interface driver i1480-dfu-usb
[    4.785219] ehci_hcd: USB 2.0 'Enhanced' Host Controller (EHCI) Driver
[    4.787730] ehci-pci: EHCI PCI platform driver
[    4.789613] uhci_hcd: USB Universal Host Controller Interface driver
[    4.792506] driver u132_hcd
[    4.794203] usbcore: registered new interface driver hwa-hc
[    4.796347] usbcore: registered new interface driver wusb-cbaf
[    4.798596] usbcore: registered new interface driver cdc_acm
[    4.800805] cdc_acm: USB Abstract Control Model driver for USB modems and ISDN adapters
[    4.804138] usbcore: registered new interface driver cdc_wdm
[    4.806255] usbcore: registered new interface driver usb-storage
[    4.808578] usbcore: registered new interface driver ums-datafab
[    4.810883] usbcore: registered new interface driver ums_eneub6250
[    4.813411] usbcore: registered new interface driver ums-freecom
[    4.815995] usbcore: registered new interface driver ums-isd200
[    4.818375] usbcore: registered new interface driver ums-jumpshot
[    4.820892] usbcore: registered new interface driver ums-karma
[    4.823182] usbcore: registered new interface driver ums-onetouch
[    4.825664] usbcore: registered new interface driver ums-realtek
[    4.828307] usbcore: registered new interface driver ums-sddr09
[    4.830686] usbcore: registered new interface driver ums-sddr55
[    4.833087] usbcore: registered new interface driver microtekX6
[    4.835681] usbcore: registered new interface driver usbserial
[    4.838145] usbcore: registered new interface driver usbserial_generic
[    4.840853] usbserial: USB Serial support registered for generic
[    4.843312] usbcore: registered new interface driver ark3116
[    4.845703] usbserial: USB Serial support registered for ark3116
[    4.848266] usbcore: registered new interface driver ch341
[    4.850612] usbserial: USB Serial support registered for ch341-uart
[    4.853154] usbcore: registered new interface driver cp210x
[    4.855459] usbserial: USB Serial support registered for cp210x
[    4.857888] usbcore: registered new interface driver cypress_m8
[    4.860315] usbserial: USB Serial support registered for DeLorme Earthmate USB
[    4.863168] usbserial: USB Serial support registered for HID->COM RS232 Adapter
[    4.866020] usbserial: USB Serial support registered for Nokia CA-42 V2 Adapter
[    4.868964] usbcore: registered new interface driver usb_debug
[    4.871353] usbserial: USB Serial support registered for debug
[    4.873734] usbcore: registered new interface driver digi_acceleport
[    4.876311] usbserial: USB Serial support registered for Digi 2 port USB adapter
[    4.879233] usbserial: USB Serial support registered for Digi 4 port USB adapter
[    4.882173] usbcore: registered new interface driver empeg
[    4.884421] usbserial: USB Serial support registered for empeg
[    4.886794] usbcore: registered new interface driver f81232
[    4.889007] usbserial: USB Serial support registered for f81232
[    4.891326] usbcore: registered new interface driver ftdi_sio
[    4.893600] usbserial: USB Serial support registered for FTDI USB Serial Device
[    4.896394] usbcore: registered new interface driver funsoft
[    4.898718] usbserial: USB Serial support registered for funsoft
[    4.901060] usbcore: registered new interface driver garmin_gps
[    4.903489] usbserial: USB Serial support registered for Garmin GPS usb/tty
[    4.906362] usbcore: registered new interface driver ir_usb
[    4.908578] usbserial: USB Serial support registered for IR Dongle
[    4.911085] usbcore: registered new interface driver iuu_phoenix
[    4.913529] usbserial: USB Serial support registered for iuu_phoenix
[    4.916135] usbcore: registered new interface driver keyspan
[    4.918502] usbserial: USB Serial support registered for Keyspan - (without firmware)
[    4.921560] usbserial: USB Serial support registered for Keyspan 1 port adapter
[    4.924486] usbserial: USB Serial support registered for Keyspan 2 port adapter
[    4.927283] usbserial: USB Serial support registered for Keyspan 4 port adapter
[    4.930290] usbcore: registered new interface driver mct_u232
[    4.932631] usbserial: USB Serial support registered for MCT U232
[    4.935148] usbcore: registered new interface driver mos7840
[    4.937362] usbserial: USB Serial support registered for Moschip 7840/7820 USB Serial Driver
[    4.940802] usbcore: registered new interface driver navman
[    4.943017] usbserial: USB Serial support registered for navman
[    4.945457] usbcore: registered new interface driver omninet
[    4.947760] usbserial: USB Serial support registered for ZyXEL - omni.net lcd plus usb
[    4.950745] usbcore: registered new interface driver opticon
[    4.952986] usbserial: USB Serial support registered for opticon
[    4.955466] usbcore: registered new interface driver oti6858
[    4.957783] usbserial: USB Serial support registered for oti6858
[    4.960183] usbcore: registered new interface driver pl2303
[    4.962442] usbserial: USB Serial support registered for pl2303
[    4.964816] usbcore: registered new interface driver qcaux
[    4.967114] usbserial: USB Serial support registered for qcaux
[    4.969467] usbcore: registered new interface driver quatech2
[    4.971771] usbserial: USB Serial support registered for Quatech 2nd gen USB to Serial Driver
[    4.975081] usbcore: registered new interface driver safe_serial
[    4.977514] usbserial: USB Serial support registered for safe_serial
[    4.980138] usbcore: registered new interface driver sierra
[    4.982434] usbserial: USB Serial support registered for Sierra USB modem
[    4.985250] usbcore: registered new interface driver spcp8x5
[    4.987600] usbserial: USB Serial support registered for SPCP8x5
[    4.990061] usbcore: registered new interface driver ssu100
[    4.992311] usbserial: USB Serial support registered for Quatech SSU-100 USB to Serial Driver
[    4.995806] usbcore: registered new interface driver symbolserial
[    4.998336] usbserial: USB Serial support registered for symbol
[    5.000698] usbcore: registered new interface driver visor
[    5.002699] usbserial: USB Serial support registered for Handspring Visor / Palm OS
[    5.005532] usbserial: USB Serial support registered for Sony Clie 5.0
[    5.008229] usbserial: USB Serial support registered for Sony Clie 3.5
[    5.010894] usbcore: registered new interface driver wishbone_serial
[    5.013208] usbserial: USB Serial support registered for wishbone_serial
[    5.016014] usbcore: registered new interface driver whiteheat
[    5.018322] usbserial: USB Serial support registered for Connect Tech - WhiteHEAT - (prerenumeration)
[    5.021972] usbserial: USB Serial support registered for Connect Tech - WhiteHEAT
[    5.024893] usbcore: registered new interface driver vivopay_serial
[    5.027521] usbserial: USB Serial support registered for vivopay-serial
[    5.030224] usbcore: registered new interface driver xsens_mt
[    5.032448] usbserial: USB Serial support registered for xsens_mt
[    5.034880] usbcore: registered new interface driver zio
[    5.037065] usbserial: USB Serial support registered for zio
[    5.039271] usbcore: registered new interface driver adutux
[    5.041579] usbcore: registered new interface driver appledisplay
[    5.043808] usbcore: registered new interface driver cypress_cy7c63
[    5.046125] usbcore: registered new interface driver cytherm
[    5.048416] usbcore: registered new interface driver emi62 - firmware loader
[    5.051207] driver ftdi-elan
[    5.053257] usbcore: registered new interface driver ftdi-elan
[    5.054651] usbcore: registered new interface driver idmouse
[    5.056073] usbcore: registered new interface driver iowarrior
[    5.058481] usbcore: registered new interface driver isight_firmware
[    5.061038] usbcore: registered new interface driver usblcd
[    5.063177] usbcore: registered new interface driver usbled
[    5.065388] usbcore: registered new interface driver trancevibrator
[    5.067971] usbcore: registered new interface driver uss720
[    5.070215] uss720: v0.6:USB Parport Cable driver for Cables using the Lucent Technologies USS720 Chip
[    5.073906] uss720: NOTE: this is a special purpose driver to allow nonstandard
[    5.076890] uss720: protocols (eg. bitbang) over USS720 usb to parallel cables
[    5.079790] uss720: If you just want to connect to a printer, use usblp instead
[    5.083014] usbcore: registered new interface driver yurex
[    5.085201] usbcore: registered new interface driver sisusb
[    5.088729] dummy_hcd dummy_hcd.0: USB Host+Gadget Emulator, driver 02 May 2005
[    5.091702] dummy_hcd dummy_hcd.0: Dummy host controller
[    5.094080] dummy_hcd dummy_hcd.0: new USB bus registered, assigned bus number 1
[    5.097666] usb usb1: New USB device found, idVendor=1d6b, idProduct=0002
[    5.100351] usb usb1: New USB device strings: Mfr=3, Product=2, SerialNumber=1
[    5.103028] usb usb1: Product: Dummy host controller
[    5.104999] usb usb1: Manufacturer: Linux 3.10.0-rc4-04726-g5e81a2f dummy_hcd
[    5.107841] usb usb1: SerialNumber: dummy_hcd.0
[    5.112742] hub 1-0:1.0: USB hub found
[    5.113882] hub 1-0:1.0: 1 port detected
[    5.116521] g_ether gadget: using random self ethernet address
[    5.117990] g_ether gadget: using random host ethernet address
[    5.119785] usb0: MAC c6:75:cf:d6:f5:99
[    5.120826] usb0: HOST MAC b2:38:d8:c8:b4:54
[    5.121967] g_ether gadget: Ethernet Gadget, version: Memorial Day 2008
[    5.123652] g_ether gadget: g_ether ready
[    5.124878] i8042: PNP: PS/2 Controller [PNP0303:KBD,PNP0f13:MOU] at 0x60,0x64 irq 1,12
[    5.128748] serio: i8042 KBD port at 0x60,0x64 irq 1
[    5.131416] serio: i8042 AUX port at 0x60,0x64 irq 12
[    5.133670] parkbd: no such parport
[    5.136175] mousedev: PS/2 mouse device common for all mice
[    5.138906] evbug: Connected device: input0 (Power Button at LNXPWRBN/button/input0)
[    5.143286] input: AT Translated Set 2 keyboard as /devices/platform/i8042/serio0/input/input1
[    5.147107] evbug: Connected device: input1 (AT Translated Set 2 keyboard at isa0060/serio0/input0)
[    5.151713] usbcore: registered new interface driver usb_acecad
[    5.154123] usbcore: registered new interface driver aiptek
[    5.156461] usbcore: registered new interface driver gtco
[    5.158727] usbcore: registered new interface driver kbtab
[    5.161352] usbcore: registered new interface driver usbtouchscreen
[    5.164493] apanel: Fujitsu BIOS signature 'FJKEYINF' not found...
[    5.167102] usbcore: registered new interface driver ati_remote2
[    5.169540] usbcore: registered new interface driver ims_pcu
[    5.172353] input: PC Speaker as /devices/platform/pcspkr/input/input2
[    5.175371] evbug: Connected device: input2 (PC Speaker at isa0061/input0)
[    5.178200] usbcore: registered new interface driver powermate
[    5.180887] I2O subsystem v1.325
[    5.182228] i2o: max drivers = 8
[    5.186301] I2O Bus Adapter OSM v1.317
[    5.187905] I2O SCSI Peripheral OSM v1.316
[    5.189677] i2c /dev entries driver
[    5.191978] piix4_smbus 0000:00:01.3: SMBus Host Controller at 0xb100, revision 0
[    5.274435] i2c-parport-light: adapter type unspecified
[    5.276532] usbcore: registered new interface driver i2c-tiny-usb
[    5.279166] smssdio: Siano SMS1xxx SDIO driver
[    5.280864] smssdio: Copyright Pierre Ossman
[    5.282539] pps_parport: parallel port PPS client
[    5.284623] Driver for 1-wire Dallas network protocol.
[    5.287435] power_supply test_ac: uevent
[    5.288882] power_supply test_ac: POWER_SUPPLY_NAME=test_ac
[    5.290987] power_supply test_ac: prop ONLINE=1
[    5.292814] power_supply test_ac: power_supply_changed
[    5.294902] power_supply test_ac: power_supply_changed_work
[    5.297137] power_supply test_ac: power_supply_update_gen_leds 1
[    5.299428] power_supply test_ac: uevent
[    5.300275] power_supply test_battery: uevent
[    5.300279] power_supply test_battery: POWER_SUPPLY_NAME=test_battery
[    5.300294] power_supply test_battery: prop STATUS=Discharging
[    5.300299] power_supply test_battery: prop CHARGE_TYPE=Fast
[    5.300302] power_supply test_battery: prop HEALTH=Good
[    5.300306] power_supply test_battery: prop PRESENT=1
[    5.300310] power_supply test_battery: prop TECHNOLOGY=Li-ion
[    5.300314] power_supply test_battery: prop CHARGE_FULL_DESIGN=100
[    5.300319] power_supply test_battery: prop CHARGE_FULL=100
[    5.300323] power_supply test_battery: prop CHARGE_NOW=50
[    5.300326] power_supply test_battery: prop CAPACITY=50
[    5.300329] power_supply test_battery: prop CAPACITY_LEVEL=Normal
[    5.300339] power_supply test_battery: prop TIME_TO_EMPTY_AVG=3600
[    5.300343] power_supply test_battery: prop TIME_TO_FULL_NOW=3600
[    5.300347] power_supply test_battery: prop MODEL_NAME=Test battery
[    5.300350] power_supply test_battery: prop MANUFACTURER=Linux
[    5.300354] power_supply test_battery: prop SERIAL_NUMBER=3.10.0-rc4-04726-g5e81a2f
[    5.300358] power_supply test_battery: prop TEMP=26
[    5.300361] power_supply test_battery: prop VOLTAGE_NOW=3300
[    5.300830] power_supply test_battery: power_supply_changed
[    5.300856] power_supply test_battery: power_supply_changed_work
[    5.300865] power_supply test_battery: power_supply_update_bat_leds 2
[    5.300876] power_supply test_battery: uevent
[    5.300878] power_supply test_battery: POWER_SUPPLY_NAME=test_battery
[    5.300906] power_supply test_battery: prop STATUS=Discharging
[    5.300911] power_supply test_battery: prop CHARGE_TYPE=Fast
[    5.300914] power_supply test_battery: prop HEALTH=Good
[    5.300918] power_supply test_battery: prop PRESENT=1
[    5.300921] power_supply test_battery: prop TECHNOLOGY=Li-ion
[    5.300925] power_supply test_battery: prop CHARGE_FULL_DESIGN=100
[    5.300929] power_supply test_battery: prop CHARGE_FULL=100
[    5.300933] power_supply test_battery: prop CHARGE_NOW=50
[    5.300953] power_supply test_battery: prop CAPACITY=50
[    5.300957] power_supply test_battery: prop CAPACITY_LEVEL=Normal
[    5.300961] power_supply test_battery: prop TIME_TO_EMPTY_AVG=3600
[    5.300964] power_supply test_battery: prop TIME_TO_FULL_NOW=3600
[    5.300969] power_supply test_battery: prop MODEL_NAME=Test battery
[    5.300972] power_supply test_battery: prop MANUFACTURER=Linux
[    5.300976] power_supply test_battery: prop SERIAL_NUMBER=3.10.0-rc4-04726-g5e81a2f
[    5.300979] power_supply test_battery: prop TEMP=26
[    5.300982] power_supply test_battery: prop VOLTAGE_NOW=3300
[    5.301080] power_supply test_usb: uevent
[    5.301082] power_supply test_usb: POWER_SUPPLY_NAME=test_usb
[    5.301098] power_supply test_usb: prop ONLINE=1
[    5.301116] power_supply test_usb: power_supply_changed
[    5.301155] power_supply test_usb: power_supply_changed_work
[    5.301163] power_supply test_usb: power_supply_update_gen_leds 1
[    5.301169] power_supply test_usb: uevent
[    5.301172] power_supply test_usb: POWER_SUPPLY_NAME=test_usb
[    5.301179] power_supply test_usb: prop ONLINE=1
[    5.406929] power_supply test_ac: POWER_SUPPLY_NAME=test_ac
[    5.409102] power_supply test_ac: prop ONLINE=1
[    5.516797] usb 1-1: new high-speed USB device number 2 using dummy_hcd
[    5.533465] w83793: Detection failed at check vendor id
[    5.553562] w83793: Detection failed at check vendor id
[    5.573499] w83793: Detection failed at check vendor id
[    5.593443] w83793: Detection failed at check vendor id
[    5.606803] i2c i2c-0: w83795: Detection failed at addr 0x2c, check bank
[    5.620142] i2c i2c-0: w83795: Detection failed at addr 0x2d, check bank
[    5.636797] i2c i2c-0: w83795: Detection failed at addr 0x2e, check bank
[    5.650136] i2c i2c-0: w83795: Detection failed at addr 0x2f, check bank
[    5.663490] i2c i2c-0: Detection of w83781d chip failed at step 3
[    5.670118] usb 1-1: Dual-Role OTG device on HNP port
[    5.673431] usb 1-1: New USB device found, idVendor=0525, idProduct=a4a1
[    5.675632] usb 1-1: New USB device strings: Mfr=1, Product=2, SerialNumber=0
[    5.678024] usb 1-1: Product: Ethernet Gadget
[    5.679412] usb 1-1: Manufacturer: Linux 3.10.0-rc4-04726-g5e81a2f with dummy_udc
[    5.680180] i2c i2c-0: Detection of w83781d chip failed at step 3
[    5.686749] g_ether gadget: high-speed config #1: CDC Ethernet (ECM)
[    5.696862] i2c i2c-0: Detection of w83781d chip failed at step 3
[    5.700742] cdc_ether 1-1:1.0 usb1: register 'cdc_ether' at usb-dummy_hcd.0-1, CDC Ethernet Device, b2:38:d8:c8:b4:54
[    5.713506] i2c i2c-0: Detection of w83781d chip failed at step 3
[    5.726849] i2c i2c-0: Detection of w83781d chip failed at step 3
[    5.740194] i2c i2c-0: Detection of w83781d chip failed at step 3
[    5.753535] i2c i2c-0: Detection of w83781d chip failed at step 3
[    5.766871] i2c i2c-0: Detection of w83781d chip failed at step 3
[    5.850232] detect failed, chip not detected!
[    5.876873] detect failed, chip not detected!
[    5.903556] detect failed, chip not detected!
[    5.936811] detect failed, chip not detected!
[    5.963466] detect failed, chip not detected!
[    5.990150] detect failed, chip not detected!
[    6.016839] detect failed, chip not detected!
[    6.043489] detect failed, chip not detected!
[    6.070158] detect failed, chip not detected!
[    6.083481] i2c i2c-0: ADM1025 detection failed at 0x2c
[    6.096822] i2c i2c-0: ADM1025 detection failed at 0x2d
[    6.110122] i2c i2c-0: ADM1025 detection failed at 0x2e
[    6.133483] i2c i2c-0: Detecting device at 0,0x2c with COMPANY: 0xff and VERSTEP: 0xff
[    6.135835] i2c i2c-0: Autodetecting device at 0,0x2c...
[    6.137615] i2c i2c-0: Autodetection failed
[    6.163507] i2c i2c-0: Detecting device at 0,0x2d with COMPANY: 0xff and VERSTEP: 0xff
[    6.168637] i2c i2c-0: Autodetecting device at 0,0x2d...
[    6.170431] i2c i2c-0: Autodetection failed
[    6.190180] i2c i2c-0: Detecting device at 0,0x2e with COMPANY: 0xff and VERSTEP: 0xff
[    6.192222] i2c i2c-0: Autodetecting device at 0,0x2e...
[    6.193581] i2c i2c-0: Autodetection failed
[    6.653533] applesmc: supported laptop not found!
[    6.655084] applesmc: driver init failed (ret=-19)!
[    6.953683] f71882fg: Not a Fintek device
[    6.955199] f71882fg: Not a Fintek device
[   12.180162] i2c i2c-0: LM83 detection failed at 0x18
[   12.193485] i2c i2c-0: LM83 detection failed at 0x19
[   12.210161] i2c i2c-0: LM83 detection failed at 0x1a
[   12.223476] i2c i2c-0: LM83 detection failed at 0x29
[   12.236818] i2c i2c-0: LM83 detection failed at 0x2a
[   12.250150] i2c i2c-0: LM83 detection failed at 0x2b
[   12.263488] i2c i2c-0: LM83 detection failed at 0x4c
[   12.276828] i2c i2c-0: LM83 detection failed at 0x4d
[   12.290162] i2c i2c-0: LM83 detection failed at 0x4e
[   12.310151] i2c i2c-0: Detecting device at 0x2c with COMPANY: 0xff and VERSTEP: 0xff
[   12.312832] i2c i2c-0: Autodetection failed: unsupported version
[   12.333525] i2c i2c-0: Detecting device at 0x2d with COMPANY: 0xff and VERSTEP: 0xff
[   12.335190] i2c i2c-0: Autodetection failed: unsupported version
[   12.356858] i2c i2c-0: Detecting device at 0x2e with COMPANY: 0xff and VERSTEP: 0xff
[   12.359335] i2c i2c-0: Autodetection failed: unsupported version
[   12.434809] i2c i2c-0: Unsupported chip at 0x18 (man_id=0xFF, chip_id=0xFF)
[   12.476826] i2c i2c-0: Unsupported chip at 0x19 (man_id=0xFF, chip_id=0xFF)
[   12.510171] i2c i2c-0: Unsupported chip at 0x1a (man_id=0xFF, chip_id=0xFF)
[   12.544155] i2c i2c-0: Unsupported chip at 0x29 (man_id=0xFF, chip_id=0xFF)
[   12.576834] i2c i2c-0: Unsupported chip at 0x2a (man_id=0xFF, chip_id=0xFF)
[   12.610157] i2c i2c-0: Unsupported chip at 0x2b (man_id=0xFF, chip_id=0xFF)
[   12.644111] i2c i2c-0: Unsupported chip at 0x48 (man_id=0xFF, chip_id=0xFF)
[   12.680196] i2c i2c-0: Unsupported chip at 0x49 (man_id=0xFF, chip_id=0xFF)
[   12.713563] i2c i2c-0: Unsupported chip at 0x4a (man_id=0xFF, chip_id=0xFF)
[   12.750225] i2c i2c-0: Unsupported chip at 0x4b (man_id=0xFF, chip_id=0xFF)
[   12.783557] i2c i2c-0: Unsupported chip at 0x4c (man_id=0xFF, chip_id=0xFF)
[   12.816876] i2c i2c-0: Unsupported chip at 0x4d (man_id=0xFF, chip_id=0xFF)
[   12.850193] i2c i2c-0: Unsupported chip at 0x4e (man_id=0xFF, chip_id=0xFF)
[   12.893533] i2c i2c-0: Unsupported chip at 0x4f (man_id=0xFF, chip_id=0xFF)
[   13.093530] i2c i2c-0: detect failed, bad manufacturer id 0xff!
[   13.106879] i2c i2c-0: detect failed, bad manufacturer id 0xff!
[   13.120192] i2c i2c-0: detect failed, bad manufacturer id 0xff!
[   13.296829] i2c i2c-0: MAX1619 detection failed at 0x18
[   13.323524] i2c i2c-0: MAX1619 detection failed at 0x19
[   13.350226] i2c i2c-0: MAX1619 detection failed at 0x1a
[   13.376961] i2c i2c-0: MAX1619 detection failed at 0x29
[   13.403534] i2c i2c-0: MAX1619 detection failed at 0x2a
[   13.430231] i2c i2c-0: MAX1619 detection failed at 0x2b
[   13.456905] i2c i2c-0: MAX1619 detection failed at 0x4c
[   13.483559] i2c i2c-0: MAX1619 detection failed at 0x4d
[   13.510238] i2c i2c-0: MAX1619 detection failed at 0x4e
[   13.813711] pc87360: PC8736x not detected, module not inserted
[   13.833521] i2c i2c-0: SMSC47M192 detection failed at 0x2c
[   13.854117] i2c i2c-0: SMSC47M192 detection failed at 0x2d
[   13.866873] i2c i2c-0: amc6821_detect called.
[   13.886847] i2c i2c-0: amc6821: detection failed at 0x18.
[   13.893554] i2c i2c-0: amc6821_detect called.
[   13.907200] i2c i2c-0: amc6821: detection failed at 0x19.
[   13.913490] i2c i2c-0: amc6821_detect called.
[   13.926842] i2c i2c-0: amc6821: detection failed at 0x1a.
[   13.933490] i2c i2c-0: amc6821_detect called.
[   13.950210] i2c i2c-0: amc6821: detection failed at 0x2c.
[   13.963541] i2c i2c-0: amc6821_detect called.
[   13.976860] i2c i2c-0: amc6821: detection failed at 0x2d.
[   13.983540] i2c i2c-0: amc6821_detect called.
[   13.996870] i2c i2c-0: amc6821: detection failed at 0x2e.
[   14.003513] i2c i2c-0: amc6821_detect called.
[   14.016862] i2c i2c-0: amc6821: detection failed at 0x4c.
[   14.023688] i2c i2c-0: amc6821_detect called.
[   14.036839] i2c i2c-0: amc6821: detection failed at 0x4d.
[   14.043513] i2c i2c-0: amc6821_detect called.
[   14.056867] i2c i2c-0: amc6821: detection failed at 0x4e.
[   14.113558] i2c i2c-0: w83l785ts: Read 0xff from register 0x40.
[   14.115512] i2c i2c-0: W83L785TS-S detection failed at 0x2e
[   14.130208] i2c i2c-0: W83L786NG detection failed at 0x2e
[   14.143579] i2c i2c-0: W83L786NG detection failed at 0x2f
[   14.145745] intel_powerclamp: Intel powerclamp does not run on family 15 model 6
[   14.148916] usbcore: registered new interface driver pcwd_usb
[   14.151210] advantechwdt: WDT driver for Advantech single board computer initialising
[   14.154964] advantechwdt: initialized. timeout=60 sec (nowayout=0)
[   14.157464] alim7101_wdt: Steve Hill <steve@navaho.co.uk>
[   14.159478] alim7101_wdt: ALi M7101 PMU not present - WDT not set
[   14.162093] sc520_wdt: cannot register miscdev on minor=130 (err=-16)
[   14.164596] ib700wdt: WDT driver for IB700 single board computer initialising
[   14.169495] ib700wdt: START method I/O 443 is not available
[   14.175743] ib700wdt: probe of ib700wdt failed with error -5
[   14.179299] wafer5823wdt: WDT driver for Wafer 5823 single board computer initialising
[   14.186288] wafer5823wdt: I/O address 0x0443 already in use
[   14.188518] i6300esb: Intel 6300ESB WatchDog Timer Driver v0.05
[   14.191215] i6300esb: cannot register miscdev on minor=130 (err=-16)
[   14.193695] i6300ESB timer: probe of 0000:00:0b.0 failed with error -16
[   14.196502] it87_wdt: no device
[   14.197875] pc87413_wdt: Version 1.1 at io 0x2E
[   14.199623] pc87413_wdt: cannot register miscdev on minor=130 (err=-16)
[   14.202169] sbc8360: failed to register misc device
[   14.204030] cpu5wdt: misc_register failed
[   14.205482] smsc37b787_wdt: SMsC 37B787 watchdog component driver 1.1 initialising...
[   14.209735] smsc37b787_wdt: Unable to register miscdev on minor 130
[   14.212141] w83627hf_wdt: WDT driver for the Winbond(TM) W83627HF/THF/HG/DHG Super I/O chip initialising
[   14.215795] w83627hf_wdt: Watchdog already running. Resetting timeout to 60 sec
[   14.218502] w83627hf_wdt: cannot register miscdev on minor=130 (err=-16)
[   14.221039] w83697hf_wdt: WDT driver for W83697HF/HG initializing
[   14.223395] w83697hf_wdt: watchdog not found at address 0x2e
[   14.225461] w83697hf_wdt: No W83697HF/HG could be found
[   14.227516] w83697ug_wdt: WDT driver for the Winbond(TM) W83697UG/UF Super I/O chip initialising
[   14.230558] w83697ug_wdt: No W83697UG/UF could be found
[   14.232511] w83877f_wdt: I/O address 0x0443 already in use
[   14.234580] machzwd: MachZ ZF-Logic Watchdog driver initializing
[   14.236815] machzwd: no ZF-Logic found
[   14.237696] sbc_epx_c3: cannot register miscdev on minor=130 (err=-16)
[   14.239685] watchdog: Software Watchdog: cannot register miscdev on minor=130 (err=-16).
[   14.242604] watchdog: Software Watchdog: a legacy watchdog module is probably present.
[   14.249260] softdog: Software Watchdog Timer: 0.08 initialized. soft_noboot=0 soft_margin=60 sec soft_panic=0 (nowayout=0)
[   14.252055] md: linear personality registered for level -1
[   14.253489] md: raid0 personality registered for level 0
[   14.254800] md: raid10 personality registered for level 10
[   14.256244] md: raid6 personality registered for level 6
[   14.257659] md: raid5 personality registered for level 5
[   14.258993] md: raid4 personality registered for level 4
[   14.260358] md: faulty personality registered for level -5
[   14.269593] Bluetooth: Virtual HCI driver ver 1.3
[   14.275692] usbcore: registered new interface driver bcm203x
[   14.277597] usbcore: registered new interface driver bfusb
[   14.278918] usbcore: registered new interface driver btusb
[   14.280031] Bluetooth: Generic Bluetooth SDIO driver ver 0.1
[   14.281806] usbcore: registered new interface driver ath3k
[   14.283888] EDAC DEBUG: i82975x_init: i82975x pci_get_device fail
[   14.286060] EDAC DEBUG: i3000_init: i3000 pci_get_device fail
[   14.288222] EDAC DEBUG: i3200_init: i3200 pci_get_device fail
[   14.290344] EDAC DEBUG: x38_init: x38 pci_get_device fail
[   14.292199] cpuidle: using governor ladder
[   14.293611] cpuidle: using governor menu
[   14.295057] sdhci: Secure Digital Host Controller Interface driver
[   14.297101] sdhci: Copyright(c) Pierre Ossman
[   14.298767] wbsd: Winbond W83L51xD SD/MMC card interface driver
[   14.300824] wbsd: Copyright(c) Pierre Ossman
[   14.302520] usbcore: registered new interface driver ushc
[   14.304462] sdhci-pltfm: SDHCI platform and OF driver helper
[   17.710197]  (null): enodev DEV ADDR = 0xFF
[   17.711858] ledtrig-cpu: registered to indicate activity on CPUs
[   17.722482] ib_qib: Unable to register ipathfs
[   17.731342] dcdbas dcdbas: Dell Systems Management Base Driver (version 5.6.0-3.2)
[   17.737928] usbcore: registered new interface driver usbkbd
[   17.740250] usbcore: registered new interface driver usbmouse
[   17.742657] msi_laptop: Brightness ignored, must be controlled by ACPI video driver
[   17.746353] compal_laptop: Motherboard not recognized (You could try the module's force-parameter)
[   17.749820] dell_wmi: No known WMI GUID found
[   17.751485] dell_wmi_aio: No known WMI GUID found
[   17.753279] acer_wmi: Acer Laptop ACPI-WMI Extras
[   17.755051] acer_wmi: No or unsupported WMI interface, unable to load
[   17.758121] hdaps: supported laptop not found!
[   17.759707] hdaps: driver init failed (ret=-19)!
[   17.762592] FUJ02B1: call_fext_func: FUNC interface is not present
[   17.764840] fujitsu_laptop: driver 0.6.0 successfully loaded
[   17.767141] msi_wmi: This machine doesn't have neither MSI-hotkeys nor backlight through WMI
[   17.770149] intel_oaktrail: Platform not recognized (You could try the module's force-parameter)Audio Excel DSP 16 init driver Copyright (C) Riccardo Facchetti 1995-98
[   17.783155] aedsp16: I/O, IRQ and DMA are mandatory
[   17.785226] pss: mss_io, mss_dma, mss_irq and pss_io must be set.
[   17.787614] ad1848/cs4248 codec driver Copyright (C) by Hannu Savolainen 1993-1996
[   17.790526] ad1848: No ISAPnP cards found, trying standard ones...
[   17.792889] Pro Audio Spectrum driver Copyright (C) by Hannu Savolainen 1993-1996
[   17.795835] I/O, IRQ, DMA and type are mandatory
[   17.797761] sb: Init: Starting Probe...
[   17.799177] sb: Init: Done
[   17.800307] uart6850: irq and io must be set.
[   17.801956] YM3812 and OPL-3 driver Copyright (C) by Hannu Savolainen, Rob Hooft 1993-1996
[   17.805219] MIDI Loopback device driver
[   17.813806] ASIHPI driver 4.10.01
[   17.818072] usbcore: registered new interface driver snd-usb-usx2y
[   17.820654] usbcore: registered new interface driver snd-usb-caiaq
[   17.823035] usbcore: registered new interface driver snd-usb-6fire
[   17.834237] NET: Registered protocol family 26
[   17.836278] NET: Registered protocol family 15
[   17.838353] NET: Registered protocol family 4
[   17.840234] NET: Registered protocol family 9
[   17.841805] X.25 for Linux Version 0.2
[   17.844028] Bluetooth: RFCOMM TTY layer initialized
[   17.846128] Bluetooth: RFCOMM socket layer initialized
[   17.848371] Bluetooth: RFCOMM ver 1.11
[   17.849899] Bluetooth: BNEP (Ethernet Emulation) ver 1.3
[   17.851263] Bluetooth: BNEP filters: protocol multicast
[   17.852951] Bluetooth: BNEP socket layer initialized
[   17.855337] 8021q: 802.1Q VLAN Support v1.8
[   17.857226] NET: Registered protocol family 36
[   17.859245] Key type dns_resolver registered
[   17.861025] openvswitch: Open vSwitch switching datapath
[   17.863491] mpls_gso: MPLS GSO support
[   17.866808] 
[   17.866808] printing PIC contents
[   17.868674] ... PIC  IMR: ffff
[   17.869909] ... PIC  IRR: 9053
[   17.871207] ... PIC  ISR: 0000
[   17.872461] ... PIC ELCR: 0c00
[   17.873724] printing local APIC contents on CPU#0/0:
[   17.875701] ... APIC ID:      00000000 (0)
[   17.877019] ... APIC VERSION: 00050014
[   17.877019] ... APIC TASKPRI: 00000000 (00)
[   17.877019] ... APIC PROCPRI: 00000000
[   17.877019] ... APIC LDR: 01000000
[   17.877019] ... APIC DFR: ffffffff
[   17.877019] ... APIC SPIV: 000001ff
[   17.877019] ... APIC ISR field:
[   17.877019] 0000000000000000000000000000000000000000000000000000000000000000
[   17.877019] ... APIC TMR field:
[   17.877019] 0000000000000000000000000000000000000000000000000000000000000000
[   17.877019] ... APIC IRR field:
[   17.877019] 0000000000000000000000000000000000000000000000000000000000008000
[   17.877019] ... APIC ESR: 00000000
[   17.877019] ... APIC ICR: 000008fd
[   17.877019] ... APIC ICR2: 02000000
[   17.877019] ... APIC LVTT: 000000ef
[   17.877019] ... APIC LVTPC: 00010000
[   17.877019] ... APIC LVT0: 00010700
[   17.877019] ... APIC LVT1: 00000400
[   17.877019] ... APIC LVTERR: 000000fe
[   17.877019] ... APIC TMICT: 0002d60f
[   17.877019] ... APIC TMCCT: 00000000
[   17.877019] ... APIC TDCR: 00000003
[   17.877019] 
[   17.915717] number of MP IRQ sources: 15.
[   17.917382] number of IO-APIC #2 registers: 24.
[   17.919144] testing the IO APIC.......................
[   17.921247] IO APIC #2......
[   17.922434] .... register #00: 00000000
[   17.923959] .......    : physical APIC id: 00
[   17.925665] .......    : Delivery Type: 0
[   17.927343] .......    : LTS          : 0
[   17.928988] .... register #01: 00170011
[   17.930517] .......     : max redirection entries: 17
[   17.932541] .......     : PRQ implemented: 0
[   17.934332] .......     : IO APIC version: 11
[   17.936115] .... register #02: 00000000
[   17.937661] .......     : arbitration: 00
[   17.939298] .... IRQ redirection table:
[   17.940910] 1    0    0   0   0    0    0    00
[   17.942711] 0    0    0   0   0    1    1    31
[   17.944577] 0    0    0   0   0    1    1    30
[   17.946442] 1    0    0   0   0    1    1    33
[   17.948326] 1    0    0   0   0    1    1    34
[   17.950170] 1    1    0   0   0    1    1    35
[   17.951978] 0    0    0   0   0    1    1    36
[   17.953793] 1    0    0   0   0    1    1    37
[   17.955600] 1    0    0   0   0    1    1    38
[   17.957536] 0    1    0   0   0    1    1    39
[   17.959363] 1    1    0   0   0    1    1    3A
[   17.961242] 1    1    0   0   0    1    1    3B
[   17.963088] 0    0    0   0   0    1    1    3C
[   17.964894] 1    0    0   0   0    1    1    3D
[   17.966794] 0    0    0   0   0    1    1    3E
[   17.968644] 0    0    0   0   0    1    1    3F
[   17.970520] 1    0    0   0   0    0    0    00
[   17.972325] 1    0    0   0   0    0    0    00
[   17.974191] 1    0    0   0   0    0    0    00
[   17.975881] 1    0    0   0   0    0    0    00
[   17.977621] 1    0    0   0   0    0    0    00
[   17.979475] 1    0    0   0   0    0    0    00
[   17.981340] 1    0    0   0   0    0    0    00
[   17.983086] 1    0    0   0   0    0    0    00
[   17.984884] IRQ to pin mappings:
[   17.986238] IRQ0 -> 0:2
[   17.987363] IRQ1 -> 0:1
[   17.988441] IRQ3 -> 0:3
[   17.989543] IRQ4 -> 0:4
[   17.990690] IRQ5 -> 0:5
[   17.991745] IRQ6 -> 0:6
[   17.993013] IRQ7 -> 0:7
[   17.994077] IRQ8 -> 0:8
[   17.995166] IRQ9 -> 0:9
[   17.996334] IRQ10 -> 0:10
[   17.997559] IRQ11 -> 0:11
[   17.998695] IRQ12 -> 0:12
[   17.999820] IRQ13 -> 0:13
[   18.001035] IRQ14 -> 0:14
[   18.002177] IRQ15 -> 0:15
[   18.003244] .................................... done.
[   18.007306] registered taskstats version 1
[   18.012479] Key type encrypted registered
[   18.018683] console [netcon0] enabled
[   18.020179] netconsole: network logging started
[   18.021975] BIOS EDD facility v0.16 2004-Jun-25, 6 devices found
[   18.025096] ALSA device list:
[   18.026285]   No soundcards found.
[   18.032464] debug: unmapping init [mem 0xffffffff8392a000-0xffffffff83c03fff]
/bin/sh: /proc/self/fd/9: No such file or directory
[   18.128490] umount (171) used greatest stack depth: 5240 bytes left
/bin/sh: /proc/self/fd/9: No such file or directory
/bin/sh: /proc/self/fd/9: No such file or directory
[   31.754063] CPA self-test:
[   31.757222]  4k 65534 large 0 gb 0 x 1[ffff88000008e000-ffff88000008e000] miss 0
[   31.802236]  4k 65534 large 0 gb 0 x 1[ffff88000008e000-ffff88000008e000] miss 0
[   31.833908]  4k 65534 large 0 gb 0 x 1[ffff88000008e000-ffff88000008e000] miss 0
[   31.836430] ok.
[   55.703515] warning: process `trinity-child1' used the deprecated sysctl system call with 
[   61.739446] trinity-child1 (184) used greatest stack depth: 5200 bytes left
[   73.930887] trinity-child0 invoked oom-killer: gfp_mask=0x280da, order=0, oom_score_adj=0
[   73.933944] CPU: 0 PID: 196 Comm: trinity-child0 Not tainted 3.10.0-rc4-04726-g5e81a2f #17
[   73.936869]  ffff880000aa1b30 ffff88000d8e1a98 ffffffff82563b91 ffff88000d8e1fd8
[   73.939571]  ffff880000aa1430 ffff88000d8e1b38 ffffffff8255f61b ffff88000d8e1ac8
[   73.942445]  ffffffff810ea9cb 0000000000000206 ffffffff832750c0 ffff88000d8e1ad8
[   73.945422] Call Trace:
[   73.946408]  [<ffffffff82563b91>] dump_stack+0x95/0x102
[   73.948341]  [<ffffffff8255f61b>] dump_header.isra.12+0x85/0x2ef
[   73.950495]  [<ffffffff810ea9cb>] ? trace_hardirqs_on_caller+0x210/0x2ce
[   73.952903]  [<ffffffff810eaaa4>] ? trace_hardirqs_on+0x1b/0x24
[   73.955188]  [<ffffffff82586af1>] ? _raw_spin_unlock_irqrestore+0x8c/0xc6
[   73.957709]  [<ffffffff8143cdf8>] ? ___ratelimit+0x158/0x18c
[   73.959739]  [<ffffffff8112f2de>] oom_kill_process+0xa8/0x4f1
[   73.961928]  [<ffffffff810e76e3>] ? put_lock_stats.isra.20+0x1c/0x53
[   73.964371]  [<ffffffff810e782d>] ? lock_release_holdtime+0x113/0x11f
[   73.966765]  [<ffffffff8112fd64>] out_of_memory+0x38e/0x3c5
[   73.968775]  [<ffffffff81134514>] __alloc_pages_nodemask+0x82b/0x994
[   73.970906]  [<ffffffff8114ed71>] handle_pte_fault+0x1f7/0x9ee
[   73.973165]  [<ffffffff810311a7>] ? __do_page_fault+0x61f/0x6a7
[   73.975229]  [<ffffffff8114f8c9>] handle_mm_fault+0x1b6/0x1cc
[   73.977128]  [<ffffffff81031200>] __do_page_fault+0x678/0x6a7
[   73.979095]  [<ffffffff810ce445>] ? sched_clock_local+0x15/0xb9
[   73.981291]  [<ffffffff810ce6ad>] ? sched_clock_cpu+0x13f/0x15f
[   73.983446]  [<ffffffff81157a53>] ? SyS_brk+0x187/0x213
[   73.985153]  [<ffffffff810e7521>] ? get_lock_stats+0x35/0x6b
[   73.987207]  [<ffffffff810e76e3>] ? put_lock_stats.isra.20+0x1c/0x53
[   73.989301]  [<ffffffff810e782d>] ? lock_release_holdtime+0x113/0x11f
[   73.991611]  [<ffffffff81031295>] do_page_fault+0x39/0x60
[   73.993615]  [<ffffffff825881af>] page_fault+0x1f/0x30
[   73.995477] Mem-Info:
[   73.996381] DMA32 per-cpu:
[   73.997394] CPU    0: hi:   42, btch:   7 usd:  44
[   73.999108] CPU    1: hi:   42, btch:   7 usd:  47
[   74.000789] active_anon:2428 inactive_anon:0 isolated_anon:0
[   74.000789]  active_file:0 inactive_file:2 isolated_file:0
[   74.000789]  unevictable:22609 dirty:0 writeback:0 unstable:0
[   74.000789]  free:381 slab_reclaimable:4214 slab_unreclaimable:5852
[   74.000789]  mapped:529 shmem:2 pagetables:112 bounce:0
[   74.000789]  free_cma:0
[   74.011495] DMA32 free:1524kB min:1576kB low:1968kB high:2364kB active_anon:9712kB inactive_anon:0kB active_file:0kB inactive_file:8kB unevictable:90436kB isolated(anon):0kB isolated(file):0kB present:261696kB managed:155776kB mlocked:8kB dirty:0kB writeback:0kB mapped:2116kB shmem:8kB slab_reclaimable:16856kB slab_unreclaimable:23408kB kernel_stack:824kB pagetables:448kB unstable:0kB bounce:0kB free_cma:0kB writeback_tmp:0kB pages_scanned:53 all_unreclaimable? yes
[   74.025944] lowmem_reserve[]: 0 0 0
[   74.027343] DMA32: 0*4kB 0*8kB 0*16kB 1*32kB (R) 1*64kB (R) 1*128kB (R) 1*256kB (R) 0*512kB 1*1024kB (R) 0*2048kB 0*4096kB = 1504kB
[   74.032051] Node 0 hugepages_total=0 hugepages_free=0 hugepages_surp=0 hugepages_size=2048kB
[   74.035074] 22617 total pagecache pages
[   74.036412] 0 pages in swap cache
[   74.037672] Swap cache stats: add 0, delete 0, find 0/0
[   74.039445] Free swap  = 0kB
[   74.040415] Total swap = 0kB
[   74.043789] 65533 pages RAM
[   74.044810] 26589 pages reserved
[   74.045933] 4803 pages shared
[   74.047048] 36732 pages non-shared
[   74.048225] [ pid ]   uid  tgid total_vm      rss nr_ptes swapents oom_score_adj name
[   74.050864] [  158]     0   158     4464      366      14        0             0 rc.local
[   74.053722] [  163]     0   163     1073      151       8        0             0 run-parts
[   74.056484] [  164]     0   164     4464      360      13        0             0 99-trinity
[   74.059231] [  174] 65534   174     4643     1271      14        0             0 trinity
[   74.061987] [  175]     0   175     1075      131       8        0             0 sleep
[   74.064736] [  178] 65534   178     4643     1169      14        0             0 trinity-watchdo
[   74.067841] [  195] 65534   195     4643     1234      14        0             0 trinity-child1
[   74.070628] [  196] 65534   196     5602     2198      16        0             0 trinity-child0
[   74.073684] Out of memory: Kill process 196 (trinity-child0) score 56 or sacrifice child
[   74.076465] Killed process 196 (trinity-child0) total-vm:22408kB, anon-rss:8260kB, file-rss:532kB
[   74.085512] trinity-child0 (196) used greatest stack depth: 4920 bytes left
 * Asking all remaining processes to terminate...       
killall5[221]: mount returned non-zero exit status
killall5[221]: /proc not mounted, failed to mount.

mount: proc has wrong device number or fs type proc not supported
killall5[229]: mount returned non-zero exit status
killall5[229]: /proc not mounted, failed to mount.
 * All processes ended within 1 seconds....       
/etc/rc6.d/S40umountfs: line 20: /proc/mounts: No such file or directory
cat: /proc/1/maps: No such file or directory
cat: /proc/1/maps: No such file or directory
cat: /proc/1/maps: No such file or directory
cat: /proc/1/maps: No such file or directory
cat: /proc/1/maps: No such file or directory
cat: /proc/1/maps: No such file or directory
umount: /var/run: not mounted
[   83.899529] BUG: Bad page state in process rm  pfn:0b0ce
[   83.902401] page:ffff88000d646380 count:0 mapcount:0 mapping:          (null) index:0x0
[   83.905130] page flags: 0x20000000004c(referenced|uptodate|active)
[   83.907576] CPU: 0 PID: 279 Comm: rm Not tainted 3.10.0-rc4-04726-g5e81a2f #17
[   83.909891]  ffff88000d646380 ffff880007d65bb8 ffffffff82563b91 0000000000000007
[   83.912509]  ffff88000d646380 ffff880007d65bd8 ffffffff81133510 000020000000004c
[   83.915197]  ffff88000d646380 ffff880007d65c28 ffffffff811347c3 ffff8800009d0000
[   83.917867] Call Trace:
[   83.918674]  [<ffffffff82563b91>] dump_stack+0x95/0x102
[   83.920405]  [<ffffffff81133510>] bad_page+0x130/0x158
[   83.922041]  [<ffffffff811347c3>] free_pages_prepare+0x8b/0x1e3
[   83.923856]  [<ffffffff81135549>] free_hot_cold_page+0x28/0x1cf
[   83.925661]  [<ffffffff82586ad0>] ? _raw_spin_unlock_irqrestore+0x6b/0xc6
[   83.927812]  [<ffffffff81135c92>] free_hot_cold_page_list+0x30/0x5a
[   83.929670]  [<ffffffff8113a625>] release_pages+0x251/0x267
[   83.931468]  [<ffffffff8112a945>] ? delete_from_page_cache+0x48/0x9e
[   83.933549]  [<ffffffff8113aecb>] __pagevec_release+0x2b/0x3d
[   83.935380]  [<ffffffff8113b592>] truncate_inode_pages_range+0x1b0/0x7ce
[   83.937582]  [<ffffffff810e76e3>] ? put_lock_stats.isra.20+0x1c/0x53
[   83.939564]  [<ffffffff810e782d>] ? lock_release_holdtime+0x113/0x11f
[   83.941762]  [<ffffffff8113bbc4>] truncate_inode_pages+0x14/0x1d
[   83.943793]  [<ffffffff8119b7ab>] evict+0x11f/0x233
[   83.945296]  [<ffffffff8119c946>] iput+0x1a5/0x217
[   83.946837]  [<ffffffff8118f559>] do_unlinkat+0x19b/0x25a
[   83.948456]  [<ffffffff810ea9cb>] ? trace_hardirqs_on_caller+0x210/0x2ce
[   83.950504]  [<ffffffff8144492e>] ? trace_hardirqs_on_thunk+0x3a/0x3f
[   83.952476]  [<ffffffff8118f651>] SyS_unlinkat+0x39/0x4c
[   83.954178]  [<ffffffff82588756>] system_call_fastpath+0x1a/0x1f
[   83.956018] Disabling lock debugging due to kernel taint
umount: /var/lock: not mounted
umount: /dev/shm: not mounted
mount: / is busy
 * Will now restart
[   84.017709] sd 0:0:0:0: [sda] Synchronizing SCSI cache
[   84.023646] Restarting system.
[   84.024629] reboot: machine restart
Elapsed time: 90

--Nq2Wo0NMKNjxTN9z
Content-Type: text/plain; charset=us-ascii
Content-Disposition: attachment; filename="bisect-5e81a2f5e9ffa505e6ad649a9b1b1b7e03b61b96-x86_64-randconfig-a07-0612-BUG:-Bad-page-state-in-process-37783.log"

git checkout 1f6587114a689a5d7fdfb0d4abc818117e3182a5
Previous HEAD position was 5e81a2f... INFO: suspicious RCU usage.
HEAD is now at 1f65871... ipc: move rcu lock out of ipc_addid
ls -a /kernel-tests/run-queue/kvm/x86_64-randconfig-a07-0612/wfg:0day:1f6587114a689a5d7fdfb0d4abc818117e3182a5:bisect-net
 TEST FAILURE
/kernel/x86_64-randconfig-a07-0612/1f6587114a689a5d7fdfb0d4abc818117e3182a5/dmesg-kvm-athens-59899-20130613090214-3.10.0-rc4-04725-g1f65871-18
/kernel/x86_64-randconfig-a07-0612/1f6587114a689a5d7fdfb0d4abc818117e3182a5/dmesg-kvm-lkp-nex04-18432-20130612211951-3.10.0-rc4-04725-g1f65871-18
/kernel/x86_64-randconfig-a07-0612/1f6587114a689a5d7fdfb0d4abc818117e3182a5/dmesg-kvm-lkp-nex04-22437-20130612214601-3.10.0-rc4-04725-g1f65871-18
/kernel/x86_64-randconfig-a07-0612/1f6587114a689a5d7fdfb0d4abc818117e3182a5/dmesg-kvm-lkp-nex04-22585-20130612211941-3.10.0-rc4-04725-g1f65871-18
/kernel/x86_64-randconfig-a07-0612/1f6587114a689a5d7fdfb0d4abc818117e3182a5/dmesg-kvm-lkp-nex04-30057-20130612211915-3.10.0-rc4-04725-g1f65871-18
/kernel/x86_64-randconfig-a07-0612/1f6587114a689a5d7fdfb0d4abc818117e3182a5/dmesg-kvm-lkp-nex04-30395-20130612211931-3.10.0-rc4-04725-g1f65871-18
/kernel/x86_64-randconfig-a07-0612/1f6587114a689a5d7fdfb0d4abc818117e3182a5/dmesg-kvm-lkp-nex04-35568-20130612211942-3.10.0-rc4-04725-g1f65871-18
/kernel/x86_64-randconfig-a07-0612/1f6587114a689a5d7fdfb0d4abc818117e3182a5/dmesg-kvm-lkp-nex04-37816-20130612211929-3.10.0-rc4-04725-g1f65871-18
/kernel/x86_64-randconfig-a07-0612/1f6587114a689a5d7fdfb0d4abc818117e3182a5/dmesg-kvm-lkp-nex04-49336-20130612214604-3.10.0-rc4-04725-g1f65871-18
/kernel/x86_64-randconfig-a07-0612/1f6587114a689a5d7fdfb0d4abc818117e3182a5/dmesg-kvm-lkp-nex04-60125-20130612214644-3.10.0-rc4-04725-g1f65871-18
/kernel/x86_64-randconfig-a07-0612/1f6587114a689a5d7fdfb0d4abc818117e3182a5/dmesg-kvm-roam-19964-20130612225228-3.10.0-rc4-04725-g1f65871-18
/kernel/x86_64-randconfig-a07-0612/1f6587114a689a5d7fdfb0d4abc818117e3182a5/dmesg-kvm-roam-22615-20130612225234-3.10.0-rc4-04725-g1f65871-18
/kernel/x86_64-randconfig-a07-0612/1f6587114a689a5d7fdfb0d4abc818117e3182a5/dmesg-kvm-roam-35397-20130612225409-3.10.0-rc4-04725-g1f65871-18
/kernel/x86_64-randconfig-a07-0612/1f6587114a689a5d7fdfb0d4abc818117e3182a5/dmesg-kvm-roam-38538-20130612225349-3.10.0-rc4-04725-g1f65871-18
/kernel/x86_64-randconfig-a07-0612/1f6587114a689a5d7fdfb0d4abc818117e3182a5/dmesg-kvm-vp-26388-20130612222847-3.10.0-rc4-04725-g1f65871-18
/kernel/x86_64-randconfig-a07-0612/1f6587114a689a5d7fdfb0d4abc818117e3182a5/dmesg-kvm-vp-29181-20130612222847-3.10.0-rc4-04725-g1f65871-18
/kernel/x86_64-randconfig-a07-0612/1f6587114a689a5d7fdfb0d4abc818117e3182a5/dmesg-kvm-xbm-25729-20130612225520-3.10.0-rc4-04725-g1f65871-18

bisect: bad commit 1f6587114a689a5d7fdfb0d4abc818117e3182a5
git checkout v3.9
