Return-Path: <owner-linux-mm@kvack.org>
Received: from mail-pa0-f45.google.com (mail-pa0-f45.google.com [209.85.220.45])
	by kanga.kvack.org (Postfix) with ESMTP id 775D86B00B8
	for <linux-mm@kvack.org>; Wed,  5 Mar 2014 08:38:33 -0500 (EST)
Received: by mail-pa0-f45.google.com with SMTP id kl14so1101554pab.32
        for <linux-mm@kvack.org>; Wed, 05 Mar 2014 05:38:33 -0800 (PST)
Received: from mga14.intel.com (mga14.intel.com. [143.182.124.37])
        by mx.google.com with ESMTP id ub8si2440278pac.213.2014.03.05.05.38.30
        for <linux-mm@kvack.org>;
        Wed, 05 Mar 2014 05:38:32 -0800 (PST)
Date: Wed, 5 Mar 2014 21:38:21 +0800
From: Fengguang Wu <fengguang.wu@intel.com>
Subject: [gbefb] WARNING: CPU: 1 PID: 1 at lib/dma-debug.c:1041 check_unmap()
Message-ID: <20140305133821.GA11657@localhost>
MIME-Version: 1.0
Content-Type: multipart/mixed; boundary="3V7upXqbjpZ4EhLz"
Content-Disposition: inline
Sender: owner-linux-mm@kvack.org
List-ID: <linux-mm.kvack.org>
To: Laura Abbott <lauraa@codeaurora.org>
Cc: linux-mm@kvack.org, linux-kernel@vger.kernel.org, Russell King <rmk@dyn-67.arm.linux.org.uk>


--3V7upXqbjpZ4EhLz
Content-Type: text/plain; charset=us-ascii
Content-Disposition: inline

Greetings,

I got the below dmesg and the first bad commit is

commit c060f943d0929f3e429c5d9522290584f6281d6e
Author:     Laura Abbott <lauraa@codeaurora.org>
AuthorDate: Fri Jan 11 14:31:51 2013 -0800
Commit:     Linus Torvalds <torvalds@linux-foundation.org>
CommitDate: Fri Jan 11 14:54:55 2013 -0800

    mm: use aligned zone start for pfn_to_bitidx calculation
    

[    7.951495] gbefb: couldn't allocate framebuffer memory
[    7.952974] ------------[ cut here ]------------
[    7.952974] ------------[ cut here ]------------
[    7.954307] WARNING: CPU: 1 PID: 1 at lib/dma-debug.c:1041 check_unmap+0x126/0x702()

git bisect start v3.8 v3.7 --
git bisect good 8d91a42e54eebc43f4d8f6064751ccba73528275  # 12:16     30+     10  Merge tag 'omap-late-cleanups' of git://git.kernel.org/pub/scm/linux/kernel/git/arm/arm-soc
git bisect  bad 910ffdb18a6408e14febbb6e4b6840fd2c928c82  # 12:21      0-     11  ptrace: introduce signal_wake_up_state() and ptrace_signal_wake_up()
git bisect good bfbbd96c51b441b7a9a08762aa9ab832f6655b2c  # 12:29     30+     12  audit: fix auditfilter.c kernel-doc warnings
git bisect  bad a6d3bd274b85218bf7dda925d14db81e1a8268b3  # 12:35      0-     22  Merge tag 'arm64-fixes' of git://git.kernel.org/pub/scm/linux/kernel/git/cmarinas/linux-aarch64
git bisect  bad 3441f0d26d02ec8073ea9ac7d1a4da8a9818ad59  # 12:41      0-      2  Merge tag 'driver-core-3.8-rc3' of git://git.kernel.org/pub/scm/linux/kernel/git/gregkh/driver-core
git bisect  bad c727b4c63c9bf33c65351bbcc738161edb444b24  # 12:45      0-      4  Merge branch 'akpm' (incoming fixes from Andrew)
git bisect good 47ecfcb7d01418fcbfbc75183ba5e28e98b667b2  # 12:54     30+     12  mm: compaction: Partially revert capture of suitable high-order page
git bisect good 52b820d917c7c8c1b2ddec2f0ac165b67267feec  # 12:58     30+      9  Merge branch 'drm-fixes' of git://people.freedesktop.org/~airlied/linux
git bisect good 93ccb3910ae3dbff6d224aecd22d8eece3d70ce9  # 13:01     30+     16  Merge tag 'nfs-for-3.8-3' of git://git.linux-nfs.org/projects/trondmy/linux-nfs
git bisect  bad 1b963c81b14509e330e0fe3218b645ece2738dc5  # 13:08      0-      5  lockdep, rwsem: provide down_write_nest_lock()
git bisect good c0232ae861df679092c15960b6cd9f589d9b7177  # 13:23     30+      9  mm: memblock: fix wrong memmove size in memblock_merge_regions()
git bisect  bad c060f943d0929f3e429c5d9522290584f6281d6e  # 13:26      0-     10  mm: use aligned zone start for pfn_to_bitidx calculation
git bisect good 6d92d4f6a74766cc885b18218268e0c47fbca399  # 13:31     30+      8  fs/exec.c: work around icc miscompilation
# first bad commit: [c060f943d0929f3e429c5d9522290584f6281d6e] mm: use aligned zone start for pfn_to_bitidx calculation
git bisect good 6d92d4f6a74766cc885b18218268e0c47fbca399  # 13:36     90+     52  fs/exec.c: work around icc miscompilation
git bisect  bad 0964c4d936f53872725d96bb04d490a70aa1165a  # 13:37      0-     17  0day head guard for 'devel-hourly-2014022108'
git bisect  bad dbf1b162bc9a01d93fa2d2ab3e8e064528575516  # 13:41     76-     14  Revert "mm: use aligned zone start for pfn_to_bitidx calculation"
git bisect  bad d158fc7f36a25e19791d25a55da5623399a2644f  # 13:45      2-      7  Merge tag 'pci-v3.14-fixes-1' of git://git.kernel.org/pub/scm/linux/kernel/git/helgaas/pci
git bisect  bad 12f1d94f0c8b256c04cb9b6b5dd989c32e44f11b  # 13:46      0-      8  Add linux-next specific files for 20140220

Thanks,
Fengguang

--3V7upXqbjpZ4EhLz
Content-Type: text/plain; charset=us-ascii
Content-Disposition: attachment; filename="dmesg-quantal-stoakley-5:20140221091816:i386-randconfig-st0-02210812:3.14.0-rc3-wl-01929-g0964c4d:4"
Content-Transfer-Encoding: quoted-printable

early console in setup code
early console in decompress_kernel

Decompressing Linux... Parsing ELF... done.
Booting the kernel.
[    0.000000] Initializing cgroup subsys cpuset
[    0.000000] Initializing cgroup subsys cpu
[    0.000000] Linux version 3.14.0-rc3-wl-01929-g0964c4d (kbuild@stoakley)=
 (gcc version 4.8.1 (Debian 4.8.1-8) ) #4 SMP Fri Feb 21 09:14:47 CST 2014
[    0.000000] e820: BIOS-provided physical RAM map:
[    0.000000] BIOS-e820: [mem 0x0000000000000000-0x000000000009fbff] usable
[    0.000000] BIOS-e820: [mem 0x000000000009fc00-0x000000000009ffff] reser=
ved
[    0.000000] BIOS-e820: [mem 0x00000000000f0000-0x00000000000fffff] reser=
ved
[    0.000000] BIOS-e820: [mem 0x0000000000100000-0x0000000013ffdfff] usable
[    0.000000] BIOS-e820: [mem 0x0000000013ffe000-0x0000000013ffffff] reser=
ved
[    0.000000] BIOS-e820: [mem 0x00000000feffc000-0x00000000feffffff] reser=
ved
[    0.000000] BIOS-e820: [mem 0x00000000fffc0000-0x00000000ffffffff] reser=
ved
[    0.000000] bootconsole [earlyser0] enabled
[    0.000000] NX (Execute Disable) protection: active
[    0.000000] Hypervisor detected: KVM
[    0.000000] e820: update [mem 0x00000000-0x00000fff] usable =3D=3D> rese=
rved
[    0.000000] e820: remove [mem 0x000a0000-0x000fffff] usable
[    0.000000] e820: last_pfn =3D 0x13ffe max_arch_pfn =3D 0x1000000
[    0.000000] Scan for SMP in [mem 0x00000000-0x000003ff]
[    0.000000] Scan for SMP in [mem 0x0009fc00-0x0009ffff]
[    0.000000] Scan for SMP in [mem 0x000f0000-0x000fffff]
[    0.000000] found SMP MP-table at [mem 0x000fdac0-0x000fdacf] mapped at =
[c00fdac0]
[    0.000000]   mpc: fdad0-fdbec
[    0.000000] initial memory mapped: [mem 0x00000000-0x025fffff]
[    0.000000] Base memory trampoline at [c009b000] 9b000 size 16384
[    0.000000] init_memory_mapping: [mem 0x00000000-0x000fffff]
[    0.000000]  [mem 0x00000000-0x000fffff] page 4k
[    0.000000] init_memory_mapping: [mem 0x12400000-0x125fffff]
[    0.000000]  [mem 0x12400000-0x125fffff] page 4k
[    0.000000] BRK [0x0206b000, 0x0206bfff] PGTABLE
[    0.000000] init_memory_mapping: [mem 0x10000000-0x123fffff]
[    0.000000]  [mem 0x10000000-0x123fffff] page 4k
[    0.000000] BRK [0x0206c000, 0x0206cfff] PGTABLE
[    0.000000] BRK [0x0206d000, 0x0206dfff] PGTABLE
[    0.000000] BRK [0x0206e000, 0x0206efff] PGTABLE
[    0.000000] BRK [0x0206f000, 0x0206ffff] PGTABLE
[    0.000000] BRK [0x02070000, 0x02070fff] PGTABLE
[    0.000000] init_memory_mapping: [mem 0x00100000-0x0fffffff]
[    0.000000]  [mem 0x00100000-0x0fffffff] page 4k
[    0.000000] init_memory_mapping: [mem 0x12600000-0x13ffdfff]
[    0.000000]  [mem 0x12600000-0x13ffdfff] page 4k
[    0.000000] RAMDISK: [mem 0x127ab000-0x13feffff]
[    0.000000] ACPI: RSDP 0x000FD930 000014 (v00 BOCHS )
[    0.000000] ACPI: RSDT 0x13FFE450 000034 (v01 BOCHS  BXPCRSDT 00000001 B=
XPC 00000001)
[    0.000000] ACPI: FACP 0x13FFFF80 000074 (v01 BOCHS  BXPCFACP 00000001 B=
XPC 00000001)
[    0.000000] ACPI: DSDT 0x13FFE490 0011A9 (v01 BXPC   BXDSDT   00000001 I=
NTL 20100528)
[    0.000000] ACPI: FACS 0x13FFFF40 000040
[    0.000000] ACPI: SSDT 0x13FFF7A0 000796 (v01 BOCHS  BXPCSSDT 00000001 B=
XPC 00000001)
[    0.000000] ACPI: APIC 0x13FFF680 000080 (v01 BOCHS  BXPCAPIC 00000001 B=
XPC 00000001)
[    0.000000] ACPI: HPET 0x13FFF640 000038 (v01 BOCHS  BXPCHPET 00000001 B=
XPC 00000001)
[    0.000000] ACPI: Local APIC address 0xfee00000
[    0.000000] mapped APIC to         ffffb000 (        fee00000)
[    0.000000] No NUMA configuration found
[    0.000000] Faking a node at [mem 0x0000000000000000-0x0000000013ffdfff]
[    0.000000] Initmem setup node 0 [mem 0x00000000-0x13ffdfff]
[    0.000000]   NODE_DATA [mem 0x13ffc000-0x13ffdfff]
[    0.000000] 0MB HIGHMEM available.
[    0.000000] 319MB LOWMEM available.
[    0.000000] max_low_pfn =3D 13ffe, highstart_pfn =3D 13ffe
[    0.000000] Low memory ends at vaddr d3ffe000
[    0.000000] High memory starts at vaddr d3ffe000
[    0.000000]   mapped low ram: 0 - 13ffe000
[    0.000000]   low ram: 0 - 13ffe000
[    0.000000] kvm-clock: Using msrs 4b564d01 and 4b564d00
[    0.000000] kvm-clock: cpu 0, msr 0:13ffb001, boot clock
[    0.000000] Node: 0, start_pfn: 1, end_pfn: 9f
[    0.000000]   Setting physnode_map array to node 0 for pfns:
[    0.000000]   0=20
[    0.000000] Node: 0, start_pfn: 100, end_pfn: 13ffe
[    0.000000]   Setting physnode_map array to node 0 for pfns:
[    0.000000]   0 4000 8000 c000 10000=20
[    0.000000] Zone ranges:
[    0.000000]   DMA      [mem 0x00001000-0x00ffffff]
[    0.000000]   Normal   [mem 0x01000000-0x13ffdfff]
[    0.000000]   HighMem  empty
[    0.000000] Movable zone start for each node
[    0.000000] Early memory node ranges
[    0.000000]   node   0: [mem 0x00001000-0x0009efff]
[    0.000000]   node   0: [mem 0x00100000-0x13ffdfff]
[    0.000000] On node 0 totalpages: 81820
[    0.000000] free_area_init_node: node 0, pgdat d3ffc000, node_mem_map d2=
259028
[    0.000000]   DMA zone: 40 pages used for memmap
[    0.000000]   DMA zone: 0 pages reserved
[    0.000000]   DMA zone: 3998 pages, LIFO batch:0
[    0.000000]   Normal zone: 760 pages used for memmap
[    0.000000]   Normal zone: 77822 pages, LIFO batch:15
[    0.000000] Using APIC driver default
[    0.000000] ACPI: PM-Timer IO Port: 0xb008
[    0.000000] ACPI: Local APIC address 0xfee00000
[    0.000000] mapped APIC to         ffffb000 (        fee00000)
[    0.000000] ACPI: LAPIC (acpi_id[0x00] lapic_id[0x00] enabled)
[    0.000000] ACPI: LAPIC (acpi_id[0x01] lapic_id[0x01] enabled)
[    0.000000] ACPI: LAPIC_NMI (acpi_id[0xff] dfl dfl lint[0x1])
[    0.000000] ACPI: IOAPIC (id[0x00] address[0xfec00000] gsi_base[0])
[    0.000000] IOAPIC[0]: apic_id 0, version 17, address 0xfec00000, GSI 0-=
23
[    0.000000] ACPI: INT_SRC_OVR (bus 0 bus_irq 0 global_irq 2 dfl dfl)
[    0.000000] Int: type 0, pol 0, trig 0, bus 00, IRQ 00, APIC ID 0, APIC =
INT 02
[    0.000000] ACPI: INT_SRC_OVR (bus 0 bus_irq 5 global_irq 5 high level)
[    0.000000] Int: type 0, pol 1, trig 3, bus 00, IRQ 05, APIC ID 0, APIC =
INT 05
[    0.000000] ACPI: INT_SRC_OVR (bus 0 bus_irq 9 global_irq 9 high level)
[    0.000000] Int: type 0, pol 1, trig 3, bus 00, IRQ 09, APIC ID 0, APIC =
INT 09
[    0.000000] ACPI: INT_SRC_OVR (bus 0 bus_irq 10 global_irq 10 high level)
[    0.000000] Int: type 0, pol 1, trig 3, bus 00, IRQ 0a, APIC ID 0, APIC =
INT 0a
[    0.000000] ACPI: INT_SRC_OVR (bus 0 bus_irq 11 global_irq 11 high level)
[    0.000000] Int: type 0, pol 1, trig 3, bus 00, IRQ 0b, APIC ID 0, APIC =
INT 0b
[    0.000000] ACPI: IRQ0 used by override.
[    0.000000] Int: type 0, pol 0, trig 0, bus 00, IRQ 01, APIC ID 0, APIC =
INT 01
[    0.000000] ACPI: IRQ2 used by override.
[    0.000000] Int: type 0, pol 0, trig 0, bus 00, IRQ 03, APIC ID 0, APIC =
INT 03
[    0.000000] Int: type 0, pol 0, trig 0, bus 00, IRQ 04, APIC ID 0, APIC =
INT 04
[    0.000000] ACPI: IRQ5 used by override.
[    0.000000] Int: type 0, pol 0, trig 0, bus 00, IRQ 06, APIC ID 0, APIC =
INT 06
[    0.000000] Int: type 0, pol 0, trig 0, bus 00, IRQ 07, APIC ID 0, APIC =
INT 07
[    0.000000] Int: type 0, pol 0, trig 0, bus 00, IRQ 08, APIC ID 0, APIC =
INT 08
[    0.000000] ACPI: IRQ9 used by override.
[    0.000000] ACPI: IRQ10 used by override.
[    0.000000] ACPI: IRQ11 used by override.
[    0.000000] Int: type 0, pol 0, trig 0, bus 00, IRQ 0c, APIC ID 0, APIC =
INT 0c
[    0.000000] Int: type 0, pol 0, trig 0, bus 00, IRQ 0d, APIC ID 0, APIC =
INT 0d
[    0.000000] Int: type 0, pol 0, trig 0, bus 00, IRQ 0e, APIC ID 0, APIC =
INT 0e
[    0.000000] Int: type 0, pol 0, trig 0, bus 00, IRQ 0f, APIC ID 0, APIC =
INT 0f
[    0.000000] Using ACPI (MADT) for SMP configuration information
[    0.000000] ACPI: HPET id: 0x8086a201 base: 0xfed00000
[    0.000000] smpboot: Allowing 2 CPUs, 0 hotplug CPUs
[    0.000000] mapped IOAPIC to ffffa000 (fec00000)
[    0.000000] nr_irqs_gsi: 40
[    0.000000] e820: [mem 0x14000000-0xfeffbfff] available for PCI devices
[    0.000000] Booting paravirtualized kernel on KVM
[    0.000000] setup_percpu: NR_CPUS:8 nr_cpumask_bits:8 nr_cpu_ids:2 nr_no=
de_ids:1
[    0.000000] PERCPU: Embedded 10 pages/cpu @d2797000 s27776 r0 d13184 u40=
960
[    0.000000] pcpu-alloc: s27776 r0 d13184 u40960 alloc=3D10*4096
[    0.000000] pcpu-alloc: [0] 0 [0] 1=20
[    0.000000] kvm-clock: cpu 0, msr 0:13ffb001, primary cpu clock
[    0.000000] KVM setup async PF for cpu 0
[    0.000000] kvm-stealtime: cpu 0, msr 127997c0
[    0.000000] Built 1 zonelists in Zone order, mobility grouping on.  Tota=
l pages: 81020
[    0.000000] Policy zone: Normal
[    0.000000] Kernel command line: hung_task_panic=3D1 earlyprintk=3DttyS0=
,115200 debug apic=3Ddebug sysrq_always_enabled panic=3D10 softlockup_panic=
=3D1 nmi_watchdog=3Dpanic  prompt_ramdisk=3D0 console=3DttyS0,115200 consol=
e=3Dtty0 vga=3Dnormal  root=3D/dev/ram0 rw link=3D/kernel-tests/run-queue/k=
vm/i386-randconfig-st0-02210812/linux-devel:devel-hourly-2014022108/.vmlinu=
z-0964c4d936f53872725d96bb04d490a70aa1165a-20140221091456-9-stoakley branch=
=3Dlinux-devel/devel-hourly-2014022108 BOOT_IMAGE=3D/kernel/i386-randconfig=
-st0-02210812/0964c4d936f53872725d96bb04d490a70aa1165a/vmlinuz-3.14.0-rc3-w=
l-01929-g0964c4d
[    0.000000] PID hash table entries: 2048 (order: 1, 8192 bytes)
[    0.000000] Dentry cache hash table entries: 65536 (order: 6, 262144 byt=
es)
[    0.000000] Inode-cache hash table entries: 32768 (order: 5, 131072 byte=
s)
[    0.000000] Initializing CPU#0
[    0.000000] Initializing HighMem for node 0 (00000000:00000000)
[    0.000000] Memory: 281264K/327280K available (6250K kernel code, 795K r=
wdata, 3332K rodata, 380K init, 5960K bss, 46016K reserved, 0K highmem)
[    0.000000] virtual kernel memory layout:
[    0.000000]     fixmap  : 0xffe6a000 - 0xfffff000   (1620 kB)
[    0.000000]     pkmap   : 0xffa00000 - 0xffc00000   (2048 kB)
[    0.000000]     vmalloc : 0xd47fe000 - 0xff9fe000   ( 690 MB)
[    0.000000]     lowmem  : 0xc0000000 - 0xd3ffe000   ( 319 MB)
[    0.000000]       .init : 0xc1a24000 - 0xc1a83000   ( 380 kB)
[    0.000000]       .data : 0xc161acdd - 0xc1a23c40   (4131 kB)
[    0.000000]       .text : 0xc1000000 - 0xc161acdd   (6251 kB)
[    0.000000] Checking if this processor honours the WP bit even in superv=
isor mode...Ok.
[    0.000000] Hierarchical RCU implementation.
[    0.000000]=20
[    0.000000]=20
[    0.000000]=20
[    0.000000]=20
[    0.000000] RCU: Adjusting geometry for rcu_fanout_leaf=3D16, nr_cpu_ids=
=3D2
[    0.000000] NR_IRQS:2304 nr_irqs:512 16
[    0.000000] CPU 0 irqstacks, hard=3Dd1c1a000 soft=3Dd1c1c000
[    0.000000] ACPI: Core revision 20140114
[    0.000000] ACPI: All ACPI Tables successfully acquired
[    0.000000] Initializing cgroup subsys cpuset
[    0.000000] Initializing cgroup subsys cpu
[    0.000000] Linux version 3.14.0-rc3-wl-01929-g0964c4d (kbuild@stoakley)=
 (gcc version 4.8.1 (Debian 4.8.1-8) ) #4 SMP Fri Feb 21 09:14:47 CST 2014
[    0.000000] e820: BIOS-provided physical RAM map:
[    0.000000] BIOS-e820: [mem 0x0000000000000000-0x000000000009fbff] usable
[    0.000000] BIOS-e820: [mem 0x000000000009fc00-0x000000000009ffff] reser=
ved
[    0.000000] BIOS-e820: [mem 0x00000000000f0000-0x00000000000fffff] reser=
ved
[    0.000000] BIOS-e820: [mem 0x0000000000100000-0x0000000013ffdfff] usable
[    0.000000] BIOS-e820: [mem 0x0000000013ffe000-0x0000000013ffffff] reser=
ved
[    0.000000] BIOS-e820: [mem 0x00000000feffc000-0x00000000feffffff] reser=
ved
[    0.000000] BIOS-e820: [mem 0x00000000fffc0000-0x00000000ffffffff] reser=
ved
[    0.000000] bootconsole [earlyser0] enabled
[    0.000000] NX (Execute Disable) protection: active
[    0.000000] Hypervisor detected: KVM
[    0.000000] e820: update [mem 0x00000000-0x00000fff] usable =3D=3D> rese=
rved
[    0.000000] e820: remove [mem 0x000a0000-0x000fffff] usable
[    0.000000] e820: last_pfn =3D 0x13ffe max_arch_pfn =3D 0x1000000
[    0.000000] Scan for SMP in [mem 0x00000000-0x000003ff]
[    0.000000] Scan for SMP in [mem 0x0009fc00-0x0009ffff]
[    0.000000] Scan for SMP in [mem 0x000f0000-0x000fffff]
[    0.000000] found SMP MP-table at [mem 0x000fdac0-0x000fdacf] mapped at =
[c00fdac0]
[    0.000000]   mpc: fdad0-fdbec
[    0.000000] initial memory mapped: [mem 0x00000000-0x025fffff]
[    0.000000] Base memory trampoline at [c009b000] 9b000 size 16384
[    0.000000] init_memory_mapping: [mem 0x00000000-0x000fffff]
[    0.000000]  [mem 0x00000000-0x000fffff] page 4k
[    0.000000] init_memory_mapping: [mem 0x12400000-0x125fffff]
[    0.000000]  [mem 0x12400000-0x125fffff] page 4k
[    0.000000] BRK [0x0206b000, 0x0206bfff] PGTABLE
[    0.000000] init_memory_mapping: [mem 0x10000000-0x123fffff]
[    0.000000]  [mem 0x10000000-0x123fffff] page 4k
[    0.000000] BRK [0x0206c000, 0x0206cfff] PGTABLE
[    0.000000] BRK [0x0206d000, 0x0206dfff] PGTABLE
[    0.000000] BRK [0x0206e000, 0x0206efff] PGTABLE
[    0.000000] BRK [0x0206f000, 0x0206ffff] PGTABLE
[    0.000000] BRK [0x02070000, 0x02070fff] PGTABLE
[    0.000000] init_memory_mapping: [mem 0x00100000-0x0fffffff]
[    0.000000]  [mem 0x00100000-0x0fffffff] page 4k
[    0.000000] init_memory_mapping: [mem 0x12600000-0x13ffdfff]
[    0.000000]  [mem 0x12600000-0x13ffdfff] page 4k
[    0.000000] RAMDISK: [mem 0x127ab000-0x13feffff]
[    0.000000] ACPI: RSDP 0x000FD930 000014 (v00 BOCHS )
[    0.000000] ACPI: RSDT 0x13FFE450 000034 (v01 BOCHS  BXPCRSDT 00000001 B=
XPC 00000001)
[    0.000000] ACPI: FACP 0x13FFFF80 000074 (v01 BOCHS  BXPCFACP 00000001 B=
XPC 00000001)
[    0.000000] ACPI: DSDT 0x13FFE490 0011A9 (v01 BXPC   BXDSDT   00000001 I=
NTL 20100528)
[    0.000000] ACPI: FACS 0x13FFFF40 000040
[    0.000000] ACPI: SSDT 0x13FFF7A0 000796 (v01 BOCHS  BXPCSSDT 00000001 B=
XPC 00000001)
[    0.000000] ACPI: APIC 0x13FFF680 000080 (v01 BOCHS  BXPCAPIC 00000001 B=
XPC 00000001)
[    0.000000] ACPI: HPET 0x13FFF640 000038 (v01 BOCHS  BXPCHPET 00000001 B=
XPC 00000001)
[    0.000000] ACPI: Local APIC address 0xfee00000
[    0.000000] mapped APIC to         ffffb000 (        fee00000)
[    0.000000] No NUMA configuration found
[    0.000000] Faking a node at [mem 0x0000000000000000-0x0000000013ffdfff]
[    0.000000] Initmem setup node 0 [mem 0x00000000-0x13ffdfff]
[    0.000000]   NODE_DATA [mem 0x13ffc000-0x13ffdfff]
[    0.000000] 0MB HIGHMEM available.
[    0.000000] 319MB LOWMEM available.
[    0.000000] max_low_pfn =3D 13ffe, highstart_pfn =3D 13ffe
[    0.000000] Low memory ends at vaddr d3ffe000
[    0.000000] High memory starts at vaddr d3ffe000
[    0.000000]   mapped low ram: 0 - 13ffe000
[    0.000000]   low ram: 0 - 13ffe000
[    0.000000] kvm-clock: Using msrs 4b564d01 and 4b564d00
[    0.000000] kvm-clock: cpu 0, msr 0:13ffb001, boot clock
[    0.000000] Node: 0, start_pfn: 1, end_pfn: 9f
[    0.000000]   Setting physnode_map array to node 0 for pfns:
[    0.000000]   0=20
[    0.000000] Node: 0, start_pfn: 100, end_pfn: 13ffe
[    0.000000]   Setting physnode_map array to node 0 for pfns:
[    0.000000]   0 4000 8000 c000 10000=20
[    0.000000] Zone ranges:
[    0.000000]   DMA      [mem 0x00001000-0x00ffffff]
[    0.000000]   Normal   [mem 0x01000000-0x13ffdfff]
[    0.000000]   HighMem  empty
[    0.000000] Movable zone start for each node
[    0.000000] Early memory node ranges
[    0.000000]   node   0: [mem 0x00001000-0x0009efff]
[    0.000000]   node   0: [mem 0x00100000-0x13ffdfff]
[    0.000000] On node 0 totalpages: 81820
[    0.000000] free_area_init_node: node 0, pgdat d3ffc000, node_mem_map d2=
259028
[    0.000000]   DMA zone: 40 pages used for memmap
[    0.000000]   DMA zone: 0 pages reserved
[    0.000000]   DMA zone: 3998 pages, LIFO batch:0
[    0.000000]   Normal zone: 760 pages used for memmap
[    0.000000]   Normal zone: 77822 pages, LIFO batch:15
[    0.000000] Using APIC driver default
[    0.000000] ACPI: PM-Timer IO Port: 0xb008
[    0.000000] ACPI: Local APIC address 0xfee00000
[    0.000000] mapped APIC to         ffffb000 (        fee00000)
[    0.000000] ACPI: LAPIC (acpi_id[0x00] lapic_id[0x00] enabled)
[    0.000000] ACPI: LAPIC (acpi_id[0x01] lapic_id[0x01] enabled)
[    0.000000] ACPI: LAPIC_NMI (acpi_id[0xff] dfl dfl lint[0x1])
[    0.000000] ACPI: IOAPIC (id[0x00] address[0xfec00000] gsi_base[0])
[    0.000000] IOAPIC[0]: apic_id 0, version 17, address 0xfec00000, GSI 0-=
23
[    0.000000] ACPI: INT_SRC_OVR (bus 0 bus_irq 0 global_irq 2 dfl dfl)
[    0.000000] Int: type 0, pol 0, trig 0, bus 00, IRQ 00, APIC ID 0, APIC =
INT 02
[    0.000000] ACPI: INT_SRC_OVR (bus 0 bus_irq 5 global_irq 5 high level)
[    0.000000] Int: type 0, pol 1, trig 3, bus 00, IRQ 05, APIC ID 0, APIC =
INT 05
[    0.000000] ACPI: INT_SRC_OVR (bus 0 bus_irq 9 global_irq 9 high level)
[    0.000000] Int: type 0, pol 1, trig 3, bus 00, IRQ 09, APIC ID 0, APIC =
INT 09
[    0.000000] ACPI: INT_SRC_OVR (bus 0 bus_irq 10 global_irq 10 high level)
[    0.000000] Int: type 0, pol 1, trig 3, bus 00, IRQ 0a, APIC ID 0, APIC =
INT 0a
[    0.000000] ACPI: INT_SRC_OVR (bus 0 bus_irq 11 global_irq 11 high level)
[    0.000000] Int: type 0, pol 1, trig 3, bus 00, IRQ 0b, APIC ID 0, APIC =
INT 0b
[    0.000000] ACPI: IRQ0 used by override.
[    0.000000] Int: type 0, pol 0, trig 0, bus 00, IRQ 01, APIC ID 0, APIC =
INT 01
[    0.000000] ACPI: IRQ2 used by override.
[    0.000000] Int: type 0, pol 0, trig 0, bus 00, IRQ 03, APIC ID 0, APIC =
INT 03
[    0.000000] Int: type 0, pol 0, trig 0, bus 00, IRQ 04, APIC ID 0, APIC =
INT 04
[    0.000000] ACPI: IRQ5 used by override.
[    0.000000] Int: type 0, pol 0, trig 0, bus 00, IRQ 06, APIC ID 0, APIC =
INT 06
[    0.000000] Int: type 0, pol 0, trig 0, bus 00, IRQ 07, APIC ID 0, APIC =
INT 07
[    0.000000] Int: type 0, pol 0, trig 0, bus 00, IRQ 08, APIC ID 0, APIC =
INT 08
[    0.000000] ACPI: IRQ9 used by override.
[    0.000000] ACPI: IRQ10 used by override.
[    0.000000] ACPI: IRQ11 used by override.
[    0.000000] Int: type 0, pol 0, trig 0, bus 00, IRQ 0c, APIC ID 0, APIC =
INT 0c
[    0.000000] Int: type 0, pol 0, trig 0, bus 00, IRQ 0d, APIC ID 0, APIC =
INT 0d
[    0.000000] Int: type 0, pol 0, trig 0, bus 00, IRQ 0e, APIC ID 0, APIC =
INT 0e
[    0.000000] Int: type 0, pol 0, trig 0, bus 00, IRQ 0f, APIC ID 0, APIC =
INT 0f
[    0.000000] Using ACPI (MADT) for SMP configuration information
[    0.000000] ACPI: HPET id: 0x8086a201 base: 0xfed00000
[    0.000000] smpboot: Allowing 2 CPUs, 0 hotplug CPUs
[    0.000000] mapped IOAPIC to ffffa000 (fec00000)
[    0.000000] nr_irqs_gsi: 40
[    0.000000] e820: [mem 0x14000000-0xfeffbfff] available for PCI devices
[    0.000000] Booting paravirtualized kernel on KVM
[    0.000000] setup_percpu: NR_CPUS:8 nr_cpumask_bits:8 nr_cpu_ids:2 nr_no=
de_ids:1
[    0.000000] PERCPU: Embedded 10 pages/cpu @d2797000 s27776 r0 d13184 u40=
960
[    0.000000] pcpu-alloc: s27776 r0 d13184 u40960 alloc=3D10*4096
[    0.000000] pcpu-alloc: [0] 0 [0] 1=20
[    0.000000] kvm-clock: cpu 0, msr 0:13ffb001, primary cpu clock
[    0.000000] KVM setup async PF for cpu 0
[    0.000000] kvm-stealtime: cpu 0, msr 127997c0
[    0.000000] Built 1 zonelists in Zone order, mobility grouping on.  Tota=
l pages: 81020
[    0.000000] Policy zone: Normal
[    0.000000] Kernel command line: hung_task_panic=3D1 earlyprintk=3DttyS0=
,115200 debug apic=3Ddebug sysrq_always_enabled panic=3D10 softlockup_panic=
=3D1 nmi_watchdog=3Dpanic  prompt_ramdisk=3D0 console=3DttyS0,115200 consol=
e=3Dtty0 vga=3Dnormal  root=3D/dev/ram0 rw link=3D/kernel-tests/run-queue/k=
vm/i386-randconfig-st0-02210812/linux-devel:devel-hourly-2014022108/.vmlinu=
z-0964c4d936f53872725d96bb04d490a70aa1165a-20140221091456-9-stoakley branch=
=3Dlinux-devel/devel-hourly-2014022108 BOOT_IMAGE=3D/kernel/i386-randconfig=
-st0-02210812/0964c4d936f53872725d96bb04d490a70aa1165a/vmlinuz-3.14.0-rc3-w=
l-01929-g0964c4d
[    0.000000] PID hash table entries: 2048 (order: 1, 8192 bytes)
[    0.000000] Dentry cache hash table entries: 65536 (order: 6, 262144 byt=
es)
[    0.000000] Inode-cache hash table entries: 32768 (order: 5, 131072 byte=
s)
[    0.000000] Initializing CPU#0
[    0.000000] Initializing HighMem for node 0 (00000000:00000000)
[    0.000000] Memory: 281264K/327280K available (6250K kernel code, 795K r=
wdata, 3332K rodata, 380K init, 5960K bss, 46016K reserved, 0K highmem)
[    0.000000] virtual kernel memory layout:
[    0.000000]     fixmap  : 0xffe6a000 - 0xfffff000   (1620 kB)
[    0.000000]     pkmap   : 0xffa00000 - 0xffc00000   (2048 kB)
[    0.000000]     vmalloc : 0xd47fe000 - 0xff9fe000   ( 690 MB)
[    0.000000]     lowmem  : 0xc0000000 - 0xd3ffe000   ( 319 MB)
[    0.000000]       .init : 0xc1a24000 - 0xc1a83000   ( 380 kB)
[    0.000000]       .data : 0xc161acdd - 0xc1a23c40   (4131 kB)
[    0.000000]       .text : 0xc1000000 - 0xc161acdd   (6251 kB)
[    0.000000] Checking if this processor honours the WP bit even in superv=
isor mode...Ok.
[    0.000000] Hierarchical RCU implementation.
[    0.000000]=20
[    0.000000]=20
[    0.000000]=20
[    0.000000]=20
[    0.000000] RCU: Adjusting geometry for rcu_fanout_leaf=3D16, nr_cpu_ids=
=3D2
[    0.000000] NR_IRQS:2304 nr_irqs:512 16
[    0.000000] CPU 0 irqstacks, hard=3Dd1c1a000 soft=3Dd1c1c000
[    0.000000] ACPI: Core revision 20140114
[    0.000000] ACPI: All ACPI Tables successfully acquired
[    0.000000] console [ttyS0] enabled
[    0.000000] console [ttyS0] enabled
[    0.000000] Lock dependency validator: Copyright (c) 2006 Red Hat, Inc.,=
 Ingo Molnar
[    0.000000] Lock dependency validator: Copyright (c) 2006 Red Hat, Inc.,=
 Ingo Molnar
[    0.000000] ... MAX_LOCKDEP_SUBCLASSES:  8
[    0.000000] ... MAX_LOCKDEP_SUBCLASSES:  8
[    0.000000] ... MAX_LOCK_DEPTH:          48
[    0.000000] ... MAX_LOCK_DEPTH:          48
[    0.000000] ... MAX_LOCKDEP_KEYS:        8191
[    0.000000] ... MAX_LOCKDEP_KEYS:        8191
[    0.000000] ... CLASSHASH_SIZE:          4096
[    0.000000] ... CLASSHASH_SIZE:          4096
[    0.000000] ... MAX_LOCKDEP_ENTRIES:     16384
[    0.000000] ... MAX_LOCKDEP_ENTRIES:     16384
[    0.000000] ... MAX_LOCKDEP_CHAINS:      32768
[    0.000000] ... MAX_LOCKDEP_CHAINS:      32768
[    0.000000] ... CHAINHASH_SIZE:          16384
[    0.000000] ... CHAINHASH_SIZE:          16384
[    0.000000]  memory used by lock dependency info: 3567 kB
[    0.000000]  memory used by lock dependency info: 3567 kB
[    0.000000]  per task-struct memory footprint: 1152 bytes
[    0.000000]  per task-struct memory footprint: 1152 bytes
[    0.000000] ODEBUG: 15 of 15 active objects replaced
[    0.000000] ODEBUG: 15 of 15 active objects replaced
[    0.000000] hpet clockevent registered
[    0.000000] hpet clockevent registered
[    0.000000] tsc: Detected 2833.124 MHz processor
[    0.000000] tsc: Detected 2833.124 MHz processor
[    0.003000] Calibrating delay loop (skipped) preset value..=20
[    0.003000] Calibrating delay loop (skipped) preset value.. 5666.24 Bogo=
MIPS (lpj=3D2833124)
5666.24 BogoMIPS (lpj=3D2833124)
[    0.004007] pid_max: default: 32768 minimum: 301
[    0.004007] pid_max: default: 32768 minimum: 301
[    0.007939] Security Framework initialized
[    0.007939] Security Framework initialized
[    0.009246] Mount-cache hash table entries: 512
[    0.009246] Mount-cache hash table entries: 512
[    0.018000] Initializing cgroup subsys debug
[    0.018000] Initializing cgroup subsys debug
[    0.018017] Initializing cgroup subsys perf_event
[    0.018017] Initializing cgroup subsys perf_event
[    0.019451] mce: CPU supports 10 MCE banks
[    0.019451] mce: CPU supports 10 MCE banks
[    0.021157] Last level iTLB entries: 4KB 0, 2MB 0, 4MB 0
[    0.021157] Last level dTLB entries: 4KB 0, 2MB 0, 4MB 0, 1GB 0
[    0.021157] tlb_flushall_shift: 6
[    0.021157] Last level iTLB entries: 4KB 0, 2MB 0, 4MB 0
[    0.021157] Last level dTLB entries: 4KB 0, 2MB 0, 4MB 0, 1GB 0
[    0.021157] tlb_flushall_shift: 6
[    0.023364] debug: unmapping init [mem 0xc1a83000-0xc1a85fff]
[    0.023364] debug: unmapping init [mem 0xc1a83000-0xc1a85fff]
[    0.027731] Getting VERSION: 50014
[    0.027731] Getting VERSION: 50014
[    0.029010] Getting VERSION: 50014
[    0.029010] Getting VERSION: 50014
[    0.030000] Getting ID: 0
[    0.030000] Getting ID: 0
[    0.030021] Getting ID: f000000
[    0.030021] Getting ID: f000000
[    0.031017] Getting LVT0: 8700
[    0.031017] Getting LVT0: 8700
[    0.032011] Getting LVT1: 8400
[    0.032011] Getting LVT1: 8400
[    0.033007] Enabling APIC mode:  Flat.  Using 1 I/O APICs
[    0.033007] Enabling APIC mode:  Flat.  Using 1 I/O APICs
[    0.034100] enabled ExtINT on CPU#0
[    0.034100] enabled ExtINT on CPU#0
[    0.036707] ENABLING IO-APIC IRQs
[    0.036707] ENABLING IO-APIC IRQs
[    0.037011] init IO_APIC IRQs
[    0.037011] init IO_APIC IRQs
[    0.038006]  apic 0 pin 0 not connected
[    0.038006]  apic 0 pin 0 not connected
[    0.039028] IOAPIC[0]: Set routing entry (0-1 -> 0x31 -> IRQ 1 Mode:0 Ac=
tive:0 Dest:1)
[    0.039028] IOAPIC[0]: Set routing entry (0-1 -> 0x31 -> IRQ 1 Mode:0 Ac=
tive:0 Dest:1)
[    0.040031] IOAPIC[0]: Set routing entry (0-2 -> 0x30 -> IRQ 0 Mode:0 Ac=
tive:0 Dest:1)
[    0.040031] IOAPIC[0]: Set routing entry (0-2 -> 0x30 -> IRQ 0 Mode:0 Ac=
tive:0 Dest:1)
[    0.041033] IOAPIC[0]: Set routing entry (0-3 -> 0x33 -> IRQ 3 Mode:0 Ac=
tive:0 Dest:1)
[    0.041033] IOAPIC[0]: Set routing entry (0-3 -> 0x33 -> IRQ 3 Mode:0 Ac=
tive:0 Dest:1)
[    0.042034] IOAPIC[0]: Set routing entry (0-4 -> 0x34 -> IRQ 4 Mode:0 Ac=
tive:0 Dest:1)
[    0.042034] IOAPIC[0]: Set routing entry (0-4 -> 0x34 -> IRQ 4 Mode:0 Ac=
tive:0 Dest:1)
[    0.043033] IOAPIC[0]: Set routing entry (0-5 -> 0x35 -> IRQ 5 Mode:1 Ac=
tive:0 Dest:1)
[    0.043033] IOAPIC[0]: Set routing entry (0-5 -> 0x35 -> IRQ 5 Mode:1 Ac=
tive:0 Dest:1)
[    0.044026] IOAPIC[0]: Set routing entry (0-6 -> 0x36 -> IRQ 6 Mode:0 Ac=
tive:0 Dest:1)
[    0.044026] IOAPIC[0]: Set routing entry (0-6 -> 0x36 -> IRQ 6 Mode:0 Ac=
tive:0 Dest:1)
[    0.045028] IOAPIC[0]: Set routing entry (0-7 -> 0x37 -> IRQ 7 Mode:0 Ac=
tive:0 Dest:1)
[    0.045028] IOAPIC[0]: Set routing entry (0-7 -> 0x37 -> IRQ 7 Mode:0 Ac=
tive:0 Dest:1)
[    0.046026] IOAPIC[0]: Set routing entry (0-8 -> 0x38 -> IRQ 8 Mode:0 Ac=
tive:0 Dest:1)
[    0.046026] IOAPIC[0]: Set routing entry (0-8 -> 0x38 -> IRQ 8 Mode:0 Ac=
tive:0 Dest:1)
[    0.047027] IOAPIC[0]: Set routing entry (0-9 -> 0x39 -> IRQ 9 Mode:1 Ac=
tive:0 Dest:1)
[    0.047027] IOAPIC[0]: Set routing entry (0-9 -> 0x39 -> IRQ 9 Mode:1 Ac=
tive:0 Dest:1)
[    0.048027] IOAPIC[0]: Set routing entry (0-10 -> 0x3a -> IRQ 10 Mode:1 =
Active:0 Dest:1)
[    0.048027] IOAPIC[0]: Set routing entry (0-10 -> 0x3a -> IRQ 10 Mode:1 =
Active:0 Dest:1)
[    0.049026] IOAPIC[0]: Set routing entry (0-11 -> 0x3b -> IRQ 11 Mode:1 =
Active:0 Dest:1)
[    0.049026] IOAPIC[0]: Set routing entry (0-11 -> 0x3b -> IRQ 11 Mode:1 =
Active:0 Dest:1)
[    0.050028] IOAPIC[0]: Set routing entry (0-12 -> 0x3c -> IRQ 12 Mode:0 =
Active:0 Dest:1)
[    0.050028] IOAPIC[0]: Set routing entry (0-12 -> 0x3c -> IRQ 12 Mode:0 =
Active:0 Dest:1)
[    0.051067] IOAPIC[0]: Set routing entry (0-13 -> 0x3d -> IRQ 13 Mode:0 =
Active:0 Dest:1)
[    0.051067] IOAPIC[0]: Set routing entry (0-13 -> 0x3d -> IRQ 13 Mode:0 =
Active:0 Dest:1)
[    0.053007] IOAPIC[0]: Set routing entry (0-14 -> 0x3e -> IRQ 14 Mode:0 =
Active:0 Dest:1)
[    0.053007] IOAPIC[0]: Set routing entry (0-14 -> 0x3e -> IRQ 14 Mode:0 =
Active:0 Dest:1)
[    0.054027] IOAPIC[0]: Set routing entry (0-15 -> 0x3f -> IRQ 15 Mode:0 =
Active:0 Dest:1)
[    0.054027] IOAPIC[0]: Set routing entry (0-15 -> 0x3f -> IRQ 15 Mode:0 =
Active:0 Dest:1)
[    0.055023]  apic 0 pin 16 not connected
[    0.055023]  apic 0 pin 16 not connected
[    0.056003]  apic 0 pin 17 not connected
[    0.056003]  apic 0 pin 17 not connected
[    0.057004]  apic 0 pin 18 not connected
[    0.057004]  apic 0 pin 18 not connected
[    0.058003]  apic 0 pin 19 not connected
[    0.058003]  apic 0 pin 19 not connected
[    0.059003]  apic 0 pin 20 not connected
[    0.059003]  apic 0 pin 20 not connected
[    0.060003]  apic 0 pin 21 not connected
[    0.060003]  apic 0 pin 21 not connected
[    0.061003]  apic 0 pin 22 not connected
[    0.061003]  apic 0 pin 22 not connected
[    0.062003]  apic 0 pin 23 not connected
[    0.062003]  apic 0 pin 23 not connected
[    0.063159] ..TIMER: vector=3D0x30 apic1=3D0 pin1=3D2 apic2=3D-1 pin2=3D=
-1
[    0.063159] ..TIMER: vector=3D0x30 apic1=3D0 pin1=3D2 apic2=3D-1 pin2=3D=
-1
[    0.064004] smpboot: CPU0:=20
[    0.064004] smpboot: CPU0: Intel Intel Common KVM processorCommon KVM pr=
ocessor (fam: 0f, model: 06 (fam: 0f, model: 06, stepping: 01)
, stepping: 01)
[    0.067004] Using local APIC timer interrupts.
[    0.067004] calibrating APIC timer ...
[    0.067004] Using local APIC timer interrupts.
[    0.067004] calibrating APIC timer ...
[    0.069000] ... lapic delta =3D 6312530
[    0.069000] ... lapic delta =3D 6312530
[    0.069000] ... PM-Timer delta =3D 361565
[    0.069000] ... PM-Timer delta =3D 361565
[    0.069000] APIC calibration not consistent with PM-Timer: 101ms instead=
 of 100ms
[    0.069000] APIC calibration not consistent with PM-Timer: 101ms instead=
 of 100ms
[    0.069000] APIC delta adjusted to PM-Timer: 6249485 (6312530)
[    0.069000] APIC delta adjusted to PM-Timer: 6249485 (6312530)
[    0.069000] TSC delta adjusted to PM-Timer: 283332018 (286190240)
[    0.069000] TSC delta adjusted to PM-Timer: 283332018 (286190240)
[    0.069000] ..... delta 6249485
[    0.069000] ..... delta 6249485
[    0.069000] ..... mult: 268413336
[    0.069000] ..... mult: 268413336
[    0.069000] ..... calibration result: 999917
[    0.069000] ..... calibration result: 999917
[    0.069000] ..... CPU clock speed is 2833.0320 MHz.
[    0.069000] ..... CPU clock speed is 2833.0320 MHz.
[    0.069000] ..... host bus clock speed is 999.0917 MHz.
[    0.069000] ..... host bus clock speed is 999.0917 MHz.
[    0.069164] Performance Events:=20
[    0.069164] Performance Events: unsupported Netburst CPU model 6 unsuppo=
rted Netburst CPU model 6 no PMU driver, software events only.
no PMU driver, software events only.
[    0.092911] CPU 1 irqstacks, hard=3Dd1d8e000 soft=3Dd1d90000
[    0.092911] CPU 1 irqstacks, hard=3Dd1d8e000 soft=3Dd1d90000
[    0.093004] x86: Booting SMP configuration:
[    0.093004] x86: Booting SMP configuration:
[    0.094011] .... node  #0, CPUs: =20
[    0.094011] .... node  #0, CPUs:         #1 #1
[    0.002000] Initializing CPU#1
[    0.003000] kvm-clock: cpu 1, msr 0:13ffb041, secondary cpu clock
[    0.003000] masked ExtINT on CPU#1
[    0.109191] KVM setup async PF for cpu 1
[    0.109191] KVM setup async PF for cpu 1
[    0.109287] x86: Booted up 1 node, 2 CPUs
[    0.109287] x86: Booted up 1 node, 2 CPUs
[    0.109294] ----------------
[    0.109294] ----------------
[    0.109294] | NMI testsuite:
[    0.109294] | NMI testsuite:
[    0.109295] --------------------
[    0.109295] --------------------
[    0.109191]   remote IPI:
[    0.109191]   remote IPI:
[    0.109191] kvm-stealtime: cpu 1, msr 127a37c0
[    0.109191] kvm-stealtime: cpu 1, msr 127a37c0
[    0.118027]   ok  |
[    0.118027]   ok  |

[    0.118697]    local IPI:
[    0.118697]    local IPI:  ok  |  ok  |

[    0.125010] --------------------
[    0.125010] --------------------
[    0.125950] Good, all   2 testcases passed! |
[    0.125950] Good, all   2 testcases passed! |
[    0.126003] ---------------------------------
[    0.126003] ---------------------------------
[    0.127006] smpboot: Total of 2 processors activated (11332.49 BogoMIPS)
[    0.127006] smpboot: Total of 2 processors activated (11332.49 BogoMIPS)
[    0.133851] devtmpfs: initialized
[    0.133851] devtmpfs: initialized
[    0.158145] atomic64 test passed for i586+ platform with CX8 and with SSE
[    0.158145] atomic64 test passed for i586+ platform with CX8 and with SSE
[    0.163203] NET: Registered protocol family 16
[    0.163203] NET: Registered protocol family 16
[    0.177067] EISA bus registered
[    0.177067] EISA bus registered
[    0.178016] cpuidle: using governor ladder
[    0.178016] cpuidle: using governor ladder
[    0.179005] cpuidle: using governor menu
[    0.179005] cpuidle: using governor menu
[    0.181911] ACPI: bus type PCI registered
[    0.181911] ACPI: bus type PCI registered
[    0.182074] PCI: Using configuration type 1 for base access
[    0.182074] PCI: Using configuration type 1 for base access
[    0.459320] gpio-f7188x: Not a Fintek device at 0x0000002e
[    0.459320] gpio-f7188x: Not a Fintek device at 0x0000002e
[    0.460041] gpio-f7188x: Not a Fintek device at 0x0000004e
[    0.460041] gpio-f7188x: Not a Fintek device at 0x0000004e
[    0.468731] ACPI: Added _OSI(Module Device)
[    0.468731] ACPI: Added _OSI(Module Device)
[    0.469005] ACPI: Added _OSI(Processor Device)
[    0.469005] ACPI: Added _OSI(Processor Device)
[    0.470004] ACPI: Added _OSI(3.0 _SCP Extensions)
[    0.470004] ACPI: Added _OSI(3.0 _SCP Extensions)
[    0.471004] ACPI: Added _OSI(Processor Aggregator Device)
[    0.471004] ACPI: Added _OSI(Processor Aggregator Device)
[    0.489096] ACPI: Interpreter enabled
[    0.489096] ACPI: Interpreter enabled
[    0.490008] ACPI Exception: AE_NOT_FOUND,=20
[    0.490008] ACPI Exception: AE_NOT_FOUND, While evaluating Sleep State [=
\_S1_]While evaluating Sleep State [\_S1_] (20140114/hwxface-580)
 (20140114/hwxface-580)
[    0.492656] ACPI Exception: AE_NOT_FOUND,=20
[    0.492656] ACPI Exception: AE_NOT_FOUND, While evaluating Sleep State [=
\_S2_]While evaluating Sleep State [\_S2_] (20140114/hwxface-580)
 (20140114/hwxface-580)
[    0.494050] ACPI: (supports S0 S3 S5)
[    0.494050] ACPI: (supports S0 S3 S5)
[    0.495004] ACPI: Using IOAPIC for interrupt routing
[    0.495004] ACPI: Using IOAPIC for interrupt routing
[    0.497171] PCI: Using host bridge windows from ACPI; if necessary, use =
"pci=3Dnocrs" and report a bug
[    0.497171] PCI: Using host bridge windows from ACPI; if necessary, use =
"pci=3Dnocrs" and report a bug
[    0.606300] ACPI: PCI Root Bridge [PCI0] (domain 0000 [bus 00-ff])
[    0.606300] ACPI: PCI Root Bridge [PCI0] (domain 0000 [bus 00-ff])
[    0.607015] acpi PNP0A03:00: _OSC: OS supports [ASPM ClockPM Segments MS=
I]
[    0.607015] acpi PNP0A03:00: _OSC: OS supports [ASPM ClockPM Segments MS=
I]
[    0.608065] acpi PNP0A03:00: _OSC failed (AE_NOT_FOUND); disabling ASPM
[    0.608065] acpi PNP0A03:00: _OSC failed (AE_NOT_FOUND); disabling ASPM
[    0.613445] PCI host bridge to bus 0000:00
[    0.613445] PCI host bridge to bus 0000:00
[    0.614011] pci_bus 0000:00: root bus resource [bus 00-ff]
[    0.614011] pci_bus 0000:00: root bus resource [bus 00-ff]
[    0.615007] pci_bus 0000:00: root bus resource [io  0x0000-0x0cf7]
[    0.615007] pci_bus 0000:00: root bus resource [io  0x0000-0x0cf7]
[    0.616006] pci_bus 0000:00: root bus resource [io  0x0d00-0xffff]
[    0.616006] pci_bus 0000:00: root bus resource [io  0x0d00-0xffff]
[    0.617005] pci_bus 0000:00: root bus resource [mem 0x000a0000-0x000bfff=
f]
[    0.617005] pci_bus 0000:00: root bus resource [mem 0x000a0000-0x000bfff=
f]
[    0.618006] pci_bus 0000:00: root bus resource [mem 0x80000000-0xfebffff=
f]
[    0.618006] pci_bus 0000:00: root bus resource [mem 0x80000000-0xfebffff=
f]
[    0.619189] pci 0000:00:00.0: [8086:1237] type 00 class 0x060000
[    0.619189] pci 0000:00:00.0: [8086:1237] type 00 class 0x060000
[    0.625203] pci 0000:00:01.0: [8086:7000] type 00 class 0x060100
[    0.625203] pci 0000:00:01.0: [8086:7000] type 00 class 0x060100
[    0.630749] pci 0000:00:01.1: [8086:7010] type 00 class 0x010180
[    0.630749] pci 0000:00:01.1: [8086:7010] type 00 class 0x010180
[    0.634553] pci 0000:00:01.1: reg 0x20: [io  0xc1c0-0xc1cf]
[    0.634553] pci 0000:00:01.1: reg 0x20: [io  0xc1c0-0xc1cf]
[    0.640221] pci 0000:00:01.3: [8086:7113] type 00 class 0x068000
[    0.640221] pci 0000:00:01.3: [8086:7113] type 00 class 0x068000
[    0.642440] pci 0000:00:01.3: quirk: [io  0xb000-0xb03f] claimed by PIIX=
4 ACPI
[    0.642440] pci 0000:00:01.3: quirk: [io  0xb000-0xb03f] claimed by PIIX=
4 ACPI
[    0.643017] pci 0000:00:01.3: quirk: [io  0xb100-0xb10f] claimed by PIIX=
4 SMB
[    0.643017] pci 0000:00:01.3: quirk: [io  0xb100-0xb10f] claimed by PIIX=
4 SMB
[    0.649023] pci 0000:00:02.0: [1013:00b8] type 00 class 0x030000
[    0.649023] pci 0000:00:02.0: [1013:00b8] type 00 class 0x030000
[    0.651726] pci 0000:00:02.0: reg 0x10: [mem 0xfc000000-0xfdffffff pref]
[    0.651726] pci 0000:00:02.0: reg 0x10: [mem 0xfc000000-0xfdffffff pref]
[    0.654051] pci 0000:00:02.0: reg 0x14: [mem 0xfebf0000-0xfebf0fff]
[    0.654051] pci 0000:00:02.0: reg 0x14: [mem 0xfebf0000-0xfebf0fff]
[    0.662057] pci 0000:00:02.0: reg 0x30: [mem 0xfebe0000-0xfebeffff pref]
[    0.662057] pci 0000:00:02.0: reg 0x30: [mem 0xfebe0000-0xfebeffff pref]
[    0.666541] pci 0000:00:03.0: [8086:100e] type 00 class 0x020000
[    0.666541] pci 0000:00:03.0: [8086:100e] type 00 class 0x020000
[    0.668005] pci 0000:00:03.0: reg 0x10: [mem 0xfeba0000-0xfebbffff]
[    0.668005] pci 0000:00:03.0: reg 0x10: [mem 0xfeba0000-0xfebbffff]
[    0.670012] pci 0000:00:03.0: reg 0x14: [io  0xc000-0xc03f]
[    0.670012] pci 0000:00:03.0: reg 0x14: [io  0xc000-0xc03f]
[    0.676542] pci 0000:00:03.0: reg 0x30: [mem 0xfebc0000-0xfebdffff pref]
[    0.676542] pci 0000:00:03.0: reg 0x30: [mem 0xfebc0000-0xfebdffff pref]
[    0.680650] pci 0000:00:04.0: [1af4:1001] type 00 class 0x010000
[    0.680650] pci 0000:00:04.0: [1af4:1001] type 00 class 0x010000
[    0.682529] pci 0000:00:04.0: reg 0x10: [io  0xc040-0xc07f]
[    0.682529] pci 0000:00:04.0: reg 0x10: [io  0xc040-0xc07f]
[    0.684004] pci 0000:00:04.0: reg 0x14: [mem 0xfebf1000-0xfebf1fff]
[    0.684004] pci 0000:00:04.0: reg 0x14: [mem 0xfebf1000-0xfebf1fff]
[    0.693322] pci 0000:00:05.0: [1af4:1001] type 00 class 0x010000
[    0.693322] pci 0000:00:05.0: [1af4:1001] type 00 class 0x010000
[    0.695006] pci 0000:00:05.0: reg 0x10: [io  0xc080-0xc0bf]
[    0.695006] pci 0000:00:05.0: reg 0x10: [io  0xc080-0xc0bf]
[    0.697507] pci 0000:00:05.0: reg 0x14: [mem 0xfebf2000-0xfebf2fff]
[    0.697507] pci 0000:00:05.0: reg 0x14: [mem 0xfebf2000-0xfebf2fff]
[    0.706812] pci 0000:00:06.0: [1af4:1001] type 00 class 0x010000
[    0.706812] pci 0000:00:06.0: [1af4:1001] type 00 class 0x010000
[    0.708517] pci 0000:00:06.0: reg 0x10: [io  0xc0c0-0xc0ff]
[    0.708517] pci 0000:00:06.0: reg 0x10: [io  0xc0c0-0xc0ff]
[    0.710005] pci 0000:00:06.0: reg 0x14: [mem 0xfebf3000-0xfebf3fff]
[    0.710005] pci 0000:00:06.0: reg 0x14: [mem 0xfebf3000-0xfebf3fff]
[    0.719135] pci 0000:00:07.0: [1af4:1001] type 00 class 0x010000
[    0.719135] pci 0000:00:07.0: [1af4:1001] type 00 class 0x010000
[    0.721518] pci 0000:00:07.0: reg 0x10: [io  0xc100-0xc13f]
[    0.721518] pci 0000:00:07.0: reg 0x10: [io  0xc100-0xc13f]
[    0.723485] pci 0000:00:07.0: reg 0x14: [mem 0xfebf4000-0xfebf4fff]
[    0.723485] pci 0000:00:07.0: reg 0x14: [mem 0xfebf4000-0xfebf4fff]
[    0.732030] pci 0000:00:08.0: [1af4:1001] type 00 class 0x010000
[    0.732030] pci 0000:00:08.0: [1af4:1001] type 00 class 0x010000
[    0.734500] pci 0000:00:08.0: reg 0x10: [io  0xc140-0xc17f]
[    0.734500] pci 0000:00:08.0: reg 0x10: [io  0xc140-0xc17f]
[    0.736497] pci 0000:00:08.0: reg 0x14: [mem 0xfebf5000-0xfebf5fff]
[    0.736497] pci 0000:00:08.0: reg 0x14: [mem 0xfebf5000-0xfebf5fff]
[    0.745057] pci 0000:00:09.0: [1af4:1001] type 00 class 0x010000
[    0.745057] pci 0000:00:09.0: [1af4:1001] type 00 class 0x010000
[    0.747505] pci 0000:00:09.0: reg 0x10: [io  0xc180-0xc1bf]
[    0.747505] pci 0000:00:09.0: reg 0x10: [io  0xc180-0xc1bf]
[    0.749005] pci 0000:00:09.0: reg 0x14: [mem 0xfebf6000-0xfebf6fff]
[    0.749005] pci 0000:00:09.0: reg 0x14: [mem 0xfebf6000-0xfebf6fff]
[    0.757848] pci 0000:00:0a.0: [8086:25ab] type 00 class 0x088000
[    0.757848] pci 0000:00:0a.0: [8086:25ab] type 00 class 0x088000
[    0.759004] pci 0000:00:0a.0: reg 0x10: [mem 0xfebf7000-0xfebf700f]
[    0.759004] pci 0000:00:0a.0: reg 0x10: [mem 0xfebf7000-0xfebf700f]
[    0.768633] ACPI: PCI Interrupt Link [LNKA] (IRQs
[    0.768633] ACPI: PCI Interrupt Link [LNKA] (IRQs 5 5 *10 *10 11 11))

[    0.769958] ACPI: PCI Interrupt Link [LNKB] (IRQs
[    0.769958] ACPI: PCI Interrupt Link [LNKB] (IRQs 5 5 *10 *10 11 11))

[    0.771162] ACPI: PCI Interrupt Link [LNKC] (IRQs
[    0.771162] ACPI: PCI Interrupt Link [LNKC] (IRQs 5 5 10 10 *11 *11))

[    0.773343] ACPI: PCI Interrupt Link [LNKD] (IRQs
[    0.773343] ACPI: PCI Interrupt Link [LNKD] (IRQs 5 5 10 10 *11 *11))

[    0.775284] ACPI: PCI Interrupt Link [LNKS] (IRQs
[    0.775284] ACPI: PCI Interrupt Link [LNKS] (IRQs *9 *9))

[    0.780399] ACPI:=20
[    0.780399] ACPI: Enabled 16 GPEs in block 00 to 0FEnabled 16 GPEs in bl=
ock 00 to 0F

[    0.785284] vgaarb: device added: PCI:0000:00:02.0,decodes=3Dio+mem,owns=
=3Dio+mem,locks=3Dnone
[    0.785284] vgaarb: device added: PCI:0000:00:02.0,decodes=3Dio+mem,owns=
=3Dio+mem,locks=3Dnone
[    0.787009] vgaarb: loaded
[    0.787009] vgaarb: loaded
[    0.788003] vgaarb: bridge control possible 0000:00:02.0
[    0.788003] vgaarb: bridge control possible 0000:00:02.0
[    0.803398] ACPI: bus type USB registered
[    0.803398] ACPI: bus type USB registered
[    0.806145] usbcore: registered new interface driver usbfs
[    0.806145] usbcore: registered new interface driver usbfs
[    0.808378] usbcore: registered new interface driver hub
[    0.808378] usbcore: registered new interface driver hub
[    0.810925] usbcore: registered new device driver usb
[    0.810925] usbcore: registered new device driver usb
[    0.816755] pps_core: LinuxPPS API ver. 1 registered
[    0.816755] pps_core: LinuxPPS API ver. 1 registered
[    0.818004] pps_core: Software ver. 5.3.6 - Copyright 2005-2007 Rodolfo =
Giometti <giometti@linux.it>
[    0.818004] pps_core: Software ver. 5.3.6 - Copyright 2005-2007 Rodolfo =
Giometti <giometti@linux.it>
[    0.824602] wmi: Mapper loaded
[    0.824602] wmi: Mapper loaded
[    0.828242] PCI: Using ACPI for IRQ routing
[    0.828242] PCI: Using ACPI for IRQ routing
[    0.829006] PCI: pci_cache_line_size set to 64 bytes
[    0.829006] PCI: pci_cache_line_size set to 64 bytes
[    0.831131] e820: reserve RAM buffer [mem 0x0009fc00-0x0009ffff]
[    0.831131] e820: reserve RAM buffer [mem 0x0009fc00-0x0009ffff]
[    0.833019] e820: reserve RAM buffer [mem 0x13ffe000-0x13ffffff]
[    0.833019] e820: reserve RAM buffer [mem 0x13ffe000-0x13ffffff]
[    0.844045] HPET: 3 timers in total, 0 timers will be used for per-cpu t=
imer
[    0.844045] HPET: 3 timers in total, 0 timers will be used for per-cpu t=
imer
[    0.848062] Switched to clocksource kvm-clock
[    0.848062] Switched to clocksource kvm-clock
[    0.854386] FS-Cache: Loaded
[    0.854386] FS-Cache: Loaded
[    0.856086] pnp: PnP ACPI init
[    0.856086] pnp: PnP ACPI init
[    0.857614] ACPI: bus type PNP registered
[    0.857614] ACPI: bus type PNP registered
[    0.858947] IOAPIC[0]: Set routing entry (0-8 -> 0x38 -> IRQ 8 Mode:0 Ac=
tive:0 Dest:3)
[    0.858947] IOAPIC[0]: Set routing entry (0-8 -> 0x38 -> IRQ 8 Mode:0 Ac=
tive:0 Dest:3)
[    0.862735] pnp 00:00: Plug and Play ACPI device, IDs PNP0b00 (active)
[    0.862735] pnp 00:00: Plug and Play ACPI device, IDs PNP0b00 (active)
[    0.864857] IOAPIC[0]: Set routing entry (0-1 -> 0x31 -> IRQ 1 Mode:0 Ac=
tive:0 Dest:3)
[    0.864857] IOAPIC[0]: Set routing entry (0-1 -> 0x31 -> IRQ 1 Mode:0 Ac=
tive:0 Dest:3)
[    0.868443] pnp 00:01: Plug and Play ACPI device, IDs PNP0303 (active)
[    0.868443] pnp 00:01: Plug and Play ACPI device, IDs PNP0303 (active)
[    0.870526] IOAPIC[0]: Set routing entry (0-12 -> 0x3c -> IRQ 12 Mode:0 =
Active:0 Dest:3)
[    0.870526] IOAPIC[0]: Set routing entry (0-12 -> 0x3c -> IRQ 12 Mode:0 =
Active:0 Dest:3)
[    0.874109] pnp 00:02: Plug and Play ACPI device, IDs PNP0f13 (active)
[    0.874109] pnp 00:02: Plug and Play ACPI device, IDs PNP0f13 (active)
[    0.876299] IOAPIC[0]: Set routing entry (0-6 -> 0x36 -> IRQ 6 Mode:0 Ac=
tive:0 Dest:3)
[    0.876299] IOAPIC[0]: Set routing entry (0-6 -> 0x36 -> IRQ 6 Mode:0 Ac=
tive:0 Dest:3)
[    0.878543] pnp 00:03: [dma 2]
[    0.878543] pnp 00:03: [dma 2]
[    0.880916] pnp 00:03: Plug and Play ACPI device, IDs PNP0700 (active)
[    0.880916] pnp 00:03: Plug and Play ACPI device, IDs PNP0700 (active)
[    0.883149] IOAPIC[0]: Set routing entry (0-7 -> 0x37 -> IRQ 7 Mode:0 Ac=
tive:0 Dest:3)
[    0.883149] IOAPIC[0]: Set routing entry (0-7 -> 0x37 -> IRQ 7 Mode:0 Ac=
tive:0 Dest:3)
[    0.886767] pnp 00:04: Plug and Play ACPI device, IDs PNP0400 (active)
[    0.886767] pnp 00:04: Plug and Play ACPI device, IDs PNP0400 (active)
[    0.888842] IOAPIC[0]: Set routing entry (0-4 -> 0x34 -> IRQ 4 Mode:0 Ac=
tive:0 Dest:3)
[    0.888842] IOAPIC[0]: Set routing entry (0-4 -> 0x34 -> IRQ 4 Mode:0 Ac=
tive:0 Dest:3)
[    0.892316] pnp 00:05: Plug and Play ACPI device, IDs PNP0501 (active)
[    0.892316] pnp 00:05: Plug and Play ACPI device, IDs PNP0501 (active)
[    0.896266] pnp 00:06: Plug and Play ACPI device, IDs PNP0103 (active)
[    0.896266] pnp 00:06: Plug and Play ACPI device, IDs PNP0103 (active)
[    0.899478] pnp: PnP ACPI: found 7 devices
[    0.899478] pnp: PnP ACPI: found 7 devices
[    0.900647] ACPI: bus type PNP unregistered
[    0.900647] ACPI: bus type PNP unregistered
[    0.955137] pci_bus 0000:00: resource 4 [io  0x0000-0x0cf7]
[    0.955137] pci_bus 0000:00: resource 4 [io  0x0000-0x0cf7]
[    0.956770] pci_bus 0000:00: resource 5 [io  0x0d00-0xffff]
[    0.956770] pci_bus 0000:00: resource 5 [io  0x0d00-0xffff]
[    0.958355] pci_bus 0000:00: resource 6 [mem 0x000a0000-0x000bffff]
[    0.958355] pci_bus 0000:00: resource 6 [mem 0x000a0000-0x000bffff]
[    0.960132] pci_bus 0000:00: resource 7 [mem 0x80000000-0xfebfffff]
[    0.960132] pci_bus 0000:00: resource 7 [mem 0x80000000-0xfebfffff]
[    0.962887] NET: Registered protocol family 1
[    0.962887] NET: Registered protocol family 1
[    0.964439] pci 0000:00:00.0: Limiting direct PCI/PCI transfers
[    0.964439] pci 0000:00:00.0: Limiting direct PCI/PCI transfers
[    0.966388] pci 0000:00:01.0: PIIX3: Enabling Passive Release
[    0.966388] pci 0000:00:01.0: PIIX3: Enabling Passive Release
[    0.968129] pci 0000:00:01.0: Activating ISA DMA hang workarounds
[    0.968129] pci 0000:00:01.0: Activating ISA DMA hang workarounds
[    0.969920] pci 0000:00:02.0: Boot video device
[    0.969920] pci 0000:00:02.0: Boot video device
[    0.971307] PCI: CLS 0 bytes, default 64
[    0.971307] PCI: CLS 0 bytes, default 64
[    0.975790] Unpacking initramfs...
[    0.975790] Unpacking initramfs...
[    6.963238] debug: unmapping init [mem 0xd27ab000-0xd3feffff]
[    6.963238] debug: unmapping init [mem 0xd27ab000-0xd3feffff]
[    7.098065] DMA-API: preallocated 65536 debug entries
[    7.098065] DMA-API: preallocated 65536 debug entries
[    7.099511] DMA-API: debugging enabled by kernel config
[    7.099511] DMA-API: debugging enabled by kernel config
[    7.113232] apm: BIOS not found.
[    7.113232] apm: BIOS not found.
[    7.116976] cryptomgr_test (23) used greatest stack depth: 7036 bytes le=
ft
[    7.116976] cryptomgr_test (23) used greatest stack depth: 7036 bytes le=
ft
[    7.119717] cryptomgr_test (24) used greatest stack depth: 6984 bytes le=
ft
[    7.119717] cryptomgr_test (24) used greatest stack depth: 6984 bytes le=
ft
[    7.123331] The force parameter has not been set to 1. The Iris poweroff=
 handler will not be installed.
[    7.123331] The force parameter has not been set to 1. The Iris poweroff=
 handler will not be installed.
[    7.125928] NatSemi SCx200 Driver
[    7.125928] NatSemi SCx200 Driver
[    7.128710] spin_lock-torture:--- Start of test: nwriters_stress=3D4 sta=
t_interval=3D60 verbose=3D1 shuffle_interval=3D3 stutter=3D5 shutdown_secs=
=3D0 onoff_interval=3D0 onoff_holdoff=3D0
[    7.128710] spin_lock-torture:--- Start of test: nwriters_stress=3D4 sta=
t_interval=3D60 verbose=3D1 shuffle_interval=3D3 stutter=3D5 shutdown_secs=
=3D0 onoff_interval=3D0 onoff_holdoff=3D0
[    7.132916] spin_lock-torture: Creating torture_shuffle task
[    7.132916] spin_lock-torture: Creating torture_shuffle task
[    7.134765] spin_lock-torture: Creating torture_stutter task
[    7.134765] spin_lock-torture: Creating torture_stutter task
[    7.136378] spin_lock-torture: torture_shuffle task started
[    7.136378] spin_lock-torture: torture_shuffle task started
[    7.138084] spin_lock-torture: Creating lock_torture_writer task
[    7.138084] spin_lock-torture: Creating lock_torture_writer task
[    7.138089] spin_lock-torture: torture_stutter task started
[    7.138089] spin_lock-torture: torture_stutter task started
[    7.141455] spin_lock-torture: Creating lock_torture_writer task
[    7.141455] spin_lock-torture: Creating lock_torture_writer task
[    7.143156] spin_lock-torture: lock_torture_writer task started
[    7.143156] spin_lock-torture: lock_torture_writer task started
[    7.144846] spin_lock-torture: Creating lock_torture_writer task
[    7.144846] spin_lock-torture: Creating lock_torture_writer task
[    7.144855] spin_lock-torture: lock_torture_writer task started
[    7.144855] spin_lock-torture: lock_torture_writer task started
[    7.148451] spin_lock-torture: Creating lock_torture_writer task
[    7.148451] spin_lock-torture: Creating lock_torture_writer task
[    7.150147] spin_lock-torture: lock_torture_writer task started
[    7.150147] spin_lock-torture: lock_torture_writer task started
[    7.151835] spin_lock-torture: Creating lock_torture_stats task
[    7.151835] spin_lock-torture: Creating lock_torture_stats task
[    7.151844] spin_lock-torture: lock_torture_writer task started
[    7.151844] spin_lock-torture: lock_torture_writer task started
[    7.156046] spin_lock-torture: lock_torture_stats task started
[    7.156046] spin_lock-torture: lock_torture_stats task started
[    7.167498] futex hash table entries: 512 (order: 3, 32768 bytes)
[    7.167498] futex hash table entries: 512 (order: 3, 32768 bytes)
[    7.175251] HugeTLB registered 2 MB page size, pre-allocated 0 pages
[    7.175251] HugeTLB registered 2 MB page size, pre-allocated 0 pages
[    7.186874] fuse init (API version 7.22)
[    7.186874] fuse init (API version 7.22)
[    7.197780] cryptomgr_test (40) used greatest stack depth: 6424 bytes le=
ft
[    7.197780] cryptomgr_test (40) used greatest stack depth: 6424 bytes le=
ft
[    7.211933] cryptomgr_test (45) used greatest stack depth: 6228 bytes le=
ft
[    7.211933] cryptomgr_test (45) used greatest stack depth: 6228 bytes le=
ft
[    7.217504] cryptomgr_test (47) used greatest stack depth: 6180 bytes le=
ft
[    7.217504] cryptomgr_test (47) used greatest stack depth: 6180 bytes le=
ft
[    7.265345] cryptomgr_test (67) used greatest stack depth: 6152 bytes le=
ft
[    7.265345] cryptomgr_test (67) used greatest stack depth: 6152 bytes le=
ft
[    7.272167] alg: No test for lz4hc (lz4hc-generic)
[    7.272167] alg: No test for lz4hc (lz4hc-generic)
[    7.273876] alg: No test for stdrng (krng)
[    7.273876] alg: No test for stdrng (krng)
[    7.275276] list_sort_test: start testing list_sort()
[    7.275276] list_sort_test: start testing list_sort()
[    7.277457] test_string_helpers: Running tests...
[    7.277457] test_string_helpers: Running tests...
[    7.280562] crc32: CRC_LE_BITS =3D 8, CRC_BE BITS =3D 8
[    7.280562] crc32: CRC_LE_BITS =3D 8, CRC_BE BITS =3D 8
[    7.281916] crc32: self tests passed, processed 225944 bytes in 617379 n=
sec
[    7.281916] crc32: self tests passed, processed 225944 bytes in 617379 n=
sec
[    7.284399] crc32c: CRC_LE_BITS =3D 8
[    7.284399] crc32c: CRC_LE_BITS =3D 8
[    7.285378] crc32c: self tests passed, processed 225944 bytes in 268282 =
nsec
[    7.285378] crc32c: self tests passed, processed 225944 bytes in 268282 =
nsec
[    7.570942] crc32_combine: 8373 self tests passed
[    7.570942] crc32_combine: 8373 self tests passed
[    7.859771] crc32c_combine: 8373 self tests passed
[    7.859771] crc32c_combine: 8373 self tests passed
[    7.867057] xz_dec_test: module loaded
[    7.867057] xz_dec_test: module loaded
[    7.868131] xz_dec_test: Create a device node with 'mknod xz_dec_test c =
251 0' and write .xz files to it.
[    7.868131] xz_dec_test: Create a device node with 'mknod xz_dec_test c =
251 0' and write .xz files to it.
[    7.888810] pci_hotplug: PCI Hot Plug PCI Core version: 0.5
[    7.888810] pci_hotplug: PCI Hot Plug PCI Core version: 0.5
[    7.891747] pciehp: PCI Express Hot Plug Controller Driver version: 0.4
[    7.891747] pciehp: PCI Express Hot Plug Controller Driver version: 0.4
[    7.894364] shpchp: Standard Hot Plug PCI Controller Driver version: 0.4
[    7.894364] shpchp: Standard Hot Plug PCI Controller Driver version: 0.4
[    7.905535] cr_bllcd: INTEL CARILLO RANCH LPC not found.
[    7.905535] cr_bllcd: INTEL CARILLO RANCH LPC not found.
[    7.907110] cr_bllcd: Carillo Ranch Backlight Driver Initialized.
[    7.907110] cr_bllcd: Carillo Ranch Backlight Driver Initialized.
[    7.915208] rivafb_setup START
[    7.915208] rivafb_setup START
[    7.918931] VIA Graphics Integration Chipset framebuffer 2.4 initializing
[    7.918931] VIA Graphics Integration Chipset framebuffer 2.4 initializing
[    7.927739] vmlfb: initializing
[    7.927739] vmlfb: initializing
[    7.929458] Could not find Carillo Ranch MCH device.
[    7.929458] Could not find Carillo Ranch MCH device.
[    7.935839] sgivwfb: CRT monitor selected
[    7.935839] sgivwfb: CRT monitor selected
[    7.937011] sgivwfb: couldn't ioremap screen_base
[    7.937011] sgivwfb: couldn't ioremap screen_base
[    7.940556] hgafb: HGA card not detected.
[    7.940556] hgafb: HGA card not detected.
[    7.941717] hgafb: probe of hgafb.0 failed with error -22
[    7.941717] hgafb: probe of hgafb.0 failed with error -22
[    7.951495] gbefb: couldn't allocate framebuffer memory
[    7.951495] gbefb: couldn't allocate framebuffer memory
[    7.952974] ------------[ cut here ]------------
[    7.952974] ------------[ cut here ]------------
[    7.954307] WARNING: CPU: 1 PID: 1 at lib/dma-debug.c:1041 check_unmap+0=
x126/0x702()
[    7.954307] WARNING: CPU: 1 PID: 1 at lib/dma-debug.c:1041 check_unmap+0=
x126/0x702()
[    7.957071] NULL NULL: DMA-API: device driver tries to free DMA memory i=
t has not allocated [device address=3D0x000000000001a000] [size=3D256 bytes]
[    7.957071] NULL NULL: DMA-API: device driver tries to free DMA memory i=
t has not allocated [device address=3D0x000000000001a000] [size=3D256 bytes]
[    7.960675] CPU: 1 PID: 1 Comm: swapper/0 Not tainted 3.14.0-rc3-wl-0192=
9-g0964c4d #4
[    7.960675] CPU: 1 PID: 1 Comm: swapper/0 Not tainted 3.14.0-rc3-wl-0192=
9-g0964c4d #4
[    7.963014]  00000000
[    7.963014]  00000000 00000000 00000000 d1cebd04 d1cebd04 c1612d01 c1612=
d01 d1cebd2c d1cebd2c d1cebd1c d1cebd1c c10340fe c10340fe c115c326 c115c326

[    7.965395]  c18c1229
[    7.965395]  c18c1229 0001a000 0001a000 00000000 00000000 d1cebd34 d1ceb=
d34 c1034154 c1034154 00000009 00000009 d1cebd2c d1cebd2c c18b78f8 c18b78f8

[    7.967719]  d1cebd48
[    7.967719]  d1cebd48 d1cebd98 d1cebd98 c115c326 c115c326 c18b724f c18b7=
24f 00000411 00000411 c18b78f8 c18b78f8 c18c1229 c18c1229 c18c1229 c18c1229

[    7.970048] Call Trace:
[    7.970048] Call Trace:
[    7.970752]  [<c1612d01>] dump_stack+0x48/0x60
[    7.970752]  [<c1612d01>] dump_stack+0x48/0x60
[    7.971999]  [<c10340fe>] warn_slowpath_common+0x57/0x6e
[    7.971999]  [<c10340fe>] warn_slowpath_common+0x57/0x6e
[    7.973492]  [<c115c326>] ? check_unmap+0x126/0x702
[    7.973492]  [<c115c326>] ? check_unmap+0x126/0x702
[    7.974856]  [<c1034154>] warn_slowpath_fmt+0x26/0x2a
[    7.974856]  [<c1034154>] warn_slowpath_fmt+0x26/0x2a
[    7.976314]  [<c115c326>] check_unmap+0x126/0x702
[    7.976314]  [<c115c326>] check_unmap+0x126/0x702
[    7.977658]  [<c1062c0a>] ? mark_held_locks+0x40/0x72
[    7.977658]  [<c1062c0a>] ? mark_held_locks+0x40/0x72
[    7.979058]  [<c161976d>] ? restore_all+0xf/0xf
[    7.979058]  [<c161976d>] ? restore_all+0xf/0xf
[    7.980472]  [<c115cce0>] debug_dma_free_coherent+0xa8/0xb0
[    7.980472]  [<c115cce0>] debug_dma_free_coherent+0xa8/0xb0
[    7.982078]  [<c11e2082>] dma_free_attrs.constprop.3+0x56/0x7a
[    7.982078]  [<c11e2082>] dma_free_attrs.constprop.3+0x56/0x7a
[    7.983739]  [<c11e266f>] gbefb_probe+0x49b/0x4dc
[    7.983739]  [<c11e266f>] gbefb_probe+0x49b/0x4dc
[    7.985086]  [<c13e893e>] platform_drv_probe+0x32/0x7d
[    7.985086]  [<c13e893e>] platform_drv_probe+0x32/0x7d
[    7.986555]  [<c13e7a92>] driver_probe_device+0x7f/0x177
[    7.986555]  [<c13e7a92>] driver_probe_device+0x7f/0x177
[    7.988046]  [<c13e7ba6>] __device_attach+0x1c/0x2c
[    7.988046]  [<c13e7ba6>] __device_attach+0x1c/0x2c
[    7.989405]  [<c13e6ba6>] bus_for_each_drv+0x35/0x68
[    7.989405]  [<c13e6ba6>] bus_for_each_drv+0x35/0x68
[    7.990783]  [<c13e79a0>] device_attach+0x5d/0x7d
[    7.990783]  [<c13e79a0>] device_attach+0x5d/0x7d
[    7.992086]  [<c13e7b8a>] ? driver_probe_device+0x177/0x177
[    7.992086]  [<c13e7b8a>] ? driver_probe_device+0x177/0x177
[    7.993636]  [<c13e6d1d>] bus_probe_device+0x22/0x77
[    7.993636]  [<c13e6d1d>] bus_probe_device+0x22/0x77
[    7.995012]  [<c13e566d>] device_add+0x30c/0x486
[    7.995012]  [<c13e566d>] device_add+0x30c/0x486
[    7.996304]  [<c13e52d7>] ? dev_set_name+0x14/0x16
[    7.996304]  [<c13e52d7>] ? dev_set_name+0x14/0x16
[    7.997639]  [<c13e8dc5>] platform_device_add+0x10c/0x170
[    7.997639]  [<c13e8dc5>] platform_device_add+0x10c/0x170
[    7.999151]  [<c1a46e8a>] gbefb_init+0x30/0x56
[    7.999151]  [<c1a46e8a>] gbefb_init+0x30/0x56
[    8.000389]  [<c1a46e5a>] ? hgafb_init+0x75/0x75
[    8.000389]  [<c1a46e5a>] ? hgafb_init+0x75/0x75
[    8.001676]  [<c1a24a77>] do_one_initcall+0x79/0x108
[    8.001676]  [<c1a24a77>] do_one_initcall+0x79/0x108
[    8.003055]  [<c1a2445c>] ? repair_env_string+0x12/0x51
[    8.003055]  [<c1a2445c>] ? repair_env_string+0x12/0x51
[    8.004507]  [<c1048c4a>] ? parse_args+0x16a/0x20b
[    8.004507]  [<c1048c4a>] ? parse_args+0x16a/0x20b
[    8.005833]  [<c1a24c80>] kernel_init_freeable+0x17a/0x1ff
[    8.005833]  [<c1a24c80>] kernel_init_freeable+0x17a/0x1ff
[    8.007396]  [<c160d88d>] kernel_init+0x8/0xbd
[    8.007396]  [<c160d88d>] kernel_init+0x8/0xbd
[    8.008629]  [<c1619eb7>] ret_from_kernel_thread+0x1b/0x28
[    8.008629]  [<c1619eb7>] ret_from_kernel_thread+0x1b/0x28
[    8.010147]  [<c160d885>] ? rest_init+0x116/0x116
[    8.010147]  [<c160d885>] ? rest_init+0x116/0x116
[    8.011464] ---[ end trace c1622b028dcb1e0c ]---
[    8.011464] ---[ end trace c1622b028dcb1e0c ]---
[    8.012888] gbefb: probe of gbefb.0 failed with error -12
[    8.012888] gbefb: probe of gbefb.0 failed with error -12
[    8.016715] usbcore: registered new interface driver udlfb
[    8.016715] usbcore: registered new interface driver udlfb
[    8.020535] ipmi message handler version 39.2
[    8.020535] ipmi message handler version 39.2
[    8.021869] ipmi device interface
[    8.021869] ipmi device interface
[    8.023652] IPMI System Interface driver.
[    8.023652] IPMI System Interface driver.
[    8.026096] ipmi_si: Adding default-specified kcs state machine
[    8.026096] ipmi_si: Adding default-specified kcs state machine

[    8.027769] ipmi_si: Trying default-specified kcs state machine at i/o a=
ddress 0xca2, slave address 0x0, irq 0
[    8.027769] ipmi_si: Trying default-specified kcs state machine at i/o a=
ddress 0xca2, slave address 0x0, irq 0
[    8.030569] ipmi_si: Interface detection failed
[    8.030569] ipmi_si: Interface detection failed
[    8.035089] ipmi_si: Adding default-specified smic state machine
[    8.035089] ipmi_si: Adding default-specified smic state machine

[    8.036781] ipmi_si: Trying default-specified smic state machine at i/o =
address 0xca9, slave address 0x0, irq 0
[    8.036781] ipmi_si: Trying default-specified smic state machine at i/o =
address 0xca9, slave address 0x0, irq 0
[    8.039586] ipmi_si: Interface detection failed
[    8.039586] ipmi_si: Interface detection failed
[    8.044096] ipmi_si: Adding default-specified bt state machine
[    8.044096] ipmi_si: Adding default-specified bt state machine

[    8.045738] ipmi_si: Trying default-specified bt state machine at i/o ad=
dress 0xe4, slave address 0x0, irq 0
[    8.045738] ipmi_si: Trying default-specified bt state machine at i/o ad=
dress 0xe4, slave address 0x0, irq 0
[    8.048474] ipmi_si: Interface detection failed
[    8.048474] ipmi_si: Interface detection failed
[    8.053468] ipmi_si: Unable to find any System Interface(s)
[    8.053468] ipmi_si: Unable to find any System Interface(s)
[    8.055017] IPMI Watchdog: driver initialized
[    8.055017] IPMI Watchdog: driver initialized
[    8.056234] Copyright (C) 2004 MontaVista Software - IPMI Powerdown via =
sys_reboot.
[    8.056234] Copyright (C) 2004 MontaVista Software - IPMI Powerdown via =
sys_reboot.
[    8.062876] input: Power Button as /devices/LNXSYSTM:00/LNXPWRBN:00/inpu=
t/input0
[    8.062876] input: Power Button as /devices/LNXSYSTM:00/LNXPWRBN:00/inpu=
t/input0
[    8.064953] ACPI: Power Button [PWRF]
[    8.064953] ACPI: Power Button [PWRF]
[    8.104110] tsc: Refined TSC clocksource calibration: 2833.278 MHz
[    8.104110] tsc: Refined TSC clocksource calibration: 2833.278 MHz
[    8.999771] Serial: 8250/16550 driver, 4 ports, IRQ sharing disabled
[    8.999771] Serial: 8250/16550 driver, 4 ports, IRQ sharing disabled
[    9.024745] 00:05: ttyS0 at I/O 0x3f8 (irq =3D 4, base_baud =3D 115200) =
is a 16550A
[    9.024745] 00:05: ttyS0 at I/O 0x3f8 (irq =3D 4, base_baud =3D 115200) =
is a 16550A
[    9.049143] DoubleTalk PC - not found
[    9.049143] DoubleTalk PC - not found
[    9.050190] sonypi: Sony Programmable I/O Controller Driver v1.26.
[    9.050190] sonypi: Sony Programmable I/O Controller Driver v1.26.
[    9.053966] Non-volatile memory driver v1.3
[    9.053966] Non-volatile memory driver v1.3
[    9.056290] scx200_gpio: no SCx200 gpio present
[    9.056290] scx200_gpio: no SCx200 gpio present
[    9.059036] platform pc8736x_gpio.0: NatSemi pc8736x GPIO Driver Initial=
izing
[    9.059036] platform pc8736x_gpio.0: NatSemi pc8736x GPIO Driver Initial=
izing
[    9.061037] platform pc8736x_gpio.0: no device found
[    9.061037] platform pc8736x_gpio.0: no device found
[    9.062742] nsc_gpio initializing
[    9.062742] nsc_gpio initializing
[    9.063684] Linux agpgart interface v0.103
[    9.063684] Linux agpgart interface v0.103
[    9.072923] Hangcheck: starting hangcheck timer 0.9.1 (tick is 180 secon=
ds, margin is 60 seconds).
[    9.072923] Hangcheck: starting hangcheck timer 0.9.1 (tick is 180 secon=
ds, margin is 60 seconds).
[    9.075408] Hangcheck: Using getrawmonotonic().
[    9.075408] Hangcheck: Using getrawmonotonic().
[    9.077451] [drm] Initialized drm 1.1.0 20060810
[    9.077451] [drm] Initialized drm 1.1.0 20060810
[    9.080212] [drm] radeon kernel modesetting enabled.
[    9.080212] [drm] radeon kernel modesetting enabled.
[    9.092640] [TTM] Zone  kernel: Available graphics memory: 140632 kiB
[    9.092640] [TTM] Zone  kernel: Available graphics memory: 140632 kiB
[    9.094461] [TTM] Initializing pool allocator
[    9.094461] [TTM] Initializing pool allocator
[    9.110335] [drm] fb mappable at 0xFC000000
[    9.110335] [drm] fb mappable at 0xFC000000
[    9.111509] [drm] vram aper at 0xFC000000
[    9.111509] [drm] vram aper at 0xFC000000
[    9.112626] [drm] size 4194304
[    9.112626] [drm] size 4194304
[    9.113490] [drm] fb depth is 24
[    9.113490] [drm] fb depth is 24
[    9.114400] [drm]    pitch is 3072
[    9.114400] [drm]    pitch is 3072
[    9.118251] cirrus 0000:00:02.0: fb0: cirrusdrmfb frame buffer device
[    9.118251] cirrus 0000:00:02.0: fb0: cirrusdrmfb frame buffer device
[    9.120044] cirrus 0000:00:02.0: registered panic notifier
[    9.120044] cirrus 0000:00:02.0: registered panic notifier
[    9.121582] [drm] Initialized cirrus 1.0.0 20110418 for 0000:00:02.0 on =
minor 0
[    9.121582] [drm] Initialized cirrus 1.0.0 20110418 for 0000:00:02.0 on =
minor 0
[    9.125623] usbcore: registered new interface driver udl
[    9.125623] usbcore: registered new interface driver udl
[    9.133679] Phantom Linux Driver, version n0.9.8, init OK
[    9.133679] Phantom Linux Driver, version n0.9.8, init OK
[    9.140860] Guest personality initialized and is inactive
[    9.140860] Guest personality initialized and is inactive
[    9.143786] VMCI host device registered (name=3Dvmci, major=3D10, minor=
=3D62)
[    9.143786] VMCI host device registered (name=3Dvmci, major=3D10, minor=
=3D62)
[    9.145637] Initialized host personality
[    9.145637] Initialized host personality
[    9.154038] usbcore: registered new interface driver viperboard
[    9.154038] usbcore: registered new interface driver viperboard
[    9.164211] Databook TCIC-2 PCMCIA probe:=20
[    9.164211] Databook TCIC-2 PCMCIA probe: not found.
not found.
[    9.167997] usbcore: registered new interface driver hwa-rc
[    9.167997] usbcore: registered new interface driver hwa-rc
[    9.173570] ehci_hcd: USB 2.0 'Enhanced' Host Controller (EHCI) Driver
[    9.173570] ehci_hcd: USB 2.0 'Enhanced' Host Controller (EHCI) Driver
[    9.175434] ehci-pci: EHCI PCI platform driver
[    9.175434] ehci-pci: EHCI PCI platform driver
[    9.177194] ehci-platform: EHCI generic platform driver
[    9.177194] ehci-platform: EHCI generic platform driver
[    9.180039] uhci_hcd: USB Universal Host Controller Interface driver
[    9.180039] uhci_hcd: USB Universal Host Controller Interface driver
[    9.185587] fotg210_hcd: FOTG210 Host Controller (EHCI) Driver
[    9.185587] fotg210_hcd: FOTG210 Host Controller (EHCI) Driver
[    9.187234]=20
[    9.187234]=20
[    9.191253] usbcore: registered new interface driver wusb-cbaf
[    9.191253] usbcore: registered new interface driver wusb-cbaf
[    9.193432] usbcore: registered new interface driver usblp
[    9.193432] usbcore: registered new interface driver usblp
[    9.195484] usbcore: registered new interface driver cdc_wdm
[    9.195484] usbcore: registered new interface driver cdc_wdm
[    9.197545] usbcore: registered new interface driver usbtmc
[    9.197545] usbcore: registered new interface driver usbtmc
[    9.199919] usbcore: registered new interface driver appledisplay
[    9.199919] usbcore: registered new interface driver appledisplay
[    9.202135] usbcore: registered new interface driver cypress_cy7c63
[    9.202135] usbcore: registered new interface driver cypress_cy7c63
[    9.204415] usbcore: registered new interface driver emi26 - firmware lo=
ader
[    9.204415] usbcore: registered new interface driver emi26 - firmware lo=
ader
[    9.206832] usbcore: registered new interface driver emi62 - firmware lo=
ader
[    9.206832] usbcore: registered new interface driver emi62 - firmware lo=
ader
[    9.209339] usbcore: registered new interface driver idmouse
[    9.209339] usbcore: registered new interface driver idmouse
[    9.211410] usbcore: registered new interface driver iowarrior
[    9.211410] usbcore: registered new interface driver iowarrior
[    9.213520] usbcore: registered new interface driver usbled
[    9.213520] usbcore: registered new interface driver usbled
[    9.215544] usbcore: registered new interface driver legousbtower
[    9.215544] usbcore: registered new interface driver legousbtower
[    9.217746] usbcore: registered new interface driver usbtest
[    9.217746] usbcore: registered new interface driver usbtest
[    9.219812] usbcore: registered new interface driver trancevibrator
[    9.219812] usbcore: registered new interface driver trancevibrator
[    9.222105] usbcore: registered new interface driver usbsevseg
[    9.222105] usbcore: registered new interface driver usbsevseg
[    9.224235] usbcore: registered new interface driver sisusb
[    9.224235] usbcore: registered new interface driver sisusb
[    9.229799] dummy_hcd dummy_hcd.0: USB Host+Gadget Emulator, driver 02 M=
ay 2005
[    9.229799] dummy_hcd dummy_hcd.0: USB Host+Gadget Emulator, driver 02 M=
ay 2005
[    9.231928] dummy_hcd dummy_hcd.0: Dummy host controller
[    9.231928] dummy_hcd dummy_hcd.0: Dummy host controller
[    9.235981] dummy_hcd dummy_hcd.0: new USB bus registered, assigned bus =
number 1
[    9.235981] dummy_hcd dummy_hcd.0: new USB bus registered, assigned bus =
number 1
[    9.246883] hub 1-0:1.0: USB hub found
[    9.246883] hub 1-0:1.0: USB hub found
[    9.248206] hub 1-0:1.0: 1 port detected
[    9.248206] hub 1-0:1.0: 1 port detected
[    9.261508] gadgetfs: USB Gadget filesystem, version 24 Aug 2004
[    9.261508] gadgetfs: USB Gadget filesystem, version 24 Aug 2004
[    9.264248] i8042: PNP: PS/2 Controller [PNP0303:KBD,PNP0f13:MOU] at 0x6=
0,0x64 irq 1,12
[    9.264248] i8042: PNP: PS/2 Controller [PNP0303:KBD,PNP0f13:MOU] at 0x6=
0,0x64 irq 1,12
[    9.269254] serio: i8042 KBD port at 0x60,0x64 irq 1
[    9.269254] serio: i8042 KBD port at 0x60,0x64 irq 1
[    9.270715] serio: i8042 AUX port at 0x60,0x64 irq 12
[    9.270715] serio: i8042 AUX port at 0x60,0x64 irq 12
[    9.352679] usb usb1: dummy_bus_suspend
[    9.352679] usb usb1: dummy_bus_suspend
[    9.358120] input: AT Translated Set 2 keyboard as /devices/platform/i80=
42/serio0/input/input1
[    9.358120] input: AT Translated Set 2 keyboard as /devices/platform/i80=
42/serio0/input/input1
[    9.362803] usbcore: registered new interface driver xpad
[    9.362803] usbcore: registered new interface driver xpad
[    9.365064] I2O subsystem v1.325
[    9.365064] I2O subsystem v1.325
[    9.365962] i2o: max drivers =3D 8
[    9.365962] i2o: max drivers =3D 8
[    9.368225] I2O Configuration OSM v1.323
[    9.368225] I2O Configuration OSM v1.323
[    9.370506] I2O ProcFS OSM v1.316
[    9.370506] I2O ProcFS OSM v1.316
[    9.372754] rtc_cmos 00:00: RTC can wake from S4
[    9.372754] rtc_cmos 00:00: RTC can wake from S4
[    9.376239] rtc_cmos 00:00: rtc core: registered rtc_cmos as rtc0
[    9.376239] rtc_cmos 00:00: rtc core: registered rtc_cmos as rtc0
[    9.378163] rtc_cmos 00:00: alarms up to one day, 114 bytes nvram, hpet =
irqs
[    9.378163] rtc_cmos 00:00: alarms up to one day, 114 bytes nvram, hpet =
irqs
[    9.393366] rtc-test rtc-test.0: rtc core: registered test as rtc1
[    9.393366] rtc-test rtc-test.0: rtc core: registered test as rtc1
[    9.396923] rtc-test rtc-test.1: rtc core: registered test as rtc2
[    9.396923] rtc-test rtc-test.1: rtc core: registered test as rtc2
[    9.400408] i2c /dev entries driver
[    9.400408] i2c /dev entries driver
[    9.403612] piix4_smbus 0000:00:01.3: SMBus Host Controller at 0xb100, r=
evision 0
[    9.403612] piix4_smbus 0000:00:01.3: SMBus Host Controller at 0xb100, r=
evision 0
[    9.413841] usbcore: registered new interface driver i2c-tiny-usb
[    9.413841] usbcore: registered new interface driver i2c-tiny-usb
[    9.415839] scx200_i2c: no SCx200 gpio pins available
[    9.415839] scx200_i2c: no SCx200 gpio pins available
[    9.417569] Driver for 1-wire Dallas network protocol.
[    9.417569] Driver for 1-wire Dallas network protocol.
[    9.420429] usbcore: registered new interface driver DS9490R
[    9.420429] usbcore: registered new interface driver DS9490R
[    9.422328] DS1WM w1 busmaster driver - (c) 2004 Szabolcs Gyurko
[    9.422328] DS1WM w1 busmaster driver - (c) 2004 Szabolcs Gyurko
[    9.424625] 1-Wire driver for the DS2760 battery monitor  chip  - (c) 20=
04-2005, Szabolcs Gyurko
[    9.424625] 1-Wire driver for the DS2760 battery monitor  chip  - (c) 20=
04-2005, Szabolcs Gyurko
[    9.752067] i2c i2c-0: detect fail: address match, 0x2c
[    9.752067] i2c i2c-0: detect fail: address match, 0x2c
[    9.757095] i2c i2c-0: detect fail: address match, 0x2d
[    9.757095] i2c i2c-0: detect fail: address match, 0x2d
[    9.762062] i2c i2c-0: detect fail: address match, 0x2e
[    9.762062] i2c i2c-0: detect fail: address match, 0x2e
[    9.767064] i2c i2c-0: detect fail: address match, 0x2f
[    9.767064] i2c i2c-0: detect fail: address match, 0x2f
[    9.819088] applesmc: supported laptop not found!
[    9.819088] applesmc: supported laptop not found!
[    9.820447] applesmc: driver init failed (ret=3D-19)!
[    9.820447] applesmc: driver init failed (ret=3D-19)!
[   10.580178] platform eisa.0: Probing EISA bus 0
[   10.580178] platform eisa.0: Probing EISA bus 0
[   10.581499] platform eisa.0: EISA: Cannot allocate resource for mainboard
[   10.581499] platform eisa.0: EISA: Cannot allocate resource for mainboard
[   10.583749] sdhci: Secure Digital Host Controller Interface driver
[   10.583749] sdhci: Secure Digital Host Controller Interface driver
[   10.585469] sdhci: Copyright(c) Pierre Ossman
[   10.585469] sdhci: Copyright(c) Pierre Ossman
[   10.587069] wbsd: Winbond W83L51xD SD/MMC card interface driver
[   10.587069] wbsd: Winbond W83L51xD SD/MMC card interface driver
[   10.588709] wbsd: Copyright(c) Pierre Ossman
[   10.588709] wbsd: Copyright(c) Pierre Ossman
[   10.590955] VUB300 Driver rom wait states =3D 1C irqpoll timeout =3D 0400
[   10.590955] VUB300 Driver rom wait states =3D 1C irqpoll timeout =3D 0400

[   10.594153] usbcore: registered new interface driver vub300
[   10.594153] usbcore: registered new interface driver vub300
[   10.596137] usbcore: registered new interface driver ushc
[   10.596137] usbcore: registered new interface driver ushc
[   10.597641] sdhci-pltfm: SDHCI platform and OF driver helper
[   10.597641] sdhci-pltfm: SDHCI platform and OF driver helper
[   10.606163] ledtrig-cpu: registered to indicate activity on CPUs
[   10.606163] ledtrig-cpu: registered to indicate activity on CPUs
[   10.610504] dcdbas dcdbas: Dell Systems Management Base Driver (version =
5.6.0-3.2)
[   10.610504] dcdbas dcdbas: Dell Systems Management Base Driver (version =
5.6.0-3.2)
[   10.612830] cs5535-clockevt: Could not allocate MFGPT timer
[   10.612830] cs5535-clockevt: Could not allocate MFGPT timer
[   10.615184] hidraw: raw HID events driver (C) Jiri Kosina
[   10.615184] hidraw: raw HID events driver (C) Jiri Kosina
[   10.633892] usbcore: registered new interface driver usbhid
[   10.633892] usbcore: registered new interface driver usbhid
[   10.635501] usbhid: USB HID core driver
[   10.635501] usbhid: USB HID core driver
[   10.636929] vme_user: VME User Space Access Driver
[   10.636929] vme_user: VME User Space Access Driver
[   10.638318] vme_user: No cards, skipping registration
[   10.638318] vme_user: No cards, skipping registration
[   10.639743] vme_pio2: No cards, skipping registration
[   10.639743] vme_pio2: No cards, skipping registration
[   10.651879] usbcore: registered new interface driver cedusb
[   10.651879] usbcore: registered new interface driver cedusb
[   10.653452] hdaps: supported laptop not found!
[   10.653452] hdaps: supported laptop not found!
[   10.654697] hdaps: driver init failed (ret=3D-19)!
[   10.654697] hdaps: driver init failed (ret=3D-19)!
[   10.656224] goldfish_pdev_bus goldfish_pdev_bus: unable to reserve Goldf=
ish MMIO.
[   10.656224] goldfish_pdev_bus goldfish_pdev_bus: unable to reserve Goldf=
ish MMIO.
[   10.658332] goldfish_pdev_bus: probe of goldfish_pdev_bus failed with er=
ror -16
[   10.658332] goldfish_pdev_bus: probe of goldfish_pdev_bus failed with er=
ror -16
[   10.680769] oprofile: using NMI interrupt.
[   10.680769] oprofile: using NMI interrupt.
[   10.689500]=20
[   10.689500] printing PIC contents
[   10.689500]=20
[   10.689500] printing PIC contents
[   10.690878] ... PIC  IMR: ffff
[   10.690878] ... PIC  IMR: ffff
[   10.691738] ... PIC  IRR: 1113
[   10.691738] ... PIC  IRR: 1113
[   10.692618] ... PIC  ISR: 0000
[   10.692618] ... PIC  ISR: 0000
[   10.693496] ... PIC ELCR: 0c00
[   10.693496] ... PIC ELCR: 0c00
[   10.694406] printing local APIC contents on CPU#0/0:
[   10.694406] printing local APIC contents on CPU#0/0:
[   10.695015] ... APIC ID:      00000000 (0)
[   10.695015] ... APIC ID:      00000000 (0)
[   10.695015] ... APIC VERSION: 00050014
[   10.695015] ... APIC VERSION: 00050014
[   10.695015] ... APIC TASKPRI: 00000000 (00)
[   10.695015] ... APIC TASKPRI: 00000000 (00)
[   10.695015] ... APIC PROCPRI: 00000000
[   10.695015] ... APIC PROCPRI: 00000000
[   10.695015] ... APIC LDR: 01000000
[   10.695015] ... APIC LDR: 01000000
[   10.695015] ... APIC DFR: ffffffff
[   10.695015] ... APIC DFR: ffffffff
[   10.695015] ... APIC SPIV: 000001ff
[   10.695015] ... APIC SPIV: 000001ff
[   10.695015] ... APIC ISR field:
[   10.695015] ... APIC ISR field:
[   10.695015] 00000000
[   10.695015] 000000000000000000000000000000000000000000000000000000000000=
000000000000000000000000000000000000000000000000000000000000

[   10.695015] ... APIC TMR field:
[   10.695015] ... APIC TMR field:
[   10.695015] 00000000
[   10.695015] 000000000200000002000000000000000000000000000000000000000000=
000000000000000000000000000000000000000000000000000000000000

[   10.695015] ... APIC IRR field:
[   10.695015] ... APIC IRR field:
[   10.695015] 00000000
[   10.695015] 000000000000000000000000000000000000000000000000000000000000=
000000000000000000000000000000000000000000000000800000008000

[   10.695015] ... APIC ESR: 00000000
[   10.695015] ... APIC ESR: 00000000
[   10.695015] ... APIC ICR: 000008fd
[   10.695015] ... APIC ICR: 000008fd
[   10.695015] ... APIC ICR2: 02000000
[   10.695015] ... APIC ICR2: 02000000
[   10.695015] ... APIC LVTT: 000000ef
[   10.695015] ... APIC LVTT: 000000ef
[   10.695015] ... APIC LVTPC: 00010000
[   10.695015] ... APIC LVTPC: 00010000
[   10.695015] ... APIC LVT0: 00010700
[   10.695015] ... APIC LVT0: 00010700
[   10.695015] ... APIC LVT1: 00000400
[   10.695015] ... APIC LVT1: 00000400
[   10.695015] ... APIC LVTERR: 000000fe
[   10.695015] ... APIC LVTERR: 000000fe
[   10.695015] ... APIC TMICT: 0000efdb
[   10.695015] ... APIC TMICT: 0000efdb
[   10.695015] ... APIC TMCCT: 00000000
[   10.695015] ... APIC TMCCT: 00000000
[   10.695015] ... APIC TDCR: 00000003
[   10.695015] ... APIC TDCR: 00000003
[   10.695015]=20
[   10.695015]=20
[   10.723281] number of MP IRQ sources: 15.
[   10.723281] number of MP IRQ sources: 15.
[   10.724472] number of IO-APIC #0 registers: 24.
[   10.724472] number of IO-APIC #0 registers: 24.
[   10.725744] testing the IO APIC.......................
[   10.725744] testing the IO APIC.......................
[   10.727204] IO APIC #0......
[   10.727204] IO APIC #0......
[   10.728002] .... register #00: 00000000
[   10.728002] .... register #00: 00000000
[   10.729080] .......    : physical APIC id: 00
[   10.729080] .......    : physical APIC id: 00
[   10.730296] .......    : Delivery Type: 0
[   10.730296] .......    : Delivery Type: 0
[   10.731417] .......    : LTS          : 0
[   10.731417] .......    : LTS          : 0
[   10.732541] .... register #01: 00170011
[   10.732541] .... register #01: 00170011
[   10.733617] .......     : max redirection entries: 17
[   10.733617] .......     : max redirection entries: 17
[   10.735023] .......     : PRQ implemented: 0
[   10.735023] .......     : PRQ implemented: 0
[   10.736210] .......     : IO APIC version: 11
[   10.736210] .......     : IO APIC version: 11
[   10.737427] .... register #02: 00000000
[   10.737427] .... register #02: 00000000
[   10.738500] .......     : arbitration: 00
[   10.738500] .......     : arbitration: 00
[   10.739624] .... IRQ redirection table:
[   10.739624] .... IRQ redirection table:
[   10.740715] 1    0    0   0   0    0    0    00
[   10.740715] 1    0    0   0   0    0    0    00
[   10.741997] 0    0    0   0   0    1    1    31
[   10.741997] 0    0    0   0   0    1    1    31
[   10.743289] 0    0    0   0   0    1    1    30
[   10.743289] 0    0    0   0   0    1    1    30
[   10.744565] 0    0    0   0   0    1    1    33
[   10.744565] 0    0    0   0   0    1    1    33
[   10.745845] 1    0    0   0   0    1    1    34
[   10.745845] 1    0    0   0   0    1    1    34
[   10.747125] 1    1    0   0   0    1    1    35
[   10.747125] 1    1    0   0   0    1    1    35
[   10.748406] 0    0    0   0   0    1    1    36
[   10.748406] 0    0    0   0   0    1    1    36
[   10.749683] 0    0    0   0   0    1    1    37
[   10.749683] 0    0    0   0   0    1    1    37
[   10.750960] 0    0    0   0   0    1    1    38
[   10.750960] 0    0    0   0   0    1    1    38
[   10.752242] 0    1    0   0   0    1    1    39
[   10.752242] 0    1    0   0   0    1    1    39
[   10.753525] 1    1    0   0   0    1    1    3A
[   10.753525] 1    1    0   0   0    1    1    3A
[   10.754810] 1    1    0   0   0    1    1    3B
[   10.754810] 1    1    0   0   0    1    1    3B
[   10.756085] 0    0    0   0   0    1    1    3C
[   10.756085] 0    0    0   0   0    1    1    3C
[   10.757358] 0    0    0   0   0    1    1    3D
[   10.757358] 0    0    0   0   0    1    1    3D
[   10.758630] 0    0    0   0   0    1    1    3E
[   10.758630] 0    0    0   0   0    1    1    3E
[   10.759908] 0    0    0   0   0    1    1    3F
[   10.759908] 0    0    0   0   0    1    1    3F
[   10.761188] 1    0    0   0   0    0    0    00
[   10.761188] 1    0    0   0   0    0    0    00
[   10.762472] 1    0    0   0   0    0    0    00
[   10.762472] 1    0    0   0   0    0    0    00
[   10.763745] 1    0    0   0   0    0    0    00
[   10.763745] 1    0    0   0   0    0    0    00
[   10.765024] 1    0    0   0   0    0    0    00
[   10.765024] 1    0    0   0   0    0    0    00
[   10.766301] 1    0    0   0   0    0    0    00
[   10.766301] 1    0    0   0   0    0    0    00
[   10.767571] 1    0    0   0   0    0    0    00
[   10.767571] 1    0    0   0   0    0    0    00
[   10.768849] 1    0    0   0   0    0    0    00
[   10.768849] 1    0    0   0   0    0    0    00
[   10.770139] 1    0    0   0   0    0    0    00
[   10.770139] 1    0    0   0   0    0    0    00
[   10.771412] IRQ to pin mappings:
[   10.771412] IRQ to pin mappings:
[   10.772320] IRQ0=20
[   10.772320] IRQ0 -> 0:2-> 0:2

[   10.773055] IRQ1=20
[   10.773055] IRQ1 -> 0:1-> 0:1

[   10.773773] IRQ3=20
[   10.773773] IRQ3 -> 0:3-> 0:3

[   10.774510] IRQ4=20
[   10.774510] IRQ4 -> 0:4-> 0:4

[   10.775241] IRQ5=20
[   10.775241] IRQ5 -> 0:5-> 0:5

[   10.775956] IRQ6=20
[   10.775956] IRQ6 -> 0:6-> 0:6

[   10.776697] IRQ7=20
[   10.776697] IRQ7 -> 0:7-> 0:7

[   10.777437] IRQ8=20
[   10.777437] IRQ8 -> 0:8-> 0:8

[   10.778165] IRQ9=20
[   10.778165] IRQ9 -> 0:9-> 0:9

[   10.778881] IRQ10=20
[   10.778881] IRQ10 -> 0:10-> 0:10

[   10.779665] IRQ11=20
[   10.779665] IRQ11 -> 0:11-> 0:11

[   10.780449] IRQ12=20
[   10.780449] IRQ12 -> 0:12-> 0:12

[   10.781233] IRQ13=20
[   10.781233] IRQ13 -> 0:13-> 0:13

[   10.781994] IRQ14=20
[   10.781994] IRQ14 -> 0:14-> 0:14

[   10.782780] IRQ15=20
[   10.782780] IRQ15 -> 0:15-> 0:15

[   10.783568] .................................... done.
[   10.783568] .................................... done.
[   10.784987] Using IPI No-Shortcut mode
[   10.784987] Using IPI No-Shortcut mode
[   10.790078] bootconsole [earlyser0] disabled
[   10.790078] bootconsole [earlyser0] disabled
[   10.798871] debug: unmapping init [mem 0xc1a24000-0xc1a82fff]
[   10.801540] Write protecting the kernel text: 6252k
[   10.803034] Write protecting the kernel read-only data: 3336k
[   10.803848] NX-protecting the kernel data: 6036k
[   10.857268] random: init urandom read with 4 bits of entropy available
[   11.455915] init: Failed to create pty - disabling logging for job
[   11.457333] init: Temporary process spawn error: No space left on device
[   11.887646] initctl (137) used greatest stack depth: 6096 bytes left
[   12.158754] init: plymouth-log main process (150) terminated with status=
 1
udevd[159]: error creating signalfd

udevd[166]: error creating signalfd

udevd[168]: error creating signalfd

udevd[170]: error creating signalfd

udevd[172]: error creating signalfd

udevd[174]: error creating signalfd

udevd[176]: error creating signalfd

udevd[178]: error creating signalfd

udevd[180]: error creating signalfd

udevd[182]: error creating signalfd

udevd[184]: error creating signalfd

Kernel tests: Boot OK!
Kernel tests: Boot OK!
Trinity v1.4pre  Dave Jones <davej@redhat.com>
[init] Marking syscall get_robust_list (312) as to be disabled.
Done parsing arguments.
Marking all syscalls as enabled.
[init] Disabling syscalls marked as disabled by command line options
[init] Marked syscall get_robust_list (312) as deactivated.
[init] Enabled 350 syscalls. Disabled 1 syscalls.
DANGER: RUNNING AS ROOT.
Unless you are running in a virtual machine, this could cause serious probl=
ems such as overwriting CMOS
or similar which could potentially make this machine unbootable without a f=
irmware reset.

ctrl-c now unless you really know what you are doing.
Continuing in 10 seconds.
[init] Kernel was tainted on startup. Will ignore flags that are already se=
t.
[init] Started watchdog process, PID is 257
[main] Main thread is alive.
[main] Setsockopt(1 2c 80d3000 85) on fd 7 [1:5:1]
[main] Setsockopt(1 10 80d3000 4) on fd 9 [1:1:1]
[main] Setsockopt(1 a 80d3000 4) on fd 11 [1:2:1]
[main] Setsockopt(1 29 80d3000 4) on fd 12 [1:1:1]
[main] Setsockopt(1 12 80d3000 46) on fd 15 [16:2:16]
[main] Setsockopt(1 20 80d3000 4) on fd 17 [1:5:1]
[main] Setsockopt(1 10 80d3000 c0) on fd 20 [16:3:15]
[main] Setsockopt(1 1 80d3000 4) on fd 21 [1:5:1]
[main] Setsockopt(1 24 80d3000 da) on fd 22 [16:3:4]
[main] Setsockopt(1 9 80d3000 4) on fd 23 [1:1:1]
[main] Setsockopt(1 e 80d3000 ca) on fd 24 [16:3:16]
[main] Setsockopt(1 b 80d3000 3f) on fd 25 [1:5:1]
[main] Setsockopt(1 f 80d3000 e8) on fd 26 [1:1:1]
[main] Setsockopt(1 e 80d3000 4) on fd 27 [1:5:1]
[main] Setsockopt(1 f 80d3000 4e) on fd 29 [1:1:1]
[main] Setsockopt(1 d 80d3000 8) on fd 30 [1:5:1]
[main] Setsockopt(1 b 80d3000 6b) on fd 31 [1:2:1]
[main] Setsockopt(1 28 80d3000 4) on fd 32 [16:3:15]
[main] Setsockopt(1 2e 80d3000 4) on fd 35 [1:5:1]
[main] Setsockopt(1 2 80d3000 46) on fd 36 [1:5:1]
[main] Setsockopt(10e 4 80d3000 e7) on fd 37 [16:3:15]
[main] Setsockopt(1 1 80d3000 a7) on fd 38 [1:2:1]
[main] Setsockopt(1 d 80d3000 8) on fd 40 [1:1:1]
[main] Setsockopt(10e 5 80d3000 4) on fd 41 [16:3:2]
[main] Setsockopt(1 20 80d3000 88) on fd 44 [1:2:1]
[main] Setsockopt(1 6 80d3000 4) on fd 45 [16:2:0]
[main] Setsockopt(1 a 80d3000 4) on fd 46 [1:2:1]
[main] Setsockopt(1 10 80d3000 eb) on fd 47 [1:1:1]
[main] Setsockopt(1 2 80d3000 4) on fd 48 [1:2:1]
[main] Setsockopt(1 21 80d3000 4) on fd 49 [1:2:1]
[main] Setsockopt(1 2 80d3000 bc) on fd 50 [1:1:1]
[main] Setsockopt(1 10 80d3000 17) on fd 52 [16:3:16]
[main] Setsockopt(1 6 80d3000 4) on fd 54 [1:1:1]
[main] Setsockopt(1 7 80d3000 4) on fd 55 [16:3:4]
[main] Setsockopt(1 2e 80d3000 4) on fd 56 [1:5:1]
[main] Setsockopt(1 6 80d3000 2c) on fd 57 [1:2:1]
[main] Setsockopt(1 1 80d3000 4) on fd 59 [1:2:1]
[main] Setsockopt(1 7 80d3000 4) on fd 60 [1:1:1]
[main] Setsockopt(10e 3 80d3000 4) on fd 61 [16:3:0]
[main] Setsockopt(1 e 80d3000 4) on fd 62 [1:5:1]
[main] Setsockopt(10e 4 80d3000 6f) on fd 63 [16:3:4]
[main] Setsockopt(1 2f 80d3000 4) on fd 64 [1:2:1]
[main] Setsockopt(1 24 80d3000 4) on fd 66 [1:2:1]
[main] Setsockopt(1 2b 80d3000 c) on fd 67 [1:1:1]
[main] Setsockopt(1 2f 80d3000 4) on fd 68 [1:1:1]
[main] Setsockopt(1 9 80d3000 4) on fd 69 [1:1:1]
[main] Setsockopt(1 8 80d3000 e) on fd 70 [1:5:1]
[main] Setsockopt(10e 5 80d3000 4) on fd 71 [16:3:16]
[main] Setsockopt(1 f 80d3000 52) on fd 76 [1:1:1]
[main] Setsockopt(1 1d 80d3000 3a) on fd 77 [1:1:1]
[main] Setsockopt(1 2c 80d3000 c1) on fd 80 [1:2:1]
[main] Setsockopt(1 21 80d3000 b6) on fd 83 [16:2:15]
[main] Setsockopt(1 b 80d3000 c6) on fd 84 [1:2:1]
[main] Setsockopt(1 5 80d3000 5e) on fd 85 [16:3:4]
[main] Setsockopt(1 1d 80d3000 2f) on fd 87 [1:1:1]
[main] Setsockopt(1 9 80d3000 4f) on fd 88 [1:5:1]
[main] Setsockopt(1 b 80d3000 4) on fd 89 [1:5:1]
[main] Setsockopt(1 6 80d3000 4) on fd 91 [1:5:1]
[main] Setsockopt(1 6 80d3000 4) on fd 93 [1:5:1]
[main] Setsockopt(1 2b 80d3000 4) on fd 94 [1:2:1]
[main] Setsockopt(1 2a 80d3000 75) on fd 95 [1:1:1]
[main] Setsockopt(1 6 80d3000 4) on fd 96 [1:2:1]
[main] Setsockopt(1 7 80d3000 f5) on fd 97 [1:1:1]
[main] Setsockopt(1 2 80d3000 4) on fd 105 [1:5:1]
[main] Setsockopt(1 23 80d3000 cb) on fd 106 [1:1:1]
[main] Setsockopt(1 15 80d3000 8) on fd 107 [1:5:1]
[main] Setsockopt(1 10 80d3000 4) on fd 108 [1:2:1]
[main] Setsockopt(10e 4 80d3000 4) on fd 109 [16:3:16]
[main] Setsockopt(1 2e 80d3000 fe) on fd 110 [1:5:1]
[main] Setsockopt(10e 4 80d3000 cb) on fd 112 [16:2:15]
[main] Setsockopt(1 2d 80d3000 80) on fd 114 [1:5:1]
[main] Setsockopt(1 15 80d3000 8) on fd 116 [1:2:1]
[main] Setsockopt(1 2c 80d3000 12) on fd 117 [1:1:1]
[main] Setsockopt(1 5 80d3000 a7) on fd 118 [1:5:1]
[main] Setsockopt(1 2d 80d3000 4) on fd 119 [1:1:1]
[main] Setsockopt(1 2b 80d3000 4) on fd 121 [1:2:1]
[main] Setsockopt(1 6 80d3000 4) on fd 122 [16:3:16]
[main] Setsockopt(10e 1 80d3000 4) on fd 124 [16:3:4]
[main] Setsockopt(1 2b 80d3000 af) on fd 127 [16:3:2]
[main] Setsockopt(1 b 80d3000 7) on fd 128 [1:1:1]
[main] Setsockopt(1 c 80d3000 74) on fd 130 [1:5:1]
[main] Setsockopt(1 1 80d3000 e8) on fd 131 [16:3:0]
[main] Setsockopt(1 5 80d3000 ca) on fd 132 [1:5:1]
[main] Setsockopt(1 2a 80d3000 59) on fd 134 [1:1:1]
[main] Setsockopt(1 e 80d3000 4) on fd 135 [1:1:1]
[main] Setsockopt(1 7 80d3000 e2) on fd 136 [1:2:1]
[main] Setsockopt(1 2b 80d3000 ce) on fd 142 [1:1:1]
[main] Setsockopt(1 d 80d3000 8) on fd 143 [1:1:1]
[main] Setsockopt(1 20 80d3000 4) on fd 145 [1:2:1]
[main] Setsockopt(1 10 80d3000 52) on fd 148 [1:1:1]
[main] Setsockopt(10e 4 80d3000 8d) on fd 149 [16:2:0]
[main] Setsockopt(1 f 80d3000 fb) on fd 151 [1:5:1]
[main] Setsockopt(1 7 80d3000 36) on fd 152 [1:2:1]
[main] Setsockopt(1 28 80d3000 1c) on fd 153 [1:5:1]
[main] Setsockopt(1 2 80d3000 4) on fd 154 [1:5:1]
[main] Setsockopt(1 21 80d3000 29) on fd 155 [1:2:1]
[main] Setsockopt(1 2c 80d3000 4) on fd 156 [1:2:1]
[main] Setsockopt(10e 3 80d3000 90) on fd 159 [16:2:15]
[main] Setsockopt(1 10 80d3000 4) on fd 161 [1:5:1]
[main] Setsockopt(1 2d 80d3000 f7) on fd 163 [1:5:1]
[main] Setsockopt(1 28 80d3000 2a) on fd 164 [1:2:1]
[main] Setsockopt(1 f 80d3000 4) on fd 165 [1:1:1]
[main] Setsockopt(1 2e 80d3000 d3) on fd 166 [1:1:1]
[main] Setsockopt(10e 3 80d3000 4) on fd 169 [16:2:16]
[main] Setsockopt(1 5 80d3000 1e) on fd 170 [1:2:1]
[main] Setsockopt(1 7 80d3000 ac) on fd 172 [1:1:1]
[main] Setsockopt(1 22 80d3000 4) on fd 175 [1:1:1]
[main] Setsockopt(1 7 80d3000 4) on fd 179 [1:5:1]
[main] Setsockopt(10e 5 80d3000 ad) on fd 182 [16:3:0]
[main] Setsockopt(1 2d 80d3000 4) on fd 184 [1:2:1]
[main] Setsockopt(1 21 80d3000 a5) on fd 188 [1:1:1]
[main] Setsockopt(10e 4 80d3000 4) on fd 189 [16:2:16]
[main] Setsockopt(1 2c 80d3000 4) on fd 190 [1:2:1]
[main] Setsockopt(1 10 80d3000 d4) on fd 191 [16:2:16]
[main] Setsockopt(1 5 80d3000 4) on fd 193 [1:5:1]
[main] Setsockopt(1 2f 80d3000 38) on fd 194 [1:5:1]
[main] Setsockopt(1 2a 80d3000 42) on fd 196 [1:2:1]
[main] Setsockopt(1 12 80d3000 4) on fd 198 [16:2:0]
[main] Setsockopt(1 1 80d3000 ff) on fd 199 [1:1:1]
[main] Setsockopt(1 20 80d3000 1a) on fd 200 [1:5:1]
[main] Setsockopt(10e 2 80d3000 4) on fd 202 [16:3:15]
[main] Setsockopt(1 24 80d3000 f1) on fd 204 [1:5:1]
[main] Setsockopt(1 2d 80d3000 93) on fd 205 [1:1:1]
[main] Setsockopt(1 6 80d3000 4) on fd 207 [1:5:1]
[main] Setsockopt(1 2f 80d3000 11) on fd 208 [1:1:1]
[main] Setsockopt(1 2e 80d3000 b4) on fd 213 [1:2:1]
[main] Setsockopt(1 8 80d3000 4) on fd 214 [1:2:1]
[main] Setsockopt(1 1 80d3000 82) on fd 215 [1:2:1]
[main] Setsockopt(1 21 80d3000 6) on fd 216 [1:2:1]
[main] Setsockopt(10e 2 80d3000 4) on fd 217 [16:2:2]
[main] Setsockopt(1 8 80d3000 4) on fd 220 [1:5:1]
[main] Setsockopt(10e 1 80d3000 4) on fd 221 [16:3:16]
[main] Setsockopt(1 b 80d3000 4) on fd 222 [1:5:1]
[main] Setsockopt(1 2f 80d3000 d4) on fd 223 [1:1:1]
[main] Setsockopt(1 6 80d3000 4) on fd 224 [1:2:1]
[main] Setsockopt(1 29 80d3000 4) on fd 225 [1:5:1]
[main] Setsockopt(1 9 80d3000 4) on fd 227 [1:5:1]
[main] Setsockopt(1 2b 80d3000 4) on fd 228 [1:2:1]
[main] Setsockopt(1 2 80d3000 4) on fd 230 [16:2:2]
[main] Setsockopt(1 12 80d3000 4) on fd 231 [1:1:1]
[main] Setsockopt(1 12 80d3000 4) on fd 232 [16:3:16]
[main] Setsockopt(1 21 80d3000 7e) on fd 234 [16:2:15]
[main] Setsockopt(1 e 80d3000 e4) on fd 236 [1:5:1]
[main] Setsockopt(1 a 80d3000 4) on fd 238 [1:2:1]
[main] Setsockopt(1 9 80d3000 4) on fd 239 [1:2:1]
[main] Setsockopt(1 2a 80d3000 4) on fd 240 [1:2:1]
[main] Setsockopt(1 c 80d3000 ed) on fd 243 [16:3:2]
[main] Setsockopt(1 2d 80d3000 4) on fd 244 [1:1:1]
[main] Setsockopt(1 b 80d3000 4) on fd 248 [16:2:16]
[main] Setsockopt(1 f 80d3000 4) on fd 250 [1:5:1]
[main] Setsockopt(10e 5 80d3000 10) on fd 255 [16:3:2]
[main] Setsockopt(1 2b 80d3000 4) on fd 256 [1:5:1]
[main] Setsockopt(10e 5 80d3000 4) on fd 257 [16:3:4]
[main] Setsockopt(10e 5 80d3000 4) on fd 259 [16:2:16]
[main] Setsockopt(1 c 80d3000 5c) on fd 261 [1:1:1]
[main] Setsockopt(10e 3 80d3000 4) on fd 262 [16:3:2]
[main] Setsockopt(1 1d 80d3000 7c) on fd 264 [1:5:1]
[main] Setsockopt(1 20 80d3000 3a) on fd 265 [1:2:1]
[main] Setsockopt(1 d 80d3000 8) on fd 266 [1:5:1]
[main] Setsockopt(1 12 80d3000 4) on fd 267 [1:5:1]
[main] Setsockopt(1 f 80d3000 4) on fd 268 [1:1:1]
[main] Setsockopt(1 f 80d3000 4) on fd 269 [1:1:1]
[main] Setsockopt(1 2b 80d3000 4) on fd 270 [1:1:1]
[main] Setsockopt(1 5 80d3000 4) on fd 273 [1:5:1]
[main] Setsockopt(1 9 80d3000 16) on fd 274 [1:2:1]
[main] Setsockopt(10e 3 80d3000 4) on fd 276 [16:3:0]
[main] Setsockopt(1 2b 80d3000 68) on fd 277 [1:2:1]
[main] Setsockopt(1 24 80d3000 3d) on fd 278 [1:5:1]
[main] Setsockopt(1 9 80d3000 4) on fd 281 [1:1:1]
[main] Setsockopt(1 5 80d3000 9d) on fd 282 [1:2:1]
[main] Setsockopt(1 10 80d3000 a1) on fd 283 [1:2:1]
[main] Setsockopt(10e 5 80d3000 bc) on fd 285 [16:2:4]
[main] Setsockopt(1 2a 80d3000 4d) on fd 286 [1:1:1]
[main] Setsockopt(1 23 80d3000 5a) on fd 287 [16:2:4]
[main] Setsockopt(1 9 80d3000 87) on fd 290 [1:1:1]
[main] Setsockopt(1 b 80d3000 4) on fd 295 [1:5:1]
[main] Setsockopt(1 28 80d3000 57) on fd 296 [1:1:1]
[main] Setsockopt(1 7 80d3000 4) on fd 297 [1:2:1]
[main] Setsockopt(1 10 80d3000 4) on fd 298 [16:2:2]
[main] Setsockopt(1 5 80d3000 4) on fd 299 [1:5:1]
[main] Setsockopt(1 29 80d3000 fc) on fd 300 [1:5:1]
[main] Setsockopt(1 2 80d3000 20) on fd 301 [1:5:1]
[main] Setsockopt(1 14 80d3000 8) on fd 302 [1:2:1]
[main] Setsockopt(1 22 80d3000 4) on fd 303 [1:2:1]
