Return-Path: <owner-linux-mm@kvack.org>
Received: from mail-pd0-f174.google.com (mail-pd0-f174.google.com [209.85.192.174])
	by kanga.kvack.org (Postfix) with ESMTP id 2BB226B0031
	for <linux-mm@kvack.org>; Mon,  6 Jan 2014 08:36:24 -0500 (EST)
Received: by mail-pd0-f174.google.com with SMTP id x10so17954056pdj.5
        for <linux-mm@kvack.org>; Mon, 06 Jan 2014 05:36:23 -0800 (PST)
Received: from mga14.intel.com (mga14.intel.com. [143.182.124.37])
        by mx.google.com with ESMTP id ng9si25810522pbc.196.2014.01.06.05.36.21
        for <linux-mm@kvack.org>;
        Mon, 06 Jan 2014 05:36:22 -0800 (PST)
Date: Mon, 6 Jan 2014 21:36:00 +0800
From: Fengguang Wu <fengguang.wu@intel.com>
Subject: WARNING: CPU: 0 PID: 0 at mm/memblock.c:789 __next_free_mem_range()
Message-ID: <20140106133600.GA18624@localhost>
MIME-Version: 1.0
Content-Type: multipart/mixed; boundary="Nq2Wo0NMKNjxTN9z"
Content-Disposition: inline
Sender: owner-linux-mm@kvack.org
List-ID: <linux-mm.kvack.org>
To: Grygorii Strashko <grygorii.strashko@ti.com>
Cc: Stephen Rothwell <sfr@canb.auug.org.au>, linux-mm@kvack.org, linux-kernel@vger.kernel.org


--Nq2Wo0NMKNjxTN9z
Content-Type: text/plain; charset=us-ascii
Content-Disposition: inline

Greetings,

I got the below dmesg and the error is exposed by

commit 68abcdf54742a06de9ec52cbb05b6bdd27e6bdab
Author:     Grygorii Strashko <grygorii.strashko@ti.com>
AuthorDate: Fri Jan 3 14:09:57 2014 +1100
Commit:     Stephen Rothwell <sfr@canb.auug.org.au>
CommitDate: Fri Jan 3 14:09:57 2014 +1100

    mm/memblock: use WARN_ONCE when MAX_NUMNODES passed as input parameter
    
    Check nid parameter and produce warning if it has deprecated MAX_NUMNODES
    value.  Also re-assign NUMA_NO_NODE value to the nid parameter in this
    case.
    
    These will help to identify the wrong API usage (the caller) and make code
    simpler.
    
    Signed-off-by: Grygorii Strashko <grygorii.strashko@ti.com>
    Signed-off-by: Santosh Shilimkar <santosh.shilimkar@ti.com>
    Cc: Yinghai Lu <yinghai@kernel.org>
    Cc: Tejun Heo <tj@kernel.org>
    Signed-off-by: Andrew Morton <akpm@linux-foundation.org>


[    0.000000] ACPI: Local APIC address 0xfee00000
[    0.000000] mapped APIC to ffffffffff57b000 (        fee00000)
[    0.000000] ------------[ cut here ]------------
[    0.000000] WARNING: CPU: 0 PID: 0 at mm/memblock.c:789 __next_free_mem_range+0xc7/0x29c()
[    0.000000] Usage of MAX_NUMNODES is deprecated. Use NUMA_NO_NODE instead
[    0.000000] CPU: 0 PID: 0 Comm: swapper Not tainted 3.13.0-rc7-next-20140106-07462-gb4a839b #455
[    0.000000] Hardware name: Bochs Bochs, BIOS Bochs 01/01/2011
[    0.000000]  0000000000000009 ffffffff82201d70 ffffffff81986d81 ffffffff82201db8
[    0.000000]  ffffffff82201da8 ffffffff810da9a8 0000000000000000 0000000000000001
[    0.000000]  0000000000000001 0000000000000001 0000000000000001 ffffffff82201e08
[    0.000000] Call Trace:
[    0.000000]  [<ffffffff81986d81>] dump_stack+0x85/0xba
[    0.000000]  [<ffffffff810da9a8>] warn_slowpath_common+0xa8/0xe0
[    0.000000]  [<ffffffff810daa7c>] warn_slowpath_fmt+0x5c/0x70
[    0.000000]  [<ffffffff8115b745>] ? vprintk_emit+0x465/0x950
[    0.000000]  [<ffffffff827139cd>] __next_free_mem_range+0xc7/0x29c
[    0.000000]  [<ffffffff826ab120>] ? early_idt_handlers+0x120/0x120
[    0.000000]  [<ffffffff826ab120>] ? early_idt_handlers+0x120/0x120
[    0.000000]  [<ffffffff826b3da3>] memblock_find_dma_reserve+0xca/0x163
[    0.000000]  [<ffffffff826b09c9>] setup_arch+0x1086/0x11f9
[    0.000000]  [<ffffffff826ab120>] ? early_idt_handlers+0x120/0x120
[    0.000000]  [<ffffffff826ab120>] ? early_idt_handlers+0x120/0x120
[    0.000000]  [<ffffffff826abeb7>] start_kernel+0xe4/0x6fc
[    0.000000]  [<ffffffff826ab120>] ? early_idt_handlers+0x120/0x120
[    0.000000]  [<ffffffff826ab637>] x86_64_start_reservations+0x46/0x4f
[    0.000000]  [<ffffffff826ab7c9>] x86_64_start_kernel+0x189/0x19f
[    0.000000] ---[ end trace 8fe5782a70405023 ]---
[    0.000000] kvm-clock: Using msrs 4b564d01 and 4b564d00

Thanks,
Fengguang

--Nq2Wo0NMKNjxTN9z
Content-Type: text/plain; charset=us-ascii
Content-Disposition: attachment; filename="dmesg-yocto-xgwo-5:20140106180919:x86_64-randconfig-c0-0106:3.13.0-rc7-next-20140106-07462-gb4a839b:455"
Content-Transfer-Encoding: quoted-printable

early console in setup code
Probing EDD (edd=3Doff to disable)... ok
[    0.000000] Initializing cgroup subsys cpu
[    0.000000] Linux version 3.13.0-rc7-next-20140106-07462-gb4a839b (kbuil=
d@cairo) (gcc version 4.8.1 (Debian 4.8.1-8) ) #455 SMP Mon Jan 6 18:06:09 =
CST 2014
[    0.000000] Command line: hung_task_panic=3D1 earlyprintk=3DttyS0,115200=
 debug apic=3Ddebug sysrq_always_enabled panic=3D10  prompt_ramdisk=3D0 con=
sole=3DttyS0,115200 console=3Dtty0 vga=3Dnormal  root=3D/dev/ram0 rw link=
=3D/kernel-tests/run-queue/kvm/x86_64-randconfig-c0-0106/next:master/.vmlin=
uz-b4a839be48406e0e8bdec0bbc86db6f67df3d406-20140106180724-3-xgwo branch=3D=
next/master BOOT_IMAGE=3D/kernel/x86_64-randconfig-c0-0106/b4a839be48406e0e=
8bdec0bbc86db6f67df3d406/vmlinuz-3.13.0-rc7-next-20140106-07462-gb4a839b
[    0.000000] KERNEL supported cpus:
[    0.000000]   Intel GenuineIntel
[    0.000000]   Centaur CentaurHauls
[    0.000000] e820: BIOS-provided physical RAM map:
[    0.000000] BIOS-e820: [mem 0x0000000000000000-0x000000000009fbff] usable
[    0.000000] BIOS-e820: [mem 0x000000000009fc00-0x000000000009ffff] reser=
ved
[    0.000000] BIOS-e820: [mem 0x00000000000f0000-0x00000000000fffff] reser=
ved
[    0.000000] BIOS-e820: [mem 0x0000000000100000-0x000000000fffdfff] usable
[    0.000000] BIOS-e820: [mem 0x000000000fffe000-0x000000000fffffff] reser=
ved
[    0.000000] BIOS-e820: [mem 0x00000000feffc000-0x00000000feffffff] reser=
ved
[    0.000000] BIOS-e820: [mem 0x00000000fffc0000-0x00000000ffffffff] reser=
ved
[    0.000000] NX (Execute Disable) protection: active
[    0.000000] SMBIOS 2.4 present.
[    0.000000] DMI: Bochs Bochs, BIOS Bochs 01/01/2011
[    0.000000] Hypervisor detected: KVM
[    0.000000] e820: update [mem 0x00000000-0x00000fff] usable =3D=3D> rese=
rved
[    0.000000] e820: remove [mem 0x000a0000-0x000fffff] usable
[    0.000000] e820: last_pfn =3D 0xfffe max_arch_pfn =3D 0x400000000
[    0.000000] MTRR default type: write-back
[    0.000000] MTRR fixed ranges enabled:
[    0.000000]   00000-9FFFF write-back
[    0.000000]   A0000-BFFFF uncachable
[    0.000000]   C0000-FFFFF write-protect
[    0.000000] MTRR variable ranges enabled:
[    0.000000]   0 base 0080000000 mask FF80000000 uncachable
[    0.000000]   1 disabled
[    0.000000]   2 disabled
[    0.000000]   3 disabled
[    0.000000]   4 disabled
[    0.000000]   5 disabled
[    0.000000]   6 disabled
[    0.000000]   7 disabled
[    0.000000] x86 PAT enabled: cpu 0, old 0x70406, new 0x7010600070106
[    0.000000] Scan for SMP in [mem 0x00000000-0x000003ff]
[    0.000000] Scan for SMP in [mem 0x0009fc00-0x0009ffff]
[    0.000000] Scan for SMP in [mem 0x000f0000-0x000fffff]
[    0.000000] found SMP MP-table at [mem 0x000fdac0-0x000fdacf] mapped at =
[ffff8800000fdac0]
[    0.000000]   mpc: fdad0-fdbec
[    0.000000] Base memory trampoline at [ffff880000099000] 99000 size 24576
[    0.000000] init_memory_mapping: [mem 0x00000000-0x000fffff]
[    0.000000]  [mem 0x00000000-0x000fffff] page 4k
[    0.000000] BRK [0x03334000, 0x03334fff] PGTABLE
[    0.000000] BRK [0x03335000, 0x03335fff] PGTABLE
[    0.000000] BRK [0x03336000, 0x03336fff] PGTABLE
[    0.000000] init_memory_mapping: [mem 0x0fa00000-0x0fbfffff]
[    0.000000]  [mem 0x0fa00000-0x0fbfffff] page 4k
[    0.000000] BRK [0x03337000, 0x03337fff] PGTABLE
[    0.000000] init_memory_mapping: [mem 0x0c000000-0x0f9fffff]
[    0.000000]  [mem 0x0c000000-0x0f9fffff] page 4k
[    0.000000] BRK [0x03338000, 0x03338fff] PGTABLE
[    0.000000] BRK [0x03339000, 0x03339fff] PGTABLE
[    0.000000] init_memory_mapping: [mem 0x00100000-0x0bffffff]
[    0.000000]  [mem 0x00100000-0x0bffffff] page 4k
[    0.000000] init_memory_mapping: [mem 0x0fc00000-0x0fffdfff]
[    0.000000]  [mem 0x0fc00000-0x0fffdfff] page 4k
[    0.000000] RAMDISK: [mem 0x0fd0b000-0x0ffeffff]
[    0.000000] ACPI: RSDP 00000000000fd930 000014 (v00 BOCHS )
[    0.000000] ACPI: RSDT 000000000fffe450 000034 (v01 BOCHS  BXPCRSDT 0000=
0001 BXPC 00000001)
[    0.000000] ACPI: FACP 000000000fffff80 000074 (v01 BOCHS  BXPCFACP 0000=
0001 BXPC 00000001)
[    0.000000] ACPI: DSDT 000000000fffe490 0011A9 (v01   BXPC   BXDSDT 0000=
0001 INTL 20100528)
[    0.000000] ACPI: FACS 000000000fffff40 000040
[    0.000000] ACPI: SSDT 000000000ffff7a0 000796 (v01 BOCHS  BXPCSSDT 0000=
0001 BXPC 00000001)
[    0.000000] ACPI: APIC 000000000ffff680 000080 (v01 BOCHS  BXPCAPIC 0000=
0001 BXPC 00000001)
[    0.000000] ACPI: HPET 000000000ffff640 000038 (v01 BOCHS  BXPCHPET 0000=
0001 BXPC 00000001)
[    0.000000] ACPI: Local APIC address 0xfee00000
[    0.000000] mapped APIC to ffffffffff57b000 (        fee00000)
[    0.000000] ------------[ cut here ]------------
[    0.000000] WARNING: CPU: 0 PID: 0 at mm/memblock.c:789 __next_free_mem_=
range+0xc7/0x29c()
[    0.000000] Usage of MAX_NUMNODES is deprecated. Use NUMA_NO_NODE instead
[    0.000000] CPU: 0 PID: 0 Comm: swapper Not tainted 3.13.0-rc7-next-2014=
0106-07462-gb4a839b #455
[    0.000000] Hardware name: Bochs Bochs, BIOS Bochs 01/01/2011
[    0.000000]  0000000000000009 ffffffff82201d70 ffffffff81986d81 ffffffff=
82201db8
[    0.000000]  ffffffff82201da8 ffffffff810da9a8 0000000000000000 00000000=
00000001
[    0.000000]  0000000000000001 0000000000000001 0000000000000001 ffffffff=
82201e08
[    0.000000] Call Trace:
[    0.000000]  [<ffffffff81986d81>] dump_stack+0x85/0xba
[    0.000000]  [<ffffffff810da9a8>] warn_slowpath_common+0xa8/0xe0
[    0.000000]  [<ffffffff810daa7c>] warn_slowpath_fmt+0x5c/0x70
[    0.000000]  [<ffffffff8115b745>] ? vprintk_emit+0x465/0x950
[    0.000000]  [<ffffffff827139cd>] __next_free_mem_range+0xc7/0x29c
[    0.000000]  [<ffffffff826ab120>] ? early_idt_handlers+0x120/0x120
[    0.000000]  [<ffffffff826ab120>] ? early_idt_handlers+0x120/0x120
[    0.000000]  [<ffffffff826b3da3>] memblock_find_dma_reserve+0xca/0x163
[    0.000000]  [<ffffffff826b09c9>] setup_arch+0x1086/0x11f9
[    0.000000]  [<ffffffff826ab120>] ? early_idt_handlers+0x120/0x120
[    0.000000]  [<ffffffff826ab120>] ? early_idt_handlers+0x120/0x120
[    0.000000]  [<ffffffff826abeb7>] start_kernel+0xe4/0x6fc
[    0.000000]  [<ffffffff826ab120>] ? early_idt_handlers+0x120/0x120
[    0.000000]  [<ffffffff826ab637>] x86_64_start_reservations+0x46/0x4f
[    0.000000]  [<ffffffff826ab7c9>] x86_64_start_kernel+0x189/0x19f
[    0.000000] ---[ end trace 8fe5782a70405023 ]---
[    0.000000] kvm-clock: Using msrs 4b564d01 and 4b564d00
[    0.000000] kvm-clock: cpu 0, msr 0:fc8b001, boot clock
[    0.000000]  [ffffea0000000000-ffffea00003fffff] PMD -> [ffff88000ee0000=
0-ffff88000f1fffff] on node 0
[    0.000000] Zone ranges:
[    0.000000]   DMA      [mem 0x00001000-0x00ffffff]
[    0.000000]   DMA32    [mem 0x01000000-0xffffffff]
[    0.000000]   Normal   empty
[    0.000000] Movable zone start for each node
[    0.000000] Early memory node ranges
[    0.000000]   node   0: [mem 0x00001000-0x0009efff]
[    0.000000]   node   0: [mem 0x00100000-0x0fffdfff]
[    0.000000] On node 0 totalpages: 65436
[    0.000000]   DMA zone: 64 pages used for memmap
[    0.000000]   DMA zone: 21 pages reserved
[    0.000000]   DMA zone: 3998 pages, LIFO batch:0
[    0.000000]   DMA32 zone: 960 pages used for memmap
[    0.000000]   DMA32 zone: 61438 pages, LIFO batch:15
[    0.000000] ACPI: PM-Timer IO Port: 0xb008
[    0.000000] ACPI: Local APIC address 0xfee00000
[    0.000000] mapped APIC to ffffffffff57b000 (        fee00000)
[    0.000000] ACPI: LAPIC (acpi_id[0x00] lapic_id[0x00] enabled)
[    0.000000] ACPI: LAPIC (acpi_id[0x01] lapic_id[0x01] enabled)
[    0.000000] ACPI: LAPIC_NMI (acpi_id[0xff] dfl dfl lint[0x1])
[    0.000000] ACPI: IOAPIC (id[0x00] address[0xfec00000] gsi_base[0])
[    0.000000] IOAPIC[0]: apic_id 0, version 17, address 0xfec00000, GSI 0-=
23
[    0.000000] ACPI: INT_SRC_OVR (bus 0 bus_irq 0 global_irq 2 dfl dfl)
[    0.000000] Int: type 0, pol 0, trig 0, bus 00, IRQ 00, APIC ID 0, APIC =
INT 02
[    0.000000] ACPI: INT_SRC_OVR (bus 0 bus_irq 5 global_irq 5 high level)
[    0.000000] Int: type 0, pol 1, trig 3, bus 00, IRQ 05, APIC ID 0, APIC =
INT 05
[    0.000000] ACPI: INT_SRC_OVR (bus 0 bus_irq 9 global_irq 9 high level)
[    0.000000] Int: type 0, pol 1, trig 3, bus 00, IRQ 09, APIC ID 0, APIC =
INT 09
[    0.000000] ACPI: INT_SRC_OVR (bus 0 bus_irq 10 global_irq 10 high level)
[    0.000000] Int: type 0, pol 1, trig 3, bus 00, IRQ 0a, APIC ID 0, APIC =
INT 0a
[    0.000000] ACPI: INT_SRC_OVR (bus 0 bus_irq 11 global_irq 11 high level)
[    0.000000] Int: type 0, pol 1, trig 3, bus 00, IRQ 0b, APIC ID 0, APIC =
INT 0b
[    0.000000] ACPI: IRQ0 used by override.
[    0.000000] Int: type 0, pol 0, trig 0, bus 00, IRQ 01, APIC ID 0, APIC =
INT 01
[    0.000000] ACPI: IRQ2 used by override.
[    0.000000] Int: type 0, pol 0, trig 0, bus 00, IRQ 03, APIC ID 0, APIC =
INT 03
[    0.000000] Int: type 0, pol 0, trig 0, bus 00, IRQ 04, APIC ID 0, APIC =
INT 04
[    0.000000] ACPI: IRQ5 used by override.
[    0.000000] Int: type 0, pol 0, trig 0, bus 00, IRQ 06, APIC ID 0, APIC =
INT 06
[    0.000000] Int: type 0, pol 0, trig 0, bus 00, IRQ 07, APIC ID 0, APIC =
INT 07
[    0.000000] Int: type 0, pol 0, trig 0, bus 00, IRQ 08, APIC ID 0, APIC =
INT 08
[    0.000000] ACPI: IRQ9 used by override.
[    0.000000] ACPI: IRQ10 used by override.
[    0.000000] ACPI: IRQ11 used by override.
[    0.000000] Int: type 0, pol 0, trig 0, bus 00, IRQ 0c, APIC ID 0, APIC =
INT 0c
[    0.000000] Int: type 0, pol 0, trig 0, bus 00, IRQ 0d, APIC ID 0, APIC =
INT 0d
[    0.000000] Int: type 0, pol 0, trig 0, bus 00, IRQ 0e, APIC ID 0, APIC =
INT 0e
[    0.000000] Int: type 0, pol 0, trig 0, bus 00, IRQ 0f, APIC ID 0, APIC =
INT 0f
[    0.000000] Using ACPI (MADT) for SMP configuration information
[    0.000000] ACPI: HPET id: 0x8086a201 base: 0xfed00000
[    0.000000] smpboot: Allowing 2 CPUs, 0 hotplug CPUs
[    0.000000] mapped IOAPIC to ffffffffff57a000 (fec00000)
[    0.000000] nr_irqs_gsi: 40
[    0.000000] e820: [mem 0x10000000-0xfeffbfff] available for PCI devices
[    0.000000] Booting paravirtualized kernel on KVM
[    0.000000] setup_percpu: NR_CPUS:8192 nr_cpumask_bits:2 nr_cpu_ids:2 nr=
_node_ids:1
[    0.000000] PERCPU: Embedded 25 pages/cpu @ffff88000f800000 s79360 r0 d2=
3040 u1048576
[    0.000000] pcpu-alloc: s79360 r0 d23040 u1048576 alloc=3D1*2097152
[    0.000000] pcpu-alloc: [0] 0 1=20
[    0.000000] kvm-clock: cpu 0, msr 0:fc8b001, primary cpu clock
[    0.000000] KVM setup async PF for cpu 0
[    0.000000] kvm-stealtime: cpu 0, msr f80cd80
[    0.000000] Built 1 zonelists in Zone order, mobility grouping on.  Tota=
l pages: 64391
[    0.000000] Kernel command line: hung_task_panic=3D1 earlyprintk=3DttyS0=
,115200 debug apic=3Ddebug sysrq_always_enabled panic=3D10  prompt_ramdisk=
=3D0 console=3DttyS0,115200 console=3Dtty0 vga=3Dnormal  root=3D/dev/ram0 r=
w link=3D/kernel-tests/run-queue/kvm/x86_64-randconfig-c0-0106/next:master/=
=2Evmlinuz-b4a839be48406e0e8bdec0bbc86db6f67df3d406-20140106180724-3-xgwo b=
ranch=3Dnext/master BOOT_IMAGE=3D/kernel/x86_64-randconfig-c0-0106/b4a839be=
48406e0e8bdec0bbc86db6f67df3d406/vmlinuz-3.13.0-rc7-next-20140106-07462-gb4=
a839b
[    0.000000] sysrq: sysrq always enabled.
[    0.000000] PID hash table entries: 1024 (order: 1, 8192 bytes)
[    0.000000] Dentry cache hash table entries: 32768 (order: 6, 262144 byt=
es)
[    0.000000] Inode-cache hash table entries: 16384 (order: 5, 131072 byte=
s)
[    0.000000] Calgary: detecting Calgary via BIOS EBDA area
[    0.000000] Calgary: Unable to locate Rio Grande table in EBDA - bailing!
[    0.000000] Memory: 216884K/261744K available (9826K kernel code, 4693K =
rwdata, 7664K rodata, 1436K init, 11460K bss, 44860K reserved)
[    0.000000] Hierarchical RCU implementation.
[    0.000000]=20
[    0.000000]=20
[    0.000000]=20
[    0.000000]=20
[    0.000000]=20
[    0.000000] RCU: Adjusting geometry for rcu_fanout_leaf=3D16, nr_cpu_ids=
=3D2
[    0.000000] NR_IRQS:524544 nr_irqs:512 16
[    0.000000] console [ttyS0] enabled
[    0.000000] Lock dependency validator: Copyright (c) 2006 Red Hat, Inc.,=
 Ingo Molnar
[    0.000000] ... MAX_LOCKDEP_SUBCLASSES:  8
[    0.000000] ... MAX_LOCK_DEPTH:          48
[    0.000000] ... MAX_LOCKDEP_KEYS:        8191
[    0.000000] ... CLASSHASH_SIZE:          4096
[    0.000000] ... MAX_LOCKDEP_ENTRIES:     16384
[    0.000000] ... MAX_LOCKDEP_CHAINS:      32768
[    0.000000] ... CHAINHASH_SIZE:          16384
[    0.000000]  memory used by lock dependency info: 5823 kB
[    0.000000]  per task-struct memory footprint: 1920 bytes
[    0.000000] allocated 1048576 bytes of page_cgroup
[    0.000000] please try 'cgroup_disable=3Dmemory' option if you don't wan=
t memory cgroups
[    0.000000] hpet clockevent registered
[    0.000000] tsc: Detected 2666.792 MHz processor
[    0.006666] Calibrating delay loop (skipped) preset value.. 5335.81 Bogo=
MIPS (lpj=3D8889306)
[    0.006691] pid_max: default: 32768 minimum: 301
[    0.009033] Mount-cache hash table entries: 256
[    0.011237] Initializing cgroup subsys debug
[    0.012050] Initializing cgroup subsys memory
[    0.013429] Initializing cgroup subsys freezer
[    0.014504] mce: CPU supports 10 MCE banks
[    0.015382] Last level iTLB entries: 4KB 0, 2MB 0, 4MB 0
[    0.015382] Last level dTLB entries: 4KB 0, 2MB 0, 4MB 0
[    0.015382] tlb_flushall_shift: 6
[    0.016754] debug: unmapping init [mem 0xffffffff827fe000-0xffffffff8280=
1fff]
[    0.028182] ACPI: Core revision 20131115
[    0.031931] ACPI: All ACPI Tables successfully acquired
[    0.033008] ftrace: allocating 24634 entries in 97 pages
[    0.044313] Getting VERSION: 50014
[    0.046735] Getting VERSION: 50014
[    0.048259] Getting ID: 0
[    0.048767] Getting ID: ff000000
[    0.049400] Getting LVT0: 8700
[    0.050018] Getting LVT1: 8400
[    0.050816] enabled ExtINT on CPU#0
[    0.052732] ENABLING IO-APIC IRQs
[    0.053348] init IO_APIC IRQs
[    0.053917]  apic 0 pin 0 not connected
[    0.054643] IOAPIC[0]: Set routing entry (0-1 -> 0x31 -> IRQ 1 Mode:0 Ac=
tive:0 Dest:1)
[    0.056121] IOAPIC[0]: Set routing entry (0-2 -> 0x30 -> IRQ 0 Mode:0 Ac=
tive:0 Dest:1)
[    0.056705] IOAPIC[0]: Set routing entry (0-3 -> 0x33 -> IRQ 3 Mode:0 Ac=
tive:0 Dest:1)
[    0.058174] IOAPIC[0]: Set routing entry (0-4 -> 0x34 -> IRQ 4 Mode:0 Ac=
tive:0 Dest:1)
[    0.060039] IOAPIC[0]: Set routing entry (0-5 -> 0x35 -> IRQ 5 Mode:1 Ac=
tive:0 Dest:1)
[    0.063363] IOAPIC[0]: Set routing entry (0-6 -> 0x36 -> IRQ 6 Mode:0 Ac=
tive:0 Dest:1)
[    0.064838] IOAPIC[0]: Set routing entry (0-7 -> 0x37 -> IRQ 7 Mode:0 Ac=
tive:0 Dest:1)
[    0.066273] IOAPIC[0]: Set routing entry (0-8 -> 0x38 -> IRQ 8 Mode:0 Ac=
tive:0 Dest:1)
[    0.066699] IOAPIC[0]: Set routing entry (0-9 -> 0x39 -> IRQ 9 Mode:1 Ac=
tive:0 Dest:1)
[    0.068163] IOAPIC[0]: Set routing entry (0-10 -> 0x3a -> IRQ 10 Mode:1 =
Active:0 Dest:1)
[    0.070033] IOAPIC[0]: Set routing entry (0-11 -> 0x3b -> IRQ 11 Mode:1 =
Active:0 Dest:1)
[    0.071561] IOAPIC[0]: Set routing entry (0-12 -> 0x3c -> IRQ 12 Mode:0 =
Active:0 Dest:1)
[    0.073371] IOAPIC[0]: Set routing entry (0-13 -> 0x3d -> IRQ 13 Mode:0 =
Active:0 Dest:1)
[    0.076697] IOAPIC[0]: Set routing entry (0-14 -> 0x3e -> IRQ 14 Mode:0 =
Active:0 Dest:1)
[    0.078184] IOAPIC[0]: Set routing entry (0-15 -> 0x3f -> IRQ 15 Mode:0 =
Active:0 Dest:1)
[    0.079666]  apic 0 pin 16 not connected
[    0.080005]  apic 0 pin 17 not connected
[    0.080729]  apic 0 pin 18 not connected
[    0.081453]  apic 0 pin 19 not connected
[    0.082171]  apic 0 pin 20 not connected
[    0.083342]  apic 0 pin 21 not connected
[    0.084083]  apic 0 pin 22 not connected
[    0.084799]  apic 0 pin 23 not connected
[    0.085684] ..TIMER: vector=3D0x30 apic1=3D0 pin1=3D2 apic2=3D-1 pin2=3D=
-1
[    0.086679] smpboot: CPU0: Intel Common KVM processor (fam: 0f, model: 0=
6, stepping: 01)
[    0.090416] Using local APIC timer interrupts.
[    0.090416] calibrating APIC timer ...
[    0.093333] ... lapic delta =3D 6236287
[    0.093333] ... PM-Timer delta =3D 357168
[    0.093333] ... PM-Timer result ok
[    0.093333] ..... delta 6236287
[    0.093333] ..... mult: 267846513
[    0.093333] ..... calibration result: 3326019
[    0.093333] ..... CPU clock speed is 2661.0350 MHz.
[    0.093333] ..... host bus clock speed is 997.3018 MHz.
[    0.093512] Performance Events: unsupported Netburst CPU model 6 no PMU =
driver, software events only.
[    0.098047] ftrace: Allocated trace_printk buffers
[    0.117511] NMI watchdog: disabled (cpu0): hardware events not enabled
[    0.135877] x86: Booting SMP configuration:
[    0.136674] .... node  #0, CPUs:      #1
[    0.117285] kvm-clock: cpu 1, msr 0:fc8b041, secondary cpu clock
[    0.117285] masked ExtINT on CPU#1

[    0.173447] x86: Booted up 1 node, 2 CPUs
[    0.174294] ----------------
[    0.174819] | NMI testsuite:
[    0.175344] --------------------
[    0.176671]   remote IPI:
[    0.173395] KVM setup async PF for cpu 1
[    0.173395] kvm-stealtime: cpu 1, msr f90cd80
  ok  |
[    0.190283]    local IPI:  ok  |
[    0.200038] --------------------
[    0.200657] Good, all   2 testcases passed! |
[    0.201439] ---------------------------------
[    0.202212] smpboot: Total of 2 processors activated (10671.63 BogoMIPS)
[    0.227225] devtmpfs: initialized
[    0.228371] gcov: version magic: 0x3430382a
[    0.237102] prandom: seed boundary self test passed
[    0.238657] prandom: 100 self tests passed
[    0.239851] regulator-dummy: no parameters
[    0.240458] NET: Registered protocol family 16
[    0.242081] cpuidle: using governor ladder
[    0.243340] cpuidle: using governor menu
[    0.266677] ACPI: bus type PCI registered
[    0.267925] PCI: Using configuration type 1 for base access
[    0.280400] ACPI: Added _OSI(Module Device)
[    0.281173] ACPI: Added _OSI(Processor Device)
[    0.282062] ACPI: Added _OSI(3.0 _SCP Extensions)
[    0.282902] ACPI: Added _OSI(Processor Aggregator Device)
[    0.291390] ACPI: Interpreter enabled
[    0.292170] ACPI: (supports S0 S5)
[    0.292792] ACPI: Using IOAPIC for interrupt routing
[    0.293387] PCI: Using host bridge windows from ACPI; if necessary, use =
"pci=3Dnocrs" and report a bug
[    0.305410] ACPI: PCI Root Bridge [PCI0] (domain 0000 [bus 00-ff])
[    0.306528] acpi PNP0A03:00: _OSC: OS supports [Segments MSI]
[    0.306691] acpi PNP0A03:00: _OSC failed (AE_NOT_FOUND); disabling ASPM
[    0.308581] PCI host bridge to bus 0000:00
[    0.310011] pci_bus 0000:00: root bus resource [bus 00-ff]
[    0.311038] pci_bus 0000:00: root bus resource [io  0x0000-0x0cf7]
[    0.312209] pci_bus 0000:00: root bus resource [io  0x0d00-0xffff]
[    0.313345] pci_bus 0000:00: root bus resource [mem 0x000a0000-0x000bfff=
f]
[    0.314605] pci_bus 0000:00: root bus resource [mem 0x80000000-0xfebffff=
f]
[    0.315906] pci 0000:00:00.0: [8086:1237] type 00 class 0x060000
[    0.317454] pci 0000:00:01.0: [8086:7000] type 00 class 0x060100
[    0.320616] pci 0000:00:01.1: [8086:7010] type 00 class 0x010180
[    0.324882] pci 0000:00:01.1: reg 0x20: [io  0xc1c0-0xc1cf]
[    0.327724] pci 0000:00:01.3: [8086:7113] type 00 class 0x068000
[    0.330063] pci 0000:00:01.3: quirk: [io  0xb000-0xb03f] claimed by PIIX=
4 ACPI
[    0.331971] pci 0000:00:01.3: quirk: [io  0xb100-0xb10f] claimed by PIIX=
4 SMB
[    0.333866] pci 0000:00:02.0: [1013:00b8] type 00 class 0x030000
[    0.337842] pci 0000:00:02.0: reg 0x10: [mem 0xfc000000-0xfdffffff pref]
[    0.344126] pci 0000:00:02.0: reg 0x14: [mem 0xfebf0000-0xfebf0fff]
[    0.354707] pci 0000:00:02.0: reg 0x30: [mem 0xfebe0000-0xfebeffff pref]
[    0.357665] pci 0000:00:03.0: [8086:100e] type 00 class 0x020000
[    0.361250] pci 0000:00:03.0: reg 0x10: [mem 0xfeba0000-0xfebbffff]
[    0.363351] pci 0000:00:03.0: reg 0x14: [io  0xc000-0xc03f]
[    0.370619] pci 0000:00:03.0: reg 0x30: [mem 0xfebc0000-0xfebdffff pref]
[    0.372349] pci 0000:00:04.0: [1af4:1001] type 00 class 0x010000
[    0.374552] pci 0000:00:04.0: reg 0x10: [io  0xc040-0xc07f]
[    0.376673] pci 0000:00:04.0: reg 0x14: [mem 0xfebf1000-0xfebf1fff]
[    0.384664] pci 0000:00:05.0: [1af4:1001] type 00 class 0x010000
[    0.387254] pci 0000:00:05.0: reg 0x10: [io  0xc080-0xc0bf]
[    0.389688] pci 0000:00:05.0: reg 0x14: [mem 0xfebf2000-0xfebf2fff]
[    0.398027] pci 0000:00:06.0: [1af4:1001] type 00 class 0x010000
[    0.400556] pci 0000:00:06.0: reg 0x10: [io  0xc0c0-0xc0ff]
[    0.403036] pci 0000:00:06.0: reg 0x14: [mem 0xfebf3000-0xfebf3fff]
[    0.410661] pci 0000:00:07.0: [1af4:1001] type 00 class 0x010000
[    0.413372] pci 0000:00:07.0: reg 0x10: [io  0xc100-0xc13f]
[    0.415496] pci 0000:00:07.0: reg 0x14: [mem 0xfebf4000-0xfebf4fff]
[    0.423407] pci 0000:00:08.0: [1af4:1001] type 00 class 0x010000
[    0.425745] pci 0000:00:08.0: reg 0x10: [io  0xc140-0xc17f]
[    0.427845] pci 0000:00:08.0: reg 0x14: [mem 0xfebf5000-0xfebf5fff]
[    0.435752] pci 0000:00:09.0: [1af4:1001] type 00 class 0x010000
[    0.437950] pci 0000:00:09.0: reg 0x10: [io  0xc180-0xc1bf]
[    0.441074] pci 0000:00:09.0: reg 0x14: [mem 0xfebf6000-0xfebf6fff]
[    0.449181] pci 0000:00:0a.0: [8086:25ab] type 00 class 0x088000
[    0.450628] pci 0000:00:0a.0: reg 0x10: [mem 0xfebf7000-0xfebf700f]
[    0.456358] pci_bus 0000:00: on NUMA node 0
[    0.457584] ACPI: PCI Interrupt Link [LNKA] (IRQs 5 *10 11)
[    0.459082] ACPI: PCI Interrupt Link [LNKB] (IRQs 5 *10 11)
[    0.461009] ACPI: PCI Interrupt Link [LNKC] (IRQs 5 10 *11)
[    0.463403] ACPI: PCI Interrupt Link [LNKD] (IRQs 5 10 *11)
[    0.464653] ACPI: PCI Interrupt Link [LNKS] (IRQs *9)
[    0.466513] ACPI: Enabled 16 GPEs in block 00 to 0F
[    0.467488] vgaarb: device added: PCI:0000:00:02.0,decodes=3Dio+mem,owns=
=3Dio+mem,locks=3Dnone
[    0.468972] vgaarb: loaded
[    0.470005] vgaarb: bridge control possible 0000:00:02.0
[    0.473661] ACPI: bus type USB registered
[    0.475065] usbcore: registered new interface driver usbfs
[    0.476711] usbcore: registered new interface driver hub
[    0.480043] usbcore: registered new device driver usb
[    0.483650] Linux video capture interface: v2.00
[    0.484511] pps_core: LinuxPPS API ver. 1 registered
[    0.485398] pps_core: Software ver. 5.3.6 - Copyright 2005-2007 Rodolfo =
Giometti <giometti@linux.it>
[    0.486681] PTP clock support registered
[    0.488011] Advanced Linux Sound Architecture Driver Initialized.
[    0.489096] PCI: Using ACPI for IRQ routing
[    0.490009] PCI: pci_cache_line_size set to 64 bytes
[    0.491605] e820: reserve RAM buffer [mem 0x0009fc00-0x0009ffff]
[    0.492804] e820: reserve RAM buffer [mem 0x0fffe000-0x0fffffff]
[    0.495589] HPET: 3 timers in total, 0 timers will be used for per-cpu t=
imer
[    0.507719] Switched to clocksource kvm-clock
[    0.509634] Warning: could not register annotated branches stats
[    0.550199] FS-Cache: Loaded
[    0.550909] pnp: PnP ACPI init
[    0.551509] ACPI: bus type PNP registered
[    0.552441] IOAPIC[0]: Set routing entry (0-8 -> 0x38 -> IRQ 8 Mode:0 Ac=
tive:0 Dest:3)
[    0.553961] pnp 00:00: Plug and Play ACPI device, IDs PNP0b00 (active)
[    0.555280] IOAPIC[0]: Set routing entry (0-1 -> 0x31 -> IRQ 1 Mode:0 Ac=
tive:0 Dest:3)
[    0.556751] pnp 00:01: Plug and Play ACPI device, IDs PNP0303 (active)
[    0.557923] IOAPIC[0]: Set routing entry (0-12 -> 0x3c -> IRQ 12 Mode:0 =
Active:0 Dest:3)
[    0.559446] pnp 00:02: Plug and Play ACPI device, IDs PNP0f13 (active)
[    0.561124] IOAPIC[0]: Set routing entry (0-6 -> 0x36 -> IRQ 6 Mode:0 Ac=
tive:0 Dest:3)
[    0.562589] pnp 00:03: [dma 2]
[    0.563210] pnp 00:03: Plug and Play ACPI device, IDs PNP0700 (active)
[    0.564648] IOAPIC[0]: Set routing entry (0-7 -> 0x37 -> IRQ 7 Mode:0 Ac=
tive:0 Dest:3)
[    0.566174] pnp 00:04: Plug and Play ACPI device, IDs PNP0400 (active)
[    0.567446] IOAPIC[0]: Set routing entry (0-4 -> 0x34 -> IRQ 4 Mode:0 Ac=
tive:0 Dest:3)
[    0.568933] pnp 00:05: Plug and Play ACPI device, IDs PNP0501 (active)
[    0.570454] pnp 00:06: Plug and Play ACPI device, IDs PNP0103 (active)
[    0.571862] pnp: PnP ACPI: found 7 devices
[    0.572994] ACPI: bus type PNP unregistered
[    0.579891] pci_bus 0000:00: resource 4 [io  0x0000-0x0cf7]
[    0.580943] pci_bus 0000:00: resource 5 [io  0x0d00-0xffff]
[    0.581923] pci_bus 0000:00: resource 6 [mem 0x000a0000-0x000bffff]
[    0.583091] pci_bus 0000:00: resource 7 [mem 0x80000000-0xfebfffff]
[    0.584342] NET: Registered protocol family 1
[    0.585214] pci 0000:00:00.0: Limiting direct PCI/PCI transfers
[    0.586304] pci 0000:00:01.0: PIIX3: Enabling Passive Release
[    0.587406] pci 0000:00:01.0: Activating ISA DMA hang workarounds
[    0.588570] pci 0000:00:02.0: Boot video device
[    0.589530] PCI: CLS 0 bytes, default 64
[    0.590780] Unpacking initramfs...
[    0.921463] debug: unmapping init [mem 0xffff88000fd0b000-0xffff88000ffe=
ffff]
[    0.924217] Machine check injector initialized
[    0.925799] microcode: CPU0 sig=3D0xf61, pf=3D0x1, revision=3D0x1
[    0.926867] microcode: CPU1 sig=3D0xf61, pf=3D0x1, revision=3D0x1
[    0.927993] microcode: Microcode Update Driver: v2.00 <tigran@aivazian.f=
snet.co.uk>, Peter Oruba
[    0.942380] camellia-x86_64: performance on this CPU would be suboptimal=
: disabling camellia-x86_64.
[    0.944041] blowfish-x86_64: performance on this CPU would be suboptimal=
: disabling blowfish-x86_64.
[    0.947073] twofish-x86_64-3way: performance on this CPU would be subopt=
imal: disabling twofish-x86_64-3way.
[    0.948955] sha1_ssse3: Neither AVX nor SSSE3 is available/usable.
[    0.950072] PCLMULQDQ-NI instructions are not detected.
[    0.951006] sha256_ssse3: Neither AVX nor SSSE3 is available/usable.
[    0.952137] sha512_ssse3: Neither AVX nor SSSE3 is available/usable.
[    0.953495] AVX or AES-NI instructions are not detected.
[    0.954533] AVX instructions are not detected.
[    0.955348] AVX instructions are not detected.
[    0.956161] AVX2 or AES-NI instructions are not detected.
[    0.957245] AVX2 instructions are not detected.
[    1.503024] fuse init (API version 7.22)
[    1.930835] tsc: Refined TSC clocksource calibration: 2666.707 MHz
[    9.003436] alg: No test for crc32 (crc32-table)
[    9.833403] alg: No test for lz4 (lz4-generic)
[   10.113399] alg: No test for lz4hc (lz4hc-generic)
[   10.253400] alg: No test for stdrng (krng)
[   10.462213] Key type asymmetric registered
[   10.479279] xz_dec_test: module loaded
[   10.479987] xz_dec_test: Create a device node with 'mknod xz_dec_test c =
250 0' and write .xz files to it.
[   10.482209] ipmi message handler version 39.2
[   10.493126] ipmi device interface
[   10.493881] IPMI System Interface driver.
[   10.494729] ipmi_si: Adding default-specified kcs state machine
[   10.495811] ipmi_si: Trying default-specified kcs state machine at i/o a=
ddress 0xca2, slave address 0x0, irq 0
[   10.497671] ipmi_si: Interface detection failed
[   11.278610] ipmi_si: Adding default-specified smic state machine
[   11.279765] ipmi_si: Trying default-specified smic state machine at i/o =
address 0xca9, slave address 0x0, irq 0
[   11.286788] ipmi_si: Interface detection failed
[   11.300162] ipmi_si: Adding default-specified bt state machine
[   11.301257] ipmi_si: Trying default-specified bt state machine at i/o ad=
dress 0xe4, slave address 0x0, irq 0
[   11.303036] ipmi_si: Interface detection failed
[   11.313608] ipmi_si: Unable to find any System Interface(s)
[   11.314626] Copyright (C) 2004 MontaVista Software - IPMI Powerdown via =
sys_reboot.
[   11.316270] input: Power Button as /devices/LNXSYSTM:00/LNXPWRBN:00/inpu=
t/input0
[   11.317656] ACPI: Power Button [PWRF]
[   11.322570] r3964: Philips r3964 Driver $Revision: 1.10 $
[   11.323569] Serial: 8250/16550 driver, 4 ports, IRQ sharing disabled
[   11.374277] 00:05: ttyS0 at I/O 0x3f8 (irq =3D 4, base_baud =3D 115200) =
is a 16550A
[   11.377122] Initializing Nozomi driver 2.1d
[   11.378197] Applicom driver: $Id: ac.c,v 1.30 2000/03/22 16:03:57 dwmw2 =
Exp $
[   11.379472] ac.o: No PCI boards found.
[   11.380178] ac.o: For an ISA board you must supply memory and irq parame=
ters.
[   11.392457] telclk_interrupt =3D 0xf non-mcpbl0010 hw.
[   11.393495] smapi::smapi_init, ERROR invalid usSmapiID
[   11.394411] mwave: tp3780i::tp3780I_InitializeBoardData: Error: SMAPI is=
 not available on this machine
[   11.396055] mwave: mwavedd::mwave_init: Error: Failed to initialize boar=
d data
[   11.397362] mwave: mwavedd::mwave_init: Error: Failed to initialize
[   11.398488] Linux agpgart interface v0.103
[   11.399574] Hangcheck: starting hangcheck timer 0.9.1 (tick is 180 secon=
ds, margin is 60 seconds).
[   11.401201] Hangcheck: Using getrawmonotonic().
[   11.402210] ibmasm: IBM ASM Service Processor Driver version 1.0 loaded
[   11.413549] dummy-irq: no IRQ given.  Use irq=3DN
[   11.414435] Phantom Linux Driver, version n0.9.8, init OK
[   11.415551] Silicon Labs C2 port support v. 0.51.0 - (C) 2007 Rodolfo Gi=
ometti
[   11.417000] c2port c2port0: C2 port uc added
[   11.417773] c2port c2port0: uc flash has 30 blocks x 512 bytes (15360 by=
tes total)
[   11.419513] mic_init not running on X100 ret -19
[   11.443708] ohci_hcd: USB 1.1 'Open' Host Controller (OHCI) Driver
[   11.444934] ohci-platform: OHCI generic platform driver
[   11.446057] driver u132_hcd
[   11.452718] fusbh200_hcd: FUSBH200 Host Controller (EHCI) Driver
[   11.453828] Warning! fusbh200_hcd should always be loaded before uhci_hc=
d and ohci_hcd, not after
[   11.455514] usbcore: registered new interface driver cdc_wdm
[   11.456546] usbcore: registered new interface driver usbtmc
[   11.457623] usbcore: registered new interface driver cypress_cy7c63
[   11.458759] usbcore: registered new interface driver emi26 - firmware lo=
ader
[   11.460041] usbcore: registered new interface driver emi62 - firmware lo=
ader
[   11.461300] driver ftdi-elan
[   11.483042] usbcore: registered new interface driver ftdi-elan
[   11.484192] usbcore: registered new interface driver idmouse
[   11.485253] usbcore: registered new interface driver iowarrior
[   11.486316] usbcore: registered new interface driver ldusb
[   11.487340] usbcore: registered new interface driver usbled
[   11.488354] usbcore: registered new interface driver legousbtower
[   11.499657] usbcore: registered new interface driver usbtest
[   11.501773] usbcore: registered new interface driver usb_ehset_test
[   11.505944] usbcore: registered new interface driver trancevibrator
[   11.507108] usbcore: registered new interface driver usbsevseg
[   11.508206] usbcore: registered new interface driver yurex
[   11.511477] i8042: PNP: PS/2 Controller [PNP0303:KBD,PNP0f13:MOU] at 0x6=
0,0x64 irq 1,12
[   11.518154] serio: i8042 KBD port at 0x60,0x64 irq 1
[   11.519087] serio: i8042 AUX port at 0x60,0x64 irq 12
[   11.665913] evbug: Connected device: input0 (Power Button at LNXPWRBN/bu=
tton/input0)
[   11.668068] input: AT Translated Set 2 keyboard as /devices/platform/i80=
42/serio0/input/input1
[   11.670110] usbcore: registered new interface driver usb_acecad
[   11.671187] usbcore: registered new interface driver aiptek
[   11.672197] usbcore: registered new interface driver gtco
[   11.673176] usbcore: registered new interface driver hanwang
[   11.674763] mk712: device not present
[   11.675584] usbcore: registered new interface driver sur40
[   11.676731] I2O subsystem v1.325
[   11.677316] i2o: max drivers =3D 8
[   11.678206] I2O Configuration OSM v1.323
[   11.678930] I2O Bus Adapter OSM v1.317
[   11.679655] I2O ProcFS OSM v1.316
[   11.680874] usbcore: registered new interface driver radioshark2
[   11.681950] usbcore: registered new interface driver dsbr100
[   11.682670] evbug: Connected device: input1 (AT Translated Set 2 keyboar=
d at isa0060/serio0/input0)
[   11.685316] usbcore: registered new interface driver radio-si470x
[   11.686409] usbcore: registered new interface driver radio-mr800
[   11.687547] usbcore: registered new interface driver radio-keene
[   11.688619] pps_ldisc: PPS line discipline registered
[   11.689544] Driver for 1-wire Dallas network protocol.
[   11.690651] usbcore: registered new interface driver DS9490R
[   11.692864] intel_powerclamp: Intel powerclamp does not run on family 15=
 model 6
[   11.694333] usbcore: registered new interface driver pcwd_usb
[   11.695363] acquirewdt: WDT driver for Acquire single board computer ini=
tialising
[   11.696878] acquirewdt: I/O address 0x0043 already in use
[   11.697859] acquirewdt: probe of acquirewdt failed with error -5
[   11.698932] advantechwdt: WDT driver for Advantech single board computer=
 initialising
[   11.700534] advantechwdt: initialized. timeout=3D60 sec (nowayout=3D0)
[   11.701642] ib700wdt: WDT driver for IB700 single board computer initial=
ising
[   11.703012] ib700wdt: START method I/O 443 is not available
[   11.704036] ib700wdt: probe of ib700wdt failed with error -5
[   11.705074] wafer5823wdt: WDT driver for Wafer 5823 single board compute=
r initialising
[   11.706475] wafer5823wdt: I/O address 0x0443 already in use
[   11.707529] i6300esb: Intel 6300ESB WatchDog Timer Driver v0.05
[   11.708796] i6300esb: cannot register miscdev on minor=3D130 (err=3D-16)
[   11.710044] i6300ESB timer: probe of 0000:00:0a.0 failed with error -16
[   11.711223] iTCO_wdt: Intel TCO WatchDog Timer Driver v1.10
[   11.712224] iTCO_vendor_support: vendor-support=3D0
[   11.713170] it87_wdt: no device
[   11.713771] sc1200wdt: build 20020303
[   11.714509] sc1200wdt: io parameter must be specified
[   11.715425] pc87413_wdt: Version 1.1 at io 0x2E
[   11.716232] pc87413_wdt: cannot register miscdev on minor=3D130 (err=3D-=
16)
[   11.717441] nv_tco: NV TCO WatchDog Timer Driver v0.01
[   11.718512] sbc60xxwdt: I/O address 0x0443 already in use
[   11.719480] cpu5wdt: misc_register failed
[   11.720298] smsc37b787_wdt: SMsC 37B787 watchdog component driver 1.1 in=
itialising...
[   11.725448] smsc37b787_wdt: Unable to register miscdev on minor 130
[   11.726594] w83697hf_wdt: WDT driver for W83697HF/HG initializing
[   11.727737] w83697hf_wdt: watchdog not found at address 0x2e
[   11.728738] w83697hf_wdt: No W83697HF/HG could be found
[   11.729664] w83877f_wdt: I/O address 0x0443 already in use
[   11.730668] w83977f_wdt: driver v1.00
[   11.731328] w83977f_wdt: cannot register miscdev on minor=3D130 (err=3D-=
16)
[   11.742540] machzwd: MachZ ZF-Logic Watchdog driver initializing
[   11.743655] machzwd: no ZF-Logic found
[   11.744330] sbc_epx_c3: cannot register miscdev on minor=3D130 (err=3D-1=
6)
[   11.745544] sdhci: Secure Digital Host Controller Interface driver
[   11.746627] sdhci: Copyright(c) Pierre Ossman
[   11.747512] wbsd: Winbond W83L51xD SD/MMC card interface driver
[   11.748557] wbsd: Copyright(c) Pierre Ossman
[   11.749454] VUB300 Driver rom wait states =3D 1C irqpoll timeout =3D 0400
[   11.773169] usbcore: registered new interface driver vub300
[   11.774334] usbcore: registered new interface driver ushc
[   11.775418] leds_ss4200: no LED devices found
[   11.776254] ledtrig-cpu: registered to indicate activity on CPUs
[   11.777881] dcdbas dcdbas: Dell Systems Management Base Driver (version =
5.6.0-3.2)
[   11.779273] hidraw: raw HID events driver (C) Jiri Kosina
[   11.781489] usbcore: registered new interface driver usbmouse
[   11.792649] usbcore: registered new interface driver sdr_msi3101
[   11.793815] usbcore: registered new interface driver line6usb
[   11.794841] vme_user: VME User Space Access Driver
[   11.795691] vme_user: No cards, skipping registration
[   11.796584] vme_pio2: No cards, skipping registration
[   11.842713] usbcore: registered new interface driver cedusb
[   11.862114] dgap: dgap-1.3-16, Digi International Part Number 40002347_C
[   11.863424] dgap: For the tools package or updated drivers please visit =
http://www.digi.com
[   11.865326] hdaps: supported laptop not found!
[   11.866112] hdaps: driver init failed (ret=3D-19)!
[   11.868137] intel_rapl: driver does not support CPU family 15 model 6
[   11.876597] Motu MidiTimePiece on parallel port irq: 7 ioport: 0x378
[   11.889526] usbcore: registered new interface driver snd-usb-6fire
[   11.890682] usbcore: registered new interface driver snd-usb-hiface
[   11.895432] oprofile: using NMI interrupt.
[   11.896819]=20
[   11.896819] printing PIC contents
[   11.897704] ... PIC  IMR: ffff
[   11.898267] ... PIC  IRR: 1013
[   11.898834] ... PIC  ISR: 0000
[   11.899392] ... PIC ELCR: 0c00
[   11.899967] printing local APIC contents on CPU#0/0:
[   11.900010] ... APIC ID:      00000000 (0)
[   11.900010] ... APIC VERSION: 00050014
[   11.900010] ... APIC TASKPRI: 00000000 (00)
[   11.900010] ... APIC PROCPRI: 00000000
[   11.900010] ... APIC LDR: 01000000
[   11.900010] ... APIC DFR: ffffffff
[   11.900010] ... APIC SPIV: 000001ff
[   11.900010] ... APIC ISR field:
[   11.900010] 000000000000000000000000000000000000000000000000000000000000=
0000
[   11.900010] ... APIC TMR field:
[   11.900010] 000000000200000000000000000000000000000000000000000000000000=
0000
[   11.900010] ... APIC IRR field:
[   11.900010] 000000000000000000000000000000000000000000000000000000000000=
8000
[   11.900010] ... APIC ESR: 00000000
[   11.900010] ... APIC ICR: 000008fd
[   11.900010] ... APIC ICR2: 02000000
[   11.900010] ... APIC LVTT: 000000ef
[   11.900010] ... APIC LVTPC: 00010000
[   11.900010] ... APIC LVT0: 00010700
[   11.900010] ... APIC LVT1: 00000400
[   11.900010] ... APIC LVTERR: 000000fe
[   11.900010] ... APIC TMICT: 000327eb
[   11.900010] ... APIC TMCCT: 00000000
[   11.900010] ... APIC TDCR: 00000003
[   11.900010]=20
[   11.921626] number of MP IRQ sources: 15.
[   11.922823] number of IO-APIC #0 registers: 24.
[   11.923660] testing the IO APIC.......................
[   11.924602] IO APIC #0......
[   11.925132] .... register #00: 00000000
[   11.925825] .......    : physical APIC id: 00
[   11.926602] .......    : Delivery Type: 0
[   11.927346] .......    : LTS          : 0
[   11.928058] .... register #01: 00170011
[   11.928750] .......     : max redirection entries: 17
[   11.929873] .......     : PRQ implemented: 0
[   11.931330] .......     : IO APIC version: 11
[   11.932104] .... register #02: 00000000
[   11.932841] .......     : arbitration: 00
[   11.933582] .... IRQ redirection table:
[   11.934290] 1    0    0   0   0    0    0    00
[   11.935102] 0    0    0   0   0    1    1    31
[   11.935944] 0    0    0   0   0    1    1    30
[   11.936790] 0    0    0   0   0    1    1    33
[   11.937612] 1    0    0   0   0    1    1    34
[   11.938440] 1    1    0   0   0    1    1    35
[   11.939261] 0    0    0   0   0    1    1    36
[   11.940112] 0    0    0   0   0    1    1    37
[   11.940933] 0    0    0   0   0    1    1    38
[   11.941754] 0    1    0   0   0    1    1    39
[   11.943143] 1    1    0   0   0    1    1    3A
[   11.945362] 1    1    0   0   0    1    1    3B
[   11.946184] 0    0    0   0   0    1    1    3C
[   11.947037] 0    0    0   0   0    1    1    3D
[   11.947865] 0    0    0   0   0    1    1    3E
[   11.948689] 0    0    0   0   0    1    1    3F
[   11.949509] 1    0    0   0   0    0    0    00
[   11.950379] 1    0    0   0   0    0    0    00
[   11.951195] 1    0    0   0   0    0    0    00
[   11.952015] 1    0    0   0   0    0    0    00
[   11.953055] 1    0    0   0   0    0    0    00
[   11.953907] 1    0    0   0   0    0    0    00
[   11.954733] 1    0    0   0   0    0    0    00
[   11.955566] 1    0    0   0   0    0    0    00
[   11.956371] IRQ to pin mappings:
[   11.956984] IRQ0 -> 0:2
[   11.957491] IRQ1 -> 0:1
[   11.957988] IRQ3 -> 0:3
[   11.958493] IRQ4 -> 0:4
[   11.958991] IRQ5 -> 0:5
[   11.959494] IRQ6 -> 0:6
[   11.959992] IRQ7 -> 0:7
[   11.960523] IRQ8 -> 0:8
[   11.961021] IRQ9 -> 0:9
[   11.961527] IRQ10 -> 0:10
[   11.962054] IRQ11 -> 0:11
[   11.963079] IRQ12 -> 0:12
[   11.963656] IRQ13 -> 0:13
[   11.964184] IRQ14 -> 0:14
[   11.964728] IRQ15 -> 0:15
[   11.965254] .................................... done.
[   11.983944] Key type trusted registered
[   11.986142] Key type encrypted registered
[   11.988136] drivers/rtc/hctosys.c: unable to open rtc device (rtc0)
[   11.990680] BIOS EDD facility v0.16 2004-Jun-25, 6 devices found
[   11.992185] ALSA device list:
[   11.992818]   #0: Dummy 1
[   11.993310]   #1: Loopback 1
[   12.001379]   #2: Virtual MIDI Card 1
[   12.002045]   #3: MTPAV on parallel port at 0x378
[   12.004204] debug: unmapping init [mem 0xffffffff82697000-0xffffffff827f=
dfff]
[   12.012901] Write protecting the kernel read-only data: 18432k
[   12.015500] debug: unmapping init [mem 0xffff8800019aa000-0xffff8800019f=
ffff]
[   12.017263] debug: unmapping init [mem 0xffff88000217c000-0xffff8800021f=
ffff]

mount: mounting proc on /proc failed: No such device
/etc/rcS.d/S00fbsetup: line 3: /sbin/modprobe: not found

Please wait: booting...
mount: mounting proc on /proc failed: No such device
grep: /proc/filesystems: No such file or directory
Starting Bootlog daemon: bootlogd: cannot allocate pseudo tty: No such file=
 or directory
bootlogd.
mount: can't read '/proc/mounts': No such file or directory
/etc/init.d/rc: /etc/rcS.d/S37populate-volatile.sh: line 172: can't open /p=
roc/cmdline: no such file
grep: /proc/filesystems: No such file or directory
Configuring network interfaces... ifconfig: socket: Address family not supp=
orted by protocol
ifup: can't open '/var/run/ifstate': No such file or directory
done.
hwclock: can't open '/dev/misc/rtc': No such file or directory
Running postinst /etc/rpm-postinsts/100...

mount: no /proc/mounts
wfg: skip syslogd
Kernel tests: Boot OK!
Kernel tests: Boot OK!
mount: mounting proc on /proc failed: No such device
/etc/rc5.d/S99-rc.local: line 19: can't create /proc/177/oom_score_adj: non=
existent directory
sed: /lib/modules/3.13.0-rc7-next-20140106-07462-gb4a839b/modules.dep: No s=
uch file or directory
xargs: modprobe: No such file or directory
run-parts: /etc/kernel-tests/01-modprobe exited with code 127
grep: /proc/cmdline: No such file or directory
grep: /proc/cmdline: No such file or directory
/etc/kernel-tests/90-trinity: line 15: /trinity: not found
/etc/kernel-tests/90-trinity: line 16: /trinity: not found
/etc/kernel-tests/90-trinity: line 18: /usr/sbin/chroot: not found
/etc/kernel-tests/90-trinity: line 17: /usr/sbin/chroot: not found
[   49.316686] [sched_delayed] sched: RT throttling activated
lsmod: can't open '/proc/modules': No such file or directory
BusyBox v1.19.4 (2012-04-22 08:49:11 PDT) multi-call binary.

Usage: rmmod [-wfa] [MODULE]...

lsmod: can't open '/proc/modules': No such file or directory
BusyBox v1.19.4 (2012-04-22 08:49:11 PDT) multi-call binary.

Usage: rmmod [-wfa] [MODULE]...

lsmod: can't open '/proc/modules': No such file or directory
BusyBox v1.19.4 (2012-04-22 08:49:11 PDT) multi-call binary.

Usage: rmmod [-wfa] [MODULE]...

run-parts: /etc/kernel-tests/99-rmmod exited with code 123
shutdown: warning: cannot open /var/run/shutdown.pid


mount: no /proc/mounts
wfg: skip syslogd
sed: /proc/mounts: No such file or directory
sed: /proc/mounts: No such file or directory
sed: /proc/mounts: No such file or directory
Deconfiguring network interfaces... ifdown: interface lo not configured
done.
Sending all processes the TERM signal...
mount: mounting proc on /proc failed: No such device
killall5[225]: mount returned non-zero exit status
killall5[225]: /proc not mounted, failed to mount.
Sending all processes the KILL signal...
mount: mounting proc on /proc failed: No such device
killall5[228]: mount returned non-zero exit status
killall5[228]: /proc not mounted, failed to mount.
Unmounting remote filesystems...
Deactivating swap...
Unmounting local filesystems...
grep: /proc/mounts: No such file or directory
mount: can't read '/proc/mounts': No such file or directory
Rebooting...=20
[   81.815164] Unregister pv shared memory for cpu 1
[   81.816505] Unregister pv shared memory for cpu 0
[   81.821354] reboot: Restarting system
[   81.822121] reboot: machine restart
Elapsed time: 85
qemu-system-x86_64 -cpu kvm64 -enable-kvm -kernel /kernel/x86_64-randconfig=
-c0-0106/b4a839be48406e0e8bdec0bbc86db6f67df3d406/vmlinuz-3.13.0-rc7-next-2=
0140106-07462-gb4a839b -append 'hung_task_panic=3D1 earlyprintk=3DttyS0,115=
200 debug apic=3Ddebug sysrq_always_enabled panic=3D10  prompt_ramdisk=3D0 =
console=3DttyS0,115200 console=3Dtty0 vga=3Dnormal  root=3D/dev/ram0 rw lin=
k=3D/kernel-tests/run-queue/kvm/x86_64-randconfig-c0-0106/next:master/.vmli=
nuz-b4a839be48406e0e8bdec0bbc86db6f67df3d406-20140106180724-3-xgwo branch=
=3Dnext/master BOOT_IMAGE=3D/kernel/x86_64-randconfig-c0-0106/b4a839be48406=
e0e8bdec0bbc86db6f67df3d406/vmlinuz-3.13.0-rc7-next-20140106-07462-gb4a839b=
'  -initrd /kernel-tests/initrd/yocto-minimal-x86_64.cgz -m 256M -smp 2 -ne=
t nic,vlan=3D1,model=3De1000 -net user,vlan=3D1,hostfwd=3Dtcp::18723-:22 -b=
oot order=3Dnc -no-reboot -watchdog i6300esb -rtc base=3Dlocaltime -drive f=
ile=3D/fs/LABEL=3DKVM/disk0-yocto-xgwo-5,media=3Ddisk,if=3Dvirtio -drive fi=
le=3D/fs/LABEL=3DKVM/disk1-yocto-xgwo-5,media=3Ddisk,if=3Dvirtio -drive fil=
e=3D/fs/LABEL=3DKVM/disk2-yocto-xgwo-5,media=3Ddisk,if=3Dvirtio -drive file=
=3D/fs/LABEL=3DKVM/disk3-yocto-xgwo-5,media=3Ddisk,if=3Dvirtio -drive file=
=3D/fs/LABEL=3DKVM/disk4-yocto-xgwo-5,media=3Ddisk,if=3Dvirtio -drive file=
=3D/fs/LABEL=3DKVM/disk5-yocto-xgwo-5,media=3Ddisk,if=3Dvirtio -pidfile /de=
v/shm/kboot/pid-yocto-xgwo-5 -serial file:/dev/shm/kboot/serial-yocto-xgwo-=
5 -daemonize -display none -monitor null=20

--Nq2Wo0NMKNjxTN9z
Content-Type: text/plain; charset=us-ascii
Content-Disposition: attachment; filename="config-3.13.0-rc7-next-20140106-07462-gb4a839b"

#
# Automatically generated file; DO NOT EDIT.
# Linux/x86_64 3.13.0-rc7 Kernel Configuration
#
CONFIG_64BIT=y
CONFIG_X86_64=y
CONFIG_X86=y
CONFIG_INSTRUCTION_DECODER=y
CONFIG_OUTPUT_FORMAT="elf64-x86-64"
CONFIG_ARCH_DEFCONFIG="arch/x86/configs/x86_64_defconfig"
CONFIG_LOCKDEP_SUPPORT=y
CONFIG_STACKTRACE_SUPPORT=y
CONFIG_HAVE_LATENCYTOP_SUPPORT=y
CONFIG_MMU=y
CONFIG_NEED_DMA_MAP_STATE=y
CONFIG_NEED_SG_DMA_LENGTH=y
CONFIG_GENERIC_ISA_DMA=y
CONFIG_GENERIC_BUG=y
CONFIG_GENERIC_BUG_RELATIVE_POINTERS=y
CONFIG_GENERIC_HWEIGHT=y
CONFIG_ARCH_MAY_HAVE_PC_FDC=y
CONFIG_RWSEM_XCHGADD_ALGORITHM=y
CONFIG_GENERIC_CALIBRATE_DELAY=y
CONFIG_ARCH_HAS_CPU_RELAX=y
CONFIG_ARCH_HAS_CACHE_LINE_SIZE=y
CONFIG_ARCH_HAS_CPU_AUTOPROBE=y
CONFIG_HAVE_SETUP_PER_CPU_AREA=y
CONFIG_NEED_PER_CPU_EMBED_FIRST_CHUNK=y
CONFIG_NEED_PER_CPU_PAGE_FIRST_CHUNK=y
CONFIG_ARCH_HIBERNATION_POSSIBLE=y
CONFIG_ARCH_SUSPEND_POSSIBLE=y
CONFIG_ARCH_WANT_HUGE_PMD_SHARE=y
CONFIG_ARCH_WANT_GENERAL_HUGETLB=y
CONFIG_ZONE_DMA32=y
CONFIG_AUDIT_ARCH=y
CONFIG_ARCH_SUPPORTS_OPTIMIZED_INLINING=y
CONFIG_ARCH_SUPPORTS_DEBUG_PAGEALLOC=y
CONFIG_X86_64_SMP=y
CONFIG_X86_HT=y
CONFIG_ARCH_HWEIGHT_CFLAGS="-fcall-saved-rdi -fcall-saved-rsi -fcall-saved-rdx -fcall-saved-rcx -fcall-saved-r8 -fcall-saved-r9 -fcall-saved-r10 -fcall-saved-r11"
CONFIG_ARCH_SUPPORTS_UPROBES=y
CONFIG_DEFCONFIG_LIST="/lib/modules/$UNAME_RELEASE/.config"
CONFIG_CONSTRUCTORS=y
CONFIG_IRQ_WORK=y
CONFIG_BUILDTIME_EXTABLE_SORT=y

#
# General setup
#
CONFIG_INIT_ENV_ARG_LIMIT=32
CONFIG_CROSS_COMPILE=""
CONFIG_COMPILE_TEST=y
CONFIG_LOCALVERSION=""
CONFIG_LOCALVERSION_AUTO=y
CONFIG_HAVE_KERNEL_GZIP=y
CONFIG_HAVE_KERNEL_BZIP2=y
CONFIG_HAVE_KERNEL_LZMA=y
CONFIG_HAVE_KERNEL_XZ=y
CONFIG_HAVE_KERNEL_LZO=y
CONFIG_HAVE_KERNEL_LZ4=y
CONFIG_KERNEL_GZIP=y
# CONFIG_KERNEL_BZIP2 is not set
# CONFIG_KERNEL_LZMA is not set
# CONFIG_KERNEL_XZ is not set
# CONFIG_KERNEL_LZO is not set
# CONFIG_KERNEL_LZ4 is not set
CONFIG_DEFAULT_HOSTNAME="(none)"
# CONFIG_SYSVIPC is not set
# CONFIG_POSIX_MQUEUE is not set
CONFIG_FHANDLE=y
# CONFIG_AUDIT is not set

#
# IRQ subsystem
#
CONFIG_GENERIC_IRQ_PROBE=y
CONFIG_GENERIC_IRQ_SHOW=y
CONFIG_GENERIC_PENDING_IRQ=y
CONFIG_GENERIC_IRQ_CHIP=y
CONFIG_IRQ_DOMAIN=y
# CONFIG_IRQ_DOMAIN_DEBUG is not set
CONFIG_IRQ_FORCED_THREADING=y
CONFIG_SPARSE_IRQ=y
CONFIG_CLOCKSOURCE_WATCHDOG=y
CONFIG_ARCH_CLOCKSOURCE_DATA=y
CONFIG_GENERIC_TIME_VSYSCALL=y
CONFIG_GENERIC_CLOCKEVENTS=y
CONFIG_GENERIC_CLOCKEVENTS_BUILD=y
CONFIG_GENERIC_CLOCKEVENTS_BROADCAST=y
CONFIG_GENERIC_CLOCKEVENTS_MIN_ADJUST=y
CONFIG_GENERIC_CMOS_UPDATE=y

#
# Timers subsystem
#
CONFIG_TICK_ONESHOT=y
CONFIG_NO_HZ_COMMON=y
# CONFIG_HZ_PERIODIC is not set
# CONFIG_NO_HZ_IDLE is not set
CONFIG_NO_HZ_FULL=y
# CONFIG_NO_HZ_FULL_ALL is not set
# CONFIG_NO_HZ_FULL_SYSIDLE is not set
# CONFIG_NO_HZ is not set
CONFIG_HIGH_RES_TIMERS=y

#
# CPU/Task time and stats accounting
#
CONFIG_VIRT_CPU_ACCOUNTING=y
CONFIG_VIRT_CPU_ACCOUNTING_GEN=y
# CONFIG_BSD_PROCESS_ACCT is not set
# CONFIG_TASKSTATS is not set

#
# RCU Subsystem
#
CONFIG_TREE_RCU=y
# CONFIG_PREEMPT_RCU is not set
CONFIG_RCU_STALL_COMMON=y
CONFIG_CONTEXT_TRACKING=y
CONFIG_RCU_USER_QS=y
# CONFIG_CONTEXT_TRACKING_FORCE is not set
CONFIG_RCU_FANOUT=64
CONFIG_RCU_FANOUT_LEAF=16
CONFIG_RCU_FANOUT_EXACT=y
CONFIG_RCU_FAST_NO_HZ=y
# CONFIG_TREE_RCU_TRACE is not set
CONFIG_RCU_NOCB_CPU=y
CONFIG_RCU_NOCB_CPU_ALL=y
CONFIG_IKCONFIG=y
CONFIG_LOG_BUF_SHIFT=17
CONFIG_HAVE_UNSTABLE_SCHED_CLOCK=y
CONFIG_ARCH_SUPPORTS_NUMA_BALANCING=y
CONFIG_ARCH_SUPPORTS_INT128=y
CONFIG_ARCH_WANTS_PROT_NUMA_PROT_NONE=y
CONFIG_CGROUPS=y
CONFIG_CGROUP_DEBUG=y
CONFIG_CGROUP_FREEZER=y
# CONFIG_CGROUP_DEVICE is not set
# CONFIG_CPUSETS is not set
# CONFIG_CGROUP_CPUACCT is not set
CONFIG_RESOURCE_COUNTERS=y
CONFIG_MEMCG=y
# CONFIG_MEMCG_KMEM is not set
# CONFIG_CGROUP_PERF is not set
CONFIG_CGROUP_SCHED=y
CONFIG_FAIR_GROUP_SCHED=y
CONFIG_CFS_BANDWIDTH=y
# CONFIG_RT_GROUP_SCHED is not set
CONFIG_CHECKPOINT_RESTORE=y
# CONFIG_NAMESPACES is not set
CONFIG_UIDGID_STRICT_TYPE_CHECKS=y
CONFIG_SCHED_AUTOGROUP=y
CONFIG_MM_OWNER=y
# CONFIG_SYSFS_DEPRECATED is not set
CONFIG_RELAY=y
CONFIG_BLK_DEV_INITRD=y
CONFIG_INITRAMFS_SOURCE=""
CONFIG_RD_GZIP=y
# CONFIG_RD_BZIP2 is not set
# CONFIG_RD_LZMA is not set
# CONFIG_RD_XZ is not set
# CONFIG_RD_LZO is not set
# CONFIG_RD_LZ4 is not set
# CONFIG_CC_OPTIMIZE_FOR_SIZE is not set
CONFIG_ANON_INODES=y
CONFIG_HAVE_UID16=y
CONFIG_SYSCTL_EXCEPTION_TRACE=y
CONFIG_HAVE_PCSPKR_PLATFORM=y
CONFIG_EXPERT=y
CONFIG_UID16=y
CONFIG_KALLSYMS=y
CONFIG_KALLSYMS_ALL=y
CONFIG_PRINTK=y
CONFIG_BUG=y
CONFIG_ELF_CORE=y
CONFIG_PCSPKR_PLATFORM=y
CONFIG_BASE_FULL=y
CONFIG_FUTEX=y
# CONFIG_EPOLL is not set
# CONFIG_SIGNALFD is not set
CONFIG_TIMERFD=y
CONFIG_EVENTFD=y
# CONFIG_SHMEM is not set
CONFIG_AIO=y
CONFIG_PCI_QUIRKS=y
CONFIG_EMBEDDED=y
CONFIG_HAVE_PERF_EVENTS=y
CONFIG_PERF_USE_VMALLOC=y

#
# Kernel Performance Events And Counters
#
CONFIG_PERF_EVENTS=y
CONFIG_DEBUG_PERF_USE_VMALLOC=y
# CONFIG_VM_EVENT_COUNTERS is not set
# CONFIG_COMPAT_BRK is not set
CONFIG_SLAB=y
# CONFIG_SLUB is not set
# CONFIG_SLOB is not set
CONFIG_PROFILING=y
CONFIG_TRACEPOINTS=y
CONFIG_OPROFILE=y
CONFIG_OPROFILE_EVENT_MULTIPLEX=y
CONFIG_HAVE_OPROFILE=y
CONFIG_OPROFILE_NMI_TIMER=y
CONFIG_JUMP_LABEL=y
CONFIG_UPROBES=y
# CONFIG_HAVE_64BIT_ALIGNED_ACCESS is not set
CONFIG_HAVE_EFFICIENT_UNALIGNED_ACCESS=y
CONFIG_ARCH_USE_BUILTIN_BSWAP=y
CONFIG_HAVE_IOREMAP_PROT=y
CONFIG_HAVE_KPROBES=y
CONFIG_HAVE_KRETPROBES=y
CONFIG_HAVE_OPTPROBES=y
CONFIG_HAVE_KPROBES_ON_FTRACE=y
CONFIG_HAVE_ARCH_TRACEHOOK=y
CONFIG_HAVE_DMA_ATTRS=y
CONFIG_GENERIC_SMP_IDLE_THREAD=y
CONFIG_HAVE_REGS_AND_STACK_ACCESS_API=y
CONFIG_HAVE_DMA_API_DEBUG=y
CONFIG_HAVE_HW_BREAKPOINT=y
CONFIG_HAVE_MIXED_BREAKPOINTS_REGS=y
CONFIG_HAVE_USER_RETURN_NOTIFIER=y
CONFIG_HAVE_PERF_EVENTS_NMI=y
CONFIG_HAVE_PERF_REGS=y
CONFIG_HAVE_PERF_USER_STACK_DUMP=y
CONFIG_HAVE_ARCH_JUMP_LABEL=y
CONFIG_ARCH_HAVE_NMI_SAFE_CMPXCHG=y
CONFIG_HAVE_CMPXCHG_LOCAL=y
CONFIG_HAVE_CMPXCHG_DOUBLE=y
CONFIG_ARCH_WANT_COMPAT_IPC_PARSE_VERSION=y
CONFIG_ARCH_WANT_OLD_COMPAT_IPC=y
CONFIG_HAVE_ARCH_SECCOMP_FILTER=y
CONFIG_HAVE_CC_STACKPROTECTOR=y
# CONFIG_CC_STACKPROTECTOR is not set
CONFIG_CC_STACKPROTECTOR_NONE=y
# CONFIG_CC_STACKPROTECTOR_REGULAR is not set
# CONFIG_CC_STACKPROTECTOR_STRONG is not set
CONFIG_HAVE_CONTEXT_TRACKING=y
CONFIG_HAVE_VIRT_CPU_ACCOUNTING_GEN=y
CONFIG_HAVE_IRQ_TIME_ACCOUNTING=y
CONFIG_HAVE_ARCH_TRANSPARENT_HUGEPAGE=y
CONFIG_HAVE_ARCH_SOFT_DIRTY=y
CONFIG_MODULES_USE_ELF_RELA=y
CONFIG_HAVE_IRQ_EXIT_ON_IRQ_STACK=y
CONFIG_OLD_SIGSUSPEND3=y
CONFIG_COMPAT_OLD_SIGACTION=y

#
# GCOV-based kernel profiling
#
CONFIG_GCOV_KERNEL=y
CONFIG_GCOV_PROFILE_ALL=y
CONFIG_GCOV_FORMAT_AUTODETECT=y
# CONFIG_GCOV_FORMAT_3_4 is not set
# CONFIG_GCOV_FORMAT_4_7 is not set
# CONFIG_HAVE_GENERIC_DMA_COHERENT is not set
CONFIG_RT_MUTEXES=y
CONFIG_BASE_SMALL=0
# CONFIG_SYSTEM_TRUSTED_KEYRING is not set
# CONFIG_MODULES is not set
CONFIG_STOP_MACHINE=y
# CONFIG_BLOCK is not set
CONFIG_PADATA=y
CONFIG_UNINLINE_SPIN_UNLOCK=y
CONFIG_FREEZER=y

#
# Processor type and features
#
CONFIG_ZONE_DMA=y
CONFIG_SMP=y
CONFIG_X86_MPPARSE=y
CONFIG_X86_EXTENDED_PLATFORM=y
# CONFIG_X86_VSMP is not set
# CONFIG_X86_INTEL_LPSS is not set
CONFIG_X86_SUPPORTS_MEMORY_FAILURE=y
# CONFIG_SCHED_OMIT_FRAME_POINTER is not set
CONFIG_HYPERVISOR_GUEST=y
CONFIG_PARAVIRT=y
# CONFIG_PARAVIRT_DEBUG is not set
# CONFIG_PARAVIRT_SPINLOCKS is not set
# CONFIG_XEN is not set
# CONFIG_XEN_PRIVILEGED_GUEST is not set
CONFIG_KVM_GUEST=y
# CONFIG_KVM_DEBUG_FS is not set
# CONFIG_PARAVIRT_TIME_ACCOUNTING is not set
CONFIG_PARAVIRT_CLOCK=y
CONFIG_NO_BOOTMEM=y
CONFIG_MEMTEST=y
# CONFIG_MK8 is not set
# CONFIG_MPSC is not set
# CONFIG_MCORE2 is not set
# CONFIG_MATOM is not set
CONFIG_GENERIC_CPU=y
CONFIG_X86_INTERNODE_CACHE_SHIFT=6
CONFIG_X86_L1_CACHE_SHIFT=6
CONFIG_X86_TSC=y
CONFIG_X86_CMPXCHG64=y
CONFIG_X86_CMOV=y
CONFIG_X86_MINIMUM_CPU_FAMILY=64
CONFIG_X86_DEBUGCTLMSR=y
CONFIG_PROCESSOR_SELECT=y
CONFIG_CPU_SUP_INTEL=y
# CONFIG_CPU_SUP_AMD is not set
CONFIG_CPU_SUP_CENTAUR=y
CONFIG_HPET_TIMER=y
CONFIG_DMI=y
CONFIG_CALGARY_IOMMU=y
CONFIG_CALGARY_IOMMU_ENABLED_BY_DEFAULT=y
CONFIG_SWIOTLB=y
CONFIG_IOMMU_HELPER=y
CONFIG_MAXSMP=y
CONFIG_NR_CPUS=8192
CONFIG_SCHED_SMT=y
# CONFIG_SCHED_MC is not set
# CONFIG_PREEMPT_NONE is not set
CONFIG_PREEMPT_VOLUNTARY=y
# CONFIG_PREEMPT is not set
CONFIG_PREEMPT_COUNT=y
CONFIG_X86_LOCAL_APIC=y
CONFIG_X86_IO_APIC=y
# CONFIG_X86_REROUTE_FOR_BROKEN_BOOT_IRQS is not set
CONFIG_X86_MCE=y
# CONFIG_X86_MCE_INTEL is not set
CONFIG_X86_MCE_AMD=y
CONFIG_X86_MCE_THRESHOLD=y
CONFIG_X86_MCE_INJECT=y
# CONFIG_I8K is not set
CONFIG_MICROCODE=y
CONFIG_MICROCODE_INTEL=y
CONFIG_MICROCODE_AMD=y
CONFIG_MICROCODE_OLD_INTERFACE=y
CONFIG_MICROCODE_INTEL_LIB=y
CONFIG_MICROCODE_INTEL_EARLY=y
CONFIG_MICROCODE_AMD_EARLY=y
CONFIG_MICROCODE_EARLY=y
CONFIG_X86_MSR=y
# CONFIG_X86_CPUID is not set
CONFIG_ARCH_PHYS_ADDR_T_64BIT=y
CONFIG_ARCH_DMA_ADDR_T_64BIT=y
CONFIG_DIRECT_GBPAGES=y
# CONFIG_NUMA is not set
CONFIG_ARCH_SPARSEMEM_ENABLE=y
CONFIG_ARCH_SPARSEMEM_DEFAULT=y
CONFIG_ARCH_SELECT_MEMORY_MODEL=y
CONFIG_ILLEGAL_POINTER_VALUE=0xdead000000000000
CONFIG_SELECT_MEMORY_MODEL=y
CONFIG_SPARSEMEM_MANUAL=y
CONFIG_SPARSEMEM=y
CONFIG_HAVE_MEMORY_PRESENT=y
CONFIG_SPARSEMEM_EXTREME=y
CONFIG_SPARSEMEM_VMEMMAP_ENABLE=y
CONFIG_SPARSEMEM_ALLOC_MEM_MAP_TOGETHER=y
CONFIG_SPARSEMEM_VMEMMAP=y
CONFIG_HAVE_MEMBLOCK=y
CONFIG_HAVE_MEMBLOCK_NODE_MAP=y
CONFIG_ARCH_DISCARD_MEMBLOCK=y
# CONFIG_HAVE_BOOTMEM_INFO_NODE is not set
# CONFIG_MEMORY_HOTPLUG is not set
CONFIG_PAGEFLAGS_EXTENDED=y
CONFIG_SPLIT_PTLOCK_CPUS=4
CONFIG_ARCH_ENABLE_SPLIT_PMD_PTLOCK=y
# CONFIG_COMPACTION is not set
CONFIG_PHYS_ADDR_T_64BIT=y
CONFIG_ZONE_DMA_FLAG=1
CONFIG_VIRT_TO_BUS=y
CONFIG_KSM=y
CONFIG_DEFAULT_MMAP_MIN_ADDR=4096
CONFIG_ARCH_SUPPORTS_MEMORY_FAILURE=y
# CONFIG_MEMORY_FAILURE is not set
# CONFIG_TRANSPARENT_HUGEPAGE is not set
CONFIG_CROSS_MEMORY_ATTACH=y
CONFIG_CLEANCACHE=y
# CONFIG_CMA is not set
# CONFIG_ZBUD is not set
# CONFIG_ZSMALLOC is not set
CONFIG_X86_CHECK_BIOS_CORRUPTION=y
# CONFIG_X86_BOOTPARAM_MEMORY_CORRUPTION_CHECK is not set
CONFIG_X86_RESERVE_LOW=64
CONFIG_MTRR=y
CONFIG_MTRR_SANITIZER=y
CONFIG_MTRR_SANITIZER_ENABLE_DEFAULT=0
CONFIG_MTRR_SANITIZER_SPARE_REG_NR_DEFAULT=1
CONFIG_X86_PAT=y
CONFIG_ARCH_USES_PG_UNCACHED=y
# CONFIG_ARCH_RANDOM is not set
CONFIG_X86_SMAP=y
# CONFIG_EFI is not set
# CONFIG_SECCOMP is not set
# CONFIG_HZ_100 is not set
# CONFIG_HZ_250 is not set
CONFIG_HZ_300=y
# CONFIG_HZ_1000 is not set
CONFIG_HZ=300
CONFIG_SCHED_HRTICK=y
CONFIG_KEXEC=y
CONFIG_CRASH_DUMP=y
CONFIG_PHYSICAL_START=0x1000000
CONFIG_RELOCATABLE=y
# CONFIG_RANDOMIZE_BASE is not set
CONFIG_PHYSICAL_ALIGN=0x1000000
CONFIG_HOTPLUG_CPU=y
# CONFIG_BOOTPARAM_HOTPLUG_CPU0 is not set
# CONFIG_DEBUG_HOTPLUG_CPU0 is not set
# CONFIG_COMPAT_VDSO is not set
# CONFIG_CMDLINE_BOOL is not set
CONFIG_ARCH_ENABLE_MEMORY_HOTPLUG=y

#
# Power management and ACPI options
#
# CONFIG_SUSPEND is not set
# CONFIG_PM_RUNTIME is not set
CONFIG_ACPI=y
# CONFIG_ACPI_EC_DEBUGFS is not set
CONFIG_ACPI_AC=y
CONFIG_ACPI_BATTERY=y
CONFIG_ACPI_BUTTON=y
CONFIG_ACPI_FAN=y
# CONFIG_ACPI_DOCK is not set
CONFIG_ACPI_PROCESSOR=y
# CONFIG_ACPI_IPMI is not set
CONFIG_ACPI_HOTPLUG_CPU=y
# CONFIG_ACPI_PROCESSOR_AGGREGATOR is not set
CONFIG_ACPI_THERMAL=y
CONFIG_ACPI_CUSTOM_DSDT_FILE=""
# CONFIG_ACPI_CUSTOM_DSDT is not set
# CONFIG_ACPI_INITRD_TABLE_OVERRIDE is not set
# CONFIG_ACPI_DEBUG is not set
# CONFIG_ACPI_PCI_SLOT is not set
CONFIG_X86_PM_TIMER=y
CONFIG_ACPI_CONTAINER=y
# CONFIG_ACPI_SBS is not set
# CONFIG_ACPI_HED is not set
# CONFIG_ACPI_CUSTOM_METHOD is not set
# CONFIG_ACPI_APEI is not set
# CONFIG_ACPI_EXTLOG is not set
CONFIG_SFI=y

#
# CPU Frequency scaling
#
CONFIG_CPU_FREQ=y
# CONFIG_CPU_FREQ_STAT is not set
# CONFIG_CPU_FREQ_DEFAULT_GOV_PERFORMANCE is not set
CONFIG_CPU_FREQ_DEFAULT_GOV_POWERSAVE=y
# CONFIG_CPU_FREQ_DEFAULT_GOV_USERSPACE is not set
# CONFIG_CPU_FREQ_DEFAULT_GOV_ONDEMAND is not set
# CONFIG_CPU_FREQ_DEFAULT_GOV_CONSERVATIVE is not set
CONFIG_CPU_FREQ_GOV_PERFORMANCE=y
CONFIG_CPU_FREQ_GOV_POWERSAVE=y
CONFIG_CPU_FREQ_GOV_USERSPACE=y
# CONFIG_CPU_FREQ_GOV_ONDEMAND is not set
# CONFIG_CPU_FREQ_GOV_CONSERVATIVE is not set

#
# x86 CPU frequency scaling drivers
#
# CONFIG_X86_INTEL_PSTATE is not set
# CONFIG_X86_PCC_CPUFREQ is not set
# CONFIG_X86_ACPI_CPUFREQ is not set
# CONFIG_X86_SPEEDSTEP_CENTRINO is not set
CONFIG_X86_P4_CLOCKMOD=y

#
# shared options
#
CONFIG_X86_SPEEDSTEP_LIB=y

#
# CPU Idle
#
CONFIG_CPU_IDLE=y
# CONFIG_CPU_IDLE_MULTIPLE_DRIVERS is not set
CONFIG_CPU_IDLE_GOV_LADDER=y
CONFIG_CPU_IDLE_GOV_MENU=y
# CONFIG_ARCH_NEEDS_CPU_IDLE_COUPLED is not set
# CONFIG_INTEL_IDLE is not set

#
# Memory power savings
#
CONFIG_I7300_IDLE_IOAT_CHANNEL=y
CONFIG_I7300_IDLE=y

#
# Bus options (PCI etc.)
#
CONFIG_PCI=y
CONFIG_PCI_DIRECT=y
# CONFIG_PCI_MMCONFIG is not set
CONFIG_PCI_DOMAINS=y
CONFIG_PCI_CNB20LE_QUIRK=y
# CONFIG_PCIEPORTBUS is not set
CONFIG_PCI_MSI=y
# CONFIG_PCI_DEBUG is not set
CONFIG_PCI_REALLOC_ENABLE_AUTO=y
CONFIG_PCI_STUB=y
# CONFIG_HT_IRQ is not set
CONFIG_PCI_ATS=y
CONFIG_PCI_IOV=y
# CONFIG_PCI_PRI is not set
# CONFIG_PCI_PASID is not set
# CONFIG_PCI_IOAPIC is not set
CONFIG_PCI_LABEL=y

#
# PCI host controller drivers
#
CONFIG_ISA_DMA_API=y
# CONFIG_PCCARD is not set
# CONFIG_HOTPLUG_PCI is not set
# CONFIG_RAPIDIO is not set
CONFIG_X86_SYSFB=y

#
# Executable file formats / Emulations
#
CONFIG_BINFMT_ELF=y
CONFIG_COMPAT_BINFMT_ELF=y
CONFIG_ARCH_BINFMT_ELF_RANDOMIZE_PIE=y
CONFIG_CORE_DUMP_DEFAULT_ELF_HEADERS=y
CONFIG_BINFMT_SCRIPT=y
# CONFIG_HAVE_AOUT is not set
# CONFIG_BINFMT_MISC is not set
CONFIG_COREDUMP=y
CONFIG_IA32_EMULATION=y
# CONFIG_IA32_AOUT is not set
CONFIG_X86_X32=y
CONFIG_COMPAT=y
CONFIG_COMPAT_FOR_U64_ALIGNMENT=y
CONFIG_KEYS_COMPAT=y
CONFIG_X86_DEV_DMA_OPS=y
CONFIG_NET=y

#
# Networking options
#
# CONFIG_PACKET is not set
CONFIG_UNIX=y
# CONFIG_UNIX_DIAG is not set
# CONFIG_NET_KEY is not set
# CONFIG_INET is not set
# CONFIG_NETWORK_SECMARK is not set
# CONFIG_NETWORK_PHY_TIMESTAMPING is not set
# CONFIG_NETFILTER is not set
# CONFIG_ATM is not set
# CONFIG_BRIDGE is not set
# CONFIG_VLAN_8021Q is not set
# CONFIG_DECNET is not set
# CONFIG_LLC2 is not set
# CONFIG_IPX is not set
# CONFIG_ATALK is not set
# CONFIG_X25 is not set
# CONFIG_LAPB is not set
# CONFIG_PHONET is not set
# CONFIG_IEEE802154 is not set
# CONFIG_NET_SCHED is not set
# CONFIG_DCB is not set
# CONFIG_DNS_RESOLVER is not set
# CONFIG_BATMAN_ADV is not set
# CONFIG_OPENVSWITCH is not set
# CONFIG_VSOCKETS is not set
# CONFIG_NETLINK_MMAP is not set
# CONFIG_NETLINK_DIAG is not set
# CONFIG_NET_MPLS_GSO is not set
# CONFIG_HSR is not set
CONFIG_RPS=y
CONFIG_RFS_ACCEL=y
CONFIG_XPS=y
# CONFIG_NETPRIO_CGROUP is not set
CONFIG_NET_RX_BUSY_POLL=y
CONFIG_BQL=y
CONFIG_NET_FLOW_LIMIT=y

#
# Network testing
#
# CONFIG_HAMRADIO is not set
# CONFIG_CAN is not set
# CONFIG_IRDA is not set
# CONFIG_BT is not set
CONFIG_WIRELESS=y
# CONFIG_CFG80211 is not set
# CONFIG_LIB80211 is not set

#
# CFG80211 needs to be enabled for MAC80211
#
# CONFIG_WIMAX is not set
# CONFIG_RFKILL is not set
# CONFIG_RFKILL_REGULATOR is not set
# CONFIG_NET_9P is not set
# CONFIG_CAIF is not set
# CONFIG_NFC is not set
CONFIG_HAVE_BPF_JIT=y

#
# Device Drivers
#

#
# Generic Driver Options
#
CONFIG_UEVENT_HELPER_PATH=""
CONFIG_DEVTMPFS=y
# CONFIG_DEVTMPFS_MOUNT is not set
# CONFIG_STANDALONE is not set
# CONFIG_PREVENT_FIRMWARE_BUILD is not set
CONFIG_FW_LOADER=y
# CONFIG_FIRMWARE_IN_KERNEL is not set
CONFIG_EXTRA_FIRMWARE=""
CONFIG_FW_LOADER_USER_HELPER=y
# CONFIG_DEBUG_DRIVER is not set
CONFIG_DEBUG_DEVRES=y
# CONFIG_SYS_HYPERVISOR is not set
# CONFIG_GENERIC_CPU_DEVICES is not set
CONFIG_REGMAP=y
CONFIG_REGMAP_I2C=y
CONFIG_REGMAP_SPI=y
CONFIG_REGMAP_MMIO=y
CONFIG_REGMAP_IRQ=y
CONFIG_DMA_SHARED_BUFFER=y

#
# Bus devices
#
# CONFIG_CONNECTOR is not set
# CONFIG_MTD is not set
# CONFIG_PARPORT is not set
CONFIG_ARCH_MIGHT_HAVE_PC_PARPORT=y
CONFIG_PNP=y
CONFIG_PNP_DEBUG_MESSAGES=y

#
# Protocols
#
CONFIG_PNPACPI=y

#
# Misc devices
#
# CONFIG_SENSORS_LIS3LV02D is not set
CONFIG_AD525X_DPOT=y
# CONFIG_AD525X_DPOT_I2C is not set
CONFIG_AD525X_DPOT_SPI=y
CONFIG_DUMMY_IRQ=y
CONFIG_IBM_ASM=y
CONFIG_PHANTOM=y
# CONFIG_INTEL_MID_PTI is not set
# CONFIG_SGI_IOC4 is not set
CONFIG_TIFM_CORE=y
CONFIG_TIFM_7XX1=y
# CONFIG_ICS932S401 is not set
# CONFIG_ATMEL_SSC is not set
# CONFIG_ENCLOSURE_SERVICES is not set
CONFIG_HP_ILO=y
# CONFIG_APDS9802ALS is not set
# CONFIG_ISL29003 is not set
# CONFIG_ISL29020 is not set
# CONFIG_SENSORS_TSL2550 is not set
# CONFIG_SENSORS_BH1780 is not set
# CONFIG_SENSORS_BH1770 is not set
# CONFIG_SENSORS_APDS990X is not set
# CONFIG_HMC6352 is not set
# CONFIG_DS1682 is not set
CONFIG_TI_DAC7512=y
# CONFIG_VMWARE_BALLOON is not set
# CONFIG_BMP085_I2C is not set
# CONFIG_BMP085_SPI is not set
# CONFIG_PCH_PHUB is not set
# CONFIG_USB_SWITCH_FSA9480 is not set
CONFIG_LATTICE_ECP3_CONFIG=y
CONFIG_SRAM=y
CONFIG_C2PORT=y
CONFIG_C2PORT_DURAMAR_2150=y

#
# EEPROM support
#
# CONFIG_EEPROM_AT24 is not set
CONFIG_EEPROM_AT25=y
# CONFIG_EEPROM_LEGACY is not set
# CONFIG_EEPROM_MAX6875 is not set
CONFIG_EEPROM_93CX6=y
CONFIG_EEPROM_93XX46=y
CONFIG_CB710_CORE=y
CONFIG_CB710_DEBUG=y
CONFIG_CB710_DEBUG_ASSUMPTIONS=y

#
# Texas Instruments shared transport line discipline
#
# CONFIG_TI_ST is not set
# CONFIG_SENSORS_LIS3_I2C is not set

#
# Altera FPGA firmware download module
#
# CONFIG_ALTERA_STAPL is not set
CONFIG_INTEL_MEI=y
CONFIG_INTEL_MEI_ME=y
# CONFIG_VMWARE_VMCI is not set

#
# Intel MIC Host Driver
#
CONFIG_INTEL_MIC_HOST=y

#
# Intel MIC Card Driver
#
CONFIG_INTEL_MIC_CARD=y
# CONFIG_GENWQE is not set
CONFIG_HAVE_IDE=y

#
# SCSI device support
#
CONFIG_SCSI_MOD=y
# CONFIG_SCSI_DMA is not set
# CONFIG_SCSI_NETLINK is not set
# CONFIG_FUSION is not set

#
# IEEE 1394 (FireWire) support
#
CONFIG_FIREWIRE=y
CONFIG_FIREWIRE_OHCI=y
CONFIG_FIREWIRE_NOSY=y
CONFIG_I2O=y
# CONFIG_I2O_LCT_NOTIFY_ON_CHANGES is not set
CONFIG_I2O_EXT_ADAPTEC=y
# CONFIG_I2O_EXT_ADAPTEC_DMA64 is not set
CONFIG_I2O_CONFIG=y
# CONFIG_I2O_CONFIG_OLD_IOCTL is not set
CONFIG_I2O_BUS=y
CONFIG_I2O_PROC=y
# CONFIG_MACINTOSH_DRIVERS is not set
# CONFIG_NETDEVICES is not set
# CONFIG_VHOST_NET is not set
CONFIG_VHOST_RING=y

#
# Input device support
#
CONFIG_INPUT=y
CONFIG_INPUT_FF_MEMLESS=y
CONFIG_INPUT_POLLDEV=y
# CONFIG_INPUT_SPARSEKMAP is not set
# CONFIG_INPUT_MATRIXKMAP is not set

#
# Userland interfaces
#
# CONFIG_INPUT_MOUSEDEV is not set
CONFIG_INPUT_JOYDEV=y
# CONFIG_INPUT_EVDEV is not set
CONFIG_INPUT_EVBUG=y

#
# Input Device Drivers
#
CONFIG_INPUT_KEYBOARD=y
# CONFIG_KEYBOARD_ADP5588 is not set
# CONFIG_KEYBOARD_ADP5589 is not set
CONFIG_KEYBOARD_ATKBD=y
# CONFIG_KEYBOARD_QT1070 is not set
# CONFIG_KEYBOARD_QT2160 is not set
# CONFIG_KEYBOARD_LKKBD is not set
# CONFIG_KEYBOARD_GPIO is not set
# CONFIG_KEYBOARD_GPIO_POLLED is not set
# CONFIG_KEYBOARD_TCA6416 is not set
# CONFIG_KEYBOARD_TCA8418 is not set
# CONFIG_KEYBOARD_MATRIX is not set
# CONFIG_KEYBOARD_LM8323 is not set
# CONFIG_KEYBOARD_LM8333 is not set
# CONFIG_KEYBOARD_MAX7359 is not set
# CONFIG_KEYBOARD_MCS is not set
# CONFIG_KEYBOARD_MPR121 is not set
# CONFIG_KEYBOARD_NEWTON is not set
# CONFIG_KEYBOARD_OPENCORES is not set
# CONFIG_KEYBOARD_STOWAWAY is not set
# CONFIG_KEYBOARD_SUNKBD is not set
# CONFIG_KEYBOARD_SH_KEYSC is not set
# CONFIG_KEYBOARD_STMPE is not set
# CONFIG_KEYBOARD_XTKBD is not set
CONFIG_INPUT_LEDS=y
# CONFIG_INPUT_MOUSE is not set
# CONFIG_INPUT_JOYSTICK is not set
CONFIG_INPUT_TABLET=y
CONFIG_TABLET_USB_ACECAD=y
CONFIG_TABLET_USB_AIPTEK=y
CONFIG_TABLET_USB_GTCO=y
CONFIG_TABLET_USB_HANWANG=y
# CONFIG_TABLET_USB_KBTAB is not set
# CONFIG_TABLET_USB_WACOM is not set
CONFIG_INPUT_TOUCHSCREEN=y
CONFIG_TOUCHSCREEN_ADS7846=y
CONFIG_TOUCHSCREEN_AD7877=y
CONFIG_TOUCHSCREEN_AD7879=y
# CONFIG_TOUCHSCREEN_AD7879_I2C is not set
CONFIG_TOUCHSCREEN_AD7879_SPI=y
# CONFIG_TOUCHSCREEN_ATMEL_MXT is not set
# CONFIG_TOUCHSCREEN_AUO_PIXCIR is not set
# CONFIG_TOUCHSCREEN_BU21013 is not set
# CONFIG_TOUCHSCREEN_CY8CTMG110 is not set
# CONFIG_TOUCHSCREEN_CYTTSP_CORE is not set
# CONFIG_TOUCHSCREEN_CYTTSP4_CORE is not set
CONFIG_TOUCHSCREEN_DA9052=y
CONFIG_TOUCHSCREEN_DYNAPRO=y
CONFIG_TOUCHSCREEN_HAMPSHIRE=y
# CONFIG_TOUCHSCREEN_EETI is not set
CONFIG_TOUCHSCREEN_FUJITSU=y
# CONFIG_TOUCHSCREEN_ILI210X is not set
CONFIG_TOUCHSCREEN_GUNZE=y
# CONFIG_TOUCHSCREEN_ELO is not set
CONFIG_TOUCHSCREEN_WACOM_W8001=y
# CONFIG_TOUCHSCREEN_WACOM_I2C is not set
# CONFIG_TOUCHSCREEN_MAX11801 is not set
# CONFIG_TOUCHSCREEN_MCS5000 is not set
# CONFIG_TOUCHSCREEN_MMS114 is not set
CONFIG_TOUCHSCREEN_MTOUCH=y
CONFIG_TOUCHSCREEN_INEXIO=y
CONFIG_TOUCHSCREEN_MK712=y
CONFIG_TOUCHSCREEN_PENMOUNT=y
# CONFIG_TOUCHSCREEN_EDT_FT5X06 is not set
CONFIG_TOUCHSCREEN_TOUCHRIGHT=y
CONFIG_TOUCHSCREEN_TOUCHWIN=y
# CONFIG_TOUCHSCREEN_TI_AM335X_TSC is not set
# CONFIG_TOUCHSCREEN_PIXCIR is not set
# CONFIG_TOUCHSCREEN_USB_COMPOSITE is not set
CONFIG_TOUCHSCREEN_TOUCHIT213=y
CONFIG_TOUCHSCREEN_TSC_SERIO=y
CONFIG_TOUCHSCREEN_TSC2005=y
# CONFIG_TOUCHSCREEN_TSC2007 is not set
# CONFIG_TOUCHSCREEN_ST1232 is not set
CONFIG_TOUCHSCREEN_STMPE=y
CONFIG_TOUCHSCREEN_SUR40=y
# CONFIG_TOUCHSCREEN_TPS6507X is not set
# CONFIG_TOUCHSCREEN_ZFORCE is not set
# CONFIG_INPUT_MISC is not set

#
# Hardware I/O ports
#
CONFIG_SERIO=y
CONFIG_ARCH_MIGHT_HAVE_PC_SERIO=y
CONFIG_SERIO_I8042=y
# CONFIG_SERIO_SERPORT is not set
CONFIG_SERIO_CT82C710=y
# CONFIG_SERIO_PCIPS2 is not set
CONFIG_SERIO_LIBPS2=y
CONFIG_SERIO_RAW=y
CONFIG_SERIO_ALTERA_PS2=y
# CONFIG_SERIO_PS2MULT is not set
CONFIG_SERIO_ARC_PS2=y
CONFIG_GAMEPORT=y
CONFIG_GAMEPORT_NS558=y
CONFIG_GAMEPORT_L4=y
# CONFIG_GAMEPORT_EMU10K1 is not set
# CONFIG_GAMEPORT_FM801 is not set

#
# Character devices
#
CONFIG_TTY=y
# CONFIG_VT is not set
# CONFIG_UNIX98_PTYS is not set
# CONFIG_LEGACY_PTYS is not set
# CONFIG_SERIAL_NONSTANDARD is not set
CONFIG_NOZOMI=y
# CONFIG_N_GSM is not set
CONFIG_TRACE_ROUTER=y
CONFIG_TRACE_SINK=y
# CONFIG_DEVKMEM is not set

#
# Serial drivers
#
CONFIG_SERIAL_8250=y
CONFIG_SERIAL_8250_DEPRECATED_OPTIONS=y
CONFIG_SERIAL_8250_PNP=y
CONFIG_SERIAL_8250_CONSOLE=y
CONFIG_FIX_EARLYCON_MEM=y
# CONFIG_SERIAL_8250_DMA is not set
# CONFIG_SERIAL_8250_PCI is not set
CONFIG_SERIAL_8250_NR_UARTS=4
CONFIG_SERIAL_8250_RUNTIME_UARTS=4
# CONFIG_SERIAL_8250_EXTENDED is not set
CONFIG_SERIAL_8250_DW=y

#
# Non-8250 serial port support
#
CONFIG_SERIAL_MAX3100=y
# CONFIG_SERIAL_MAX310X is not set
CONFIG_SERIAL_MRST_MAX3110=y
# CONFIG_SERIAL_MFD_HSU is not set
CONFIG_SERIAL_CORE=y
CONFIG_SERIAL_CORE_CONSOLE=y
CONFIG_SERIAL_JSM=y
# CONFIG_SERIAL_SCCNXP is not set
CONFIG_SERIAL_TIMBERDALE=y
CONFIG_SERIAL_ALTERA_JTAGUART=y
CONFIG_SERIAL_ALTERA_JTAGUART_CONSOLE=y
# CONFIG_SERIAL_ALTERA_JTAGUART_CONSOLE_BYPASS is not set
CONFIG_SERIAL_ALTERA_UART=y
CONFIG_SERIAL_ALTERA_UART_MAXPORTS=4
CONFIG_SERIAL_ALTERA_UART_BAUDRATE=115200
CONFIG_SERIAL_ALTERA_UART_CONSOLE=y
# CONFIG_SERIAL_IFX6X60 is not set
# CONFIG_SERIAL_PCH_UART is not set
# CONFIG_SERIAL_ARC is not set
# CONFIG_SERIAL_RP2 is not set
# CONFIG_SERIAL_FSL_LPUART is not set
# CONFIG_SERIAL_ST_ASC is not set
CONFIG_TTY_PRINTK=y
CONFIG_HVC_DRIVER=y
CONFIG_VIRTIO_CONSOLE=y
CONFIG_IPMI_HANDLER=y
# CONFIG_IPMI_PANIC_EVENT is not set
CONFIG_IPMI_DEVICE_INTERFACE=y
CONFIG_IPMI_SI=y
# CONFIG_IPMI_WATCHDOG is not set
CONFIG_IPMI_POWEROFF=y
CONFIG_HW_RANDOM=y
# CONFIG_HW_RANDOM_TIMERIOMEM is not set
CONFIG_HW_RANDOM_INTEL=y
# CONFIG_HW_RANDOM_AMD is not set
CONFIG_HW_RANDOM_VIA=y
# CONFIG_HW_RANDOM_VIRTIO is not set
CONFIG_HW_RANDOM_TPM=y
# CONFIG_NVRAM is not set
CONFIG_R3964=y
CONFIG_APPLICOM=y
CONFIG_MWAVE=y
# CONFIG_HPET is not set
CONFIG_HANGCHECK_TIMER=y
CONFIG_TCG_TPM=y
CONFIG_TCG_TIS=y
# CONFIG_TCG_TIS_I2C_ATMEL is not set
# CONFIG_TCG_TIS_I2C_INFINEON is not set
# CONFIG_TCG_TIS_I2C_NUVOTON is not set
# CONFIG_TCG_NSC is not set
CONFIG_TCG_ATMEL=y
# CONFIG_TCG_INFINEON is not set
# CONFIG_TCG_ST33_I2C is not set
CONFIG_TELCLOCK=y
CONFIG_DEVPORT=y
CONFIG_I2C=y
CONFIG_I2C_BOARDINFO=y
CONFIG_I2C_COMPAT=y
# CONFIG_I2C_CHARDEV is not set
CONFIG_I2C_MUX=y

#
# Multiplexer I2C Chip support
#
# CONFIG_I2C_MUX_GPIO is not set
# CONFIG_I2C_MUX_PCA9541 is not set
# CONFIG_I2C_MUX_PCA954x is not set
CONFIG_I2C_HELPER_AUTO=y

#
# I2C Hardware Bus support
#

#
# PC SMBus host controller drivers
#
# CONFIG_I2C_ALI1535 is not set
# CONFIG_I2C_ALI1563 is not set
# CONFIG_I2C_ALI15X3 is not set
# CONFIG_I2C_AMD756 is not set
# CONFIG_I2C_AMD8111 is not set
# CONFIG_I2C_I801 is not set
# CONFIG_I2C_ISCH is not set
# CONFIG_I2C_ISMT is not set
# CONFIG_I2C_PIIX4 is not set
# CONFIG_I2C_NFORCE2 is not set
# CONFIG_I2C_SIS5595 is not set
# CONFIG_I2C_SIS630 is not set
# CONFIG_I2C_SIS96X is not set
# CONFIG_I2C_VIA is not set
# CONFIG_I2C_VIAPRO is not set

#
# ACPI drivers
#
# CONFIG_I2C_SCMI is not set

#
# I2C system bus drivers (mostly embedded / system-on-chip)
#
# CONFIG_I2C_CBUS_GPIO is not set
# CONFIG_I2C_DESIGNWARE_PCI is not set
# CONFIG_I2C_EG20T is not set
# CONFIG_I2C_GPIO is not set
# CONFIG_I2C_OCORES is not set
# CONFIG_I2C_PCA_PLATFORM is not set
# CONFIG_I2C_PXA_PCI is not set
# CONFIG_I2C_RIIC is not set
# CONFIG_I2C_SH_MOBILE is not set
# CONFIG_I2C_SIMTEC is not set
# CONFIG_I2C_XILINX is not set
# CONFIG_I2C_RCAR is not set

#
# External I2C/SMBus adapter drivers
#
# CONFIG_I2C_DIOLAN_U2C is not set
# CONFIG_I2C_PARPORT_LIGHT is not set
# CONFIG_I2C_TAOS_EVM is not set
# CONFIG_I2C_TINY_USB is not set

#
# Other I2C/SMBus bus drivers
#
# CONFIG_I2C_DEBUG_CORE is not set
# CONFIG_I2C_DEBUG_ALGO is not set
# CONFIG_I2C_DEBUG_BUS is not set
CONFIG_SPI=y
CONFIG_SPI_DEBUG=y
CONFIG_SPI_MASTER=y

#
# SPI Master Controller Drivers
#
CONFIG_SPI_ALTERA=y
CONFIG_SPI_ATMEL=y
# CONFIG_SPI_BCM2835 is not set
# CONFIG_SPI_BCM63XX_HSSPI is not set
CONFIG_SPI_BITBANG=y
# CONFIG_SPI_EP93XX is not set
CONFIG_SPI_GPIO=y
CONFIG_SPI_IMX=y
CONFIG_SPI_FSL_DSPI=y
# CONFIG_SPI_OC_TINY is not set
# CONFIG_SPI_TI_QSPI is not set
CONFIG_SPI_OMAP_100K=y
# CONFIG_SPI_ORION is not set
# CONFIG_SPI_PXA2XX is not set
# CONFIG_SPI_PXA2XX_PCI is not set
# CONFIG_SPI_SC18IS602 is not set
CONFIG_SPI_SH=y
CONFIG_SPI_SH_HSPI=y
# CONFIG_SPI_TEGRA114 is not set
# CONFIG_SPI_TEGRA20_SFLASH is not set
# CONFIG_SPI_TEGRA20_SLINK is not set
# CONFIG_SPI_TOPCLIFF_PCH is not set
CONFIG_SPI_TXX9=y
# CONFIG_SPI_XCOMM is not set
CONFIG_SPI_XILINX=y
CONFIG_SPI_DESIGNWARE=y
CONFIG_SPI_DW_PCI=y
# CONFIG_SPI_DW_MID_DMA is not set

#
# SPI Protocol Masters
#
CONFIG_SPI_SPIDEV=y
# CONFIG_SPI_TLE62X0 is not set
# CONFIG_HSI is not set

#
# PPS support
#
CONFIG_PPS=y
# CONFIG_PPS_DEBUG is not set
CONFIG_NTP_PPS=y

#
# PPS clients support
#
# CONFIG_PPS_CLIENT_KTIMER is not set
CONFIG_PPS_CLIENT_LDISC=y
# CONFIG_PPS_CLIENT_GPIO is not set

#
# PPS generators support
#

#
# PTP clock support
#
CONFIG_PTP_1588_CLOCK=y

#
# Enable PHYLIB and NETWORK_PHY_TIMESTAMPING to see the additional clocks.
#
CONFIG_PTP_1588_CLOCK_PCH=y
CONFIG_ARCH_WANT_OPTIONAL_GPIOLIB=y
CONFIG_GPIOLIB=y
CONFIG_GPIO_DEVRES=y
CONFIG_GPIO_ACPI=y
CONFIG_DEBUG_GPIO=y
# CONFIG_GPIO_SYSFS is not set
CONFIG_GPIO_DA9052=y
CONFIG_GPIO_MAX730X=y

#
# Memory mapped GPIO drivers:
#
# CONFIG_GPIO_GENERIC_PLATFORM is not set
# CONFIG_GPIO_IT8761E is not set
# CONFIG_GPIO_F7188X is not set
# CONFIG_GPIO_SCH311X is not set
# CONFIG_GPIO_TS5500 is not set
CONFIG_GPIO_SCH=y
# CONFIG_GPIO_ICH is not set
# CONFIG_GPIO_VX855 is not set
# CONFIG_GPIO_LYNXPOINT is not set

#
# I2C GPIO expanders:
#
CONFIG_GPIO_ARIZONA=y
# CONFIG_GPIO_MAX7300 is not set
# CONFIG_GPIO_MAX732X is not set
# CONFIG_GPIO_PCA953X is not set
# CONFIG_GPIO_PCF857X is not set
# CONFIG_GPIO_SX150X is not set
# CONFIG_GPIO_STMPE is not set
# CONFIG_GPIO_ADP5588 is not set

#
# PCI GPIO expanders:
#
CONFIG_GPIO_BT8XX=y
# CONFIG_GPIO_AMD8111 is not set
# CONFIG_GPIO_INTEL_MID is not set
# CONFIG_GPIO_PCH is not set
CONFIG_GPIO_ML_IOH=y
CONFIG_GPIO_RDC321X=y

#
# SPI GPIO expanders:
#
CONFIG_GPIO_MAX7301=y
CONFIG_GPIO_MCP23S08=y
CONFIG_GPIO_MC33880=y

#
# AC97 GPIO expanders:
#

#
# LPC GPIO expanders:
#

#
# MODULbus GPIO expanders:
#

#
# USB GPIO expanders:
#
CONFIG_W1=y

#
# 1-wire Bus Masters
#
CONFIG_W1_MASTER_MATROX=y
CONFIG_W1_MASTER_DS2490=y
# CONFIG_W1_MASTER_DS2482 is not set
# CONFIG_W1_MASTER_DS1WM is not set
# CONFIG_W1_MASTER_GPIO is not set

#
# 1-wire Slaves
#
CONFIG_W1_SLAVE_THERM=y
CONFIG_W1_SLAVE_SMEM=y
CONFIG_W1_SLAVE_DS2408=y
CONFIG_W1_SLAVE_DS2408_READBACK=y
# CONFIG_W1_SLAVE_DS2413 is not set
# CONFIG_W1_SLAVE_DS2423 is not set
CONFIG_W1_SLAVE_DS2431=y
CONFIG_W1_SLAVE_DS2433=y
# CONFIG_W1_SLAVE_DS2433_CRC is not set
# CONFIG_W1_SLAVE_DS2760 is not set
CONFIG_W1_SLAVE_DS2780=y
CONFIG_W1_SLAVE_DS2781=y
# CONFIG_W1_SLAVE_DS28E04 is not set
# CONFIG_W1_SLAVE_BQ27000 is not set
CONFIG_POWER_SUPPLY=y
# CONFIG_POWER_SUPPLY_DEBUG is not set
CONFIG_PDA_POWER=y
CONFIG_GENERIC_ADC_BATTERY=y
# CONFIG_TEST_POWER is not set
CONFIG_BATTERY_DS2780=y
CONFIG_BATTERY_DS2781=y
# CONFIG_BATTERY_DS2782 is not set
# CONFIG_BATTERY_SBS is not set
# CONFIG_BATTERY_BQ27x00 is not set
CONFIG_BATTERY_DA9052=y
# CONFIG_BATTERY_MAX17040 is not set
# CONFIG_BATTERY_MAX17042 is not set
CONFIG_CHARGER_ISP1704=y
# CONFIG_CHARGER_MAX8903 is not set
# CONFIG_CHARGER_LP8727 is not set
CONFIG_CHARGER_GPIO=y
CONFIG_CHARGER_MANAGER=y
# CONFIG_CHARGER_BQ2415X is not set
# CONFIG_CHARGER_BQ24190 is not set
# CONFIG_CHARGER_BQ24735 is not set
# CONFIG_CHARGER_SMB347 is not set
CONFIG_BATTERY_GOLDFISH=y
# CONFIG_POWER_RESET is not set
# CONFIG_POWER_AVS is not set
CONFIG_HWMON=y
CONFIG_HWMON_VID=y
# CONFIG_HWMON_DEBUG_CHIP is not set

#
# Native drivers
#
CONFIG_SENSORS_ABITUGURU=y
CONFIG_SENSORS_ABITUGURU3=y
CONFIG_SENSORS_AD7314=y
# CONFIG_SENSORS_AD7414 is not set
# CONFIG_SENSORS_AD7418 is not set
# CONFIG_SENSORS_ADCXX is not set
# CONFIG_SENSORS_ADM1021 is not set
# CONFIG_SENSORS_ADM1025 is not set
# CONFIG_SENSORS_ADM1026 is not set
# CONFIG_SENSORS_ADM1029 is not set
# CONFIG_SENSORS_ADM1031 is not set
# CONFIG_SENSORS_ADM9240 is not set
CONFIG_SENSORS_ADT7X10=y
CONFIG_SENSORS_ADT7310=y
# CONFIG_SENSORS_ADT7410 is not set
# CONFIG_SENSORS_ADT7411 is not set
# CONFIG_SENSORS_ADT7462 is not set
# CONFIG_SENSORS_ADT7470 is not set
# CONFIG_SENSORS_ADT7475 is not set
# CONFIG_SENSORS_ASC7621 is not set
CONFIG_SENSORS_K8TEMP=y
# CONFIG_SENSORS_K10TEMP is not set
CONFIG_SENSORS_FAM15H_POWER=y
# CONFIG_SENSORS_ASB100 is not set
# CONFIG_SENSORS_ATXP1 is not set
# CONFIG_SENSORS_DS620 is not set
# CONFIG_SENSORS_DS1621 is not set
CONFIG_SENSORS_DA9052_ADC=y
CONFIG_SENSORS_I5K_AMB=y
# CONFIG_SENSORS_F71805F is not set
CONFIG_SENSORS_F71882FG=y
# CONFIG_SENSORS_F75375S is not set
# CONFIG_SENSORS_FSCHMD is not set
# CONFIG_SENSORS_G760A is not set
# CONFIG_SENSORS_G762 is not set
# CONFIG_SENSORS_GL518SM is not set
# CONFIG_SENSORS_GL520SM is not set
# CONFIG_SENSORS_GPIO_FAN is not set
# CONFIG_SENSORS_HIH6130 is not set
# CONFIG_SENSORS_HTU21 is not set
CONFIG_SENSORS_CORETEMP=y
CONFIG_SENSORS_IBMAEM=y
# CONFIG_SENSORS_IBMPEX is not set
CONFIG_SENSORS_IIO_HWMON=y
CONFIG_SENSORS_IT87=y
# CONFIG_SENSORS_JC42 is not set
# CONFIG_SENSORS_LINEAGE is not set
# CONFIG_SENSORS_LM63 is not set
CONFIG_SENSORS_LM70=y
# CONFIG_SENSORS_LM73 is not set
# CONFIG_SENSORS_LM75 is not set
# CONFIG_SENSORS_LM77 is not set
# CONFIG_SENSORS_LM78 is not set
# CONFIG_SENSORS_LM80 is not set
# CONFIG_SENSORS_LM83 is not set
# CONFIG_SENSORS_LM85 is not set
# CONFIG_SENSORS_LM87 is not set
# CONFIG_SENSORS_LM90 is not set
# CONFIG_SENSORS_LM92 is not set
# CONFIG_SENSORS_LM93 is not set
# CONFIG_SENSORS_LTC4151 is not set
# CONFIG_SENSORS_LTC4215 is not set
# CONFIG_SENSORS_LTC4245 is not set
# CONFIG_SENSORS_LTC4261 is not set
# CONFIG_SENSORS_LM95234 is not set
# CONFIG_SENSORS_LM95241 is not set
# CONFIG_SENSORS_LM95245 is not set
CONFIG_SENSORS_MAX1111=y
# CONFIG_SENSORS_MAX16065 is not set
# CONFIG_SENSORS_MAX1619 is not set
# CONFIG_SENSORS_MAX1668 is not set
CONFIG_SENSORS_MAX197=y
# CONFIG_SENSORS_MAX6639 is not set
# CONFIG_SENSORS_MAX6642 is not set
# CONFIG_SENSORS_MAX6650 is not set
# CONFIG_SENSORS_MAX6697 is not set
# CONFIG_SENSORS_MCP3021 is not set
# CONFIG_SENSORS_NCT6775 is not set
# CONFIG_SENSORS_PC87360 is not set
# CONFIG_SENSORS_PC87427 is not set
# CONFIG_SENSORS_PCF8591 is not set
# CONFIG_PMBUS is not set
CONFIG_SENSORS_SHT15=y
# CONFIG_SENSORS_SHT21 is not set
# CONFIG_SENSORS_SIS5595 is not set
# CONFIG_SENSORS_SMM665 is not set
# CONFIG_SENSORS_DME1737 is not set
# CONFIG_SENSORS_EMC1403 is not set
# CONFIG_SENSORS_EMC2103 is not set
# CONFIG_SENSORS_EMC6W201 is not set
# CONFIG_SENSORS_SMSC47M1 is not set
# CONFIG_SENSORS_SMSC47M192 is not set
CONFIG_SENSORS_SMSC47B397=y
CONFIG_SENSORS_SCH56XX_COMMON=y
# CONFIG_SENSORS_SCH5627 is not set
CONFIG_SENSORS_SCH5636=y
# CONFIG_SENSORS_ADS1015 is not set
# CONFIG_SENSORS_ADS7828 is not set
CONFIG_SENSORS_ADS7871=y
# CONFIG_SENSORS_AMC6821 is not set
# CONFIG_SENSORS_INA209 is not set
# CONFIG_SENSORS_INA2XX is not set
# CONFIG_SENSORS_THMC50 is not set
# CONFIG_SENSORS_TMP102 is not set
# CONFIG_SENSORS_TMP401 is not set
# CONFIG_SENSORS_TMP421 is not set
# CONFIG_SENSORS_VIA_CPUTEMP is not set
CONFIG_SENSORS_VIA686A=y
CONFIG_SENSORS_VT1211=y
CONFIG_SENSORS_VT8231=y
# CONFIG_SENSORS_W83781D is not set
# CONFIG_SENSORS_W83791D is not set
# CONFIG_SENSORS_W83792D is not set
# CONFIG_SENSORS_W83793 is not set
# CONFIG_SENSORS_W83795 is not set
# CONFIG_SENSORS_W83L785TS is not set
# CONFIG_SENSORS_W83L786NG is not set
# CONFIG_SENSORS_W83627HF is not set
CONFIG_SENSORS_W83627EHF=y
# CONFIG_SENSORS_APPLESMC is not set

#
# ACPI drivers
#
# CONFIG_SENSORS_ACPI_POWER is not set
# CONFIG_SENSORS_ATK0110 is not set
CONFIG_THERMAL=y
# CONFIG_THERMAL_HWMON is not set
CONFIG_THERMAL_DEFAULT_GOV_STEP_WISE=y
# CONFIG_THERMAL_DEFAULT_GOV_FAIR_SHARE is not set
# CONFIG_THERMAL_DEFAULT_GOV_USER_SPACE is not set
# CONFIG_THERMAL_GOV_FAIR_SHARE is not set
CONFIG_THERMAL_GOV_STEP_WISE=y
# CONFIG_THERMAL_GOV_USER_SPACE is not set
CONFIG_THERMAL_EMULATION=y
# CONFIG_RCAR_THERMAL is not set
CONFIG_INTEL_POWERCLAMP=y
# CONFIG_ACPI_INT3403_THERMAL is not set

#
# Texas Instruments thermal drivers
#
CONFIG_WATCHDOG=y
CONFIG_WATCHDOG_CORE=y
# CONFIG_WATCHDOG_NOWAYOUT is not set

#
# Watchdog Device Drivers
#
# CONFIG_SOFT_WATCHDOG is not set
# CONFIG_DA9052_WATCHDOG is not set
CONFIG_ACQUIRE_WDT=y
CONFIG_ADVANTECH_WDT=y
# CONFIG_ALIM1535_WDT is not set
# CONFIG_ALIM7101_WDT is not set
# CONFIG_F71808E_WDT is not set
# CONFIG_SP5100_TCO is not set
# CONFIG_SC520_WDT is not set
CONFIG_SBC_FITPC2_WATCHDOG=y
# CONFIG_EUROTECH_WDT is not set
CONFIG_IB700_WDT=y
CONFIG_IBMASR=y
CONFIG_WAFER_WDT=y
CONFIG_I6300ESB_WDT=y
CONFIG_IE6XX_WDT=y
CONFIG_ITCO_WDT=y
CONFIG_ITCO_VENDOR_SUPPORT=y
# CONFIG_IT8712F_WDT is not set
CONFIG_IT87_WDT=y
# CONFIG_HP_WATCHDOG is not set
CONFIG_SC1200_WDT=y
CONFIG_PC87413_WDT=y
CONFIG_NV_TCO=y
CONFIG_60XX_WDT=y
# CONFIG_SBC8360_WDT is not set
CONFIG_CPU5_WDT=y
CONFIG_SMSC_SCH311X_WDT=y
CONFIG_SMSC37B787_WDT=y
CONFIG_VIA_WDT=y
# CONFIG_W83627HF_WDT is not set
CONFIG_W83697HF_WDT=y
# CONFIG_W83697UG_WDT is not set
CONFIG_W83877F_WDT=y
CONFIG_W83977F_WDT=y
CONFIG_MACHZ_WDT=y
CONFIG_SBC_EPX_C3_WATCHDOG=y
# CONFIG_MEN_A21_WDT is not set

#
# PCI-based Watchdog Cards
#
CONFIG_PCIPCWATCHDOG=y
CONFIG_WDTPCI=y

#
# USB-based Watchdog Cards
#
CONFIG_USBPCWATCHDOG=y
CONFIG_SSB_POSSIBLE=y

#
# Sonics Silicon Backplane
#
CONFIG_SSB=y
CONFIG_SSB_PCIHOST_POSSIBLE=y
# CONFIG_SSB_PCIHOST is not set
CONFIG_SSB_SDIOHOST_POSSIBLE=y
CONFIG_SSB_SDIOHOST=y
CONFIG_SSB_SILENT=y
# CONFIG_SSB_DRIVER_GPIO is not set
CONFIG_BCMA_POSSIBLE=y

#
# Broadcom specific AMBA
#
# CONFIG_BCMA is not set

#
# Multifunction device drivers
#
CONFIG_MFD_CORE=y
# CONFIG_MFD_CS5535 is not set
# CONFIG_MFD_AS3711 is not set
# CONFIG_PMIC_ADP5520 is not set
# CONFIG_MFD_AAT2870_CORE is not set
# CONFIG_MFD_CROS_EC is not set
# CONFIG_PMIC_DA903X is not set
CONFIG_PMIC_DA9052=y
CONFIG_MFD_DA9052_SPI=y
# CONFIG_MFD_DA9052_I2C is not set
# CONFIG_MFD_DA9055 is not set
# CONFIG_MFD_DA9063 is not set
# CONFIG_MFD_MC13XXX_SPI is not set
# CONFIG_MFD_MC13XXX_I2C is not set
# CONFIG_HTC_PASIC3 is not set
# CONFIG_HTC_I2CPLD is not set
CONFIG_LPC_ICH=y
CONFIG_LPC_SCH=y
# CONFIG_MFD_JANZ_CMODIO is not set
# CONFIG_MFD_KEMPLD is not set
# CONFIG_MFD_88PM800 is not set
# CONFIG_MFD_88PM805 is not set
# CONFIG_MFD_88PM860X is not set
# CONFIG_MFD_MAX14577 is not set
# CONFIG_MFD_MAX77686 is not set
# CONFIG_MFD_MAX77693 is not set
# CONFIG_MFD_MAX8907 is not set
# CONFIG_MFD_MAX8925 is not set
# CONFIG_MFD_MAX8997 is not set
# CONFIG_MFD_MAX8998 is not set
# CONFIG_EZX_PCAP is not set
# CONFIG_MFD_VIPERBOARD is not set
# CONFIG_MFD_RETU is not set
# CONFIG_MFD_PCF50633 is not set
CONFIG_MFD_RDC321X=y
# CONFIG_MFD_RTSX_PCI is not set
# CONFIG_MFD_RC5T583 is not set
# CONFIG_MFD_SEC_CORE is not set
# CONFIG_MFD_SI476X_CORE is not set
# CONFIG_MFD_SM501 is not set
# CONFIG_MFD_SMSC is not set
CONFIG_ABX500_CORE=y
# CONFIG_AB3100_CORE is not set
CONFIG_MFD_STMPE=y

#
# STMicroelectronics STMPE Interface Drivers
#
CONFIG_STMPE_I2C=y
CONFIG_STMPE_SPI=y
# CONFIG_MFD_SYSCON is not set
CONFIG_MFD_TI_AM335X_TSCADC=y
# CONFIG_MFD_LP3943 is not set
# CONFIG_MFD_LP8788 is not set
# CONFIG_MFD_PALMAS is not set
# CONFIG_TPS6105X is not set
# CONFIG_TPS65010 is not set
# CONFIG_TPS6507X is not set
# CONFIG_MFD_TPS65090 is not set
# CONFIG_MFD_TPS65217 is not set
# CONFIG_MFD_TPS6586X is not set
# CONFIG_MFD_TPS65910 is not set
# CONFIG_MFD_TPS65912 is not set
# CONFIG_MFD_TPS65912_I2C is not set
# CONFIG_MFD_TPS65912_SPI is not set
# CONFIG_MFD_TPS80031 is not set
# CONFIG_TWL4030_CORE is not set
# CONFIG_TWL6040_CORE is not set
# CONFIG_MFD_WL1273_CORE is not set
# CONFIG_MFD_LM3533 is not set
# CONFIG_MFD_TIMBERDALE is not set
# CONFIG_MFD_TC3589X is not set
# CONFIG_MFD_TMIO is not set
# CONFIG_MFD_VX855 is not set
CONFIG_MFD_ARIZONA=y
# CONFIG_MFD_ARIZONA_I2C is not set
CONFIG_MFD_ARIZONA_SPI=y
CONFIG_MFD_WM5102=y
# CONFIG_MFD_WM5110 is not set
CONFIG_MFD_WM8997=y
# CONFIG_MFD_WM8400 is not set
# CONFIG_MFD_WM831X_I2C is not set
# CONFIG_MFD_WM831X_SPI is not set
# CONFIG_MFD_WM8350_I2C is not set
# CONFIG_MFD_WM8994 is not set
CONFIG_REGULATOR=y
CONFIG_REGULATOR_DEBUG=y
# CONFIG_REGULATOR_FIXED_VOLTAGE is not set
CONFIG_REGULATOR_VIRTUAL_CONSUMER=y
# CONFIG_REGULATOR_USERSPACE_CONSUMER is not set
# CONFIG_REGULATOR_ACT8865 is not set
# CONFIG_REGULATOR_AD5398 is not set
# CONFIG_REGULATOR_ARIZONA is not set
CONFIG_REGULATOR_DA9052=y
# CONFIG_REGULATOR_DA9210 is not set
# CONFIG_REGULATOR_FAN53555 is not set
# CONFIG_REGULATOR_GPIO is not set
# CONFIG_REGULATOR_ISL6271A is not set
# CONFIG_REGULATOR_LP3971 is not set
# CONFIG_REGULATOR_LP3972 is not set
# CONFIG_REGULATOR_LP872X is not set
# CONFIG_REGULATOR_LP8755 is not set
# CONFIG_REGULATOR_MAX1586 is not set
# CONFIG_REGULATOR_MAX8649 is not set
# CONFIG_REGULATOR_MAX8660 is not set
# CONFIG_REGULATOR_MAX8952 is not set
# CONFIG_REGULATOR_MAX8973 is not set
# CONFIG_REGULATOR_PFUZE100 is not set
# CONFIG_REGULATOR_TPS51632 is not set
# CONFIG_REGULATOR_TPS62360 is not set
# CONFIG_REGULATOR_TPS65023 is not set
# CONFIG_REGULATOR_TPS6507X is not set
# CONFIG_REGULATOR_TPS6524X is not set
CONFIG_MEDIA_SUPPORT=y

#
# Multimedia core support
#
CONFIG_MEDIA_CAMERA_SUPPORT=y
# CONFIG_MEDIA_ANALOG_TV_SUPPORT is not set
# CONFIG_MEDIA_DIGITAL_TV_SUPPORT is not set
CONFIG_MEDIA_RADIO_SUPPORT=y
# CONFIG_MEDIA_RC_SUPPORT is not set
# CONFIG_MEDIA_CONTROLLER is not set
CONFIG_VIDEO_DEV=y
CONFIG_VIDEO_V4L2=y
# CONFIG_VIDEO_ADV_DEBUG is not set
# CONFIG_VIDEO_FIXED_MINOR_RANGES is not set
CONFIG_V4L2_MEM2MEM_DEV=y
CONFIG_VIDEOBUF2_CORE=y
CONFIG_VIDEOBUF2_MEMOPS=y
CONFIG_VIDEOBUF2_DMA_CONTIG=y
CONFIG_VIDEOBUF2_VMALLOC=y
# CONFIG_TTPCI_EEPROM is not set

#
# Media drivers
#
# CONFIG_MEDIA_USB_SUPPORT is not set
# CONFIG_MEDIA_PCI_SUPPORT is not set
# CONFIG_V4L_PLATFORM_DRIVERS is not set
CONFIG_V4L_MEM2MEM_DRIVERS=y
CONFIG_VIDEO_MEM2MEM_DEINTERLACE=y
CONFIG_VIDEO_SH_VEU=y
# CONFIG_V4L_TEST_DRIVERS is not set

#
# Supported MMC/SDIO adapters
#
CONFIG_RADIO_ADAPTERS=y
CONFIG_RADIO_TEA575X=y
CONFIG_RADIO_SI470X=y
CONFIG_USB_SI470X=y
# CONFIG_RADIO_SI4713 is not set
CONFIG_USB_MR800=y
CONFIG_USB_DSBR=y
CONFIG_RADIO_MAXIRADIO=y
# CONFIG_RADIO_SHARK is not set
CONFIG_RADIO_SHARK2=y
CONFIG_USB_KEENE=y
# CONFIG_USB_RAREMONO is not set
# CONFIG_USB_MA901 is not set
# CONFIG_RADIO_TEA5764 is not set
# CONFIG_RADIO_SAA7706H is not set
# CONFIG_RADIO_TEF6862 is not set
# CONFIG_RADIO_WL1273 is not set

#
# Texas Instruments WL128x FM driver (ST based)
#
CONFIG_CYPRESS_FIRMWARE=y

#
# Media ancillary drivers (tuners, sensors, i2c, frontends)
#
CONFIG_MEDIA_SUBDRV_AUTOSELECT=y

#
# Audio decoders, processors and mixers
#

#
# RDS decoders
#

#
# Video decoders
#

#
# Video and audio decoders
#

#
# Video encoders
#

#
# Camera sensor devices
#

#
# Flash devices
#

#
# Video improvement chips
#

#
# Miscellaneous helper chips
#

#
# Sensors used on soc_camera driver
#
CONFIG_MEDIA_TUNER=y
CONFIG_MEDIA_TUNER_SIMPLE=y
CONFIG_MEDIA_TUNER_TDA8290=y
CONFIG_MEDIA_TUNER_TDA827X=y
CONFIG_MEDIA_TUNER_TDA18271=y
CONFIG_MEDIA_TUNER_TDA9887=y
CONFIG_MEDIA_TUNER_TEA5761=y
CONFIG_MEDIA_TUNER_TEA5767=y
CONFIG_MEDIA_TUNER_MT20XX=y
CONFIG_MEDIA_TUNER_XC2028=y
CONFIG_MEDIA_TUNER_XC5000=y
CONFIG_MEDIA_TUNER_XC4000=y
CONFIG_MEDIA_TUNER_MC44S803=y

#
# Tools to develop new frontends
#
# CONFIG_DVB_DUMMY_FE is not set

#
# Graphics support
#
CONFIG_AGP=y
CONFIG_AGP_INTEL=y
CONFIG_AGP_SIS=y
CONFIG_AGP_VIA=y
CONFIG_INTEL_GTT=y
CONFIG_VGA_ARB=y
CONFIG_VGA_ARB_MAX_GPUS=16
# CONFIG_VGA_SWITCHEROO is not set
# CONFIG_DRM is not set
# CONFIG_VGASTATE is not set
CONFIG_VIDEO_OUTPUT_CONTROL=y
# CONFIG_FB is not set
# CONFIG_EXYNOS_VIDEO is not set
# CONFIG_BACKLIGHT_LCD_SUPPORT is not set
CONFIG_SOUND=y
CONFIG_SOUND_OSS_CORE=y
# CONFIG_SOUND_OSS_CORE_PRECLAIM is not set
CONFIG_SND=y
CONFIG_SND_TIMER=y
CONFIG_SND_PCM=y
CONFIG_SND_DMAENGINE_PCM=y
CONFIG_SND_HWDEP=y
CONFIG_SND_RAWMIDI=y
CONFIG_SND_COMPRESS_OFFLOAD=y
CONFIG_SND_JACK=y
CONFIG_SND_SEQUENCER=y
# CONFIG_SND_SEQ_DUMMY is not set
CONFIG_SND_OSSEMUL=y
# CONFIG_SND_MIXER_OSS is not set
CONFIG_SND_PCM_OSS=y
CONFIG_SND_PCM_OSS_PLUGINS=y
# CONFIG_SND_SEQUENCER_OSS is not set
CONFIG_SND_HRTIMER=y
# CONFIG_SND_SEQ_HRTIMER_DEFAULT is not set
CONFIG_SND_DYNAMIC_MINORS=y
CONFIG_SND_MAX_CARDS=32
CONFIG_SND_SUPPORT_OLD_API=y
# CONFIG_SND_VERBOSE_PRINTK is not set
# CONFIG_SND_DEBUG is not set
CONFIG_SND_VMASTER=y
CONFIG_SND_DMA_SGBUF=y
CONFIG_SND_RAWMIDI_SEQ=y
# CONFIG_SND_OPL3_LIB_SEQ is not set
# CONFIG_SND_OPL4_LIB_SEQ is not set
# CONFIG_SND_SBAWE_SEQ is not set
# CONFIG_SND_EMU10K1_SEQ is not set
CONFIG_SND_MPU401_UART=y
CONFIG_SND_DRIVERS=y
# CONFIG_SND_PCSP is not set
CONFIG_SND_DUMMY=y
CONFIG_SND_ALOOP=y
CONFIG_SND_VIRMIDI=y
CONFIG_SND_MTPAV=y
# CONFIG_SND_SERIAL_U16550 is not set
CONFIG_SND_MPU401=y
# CONFIG_SND_PCI is not set
# CONFIG_SND_SPI is not set
CONFIG_SND_USB=y
# CONFIG_SND_USB_AUDIO is not set
# CONFIG_SND_USB_UA101 is not set
# CONFIG_SND_USB_USX2Y is not set
# CONFIG_SND_USB_CAIAQ is not set
# CONFIG_SND_USB_US122L is not set
CONFIG_SND_USB_6FIRE=y
CONFIG_SND_USB_HIFACE=y
CONFIG_SND_FIREWIRE=y
CONFIG_SND_FIREWIRE_LIB=y
CONFIG_SND_DICE=y
CONFIG_SND_FIREWIRE_SPEAKERS=y
# CONFIG_SND_ISIGHT is not set
CONFIG_SND_SCS1X=y
CONFIG_SND_SOC=y
CONFIG_SND_SOC_GENERIC_DMAENGINE_PCM=y
# CONFIG_SND_SOC_ADI is not set
# CONFIG_SND_ATMEL_SOC is not set
CONFIG_SND_BCM2835_SOC_I2S=y
CONFIG_SND_EP93XX_SOC=y
CONFIG_SND_SOC_FSL_SPDIF=y
CONFIG_SND_IMX_SOC=y
CONFIG_SND_SOC_IMX_PCM_DMA=y
CONFIG_SND_SOC_IMX_SPDIF=y
CONFIG_SND_KIRKWOOD_SOC=y
# CONFIG_SND_KIRKWOOD_SOC_OPENRD is not set
# CONFIG_SND_KIRKWOOD_SOC_T5325 is not set
CONFIG_SND_SOC_I2C_AND_SPI=y
CONFIG_SND_SOC_ALL_CODECS=y
CONFIG_SND_SOC_ARIZONA=y
CONFIG_SND_SOC_WM_HUBS=y
CONFIG_SND_SOC_WM_ADSP=y
CONFIG_SND_SOC_AB8500_CODEC=y
CONFIG_SND_SOC_AD1836=y
CONFIG_SND_SOC_AD193X=y
CONFIG_SND_SOC_AD73311=y
CONFIG_SND_SOC_ADAU1701=y
CONFIG_SND_SOC_ADAU1373=y
CONFIG_SND_SOC_ADAV80X=y
CONFIG_SND_SOC_ADS117X=y
CONFIG_SND_SOC_AK4104=y
CONFIG_SND_SOC_AK4535=y
CONFIG_SND_SOC_AK4641=y
CONFIG_SND_SOC_AK4642=y
CONFIG_SND_SOC_AK4671=y
CONFIG_SND_SOC_AK5386=y
CONFIG_SND_SOC_ALC5623=y
CONFIG_SND_SOC_ALC5632=y
CONFIG_SND_SOC_CS42L51=y
CONFIG_SND_SOC_CS42L52=y
CONFIG_SND_SOC_CS42L73=y
CONFIG_SND_SOC_CS4270=y
CONFIG_SND_SOC_CS4271=y
CONFIG_SND_SOC_CX20442=y
CONFIG_SND_SOC_JZ4740_CODEC=y
CONFIG_SND_SOC_L3=y
CONFIG_SND_SOC_DA7210=y
CONFIG_SND_SOC_DA7213=y
CONFIG_SND_SOC_DA732X=y
CONFIG_SND_SOC_DA9055=y
CONFIG_SND_SOC_BT_SCO=y
CONFIG_SND_SOC_ISABELLE=y
CONFIG_SND_SOC_LM49453=y
CONFIG_SND_SOC_MAX98088=y
CONFIG_SND_SOC_MAX98090=y
CONFIG_SND_SOC_MAX98095=y
CONFIG_SND_SOC_MAX9850=y
CONFIG_SND_SOC_HDMI_CODEC=y
CONFIG_SND_SOC_PCM1681=y
CONFIG_SND_SOC_PCM1792A=y
CONFIG_SND_SOC_PCM3008=y
CONFIG_SND_SOC_RT5631=y
CONFIG_SND_SOC_RT5640=y
CONFIG_SND_SOC_SGTL5000=y
CONFIG_SND_SOC_SIGMADSP=y
CONFIG_SND_SOC_SPDIF=y
CONFIG_SND_SOC_SSM2518=y
CONFIG_SND_SOC_SSM2602=y
CONFIG_SND_SOC_STA32X=y
CONFIG_SND_SOC_STA529=y
CONFIG_SND_SOC_TAS5086=y
CONFIG_SND_SOC_TLV320AIC23=y
CONFIG_SND_SOC_TLV320AIC26=y
CONFIG_SND_SOC_TLV320AIC32X4=y
CONFIG_SND_SOC_TLV320AIC3X=y
CONFIG_SND_SOC_TLV320DAC33=y
CONFIG_SND_SOC_UDA134X=y
CONFIG_SND_SOC_UDA1380=y
CONFIG_SND_SOC_WM0010=y
CONFIG_SND_SOC_WM1250_EV1=y
CONFIG_SND_SOC_WM2000=y
CONFIG_SND_SOC_WM2200=y
CONFIG_SND_SOC_WM5100=y
CONFIG_SND_SOC_WM5102=y
CONFIG_SND_SOC_WM8510=y
CONFIG_SND_SOC_WM8523=y
CONFIG_SND_SOC_WM8580=y
CONFIG_SND_SOC_WM8711=y
CONFIG_SND_SOC_WM8727=y
CONFIG_SND_SOC_WM8728=y
CONFIG_SND_SOC_WM8731=y
CONFIG_SND_SOC_WM8737=y
CONFIG_SND_SOC_WM8741=y
CONFIG_SND_SOC_WM8750=y
CONFIG_SND_SOC_WM8753=y
CONFIG_SND_SOC_WM8770=y
CONFIG_SND_SOC_WM8776=y
CONFIG_SND_SOC_WM8782=y
CONFIG_SND_SOC_WM8804=y
CONFIG_SND_SOC_WM8900=y
CONFIG_SND_SOC_WM8903=y
CONFIG_SND_SOC_WM8904=y
CONFIG_SND_SOC_WM8940=y
CONFIG_SND_SOC_WM8955=y
CONFIG_SND_SOC_WM8960=y
CONFIG_SND_SOC_WM8961=y
CONFIG_SND_SOC_WM8962=y
CONFIG_SND_SOC_WM8971=y
CONFIG_SND_SOC_WM8974=y
CONFIG_SND_SOC_WM8978=y
CONFIG_SND_SOC_WM8983=y
CONFIG_SND_SOC_WM8985=y
CONFIG_SND_SOC_WM8988=y
CONFIG_SND_SOC_WM8990=y
CONFIG_SND_SOC_WM8991=y
CONFIG_SND_SOC_WM8993=y
CONFIG_SND_SOC_WM8995=y
CONFIG_SND_SOC_WM8996=y
CONFIG_SND_SOC_WM8997=y
CONFIG_SND_SOC_WM9081=y
CONFIG_SND_SOC_WM9090=y
CONFIG_SND_SOC_LM4857=y
CONFIG_SND_SOC_MAX9768=y
CONFIG_SND_SOC_MAX9877=y
CONFIG_SND_SOC_ML26124=y
CONFIG_SND_SOC_TPA6130A2=y
CONFIG_SND_SIMPLE_CARD=y
CONFIG_SOUND_PRIME=y
# CONFIG_SOUND_OSS is not set

#
# HID support
#
CONFIG_HID=y
CONFIG_HID_BATTERY_STRENGTH=y
CONFIG_HIDRAW=y
CONFIG_UHID=y
CONFIG_HID_GENERIC=y

#
# Special HID drivers
#
CONFIG_HID_A4TECH=y
CONFIG_HID_ACRUX=y
# CONFIG_HID_ACRUX_FF is not set
CONFIG_HID_APPLE=y
CONFIG_HID_AUREAL=y
# CONFIG_HID_BELKIN is not set
# CONFIG_HID_CHERRY is not set
CONFIG_HID_CHICONY=y
CONFIG_HID_PRODIKEYS=y
CONFIG_HID_CYPRESS=y
# CONFIG_HID_DRAGONRISE is not set
# CONFIG_HID_EMS_FF is not set
# CONFIG_HID_ELECOM is not set
# CONFIG_HID_EZKEY is not set
CONFIG_HID_KEYTOUCH=y
CONFIG_HID_KYE=y
CONFIG_HID_UCLOGIC=y
# CONFIG_HID_WALTOP is not set
CONFIG_HID_GYRATION=y
CONFIG_HID_ICADE=y
CONFIG_HID_TWINHAN=y
# CONFIG_HID_KENSINGTON is not set
CONFIG_HID_LCPOWER=y
CONFIG_HID_LENOVO_TPKBD=y
CONFIG_HID_LOGITECH=y
CONFIG_HID_LOGITECH_DJ=y
CONFIG_LOGITECH_FF=y
CONFIG_LOGIRUMBLEPAD2_FF=y
CONFIG_LOGIG940_FF=y
# CONFIG_LOGIWHEELS_FF is not set
CONFIG_HID_MAGICMOUSE=y
CONFIG_HID_MICROSOFT=y
# CONFIG_HID_MONTEREY is not set
CONFIG_HID_MULTITOUCH=y
CONFIG_HID_ORTEK=y
CONFIG_HID_PANTHERLORD=y
CONFIG_PANTHERLORD_FF=y
# CONFIG_HID_PETALYNX is not set
CONFIG_HID_PICOLCD=y
CONFIG_HID_PICOLCD_LEDS=y
# CONFIG_HID_PRIMAX is not set
# CONFIG_HID_SAITEK is not set
CONFIG_HID_SAMSUNG=y
# CONFIG_HID_SPEEDLINK is not set
CONFIG_HID_STEELSERIES=y
CONFIG_HID_SUNPLUS=y
# CONFIG_HID_GREENASIA is not set
CONFIG_HID_SMARTJOYPLUS=y
CONFIG_SMARTJOYPLUS_FF=y
CONFIG_HID_TIVO=y
CONFIG_HID_TOPSEED=y
CONFIG_HID_THINGM=y
CONFIG_HID_THRUSTMASTER=y
# CONFIG_THRUSTMASTER_FF is not set
CONFIG_HID_WACOM=y
CONFIG_HID_WIIMOTE=y
CONFIG_HID_XINMO=y
CONFIG_HID_ZEROPLUS=y
# CONFIG_ZEROPLUS_FF is not set
# CONFIG_HID_ZYDACRON is not set
# CONFIG_HID_SENSOR_HUB is not set

#
# USB HID support
#
# CONFIG_USB_HID is not set
CONFIG_HID_PID=y

#
# USB HID Boot Protocol drivers
#
# CONFIG_USB_KBD is not set
CONFIG_USB_MOUSE=y

#
# I2C HID support
#
# CONFIG_I2C_HID is not set
CONFIG_USB_OHCI_LITTLE_ENDIAN=y
CONFIG_USB_SUPPORT=y
CONFIG_USB_COMMON=y
CONFIG_USB_ARCH_HAS_HCD=y
CONFIG_USB=y
# CONFIG_USB_DEBUG is not set
# CONFIG_USB_ANNOUNCE_NEW_DEVICES is not set

#
# Miscellaneous USB options
#
CONFIG_USB_DEFAULT_PERSIST=y
CONFIG_USB_DYNAMIC_MINORS=y
# CONFIG_USB_OTG_WHITELIST is not set
# CONFIG_USB_OTG_BLACKLIST_HUB is not set
CONFIG_USB_MON=y
# CONFIG_USB_WUSB_CBAF is not set

#
# USB Host Controller Drivers
#
# CONFIG_USB_C67X00_HCD is not set
CONFIG_USB_XHCI_HCD=y
# CONFIG_USB_EHCI_HCD is not set
CONFIG_USB_OXU210HP_HCD=y
CONFIG_USB_ISP116X_HCD=y
CONFIG_USB_ISP1760_HCD=y
# CONFIG_USB_ISP1362_HCD is not set
CONFIG_USB_FUSBH200_HCD=y
# CONFIG_USB_FOTG210_HCD is not set
CONFIG_USB_OHCI_HCD=y
# CONFIG_USB_OHCI_HCD_PCI is not set
CONFIG_USB_OHCI_HCD_SSB=y
CONFIG_USB_OHCI_HCD_PLATFORM=y
# CONFIG_USB_UHCI_HCD is not set
CONFIG_USB_U132_HCD=y
CONFIG_USB_SL811_HCD=y
# CONFIG_USB_SL811_HCD_ISO is not set
CONFIG_USB_R8A66597_HCD=y
CONFIG_USB_HCD_SSB=y
# CONFIG_USB_HCD_TEST_MODE is not set

#
# USB Device Class drivers
#
# CONFIG_USB_ACM is not set
# CONFIG_USB_PRINTER is not set
CONFIG_USB_WDM=y
CONFIG_USB_TMC=y

#
# NOTE: USB_STORAGE depends on SCSI but BLK_DEV_SD may
#

#
