Return-Path: <owner-linux-mm@kvack.org>
Received: from mail-pb0-f50.google.com (mail-pb0-f50.google.com [209.85.160.50])
	by kanga.kvack.org (Postfix) with ESMTP id 596BF6B0055
	for <linux-mm@kvack.org>; Wed, 25 Sep 2013 20:40:59 -0400 (EDT)
Received: by mail-pb0-f50.google.com with SMTP id uo5so379730pbc.9
        for <linux-mm@kvack.org>; Wed, 25 Sep 2013 17:40:59 -0700 (PDT)
Date: Thu, 26 Sep 2013 08:40:28 +0800
From: Fengguang Wu <fengguang.wu@intel.com>
Subject: [munlock] BUG: Bad page map in process killall5 pte:cf17e720
 pmd:05a22067
Message-ID: <20130926004028.GB9394@localhost>
MIME-Version: 1.0
Content-Type: multipart/mixed; boundary="+QahgC5+KEYLbs62"
Content-Disposition: inline
Content-Transfer-Encoding: 8bit
Sender: owner-linux-mm@kvack.org
List-ID: <linux-mm.kvack.org>
To: fengguang.wu@intel.com, Vlastimil Babka <vbabka@suse.cz>
Cc: linux-mm@kvack.org, linux-kernel@vger.kernel.org


--+QahgC5+KEYLbs62
Content-Type: text/plain; charset=utf-8
Content-Disposition: inline
Content-Transfer-Encoding: 8bit

Hi Vlastimil,

FYI, this bug seems still not fixed in linux-next 20130925.

commit 7a8010cd36273ff5f6fea5201ef9232f30cebbd9
Author: Vlastimil Babka <vbabka@suse.cz>
Date:   Wed Sep 11 14:22:35 2013 -0700

    mm: munlock: manual pte walk in fast path instead of follow_page_mask()
    
    Currently munlock_vma_pages_range() calls follow_page_mask() to obtain
    each individual struct page.  This entails repeated full page table
    translations and page table lock taken for each page separately.
    
    This patch avoids the costly follow_page_mask() where possible, by
    iterating over ptes within single pmd under single page table lock.  The
    first pte is obtained by get_locked_pte() for non-THP page acquired by the
    initial follow_page_mask().  The rest of the on-stack pagevec for munlock
    is filled up using pte_walk as long as pte_present() and vm_normal_page()
    are sufficient to obtain the struct page.
    
    After this patch, a 14% speedup was measured for munlocking a 56GB large
    memory area with THP disabled.
    
    Signed-off-by: Vlastimil Babka <vbabka@suse.cz>
    Cc: JA?rn Engel <joern@logfs.org>
    Cc: Mel Gorman <mgorman@suse.de>
    Cc: Michel Lespinasse <walken@google.com>
    Cc: Hugh Dickins <hughd@google.com>
    Cc: Rik van Riel <riel@redhat.com>
    Cc: Johannes Weiner <hannes@cmpxchg.org>
    Cc: Michal Hocko <mhocko@suse.cz>
    Cc: Vlastimil Babka <vbabka@suse.cz>
    Signed-off-by: Andrew Morton <akpm@linux-foundation.org>
    Signed-off-by: Linus Torvalds <torvalds@linux-foundation.org>


[   89.835504] init: plymouth-upstart-bridge main process (3556) terminated with status 1
[   89.986606] init: tty6 main process (3529) killed by TERM signal
[   91.414086] BUG: Bad page map in process killall5  pte:cf17e720 pmd:05a22067
[   91.416626] addr:bfc00000 vm_flags:00100173 anon_vma:cf128c80 mapping:  (null) index:bfff0
[   91.419402] CPU: 0 PID: 3574 Comm: killall5 Not tainted 3.12.0-rc1-00010-g5fbc0a6 #24
[   91.422171] Hardware name: Bochs Bochs, BIOS Bochs 01/01/2011
[   91.423998]  00000000 00000000 c0199e34 c1db5db4 00000000 c0199e54 c10e72d4 000bfff0
[   91.427933]  00000000 bfc00000 00000000 000cf17e cf17e720 c0199e74 c10e7995 00000000
[   91.431940]  bfc00000 cf1ca190 bfc00000 cf180000 cf1ca190 c0199ee0 c10eb8cf ce6d1900
[   91.435894] Call Trace:
[   91.436969]  [<c1db5db4>] dump_stack+0x4b/0x66
[   91.438503]  [<c10e72d4>] print_bad_pte+0x14b/0x162
[   91.440204]  [<c10e7995>] vm_normal_page+0x67/0x9b
[   91.441811]  [<c10eb8cf>] munlock_vma_pages_range+0xf9/0x176
[   91.443633]  [<c10ede09>] exit_mmap+0x86/0xf7
[   91.445156]  [<c10885b8>] ? lock_release+0x169/0x1ef
[   91.446795]  [<c113e5b6>] ? rcu_read_unlock+0x17/0x23
[   91.448465]  [<c113effe>] ? exit_aio+0x2b/0x6c
[   91.449990]  [<c103d4b0>] mmput+0x6a/0xcb
[   91.451508]  [<c104141a>] do_exit+0x362/0x8be
[   91.453013]  [<c105d280>] ? hrtimer_debug_hint+0xd/0xd
[   91.454700]  [<c10419f8>] do_group_exit+0x51/0x9e
[   91.456296]  [<c1041a5b>] SyS_exit_group+0x16/0x16
[   91.457901]  [<c1dc6719>] sysenter_do_call+0x12/0x33
[   91.459553] Disabling lock debugging due to kernel taint

git bisect start 272b98c6455f00884f0350f775c5342358ebb73f v3.11 --
git bisect good 57d730924d5cc2c3e280af16a9306587c3a511db  # 02:21    495+  Merge branch 'timers-urgent-for-linus' of git://git.kernel.org/pub/scm/linux/kernel/git/tip/tip
git bisect good 3bb22ec53e2bd12a241ed84359bffd591a40ab87  # 12:03    495+  staging/lustre/ptlrpc: convert to new shrinker API
git bisect  bad a5b7c87f92076352dbff2fe0423ec255e1c9a71b  # 12:18     31-  vmscan, memcg: do softlimit reclaim also for targeted reclaim
git bisect good 3d94ea51c1d8db6f41268a9d2aea5f5771e9a8d3  # 15:40    495+  ocfs2: clean up dead code in ocfs2_acl_from_xattr()
git bisect  bad d62a201f24cba74e2fbf9f6f7af86ff5f5e276fc  # 16:46     79-  checkpatch: enforce sane perl version
git bisect good 83467efbdb7948146581a56cbd683a22a0684bbb  # 01:29    585+  mm: migrate: check movability of hugepage in unmap_and_move_huge_page()
git bisect  bad 2bff24a3707093c435ab3241c47dcdb5f16e432b  # 02:07    148-  memcg: fix multiple large threshold notifications
git bisect  bad 1ecfd533f4c528b0b4cc5bc115c4c47f0b5e4828  # 02:34     64-  mm/mremap.c: call pud_free() after fail calling pmd_alloc()
git bisect good 0ec3b74c7f5599c8a4d2b33d430a5470af26ebf6  # 13:10   1170+  mm: putback_lru_page: remove unnecessary call to page_lru_base_type()
git bisect good 5b40998ae35cf64561868370e6c9f3d3e94b6bf7  # 16:52   1170+  mm: munlock: remove redundant get_page/put_page pair on the fast path
git bisect  bad 187320932dcece9c4b93f38f56d1f888bd5c325f  # 17:11      0-  mm/sparse: introduce alloc_usemap_and_memmap
git bisect  bad 6e543d5780e36ff5ee56c44d7e2e30db3457a7ed  # 17:29      2-  mm: vmscan: fix do_try_to_free_pages() livelock
git bisect  bad 7a8010cd36273ff5f6fea5201ef9232f30cebbd9  # 17:59     14-  mm: munlock: manual pte walk in fast path instead of follow_page_mask()
git bisect good 5b40998ae35cf64561868370e6c9f3d3e94b6bf7  # 22:10   3510+  mm: munlock: remove redundant get_page/put_page pair on the fast path
git bisect  bad 5fbc0a6263a147cde905affbfb6622c26684344f  # 22:10      0-  Merge remote-tracking branch 'pinctrl/for-next' into kbuild_tmp
git bisect good 87e37036dcf96eb73a8627524be8b722bd1ac526  # 04:31   3510+  Revert "mm: munlock: manual pte walk in fast path instead of follow_page_mask()"
git bisect  bad 22356f447ceb8d97a4885792e7d9e4607f712e1b  # 04:40     48-  mm: Place preemption point in do_mlockall() loop
git bisect  bad 050f4da86e9bdbcc9e11789e0f291aafa57b8a20  # 04:55    133-  Add linux-next specific files for 20130925

Thanks,
Fengguang

--+QahgC5+KEYLbs62
Content-Type: text/plain; charset=us-ascii
Content-Disposition: attachment; filename="dmesg-quantal-lkp-tt02-11:20130923084547:3.12.0-rc1-00010-g5fbc0a6:24"
Content-Transfer-Encoding: quoted-printable

[    0.000000] Initializing cgroup subsys cpuset
[    0.000000] Initializing cgroup subsys cpu
[    0.000000] Linux version 3.12.0-rc1-00010-g5fbc0a6 (kbuild@roam) (gcc v=
ersion 4.8.1 (Debian 4.8.1-8) ) #24 SMP Mon Sep 23 18:20:41 CST 2013
[    0.000000] e820: BIOS-provided physical RAM map:
[    0.000000] BIOS-e820: [mem 0x0000000000000000-0x000000000009fbff] usable
[    0.000000] BIOS-e820: [mem 0x000000000009fc00-0x000000000009ffff] reser=
ved
[    0.000000] BIOS-e820: [mem 0x00000000000f0000-0x00000000000fffff] reser=
ved
[    0.000000] BIOS-e820: [mem 0x0000000000100000-0x000000000fffdfff] usable
[    0.000000] BIOS-e820: [mem 0x000000000fffe000-0x000000000fffffff] reser=
ved
[    0.000000] BIOS-e820: [mem 0x00000000feffc000-0x00000000feffffff] reser=
ved
[    0.000000] BIOS-e820: [mem 0x00000000fffc0000-0x00000000ffffffff] reser=
ved
[    0.000000] debug: ignoring loglevel setting.
[    0.000000] Notice: NX (Execute Disable) protection cannot be enabled: n=
on-PAE kernel!
[    0.000000] SMBIOS 2.4 present.
[    0.000000] DMI: Bochs Bochs, BIOS Bochs 01/01/2011
[    0.000000] Hypervisor detected: KVM
[    0.000000] e820: update [mem 0x00000000-0x00000fff] usable =3D=3D> rese=
rved
[    0.000000] e820: remove [mem 0x000a0000-0x000fffff] usable
[    0.000000] e820: last_pfn =3D 0xfffe max_arch_pfn =3D 0x100000
[    0.000000] MTRR default type: write-back
[    0.000000] MTRR fixed ranges enabled:
[    0.000000]   00000-9FFFF write-back
[    0.000000]   A0000-BFFFF uncachable
[    0.000000]   C0000-FFFFF write-protect
[    0.000000] MTRR variable ranges enabled:
[    0.000000]   0 base 0080000000 mask FF80000000 uncachable
[    0.000000]   1 disabled
[    0.000000]   2 disabled
[    0.000000]   3 disabled
[    0.000000]   4 disabled
[    0.000000]   5 disabled
[    0.000000]   6 disabled
[    0.000000]   7 disabled
[    0.000000] x86 PAT enabled: cpu 0, old 0x70406, new 0x7010600070106
[    0.000000] Scan for SMP in [mem 0x00000000-0x000003ff]
[    0.000000] Scan for SMP in [mem 0x0009fc00-0x0009ffff]
[    0.000000] Scan for SMP in [mem 0x000f0000-0x000fffff]
[    0.000000] found SMP MP-table at [mem 0x000fdae0-0x000fdaef] mapped at =
[c00fdae0]
[    0.000000]   mpc: fdaf0-fdbec
[    0.000000] Scanning 1 areas for low memory corruption
[    0.000000] initial memory mapped: [mem 0x00000000-0x033fffff]
[    0.000000] Base memory trampoline at [c009b000] 9b000 size 16384
[    0.000000] init_memory_mapping: [mem 0x00000000-0x000fffff]
[    0.000000]  [mem 0x00000000-0x000fffff] page 4k
[    0.000000] init_memory_mapping: [mem 0x0e000000-0x0e3fffff]
[    0.000000]  [mem 0x0e000000-0x0e3fffff] page 2M
[    0.000000] init_memory_mapping: [mem 0x08000000-0x0dffffff]
[    0.000000]  [mem 0x08000000-0x0dffffff] page 2M
[    0.000000] init_memory_mapping: [mem 0x00100000-0x07ffffff]
[    0.000000]  [mem 0x00100000-0x003fffff] page 4k
[    0.000000]  [mem 0x00400000-0x07ffffff] page 2M
[    0.000000] init_memory_mapping: [mem 0x0e400000-0x0fffdfff]
[    0.000000]  [mem 0x0e400000-0x0fbfffff] page 2M
[    0.000000]  [mem 0x0fc00000-0x0fffdfff] page 4k
[    0.000000] BRK [0x02f54000, 0x02f54fff] PGTABLE
[    0.000000] cma: dma_contiguous_reserve(limit 00000000)
[    0.000000] cma: dma_contiguous_reserve: reserving 16 MiB for global area
[    0.000000] cma: dma_contiguous_reserve_area(size 1000000, base 00000000=
, limit 00000000)
[    0.000000] cma: CMA: reserved 16 MiB at 0d400000
[    0.000000] log_buf_len: 8388608
[    0.000000] early log buf free: 127604(97%)
[    0.000000] RAMDISK: [mem 0x0e73f000-0x0ffeffff]
[    0.000000] ACPI: RSDP 000fd950 00014 (v00 BOCHS )
[    0.000000] ACPI: RSDT 0fffe450 00034 (v01 BOCHS  BXPCRSDT 00000001 BXPC=
 00000001)
[    0.000000] ACPI: FACP 0fffff80 00074 (v01 BOCHS  BXPCFACP 00000001 BXPC=
 00000001)
[    0.000000] ACPI: DSDT 0fffe490 011A9 (v01   BXPC   BXDSDT 00000001 INTL=
 20100528)
[    0.000000] ACPI: FACS 0fffff40 00040
[    0.000000] ACPI: SSDT 0ffff7a0 00796 (v01 BOCHS  BXPCSSDT 00000001 BXPC=
 00000001)
[    0.000000] ACPI: APIC 0ffff680 00080 (v01 BOCHS  BXPCAPIC 00000001 BXPC=
 00000001)
[    0.000000] ACPI: HPET 0ffff640 00038 (v01 BOCHS  BXPCHPET 00000001 BXPC=
 00000001)
[    0.000000] ACPI: Local APIC address 0xfee00000
[    0.000000] mapped APIC to         ffffb000 (        fee00000)
[    0.000000] 255MB LOWMEM available.
[    0.000000]   mapped low ram: 0 - 0fffe000
[    0.000000]   low ram: 0 - 0fffe000
[    0.000000] kvm-clock: Using msrs 4b564d01 and 4b564d00
[    0.000000] kvm-clock: cpu 0, msr 0:fffd001, boot clock
[    0.000000] Zone ranges:
[    0.000000]   DMA      [mem 0x00001000-0x00ffffff]
[    0.000000]   Normal   [mem 0x01000000-0x0fffdfff]
[    0.000000] Movable zone start for each node
[    0.000000] Early memory node ranges
[    0.000000]   node   0: [mem 0x00001000-0x0009efff]
[    0.000000]   node   0: [mem 0x00100000-0x0fffdfff]
[    0.000000] On node 0 totalpages: 65436
[    0.000000] free_area_init_node: node 0, pgdat c269b580, node_mem_map ce=
53f020
[    0.000000]   DMA zone: 32 pages used for memmap
[    0.000000]   DMA zone: 0 pages reserved
[    0.000000]   DMA zone: 3998 pages, LIFO batch:0
[    0.000000]   Normal zone: 480 pages used for memmap
[    0.000000]   Normal zone: 61438 pages, LIFO batch:15
[    0.000000] Using APIC driver default
[    0.000000] ACPI: PM-Timer IO Port: 0xb008
[    0.000000] ACPI: Local APIC address 0xfee00000
[    0.000000] mapped APIC to         ffffb000 (        fee00000)
[    0.000000] ACPI: LAPIC (acpi_id[0x00] lapic_id[0x00] enabled)
[    0.000000] ACPI: LAPIC (acpi_id[0x01] lapic_id[0x01] enabled)
[    0.000000] ACPI: LAPIC_NMI (acpi_id[0xff] dfl dfl lint[0x1])
[    0.000000] ACPI: IOAPIC (id[0x00] address[0xfec00000] gsi_base[0])
[    0.000000] IOAPIC[0]: apic_id 0, version 17, address 0xfec00000, GSI 0-=
23
[    0.000000] ACPI: INT_SRC_OVR (bus 0 bus_irq 0 global_irq 2 dfl dfl)
[    0.000000] Int: type 0, pol 0, trig 0, bus 00, IRQ 00, APIC ID 0, APIC =
INT 02
[    0.000000] ACPI: INT_SRC_OVR (bus 0 bus_irq 5 global_irq 5 high level)
[    0.000000] Int: type 0, pol 1, trig 3, bus 00, IRQ 05, APIC ID 0, APIC =
INT 05
[    0.000000] ACPI: INT_SRC_OVR (bus 0 bus_irq 9 global_irq 9 high level)
[    0.000000] Int: type 0, pol 1, trig 3, bus 00, IRQ 09, APIC ID 0, APIC =
INT 09
[    0.000000] ACPI: INT_SRC_OVR (bus 0 bus_irq 10 global_irq 10 high level)
[    0.000000] Int: type 0, pol 1, trig 3, bus 00, IRQ 0a, APIC ID 0, APIC =
INT 0a
[    0.000000] ACPI: INT_SRC_OVR (bus 0 bus_irq 11 global_irq 11 high level)
[    0.000000] Int: type 0, pol 1, trig 3, bus 00, IRQ 0b, APIC ID 0, APIC =
INT 0b
[    0.000000] ACPI: IRQ0 used by override.
[    0.000000] Int: type 0, pol 0, trig 0, bus 00, IRQ 01, APIC ID 0, APIC =
INT 01
[    0.000000] ACPI: IRQ2 used by override.
[    0.000000] Int: type 0, pol 0, trig 0, bus 00, IRQ 03, APIC ID 0, APIC =
INT 03
[    0.000000] Int: type 0, pol 0, trig 0, bus 00, IRQ 04, APIC ID 0, APIC =
INT 04
[    0.000000] ACPI: IRQ5 used by override.
[    0.000000] Int: type 0, pol 0, trig 0, bus 00, IRQ 06, APIC ID 0, APIC =
INT 06
[    0.000000] Int: type 0, pol 0, trig 0, bus 00, IRQ 07, APIC ID 0, APIC =
INT 07
[    0.000000] Int: type 0, pol 0, trig 0, bus 00, IRQ 08, APIC ID 0, APIC =
INT 08
[    0.000000] ACPI: IRQ9 used by override.
[    0.000000] ACPI: IRQ10 used by override.
[    0.000000] ACPI: IRQ11 used by override.
[    0.000000] Int: type 0, pol 0, trig 0, bus 00, IRQ 0c, APIC ID 0, APIC =
INT 0c
[    0.000000] Int: type 0, pol 0, trig 0, bus 00, IRQ 0d, APIC ID 0, APIC =
INT 0d
[    0.000000] Int: type 0, pol 0, trig 0, bus 00, IRQ 0e, APIC ID 0, APIC =
INT 0e
[    0.000000] Int: type 0, pol 0, trig 0, bus 00, IRQ 0f, APIC ID 0, APIC =
INT 0f
[    0.000000] Using ACPI (MADT) for SMP configuration information
[    0.000000] ACPI: HPET id: 0x8086a201 base: 0xfed00000
[    0.000000] smpboot: Allowing 2 CPUs, 0 hotplug CPUs
[    0.000000] mapped IOAPIC to ffffa000 (fec00000)
[    0.000000] nr_irqs_gsi: 40
[    0.000000] e820: [mem 0x10000000-0xfeffbfff] available for PCI devices
[    0.000000] Booting paravirtualized kernel on KVM
[    0.000000] setup_percpu: NR_CPUS:32 nr_cpumask_bits:32 nr_cpu_ids:2 nr_=
node_ids:1
[    0.000000] PERCPU: Embedded 332 pages/cpu @cc968000 s1344128 r0 d15744 =
u1359872
[    0.000000] pcpu-alloc: s1344128 r0 d15744 u1359872 alloc=3D332*4096
[    0.000000] pcpu-alloc: [0] 0 [0] 1=20
[    0.000000] kvm-clock: cpu 0, msr 0:fffd001, primary cpu clock
[    0.000000] KVM setup async PF for cpu 0
[    0.000000] kvm-stealtime: cpu 0, msr c96a840
[    0.000000] Built 1 zonelists in Zone order, mobility grouping on.  Tota=
l pages: 64924
[    0.000000] Kernel command line: hung_task_panic=3D1 rcutree.rcu_cpu_sta=
ll_timeout=3D100 log_buf_len=3D8M ignore_loglevel debug sched_debug apic=3D=
debug dynamic_printk sysrq_always_enabled panic=3D10  prompt_ramdisk=3D0 co=
nsole=3DttyS0,115200 console=3Dtty0 vga=3Dnormal  root=3D/dev/ram0 rw link=
=3D/kernel-tests/run-queue/kvm/i386-randconfig-r0-0923/devel-roam-i386-2013=
09231807/.vmlinuz-5fbc0a6263a147cde905affbfb6622c26684344f-20130923182124-4=
-lkp-tt02 branch=3Dlinux-devel/devel-roam-i386-201309231807 BOOT_IMAGE=3D/k=
ernel/i386-randconfig-r0-0923/5fbc0a6263a147cde905affbfb6622c26684344f/vmli=
nuz-3.12.0-rc1-00010-g5fbc0a6
[    0.000000] sysrq: sysrq always enabled.
[    0.000000] PID hash table entries: 1024 (order: 0, 4096 bytes)
[    0.000000] Dentry cache hash table entries: 32768 (order: 5, 131072 byt=
es)
[    0.000000] Inode-cache hash table entries: 16384 (order: 4, 65536 bytes)
[    0.000000] Initializing CPU#0
[    0.000000] Memory: 174780K/261744K available (14108K kernel code, 2012K=
 rwdata, 7780K rodata, 2044K init, 6044K bss, 86964K reserved)
[    0.000000] virtual kernel memory layout:
[    0.000000]     fixmap  : 0xffd35000 - 0xfffff000   (2856 kB)
[    0.000000]     vmalloc : 0xd07fe000 - 0xffd33000   ( 757 MB)
[    0.000000]     lowmem  : 0xc0000000 - 0xcfffe000   ( 255 MB)
[    0.000000]       .init : 0xc275a000 - 0xc2959000   (2044 kB)
[    0.000000]       .data : 0xc1dc7717 - 0xc2759240   (9798 kB)
[    0.000000]       .text : 0xc1000000 - 0xc1dc7717   (14109 kB)
[    0.000000] Checking if this processor honours the WP bit even in superv=
isor mode...Ok.
[    0.000000] Hierarchical RCU implementation.
[    0.000000]=20
[    0.000000]=20
[    0.000000]=20
[    0.000000]=20
[    0.000000]=20
[    0.000000] NR_IRQS:2304 nr_irqs:56 16
[    0.000000] CPU 0 irqstacks, hard=3Dcc40c000 soft=3Dcc40e000
[    0.000000] Console: colour VGA+ 80x25
[    0.000000] console [tty0] enabled
[    0.000000] console [ttyS0] enabled
[    0.000000] Lock dependency validator: Copyright (c) 2006 Red Hat, Inc.,=
 Ingo Molnar
[    0.000000] ... MAX_LOCKDEP_SUBCLASSES:  8
[    0.000000] ... MAX_LOCK_DEPTH:          48
[    0.000000] ... MAX_LOCKDEP_KEYS:        8191
[    0.000000] ... CLASSHASH_SIZE:          4096
[    0.000000] ... MAX_LOCKDEP_ENTRIES:     16384
[    0.000000] ... MAX_LOCKDEP_CHAINS:      32768
[    0.000000] ... CHAINHASH_SIZE:          16384
[    0.000000]  memory used by lock dependency info: 3807 kB
[    0.000000]  per task-struct memory footprint: 1920 bytes
[    0.000000] ODEBUG: 12 of 12 active objects replaced
[    0.000000] ODEBUG: selftest passed
[    0.000000] hpet clockevent registered
[    0.000000] tsc: Detected 2393.914 MHz processor
[    0.020000] Calibrating delay loop (skipped) preset value.. 4787.82 Bogo=
MIPS (lpj=3D23939140)
[    0.020000] pid_max: default: 32768 minimum: 301
[    0.020000] Mount-cache hash table entries: 512
[    0.020871] Initializing cgroup subsys debug
[    0.022393] Initializing cgroup subsys devices
[    0.023951] Initializing cgroup subsys perf_event
[    0.025548] Initializing cgroup subsys hugetlb
[    0.027284] mce: CPU supports 10 MCE banks
[    0.028856] Last level iTLB entries: 4KB 0, 2MB 0, 4MB 0
[    0.028856] Last level dTLB entries: 4KB 0, 2MB 0, 4MB 0
[    0.028856] tlb_flushall_shift: 6
[    0.031872] Freeing SMP alternatives memory: 24K (c2959000 - c295f000)
[    0.036005] ACPI: Core revision 20130725
[    0.047022] ACPI: All ACPI Tables successfully acquired
[    0.050470] Getting VERSION: 50014
[    0.051820] Getting VERSION: 50014
[    0.053158] Getting ID: 0
[    0.054305] Getting ID: f000000
[    0.055611] Getting LVT0: 8700
[    0.056859] Getting LVT1: 8400
[    0.058115] Enabling APIC mode:  Flat.  Using 1 I/O APICs
[    0.060138] enabled ExtINT on CPU#0
[    0.063173] ENABLING IO-APIC IRQs
[    0.064483] init IO_APIC IRQs
[    0.065698]  apic 0 pin 0 not connected
[    0.067178] IOAPIC[0]: Set routing entry (0-1 -> 0x31 -> IRQ 1 Mode:0 Ac=
tive:0 Dest:1)
[    0.070044] IOAPIC[0]: Set routing entry (0-2 -> 0x30 -> IRQ 0 Mode:0 Ac=
tive:0 Dest:1)
[    0.072888] IOAPIC[0]: Set routing entry (0-3 -> 0x33 -> IRQ 3 Mode:0 Ac=
tive:0 Dest:1)
[    0.075735] IOAPIC[0]: Set routing entry (0-4 -> 0x34 -> IRQ 4 Mode:0 Ac=
tive:0 Dest:1)
[    0.078562] IOAPIC[0]: Set routing entry (0-5 -> 0x35 -> IRQ 5 Mode:1 Ac=
tive:0 Dest:1)
[    0.080037] IOAPIC[0]: Set routing entry (0-6 -> 0x36 -> IRQ 6 Mode:0 Ac=
tive:0 Dest:1)
[    0.082845] IOAPIC[0]: Set routing entry (0-7 -> 0x37 -> IRQ 7 Mode:0 Ac=
tive:0 Dest:1)
[    0.085651] IOAPIC[0]: Set routing entry (0-8 -> 0x38 -> IRQ 8 Mode:0 Ac=
tive:0 Dest:1)
[    0.090037] IOAPIC[0]: Set routing entry (0-9 -> 0x39 -> IRQ 9 Mode:1 Ac=
tive:0 Dest:1)
[    0.092837] IOAPIC[0]: Set routing entry (0-10 -> 0x3a -> IRQ 10 Mode:1 =
Active:0 Dest:1)
[    0.095713] IOAPIC[0]: Set routing entry (0-11 -> 0x3b -> IRQ 11 Mode:1 =
Active:0 Dest:1)
[    0.098575] IOAPIC[0]: Set routing entry (0-12 -> 0x3c -> IRQ 12 Mode:0 =
Active:0 Dest:1)
[    0.100052] IOAPIC[0]: Set routing entry (0-13 -> 0x3d -> IRQ 13 Mode:0 =
Active:0 Dest:1)
[    0.102916] IOAPIC[0]: Set routing entry (0-14 -> 0x3e -> IRQ 14 Mode:0 =
Active:0 Dest:1)
[    0.105774] IOAPIC[0]: Set routing entry (0-15 -> 0x3f -> IRQ 15 Mode:0 =
Active:0 Dest:1)
[    0.110033]  apic 0 pin 16 not connected
[    0.111505]  apic 0 pin 17 not connected
[    0.112941]  apic 0 pin 18 not connected
[    0.114398]  apic 0 pin 19 not connected
[    0.115839]  apic 0 pin 20 not connected
[    0.117310]  apic 0 pin 21 not connected
[    0.118756]  apic 0 pin 22 not connected
[    0.120006]  apic 0 pin 23 not connected
[    0.121627] ..TIMER: vector=3D0x30 apic1=3D0 pin1=3D2 apic2=3D-1 pin2=3D=
-1
[    0.123889] smpboot: CPU0: Intel Common KVM processor (fam: 0f, model: 0=
6, stepping: 01)
[    0.127767] Using local APIC timer interrupts.
[    0.127767] calibrating APIC timer ...
[    0.140000] ... lapic delta =3D 6248099
[    0.140000] ... PM-Timer delta =3D 357727
[    0.140000] ... PM-Timer result ok
[    0.140000] ..... delta 6248099
[    0.140000] ..... mult: 268353808
[    0.140000] ..... calibration result: 9996958
[    0.140000] ..... CPU clock speed is 2391.8369 MHz.
[    0.140000] ..... host bus clock speed is 999.6958 MHz.
[    0.140139] Performance Events: unsupported Netburst CPU model 6 no PMU =
driver, software events only.
[    0.145214] ftrace: Allocated trace_printk buffers
[    0.153214] NMI watchdog: disabled (cpu0): hardware events not enabled
[    0.157150] SMP alternatives: lockdep: fixing up alternatives
[    0.159162] CPU 1 irqstacks, hard=3Dcc7b2000 soft=3Dcc7b4000
[    0.160008] smpboot: Booting Node   0, Processors  #1 OK
[    0.020000] Initializing CPU#1
[    0.020000] kvm-clock: cpu 1, msr 0:fffd041, secondary cpu clock
[    0.020000] masked ExtINT on CPU#1
[    0.180000] TSC synchronization [CPU#0 -> CPU#1]:
[    0.180000] Measured 568 cycles TSC warp between CPUs, turning off TSC c=
lock.
[    0.180000] tsc: Marking TSC unstable due to check_tsc_sync_source failed
[    0.190077] KVM setup async PF for cpu 1
[    0.190160] Brought up 2 CPUs
[    0.190169] ----------------
[    0.190169] | NMI testsuite:
[    0.190170] --------------------
[    0.196221] kvm-stealtime: cpu 1, msr cab6840
[    0.190171]   remote IPI:  ok  |
[    0.211470]    local IPI:  ok  |
[    0.230068] --------------------
[    0.231335] Good, all   2 testcases passed! |
[    0.232863] ---------------------------------
[    0.234398] smpboot: Total of 2 processors activated (9575.65 BogoMIPS)
[    0.239915] CPU0 attaching sched-domain:
[    0.240019]  domain 0: span 0-1 level CPU
[    0.241621]   groups: 0 (cpu_power =3D 1023) 1
[    0.243755] CPU1 attaching sched-domain:
[    0.245185]  domain 0: span 0-1 level CPU
[    0.246802]   groups: 1 0 (cpu_power =3D 1023)
[    0.257434] xor: measuring software checksum speed
[    0.360005]    pIII_sse  :  7509.600 MB/sec
[    0.460006]    prefetch64-sse:  8331.200 MB/sec
[    0.461595] xor: using function: prefetch64-sse (8331.200 MB/sec)
[    0.463502] atomic64 test passed for i386+ platform with CX8 and with SSE
[    0.469671] NET: Registered protocol family 16
[    0.472391] cpuidle: using governor ladder
[    0.473826] cpuidle: using governor menu
[    0.476720] ACPI: bus type PCI registered
[    0.478381] PCI: PCI BIOS revision 2.10 entry at 0xfc6d5, last bus=3D0
[    0.480006] PCI: Using configuration type 1 for base access
[    0.483189] Missing cpus node, bailing out
[    0.484738] Missing cpus node, bailing out
[    0.525780] bio: create slab <bio-0> at 0
[    0.525780] gpio-f7188x: Not a Fintek device at 0x0000002e
[    0.530067] gpio-f7188x: Not a Fintek device at 0x0000004e
[    0.532492] ACPI: Added _OSI(Module Device)
[    0.534011] ACPI: Added _OSI(Processor Device)
[    0.535582] ACPI: Added _OSI(3.0 _SCP Extensions)
[    0.537212] ACPI: Added _OSI(Processor Aggregator Device)
[    0.544458] ACPI: EC: Look up EC in DSDT
[    0.561581] ACPI: Interpreter enabled
[    0.563014] ACPI: (supports S0 S5)
[    0.564314] ACPI: Using IOAPIC for interrupt routing
[    0.566095] PCI: Using host bridge windows from ACPI; if necessary, use =
"pci=3Dnocrs" and report a bug
[    0.596965] ACPI: PCI Root Bridge [PCI0] (domain 0000 [bus 00-ff])
[    0.598984] acpi PNP0A03:00: ACPI _OSC support notification failed, disa=
bling PCIe ASPM
[    0.600007] acpi PNP0A03:00: Unable to request _OSC control (_OSC suppor=
t mask: 0x08)
[    0.603701] acpi PNP0A03:00: fail to add MMCONFIG information, can't acc=
ess extended PCI configuration space under this bridge.
[    0.607550] PCI host bridge to bus 0000:00
[    0.610011] pci_bus 0000:00: root bus resource [bus 00-ff]
[    0.611840] pci_bus 0000:00: root bus resource [io  0x0000-0x0cf7]
[    0.613826] pci_bus 0000:00: root bus resource [io  0x0d00-0xffff]
[    0.615820] pci_bus 0000:00: root bus resource [mem 0x000a0000-0x000bfff=
f]
[    0.618026] pci_bus 0000:00: root bus resource [mem 0x80000000-0xfebffff=
f]
[    0.620113] pci 0000:00:00.0: [8086:1237] type 00 class 0x060000
[    0.623347] pci 0000:00:01.0: [8086:7000] type 00 class 0x060100
[    0.631556] pci 0000:00:01.1: [8086:7010] type 00 class 0x010180
[    0.643508] pci 0000:00:01.1: reg 0x20: [io  0xc060-0xc06f]
[    0.647364] pci 0000:00:01.3: [8086:7113] type 00 class 0x068000
[    0.650459] pci 0000:00:01.3: quirk: [io  0xb000-0xb03f] claimed by PIIX=
4 ACPI
[    0.653049] pci 0000:00:01.3: quirk: [io  0xb100-0xb10f] claimed by PIIX=
4 SMB
[    0.656183] pci 0000:00:02.0: [1013:00b8] type 00 class 0x030000
[    0.660724] pci 0000:00:02.0: reg 0x10: [mem 0xfc000000-0xfdffffff pref]
[    0.664295] pci 0000:00:02.0: reg 0x14: [mem 0xfebe0000-0xfebe0fff]
[    0.672637] pci 0000:00:02.0: reg 0x30: [mem 0xfebc0000-0xfebcffff pref]
[    0.675781] pci 0000:00:03.0: [1af4:1000] type 00 class 0x020000
[    0.678825] pci 0000:00:03.0: reg 0x10: [io  0xc040-0xc05f]
[    0.681017] pci 0000:00:03.0: reg 0x14: [mem 0xfebe1000-0xfebe1fff]
[    0.687938] pci 0000:00:03.0: reg 0x30: [mem 0xfebd0000-0xfebdffff pref]
[    0.691020] pci 0000:00:04.0: [8086:100e] type 00 class 0x020000
[    0.693980] pci 0000:00:04.0: reg 0x10: [mem 0xfeb80000-0xfeb9ffff]
[    0.696965] pci 0000:00:04.0: reg 0x14: [io  0xc000-0xc03f]
[    0.704583] pci 0000:00:04.0: reg 0x30: [mem 0xfeba0000-0xfebbffff pref]
[    0.707488] pci 0000:00:05.0: [8086:25ab] type 00 class 0x088000
[    0.710309] pci 0000:00:05.0: reg 0x10: [mem 0xfebe2000-0xfebe200f]
[    0.716738] pci_bus 0000:00: on NUMA node 0
[    0.721121] ACPI: PCI Interrupt Link [LNKA] (IRQs 5 *10 11)
[    0.724212] ACPI: PCI Interrupt Link [LNKB] (IRQs 5 *10 11)
[    0.727274] ACPI: PCI Interrupt Link [LNKC] (IRQs 5 10 *11)
[    0.730361] ACPI: PCI Interrupt Link [LNKD] (IRQs 5 10 *11)
[    0.733175] ACPI: PCI Interrupt Link [LNKS] (IRQs *9)
[    0.737190] ACPI: Enabled 16 GPEs in block 00 to 0F
[    0.739147] ACPI: \_SB_.PCI0: notify handler is installed
[    0.740241] Found 1 acpi root devices
[    0.742028] vgaarb: device added: PCI:0000:00:02.0,decodes=3Dio+mem,owns=
=3Dio+mem,locks=3Dnone
[    0.744754] vgaarb: loaded
[    0.745856] vgaarb: bridge control possible 0000:00:02.0
[    0.747817] tps65010: version 2 May 2005
[    0.790099] tps65010: no chip?
[    0.792635] SCSI subsystem initialized
[    0.794473] media: Linux media interface: v0.10
[    0.796095] Linux video capture interface: v2.00
[    0.797783] pps_core: LinuxPPS API ver. 1 registered
[    0.799434] pps_core: Software ver. 5.3.6 - Copyright 2005-2007 Rodolfo =
Giometti <giometti@linux.it>
[    0.800034] PTP clock support registered
[    0.801700] wmi: Mapper loaded
[    0.803000] PCI: Using ACPI for IRQ routing
[    0.804489] PCI: pci_cache_line_size set to 64 bytes
[    0.806410] e820: reserve RAM buffer [mem 0x0009fc00-0x0009ffff]
[    0.810011] e820: reserve RAM buffer [mem 0x0fffe000-0x0fffffff]
[    0.812701] NET: Registered protocol family 23
[    0.814369] Bluetooth: Core ver 2.16
[    0.815752] NET: Registered protocol family 31
[    0.817297] Bluetooth: HCI device and connection manager initialized
[    0.820029] Bluetooth: HCI socket layer initialized
[    0.821685] Bluetooth: L2CAP socket layer initialized
[    0.823404] Bluetooth: SCO socket layer initialized
[    0.826538] nfc: nfc_init: NFC Core ver 0.1
[    0.828163] NET: Registered protocol family 39
[    0.831543] Switched to clocksource kvm-clock
[    0.831706] cfg80211: Calling CRDA to update world regulatory domain
[    0.834896] Warning: could not register annotated branches stats
[    0.944065] pnp: PnP ACPI init
[    0.945601] ACPI: bus type PNP registered
[    0.947230] IOAPIC[0]: Set routing entry (0-8 -> 0x38 -> IRQ 8 Mode:0 Ac=
tive:0 Dest:3)
[    0.950201] pnp 00:00: Plug and Play ACPI device, IDs PNP0b00 (active)
[    0.952394] IOAPIC[0]: Set routing entry (0-1 -> 0x31 -> IRQ 1 Mode:0 Ac=
tive:0 Dest:3)
[    0.955222] pnp 00:01: Plug and Play ACPI device, IDs PNP0303 (active)
[    0.957366] IOAPIC[0]: Set routing entry (0-12 -> 0x3c -> IRQ 12 Mode:0 =
Active:0 Dest:3)
[    0.960288] pnp 00:02: Plug and Play ACPI device, IDs PNP0f13 (active)
[    0.962488] IOAPIC[0]: Set routing entry (0-6 -> 0x36 -> IRQ 6 Mode:0 Ac=
tive:0 Dest:3)
[    0.965228] pnp 00:03: [dma 2]
[    0.966551] pnp 00:03: Plug and Play ACPI device, IDs PNP0700 (active)
[    0.968767] IOAPIC[0]: Set routing entry (0-7 -> 0x37 -> IRQ 7 Mode:0 Ac=
tive:0 Dest:3)
[    0.971636] pnp 00:04: Plug and Play ACPI device, IDs PNP0400 (active)
[    0.973838] IOAPIC[0]: Set routing entry (0-4 -> 0x34 -> IRQ 4 Mode:0 Ac=
tive:0 Dest:3)
[    0.976691] pnp 00:05: Plug and Play ACPI device, IDs PNP0501 (active)
[    0.979769] pnp 00:06: Plug and Play ACPI device, IDs PNP0103 (active)
[    0.982513] pnp: PnP ACPI: found 7 devices
[    0.983964] ACPI: bus type PNP unregistered
[    0.985460] PnPBIOS: Disabled
[    1.461452] mdacon: MDA with 8K of memory detected.
[    1.461598] Console: switching consoles 13-16 to MDA-2
[    1.500282] pci_bus 0000:00: resource 4 [io  0x0000-0x0cf7]
[    1.502145] pci_bus 0000:00: resource 5 [io  0x0d00-0xffff]
[    1.503973] pci_bus 0000:00: resource 6 [mem 0x000a0000-0x000bffff]
[    1.506000] pci_bus 0000:00: resource 7 [mem 0x80000000-0xfebfffff]
[    1.508221] NET: Registered protocol family 1
[    1.509825] pci 0000:00:00.0: Limiting direct PCI/PCI transfers
[    1.511854] pci 0000:00:01.0: PIIX3: Enabling Passive Release
[    1.513797] pci 0000:00:01.0: Activating ISA DMA hang workarounds
[    1.515852] pci 0000:00:02.0: Boot video device
[    1.517576] PCI: CLS 0 bytes, default 64
[    1.519824] Trying to unpack rootfs image as initramfs...
[    3.236238] Freeing initrd memory: 25284K (ce73f000 - cfff0000)
[    3.240286] Machine check injector initialized
[    3.242204] Scanning for low memory corruption every 60 seconds
[    3.247867] PCLMULQDQ-NI instructions are not detected.
[    3.249602] NatSemi SCx200 Driver
[    3.253902] Initializing RT-Tester: OK
[    3.255391] audit: initializing netlink socket (disabled)
[    3.257204] type=3D2000 audit(1379897054.738:1): initialized
[    3.262449] HugeTLB registered 4 MB page size, pre-allocated 0 pages
[    3.265745] VFS: Disk quotas dquot_6.5.2
[    3.267291] Dquot-cache hash table entries: 1024 (order 0, 4096 bytes)
[    3.272031] EFS: 1.0a - http://aeschi.ch.eu.org/efs/
[    3.273739] jffs2: version 2.2.=20
[    3.276063] ROMFS MTD (C) 2007 Red Hat, Inc.
[    3.277649] QNX4 filesystem 0.2.3 registered.
[    3.279205] QNX6 filesystem 1.0.0 registered.
[    3.280882] fuse init (API version 7.22)
[    3.282597] SGI XFS with ACLs, security attributes, large block/inode nu=
mbers, debug enabled
[    3.287164] NILFS version 2 loaded
[    3.288430] OCFS2 1.5.0
[    3.289909] OCFS2 DLMFS 1.5.0
[    3.291426] OCFS2 User DLM kernel interface loaded
[    3.293010] OCFS2 Node Manager 1.5.0
[    3.300372] GFS2 installed
[    3.312818] alg: No test for lz4 (lz4-generic)
[    3.314575] alg: No test for lz4hc (lz4hc-generic)
[    3.316386] alg: No test for stdrng (krng)
[    3.330857] alg: No test for fips(ansi_cprng) (fips_ansi_cprng)
[    3.333170] NET: Registered protocol family 38
[    3.334700] Key type asymmetric registered
[    3.336252] Block layer SCSI generic (bsg) driver version 0.4 loaded (ma=
jor 250)
[    3.338775] io scheduler noop registered (default)
[    3.341419] pci_hotplug: PCI Hot Plug PCI Core version: 0.5
[    3.343200] cpqphp: Compaq Hot Plug PCI Controller Driver version: 0.9.8
[    3.345304] ibmphpd: IBM Hot Plug PCI Controller Driver version: 0.6
[    3.347389] shpchp: Standard Hot Plug PCI Controller Driver version: 0.4
[    3.349641] Console: switching consoles 13-16 to MDA-2
[    3.352100] VIA Graphics Integration Chipset framebuffer 2.4 initializing
[    3.354543] vmlfb: initializing
[    3.355830] no IO addresses supplied
[    3.357366] hgafb: HGA card not detected.
[    3.358794] hgafb: probe of hgafb.0 failed with error -22
[    3.361001] ipmi message handler version 39.2
[    3.362509] ipmi device interface
[    3.363827] IPMI System Interface driver.
[    3.365355] ipmi_si: Adding default-specified kcs state machine
[    3.367359] ipmi_si: Trying default-specified kcs state machine at i/o a=
ddress 0xca2, slave address 0x0, irq 0
[    3.370528] ipmi_si: Interface detection failed
[    3.471472] ipmi_si: Adding default-specified smic state machine
[    3.473596] ipmi_si: Trying default-specified smic state machine at i/o =
address 0xca9, slave address 0x0, irq 0
[    3.476914] ipmi_si: Interface detection failed
[   12.630065] [sched_delayed] sched: RT throttling activated
[   12.640166] ipmi_si: Adding default-specified bt state machine
[   12.642264] ipmi_si: Trying default-specified bt state machine at i/o ad=
dress 0xe4, slave address 0x0, irq 0
[   12.645419] ipmi_si: Interface detection failed
[   12.660350] ipmi_si: Unable to find any System Interface(s)
[   12.662197] IPMI Watchdog: driver initialized
[   12.664108] input: Power Button as /devices/LNXSYSTM:00/LNXPWRBN:00/inpu=
t/input0
[   12.666684] ACPI: Power Button [PWRF]
[   12.669183] isapnp: Scanning for PnP cards...
[   13.037419] isapnp: No Plug & Play device found
[   13.041828] ACPI: PCI Interrupt Link [LNKC] enabled at IRQ 11
[   13.043679] IOAPIC[0]: Set routing entry (0-11 -> 0x3b -> IRQ 11 Mode:1 =
Active:0 Dest:3)
[   13.047101] virtio-pci 0000:00:03.0: setting latency timer to 64
[   13.049425] r3964: Philips r3964 Driver $Revision: 1.10 $
[   13.051233] Serial: 8250/16550 driver, 4 ports, IRQ sharing enabled
[   13.077813] 00:05: ttyS0 at I/O 0x3f8 (irq =3D 4, base_baud =3D 115200) =
is a 16550A
[   13.081914] STMicroelectronics ASC driver initialized
[   13.084231] serial: Freescale lpuart driver
[   13.085776] Initializing Nozomi driver 2.1d
[   13.087633] DoubleTalk PC - not found
[   13.088977] Applicom driver: $Id: ac.c,v 1.30 2000/03/22 16:03:57 dwmw2 =
Exp $
[   13.091199] ac.o: No PCI boards found.
[   13.092562] ac.o: For an ISA board you must supply memory and irq parame=
ters.
[   13.094703] sonypi: Sony Programmable I/O Controller Driver v1.26.
[   13.106871] Non-volatile memory driver v1.3
[   13.108389] ppdev: user-space parallel port driver
[   13.109969] nsc_gpio initializing
[   13.111295] telclk_interrupt =3D 0xf non-mcpbl0010 hw.
[   13.112981] smapi::smapi_init, ERROR invalid usSmapiID
[   13.114658] mwave: tp3780i::tp3780I_InitializeBoardData: Error: SMAPI is=
 not available on this machine
[   13.117647] mwave: mwavedd::mwave_init: Error: Failed to initialize boar=
d data
[   13.120170] mwave: mwavedd::mwave_init: Error: Failed to initialize
[   13.122191] SyncLink PC Card driver $Revision: 4.34 $, tty major#240
[   13.124279] Hangcheck: starting hangcheck timer 0.9.1 (tick is 180 secon=
ds, margin is 60 seconds).
[   13.127186] Hangcheck: Using getrawmonotonic().
[   13.128938] [drm] Initialized drm 1.1.0 20060810
[   13.130708] [drm] radeon kernel modesetting enabled.
[   13.133007] parport_pc 00:04: reported by Plug and Play ACPI
[   13.135023] parport0: PC-style at 0x378, irq 7 [PCSPP,TRISTATE]
[   13.214507] Floppy drive(s): fd0 is 1.44M
[   13.220401] brd: module loaded
[   13.221634] Compaq SMART2 Driver (v 2.6.0)
[   13.223642] MM: desc_per_page =3D 128
[   13.226605] nbd: registered device at major 43
[   13.231162] FDC 0 is a S82078B
[   13.234930] mtip32xx Version 1.2.6os3
[   13.236677] dummy-irq: no IRQ given.  Use irq=3DN
[   13.238290] lkdtm: No crash points registered, enable through debugfs
[   13.240474] Phantom Linux Driver, version n0.9.8, init OK
[   13.242615] Silicon Labs C2 port support v. 0.51.0 - (C) 2007 Rodolfo Gi=
ometti
[   13.245293] c2port c2port0: C2 port uc added
[   13.246760] c2port c2port0: uc flash has 30 blocks x 512 bytes (15360 by=
tes total)
[   13.249539] Guest personality initialized and is inactive
[   13.251438] VMCI host device registered (name=3Dvmci, major=3D10, minor=
=3D57)
[   13.253484] Initialized host personality
[   13.256901] Loading iSCSI transport class v2.0-870.
[   13.260412] fnic: Cisco FCoE HBA Driver, ver 1.5.0.23
[   13.262228] fnic: Successfully Initialized Trace Buffer
[   13.264655] bnx2fc: Broadcom NetXtreme II FCoE Driver bnx2fc v1.0.14 (Ma=
r 08, 2013)
[   13.270875] Loading Adaptec I2O RAID: Version 2.4 Build 5go
[   13.272692] Detecting Adaptec I2O RAID controllers...
[   13.275874] isci: Intel(R) C600 SAS Controller Driver - version 1.1.0
[   13.278028] scsi: <fdomain> Detection failed (no card)
[   13.279941] NCR53c406a: no available ports found
[   13.281576] sym53c416.c: Version 1.0.0-ac
[   13.283075] qlogicfas: no cards were found, please specify I/O address a=
nd IRQ using iobase=3D and irq=3D options
[   13.286099] iscsi: registered transport (qla4xxx)
[   13.288238] QLogic iSCSI HBA Driver
[   13.289518] Brocade BFA FC/FCOE SCSI driver - version: 3.2.21.1
[   13.291561] csiostor: Chelsio FCoE driver 1.0.0
[   13.330154] Failed initialization of WD-7000 SCSI card!
[   13.494496] mpt2sas version 16.100.00.00 loaded
[   13.496215] mpt3sas version 02.100.00.00 loaded
[   13.497971] GDT-HA: Storage RAID Controller Driver. Version: 3.05
[   13.500050] 3ware 9000 Storage Controller device driver for Linux v2.26.=
02.014.
[   13.502644] LSI 3ware SAS/SATA-RAID Controller device driver for Linux v=
3.26.02.000.
[   13.505308] imm: Version 2.05 (for Linux 2.4.0)
[   13.507552] nsp32: loading...
[   13.508764] stex: Promise SuperTrak EX Driver version: 4.6.0000.4
[   13.510961] Broadcom NetXtreme II iSCSI Driver bnx2i v2.7.6.2 (Jun 06, 2=
013)
[   13.513196] iscsi: registered transport (bnx2i)
[   13.515229] esas2r: driver will not be loaded because no ATTO esas2r dev=
ices were found
[   13.518135] VMware PVSCSI driver - version 1.0.2.0-k
[   13.519826] st: Version 20101219, fixed bufsize 32768, s/g segs 256
[   13.522008] osst :I: Tape driver with OnStream support version 0.99.4
[   13.522008] osst :I: $Id: osst.c,v 1.73 2005/01/01 21:13:34 wriede Exp $
[   13.526149] osd: LOADED open-osd 0.2.1
[   13.528434] Rounding down aligned max_sectors from 4294967295 to 4294967=
288
[   13.536017] SSFDC read-only Flash Translation layer
[   13.537765] L440GX flash mapping: failed to find PIIX4 ISA bridge, canno=
t continue
[   13.540395] device id =3D 2440
[   13.541566] device id =3D 2480
[   13.542733] device id =3D 24c0
[   13.543902] device id =3D 24d0
[   13.545056] device id =3D 25a1
[   13.546210] device id =3D 2670
[   13.547595] NetSc520 flash device: 0x100000 at 0x200000
[   13.549293] Failed to ioremap_nocache
[   13.551957] ftl_cs: FTL header not found.
[   13.556988] LocalTalk card not found; 220 =3D ff, 240 =3D ff.
[   13.560564] libphy: Fixed MDIO Bus: probed
[   13.562692] arcnet loaded.
[   13.563806] arcnet: RFC1201 "standard" (`a') encapsulation support loade=
d.
[   13.565890] arcnet: RFC1051 "simple standard" (`s') encapsulation suppor=
t loaded.
[   13.568448] arcnet: raw mode (`r') encapsulation support loaded.
[   13.570379] arcnet: cap mode (`c') encapsulation support loaded.
[   13.572284] arcnet: COM90xx chipset support
[   13.874759] S3: No ARCnet cards found.
[   13.876288] arcnet: COM90xx IO-mapped mode support (by David Woodhouse e=
t el.)
[   13.878802] E-mail me if you actually test this driver, please!
[   13.880744]  arc%d: No autoprobe for IO mapped cards; you must specify t=
he base address!
[   13.883562] arcnet: RIM I (entirely mem-mapped) support
[   13.885333] E-mail me if you actually test the RIM I driver, please!
[   13.887358] Given: node 00h, shmem 0h, irq 0
[   13.888866] No autoprobe for RIM I; you must specify the shmem and irq!
[   13.891065] arcnet: COM20020 ISA support (by David Woodhouse et al.)
[   13.893081]  arc%d: No autoprobe (yet) for IO mapped cards; you must spe=
cify the base address!
[   13.895953] arcnet: COM20020 PCI support
[   13.897523] ipddp.c:v0.01 8/28/97 Bradford W. Johnson <johns393@maroon.t=
c.umn.edu>
[   13.900583] ipddp0: Appletalk-IP Decap. mode by Jay Schulist <jschlst@sa=
mba.org>
[   13.903186] vcan: Virtual CAN interface driver
[   13.904886] pcnet32: pcnet32.c:v1.35 21.Apr.2008 tsbogend@alpha.franken.=
de
[   13.907353] cnic: Broadcom NetXtreme II CNIC Driver cnic v2.5.18 (Sept 0=
1, 2013)
[   13.910312] bnx2x: Broadcom NetXtreme II 5771x/578xx 10/20-Gigabit Ether=
net Driver bnx2x 1.78.17-0 (2013/04/11)
[   13.914209] enic: Cisco VIC Ethernet NIC Driver, ver 2.1.1.50
[   13.916321] e100: Intel(R) PRO/100 Network Driver, 3.5.24-k2-NAPI
[   13.918228] e100: Copyright(c) 1999-2006 Intel Corporation
[   13.920149] e1000: Intel(R) PRO/1000 Network Driver - version 7.3.21-k8-=
NAPI
[   13.922368] e1000: Copyright (c) 1999-2006 Intel Corporation.
[   13.926797] ACPI: PCI Interrupt Link [LNKD] enabled at IRQ 10
[   13.928647] IOAPIC[0]: Set routing entry (0-10 -> 0x3a -> IRQ 10 Mode:1 =
Active:0 Dest:3)
[   13.932258] e1000 0000:00:04.0: setting latency timer to 64
[   14.327400] e1000 0000:00:04.0 eth0: (PCI:33MHz:32-bit) 52:54:00:12:34:57
[   14.329588] e1000 0000:00:04.0 eth0: Intel(R) PRO/1000 Network Connection
[   14.331771] igbvf: Intel(R) Gigabit Virtual Function Network Driver - ve=
rsion 2.0.2-k
[   14.334461] igbvf: Copyright (c) 2009 - 2012 Intel Corporation.
[   14.336403] ixgbe: Intel(R) 10 Gigabit PCI Express Network Driver - vers=
ion 3.15.1-k
[   14.339001] ixgbe: Copyright (c) 1999-2013 Intel Corporation.
[   14.340979] i40e: Intel(R) Ethernet Connection XL710 Network Driver - ve=
rsion 0.3.9-k
[   14.343636] i40e: Copyright (c) 2013 Intel Corporation.
[   14.345413] ixgb: Intel(R) PRO/10GbE Network Driver - version 1.0.135-k2=
-NAPI
[   14.347583] ixgb: Copyright (c) 1999-2008 Intel Corporation.
[   14.349485] jme: JMicron JMC2XX ethernet driver version 1.0.8
[   14.351496] sky2: driver version 1.30
[   14.353642] ns83820.c: National Semiconductor DP83820 10/100/1000 driver.
[   14.355770] pch_gbe: EG20T PCH Gigabit Ethernet Driver - version 1.01
[   14.357825] QLogic 1/10 GbE Converged/Intelligent Ethernet Driver v5.3.50
[   14.359939] QLogic/NetXen Network Driver v4.0.81
[   14.361714] atp.c:v1.09=3Dac 2002/10/01 Donald Becker <becker@scyld.com>
[   14.365687] NET3 PLIP version 2.4-parport gniibe@mri.co.jp
[   14.367472] plip0: Parallel port at 0x378, using IRQ 7.
[   14.369159] PPP generic driver version 2.4.2
[   14.370918] PPP Deflate Compression module registered
[   14.372590] SLIP: version 0.8.4-NET3.019-NEWTTY (dynamic channels, max=
=3D256).
[   14.374727] DLCI driver v0.35, 4 Jan 1997, mike.mclagan@linux.org.
[   14.376651] LAPB Ethernet driver version 0.02
[   14.378146] I2O subsystem v1.325
[   14.379361] i2o: max drivers =3D 8
[   14.381172] I2O Configuration OSM v1.323
[   14.382756] I2O Bus Adapter OSM v1.317
[   14.384152] I2O Block Device OSM v1.325
[   14.386445] Fusion MPT base driver 3.04.20
[   14.387890] Copyright (c) 1999-2008 LSI Corporation
[   14.389554] Fusion MPT SPI Host driver 3.04.20
[   14.391187] Fusion MPT FC Host driver 3.04.20
[   14.392784] Fusion MPT misc device (ioctl) driver 3.04.20
[   14.394618] mptctl: Registered with Fusion MPT base driver
[   14.396391] mptctl: /dev/mptctl @ (major,minor=3D10,220)
[   14.399409] Intel ISA PCIC probe: not found.
[   14.401470] Databook TCIC-2 PCMCIA probe: not found.
[   14.404701] aoe: AoE v85 initialised.
[   14.406135] paride: bpck registered as protocol 0
[   14.407711] paride: comm registered as protocol 1
[   14.409293] paride: epat registered as protocol 2
[   14.410878] paride: frpw registered as protocol 3
[   14.412473] paride: friq registered as protocol 4
[   14.414052] paride: on26 registered as protocol 5
[   14.415624] bpck6: BACKPACK Protocol Driver V2.0.2
[   14.417210] bpck6: Copyright 2001 by Micro Solutions, Inc., DeKalb IL. U=
SA
[   14.419283] paride: bpck6 registered as protocol 6
[   14.421005] pd: pd version 1.05, major 45, cluster 64, nice 0
[   17.628229] pda: Autoprobe failed
[   17.629490] pd: no valid drive found
[   17.631157] pcd: pcd version 1.07, major 46, nice 0
[   20.827032] pcd0: Autoprobe failed
[   20.828353] pcd: No CD-ROM drive found
[   20.829818] pf: pf version 1.04, major 47, cluster 64, nice 0
[   20.831718] pf: No ATAPI disk detected
[   20.833122] pt: pt version 1.04, major 96
[   24.032235] pt0: Autoprobe failed
[   24.033510] pt: No ATAPI tape drive detected
[   24.034976] pg: pg version 1.02, major 97
[   27.231761] pga: Autoprobe failed
[   27.233019] pg: No ATAPI device detected
[   27.234880] i8042: PNP: PS/2 Controller [PNP0303:KBD,PNP0f13:MOU] at 0x6=
0,0x64 irq 1,12
[   27.239006] serio: i8042 KBD port at 0x60,0x64 irq 1
[   27.240727] serio: i8042 AUX port at 0x60,0x64 irq 12
[   27.242445] parport0: cannot grant exclusive access for device parkbd
[   27.347146] mousedev: PS/2 mouse device common for all mice
[   27.349067] evbug: Connected device: input0 (Power Button at LNXPWRBN/bu=
tton/input0)
[   27.352967] mk712: device not present
[   27.354763] rtc_cmos 00:00: RTC can wake from S4
[   27.356936] rtc_cmos 00:00: rtc core: registered rtc_cmos as rtc0
[   27.359114] rtc_cmos 00:00: alarms up to one day, 114 bytes nvram, hpet =
irqs
[   27.362452] i2c /dev entries driver
[   27.364884] i2c-parport-light: adapter type unspecified
[   27.366762] isa i2c-pca-isa.0: Please specify I/O base
[   27.370588] Marvell M88ALP01 'CAFE' Camera Controller version 2
[   27.372715] Colour QuickCam for Video4Linux v0.06
[   28.889001] No Quickcam found on port parport0
[   28.890546] Quickcam detection counter: 0
[   28.893530] input: AT Translated Set 2 keyboard as /devices/platform/i80=
42/serio0/input/input1
[   28.896521] evbug: Connected device: input1 (AT Translated Set 2 keyboar=
d at isa0060/serio0/input0)
[   28.932518] pps pps0: new PPS source ktimer
[   28.934135] pps pps0: ktimer PPS source registered
[   28.935805] pps_ldisc: PPS line discipline registered
[   28.937547] pps_parport: parallel port PPS client
[   28.939231] parport0: cannot grant exclusive access for device pps_parpo=
rt
[   28.941453] pps_parport: couldn't register with parport0
[   28.943349] Driver for 1-wire Dallas network protocol.
[   28.945384] 1-Wire driver for the DS2760 battery monitor  chip  - (c) 20=
04-2005, Szabolcs Gyurko
[   28.950315] applesmc: supported laptop not found!
[   28.951929] applesmc: driver init failed (ret=3D-19)!
[   28.955499] pc87360: PC8736x not detected, module not inserted
[   28.958182] Bluetooth: Virtual HCI driver ver 1.3
[   28.959841] Bluetooth: HCI UART driver ver 2.2
[   28.961441] Bluetooth: HCI BCSP protocol initialized
[   28.963094] Bluetooth: HCILL protocol initialized
[   28.964716] Bluetooth: HCI Three-wire UART (H5) protocol initialized
[   28.974825] ISDN subsystem Rev: 1.1.2.3/1.1.2.2/none/none/1.1.2.2
[   28.977586] Modular ISDN core version 1.1.29
[   28.979228] NET: Registered protocol family 34
[   28.980799] DSP module 2.0
[   28.981924] mISDN_dsp: DSP clocks every 80 samples. This equals 1 jiffie=
s.
[   28.986673] AVM Fritz PCI driver Rev. 2.3
[   28.988171] Infineon ISDN Driver Rev. 1.0
[   28.989703] Netjet PCI driver Rev. 2.0
[   28.991254] mISDNipac module version 2.0
[   28.992663] dss1_divert module successfully installed
[   28.994354] ICN-ISDN-driver Rev 1.65.6.8 mem=3D0x000d0000
[   28.996157] icn: (line0) ICN-2B, port 0x320 added
[   28.997757] PCBIT-D device driver v 0.5-fjpc0 19991204 - Copyright (C) 1=
996 Universidade de Lisboa
[   29.000726] Trying to detect board using default settings
[   29.002596] IBM Active 2000 ISDN driver
[   29.004183] act2000: No cards defined yet
[   29.005593] gigaset: Driver for Gigaset 307x (debug build)
[   29.007372] gigaset: ISDN4Linux interface
[   29.008883] cpufreq-nforce2: No nForce2 chipset.
[   29.011180] leds_ss4200: no LED devices found
[   29.012905] ledtrig-cpu: registered to indicate activity on CPUs
[   29.018408] dcdbas dcdbas: Dell Systems Management Base Driver (version =
5.6.0-3.2)
[   29.021092] cs5535-clockevt: Could not allocate MFGPT timer
[   29.025315] vme_user: VME User Space Access Driver
[   29.026948] vme_user: No cards, skipping registration
[   29.029833] zram: Created 1 device(s) ...
[   29.031447] Loading crystalhd 0.9.27
[   29.033143] input: Speakup as /devices/virtual/input/input2
[   29.035098] evbug: Connected device: input2 (Speakup at speakup/input0)
[   29.037448] initialized device: /dev/synth, node (MAJOR 10, MINOR 25)
[   29.039833] speakup 3.1.6: initialized
[   29.041300] synth name on entry is: (null)
[   29.043028] dgnc: dgnc-1.3-16, Digi International Part Number 40002369_F
[   29.045309] dgnc: For the tools package or updated drivers please visit =
http://www.digi.com
[   29.048614] dgap: dgap-1.3-16, Digi International Part Number 40002347_C
[   29.050908] dgap: For the tools package or updated drivers please visit =
http://www.digi.com
[   29.056328]  fake-fmc-carrier: mezzanine 0
[   29.057787]       Manufacturer: fake-vendor
[   29.059281]       Product name: fake-design-for-testing
[   29.061223] fmc fake-design-for-testing-f001: Driver has no ID: matches =
all
[   29.063395] fmc_write_eeprom fake-design-for-testing-f001: fmc_write_eep=
rom: no busid passed, refusing all cards
[   29.066709] fmc fake-design-for-testing-f001: Driver has no ID: matches =
all
[   29.069007] fmc_chardev fake-design-for-testing-f001: Created misc devic=
e "fake-design-for-testing-f001"
[   29.072328] NET: Registered protocol family 17
[   29.073966] NET: Registered protocol family 5
[   29.075609] NET: Registered protocol family 9
[   29.077148] X.25 for Linux Version 0.2
[   29.078610] can: controller area network core (rev 20120528 abi 9)
[   29.080837] NET: Registered protocol family 29
[   29.082399] can: raw protocol (rev 20120528)
[   29.083908] can: netlink gateway (rev 20130117) max_hops=3D1
[   29.085795] Bluetooth: BNEP (Ethernet Emulation) ver 1.3
[   29.087580] Bluetooth: BNEP filters: protocol=20
[   29.089143] Bluetooth: BNEP socket layer initialized
[   29.090856] Bluetooth: HIDP (Human Interface Emulation) ver 1.2
[   29.092768] Bluetooth: HIDP socket layer initialized
[   29.094446] NET4: DECnet for Linux: V.2.5.68s (C) 1995-2003 Linux DECnet=
 Project Team
[   29.097465] DECnet: Routing cache hash table of 256 buckets, 11Kbytes
[   29.099585] NET: Registered protocol family 12
[   29.101314] NET: Registered protocol family 35
[   29.102976] 8021q: 802.1Q VLAN Support v1.8
[   29.104690] Key type dns_resolver registered
[   29.106208] openvswitch: Open vSwitch switching datapath
[   29.108485] NET: Registered protocol family 40
[   29.110091] mpls_gso: MPLS GSO support
[   29.113713]=20
[   29.113713] printing PIC contents
[   29.115667] ... PIC  IMR: ffff
[   29.116895] ... PIC  IRR: 1153
[   29.118144] ... PIC  ISR: 0000
[   29.119352] ... PIC ELCR: 0c00
[   29.120620] printing local APIC contents on CPU#0/0:
[   29.122301] ... APIC ID:      00000000 (0)
[   29.123765] ... APIC VERSION: 00050014
[   29.125147] ... APIC TASKPRI: 00000000 (00)
[   29.126638] ... APIC PROCPRI: 00000000
[   29.128006] ... APIC LDR: 01000000
[   29.129304] ... APIC DFR: ffffffff
[   29.130571] ... APIC SPIV: 000001ff
[   29.130571] ... APIC ISR field:
[   29.130571] 000000000000000000000000000000000000000000000000000000000000=
0000
[   29.130571] ... APIC TMR field:
[   29.130571] 000000000220000000000000000000000000000000000000000000000000=
0000
[   29.130571] ... APIC IRR field:
[   29.130571] 000000000000000000000000000000000000000000000000000000000000=
8000
[   29.130571] ... APIC ESR: 00000000
[   29.130571] ... APIC ICR: 000008fb
[   29.130571] ... APIC ICR2: 02000000
[   29.130571] ... APIC LVTT: 000000ef
[   29.130571] ... APIC LVTPC: 00010000
[   29.130571] ... APIC LVT0: 00010700
[   29.130571] ... APIC LVT1: 00000400
[   29.130571] ... APIC LVTERR: 000000fe
[   29.130571] ... APIC TMICT: 0008fbcb
[   29.130571] ... APIC TMCCT: 00000000
[   29.130571] ... APIC TDCR: 00000003
[   29.130571]=20
[   29.162027] number of MP IRQ sources: 15.
[   29.163478] number of IO-APIC #0 registers: 24.
[   29.165027] testing the IO APIC.......................
[   29.166782] IO APIC #0......
[   29.167940] .... register #00: 00000000
[   29.169345] .......    : physical APIC id: 00
[   29.170884] .......    : Delivery Type: 0
[   29.172308] .......    : LTS          : 0
[   29.173740] .... register #01: 00170011
[   29.175125] .......     : max redirection entries: 17
[   29.176805] .......     : PRQ implemented: 0
[   29.178301] .......     : IO APIC version: 11
[   29.179803] .... register #02: 00000000
[   29.181270] .......     : arbitration: 00
[   29.182693] .... IRQ redirection table:
[   29.184118] 1    0    0   0   0    0    0    00
[   29.185696] 0    0    0   0   0    1    1    31
[   29.187291] 0    0    0   0   0    1    1    30
[   29.188861] 0    0    0   0   0    1    1    33
[   29.190492] 1    0    0   0   0    1    1    34
[   29.192065] 0    1    0   0   0    1    1    35
[   29.193665] 0    0    0   0   0    1    1    36
[   29.195229] 0    0    0   0   0    1    1    37
[   29.207374] 0    0    0   0   0    1    1    38
[   29.208955] 0    1    0   0   0    1    1    39
[   29.210583] 1    1    0   0   0    1    1    3A
[   29.212159] 1    1    0   0   0    1    1    3B
[   29.213749] 0    0    0   0   0    1    1    3C
[   29.215334] 0    0    0   0   0    1    1    3D
[   29.216910] 0    0    0   0   0    1    1    3E
[   29.218498] 0    0    0   0   0    1    1    3F
[   29.220139] 1    0    0   0   0    0    0    00
[   29.221731] 1    0    0   0   0    0    0    00
[   29.223295] 1    0    0   0   0    0    0    00
[   29.224862] 1    0    0   0   0    0    0    00
[   29.226474] 1    0    0   0   0    0    0    00
[   29.228058] 1    0    0   0   0    0    0    00
[   29.229634] 1    0    0   0   0    0    0    00
[   29.231262] 1    0    0   0   0    0    0    00
[   29.232809] IRQ to pin mappings:
[   29.234079] IRQ0 -> 0:2
[   29.235456] IRQ1 -> 0:1
[   29.236842] IRQ3 -> 0:3
[   29.238241] IRQ4 -> 0:4
[   29.239607] IRQ5 -> 0:5
[   29.241061] IRQ6 -> 0:6
[   29.242437] IRQ7 -> 0:7
[   29.243824] IRQ8 -> 0:8
[   29.245208] IRQ9 -> 0:9
[   29.246612] IRQ10 -> 0:10
[   29.248035] IRQ11 -> 0:11
[   29.249471] IRQ12 -> 0:12
[   29.250928] IRQ13 -> 0:13
[   29.252356] IRQ14 -> 0:14
[   29.253788] IRQ15 -> 0:15
[   29.255212] .................................... done.
[   29.256934] Using IPI No-Shortcut mode
[   29.258823] registered taskstats version 1
[   29.261214] Key type trusted registered
[   29.263914] Key type encrypted registered
[   29.268211] hd: no drives specified - use hd=3Dcyl,head,sectors on kerne=
l command line
[   29.271240] BIOS EDD facility v0.16 2004-Jun-25, 0 devices found
[   29.273149] EDD information not available.
[   29.274743] ### dt-test ### No testcase data in device tree; not running=
 tests
[   29.282568] Freeing unused kernel memory: 2044K (c275a000 - c2959000)
[   29.285772] Write protecting the kernel text: 14112k
[   29.288900] Write protecting the kernel read-only data: 7784k
[   59.076593] init: Failed to create pty - disabling logging for job
[   59.079366] init: Temporary process spawn error: No such file or directo=
ry
[   59.139328] init: Failed to create pty - disabling logging for job
[   59.142270] init: Temporary process spawn error: No such file or directo=
ry
[   59.281954] (stc): gdata/new_proto/recv or reg_complete_cb not ready
[   59.283877] fmdrv: Failed to get ST write func pointer
[   59.286200] (stc):  chnl_id 8 not supported
[   59.287370] fmdrv: st_unregister failed -93
[   59.289403] fmdrv: Unable to prepare FM CORE
[   59.301621] init: Failed to create pty - disabling logging for job
[   59.304070] init: Temporary process spawn error: No such file or directo=
ry
[   59.327994] init: Failed to create pty - disabling logging for job
[   59.331096] init: Temporary process spawn error: No such file or directo=
ry
[   59.351210] init: Failed to create pty - disabling logging for job
[   59.353724] init: Temporary process spawn error: No such file or directo=
ry
[   59.369440] init: udev-fallback-graphics main process (3490) terminated =
with status 1
[   59.453736] init: failsafe main process (3478) killed by TERM signal
[   59.501415] init: networking main process (3500) terminated with status 1
[   59.611591] init: Failed to create pty - disabling logging for job
[   59.613913] init: Temporary process spawn error: No such file or directo=
ry
[   59.628995] init: Failed to create pty - disabling logging for job
[   59.631651] init: Temporary process spawn error: No such file or directo=
ry
[   59.645428] init: Failed to create pty - disabling logging for job
[   59.647923] init: Temporary process spawn error: No such file or directo=
ry
[   59.664741] init: Failed to create pty - disabling logging for job
[   59.667412] init: Temporary process spawn error: No such file or directo=
ry
[   59.685582] init: Failed to create pty - disabling logging for job
[   59.688146] init: Temporary process spawn error: No such file or directo=
ry
Kernel tests: Boot OK!
[   89.500806] init: Failed to create pty - disabling logging for job
[   89.503384] init: Temporary process spawn error: No such file or directo=
ry
[   89.788224] init: rc main process (3523) killed by TERM signal
[   89.812186] init: tty4 main process (3524) killed by TERM signal
[   89.816578] init: tty5 main process (3525) killed by TERM signal
[   89.821230] init: tty2 main process (3526) killed by TERM signal
[   89.825669] init: tty3 main process (3527) killed by TERM signal
[   89.831001] init: hwclock-save main process (3555) terminated with statu=
s 70
[   89.835504] init: plymouth-upstart-bridge main process (3556) terminated=
 with status 1
[   89.986606] init: tty6 main process (3529) killed by TERM signal
[   91.414086] BUG: Bad page map in process killall5  pte:cf17e720 pmd:05a2=
2067
[   91.416626] addr:bfc00000 vm_flags:00100173 anon_vma:cf128c80 mapping:  =
(null) index:bfff0
[   91.419402] CPU: 0 PID: 3574 Comm: killall5 Not tainted 3.12.0-rc1-00010=
-g5fbc0a6 #24
[   91.422171] Hardware name: Bochs Bochs, BIOS Bochs 01/01/2011
[   91.423998]  00000000 00000000 c0199e34 c1db5db4 00000000 c0199e54 c10e7=
2d4 000bfff0
[   91.427933]  00000000 bfc00000 00000000 000cf17e cf17e720 c0199e74 c10e7=
995 00000000
[   91.431940]  bfc00000 cf1ca190 bfc00000 cf180000 cf1ca190 c0199ee0 c10eb=
8cf ce6d1900
[   91.435894] Call Trace:
[   91.436969]  [<c1db5db4>] dump_stack+0x4b/0x66
[   91.438503]  [<c10e72d4>] print_bad_pte+0x14b/0x162
[   91.440204]  [<c10e7995>] vm_normal_page+0x67/0x9b
[   91.441811]  [<c10eb8cf>] munlock_vma_pages_range+0xf9/0x176
[   91.443633]  [<c10ede09>] exit_mmap+0x86/0xf7
[   91.445156]  [<c10885b8>] ? lock_release+0x169/0x1ef
[   91.446795]  [<c113e5b6>] ? rcu_read_unlock+0x17/0x23
[   91.448465]  [<c113effe>] ? exit_aio+0x2b/0x6c
[   91.449990]  [<c103d4b0>] mmput+0x6a/0xcb
[   91.451508]  [<c104141a>] do_exit+0x362/0x8be
[   91.453013]  [<c105d280>] ? hrtimer_debug_hint+0xd/0xd
[   91.454700]  [<c10419f8>] do_group_exit+0x51/0x9e
[   91.456296]  [<c1041a5b>] SyS_exit_group+0x16/0x16
[   91.457901]  [<c1dc6719>] sysenter_do_call+0x12/0x33
[   91.459553] Disabling lock debugging due to kernel taint

BUG: kernel test oops
Elapsed time: 100
qemu-system-x86_64 -cpu kvm64 -enable-kvm -kernel /kernel/i386-randconfig-r=
0-0923/5fbc0a6263a147cde905affbfb6622c26684344f/vmlinuz-3.12.0-rc1-00010-g5=
fbc0a6 -append 'hung_task_panic=3D1 rcutree.rcu_cpu_stall_timeout=3D100 log=
_buf_len=3D8M ignore_loglevel debug sched_debug apic=3Ddebug dynamic_printk=
 sysrq_always_enabled panic=3D10  prompt_ramdisk=3D0 console=3DttyS0,115200=
 console=3Dtty0 vga=3Dnormal  root=3D/dev/ram0 rw link=3D/kernel-tests/run-=
queue/kvm/i386-randconfig-r0-0923/devel-roam-i386-201309231807/.vmlinuz-5fb=
c0a6263a147cde905affbfb6622c26684344f-20130923182124-4-lkp-tt02 branch=3Dli=
nux-devel/devel-roam-i386-201309231807 BOOT_IMAGE=3D/kernel/i386-randconfig=
-r0-0923/5fbc0a6263a147cde905affbfb6622c26684344f/vmlinuz-3.12.0-rc1-00010-=
g5fbc0a6'  -initrd /kernel-tests/initrd/quantal-core-i386.cgz -m 256M -smp =
2 -net nic,vlan=3D0,macaddr=3D00:00:00:00:00:00,model=3Dvirtio -net user,vl=
an=3D0,hostfwd=3Dtcp::9441-:22 -net nic,vlan=3D1,model=3De1000 -net user,vl=
an=3D1 -boot order=3Dnc -no-reboot -watchdog i6300esb -pidfile /dev/shm/kbo=
ot/pid-lkp-tt02-lkp-5345 -serial file:/dev/shm/kboot/serial-lkp-tt02-lkp-53=
45 -daemonize -display none -monitor null=20

--+QahgC5+KEYLbs62
Content-Type: application/octet-stream
Content-Disposition: attachment; filename="bisect-5fbc0a6263a147cde905affbfb6622c26684344f-i386-randconfig-r0-0923-BUG:-Bad-page-map-in-process-13263.log"
Content-Transfer-Encoding: base64

Z2l0IGNoZWNrb3V0IDI3MmI5OGM2NDU1ZjAwODg0ZjAzNTBmNzc1YzUzNDIzNThlYmI3M2YK
UHJldmlvdXMgSEVBRCBwb3NpdGlvbiB3YXMgNWZiYzBhNi4uLiBNZXJnZSByZW1vdGUtdHJh
Y2tpbmcgYnJhbmNoICdwaW5jdHJsL2Zvci1uZXh0JyBpbnRvIGtidWlsZF90bXAKSEVBRCBp
cyBub3cgYXQgMjcyYjk4Yy4uLiBMaW51eCAzLjEyLXJjMQpscyAtYSAva2VybmVsLXRlc3Rz
L3J1bi1xdWV1ZS9rdm0vaTM4Ni1yYW5kY29uZmlnLXIwLTA5MjMvbGludXgtZGV2ZWw6ZGV2
ZWwtcm9hbS1pMzg2LTIwMTMwOTIzMTgwNzoyNzJiOThjNjQ1NWYwMDg4NGYwMzUwZjc3NWM1
MzQyMzU4ZWJiNzNmOmJpc2VjdC1uZXQKCjIwMTMtMDktMjMtMTg6NDA6MDcgMjcyYjk4YzY0
NTVmMDA4ODRmMDM1MGY3NzVjNTM0MjM1OGViYjczZiByZXVzZSAva2VybmVsL2kzODYtcmFu
ZGNvbmZpZy1yMC0wOTIzLzI3MmI5OGM2NDU1ZjAwODg0ZjAzNTBmNzc1YzUzNDIzNThlYmI3
M2Yvdm1saW51ei0zLjEyLjAtcmMxCgoyMDEzLTA5LTIzLTE4OjQwOjA3IGRldGVjdGluZyBi
b290IHN0YXRlIC4uCTIJNQkxNwkyNgkyOAkzMwk0MAk1Mwk1NyBURVNUIEZBSUxVUkUKG1sx
OzM1bUluY3JlYXNpbmcgcmVwZWF0IGNvdW50IGZyb20gMzcwIHRvIDQ5NRtbMG0KQlVHOiBr
ZXJuZWwgZWFybHkgaGFuZyB3aXRob3V0IGFueSBwcmludGsgb3V0cHV0CkNvbW1hbmQgbGlu
ZTogaHVuZ190YXNrX3BhbmljPTEgcmN1dHJlZS5yY3VfY3B1X3N0YWxsX3RpbWVvdXQ9MTAw
IGxvZ19idWZfbGVuPThNIGlnbm9yZV9sb2dsZXZlbCBkZWJ1ZyBzY2hlZF9kZWJ1ZyBhcGlj
PWRlYnVnIGR5bmFtaWNfcHJpbnRrIHN5c3JxX2Fsd2F5c19lbmFibGVkIHBhbmljPTEwICBw
cm9tcHRfcmFtZGlzaz0wIGNvbnNvbGU9dHR5UzAsMTE1MjAwIGNvbnNvbGU9dHR5MCB2Z2E9
bm9ybWFsICByb290PS9kZXYvcmFtMCBydyBsaW5rPS9rZXJuZWwtdGVzdHMvcnVuLXF1ZXVl
L2t2bS9pMzg2LXJhbmRjb25maWctcjAtMDkyMy9tNjhrbm9tbXU6Y2ZtbXUvLnZtbGludXot
MjcyYjk4YzY0NTVmMDA4ODRmMDM1MGY3NzVjNTM0MjM1OGViYjczZi0yMDEzMDkyMzE1MjEz
MC00LWFudCBicmFuY2g9bTY4a25vbW11L2NmbW11IEJPT1RfSU1BR0U9L2tlcm5lbC9pMzg2
LXJhbmRjb25maWctcjAtMDkyMy8yNzJiOThjNjQ1NWYwMDg4NGYwMzUwZjc3NWM1MzQyMzU4
ZWJiNzNmL3ZtbGludXotMy4xMi4wLXJjMSBub2FwaWMgbm9sYXBpYyBub2h6PW9mZgpFYXJs
eSBoYW5nIGtlcm5lbDogdm1saW51ei0zLjEyLjAtcmMxIDMuMTIuMC1yYzEgIzkKL2tlcm5l
bC9pMzg2LXJhbmRjb25maWctcjAtMDkyMy8yNzJiOThjNjQ1NWYwMDg4NGYwMzUwZjc3NWM1
MzQyMzU4ZWJiNzNmL2RtZXNnLXF1YW50YWwtbGtwLXN0MDEtODoyMDEzMDkyMzE4NDUxNzoz
LjEyLjAtcmMxOjkKCmJpc2VjdDogYmFkIGNvbW1pdCAyNzJiOThjNjQ1NWYwMDg4NGYwMzUw
Zjc3NWM1MzQyMzU4ZWJiNzNmCmdpdCBjaGVja291dCB2My4xMQpQcmV2aW91cyBIRUFEIHBv
c2l0aW9uIHdhcyAyNzJiOThjLi4uIExpbnV4IDMuMTItcmMxCkhFQUQgaXMgbm93IGF0IDZl
NDY2NDUuLi4gTGludXggMy4xMQpscyAtYSAva2VybmVsLXRlc3RzL3J1bi1xdWV1ZS9rdm0v
aTM4Ni1yYW5kY29uZmlnLXIwLTA5MjMvbGludXgtZGV2ZWw6ZGV2ZWwtcm9hbS1pMzg2LTIw
MTMwOTIzMTgwNzo2ZTQ2NjQ1MjViMWRiMjhmOGM0ZTExMzA5NTdmNzBhOTRjMTkyMTNlOmJp
c2VjdC1uZXQKCjIwMTMtMDktMjMtMTg6NDU6NDQgNmU0NjY0NTI1YjFkYjI4ZjhjNGUxMTMw
OTU3ZjcwYTk0YzE5MjEzZSBjb21waWxpbmcKNDQxIHJlYWwgIDIyNDYgdXNlciAgMTk2IHN5
cyAgNTUzLjIxJSBjcHUgCWkzODYtcmFuZGNvbmZpZy1yMC0wOTIzCgoyMDEzLTA5LTIzLTE4
OjU1OjE0IGRldGVjdGluZyBib290IHN0YXRlIDMuMTEuMC4JMwk0CTEyCTE1CTI2CTM5CTQ1
CTU1CTY0CTc2CTg0CTg5CTkyCTkzCTk0CTEwNQkxMTEuCTExMgkxNTgJMTcxCTE3OQkxODkJ
MjA1CTIxNQkyMzEJMjUyCTI2MgkyODIJMjkwCTMxMAkzMjgJMzQ0CTM1NQkzNjYJMzgwCTM5
NAk0MTUJNDQ3CTQ2Mgk0NjgJNDc3Li4uLi4uLi4uCTQ3OC4uLi4uLi4uLi4uLi4uLi4uLi4u
Li4uLi4uLi4uLi4uLi4uLi4uLi4uLi4uLi4uLi4uLi4uLi4uLi4uLi4uLi4uLi4uLi4uLi4u
Li4uLi4uLi4uLi4uLi4uLi4uLi4uLi4uLi4uLi4uLi4uLi4uLi4uLi4uLi4uLi4uLi4uLi4u
Li4uLi4uLi4uLi4uLi4uLi4uLi4uLi4uLi4uLi4uLi4uLi4uLi4uLi4uLi4uLi4uLi4uLi4u
Li4uLi4uLi4uLi4uLi4uLi4uLi4uLi4uLi4uLi4uLi4uLi4uLi4uLi4uLi4uLi4uLi4uLi4u
Li4uLi4uLi4uLi4uLi4uLi4uLi4uLi4uLi4uLi4uLi4uLi4uLi4uLi4uLi4uLi4uLi4uLi4u
Li4uLi4uLi4uLi4bWzE7MzVtYWRkX3RvX3J1bl9xdWV1ZSAxNxtbMG0KLi4uCTQ3OS4uCTQ4
MQk0ODIuLi4JNDgzLgk0ODQuLi4uLi4uLgk0ODUuLi4uLi4JNDg2Li4uLgk0ODcuLi4JNDg4
Li4JNDg5Li4JNDkwLgk0OTMuLi4uCTQ5NC4uLi4JNDk1IFNVQ0NFU1MKCmJpc2VjdDogZ29v
ZCBjb21taXQgdjMuMTEKZ2l0IGJpc2VjdCBzdGFydCAyNzJiOThjNjQ1NWYwMDg4NGYwMzUw
Zjc3NWM1MzQyMzU4ZWJiNzNmIHYzLjExIC0tClByZXZpb3VzIEhFQUQgcG9zaXRpb24gd2Fz
IDZlNDY2NDUuLi4gTGludXggMy4xMQpTd2l0Y2hlZCB0byBicmFuY2ggJ21hc3RlcicKWW91
ciBicmFuY2ggaXMgYmVoaW5kICdvcmlnaW4vbWFzdGVyJyBieSA0MTIxMyBjb21taXRzLCBh
bmQgY2FuIGJlIGZhc3QtZm9yd2FyZGVkLgogICh1c2UgImdpdCBwdWxsIiB0byB1cGRhdGUg
eW91ciBsb2NhbCBicmFuY2gpCkJpc2VjdGluZzogNTA5NCByZXZpc2lvbnMgbGVmdCB0byB0
ZXN0IGFmdGVyIHRoaXMgKHJvdWdobHkgMTIgc3RlcHMpCls1N2Q3MzA5MjRkNWNjMmMzZTI4
MGFmMTZhOTMwNjU4N2MzYTUxMWRiXSBNZXJnZSBicmFuY2ggJ3RpbWVycy11cmdlbnQtZm9y
LWxpbnVzJyBvZiBnaXQ6Ly9naXQua2VybmVsLm9yZy9wdWIvc2NtL2xpbnV4L2tlcm5lbC9n
aXQvdGlwL3RpcApnaXQgYmlzZWN0IHJ1biAvYy9rZXJuZWwtdGVzdHMvYmlzZWN0LXRlc3Qt
Ym9vdC1mYWlsdXJlLnNoIC9ob21lL3dmZy9uZXQvb2JqLWJpc2VjdApydW5uaW5nIC9jL2tl
cm5lbC10ZXN0cy9iaXNlY3QtdGVzdC1ib290LWZhaWx1cmUuc2ggL2hvbWUvd2ZnL25ldC9v
YmotYmlzZWN0CmxzIC1hIC9rZXJuZWwtdGVzdHMvcnVuLXF1ZXVlL2t2bS9pMzg2LXJhbmRj
b25maWctcjAtMDkyMy9saW51eC1kZXZlbDpkZXZlbC1yb2FtLWkzODYtMjAxMzA5MjMxODA3
OjU3ZDczMDkyNGQ1Y2MyYzNlMjgwYWYxNmE5MzA2NTg3YzNhNTExZGI6YmlzZWN0LW5ldAoK
MjAxMy0wOS0yMy0yMjoyMToyNSA1N2Q3MzA5MjRkNWNjMmMzZTI4MGFmMTZhOTMwNjU4N2Mz
YTUxMWRiIGNvbXBpbGluZwozMjMgcmVhbCAgMjQxNSB1c2VyICAyMDMgc3lzICA4MTAuNDUl
IGNwdSAJaTM4Ni1yYW5kY29uZmlnLXIwLTA5MjMKCjIwMTMtMDktMjMtMjI6Mjc6MDAgZGV0
ZWN0aW5nIGJvb3Qgc3RhdGUgMy4xMS4wLTA1MDU4LWc1N2Q3MzA5LgkxLgk0CTcJOAk5CTEw
CTExCTEzCTE1LgkxNwkxOAkxOQkyMC4uCTIxLi4JMjIuCTIzCTI0LgkyNQkyNwkyOC4JMjku
LgkzMAkzMS4uLi4JMzIuCTM0LgkzNS4uLi4uLi4uLi4uLgkzNgkzNy4JMzgJMzkJNDAuCTQy
Lgk0My4JNDQuCTQ2CTQ4CTQ5Li4uLgk1Ngk2Mwk2Ngk2Ny4uLgk3MQk3Mgk3NAk3Ngk3OC4u
CTgxCTg0CTg1CTk0CTEwMAkxMTAJMTE3CTEyMwkxMzAJMTM1CTEzOQkxNDgJMTUyCTE2MAkx
NjcJMTY5CTE3MgkxNzYJMTc5CTE4MQkxODQJMTg3CTE5MAkxOTQJMTk3LgkxOTguCTIwMC4J
MjAxCTIwMy4JMjA0CTIwNgkyMDcuCTIwOAkyMTAJMjE0CTIyMQkyMjgJMjM5CTI2MAkyNjYJ
Mjc4CTI5MwkzMDEJMzEyCTMxNQkzMzMJMzU5CTM3NAkzODYJMzk5CTQxOQk0MzYJNDQ0CTQ1
MAk0NjIJNDY3CTQ3MC4uLi4uLi4uLi4uLi4uLi4uLi4uLi4uLi4uLi4uLi4uLi4uLi4uLi4u
Li4uLi4uLi4uLi4uLi4uLi4uLi4uLi4uLi4uLi4uLi4uLi4uLi4uLi4uLi4uLi4uLi4uLi4u
Li4uLi4uLi4uLi4uLi4uLi4uLi4uLi4uLi4uLi4uLi4uLi4uLi4uLi4uLi4uLi4uLi4uLi4u
Li4uLi4uLi4uLi4uLi4uLi4uLi4uLi4uLi4uLi4uLi4uLi4uLi4uLi4uLi4uLi4uLi4uLi4u
Li4uLi4uLi4uLi4uLi4uLi4uLi4uLi4uLi4uLi4uLi4uLi4uLi4uLi4uLi4uLi4uLi4uLi4u
Li4uLi4uLi4uLi4uLi4uLi4uLi4uLi4uLi4uLi4uLi4uLi4uLi4uLi4uLi4bWzE7MzVtYWRk
X3RvX3J1bl9xdWV1ZSAyNRtbMG0KCTQ3MQk0NzMJNDc4CTQ3OQk0ODUJNDkyLi4uLgk0OTQu
Li4JNDk1IFNVQ0NFU1MKCkJpc2VjdGluZzogMjUzMyByZXZpc2lvbnMgbGVmdCB0byB0ZXN0
IGFmdGVyIHRoaXMgKHJvdWdobHkgMTEgc3RlcHMpClsyN2M3NjUxYTZhNWYxNDNlY2NkNjZk
YjM4YzdhMzAzNWUxZjhiY2ZiXSBNZXJnZSB0YWcgJ2dwaW8tdjMuMTItMScgb2YgZ2l0Oi8v
Z2l0Lmtlcm5lbC5vcmcvcHViL3NjbS9saW51eC9rZXJuZWwvZ2l0L2xpbnVzdy9saW51eC1n
cGlvCnJ1bm5pbmcgL2Mva2VybmVsLXRlc3RzL2Jpc2VjdC10ZXN0LWJvb3QtZmFpbHVyZS5z
aCAvaG9tZS93ZmcvbmV0L29iai1iaXNlY3QKbHMgLWEgL2tlcm5lbC10ZXN0cy9ydW4tcXVl
dWUva3ZtL2kzODYtcmFuZGNvbmZpZy1yMC0wOTIzL2xpbnV4LWRldmVsOmRldmVsLXJvYW0t
aTM4Ni0yMDEzMDkyMzE4MDc6MjdjNzY1MWE2YTVmMTQzZWNjZDY2ZGIzOGM3YTMwMzVlMWY4
YmNmYjpiaXNlY3QtbmV0CgoyMDEzLTA5LTI0LTAyOjIxOjA3IDI3Yzc2NTFhNmE1ZjE0M2Vj
Y2Q2NmRiMzhjN2EzMDM1ZTFmOGJjZmIgY29tcGlsaW5nCjI4MyByZWFsICAyMzY4IHVzZXIg
IDE5OSBzeXMgIDkwNC44MSUgY3B1IAlpMzg2LXJhbmRjb25maWctcjAtMDkyMwoyMDEzLTA5
LTI0LTAyOjI1OjU5IDI3Yzc2NTFhNmE1ZjE0M2VjY2Q2NmRiMzhjN2EzMDM1ZTFmOGJjZmIg
U0tJUCBCUk9LRU4gQlVJTEQKQ2hlY2sgZXJyb3MgaW4gL2NjL3dmZy9uZXQtYmlzZWN0IGFu
ZCAvdG1wL2tlcm5lbC9pMzg2LXJhbmRjb25maWctcjAtMDkyMy8yN2M3NjUxYTZhNWYxNDNl
Y2NkNjZkYjM4YzdhMzAzNWUxZjhiY2ZiCkJpc2VjdGluZzogMjUzMyByZXZpc2lvbnMgbGVm
dCB0byB0ZXN0IGFmdGVyIHRoaXMgKHJvdWdobHkgMTEgc3RlcHMpCls3MzA5ZTUwMjJiZGQ2
ZmUxMzEyNGQ0MmE2YjdjZjA1NDMxMTAzMGEwXSBNQUlOVEFJTkVSUzogdXBkYXRlIGF0aDZr
bCBnaXQgbG9jYXRpb24KcnVubmluZyAvYy9rZXJuZWwtdGVzdHMvYmlzZWN0LXRlc3QtYm9v
dC1mYWlsdXJlLnNoIC9ob21lL3dmZy9uZXQvb2JqLWJpc2VjdApscyAtYSAva2VybmVsLXRl
c3RzL3J1bi1xdWV1ZS9rdm0vaTM4Ni1yYW5kY29uZmlnLXIwLTA5MjMvbGludXgtZGV2ZWw6
ZGV2ZWwtcm9hbS1pMzg2LTIwMTMwOTIzMTgwNzo3MzA5ZTUwMjJiZGQ2ZmUxMzEyNGQ0MmE2
YjdjZjA1NDMxMTAzMGEwOmJpc2VjdC1uZXQKCjIwMTMtMDktMjQtMDI6MjY6MDYgNzMwOWU1
MDIyYmRkNmZlMTMxMjRkNDJhNmI3Y2YwNTQzMTEwMzBhMCBjb21waWxpbmcKMjUwIHJlYWwg
IDIzMTkgdXNlciAgMTkzIHN5cyAgMTAwMi4wNCUgY3B1IAlpMzg2LXJhbmRjb25maWctcjAt
MDkyMwoyMDEzLTA5LTI0LTAyOjMwOjI2IDczMDllNTAyMmJkZDZmZTEzMTI0ZDQyYTZiN2Nm
MDU0MzExMDMwYTAgU0tJUCBCUk9LRU4gQlVJTEQKQ2hlY2sgZXJyb3MgaW4gL2NjL3dmZy9u
ZXQtYmlzZWN0IGFuZCAvdG1wL2tlcm5lbC9pMzg2LXJhbmRjb25maWctcjAtMDkyMy83MzA5
ZTUwMjJiZGQ2ZmUxMzEyNGQ0MmE2YjdjZjA1NDMxMTAzMGEwCkJpc2VjdGluZzogMjUzMyBy
ZXZpc2lvbnMgbGVmdCB0byB0ZXN0IGFmdGVyIHRoaXMgKHJvdWdobHkgMTEgc3RlcHMpClsz
YmIyMmVjNTNlMmJkMTJhMjQxZWQ4NDM1OWJmZmQ1OTFhNDBhYjg3XSBzdGFnaW5nL2x1c3Ry
ZS9wdGxycGM6IGNvbnZlcnQgdG8gbmV3IHNocmlua2VyIEFQSQpydW5uaW5nIC9jL2tlcm5l
bC10ZXN0cy9iaXNlY3QtdGVzdC1ib290LWZhaWx1cmUuc2ggL2hvbWUvd2ZnL25ldC9vYmot
YmlzZWN0CmxzIC1hIC9rZXJuZWwtdGVzdHMvcnVuLXF1ZXVlL2t2bS9pMzg2LXJhbmRjb25m
aWctcjAtMDkyMy9saW51eC1kZXZlbDpkZXZlbC1yb2FtLWkzODYtMjAxMzA5MjMxODA3OjNi
YjIyZWM1M2UyYmQxMmEyNDFlZDg0MzU5YmZmZDU5MWE0MGFiODc6YmlzZWN0LW5ldAoKMjAx
My0wOS0yNC0wMjozMDoyOSAzYmIyMmVjNTNlMmJkMTJhMjQxZWQ4NDM1OWJmZmQ1OTFhNDBh
Yjg3IGNvbXBpbGluZwoyOTMgcmVhbCAgMjM5MCB1c2VyICAyMDAgc3lzICA4ODEuNTglIGNw
dSAJaTM4Ni1yYW5kY29uZmlnLXIwLTA5MjMKCjIwMTMtMDktMjQtMDI6MzU6MzcgZGV0ZWN0
aW5nIGJvb3Qgc3RhdGUgMy4xMS4wLTA4NzYyLWczYmIyMmVjLi4uLi4uCTIuCTMJNAk1Li4u
CTYuLi4uLgk3CTkuCTE1CTI1CTQxCTU3CTc0CTk0CTEwOQkxMzAJMTU5CTE4MQkyMDAJMjI3
CTI1MQkyNjYJMjkxCTMxNgkzMzEJMzM5CTM1NwkzNjQJMzg3CTQwMAk0MTQJNDMzCTQ0MQk0
NDQuCTQ1MQk0NTYuLi4uLi4uLi4uLi4uLi4uLi4uLi4uLi4uLi4uLi4uLi4uLi4uLi4uLi4u
Li4uLi4uLi4uLi4uLi4uLi4uLi4uLi4uLi4uLi4uLi4uLi4uLi4uLgk0NTcuLi4JNDU4Li4u
Lgk0NTkuLi4JNDYwLi4uLi4uLi4uLi4uLi4uLi4uLi4uLi4uLi4uLi4uLi4uLi4uLi4uLi4u
Li4uLi4uLi4uLi4uLi4uLi4uLi4uLi4uLi4uLi4uLi4uLi4uLi4uLi4uLi4uLi4uLi4uLi4u
Li4uLi4uLi4uLi4uLi4uLi4uLi4uLi4uLi4uLi4uLi4uLi4uLi4uLi4uLi4uLi4uLi4uLi4u
Li4uLi4uLi4uLi4uLi4uLi4uLi4uLi4uLi4uLi4uLi4uLi4uLi4uLi4uLi4uLi4uLi4uLi4u
Li4uLi4uLi4uLi4uLi4uLi4uLi4uLi4uLi4uLi4uLi4uLi4uLi4uLi4uLi4uLi4uLi4uLi4u
Li4uLi4uLi4uLi4uLi4uLi4uLi4uLi4uLi4uLi4uLi4uLi4uLi4uLi4uLhtbMTszNW1hZGRf
dG9fcnVuX3F1ZXVlIDM1G1swbQouLi4uCTQ2MS4uLi4uLi4uLgk0NjQJNDY2CTQ2OAk0NzIJ
NDc3CTQ4NAk0ODguLi4uLi4uLi4uLi4uLi4uLi4uLi4uLi4uLi4uLi4uLi4uLi4uLi4uLi4u
Li4uLi4uLi4uLi4uLi4uLi4uLi4uLi4uLi4uLi4uLi4uLi4uLi4uLi4uLi4uLi4uLi4uLi4u
Li4uLi4uLi4uLi4uLi4uLi4uLi4uLi4uLi4uLi4uLi4uLi4uLi4uLi4uLi4uLi4uLi4uLi4u
Li4uLi4uLi4uLi4uLi4uLi4uLi4uLi4uLi4uLi4uLi4uLi4uLi4uLi4uLi4uLi4uLi4uLi4u
Li4uLi4uLi4uLi4uLi4uLi4uLi4uLi4uLi4uLi4uLi4uLi4uLi4uLi4uLi4uLi4uLi4uLi4u
Li4uLi4uLi4uLi4uLi4uLi4uLi4uLi4uLi4uLi4uLi4uLi4uLi4uLi4uG1sxOzM1bWFkZF90
b19ydW5fcXVldWUgNxtbMG0KLi4uLi4JNDg5Li4uLi4uLi4uLgk0OTAuLi4uLi4uLi4uLi4u
Li4uLi4uLi4uLi4JNDkxLi4uCTQ5Mi4uLi4uLi4uCTQ5My4uLi4uLi4uLi4uLi4uLi4uLi4u
Li4uLi4uLi4uLi4uLi4uLi4uLi4uLi4uLi4uLi4uLi4uLi4uLi4uLi4uLi4uLi4uLi4uLi4u
Li4uLi4uLi4uLi4uLi4uLi4uLi4uLi4uLi4uLi4uLi4uLi4uLi4uLi4uLi4uLi4uLi4uLi4u
Li4uLi4uLi4uLi4uLi4uLi4uLi4uLi4uLi4uLi4uLi4uLi4uLi4uLi4uLi4uLi4uLi4uLi4u
Li4uLi4uLi4uLi4uLi4uLi4uLi4uLi4uLi4uLi4uLi4uLi4uLi4uLi4uLi4uLi4uLi4uLi4u
Li4uLi4uLi4uLi4uLi4uLi4uLi4uLi4uLi4uLi4uLi4uLi4uLi4uLi4uLi4uLi4uLi4uLi4u
Li4uLi4uLi4uLi4bWzE7MzVtYWRkX3RvX3J1bl9xdWV1ZSAyG1swbQouLi4uLi4JNDk1IFNV
Q0NFU1MKCkJpc2VjdGluZzogNjk0IHJldmlzaW9ucyBsZWZ0IHRvIHRlc3QgYWZ0ZXIgdGhp
cyAocm91Z2hseSAxMCBzdGVwcykKW2E1YjdjODdmOTIwNzYzNTJkYmZmMmZlMDQyM2VjMjU1
ZTFjOWE3MWJdIHZtc2NhbiwgbWVtY2c6IGRvIHNvZnRsaW1pdCByZWNsYWltIGFsc28gZm9y
IHRhcmdldGVkIHJlY2xhaW0KcnVubmluZyAvYy9rZXJuZWwtdGVzdHMvYmlzZWN0LXRlc3Qt
Ym9vdC1mYWlsdXJlLnNoIC9ob21lL3dmZy9uZXQvb2JqLWJpc2VjdApscyAtYSAva2VybmVs
LXRlc3RzL3J1bi1xdWV1ZS9rdm0vaTM4Ni1yYW5kY29uZmlnLXIwLTA5MjMvbGludXgtZGV2
ZWw6ZGV2ZWwtcm9hbS1pMzg2LTIwMTMwOTIzMTgwNzphNWI3Yzg3ZjkyMDc2MzUyZGJmZjJm
ZTA0MjNlYzI1NWUxYzlhNzFiOmJpc2VjdC1uZXQKCjIwMTMtMDktMjQtMTI6MDM6MzAgYTVi
N2M4N2Y5MjA3NjM1MmRiZmYyZmUwNDIzZWMyNTVlMWM5YTcxYiBjb21waWxpbmcKNDA3IHJl
YWwgIDIzNDAgdXNlciAgMjA5IHN5cyAgNjI1LjYxJSBjcHUgCWkzODYtcmFuZGNvbmZpZy1y
MC0wOTIzCgoyMDEzLTA5LTI0LTEyOjEwOjMzIGRldGVjdGluZyBib290IHN0YXRlIDMuMTEu
MC0wOTQyNC1nYTViN2M4Ny4uCTIJNC4JNQk5CTEwCTEyCTE1CTE4CTIxCTIzCTI3CTI5CTMx
IFRFU1QgRkFJTFVSRQpbICAgNDEuNzAxNzM0XSBwdDogTm8gQVRBUEkgdGFwZSBkcml2ZSBk
ZXRlY3RlZApbICAgNDEuNzA0NjE1XSBwZzogcGcgdmVyc2lvbiAxLjAyLCBtYWpvciA5Nwpb
ICAgNDUuODgwMDQyXSBJTkZPOiByY3Vfc2NoZWQgc2VsZi1kZXRlY3RlZCBzdGFsbCBvbiBD
UFUgeyAxfSAgKHQ9MjEwMCBqaWZmaWVzIGc9NDI5NDk2NzI0OSBjPTQyOTQ5NjcyNDggcT0w
KQpbICAgNDUuODgwMDQyXSBzZW5kaW5nIE5NSSB0byBhbGwgQ1BVczoKWyAgIDQ1Ljg4MDA0
Ml0gTk1JIGJhY2t0cmFjZSBmb3IgY3B1IDEKWyAgIDQ1Ljg4MDA0Ml0gQ1BVOiAxIFBJRDog
MSBDb21tOiBzd2FwcGVyLzAgTm90IHRhaW50ZWQgMy4xMS4wLTA5NDI0LWdhNWI3Yzg3ICMy
NTIKWyAgIDQ1Ljg4MDA0Ml0gSGFyZHdhcmUgbmFtZTogQm9jaHMgQm9jaHMsIEJJT1MgQm9j
aHMgMDEvMDEvMjAxMQpbICAgNDUuODgwMDQyXSB0YXNrOiBjYzQ1MjAyMCB0aTogY2M0NTQw
MDAgdGFzay50aTogY2M0NTQwMDAKWyAgIDQ1Ljg4MDA0Ml0gRUlQOiAwMDYwOls8YzEwMjdh
YjQ+XSBFRkxBR1M6IDAwMDEwMDQ2IENQVTogMQpbICAgNDUuODgwMDQyXSBFSVAgaXMgYXQg
bmF0aXZlX2FwaWNfbWVtX3dyaXRlKzB4MTIvMHgxNApbICAgNDUuODgwMDQyXSBFQVg6IGZm
ZmZiMzAwIEVCWDogMDAwMDAwMDEgRUNYOiBmZmZmZjAwMCBFRFg6IDAwMDAwYzAwClsgICA0
NS44ODAwNDJdIEVTSTogMDAwMDAwMDIgRURJOiAwMDAwMDgwMCBFQlA6IGNjNDU1Y2RjIEVT
UDogY2M0NTVjZGMKWyAgIDQ1Ljg4MDA0Ml0gIERTOiAwMDdiIEVTOiAwMDdiIEZTOiAwMGQ4
IEdTOiAwMGUwIFNTOiAwMDY4ClsgICA0NS44ODAwNDJdIENSMDogODAwNTAwM2IgQ1IyOiBm
ZmZmZmZmZiBDUjM6IDAyOTFkMDAwIENSNDogMDAwMDA2ZDAKWyAgIDQ1Ljg4MDA0Ml0gU3Rh
Y2s6ClsgICA0NS44ODAwNDJdICBjYzQ1NWNmNCBjMTAyN2JjZCAwMDAwMDAwMyAwMDAwMDAw
NiAwMDAwMDAwMyAwMDAwMDAwMCBjYzQ1NWQxMCBjMTAyN2U0OApbICAgNDUuODgwMDQyXSAg
MDAwMDAwMDIgMDAwMDAwMDAgMDAwMDI3MTAgY2NiZjcwYjggMDAwMDAwMDAgY2M0NTVkMTgg
YzEwMjdlYzQgY2M0NTVkMjgKWyAgIDQ1Ljg4MDA0Ml0gIGMxMDI4MGVjIGMyMzA4ZWVkIGMy
NTQ2ZGMwIGNjNDU1ZDY0IGMxMGE0YjUyIGMyMzE2MGFjIDAwMDAwODM0IGZmZmZmZmQxClsg
ICA0NS44ODAwNDJdIENhbGwgVHJhY2U6ClsgICA0NS44ODAwNDJdICBbPGMxMDI3YmNkPl0g
X19kZWZhdWx0X3NlbmRfSVBJX2Rlc3RfZmllbGQrMHg2MS8weDY3ClsgICA0NS44ODAwNDJd
ICBbPGMxMDI3ZTQ4Pl0gZGVmYXVsdF9zZW5kX0lQSV9tYXNrX2xvZ2ljYWwrMHg3OS8weDg3
ClsgICA0NS44ODAwNDJdICBbPGMxMDI3ZWM0Pl0gZGVmYXVsdF9zZW5kX0lQSV9hbGwrMHgy
Ni8weDM3ClsgICA0NS44ODAwNDJdICBbPGMxMDI4MGVjPl0gYXJjaF90cmlnZ2VyX2FsbF9j
cHVfYmFja3RyYWNlKzB4NDEvMHg2OQpbICAgNDUuODgwMDQyXSAgWzxjMTBhNGI1Mj5dIHJj
dV9jaGVja19jYWxsYmFja3MrMHgxNWYvMHgzZWQKWyAgIDQ1Ljg4MDA0Ml0gIFs8YzEwNDk2
Njk+XSB1cGRhdGVfcHJvY2Vzc190aW1lcysweDMyLzB4NTkKWyAgIDQ1Ljg4MDA0Ml0gIFs8
YzEwN2Y0Y2Q+XSB0aWNrX25vaHpfaGFuZGxlcisweGFmLzB4ZmYKWyAgIDQ1Ljg4MDA0Ml0g
IFs8YzEwMjY2NmM+XSBsb2NhbF9hcGljX3RpbWVyX2ludGVycnVwdCsweDQ2LzB4NGIKWyAg
IDQ1Ljg4MDA0Ml0gIFs8YzEwMjZhNWQ+XSBzbXBfYXBpY190aW1lcl9pbnRlcnJ1cHQrMHgy
NS8weDM0ClsgICA0NS44ODAwNDJdICBbPGMxZDliODA0Pl0gYXBpY190aW1lcl9pbnRlcnJ1
cHQrMHgzNC8weDQwClsgICA0NS44ODAwNDJdICBbPGMxMDQwMDdiPl0gPyBkZWxheWVkX3B1
dF90YXNrX3N0cnVjdCsweDQxLzB4NjQKWyAgIDQ1Ljg4MDA0Ml0gIFs8YzEwMjAwZDg+XSA/
IGludGVsX3RoZXJtYWxfaW50ZXJydXB0KzB4ZmEvMHgxOGIKWyAgIDQ1Ljg4MDA0Ml0gIFs8
YzEzYjI2Mzc+XSA/IGRlbGF5X3RzYysweDUxLzB4YTcKWyAgIDQ1Ljg4MDA0Ml0gIFs8YzEz
YjI2ZDc+XSBfX2RlbGF5KzB4ZS8weDEwClsgICA0NS44ODAwNDJdICBbPGMxM2IyNmYzPl0g
X19jb25zdF91ZGVsYXkrMHgxYS8weDFjClsgICA0NS44ODAwNDJdICBbPGMxM2IyNzA4Pl0g
X191ZGVsYXkrMHgxMy8weDE1ClsgICA0NS44ODAwNDJdICBbPGMxOWVjZjZkPl0gb24yNl93
cml0ZV9yZWdyKzB4MjIzLzB4Mzg4ClsgICA0NS44ODAwNDJdICBbPGMxOWU0ODYyPl0gcGlf
d3JpdGVfcmVncisweDExLzB4MTcKWyAgIDQ1Ljg4MDA0Ml0gIFs8YzE5ZTQ4ZjA+XSBwaV90
ZXN0X3Byb3RvKzB4NzcvMHgxMDIKWyAgIDQ1Ljg4MDA0Ml0gIFs8YzE5ZTQ5ZjE+XSBwaV9w
cm9iZV9tb2RlKzB4NzYvMHhhZQpbICAgNDUuODgwMDQyXSAgWzxjMTllNGIyYT5dIHBpX3By
b2JlX3VuaXQrMHgxMDEvMHgxMjYKWyAgIDQ1Ljg4MDA0Ml0gIFs8YzE5ZTRlNGE+XSBwaV9p
bml0KzB4MTViLzB4MWRhClsgICA0NS44ODAwNDJdICBbPGMyNzY5MWY0Pl0gcGdfaW5pdCsw
eGRhLzB4MmE0ClsgICA0NS44ODAwNDJdICBbPGMyNzY5MTFhPl0gPyBwdF9pbml0KzB4MmE1
LzB4MmE1ClsgICA0NS44ODAwNDJdICBbPGMyNzE1YWFkPl0gZG9fb25lX2luaXRjYWxsKzB4
ZTQvMHgxOWIKWyAgIDQ1Ljg4MDA0Ml0gIFs8YzEzYjM2ZTY+XSA/IHN0cmxlbisweDkvMHgx
YwpbICAgNDUuODgwMDQyXSAgWzxjMjcxNTQ0ND5dID8gZG9fZWFybHlfcGFyYW0rMHg3My8w
eDczClsgICA0NS44ODAwNDJdICBbPGMxMDU5ODViPl0gPyBwYXJzZV9hcmdzKzB4Mjk4LzB4
Mzc1ClsgICA0NS44ODAwNDJdICBbPGMyNzE1NDQ0Pl0gPyBkb19lYXJseV9wYXJhbSsweDcz
LzB4NzMKWyAgIDQ1Ljg4MDA0Ml0gIFs8YzI3MTVjOGU+XSBrZXJuZWxfaW5pdF9mcmVlYWJs
ZSsweDEyYS8weDFhMgpbICAgNDUuODgwMDQyXSAgWzxjMjcxNWM4ZT5dID8ga2VybmVsX2lu
aXRfZnJlZWFibGUrMHgxMmEvMHgxYTIKWyAgIDQ1Ljg4MDA0Ml0gIFs8YzFkN2Y1MTI+XSBr
ZXJuZWxfaW5pdCsweGQvMHhiOQpbICAgNDUuODgwMDQyXSAgWzxjMWQ5YmU3Yj5dIHJldF9m
cm9tX2tlcm5lbF90aHJlYWQrMHgxYi8weDMwClsgICA0NS44ODAwNDJdICBbPGMxZDdmNTA1
Pl0gPyByZXN0X2luaXQrMHhiMS8weGIxClsgICA0NS44ODAwNDJdIENvZGU6IDAwIDVkIGMz
IDU1IDg5IGU1IDUwIDlkIDhkIDc0IDI2IDAwIDVkIGMzIDU1IDg5IGU1IGZhIDkwIDhkIDc0
IDI2IDAwIDVkIGMzIDhiIDBkIDJjIGRhIDUzIGMyIDU1IDg5IGU1IDhkIDg0IDA4IDAwIGMw
IGZmIGZmIDg5IDEwIDw1ZD4gYzMgNTUgODkgZTUgNTcgNTYgODkgYzYgNTMgODMgZWMgMDgg
ODMgZjggZmYgODkgNTUgZWMgNzQgNzMKWyAgIDQ1LjkwMDA1NF0gTk1JIGJhY2t0cmFjZSBm
b3IgY3B1IDAKWyAgIDQ1LjkwMDA1NF0gQ1BVOiAwIFBJRDogMCBDb21tOiBzd2FwcGVyLzAg
Tm90IHRhaW50ZWQgMy4xMS4wLTA5NDI0LWdhNWI3Yzg3ICMyNTIKWyAgIDQ1LjkwMDA1NF0g
SGFyZHdhcmUgbmFtZTogQm9jaHMgQm9jaHMsIEJJT1MgQm9jaHMgMDEvMDEvMjAxMQpbICAg
NDUuOTAwMDU0XSB0YXNrOiBjMjUzMjk3OCB0aTogYzI1MjAwMDAgdGFzay50aTogYzI1MjAw
MDAKWyAgIDQ1LjkwMDA1NF0gRUlQOiAwMDYwOls8YzEwMmQ4MjU+XSBFRkxBR1M6IDAwMjAw
Mjk2IENQVTogMApbICAgNDUuOTAwMDU0XSBFSVAgaXMgYXQgbmF0aXZlX3NhZmVfaGFsdCsw
eDUvMHg3ClsgICA0NS45MDAwNTRdIEVBWDogYzI2ODc3NzggRUJYOiAwMDAwMDAwMCBFQ1g6
IDAwMDAwMDAwIEVEWDogMDAwMDAwMDAKWyAgIDQ1LjkwMDA1NF0gRVNJOiBmZmZmZmZmZiBF
REk6IDAwMDAwMDAwIEVCUDogYzI1MjFmOTQgRVNQOiBjMjUyMWY5NApbICAgNDUuOTAwMDU0
XSAgRFM6IDAwN2IgRVM6IDAwN2IgRlM6IDAwZDggR1M6IDAwZTAgU1M6IDAwNjgKWyAgIDQ1
LjkwMDA1NF0gQ1IwOiA4MDA1MDAzYiBDUjI6IDAwMDAwMDAwIENSMzogMDI5MWQwMDAgQ1I0
OiAwMDAwMDZkMApbICAgNDUuOTAwMDU0XSBTdGFjazoKWyAgIDQ1LjkwMDA1NF0gIGMyNTIx
ZjljIGMxMDA4N2Q4IGMyNTIxZmE0IGMxMDA4Y2U5IGMyNTIxZmM0IGMxMDc2ZjJlIDAwMDAw
MDAwIGM3MGU0YjM1ClsgICA0NS45MDAwNTRdICBlMWJlMmUxNyAwMDAwMDAwMiAwMDAwMDAw
MCBjMjkxZTgwMCBjMjUyMWZkMCBjMWQ3ZjUwMCAwMDAwMDAwMCBjMjUyMWZlOApbICAgNDUu
OTAwMDU0XSAgYzI3MTU5YzIgYzI3OGQwZDAgYmNjZGM3YWYgMDAwMDA4MDAgMDAwMjA4MDAg
YzI1MjFmZjggYzI3MTUyY2YgMDAwMDA4MDAKWyAgIDQ1LjkwMDA1NF0gQ2FsbCBUcmFjZToK
WyAgIDQ1LjkwMDA1NF0gIFs8YzEwMDg3ZDg+XSBkZWZhdWx0X2lkbGUrMHgxZS8weDMwClsg
ICA0NS45MDAwNTRdICBbPGMxMDA4Y2U5Pl0gYXJjaF9jcHVfaWRsZSsweDE3LzB4MjAKWyAg
IDQ1LjkwMDA1NF0gIFs8YzEwNzZmMmU+XSBjcHVfc3RhcnR1cF9lbnRyeSsweDE5Yi8weDIz
OApbICAgNDUuOTAwMDU0XSAgWzxjMWQ3ZjUwMD5dIHJlc3RfaW5pdCsweGFjLzB4YjEKWyAg
IDQ1LjkwMDA1NF0gIFs8YzI3MTU5YzI+XSBzdGFydF9rZXJuZWwrMHgzN2IvMHgzODIKWyAg
IDQ1LjkwMDA1NF0gIFs8YzI3MTUyY2Y+XSBpMzg2X3N0YXJ0X2tlcm5lbCsweDc5LzB4N2QK
WyAgIDQ1LjkwMDA1NF0gQ29kZTogMGYgMjIgZTAgNWQgYzMgNTUgODkgZTUgMGYgMDkgNWQg
YzMgNTUgODkgZTUgOWMgNTggNWQgYzMgNTUgODkgZTUgNTAgOWQgNWQgYzMgNTUgODkgZTUg
ZmEgNWQgYzMgNTUgODkgZTUgZmIgNWQgYzMgNTUgODkgZTUgZmIgZjQgPDVkPiBjMyA1NSA4
OSBlNSBmNCA1ZCBjMyA1NSA4OSBlNSA1NyA4OSBjNyA1NiA4OSBjZSA1MyA1MyA4YiAwMAov
a2VybmVsL2kzODYtcmFuZGNvbmZpZy1yMC0wOTIzL2E1YjdjODdmOTIwNzYzNTJkYmZmMmZl
MDQyM2VjMjU1ZTFjOWE3MWIvZG1lc2ctcXVhbnRhbC1sa3AtdHQwMi0xMzoyMDEzMDkyNDAy
NDAzMzozLjExLjAtMDk0MjQtZ2E1YjdjODc6MjUyCgpCaXNlY3Rpbmc6IDM0NyByZXZpc2lv
bnMgbGVmdCB0byB0ZXN0IGFmdGVyIHRoaXMgKHJvdWdobHkgOSBzdGVwcykKWzNkOTRlYTUx
YzFkOGRiNmY0MTI2OGE5ZDJhZWE1ZjU3NzFlOWE4ZDNdIG9jZnMyOiBjbGVhbiB1cCBkZWFk
IGNvZGUgaW4gb2NmczJfYWNsX2Zyb21feGF0dHIoKQpydW5uaW5nIC9jL2tlcm5lbC10ZXN0
cy9iaXNlY3QtdGVzdC1ib290LWZhaWx1cmUuc2ggL2hvbWUvd2ZnL25ldC9vYmotYmlzZWN0
CmxzIC1hIC9rZXJuZWwtdGVzdHMvcnVuLXF1ZXVlL2t2bS9pMzg2LXJhbmRjb25maWctcjAt
MDkyMy9saW51eC1kZXZlbDpkZXZlbC1yb2FtLWkzODYtMjAxMzA5MjMxODA3OjNkOTRlYTUx
YzFkOGRiNmY0MTI2OGE5ZDJhZWE1ZjU3NzFlOWE4ZDM6YmlzZWN0LW5ldAoKMjAxMy0wOS0y
NC0xMjoxODozNSAzZDk0ZWE1MWMxZDhkYjZmNDEyNjhhOWQyYWVhNWY1NzcxZTlhOGQzIGNv
bXBpbGluZwozMDIgcmVhbCAgMjQxNSB1c2VyICAyMTcgc3lzICA4NzEuMTMlIGNwdSAJaTM4
Ni1yYW5kY29uZmlnLXIwLTA5MjMKCjIwMTMtMDktMjQtMTI6MjM6NDYgZGV0ZWN0aW5nIGJv
b3Qgc3RhdGUgMy4xMS4wLTA5MDc2LWczZDk0ZWE1Li4JMQkzCTQJNgk3Lgk5CTExCTEyCTEz
CTE2CTE4CTIxCTI0CTI2CTMwCTMyCTQzCTQ5CTU4CTYyCTY3CTcyCTgzCTkyCTEwMgkxMTEJ
MTI2CTEyOQkxMzgJMTQ4CTE1NAkxNjUJMTc3CTE4MwkxODkJMjAwCTIwOQkyMjAJMjMxCTI0
MgkyNTYJMjYyCTI3MgkyODIJMjg2CTI5NQkzMDMJMzE2CTMyNAkzMzAJMzM5CTM0NwkzNTEJ
MzYyCTM3NAkzODcJNDA2CTQxNgk0MjkJNDM3CTQ0Nwk0NTMJNDY0CTQ3NAk0NzYJNDc3Li4u
Li4JNDc4Li4uLi4uLi4uLi4uLi4uLi4uLi4uLi4uLi4uLi4uLi4uLi4uLi4uLi4uLi4uLi4u
Li4uLi4uLi4uLi4uLi4uLi4uLi4uLi4uLi4uLi4uLi4uLi4uLi4uLi4uLi4uLi4uLi4uLi4u
Li4uLi4uLi4uLi4uLi4uLi4uLi4uLi4uLi4uLi4uLi4uLi4uLi4uLi4uLi4uLi4uLi4uLi4u
Li4uLi4uLi4uLi4uLi4uLi4uLi4uLi4uLi4uLi4uLi4uLi4uLi4uLi4uLi4uLi4uLi4uLi4u
Li4uLi4uLi4uLi4uLi4uLi4uLi4uLi4uLi4uLi4uLi4uLi4uLi4uLi4uLi4uLi4uLi4uLi4u
Li4uLi4uLi4uLi4uLi4uLi4uLi4uLi4uLi4uLi4uLi4uLi4uLhtbMTszNW1hZGRfdG9fcnVu
X3F1ZXVlIDE3G1swbQouLi4uLgk0NzkuLi4JNDgxLi4JNDgyLgk0ODQJNDg3CTQ5NAk0OTUg
U1VDQ0VTUwoKQmlzZWN0aW5nOiAxNzMgcmV2aXNpb25zIGxlZnQgdG8gdGVzdCBhZnRlciB0
aGlzIChyb3VnaGx5IDggc3RlcHMpCltkNjJhMjAxZjI0Y2JhNzRlMmZiZjlmNmY3YWY4NmZm
NWY1ZTI3NmZjXSBjaGVja3BhdGNoOiBlbmZvcmNlIHNhbmUgcGVybCB2ZXJzaW9uCnJ1bm5p
bmcgL2Mva2VybmVsLXRlc3RzL2Jpc2VjdC10ZXN0LWJvb3QtZmFpbHVyZS5zaCAvaG9tZS93
ZmcvbmV0L29iai1iaXNlY3QKbHMgLWEgL2tlcm5lbC10ZXN0cy9ydW4tcXVldWUva3ZtL2kz
ODYtcmFuZGNvbmZpZy1yMC0wOTIzL2xpbnV4LWRldmVsOmRldmVsLXJvYW0taTM4Ni0yMDEz
MDkyMzE4MDc6ZDYyYTIwMWYyNGNiYTc0ZTJmYmY5ZjZmN2FmODZmZjVmNWUyNzZmYzpiaXNl
Y3QtbmV0CgoyMDEzLTA5LTI0LTE1OjQwOjUyIGQ2MmEyMDFmMjRjYmE3NGUyZmJmOWY2Zjdh
Zjg2ZmY1ZjVlMjc2ZmMgY29tcGlsaW5nCjM5NCByZWFsICAyMzg4IHVzZXIgIDIwOCBzeXMg
IDY1OC4yMyUgY3B1IAlpMzg2LXJhbmRjb25maWctcjAtMDkyMwoKMjAxMy0wOS0yNC0xNTo0
NzozOCBkZXRlY3RpbmcgYm9vdCBzdGF0ZSAzLjExLjAtMDkyNTAtZ2Q2MmEyMDEuLi4uLi4u
Li4JMS4uLi4uLi4uLi4uLi4uLi4uLi4uLi4uLi4uCTIuLi4uLi4uLi4uCTQuLgk1Li4JNi4u
Lgk4CTkuLi4uLi4uLi4uLi4uLi4uLi4uLgkxMAkxMi4JMTQJMTUuLi4uLi4JMTYuCTE3CTE4
CTIxLi4uLi4JMjIuLgkyMy4JMjQuCTI2CTI5CTMwCTM0CTM2CTM5Lgk0OQk1OQk2Ngk3OSBU
RVNUIEZBSUxVUkUKG1sxOzM1bUluY3JlYXNpbmcgcmVwZWF0IGNvdW50IGZyb20gNDk1IHRv
IDU4NRtbMG0KQlVHOiBrZXJuZWwgZWFybHkgaGFuZyB3aXRob3V0IGFueSBwcmludGsgb3V0
cHV0CkNvbW1hbmQgbGluZTogaHVuZ190YXNrX3BhbmljPTEgcmN1dHJlZS5yY3VfY3B1X3N0
YWxsX3RpbWVvdXQ9MTAwIGxvZ19idWZfbGVuPThNIGlnbm9yZV9sb2dsZXZlbCBkZWJ1ZyBz
Y2hlZF9kZWJ1ZyBkeW5hbWljX3ByaW50ayBzeXNycV9hbHdheXNfZW5hYmxlZCBwYW5pYz0x
MCAgcHJvbXB0X3JhbWRpc2s9MCBjb25zb2xlPXR0eVMwLDExNTIwMCBjb25zb2xlPXR0eTAg
dmdhPW5vcm1hbCAgcm9vdD0vZGV2L3JhbTAgcncgbGluaz0va2VybmVsLXRlc3RzL3J1bi1x
dWV1ZS9rdm0vaTM4Ni1yYW5kY29uZmlnLXIwLTA5MjMvbGludXgtZGV2ZWw6ZGV2ZWwtcm9h
bS1pMzg2LTIwMTMwOTIzMTgwNzpkNjJhMjAxZjI0Y2JhNzRlMmZiZjlmNmY3YWY4NmZmNWY1
ZTI3NmZjOmJpc2VjdC1uZXQvLnZtbGludXotZDYyYTIwMWYyNGNiYTc0ZTJmYmY5ZjZmN2Fm
ODZmZjVmNWUyNzZmYy0yMDEzMDkyNDE1NDczNi0yNzItYW50IGJyYW5jaD1saW51eC1kZXZl
bC9kZXZlbC1yb2FtLWkzODYtMjAxMzA5MjMxODA3IEJPT1RfSU1BR0U9L2tlcm5lbC9pMzg2
LXJhbmRjb25maWctcjAtMDkyMy9kNjJhMjAxZjI0Y2JhNzRlMmZiZjlmNmY3YWY4NmZmNWY1
ZTI3NmZjL3ZtbGludXotMy4xMS4wLTA5MjUwLWdkNjJhMjAxIG5vYXBpYyBub2xhcGljIG5v
aHo9b2ZmCkVhcmx5IGhhbmcga2VybmVsOiB2bWxpbnV6LTMuMTEuMC0wOTI1MC1nZDYyYTIw
MSAzLjExLjAtMDkyNTAtZ2Q2MmEyMDEgIzI1NAova2VybmVsL2kzODYtcmFuZGNvbmZpZy1y
MC0wOTIzL2Q2MmEyMDFmMjRjYmE3NGUyZmJmOWY2ZjdhZjg2ZmY1ZjVlMjc2ZmMvZG1lc2ct
cXVhbnRhbC1sa3AtdHQwMi0yMToyMDEzMDkyNDA3MDg0MTozLjExLjAtMDkyNTAtZ2Q2MmEy
MDE6MjU0CgpCaXNlY3Rpbmc6IDg2IHJldmlzaW9ucyBsZWZ0IHRvIHRlc3QgYWZ0ZXIgdGhp
cyAocm91Z2hseSA3IHN0ZXBzKQpbODM0NjdlZmJkYjc5NDgxNDY1ODFhNTZjYmQ2ODNhMjJh
MDY4NGJiYl0gbW06IG1pZ3JhdGU6IGNoZWNrIG1vdmFiaWxpdHkgb2YgaHVnZXBhZ2UgaW4g
dW5tYXBfYW5kX21vdmVfaHVnZV9wYWdlKCkKcnVubmluZyAvYy9rZXJuZWwtdGVzdHMvYmlz
ZWN0LXRlc3QtYm9vdC1mYWlsdXJlLnNoIC9ob21lL3dmZy9uZXQvb2JqLWJpc2VjdApscyAt
YSAva2VybmVsLXRlc3RzL3J1bi1xdWV1ZS9rdm0vaTM4Ni1yYW5kY29uZmlnLXIwLTA5MjMv
bGludXgtZGV2ZWw6ZGV2ZWwtcm9hbS1pMzg2LTIwMTMwOTIzMTgwNzo4MzQ2N2VmYmRiNzk0
ODE0NjU4MWE1NmNiZDY4M2EyMmEwNjg0YmJiOmJpc2VjdC1uZXQKCjIwMTMtMDktMjQtMTY6
NDY6NDAgODM0NjdlZmJkYjc5NDgxNDY1ODFhNTZjYmQ2ODNhMjJhMDY4NGJiYiBjb21waWxp
bmcKMzIyIHJlYWwgIDI0MjkgdXNlciAgMjA0IHN5cyAgODE3LjI3JSBjcHUgCWkzODYtcmFu
ZGNvbmZpZy1yMC0wOTIzCgoyMDEzLTA5LTI0LTE2OjUyOjE0IGRldGVjdGluZyBib290IHN0
YXRlIDMuMTEuMC0wOTE2My1nODM0NjdlZi4uCTEuCTMJNwk5CTEyCTE0CTIxCTIyLgkyOAkz
MgkzNgkzOQk0MAk0MQk0Mgk0NAk0NS4JNDYuLi4JNDkJNTAuCTU0Lgk1NS4JNTkJNjIuCTYz
CTY2CTY3CTc0Li4JODAJODQJODUJODYJODgJODkJOTcJMTAyCTEwMwkxMDcJMTA5CTExMS4J
MTE0Li4JMTE1CTExNy4JMTE5CTEyMi4uLi4JMTI2CTEyOQkxMzEJMTMyCTEzNAkxNDEJMTQ1
CTE0NwkxNTYJMTY0CTE3MAkxNzQJMTc5CTE4OQkxOTQJMjAxCTIwMwkyMTIJMjE0CTIxOS4J
MjIyCTIyOQkyMzUJMjQwCTI0MwkyNDQJMjQ2CTI0OAkyNTEuLgkyNTQJMjU3CTI1OAkyNTku
CTI2MAkyNjEJMjYyCTI2NAkyNjcJMjcxCTI3MgkyNzQuCTI3NgkyNzcuCTI4MwkyODQuCTI4
NQkyODcuCTI4OAkyODkJMjkwLi4JMjkzCTI5NAkyOTYJMjk5LgkzMDMuCTMwNC4uLgkzMDUJ
MzA3Li4uLgkzMDgJMzA5CTMxMC4JMzExCTMxMy4JMzE3CTMyMgkzMjkJMzM0CTMzNwkzMzkJ
MzQxCTM0MgkzNDcuCTM0OC4uLi4JMzQ5CTM1MQkzNTQJMzU3LgkzNTkJMzYwLgkzNjEuCTM2
MgkzNjUJMzY3CTM3MAkzNzgJMzg0CTM4NwkzOTIJMzk3CTQwNAk0MTEJNDE2CTQxOQk0MjEu
CTQyNi4JNDI5CTQzMQk0MzIJNDMzCTQzNS4JNDM2CTQzNy4JNDQxLgk0NDMuLgk0NDQJNDQ5
CTQ1MAk0NTIJNDUzCTQ2MQk0NjcJNDc1CTQ4MAk0ODgJNDk4CTUwMwk1MDQJNTA3CTUxMQk1
MTcJNTIxCTUyNAk1MjYuCTUyOAk1MzEJNTM0CTUzOAk1NDIJNTQzCTU0NAk1NDYJNTQ4CTU1
MAk1NTEJNTUyCTU1NQk1NTcuCTU1OC4uLi4uLi4uLi4uLi4uLi4uLi4uLi4uLi4uLi4uLi4u
Li4uLi4uLi4uLi4uLi4uLi4uLi4uLi4uLi4uLi4uCTU1OS4uLi4uLi4uLi4uLi4uLi4uLi4u
Li4uLi4uLi4uLi4uLi4uLi4uLi4uLi4uLi4uLi4uLi4uLi4uLi4uLi4uLi4uLi4uLi4uLi4u
Li4uLi4uLi4uLi4uLi4uLi4uLi4uLi4uLi4uLi4uLi4uLi4uLi4uLi4uLi4uLi4uLi4uLi4u
Li4uLi4uLi4uLi4uLi4uLi4uLi4uLi4uLi4uLi4uLi4uLi4uLi4uLi4uLi4uLi4uLi4uLi4u
Li4uLi4uLi4uLi4uLi4uLi4uLi4uLi4uLi4uLi4uLi4uLi4uLi4uLi4uLi4uLi4uLi4uLi4u
Li4uLi4uLi4uLi4uLi4uLi4uLi4uLi4uLi4uLi4uLi4uLi4uLi4uLi4uLi4uLi4uLi4uLi4u
Li4uLi4uLi4uLi4bWzE7MzVtYWRkX3RvX3J1bl9xdWV1ZSAyNhtbMG0KLi4uLi4JNTYwLgk1
NjEJNTYyLi4uLi4uLi4uLi4uLi4uLi4uLi4uLi4uLi4uLi4uLi4uLi4uLgk1NjMuLi4uLi4u
CTU2NS4uLgk1NjYuLgk1NjcuLi4uLi4uLi4uCTU2OS4JNTcxCTU3Mi4uLi4JNTczCTU3NC4u
Li4uCTU3NS4uLi4uLgk1NzYuCTU3Nwk1NzkJNTgxLi4uLi4uLi4uLi4uLi4uLi4uLi4uLi4u
Li4uLi4uLi4uLi4uLi4uLi4uLi4uLi4uLi4uLi4uLi4uLi4uLi4uLi4uLi4uLi4uLi4uLi4u
Li4uLi4uLi4uLi4uLi4uLi4uLi4uLi4uLi4uLi4uLi4uLi4uLi4uLi4uLi4uLi4uLi4uLi4u
Li4uLi4uLi4uLi4uLi4uLi4uLi4uLi4uLi4uLi4uLi4uLi4uLi4uLi4uLi4uLi4uLi4uLi4u
Li4uLi4uLi4uLi4uLi4uLi4uLi4uLi4uLi4uLi4uLi4uLi4uLi4uLi4uLi4uLi4uLi4uLi4u
Li4uLi4uLi4uLi4uLi4uLi4uLi4uLi4uLi4uLi4uLi4uLi4uLi4uLi4uLi4uLi4uLi4uLi4u
Li4uLi4uLhtbMTszNW1hZGRfdG9fcnVuX3F1ZXVlIDQbWzBtCi4uLi4uLi4uLi4uLi4uLi4u
Li4uLi4uCTU4My4JNTg1IFNVQ0NFU1MKCkJpc2VjdGluZzogNDIgcmV2aXNpb25zIGxlZnQg
dG8gdGVzdCBhZnRlciB0aGlzIChyb3VnaGx5IDYgc3RlcHMpClsyYmZmMjRhMzcwNzA5M2M0
MzVhYjMyNDFjNDdkY2RiNWYxNmU0MzJiXSBtZW1jZzogZml4IG11bHRpcGxlIGxhcmdlIHRo
cmVzaG9sZCBub3RpZmljYXRpb25zCnJ1bm5pbmcgL2Mva2VybmVsLXRlc3RzL2Jpc2VjdC10
ZXN0LWJvb3QtZmFpbHVyZS5zaCAvaG9tZS93ZmcvbmV0L29iai1iaXNlY3QKbHMgLWEgL2tl
cm5lbC10ZXN0cy9ydW4tcXVldWUva3ZtL2kzODYtcmFuZGNvbmZpZy1yMC0wOTIzL2xpbnV4
LWRldmVsOmRldmVsLXJvYW0taTM4Ni0yMDEzMDkyMzE4MDc6MmJmZjI0YTM3MDcwOTNjNDM1
YWIzMjQxYzQ3ZGNkYjVmMTZlNDMyYjpiaXNlY3QtbmV0CgoyMDEzLTA5LTI1LTAxOjI5OjU1
IDJiZmYyNGEzNzA3MDkzYzQzNWFiMzI0MWM0N2RjZGI1ZjE2ZTQzMmIgY29tcGlsaW5nCjYz
MiByZWFsICAyNTA2IHVzZXIgIDE5OCBzeXMgIDQyNy40OSUgY3B1IAlpMzg2LXJhbmRjb25m
aWctcjAtMDkyMwoKMjAxMy0wOS0yNS0wMTo0NTo0MSBkZXRlY3RpbmcgYm9vdCBzdGF0ZSAz
LjExLjAtMDkyMDctZzJiZmYyNGEuLi4uLgkxLgkyCTMuLgk0Li4uCTcJMTAJMTEJMTIJMTUu
CTE4Li4JMTkJMjAJMjQJMzAJMzgJNTIJNTQJNjMJNjcJNzEuLi4JNzMJNzYJNzcuLgkxMjkJ
MTQ4IFRFU1QgRkFJTFVSRQobWzE7MzVtSW5jcmVhc2luZyByZXBlYXQgY291bnQgZnJvbSA1
ODUgdG8gMTE3MBtbMG0KQlVHOiBrZXJuZWwgZWFybHkgaGFuZyB3aXRob3V0IGFueSBwcmlu
dGsgb3V0cHV0CkNvbW1hbmQgbGluZTogaHVuZ190YXNrX3BhbmljPTEgcmN1dHJlZS5yY3Vf
Y3B1X3N0YWxsX3RpbWVvdXQ9MTAwIGxvZ19idWZfbGVuPThNIGlnbm9yZV9sb2dsZXZlbCBk
ZWJ1ZyBzY2hlZF9kZWJ1ZyBkeW5hbWljX3ByaW50ayBzeXNycV9hbHdheXNfZW5hYmxlZCBw
YW5pYz0xMCAgcHJvbXB0X3JhbWRpc2s9MCBjb25zb2xlPXR0eVMwLDExNTIwMCBjb25zb2xl
PXR0eTAgdmdhPW5vcm1hbCAgcm9vdD0vZGV2L3JhbTAgcncgbGluaz0va2VybmVsLXRlc3Rz
L3J1bi1xdWV1ZS9rdm0vaTM4Ni1yYW5kY29uZmlnLXIwLTA5MjMvbGludXgtZGV2ZWw6ZGV2
ZWwtcm9hbS1pMzg2LTIwMTMwOTIzMTgwNzoyYmZmMjRhMzcwNzA5M2M0MzVhYjMyNDFjNDdk
Y2RiNWYxNmU0MzJiOmJpc2VjdC1uZXQvLnZtbGludXotMmJmZjI0YTM3MDcwOTNjNDM1YWIz
MjQxYzQ3ZGNkYjVmMTZlNDMyYi0yMDEzMDkyNTAxNDUwNC02NS1hbnQgYnJhbmNoPWxpbnV4
LWRldmVsL2RldmVsLXJvYW0taTM4Ni0yMDEzMDkyMzE4MDcgQk9PVF9JTUFHRT0va2VybmVs
L2kzODYtcmFuZGNvbmZpZy1yMC0wOTIzLzJiZmYyNGEzNzA3MDkzYzQzNWFiMzI0MWM0N2Rj
ZGI1ZjE2ZTQzMmIvdm1saW51ei0zLjExLjAtMDkyMDctZzJiZmYyNGEgbm9hcGljIG5vbGFw
aWMgbm9oej1vZmYKRWFybHkgaGFuZyBrZXJuZWw6IHZtbGludXotMy4xMS4wLTA5MjA3LWcy
YmZmMjRhIDMuMTEuMC0wOTIwNy1nMmJmZjI0YSAjMjU2Ci9rZXJuZWwvaTM4Ni1yYW5kY29u
ZmlnLXIwLTA5MjMvMmJmZjI0YTM3MDcwOTNjNDM1YWIzMjQxYzQ3ZGNkYjVmMTZlNDMyYi9k
bWVzZy1xdWFudGFsLWxrcC10dDAyLTIzOjIwMTMwOTI0MTYyNzMzOjMuMTEuMC0wOTIwNy1n
MmJmZjI0YToyNTYKCkJpc2VjdGluZzogMjEgcmV2aXNpb25zIGxlZnQgdG8gdGVzdCBhZnRl
ciB0aGlzIChyb3VnaGx5IDUgc3RlcHMpClsxZWNmZDUzM2Y0YzUyOGIwYjRjYzViYzExNWM0
YzQ3ZjBiNWU0ODI4XSBtbS9tcmVtYXAuYzogY2FsbCBwdWRfZnJlZSgpIGFmdGVyIGZhaWwg
Y2FsbGluZyBwbWRfYWxsb2MoKQpydW5uaW5nIC9jL2tlcm5lbC10ZXN0cy9iaXNlY3QtdGVz
dC1ib290LWZhaWx1cmUuc2ggL2hvbWUvd2ZnL25ldC9vYmotYmlzZWN0CmxzIC1hIC9rZXJu
ZWwtdGVzdHMvcnVuLXF1ZXVlL2t2bS9pMzg2LXJhbmRjb25maWctcjAtMDkyMy9saW51eC1k
ZXZlbDpkZXZlbC1yb2FtLWkzODYtMjAxMzA5MjMxODA3OjFlY2ZkNTMzZjRjNTI4YjBiNGNj
NWJjMTE1YzRjNDdmMGI1ZTQ4Mjg6YmlzZWN0LW5ldAoKMjAxMy0wOS0yNS0wMjowNzo1MSAx
ZWNmZDUzM2Y0YzUyOGIwYjRjYzViYzExNWM0YzQ3ZjBiNWU0ODI4IGNvbXBpbGluZwo5NzQg
cmVhbCAgMjQ5MiB1c2VyICAxOTcgc3lzICAyNzYuMTMlIGNwdSAJaTM4Ni1yYW5kY29uZmln
LXIwLTA5MjMKCjIwMTMtMDktMjUtMDI6MjQ6MzQgZGV0ZWN0aW5nIGJvb3Qgc3RhdGUgMy4x
MS4wLTA5MTg1LWcxZWNmZDUzLi4JMS4JNAk1CTcJMTYJMTgJMTkJMjAuCTI2CTM1CTM3CTQ2
CTUyCTU2CTY0IFRFU1QgRkFJTFVSRQpCVUc6IGtlcm5lbCBlYXJseSBoYW5nIHdpdGhvdXQg
YW55IHByaW50ayBvdXRwdXQKQ29tbWFuZCBsaW5lOiBodW5nX3Rhc2tfcGFuaWM9MSByY3V0
cmVlLnJjdV9jcHVfc3RhbGxfdGltZW91dD0xMDAgbG9nX2J1Zl9sZW49OE0gaWdub3JlX2xv
Z2xldmVsIGRlYnVnIHNjaGVkX2RlYnVnIGR5bmFtaWNfcHJpbnRrIHN5c3JxX2Fsd2F5c19l
bmFibGVkIHBhbmljPTEwICBwcm9tcHRfcmFtZGlzaz0wIGNvbnNvbGU9dHR5UzAsMTE1MjAw
IGNvbnNvbGU9dHR5MCB2Z2E9bm9ybWFsICByb290PS9kZXYvcmFtMCBydyBsaW5rPS9rZXJu
ZWwtdGVzdHMvcnVuLXF1ZXVlL2t2bS9pMzg2LXJhbmRjb25maWctcjAtMDkyMy9saW51eC1k
ZXZlbDpkZXZlbC1yb2FtLWkzODYtMjAxMzA5MjMxODA3OjFlY2ZkNTMzZjRjNTI4YjBiNGNj
NWJjMTE1YzRjNDdmMGI1ZTQ4Mjg6YmlzZWN0LW5ldC8udm1saW51ei0xZWNmZDUzM2Y0YzUy
OGIwYjRjYzViYzExNWM0YzQ3ZjBiNWU0ODI4LTIwMTMwOTI1MDIyNDI0LTcyNS1hbnQgYnJh
bmNoPWxpbnV4LWRldmVsL2RldmVsLXJvYW0taTM4Ni0yMDEzMDkyMzE4MDcgQk9PVF9JTUFH
RT0va2VybmVsL2kzODYtcmFuZGNvbmZpZy1yMC0wOTIzLzFlY2ZkNTMzZjRjNTI4YjBiNGNj
NWJjMTE1YzRjNDdmMGI1ZTQ4Mjgvdm1saW51ei0zLjExLjAtMDkxODUtZzFlY2ZkNTMgbm9h
cGljIG5vbGFwaWMgbm9oej1vZmYKRWFybHkgaGFuZyBrZXJuZWw6IHZtbGludXotMy4xMS4w
LTA5MTg1LWcxZWNmZDUzIDMuMTEuMC0wOTE4NS1nMWVjZmQ1MyAjMjU3Ci9rZXJuZWwvaTM4
Ni1yYW5kY29uZmlnLXIwLTA5MjMvMWVjZmQ1MzNmNGM1MjhiMGI0Y2M1YmMxMTVjNGM0N2Yw
YjVlNDgyOC9kbWVzZy1xdWFudGFsLXhwcy00OjIwMTMwOTI1MDIzMzQ0OjMuMTEuMC0wOTE4
NS1nMWVjZmQ1MzoyNTcKCkJpc2VjdGluZzogMTAgcmV2aXNpb25zIGxlZnQgdG8gdGVzdCBh
ZnRlciB0aGlzIChyb3VnaGx5IDQgc3RlcHMpClswZWMzYjc0YzdmNTU5OWM4YTRkMmIzM2Q0
MzBhNTQ3MGFmMjZlYmY2XSBtbTogcHV0YmFja19scnVfcGFnZTogcmVtb3ZlIHVubmVjZXNz
YXJ5IGNhbGwgdG8gcGFnZV9scnVfYmFzZV90eXBlKCkKcnVubmluZyAvYy9rZXJuZWwtdGVz
dHMvYmlzZWN0LXRlc3QtYm9vdC1mYWlsdXJlLnNoIC9ob21lL3dmZy9uZXQvb2JqLWJpc2Vj
dApscyAtYSAva2VybmVsLXRlc3RzL3J1bi1xdWV1ZS9rdm0vaTM4Ni1yYW5kY29uZmlnLXIw
LTA5MjMvbGludXgtZGV2ZWw6ZGV2ZWwtcm9hbS1pMzg2LTIwMTMwOTIzMTgwNzowZWMzYjc0
YzdmNTU5OWM4YTRkMmIzM2Q0MzBhNTQ3MGFmMjZlYmY2OmJpc2VjdC1uZXQKCjIwMTMtMDkt
MjUtMDI6MzQ6MTYgMGVjM2I3NGM3ZjU1OTljOGE0ZDJiMzNkNDMwYTU0NzBhZjI2ZWJmNiBj
b21waWxpbmcKNjk0IHJlYWwgIDI0NzggdXNlciAgMTk1IHN5cyAgMzg1LjE5JSBjcHUgCWkz
ODYtcmFuZGNvbmZpZy1yMC0wOTIzCgoyMDEzLTA5LTI1LTAyOjUwOjI0IGRldGVjdGluZyBi
b290IHN0YXRlIDMuMTEuMC0wOTE3NC1nMGVjM2I3NAkzCTQJOAkxMgkyNQkzMAk0Mwk0OAk1
NQk2MS4JNjMuCTY1Li4JNzUJODMJODYJOTEJOTMJOTUJOTcuCTEwOAkxMTkJMTMwCTEzOAkx
NDAuLi4uLgkxNDIJMTQzCTE1NwkxNjUJMTcwCTE3MS4JMTcyLi4JMTc5CTE4NgkxOTgJMjAy
CTIxMgkyMjUJMjM1CTI0MC4JMjQzCTI0NQkyNTMJMjU2LgkyNjUJMjcwCTI3NAkyNzgJMjc5
CTI4MAkyODEJMjg0LgkyODUJMjg2Li4JMjg3CTI4OAkyODkJMjkxLi4uCTI5NwkzMDAJMzAx
CTMwMgkzMDMuCTMwNgkzMDcJMzA5CTMxMi4uCTMxMwkzMTQJMzE1Li4uLi4uLi4uLi4uLi4u
CTMxNi4uLi4JMzE3Li4uLi4uLi4uLi4uCTMxOAkzMTkuLi4JMzIwLgkzMjEuLgkzMjIuLgkz
MjUuLgkzMjcuLi4uLi4JMzI4Li4uLgkzMjkuLi4uLi4uLi4JMzMwCTMzNAkzMzUJMzM4Li4u
CTM0MAkzNDUuCTM0NgkzNDcuCTM0OQkzNTAuCTM1MgkzNTMuLi4uLi4uLgkzNTUJMzU2Li4u
Li4uCTM1OQkzNjIuLi4uLgkzNjQuCTM2NQkzNjYuLi4uCTM2NwkzNjguCTM2OS4JMzcwLgkz
NzIuCTM3NAkzNzUuLgkzNzguLi4uCTM4MgkzODMuLi4uCTM4NgkzODcJMzg4Li4JMzg5Lgkz
OTAJMzkzCTM5NC4uCTM5NQkzOTYJMzk3LgkzOTguCTM5OS4JNDAwLgk0MDEuCTQwMgk0MDMu
Li4uCTQwNC4uLi4JNDA1Li4uLi4uLi4JNDA2CTQwOC4JNDEwLgk0MTEJNDE0Li4JNDE1Li4u
Li4uLi4JNDE2Lgk0MTguCTQxOS4JNDIwLi4JNDIzCTQyNC4JNDI1CTQyOAk0MzYJNDQ2CTQ1
MC4JNDUyCTQ1My4JNDU0CTQ1NQk0NTYJNDU3CTQ1OQk0NjAJNDYyLi4JNDY0CTQ3MAk0NzQJ
NDc5CTQ4MC4uCTQ4Mwk0ODgJNDk1CTUwMgk1MTEJNTE0CTUxNQk1MTYJNTE4CTUyMAk1MjEJ
NTI1CTUyOAk1NDAJNTQ1CTU1MAk1NTcJNTcxCTU3Nwk1ODgJNTk1CTYwNQk2MTAJNjI2CTYz
MQk2MzIJNjQwCTY0Ngk2NTYJNjYxCTY2Mgk2NjgJNjcxCTY3NAk2ODIJNjg0CTY5Mgk2OTcJ
NzAzCTcwOAk3MTEJNzIxCTczMwk3NDIJNzQ2Lgk3NTAJNzU1Li4JNzU2Li4uLi4uCTc2NQk3
NzkJNzkyCTc5OQk4MDQuLi4uCTgwNQk4MTMJODQ0CTg3OQk4OTMuCTg5Ngk5MDEJMTAxNQkx
MDMwCTEwNTkJMTA3MwkxMDc3CTEwODMJMTA5MgkxMDk1CTExMDIJMTEwNy4uCTExMDguLi4J
MTExMQkxMTEyLi4uLi4uLi4uLi4uLi4uLi4uLi4uLi4uLi4uLi4uLi4uLi4uLi4uLi4uLi4u
Li4uLi4uLi4uLi4uLi4uLi4uLi4uLi4uLi4uLi4uLi4uLi4uLi4uLi4uLi4uLi4uLi4uLi4u
Li4uLi4uLi4uLi4uLi4uLi4uLi4uLi4uLi4uLi4uLi4uLi4uLi4uLi4uLi4uLi4uLi4uLi4u
Li4uLi4uLi4uLi4uLi4uLi4uLi4uLi4uLi4uLi4uLi4uLi4uLi4uLi4uLi4uLi4uLi4uLi4u
Li4uLi4uLi4uLi4uLi4uLgkxMTEzLi4uLi4uLi4uLi4uLi4uLi4uLi4uLi4uLi4uLi4uLi4u
Li4uLi4uLi4uLi4uLi4uLi4uLi4uLi4uLi4uLi4uLi4uLi4uLi4uLi4uLi4uLi4uLi4uLi4u
Li4uLi4uLi4uLi4uLi4uLi4uLi4uLi4uLi4uLi4uLi4uLi4uLi4uLi4uLi4uLi4uLi4uLi4u
Li4uLi4uLi4uLi4uLi4uLi4uLi4uLi4uLi4uLi4uLi4uLi4uLi4uLi4uLi4uLi4uLi4uLi4u
Li4uLi4uLi4uLi4uLi4uLi4uLi4uLi4uLi4uLi4uLi4uLi4uLi4uLi4uLi4uLi4uLi4uLi4u
Li4uLi4uLi4uLi4uLi4uLi4uLi4uLi4uLi4uLi4uLi4uLi4uLi4uLi4uLi4uLi4uLi4uLhtb
MTszNW1hZGRfdG9fcnVuX3F1ZXVlIDU3G1swbQouLgkxMTE0Li4uLi4uCTExMTYuCTExMTcJ
MTExOQkxMTIwCTExMjEuCTExMjIuCTExMjMuCTExMjQuLi4JMTEyNS4uLgkxMTI2Li4JMTEy
Ny4JMTEyOC4uCTExMzAuLgkxMTMxLgkxMTM1CTExMzYJMTEzOAkxMTM5CTExNDAuCTExNDEu
CTExNDMuCTExNDQuLi4JMTE0NwkxMTQ5CTExNTAJMTE1MQkxMTUzCTExNTgJMTE1OS4JMTE2
MQkxMTYyLi4uLi4uLi4uLi4uLi4uLi4uLi4uLi4uLi4uLi4uLi4uLi4uLi4uLi4uLi4uLi4u
Li4uLi4uLi4uLi4uLi4uLi4uLi4uLi4uLi4uLi4uLi4uLi4uLi4uLi4uLi4uLi4uLi4uLi4u
Li4uLi4uLi4uLi4uLi4uLi4uLi4uLi4uLi4uLi4uLi4uLi4uLi4uLi4uLi4uLi4uLi4uLi4u
Li4uLi4uLi4uLi4uLi4uLi4uLi4uLi4uLi4uLi4uLi4uLi4uLi4uLgkxMTYzCTExNjQuLgkx
MTY2CTExNjcJMTE2OAkxMTY5CTExNzAgU1VDQ0VTUwoKQmlzZWN0aW5nOiA1IHJldmlzaW9u
cyBsZWZ0IHRvIHRlc3QgYWZ0ZXIgdGhpcyAocm91Z2hseSAzIHN0ZXBzKQpbNWI0MDk5OGFl
MzVjZjY0NTYxODY4MzcwZTZjOWYzZDNlOTRiNmJmN10gbW06IG11bmxvY2s6IHJlbW92ZSBy
ZWR1bmRhbnQgZ2V0X3BhZ2UvcHV0X3BhZ2UgcGFpciBvbiB0aGUgZmFzdCBwYXRoCnJ1bm5p
bmcgL2Mva2VybmVsLXRlc3RzL2Jpc2VjdC10ZXN0LWJvb3QtZmFpbHVyZS5zaCAvaG9tZS93
ZmcvbmV0L29iai1iaXNlY3QKbHMgLWEgL2tlcm5lbC10ZXN0cy9ydW4tcXVldWUva3ZtL2kz
ODYtcmFuZGNvbmZpZy1yMC0wOTIzL2xpbnV4LWRldmVsOmRldmVsLXJvYW0taTM4Ni0yMDEz
MDkyMzE4MDc6NWI0MDk5OGFlMzVjZjY0NTYxODY4MzcwZTZjOWYzZDNlOTRiNmJmNzpiaXNl
Y3QtbmV0CgoyMDEzLTA5LTI1LTEzOjEwOjQ4IDViNDA5OThhZTM1Y2Y2NDU2MTg2ODM3MGU2
YzlmM2QzZTk0YjZiZjcgY29tcGlsaW5nCjE3NCByZWFsICA3OCB1c2VyICAxNCBzeXMgIDUz
LjEzJSBjcHUgCWkzODYtcmFuZGNvbmZpZy1yMC0wOTIzCgoyMDEzLTA5LTI1LTEzOjE0OjEx
IGRldGVjdGluZyBib290IHN0YXRlIDMuMTEuMC0wOTE3OS1nNWI0MDk5OC4uLgkxCTIJNQkx
MAkxNQkyNAkzMQkzNAk1Mgk2MAk3Mgk4OQkxMTAJMTE1CTEyOAkxNDIJMTU1CTE2OAkxOTQJ
MTk4CTIxMQkyMjgJMjQ3CTI2NQkyODkJMzA2CTMxNwkzNDQJMzU2CTM2OQkzODgJNDAwCTQy
OAk0NDgJNDY0CTQ3Nwk0ODUJNDk2CTUyNAk1MzEJNTM1CTUzNgk1MzcuLi4uCTUzOC4JNTM5
Lgk1NDAuCTU0Mgk1NDUuCTU0Ngk1NDcuCTU0OC4JNTUxLgk1NTYJNTU4CTU2Mgk1NjQJNTY2
CTU2OQk1NzQJNTgyCTU5Nwk2MDkJNjEyCTYyMwk2MzgJNjQ1CTY1OAk2NzMJNjgzCTcwNgk3
MjIJNzI4CTc1NQk3NzgJNzk2CTgxNQk4MzAJODM4CTg2Mi4JODY5CTg4Mwk4OTAJODk3Lgk5
MDYJOTIwCTkyMS4uCTkyMi4JMTAxMAkxMDQwCTEwNTYJMTA3MQkxMDg2CTExMDUJMTEwNgkx
MTIwLi4JMTEyMi4uCTExMjMuCTExMjQuLi4uLi4uLi4uLi4uLi4uLi4uLi4uLi4uLi4uLi4u
Li4uLi4uLi4uLi4uLi4uLi4uLi4uLi4uLi4uLi4uLi4uLi4uLi4uLi4uLi4uLi4uLi4uLi4u
Li4uLi4uLi4uLi4uLi4uLi4uLi4uLi4uLi4uLi4uLi4uLi4uLi4uLi4uLi4uLi4uLi4uLi4u
Li4uLi4uLi4uLi4uLi4uLi4uLi4uLi4uLi4uLi4uLi4uLi4uLi4uLi4uLi4uLi4uLi4uLi4u
Li4uLi4uLi4uLi4uLi4uLi4uLi4uLi4uLi4uLi4uLi4uLi4uLi4uLi4uLi4uLi4uLi4uLi4u
Li4uLi4uLi4uLi4uLi4uLi4uLi4uLi4uLi4uLi4uLi4uLi4uLi4uLi4uLi4uLi4uLi4uLi4u
G1sxOzM1bWFkZF90b19ydW5fcXVldWUgNDYbWzBtCi4uLi4uLgkxMTI1CTExNTIJMTE1Ngkx
MTY1CTExNzAgU1VDQ0VTUwoKQmlzZWN0aW5nOiAyIHJldmlzaW9ucyBsZWZ0IHRvIHRlc3Qg
YWZ0ZXIgdGhpcyAocm91Z2hseSAyIHN0ZXBzKQpbMTg3MzIwOTMyZGNlY2U5YzRiOTNmMzhm
NTZkMWY4ODhiZDVjMzI1Zl0gbW0vc3BhcnNlOiBpbnRyb2R1Y2UgYWxsb2NfdXNlbWFwX2Fu
ZF9tZW1tYXAKcnVubmluZyAvYy9rZXJuZWwtdGVzdHMvYmlzZWN0LXRlc3QtYm9vdC1mYWls
dXJlLnNoIC9ob21lL3dmZy9uZXQvb2JqLWJpc2VjdApscyAtYSAva2VybmVsLXRlc3RzL3J1
bi1xdWV1ZS9rdm0vaTM4Ni1yYW5kY29uZmlnLXIwLTA5MjMvbGludXgtZGV2ZWw6ZGV2ZWwt
cm9hbS1pMzg2LTIwMTMwOTIzMTgwNzoxODczMjA5MzJkY2VjZTljNGI5M2YzOGY1NmQxZjg4
OGJkNWMzMjVmOmJpc2VjdC1uZXQKCjIwMTMtMDktMjUtMTY6NTI6MzAgMTg3MzIwOTMyZGNl
Y2U5YzRiOTNmMzhmNTZkMWY4ODhiZDVjMzI1ZiBjb21waWxpbmcKMzc2IHJlYWwgIDI0NDMg
dXNlciAgMjA2IHN5cyAgNzAzLjcwJSBjcHUgCWkzODYtcmFuZGNvbmZpZy1yMC0wOTIzCgoy
MDEzLTA5LTI1LTE3OjAwOjUyIGRldGVjdGluZyBib290IHN0YXRlIDMuMTEuMC0wOTE4Mi1n
MTg3MzIwOS4uLi4uLi4uLi4uLi4uLi4uLi4uLiBURVNUIEZBSUxVUkUKWyAgIDg1LjQ3NTQ3
OV0gaW5pdDogaHdjbG9jay1zYXZlIG1haW4gcHJvY2VzcyAoMzU1NCkgdGVybWluYXRlZCB3
aXRoIHN0YXR1cyA3MApbICAgODUuNDc3NjQyXSBpbml0OiBwbHltb3V0aC11cHN0YXJ0LWJy
aWRnZSBtYWluIHByb2Nlc3MgKDM1NTUpIHRlcm1pbmF0ZWQgd2l0aCBzdGF0dXMgMQpbICAg
OTQuNjkxMDg2XSBCVUc6IEJhZCBwYWdlIG1hcCBpbiBwcm9jZXNzIGtpbGxhbGw1ICBwdGU6
OThkNjQxZTUgcG1kOjBmMjJjMDY3ClsgICA5NC42OTI2NzRdIGFkZHI6YmZjMDAwMDAgdm1f
ZmxhZ3M6MDAxMDAxNzMgYW5vbl92bWE6Y2Y3MDE3YjAgbWFwcGluZzogIChudWxsKSBpbmRl
eDpiZmZlMgpbICAgOTQuNjk0NjcwXSBDUFU6IDAgUElEOiAzNTgwIENvbW06IGtpbGxhbGw1
IE5vdCB0YWludGVkIDMuMTEuMC0wOTE4Mi1nMTg3MzIwOSAjMjYwClsgICA5NC42OTY1NDBd
IEhhcmR3YXJlIG5hbWU6IEJvY2hzIEJvY2hzLCBCSU9TIEJvY2hzIDAxLzAxLzIwMTEKWyAg
IDk0LjY5Nzg2OF0gIDAwMDAwMDAwIDAwMDAwMDAwIGNmMWI3ZTM0IGMxZDc1ZjBjIDAwMDAw
MDAwIGNmMWI3ZTU0IGMxMGU2OWNkIDAwMGJmZmUyClsgICA5NC43MDA2ODldICAwMDAwMDAw
MCBiZmMwMDAwMCAwMDAwMDAwMSAwMDA5OGQ2NCA5OGQ2NDFlNSBjZjFiN2U3NCBjMTBlNzQ1
YSAwMDAwMDAwMApbICAgOTQuNzAzNDYzXSAgYmZjMDAwMDAgY2YxZGNiMzAgYmZjMDAwMDAg
Y2Y3NmQwMDAgY2YxZGNiMzAgY2YxYjdlZTAgYzEwZWIzYmYgY2U3MzgzYTAKWyAgIDk0Ljcw
NjI0MV0gQ2FsbCBUcmFjZToKWyAgIDk0LjcwNzA0MF0gIFs8YzFkNzVmMGM+XSBkdW1wX3N0
YWNrKzB4NGIvMHg2NgpbICAgOTQuNzA4MTY4XSAgWzxjMTBlNjljZD5dIHByaW50X2JhZF9w
dGUrMHgxNGIvMHgxNjIKWyAgIDk0LjcwOTM0OF0gIFs8YzEwZTc0NWE+XSB2bV9ub3JtYWxf
cGFnZSsweDY3LzB4OWIKWyAgIDk0LjcxMDUzMV0gIFs8YzEwZWIzYmY+XSBtdW5sb2NrX3Zt
YV9wYWdlc19yYW5nZSsweGY5LzB4MTc2ClsgICA5NC43MTE4NTBdICBbPGMxMGVkOGY5Pl0g
ZXhpdF9tbWFwKzB4ODYvMHhmNwpbICAgOTQuNzEyOTQ5XSAgWzxjMTA2OTU2Nj5dID8gbG9j
YWxfY2xvY2srMHgyNy8weDMzClsgICA5NC43MTQxMDNdICBbPGMxMDY4NDg3Pl0gPyBfX21p
Z2h0X3NsZWVwKzB4MzgvMHhkYwpbICAgOTQuNzE1Mjg2XSAgWzxjMTAzZDRiMD5dIG1tcHV0
KzB4NmEvMHhjYgpbICAgOTQuNzE2MzE4XSAgWzxjMTA0MTQxYT5dIGRvX2V4aXQrMHgzNjIv
