Return-Path: <owner-linux-mm@kvack.org>
Received: from psmtp.com (na3sys010amx110.postini.com [74.125.245.110])
	by kanga.kvack.org (Postfix) with SMTP id 4C6346B009D
	for <linux-mm@kvack.org>; Mon, 16 Sep 2013 04:48:09 -0400 (EDT)
Date: Mon, 16 Sep 2013 16:47:52 +0800
From: Fengguang Wu <fengguang.wu@intel.com>
Subject: [munlock] BUG: Bad page map in process killall5 pte:53425553
 pmd:075f4067
Message-ID: <20130916084752.GC11479@localhost>
MIME-Version: 1.0
Content-Type: multipart/mixed; boundary="qDbXVdCdHGoSgWSk"
Content-Disposition: inline
Content-Transfer-Encoding: 8bit
Sender: owner-linux-mm@kvack.org
List-ID: <linux-mm.kvack.org>
To: fengguang.wu@intel.com, Vlastimil Babka <vbabka@suse.cz>
Cc: linux-mm@kvack.org, linux-kernel@vger.kernel.org


--qDbXVdCdHGoSgWSk
Content-Type: text/plain; charset=utf-8
Content-Disposition: inline
Content-Transfer-Encoding: 8bit

Greetings,

I got the below dmesg and the first bad commit is

commit 7a8010cd36273ff5f6fea5201ef9232f30cebbd9
Author: Vlastimil Babka <vbabka@suse.cz>
Date:   Wed Sep 11 14:22:35 2013 -0700

    mm: munlock: manual pte walk in fast path instead of follow_page_mask()
    
    Currently munlock_vma_pages_range() calls follow_page_mask() to obtain
    each individual struct page.  This entails repeated full page table
    translations and page table lock taken for each page separately.
    
    This patch avoids the costly follow_page_mask() where possible, by
    iterating over ptes within single pmd under single page table lock.  The
    first pte is obtained by get_locked_pte() for non-THP page acquired by the
    initial follow_page_mask().  The rest of the on-stack pagevec for munlock
    is filled up using pte_walk as long as pte_present() and vm_normal_page()
    are sufficient to obtain the struct page.
    
    After this patch, a 14% speedup was measured for munlocking a 56GB large
    memory area with THP disabled.
    
    Signed-off-by: Vlastimil Babka <vbabka@suse.cz>
    Cc: JA?rn Engel <joern@logfs.org>
    Cc: Mel Gorman <mgorman@suse.de>
    Cc: Michel Lespinasse <walken@google.com>
    Cc: Hugh Dickins <hughd@google.com>
    Cc: Rik van Riel <riel@redhat.com>
    Cc: Johannes Weiner <hannes@cmpxchg.org>
    Cc: Michal Hocko <mhocko@suse.cz>
    Cc: Vlastimil Babka <vbabka@suse.cz>
    Signed-off-by: Andrew Morton <akpm@linux-foundation.org>
    Signed-off-by: Linus Torvalds <torvalds@linux-foundation.org>


[   56.020577] BUG: Bad page map in process killall5  pte:53425553 pmd:075f4067
[   56.022578] addr:08800000 vm_flags:00100073 anon_vma:7f5f6f00 mapping:  (null) index:8800
[   56.025276] CPU: 0 PID: 101 Comm: killall5 Not tainted 3.11.0-09272-g666a584 #52

git bisect start 666a584d3a765a914642f80deef7a33fb309df5d v3.11 --
git bisect good a09e9a7a4b907f2dfa9bdb2b98a1828ab4b340b2  # 22:15   1080+  Merge branch 'drm-next' of git://people.freedesktop.org/~airlied/linux
git bisect good 8e73e367f7dc50f1d1bc22a63e5764bb4eea9b48  # 22:43   1080+  Merge tag 'cleanup-for-linus' of git://git.kernel.org/pub/scm/linux/kernel/git/arm/arm-soc
git bisect good 64c353864e3f7ccba0ade1bd6f562f9a3bc7e68d  # 00:14   1080+  Merge branch 'for-v3.12' of git://git.linaro.org/people/mszyprowski/linux-dma-mapping
git bisect good 640414171818c6293c23e74a28d1c69b2a1a7fe5  # 00:23   1080+  Merge tag 'late-for-linus' of git://git.kernel.org/pub/scm/linux/kernel/git/arm/arm-soc
git bisect good fa1586a7e43760f0e25e72b2e3f97ee18b2be967  # 01:08   1080+  Merge branch 'drm-fixes' of git://people.freedesktop.org/~airlied/linux
git bisect good bc4b4448dba660afc8df3790564320302d9709a1  # 01:43   1080+  mm: move pgtable related functions to right place
git bisect  bad 325c4ef5c4b17372c3222d896040d7848e67fbdb  # 02:08    133-  mm/madvise.c:madvise_hwpoison(): remove local `ret'
git bisect good e76b63f80d938a1319eb5fb0ae7ea69bddfbae38  # 02:27   1340+  memblock, numa: binary search node id
git bisect  bad 762216ab4e175f49d17bc7ad778c57b9028184e6  # 02:51    708-  mm/vmalloc: use wrapper function get_vm_area_size to caculate size of vm area
git bisect good 586a32ac1d33ce7a7548a27e4087e98842c3a06f  # 03:40   3517+  mm: munlock: remove unnecessary call to lru_add_drain()
git bisect good 5b40998ae35cf64561868370e6c9f3d3e94b6bf7  # 04:23   3517+  mm: munlock: remove redundant get_page/put_page pair on the fast path
git bisect  bad 6e543d5780e36ff5ee56c44d7e2e30db3457a7ed  # 04:53    148-  mm: vmscan: fix do_try_to_free_pages() livelock
git bisect  bad 7a8010cd36273ff5f6fea5201ef9232f30cebbd9  # 05:03     69-  mm: munlock: manual pte walk in fast path instead of follow_page_mask()
git bisect good 5b40998ae35cf64561868370e6c9f3d3e94b6bf7  # 09:42  10000+  mm: munlock: remove redundant get_page/put_page pair on the fast path
git bisect  bad d5d04bb48f0eb89c14e76779bb46212494de0bec  # 10:08    128-  Bye, bye, WfW flag
git bisect good 14f83d4c02fa126fd699570429a0bb888e12ddf7  # 16:20  10000+  Revert "mm: munlock: manual pte walk in fast path instead of follow_page_mask()"
git bisect  bad d8efd82eece89f8a5790b0febf17522affe9e1f1  # 16:34     45-  Merge branch 'upstream' of git://git.linux-mips.org/pub/scm/ralf/upstream-linus

Thanks,
Fengguang

--qDbXVdCdHGoSgWSk
Content-Type: text/plain; charset=us-ascii
Content-Disposition: attachment; filename="dmesg-quantal-ant-14:20130912234102:3.11.0-09272-g666a584:52"
Content-Transfer-Encoding: quoted-printable

[    0.000000] Linux version 3.11.0-09272-g666a584 (kbuild@inn) (gcc versio=
n 4.8.1 (Debian 4.8.1-8) ) #52 SMP Thu Sep 12 19:28:52 CST 2013
[    0.000000] KERNEL supported cpus:
[    0.000000]   Intel GenuineIntel
[    0.000000]   AMD AuthenticAMD
[    0.000000]   NSC Geode by NSC
[    0.000000]   Cyrix CyrixInstead
[    0.000000]   UMC UMC UMC UMC
[    0.000000] e820: BIOS-provided physical RAM map:
[    0.000000] BIOS-e820: [mem 0x0000000000000000-0x000000000009fbff] usable
[    0.000000] BIOS-e820: [mem 0x000000000009fc00-0x000000000009ffff] reser=
ved
[    0.000000] BIOS-e820: [mem 0x00000000000f0000-0x00000000000fffff] reser=
ved
[    0.000000] BIOS-e820: [mem 0x0000000000100000-0x000000000fffdfff] usable
[    0.000000] BIOS-e820: [mem 0x000000000fffe000-0x000000000fffffff] reser=
ved
[    0.000000] BIOS-e820: [mem 0x00000000fffc0000-0x00000000ffffffff] reser=
ved
[    0.000000] debug: ignoring loglevel setting.
[    0.000000] Notice: NX (Execute Disable) protection cannot be enabled: n=
on-PAE kernel!
[    0.000000] e820: update [mem 0x00000000-0x00000fff] usable =3D=3D> rese=
rved
[    0.000000] e820: remove [mem 0x000a0000-0x000fffff] usable
[    0.000000] e820: last_pfn =3D 0xfffe max_arch_pfn =3D 0x100000
[    0.000000] MTRR default type: write-back
[    0.000000] MTRR fixed ranges enabled:
[    0.000000]   00000-9FFFF write-back
[    0.000000]   A0000-BFFFF uncachable
[    0.000000]   C0000-FFFFF write-protect
[    0.000000] MTRR variable ranges enabled:
[    0.000000]   0 base 0080000000 mask FF80000000 uncachable
[    0.000000]   1 disabled
[    0.000000]   2 disabled
[    0.000000]   3 disabled
[    0.000000]   4 disabled
[    0.000000]   5 disabled
[    0.000000]   6 disabled
[    0.000000]   7 disabled
[    0.000000] Scanning 1 areas for low memory corruption
[    0.000000] initial memory mapped: [mem 0x00000000-0x01ffffff]
[    0.000000] Base memory trampoline at [7809b000] 9b000 size 16384
[    0.000000] init_memory_mapping: [mem 0x00000000-0x000fffff]
[    0.000000]  [mem 0x00000000-0x000fffff] page 4k
[    0.000000] init_memory_mapping: [mem 0x0e000000-0x0e3fffff]
[    0.000000]  [mem 0x0e000000-0x0e3fffff] page 4k
[    0.000000] BRK [0x01982000, 0x01982fff] PGTABLE
[    0.000000] init_memory_mapping: [mem 0x08000000-0x0dffffff]
[    0.000000]  [mem 0x08000000-0x0dffffff] page 4k
[    0.000000] BRK [0x01983000, 0x01983fff] PGTABLE
[    0.000000] BRK [0x01984000, 0x01984fff] PGTABLE
[    0.000000] BRK [0x01985000, 0x01985fff] PGTABLE
[    0.000000] BRK [0x01986000, 0x01986fff] PGTABLE
[    0.000000] BRK [0x01987000, 0x01987fff] PGTABLE
[    0.000000] init_memory_mapping: [mem 0x00100000-0x07ffffff]
[    0.000000]  [mem 0x00100000-0x07ffffff] page 4k
[    0.000000] init_memory_mapping: [mem 0x0e400000-0x0fffdfff]
[    0.000000]  [mem 0x0e400000-0x0fffdfff] page 4k
[    0.000000] log_buf_len: 8388608
[    0.000000] early log buf free: 128212(97%)
[    0.000000] RAMDISK: [mem 0x0e73f000-0x0ffeffff]
[    0.000000] ACPI: RSDP 000fd920 00014 (v00 BOCHS )
[    0.000000] ACPI: RSDT 0fffe450 00034 (v01 BOCHS  BXPCRSDT 00000001 BXPC=
 00000001)
[    0.000000] ACPI: FACP 0fffff80 00074 (v01 BOCHS  BXPCFACP 00000001 BXPC=
 00000001)
[    0.000000] ACPI: DSDT 0fffe490 011A9 (v01   BXPC   BXDSDT 00000001 INTL=
 20100528)
[    0.000000] ACPI: FACS 0fffff40 00040
[    0.000000] ACPI: SSDT 0ffff7a0 00796 (v01 BOCHS  BXPCSSDT 00000001 BXPC=
 00000001)
[    0.000000] ACPI: APIC 0ffff680 00080 (v01 BOCHS  BXPCAPIC 00000001 BXPC=
 00000001)
[    0.000000] ACPI: HPET 0ffff640 00038 (v01 BOCHS  BXPCHPET 00000001 BXPC=
 00000001)
[    0.000000] 0MB HIGHMEM available.
[    0.000000] 255MB LOWMEM available.
[    0.000000]   mapped low ram: 0 - 0fffe000
[    0.000000]   low ram: 0 - 0fffe000
[    0.000000] Zone ranges:
[    0.000000]   Normal   [mem 0x00001000-0x0fffdfff]
[    0.000000]   HighMem  empty
[    0.000000] Movable zone start for each node
[    0.000000] Early memory node ranges
[    0.000000]   node   0: [mem 0x00001000-0x0009efff]
[    0.000000]   node   0: [mem 0x00100000-0x0fffdfff]
[    0.000000] On node 0 totalpages: 65436
[    0.000000]   Normal zone: 640 pages used for memmap
[    0.000000]   Normal zone: 0 pages reserved
[    0.000000]   Normal zone: 65436 pages, LIFO batch:15
[    0.000000] Using APIC driver default
[    0.000000] ACPI: PM-Timer IO Port: 0xb008
[    0.000000] ACPI: HPET id: 0x8086a201 base: 0xfed00000
[    0.000000] smpboot: Allowing 1 CPUs, 0 hotplug CPUs
[    0.000000] APIC: disable apic facility
[    0.000000] APIC: switched to apic NOOP
[    0.000000] nr_irqs_gsi: 16
[    0.000000] e820: [mem 0x10000000-0xfffbffff] available for PCI devices
[    0.000000] Booting paravirtualized kernel on bare hardware
[    0.000000] setup_percpu: NR_CPUS:8 nr_cpumask_bits:8 nr_cpu_ids:1 nr_no=
de_ids:1
[    0.000000] PERCPU: Embedded 12 pages/cpu @8648b000 s27136 r0 d22016 u49=
152
[    0.000000] pcpu-alloc: s27136 r0 d22016 u49152 alloc=3D12*4096
[    0.000000] pcpu-alloc: [0] 0=20
[    0.000000] Built 1 zonelists in Zone order, mobility grouping on.  Tota=
l pages: 64796
[    0.000000] Kernel command line: hung_task_panic=3D1 rcutree.rcu_cpu_sta=
ll_timeout=3D100 log_buf_len=3D8M ignore_loglevel debug sched_debug apic=3D=
debug dynamic_printk sysrq_always_enabled panic=3D10  prompt_ramdisk=3D0 co=
nsole=3DttyS0,115200 console=3Dtty0 vga=3Dnormal  root=3D/dev/ram0 rw link=
=3D/kernel-tests/run-queue/kvm/i386-randconfig-i002-0912/linus:master/.vmli=
nuz-666a584d3a765a914642f80deef7a33fb309df5d-20130912222131-9-ant branch=3D=
linus/master noapic nolapic nohz=3Doff BOOT_IMAGE=3D/kernel/i386-randconfig=
-i002-0912/666a584d3a765a914642f80deef7a33fb309df5d/vmlinuz-3.11.0-09272-g6=
66a584
[    0.000000] sysrq: sysrq always enabled.
[    0.000000] PID hash table entries: 1024 (order: 0, 4096 bytes)
[    0.000000] Dentry cache hash table entries: 32768 (order: 5, 131072 byt=
es)
[    0.000000] Inode-cache hash table entries: 16384 (order: 4, 65536 bytes)
[    0.000000] Initializing CPU#0
[    0.000000] Initializing HighMem for node 0 (00000000:00000000)
[    0.000000] Memory: 215256K/261744K available (2130K kernel code, 200K r=
wdata, 1188K rodata, 304K init, 5860K bss, 46488K reserved, 0K highmem)
[    0.000000] virtual kernel memory layout:
[    0.000000]     fixmap  : 0xffe6d000 - 0xfffff000   (1608 kB)
[    0.000000]     pkmap   : 0xff800000 - 0xffc00000   (4096 kB)
[    0.000000]     vmalloc : 0x887fe000 - 0xff7fe000   (1904 MB)
[    0.000000]     lowmem  : 0x78000000 - 0x87ffe000   ( 255 MB)
[    0.000000]       .init : 0x79372000 - 0x793be000   ( 304 kB)
[    0.000000]       .data : 0x79214ece - 0x79371340   (1393 kB)
[    0.000000]       .text : 0x79000000 - 0x79214ece   (2131 kB)
[    0.000000] Checking if this processor honours the WP bit even in superv=
isor mode...Ok.
[    0.000000] SLUB: HWalign=3D64, Order=3D0-3, MinObjects=3D0, CPUs=3D1, N=
odes=3D1
[    0.000000] Hierarchical RCU implementation.
[    0.000000]=20
[    0.000000] NR_IRQS:2304 nr_irqs:24 16
[    0.000000] CPU 0 irqstacks, hard=3D78094000 soft=3D78096000
[    0.000000] console [ttyS0] enabled
[    0.000000] Lock dependency validator: Copyright (c) 2006 Red Hat, Inc.,=
 Ingo Molnar
[    0.000000] ... MAX_LOCKDEP_SUBCLASSES:  8
[    0.000000] ... MAX_LOCK_DEPTH:          48
[    0.000000] ... MAX_LOCKDEP_KEYS:        8191
[    0.000000] ... CLASSHASH_SIZE:          4096
[    0.000000] ... MAX_LOCKDEP_ENTRIES:     16384
[    0.000000] ... MAX_LOCKDEP_CHAINS:      32768
[    0.000000] ... CHAINHASH_SIZE:          16384
[    0.000000]  memory used by lock dependency info: 3567 kB
[    0.000000]  per task-struct memory footprint: 1152 bytes
[    0.000000] ODEBUG: 10 of 10 active objects replaced
[    0.000000] hpet clockevent registered
[    0.000000] tsc: Fast TSC calibration failed
[    0.000000] tsc: Unable to calibrate against PIT
[    0.000000] tsc: using HPET reference calibration
[    0.000000] tsc: Detected 3191.855 MHz processor
[    0.061531] Calibrating delay loop (skipped), value calculated using tim=
er frequency.. 6383.71 BogoMIPS (lpj=3D31918550)
[    0.063918] pid_max: default: 32768 minimum: 301
[    0.081404] Security Framework initialized
[    0.086339] Yama: becoming mindful.
[    0.090258] Mount-cache hash table entries: 512
[    0.152382] Last level iTLB entries: 4KB 0, 2MB 0, 4MB 0
[    0.152382] Last level dTLB entries: 4KB 0, 2MB 0, 4MB 0
[    0.152382] tlb_flushall_shift: -1
[    0.287649] debug: unmapping init [mem 0x793be000-0x793c0fff]
[    0.322112] ACPI: Core revision 20130725
[    0.474607] ACPI: All ACPI Tables successfully acquired
[    0.476123] ACPI: setting ELCR to 0200 (from 0c00)
[    0.524574] smpboot: weird, boot CPU (#0) not listed by the BIOS
[    0.525493] smpboot: SMP motherboard not detected
[    0.526389] Apic disabled
[    0.526774] smpboot: Local APIC not detected. Using dummy APIC emulation.
[    0.527588] smpboot: SMP disabled
[    0.529222] Performance Events:=20
[    0.530755] no APIC, boot with the "lapic" boot parameter to force-enabl=
e it.
[    0.531652] no hardware sampling interrupt available.
[    0.532977] Broken PMU hardware detected, using software events only.
[    0.533861] Failed to access perfctr msr (MSR c0010004 is 0)
[    0.588035] Brought up 1 CPUs
[    0.590423] smpboot: Total of 1 processors activated (6383.71 BogoMIPS)
[    0.612674] NMI watchdog: disabled (cpu0): hardware events not enabled
[    0.676349] devtmpfs: initialized
[    0.792395] regulator-dummy: no parameters
[    0.813830] NET: Registered protocol family 16
[    0.835196] cpuidle: using governor menu
[    0.842869] ACPI: bus type PCI registered
[    0.847573] PCI: PCI BIOS revision 2.10 entry at 0xfc6d5, last bus=3D0
[    0.935400] gpio-f7188x: Not a Fintek device at 0x0000002e
[    0.937174] gpio-f7188x: Not a Fintek device at 0x0000004e
[    0.941489] ACPI: Added _OSI(Module Device)
[    0.942143] ACPI: Added _OSI(Processor Device)
[    0.942721] ACPI: Added _OSI(3.0 _SCP Extensions)
[    0.943336] ACPI: Added _OSI(Processor Aggregator Device)
[    1.020561] ACPI: EC: Look up EC in DSDT
[    1.370880] ACPI: Interpreter enabled
[    1.373157] ACPI: (supports S0 S5)
[    1.373780] ACPI: Using PIC for interrupt routing
[    1.376700] PCI: Using host bridge windows from ACPI; if necessary, use =
"pci=3Dnocrs" and report a bug
[    1.911475] ACPI: PCI Root Bridge [PCI0] (domain 0000 [bus 00-ff])
[    1.913550] acpi PNP0A03:00: Unable to request _OSC control (_OSC suppor=
t mask: 0x08)
[    1.940708] PCI host bridge to bus 0000:00
[    1.941905] pci_bus 0000:00: root bus resource [bus 00-ff]
[    1.942735] pci_bus 0000:00: root bus resource [io  0x0000-0x0cf7]
[    1.943400] pci_bus 0000:00: root bus resource [io  0x0d00-0xffff]
[    1.944179] pci_bus 0000:00: root bus resource [mem 0x000a0000-0x000bfff=
f]
[    1.944899] pci_bus 0000:00: root bus resource [mem 0x80000000-0xfebffff=
f]
[    1.952417] pci 0000:00:00.0: [8086:1237] type 00 class 0x060000
[    1.976400] pci 0000:00:01.0: [8086:7000] type 00 class 0x060100
[    1.985106] pci 0000:00:01.1: [8086:7010] type 00 class 0x010180
[    1.996956] pci 0000:00:01.1: reg 0x20: [io  0xc1e0-0xc1ef]
[    2.013993] pci 0000:00:01.3: [8086:7113] type 00 class 0x068000
[    2.017908] pci 0000:00:01.3: quirk: [io  0xb000-0xb03f] claimed by PIIX=
4 ACPI
[    2.018835] pci 0000:00:01.3: quirk: [io  0xb100-0xb10f] claimed by PIIX=
4 SMB
[    2.032204] pci 0000:00:02.0: [1013:00b8] type 00 class 0x030000
[    2.036935] pci 0000:00:02.0: reg 0x10: [mem 0xfc000000-0xfdffffff pref]
[    2.042056] pci 0000:00:02.0: reg 0x14: [mem 0xfebe0000-0xfebe0fff]
[    2.060324] pci 0000:00:02.0: reg 0x30: [mem 0xfebc0000-0xfebcffff pref]
[    2.066298] pci 0000:00:03.0: [1af4:1000] type 00 class 0x020000
[    2.072049] pci 0000:00:03.0: reg 0x10: [io  0xc1c0-0xc1df]
[    2.076203] pci 0000:00:03.0: reg 0x14: [mem 0xfebe1000-0xfebe1fff]
[    2.093722] pci 0000:00:03.0: reg 0x30: [mem 0xfebd0000-0xfebdffff pref]
[    2.107593] pci 0000:00:04.0: [8086:100e] type 00 class 0x020000
[    2.112076] pci 0000:00:04.0: reg 0x10: [mem 0xfeb80000-0xfeb9ffff]
[    2.116296] pci 0000:00:04.0: reg 0x14: [io  0xc000-0xc03f]
[    2.135462] pci 0000:00:04.0: reg 0x30: [mem 0xfeba0000-0xfebbffff pref]
[    2.148681] pci 0000:00:05.0: [1af4:1001] type 00 class 0x010000
[    2.153923] pci 0000:00:05.0: reg 0x10: [io  0xc040-0xc07f]
[    2.158188] pci 0000:00:05.0: reg 0x14: [mem 0xfebe2000-0xfebe2fff]
[    2.188778] pci 0000:00:06.0: [1af4:1001] type 00 class 0x010000
[    2.193993] pci 0000:00:06.0: reg 0x10: [io  0xc080-0xc0bf]
[    2.198165] pci 0000:00:06.0: reg 0x14: [mem 0xfebe3000-0xfebe3fff]
[    2.228602] pci 0000:00:07.0: [1af4:1001] type 00 class 0x010000
[    2.232116] pci 0000:00:07.0: reg 0x10: [io  0xc0c0-0xc0ff]
[    2.236289] pci 0000:00:07.0: reg 0x14: [mem 0xfebe4000-0xfebe4fff]
[    2.268716] pci 0000:00:08.0: [1af4:1001] type 00 class 0x010000
[    2.274023] pci 0000:00:08.0: reg 0x10: [io  0xc100-0xc13f]
[    2.278237] pci 0000:00:08.0: reg 0x14: [mem 0xfebe5000-0xfebe5fff]
[    2.309377] pci 0000:00:09.0: [1af4:1001] type 00 class 0x010000
[    2.314036] pci 0000:00:09.0: reg 0x10: [io  0xc140-0xc17f]
[    2.318118] pci 0000:00:09.0: reg 0x14: [mem 0xfebe6000-0xfebe6fff]
[    2.349028] pci 0000:00:0a.0: [1af4:1001] type 00 class 0x010000
[    2.353943] pci 0000:00:0a.0: reg 0x10: [io  0xc180-0xc1bf]
[    2.358159] pci 0000:00:0a.0: reg 0x14: [mem 0xfebe7000-0xfebe7fff]
[    2.388855] pci 0000:00:0b.0: [8086:25ab] type 00 class 0x088000
[    2.391368] pci 0000:00:0b.0: reg 0x10: [mem 0xfebe8000-0xfebe800f]
[    2.418075] pci_bus 0000:00: on NUMA node 0
[    2.466183] ACPI: PCI Interrupt Link [LNKA] (IRQs 5 *10 11)
[    2.475901] ACPI: PCI Interrupt Link [LNKB] (IRQs 5 *10 11)
[    2.483520] ACPI: PCI Interrupt Link [LNKC] (IRQs 5 10 *11)
[    2.491331] ACPI: PCI Interrupt Link [LNKD] (IRQs 5 10 *11)
[    2.495664] ACPI: PCI Interrupt Link [LNKS] (IRQs *9)
[    2.527367] ACPI: NR_CPUS/possible_cpus limit of 1 reached.  Processor 1=
/0x1 ignored.
[    2.528485] Unable to map lapic to logical cpu number
[    2.536516] ACPI: Enabled 16 GPEs in block 00 to 0F
[    2.538877] ACPI: \_SB_.PCI0: notify handler is installed
[    2.544440] Found 1 acpi root devices
[    2.556627] pps_core: LinuxPPS API ver. 1 registered
[    2.557368] pps_core: Software ver. 5.3.6 - Copyright 2005-2007 Rodolfo =
Giometti <giometti@linux.it>
[    2.561202] PCI: Using ACPI for IRQ routing
[    2.562318] PCI: pci_cache_line_size set to 64 bytes
[    2.566124] e820: reserve RAM buffer [mem 0x0009fc00-0x0009ffff]
[    2.567582] e820: reserve RAM buffer [mem 0x0fffe000-0x0fffffff]
[    2.629891] Switched to clocksource hpet
[    2.636908] pnp: PnP ACPI init
[    2.639316] ACPI: bus type PNP registered
[    2.650668] pnp 00:00: Plug and Play ACPI device, IDs PNP0b00 (active)
[    2.655828] pnp 00:01: Plug and Play ACPI device, IDs PNP0303 (active)
[    2.659924] pnp 00:02: Plug and Play ACPI device, IDs PNP0f13 (active)
[    2.664368] pnp 00:03: [dma 2]
[    2.666742] pnp 00:03: Plug and Play ACPI device, IDs PNP0700 (active)
[    2.672027] pnp 00:04: Plug and Play ACPI device, IDs PNP0400 (active)
[    2.678042] pnp 00:05: Plug and Play ACPI device, IDs PNP0501 (active)
[    2.694661] pnp 00:06: Plug and Play ACPI device, IDs PNP0103 (active)
[    2.704871] pnp: PnP ACPI: found 7 devices
[    2.705687] ACPI: bus type PNP unregistered
[    2.796866] pci_bus 0000:00: resource 4 [io  0x0000-0x0cf7]
[    2.797682] pci_bus 0000:00: resource 5 [io  0x0d00-0xffff]
[    2.798354] pci_bus 0000:00: resource 6 [mem 0x000a0000-0x000bffff]
[    2.799072] pci_bus 0000:00: resource 7 [mem 0x80000000-0xfebfffff]
[    2.800930] NET: Registered protocol family 1
[    2.802095] pci 0000:00:00.0: Limiting direct PCI/PCI transfers
[    2.803902] pci 0000:00:01.0: PIIX3: Enabling Passive Release
[    2.805272] pci 0000:00:01.0: Activating ISA DMA hang workarounds
[    2.806552] pci 0000:00:02.0: Boot video device
[    2.808171] PCI: CLS 0 bytes, default 64
[    2.830029] Unpacking initramfs...
[   33.294117] debug: unmapping init [mem 0x8673f000-0x87feffff]
[   33.317956] microcode: AMD CPU family 0x6 not supported
[   33.318949] Scanning for low memory corruption every 60 seconds
[   33.356989] NatSemi SCx200 Driver
[   33.420643] Initializing RT-Tester: OK
[   33.668203] crc32: CRC_LE_BITS =3D 32, CRC_BE BITS =3D 32
[   33.669111] crc32: self tests passed, processed 225944 bytes in 4057260 =
nsec
[   33.675176] crc32c: CRC_LE_BITS =3D 32
[   33.675813] crc32c: self tests passed, processed 225944 bytes in 1876570=
 nsec
[   33.690545] pci_hotplug: PCI Hot Plug PCI Core version: 0.5
[   33.691442] cpcihp_generic: Generic port I/O CompactPCI Hot Plug Driver =
version: 0.1
[   33.693122] cpcihp_generic: not configured, disabling.
[   33.695801] shpchp: Standard Hot Plug PCI Controller Driver version: 0.4
[   33.698073] ipmi message handler version 39.2
[   33.699215] ipmi device interface
[   33.703673] IPMI Watchdog: driver initialized
[   33.719376] input: Power Button as /devices/LNXSYSTM:00/LNXPWRBN:00/inpu=
t/input0
[   33.723369] ACPI: Power Button [PWRF]
[   34.325270] tsc: Refined TSC clocksource calibration: 3191.881 MHz
[   34.330260] Switched to clocksource tsc
[   35.253389] Serial: 8250/16550 driver, 4 ports, IRQ sharing disabled
[   35.292940] 00:05: ttyS0 at I/O 0x3f8 (irq =3D 4, base_baud =3D 115200) =
is a 16550A
[   35.341611] Non-volatile memory driver v1.3
[   35.343244] toshiba: not a supported Toshiba laptop
[   35.344048] nsc_gpio initializing
[   35.355975] dummy-irq: no IRQ given.  Use irq=3DN
[   35.358802] Phantom Linux Driver, version n0.9.8, init OK
[   35.376333] i8042: PNP: PS/2 Controller [PNP0303:KBD,PNP0f13:MOU] at 0x6=
0,0x64 irq 1,12
[   35.395007] serio: i8042 KBD port at 0x60,0x64 irq 1
[   35.398834] serio: i8042 AUX port at 0x60,0x64 irq 12
[   35.430880] mousedev: PS/2 mouse device common for all mice
[   35.439909] rtc_cmos 00:00: RTC can wake from S4
[   35.449121] rtc (null): alarm rollover: day
[   35.461617] rtc rtc0: rtc_cmos: dev (254:0)
[   35.464370] rtc_cmos 00:00: rtc core: registered rtc_cmos as rtc0
[   35.468153] rtc_cmos 00:00: alarms up to one day, 114 bytes nvram, hpet =
irqs
[   35.471369] Driver for 1-wire Dallas network protocol.
[   35.480415] intel_powerclamp: Intel powerclamp does not run on family 6 =
model 2
[   35.510132] advantechwdt: WDT driver for Advantech single board computer=
 initialising
[   35.555548] input: AT Translated Set 2 keyboard as /devices/platform/i80=
42/serio0/input/input1
[   35.606646] advantechwdt: initialized. timeout=3D60 sec (nowayout=3D1)
[   35.609832] i6300esb: Intel 6300ESB WatchDog Timer Driver v0.05
[   35.616886] i6300esb: cannot register miscdev on minor=3D130 (err=3D-16)
[   35.621046] i6300ESB timer: probe of 0000:00:0b.0 failed with error -16
[   35.623485] pc87413_wdt: Version 1.1 at io 0x2E
[   35.624361] pc87413_wdt: cannot register miscdev on minor=3D130 (err=3D-=
16)
[   35.625693] sbc7240_wdt: I/O address 0x0443 already in use
[   35.628838] watchdog: Software Watchdog: cannot register miscdev on mino=
r=3D130 (err=3D-16).
[   35.629877] watchdog: Software Watchdog: a legacy watchdog module is pro=
bably present.
[   35.637506] softdog: Software Watchdog Timer: 0.08 initialized. soft_nob=
oot=3D0 soft_margin=3D60 sec soft_panic=3D0 (nowayout=3D1)
[   35.648847]=20
[   35.648847] printing PIC contents
[   35.649688] ... PIC  IMR: ecf8
[   35.650146] ... PIC  IRR: 0010
[   35.650668] ... PIC  ISR: 0000
[   35.651122] ... PIC ELCR: 0200
[   35.651713] Using IPI No-Shortcut mode
[   35.676588] IMA: No TPM chip found, activating TPM-bypass!
[   35.715442] rtc_cmos 00:00: setting system clock to 2013-09-12 15:38:58 =
UTC (1379000338)
[   35.764474] debug: unmapping init [mem 0x79372000-0x793bdfff]
[   35.767803] Write protecting the kernel text: 2132k
[   35.769193] Write protecting the kernel read-only data: 1192k
[   36.236584] input: ImExPS/2 Generic Explorer Mouse as /devices/platform/=
i8042/serio1/input/input2
modprobe: FATAL: Could not load /lib/modules/3.11.0-09272-g666a584/modules.=
dep: No such file or directory

modprobe: FATAL: Could not load /lib/modules/3.11.0-09272-g666a584/modules.=
dep: No such file or directory

mountall: Event failed
 * Asking all remaining processes to terminate...      =20
[   54.649810] init: Failed to create pty - disabling logging for job
[   54.666722] init: Temporary process spawn error: No space left on device

[   56.020577] BUG: Bad page map in process killall5  pte:53425553 pmd:075f=
4067
[   56.022578] addr:08800000 vm_flags:00100073 anon_vma:7f5f6f00 mapping:  =
(null) index:8800
[   56.025276] CPU: 0 PID: 101 Comm: killall5 Not tainted 3.11.0-09272-g666=
a584 #52
[   56.026971]  00000000 00000000 7f607e14 7920eb26 7f609d10 7f607e48 79098=
f57 792efd3c
[   56.029836]  08800000 00100073 7f5f6f00 00000000 00008800 53425553 00000=
000 08800000
[   56.031178]  7f609d10 08800000 7f607e60 79099d01 00000000 08800000 00000=
000 7f609d10
[   56.033387] Call Trace:
[   56.036240]  [<7920eb26>] dump_stack+0x4b/0x66
[   56.037009]  [<79098f57>] print_bad_pte+0x173/0x18a
[   56.037723]  [<79099d01>] vm_normal_page+0x5a/0x78
[   56.038445]  [<7909c621>] munlock_vma_pages_range+0xa6/0x150
[   56.039289]  [<7909e532>] exit_mmap+0x3d/0xeb
[   56.039951]  [<7902f05d>] mmput+0x45/0x9f
[   56.040567]  [<79031b1e>] do_exit+0x22d/0x65d
[   56.041267]  [<79047be8>] ? hrtimer_get_res+0x34/0x34
[   56.041978]  [<792140d6>] ? sysenter_exit+0xf/0x39
[   56.043463]  [<79032b1a>] do_group_exit+0x5a/0x87
[   56.044263]  [<79032b58>] SyS_exit_group+0x11/0x11
[   56.044957]  [<7921409d>] sysenter_do_call+0x12/0x3c
[   56.045910] Disabling lock debugging due to kernel taint
mountall: Event failed

udevd[156]: error: runtime directory '/run/udev' not writable, for now fall=
ing back to '/dev/.udev'
[   77.135929] udevd[162]: starting version 175
udevd[162]: inotify_init failed: Function not implemented

udevd[162]: error initializing inotify

[   78.900293] init: plymouth-log main process (159) terminated with status=
 1
[   79.178144] init: udev main process (162) terminated with status 4
[   79.181136] init: udev main process ended, respawning
udevd[171]: error: runtime directory '/run/udev' not writable, for now fall=
ing back to '/dev/.udev'
[   81.373943] udevd[174]: starting version 175
udevd[174]: inotify_init failed: Function not implemented

udevd[174]: error initializing inotify

[   81.518694] init: udev main process (174) terminated with status 4
[   81.521607] init: udev main process ended, respawning
udevd[175]: error: runtime directory '/run/udev' not writable, for now fall=
ing back to '/dev/.udev'
[   82.603677] udevd[176]: starting version 175
udevd[176]: inotify_init failed: Function not implemented

udevd[176]: error initializing inotify

[   82.737829] init: udev main process (176) terminated with status 4
[   82.740796] init: udev main process ended, respawning
udevd[177]: error: runtime directory '/run/udev' not writable, for now fall=
ing back to '/dev/.udev'
[   83.906636] udevd[178]: starting version 175
udevd[178]: inotify_init failed: Function not implemented

udevd[178]: error initializing inotify

[   84.016160] init: udev main process (178) terminated with status 4
[   84.019085] init: udev main process ended, respawning
udevd[180]: error: runtime directory '/run/udev' not writable, for now fall=
ing back to '/dev/.udev'
[   84.877439] udevd[181]: starting version 175
udevd[181]: inotify_init failed: Function not implemented

udevd[181]: error initializing inotify

[   85.038664] init: udev main process (181) terminated with status 4
[   85.041542] init: udev main process ended, respawning
udevd[183]: error: runtime directory '/run/udev' not writable, for now fall=
ing back to '/dev/.udev'
[   85.939654] udevd[184]: starting version 175
udevd[184]: inotify_init failed: Function not implemented

udevd[184]: error initializing inotify

[   86.047783] init: udev main process (184) terminated with status 4
[   86.050694] init: udev main process ended, respawning
udevd[185]: error: runtime directory '/run/udev' not writable, for now fall=
ing back to '/dev/.udev'
[   87.388534] udevd[190]: starting version 175
udevd[190]: inotify_init failed: Function not implemented

udevd[190]: error initializing inotify

[   87.620911] init: udev main process (190) terminated with status 4
[   87.645673] init: udev main process ended, respawning
udevd[191]: error: runtime directory '/run/udev' not writable, for now fall=
ing back to '/dev/.udev'
[   90.830270] udevd[192]: starting version 175
udevd[192]: inotify_init failed: Function not implemented

udevd[192]: error initializing inotify

[   91.124020] init: udev main process (192) terminated with status 4
[   91.161656] init: udev main process ended, respawning
udevd[193]: error: runtime directory '/run/udev' not writable, for now fall=
ing back to '/dev/.udev'
[   92.251348] udevd[195]: starting version 175
udevd[195]: inotify_init failed: Function not implemented

udevd[195]: error initializing inotify

[   92.401909] init: udev main process (195) terminated with status 4
[   92.429364] init: udev main process ended, respawning
udevd[196]: error: runtime directory '/run/udev' not writable, for now fall=
ing back to '/dev/.udev'
[   94.464002] udevd[200]: starting version 175
udevd[200]: inotify_init failed: Function not implemented

udevd[200]: error initializing inotify

[   94.734420] init: udev main process (200) terminated with status 4
[   94.737739] init: udev main process ended, respawning
[   96.067706] init: udev-fallback-graphics main process (197) terminated w=
ith status 1
udevd[204]: error: runtime directory '/run/udev' not writable, for now fall=
ing back to '/dev/.udev'
[   96.656257] udevd[208]: starting version 175
udevd[208]: inotify_init failed: Function not implemented

udevd[208]: error initializing inotify

[   97.027958] init: udev main process (208) terminated with status 4
[   97.031518] init: udev main process ended, respawning
[   97.847132] init: plymouth-splash main process (207) terminated with sta=
tus 1
udevd[210]: error: runtime directory '/run/udev' not writable, for now fall=
ing back to '/dev/.udev'
[   98.229368] udevd[212]: starting version 175
udevd[212]: inotify_init failed: Function not implemented

udevd[212]: error initializing inotify

[   98.337943] init: udev main process (212) terminated with status 4
[   98.340899] init: udev main process ended, respawning
udevd[213]: error: runtime directory '/run/udev' not writable, for now fall=
ing back to '/dev/.udev'
[   99.357074] udevd[219]: starting version 175
udevd[219]: inotify_init failed: Function not implemented

udevd[219]: error initializing inotify

[   99.577450] init: udev main process (219) terminated with status 4
[   99.580438] init: udev main process ended, respawning
udevd[220]: error: runtime directory '/run/udev' not writable, for now fall=
ing back to '/dev/.udev'
[  100.889840] udevd[222]: starting version 175
udevd[222]: inotify_init failed: Function not implemented

udevd[222]: error initializing inotify

[  101.035919] init: udev main process (222) terminated with status 4
[  101.038743] init: udev main process ended, respawning
udevd[223]: error: runtime directory '/run/udev' not writable, for now fall=
ing back to '/dev/.udev'
[  102.274394] udevd[224]: starting version 175
udevd[224]: inotify_init failed: Function not implemented

udevd[224]: error initializing inotify

[  102.417324] init: udev main process (224) terminated with status 4
[  102.420484] init: udev main process ended, respawning
udevd[226]: error: runtime directory '/run/udev' not writable, for now fall=
ing back to '/dev/.udev'
[  104.455982] udevd[227]: starting version 175
udevd[227]: inotify_init failed: Function not implemented

udevd[227]: error initializing inotify

[  104.820524] init: udev main process (227) terminated with status 4
[  104.883862] init: udev main process ended, respawning
udevd[230]: error: runtime directory '/run/udev' not writable, for now fall=
ing back to '/dev/.udev'
[  106.096436] udevd[232]: starting version 175
udevd[232]: inotify_init failed: Function not implemented

udevd[232]: error initializing inotify

[  106.362471] init: udev main process (232) terminated with status 4
[  106.418058] init: udev main process ended, respawning
udevd[234]: error: runtime directory '/run/udev' not writable, for now fall=
ing back to '/dev/.udev'
[  107.319966] udevd[235]: starting version 175
udevd[235]: inotify_init failed: Function not implemented

udevd[235]: error initializing inotify

[  107.427737] init: udev main process (235) terminated with status 4
[  107.431536] init: udev main process ended, respawning
[  107.591571] init: networking main process (206) terminated with status 1
udevd[237]: error: runtime directory '/run/udev' not writable, for now fall=
ing back to '/dev/.udev'
[  107.994708] udevd[238]: starting version 175
udevd[238]: inotify_init failed: Function not implemented

udevd[238]: error initializing inotify

[  108.075791] init: udev main process (238) terminated with status 4
[  108.078979] init: udev main process ended, respawning
udevd[243]: error: runtime directory '/run/udev' not writable, for now fall=
ing back to '/dev/.udev'
[  109.308455] udevd[244]: starting version 175
udevd[244]: inotify_init failed: Function not implemented

udevd[244]: error initializing inotify

[  109.435427] init: udev main process (244) terminated with status 4
[  109.438951] init: udev main process ended, respawning
udevd[245]: error: runtime directory '/run/udev' not writable, for now fall=
ing back to '/dev/.udev'
[  110.391076] udevd[246]: starting version 175
udevd[246]: inotify_init failed: Function not implemented

udevd[246]: error initializing inotify

[  110.527745] init: udev main process (246) terminated with status 4
[  110.531062] init: udev main process ended, respawning
udevd[247]: error: runtime directory '/run/udev' not writable, for now fall=
ing back to '/dev/.udev'
[  111.490915] udevd[249]: starting version 175
udevd[249]: inotify_init failed: Function not implemented

udevd[249]: error initializing inotify

[  111.596704] init: udev main process (249) terminated with status 4
[  111.600189] init: udev main process ended, respawning
udevd[250]: error: runtime directory '/run/udev' not writable, for now fall=
ing back to '/dev/.udev'
[  112.444501] udevd[251]: starting version 175
udevd[251]: inotify_init failed: Function not implemented

udevd[251]: error initializing inotify

[  112.557509] init: udev main process (251) terminated with status 4
[  112.561215] init: udev main process ended, respawning
udevd[253]: error: runtime directory '/run/udev' not writable, for now fall=
ing back to '/dev/.udev'
[  112.994323] udevd[254]: starting version 175
udevd[254]: inotify_init failed: Function not implemented

udevd[254]: error initializing inotify

[  113.059231] init: udev main process (254) terminated with status 4
[  113.063899] init: udev main process ended, respawning
udevd[255]: error: runtime directory '/run/udev' not writable, for now fall=
ing back to '/dev/.udev'
[  113.496552] udevd[256]: starting version 175
udevd[256]: inotify_init failed: Function not implemented

udevd[256]: error initializing inotify

[  113.565099] init: udev main process (256) terminated with status 4
[  113.568614] init: udev main process ended, respawning
udevd[257]: error: runtime directory '/run/udev' not writable, for now fall=
ing back to '/dev/.udev'
[  114.075389] udevd[262]: starting version 175
udevd[262]: inotify_init failed: Function not implemented

udevd[262]: error initializing inotify

[  114.187780] init: udev main process (262) terminated with status 4
[  114.190906] init: udev main process ended, respawning
udevd[263]: error: runtime directory '/run/udev' not writable, for now fall=
ing back to '/dev/.udev'
[  115.228134] udevd[264]: starting version 175
udevd[264]: inotify_init failed: Function not implemented

udevd[264]: error initializing inotify

[  115.347505] init: udev main process (264) terminated with status 4
[  115.350561] init: udev main process ended, respawning
udevd[265]: error: runtime directory '/run/udev' not writable, for now fall=
ing back to '/dev/.udev'
[  116.280950] udevd[266]: starting version 175
udevd[266]: inotify_init failed: Function not implemented

udevd[266]: error initializing inotify

[  116.398316] init: udev main process (266) terminated with status 4
[  116.401413] init: udev main process ended, respawning
udevd[267]: error: runtime directory '/run/udev' not writable, for now fall=
ing back to '/dev/.udev'
[  117.249929] udevd[269]: starting version 175
udevd[269]: inotify_init failed: Function not implemented

udevd[269]: error initializing inotify

[  117.345095] init: udev main process (269) terminated with status 4
[  117.348484] init: udev main process ended, respawning
udevd[270]: error: runtime directory '/run/udev' not writable, for now fall=
ing back to '/dev/.udev'
[  118.791371] udevd[274]: starting version 175
udevd[274]: inotify_init failed: Function not implemented

udevd[274]: error initializing inotify

[  119.210718] init: udev main process (274) terminated with status 4
[  119.244981] init: udev main process ended, respawning
udevd[275]: error: runtime directory '/run/udev' not writable, for now fall=
ing back to '/dev/.udev'
[  120.215472] udevd[276]: starting version 175
udevd[276]: inotify_init failed: Function not implemented

udevd[276]: error initializing inotify

[  120.349515] init: udev main process (276) terminated with status 4
[  120.363742] init: udev main process ended, respawning
udevd[277]: error: runtime directory '/run/udev' not writable, for now fall=
ing back to '/dev/.udev'
[  121.296529] udevd[278]: starting version 175
udevd[278]: inotify_init failed: Function not implemented

udevd[278]: error initializing inotify

[  121.415025] init: udev main process (278) terminated with status 4
[  121.427528] init: udev main process ended, respawning
udevd[279]: error: runtime directory '/run/udev' not writable, for now fall=
ing back to '/dev/.udev'
[  122.370103] udevd[280]: starting version 175
udevd[280]: inotify_init failed: Function not implemented

udevd[280]: error initializing inotify

[  122.485916] init: udev main process (280) terminated with status 4
[  122.491579] init: udev main process ended, respawning
udevd[282]: error: runtime directory '/run/udev' not writable, for now fall=
ing back to '/dev/.udev'
[  123.158835] udevd[284]: starting version 175
udevd[284]: inotify_init failed: Function not implemented

udevd[284]: error initializing inotify

[  123.256734] init: udev main process (284) terminated with status 4
[  123.259863] init: udev main process ended, respawning
udevd[285]: error: runtime directory '/run/udev' not writable, for now fall=
ing back to '/dev/.udev'
[  123.922959] udevd[288]: starting version 175
udevd[288]: inotify_init failed: Function not implemented

udevd[288]: error initializing inotify

[  123.998949] init: udev main process (288) terminated with status 4
[  124.002245] init: udev main process ended, respawning
udevd[289]: error: runtime directory '/run/udev' not writable, for now fall=
ing back to '/dev/.udev'
[  124.688159] udevd[292]: starting version 175
udevd[292]: inotify_init failed: Function not implemented

udevd[292]: error initializing inotify

[  124.776571] init: udev main process (292) terminated with status 4
[  124.779474] init: udev main process ended, respawning
 * All processes ended within 8 seconds....       udevd[293]: error: runtim=
e directory '/run/udev' not writable, for now falling back to '/dev/.udev'
[  125.419010] udevd[295]: starting version 175
udevd[295]: inotify_init failed: Function not implemented

udevd[295]: error initializing inotify

[  125.513908] init: udev main process (295) terminated with status 4
[  125.517426] init: udev main process ended, respawning

[  126.218963] udevd[299]: starting version 175
udevd[299]: inotify_init failed: Function not implemented

udevd[299]: error initializing inotify

[  126.307554] init: udev main process (299) terminated with status 4
[  126.310509] init: udev main process ended, respawning

udevd[300]: error: runtime directory '/run/udev' not writable, for now fall=
ing back to '/dev/.udev'
[  127.073107] udevd[302]: starting version 175
udevd[302]: inotify_init failed: Function not implemented

udevd[302]: error initializing inotify

[  127.155357] init: udev main process (302) terminated with status 4
[  127.158751] init: udev main process ended, respawning
udevd[304]: error: runtime directory '/run/udev' not writable, for now fall=
ing back to '/dev/.udev'
[  127.857233] udevd[307]: starting version 175
udevd[307]: inotify_init failed: Function not implemented

udevd[307]: error initializing inotify

[  127.971091] init: udev main process (307) terminated with status 4
[  127.975295] init: udev main process ended, respawning
udevd[308]: error: runtime directory '/run/udev' not writable, for now fall=
ing back to '/dev/.udev'
[  128.613828] udevd[310]: starting version 175
udevd[310]: inotify_init failed: Function not implemented

udevd[310]: error initializing inotify

[  128.697111] init: udev main process (310) terminated with status 4
[  128.700037] init: udev main process ended, respawning
udevd[311]: error: runtime directory '/run/udev' not writable, for now fall=
ing back to '/dev/.udev'
[  129.468829] udevd[314]: starting version 175
udevd[314]: inotify_init failed: Function not implemented

udevd[314]: error initializing inotify

[  129.660115] init: udev main process (314) terminated with status 4
[  129.675498] init: udev main process ended, respawning
udevd[316]: error: runtime directory '/run/udev' not writable, for now fall=
ing back to '/dev/.udev'
[  130.477604] udevd[319]: starting version 175
udevd[319]: inotify_init failed: Function not implemented

udevd[319]: error initializing inotify

[  130.587817] init: udev main process (319) terminated with status 4
[  130.591001] init: udev main process ended, respawning
udevd[321]: error: runtime directory '/run/udev' not writable, for now fall=
ing back to '/dev/.udev'
[  131.339656] udevd[323]: starting version 175
udevd[323]: inotify_init failed: Function not implemented

udevd[323]: error initializing inotify

[  131.447278] init: udev main process (323) terminated with status 4
[  131.450334] init: udev main process ended, respawning
udevd[324]: error: runtime directory '/run/udev' not writable, for now fall=
ing back to '/dev/.udev'
[  132.951397] udevd[326]: starting version 175
udevd[326]: inotify_init failed: Function not implemented

udevd[326]: error initializing inotify

[  133.331623] init: udev main process (326) terminated with status 4
[  133.353966] init: udev main process ended, respawning
udevd[327]: error: runtime directory '/run/udev' not writable, for now fall=
ing back to '/dev/.udev'
[  134.431543] udevd[331]: starting version 175
udevd[331]: inotify_init failed: Function not implemented

udevd[331]: error initializing inotify

[  134.543537] init: udev main process (331) terminated with status 4
[  134.549717] init: udev main process ended, respawning
udevd[332]: error: runtime directory '/run/udev' not writable, for now fall=
ing back to '/dev/.udev'
[  135.236366] udevd[333]: starting version 175
udevd[333]: inotify_init failed: Function not implemented

udevd[333]: error initializing inotify

[  135.326300] init: udev main process (333) terminated with status 4
[  135.344148] init: udev main process ended, respawning
udevd[335]: error: runtime directory '/run/udev' not writable, for now fall=
ing back to '/dev/.udev'
[  136.059137] udevd[338]: starting version 175
udevd[338]: inotify_init failed: Function not implemented

udevd[338]: error initializing inotify

[  136.157434] init: udev main process (338) terminated with status 4
[  136.160442] init: udev main process ended, respawning
udevd[339]: error: runtime directory '/run/udev' not writable, for now fall=
ing back to '/dev/.udev'
[  136.897452] udevd[342]: starting version 175
udevd[342]: inotify_init failed: Function not implemented

udevd[342]: error initializing inotify

[  137.019266] init: udev main process (342) terminated with status 4
[  137.046578] init: udev main process ended, respawning
udevd[345]: error: runtime directory '/run/udev' not writable, for now fall=
ing back to '/dev/.udev'
[  137.994692] udevd[348]: starting version 175
udevd[348]: inotify_init failed: Function not implemented

udevd[348]: error initializing inotify

[  138.118179] init: udev main process (348) terminated with status 4
[  138.134053] init: udev main process ended, respawning
udevd[349]: error: runtime directory '/run/udev' not writable, for now fall=
ing back to '/dev/.udev'
[  138.851636] udevd[352]: starting version 175
udevd[352]: inotify_init failed: Function not implemented

udevd[352]: error initializing inotify

[  139.027052] init: udev main process (352) terminated with status 4
[  139.029947] init: udev main process ended, respawning
udevd[355]: error: runtime directory '/run/udev' not writable, for now fall=
ing back to '/dev/.udev'
[  139.582813] udevd[358]: starting version 175
udevd[358]: inotify_init failed: Function not implemented

udevd[358]: error initializing inotify

[  139.647858] init: udev main process (358) terminated with status 4
[  139.650793] init: udev main process ended, respawning
udevd[359]: error: runtime directory '/run/udev' not writable, for now fall=
ing back to '/dev/.udev'
[  140.369620] udevd[362]: starting version 175
udevd[362]: inotify_init failed: Function not implemented

udevd[362]: error initializing inotify

[  140.475805] init: udev main process (362) terminated with status 4
[  140.478535] init: udev main process ended, respawning
udevd[365]: error: runtime directory '/run/udev' not writable, for now fall=
ing back to '/dev/.udev'
[  141.187301] udevd[368]: starting version 175
udevd[368]: inotify_init failed: Function not implemented

udevd[368]: error initializing inotify

[  141.275978] init: udev main process (368) terminated with status 4
[  141.278778] init: udev main process ended, respawning
udevd[369]: error: runtime directory '/run/udev' not writable, for now fall=
ing back to '/dev/.udev'
[  142.028157] udevd[373]: starting version 175
udevd[373]: inotify_init failed: Function not implemented

udevd[373]: error initializing inotify

[  142.127614] init: udev main process (373) terminated with status 4
[  142.130486] init: udev main process ended, respawning
udevd[374]: error: runtime directory '/run/udev' not writable, for now fall=
ing back to '/dev/.udev'
[  142.844844] udevd[376]: starting version 175
udevd[376]: inotify_init failed: Function not implemented

udevd[376]: error initializing inotify

[  142.944693] init: udev main process (376) terminated with status 4
[  142.947356] init: udev main process ended, respawning
udevd[378]: error: runtime directory '/run/udev' not writable, for now fall=
ing back to '/dev/.udev'
[  143.674192] udevd[380]: starting version 175
udevd[380]: inotify_init failed: Function not implemented

udevd[380]: error initializing inotify

[  143.747335] init: udev main process (380) terminated with status 4
[  143.750371] init: udev main process ended, respawning
udevd[382]: error: runtime directory '/run/udev' not writable, for now fall=
ing back to '/dev/.udev'
[  144.493103] udevd[384]: starting version 175
udevd[384]: inotify_init failed: Function not implemented

udevd[384]: error initializing inotify

[  144.594856] init: udev main process (384) terminated with status 4
[  144.598137] init: udev main process ended, respawning
 * Deactivating swap...       udevd[386]: error: runtime directory '/run/ud=
ev' not writable, for now falling back to '/dev/.udev'

 udevd[388]: inotify_init failed: Function not implemented

udevd[388]: error initializing inotify

[  146.274998] init: udev main process (388) terminated with status 4
[  146.293800] init: udev main process ended, respawning

[  147.204005] udevd[393]: starting version 175
udevd[393]: inotify_init failed: Function not implemented

udevd[393]: error initializing inotify

[  147.303326] init: udev main process (393) terminated with status 4
[  147.310557] init: udev main process ended, respawning

udevd[394]: error: runtime directory '/run/udev' not writable, for now fall=
ing back to '/dev/.udev'
[  147.979498] udevd[396]: starting version 175
udevd[396]: inotify_init failed: Function not implemented

udevd[396]: error initializing inotify

[  148.074513] init: udev main process (396) terminated with status 4
[  148.080481] init: udev main process ended, respawning
udevd[397]: error: runtime directory '/run/udev' not writable, for now fall=
ing back to '/dev/.udev'
[  148.773592] udevd[400]: starting version 175
udevd[400]: inotify_init failed: Function not implemented

udevd[400]: error initializing inotify

[  148.857658] init: udev main process (400) terminated with status 4
[  148.860833] init: udev main process ended, respawning
udevd[401]: error: runtime directory '/run/udev' not writable, for now fall=
ing back to '/dev/.udev'
[  149.536199] udevd[404]: starting version 175
udevd[404]: inotify_init failed: Function not implemented

udevd[404]: error initializing inotify

[  149.630680] init: udev main process (404) terminated with status 4
[  149.634525] init: udev main process ended, respawning
udevd[405]: error: runtime directory '/run/udev' not writable, for now fall=
ing back to '/dev/.udev'
[  150.309523] udevd[407]: starting version 175
udevd[407]: inotify_init failed: Function not implemented

udevd[407]: error initializing inotify

[  150.418518] init: udev main process (407) terminated with status 4
[  150.421315] init: udev main process ended, respawning
udevd[408]: error: runtime directory '/run/udev' not writable, for now fall=
ing back to '/dev/.udev'
[  151.114860] udevd[411]: starting version 175
udevd[411]: inotify_init failed: Function not implemented

udevd[411]: error initializing inotify

[  151.195653] init: udev main process (411) terminated with status 4
[  151.198475] init: udev main process ended, respawning
udevd[413]: error: runtime directory '/run/udev' not writable, for now fall=
ing back to '/dev/.udev'
umount: /run/lock: not mounted
[  151.908187] udevd[414]: starting version 175
udevd[414]: inotify_init failed: Function not implemented

udevd[414]: error initializing inotify

[  152.005454] init: udev main process (414) terminated with status 4
[  152.008435] init: udev main process ended, respawning
udevd[416]: error: runtime directory '/run/udev' not writable, for now fall=
ing back to '/dev/.udev'
[  152.565683] udevd[418]: starting version 175
udevd[418]: inotify_init failed: Function not implemented

udevd[418]: error initializing inotify

[  152.647390] init: udev main process (418) terminated with status 4
[  152.650453] init: udev main process ended, respawning
udevd[420]: error: runtime directory '/run/udev' not writable, for now fall=
ing back to '/dev/.udev'
[  153.353958] udevd[423]: starting version 175
udevd[423]: inotify_init failed: Function not implemented

udevd[423]: error initializing inotify

[  153.436396] init: udev main process (423) terminated with status 4
[  153.439166] init: udev main process ended, respawning
udevd[424]: error: runtime directory '/run/udev' not writable, for now fall=
ing back to '/dev/.udev'
[  154.157049] udevd[426]: starting version 175
udevd[426]: inotify_init failed: Function not implemented

udevd[426]: error initializing inotify

[  154.236413] init: udev main process (426) terminated with status 4
[  154.239270] init: udev main process ended, respawning
 * Will now restart
udevd[427]: error: runtime directory '/run/udev' not writable, for now fall=
ing back to '/dev/.udev'
[  154.875286] reboot: Restarting system
[  154.876189] reboot: machine restart
Elapsed time: 190
qemu-system-x86_64 -kernel /tmp//kernel/i386-randconfig-i002-0912/666a584d3=
a765a914642f80deef7a33fb309df5d/vmlinuz-3.11.0-09272-g666a584-27867 -append=
 'hung_task_panic=3D1 rcutree.rcu_cpu_stall_timeout=3D100 log_buf_len=3D8M =
ignore_loglevel debug sched_debug apic=3Ddebug dynamic_printk sysrq_always_=
enabled panic=3D10  prompt_ramdisk=3D0 console=3DttyS0,115200 console=3Dtty=
0 vga=3Dnormal  root=3D/dev/ram0 rw link=3D/kernel-tests/run-queue/kvm/i386=
-randconfig-i002-0912/linus:master/.vmlinuz-666a584d3a765a914642f80deef7a33=
fb309df5d-20130912222131-9-ant branch=3Dlinus/master noapic nolapic nohz=3D=
off BOOT_IMAGE=3D/kernel/i386-randconfig-i002-0912/666a584d3a765a914642f80d=
eef7a33fb309df5d/vmlinuz-3.11.0-09272-g666a584'  -initrd /kernel-tests/init=
rd/quantal-core-i386.cgz -m 256M -smp 2 -net nic,vlan=3D0,macaddr=3D00:00:0=
0:00:00:00,model=3Dvirtio -net user,vlan=3D0,hostfwd=3Dtcp::31963-:22 -net =
nic,vlan=3D1,model=3De1000 -net user,vlan=3D1 -boot order=3Dnc -no-reboot -=
watchdog i6300esb -drive file=3D/fs/sdc1/disk0-ant-27867,media=3Ddisk,if=3D=
virtio -drive file=3D/fs/sdc1/disk1-ant-27867,media=3Ddisk,if=3Dvirtio -dri=
ve file=3D/fs/sdc1/disk2-ant-27867,media=3Ddisk,if=3Dvirtio -drive file=3D/=
fs/sdc1/disk3-ant-27867,media=3Ddisk,if=3Dvirtio -drive file=3D/fs/sdc1/dis=
k4-ant-27867,media=3Ddisk,if=3Dvirtio -drive file=3D/fs/sdc1/disk5-ant-2786=
7,media=3Ddisk,if=3Dvirtio -pidfile /dev/shm/kboot/pid-ant-lkp-27867 -seria=
l file:/dev/shm/kboot/serial-ant-lkp-27867 -daemonize -display none -monito=
r null=20

--qDbXVdCdHGoSgWSk
Content-Type: application/octet-stream
Content-Disposition: attachment; filename="bisect-666a584d3a765a914642f80deef7a33fb309df5d-i386-randconfig-i002-0912-BUG:-Bad-page-map-in-process-22004.log"
Content-Transfer-Encoding: base64

Z2l0IGNoZWNrb3V0IDY2NmE1ODRkM2E3NjVhOTE0NjQyZjgwZGVlZjdhMzNmYjMwOWRmNWQK
SEVBRCBpcyBub3cgYXQgNjY2YTU4NC4uLiBkcml2ZXJzL3J0Yy9ydGMtcGFsbWFzLmM6IHN1
cHBvcnQgZm9yIGJhY2t1cCBiYXR0ZXJ5IGNoYXJnaW5nCmxzIC1hIC9rZXJuZWwtdGVzdHMv
cnVuLXF1ZXVlL2t2bS9pMzg2LXJhbmRjb25maWctaTAwMi0wOTEyL2xpbnVzOm1hc3Rlcjo2
NjZhNTg0ZDNhNzY1YTkxNDY0MmY4MGRlZWY3YTMzZmIzMDlkZjVkOmJpc2VjdC1tbQogVEVT
VCBGQUlMVVJFClsgICA1NC42NjY3MjJdIGluaXQ6IFRlbXBvcmFyeSBwcm9jZXNzIHNwYXdu
IGVycm9yOiBObyBzcGFjZSBsZWZ0IG9uIGRldmljZQoKWyAgIDU2LjAyMDU3N10gQlVHOiBC
YWQgcGFnZSBtYXAgaW4gcHJvY2VzcyBraWxsYWxsNSAgcHRlOjUzNDI1NTUzIHBtZDowNzVm
NDA2NwpbICAgNTYuMDIyNTc4XSBhZGRyOjA4ODAwMDAwIHZtX2ZsYWdzOjAwMTAwMDczIGFu
b25fdm1hOjdmNWY2ZjAwIG1hcHBpbmc6ICAobnVsbCkgaW5kZXg6ODgwMApbICAgNTYuMDI1
Mjc2XSBDUFU6IDAgUElEOiAxMDEgQ29tbToga2lsbGFsbDUgTm90IHRhaW50ZWQgMy4xMS4w
LTA5MjcyLWc2NjZhNTg0ICM1Mgova2VybmVsL2kzODYtcmFuZGNvbmZpZy1pMDAyLTA5MTIv
NjY2YTU4NGQzYTc2NWE5MTQ2NDJmODBkZWVmN2EzM2ZiMzA5ZGY1ZC9kbWVzZy1xdWFudGFs
LWFudC0xNDoyMDEzMDkxMjIzNDEwMjozLjExLjAtMDkyNzItZzY2NmE1ODQ6NTIKL2tlcm5l
bC9pMzg2LXJhbmRjb25maWctaTAwMi0wOTEyLzY2NmE1ODRkM2E3NjVhOTE0NjQyZjgwZGVl
ZjdhMzNmYjMwOWRmNWQvZG1lc2ctcXVhbnRhbC1hbnQtNzoyMDEzMDkxNTIwMTgyMzozLjEx
LjAtMDkyNzItZzY2NmE1ODQ6NTIKCmJpc2VjdDogYmFkIGNvbW1pdCA2NjZhNTg0ZDNhNzY1
YTkxNDY0MmY4MGRlZWY3YTMzZmIzMDlkZjVkCmdpdCBjaGVja291dCB2My4xMQpQcmV2aW91
cyBIRUFEIHBvc2l0aW9uIHdhcyA2NjZhNTg0Li4uIGRyaXZlcnMvcnRjL3J0Yy1wYWxtYXMu
Yzogc3VwcG9ydCBmb3IgYmFja3VwIGJhdHRlcnkgY2hhcmdpbmcKSEVBRCBpcyBub3cgYXQg
NmU0NjY0NS4uLiBMaW51eCAzLjExCmxzIC1hIC9rZXJuZWwtdGVzdHMvcnVuLXF1ZXVlL2t2
bS9pMzg2LXJhbmRjb25maWctaTAwMi0wOTEyL2xpbnVzOm1hc3Rlcjo2ZTQ2NjQ1MjViMWRi
MjhmOGM0ZTExMzA5NTdmNzBhOTRjMTkyMTNlOmJpc2VjdC1tbQoKMjAxMy0wOS0xNS0yMDox
OTo1OSA2ZTQ2NjQ1MjViMWRiMjhmOGM0ZTExMzA5NTdmNzBhOTRjMTkyMTNlIHJldXNlIC9r
ZXJuZWwvaTM4Ni1yYW5kY29uZmlnLWkwMDItMDkxMi82ZTQ2NjQ1MjViMWRiMjhmOGM0ZTEx
MzA5NTdmNzBhOTRjMTkyMTNlL3ZtbGludXotMy4xMS4wCgoyMDEzLTA5LTE1LTIwOjIwOjAw
IGRldGVjdGluZyBib290IHN0YXRlIC4JNjMJNzAJNzYJODcJOTcJMTA0CTExMwkxMzIJMTQw
CTE0NQkxNTIJMTU2CTE2MAkxNjEJMTY2CTE3NQkxODcJMTkwCTE5NQkyMDUJMjE4CTIzOAky
NjUJMjk5CTMxNgkzMzkJMzYxCTM3MwkzOTQJNDExCTQ0MAk0NTYJNDc4CTQ5MAk1MDMJNTEy
CTUyMwk1MzMJNTQ1CTU1Mgk1NTQJNTU4CTU2MAk1NjEJNTYyCTU2NAk1NjguCTU3MAk1NzEJ
NTczLi4uLgk1NzQuCTU3Ngk1NzcuCTU4MC4JNTgyCTU4NC4uLi4uCTU4Nwk1ODkuLgk1OTAu
Lgk1OTEuCTU5Mgk1OTMuLi4uLi4JNjAxCTYwNC4JNjA1CTYxMAk2MTgJNjMzCTY0Mgk2NDgJ
NjY0CTY3MQk2NzMuLgk2ODEJNjg2CTY4Nwk2ODgJNjg5Li4JNjkxCTY5Mwk3MDEJNzE2CTcz
MAk3NjgJODEwCTg0OAk4NjYJODg5CTkwNwk5MjMJOTQzCTk5NgkxMDQ0CTEwNTgJMTA3MQkx
MDczCTEwNzQJMTA3NS4uCTEwNzguCTEwNzkuLi4uLi4uCTEwODAgU1VDQ0VTUwoKYmlzZWN0
OiBnb29kIGNvbW1pdCB2My4xMQpnaXQgYmlzZWN0IHN0YXJ0IDY2NmE1ODRkM2E3NjVhOTE0
NjQyZjgwZGVlZjdhMzNmYjMwOWRmNWQgdjMuMTEgLS0KUHJldmlvdXMgSEVBRCBwb3NpdGlv
biB3YXMgNmU0NjY0NS4uLiBMaW51eCAzLjExCkhFQUQgaXMgbm93IGF0IDNjMGVlZTMuLi4g
TGludXggMi42LjM3CkJpc2VjdGluZzogNDQ2MiByZXZpc2lvbnMgbGVmdCB0byB0ZXN0IGFm
dGVyIHRoaXMgKHJvdWdobHkgMTIgc3RlcHMpClthMDllOWE3YTRiOTA3ZjJkZmE5YmRiMmI5
OGExODI4YWI0YjM0MGIyXSBNZXJnZSBicmFuY2ggJ2RybS1uZXh0JyBvZiBnaXQ6Ly9wZW9w
bGUuZnJlZWRlc2t0b3Aub3JnL35haXJsaWVkL2xpbnV4CmdpdCBiaXNlY3QgcnVuIC9jL2tl
cm5lbC10ZXN0cy9iaXNlY3QtdGVzdC1ib290LWZhaWx1cmUuc2ggL2hvbWUvd2ZnL21tL29i
ai1iaXNlY3QKcnVubmluZyAvYy9rZXJuZWwtdGVzdHMvYmlzZWN0LXRlc3QtYm9vdC1mYWls
dXJlLnNoIC9ob21lL3dmZy9tbS9vYmotYmlzZWN0CmxzIC1hIC9rZXJuZWwtdGVzdHMvcnVu
LXF1ZXVlL2t2bS9pMzg2LXJhbmRjb25maWctaTAwMi0wOTEyL2xpbnVzOm1hc3RlcjphMDll
OWE3YTRiOTA3ZjJkZmE5YmRiMmI5OGExODI4YWI0YjM0MGIyOmJpc2VjdC1tbQoKMjAxMy0w
OS0xNS0yMTozMTowOSBhMDllOWE3YTRiOTA3ZjJkZmE5YmRiMmI5OGExODI4YWI0YjM0MGIy
IGNvbXBpbGluZwoyODIgcmVhbCAgMTM0NSB1c2VyICAxNDIgc3lzICA1MjcuMTglIGNwdSAJ
aTM4Ni1yYW5kY29uZmlnLWkwMDItMDkxMgoKMjAxMy0wOS0xNS0yMTozNjozOCBkZXRlY3Rp
bmcgYm9vdCBzdGF0ZSAzLjExLjAtMDQ4MDktZ2EwOWU5YTcuCTMJNwkxMAkxNAkxNgkxNwkx
OC4uLi4uCTE5CTIwLi4uLgkyMS4uLi4uLi4uLi4JMjIuLgkyMy4JMjYJMjcJMjkJMzMJMzQJ
NDAJNTIJNjkJOTMJMTMxCTE1NQkxOTEJMjEwCTIzOAkyNTAJMjU4CTI3MgkyODYJMjk1CTMx
NQkzNDUJMzY0CTM3NAkzODcJNDM1CTQ2OAk1NDUJNjAxCTcwMwk3NDcJOTIyCTEwMjIJMTA1
MgkxMDYwCTEwNzMJMTA3NgkxMDc4Li4uCTEwNzkuCTEwODAgU1VDQ0VTUwoKQmlzZWN0aW5n
OiAyMjg0IHJldmlzaW9ucyBsZWZ0IHRvIHRlc3QgYWZ0ZXIgdGhpcyAocm91Z2hseSAxMSBz
dGVwcykKWzhlNzNlMzY3ZjdkYzUwZjFkMWJjMjJhNjNlNTc2NGJiNGVlYTliNDhdIE1lcmdl
IHRhZyAnY2xlYW51cC1mb3ItbGludXMnIG9mIGdpdDovL2dpdC5rZXJuZWwub3JnL3B1Yi9z
Y20vbGludXgva2VybmVsL2dpdC9hcm0vYXJtLXNvYwpydW5uaW5nIC9jL2tlcm5lbC10ZXN0
cy9iaXNlY3QtdGVzdC1ib290LWZhaWx1cmUuc2ggL2hvbWUvd2ZnL21tL29iai1iaXNlY3QK
bHMgLWEgL2tlcm5lbC10ZXN0cy9ydW4tcXVldWUva3ZtL2kzODYtcmFuZGNvbmZpZy1pMDAy
LTA5MTIvbGludXM6bWFzdGVyOjhlNzNlMzY3ZjdkYzUwZjFkMWJjMjJhNjNlNTc2NGJiNGVl
YTliNDg6YmlzZWN0LW1tCgoyMDEzLTA5LTE1LTIyOjE1OjQxIDhlNzNlMzY3ZjdkYzUwZjFk
MWJjMjJhNjNlNTc2NGJiNGVlYTliNDggY29tcGlsaW5nCjIwMyByZWFsICAxMzU0IHVzZXIg
IDE0MCBzeXMgIDczNS40MSUgY3B1IAlpMzg2LXJhbmRjb25maWctaTAwMi0wOTEyCgoyMDEz
LTA5LTE1LTIyOjE5OjI2IGRldGVjdGluZyBib290IHN0YXRlIDMuMTEuMC0wNjk4Ny1nOGU3
M2UzNi4JNgkxMwkxOAk0Nwk3NQk5NAkxMTgJMTQ3CTE2NwkxOTkJMjI3CTI1NgkyODUJMzA3
CTMzOQkzNjQJMzk1CTQyNQk0NDcJNDc5CTUwOAk1MjgJNTM4CTU0OAk1NTMJNTU1CTU1Nwk1
NjQJNTY3Lgk1NjguLgk1NjkJNTcwCTU3Mwk1ODEJNTk1CTYxMAk2MjQJNjY0CTc1Mgk4NTQJ
OTQwCTEwMTIJMTA2MAkxMDc4CTEwODAgU1VDQ0VTUwoKQmlzZWN0aW5nOiAxMTQ0IHJldmlz
aW9ucyBsZWZ0IHRvIHRlc3QgYWZ0ZXIgdGhpcyAocm91Z2hseSAxMCBzdGVwcykKWzY0YzM1
Mzg2NGUzZjdjY2JhMGFkZTFiZDZmNTYyZjlhM2JjN2U2OGRdIE1lcmdlIGJyYW5jaCAnZm9y
LXYzLjEyJyBvZiBnaXQ6Ly9naXQubGluYXJvLm9yZy9wZW9wbGUvbXN6eXByb3dza2kvbGlu
dXgtZG1hLW1hcHBpbmcKcnVubmluZyAvYy9rZXJuZWwtdGVzdHMvYmlzZWN0LXRlc3QtYm9v
dC1mYWlsdXJlLnNoIC9ob21lL3dmZy9tbS9vYmotYmlzZWN0CmxzIC1hIC9rZXJuZWwtdGVz
dHMvcnVuLXF1ZXVlL2t2bS9pMzg2LXJhbmRjb25maWctaTAwMi0wOTEyL2xpbnVzOm1hc3Rl
cjo2NGMzNTM4NjRlM2Y3Y2NiYTBhZGUxYmQ2ZjU2MmY5YTNiYzdlNjhkOmJpc2VjdC1tbQoK
MjAxMy0wOS0xNS0yMjo0Mzo1NyA2NGMzNTM4NjRlM2Y3Y2NiYTBhZGUxYmQ2ZjU2MmY5YTNi
YzdlNjhkIGNvbXBpbGluZwoxOTYgcmVhbCAgMTM1MiB1c2VyICAxMzcgc3lzICA3NTcuOTkl
IGNwdSAJaTM4Ni1yYW5kY29uZmlnLWkwMDItMDkxMgoKMjAxMy0wOS0xNS0yMjo0NzozNCBk
ZXRlY3RpbmcgYm9vdCBzdGF0ZSAzLjExLjAtMDgxMjctZzY0YzM1MzguCTMJNAk1Li4JNwkx
MgkxOAkyOQk0Mgk1Ngk3MQk4NwkxMDcJMTMwCTE0MS4JMjA3CTIyNQkyNjIJMjg0CTMyMQkz
NDQJMzc4CTQxMQk0MzgJNDYyCTQ5NQk1MjgJNTUxCTU4Mgk1OTkJNjEyCTYyMwk2MjcJNjM0
CTY0MQk2NDkJNjUxCTY3MAk2OTQJNzEwCTcyMgk3MzEJNzM3CTc1Mgk3NjgJNzc0CTc3OQk4
MTMJOTA1CTk4NAkxMDYyCTEwNjcJMTA3NAkxMDc5Li4uLi4uLi4uLi4uLi4uLi4uLi4uLi4u
Li4uLi4uLi4uLi4uLi4uLi4uLi4uLi4uLi4uLi4uLi4uLi4uLi4uLi4uLi4uLi4uLi4uLi4u
Li4uLi4uLi4uLi4uLi4uLi4uLi4uLi4uLi4uLi4uLi4uLi4uLgkxMDgwIFNVQ0NFU1MKCkJp
c2VjdGluZzogNTY4IHJldmlzaW9ucyBsZWZ0IHRvIHRlc3QgYWZ0ZXIgdGhpcyAocm91Z2hs
eSA5IHN0ZXBzKQpbNjQwNDE0MTcxODE4YzYyOTNjMjNlNzRhMjhkMWM2OWIyYTFhN2ZlNV0g
TWVyZ2UgdGFnICdsYXRlLWZvci1saW51cycgb2YgZ2l0Oi8vZ2l0Lmtlcm5lbC5vcmcvcHVi
L3NjbS9saW51eC9rZXJuZWwvZ2l0L2FybS9hcm0tc29jCnJ1bm5pbmcgL2Mva2VybmVsLXRl
c3RzL2Jpc2VjdC10ZXN0LWJvb3QtZmFpbHVyZS5zaCAvaG9tZS93ZmcvbW0vb2JqLWJpc2Vj
dApscyAtYSAva2VybmVsLXRlc3RzL3J1bi1xdWV1ZS9rdm0vaTM4Ni1yYW5kY29uZmlnLWkw
MDItMDkxMi9saW51czptYXN0ZXI6NjQwNDE0MTcxODE4YzYyOTNjMjNlNzRhMjhkMWM2OWIy
YTFhN2ZlNTpiaXNlY3QtbW0KCjIwMTMtMDktMTYtMDA6MTQ6MDcgNjQwNDE0MTcxODE4YzYy
OTNjMjNlNzRhMjhkMWM2OWIyYTFhN2ZlNSByZXVzZSAva2VybmVsL2kzODYtcmFuZGNvbmZp
Zy1pMDAyLTA5MTIvNjQwNDE0MTcxODE4YzYyOTNjMjNlNzRhMjhkMWM2OWIyYTFhN2ZlNS92
bWxpbnV6LTMuMTEuMC0wODcwMy1nNjQwNDE0MQoKMjAxMy0wOS0xNi0wMDoxNDowOCBkZXRl
Y3RpbmcgYm9vdCBzdGF0ZSAuLgkyCTUJMzcJMjA2CTI2MAkzODIJNDcwCTUzOQk3NDAJODUy
CTkzOQkxMDMwCTEwNjgJMTA3MgkxMDc3CTEwODAgU1VDQ0VTUwoKQmlzZWN0aW5nOiAyNzYg
cmV2aXNpb25zIGxlZnQgdG8gdGVzdCBhZnRlciB0aGlzIChyb3VnaGx5IDggc3RlcHMpCltm
YTE1ODZhN2U0Mzc2MGYwZTI1ZTcyYjJlM2Y5N2VlMThiMmJlOTY3XSBNZXJnZSBicmFuY2gg
J2RybS1maXhlcycgb2YgZ2l0Oi8vcGVvcGxlLmZyZWVkZXNrdG9wLm9yZy9+YWlybGllZC9s
aW51eApydW5uaW5nIC9jL2tlcm5lbC10ZXN0cy9iaXNlY3QtdGVzdC1ib290LWZhaWx1cmUu
c2ggL2hvbWUvd2ZnL21tL29iai1iaXNlY3QKbHMgLWEgL2tlcm5lbC10ZXN0cy9ydW4tcXVl
dWUva3ZtL2kzODYtcmFuZGNvbmZpZy1pMDAyLTA5MTIvbGludXM6bWFzdGVyOmZhMTU4NmE3
ZTQzNzYwZjBlMjVlNzJiMmUzZjk3ZWUxOGIyYmU5Njc6YmlzZWN0LW1tCgoyMDEzLTA5LTE2
LTAwOjIzOjEwIGZhMTU4NmE3ZTQzNzYwZjBlMjVlNzJiMmUzZjk3ZWUxOGIyYmU5NjcgY29t
cGlsaW5nCjIwNyByZWFsICAxMzYyIHVzZXIgIDEzOSBzeXMgIDcyNC45MCUgY3B1IAlpMzg2
LXJhbmRjb25maWctaTAwMi0wOTEyCgoyMDEzLTA5LTE2LTAwOjI2OjU4IGRldGVjdGluZyBi
b290IHN0YXRlIDMuMTEuMC0wODk5NS1nZmExNTg2YQkxCTUJMTAJMTcJMjQJMzYJMzcJNDAJ
NDIuLgk0NAk0Nwk1NAk2MQk2OQk3NAk4NAk5NwkxMDkJMTI0CTEzNAkxNDcJMTYwCTE3NAkx
ODEJMTk1CTIwOAkyMTcJMjI0CTIyNwkyMzIJMjM1CTIzOAkyNDMJMjQ0CTI1MAkyNTQJMjU4
CTI2MAkyNjMJMjcwCTI3NgkyODAJMjg0CTI4NwkyODkuCTI5MQkyOTQJMzI5CTM1MgkzNzkJ
NDMyCTQ2OAk1MTAJNjAwCTY1OAk3MzgJNzg5CTg1NQk5MTIJOTg0CTEwNTIJMTA1MwkxMDcx
CTEwNzcJMTA3OAkxMDc5Li4uLi4uLi4uLi4uLi4JMTA4MCBTVUNDRVNTCgpCaXNlY3Rpbmc6
IDEzOCByZXZpc2lvbnMgbGVmdCB0byB0ZXN0IGFmdGVyIHRoaXMgKHJvdWdobHkgNyBzdGVw
cykKW2JjNGI0NDQ4ZGJhNjYwYWZjOGRmMzc5MDU2NDMyMDMwMmQ5NzA5YTFdIG1tOiBtb3Zl
IHBndGFibGUgcmVsYXRlZCBmdW5jdGlvbnMgdG8gcmlnaHQgcGxhY2UKcnVubmluZyAvYy9r
ZXJuZWwtdGVzdHMvYmlzZWN0LXRlc3QtYm9vdC1mYWlsdXJlLnNoIC9ob21lL3dmZy9tbS9v
YmotYmlzZWN0CmxzIC1hIC9rZXJuZWwtdGVzdHMvcnVuLXF1ZXVlL2t2bS9pMzg2LXJhbmRj
b25maWctaTAwMi0wOTEyL2xpbnVzOm1hc3RlcjpiYzRiNDQ0OGRiYTY2MGFmYzhkZjM3OTA1
NjQzMjAzMDJkOTcwOWExOmJpc2VjdC1tbQoKMjAxMy0wOS0xNi0wMTowODo1OSBiYzRiNDQ0
OGRiYTY2MGFmYzhkZjM3OTA1NjQzMjAzMDJkOTcwOWExIGNvbXBpbGluZwoyMjAgcmVhbCAg
MTMzMiB1c2VyICAxMzggc3lzICA2NjYuOTglIGNwdSAJaTM4Ni1yYW5kY29uZmlnLWkwMDIt
MDkxMgoKMjAxMy0wOS0xNi0wMToxMzowMyBkZXRlY3RpbmcgYm9vdCBzdGF0ZSAzLjExLjAt
MDkxMzMtZ2JjNGI0NDQuLi4uLi4uLi4uLi4uCTEuCTMuLi4JNQk2Li4JNy4JOAk5Li4uLgkx
MAkxMS4JMTMuCTMyCTMzCTE3MwkyNTAJMzE2CTQ1Mwk1MjkJNjQ5CTgxMAk5NDYJMTA2MAkx
MDY2CTEwNjkJMTA3MgkxMDc1CTEwNzYuLi4uLi4JMTA3OAkxMDc5CTEwODAgU1VDQ0VTUwoK
QmlzZWN0aW5nOiA2OSByZXZpc2lvbnMgbGVmdCB0byB0ZXN0IGFmdGVyIHRoaXMgKHJvdWdo
bHkgNiBzdGVwcykKWzMyNWM0ZWY1YzRiMTczNzJjMzIyMmQ4OTYwNDBkNzg0OGU2N2ZiZGJd
IG1tL21hZHZpc2UuYzptYWR2aXNlX2h3cG9pc29uKCk6IHJlbW92ZSBsb2NhbCBgcmV0Jwpy
dW5uaW5nIC9jL2tlcm5lbC10ZXN0cy9iaXNlY3QtdGVzdC1ib290LWZhaWx1cmUuc2ggL2hv
bWUvd2ZnL21tL29iai1iaXNlY3QKbHMgLWEgL2tlcm5lbC10ZXN0cy9ydW4tcXVldWUva3Zt
L2kzODYtcmFuZGNvbmZpZy1pMDAyLTA5MTIvbGludXM6bWFzdGVyOjMyNWM0ZWY1YzRiMTcz
NzJjMzIyMmQ4OTYwNDBkNzg0OGU2N2ZiZGI6YmlzZWN0LW1tCgoyMDEzLTA5LTE2LTAxOjQz
OjM0IDMyNWM0ZWY1YzRiMTczNzJjMzIyMmQ4OTYwNDBkNzg0OGU2N2ZiZGIgY29tcGlsaW5n
CjIwMSByZWFsICAxMzcyIHVzZXIgIDE0MCBzeXMgIDc0OS43NSUgY3B1IAlpMzg2LXJhbmRj
b25maWctaTAwMi0wOTEyCgoyMDEzLTA5LTE2LTAxOjQ3OjE3IGRldGVjdGluZyBib290IHN0
YXRlIDMuMTEuMC0wOTIwMi1nMzI1YzRlZi4uLi4uLi4uLi4uLi4uLi4uLi4uLi4uLi4uLi4u
Li4uLi4uLi4uCTIJMTYJODEJMTMzIFRFU1QgRkFJTFVSRQobWzE7MzVtSW5jcmVhc2luZyBy
ZXBlYXQgY291bnQgZnJvbSAxMDgwIHRvIDEzNDAbWzBtClsgICAgMy45NzAyODhdIHRzYzog
UmVmaW5lZCBUU0MgY2xvY2tzb3VyY2UgY2FsaWJyYXRpb246IDI2NjYuNjAwIE1IegpbICAg
IDQuMTYwMDUyXSAtLS0tLS0tLS0tLS1bIGN1dCBoZXJlIF0tLS0tLS0tLS0tLS0KWyAgICA0
LjE2MDg3N10gV0FSTklORzogQ1BVOiAxIFBJRDogOSBhdCAvYy93ZmcvbW0vbGliL2xpc3Rf
ZGVidWcuYzozMyBfX2xpc3RfYWRkKzB4NmMvMHhhZSgpClsgICAgNC4xNjIxNzhdIGxpc3Rf
YWRkIGNvcnJ1cHRpb24uIHByZXYtPm5leHQgc2hvdWxkIGJlIG5leHQgKDc4MTAwM2MwKSwg
YnV0IHdhcyA2Zjk2NTQwOC4gKHByZXY9NzgxOGUxNzApLgpbICAgIDQuMTYzNjY3XSBNb2R1
bGVzIGxpbmtlZCBpbjoKWyAgICA0LjE2NDE4OF0gQ1BVOiAxIFBJRDogOSBDb21tOiByY3Vf
c2NoZWQgTm90IHRhaW50ZWQgMy4xMS4wLTA5MjAyLWczMjVjNGVmICMzMzAKWyAgICA0LjE2
NTM0N10gIDAwMDAwMDAwIDAwMDAwMDAwIDc4MDY3ZGY0IDc5MjBkNjNiIDc4MDY3ZTM0IDc4
MDY3ZTI0IDc5MDMwZWEyIDc5MmYyZDUxClsgICAgNC4xNjY3NDRdICA3ODA2N2U1MCAwMDAw
MDAwOSA3OTJmMmQzNiAwMDAwMDAyMSA3OTEwNmNjMiA3OTEwNmNjMiA3ODE4ZTE3MCA3ODEw
MDNjMApbICAgIDQuMTY4MTQ5XSAgNzgwNjdlYTAgNzgwNjdlM2MgNzkwMzBlZTcgMDAwMDAw
MDkgNzgwNjdlMzQgNzkyZjJkNTEgNzgwNjdlNTAgNzgwNjdlNjgKWyAgICA0LjE2OTU0OF0g
Q2FsbCBUcmFjZToKWyAgICA0LjE2OTk2NF0gIFs8NzkyMGQ2M2I+XSBkdW1wX3N0YWNrKzB4
NGIvMHg2NgpbICAgIDQuMTcwMDE1XSAgWzw3OTAzMGVhMj5dIHdhcm5fc2xvd3BhdGhfY29t
bW9uKzB4NzQvMHg4YgpbICAgIDQuMTcwMDE1XSAgWzw3OTEwNmNjMj5dID8gX19saXN0X2Fk
ZCsweDZjLzB4YWUKWyAgICA0LjE3MDAxNV0gIFs8NzkxMDZjYzI+XSA/IF9fbGlzdF9hZGQr
MHg2Yy8weGFlClsgICAgNC4xNzAwMTVdICBbPDc5MDMwZWU3Pl0gd2Fybl9zbG93cGF0aF9m
bXQrMHgyZS8weDMwClsgICAgNC4xNzAwMTVdICBbPDc5MTA2Y2MyPl0gX19saXN0X2FkZCsw
eDZjLzB4YWUKWyAgICA0LjE3MDAxNV0gIFs8NzkwMzcxNzc+XSBfX2ludGVybmFsX2FkZF90
aW1lcisweDhhLzB4OGUKWyAgICA0LjE3MDAxNV0gIFs8NzkwMzcxODk+XSBpbnRlcm5hbF9h
ZGRfdGltZXIrMHhlLzB4MjYKWyAgICA0LjE3MDAxNV0gIFs8NzkyMGRlNDY+XSBzY2hlZHVs
ZV90aW1lb3V0KzB4MTI2LzB4MTZlClsgICAgNC4xNzAwMTVdICBbPDc5MDM3MjQzPl0gPyBj
YXNjYWRlKzB4NWEvMHg1YQpbICAgIDQuMTcwMDE1XSAgWzw3OTA3YmViYj5dIHJjdV9ncF9r
dGhyZWFkKzB4Mjk5LzB4NDY3ClsgICAgNC4xNzAwMTVdICBbPDc5MDQ2MGYxPl0gPyBhYm9y
dF9leGNsdXNpdmVfd2FpdCsweDYzLzB4NjMKWyAgICA0LjE3MDAxNV0gIFs8NzkwN2JjMjI+
XSA/IHJjdV9ncF9mcXMrMHg2YS8weDZhClsgICAgNC4xNzAwMTVdICBbPDc5MDQ1OTRiPl0g
a3RocmVhZCsweDk1LzB4OWEKWyAgICA0LjE3MDAxNV0gIFs8NzkwNDAwMDA+XSA/IGRlc3Ry
b3lfd29ya3F1ZXVlKzB4ODkvMHgxNzkKWyAgICA0LjE3MDAxNV0gIFs8NzkyMTJiM2I+XSBy
ZXRfZnJvbV9rZXJuZWxfdGhyZWFkKzB4MWIvMHgzMApbICAgIDQuMTcwMDE1XSAgWzw3OTA0
NThiNj5dID8ga3RocmVhZF9zdG9wKzB4NGUvMHg0ZQpbICAgIDQuMTcwMDE1XSAtLS1bIGVu
ZCB0cmFjZSAzZWRiNDBkNWVkYjQzZTBhIF0tLS0KL2tlcm5lbC9pMzg2LXJhbmRjb25maWct
aTAwMi0wOTEyLzMyNWM0ZWY1YzRiMTczNzJjMzIyMmQ4OTYwNDBkNzg0OGU2N2ZiZGIvZG1l
c2ctcXVhbnRhbC1iZW5zLTE6MjAxMzA5MTYwMjA3NDg6My4xMS4wLTA5MjAyLWczMjVjNGVm
OjMzMAova2VybmVsL2kzODYtcmFuZGNvbmZpZy1pMDAyLTA5MTIvMzI1YzRlZjVjNGIxNzM3
MmMzMjIyZDg5NjA0MGQ3ODQ4ZTY3ZmJkYi9kbWVzZy1xdWFudGFsLXhpYW4tOToyMDEzMDkx
NjAyMDgxNjozLjExLjAtMTAxMDUtZ2QwMWVlMzM6NQoKQmlzZWN0aW5nOiAzNCByZXZpc2lv
bnMgbGVmdCB0byB0ZXN0IGFmdGVyIHRoaXMgKHJvdWdobHkgNSBzdGVwcykKW2U3NmI2M2Y4
MGQ5MzhhMTMxOWViNWZiMGFlN2VhNjliZGRmYmFlMzhdIG1lbWJsb2NrLCBudW1hOiBiaW5h
cnkgc2VhcmNoIG5vZGUgaWQKcnVubmluZyAvYy9rZXJuZWwtdGVzdHMvYmlzZWN0LXRlc3Qt
Ym9vdC1mYWlsdXJlLnNoIC9ob21lL3dmZy9tbS9vYmotYmlzZWN0CmxzIC1hIC9rZXJuZWwt
dGVzdHMvcnVuLXF1ZXVlL2t2bS9pMzg2LXJhbmRjb25maWctaTAwMi0wOTEyL2xpbnVzOm1h
c3RlcjplNzZiNjNmODBkOTM4YTEzMTllYjVmYjBhZTdlYTY5YmRkZmJhZTM4OmJpc2VjdC1t
bQoKMjAxMy0wOS0xNi0wMjowODoyMCBlNzZiNjNmODBkOTM4YTEzMTllYjVmYjBhZTdlYTY5
YmRkZmJhZTM4IGNvbXBpbGluZwoyMDcgcmVhbCAgMTM1OSB1c2VyICAxNDEgc3lzICA3MjIu
NjglIGNwdSAJaTM4Ni1yYW5kY29uZmlnLWkwMDItMDkxMgoKMjAxMy0wOS0xNi0wMjoxMjoy
MiBkZXRlY3RpbmcgYm9vdCBzdGF0ZSAzLjExLjAtMDkxNjctZ2U3NmI2M2YJNDEJMTA2CTE5
NAkyODEJNDEwCTUyMAk2MjgJNzI1CTgzOAk5NTEJMTA1MwkxMTY1CTEyNzMJMTMyNgkxMzMz
CTEzMzcJMTMzOS4uLi4uLi4uLi4uLi4JMTM0MCBTVUNDRVNTCgpCaXNlY3Rpbmc6IDE3IHJl
dmlzaW9ucyBsZWZ0IHRvIHRlc3QgYWZ0ZXIgdGhpcyAocm91Z2hseSA0IHN0ZXBzKQpbNzYy
MjE2YWI0ZTE3NWY0OWQxN2JjN2FkNzc4YzU3YjkwMjgxODRlNl0gbW0vdm1hbGxvYzogdXNl
IHdyYXBwZXIgZnVuY3Rpb24gZ2V0X3ZtX2FyZWFfc2l6ZSB0byBjYWN1bGF0ZSBzaXplIG9m
IHZtIGFyZWEKcnVubmluZyAvYy9rZXJuZWwtdGVzdHMvYmlzZWN0LXRlc3QtYm9vdC1mYWls
dXJlLnNoIC9ob21lL3dmZy9tbS9vYmotYmlzZWN0CmxzIC1hIC9rZXJuZWwtdGVzdHMvcnVu
LXF1ZXVlL2t2bS9pMzg2LXJhbmRjb25maWctaTAwMi0wOTEyL2xpbnVzOm1hc3Rlcjo3NjIy
MTZhYjRlMTc1ZjQ5ZDE3YmM3YWQ3NzhjNTdiOTAyODE4NGU2OmJpc2VjdC1tbQoKMjAxMy0w
OS0xNi0wMjoyNzo1MyA3NjIyMTZhYjRlMTc1ZjQ5ZDE3YmM3YWQ3NzhjNTdiOTAyODE4NGU2
IGNvbXBpbGluZwoxOTIgcmVhbCAgMTMzNCB1c2VyICAxMzggc3lzICA3NjQuOTglIGNwdSAJ
aTM4Ni1yYW5kY29uZmlnLWkwMDItMDkxMgoKMjAxMy0wOS0xNi0wMjozMToyMyBkZXRlY3Rp
bmcgYm9vdCBzdGF0ZSAzLjExLjAtMDkxODQtZzc2MjIxNmEuCTEuCTIuLi4uCTMJNAk1CTYJ
OAkxNgkyNQk0MQk0OQk2MQk4MAk4OQkxMDcJMTIxCTEzMQkxNDgJMTYzCTE3NwkxOTQJMjEw
CTIyNgkyNDUJMjY4CTI4MwkzMDMJMzE5CTMyNQkzNTAJNDA5CTQ5MAk2MDQJNzA4IFRFU1Qg
RkFJTFVSRQobWzE7MzVtSW5jcmVhc2luZyByZXBlYXQgY291bnQgZnJvbSAxMzQwIHRvIDM1
MTcbWzBtCgpbICAgNDkuNTEyMzQxXSBpbml0OiB1ZGV2IG1haW4gcHJvY2VzcyAoMTg4KSB0
ZXJtaW5hdGVkIHdpdGggc3RhdHVzIDQKWyAgIDQ5LjUxODU3M10gQlVHOiBCYWQgcGFnZSBt
YXAgaW4gcHJvY2VzcyBraWxsYWxsNSAgcHRlOjdmNjIyMTQwIHBtZDowNzYwNTA2NwpbICAg
NDkuNTE5NTg3XSBhZGRyOjBhMDAwMDAwIHZtX2ZsYWdzOjAwMTAwMDczIGFub25fdm1hOjdm
NjQyNTUwIG1hcHBpbmc6ICAobnVsbCkgaW5kZXg6YTAwMApbICAgNDkuNTIwNzU5XSBDUFU6
IDAgUElEOiAxODcgQ29tbToga2lsbGFsbDUgTm90IHRhaW50ZWQgMy4xMS4wLTA5MTg0LWc3
NjIyMTZhICMzMzIKL2tlcm5lbC9pMzg2LXJhbmRjb25maWctaTAwMi0wOTEyLzc2MjIxNmFi
NGUxNzVmNDlkMTdiYzdhZDc3OGM1N2I5MDI4MTg0ZTYvZG1lc2ctcXVhbnRhbC14aWFuLTEx
OjIwMTMwOTE2MDI1MDQ1OjMuMTEuMC0xMDA3MS1nNTI2ZmQ2YjoxMTUKL2tlcm5lbC9pMzg2
LXJhbmRjb25maWctaTAwMi0wOTEyLzc2MjIxNmFiNGUxNzVmNDlkMTdiYzdhZDc3OGM1N2I5
MDI4MTg0ZTYvZG1lc2ctcXVhbnRhbC1hbnQtNzoyMDEzMDkxNjAyNTA1NTozLjExLjAtMTAw
NzEtZzUyNmZkNmI6MTEzCgpCaXNlY3Rpbmc6IDggcmV2aXNpb25zIGxlZnQgdG8gdGVzdCBh
ZnRlciB0aGlzIChyb3VnaGx5IDMgc3RlcHMpCls1ODZhMzJhYzFkMzNjZTdhNzU0OGEyN2U0
MDg3ZTk4ODQyYzNhMDZmXSBtbTogbXVubG9jazogcmVtb3ZlIHVubmVjZXNzYXJ5IGNhbGwg
dG8gbHJ1X2FkZF9kcmFpbigpCnJ1bm5pbmcgL2Mva2VybmVsLXRlc3RzL2Jpc2VjdC10ZXN0
LWJvb3QtZmFpbHVyZS5zaCAvaG9tZS93ZmcvbW0vb2JqLWJpc2VjdApscyAtYSAva2VybmVs
LXRlc3RzL3J1bi1xdWV1ZS9rdm0vaTM4Ni1yYW5kY29uZmlnLWkwMDItMDkxMi9saW51czpt
YXN0ZXI6NTg2YTMyYWMxZDMzY2U3YTc1NDhhMjdlNDA4N2U5ODg0MmMzYTA2ZjpiaXNlY3Qt
bW0KCjIwMTMtMDktMTYtMDI6NTE6MjYgNTg2YTMyYWMxZDMzY2U3YTc1NDhhMjdlNDA4N2U5
ODg0MmMzYTA2ZiBjb21waWxpbmcKMzIwIHJlYWwgIDEzNDAgdXNlciAgMTM5IHN5cyAgNDYx
LjkyJSBjcHUgCWkzODYtcmFuZGNvbmZpZy1pMDAyLTA5MTIKCjIwMTMtMDktMTYtMDI6NTc6
MzMgZGV0ZWN0aW5nIGJvb3Qgc3RhdGUgMy4xMS4wLTA5MTc1LWc1ODZhMzJhCTEJMwk3CTE0
CTI2CTQwCTUwCTYxCTY5CTgyCTk2CTEwNwkxMTcJMTMyCTE0NQkxNjEJMTcyCTE5MAkyMDAJ
MjE4CTIyOQkyNDgJMjU5CTI3MwkyOTAJMzAzCTMyMQkzMzAJMzQzCTM2MAkzNzcJMzgxCTM4
NQkzOTQJNDA5CTQyNgk0MzUJNDQ3CTQ2OAk0NzcJNDkyCTUxMAk1MjcJNTM3CTU1MQk1NzAJ
NTg0CTU5NAk1OTgJNjAzCTYwNQk2MDgJNjE0CTYxOQk2MjMJNjg3CTc3Mwk4NDcJOTQ0CTEw
NTYJMTE3NAkxMjg5CTEzOTUJMTUxNgkxNjIzCTE3NDYJMTg0NAkxOTQ5CTIwMzcJMjE1Mwky
MjU3CTIzNzMJMjQ3MQkyNTgzCTI2ODQJMjc4MAkyODg2CTI5ODcJMzA5MAkzMTc1CTMyMTMJ
MzQwNgkzNDk2CTM1MDAJMzUwOQkzNTE3IFNVQ0NFU1MKCkJpc2VjdGluZzogNCByZXZpc2lv
bnMgbGVmdCB0byB0ZXN0IGFmdGVyIHRoaXMgKHJvdWdobHkgMiBzdGVwcykKWzViNDA5OThh
ZTM1Y2Y2NDU2MTg2ODM3MGU2YzlmM2QzZTk0YjZiZjddIG1tOiBtdW5sb2NrOiByZW1vdmUg
cmVkdW5kYW50IGdldF9wYWdlL3B1dF9wYWdlIHBhaXIgb24gdGhlIGZhc3QgcGF0aApydW5u
aW5nIC9jL2tlcm5lbC10ZXN0cy9iaXNlY3QtdGVzdC1ib290LWZhaWx1cmUuc2ggL2hvbWUv
d2ZnL21tL29iai1iaXNlY3QKbHMgLWEgL2tlcm5lbC10ZXN0cy9ydW4tcXVldWUva3ZtL2kz
ODYtcmFuZGNvbmZpZy1pMDAyLTA5MTIvbGludXM6bWFzdGVyOjViNDA5OThhZTM1Y2Y2NDU2
MTg2ODM3MGU2YzlmM2QzZTk0YjZiZjc6YmlzZWN0LW1tCgoyMDEzLTA5LTE2LTAzOjQwOjM1
IDViNDA5OThhZTM1Y2Y2NDU2MTg2ODM3MGU2YzlmM2QzZTk0YjZiZjcgY29tcGlsaW5nCjY4
IHJlYWwgIDE0OCB1c2VyICAyMyBzeXMgIDI1MC43NCUgY3B1IAlpMzg2LXJhbmRjb25maWct
aTAwMi0wOTEyCgoyMDEzLTA5LTE2LTAzOjQyOjEwIGRldGVjdGluZyBib290IHN0YXRlIDMu
MTEuMC0wOTE3OS1nNWI0MDk5OC4JOQkxOAkzNgk0MAk0OAk1Mwk1OAk2NQk3Nwk4OQk5OQkx
MDgJMTI1CTEzOAkxNTAJMTU2CTE3MAkxODEJMjA1CTIyOAkyNTAJMjc1CTI5NwkzMTgJMzQ3
CTM2NgkzOTcJNDE0CTQzNgk0NjEJNDc5CTUwNwk1MjUJNTQ1CTU3NAk1OTAJNjE5CTY0NQk2
NjgJNjkwCTY5NAk3MDIJNzE2CTczMQk3NjAJNzg5CTgwNQk4MzIJODYyCTg3OAk5MDQJOTMw
CTk2NQkxMDM3CTExMTEJMTIwOQkxMzExCTE0MDEJMTUwMAkxNjA1CTE3MDgJMTgxNgkxOTEz
CTIwMzEJMjEzNQkyMjM5CTIyOTEJMjQ1OQkyNTYxCTI2NzMJMjc4OAkyODk3CTI5OTMJMzEx
NgkzMjI3CTMzMjUJMzQxNwkzNDk4CTM1MDYJMzUxMgkzNTE2CTM1MTcgU1VDQ0VTUwoKQmlz
ZWN0aW5nOiAyIHJldmlzaW9ucyBsZWZ0IHRvIHRlc3QgYWZ0ZXIgdGhpcyAocm91Z2hseSAx
IHN0ZXApCls2ZTU0M2Q1NzgwZTM2ZmY1ZWU1NmM0NGQ3ZTJlMzBkYjM0NTdhN2VkXSBtbTog
dm1zY2FuOiBmaXggZG9fdHJ5X3RvX2ZyZWVfcGFnZXMoKSBsaXZlbG9jawpydW5uaW5nIC9j
L2tlcm5lbC10ZXN0cy9iaXNlY3QtdGVzdC1ib290LWZhaWx1cmUuc2ggL2hvbWUvd2ZnL21t
L29iai1iaXNlY3QKbHMgLWEgL2tlcm5lbC10ZXN0cy9ydW4tcXVldWUva3ZtL2kzODYtcmFu
ZGNvbmZpZy1pMDAyLTA5MTIvbGludXM6bWFzdGVyOjZlNTQzZDU3ODBlMzZmZjVlZTU2YzQ0
ZDdlMmUzMGRiMzQ1N2E3ZWQ6YmlzZWN0LW1tCgoyMDEzLTA5LTE2LTA0OjIzOjQyIDZlNTQz
ZDU3ODBlMzZmZjVlZTU2YzQ0ZDdlMmUzMGRiMzQ1N2E3ZWQgY29tcGlsaW5nCjE3NyByZWFs
ICAxMzU4IHVzZXIgIDEzOSBzeXMgIDg0My4yNSUgY3B1IAlpMzg2LXJhbmRjb25maWctaTAw
Mi0wOTEyCgoyMDEzLTA5LTE2LTA0OjI3OjAzIGRldGVjdGluZyBib290IHN0YXRlIDMuMTEu
MC0wOTE4MS1nNmU1NDNkNS4uLi4uLi4uLi4uLi4uLi4uLi4uLi4uLi4uLi4uLi4uLgkxCTIu
Li4uLi4uLi4uLi4uLgk4CTYzCTE0OCBURVNUIEZBSUxVUkUKWyAgICAzLjg1MDE1NF0gdHNj
OiBSZWZpbmVkIFRTQyBjbG9ja3NvdXJjZSBjYWxpYnJhdGlvbjogMjk5Mi40OTAgTUh6Clsg
ICAgNC4wNjAwNjBdIC0tLS0tLS0tLS0tLVsgY3V0IGhlcmUgXS0tLS0tLS0tLS0tLQpbICAg
IDQuMDYwNzI3XSBXQVJOSU5HOiBDUFU6IDEgUElEOiA5IGF0IC9jL3dmZy9tbS9saWIvbGlz
dF9kZWJ1Zy5jOjMzIF9fbGlzdF9hZGQrMHg2Yy8weGFlKCkKWyAgICA0LjA2MTgxM10gbGlz
dF9hZGQgY29ycnVwdGlvbi4gcHJldi0+bmV4dCBzaG91bGQgYmUgbmV4dCAoNzgxMDAzNzAp
LCBidXQgd2FzICAgKG51bGwpLiAocHJldj03ODA5MTU3MCkuClsgICAgNC4wNjMwNjldIE1v
ZHVsZXMgbGlua2VkIGluOgpbICAgIDQuMDYzNTAzXSBDUFU6IDEgUElEOiA5IENvbW06IHJj
dV9zY2hlZCBOb3QgdGFpbnRlZCAzLjExLjAtMDkxODEtZzZlNTQzZDUgIzMzNQpbICAgIDQu
MDY0NDc3XSAgMDAwMDAwMDAgMDAwMDAwMDAgNzgwNjdkZjQgNzkyMGQzY2IgNzgwNjdlMzQg
NzgwNjdlMjQgNzkwMzBlYTIgNzkyZjJkNzEKWyAgICA0LjA2NTY1MF0gIDc4MDY3ZTUwIDAw
MDAwMDA5IDc5MmYyZDU2IDAwMDAwMDIxIDc5MTA2YTUyIDc5MTA2YTUyIDc4MDkxNTcwIDc4
MTAwMzcwClsgICAgNC4wNjY4MjNdICA3ODA2N2VhMCA3ODA2N2UzYyA3OTAzMGVlNyAwMDAw
MDAwOSA3ODA2N2UzNCA3OTJmMmQ3MSA3ODA2N2U1MCA3ODA2N2U2OApbICAgIDQuMDY4MDAz
XSBDYWxsIFRyYWNlOgpbICAgIDQuMDY4MzQ3XSAgWzw3OTIwZDNjYj5dIGR1bXBfc3RhY2sr
MHg0Yi8weDY2ClsgICAgNC4wNjg5NDJdICBbPDc5MDMwZWEyPl0gd2Fybl9zbG93cGF0aF9j
b21tb24rMHg3NC8weDhiClsgICAgNC4wNjk2NTFdICBbPDc5MTA2YTUyPl0gPyBfX2xpc3Rf
YWRkKzB4NmMvMHhhZQpbICAgIDQuMDcwMDE5XSAgWzw3OTEwNmE1Mj5dID8gX19saXN0X2Fk
ZCsweDZjLzB4YWUKWyAgICA0LjA3MDAxOV0gIFs8NzkwMzBlZTc+XSB3YXJuX3Nsb3dwYXRo
X2ZtdCsweDJlLzB4MzAKWyAgICA0LjA3MDAxOV0gIFs8NzkxMDZhNTI+XSBfX2xpc3RfYWRk
KzB4NmMvMHhhZQpbICAgIDQuMDcwMDE5XSAgWzw3OTAzNzE3Nz5dIF9faW50ZXJuYWxfYWRk
X3RpbWVyKzB4OGEvMHg4ZQpbICAgIDQuMDcwMDE5XSAgWzw3OTAzNzE4OT5dIGludGVybmFs
X2FkZF90aW1lcisweGUvMHgyNgpbICAgIDQuMDcwMDE5XSAgWzw3OTIwZGJkNj5dIHNjaGVk
dWxlX3RpbWVvdXQrMHgxMjYvMHgxNmUKWyAgICA0LjA3MDAxOV0gIFs8NzkwMzcyNDM+XSA/
IGNhc2NhZGUrMHg1YS8weDVhClsgICAgNC4wNzAwMTldICBbPDc5MDdiZWJiPl0gcmN1X2dw
X2t0aHJlYWQrMHgyOTkvMHg0NjcKWyAgICA0LjA3MDAxOV0gIFs8NzkwNDYwZjE+XSA/IGFi
b3J0X2V4Y2x1c2l2ZV93YWl0KzB4NjMvMHg2MwpbICAgIDQuMDcwMDE5XSAgWzw3OTA3YmMy
Mj5dID8gcmN1X2dwX2ZxcysweDZhLzB4NmEKWyAgICA0LjA3MDAxOV0gIFs8NzkwNDU5NGI+
XSBrdGhyZWFkKzB4OTUvMHg5YQpbICAgIDQuMDcwMDE5XSAgWzw3OTA0MDAwMD5dID8gZGVz
dHJveV93b3JrcXVldWUrMHg4OS8weDE3OQpbICAgIDQuMDcwMDE5XSAgWzw3OTIxMjhiYj5d
IHJldF9mcm9tX2tlcm5lbF90aHJlYWQrMHgxYi8weDMwClsgICAgNC4wNzAwMTldICBbPDc5
MDQ1OGI2Pl0gPyBrdGhyZWFkX3N0b3ArMHg0ZS8weDRlClsgICAgNC4wNzAwMTldIC0tLVsg
ZW5kIHRyYWNlIDdkNjgyZDljZjNhNTQyMzUgXS0tLQova2VybmVsL2kzODYtcmFuZGNvbmZp
Zy1pMDAyLTA5MTIvNmU1NDNkNTc4MGUzNmZmNWVlNTZjNDRkN2UyZTMwZGIzNDU3YTdlZC9k
bWVzZy1xdWFudGFsLXJvYW0tMjM6MjAxMzA5MTYwNDUyMzA6My4xMS4wLTEwMDcxLWc1MjZm
ZDZiOjU5CgpCaXNlY3Rpbmc6IDAgcmV2aXNpb25zIGxlZnQgdG8gdGVzdCBhZnRlciB0aGlz
IChyb3VnaGx5IDAgc3RlcHMpCls3YTgwMTBjZDM2MjczZmY1ZjZmZWE1MjAxZWY5MjMyZjMw
Y2ViYmQ5XSBtbTogbXVubG9jazogbWFudWFsIHB0ZSB3YWxrIGluIGZhc3QgcGF0aCBpbnN0
ZWFkIG9mIGZvbGxvd19wYWdlX21hc2soKQpydW5uaW5nIC9jL2tlcm5lbC10ZXN0cy9iaXNl
Y3QtdGVzdC1ib290LWZhaWx1cmUuc2ggL2hvbWUvd2ZnL21tL29iai1iaXNlY3QKbHMgLWEg
L2tlcm5lbC10ZXN0cy9ydW4tcXVldWUva3ZtL2kzODYtcmFuZGNvbmZpZy1pMDAyLTA5MTIv
bGludXM6bWFzdGVyOjdhODAxMGNkMzYyNzNmZjVmNmZlYTUyMDFlZjkyMzJmMzBjZWJiZDk6
YmlzZWN0LW1tCgoyMDEzLTA5LTE2LTA0OjUzOjA3IDdhODAxMGNkMzYyNzNmZjVmNmZlYTUy
MDFlZjkyMzJmMzBjZWJiZDkgY29tcGlsaW5nCjQ5NyByZWFsICAxMzQ2IHVzZXIgIDE0MyBz
eXMgIDI5OS41NyUgY3B1IAlpMzg2LXJhbmRjb25maWctaTAwMi0wOTEyCgoyMDEzLTA5LTE2
LTA1OjAyOjQ1IGRldGVjdGluZyBib290IHN0YXRlIDMuMTEuMC0wOTE4MC1nN2E4MDEwYwk2
OSBURVNUIEZBSUxVUkUKWyAgICA0Ljk5MDIxNF0gdHNjOiBSZWZpbmVkIFRTQyBjbG9ja3Nv
dXJjZSBjYWxpYnJhdGlvbjogMjY2Ni42MDMgTUh6ClsgICAgNS4xODA2MDddIC0tLS0tLS0t
LS0tLVsgY3V0IGhlcmUgXS0tLS0tLS0tLS0tLQpbICAgIDUuMTgxNDI4XSBXQVJOSU5HOiBD
UFU6IDEgUElEOiA5IGF0IC9jL3dmZy9tbS9saWIvbGlzdF9kZWJ1Zy5jOjMzIF9fbGlzdF9h
ZGQrMHg2Yy8weGFlKCkKWyAgICA1LjE4MjcyM10gbGlzdF9hZGQgY29ycnVwdGlvbi4gcHJl
di0+bmV4dCBzaG91bGQgYmUgbmV4dCAoNzgxMDA2ZTgpLCBidXQgd2FzIDcwMWQxZjg4LiAo
cHJldj03ODFhYzE3MCkuClsgICAgNS4xODQyMDNdIE1vZHVsZXMgbGlua2VkIGluOgpbICAg
IDUuMTg0NzIxXSBDUFU6IDEgUElEOiA5IENvbW06IHJjdV9zY2hlZCBOb3QgdGFpbnRlZCAz
LjExLjAtMDkxODAtZzdhODAxMGMgIzMzNgpbICAgIDUuMTg1ODc0XSAgMDAwMDAwMDAgMDAw
MDAwMDAgNzgwNjdkZjQgNzkyMGQzYWIgNzgwNjdlMzQgNzgwNjdlMjQgNzkwMzBlYTIgNzky
ZjJkNjEKWyAgICA1LjE4NzI1Nl0gIDc4MDY3ZTUwIDAwMDAwMDA5IDc5MmYyZDQ2IDAwMDAw
MDIxIDc5MTA2YTMyIDc5MTA2YTMyIDc4MWFjMTcwIDc4MTAwNmU4ClsgICAgNS4xODg2Mzld
ICA3ODA2N2VhMCA3ODA2N2UzYyA3OTAzMGVlNyAwMDAwMDAwOSA3ODA2N2UzNCA3OTJmMmQ2
MSA3ODA2N2U1MCA3ODA2N2U2OApbICAgIDUuMTkwMDE1XSBDYWxsIFRyYWNlOgpbICAgIDUu
MTkwMDE1XSAgWzw3OTIwZDNhYj5dIGR1bXBfc3RhY2srMHg0Yi8weDY2ClsgICAgNS4xOTAw
MTVdICBbPDc5MDMwZWEyPl0gd2Fybl9zbG93cGF0aF9jb21tb24rMHg3NC8weDhiClsgICAg
NS4xOTAwMTVdICBbPDc5MTA2YTMyPl0gPyBfX2xpc3RfYWRkKzB4NmMvMHhhZQpbICAgIDUu
MTkwMDE1XSAgWzw3OTEwNmEzMj5dID8gX19saXN0X2FkZCsweDZjLzB4YWUKWyAgICA1LjE5
MDAxNV0gIFs8NzkwMzBlZTc+XSB3YXJuX3Nsb3dwYXRoX2ZtdCsweDJlLzB4MzAKWyAgICA1
LjE5MDAxNV0gIFs8NzkxMDZhMzI+XSBfX2xpc3RfYWRkKzB4NmMvMHhhZQpbICAgIDUuMTkw
MDE1XSAgWzw3OTAzNzE3Nz5dIF9faW50ZXJuYWxfYWRkX3RpbWVyKzB4OGEvMHg4ZQpbICAg
IDUuMTkwMDE1XSAgWzw3OTAzNzE4OT5dIGludGVybmFsX2FkZF90aW1lcisweGUvMHgyNgpb
ICAgIDUuMTkwMDE1XSAgWzw3OTIwZGJiNj5dIHNjaGVkdWxlX3RpbWVvdXQrMHgxMjYvMHgx
NmUKWyAgICA1LjE5MDAxNV0gIFs8NzkwMzcyNDM+XSA/IGNhc2NhZGUrMHg1YS8weDVhClsg
ICAgNS4xOTAwMTVdICBbPDc5MDdiZWJiPl0gcmN1X2dwX2t0aHJlYWQrMHgyOTkvMHg0NjcK
WyAgICA1LjE5MDAxNV0gIFs8NzkwNDYwZjE+XSA/IGFib3J0X2V4Y2x1c2l2ZV93YWl0KzB4
NjMvMHg2MwpbICAgIDUuMTkwMDE1XSAgWzw3OTA3YmMyMj5dID8gcmN1X2dwX2ZxcysweDZh
LzB4NmEKWyAgICA1LjE5MDAxNV0gIFs8NzkwNDU5NGI+XSBrdGhyZWFkKzB4OTUvMHg5YQpb
ICAgIDUuMTkwMDE1XSAgWzw3OTA0MDAwMD5dID8gZGVzdHJveV93b3JrcXVldWUrMHg4OS8w
eDE3OQpbICAgIDUuMTkwMDE1XSAgWzw3OTIxMjg3Yj5dIHJldF9mcm9tX2tlcm5lbF90aHJl
YWQrMHgxYi8weDMwClsgICAgNS4xOTAwMTVdICBbPDc5MDQ1OGI2Pl0gPyBrdGhyZWFkX3N0
b3ArMHg0ZS8weDRlClsgICAgNS4xOTAwMTVdIC0tLVsgZW5kIHRyYWNlIDVkOTM2NGZiNzk5
NTU3MWMgXS0tLQova2VybmVsL2kzODYtcmFuZGNvbmZpZy1pMDAyLTA5MTIvN2E4MDEwY2Qz
NjI3M2ZmNWY2ZmVhNTIwMWVmOTIzMmYzMGNlYmJkOS9kbWVzZy1xdWFudGFsLXJvYW0tNjoy
MDEzMDkxNjA1MDI1MTozLjExLjAtMTAwNzEtZzUyNmZkNmI6NwoKN2E4MDEwY2QzNjI3M2Zm
NWY2ZmVhNTIwMWVmOTIzMmYzMGNlYmJkOSBpcyB0aGUgZmlyc3QgYmFkIGNvbW1pdApjb21t
aXQgN2E4MDEwY2QzNjI3M2ZmNWY2ZmVhNTIwMWVmOTIzMmYzMGNlYmJkOQpBdXRob3I6IFZs
YXN0aW1pbCBCYWJrYSA8dmJhYmthQHN1c2UuY3o+CkRhdGU6ICAgV2VkIFNlcCAxMSAxNDoy
MjozNSAyMDEzIC0wNzAwCgogICAgbW06IG11bmxvY2s6IG1hbnVhbCBwdGUgd2FsayBpbiBm
YXN0IHBhdGggaW5zdGVhZCBvZiBmb2xsb3dfcGFnZV9tYXNrKCkKICAgIAogICAgQ3VycmVu
dGx5IG11bmxvY2tfdm1hX3BhZ2VzX3JhbmdlKCkgY2FsbHMgZm9sbG93X3BhZ2VfbWFzaygp
IHRvIG9idGFpbgogICAgZWFjaCBpbmRpdmlkdWFsIHN0cnVjdCBwYWdlLiAgVGhpcyBlbnRh
aWxzIHJlcGVhdGVkIGZ1bGwgcGFnZSB0YWJsZQogICAgdHJhbnNsYXRpb25zIGFuZCBwYWdl
IHRhYmxlIGxvY2sgdGFrZW4gZm9yIGVhY2ggcGFnZSBzZXBhcmF0ZWx5LgogICAgCiAgICBU
aGlzIHBhdGNoIGF2b2lkcyB0aGUgY29zdGx5IGZvbGxvd19wYWdlX21hc2soKSB3aGVyZSBw
b3NzaWJsZSwgYnkKICAgIGl0ZXJhdGluZyBvdmVyIHB0ZXMgd2l0aGluIHNpbmdsZSBwbWQg
dW5kZXIgc2luZ2xlIHBhZ2UgdGFibGUgbG9jay4gIFRoZQogICAgZmlyc3QgcHRlIGlzIG9i
dGFpbmVkIGJ5IGdldF9sb2NrZWRfcHRlKCkgZm9yIG5vbi1USFAgcGFnZSBhY3F1aXJlZCBi
eSB0aGUKICAgIGluaXRpYWwgZm9sbG93X3BhZ2VfbWFzaygpLiAgVGhlIHJlc3Qgb2YgdGhl
IG9uLXN0YWNrIHBhZ2V2ZWMgZm9yIG11bmxvY2sKICAgIGlzIGZpbGxlZCB1cCB1c2luZyBw
dGVfd2FsayBhcyBsb25nIGFzIHB0ZV9wcmVzZW50KCkgYW5kIHZtX25vcm1hbF9wYWdlKCkK
ICAgIGFyZSBzdWZmaWNpZW50IHRvIG9idGFpbiB0aGUgc3RydWN0IHBhZ2UuCiAgICAKICAg
IEFmdGVyIHRoaXMgcGF0Y2gsIGEgMTQlIHNwZWVkdXAgd2FzIG1lYXN1cmVkIGZvciBtdW5s
b2NraW5nIGEgNTZHQiBsYXJnZQogICAgbWVtb3J5IGFyZWEgd2l0aCBUSFAgZGlzYWJsZWQu
CiAgICAKICAgIFNpZ25lZC1vZmYtYnk6IFZsYXN0aW1pbCBCYWJrYSA8dmJhYmthQHN1c2Uu
Y3o+CiAgICBDYzogSsO2cm4gRW5nZWwgPGpvZXJuQGxvZ2ZzLm9yZz4KICAgIENjOiBNZWwg
R29ybWFuIDxtZ29ybWFuQHN1c2UuZGU+CiAgICBDYzogTWljaGVsIExlc3BpbmFzc2UgPHdh
bGtlbkBnb29nbGUuY29tPgogICAgQ2M6IEh1Z2ggRGlja2lucyA8aHVnaGRAZ29vZ2xlLmNv
bT4KICAgIENjOiBSaWsgdmFuIFJpZWwgPHJpZWxAcmVkaGF0LmNvbT4KICAgIENjOiBKb2hh
bm5lcyBXZWluZXIgPGhhbm5lc0BjbXB4Y2hnLm9yZz4KICAgIENjOiBNaWNoYWwgSG9ja28g
PG1ob2Nrb0BzdXNlLmN6PgogICAgQ2M6IFZsYXN0aW1pbCBCYWJrYSA8dmJhYmthQHN1c2Uu
Y3o+CiAgICBTaWduZWQtb2ZmLWJ5OiBBbmRyZXcgTW9ydG9uIDxha3BtQGxpbnV4LWZvdW5k
YXRpb24ub3JnPgogICAgU2lnbmVkLW9mZi1ieTogTGludXMgVG9ydmFsZHMgPHRvcnZhbGRz
QGxpbnV4LWZvdW5kYXRpb24ub3JnPgoKOjA0MDAwMCAwNDAwMDAgMWE0YTAyNjE0NDlmNTkz
MjllMTk3YTBkYjZlZjRkMzAyZDMxY2JhOCA5ZDYwZDQ0ZmE0MTY4YmU0ZWI3N2U4NjZkZDI3
Y2Q2ZDZmMjU5ODc5IE0JaW5jbHVkZQo6MDQwMDAwIDA0MDAwMCBlOGU3NTIzZGVhZmY1NjVk
MDQxY2U0NTM1NmE0NDRkZWJiMmM2YzUzIDk1MTg2MmNhYjY4OWE2MmNkOWI4ODBiZjE2OTI4
MDEwNzBkNzM2ZjYgTQltbQpiaXNlY3QgcnVuIHN1Y2Nlc3MKbHMgLWEgL2tlcm5lbC10ZXN0
cy9ydW4tcXVldWUva3ZtL2kzODYtcmFuZGNvbmZpZy1pMDAyLTA5MTIvbGludXM6bWFzdGVy
OjViNDA5OThhZTM1Y2Y2NDU2MTg2ODM3MGU2YzlmM2QzZTk0YjZiZjc6YmlzZWN0LW1tCgoy
MDEzLTA5LTE2LTA1OjAzOjI0IDViNDA5OThhZTM1Y2Y2NDU2MTg2ODM3MGU2YzlmM2QzZTk0
YjZiZjcgcmV1c2UgL2tlcm5lbC9pMzg2LXJhbmRjb25maWctaTAwMi0wOTEyLzViNDA5OThh
ZTM1Y2Y2NDU2MTg2ODM3MGU2YzlmM2QzZTk0YjZiZjcvdm1saW51ei0zLjExLjAtMDkxNzkt
ZzViNDA5OTgKG1sxOzM1bWFkZF90b19ydW5fcXVldWU6IHJlcXVlc3RlZCAxMDAwMCwgbGlt
aXQgdG8gNTAwMBtbMG0KCjIwMTMtMDktMTYtMDU6MDM6MzkgZGV0ZWN0aW5nIGJvb3Qgc3Rh
dGUgCTMwCTc0CTkyCTE5NQkyNDEJMzExCTM3MQk0NDEJNTE5CTU5NAk2NTgJNzExCTc3NAk4
MzEJODc5CTkyNwk5NzMJMTA0OAkxMDk3CTExNTQJMTE5NAkxMjUzCTEyODkJMTMzOAkxMzk1
CTE0ODYJMTUzMQkxNjI0CTE2ODQJMTc3OAkxODc3CTE5MzMJMjAxNQkyMDk1CTIxMzMJMjIz
MwkyMzAxCTIzOTIJMjQ2NQkyNTQyCTI2MTYJMjY5NAkyNzk5CTI4NTkJMjg3OQkzMDA1CTMw
NzIJMzIwMgkzMjg2CTMzOTcJMzUwMgkzNjE5CTM3MDgJMzgwOQkzOTMzCTQwNDgJNDE0MAk0
MjI0CTQzMTUJNDQyMQk0NDc5CTQ2NDMJNDc0MQk0ODYwCTQ5NTgJNDk5MQk0OTk3CTUwMDAu
Li4uLi4uLi4uLi4uLi4uLi4uLi4uLi4uLi4uLi4uLi4uLi4uLi4uLi4uLi4uLi4uLi4uLi4u
Li4uLi4uLi4uLi4uLi4uLi4uLi4uLi4uLi4uLi4uLi4uLi4uLi4uLi4uLi4uLi4uLi4uLi4u
Li4uLi4uLi4uLi4uLi4uLi4uLi4uLi4uLi4uLi4uLi4uLi4uLi4uLi4uLi4uLi4uLi4uLi4u
Li4uLi4uLi4uLi4uLi4uLi4uLi4uLi4uLi4uLi4uLi4uLi4uLi4uLi4uLi4uLi4uLi4uLi4u
Li4uLi4uLi4uLi4uLi4uLi4uLi4uLi4uLi4uLi4uLi4uLi4uLi4uLi4uLi4uLi4uLi4uLi4u
Li4uLi4uLi4uLi4uLi4uLi4uLi4uLi4uLi4uLi4uG1sxOzM1bWFkZF90b19ydW5fcXVldWUg
NTAwMBtbMG0KLi4uLi4uLgk1MDAxLi4uLi4uLi4uLi4uCTUwMDIJNTAwMy4uLi4uLi4uLi4u
Li4uCTUwMDUJNTAwNi4uLi4uLi4JNTAwNy4uLi4JNTAwOAk1MDA5Li4JNTAxMC4uLi4uLi4u
Li4JNTAxMQk1MDEzLi4JNTAxNAk1MDE1CTUwMTguCTUwMTkJNTAyMC4JNTAyNC4JNTAyNQk1
MDI2Lgk1MDI5Li4JNTAzMC4uLi4uLi4uLi4uLi4uLgk1MDMyCTUwMzQJNTAzNgk1MDQzCTUw
NTQJNTA4Ni4JNTA4OQk1MTIyLgk1MjIzCTUzNjAJNTQ5MAk1NTM4CTU1NjEJNTU3NAk1NTkz
CTU2MDcJNTYxOQk1NjMyCTU2NTcJNTY3NC4uCTU3MTgJNTcyMwk1NzQxCTU3ODEuCTU4MDYJ
NTkxNwk2MDIwCTYwNzUJNjI2MAk2MzY1CTY0NjgJNjYwMQk2NzEzCTY3NTEJNjkyMQk3MDE4
CTcxMzcJNzI2MQk3MzY0CTc0OTIJNzU3MAk3NzAxCTc3NjMJNzg4NQk3OTQ4CTgwMjkJODA4
OQk4MTg3CTgyNTAJODMzNQk4NDIzCTg0NTIJODQ2Nwk4NDkxCTg1NDEJODU2Mwk4NTg1CTg2
MzgJODcyMAk4Nzg5CTg5MDUJODk5NAk5MTIxCTkyMDEJOTI4Mwk5MzYwCTk0MzIJOTU4MQk5
NzAzCTk4MzEJOTkxNgk5OTgyCTk5OTEJOTk5Nwk5OTk5Li4uLi4uLgkxMDAwMCBTVUNDRVNT
CgpscyAtYSAva2VybmVsLXRlc3RzL3J1bi1xdWV1ZS9rdm0vaTM4Ni1yYW5kY29uZmlnLWkw
MDItMDkxMi9saW51czptYXN0ZXI6ZDVkMDRiYjQ4ZjBlYjg5YzE0ZTc2Nzc5YmI0NjIxMjQ5
NGRlMGJlYzpiaXNlY3QtbW0KCjIwMTMtMDktMTYtMDk6NDI6MzMgZDVkMDRiYjQ4ZjBlYjg5
YzE0ZTc2Nzc5YmI0NjIxMjQ5NGRlMGJlYyByZXVzZSAva2VybmVsL2kzODYtcmFuZGNvbmZp
Zy1pMDAyLTA5MTIvZDVkMDRiYjQ4ZjBlYjg5YzE0ZTc2Nzc5YmI0NjIxMjQ5NGRlMGJlYy92
bWxpbnV6LTMuMTEuMC0wOTQyMC1nZDVkMDRiYgobWzE7MzVtYWRkX3RvX3J1bl9xdWV1ZTog
cmVxdWVzdGVkIDEwMDAwLCBsaW1pdCB0byA1MDAwG1swbQoKMjAxMy0wOS0xNi0wOTo0Mjoz
OSBkZXRlY3RpbmcgYm9vdCBzdGF0ZSAuCTIuLgkzLgk0CTUuCTYuCTcuLi4uLi4JOC4uLgk5
Li4uLi4uLi4uLgkxMC4uCTExLi4uLgkxMi4JMTMuCTE0LgkxNgkxOAkzMQk4MgkxMjggVEVT
VCBGQUlMVVJFClsgICAgNS4wMDY2MzhdIGluaXQ6IFRlbXBvcmFyeSBwcm9jZXNzIHNwYXdu
IGVycm9yOiBObyBzcGFjZSBsZWZ0IG9uIGRldmljZQpbICAgIDUuMDM3OTAxXSAtLS0tLS0t
LS0tLS1bIGN1dCBoZXJlIF0tLS0tLS0tLS0tLS0KWyAgICA1LjAzODU1N10gV0FSTklORzog
Q1BVOiAxIFBJRDogOSBhdCBsaWIvbGlzdF9kZWJ1Zy5jOjMzIF9fbGlzdF9hZGQrMHg2Yy8w
eGFlKCkKWyAgICA1LjAzOTgyMF0gbGlzdF9hZGQgY29ycnVwdGlvbi4gcHJldi0+bmV4dCBz
aG91bGQgYmUgbmV4dCAoNzgxMDA2NzgpLCBidXQgd2FzICAgKG51bGwpLiAocHJldj03ODA5
MTU3MCkuClsgICAgNS4wNDExMDNdIE1vZHVsZXMgbGlua2VkIGluOgpbICAgIDUuMDQxNTQ0
XSBDUFU6IDEgUElEOiA5IENvbW06IHJjdV9zY2hlZCBOb3QgdGFpbnRlZCAzLjExLjAtMDk0
MjAtZ2Q1ZDA0YmIgIzMwClsgICAgNS4wNDI1MjVdICAwMDAwMDAwMCAwMDAwMDAwMCA3ODA2
N2RmNCA3OTIwZWMwNiA3ODA2N2UzNCA3ODA2N2UyNCA3OTAzMGU3MiA3OTJmNTMzMQpbICAg
IDUuMDQzNzI0XSAgNzgwNjdlNTAgMDAwMDAwMDkgNzkyZjUzMDcgMDAwMDAwMjEgNzkxMDZj
NjAgNzkxMDZjNjAgNzgwOTE1NzAgNzgxMDA2NzgKWyAgICA1LjA0NDkyM10gIDc4MDY3ZWEw
IDc4MDY3ZTNjIDc5MDMwZWI3IDAwMDAwMDA5IDc4MDY3ZTM0IDc5MmY1MzMxIDc4MDY3ZTUw
IDc4MDY3ZTY4ClsgICAgNS4wNDYxMjBdIENhbGwgVHJhY2U6ClsgICAgNS4wNDY0NjldICBb
PDc5MjBlYzA2Pl0gZHVtcF9zdGFjaysweDRiLzB4NjYKWyAgICA1LjA0NzA4NV0gIFs8Nzkw
MzBlNzI+XSB3YXJuX3Nsb3dwYXRoX2NvbW1vbisweDc0LzB4OGIKWyAgICA1LjA0NzgwMl0g
IFs8NzkxMDZjNjA+XSA/IF9fbGlzdF9hZGQrMHg2Yy8weGFlClsgICAgNS4wNDc4NzVdICBb
PDc5MTA2YzYwPl0gPyBfX2xpc3RfYWRkKzB4NmMvMHhhZQpbICAgIDUuMDQ3ODc1XSAgWzw3
OTAzMGViNz5dIHdhcm5fc2xvd3BhdGhfZm10KzB4MmUvMHgzMApbICAgIDUuMDQ3ODc1XSAg
Wzw3OTEwNmM2MD5dIF9fbGlzdF9hZGQrMHg2Yy8weGFlClsgICAgNS4wNDc4NzVdICBbPDc5
MDM3MTUxPl0gX19pbnRlcm5hbF9hZGRfdGltZXIrMHg4YS8weDhlClsgICAgNS4wNDc4NzVd
ICBbPDc5MDM3MTYzPl0gaW50ZXJuYWxfYWRkX3RpbWVyKzB4ZS8weDI2ClsgICAgNS4wNDc4
NzVdICBbPDc5MjBmNDBlPl0gc2NoZWR1bGVfdGltZW91dCsweDEyNi8weDE2ZQpbICAgIDUu
MDQ3ODc1XSAgWzw3OTAzNzIxZD5dID8gY2FzY2FkZSsweDVhLzB4NWEKWyAgICA1LjA0Nzg3
NV0gIFs8NzkwN2JlN2M+XSByY3VfZ3Bfa3RocmVhZCsweDI5OS8weDQ2NwpbICAgIDUuMDQ3
ODc1XSAgWzw3OTA0NjBjYj5dID8gYWJvcnRfZXhjbHVzaXZlX3dhaXQrMHg2My8weDYzClsg
ICAgNS4wNDc4NzVdICBbPDc5MDdiYmUzPl0gPyByY3VfZ3BfZnFzKzB4NmEvMHg2YQpbICAg
IDUuMDQ3ODc1XSAgWzw3OTA0NTkyNT5dIGt0aHJlYWQrMHg5NS8weDlhClsgICAgNS4wNDc4
NzVdICBbPDc5MDQwMDAwPl0gPyBkZXN0cm95X3dvcmtxdWV1ZSsweGFmLzB4MTc5ClsgICAg
NS4wNDc4NzVdICBbPDc5MjE0MGZiPl0gcmV0X2Zyb21fa2VybmVsX3RocmVhZCsweDFiLzB4
MzAKWyAgICA1LjA0Nzg3NV0gIFs8NzkwNDU4OTA+XSA/IGt0aHJlYWRfc3RvcCsweDRlLzB4
NGUKWyAgICA1LjA0Nzg3NV0gLS0tWyBlbmQgdHJhY2UgMzhhYjlmNjA3NTNiNDUxZCBdLS0t
Ci9rZXJuZWwvaTM4Ni1yYW5kY29uZmlnLWkwMDItMDkxMi9kNWQwNGJiNDhmMGViODljMTRl
NzY3NzliYjQ2MjEyNDk0ZGUwYmVjL2RtZXNnLXF1YW50YWwteGlhbi0xOjIwMTMwOTE2MTAw
NzU0OjMuMTEuMC1yYzctMDA3NjYtZzg1NWY1ZjE6NjgKCltkZXRhY2hlZCBIRUFEIDE0Zjgz
ZDRdIFJldmVydCAibW06IG11bmxvY2s6IG1hbnVhbCBwdGUgd2FsayBpbiBmYXN0IHBhdGgg
aW5zdGVhZCBvZiBmb2xsb3dfcGFnZV9tYXNrKCkiCiAyIGZpbGVzIGNoYW5nZWQsIDM3IGlu
c2VydGlvbnMoKyksIDg1IGRlbGV0aW9ucygtKQpscyAtYSAva2VybmVsLXRlc3RzL3J1bi1x
dWV1ZS9rdm0vaTM4Ni1yYW5kY29uZmlnLWkwMDItMDkxMi9saW51czptYXN0ZXI6MTRmODNk
NGMwMmZhMTI2ZmQ2OTk1NzA0MjlhMGJiODg4ZTEyZGRmNzpiaXNlY3QtbW0KCjIwMTMtMDkt
MTYtMTA6MDg6NDYgMTRmODNkNGMwMmZhMTI2ZmQ2OTk1NzA0MjlhMGJiODg4ZTEyZGRmNyBj
b21waWxpbmcKG1sxOzM1bWFkZF90b19ydW5fcXVldWU6IHJlcXVlc3RlZCAxMDAwMCwgbGlt
aXQgdG8gNTAwMBtbMG0KCjIwMTMtMDktMTYtMTA6MTU6MTMgZGV0ZWN0aW5nIGJvb3Qgc3Rh
dGUgMy4xMS4wLTA5NDIxLWcxNGY4M2Q0CTYzCTExOQkxOTYJMjY3CTM0Mwk0MjgJNDk0CTU3
Nwk2NjEJNzQwCTc5NQk4ODYJOTY5CTEwNDIJMTExNgkxMTkwCTEyODAJMTM2MwkxNDUxCTE1
MjMJMTYyMAkxNzAwCTE3ODAJMTg0OQkxOTMwCTIwMzEJMjA5MAkyMTc4CTIyNzkJMjM3Nwky
NDc0CTI1NTgJMjY0MwkyNzQxCTI4MDgJMjg5MQkyOTYyCTMwNDQJMzA5MgkzMTU1CTMyNDQJ
MzMwOQkzMzk0CTM0NzAJMzU1MQkzNjE4CTM2OTkJMzgwMAkzOTE3CTQwMTYJNDEyNwk0MjQy
CTQzNTQJNDQ2Mwk0NTcwCTQ2ODUJNDgwMQk0ODk0CTQ5NDkJNDk5Mwk0OTk5Li4uLi4uCTUw
MDAuLi4uLi4uLi4uLi4uLi4uLi4uLi4uLi4uLi4uLi4uLi4uLi4uLi4uLi4uLi4uLi4uLi4u
Li4uLi4uLi4uLi4uLi4uLi4uLi4uLi4uLi4uLi4uLi4uLi4uLi4uLi4uLi4uLi4uLi4uLi4u
Li4uLi4uLi4uLi4uLi4uLi4uLi4uLi4uLi4uLi4uLi4uLi4uLi4uLi4uLi4uLi4uLi4uLi4u
Li4uLi4uLi4uLi4uLi4uLi4uLi4uLi4uLi4uLi4uLi4uLi4uLi4uLi4uLi4uLi4uLi4uLi4u
Li4uLi4uLi4uLi4uLi4uLi4uLi4uLi4uLi4uLi4uLi4uLi4uLi4uLi4uLi4uLi4uLi4uLi4u
Li4uLi4uLi4uLi4uLi4uLi4uLi4uLi4uLi4uLi4uLi4uG1sxOzM1bWFkZF90b19ydW5fcXVl
dWUgNTAwMBtbMG0KLi4uLi4uLi4uLi4uCTUwMDEuCTUwMDIuLi4uLi4uLi4uLi4uCTUwMDMu
Li4uLi4uLi4uLi4uLi4uLi4uLi4uCTUwMDQuCTUwMDUuLi4uCTUwMDYuLgk1MDA3Lgk1MDA4
Li4uLi4uLgk1MDA5Li4JNTAxMC4uLi4JNTAxMS4uLi4uLgk1MDEyLi4uLi4uLi4uLi4uLi4u
Li4uCTUwMTMuCTUwMTQJNTAxNS4uLi4uLgk1MDE2Li4uLi4JNTAxNy4uCTUwMTguCTUwMTku
Li4uLgk1MDIwCTUwMjEuCTUwMjIuLi4uLi4uLi4JNTAyNC4uLi4JNTAyNS4uCTUwMjcJNTAy
OAk1MDM5CTUwNDEJNTA3OAk1MTIyCTUxOTEJNTI1Mwk1MzI5CTU0MDcJNTQ2OAk1NTE5CTU1
NjQJNTU5Ngk1NjE5CTU2NDcuCTU3MTcJNTc3Nwk1ODIxCTU4NjUJNTg5NAk1OTM1CTU5NjUJ
NjA1MQk2MDk0CTYwOTUJNjE3Nwk2MjQ1CTYyODkJNjM0MAk2MzcyCTY0MjQJNjQ1Nwk2NTEw
CTY1NDUJNjU4Mgk2NjE3CTY2NDIJNjY1Ngk2NjY2CTY2ODQJNjcwMQk2NzA4CTY3MTcJNjcy
Mgk2NzMyCTY3MzgJNjc0MAk2NzQyCTY3NDUJNjc0Ni4JNjc0Nwk2NzQ4CTY3NTAJNjc1MS4J
Njc1Mi4JNjc1My4JNjc1NC4uCTY3NTUJNjc1OQk2NzYyCTY3NjUJNjc3MQk2Nzc1CTY3ODUJ
Njc4OC4JNjgwNQk2ODEwCTY4MTUJNjgyMAk2ODI1CTY4MzMJNjg0OAk2ODU5Lgk2ODYxCTY4
NzMJNjg3NAk2ODgwCTY4ODIuCTY4OTkJNjkzMAk2OTU2CTY5NzgJNjk5Mgk3MDAyCTcwMTgJ
NzA2NQk3MTEwCTcxNjQJNzI1Nwk3MzEyCTc0MTIJNzUwNgk3NTc3CTc2MTQJNzc2Mgk3ODIy
CTc5MDkJODAwMQk4MDY5CTgxNDUJODE1Mwk4MzQxCTg0NDIJODU1MQk4NjIxCTg3MjEJODc2
OS4JOTAzMgk5MTM5CTkyMzMJOTM2NQk5NDc5CTk2MDAJOTcwMwk5ODE5CTk5MTcJOTk2Mwk5
OTgyCTk5OTQJOTk5NQk5OTk2Li4uLi4uLi4uLi4uLi4JOTk5OC4uLi4uLi4uLi4uLi4uLi4u
Li4uLi4uLi4uLi4uLi4uLi4uLi4uLi4uLi4JOTk5OS4uLi4uLi4uLi4uLi4uLgkxMDAwMCBT
VUNDRVNTCgoKPT09PT09PT09IHVwc3RyZWFtID09PT09PT09PQpGZXRjaGluZyBsaW51cwps
cyAtYSAva2VybmVsLXRlc3RzL3J1bi1xdWV1ZS9rdm0vaTM4Ni1yYW5kY29uZmlnLWkwMDIt
MDkxMi9saW51czptYXN0ZXI6ZDhlZmQ4MmVlY2U4OWY4YTU3OTBiMGZlYmYxNzUyMmFmZmU5
ZTFmMTpiaXNlY3QtbW0KCjIwMTMtMDktMTYtMTY6MjA6NTMgZDhlZmQ4MmVlY2U4OWY4YTU3
OTBiMGZlYmYxNzUyMmFmZmU5ZTFmMSBjb21waWxpbmcKG1sxOzM1bWFkZF90b19ydW5fcXVl
dWU6IHJlcXVlc3RlZCAxMDAwMCwgbGltaXQgdG8gNTAwMBtbMG0KCjIwMTMtMDktMTYtMTY6
MjY6MTkgZGV0ZWN0aW5nIGJvb3Qgc3RhdGUgMy4xMS4wLTEwMTMwLWdkOGVmZDgyLgkxCTIu
CTQJNgk3Li4uCTExCTEzCTIwCTM5CTQ0CTQ1IFRFU1QgRkFJTFVSRQpbICAgIDMuOTIwMjE2
XSB0c2M6IFJlZmluZWQgVFNDIGNsb2Nrc291cmNlIGNhbGlicmF0aW9uOiAyNjU5Ljk2NCBN
SHoKWyAgICA0LjEwMDA5Nl0gLS0tLS0tLS0tLS0tWyBjdXQgaGVyZSBdLS0tLS0tLS0tLS0t
ClsgICAgNC4xMDA4NzldIFdBUk5JTkc6IENQVTogMSBQSUQ6IDkgYXQgL2Mvd2ZnL21tL2xp
Yi9saXN0X2RlYnVnLmM6MzMgX19saXN0X2FkZCsweDZjLzB4YWUoKQpbICAgIDQuMTAyMTIw
XSBsaXN0X2FkZCBjb3JydXB0aW9uLiBwcmV2LT5uZXh0IHNob3VsZCBiZSBuZXh0ICg3ODEw
MDM4OCksIGJ1dCB3YXMgICAobnVsbCkuIChwcmV2PTc4MDkxNTcwKS4KWyAgICA0LjEwMzU0
Nl0gTW9kdWxlcyBsaW5rZWQgaW46ClsgICAgNC4xMDQwNDJdIENQVTogMSBQSUQ6IDkgQ29t
bTogcmN1X3NjaGVkIE5vdCB0YWludGVkIDMuMTEuMC0xMDEzMC1nZDhlZmQ4MiAjMzM4Clsg
ICAgNC4xMDUxNTRdICAwMDAwMDAwMCAwMDAwMDAwMCA3ODA2N2RmNCA3OTIwZTdmZiA3ODA2
N2UzNCA3ODA2N2UyNCA3OTAzMGVmMiA3OTJmNDY5NApbICAgIDQuMTA2NDkzXSAgNzgwNjdl
NTAgMDAwMDAwMDkgNzkyZjQ2NzkgMDAwMDAwMjEgNzkxMDgwNTAgNzkxMDgwNTAgNzgwOTE1
NzAgNzgxMDAzODgKWyAgICA0LjEwNzgzOF0gIDc4MDY3ZWEwIDc4MDY3ZTNjIDc5MDMwZjM3
IDAwMDAwMDA5IDc4MDY3ZTM0IDc5MmY0Njk0IDc4MDY3ZTUwIDc4MDY3ZTY4ClsgICAgNC4x
MDkxNzBdIENhbGwgVHJhY2U6ClsgICAgNC4xMDk1NjFdICBbPDc5MjBlN2ZmPl0gZHVtcF9z
dGFjaysweDRiLzB4NjYKWyAgICA0LjExMDAyOF0gIFs8NzkwMzBlZjI+XSB3YXJuX3Nsb3dw
YXRoX2NvbW1vbisweDc0LzB4OGIKWyAgICA0LjExMDAyOF0gIFs8NzkxMDgwNTA+XSA/IF9f
bGlzdF9hZGQrMHg2Yy8weGFlClsgICAgNC4xMTAwMjhdICBbPDc5MTA4MDUwPl0gPyBfX2xp
c3RfYWRkKzB4NmMvMHhhZQpbICAgIDQuMTEwMDI4XSAgWzw3OTAzMGYzNz5dIHdhcm5fc2xv
d3BhdGhfZm10KzB4MmUvMHgzMApbICAgIDQuMTEwMDI4XSAgWzw3OTEwODA1MD5dIF9fbGlz
dF9hZGQrMHg2Yy8weGFlClsgICAgNC4xMTAwMjhdICBbPDc5MDM3MWQxPl0gX19pbnRlcm5h
bF9hZGRfdGltZXIrMHg4YS8weDhlClsgICAgNC4xMTAwMjhdICBbPDc5MDM3MWUzPl0gaW50
ZXJuYWxfYWRkX3RpbWVyKzB4ZS8weDI2ClsgICAgNC4xMTAwMjhdICBbPDc5MjBmMDA2Pl0g
c2NoZWR1bGVfdGltZW91dCsweDEyNi8weDE2ZQpbICAgIDQuMTEwMDI4XSAgWzw3OTAzNzI5
ZD5dID8gY2FzY2FkZSsweDVhLzB4NWEKWyAgICA0LjExMDAyOF0gIFs8NzkwN2JmMzM+XSBy
Y3VfZ3Bfa3RocmVhZCsweDI5OS8weDQ2NwpbICAgIDQuMTEwMDI4XSAgWzw3OTA0NjE0Yj5d
ID8gYWJvcnRfZXhjbHVzaXZlX3dhaXQrMHg2My8weDYzClsgICAgNC4xMTAwMjhdICBbPDc5
MDdiYzlhPl0gPyByY3VfZ3BfZnFzKzB4NmEvMHg2YQpbICAgIDQuMTEwMDI4XSAgWzw3OTA0
NTlhNT5dIGt0aHJlYWQrMHg5NS8weDlhClsgICAgNC4xMTAwMjhdICBbPDc5MDQwMDAwPl0g
PyBkZXN0cm95X3dvcmtxdWV1ZSsweDJmLzB4MTc5ClsgICAgNC4xMTAwMjhdICBbPDc5MjEz
Y2ZiPl0gcmV0X2Zyb21fa2VybmVsX3RocmVhZCsweDFiLzB4MzAKWyAgICA0LjExMDAyOF0g
IFs8NzkwNDU5MTA+XSA/IGt0aHJlYWRfc3RvcCsweDRlLzB4NGUKWyAgICA0LjExMDAyOF0g
LS0tWyBlbmQgdHJhY2UgMzljOTRiNjIwNGNkY2E5MyBdLS0tCi9rZXJuZWwvaTM4Ni1yYW5k
Y29uZmlnLWkwMDItMDkxMi9kOGVmZDgyZWVjZTg5ZjhhNTc5MGIwZmViZjE3NTIyYWZmZTll
MWYxL2RtZXNnLXlvY3RvLXJvYW0tMjg6MjAxMzA5MTYxNjMzNDc6My4xMS4wLTAwMDIyLWc0
YjJjOGM0Ojk4Ci9rZXJuZWwvaTM4Ni1yYW5kY29uZmlnLWkwMDItMDkxMi9kOGVmZDgyZWVj
ZTg5ZjhhNTc5MGIwZmViZjE3NTIyYWZmZTllMWYxL2RtZXNnLXlvY3RvLWxrcC10dDAyLTE2
OjIwMTMwOTE2MDY1MjQyOjMuMTEuMC0xMDEzNy1nYzg5NzU3MDoxMTAKCgo9PT09PT09PT0g
bGludXgtbmV4dCA9PT09PT09PT0KRmV0Y2hpbmcgbmV4dApscyAtYSAva2VybmVsLXRlc3Rz
L3J1bi1xdWV1ZS9rdm0vaTM4Ni1yYW5kY29uZmlnLWkwMDItMDkxMi9saW51czptYXN0ZXI6
YWRlN2I2NjFhZTlhMmVmYWM0Y2QyZWQzNmQ4MDUzYmZjYjEzYmMzMTpiaXNlY3QtbW0KCjIw
MTMtMDktMTYtMTY6MzQ6MzcgYWRlN2I2NjFhZTlhMmVmYWM0Y2QyZWQzNmQ4MDUzYmZjYjEz
YmMzMSBjb21waWxpbmcKMjAxMy0wOS0xNi0xNjozNzoxNiBhZGU3YjY2MWFlOWEyZWZhYzRj
ZDJlZDM2ZDgwNTNiZmNiMTNiYzMxIFNLSVAgQlJPS0VOIEJVSUxECkNoZWNrIGVycm9zIGlu
IC9jYy93ZmcvbW0tYmlzZWN0IGFuZCAvdG1wL2tlcm5lbC9pMzg2LXJhbmRjb25maWctaTAw
Mi0wOTEyL2FkZTdiNjYxYWU5YTJlZmFjNGNkMmVkMzZkODA1M2JmY2IxM2JjMzEK

--qDbXVdCdHGoSgWSk
Content-Type: text/plain; charset=us-ascii
Content-Disposition: attachment; filename="config-3.11.0-09272-g666a584"

#
# Automatically generated file; DO NOT EDIT.
# Linux/i386 3.11.0 Kernel Configuration
#
# CONFIG_64BIT is not set
CONFIG_X86_32=y
CONFIG_X86=y
CONFIG_INSTRUCTION_DECODER=y
CONFIG_OUTPUT_FORMAT="elf32-i386"
CONFIG_ARCH_DEFCONFIG="arch/x86/configs/i386_defconfig"
CONFIG_LOCKDEP_SUPPORT=y
CONFIG_STACKTRACE_SUPPORT=y
CONFIG_HAVE_LATENCYTOP_SUPPORT=y
CONFIG_MMU=y
CONFIG_NEED_SG_DMA_LENGTH=y
CONFIG_GENERIC_ISA_DMA=y
CONFIG_GENERIC_BUG=y
CONFIG_GENERIC_HWEIGHT=y
CONFIG_ARCH_MAY_HAVE_PC_FDC=y
CONFIG_RWSEM_XCHGADD_ALGORITHM=y
CONFIG_GENERIC_CALIBRATE_DELAY=y
CONFIG_ARCH_HAS_CPU_RELAX=y
CONFIG_ARCH_HAS_CACHE_LINE_SIZE=y
CONFIG_ARCH_HAS_CPU_AUTOPROBE=y
CONFIG_HAVE_SETUP_PER_CPU_AREA=y
CONFIG_NEED_PER_CPU_EMBED_FIRST_CHUNK=y
CONFIG_NEED_PER_CPU_PAGE_FIRST_CHUNK=y
CONFIG_ARCH_HIBERNATION_POSSIBLE=y
CONFIG_ARCH_SUSPEND_POSSIBLE=y
CONFIG_ARCH_WANT_HUGE_PMD_SHARE=y
CONFIG_ARCH_WANT_GENERAL_HUGETLB=y
# CONFIG_ZONE_DMA32 is not set
# CONFIG_AUDIT_ARCH is not set
CONFIG_ARCH_SUPPORTS_OPTIMIZED_INLINING=y
CONFIG_ARCH_SUPPORTS_DEBUG_PAGEALLOC=y
CONFIG_X86_32_SMP=y
CONFIG_X86_HT=y
CONFIG_ARCH_HWEIGHT_CFLAGS="-fcall-saved-ecx -fcall-saved-edx"
CONFIG_ARCH_CPU_PROBE_RELEASE=y
CONFIG_ARCH_SUPPORTS_UPROBES=y
CONFIG_DEFCONFIG_LIST="/lib/modules/$UNAME_RELEASE/.config"
CONFIG_CONSTRUCTORS=y
CONFIG_IRQ_WORK=y
CONFIG_BUILDTIME_EXTABLE_SORT=y

#
# General setup
#
CONFIG_INIT_ENV_ARG_LIMIT=32
CONFIG_CROSS_COMPILE=""
CONFIG_COMPILE_TEST=y
CONFIG_LOCALVERSION=""
CONFIG_LOCALVERSION_AUTO=y
CONFIG_HAVE_KERNEL_GZIP=y
CONFIG_HAVE_KERNEL_BZIP2=y
CONFIG_HAVE_KERNEL_LZMA=y
CONFIG_HAVE_KERNEL_XZ=y
CONFIG_HAVE_KERNEL_LZO=y
CONFIG_HAVE_KERNEL_LZ4=y
# CONFIG_KERNEL_GZIP is not set
CONFIG_KERNEL_BZIP2=y
# CONFIG_KERNEL_LZMA is not set
# CONFIG_KERNEL_XZ is not set
# CONFIG_KERNEL_LZO is not set
# CONFIG_KERNEL_LZ4 is not set
CONFIG_DEFAULT_HOSTNAME="(none)"
# CONFIG_SYSVIPC is not set
# CONFIG_POSIX_MQUEUE is not set
CONFIG_FHANDLE=y
# CONFIG_AUDIT is not set
CONFIG_HAVE_GENERIC_HARDIRQS=y

#
# IRQ subsystem
#
CONFIG_GENERIC_HARDIRQS=y
CONFIG_GENERIC_IRQ_PROBE=y
CONFIG_GENERIC_IRQ_SHOW=y
CONFIG_GENERIC_PENDING_IRQ=y
CONFIG_GENERIC_IRQ_CHIP=y
CONFIG_IRQ_DOMAIN=y
CONFIG_IRQ_DOMAIN_DEBUG=y
CONFIG_IRQ_FORCED_THREADING=y
CONFIG_SPARSE_IRQ=y
CONFIG_CLOCKSOURCE_WATCHDOG=y
CONFIG_KTIME_SCALAR=y
CONFIG_GENERIC_CLOCKEVENTS=y
CONFIG_GENERIC_CLOCKEVENTS_BUILD=y
CONFIG_GENERIC_CLOCKEVENTS_BROADCAST=y
CONFIG_GENERIC_CLOCKEVENTS_MIN_ADJUST=y
CONFIG_GENERIC_CMOS_UPDATE=y

#
# Timers subsystem
#
CONFIG_TICK_ONESHOT=y
CONFIG_NO_HZ_COMMON=y
# CONFIG_HZ_PERIODIC is not set
CONFIG_NO_HZ_IDLE=y
CONFIG_NO_HZ=y
# CONFIG_HIGH_RES_TIMERS is not set

#
# CPU/Task time and stats accounting
#
# CONFIG_TICK_CPU_ACCOUNTING is not set
CONFIG_IRQ_TIME_ACCOUNTING=y
# CONFIG_BSD_PROCESS_ACCT is not set
# CONFIG_TASKSTATS is not set

#
# RCU Subsystem
#
CONFIG_TREE_RCU=y
# CONFIG_PREEMPT_RCU is not set
CONFIG_RCU_STALL_COMMON=y
CONFIG_RCU_FANOUT=32
CONFIG_RCU_FANOUT_LEAF=16
# CONFIG_RCU_FANOUT_EXACT is not set
# CONFIG_RCU_FAST_NO_HZ is not set
# CONFIG_TREE_RCU_TRACE is not set
# CONFIG_RCU_NOCB_CPU is not set
CONFIG_IKCONFIG=y
# CONFIG_IKCONFIG_PROC is not set
CONFIG_LOG_BUF_SHIFT=17
CONFIG_HAVE_UNSTABLE_SCHED_CLOCK=y
CONFIG_ARCH_SUPPORTS_NUMA_BALANCING=y
CONFIG_ARCH_WANTS_PROT_NUMA_PROT_NONE=y
# CONFIG_CGROUPS is not set
# CONFIG_CHECKPOINT_RESTORE is not set
# CONFIG_NAMESPACES is not set
# CONFIG_UIDGID_STRICT_TYPE_CHECKS is not set
# CONFIG_SCHED_AUTOGROUP is not set
# CONFIG_SYSFS_DEPRECATED is not set
CONFIG_RELAY=y
CONFIG_BLK_DEV_INITRD=y
CONFIG_INITRAMFS_SOURCE=""
CONFIG_RD_GZIP=y
# CONFIG_RD_BZIP2 is not set
CONFIG_RD_LZMA=y
# CONFIG_RD_XZ is not set
# CONFIG_RD_LZO is not set
CONFIG_RD_LZ4=y
CONFIG_CC_OPTIMIZE_FOR_SIZE=y
CONFIG_ANON_INODES=y
CONFIG_HAVE_UID16=y
CONFIG_SYSCTL_EXCEPTION_TRACE=y
CONFIG_HAVE_PCSPKR_PLATFORM=y
CONFIG_EXPERT=y
# CONFIG_UID16 is not set
CONFIG_KALLSYMS=y
CONFIG_KALLSYMS_ALL=y
CONFIG_PRINTK=y
CONFIG_BUG=y
# CONFIG_ELF_CORE is not set
CONFIG_PCSPKR_PLATFORM=y
CONFIG_BASE_FULL=y
CONFIG_FUTEX=y
CONFIG_EPOLL=y
CONFIG_SIGNALFD=y
# CONFIG_TIMERFD is not set
CONFIG_EVENTFD=y
# CONFIG_SHMEM is not set
CONFIG_AIO=y
CONFIG_PCI_QUIRKS=y
CONFIG_EMBEDDED=y
CONFIG_HAVE_PERF_EVENTS=y

#
# Kernel Performance Events And Counters
#
CONFIG_PERF_EVENTS=y
# CONFIG_DEBUG_PERF_USE_VMALLOC is not set
CONFIG_VM_EVENT_COUNTERS=y
# CONFIG_SLUB_DEBUG is not set
# CONFIG_COMPAT_BRK is not set
# CONFIG_SLAB is not set
CONFIG_SLUB=y
# CONFIG_SLOB is not set
CONFIG_SLUB_CPU_PARTIAL=y
# CONFIG_PROFILING is not set
CONFIG_HAVE_OPROFILE=y
CONFIG_OPROFILE_NMI_TIMER=y
# CONFIG_KPROBES is not set
CONFIG_JUMP_LABEL=y
# CONFIG_HAVE_64BIT_ALIGNED_ACCESS is not set
CONFIG_HAVE_EFFICIENT_UNALIGNED_ACCESS=y
CONFIG_ARCH_USE_BUILTIN_BSWAP=y
CONFIG_HAVE_IOREMAP_PROT=y
CONFIG_HAVE_KPROBES=y
CONFIG_HAVE_KRETPROBES=y
CONFIG_HAVE_OPTPROBES=y
CONFIG_HAVE_KPROBES_ON_FTRACE=y
CONFIG_HAVE_ARCH_TRACEHOOK=y
CONFIG_HAVE_DMA_ATTRS=y
CONFIG_HAVE_DMA_CONTIGUOUS=y
CONFIG_USE_GENERIC_SMP_HELPERS=y
