Return-Path: <owner-linux-mm@kvack.org>
Received: from mail-pb0-f42.google.com (mail-pb0-f42.google.com [209.85.160.42])
	by kanga.kvack.org (Postfix) with ESMTP id 099766B0035
	for <linux-mm@kvack.org>; Mon,  6 Jan 2014 21:26:20 -0500 (EST)
Received: by mail-pb0-f42.google.com with SMTP id uo5so19473469pbc.1
        for <linux-mm@kvack.org>; Mon, 06 Jan 2014 18:26:20 -0800 (PST)
Received: from mga02.intel.com (mga02.intel.com. [134.134.136.20])
        by mx.google.com with ESMTP id l8si56776075pao.7.2014.01.06.18.26.18
        for <linux-mm@kvack.org>;
        Mon, 06 Jan 2014 18:26:19 -0800 (PST)
Date: Tue, 7 Jan 2014 10:25:59 +0800
From: Fengguang Wu <fengguang.wu@intel.com>
Subject: [setup_bios_corruption_check] WARNING: CPU: 0 PID: 0 at
 mm/memblock.c:789 __next_free_mem_range+0x82/0x261()
Message-ID: <20140107022559.GE14055@localhost>
MIME-Version: 1.0
Content-Type: multipart/mixed; boundary="jI8keyz6grp/JLjh"
Content-Disposition: inline
In-Reply-To: <20140106133600.GA18624@localhost>
Sender: owner-linux-mm@kvack.org
List-ID: <linux-mm.kvack.org>
To: Grygorii Strashko <grygorii.strashko@ti.com>, Santosh Shilimkar <santosh.shilimkar@ti.com>
Cc: Stephen Rothwell <sfr@canb.auug.org.au>, linux-mm@kvack.org, linux-kernel@vger.kernel.org


--jI8keyz6grp/JLjh
Content-Type: text/plain; charset=us-ascii
Content-Disposition: inline

Hi all,

Here is another call trace triggered by debug patch 68abcdf547
("mm/memblock: use WARN_ONCE when MAX_NUMNODES passed as input
parameter"):

[    0.000000] found SMP MP-table at [mem 0x000fdab0-0x000fdabf] mapped at [c00fdab0]
[    0.000000]   mpc: fdac0-fdbe4
[    0.000000] ------------[ cut here ]------------
[    0.000000] WARNING: CPU: 0 PID: 0 at mm/memblock.c:789 __next_free_mem_range+0x82/0x261()
[    0.000000] Usage of MAX_NUMNODES is deprecated. Use NUMA_NO_NODE instead
[    0.000000] CPU: 0 PID: 0 Comm: swapper Not tainted 3.13.0-rc7-next-20140106-07462-gb4a839b #4
[    0.000000] Hardware name: Bochs Bochs, BIOS Bochs 01/01/2011
[    0.000000]  c1b8fea0 c1b8fea0 c1b8fe60 c180425f c1b8fe90 c103af65 c1ab8db8 c1b8febc
[    0.000000]  00000000 c1ab8d54 00000315 c1e51e3d c1e51e3d 00000000 00000001 00000001
[    0.000000]  c1b8fea8 c103afd3 00000009 c1b8fea0 c1ab8db8 c1b8febc c1b8ff08 c1e51e3d
[    0.000000] Call Trace:
[    0.000000]  [<c180425f>] dump_stack+0x16/0x18
[    0.000000]  [<c103af65>] warn_slowpath_common+0x75/0x90
[    0.000000]  [<c1e51e3d>] ? __next_free_mem_range+0x82/0x261
[    0.000000]  [<c1e51e3d>] ? __next_free_mem_range+0x82/0x261
[    0.000000]  [<c103afd3>] warn_slowpath_fmt+0x33/0x40
[    0.000000]  [<c1e51e3d>] __next_free_mem_range+0x82/0x261
[    0.000000]  [<c1e023f5>] setup_bios_corruption_check+0x78/0x1ee
[    0.000000]  [<c1df7bad>] ? memblock_x86_fill+0x5f/0x74
[    0.000000]  [<c1df5792>] setup_arch+0x703/0xbef
[    0.000000]  [<c1df2771>] start_kernel+0x75/0x447
[    0.000000]  [<c1df23be>] ? reserve_ebda_region+0x63/0x68
[    0.000000]  [<c1df2358>] i386_start_kernel+0x12e/0x131
[    0.000000] ---[ end trace ee1eeac2e47ba743 ]---
[    0.000000] Scanning 1 areas for low memory corruption

Full dmesg and kconfig attached.

Thanks,
Fengguang

--jI8keyz6grp/JLjh
Content-Type: text/plain; charset=us-ascii
Content-Disposition: attachment; filename="dmesg-yocto-waimea-8:20140107090354:i386-randconfig-nh1-01070835:3.13.0-rc7-next-20140106-07462-gb4a839b:4"
Content-Transfer-Encoding: quoted-printable

early console in setup code
early console in decompress_kernel

Decompressing Linux... Parsing ELF... No relocation needed... done.
Booting the kernel.
[    0.000000] Initializing cgroup subsys cpuset
[    0.000000] Initializing cgroup subsys cpu
[    0.000000] Linux version 3.13.0-rc7-next-20140106-07462-gb4a839b (kbuil=
d@nhm4) (gcc version 4.8.1 (Debian 4.8.1-8) ) #4 Tue Jan 7 08:58:11 CST 2014
[    0.000000] KERNEL supported cpus:
[    0.000000]   Intel GenuineIntel
[    0.000000]   UMC UMC UMC UMC
[    0.000000] e820: BIOS-provided physical RAM map:
[    0.000000] BIOS-e820: [mem 0x0000000000000000-0x000000000009fbff] usable
[    0.000000] BIOS-e820: [mem 0x000000000009fc00-0x000000000009ffff] reser=
ved
[    0.000000] BIOS-e820: [mem 0x00000000000f0000-0x00000000000fffff] reser=
ved
[    0.000000] BIOS-e820: [mem 0x0000000000100000-0x000000000fffdfff] usable
[    0.000000] BIOS-e820: [mem 0x000000000fffe000-0x000000000fffffff] reser=
ved
[    0.000000] BIOS-e820: [mem 0x00000000feffc000-0x00000000feffffff] reser=
ved
[    0.000000] BIOS-e820: [mem 0x00000000fffc0000-0x00000000ffffffff] reser=
ved
[    0.000000] bootconsole [earlyser0] enabled
[    0.000000] NX (Execute Disable) protection: active
[    0.000000] SMBIOS 2.4 present.
[    0.000000] DMI: Bochs Bochs, BIOS Bochs 01/01/2011
[    0.000000] Hypervisor detected: KVM
[    0.000000] e820: update [mem 0x00000000-0x00000fff] usable =3D=3D> rese=
rved
[    0.000000] e820: remove [mem 0x000a0000-0x000fffff] usable
[    0.000000] e820: last_pfn =3D 0xfffe max_arch_pfn =3D 0x1000000
[    0.000000] MTRR default type: write-back
[    0.000000] MTRR fixed ranges enabled:
[    0.000000]   00000-9FFFF write-back
[    0.000000]   A0000-BFFFF uncachable
[    0.000000]   C0000-FFFFF write-protect
[    0.000000] MTRR variable ranges enabled:
[    0.000000]   0 base 0080000000 mask FF80000000 uncachable
[    0.000000]   1 disabled
[    0.000000]   2 disabled
[    0.000000]   3 disabled
[    0.000000]   4 disabled
[    0.000000]   5 disabled
[    0.000000]   6 disabled
[    0.000000]   7 disabled
[    0.000000] Scan for SMP in [mem 0x00000000-0x000003ff]
[    0.000000] Scan for SMP in [mem 0x0009fc00-0x0009ffff]
[    0.000000] Scan for SMP in [mem 0x000f0000-0x000fffff]
[    0.000000] found SMP MP-table at [mem 0x000fdab0-0x000fdabf] mapped at =
[c00fdab0]
[    0.000000]   mpc: fdac0-fdbe4
[    0.000000] ------------[ cut here ]------------
[    0.000000] WARNING: CPU: 0 PID: 0 at mm/memblock.c:789 __next_free_mem_=
range+0x82/0x261()
[    0.000000] Usage of MAX_NUMNODES is deprecated. Use NUMA_NO_NODE instead
[    0.000000] CPU: 0 PID: 0 Comm: swapper Not tainted 3.13.0-rc7-next-2014=
0106-07462-gb4a839b #4
[    0.000000] Hardware name: Bochs Bochs, BIOS Bochs 01/01/2011
[    0.000000]  c1b8fea0 c1b8fea0 c1b8fe60 c180425f c1b8fe90 c103af65 c1ab8=
db8 c1b8febc
[    0.000000]  00000000 c1ab8d54 00000315 c1e51e3d c1e51e3d 00000000 00000=
001 00000001
[    0.000000]  c1b8fea8 c103afd3 00000009 c1b8fea0 c1ab8db8 c1b8febc c1b8f=
f08 c1e51e3d
[    0.000000] Call Trace:
[    0.000000]  [<c180425f>] dump_stack+0x16/0x18
[    0.000000]  [<c103af65>] warn_slowpath_common+0x75/0x90
[    0.000000]  [<c1e51e3d>] ? __next_free_mem_range+0x82/0x261
[    0.000000]  [<c1e51e3d>] ? __next_free_mem_range+0x82/0x261
[    0.000000]  [<c103afd3>] warn_slowpath_fmt+0x33/0x40
[    0.000000]  [<c1e51e3d>] __next_free_mem_range+0x82/0x261
[    0.000000]  [<c1e023f5>] setup_bios_corruption_check+0x78/0x1ee
[    0.000000]  [<c1df7bad>] ? memblock_x86_fill+0x5f/0x74
[    0.000000]  [<c1df5792>] setup_arch+0x703/0xbef
[    0.000000]  [<c1df2771>] start_kernel+0x75/0x447
[    0.000000]  [<c1df23be>] ? reserve_ebda_region+0x63/0x68
[    0.000000]  [<c1df2358>] i386_start_kernel+0x12e/0x131
[    0.000000] ---[ end trace ee1eeac2e47ba743 ]---
[    0.000000] Scanning 1 areas for low memory corruption
[    0.000000] initial memory mapped: [mem 0x00000000-0x027fffff]
[    0.000000] Base memory trampoline at [c009b000] 9b000 size 16384
[    0.000000] init_memory_mapping: [mem 0x00000000-0x000fffff]
[    0.000000]  [mem 0x00000000-0x000fffff] page 4k
[    0.000000] init_memory_mapping: [mem 0x0fa00000-0x0fbfffff]
[    0.000000]  [mem 0x0fa00000-0x0fbfffff] page 2M
[    0.000000] init_memory_mapping: [mem 0x0c000000-0x0f9fffff]
[    0.000000]  [mem 0x0c000000-0x0f9fffff] page 2M
[    0.000000] init_memory_mapping: [mem 0x00100000-0x0bffffff]
[    0.000000]  [mem 0x00100000-0x001fffff] page 4k
[    0.000000]  [mem 0x00200000-0x0bffffff] page 2M
[    0.000000] init_memory_mapping: [mem 0x0fc00000-0x0fffdfff]
[    0.000000]  [mem 0x0fc00000-0x0fdfffff] page 2M
[    0.000000]  [mem 0x0fe00000-0x0fffdfff] page 4k
[    0.000000] BRK [0x023a8000, 0x023a8fff] PGTABLE
[    0.000000] cma: dma_contiguous_reserve(limit 00000000)
[    0.000000] cma: dma_contiguous_reserve: reserving 25 MiB for global area
[    0.000000] cma: dma_contiguous_reserve_area(size 198f000, base 00000000=
, limit 00000000)
[    0.000000] cma: CMA: reserved 28 MiB at 0e000000
[    0.000000] RAMDISK: [mem 0x0fce4000-0x0ffeffff]
[    0.000000] ACPI: RSDP 000fd920 000014 (v00 BOCHS )
[    0.000000] ACPI: RSDT 0fffe450 000034 (v01 BOCHS  BXPCRSDT 00000001 BXP=
C 00000001)
[    0.000000] ACPI: FACP 0fffff80 000074 (v01 BOCHS  BXPCFACP 00000001 BXP=
C 00000001)
[    0.000000] ACPI: DSDT 0fffe490 0011A9 (v01   BXPC   BXDSDT 00000001 INT=
L 20100528)
[    0.000000] ACPI: FACS 0fffff40 000040
[    0.000000] ACPI: SSDT 0ffff7a0 000796 (v01 BOCHS  BXPCSSDT 00000001 BXP=
C 00000001)
[    0.000000] ACPI: APIC 0ffff680 000080 (v01 BOCHS  BXPCAPIC 00000001 BXP=
C 00000001)
[    0.000000] ACPI: HPET 0ffff640 000038 (v01 BOCHS  BXPCHPET 00000001 BXP=
C 00000001)
[    0.000000] ACPI: Local APIC address 0xfee00000
[    0.000000] mapped APIC to         ffffb000 (        fee00000)
[    0.000000] 0MB HIGHMEM available.
[    0.000000] 255MB LOWMEM available.
[    0.000000]   mapped low ram: 0 - 0fffe000
[    0.000000]   low ram: 0 - 0fffe000
[    0.000000] kvm-clock: Using msrs 4b564d01 and 4b564d00
[    0.000000] kvm-clock: cpu 0, msr 0:fffd001, boot clock
[    0.000000] BRK [0x023a9000, 0x023a9fff] PGTABLE
[    0.000000] Zone ranges:
[    0.000000]   DMA      [mem 0x00001000-0x00ffffff]
[    0.000000]   Normal   [mem 0x01000000-0x0fffdfff]
[    0.000000]   HighMem  empty
[    0.000000] Movable zone start for each node
[    0.000000] Early memory node ranges
[    0.000000]   node   0: [mem 0x00001000-0x0009efff]
[    0.000000]   node   0: [mem 0x00100000-0x0fffdfff]
[    0.000000] On node 0 totalpages: 65436
[    0.000000] free_area_init_node: node 0, pgdat c1dab9a0, node_mem_map cd=
e00020
[    0.000000]   DMA zone: 32 pages used for memmap
[    0.000000]   DMA zone: 0 pages reserved
[    0.000000]   DMA zone: 3998 pages, LIFO batch:0
[    0.000000]   Normal zone: 480 pages used for memmap
[    0.000000]   Normal zone: 61438 pages, LIFO batch:15
[    0.000000] Using APIC driver default
[    0.000000] ACPI: PM-Timer IO Port: 0xb008
[    0.000000] ACPI: Local APIC address 0xfee00000
[    0.000000] mapped APIC to         ffffb000 (        fee00000)
[    0.000000] ACPI: LAPIC (acpi_id[0x00] lapic_id[0x00] enabled)
[    0.000000] ACPI: LAPIC (acpi_id[0x01] lapic_id[0x01] enabled)
[    0.000000] ACPI: NR_CPUS/possible_cpus limit of 1 reached.  Processor 1=
/0x1 ignored.
[    0.000000] ACPI: LAPIC_NMI (acpi_id[0xff] dfl dfl lint[0x1])
[    0.000000] Using ACPI for processor (LAPIC) configuration information
[    0.000000] ACPI: HPET id: 0x8086a201 base: 0xfed00000
[    0.000000] Intel MultiProcessor Specification v1.4
[    0.000000]     Virtual Wire compatibility mode.
[    0.000000]   mpc: fdac0-fdbe4
[    0.000000] MPTABLE: OEM ID: BOCHSCPU
[    0.000000] MPTABLE: Product ID: 0.1        =20
[    0.000000] MPTABLE: APIC at: 0xFEE00000
[    0.000000] Lint: type 3, pol 0, trig 0, bus 01, IRQ 00, APIC ID 0, APIC=
 LINT 00
[    0.000000] Lint: type 1, pol 0, trig 0, bus 01, IRQ 00, APIC ID ff, API=
C LINT 01
[    0.000000] Processors: 1
[    0.000000] KVM setup async PF for cpu 0
[    0.000000] kvm-stealtime: cpu 0, msr 1ba32c0
[    0.000000] e820: [mem 0x10000000-0xfeffbfff] available for PCI devices
[    0.000000] Booting paravirtualized kernel on KVM
[    0.000000] pcpu-alloc: s0 r0 d32768 u32768 alloc=3D1*32768
[    0.000000] pcpu-alloc: [0] 0=20
[    0.000000] Built 1 zonelists in Zone order, mobility grouping on.  Tota=
l pages: 64924
[    0.000000] Kernel command line: hung_task_panic=3D1 earlyprintk=3DttyS0=
,115200 debug apic=3Ddebug sysrq_always_enabled panic=3D10  prompt_ramdisk=
=3D0 console=3DttyS0,115200 console=3Dtty0 vga=3Dnormal  root=3D/dev/ram0 r=
w link=3D/kernel-tests/run-queue/kvm/i386-randconfig-nh1-01070835/next:mast=
er/.vmlinuz-b4a839be48406e0e8bdec0bbc86db6f67df3d406-20140107090038-7-waime=
a branch=3Dnext/master BOOT_IMAGE=3D/kernel/i386-randconfig-nh1-01070835/b4=
a839be48406e0e8bdec0bbc86db6f67df3d406/vmlinuz-3.13.0-rc7-next-20140106-074=
62-gb4a839b
[    0.000000] sysrq: sysrq always enabled.
[    0.000000] PID hash table entries: 1024 (order: 0, 4096 bytes)
[    0.000000] Dentry cache hash table entries: 32768 (order: 5, 131072 byt=
es)
[    0.000000] Inode-cache hash table entries: 16384 (order: 4, 65536 bytes)
[    0.000000] Initializing CPU#0
[    0.000000] allocated 524264 bytes of page_cgroup
[    0.000000] please try 'cgroup_disable=3Dmemory' option if you don't wan=
t memory cgroups
[    0.000000] Initializing HighMem for node 0 (00000000:00000000)
[    0.000000] Memory: 206912K/261744K available (8254K kernel code, 2450K =
rwdata, 3568K rodata, 752K init, 5012K bss, 54832K reserved, 0K highmem)
[    0.000000] virtual kernel memory layout:
[    0.000000]     fixmap  : 0xfffcc000 - 0xfffff000   ( 204 kB)
[    0.000000]     pkmap   : 0xffc00000 - 0xffe00000   (2048 kB)
[    0.000000]     vmalloc : 0xd07fe000 - 0xffbfe000   ( 756 MB)
[    0.000000]     lowmem  : 0xc0000000 - 0xcfffe000   ( 255 MB)
[    0.000000]       .init : 0xc1df2000 - 0xc1eae000   ( 752 kB)
[    0.000000]       .data : 0xc180fc2c - 0xc1df1880   (6023 kB)
[    0.000000]       .text : 0xc1000000 - 0xc180fc2c   (8255 kB)
[    0.000000] Checking if this processor honours the WP bit even in superv=
isor mode...Ok.
[    0.000000] NR_IRQS:16 nr_irqs:16 16
[    0.000000] CPU 0 irqstacks, hard=3Dcd802000 soft=3Dcd804000
[    0.000000] Initializing cgroup subsys cpuset
[    0.000000] Initializing cgroup subsys cpu
[    0.000000] Linux version 3.13.0-rc7-next-20140106-07462-gb4a839b (kbuil=
d@nhm4) (gcc version 4.8.1 (Debian 4.8.1-8) ) #4 Tue Jan 7 08:58:11 CST 2014
[    0.000000] KERNEL supported cpus:
[    0.000000]   Intel GenuineIntel
[    0.000000]   UMC UMC UMC UMC
[    0.000000] e820: BIOS-provided physical RAM map:
[    0.000000] BIOS-e820: [mem 0x0000000000000000-0x000000000009fbff] usable
[    0.000000] BIOS-e820: [mem 0x000000000009fc00-0x000000000009ffff] reser=
ved
[    0.000000] BIOS-e820: [mem 0x00000000000f0000-0x00000000000fffff] reser=
ved
[    0.000000] BIOS-e820: [mem 0x0000000000100000-0x000000000fffdfff] usable
[    0.000000] BIOS-e820: [mem 0x000000000fffe000-0x000000000fffffff] reser=
ved
[    0.000000] BIOS-e820: [mem 0x00000000feffc000-0x00000000feffffff] reser=
ved
[    0.000000] BIOS-e820: [mem 0x00000000fffc0000-0x00000000ffffffff] reser=
ved
[    0.000000] bootconsole [earlyser0] enabled
[    0.000000] NX (Execute Disable) protection: active
[    0.000000] SMBIOS 2.4 present.
[    0.000000] DMI: Bochs Bochs, BIOS Bochs 01/01/2011
[    0.000000] Hypervisor detected: KVM
[    0.000000] e820: update [mem 0x00000000-0x00000fff] usable =3D=3D> rese=
rved
[    0.000000] e820: remove [mem 0x000a0000-0x000fffff] usable
[    0.000000] e820: last_pfn =3D 0xfffe max_arch_pfn =3D 0x1000000
[    0.000000] MTRR default type: write-back
[    0.000000] MTRR fixed ranges enabled:
[    0.000000]   00000-9FFFF write-back
[    0.000000]   A0000-BFFFF uncachable
[    0.000000]   C0000-FFFFF write-protect
[    0.000000] MTRR variable ranges enabled:
[    0.000000]   0 base 0080000000 mask FF80000000 uncachable
[    0.000000]   1 disabled
[    0.000000]   2 disabled
[    0.000000]   3 disabled
[    0.000000]   4 disabled
[    0.000000]   5 disabled
[    0.000000]   6 disabled
[    0.000000]   7 disabled
[    0.000000] Scan for SMP in [mem 0x00000000-0x000003ff]
[    0.000000] Scan for SMP in [mem 0x0009fc00-0x0009ffff]
[    0.000000] Scan for SMP in [mem 0x000f0000-0x000fffff]
[    0.000000] found SMP MP-table at [mem 0x000fdab0-0x000fdabf] mapped at =
[c00fdab0]
[    0.000000]   mpc: fdac0-fdbe4
[    0.000000] ------------[ cut here ]------------
[    0.000000] WARNING: CPU: 0 PID: 0 at mm/memblock.c:789 __next_free_mem_=
range+0x82/0x261()
[    0.000000] Usage of MAX_NUMNODES is deprecated. Use NUMA_NO_NODE instead
[    0.000000] CPU: 0 PID: 0 Comm: swapper Not tainted 3.13.0-rc7-next-2014=
0106-07462-gb4a839b #4
[    0.000000] Hardware name: Bochs Bochs, BIOS Bochs 01/01/2011
[    0.000000]  c1b8fea0 c1b8fea0 c1b8fe60 c180425f c1b8fe90 c103af65 c1ab8=
db8 c1b8febc
[    0.000000]  00000000 c1ab8d54 00000315 c1e51e3d c1e51e3d 00000000 00000=
001 00000001
[    0.000000]  c1b8fea8 c103afd3 00000009 c1b8fea0 c1ab8db8 c1b8febc c1b8f=
f08 c1e51e3d
[    0.000000] Call Trace:
[    0.000000]  [<c180425f>] dump_stack+0x16/0x18
[    0.000000]  [<c103af65>] warn_slowpath_common+0x75/0x90
[    0.000000]  [<c1e51e3d>] ? __next_free_mem_range+0x82/0x261
[    0.000000]  [<c1e51e3d>] ? __next_free_mem_range+0x82/0x261
[    0.000000]  [<c103afd3>] warn_slowpath_fmt+0x33/0x40
[    0.000000]  [<c1e51e3d>] __next_free_mem_range+0x82/0x261
[    0.000000]  [<c1e023f5>] setup_bios_corruption_check+0x78/0x1ee
[    0.000000]  [<c1df7bad>] ? memblock_x86_fill+0x5f/0x74
[    0.000000]  [<c1df5792>] setup_arch+0x703/0xbef
[    0.000000]  [<c1df2771>] start_kernel+0x75/0x447
[    0.000000]  [<c1df23be>] ? reserve_ebda_region+0x63/0x68
[    0.000000]  [<c1df2358>] i386_start_kernel+0x12e/0x131
[    0.000000] ---[ end trace ee1eeac2e47ba743 ]---
[    0.000000] Scanning 1 areas for low memory corruption
[    0.000000] initial memory mapped: [mem 0x00000000-0x027fffff]
[    0.000000] Base memory trampoline at [c009b000] 9b000 size 16384
[    0.000000] init_memory_mapping: [mem 0x00000000-0x000fffff]
[    0.000000]  [mem 0x00000000-0x000fffff] page 4k
[    0.000000] init_memory_mapping: [mem 0x0fa00000-0x0fbfffff]
[    0.000000]  [mem 0x0fa00000-0x0fbfffff] page 2M
[    0.000000] init_memory_mapping: [mem 0x0c000000-0x0f9fffff]
[    0.000000]  [mem 0x0c000000-0x0f9fffff] page 2M
[    0.000000] init_memory_mapping: [mem 0x00100000-0x0bffffff]
[    0.000000]  [mem 0x00100000-0x001fffff] page 4k
[    0.000000]  [mem 0x00200000-0x0bffffff] page 2M
[    0.000000] init_memory_mapping: [mem 0x0fc00000-0x0fffdfff]
[    0.000000]  [mem 0x0fc00000-0x0fdfffff] page 2M
[    0.000000]  [mem 0x0fe00000-0x0fffdfff] page 4k
[    0.000000] BRK [0x023a8000, 0x023a8fff] PGTABLE
[    0.000000] cma: dma_contiguous_reserve(limit 00000000)
[    0.000000] cma: dma_contiguous_reserve: reserving 25 MiB for global area
[    0.000000] cma: dma_contiguous_reserve_area(size 198f000, base 00000000=
, limit 00000000)
[    0.000000] cma: CMA: reserved 28 MiB at 0e000000
[    0.000000] RAMDISK: [mem 0x0fce4000-0x0ffeffff]
[    0.000000] ACPI: RSDP 000fd920 000014 (v00 BOCHS )
[    0.000000] ACPI: RSDT 0fffe450 000034 (v01 BOCHS  BXPCRSDT 00000001 BXP=
C 00000001)
[    0.000000] ACPI: FACP 0fffff80 000074 (v01 BOCHS  BXPCFACP 00000001 BXP=
C 00000001)
[    0.000000] ACPI: DSDT 0fffe490 0011A9 (v01   BXPC   BXDSDT 00000001 INT=
L 20100528)
[    0.000000] ACPI: FACS 0fffff40 000040
[    0.000000] ACPI: SSDT 0ffff7a0 000796 (v01 BOCHS  BXPCSSDT 00000001 BXP=
C 00000001)
[    0.000000] ACPI: APIC 0ffff680 000080 (v01 BOCHS  BXPCAPIC 00000001 BXP=
C 00000001)
[    0.000000] ACPI: HPET 0ffff640 000038 (v01 BOCHS  BXPCHPET 00000001 BXP=
C 00000001)
[    0.000000] ACPI: Local APIC address 0xfee00000
[    0.000000] mapped APIC to         ffffb000 (        fee00000)
[    0.000000] 0MB HIGHMEM available.
[    0.000000] 255MB LOWMEM available.
[    0.000000]   mapped low ram: 0 - 0fffe000
[    0.000000]   low ram: 0 - 0fffe000
[    0.000000] kvm-clock: Using msrs 4b564d01 and 4b564d00
[    0.000000] kvm-clock: cpu 0, msr 0:fffd001, boot clock
[    0.000000] BRK [0x023a9000, 0x023a9fff] PGTABLE
[    0.000000] Zone ranges:
[    0.000000]   DMA      [mem 0x00001000-0x00ffffff]
[    0.000000]   Normal   [mem 0x01000000-0x0fffdfff]
[    0.000000]   HighMem  empty
[    0.000000] Movable zone start for each node
[    0.000000] Early memory node ranges
[    0.000000]   node   0: [mem 0x00001000-0x0009efff]
[    0.000000]   node   0: [mem 0x00100000-0x0fffdfff]
[    0.000000] On node 0 totalpages: 65436
[    0.000000] free_area_init_node: node 0, pgdat c1dab9a0, node_mem_map cd=
e00020
[    0.000000]   DMA zone: 32 pages used for memmap
[    0.000000]   DMA zone: 0 pages reserved
[    0.000000]   DMA zone: 3998 pages, LIFO batch:0
[    0.000000]   Normal zone: 480 pages used for memmap
[    0.000000]   Normal zone: 61438 pages, LIFO batch:15
[    0.000000] Using APIC driver default
[    0.000000] ACPI: PM-Timer IO Port: 0xb008
[    0.000000] ACPI: Local APIC address 0xfee00000
[    0.000000] mapped APIC to         ffffb000 (        fee00000)
[    0.000000] ACPI: LAPIC (acpi_id[0x00] lapic_id[0x00] enabled)
[    0.000000] ACPI: LAPIC (acpi_id[0x01] lapic_id[0x01] enabled)
[    0.000000] ACPI: NR_CPUS/possible_cpus limit of 1 reached.  Processor 1=
/0x1 ignored.
[    0.000000] ACPI: LAPIC_NMI (acpi_id[0xff] dfl dfl lint[0x1])
[    0.000000] Using ACPI for processor (LAPIC) configuration information
[    0.000000] ACPI: HPET id: 0x8086a201 base: 0xfed00000
[    0.000000] Intel MultiProcessor Specification v1.4
[    0.000000]     Virtual Wire compatibility mode.
[    0.000000]   mpc: fdac0-fdbe4
[    0.000000] MPTABLE: OEM ID: BOCHSCPU
[    0.000000] MPTABLE: Product ID: 0.1        =20
[    0.000000] MPTABLE: APIC at: 0xFEE00000
[    0.000000] Lint: type 3, pol 0, trig 0, bus 01, IRQ 00, APIC ID 0, APIC=
 LINT 00
[    0.000000] Lint: type 1, pol 0, trig 0, bus 01, IRQ 00, APIC ID ff, API=
C LINT 01
[    0.000000] Processors: 1
[    0.000000] KVM setup async PF for cpu 0
[    0.000000] kvm-stealtime: cpu 0, msr 1ba32c0
[    0.000000] e820: [mem 0x10000000-0xfeffbfff] available for PCI devices
[    0.000000] Booting paravirtualized kernel on KVM
[    0.000000] pcpu-alloc: s0 r0 d32768 u32768 alloc=3D1*32768
[    0.000000] pcpu-alloc: [0] 0=20
[    0.000000] Built 1 zonelists in Zone order, mobility grouping on.  Tota=
l pages: 64924
[    0.000000] Kernel command line: hung_task_panic=3D1 earlyprintk=3DttyS0=
,115200 debug apic=3Ddebug sysrq_always_enabled panic=3D10  prompt_ramdisk=
=3D0 console=3DttyS0,115200 console=3Dtty0 vga=3Dnormal  root=3D/dev/ram0 r=
w link=3D/kernel-tests/run-queue/kvm/i386-randconfig-nh1-01070835/next:mast=
er/.vmlinuz-b4a839be48406e0e8bdec0bbc86db6f67df3d406-20140107090038-7-waime=
a branch=3Dnext/master BOOT_IMAGE=3D/kernel/i386-randconfig-nh1-01070835/b4=
a839be48406e0e8bdec0bbc86db6f67df3d406/vmlinuz-3.13.0-rc7-next-20140106-074=
62-gb4a839b
[    0.000000] sysrq: sysrq always enabled.
[    0.000000] PID hash table entries: 1024 (order: 0, 4096 bytes)
[    0.000000] Dentry cache hash table entries: 32768 (order: 5, 131072 byt=
es)
[    0.000000] Inode-cache hash table entries: 16384 (order: 4, 65536 bytes)
[    0.000000] Initializing CPU#0
[    0.000000] allocated 524264 bytes of page_cgroup
[    0.000000] please try 'cgroup_disable=3Dmemory' option if you don't wan=
t memory cgroups
[    0.000000] Initializing HighMem for node 0 (00000000:00000000)
[    0.000000] Memory: 206912K/261744K available (8254K kernel code, 2450K =
rwdata, 3568K rodata, 752K init, 5012K bss, 54832K reserved, 0K highmem)
[    0.000000] virtual kernel memory layout:
[    0.000000]     fixmap  : 0xfffcc000 - 0xfffff000   ( 204 kB)
[    0.000000]     pkmap   : 0xffc00000 - 0xffe00000   (2048 kB)
[    0.000000]     vmalloc : 0xd07fe000 - 0xffbfe000   ( 756 MB)
[    0.000000]     lowmem  : 0xc0000000 - 0xcfffe000   ( 255 MB)
[    0.000000]       .init : 0xc1df2000 - 0xc1eae000   ( 752 kB)
[    0.000000]       .data : 0xc180fc2c - 0xc1df1880   (6023 kB)
[    0.000000]       .text : 0xc1000000 - 0xc180fc2c   (8255 kB)
[    0.000000] Checking if this processor honours the WP bit even in superv=
isor mode...Ok.
[    0.000000] NR_IRQS:16 nr_irqs:16 16
[    0.000000] CPU 0 irqstacks, hard=3Dcd802000 soft=3Dcd804000
[    0.000000] console [ttyS0] enabled
[    0.000000] console [ttyS0] enabled
[    0.000000] Lock dependency validator: Copyright (c) 2006 Red Hat, Inc.,=
 Ingo Molnar
[    0.000000] Lock dependency validator: Copyright (c) 2006 Red Hat, Inc.,=
 Ingo Molnar
[    0.000000] ... MAX_LOCKDEP_SUBCLASSES:  8
[    0.000000] ... MAX_LOCKDEP_SUBCLASSES:  8
[    0.000000] ... MAX_LOCK_DEPTH:          48
[    0.000000] ... MAX_LOCK_DEPTH:          48
[    0.000000] ... MAX_LOCKDEP_KEYS:        8191
[    0.000000] ... MAX_LOCKDEP_KEYS:        8191
[    0.000000] ... CLASSHASH_SIZE:          4096
[    0.000000] ... CLASSHASH_SIZE:          4096
[    0.000000] ... MAX_LOCKDEP_ENTRIES:     16384
[    0.000000] ... MAX_LOCKDEP_ENTRIES:     16384
[    0.000000] ... MAX_LOCKDEP_CHAINS:      32768
[    0.000000] ... MAX_LOCKDEP_CHAINS:      32768
[    0.000000] ... CHAINHASH_SIZE:          16384
[    0.000000] ... CHAINHASH_SIZE:          16384
[    0.000000]  memory used by lock dependency info: 3807 kB
[    0.000000]  memory used by lock dependency info: 3807 kB
[    0.000000]  per task-struct memory footprint: 1920 bytes
[    0.000000]  per task-struct memory footprint: 1920 bytes
[    0.000000] hpet clockevent registered
[    0.000000] hpet clockevent registered
[    0.000000] tsc: Detected 3300.264 MHz processor
[    0.000000] tsc: Detected 3300.264 MHz processor
[    0.006666] Calibrating delay loop (skipped) preset value..=20
[    0.006666] Calibrating delay loop (skipped) preset value.. 6603.55 Bogo=
MIPS (lpj=3D11000880)
6603.55 BogoMIPS (lpj=3D11000880)
[    0.006666] pid_max: default: 32768 minimum: 301
[    0.006666] pid_max: default: 32768 minimum: 301
[    0.006821] Security Framework initialized
[    0.006821] Security Framework initialized
[    0.010055] AppArmor: AppArmor disabled by boot time parameter
[    0.010055] AppArmor: AppArmor disabled by boot time parameter
[    0.011791] Yama: becoming mindful.
[    0.011791] Yama: becoming mindful.
[    0.013399] Mount-cache hash table entries: 512
[    0.013399] Mount-cache hash table entries: 512
[    0.015245] Initializing cgroup subsys debug
[    0.015245] Initializing cgroup subsys debug
[    0.016732] Initializing cgroup subsys memory
[    0.016732] Initializing cgroup subsys memory
[    0.020021] Initializing cgroup subsys devices
[    0.020021] Initializing cgroup subsys devices
[    0.021517] Initializing cgroup subsys freezer
[    0.021517] Initializing cgroup subsys freezer
[    0.023412] Initializing cgroup subsys perf_event
[    0.023412] Initializing cgroup subsys perf_event
[    0.024797] Initializing cgroup subsys net_prio
[    0.024797] Initializing cgroup subsys net_prio
[    0.026687] Initializing cgroup subsys hugetlb
[    0.026687] Initializing cgroup subsys hugetlb
[    0.028160] mce: CPU supports 10 MCE banks
[    0.028160] mce: CPU supports 10 MCE banks
[    0.030147] Last level iTLB entries: 4KB 0, 2MB 0, 4MB 0
[    0.030147] Last level dTLB entries: 4KB 0, 2MB 0, 4MB 0
[    0.030147] tlb_flushall_shift: 6
[    0.030147] Last level iTLB entries: 4KB 0, 2MB 0, 4MB 0
[    0.030147] Last level dTLB entries: 4KB 0, 2MB 0, 4MB 0
[    0.030147] tlb_flushall_shift: 6
[    0.033354] CPU:=20
[    0.033354] CPU: Intel Intel Common KVM processorCommon KVM processor (f=
am: 0f, model: 06 (fam: 0f, model: 06, stepping: 01)
, stepping: 01)
[    0.046052] ACPI: Core revision 20131115
[    0.046052] ACPI: Core revision 20131115
[    0.058496] ACPI:=20
[    0.058496] ACPI: All ACPI Tables successfully acquiredAll ACPI Tables s=
uccessfully acquired

[    0.061078] ACPI: setting ELCR to 0200 (from 0c00)
[    0.061078] ACPI: setting ELCR to 0200 (from 0c00)
[    0.063731] Performance Events:=20
[    0.063731] Performance Events: unsupported Netburst CPU model 6 unsuppo=
rted Netburst CPU model 6 no PMU driver, software events only.
no PMU driver, software events only.
[    0.067233] ftrace: Allocated trace_printk buffers
[    0.067233] ftrace: Allocated trace_printk buffers
[    0.081418] Getting VERSION: 50014
[    0.081418] Getting VERSION: 50014
[    0.082435] Getting VERSION: 50014
[    0.082435] Getting VERSION: 50014
[    0.083354] Getting ID: 0
[    0.083354] Getting ID: 0
[    0.084130] Getting ID: f000000
[    0.084130] Getting ID: f000000
[    0.085024] Getting LVT0: 8700
[    0.085024] Getting LVT0: 8700
[    0.085963] Getting LVT1: 8400
[    0.085963] Getting LVT1: 8400
[    0.086786] enabled ExtINT on CPU#0
[    0.086786] enabled ExtINT on CPU#0
[    0.087873] Using local APIC timer interrupts.
[    0.087873] calibrating APIC timer ...
[    0.087873] Using local APIC timer interrupts.
[    0.087873] calibrating APIC timer ...
[    0.096666] ... lapic delta =3D 8179149
[    0.096666] ... lapic delta =3D 8179149
[    0.096666] ... PM-Timer delta =3D 468593
[    0.096666] ... PM-Timer delta =3D 468593
[    0.096666] APIC calibration not consistent with PM-Timer: 130ms instead=
 of 100ms
[    0.096666] APIC calibration not consistent with PM-Timer: 130ms instead=
 of 100ms
[    0.096666] APIC delta adjusted to PM-Timer: 6247978 (8179149)
[    0.096666] APIC delta adjusted to PM-Timer: 6247978 (8179149)
[    0.096666] TSC delta adjusted to PM-Timer: 348988165 (456855941)
[    0.096666] TSC delta adjusted to PM-Timer: 348988165 (456855941)
[    0.096666] ..... delta 6247978
[    0.096666] ..... delta 6247978
[    0.096666] ..... mult: 268348638
[    0.096666] ..... mult: 268348638
[    0.096666] ..... calibration result: 3332254
[    0.096666] ..... calibration result: 3332254
[    0.096666] ..... CPU clock speed is 3490.0768 MHz.
[    0.096666] ..... CPU clock speed is 3490.0768 MHz.
[    0.096666] ..... host bus clock speed is 999.2587 MHz.
[    0.096666] ..... host bus clock speed is 999.2587 MHz.
[    0.097982] devtmpfs: initialized
[    0.097982] devtmpfs: initialized
[    0.101561] EVM: security.ima
[    0.101561] EVM: security.ima
[    0.102551] EVM: security.capability
[    0.102551] EVM: security.capability
[    0.113614] prandom: seed boundary self test passed
[    0.113614] prandom: seed boundary self test passed
[    0.115752] prandom: 100 self tests passed
[    0.115752] prandom: 100 self tests passed
[    0.117348] regulator-dummy: no parameters
[    0.117348] regulator-dummy: no parameters
[    0.120039] NET: Registered protocol family 16
[    0.120039] NET: Registered protocol family 16
[    0.123663] EISA bus registered
[    0.123663] EISA bus registered
[    0.124783] cpuidle: using governor ladder
[    0.124783] cpuidle: using governor ladder
[    0.126684] cpuidle: using governor menu
[    0.126684] cpuidle: using governor menu
[    0.130729] ACPI: bus type PCI registered
[    0.130729] ACPI: bus type PCI registered
[    0.133373] PCI : PCI BIOS area is rw and x. Use pci=3Dnobios if you wan=
t it NX.
[    0.133373] PCI : PCI BIOS area is rw and x. Use pci=3Dnobios if you wan=
t it NX.
[    0.136686] PCI: PCI BIOS revision 2.10 entry at 0xfc6d5, last bus=3D0
[    0.136686] PCI: PCI BIOS revision 2.10 entry at 0xfc6d5, last bus=3D0
[    0.140022] PCI: Using configuration type 1 for base access
[    0.140022] PCI: Using configuration type 1 for base access
[    0.192793] gpio-f7188x: Not a Fintek device at 0x0000002e
[    0.192793] gpio-f7188x: Not a Fintek device at 0x0000002e
[    0.193520] gpio-f7188x: Not a Fintek device at 0x0000004e
[    0.193520] gpio-f7188x: Not a Fintek device at 0x0000004e
[    0.200802] ACPI: Added _OSI(Module Device)
[    0.200802] ACPI: Added _OSI(Module Device)
[    0.202033] ACPI: Added _OSI(Processor Device)
[    0.202033] ACPI: Added _OSI(Processor Device)
[    0.203360] ACPI: Added _OSI(3.0 _SCP Extensions)
[    0.203360] ACPI: Added _OSI(3.0 _SCP Extensions)
[    0.206674] ACPI: Added _OSI(Processor Aggregator Device)
[    0.206674] ACPI: Added _OSI(Processor Aggregator Device)
[    0.237327] ACPI: Interpreter enabled
[    0.237327] ACPI: Interpreter enabled
[    0.238474] ACPI Exception: AE_NOT_FOUND,=20
[    0.238474] ACPI Exception: AE_NOT_FOUND, While evaluating Sleep State [=
\_S1_]While evaluating Sleep State [\_S1_] (20131115/hwxface-580)
 (20131115/hwxface-580)
[    0.246711] ACPI Exception: AE_NOT_FOUND,=20
[    0.246711] ACPI Exception: AE_NOT_FOUND, While evaluating Sleep State [=
\_S2_]While evaluating Sleep State [\_S2_] (20131115/hwxface-580)
 (20131115/hwxface-580)
[    0.251820] ACPI: (supports S0 S3 S5)
[    0.251820] ACPI: (supports S0 S3 S5)
[    0.253360] ACPI: Using PIC for interrupt routing
[    0.253360] ACPI: Using PIC for interrupt routing
[    0.256784] PCI: Using host bridge windows from ACPI; if necessary, use =
"pci=3Dnocrs" and report a bug
[    0.256784] PCI: Using host bridge windows from ACPI; if necessary, use =
"pci=3Dnocrs" and report a bug
[    0.314758] ACPI: PCI Root Bridge [PCI0] (domain 0000 [bus 00-ff])
[    0.314758] ACPI: PCI Root Bridge [PCI0] (domain 0000 [bus 00-ff])
[    0.316700] acpi PNP0A03:00: _OSC: OS supports [Segments]
[    0.316700] acpi PNP0A03:00: _OSC: OS supports [Segments]
[    0.320013] acpi PNP0A03:00: _OSC failed (AE_NOT_FOUND); disabling ASPM
[    0.320013] acpi PNP0A03:00: _OSC failed (AE_NOT_FOUND); disabling ASPM
[    0.324020] acpi PNP0A03:00: fail to add MMCONFIG information, can't acc=
ess extended PCI configuration space under this bridge.
[    0.324020] acpi PNP0A03:00: fail to add MMCONFIG information, can't acc=
ess extended PCI configuration space under this bridge.
[    0.326998] PCI host bridge to bus 0000:00
[    0.326998] PCI host bridge to bus 0000:00
[    0.330075] pci_bus 0000:00: root bus resource [bus 00-ff]
[    0.330075] pci_bus 0000:00: root bus resource [bus 00-ff]
[    0.331819] pci_bus 0000:00: root bus resource [io  0x0000-0x0cf7]
[    0.331819] pci_bus 0000:00: root bus resource [io  0x0000-0x0cf7]
[    0.333359] pci_bus 0000:00: root bus resource [io  0x0d00-0xffff]
[    0.333359] pci_bus 0000:00: root bus resource [io  0x0d00-0xffff]
[    0.336693] pci_bus 0000:00: root bus resource [mem 0x000a0000-0x000bfff=
f]
[    0.336693] pci_bus 0000:00: root bus resource [mem 0x000a0000-0x000bfff=
f]
[    0.338771] pci_bus 0000:00: root bus resource [mem 0x80000000-0xfebffff=
f]
[    0.338771] pci_bus 0000:00: root bus resource [mem 0x80000000-0xfebffff=
f]
[    0.340185] pci 0000:00:00.0: [8086:1237] type 00 class 0x060000
[    0.340185] pci 0000:00:00.0: [8086:1237] type 00 class 0x060000
[    0.345000] pci 0000:00:01.0: [8086:7000] type 00 class 0x060100
[    0.345000] pci 0000:00:01.0: [8086:7000] type 00 class 0x060100
[    0.354340] pci 0000:00:01.1: [8086:7010] type 00 class 0x010180
[    0.354340] pci 0000:00:01.1: [8086:7010] type 00 class 0x010180
[    0.359840] pci 0000:00:01.1: reg 0x20: [io  0xc1c0-0xc1cf]
[    0.359840] pci 0000:00:01.1: reg 0x20: [io  0xc1c0-0xc1cf]
[    0.370264] pci 0000:00:01.3: [8086:7113] type 00 class 0x068000
[    0.370264] pci 0000:00:01.3: [8086:7113] type 00 class 0x068000
[    0.372676] pci 0000:00:01.3: quirk: [io  0xb000-0xb03f] claimed by PIIX=
4 ACPI
[    0.372676] pci 0000:00:01.3: quirk: [io  0xb000-0xb03f] claimed by PIIX=
4 ACPI
[    0.373412] pci 0000:00:01.3: quirk: [io  0xb100-0xb10f] claimed by PIIX=
4 SMB
[    0.373412] pci 0000:00:01.3: quirk: [io  0xb100-0xb10f] claimed by PIIX=
4 SMB
[    0.384373] pci 0000:00:02.0: [1013:00b8] type 00 class 0x030000
[    0.384373] pci 0000:00:02.0: [1013:00b8] type 00 class 0x030000
[    0.387669] pci 0000:00:02.0: reg 0x10: [mem 0xfc000000-0xfdffffff pref]
[    0.387669] pci 0000:00:02.0: reg 0x10: [mem 0xfc000000-0xfdffffff pref]
[    0.394319] pci 0000:00:02.0: reg 0x14: [mem 0xfebf4000-0xfebf4fff]
[    0.394319] pci 0000:00:02.0: reg 0x14: [mem 0xfebf4000-0xfebf4fff]
[    0.410174] pci 0000:00:02.0: reg 0x30: [mem 0xfebe0000-0xfebeffff pref]
[    0.410174] pci 0000:00:02.0: reg 0x30: [mem 0xfebe0000-0xfebeffff pref]
[    0.417002] pci 0000:00:03.0: [8086:100e] type 00 class 0x020000
[    0.417002] pci 0000:00:03.0: [8086:100e] type 00 class 0x020000
[    0.423354] pci 0000:00:03.0: reg 0x10: [mem 0xfeba0000-0xfebbffff]
[    0.423354] pci 0000:00:03.0: reg 0x10: [mem 0xfeba0000-0xfebbffff]
[    0.427998] pci 0000:00:03.0: reg 0x14: [io  0xc000-0xc03f]
[    0.427998] pci 0000:00:03.0: reg 0x14: [io  0xc000-0xc03f]
[    0.441137] pci 0000:00:03.0: reg 0x30: [mem 0xfebc0000-0xfebdffff pref]
[    0.441137] pci 0000:00:03.0: reg 0x30: [mem 0xfebc0000-0xfebdffff pref]
[    0.447673] pci 0000:00:04.0: [8086:2668] type 00 class 0x040300
[    0.447673] pci 0000:00:04.0: [8086:2668] type 00 class 0x040300
[    0.450534] pci 0000:00:04.0: reg 0x10: [mem 0xfebf0000-0xfebf3fff]
[    0.450534] pci 0000:00:04.0: reg 0x10: [mem 0xfebf0000-0xfebf3fff]
[    0.466704] pci 0000:00:05.0: [1af4:1001] type 00 class 0x010000
[    0.466704] pci 0000:00:05.0: [1af4:1001] type 00 class 0x010000
[    0.470021] pci 0000:00:05.0: reg 0x10: [io  0xc040-0xc07f]
[    0.470021] pci 0000:00:05.0: reg 0x10: [io  0xc040-0xc07f]
[    0.473956] pci 0000:00:05.0: reg 0x14: [mem 0xfebf5000-0xfebf5fff]
[    0.473956] pci 0000:00:05.0: reg 0x14: [mem 0xfebf5000-0xfebf5fff]
[    0.493414] pci 0000:00:06.0: [1af4:1001] type 00 class 0x010000
[    0.493414] pci 0000:00:06.0: [1af4:1001] type 00 class 0x010000
[    0.498082] pci 0000:00:06.0: reg 0x10: [io  0xc080-0xc0bf]
[    0.498082] pci 0000:00:06.0: reg 0x10: [io  0xc080-0xc0bf]
[    0.501388] pci 0000:00:06.0: reg 0x14: [mem 0xfebf6000-0xfebf6fff]
[    0.501388] pci 0000:00:06.0: reg 0x14: [mem 0xfebf6000-0xfebf6fff]
[    0.520126] pci 0000:00:07.0: [1af4:1001] type 00 class 0x010000
[    0.520126] pci 0000:00:07.0: [1af4:1001] type 00 class 0x010000
[    0.524693] pci 0000:00:07.0: reg 0x10: [io  0xc0c0-0xc0ff]
[    0.524693] pci 0000:00:07.0: reg 0x10: [io  0xc0c0-0xc0ff]
[    0.530877] pci 0000:00:07.0: reg 0x14: [mem 0xfebf7000-0xfebf7fff]
[    0.530877] pci 0000:00:07.0: reg 0x14: [mem 0xfebf7000-0xfebf7fff]
[    0.548294] pci 0000:00:08.0: [1af4:1001] type 00 class 0x010000
[    0.548294] pci 0000:00:08.0: [1af4:1001] type 00 class 0x010000
[    0.553892] pci 0000:00:08.0: reg 0x10: [io  0xc100-0xc13f]
[    0.553892] pci 0000:00:08.0: reg 0x10: [io  0xc100-0xc13f]
[    0.558140] pci 0000:00:08.0: reg 0x14: [mem 0xfebf8000-0xfebf8fff]
[    0.558140] pci 0000:00:08.0: reg 0x14: [mem 0xfebf8000-0xfebf8fff]
[    0.574044] pci 0000:00:09.0: [1af4:1001] type 00 class 0x010000
[    0.574044] pci 0000:00:09.0: [1af4:1001] type 00 class 0x010000
[    0.580069] pci 0000:00:09.0: reg 0x10: [io  0xc140-0xc17f]
[    0.580069] pci 0000:00:09.0: reg 0x10: [io  0xc140-0xc17f]
[    0.586695] pci 0000:00:09.0: reg 0x14: [mem 0xfebf9000-0xfebf9fff]
[    0.586695] pci 0000:00:09.0: reg 0x14: [mem 0xfebf9000-0xfebf9fff]
[    0.603631] pci 0000:00:0a.0: [1af4:1001] type 00 class 0x010000
[    0.603631] pci 0000:00:0a.0: [1af4:1001] type 00 class 0x010000
[    0.610024] pci 0000:00:0a.0: reg 0x10: [io  0xc180-0xc1bf]
[    0.610024] pci 0000:00:0a.0: reg 0x10: [io  0xc180-0xc1bf]
[    0.614763] pci 0000:00:0a.0: reg 0x14: [mem 0xfebfa000-0xfebfafff]
[    0.614763] pci 0000:00:0a.0: reg 0x14: [mem 0xfebfa000-0xfebfafff]
[    0.627209] pci 0000:00:0b.0: [8086:25ab] type 00 class 0x088000
[    0.627209] pci 0000:00:0b.0: [8086:25ab] type 00 class 0x088000
[    0.630838] pci 0000:00:0b.0: reg 0x10: [mem 0xfebfb000-0xfebfb00f]
[    0.630838] pci 0000:00:0b.0: reg 0x10: [mem 0xfebfb000-0xfebfb00f]
[    0.638484] pci_bus 0000:00: on NUMA node 0
[    0.638484] pci_bus 0000:00: on NUMA node 0
[    0.641814] ACPI: PCI Interrupt Link [LNKA] (IRQs
[    0.641814] ACPI: PCI Interrupt Link [LNKA] (IRQs 5 5 *10 *10 11 11))

[    0.644544] ACPI: PCI Interrupt Link [LNKB] (IRQs
[    0.644544] ACPI: PCI Interrupt Link [LNKB] (IRQs 5 5 *10 *10 11 11))

[    0.647608] ACPI: PCI Interrupt Link [LNKC] (IRQs
[    0.647608] ACPI: PCI Interrupt Link [LNKC] (IRQs 5 5 10 10 *11 *11))

[    0.650441] ACPI: PCI Interrupt Link [LNKD] (IRQs
[    0.650441] ACPI: PCI Interrupt Link [LNKD] (IRQs 5 5 10 10 *11 *11))

[    0.654135] ACPI: PCI Interrupt Link [LNKS] (IRQs
[    0.654135] ACPI: PCI Interrupt Link [LNKS] (IRQs *9 *9))

[    0.664436] ACPI:=20
[    0.664436] ACPI: Enabled 16 GPEs in block 00 to 0FEnabled 16 GPEs in bl=
ock 00 to 0F

[    0.668527] vgaarb: device added: PCI:0000:00:02.0,decodes=3Dio+mem,owns=
=3Dio+mem,locks=3Dnone
[    0.668527] vgaarb: device added: PCI:0000:00:02.0,decodes=3Dio+mem,owns=
=3Dio+mem,locks=3Dnone
[    0.670032] vgaarb: loaded
[    0.670032] vgaarb: loaded
[    0.673338] vgaarb: bridge control possible 0000:00:02.0
[    0.673338] vgaarb: bridge control possible 0000:00:02.0
[    0.677057] Linux video capture interface: v2.00
[    0.677057] Linux video capture interface: v2.00
[    0.680183] pps_core: LinuxPPS API ver. 1 registered
[    0.680183] pps_core: LinuxPPS API ver. 1 registered
[    0.683339] pps_core: Software ver. 5.3.6 - Copyright 2005-2007 Rodolfo =
Giometti <giometti@linux.it>
[    0.683339] pps_core: Software ver. 5.3.6 - Copyright 2005-2007 Rodolfo =
Giometti <giometti@linux.it>
[    0.686836] PTP clock support registered
[    0.686836] PTP clock support registered
[    0.688133] EDAC MC: Ver: 3.0.0
[    0.688133] EDAC MC: Ver: 3.0.0
[    0.691097] EDAC DEBUG: edac_mc_sysfs_init: device mc created
[    0.691097] EDAC DEBUG: edac_mc_sysfs_init: device mc created
[    0.700639] PCI: Using ACPI for IRQ routing
[    0.700639] PCI: Using ACPI for IRQ routing
[    0.703384] PCI: pci_cache_line_size set to 64 bytes
[    0.703384] PCI: pci_cache_line_size set to 64 bytes
[    0.707060] e820: reserve RAM buffer [mem 0x0009fc00-0x0009ffff]
[    0.707060] e820: reserve RAM buffer [mem 0x0009fc00-0x0009ffff]
[    0.708853] e820: reserve RAM buffer [mem 0x0fffe000-0x0fffffff]
[    0.708853] e820: reserve RAM buffer [mem 0x0fffe000-0x0fffffff]
[    0.711046] irda_init()
[    0.711046] irda_init()
[    0.713529] NET: Registered protocol family 23
[    0.713529] NET: Registered protocol family 23
[    0.715826] nfc: nfc_init: NFC Core ver 0.1
[    0.715826] nfc: nfc_init: NFC Core ver 0.1
[    0.726685] cfg80211: Calling CRDA to update world regulatory domain
[    0.726685] cfg80211: Calling CRDA to update world regulatory domain
[    0.730153] NET: Registered protocol family 39
[    0.730153] NET: Registered protocol family 39
[    0.732221] Switched to clocksource kvm-clock
[    0.732221] Switched to clocksource kvm-clock
[    0.733333] Warning: could not register annotated branches stats
[    0.733333] Warning: could not register annotated branches stats
[    1.116850] FS-Cache: Loaded
[    1.116850] FS-Cache: Loaded
[    1.124831] pnp: PnP ACPI init
[    1.124831] pnp: PnP ACPI init
[    1.128309] ACPI: bus type PNP registered
[    1.128309] ACPI: bus type PNP registered
[    1.134080] pnp 00:00: Plug and Play ACPI device, IDs PNP0b00 (active)
[    1.134080] pnp 00:00: Plug and Play ACPI device, IDs PNP0b00 (active)
[    1.142100] pnp 00:01: Plug and Play ACPI device, IDs PNP0303 (active)
[    1.142100] pnp 00:01: Plug and Play ACPI device, IDs PNP0303 (active)
[    1.152847] pnp 00:02: Plug and Play ACPI device, IDs PNP0f13 (active)
[    1.152847] pnp 00:02: Plug and Play ACPI device, IDs PNP0f13 (active)
[    1.160646] pnp 00:03: [dma 2]
[    1.160646] pnp 00:03: [dma 2]
[    1.172160] pnp 00:03: Plug and Play ACPI device, IDs PNP0700 (active)
[    1.172160] pnp 00:03: Plug and Play ACPI device, IDs PNP0700 (active)
[    1.182117] pnp 00:04: Plug and Play ACPI device, IDs PNP0400 (active)
[    1.182117] pnp 00:04: Plug and Play ACPI device, IDs PNP0400 (active)
[    1.194072] pnp 00:05: Plug and Play ACPI device, IDs PNP0501 (active)
[    1.194072] pnp 00:05: Plug and Play ACPI device, IDs PNP0501 (active)
[    1.216219] pnp 00:06: Plug and Play ACPI device, IDs PNP0103 (active)
[    1.216219] pnp 00:06: Plug and Play ACPI device, IDs PNP0103 (active)
[    1.226124] pnp: PnP ACPI: found 7 devices
[    1.226124] pnp: PnP ACPI: found 7 devices
[    1.230467] ACPI: bus type PNP unregistered
[    1.230467] ACPI: bus type PNP unregistered
[    1.235768] PnPBIOS: Disabled
[    1.235768] PnPBIOS: Disabled
[    1.288619] pci_bus 0000:00: resource 4 [io  0x0000-0x0cf7]
[    1.288619] pci_bus 0000:00: resource 4 [io  0x0000-0x0cf7]
[    1.293384] pci_bus 0000:00: resource 5 [io  0x0d00-0xffff]
[    1.293384] pci_bus 0000:00: resource 5 [io  0x0d00-0xffff]
[    1.295095] pci_bus 0000:00: resource 6 [mem 0x000a0000-0x000bffff]
[    1.295095] pci_bus 0000:00: resource 6 [mem 0x000a0000-0x000bffff]
[    1.311480] pci_bus 0000:00: resource 7 [mem 0x80000000-0xfebfffff]
[    1.311480] pci_bus 0000:00: resource 7 [mem 0x80000000-0xfebfffff]
[    1.313426] NET: Registered protocol family 2
[    1.313426] NET: Registered protocol family 2
[    1.325114] TCP established hash table entries: 2048 (order: 1, 8192 byt=
es)
[    1.325114] TCP established hash table entries: 2048 (order: 1, 8192 byt=
es)
[    1.327255] TCP bind hash table entries: 2048 (order: 4, 90112 bytes)
[    1.327255] TCP bind hash table entries: 2048 (order: 4, 90112 bytes)
[    1.337582] TCP: Hash tables configured (established 2048 bind 2048)
[    1.337582] TCP: Hash tables configured (established 2048 bind 2048)
[    1.351519] TCP: reno registered
[    1.351519] TCP: reno registered
[    1.352481] UDP hash table entries: 256 (order: 2, 24576 bytes)
[    1.352481] UDP hash table entries: 256 (order: 2, 24576 bytes)
[    1.354270] UDP-Lite hash table entries: 256 (order: 2, 24576 bytes)
[    1.354270] UDP-Lite hash table entries: 256 (order: 2, 24576 bytes)
[    1.366482] NET: Registered protocol family 1
[    1.366482] NET: Registered protocol family 1
[    1.378288] pci 0000:00:00.0: Limiting direct PCI/PCI transfers
[    1.378288] pci 0000:00:00.0: Limiting direct PCI/PCI transfers
[    1.380015] pci 0000:00:01.0: PIIX3: Enabling Passive Release
[    1.380015] pci 0000:00:01.0: PIIX3: Enabling Passive Release
[    1.390230] pci 0000:00:01.0: Activating ISA DMA hang workarounds
[    1.390230] pci 0000:00:01.0: Activating ISA DMA hang workarounds
[    1.397075] pci 0000:00:02.0: Boot video device
[    1.397075] pci 0000:00:02.0: Boot video device
[    1.398637] PCI: CLS 0 bytes, default 64
[    1.398637] PCI: CLS 0 bytes, default 64
[    1.410121] Unpacking initramfs...
[    1.410121] Unpacking initramfs...
[    2.072117] Freeing initrd memory: 3120K (cfce4000 - cfff0000)
[    2.072117] Freeing initrd memory: 3120K (cfce4000 - cfff0000)
[   11.019784] DMA-API: preallocated 65536 debug entries
[   11.019784] DMA-API: preallocated 65536 debug entries
[   11.021396] DMA-API: debugging enabled by kernel config
[   11.021396] DMA-API: debugging enabled by kernel config
[   11.034926] Machine check injector initialized
[   11.034926] Machine check injector initialized
[   11.067259] apm: BIOS not found.
[   11.067259] apm: BIOS not found.
[   11.096918] microcode: CPU0 sig=3D0xf61, pf=3D0x1, revision=3D0x1
[   11.096918] microcode: CPU0 sig=3D0xf61, pf=3D0x1, revision=3D0x1
[   11.133593] microcode: Microcode Update Driver: v2.00 <tigran@aivazian.f=
snet.co.uk>, Peter Oruba
[   11.133593] microcode: Microcode Update Driver: v2.00 <tigran@aivazian.f=
snet.co.uk>, Peter Oruba
[   11.136167] Scanning for low memory corruption every 60 seconds
[   11.136167] Scanning for low memory corruption every 60 seconds
[   11.156245] cryptomgr_test (13) used greatest stack depth: 7028 bytes le=
ft
[   11.156245] cryptomgr_test (13) used greatest stack depth: 7028 bytes le=
ft
[   11.158641] PCLMULQDQ-NI instructions are not detected.
[   11.158641] PCLMULQDQ-NI instructions are not detected.
[   11.174019] The force parameter has not been set to 1. The Iris poweroff=
 handler will not be installed.
[   11.174019] The force parameter has not been set to 1. The Iris poweroff=
 handler will not be installed.
[   11.211128] audit: initializing netlink socket (disabled)
[   11.211128] audit: initializing netlink socket (disabled)
[   11.221055] type=3D2000 audit(1389056517.586:1): initialized
[   11.221055] type=3D2000 audit(1389056517.586:1): initialized
[   11.370105] HugeTLB registered 2 MB page size, pre-allocated 0 pages
[   11.370105] HugeTLB registered 2 MB page size, pre-allocated 0 pages
[   11.398742] VFS: Disk quotas dquot_6.5.2
[   11.398742] VFS: Disk quotas dquot_6.5.2
[   11.411074] Dquot-cache hash table entries: 1024 (order 0, 4096 bytes)
[   11.411074] Dquot-cache hash table entries: 1024 (order 0, 4096 bytes)
[   11.520173] DLM installed
[   11.520173] DLM installed
[   11.521178] fuse init (API version 7.22)
[   11.521178] fuse init (API version 7.22)
[   11.551211] msgmni has been set to 466
[   11.551211] msgmni has been set to 466
[   11.553307] cryptomgr_test (25) used greatest stack depth: 6636 bytes le=
ft
[   11.553307] cryptomgr_test (25) used greatest stack depth: 6636 bytes le=
ft
[   11.569370] cryptomgr_test (31) used greatest stack depth: 6388 bytes le=
ft
[   11.569370] cryptomgr_test (31) used greatest stack depth: 6388 bytes le=
ft
[   11.581635] cryptomgr_test (32) used greatest stack depth: 6316 bytes le=
ft
[   11.581635] cryptomgr_test (32) used greatest stack depth: 6316 bytes le=
ft
[   11.619786] alg: No test for crc32 (crc32-table)
[   11.619786] alg: No test for crc32 (crc32-table)
[   11.632656] alg: No test for lz4 (lz4-generic)
[   11.632656] alg: No test for lz4 (lz4-generic)
[   11.634369] alg: No test for stdrng (krng)
[   11.634369] alg: No test for stdrng (krng)
[   11.646379] NET: Registered protocol family 38
[   11.646379] NET: Registered protocol family 38
[   11.647884] Key type asymmetric registered
[   11.647884] Key type asymmetric registered
[   11.681733] list_sort_test: start testing list_sort()
[   11.681733] list_sort_test: start testing list_sort()
[   11.697769] test_string_helpers: Running tests...
[   11.697769] test_string_helpers: Running tests...
[   11.746936] crc32: CRC_LE_BITS =3D 1, CRC_BE BITS =3D 1
[   11.746936] crc32: CRC_LE_BITS =3D 1, CRC_BE BITS =3D 1
[   11.748494] crc32: self tests passed, processed 225944 bytes in 16371663=
 nsec
[   11.748494] crc32: self tests passed, processed 225944 bytes in 16371663=
 nsec
[   11.764934] crc32c: CRC_LE_BITS =3D 1
[   11.764934] crc32c: CRC_LE_BITS =3D 1
[   11.779304] crc32c: self tests passed, processed 225944 bytes in 1194910=
 nsec
[   11.779304] crc32c: self tests passed, processed 225944 bytes in 1194910=
 nsec
[   12.891161] tsc: Refined TSC clocksource calibration: 3300.265 MHz
[   12.891161] tsc: Refined TSC clocksource calibration: 3300.265 MHz
[   13.083776] crc32_combine: 8373 self tests passed
[   13.083776] crc32_combine: 8373 self tests passed
[   14.277275] crc32c_combine: 8373 self tests passed
[   14.277275] crc32c_combine: 8373 self tests passed
[   14.278902] rbtree testing
[   14.278902] rbtree testing -> 53808 cycles
 -> 53808 cycles
[   16.084162] augmented rbtree testing
[   16.084162] augmented rbtree testing -> 70342 cycles
 -> 70342 cycles
[   18.782005] ipmi message handler version 39.2
[   18.782005] ipmi message handler version 39.2
[   18.793198] ipmi device interface
[   18.793198] ipmi device interface
[   18.825554] IPMI System Interface driver.
[   18.825554] IPMI System Interface driver.
[   18.840626] ipmi_si: Adding default-specified kcs state machine
[   18.840626] ipmi_si: Adding default-specified kcs state machine

[   18.842443] ipmi_si: Trying default-specified kcs state machine at i/o a=
ddress 0xca2, slave address 0x0, irq 0
[   18.842443] ipmi_si: Trying default-specified kcs state machine at i/o a=
ddress 0xca2, slave address 0x0, irq 0
[   18.854448] ipmi_si: Interface detection failed
[   18.854448] ipmi_si: Interface detection failed
[   18.879285] ipmi_si: Adding default-specified smic state machine
[   18.879285] ipmi_si: Adding default-specified smic state machine

[   18.882147] ipmi_si: Trying default-specified smic state machine at i/o =
address 0xca9, slave address 0x0, irq 0
[   18.882147] ipmi_si: Trying default-specified smic state machine at i/o =
address 0xca9, slave address 0x0, irq 0
[   18.902178] ipmi_si: Interface detection failed
[   18.902178] ipmi_si: Interface detection failed
[   18.912310] ipmi_si: Adding default-specified bt state machine
[   18.912310] ipmi_si: Adding default-specified bt state machine

[   18.925150] ipmi_si: Trying default-specified bt state machine at i/o ad=
dress 0xe4, slave address 0x0, irq 0
[   18.925150] ipmi_si: Trying default-specified bt state machine at i/o ad=
dress 0xe4, slave address 0x0, irq 0
[   18.937738] ipmi_si: Interface detection failed
[   18.937738] ipmi_si: Interface detection failed
[   18.950176] ipmi_si: Unable to find any System Interface(s)
[   18.950176] ipmi_si: Unable to find any System Interface(s)
[   18.967787] IPMI Watchdog: driver initialized
[   18.967787] IPMI Watchdog: driver initialized
[   18.969083] Copyright (C) 2004 MontaVista Software - IPMI Powerdown via =
sys_reboot.
[   18.969083] Copyright (C) 2004 MontaVista Software - IPMI Powerdown via =
sys_reboot.
[   18.985264] IPMI poweroff: Unable to register powercycle sysctl
[   18.985264] IPMI poweroff: Unable to register powercycle sysctl
[   19.028267] input: Power Button as /devices/LNXSYSTM:00/LNXPWRBN:00/inpu=
t/input0
[   19.028267] input: Power Button as /devices/LNXSYSTM:00/LNXPWRBN:00/inpu=
t/input0
[   19.050795] ACPI: Power Button [PWRF]
[   19.050795] ACPI: Power Button [PWRF]
[   19.098977] isapnp: Scanning for PnP cards...
[   19.098977] isapnp: Scanning for PnP cards...
[   20.932205] isapnp: No Plug & Play device found
[   20.932205] isapnp: No Plug & Play device found
[   20.969527] HDLC line discipline maxframe=3D4096
[   20.969527] HDLC line discipline maxframe=3D4096
[   20.980249] N_HDLC line discipline registered.
[   20.980249] N_HDLC line discipline registered.
[   20.981680] Serial: 8250/16550 driver, 4 ports, IRQ sharing disabled
[   20.981680] Serial: 8250/16550 driver, 4 ports, IRQ sharing disabled

[   21.371261] serial8250: ttyS0 at I/O 0x3f8 (irq =3D 4, base_baud =3D 115=
200) is a 16550A
[   21.510046] serial: Freescale lpuart driver
[   21.510046] serial: Freescale lpuart driver
[   21.536531] Cyclades driver 2.6
[   21.536531] Cyclades driver 2.6
[   21.660928] MOXA Intellio family driver version 6.0k
[   21.660928] MOXA Intellio family driver version 6.0k
[   21.669450] MOXA Smartio/Industio family driver version 2.0.5
[   21.669450] MOXA Smartio/Industio family driver version 2.0.5
[   21.673957] RocketPort device driver module, version 2.09, 12-June-2003
[   21.673957] RocketPort device driver module, version 2.09, 12-June-2003
[   21.681307] No rocketport ports found; unloading driver
[   21.681307] No rocketport ports found; unloading driver
[   21.699441] DoubleTalk PC - not found
[   21.699441] DoubleTalk PC - not found
[   21.710109] Non-volatile memory driver v1.3
[   21.710109] Non-volatile memory driver v1.3
[   21.722313] ppdev: user-space parallel port driver
[   21.722313] ppdev: user-space parallel port driver
[   21.731296] platform pc8736x_gpio.0: NatSemi pc8736x GPIO Driver Initial=
izing
[   21.731296] platform pc8736x_gpio.0: NatSemi pc8736x GPIO Driver Initial=
izing
[   21.733497] platform pc8736x_gpio.0: no device found
[   21.733497] platform pc8736x_gpio.0: no device found
[   21.735502] nsc_gpio initializing
[   21.735502] nsc_gpio initializing
[   21.736561] smapi::smapi_init, ERROR invalid usSmapiID
[   21.736561] smapi::smapi_init, ERROR invalid usSmapiID
[   21.744141] mwave: tp3780i::tp3780I_InitializeBoardData: Error: SMAPI is=
 not available on this machine
[   21.744141] mwave: tp3780i::tp3780I_InitializeBoardData: Error: SMAPI is=
 not available on this machine
[   21.751118] mwave: mwavedd::mwave_init: Error: Failed to initialize boar=
d data
[   21.751118] mwave: mwavedd::mwave_init: Error: Failed to initialize boar=
d data
[   21.753481] mwave: mwavedd::mwave_init: Error: Failed to initialize
[   21.753481] mwave: mwavedd::mwave_init: Error: Failed to initialize
[   21.758866] Hangcheck: starting hangcheck timer 0.9.1 (tick is 180 secon=
ds, margin is 60 seconds).
[   21.758866] Hangcheck: starting hangcheck timer 0.9.1 (tick is 180 secon=
ds, margin is 60 seconds).
[   21.761580] Hangcheck: Using getrawmonotonic().
[   21.761580] Hangcheck: Using getrawmonotonic().
[   21.793934] Silicon Labs C2 port support v. 0.51.0 - (C) 2007 Rodolfo Gi=
ometti
[   21.793934] Silicon Labs C2 port support v. 0.51.0 - (C) 2007 Rodolfo Gi=
ometti
[   21.800478] c2port c2port0: C2 port uc added
[   21.800478] c2port c2port0: C2 port uc added
[   21.801761] c2port c2port0: uc flash has 30 blocks x 512 bytes (15360 by=
tes total)
[   21.801761] c2port c2port0: uc flash has 30 blocks x 512 bytes (15360 by=
tes total)
[   21.860965] HSI/SSI char device loaded
[   21.860965] HSI/SSI char device loaded
[   21.867961] bonding: Ethernet Channel Bonding Driver: v3.7.1 (April 27, =
2011)
[   21.867961] bonding: Ethernet Channel Bonding Driver: v3.7.1 (April 27, =
2011)
[   22.038600] w83977af_init()
[   22.038600] w83977af_init()
[   22.042474] w83977af_open()
[   22.042474] w83977af_open()
[   22.043350] w83977af_probe()
[   22.043350] w83977af_probe()
[   22.044397] w83977af_probe(), Wrong chip version
[   22.044397] w83977af_probe(), Wrong chip version

[   22.045823] w83977af_probe()
[   22.045823] w83977af_probe()
[   22.049699] w83977af_probe(), Wrong chip version
[   22.049699] w83977af_probe(), Wrong chip version

[   22.054554] irda_register_dongle : registering dongle "JetEye PC ESI-968=
0 PC" (1).
[   22.054554] irda_register_dongle : registering dongle "JetEye PC ESI-968=
0 PC" (1).
[   22.056998] irda_register_dongle : registering dongle "Actisys ACT-220L"=
 (2).
[   22.056998] irda_register_dongle : registering dongle "Actisys ACT-220L"=
 (2).
[   22.064598] irda_register_dongle : registering dongle "Actisys ACT-220L+=
" (3).
[   22.064598] irda_register_dongle : registering dongle "Actisys ACT-220L+=
" (3).
[   22.069568] irda_register_dongle : registering dongle "Parallax LiteLink=
" (5).
[   22.069568] irda_register_dongle : registering dongle "Parallax LiteLink=
" (5).
[   22.074456] irda_register_dongle : registering dongle "Greenwich GIrBIL"=
 (4).
[   22.074456] irda_register_dongle : registering dongle "Greenwich GIrBIL"=
 (4).
[   22.076786] irda_register_dongle : registering dongle "Microchip MCP2120=
" (9).
[   22.076786] irda_register_dongle : registering dongle "Microchip MCP2120=
" (9).
[   22.084730] irda_register_dongle : registering dongle "MA600" (11).
[   22.084730] irda_register_dongle : registering dongle "MA600" (11).
[   22.090846] irda_register_dongle : registering dongle "Vishay TOIM3232" =
(12).
[   22.090846] irda_register_dongle : registering dongle "Vishay TOIM3232" =
(12).
[   22.093044] PPP generic driver version 2.4.2
[   22.093044] PPP generic driver version 2.4.2
[   22.109605] PPP Deflate Compression module registered
[   22.109605] PPP Deflate Compression module registered
[   22.111305] NET: Registered protocol family 24
[   22.111305] NET: Registered protocol family 24
[   22.112709] SLIP: version 0.8.4-NET3.019-NEWTTY (dynamic channels, max=
=3D256) (6 bit encapsulation enabled).
[   22.112709] SLIP: version 0.8.4-NET3.019-NEWTTY (dynamic channels, max=
=3D256) (6 bit encapsulation enabled).
[   22.121322] SLIP linefill/keepalive option.
[   22.121322] SLIP linefill/keepalive option.
[   22.139182] Databook TCIC-2 PCMCIA probe:=20
[   22.139182] Databook TCIC-2 PCMCIA probe: not found.
not found.
[   22.148108] i8042: PNP: PS/2 Controller [PNP0303:KBD,PNP0f13:MOU] at 0x6=
0,0x64 irq 1,12
[   22.148108] i8042: PNP: PS/2 Controller [PNP0303:KBD,PNP0f13:MOU] at 0x6=
0,0x64 irq 1,12
[   22.157233] serio: i8042 KBD port at 0x60,0x64 irq 1
[   22.157233] serio: i8042 KBD port at 0x60,0x64 irq 1
[   22.165099] serio: i8042 AUX port at 0x60,0x64 irq 12
[   22.165099] serio: i8042 AUX port at 0x60,0x64 irq 12
[   22.195631] evbug: Connected device: input0 (Power Button at LNXPWRBN/bu=
tton/input0)
[   22.195631] evbug: Connected device: input0 (Power Button at LNXPWRBN/bu=
tton/input0)
[   22.288561] input: AT Translated Set 2 keyboard as /devices/platform/i80=
42/serio0/input/input1
[   22.288561] input: AT Translated Set 2 keyboard as /devices/platform/i80=
42/serio0/input/input1
[   22.309143] inport.c: Didn't find InPort mouse at 0x23c
[   22.309143] inport.c: Didn't find InPort mouse at 0x23c
[   22.324850] rtc_cmos 00:00: RTC can wake from S4
[   22.324850] rtc_cmos 00:00: RTC can wake from S4
[   22.393714] rtc (null): alarm rollover: day
[   22.393714] rtc (null): alarm rollover: day
[   22.401817] rtc_cmos 00:00: rtc core: registered rtc_cmos as rtc0
[   22.401817] rtc_cmos 00:00: rtc core: registered rtc_cmos as rtc0
[   22.404863] rtc_cmos 00:00: alarms up to one day, 114 bytes nvram, hpet =
irqs
[   22.404863] rtc_cmos 00:00: alarms up to one day, 114 bytes nvram, hpet =
irqs
[   22.420029] hpet1: lost 1 rtc interrupts
[   22.420029] hpet1: lost 1 rtc interrupts
[   22.471727] evbug: Connected device: input1 (AT Translated Set 2 keyboar=
d at isa0060/serio0/input0)
[   22.471727] evbug: Connected device: input1 (AT Translated Set 2 keyboar=
d at isa0060/serio0/input0)
[   22.665259] rtc-test rtc-test.0: rtc core: registered test as rtc1
[   22.665259] rtc-test rtc-test.0: rtc core: registered test as rtc1
[   22.689138] rtc-test rtc-test.1: rtc core: registered test as rtc2
[   22.689138] rtc-test rtc-test.1: rtc core: registered test as rtc2
[   22.700198] i2c /dev entries driver
[   22.700198] i2c /dev entries driver
[   22.760492] isa i2c-pca-isa.0: Please specify I/O base
[   22.760492] isa i2c-pca-isa.0: Please specify I/O base
[   22.795669] Registered IR keymap rc-empty
[   22.795669] Registered IR keymap rc-empty
[   22.821013] input: rc-core loopback device as /devices/virtual/rc/rc0/in=
put4
[   22.821013] input: rc-core loopback device as /devices/virtual/rc/rc0/in=
put4
[   22.839383] evbug: Connected device: input4 (rc-core loopback device at =
rc-core/virtual)
[   22.839383] evbug: Connected device: input4 (rc-core loopback device at =
rc-core/virtual)
[   22.853112] rc0: rc-core loopback device as /devices/virtual/rc/rc0
[   22.853112] rc0: rc-core loopback device as /devices/virtual/rc/rc0
[   22.864165] smssdio: Siano SMS1xxx SDIO driver
[   22.864165] smssdio: Siano SMS1xxx SDIO driver
[   22.865556] smssdio: Copyright Pierre Ossman
[   22.865556] smssdio: Copyright Pierre Ossman
[   22.900048] Colour QuickCam for Video4Linux v0.06
[   22.900048] Colour QuickCam for Video4Linux v0.06
[   22.901668] PMS: not enabled, use pms.enable=3D1 to probe
[   22.901668] PMS: not enabled, use pms.enable=3D1 to probe
[   22.911944] radio-rtrack2.0: you must set an I/O address with io=3D0x20f
[   22.911944] radio-rtrack2.0: you must set an I/O address with io=3D0x20f=
/0x30f/0x30f.
=2E
[   22.925650] radio-rtrack2: probe of radio-rtrack2.0 failed with error -22
[   22.925650] radio-rtrack2: probe of radio-rtrack2.0 failed with error -22
[   22.996523] radio-sf16fmi: no cards found
[   22.996523] radio-sf16fmi: no cards found
[   23.031229] radio-sf16fmr2: Unable to detect TEA575x tuner
[   23.031229] radio-sf16fmr2: Unable to detect TEA575x tuner
[   23.582136] input: ImExPS/2 Generic Explorer Mouse as /devices/platform/=
i8042/serio1/input/input3
[   23.582136] input: ImExPS/2 Generic Explorer Mouse as /devices/platform/=
i8042/serio1/input/input3
[   23.601048] evbug: Connected device: input3 (ImExPS/2 Generic Explorer M=
ouse at isa0060/serio1/input0)
[   23.601048] evbug: Connected device: input3 (ImExPS/2 Generic Explorer M=
ouse at isa0060/serio1/input0)
[   26.533675] radio-typhoon.0: Initialized radio card Typhoon Radio on por=
t 0x316
[   26.533675] radio-typhoon.0: Initialized radio card Typhoon Radio on por=
t 0x316
[   26.547971] radio-terratec.0: Initialized radio card TerraTec ActiveRadi=
o on port 0x590
[   26.547971] radio-terratec.0: Initialized radio card TerraTec ActiveRadi=
o on port 0x590
[   29.642467] radio-aimslab.0: Initialized radio card AIMSlab RadioTrack/R=
adioReveal on port 0x30f
[   29.642467] radio-aimslab.0: Initialized radio card AIMSlab RadioTrack/R=
adioReveal on port 0x30f
[   29.735894] radio-zoltrix.0: Initialized radio card Zoltrix Radio Plus o=
n port 0x20c
[   29.735894] radio-zoltrix.0: Initialized radio card Zoltrix Radio Plus o=
n port 0x20c
[   29.825372] radio-gemtek.0: Initialized radio card GemTek Radio on port =
0x34c
[   29.825372] radio-gemtek.0: Initialized radio card GemTek Radio on port =
0x34c
[   29.958241] radio-trust.0: Initialized radio card Trust FM Radio on port=
 0x350
[   29.958241] radio-trust.0: Initialized radio card Trust FM Radio on port=
 0x350
[   30.009639] pps pps0: new PPS source ktimer
[   30.009639] pps pps0: new PPS source ktimer
[   30.010998] pps pps0: ktimer PPS source registered
[   30.010998] pps pps0: ktimer PPS source registered
[   30.025334] pps_parport: parallel port PPS client
[   30.025334] pps_parport: parallel port PPS client
[   30.026868] Driver for 1-wire Dallas network protocol.
[   30.026868] Driver for 1-wire Dallas network protocol.
[   30.074961] DS1WM w1 busmaster driver - (c) 2004 Szabolcs Gyurko
[   30.074961] DS1WM w1 busmaster driver - (c) 2004 Szabolcs Gyurko
[   30.086187] 1-Wire driver for the DS2760 battery monitor  chip  - (c) 20=
04-2005, Szabolcs Gyurko
[   30.086187] 1-Wire driver for the DS2760 battery monitor  chip  - (c) 20=
04-2005, Szabolcs Gyurko
[   30.133921] power_supply test_ac: uevent
[   30.133921] power_supply test_ac: uevent
[   30.135228] power_supply test_ac: POWER_SUPPLY_NAME=3Dtest_ac
[   30.135228] power_supply test_ac: POWER_SUPPLY_NAME=3Dtest_ac
[   30.164630] power_supply test_ac: prop ONLINE=3D1
[   30.164630] power_supply test_ac: prop ONLINE=3D1
[   30.166082] power_supply test_ac: power_supply_changed
[   30.166082] power_supply test_ac: power_supply_changed
[   30.183950] power_supply test_ac: power_supply_changed_work
[   30.183950] power_supply test_ac: power_supply_changed_work
[   30.191765] power_supply test_ac: power_supply_update_gen_leds 1
[   30.191765] power_supply test_ac: power_supply_update_gen_leds 1
[   30.216666] power_supply test_ac: uevent
[   30.216666] power_supply test_ac: uevent
[   30.217898] power_supply test_ac: POWER_SUPPLY_NAME=3Dtest_ac
[   30.217898] power_supply test_ac: POWER_SUPPLY_NAME=3Dtest_ac
[   30.249063] power_supply test_battery: uevent
[   30.249063] power_supply test_battery: uevent
[   30.271475] power_supply test_battery: POWER_SUPPLY_NAME=3Dtest_battery
[   30.271475] power_supply test_battery: POWER_SUPPLY_NAME=3Dtest_battery
[   30.291702] power_supply test_ac: prop ONLINE=3D1
[   30.291702] power_supply test_ac: prop ONLINE=3D1
[   30.293288] power_supply test_battery: prop STATUS=3DDischarging
[   30.293288] power_supply test_battery: prop STATUS=3DDischarging
[   30.295258] power_supply test_battery: prop CHARGE_TYPE=3DFast
[   30.295258] power_supply test_battery: prop CHARGE_TYPE=3DFast
[   30.317322] power_supply test_battery: prop HEALTH=3DGood
[   30.317322] power_supply test_battery: prop HEALTH=3DGood
[   30.319041] power_supply test_battery: prop PRESENT=3D1
[   30.319041] power_supply test_battery: prop PRESENT=3D1
[   30.339640] power_supply test_battery: prop TECHNOLOGY=3DLi-ion
[   30.339640] power_supply test_battery: prop TECHNOLOGY=3DLi-ion
[   30.341338] power_supply test_battery: prop CHARGE_FULL_DESIGN=3D100
[   30.341338] power_supply test_battery: prop CHARGE_FULL_DESIGN=3D100
[   30.362279] power_supply test_battery: prop CHARGE_FULL=3D100
[   30.362279] power_supply test_battery: prop CHARGE_FULL=3D100
[   30.364028] power_supply test_battery: prop CHARGE_NOW=3D50
[   30.364028] power_supply test_battery: prop CHARGE_NOW=3D50
[   30.385872] power_supply test_battery: prop CAPACITY=3D50
[   30.385872] power_supply test_battery: prop CAPACITY=3D50
[   30.387571] power_supply test_battery: prop CAPACITY_LEVEL=3DNormal
[   30.387571] power_supply test_battery: prop CAPACITY_LEVEL=3DNormal
[   30.413130] power_supply test_battery: prop TIME_TO_EMPTY_AVG=3D3600
[   30.413130] power_supply test_battery: prop TIME_TO_EMPTY_AVG=3D3600
[   30.415041] power_supply test_battery: prop TIME_TO_FULL_NOW=3D3600
[   30.415041] power_supply test_battery: prop TIME_TO_FULL_NOW=3D3600
[   30.426065] power_supply test_battery: prop MODEL_NAME=3DTest battery
[   30.426065] power_supply test_battery: prop MODEL_NAME=3DTest battery
[   30.427957] power_supply test_battery: prop MANUFACTURER=3DLinux
[   30.427957] power_supply test_battery: prop MANUFACTURER=3DLinux
[   30.448574] power_supply test_battery: prop SERIAL_NUMBER=3D3.13.0-rc7-n=
ext-20140106-07462-gb4a839b
[   30.448574] power_supply test_battery: prop SERIAL_NUMBER=3D3.13.0-rc7-n=
ext-20140106-07462-gb4a839b
[   30.468351] power_supply test_battery: prop TEMP=3D26
[   30.468351] power_supply test_battery: prop TEMP=3D26
[   30.469784] power_supply test_battery: prop VOLTAGE_NOW=3D3300
[   30.469784] power_supply test_battery: prop VOLTAGE_NOW=3D3300
[   30.513191] power_supply test_battery: power_supply_changed
[   30.513191] power_supply test_battery: power_supply_changed
[   30.532672] power_supply test_battery: power_supply_changed_work
[   30.532672] power_supply test_battery: power_supply_changed_work
[   30.553947] power_supply test_battery: power_supply_update_bat_leds 2
[   30.553947] power_supply test_battery: power_supply_update_bat_leds 2
[   30.556006] power_supply test_battery: uevent
[   30.556006] power_supply test_battery: uevent
[   30.557350] power_supply test_battery: POWER_SUPPLY_NAME=3Dtest_battery
[   30.557350] power_supply test_battery: POWER_SUPPLY_NAME=3Dtest_battery
[   30.585301] power_supply test_usb: uevent
[   30.585301] power_supply test_usb: uevent
[   30.607940] power_supply test_usb: POWER_SUPPLY_NAME=3Dtest_usb
[   30.607940] power_supply test_usb: POWER_SUPPLY_NAME=3Dtest_usb
[   30.609836] power_supply test_battery: prop STATUS=3DDischarging
[   30.609836] power_supply test_battery: prop STATUS=3DDischarging
[   30.636154] power_supply test_battery: prop CHARGE_TYPE=3DFast
[   30.636154] power_supply test_battery: prop CHARGE_TYPE=3DFast
[   30.637935] power_supply test_battery: prop HEALTH=3DGood
[   30.637935] power_supply test_battery: prop HEALTH=3DGood
[   30.661632] power_supply test_battery: prop PRESENT=3D1
[   30.661632] power_supply test_battery: prop PRESENT=3D1
[   30.663094] power_supply test_battery: prop TECHNOLOGY=3DLi-ion
[   30.663094] power_supply test_battery: prop TECHNOLOGY=3DLi-ion
[   30.664846] power_supply test_battery: prop CHARGE_FULL_DESIGN=3D100
[   30.664846] power_supply test_battery: prop CHARGE_FULL_DESIGN=3D100
[   30.687837] power_supply test_battery: prop CHARGE_FULL=3D100
[   30.687837] power_supply test_battery: prop CHARGE_FULL=3D100
[   30.689498] power_supply test_battery: prop CHARGE_NOW=3D50
[   30.689498] power_supply test_battery: prop CHARGE_NOW=3D50
[   30.716388] power_supply test_battery: prop CAPACITY=3D50
[   30.716388] power_supply test_battery: prop CAPACITY=3D50
[   30.718004] power_supply test_battery: prop CAPACITY_LEVEL=3DNormal
[   30.718004] power_supply test_battery: prop CAPACITY_LEVEL=3DNormal
[   30.742958] power_supply test_battery: prop TIME_TO_EMPTY_AVG=3D3600
[   30.742958] power_supply test_battery: prop TIME_TO_EMPTY_AVG=3D3600
[   30.744981] power_supply test_battery: prop TIME_TO_FULL_NOW=3D3600
[   30.744981] power_supply test_battery: prop TIME_TO_FULL_NOW=3D3600
[   30.765577] power_supply test_battery: prop MODEL_NAME=3DTest battery
[   30.765577] power_supply test_battery: prop MODEL_NAME=3DTest battery
[   30.789550] power_supply test_battery: prop MANUFACTURER=3DLinux
[   30.789550] power_supply test_battery: prop MANUFACTURER=3DLinux
[   30.791314] power_supply test_battery: prop SERIAL_NUMBER=3D3.13.0-rc7-n=
ext-20140106-07462-gb4a839b
[   30.791314] power_supply test_battery: prop SERIAL_NUMBER=3D3.13.0-rc7-n=
ext-20140106-07462-gb4a839b
[   30.817328] power_supply test_battery: prop TEMP=3D26
[   30.817328] power_supply test_battery: prop TEMP=3D26
[   30.818858] power_supply test_battery: prop VOLTAGE_NOW=3D3300
[   30.818858] power_supply test_battery: prop VOLTAGE_NOW=3D3300
[   30.841694] power_supply test_usb: prop ONLINE=3D1
[   30.841694] power_supply test_usb: prop ONLINE=3D1
[   30.843112] power_supply test_usb: power_supply_changed
[   30.843112] power_supply test_usb: power_supply_changed
[   30.945772] w83781d: Detection failed at step 2
[   30.945772] w83781d: Detection failed at step 2
[   31.024234] applesmc: supported laptop not found!
[   31.024234] applesmc: supported laptop not found!
[   31.047859] applesmc: driver init failed (ret=3D-19)!
[   31.047859] applesmc: driver init failed (ret=3D-19)!
[   31.077554] f71882fg: Not a Fintek device
[   31.077554] f71882fg: Not a Fintek device
[   31.109033] f71882fg: Not a Fintek device
[   31.109033] f71882fg: Not a Fintek device
[   31.110706] power_supply test_usb: power_supply_changed_work
[   31.110706] power_supply test_usb: power_supply_changed_work
[   31.133667] power_supply test_usb: power_supply_update_gen_leds 1
[   31.133667] power_supply test_usb: power_supply_update_gen_leds 1
[   31.135573] power_supply test_usb: uevent
[   31.135573] power_supply test_usb: uevent
[   31.152775] power_supply test_usb: POWER_SUPPLY_NAME=3Dtest_usb
[   31.152775] power_supply test_usb: POWER_SUPPLY_NAME=3Dtest_usb
[   31.241858] power_supply test_usb: prop ONLINE=3D1
[   31.241858] power_supply test_usb: prop ONLINE=3D1
[   31.271055] pc87360: PC8736x not detected, module not inserted
[   31.271055] pc87360: PC8736x not detected, module not inserted
[   31.295659] sch56xx_common: Unsupported device id: 0xff
[   31.295659] sch56xx_common: Unsupported device id: 0xff
[   31.297258] sch56xx_common: Unsupported device id: 0xff
[   31.297258] sch56xx_common: Unsupported device id: 0xff
[   31.386856] mixcomwd: No card detected, or port not available
[   31.386856] mixcomwd: No card detected, or port not available
[   31.405924] advantechwdt: WDT driver for Advantech single board computer=
 initialising
[   31.405924] advantechwdt: WDT driver for Advantech single board computer=
 initialising
[   31.445928] advantechwdt: initialized. timeout=3D60 sec (nowayout=3D0)
[   31.445928] advantechwdt: initialized. timeout=3D60 sec (nowayout=3D0)
[   31.464997] sc520_wdt: cannot register miscdev on minor=3D130 (err=3D-16)
[   31.464997] sc520_wdt: cannot register miscdev on minor=3D130 (err=3D-16)
[   31.467193] ib700wdt: WDT driver for IB700 single board computer initial=
ising
[   31.467193] ib700wdt: WDT driver for IB700 single board computer initial=
ising
[   31.482260] ib700wdt: START method I/O 443 is not available
[   31.482260] ib700wdt: START method I/O 443 is not available
[   31.498056] ib700wdt: probe of ib700wdt failed with error -5
[   31.498056] ib700wdt: probe of ib700wdt failed with error -5
[   31.510232] wafer5823wdt: WDT driver for Wafer 5823 single board compute=
r initialising
[   31.510232] wafer5823wdt: WDT driver for Wafer 5823 single board compute=
r initialising
[   31.518621] wafer5823wdt: I/O address 0x0443 already in use
[   31.518621] wafer5823wdt: I/O address 0x0443 already in use
[   31.536628] it87_wdt: no device
[   31.536628] it87_wdt: no device
[   31.537883] sc1200wdt: build 20020303
[   31.537883] sc1200wdt: build 20020303
[   31.575711] sc1200wdt: io parameter must be specified
[   31.575711] sc1200wdt: io parameter must be specified
[   31.579703] pc87413_wdt: Version 1.1 at io 0x2E
[   31.579703] pc87413_wdt: Version 1.1 at io 0x2E
[   31.597318] pc87413_wdt: cannot register miscdev on minor=3D130 (err=3D-=
16)
[   31.597318] pc87413_wdt: cannot register miscdev on minor=3D130 (err=3D-=
16)
[   31.606308] sbc60xxwdt: I/O address 0x0443 already in use
[   31.606308] sbc60xxwdt: I/O address 0x0443 already in use
[   31.611708] sbc8360: failed to register misc device
[   31.611708] sbc8360: failed to register misc device
[   31.622341] sbc7240_wdt: I/O address 0x0443 already in use
[   31.622341] sbc7240_wdt: I/O address 0x0443 already in use
[   31.637386] cpu5wdt: misc_register failed
[   31.637386] cpu5wdt: misc_register failed
[   31.645315] smsc37b787_wdt: SMsC 37B787 watchdog component driver 1.1 in=
itialising...
[   31.645315] smsc37b787_wdt: SMsC 37B787 watchdog component driver 1.1 in=
itialising...
[   31.669824] smsc37b787_wdt: Unable to register miscdev on minor 130
[   31.669824] smsc37b787_wdt: Unable to register miscdev on minor 130
[   31.671729] w83627hf_wdt: WDT driver for the Winbond(TM) W83627HF/THF/HG=
/DHG Super I/O chip initialising
[   31.671729] w83627hf_wdt: WDT driver for the Winbond(TM) W83627HF/THF/HG=
/DHG Super I/O chip initialising
[   31.698637] w83627hf_wdt: Watchdog already running. Resetting timeout to=
 60 sec
[   31.698637] w83627hf_wdt: Watchdog already running. Resetting timeout to=
 60 sec
[   31.714706] watchdog: W83627HF Watchdog: cannot register miscdev on mino=
r=3D130 (err=3D-16).
[   31.714706] watchdog: W83627HF Watchdog: cannot register miscdev on mino=
r=3D130 (err=3D-16).
[   31.729379] watchdog: W83627HF Watchdog: a legacy watchdog module is pro=
bably present.
[   31.729379] watchdog: W83627HF Watchdog: a legacy watchdog module is pro=
bably present.
[   31.770293] w83627hf_wdt: initialized. timeout=3D60 sec (nowayout=3D0)
[   31.770293] w83627hf_wdt: initialized. timeout=3D60 sec (nowayout=3D0)
[   31.778945] w83697hf_wdt: WDT driver for W83697HF/HG initializing
[   31.778945] w83697hf_wdt: WDT driver for W83697HF/HG initializing
[   31.788930] w83697hf_wdt: watchdog not found at address 0x2e
[   31.788930] w83697hf_wdt: watchdog not found at address 0x2e
[   31.803237] w83697hf_wdt: No W83697HF/HG could be found
[   31.803237] w83697hf_wdt: No W83697HF/HG could be found
[   31.809994] w83697ug_wdt: WDT driver for the Winbond(TM) W83697UG/UF Sup=
er I/O chip initialising
[   31.809994] w83697ug_wdt: WDT driver for the Winbond(TM) W83697UG/UF Sup=
er I/O chip initialising
[   31.828436] w83697ug_wdt: No W83697UG/UF could be found
[   31.828436] w83697ug_wdt: No W83697UG/UF could be found
[   31.830020] w83877f_wdt: I/O address 0x0443 already in use
[   31.830020] w83877f_wdt: I/O address 0x0443 already in use
[   31.841628] machzwd: MachZ ZF-Logic Watchdog driver initializing
[   31.841628] machzwd: MachZ ZF-Logic Watchdog driver initializing
[   31.855600] machzwd: no ZF-Logic found
[   31.855600] machzwd: no ZF-Logic found
[   31.862794] sbc_epx_c3: cannot register miscdev on minor=3D130 (err=3D-1=
6)
[   31.862794] sbc_epx_c3: cannot register miscdev on minor=3D130 (err=3D-1=
6)
[   31.878572] watchdog: Software Watchdog: cannot register miscdev on mino=
r=3D130 (err=3D-16).
[   31.878572] watchdog: Software Watchdog: cannot register miscdev on mino=
r=3D130 (err=3D-16).
[   31.899635] watchdog: Software Watchdog: a legacy watchdog module is pro=
bably present.
[   31.899635] watchdog: Software Watchdog: a legacy watchdog module is pro=
bably present.
[   31.930645] softdog: Software Watchdog Timer: 0.08 initialized. soft_nob=
oot=3D0 soft_margin=3D60 sec soft_panic=3D0 (nowayout=3D0)
[   31.930645] softdog: Software Watchdog Timer: 0.08 initialized. soft_nob=
oot=3D0 soft_margin=3D60 sec soft_panic=3D0 (nowayout=3D0)
[   31.955675] Modular ISDN core version 1.1.29
[   31.955675] Modular ISDN core version 1.1.29
[   31.962848] NET: Registered protocol family 34
[   31.962848] NET: Registered protocol family 34
[   31.964396] DSP module 2.0
[   31.964396] DSP module 2.0
[   31.987348] mISDN_dsp: DSP clocks every 80 samples. This equals 3 jiffie=
s.
[   31.987348] mISDN_dsp: DSP clocks every 80 samples. This equals 3 jiffie=
s.
[   32.026124] mISDN: Layer-1-over-IP driver Rev. 2.00
[   32.026124] mISDN: Layer-1-over-IP driver Rev. 2.00
[   32.047261] 0 virtual devices registered
[   32.047261] 0 virtual devices registered
[   32.048495] gigaset: Driver for Gigaset 307x (debug build)
[   32.048495] gigaset: Driver for Gigaset 307x (debug build)
[   32.050283] gigaset: no ISDN subsystem interface
[   32.050283] gigaset: no ISDN subsystem interface
[   32.070755] platform eisa.0: Probing EISA bus 0
[   32.070755] platform eisa.0: Probing EISA bus 0
[   32.088365] lguest: mapped switcher at fffc8000
[   32.088365] lguest: mapped switcher at fffc8000
[   32.090122] cpufreq-nforce2: No nForce2 chipset.
[   32.090122] cpufreq-nforce2: No nForce2 chipset.
[   32.111193] wbsd: Winbond W83L51xD SD/MMC card interface driver
[   32.111193] wbsd: Winbond W83L51xD SD/MMC card interface driver
[   32.112981] wbsd: Copyright(c) Pierre Ossman
[   32.112981] wbsd: Copyright(c) Pierre Ossman
[   32.218602] ledtrig-cpu: registered to indicate activity on CPUs
[   32.218602] ledtrig-cpu: registered to indicate activity on CPUs
[   32.289073] dcdbas dcdbas: Dell Systems Management Base Driver (version =
5.6.0-3.2)
[   32.289073] dcdbas dcdbas: Dell Systems Management Base Driver (version =
5.6.0-3.2)
[   32.308889] hidraw: raw HID events driver (C) Jiri Kosina
[   32.308889] hidraw: raw HID events driver (C) Jiri Kosina
[   32.503018] hdaps: supported laptop not found!
[   32.503018] hdaps: supported laptop not found!
[   32.514495] hdaps: driver init failed (ret=3D-19)!
[   32.514495] hdaps: driver init failed (ret=3D-19)!
[   32.516137] drop_monitor: Initializing network drop monitor service
[   32.516137] drop_monitor: Initializing network drop monitor service
[   32.533183] NET: Registered protocol family 26
[   32.533183] NET: Registered protocol family 26
[   32.534544] Mirror/redirect action on
[   32.534544] Mirror/redirect action on
[   32.601122] u32 classifier
[   32.601122] u32 classifier
[   32.602034]     Actions configured
[   32.602034]     Actions configured
[   32.603251] Netfilter messages via NETLINK v0.30.
[   32.603251] Netfilter messages via NETLINK v0.30.
[   32.626577] nfnl_acct: registering with nfnetlink.
[   32.626577] nfnl_acct: registering with nfnetlink.
[   32.628199] nf_tables: (c) 2007-2009 Patrick McHardy <kaber@trash.net>
[   32.628199] nf_tables: (c) 2007-2009 Patrick McHardy <kaber@trash.net>
[   32.680704] ip_set: protocol 6
[   32.680704] ip_set: protocol 6
[   32.681665] IPVS: Registered protocols (TCP, UDP, ESP)
[   32.681665] IPVS: Registered protocols (TCP, UDP, ESP)
[   32.683275] IPVS: Connection hash table configured (size=3D4096, memory=
=3D32Kbytes)
[   32.683275] IPVS: Connection hash table configured (size=3D4096, memory=
=3D32Kbytes)
[   32.702661] IPVS: Each connection entry needs 256 bytes at least
[   32.702661] IPVS: Each connection entry needs 256 bytes at least
[   32.732253] IPVS: Creating netns size=3D1228 id=3D0
[   32.732253] IPVS: Creating netns size=3D1228 id=3D0
[   32.733949] IPVS: ipvs loaded.
[   32.733949] IPVS: ipvs loaded.
[   32.734940] IPVS: [rr] scheduler registered.
[   32.734940] IPVS: [rr] scheduler registered.
[   32.749354] IPVS: [lblc] scheduler registered.
[   32.749354] IPVS: [lblc] scheduler registered.
[   32.750902] IPVS: [lblcr] scheduler registered.
[   32.750902] IPVS: [lblcr] scheduler registered.
[   32.770918] IPVS: [dh] scheduler registered.
[   32.770918] IPVS: [dh] scheduler registered.
[   32.772249] IPVS: [sh] scheduler registered.
[   32.772249] IPVS: [sh] scheduler registered.
[   32.789907] IPVS: [nq] scheduler registered.
[   32.789907] IPVS: [nq] scheduler registered.
[   32.791221] ipip: IPv4 over IPv4 tunneling driver
[   32.791221] ipip: IPv4 over IPv4 tunneling driver
[   32.853233] gre: GRE over IPv4 demultiplexor driver
[   32.853233] gre: GRE over IPv4 demultiplexor driver
[   32.875501] ip_gre: GRE over IPv4 tunneling driver
[   32.875501] ip_gre: GRE over IPv4 tunneling driver
[   32.975564] arp_tables: (C) 2002 David S. Miller
[   32.975564] arp_tables: (C) 2002 David S. Miller
[   32.987603] TCP: cubic registered
[   32.987603] TCP: cubic registered
[   32.998751] Initializing XFRM netlink socket
[   32.998751] Initializing XFRM netlink socket
[   33.000143] NET: Registered protocol family 17
[   33.000143] NET: Registered protocol family 17
[   33.023787] NET: Registered protocol family 4
[   33.023787] NET: Registered protocol family 4
[   33.041674] NET: Registered protocol family 9
[   33.041674] NET: Registered protocol family 9
[   33.042959] X25: Linux Version 0.2
[   33.042959] X25: Linux Version 0.2
[   33.044018] can: controller area network core (rev 20120528 abi 9)
[   33.044018] can: controller area network core (rev 20120528 abi 9)
[   33.062467] NET: Registered protocol family 29
[   33.062467] NET: Registered protocol family 29
[   33.063814] can: netlink gateway (rev 20130117) max_hops=3D1
[   33.063814] can: netlink gateway (rev 20130117) max_hops=3D1
[   33.135733] NET: Registered protocol family 33
[   33.135733] NET: Registered protocol family 33
[   33.154557] Key type rxrpc registered
[   33.154557] Key type rxrpc registered
[   33.155684] Key type rxrpc_s registered
[   33.155684] Key type rxrpc_s registered
[   33.180812] RxRPC: Registered security type 2 'rxkad'
[   33.180812] RxRPC: Registered security type 2 'rxkad'
[   33.182610] l2tp_core: L2TP core driver, V2.0
[   33.182610] l2tp_core: L2TP core driver, V2.0
[   33.184083] l2tp_ppp: PPPoL2TP kernel driver, V2.0
[   33.184083] l2tp_ppp: PPPoL2TP kernel driver, V2.0
[   33.197802] l2tp_ip: L2TP IP encapsulation support (L2TPv3)
[   33.197802] l2tp_ip: L2TP IP encapsulation support (L2TPv3)
[   33.199486] l2tp_netlink: L2TP netlink interface
[   33.199486] l2tp_netlink: L2TP netlink interface
[   33.221996] l2tp_eth: L2TP ethernet pseudowire support (L2TPv3)
[   33.221996] l2tp_eth: L2TP ethernet pseudowire support (L2TPv3)
[   33.223759] NET4: DECnet for Linux: V.2.5.68s (C) 1995-2003 Linux DECnet=
 Project Team
[   33.223759] NET4: DECnet for Linux: V.2.5.68s (C) 1995-2003 Linux DECnet=
 Project Team
[   33.250931] DECnet: Routing cache hash table of 256 buckets, 11Kbytes
[   33.250931] DECnet: Routing cache hash table of 256 buckets, 11Kbytes
[   33.292500] NET: Registered protocol family 12
[   33.292500] NET: Registered protocol family 12
[   33.294256] 8021q: 802.1Q VLAN Support v1.8
[   33.294256] 8021q: 802.1Q VLAN Support v1.8
[   33.312619] DCCP: Activated CCID 2 (TCP-like)
[   33.312619] DCCP: Activated CCID 2 (TCP-like)
[   33.313908] DCCP: Activated CCID 3 (TCP-Friendly Rate Control)
[   33.313908] DCCP: Activated CCID 3 (TCP-Friendly Rate Control)
[   33.334966] sctp: Hash tables configured (established 1638 bind 1489)
[   33.334966] sctp: Hash tables configured (established 1638 bind 1489)
[   33.350120] rds_page_remainder_cpu_notify(): cpu 0 action 0x7
[   33.350120] rds_page_remainder_cpu_notify(): cpu 0 action 0x7
[   33.351938] Registered RDS/tcp transport
[   33.351938] Registered RDS/tcp transport
[   33.375217] lib80211: common routines for IEEE802.11 drivers
[   33.375217] lib80211: common routines for IEEE802.11 drivers
[   33.377105] lib80211_crypt: registered algorithm 'NULL'
[   33.377105] lib80211_crypt: registered algorithm 'NULL'
[   33.396031] lib80211_crypt: registered algorithm 'WEP'
[   33.396031] lib80211_crypt: registered algorithm 'WEP'
[   33.397611] lib80211_crypt: registered algorithm 'CCMP'
[   33.397611] lib80211_crypt: registered algorithm 'CCMP'
[   33.420284] lib80211_crypt: registered algorithm 'TKIP'
[   33.420284] lib80211_crypt: registered algorithm 'TKIP'
[   33.421800] tipc: Activated (version 2.0.0)
[   33.421800] tipc: Activated (version 2.0.0)
[   33.441798] NET: Registered protocol family 30
[   33.441798] NET: Registered protocol family 30
[   33.474145] tipc: Started in single node mode
[   33.474145] tipc: Started in single node mode
[   33.491659] 9pnet: Installing 9P2000 support
[   33.491659] 9pnet: Installing 9P2000 support
[   33.505201] NET: Registered protocol family 37
[   33.505201] NET: Registered protocol family 37
[   33.506762] NET: Registered protocol family 36
[   33.506762] NET: Registered protocol family 36
[   33.526595] Key type dns_resolver registered
[   33.526595] Key type dns_resolver registered
[   33.553538] batman_adv: B.A.T.M.A.N. advanced 2013.5.0 (compatibility ve=
rsion 15) loaded
[   33.553538] batman_adv: B.A.T.M.A.N. advanced 2013.5.0 (compatibility ve=
rsion 15) loaded
[   33.574382] openvswitch: Open vSwitch switching datapath
[   33.574382] openvswitch: Open vSwitch switching datapath
[   33.651022] Using IPI Shortcut mode
[   33.651022] Using IPI Shortcut mode
[   33.671908] bootconsole [earlyser0] disabled
[   33.671908] bootconsole [earlyser0] disabled
[   33.694170] Key type trusted registered
[   33.712241] Key type encrypted registered
[   33.756448] IMA: No TPM chip found, activating TPM-bypass!
[   33.897910] console [netcon0] enabled
[   33.898550] netconsole: network logging started
[   33.922520] rtc_cmos 00:00: setting system clock to 2014-01-07 09:02:21 =
UTC (1389085341)
[   33.923760] BIOS EDD facility v0.16 2004-Jun-25, 0 devices found
[   33.947453] EDD information not available.
[   33.961039] Freeing unused kernel memory: 752K (c1df2000 - c1eae000)

/etc/rcS.d/S00fbsetup: line 3: /sbin/modprobe: No such file or directory

Please wait: booting...
Starting udev
/etc/rcS.d/S03udev: line 72: /proc/sys/kernel/hotplug: No such file or dire=
ctory
[   38.317637] power_supply test_ac: uevent
[   38.318303] power_supply test_ac: POWER_SUPPLY_NAME=3Dtest_ac
[   38.333856] power_supply test_ac: prop ONLINE=3D1
[   38.334717] power_supply test_battery: uevent
[   38.335341] power_supply test_battery: POWER_SUPPLY_NAME=3Dtest_battery
[   38.336354] power_supply test_battery: prop STATUS=3DDischarging
[   38.350084] power_supply test_battery: prop CHARGE_TYPE=3DFast
[   38.351002] power_supply test_battery: prop HEALTH=3DGood
[   38.351858] power_supply test_battery: prop PRESENT=3D1
[   38.367839] power_supply test_battery: prop TECHNOLOGY=3DLi-ion
[   38.368736] power_supply test_battery: prop CHARGE_FULL_DESIGN=3D100
[   38.369734] power_supply test_battery: prop CHARGE_FULL=3D100
[   38.370726] power_supply test_battery: prop CHARGE_NOW=3D50
[   38.384764] power_supply test_battery: prop CAPACITY=3D50
[   38.385571] power_supply test_battery: prop CAPACITY_LEVEL=3DNormal
[   38.386445] power_supply test_battery: prop TIME_TO_EMPTY_AVG=3D3600
[   38.387337] power_supply test_battery: prop TIME_TO_FULL_NOW=3D3600
[   38.401114] power_supply test_battery: prop MODEL_NAME=3DTest battery
[   38.402059] power_supply test_battery: prop MANUFACTURER=3DLinux
[   38.402969] power_supply test_battery: prop SERIAL_NUMBER=3D3.13.0-rc7-n=
ext-20140106-07462-gb4a839b
[   38.418745] power_supply test_battery: prop TEMP=3D26
[   38.419568] power_supply test_battery: prop VOLTAGE_NOW=3D3300
[   38.492968] power_supply test_usb: uevent
[   38.493641] power_supply test_usb: POWER_SUPPLY_NAME=3Dtest_usb
[   38.504270] power_supply test_usb: prop ONLINE=3D1
[   44.066779] power_supply test_ac: uevent
[   44.067471] power_supply test_ac: POWER_SUPPLY_NAME=3Dtest_ac
[   44.068378] power_supply test_ac: prop ONLINE=3D1
[   44.223848] power_supply test_battery: uevent
[   44.224622] power_supply test_battery: POWER_SUPPLY_NAME=3Dtest_battery
[   44.242683] power_supply test_battery: prop STATUS=3DDischarging
[   44.243728] power_supply test_battery: prop CHARGE_TYPE=3DFast
[   44.244566] power_supply test_battery: prop HEALTH=3DGood
[   44.251844] power_supply test_battery: prop PRESENT=3D1
[   44.252741] power_supply test_battery: prop TECHNOLOGY=3DLi-ion
[   44.263304] power_supply test_battery: prop CHARGE_FULL_DESIGN=3D100
[   44.274386] power_supply test_battery: prop CHARGE_FULL=3D100
[   44.275263] power_supply test_battery: prop CHARGE_NOW=3D50
[   44.276187] power_supply test_battery: prop CAPACITY=3D50
[   44.284614] power_supply test_battery: prop CAPACITY_LEVEL=3DNormal
[   44.297451] power_supply test_battery: prop TIME_TO_EMPTY_AVG=3D3600
[   44.299742] power_supply test_battery: prop TIME_TO_FULL_NOW=3D3600
[   44.300651] power_supply test_battery: prop MODEL_NAME=3DTest battery
[   44.306860] power_supply test_battery: prop MANUFACTURER=3DLinux
[   44.307880] power_supply test_battery: prop SERIAL_NUMBER=3D3.13.0-rc7-n=
ext-20140106-07462-gb4a839b
[   44.320641] power_supply test_battery: prop TEMP=3D26
[   44.327629] power_supply test_battery: prop VOLTAGE_NOW=3D3300
[   44.386685] power_supply test_ac: uevent
[   44.387469] power_supply test_ac: POWER_SUPPLY_NAME=3Dtest_ac
[   44.388323] power_supply test_ac: prop ONLINE=3D1
[   44.575444] power_supply test_battery: uevent
[   44.576174] power_supply test_battery: POWER_SUPPLY_NAME=3Dtest_battery
[   44.590169] power_supply test_battery: prop STATUS=3DDischarging
[   44.591033] power_supply test_battery: prop CHARGE_TYPE=3DFast
[   44.591880] power_supply test_battery: prop HEALTH=3DGood
[   44.592724] power_supply test_battery: prop PRESENT=3D1
[   44.607478] power_supply test_battery: prop TECHNOLOGY=3DLi-ion
[   44.608368] power_supply test_battery: prop CHARGE_FULL_DESIGN=3D100
[   44.618745] power_supply test_battery: prop CHARGE_FULL=3D100
[   44.619618] power_supply test_battery: prop CHARGE_NOW=3D50
[   44.620486] power_supply test_battery: prop CAPACITY=3D50
[   44.631720] power_supply test_battery: prop CAPACITY_LEVEL=3DNormal
[   44.632717] power_supply test_battery: prop TIME_TO_EMPTY_AVG=3D3600
[   44.643531] power_supply test_battery: prop TIME_TO_FULL_NOW=3D3600
[   44.644518] power_supply test_battery: prop MODEL_NAME=3DTest battery
[   44.655250] power_supply test_battery: prop MANUFACTURER=3DLinux
[   44.656191] power_supply test_battery: prop SERIAL_NUMBER=3D3.13.0-rc7-n=
ext-20140106-07462-gb4a839b
[   44.670944] power_supply test_battery: prop TEMP=3D26
[   44.671744] power_supply test_battery: prop VOLTAGE_NOW=3D3300
[   44.844124] power_supply test_usb: uevent
[   44.850227] power_supply test_usb: POWER_SUPPLY_NAME=3Dtest_usb
[   44.967805] power_supply test_usb: prop ONLINE=3D1
[   45.331662] power_supply test_usb: uevent
[   45.332325] power_supply test_usb: POWER_SUPPLY_NAME=3Dtest_usb
[   45.446629] power_supply test_usb: prop ONLINE=3D1
Starting Bootlog daemon: bootlogd: cannot allocate pseudo tty: No such file=
 or directory
bootlogd.
[   50.987642] udevd (99) used greatest stack depth: 6196 bytes left
Configuring network interfaces... done.
hwclock: can't open '/dev/misc/rtc': No such file or directory
Running postinst /etc/rpm-postinsts/100...

wfg: skip syslogd
Kernel tests: Boot OK!
Kernel tests: Boot OK!
sed: /lib/modules/3.13.0-rc7-next-20140106-07462-gb4a839b/modules.dep: No s=
uch file or directory
xargs: modprobe: No such file or directory
run-parts: /etc/kernel-tests/01-modprobe exited with code 127
Trinity v1.0  Dave Jones <davej@redhat.com> 2012
Trinity v1.0  Dave Jones <davej@redhat.com> 2012
Trinity v1.0  Dave Jones <davej@redhat.com> 2012
No idea what syscall (get_robust_list) is.
Trinity v1.0  Dave Jones <davej@redhat.com> 2012
Don't run as root (or pass --dangerous if you know what you are doing).
No idea what syscall (get_robust_list) is.
Couldn't find socket cachefile. Regenerating.
fcntl F_WRLCK F_SETLKW: Permission denied
lsmod: can't open '/proc/modules': No such file or directory
BusyBox v1.19.4 (2012-04-22 09:22:10 PDT) multi-call binary.

Usage: rmmod [-wfa] [MODULE]...

lsmod: can't open '/proc/modules': No such file or directory
BusyBox v1.19.4 (2012-04-22 09:22:10 PDT) multi-call binary.

Usage: rmmod [-wfa] [MODULE]...

lsmod: can't open '/proc/modules': No such file or directory
BusyBox v1.19.4 (2012-04-22 09:22:10 PDT) multi-call binary.

Usage: rmmod [-wfa] [MODULE]...

run-parts: /etc/kernel-tests/99-rmmod exited with code 123


wfg: skip syslogd
Deconfiguring network interfaces... done.
Sending all processes the TERM signal...
Sending all processes the KILL signal...
Unmounting remote filesystems...
Deactivating swap...
Unmounting local filesystems...
Rebooting...=20
[  122.457724] Unregister pv shared memory for cpu 0
[  122.460529] reboot: Restarting system
[  122.461181] reboot: machine restart
Elapsed time: 135
qemu-system-x86_64 -cpu kvm64 -enable-kvm -kernel /kernel/i386-randconfig-n=
h1-01070835/b4a839be48406e0e8bdec0bbc86db6f67df3d406/vmlinuz-3.13.0-rc7-nex=
t-20140106-07462-gb4a839b -append 'hung_task_panic=3D1 earlyprintk=3DttyS0,=
115200 debug apic=3Ddebug sysrq_always_enabled panic=3D10  prompt_ramdisk=
=3D0 console=3DttyS0,115200 console=3Dtty0 vga=3Dnormal  root=3D/dev/ram0 r=
w link=3D/kernel-tests/run-queue/kvm/i386-randconfig-nh1-01070835/next:mast=
er/.vmlinuz-b4a839be48406e0e8bdec0bbc86db6f67df3d406-20140107090038-7-waime=
a branch=3Dnext/master BOOT_IMAGE=3D/kernel/i386-randconfig-nh1-01070835/b4=
a839be48406e0e8bdec0bbc86db6f67df3d406/vmlinuz-3.13.0-rc7-next-20140106-074=
62-gb4a839b'  -initrd /kernel-tests/initrd/yocto-minimal-i386.cgz -m 256M -=
smp 2 -net nic,vlan=3D1,model=3De1000 -net user,vlan=3D1,hostfwd=3Dtcp::122=
83-:22 -boot order=3Dnc -no-reboot -watchdog i6300esb -rtc base=3Dlocaltime=
 -soundhw hda -drive file=3D/fs/LABEL=3DKVM/disk0-yocto-waimea-8,media=3Ddi=
sk,if=3Dvirtio -drive file=3D/fs/LABEL=3DKVM/disk1-yocto-waimea-8,media=3Dd=
isk,if=3Dvirtio -drive file=3D/fs/LABEL=3DKVM/disk2-yocto-waimea-8,media=3D=
disk,if=3Dvirtio -drive file=3D/fs/LABEL=3DKVM/disk3-yocto-waimea-8,media=
=3Ddisk,if=3Dvirtio -drive file=3D/fs/LABEL=3DKVM/disk4-yocto-waimea-8,medi=
a=3Ddisk,if=3Dvirtio -drive file=3D/fs/LABEL=3DKVM/disk5-yocto-waimea-8,med=
ia=3Ddisk,if=3Dvirtio -pidfile /dev/shm/kboot/pid-yocto-waimea-8 -serial fi=
le:/dev/shm/kboot/serial-yocto-waimea-8 -daemonize -display none -monitor n=
ull=20

--jI8keyz6grp/JLjh
Content-Type: text/plain; charset=us-ascii
Content-Disposition: attachment; filename="config-3.13.0-rc7-next-20140106-07462-gb4a839b"

#
# Automatically generated file; DO NOT EDIT.
# Linux/i386 3.13.0-rc7 Kernel Configuration
#
# CONFIG_64BIT is not set
CONFIG_X86_32=y
CONFIG_X86=y
CONFIG_INSTRUCTION_DECODER=y
CONFIG_OUTPUT_FORMAT="elf32-i386"
CONFIG_ARCH_DEFCONFIG="arch/x86/configs/i386_defconfig"
CONFIG_LOCKDEP_SUPPORT=y
CONFIG_STACKTRACE_SUPPORT=y
CONFIG_HAVE_LATENCYTOP_SUPPORT=y
CONFIG_MMU=y
CONFIG_NEED_DMA_MAP_STATE=y
CONFIG_NEED_SG_DMA_LENGTH=y
CONFIG_GENERIC_ISA_DMA=y
CONFIG_GENERIC_BUG=y
CONFIG_GENERIC_HWEIGHT=y
CONFIG_ARCH_MAY_HAVE_PC_FDC=y
CONFIG_RWSEM_XCHGADD_ALGORITHM=y
CONFIG_GENERIC_CALIBRATE_DELAY=y
CONFIG_ARCH_HAS_CPU_RELAX=y
CONFIG_ARCH_HAS_CACHE_LINE_SIZE=y
CONFIG_ARCH_HAS_CPU_AUTOPROBE=y
CONFIG_HAVE_SETUP_PER_CPU_AREA=y
CONFIG_NEED_PER_CPU_EMBED_FIRST_CHUNK=y
CONFIG_NEED_PER_CPU_PAGE_FIRST_CHUNK=y
CONFIG_ARCH_HIBERNATION_POSSIBLE=y
CONFIG_ARCH_SUSPEND_POSSIBLE=y
CONFIG_ARCH_WANT_HUGE_PMD_SHARE=y
CONFIG_ARCH_WANT_GENERAL_HUGETLB=y
# CONFIG_ZONE_DMA32 is not set
# CONFIG_AUDIT_ARCH is not set
CONFIG_ARCH_SUPPORTS_OPTIMIZED_INLINING=y
CONFIG_ARCH_SUPPORTS_DEBUG_PAGEALLOC=y
CONFIG_X86_32_LAZY_GS=y
CONFIG_ARCH_HWEIGHT_CFLAGS="-fcall-saved-ecx -fcall-saved-edx"
CONFIG_ARCH_SUPPORTS_UPROBES=y
CONFIG_DEFCONFIG_LIST="/lib/modules/$UNAME_RELEASE/.config"
CONFIG_IRQ_WORK=y
CONFIG_BUILDTIME_EXTABLE_SORT=y

#
# General setup
#
CONFIG_BROKEN_ON_SMP=y
CONFIG_INIT_ENV_ARG_LIMIT=32
CONFIG_CROSS_COMPILE=""
# CONFIG_COMPILE_TEST is not set
CONFIG_LOCALVERSION=""
CONFIG_LOCALVERSION_AUTO=y
CONFIG_HAVE_KERNEL_GZIP=y
CONFIG_HAVE_KERNEL_BZIP2=y
CONFIG_HAVE_KERNEL_LZMA=y
CONFIG_HAVE_KERNEL_XZ=y
CONFIG_HAVE_KERNEL_LZO=y
CONFIG_HAVE_KERNEL_LZ4=y
# CONFIG_KERNEL_GZIP is not set
# CONFIG_KERNEL_BZIP2 is not set
# CONFIG_KERNEL_LZMA is not set
# CONFIG_KERNEL_XZ is not set
# CONFIG_KERNEL_LZO is not set
CONFIG_KERNEL_LZ4=y
CONFIG_DEFAULT_HOSTNAME="(none)"
CONFIG_SYSVIPC=y
# CONFIG_POSIX_MQUEUE is not set
# CONFIG_FHANDLE is not set
CONFIG_AUDIT=y
# CONFIG_AUDITSYSCALL is not set

#
# IRQ subsystem
#
CONFIG_GENERIC_IRQ_PROBE=y
CONFIG_GENERIC_IRQ_SHOW=y
CONFIG_IRQ_DOMAIN=y
