Return-Path: <owner-linux-mm@kvack.org>
Received: from mail-pb0-f54.google.com (mail-pb0-f54.google.com [209.85.160.54])
	by kanga.kvack.org (Postfix) with ESMTP id AD41C6B0035
	for <linux-mm@kvack.org>; Thu,  6 Feb 2014 04:44:36 -0500 (EST)
Received: by mail-pb0-f54.google.com with SMTP id uo5so1548185pbc.27
        for <linux-mm@kvack.org>; Thu, 06 Feb 2014 01:44:36 -0800 (PST)
Received: from mga03.intel.com (mga03.intel.com. [143.182.124.21])
        by mx.google.com with ESMTP id l8si426521pao.297.2014.02.06.01.44.34
        for <linux-mm@kvack.org>;
        Thu, 06 Feb 2014 01:44:35 -0800 (PST)
Date: Thu, 6 Feb 2014 17:44:28 +0800
From: Fengguang Wu <fengguang.wu@intel.com>
Subject: WARNING: at arch/x86/kernel/smpboot.c:324 topology_sane()
Message-ID: <20140206094428.GC17971@localhost>
MIME-Version: 1.0
Content-Type: multipart/mixed; boundary="gKMricLos+KVdGMg"
Content-Disposition: inline
Sender: owner-linux-mm@kvack.org
List-ID: <linux-mm.kvack.org>
To: Tang Chen <tangchen@cn.fujitsu.com>
Cc: Wen Congyang <wency@cn.fujitsu.com>, Linux Memory Management List <linux-mm@kvack.org>, LKML <linux-kernel@vger.kernel.org>


--gKMricLos+KVdGMg
Content-Type: text/plain; charset=us-ascii
Content-Disposition: inline

Hi Tang,

We noticed the below warning and the first bad commit is

commit e8d1955258091e4c92d5a975ebd7fd8a98f5d30f
Author:     Tang Chen <tangchen@cn.fujitsu.com>
AuthorDate: Fri Feb 22 16:33:44 2013 -0800
Commit:     Linus Torvalds <torvalds@linux-foundation.org>
CommitDate: Sat Feb 23 17:50:14 2013 -0800

    acpi, memory-hotplug: parse SRAT before memblock is ready
    
 arch/x86/kernel/setup.c | 13 +++++++++----
 arch/x86/mm/numa.c      |  6 ++++--
 drivers/acpi/numa.c     | 23 +++++++++++++----------
 include/linux/acpi.h    |  8 ++++++++
 4 files changed, 34 insertions(+), 16 deletions(-)

[    0.845092] smpboot: Booting Node   1, Processors  #1
[    0.864812] masked ExtINT on CPU#1
[    0.868706] CPU1: Thermal LVT vector (0xfa) already installed
[    0.875158] ------------[ cut here ]------------
[    0.880330] WARNING: at arch/x86/kernel/smpboot.c:324 topology_sane.isra.2+0x6b/0x7c()
[    0.891505] Hardware name: S2600CP
[    0.895314] sched: CPU #1's llc-sibling CPU #0 is not on the same node! [node: 1 != 0]. Ignoring dependency.

[    0.906295] Modules linked in:
[    0.909927] Pid: 0, comm: swapper/1 Not tainted 3.8.0-06530-ge8d1955 #1
[    0.917314] Call Trace:
[    0.920055]  [<ffffffff81970409>] ? topology_sane.isra.2+0x6b/0x7c
[    0.926963]  [<ffffffff810bcd5d>] warn_slowpath_common+0x81/0x99
[    0.933667]  [<ffffffff810bcdc1>] warn_slowpath_fmt+0x4c/0x4e
[    0.940092]  [<ffffffff8196b565>] ? calibrate_delay+0xae/0x4ba
[    0.946612]  [<ffffffff810508ea>] ? __mcheck_cpu_init_timer+0x4a/0x4f
[    0.953799]  [<ffffffff81970409>] topology_sane.isra.2+0x6b/0x7c
[    0.960509]  [<ffffffff819706e0>] set_cpu_sibling_map+0x28c/0x43a
[    0.967308]  [<ffffffff81970a3c>] start_secondary+0x1ae/0x276
[    0.973742] ---[ end trace db722b2086ba6d20 ]---
[    0.999234]  OK
[    1.001655] smpboot: Booting Node   0, Processors  #2

Full dmesg and kconfig are attached.

Thanks,
Fengguang

--gKMricLos+KVdGMg
Content-Type: text/plain; charset=us-ascii
Content-Disposition: attachment; filename=".dmesg"

[    0.000000] Linux version 3.8.0-06530-ge8d1955 (kbuild@xian) (gcc version 4.8.1 (Debian 4.8.1-8) ) #1 SMP Wed Feb 5 08:04:04 CST 2014
[    0.000000] Command line: user=lkp job=/lkp/scheduled/lkp-snb01/bisect_aim7-shared-x86_64-lkp-e8d1955258091e4c92d5a975ebd7fd8a98f5d30f-0.yaml ARCH=x86_64 BOOT_IMAGE=/kernel/x86_64-lkp/e8d1955258091e4c92d5a975ebd7fd8a98f5d30f/vmlinuz-3.8.0-06530-ge8d1955 kconfig=x86_64-lkp commit=e8d1955258091e4c92d5a975ebd7fd8a98f5d30f bm_initrd=/lkp/benchmarks/aim7.cgz modules_initrd=/kernel/x86_64-lkp/e8d1955258091e4c92d5a975ebd7fd8a98f5d30f/modules.cgz max_uptime=695 RESULT_ROOT=/lkp/result/lkp-snb01/micro/aim7/shared/x86_64-lkp/e8d1955258091e4c92d5a975ebd7fd8a98f5d30f/0 initrd=/kernel-tests/initrd/lkp-rootfs.cgz root=/dev/ram0 ip=::::lkp-snb01::dhcp oops=panic earlyprintk=ttyS0,115200 debug apic=debug sysrq_always_enabled panic=10 softlockup_panic=1 nmi_watchdog=panic load_ramdisk=2 prompt_ramdisk=0 console=ttyS0,115200 console=tty0 vga=normal
[    0.000000] e820: BIOS-provided physical RAM map:
[    0.000000] BIOS-e820: [mem 0x0000000000000100-0x00000000000907ff] usable
[    0.000000] BIOS-e820: [mem 0x0000000000090800-0x000000000009ffff] reserved
[    0.000000] BIOS-e820: [mem 0x00000000000e0000-0x00000000000fffff] reserved
[    0.000000] BIOS-e820: [mem 0x0000000000100000-0x00000000b9678fff] usable
[    0.000000] BIOS-e820: [mem 0x00000000b9679000-0x00000000b96f3fff] ACPI data
[    0.000000] BIOS-e820: [mem 0x00000000b96f4000-0x00000000b97e9fff] usable
[    0.000000] BIOS-e820: [mem 0x00000000b97ea000-0x00000000b99ecfff] ACPI NVS
[    0.000000] BIOS-e820: [mem 0x00000000b99ed000-0x00000000bac8bfff] usable
[    0.000000] BIOS-e820: [mem 0x00000000bac8c000-0x00000000bac99fff] reserved
[    0.000000] BIOS-e820: [mem 0x00000000bac9a000-0x00000000bda00fff] usable
[    0.000000] BIOS-e820: [mem 0x00000000bda01000-0x00000000bdc00fff] ACPI NVS
[    0.000000] BIOS-e820: [mem 0x00000000bdc01000-0x00000000bdcdffff] usable
[    0.000000] BIOS-e820: [mem 0x00000000bdce0000-0x00000000bdde6fff] reserved
[    0.000000] BIOS-e820: [mem 0x00000000bdde7000-0x00000000bde81fff] ACPI NVS
[    0.000000] BIOS-e820: [mem 0x00000000bde82000-0x00000000bde82fff] ACPI data
[    0.000000] BIOS-e820: [mem 0x00000000bde83000-0x00000000bdefafff] ACPI NVS
[    0.000000] BIOS-e820: [mem 0x00000000bdefb000-0x00000000bdefbfff] ACPI data
[    0.000000] BIOS-e820: [mem 0x00000000bdefc000-0x00000000bdefdfff] ACPI NVS
[    0.000000] BIOS-e820: [mem 0x00000000bdefe000-0x00000000bdefefff] ACPI data
[    0.000000] BIOS-e820: [mem 0x00000000bdeff000-0x00000000bdefffff] ACPI NVS
[    0.000000] BIOS-e820: [mem 0x00000000bdf00000-0x00000000bdf1afff] ACPI data
[    0.000000] BIOS-e820: [mem 0x00000000bdf1b000-0x00000000bdfa7fff] ACPI NVS
[    0.000000] BIOS-e820: [mem 0x00000000bdfa8000-0x00000000bdffffff] usable
[    0.000000] BIOS-e820: [mem 0x00000000be000000-0x00000000cfffffff] reserved
[    0.000000] BIOS-e820: [mem 0x00000000fec00000-0x00000000fec00fff] reserved
[    0.000000] BIOS-e820: [mem 0x00000000fed19000-0x00000000fed19fff] reserved
[    0.000000] BIOS-e820: [mem 0x00000000fed1c000-0x00000000fed1ffff] reserved
[    0.000000] BIOS-e820: [mem 0x00000000fee00000-0x00000000fee00fff] reserved
[    0.000000] BIOS-e820: [mem 0x00000000ffa20000-0x00000000ffffffff] reserved
[    0.000000] BIOS-e820: [mem 0x0000000100000000-0x000000083fffffff] usable
[    0.000000] bootconsole [earlyser0] enabled
[    0.000000] NX (Execute Disable) protection: active
[    0.000000] SMBIOS 2.6 present.
[    0.000000] DMI: Intel Corporation S2600CP/S2600CP, BIOS SE5C600.86B.99.99.x036.091920111209 09/19/2011
[    0.000000] e820: update [mem 0x00000000-0x00000fff] usable ==> reserved
[    0.000000] e820: remove [mem 0x000a0000-0x000fffff] usable
[    0.000000] No AGP bridge found
[    0.000000] e820: last_pfn = 0x840000 max_arch_pfn = 0x400000000
[    0.000000] MTRR default type: uncachable
[    0.000000] MTRR fixed ranges enabled:
[    0.000000]   00000-9FFFF write-back
[    0.000000]   A0000-BFFFF uncachable
[    0.000000]   C0000-D3FFF write-through
[    0.000000]   D4000-D7FFF write-protect
[    0.000000]   D8000-E7FFF uncachable
[    0.000000]   E8000-FFFFF write-protect
[    0.000000] MTRR variable ranges enabled:
[    0.000000]   0 base 000000000000 mask 3FFF80000000 write-back
[    0.000000]   1 base 000080000000 mask 3FFFC0000000 write-back
[    0.000000]   2 base 000100000000 mask 3FFF00000000 write-back
[    0.000000]   3 base 000200000000 mask 3FFE00000000 write-back
[    0.000000]   4 base 000400000000 mask 3FFC00000000 write-back
[    0.000000]   5 base 000800000000 mask 3FFFC0000000 write-back
[    0.000000]   6 base 0000FF800000 mask 3FFFFF800000 write-protect
[    0.000000]   7 disabled
[    0.000000]   8 disabled
[    0.000000]   9 disabled
[    0.000000] x86 PAT enabled: cpu 0, old 0x7010600070106, new 0x7010600070106
[    0.000000] e820: last_pfn = 0xbe000 max_arch_pfn = 0x400000000
[    0.000000] Scan for SMP in [mem 0x00000000-0x000003ff]
[    0.000000] Scan for SMP in [mem 0x0009fc00-0x0009ffff]
[    0.000000] Scan for SMP in [mem 0x000f0000-0x000fffff]
[    0.000000] found SMP MP-table at [mem 0x000fccc0-0x000fcccf] mapped at [ffff8800000fccc0]
[    0.000000]   mpc: fc770-fcbbc
[    0.000000] Scanning 1 areas for low memory corruption
[    0.000000] ACPI: RSDP 00000000000f0410 00024 (v02 INTEL )
[    0.000000] ACPI: XSDT 00000000bdf18d98 000BC (v01 INTEL   S2600CP 06222004 INTL 20090903)
[    0.000000] ACPI: FACP 00000000bdf18918 000F4 (v04 INTEL   S2600CP 06222004 INTL 20090903)
[    0.000000] ACPI BIOS Bug: Warning: Invalid length for FADT/Pm1aControlBlock: 32, using default 16 (20130117/tbfadt-649)
[    0.000000] ACPI: DSDT 00000000bdf00018 168AA (v02 INTEL   S2600CP 00000099 INTL 20100331)
[    0.000000] ACPI: FACS 00000000bdf18f40 00040
[    0.000000] ACPI: APIC 00000000bdf17718 0066A (v03 INTEL   S2600CP 06222004 INTL 20090903)
[    0.000000] ACPI: SPMI 00000000bdf1ab98 00040 (v05 INTEL   S2600CP 06222004 INTL 20090903)
[    0.000000] ACPI: MCFG 00000000bdf1ab18 0003C (v01 INTEL   S2600CP 06222004 INTL 20090903)
[    0.000000] ACPI: WDDT 00000000bdf1af18 00040 (v01 INTEL   S2600CP 06222004 INTL 20090903)
[    0.000000] ACPI: SRAT 00000000bdefec18 002A8 (v03 INTEL   S2600CP 06222004 INTL 20090903)
[    0.000000] ACPI: SLIT 00000000bdf1ae98 00030 (v01 INTEL   S2600CP 06222004 INTL 20090903)
[    0.000000] ACPI: MSCT 00000000bdf19e18 00090 (v01 INTEL   S2600CP 06222004 INTL 20090903)
[    0.000000] ACPI: HPET 00000000bdf1ae18 00038 (v01 INTEL   S2600CP 06222004 INTL 20090903)
[    0.000000] ACPI: SSDT 00000000bdf1ad18 0002B (v02 INTEL   S2600CP 00001000 INTL 20100331)
[    0.000000] ACPI: SSDT 00000000b9679018 7A0C4 (v02 INTEL   S2600CP 00004000 INTL 20100331)
[    0.000000] ACPI: DMAR 00000000bdf18618 00150 (v01 INTEL   S2600CP 06222004 INTL 20090903)
[    0.000000] ACPI: HEST 00000000bde82f18 000A8 (v01 INTEL   S2600CP 00000001 INTL 00000001)
[    0.000000] ACPI: BERT 00000000bdf1ad98 00030 (v01 INTEL   S2600CP 00000001 INTL 00000001)
[    0.000000] ACPI: ERST 00000000bde82c98 00230 (v01 INTEL   S2600CP 00000001 INTL 00000001)
[    0.000000] ACPI: EINJ 00000000bdf18c18 00130 (v01 INTEL   S2600CP 00000001 INTL 00000001)
[    0.000000] ACPI: SSDT 00000000bdefb018 00F98 (v02 INTEL   S2600CP 00000002 INTL 20100331)
[    0.000000] ACPI: SSDT 00000000bdf1ac98 00045 (v02 INTEL   S2600CP 00000001 INTL 20100331)
[    0.000000] ACPI: SSDT 00000000bdf17e18 00181 (v02 INTEL   S2600CP 00000003 INTL 20100331)
[    0.000000] ACPI: Local APIC address 0xfee00000
[    0.000000] mapped APIC to ffffffffff5f3000 (        fee00000)
[    0.000000] SRAT: PXM 0 -> APIC 0x00 -> Node 0
[    0.000000] SRAT: PXM 0 -> APIC 0x01 -> Node 0
[    0.000000] SRAT: PXM 0 -> APIC 0x02 -> Node 0
[    0.000000] SRAT: PXM 0 -> APIC 0x03 -> Node 0
[    0.000000] SRAT: PXM 0 -> APIC 0x04 -> Node 0
[    0.000000] SRAT: PXM 0 -> APIC 0x05 -> Node 0
[    0.000000] SRAT: PXM 0 -> APIC 0x06 -> Node 0
[    0.000000] SRAT: PXM 0 -> APIC 0x07 -> Node 0
[    0.000000] SRAT: PXM 0 -> APIC 0x08 -> Node 0
[    0.000000] SRAT: PXM 0 -> APIC 0x09 -> Node 0
[    0.000000] SRAT: PXM 0 -> APIC 0x0a -> Node 0
[    0.000000] SRAT: PXM 0 -> APIC 0x0b -> Node 0
[    0.000000] SRAT: PXM 0 -> APIC 0x0c -> Node 0
[    0.000000] SRAT: PXM 0 -> APIC 0x0d -> Node 0
[    0.000000] SRAT: PXM 0 -> APIC 0x0e -> Node 0
[    0.000000] SRAT: PXM 0 -> APIC 0x0f -> Node 0
[    0.000000] SRAT: PXM 1 -> APIC 0x20 -> Node 1
[    0.000000] SRAT: PXM 1 -> APIC 0x21 -> Node 1
[    0.000000] SRAT: PXM 1 -> APIC 0x22 -> Node 1
[    0.000000] SRAT: PXM 1 -> APIC 0x23 -> Node 1
[    0.000000] SRAT: PXM 1 -> APIC 0x24 -> Node 1
[    0.000000] SRAT: PXM 1 -> APIC 0x25 -> Node 1
[    0.000000] SRAT: PXM 1 -> APIC 0x26 -> Node 1
[    0.000000] SRAT: PXM 1 -> APIC 0x27 -> Node 1
[    0.000000] SRAT: PXM 1 -> APIC 0x28 -> Node 1
[    0.000000] SRAT: PXM 1 -> APIC 0x29 -> Node 1
[    0.000000] SRAT: PXM 1 -> APIC 0x2a -> Node 1
[    0.000000] SRAT: PXM 1 -> APIC 0x2b -> Node 1
[    0.000000] SRAT: PXM 1 -> APIC 0x2c -> Node 1
[    0.000000] SRAT: PXM 1 -> APIC 0x2d -> Node 1
[    0.000000] SRAT: PXM 1 -> APIC 0x2e -> Node 1
[    0.000000] SRAT: PXM 1 -> APIC 0x2f -> Node 1
[    0.000000] SRAT: Node 0 PXM 0 [mem 0x00000000-0xbfffffff]
[    0.000000] SRAT: Node 0 PXM 0 [mem 0x100000000-0x43fffffff]
[    0.000000] SRAT: Node 1 PXM 1 [mem 0x440000000-0x83fffffff]
[    0.000000] Base memory trampoline at [ffff88000008a000] 8a000 size 24576
[    0.000000] Using GB pages for direct mapping
[    0.000000] init_memory_mapping: [mem 0x00000000-0x000fffff]
[    0.000000]  [mem 0x00000000-0x000fffff] page 4k
[    0.000000] BRK [0x02206000, 0x02206fff] PGTABLE
[    0.000000] BRK [0x02207000, 0x02207fff] PGTABLE
[    0.000000] BRK [0x02208000, 0x02208fff] PGTABLE
[    0.000000] init_memory_mapping: [mem 0x83fe00000-0x83fffffff]
[    0.000000]  [mem 0x83fe00000-0x83fffffff] page 1G
[    0.000000] init_memory_mapping: [mem 0x83c000000-0x83fdfffff]
[    0.000000]  [mem 0x83c000000-0x83fdfffff] page 1G
[    0.000000] init_memory_mapping: [mem 0x800000000-0x83bffffff]
[    0.000000]  [mem 0x800000000-0x83bffffff] page 1G
[    0.000000] init_memory_mapping: [mem 0x00100000-0xb9678fff]
[    0.000000]  [mem 0x00100000-0x001fffff] page 4k
[    0.000000]  [mem 0x00200000-0x3fffffff] page 2M
[    0.000000]  [mem 0x40000000-0x7fffffff] page 1G
[    0.000000]  [mem 0x80000000-0xb95fffff] page 2M
[    0.000000]  [mem 0xb9600000-0xb9678fff] page 4k
[    0.000000] init_memory_mapping: [mem 0xb96f4000-0xb97e9fff]
[    0.000000]  [mem 0xb96f4000-0xb97e9fff] page 4k
[    0.000000] init_memory_mapping: [mem 0xb99ed000-0xbac8bfff]
[    0.000000]  [mem 0xb99ed000-0xb99fffff] page 4k
[    0.000000]  [mem 0xb9a00000-0xbabfffff] page 2M
[    0.000000]  [mem 0xbac00000-0xbac8bfff] page 4k
[    0.000000] BRK [0x02209000, 0x02209fff] PGTABLE
[    0.000000] BRK [0x0220a000, 0x0220afff] PGTABLE
[    0.000000] init_memory_mapping: [mem 0xbac9a000-0xbda00fff]
[    0.000000]  [mem 0xbac9a000-0xbadfffff] page 4k
[    0.000000]  [mem 0xbae00000-0xbd9fffff] page 2M
[    0.000000]  [mem 0xbda00000-0xbda00fff] page 4k
[    0.000000] init_memory_mapping: [mem 0xbdc01000-0xbdcdffff]
[    0.000000]  [mem 0xbdc01000-0xbdcdffff] page 4k
[    0.000000] init_memory_mapping: [mem 0xbdfa8000-0xbdffffff]
[    0.000000]  [mem 0xbdfa8000-0xbdffffff] page 4k
[    0.000000] init_memory_mapping: [mem 0x100000000-0x7ffffffff]
[    0.000000]  [mem 0x100000000-0x7ffffffff] page 1G
[    0.000000] RAMDISK: [mem 0x72fc8000-0x7fff2fff]
[    0.000000] NUMA: Initialized distance table, cnt=2
[    0.000000] NUMA: Node 0 [mem 0x00000000-0xbfffffff] + [mem 0x100000000-0x43fffffff] -> [mem 0x00000000-0x43fffffff]
[    0.000000] Initmem setup node 0 [mem 0x00000000-0x43fffffff]
[    0.000000]   NODE_DATA [mem 0x43fffb000-0x43fffffff]
[    0.000000] Initmem setup node 1 [mem 0x440000000-0x83fffffff]
[    0.000000]   NODE_DATA [mem 0x83fff5000-0x83fff9fff]
[    0.000000]  [ffffea0000000000-ffffea0010ffffff] PMD -> [ffff88042fe00000-ffff88043fdfffff] on node 0
[    0.000000]  [ffffea0011000000-ffffea0020ffffff] PMD -> [ffff88082f600000-ffff88083f5fffff] on node 1
[    0.000000] Zone ranges:
[    0.000000]   DMA      [mem 0x00001000-0x00ffffff]
[    0.000000]   DMA32    [mem 0x01000000-0xffffffff]
[    0.000000]   Normal   [mem 0x100000000-0x83fffffff]
[    0.000000] Movable zone start for each node
[    0.000000] Early memory node ranges
[    0.000000]   node   0: [mem 0x00001000-0x0008ffff]
[    0.000000]   node   0: [mem 0x00100000-0xb9678fff]
[    0.000000]   node   0: [mem 0xb96f4000-0xb97e9fff]
[    0.000000]   node   0: [mem 0xb99ed000-0xbac8bfff]
[    0.000000]   node   0: [mem 0xbac9a000-0xbda00fff]
[    0.000000]   node   0: [mem 0xbdc01000-0xbdcdffff]
[    0.000000]   node   0: [mem 0xbdfa8000-0xbdffffff]
[    0.000000]   node   0: [mem 0x100000000-0x43fffffff]
[    0.000000]   node   1: [mem 0x440000000-0x83fffffff]
[    0.000000] On node 0 totalpages: 4184123
[    0.000000]   DMA zone: 64 pages used for memmap
[    0.000000]   DMA zone: 21 pages reserved
[    0.000000]   DMA zone: 3898 pages, LIFO batch:0
[    0.000000]   DMA32 zone: 12067 pages used for memmap
[    0.000000]   DMA32 zone: 760201 pages, LIFO batch:31
[    0.000000]   Normal zone: 53248 pages used for memmap
[    0.000000]   Normal zone: 3354624 pages, LIFO batch:31
[    0.000000] On node 1 totalpages: 4194304
[    0.000000]   Normal zone: 65536 pages used for memmap
[    0.000000]   Normal zone: 4128768 pages, LIFO batch:31
[    0.000000] ACPI: PM-Timer IO Port: 0x408
[    0.000000] ACPI: Local APIC address 0xfee00000
[    0.000000] mapped APIC to ffffffffff5f3000 (        fee00000)
[    0.000000] ACPI: X2APIC (apic_id[0x00] uid[0x00] disabled)
[    0.000000] ACPI: x2apic entry ignored
[    0.000000] ACPI: X2APIC (apic_id[0x01] uid[0x01] disabled)
[    0.000000] ACPI: x2apic entry ignored
[    0.000000] ACPI: X2APIC (apic_id[0x02] uid[0x02] disabled)
[    0.000000] ACPI: x2apic entry ignored
[    0.000000] ACPI: X2APIC (apic_id[0x03] uid[0x03] disabled)
[    0.000000] ACPI: x2apic entry ignored
[    0.000000] ACPI: X2APIC (apic_id[0x04] uid[0x04] disabled)
[    0.000000] ACPI: x2apic entry ignored
[    0.000000] ACPI: X2APIC (apic_id[0x05] uid[0x05] disabled)
[    0.000000] ACPI: x2apic entry ignored
[    0.000000] ACPI: X2APIC (apic_id[0x06] uid[0x06] disabled)
[    0.000000] ACPI: x2apic entry ignored
[    0.000000] ACPI: X2APIC (apic_id[0x07] uid[0x07] disabled)
[    0.000000] ACPI: x2apic entry ignored
[    0.000000] ACPI: X2APIC (apic_id[0x08] uid[0x08] disabled)
[    0.000000] ACPI: x2apic entry ignored
[    0.000000] ACPI: X2APIC (apic_id[0x09] uid[0x09] disabled)
[    0.000000] ACPI: x2apic entry ignored
[    0.000000] ACPI: X2APIC (apic_id[0x0a] uid[0x0a] disabled)
[    0.000000] ACPI: x2apic entry ignored
[    0.000000] ACPI: X2APIC (apic_id[0x0b] uid[0x0b] disabled)
[    0.000000] ACPI: x2apic entry ignored
[    0.000000] ACPI: X2APIC (apic_id[0x0c] uid[0x0c] disabled)
[    0.000000] ACPI: x2apic entry ignored
[    0.000000] ACPI: X2APIC (apic_id[0x0d] uid[0x0d] disabled)
[    0.000000] ACPI: x2apic entry ignored
[    0.000000] ACPI: X2APIC (apic_id[0x0e] uid[0x0e] disabled)
[    0.000000] ACPI: x2apic entry ignored
[    0.000000] ACPI: X2APIC (apic_id[0x0f] uid[0x0f] disabled)
[    0.000000] ACPI: x2apic entry ignored
[    0.000000] ACPI: X2APIC (apic_id[0x10] uid[0x10] disabled)
[    0.000000] ACPI: x2apic entry ignored
[    0.000000] ACPI: X2APIC (apic_id[0x11] uid[0x11] disabled)
[    0.000000] ACPI: x2apic entry ignored
[    0.000000] ACPI: X2APIC (apic_id[0x12] uid[0x12] disabled)
[    0.000000] ACPI: x2apic entry ignored
[    0.000000] ACPI: X2APIC (apic_id[0x13] uid[0x13] disabled)
[    0.000000] ACPI: x2apic entry ignored
[    0.000000] ACPI: X2APIC (apic_id[0x14] uid[0x14] disabled)
[    0.000000] ACPI: x2apic entry ignored
[    0.000000] ACPI: X2APIC (apic_id[0x15] uid[0x15] disabled)
[    0.000000] ACPI: x2apic entry ignored
[    0.000000] ACPI: X2APIC (apic_id[0x16] uid[0x16] disabled)
[    0.000000] ACPI: x2apic entry ignored
[    0.000000] ACPI: X2APIC (apic_id[0x17] uid[0x17] disabled)
[    0.000000] ACPI: x2apic entry ignored
[    0.000000] ACPI: X2APIC (apic_id[0x18] uid[0x18] disabled)
[    0.000000] ACPI: x2apic entry ignored
[    0.000000] ACPI: X2APIC (apic_id[0x19] uid[0x19] disabled)
[    0.000000] ACPI: x2apic entry ignored
[    0.000000] ACPI: X2APIC (apic_id[0x1a] uid[0x1a] disabled)
[    0.000000] ACPI: x2apic entry ignored
[    0.000000] ACPI: X2APIC (apic_id[0x1b] uid[0x1b] disabled)
[    0.000000] ACPI: x2apic entry ignored
[    0.000000] ACPI: X2APIC (apic_id[0x1c] uid[0x1c] disabled)
[    0.000000] ACPI: x2apic entry ignored
[    0.000000] ACPI: X2APIC (apic_id[0x1d] uid[0x1d] disabled)
[    0.000000] ACPI: x2apic entry ignored
[    0.000000] ACPI: X2APIC (apic_id[0x1e] uid[0x1e] disabled)
[    0.000000] ACPI: x2apic entry ignored
[    0.000000] ACPI: X2APIC (apic_id[0x1f] uid[0x1f] disabled)
[    0.000000] ACPI: x2apic entry ignored
[    0.000000] ACPI: X2APIC (apic_id[0x20] uid[0x20] disabled)
[    0.000000] ACPI: x2apic entry ignored
[    0.000000] ACPI: X2APIC (apic_id[0x21] uid[0x21] disabled)
[    0.000000] ACPI: x2apic entry ignored
[    0.000000] ACPI: X2APIC (apic_id[0x22] uid[0x22] disabled)
[    0.000000] ACPI: x2apic entry ignored
[    0.000000] ACPI: X2APIC (apic_id[0x23] uid[0x23] disabled)
[    0.000000] ACPI: x2apic entry ignored
[    0.000000] ACPI: X2APIC (apic_id[0x24] uid[0x24] disabled)
[    0.000000] ACPI: x2apic entry ignored
[    0.000000] ACPI: X2APIC (apic_id[0x25] uid[0x25] disabled)
[    0.000000] ACPI: x2apic entry ignored
[    0.000000] ACPI: X2APIC (apic_id[0x26] uid[0x26] disabled)
[    0.000000] ACPI: x2apic entry ignored
[    0.000000] ACPI: X2APIC (apic_id[0x27] uid[0x27] disabled)
[    0.000000] ACPI: x2apic entry ignored
[    0.000000] ACPI: X2APIC (apic_id[0x28] uid[0x28] disabled)
[    0.000000] ACPI: x2apic entry ignored
[    0.000000] ACPI: X2APIC (apic_id[0x29] uid[0x29] disabled)
[    0.000000] ACPI: x2apic entry ignored
[    0.000000] ACPI: X2APIC (apic_id[0x2a] uid[0x2a] disabled)
[    0.000000] ACPI: x2apic entry ignored
[    0.000000] ACPI: X2APIC (apic_id[0x2b] uid[0x2b] disabled)
[    0.000000] ACPI: x2apic entry ignored
[    0.000000] ACPI: X2APIC (apic_id[0x2c] uid[0x2c] disabled)
[    0.000000] ACPI: x2apic entry ignored
[    0.000000] ACPI: X2APIC (apic_id[0x2d] uid[0x2d] disabled)
[    0.000000] ACPI: x2apic entry ignored
[    0.000000] ACPI: X2APIC (apic_id[0x2e] uid[0x2e] disabled)
[    0.000000] ACPI: x2apic entry ignored
[    0.000000] ACPI: X2APIC (apic_id[0x2f] uid[0x2f] disabled)
[    0.000000] ACPI: x2apic entry ignored
[    0.000000] ACPI: X2APIC (apic_id[0x30] uid[0x30] disabled)
[    0.000000] ACPI: x2apic entry ignored
[    0.000000] ACPI: X2APIC (apic_id[0x31] uid[0x31] disabled)
[    0.000000] ACPI: x2apic entry ignored
[    0.000000] ACPI: X2APIC (apic_id[0x32] uid[0x32] disabled)
[    0.000000] ACPI: x2apic entry ignored
[    0.000000] ACPI: X2APIC (apic_id[0x33] uid[0x33] disabled)
[    0.000000] ACPI: x2apic entry ignored
[    0.000000] ACPI: X2APIC (apic_id[0x34] uid[0x34] disabled)
[    0.000000] ACPI: x2apic entry ignored
[    0.000000] ACPI: X2APIC (apic_id[0x35] uid[0x35] disabled)
[    0.000000] ACPI: x2apic entry ignored
[    0.000000] ACPI: X2APIC (apic_id[0x36] uid[0x36] disabled)
[    0.000000] ACPI: x2apic entry ignored
[    0.000000] ACPI: X2APIC (apic_id[0x37] uid[0x37] disabled)
[    0.000000] ACPI: x2apic entry ignored
[    0.000000] ACPI: X2APIC (apic_id[0x38] uid[0x38] disabled)
[    0.000000] ACPI: x2apic entry ignored
[    0.000000] ACPI: X2APIC (apic_id[0x39] uid[0x39] disabled)
[    0.000000] ACPI: x2apic entry ignored
[    0.000000] ACPI: X2APIC (apic_id[0x3a] uid[0x3a] disabled)
[    0.000000] ACPI: x2apic entry ignored
[    0.000000] ACPI: X2APIC (apic_id[0x3b] uid[0x3b] disabled)
[    0.000000] ACPI: x2apic entry ignored
[    0.000000] ACPI: X2APIC (apic_id[0x3c] uid[0x3c] disabled)
[    0.000000] ACPI: x2apic entry ignored
[    0.000000] ACPI: X2APIC (apic_id[0x3d] uid[0x3d] disabled)
[    0.000000] ACPI: x2apic entry ignored
[    0.000000] ACPI: X2APIC (apic_id[0x3e] uid[0x3e] disabled)
[    0.000000] ACPI: x2apic entry ignored
[    0.000000] ACPI: X2APIC (apic_id[0x3f] uid[0x3f] disabled)
[    0.000000] ACPI: x2apic entry ignored
[    0.000000] ACPI: LAPIC (acpi_id[0x00] lapic_id[0x00] enabled)
[    0.000000] ACPI: LAPIC (acpi_id[0x01] lapic_id[0x02] enabled)
[    0.000000] ACPI: LAPIC (acpi_id[0x02] lapic_id[0x04] enabled)
[    0.000000] ACPI: LAPIC (acpi_id[0x03] lapic_id[0x06] enabled)
[    0.000000] ACPI: LAPIC (acpi_id[0x04] lapic_id[0x08] enabled)
[    0.000000] ACPI: LAPIC (acpi_id[0x05] lapic_id[0x0a] enabled)
[    0.000000] ACPI: LAPIC (acpi_id[0x06] lapic_id[0x0c] enabled)
[    0.000000] ACPI: LAPIC (acpi_id[0x07] lapic_id[0x0e] enabled)
[    0.000000] ACPI: LAPIC (acpi_id[0x08] lapic_id[0x20] enabled)
[    0.000000] ACPI: LAPIC (acpi_id[0x09] lapic_id[0x22] enabled)
[    0.000000] ACPI: LAPIC (acpi_id[0x0a] lapic_id[0x24] enabled)
[    0.000000] ACPI: LAPIC (acpi_id[0x0b] lapic_id[0x26] enabled)
[    0.000000] ACPI: LAPIC (acpi_id[0x0c] lapic_id[0x28] enabled)
[    0.000000] ACPI: LAPIC (acpi_id[0x0d] lapic_id[0x2a] enabled)
[    0.000000] ACPI: LAPIC (acpi_id[0x0e] lapic_id[0x2c] enabled)
[    0.000000] ACPI: LAPIC (acpi_id[0x0f] lapic_id[0x2e] enabled)
[    0.000000] ACPI: LAPIC (acpi_id[0x10] lapic_id[0x01] enabled)
[    0.000000] ACPI: LAPIC (acpi_id[0x11] lapic_id[0x03] enabled)
[    0.000000] ACPI: LAPIC (acpi_id[0x12] lapic_id[0x05] enabled)
[    0.000000] ACPI: LAPIC (acpi_id[0x13] lapic_id[0x07] enabled)
[    0.000000] ACPI: LAPIC (acpi_id[0x14] lapic_id[0x09] enabled)
[    0.000000] ACPI: LAPIC (acpi_id[0x15] lapic_id[0x0b] enabled)
[    0.000000] ACPI: LAPIC (acpi_id[0x16] lapic_id[0x0d] enabled)
[    0.000000] ACPI: LAPIC (acpi_id[0x17] lapic_id[0x0f] enabled)
[    0.000000] ACPI: LAPIC (acpi_id[0x18] lapic_id[0x21] enabled)
[    0.000000] ACPI: LAPIC (acpi_id[0x19] lapic_id[0x23] enabled)
[    0.000000] ACPI: LAPIC (acpi_id[0x1a] lapic_id[0x25] enabled)
[    0.000000] ACPI: LAPIC (acpi_id[0x1b] lapic_id[0x27] enabled)
[    0.000000] ACPI: LAPIC (acpi_id[0x1c] lapic_id[0x29] enabled)
[    0.000000] ACPI: LAPIC (acpi_id[0x1d] lapic_id[0x2b] enabled)
[    0.000000] ACPI: LAPIC (acpi_id[0x1e] lapic_id[0x2d] enabled)
[    0.000000] ACPI: LAPIC (acpi_id[0x1f] lapic_id[0x2f] enabled)
[    0.000000] ACPI: LAPIC (acpi_id[0x20] lapic_id[0xff] disabled)
[    0.000000] ACPI: LAPIC (acpi_id[0x21] lapic_id[0xff] disabled)
[    0.000000] ACPI: LAPIC (acpi_id[0x22] lapic_id[0xff] disabled)
[    0.000000] ACPI: LAPIC (acpi_id[0x23] lapic_id[0xff] disabled)
[    0.000000] ACPI: LAPIC (acpi_id[0x24] lapic_id[0xff] disabled)
[    0.000000] ACPI: LAPIC (acpi_id[0x25] lapic_id[0xff] disabled)
[    0.000000] ACPI: LAPIC (acpi_id[0x26] lapic_id[0xff] disabled)
[    0.000000] ACPI: LAPIC (acpi_id[0x27] lapic_id[0xff] disabled)
[    0.000000] ACPI: LAPIC (acpi_id[0x28] lapic_id[0xff] disabled)
[    0.000000] ACPI: LAPIC (acpi_id[0x29] lapic_id[0xff] disabled)
[    0.000000] ACPI: LAPIC (acpi_id[0x2a] lapic_id[0xff] disabled)
[    0.000000] ACPI: LAPIC (acpi_id[0x2b] lapic_id[0xff] disabled)
[    0.000000] ACPI: LAPIC (acpi_id[0x2c] lapic_id[0xff] disabled)
[    0.000000] ACPI: LAPIC (acpi_id[0x2d] lapic_id[0xff] disabled)
[    0.000000] ACPI: LAPIC (acpi_id[0x2e] lapic_id[0xff] disabled)
[    0.000000] ACPI: LAPIC (acpi_id[0x2f] lapic_id[0xff] disabled)
[    0.000000] ACPI: LAPIC (acpi_id[0x30] lapic_id[0xff] disabled)
[    0.000000] ACPI: LAPIC (acpi_id[0x31] lapic_id[0xff] disabled)
[    0.000000] ACPI: LAPIC (acpi_id[0x32] lapic_id[0xff] disabled)
[    0.000000] ACPI: LAPIC (acpi_id[0x33] lapic_id[0xff] disabled)
[    0.000000] ACPI: LAPIC (acpi_id[0x34] lapic_id[0xff] disabled)
[    0.000000] ACPI: LAPIC (acpi_id[0x35] lapic_id[0xff] disabled)
[    0.000000] ACPI: LAPIC (acpi_id[0x36] lapic_id[0xff] disabled)
[    0.000000] ACPI: LAPIC (acpi_id[0x37] lapic_id[0xff] disabled)
[    0.000000] ACPI: LAPIC (acpi_id[0x38] lapic_id[0xff] disabled)
[    0.000000] ACPI: LAPIC (acpi_id[0x39] lapic_id[0xff] disabled)
[    0.000000] ACPI: LAPIC (acpi_id[0x3a] lapic_id[0xff] disabled)
[    0.000000] ACPI: LAPIC (acpi_id[0x3b] lapic_id[0xff] disabled)
[    0.000000] ACPI: LAPIC (acpi_id[0x3c] lapic_id[0xff] disabled)
[    0.000000] ACPI: LAPIC (acpi_id[0x3d] lapic_id[0xff] disabled)
[    0.000000] ACPI: LAPIC (acpi_id[0x3e] lapic_id[0xff] disabled)
[    0.000000] ACPI: LAPIC (acpi_id[0x3f] lapic_id[0xff] disabled)
[    0.000000] ACPI: LAPIC_NMI (acpi_id[0xff] dfl dfl lint[0x1])
[    0.000000] ACPI: IOAPIC (id[0x00] address[0xfec00000] gsi_base[0])
[    0.000000] IOAPIC[0]: apic_id 0, version 32, address 0xfec00000, GSI 0-23
[    0.000000] ACPI: IOAPIC (id[0x01] address[0xfec3f000] gsi_base[24])
[    0.000000] IOAPIC[1]: apic_id 1, version 32, address 0xfec3f000, GSI 24-47
[    0.000000] ACPI: IOAPIC (id[0x02] address[0xfec7f000] gsi_base[48])
[    0.000000] IOAPIC[2]: apic_id 2, version 32, address 0xfec7f000, GSI 48-71
[    0.000000] ACPI: INT_SRC_OVR (bus 0 bus_irq 0 global_irq 2 dfl dfl)
[    0.000000] Int: type 0, pol 0, trig 0, bus 00, IRQ 00, APIC ID 0, APIC INT 02
[    0.000000] ACPI: INT_SRC_OVR (bus 0 bus_irq 9 global_irq 9 high level)
[    0.000000] Int: type 0, pol 1, trig 3, bus 00, IRQ 09, APIC ID 0, APIC INT 09
[    0.000000] ACPI: IRQ0 used by override.
[    0.000000] Int: type 0, pol 0, trig 0, bus 00, IRQ 01, APIC ID 0, APIC INT 01
[    0.000000] ACPI: IRQ2 used by override.
[    0.000000] Int: type 0, pol 0, trig 0, bus 00, IRQ 03, APIC ID 0, APIC INT 03
[    0.000000] Int: type 0, pol 0, trig 0, bus 00, IRQ 04, APIC ID 0, APIC INT 04
[    0.000000] Int: type 0, pol 0, trig 0, bus 00, IRQ 05, APIC ID 0, APIC INT 05
[    0.000000] Int: type 0, pol 0, trig 0, bus 00, IRQ 06, APIC ID 0, APIC INT 06
[    0.000000] Int: type 0, pol 0, trig 0, bus 00, IRQ 07, APIC ID 0, APIC INT 07
[    0.000000] Int: type 0, pol 0, trig 0, bus 00, IRQ 08, APIC ID 0, APIC INT 08
[    0.000000] ACPI: IRQ9 used by override.
[    0.000000] Int: type 0, pol 0, trig 0, bus 00, IRQ 0a, APIC ID 0, APIC INT 0a
[    0.000000] Int: type 0, pol 0, trig 0, bus 00, IRQ 0b, APIC ID 0, APIC INT 0b
[    0.000000] Int: type 0, pol 0, trig 0, bus 00, IRQ 0c, APIC ID 0, APIC INT 0c
[    0.000000] Int: type 0, pol 0, trig 0, bus 00, IRQ 0d, APIC ID 0, APIC INT 0d
[    0.000000] Int: type 0, pol 0, trig 0, bus 00, IRQ 0e, APIC ID 0, APIC INT 0e
[    0.000000] Int: type 0, pol 0, trig 0, bus 00, IRQ 0f, APIC ID 0, APIC INT 0f
[    0.000000] Using ACPI (MADT) for SMP configuration information
[    0.000000] ACPI: HPET id: 0x8086a701 base: 0xfed00000
[    0.000000] smpboot: Allowing 64 CPUs, 32 hotplug CPUs
[    0.000000] mapped IOAPIC to ffffffffff5f2000 (fec00000)
[    0.000000] mapped IOAPIC to ffffffffff5f1000 (fec3f000)
[    0.000000] mapped IOAPIC to ffffffffff5f0000 (fec7f000)
[    0.000000] nr_irqs_gsi: 88
[    0.000000] PM: Registered nosave memory: 0000000000090000 - 0000000000091000
[    0.000000] PM: Registered nosave memory: 0000000000091000 - 00000000000a0000
[    0.000000] PM: Registered nosave memory: 00000000000a0000 - 00000000000e0000
[    0.000000] PM: Registered nosave memory: 00000000000e0000 - 0000000000100000
[    0.000000] PM: Registered nosave memory: 00000000b9679000 - 00000000b96f4000
[    0.000000] PM: Registered nosave memory: 00000000b97ea000 - 00000000b99ed000
[    0.000000] PM: Registered nosave memory: 00000000bac8c000 - 00000000bac9a000
[    0.000000] PM: Registered nosave memory: 00000000bda01000 - 00000000bdc01000
[    0.000000] PM: Registered nosave memory: 00000000bdce0000 - 00000000bdde7000
[    0.000000] PM: Registered nosave memory: 00000000bdde7000 - 00000000bde82000
[    0.000000] PM: Registered nosave memory: 00000000bde82000 - 00000000bde83000
[    0.000000] PM: Registered nosave memory: 00000000bde83000 - 00000000bdefb000
[    0.000000] PM: Registered nosave memory: 00000000bdefb000 - 00000000bdefc000
[    0.000000] PM: Registered nosave memory: 00000000bdefc000 - 00000000bdefe000
[    0.000000] PM: Registered nosave memory: 00000000bdefe000 - 00000000bdeff000
[    0.000000] PM: Registered nosave memory: 00000000bdeff000 - 00000000bdf00000
[    0.000000] PM: Registered nosave memory: 00000000bdf00000 - 00000000bdf1b000
[    0.000000] PM: Registered nosave memory: 00000000bdf1b000 - 00000000bdfa8000
[    0.000000] PM: Registered nosave memory: 00000000be000000 - 00000000d0000000
[    0.000000] PM: Registered nosave memory: 00000000d0000000 - 00000000fec00000
[    0.000000] PM: Registered nosave memory: 00000000fec00000 - 00000000fec01000
[    0.000000] PM: Registered nosave memory: 00000000fec01000 - 00000000fed19000
[    0.000000] PM: Registered nosave memory: 00000000fed19000 - 00000000fed1a000
[    0.000000] PM: Registered nosave memory: 00000000fed1a000 - 00000000fed1c000
[    0.000000] PM: Registered nosave memory: 00000000fed1c000 - 00000000fed20000
[    0.000000] PM: Registered nosave memory: 00000000fed20000 - 00000000fee00000
[    0.000000] PM: Registered nosave memory: 00000000fee00000 - 00000000fee01000
[    0.000000] PM: Registered nosave memory: 00000000fee01000 - 00000000ffa20000
[    0.000000] PM: Registered nosave memory: 00000000ffa20000 - 0000000100000000
[    0.000000] e820: [mem 0xd0000000-0xfebfffff] available for PCI devices
[    0.000000] Booting paravirtualized kernel on bare hardware
[    0.000000] setup_percpu: NR_CPUS:512 nr_cpumask_bits:512 nr_cpu_ids:64 nr_node_ids:2
[    0.000000] PERCPU: Embedded 27 pages/cpu @ffff88042fa00000 s80384 r8192 d22016 u131072
[    0.000000] pcpu-alloc: s80384 r8192 d22016 u131072 alloc=1*2097152
[    0.000000] pcpu-alloc: [0] 00 02 04 06 08 10 12 14 16 18 20 22 24 26 28 30 
[    0.000000] pcpu-alloc: [0] 32 34 36 38 40 42 44 46 48 50 52 54 56 58 60 62 
[    0.000000] pcpu-alloc: [1] 01 03 05 07 09 11 13 15 17 19 21 23 25 27 29 31 
[    0.000000] pcpu-alloc: [1] 33 35 37 39 41 43 45 47 49 51 53 55 57 59 61 63 
[    0.000000] Built 2 zonelists in Zone order, mobility grouping on.  Total pages: 8247491
[    0.000000] Policy zone: Normal
[    0.000000] Kernel command line: user=lkp job=/lkp/scheduled/lkp-snb01/bisect_aim7-shared-x86_64-lkp-e8d1955258091e4c92d5a975ebd7fd8a98f5d30f-0.yaml ARCH=x86_64 BOOT_IMAGE=/kernel/x86_64-lkp/e8d1955258091e4c92d5a975ebd7fd8a98f5d30f/vmlinuz-3.8.0-06530-ge8d1955 kconfig=x86_64-lkp commit=e8d1955258091e4c92d5a975ebd7fd8a98f5d30f bm_initrd=/lkp/benchmarks/aim7.cgz modules_initrd=/kernel/x86_64-lkp/e8d1955258091e4c92d5a975ebd7fd8a98f5d30f/modules.cgz max_uptime=695 RESULT_ROOT=/lkp/result/lkp-snb01/micro/aim7/shared/x86_64-lkp/e8d1955258091e4c92d5a975ebd7fd8a98f5d30f/0 initrd=/kernel-tests/initrd/lkp-rootfs.cgz root=/dev/ram0 ip=::::lkp-snb01::dhcp oops=panic earlyprintk=ttyS0,115200 debug apic=debug sysrq_always_enabled panic=10 softlockup_panic=1 nmi_watchdog=panic load_ramdisk=2 prompt_ramdisk=0 console=ttyS0,115200 console=tty0 vga=normal
[    0.000000] sysrq: sysrq always enabled.
[    0.000000] PID hash table entries: 4096 (order: 3, 32768 bytes)
[    0.000000] __ex_table already sorted, skipping sort
[    0.000000] xsave: enabled xstate_bv 0x7, cntxt size 0x340
[    0.000000] Checking aperture...
[    0.000000] No AGP bridge found
[    0.000000] Memory: 32684308k/34603008k available (9803k kernel code, 1089300k absent, 829400k reserved, 5648k data, 1260k init)
[    0.000000] SLUB: Genslabs=15, HWalign=64, Order=0-3, MinObjects=0, CPUs=64, Nodes=2
[    0.000000] Hierarchical RCU implementation.
[    0.000000] RCU dyntick-idle grace-period acceleration is enabled.
[    0.000000] RCU restricting CPUs from NR_CPUS=512 to nr_cpu_ids=64.
[    0.000000] NR_IRQS:33024 nr_irqs:2008 16
[    0.000000] Console: colour VGA+ 80x25
[    0.000000] console [tty0] enabled, bootconsole disabled
[    0.000000] Initializing cgroup subsys cpuset
[    0.000000] Initializing cgroup subsys cpu
[    0.000000] Linux version 3.8.0-06530-ge8d1955 (kbuild@xian) (gcc version 4.8.1 (Debian 4.8.1-8) ) #1 SMP Wed Feb 5 08:04:04 CST 2014
[    0.000000] Command line: user=lkp job=/lkp/scheduled/lkp-snb01/bisect_aim7-shared-x86_64-lkp-e8d1955258091e4c92d5a975ebd7fd8a98f5d30f-0.yaml ARCH=x86_64 BOOT_IMAGE=/kernel/x86_64-lkp/e8d1955258091e4c92d5a975ebd7fd8a98f5d30f/vmlinuz-3.8.0-06530-ge8d1955 kconfig=x86_64-lkp commit=e8d1955258091e4c92d5a975ebd7fd8a98f5d30f bm_initrd=/lkp/benchmarks/aim7.cgz modules_initrd=/kernel/x86_64-lkp/e8d1955258091e4c92d5a975ebd7fd8a98f5d30f/modules.cgz max_uptime=695 RESULT_ROOT=/lkp/result/lkp-snb01/micro/aim7/shared/x86_64-lkp/e8d1955258091e4c92d5a975ebd7fd8a98f5d30f/0 initrd=/kernel-tests/initrd/lkp-rootfs.cgz root=/dev/ram0 ip=::::lkp-snb01::dhcp oops=panic earlyprintk=ttyS0,115200 debug apic=debug sysrq_always_enabled panic=10 softlockup_panic=1 nmi_watchdog=panic load_ramdisk=2 prompt_ramdisk=0 console=ttyS0,115200 console=tty0 vga=normal
[    0.000000] e820: BIOS-provided physical RAM map:
[    0.000000] BIOS-e820: [mem 0x0000000000000100-0x00000000000907ff] usable
[    0.000000] BIOS-e820: [mem 0x0000000000090800-0x000000000009ffff] reserved
[    0.000000] BIOS-e820: [mem 0x00000000000e0000-0x00000000000fffff] reserved
[    0.000000] BIOS-e820: [mem 0x0000000000100000-0x00000000b9678fff] usable
[    0.000000] BIOS-e820: [mem 0x00000000b9679000-0x00000000b96f3fff] ACPI data
[    0.000000] BIOS-e820: [mem 0x00000000b96f4000-0x00000000b97e9fff] usable
[    0.000000] BIOS-e820: [mem 0x00000000b97ea000-0x00000000b99ecfff] ACPI NVS
[    0.000000] BIOS-e820: [mem 0x00000000b99ed000-0x00000000bac8bfff] usable
[    0.000000] BIOS-e820: [mem 0x00000000bac8c000-0x00000000bac99fff] reserved
[    0.000000] BIOS-e820: [mem 0x00000000bac9a000-0x00000000bda00fff] usable
[    0.000000] BIOS-e820: [mem 0x00000000bda01000-0x00000000bdc00fff] ACPI NVS
[    0.000000] BIOS-e820: [mem 0x00000000bdc01000-0x00000000bdcdffff] usable
[    0.000000] BIOS-e820: [mem 0x00000000bdce0000-0x00000000bdde6fff] reserved
[    0.000000] BIOS-e820: [mem 0x00000000bdde7000-0x00000000bde81fff] ACPI NVS
[    0.000000] BIOS-e820: [mem 0x00000000bde82000-0x00000000bde82fff] ACPI data
[    0.000000] BIOS-e820: [mem 0x00000000bde83000-0x00000000bdefafff] ACPI NVS
[    0.000000] BIOS-e820: [mem 0x00000000bdefb000-0x00000000bdefbfff] ACPI data
[    0.000000] BIOS-e820: [mem 0x00000000bdefc000-0x00000000bdefdfff] ACPI NVS
[    0.000000] BIOS-e820: [mem 0x00000000bdefe000-0x00000000bdefefff] ACPI data
[    0.000000] BIOS-e820: [mem 0x00000000bdeff000-0x00000000bdefffff] ACPI NVS
[    0.000000] BIOS-e820: [mem 0x00000000bdf00000-0x00000000bdf1afff] ACPI data
[    0.000000] BIOS-e820: [mem 0x00000000bdf1b000-0x00000000bdfa7fff] ACPI NVS
[    0.000000] BIOS-e820: [mem 0x00000000bdfa8000-0x00000000bdffffff] usable
[    0.000000] BIOS-e820: [mem 0x00000000be000000-0x00000000cfffffff] reserved
[    0.000000] BIOS-e820: [mem 0x00000000fec00000-0x00000000fec00fff] reserved
[    0.000000] BIOS-e820: [mem 0x00000000fed19000-0x00000000fed19fff] reserved
[    0.000000] BIOS-e820: [mem 0x00000000fed1c000-0x00000000fed1ffff] reserved
[    0.000000] BIOS-e820: [mem 0x00000000fee00000-0x00000000fee00fff] reserved
[    0.000000] BIOS-e820: [mem 0x00000000ffa20000-0x00000000ffffffff] reserved
[    0.000000] BIOS-e820: [mem 0x0000000100000000-0x000000083fffffff] usable
[    0.000000] bootconsole [earlyser0] enabled
[    0.000000] NX (Execute Disable) protection: active
[    0.000000] SMBIOS 2.6 present.
[    0.000000] DMI: Intel Corporation S2600CP/S2600CP, BIOS SE5C600.86B.99.99.x036.091920111209 09/19/2011
[    0.000000] e820: update [mem 0x00000000-0x00000fff] usable ==> reserved
[    0.000000] e820: remove [mem 0x000a0000-0x000fffff] usable
[    0.000000] No AGP bridge found
[    0.000000] e820: last_pfn = 0x840000 max_arch_pfn = 0x400000000
[    0.000000] MTRR default type: uncachable
[    0.000000] MTRR fixed ranges enabled:
[    0.000000]   00000-9FFFF write-back
[    0.000000]   A0000-BFFFF uncachable
[    0.000000]   C0000-D3FFF write-through
[    0.000000]   D4000-D7FFF write-protect
[    0.000000]   D8000-E7FFF uncachable
[    0.000000]   E8000-FFFFF write-protect
[    0.000000] MTRR variable ranges enabled:
[    0.000000]   0 base 000000000000 mask 3FFF80000000 write-back
[    0.000000]   1 base 000080000000 mask 3FFFC0000000 write-back
[    0.000000]   2 base 000100000000 mask 3FFF00000000 write-back
[    0.000000]   3 base 000200000000 mask 3FFE00000000 write-back
[    0.000000]   4 base 000400000000 mask 3FFC00000000 write-back
[    0.000000]   5 base 000800000000 mask 3FFFC0000000 write-back
[    0.000000]   6 base 0000FF800000 mask 3FFFFF800000 write-protect
[    0.000000]   7 disabled
[    0.000000]   8 disabled
[    0.000000]   9 disabled
[    0.000000] x86 PAT enabled: cpu 0, old 0x7010600070106, new 0x7010600070106
[    0.000000] e820: last_pfn = 0xbe000 max_arch_pfn = 0x400000000
[    0.000000] Scan for SMP in [mem 0x00000000-0x000003ff]
[    0.000000] Scan for SMP in [mem 0x0009fc00-0x0009ffff]
[    0.000000] Scan for SMP in [mem 0x000f0000-0x000fffff]
[    0.000000] found SMP MP-table at [mem 0x000fccc0-0x000fcccf] mapped at [ffff8800000fccc0]
[    0.000000]   mpc: fc770-fcbbc
[    0.000000] Scanning 1 areas for low memory corruption
[    0.000000] ACPI: RSDP 00000000000f0410 00024 (v02 INTEL )
[    0.000000] ACPI: XSDT 00000000bdf18d98 000BC (v01 INTEL   S2600CP 06222004 INTL 20090903)
[    0.000000] ACPI: FACP 00000000bdf18918 000F4 (v04 INTEL   S2600CP 06222004 INTL 20090903)
[    0.000000] ACPI BIOS Bug: Warning: Invalid length for FADT/Pm1aControlBlock: 32, using default 16 (20130117/tbfadt-649)
[    0.000000] ACPI: DSDT 00000000bdf00018 168AA (v02 INTEL   S2600CP 00000099 INTL 20100331)
[    0.000000] ACPI: FACS 00000000bdf18f40 00040
[    0.000000] ACPI: APIC 00000000bdf17718 0066A (v03 INTEL   S2600CP 06222004 INTL 20090903)
[    0.000000] ACPI: SPMI 00000000bdf1ab98 00040 (v05 INTEL   S2600CP 06222004 INTL 20090903)
[    0.000000] ACPI: MCFG 00000000bdf1ab18 0003C (v01 INTEL   S2600CP 06222004 INTL 20090903)
[    0.000000] ACPI: WDDT 00000000bdf1af18 00040 (v01 INTEL   S2600CP 06222004 INTL 20090903)
[    0.000000] ACPI: SRAT 00000000bdefec18 002A8 (v03 INTEL   S2600CP 06222004 INTL 20090903)
[    0.000000] ACPI: SLIT 00000000bdf1ae98 00030 (v01 INTEL   S2600CP 06222004 INTL 20090903)
[    0.000000] ACPI: MSCT 00000000bdf19e18 00090 (v01 INTEL   S2600CP 06222004 INTL 20090903)
[    0.000000] ACPI: HPET 00000000bdf1ae18 00038 (v01 INTEL   S2600CP 06222004 INTL 20090903)
[    0.000000] ACPI: SSDT 00000000bdf1ad18 0002B (v02 INTEL   S2600CP 00001000 INTL 20100331)
[    0.000000] ACPI: SSDT 00000000b9679018 7A0C4 (v02 INTEL   S2600CP 00004000 INTL 20100331)
[    0.000000] ACPI: DMAR 00000000bdf18618 00150 (v01 INTEL   S2600CP 06222004 INTL 20090903)
[    0.000000] ACPI: HEST 00000000bde82f18 000A8 (v01 INTEL   S2600CP 00000001 INTL 00000001)
[    0.000000] ACPI: BERT 00000000bdf1ad98 00030 (v01 INTEL   S2600CP 00000001 INTL 00000001)
[    0.000000] ACPI: ERST 00000000bde82c98 00230 (v01 INTEL   S2600CP 00000001 INTL 00000001)
[    0.000000] ACPI: EINJ 00000000bdf18c18 00130 (v01 INTEL   S2600CP 00000001 INTL 00000001)
[    0.000000] ACPI: SSDT 00000000bdefb018 00F98 (v02 INTEL   S2600CP 00000002 INTL 20100331)
[    0.000000] ACPI: SSDT 00000000bdf1ac98 00045 (v02 INTEL   S2600CP 00000001 INTL 20100331)
[    0.000000] ACPI: SSDT 00000000bdf17e18 00181 (v02 INTEL   S2600CP 00000003 INTL 20100331)
[    0.000000] ACPI: Local APIC address 0xfee00000
[    0.000000] mapped APIC to ffffffffff5f3000 (        fee00000)
[    0.000000] SRAT: PXM 0 -> APIC 0x00 -> Node 0
[    0.000000] SRAT: PXM 0 -> APIC 0x01 -> Node 0
[    0.000000] SRAT: PXM 0 -> APIC 0x02 -> Node 0
[    0.000000] SRAT: PXM 0 -> APIC 0x03 -> Node 0
[    0.000000] SRAT: PXM 0 -> APIC 0x04 -> Node 0
[    0.000000] SRAT: PXM 0 -> APIC 0x05 -> Node 0
[    0.000000] SRAT: PXM 0 -> APIC 0x06 -> Node 0
[    0.000000] SRAT: PXM 0 -> APIC 0x07 -> Node 0
[    0.000000] SRAT: PXM 0 -> APIC 0x08 -> Node 0
[    0.000000] SRAT: PXM 0 -> APIC 0x09 -> Node 0
[    0.000000] SRAT: PXM 0 -> APIC 0x0a -> Node 0
[    0.000000] SRAT: PXM 0 -> APIC 0x0b -> Node 0
[    0.000000] SRAT: PXM 0 -> APIC 0x0c -> Node 0
[    0.000000] SRAT: PXM 0 -> APIC 0x0d -> Node 0
[    0.000000] SRAT: PXM 0 -> APIC 0x0e -> Node 0
[    0.000000] SRAT: PXM 0 -> APIC 0x0f -> Node 0
[    0.000000] SRAT: PXM 1 -> APIC 0x20 -> Node 1
[    0.000000] SRAT: PXM 1 -> APIC 0x21 -> Node 1
[    0.000000] SRAT: PXM 1 -> APIC 0x22 -> Node 1
[    0.000000] SRAT: PXM 1 -> APIC 0x23 -> Node 1
[    0.000000] SRAT: PXM 1 -> APIC 0x24 -> Node 1
[    0.000000] SRAT: PXM 1 -> APIC 0x25 -> Node 1
[    0.000000] SRAT: PXM 1 -> APIC 0x26 -> Node 1
[    0.000000] SRAT: PXM 1 -> APIC 0x27 -> Node 1
[    0.000000] SRAT: PXM 1 -> APIC 0x28 -> Node 1
[    0.000000] SRAT: PXM 1 -> APIC 0x29 -> Node 1
[    0.000000] SRAT: PXM 1 -> APIC 0x2a -> Node 1
[    0.000000] SRAT: PXM 1 -> APIC 0x2b -> Node 1
[    0.000000] SRAT: PXM 1 -> APIC 0x2c -> Node 1
[    0.000000] SRAT: PXM 1 -> APIC 0x2d -> Node 1
[    0.000000] SRAT: PXM 1 -> APIC 0x2e -> Node 1
[    0.000000] SRAT: PXM 1 -> APIC 0x2f -> Node 1
[    0.000000] SRAT: Node 0 PXM 0 [mem 0x00000000-0xbfffffff]
[    0.000000] SRAT: Node 0 PXM 0 [mem 0x100000000-0x43fffffff]
[    0.000000] SRAT: Node 1 PXM 1 [mem 0x440000000-0x83fffffff]
[    0.000000] Base memory trampoline at [ffff88000008a000] 8a000 size 24576
[    0.000000] Using GB pages for direct mapping
[    0.000000] init_memory_mapping: [mem 0x00000000-0x000fffff]
[    0.000000]  [mem 0x00000000-0x000fffff] page 4k
[    0.000000] BRK [0x02206000, 0x02206fff] PGTABLE
[    0.000000] BRK [0x02207000, 0x02207fff] PGTABLE
[    0.000000] BRK [0x02208000, 0x02208fff] PGTABLE
[    0.000000] init_memory_mapping: [mem 0x83fe00000-0x83fffffff]
[    0.000000]  [mem 0x83fe00000-0x83fffffff] page 1G
[    0.000000] init_memory_mapping: [mem 0x83c000000-0x83fdfffff]
[    0.000000]  [mem 0x83c000000-0x83fdfffff] page 1G
[    0.000000] init_memory_mapping: [mem 0x800000000-0x83bffffff]
[    0.000000]  [mem 0x800000000-0x83bffffff] page 1G
[    0.000000] init_memory_mapping: [mem 0x00100000-0xb9678fff]
[    0.000000]  [mem 0x00100000-0x001fffff] page 4k
[    0.000000]  [mem 0x00200000-0x3fffffff] page 2M
[    0.000000]  [mem 0x40000000-0x7fffffff] page 1G
[    0.000000]  [mem 0x80000000-0xb95fffff] page 2M
[    0.000000]  [mem 0xb9600000-0xb9678fff] page 4k
[    0.000000] init_memory_mapping: [mem 0xb96f4000-0xb97e9fff]
[    0.000000]  [mem 0xb96f4000-0xb97e9fff] page 4k
[    0.000000] init_memory_mapping: [mem 0xb99ed000-0xbac8bfff]
[    0.000000]  [mem 0xb99ed000-0xb99fffff] page 4k
[    0.000000]  [mem 0xb9a00000-0xbabfffff] page 2M
[    0.000000]  [mem 0xbac00000-0xbac8bfff] page 4k
[    0.000000] BRK [0x02209000, 0x02209fff] PGTABLE
[    0.000000] BRK [0x0220a000, 0x0220afff] PGTABLE
[    0.000000] init_memory_mapping: [mem 0xbac9a000-0xbda00fff]
[    0.000000]  [mem 0xbac9a000-0xbadfffff] page 4k
[    0.000000]  [mem 0xbae00000-0xbd9fffff] page 2M
[    0.000000]  [mem 0xbda00000-0xbda00fff] page 4k
[    0.000000] init_memory_mapping: [mem 0xbdc01000-0xbdcdffff]
[    0.000000]  [mem 0xbdc01000-0xbdcdffff] page 4k
[    0.000000] init_memory_mapping: [mem 0xbdfa8000-0xbdffffff]
[    0.000000]  [mem 0xbdfa8000-0xbdffffff] page 4k
[    0.000000] init_memory_mapping: [mem 0x100000000-0x7ffffffff]
[    0.000000]  [mem 0x100000000-0x7ffffffff] page 1G
[    0.000000] RAMDISK: [mem 0x72fc8000-0x7fff2fff]
[    0.000000] NUMA: Initialized distance table, cnt=2
[    0.000000] NUMA: Node 0 [mem 0x00000000-0xbfffffff] + [mem 0x100000000-0x43fffffff] -> [mem 0x00000000-0x43fffffff]
[    0.000000] Initmem setup node 0 [mem 0x00000000-0x43fffffff]
[    0.000000]   NODE_DATA [mem 0x43fffb000-0x43fffffff]
[    0.000000] Initmem setup node 1 [mem 0x440000000-0x83fffffff]
[    0.000000]   NODE_DATA [mem 0x83fff5000-0x83fff9fff]
[    0.000000]  [ffffea0000000000-ffffea0010ffffff] PMD -> [ffff88042fe00000-ffff88043fdfffff] on node 0
[    0.000000]  [ffffea0011000000-ffffea0020ffffff] PMD -> [ffff88082f600000-ffff88083f5fffff] on node 1
[    0.000000] Zone ranges:
[    0.000000]   DMA      [mem 0x00001000-0x00ffffff]
[    0.000000]   DMA32    [mem 0x01000000-0xffffffff]
[    0.000000]   Normal   [mem 0x100000000-0x83fffffff]
[    0.000000] Movable zone start for each node
[    0.000000] Early memory node ranges
[    0.000000]   node   0: [mem 0x00001000-0x0008ffff]
[    0.000000]   node   0: [mem 0x00100000-0xb9678fff]
[    0.000000]   node   0: [mem 0xb96f4000-0xb97e9fff]
[    0.000000]   node   0: [mem 0xb99ed000-0xbac8bfff]
[    0.000000]   node   0: [mem 0xbac9a000-0xbda00fff]
[    0.000000]   node   0: [mem 0xbdc01000-0xbdcdffff]
[    0.000000]   node   0: [mem 0xbdfa8000-0xbdffffff]
[    0.000000]   node   0: [mem 0x100000000-0x43fffffff]
[    0.000000]   node   1: [mem 0x440000000-0x83fffffff]
[    0.000000] On node 0 totalpages: 4184123
[    0.000000]   DMA zone: 64 pages used for memmap
[    0.000000]   DMA zone: 21 pages reserved
[    0.000000]   DMA zone: 3898 pages, LIFO batch:0
[    0.000000]   DMA32 zone: 12067 pages used for memmap
[    0.000000]   DMA32 zone: 760201 pages, LIFO batch:31
[    0.000000]   Normal zone: 53248 pages used for memmap
[    0.000000]   Normal zone: 3354624 pages, LIFO batch:31
[    0.000000] On node 1 totalpages: 4194304
[    0.000000]   Normal zone: 65536 pages used for memmap
[    0.000000]   Normal zone: 4128768 pages, LIFO batch:31
[    0.000000] ACPI: PM-Timer IO Port: 0x408
[    0.000000] ACPI: Local APIC address 0xfee00000
[    0.000000] mapped APIC to ffffffffff5f3000 (        fee00000)
[    0.000000] ACPI: X2APIC (apic_id[0x00] uid[0x00] disabled)
[    0.000000] ACPI: x2apic entry ignored
[    0.000000] ACPI: X2APIC (apic_id[0x01] uid[0x01] disabled)
[    0.000000] ACPI: x2apic entry ignored
[    0.000000] ACPI: X2APIC (apic_id[0x02] uid[0x02] disabled)
[    0.000000] ACPI: x2apic entry ignored
[    0.000000] ACPI: X2APIC (apic_id[0x03] uid[0x03] disabled)
[    0.000000] ACPI: x2apic entry ignored
[    0.000000] ACPI: X2APIC (apic_id[0x04] uid[0x04] disabled)
[    0.000000] ACPI: x2apic entry ignored
[    0.000000] ACPI: X2APIC (apic_id[0x05] uid[0x05] disabled)
[    0.000000] ACPI: x2apic entry ignored
[    0.000000] ACPI: X2APIC (apic_id[0x06] uid[0x06] disabled)
[    0.000000] ACPI: x2apic entry ignored
[    0.000000] ACPI: X2APIC (apic_id[0x07] uid[0x07] disabled)
[    0.000000] ACPI: x2apic entry ignored
[    0.000000] ACPI: X2APIC (apic_id[0x08] uid[0x08] disabled)
[    0.000000] ACPI: x2apic entry ignored
[    0.000000] ACPI: X2APIC (apic_id[0x09] uid[0x09] disabled)
[    0.000000] ACPI: x2apic entry ignored
[    0.000000] ACPI: X2APIC (apic_id[0x0a] uid[0x0a] disabled)
[    0.000000] ACPI: x2apic entry ignored
[    0.000000] ACPI: X2APIC (apic_id[0x0b] uid[0x0b] disabled)
[    0.000000] ACPI: x2apic entry ignored
[    0.000000] ACPI: X2APIC (apic_id[0x0c] uid[0x0c] disabled)
[    0.000000] ACPI: x2apic entry ignored
[    0.000000] ACPI: X2APIC (apic_id[0x0d] uid[0x0d] disabled)
[    0.000000] ACPI: x2apic entry ignored
[    0.000000] ACPI: X2APIC (apic_id[0x0e] uid[0x0e] disabled)
[    0.000000] ACPI: x2apic entry ignored
[    0.000000] ACPI: X2APIC (apic_id[0x0f] uid[0x0f] disabled)
[    0.000000] ACPI: x2apic entry ignored
[    0.000000] ACPI: X2APIC (apic_id[0x10] uid[0x10] disabled)
[    0.000000] ACPI: x2apic entry ignored
[    0.000000] ACPI: X2APIC (apic_id[0x11] uid[0x11] disabled)
[    0.000000] ACPI: x2apic entry ignored
[    0.000000] ACPI: X2APIC (apic_id[0x12] uid[0x12] disabled)
[    0.000000] ACPI: x2apic entry ignored
[    0.000000] ACPI: X2APIC (apic_id[0x13] uid[0x13] disabled)
[    0.000000] ACPI: x2apic entry ignored
[    0.000000] ACPI: X2APIC (apic_id[0x14] uid[0x14] disabled)
[    0.000000] ACPI: x2apic entry ignored
[    0.000000] ACPI: X2APIC (apic_id[0x15] uid[0x15] disabled)
[    0.000000] ACPI: x2apic entry ignored
[    0.000000] ACPI: X2APIC (apic_id[0x16] uid[0x16] disabled)
[    0.000000] ACPI: x2apic entry ignored
[    0.000000] ACPI: X2APIC (apic_id[0x17] uid[0x17] disabled)
[    0.000000] ACPI: x2apic entry ignored
[    0.000000] ACPI: X2APIC (apic_id[0x18] uid[0x18] disabled)
[    0.000000] ACPI: x2apic entry ignored
[    0.000000] ACPI: X2APIC (apic_id[0x19] uid[0x19] disabled)
[    0.000000] ACPI: x2apic entry ignored
[    0.000000] ACPI: X2APIC (apic_id[0x1a] uid[0x1a] disabled)
[    0.000000] ACPI: x2apic entry ignored
[    0.000000] ACPI: X2APIC (apic_id[0x1b] uid[0x1b] disabled)
[    0.000000] ACPI: x2apic entry ignored
[    0.000000] ACPI: X2APIC (apic_id[0x1c] uid[0x1c] disabled)
[    0.000000] ACPI: x2apic entry ignored
[    0.000000] ACPI: X2APIC (apic_id[0x1d] uid[0x1d] disabled)
[    0.000000] ACPI: x2apic entry ignored
[    0.000000] ACPI: X2APIC (apic_id[0x1e] uid[0x1e] disabled)
[    0.000000] ACPI: x2apic entry ignored
[    0.000000] ACPI: X2APIC (apic_id[0x1f] uid[0x1f] disabled)
[    0.000000] ACPI: x2apic entry ignored
[    0.000000] ACPI: X2APIC (apic_id[0x20] uid[0x20] disabled)
[    0.000000] ACPI: x2apic entry ignored
[    0.000000] ACPI: X2APIC (apic_id[0x21] uid[0x21] disabled)
[    0.000000] ACPI: x2apic entry ignored
[    0.000000] ACPI: X2APIC (apic_id[0x22] uid[0x22] disabled)
[    0.000000] ACPI: x2apic entry ignored
[    0.000000] ACPI: X2APIC (apic_id[0x23] uid[0x23] disabled)
[    0.000000] ACPI: x2apic entry ignored
[    0.000000] ACPI: X2APIC (apic_id[0x24] uid[0x24] disabled)
[    0.000000] ACPI: x2apic entry ignored
[    0.000000] ACPI: X2APIC (apic_id[0x25] uid[0x25] disabled)
[    0.000000] ACPI: x2apic entry ignored
[    0.000000] ACPI: X2APIC (apic_id[0x26] uid[0x26] disabled)
[    0.000000] ACPI: x2apic entry ignored
[    0.000000] ACPI: X2APIC (apic_id[0x27] uid[0x27] disabled)
[    0.000000] ACPI: x2apic entry ignored
[    0.000000] ACPI: X2APIC (apic_id[0x28] uid[0x28] disabled)
[    0.000000] ACPI: x2apic entry ignored
[    0.000000] ACPI: X2APIC (apic_id[0x29] uid[0x29] disabled)
[    0.000000] ACPI: x2apic entry ignored
[    0.000000] ACPI: X2APIC (apic_id[0x2a] uid[0x2a] disabled)
[    0.000000] ACPI: x2apic entry ignored
[    0.000000] ACPI: X2APIC (apic_id[0x2b] uid[0x2b] disabled)
[    0.000000] ACPI: x2apic entry ignored
[    0.000000] ACPI: X2APIC (apic_id[0x2c] uid[0x2c] disabled)
[    0.000000] ACPI: x2apic entry ignored
[    0.000000] ACPI: X2APIC (apic_id[0x2d] uid[0x2d] disabled)
[    0.000000] ACPI: x2apic entry ignored
[    0.000000] ACPI: X2APIC (apic_id[0x2e] uid[0x2e] disabled)
[    0.000000] ACPI: x2apic entry ignored
[    0.000000] ACPI: X2APIC (apic_id[0x2f] uid[0x2f] disabled)
[    0.000000] ACPI: x2apic entry ignored
[    0.000000] ACPI: X2APIC (apic_id[0x30] uid[0x30] disabled)
[    0.000000] ACPI: x2apic entry ignored
[    0.000000] ACPI: X2APIC (apic_id[0x31] uid[0x31] disabled)
[    0.000000] ACPI: x2apic entry ignored
[    0.000000] ACPI: X2APIC (apic_id[0x32] uid[0x32] disabled)
[    0.000000] ACPI: x2apic entry ignored
[    0.000000] ACPI: X2APIC (apic_id[0x33] uid[0x33] disabled)
[    0.000000] ACPI: x2apic entry ignored
[    0.000000] ACPI: X2APIC (apic_id[0x34] uid[0x34] disabled)
[    0.000000] ACPI: x2apic entry ignored
[    0.000000] ACPI: X2APIC (apic_id[0x35] uid[0x35] disabled)
[    0.000000] ACPI: x2apic entry ignored
[    0.000000] ACPI: X2APIC (apic_id[0x36] uid[0x36] disabled)
[    0.000000] ACPI: x2apic entry ignored
[    0.000000] ACPI: X2APIC (apic_id[0x37] uid[0x37] disabled)
[    0.000000] ACPI: x2apic entry ignored
[    0.000000] ACPI: X2APIC (apic_id[0x38] uid[0x38] disabled)
[    0.000000] ACPI: x2apic entry ignored
[    0.000000] ACPI: X2APIC (apic_id[0x39] uid[0x39] disabled)
[    0.000000] ACPI: x2apic entry ignored
[    0.000000] ACPI: X2APIC (apic_id[0x3a] uid[0x3a] disabled)
[    0.000000] ACPI: x2apic entry ignored
[    0.000000] ACPI: X2APIC (apic_id[0x3b] uid[0x3b] disabled)
[    0.000000] ACPI: x2apic entry ignored
[    0.000000] ACPI: X2APIC (apic_id[0x3c] uid[0x3c] disabled)
[    0.000000] ACPI: x2apic entry ignored
[    0.000000] ACPI: X2APIC (apic_id[0x3d] uid[0x3d] disabled)
[    0.000000] ACPI: x2apic entry ignored
[    0.000000] ACPI: X2APIC (apic_id[0x3e] uid[0x3e] disabled)
[    0.000000] ACPI: x2apic entry ignored
[    0.000000] ACPI: X2APIC (apic_id[0x3f] uid[0x3f] disabled)
[    0.000000] ACPI: x2apic entry ignored
[    0.000000] ACPI: LAPIC (acpi_id[0x00] lapic_id[0x00] enabled)
[    0.000000] ACPI: LAPIC (acpi_id[0x01] lapic_id[0x02] enabled)
[    0.000000] ACPI: LAPIC (acpi_id[0x02] lapic_id[0x04] enabled)
[    0.000000] ACPI: LAPIC (acpi_id[0x03] lapic_id[0x06] enabled)
[    0.000000] ACPI: LAPIC (acpi_id[0x04] lapic_id[0x08] enabled)
[    0.000000] ACPI: LAPIC (acpi_id[0x05] lapic_id[0x0a] enabled)
[    0.000000] ACPI: LAPIC (acpi_id[0x06] lapic_id[0x0c] enabled)
[    0.000000] ACPI: LAPIC (acpi_id[0x07] lapic_id[0x0e] enabled)
[    0.000000] ACPI: LAPIC (acpi_id[0x08] lapic_id[0x20] enabled)
[    0.000000] ACPI: LAPIC (acpi_id[0x09] lapic_id[0x22] enabled)
[    0.000000] ACPI: LAPIC (acpi_id[0x0a] lapic_id[0x24] enabled)
[    0.000000] ACPI: LAPIC (acpi_id[0x0b] lapic_id[0x26] enabled)
[    0.000000] ACPI: LAPIC (acpi_id[0x0c] lapic_id[0x28] enabled)
[    0.000000] ACPI: LAPIC (acpi_id[0x0d] lapic_id[0x2a] enabled)
[    0.000000] ACPI: LAPIC (acpi_id[0x0e] lapic_id[0x2c] enabled)
[    0.000000] ACPI: LAPIC (acpi_id[0x0f] lapic_id[0x2e] enabled)
[    0.000000] ACPI: LAPIC (acpi_id[0x10] lapic_id[0x01] enabled)
[    0.000000] ACPI: LAPIC (acpi_id[0x11] lapic_id[0x03] enabled)
[    0.000000] ACPI: LAPIC (acpi_id[0x12] lapic_id[0x05] enabled)
[    0.000000] ACPI: LAPIC (acpi_id[0x13] lapic_id[0x07] enabled)
[    0.000000] ACPI: LAPIC (acpi_id[0x14] lapic_id[0x09] enabled)
[    0.000000] ACPI: LAPIC (acpi_id[0x15] lapic_id[0x0b] enabled)
[    0.000000] ACPI: LAPIC (acpi_id[0x16] lapic_id[0x0d] enabled)
[    0.000000] ACPI: LAPIC (acpi_id[0x17] lapic_id[0x0f] enabled)
[    0.000000] ACPI: LAPIC (acpi_id[0x18] lapic_id[0x21] enabled)
[    0.000000] ACPI: LAPIC (acpi_id[0x19] lapic_id[0x23] enabled)
[    0.000000] ACPI: LAPIC (acpi_id[0x1a] lapic_id[0x25] enabled)
[    0.000000] ACPI: LAPIC (acpi_id[0x1b] lapic_id[0x27] enabled)
[    0.000000] ACPI: LAPIC (acpi_id[0x1c] lapic_id[0x29] enabled)
[    0.000000] ACPI: LAPIC (acpi_id[0x1d] lapic_id[0x2b] enabled)
[    0.000000] ACPI: LAPIC (acpi_id[0x1e] lapic_id[0x2d] enabled)
[    0.000000] ACPI: LAPIC (acpi_id[0x1f] lapic_id[0x2f] enabled)
[    0.000000] ACPI: LAPIC (acpi_id[0x20] lapic_id[0xff] disabled)
[    0.000000] ACPI: LAPIC (acpi_id[0x21] lapic_id[0xff] disabled)
[    0.000000] ACPI: LAPIC (acpi_id[0x22] lapic_id[0xff] disabled)
[    0.000000] ACPI: LAPIC (acpi_id[0x23] lapic_id[0xff] disabled)
[    0.000000] ACPI: LAPIC (acpi_id[0x24] lapic_id[0xff] disabled)
[    0.000000] ACPI: LAPIC (acpi_id[0x25] lapic_id[0xff] disabled)
[    0.000000] ACPI: LAPIC (acpi_id[0x26] lapic_id[0xff] disabled)
[    0.000000] ACPI: LAPIC (acpi_id[0x27] lapic_id[0xff] disabled)
[    0.000000] ACPI: LAPIC (acpi_id[0x28] lapic_id[0xff] disabled)
[    0.000000] ACPI: LAPIC (acpi_id[0x29] lapic_id[0xff] disabled)
[    0.000000] ACPI: LAPIC (acpi_id[0x2a] lapic_id[0xff] disabled)
[    0.000000] ACPI: LAPIC (acpi_id[0x2b] lapic_id[0xff] disabled)
[    0.000000] ACPI: LAPIC (acpi_id[0x2c] lapic_id[0xff] disabled)
[    0.000000] ACPI: LAPIC (acpi_id[0x2d] lapic_id[0xff] disabled)
[    0.000000] ACPI: LAPIC (acpi_id[0x2e] lapic_id[0xff] disabled)
[    0.000000] ACPI: LAPIC (acpi_id[0x2f] lapic_id[0xff] disabled)
[    0.000000] ACPI: LAPIC (acpi_id[0x30] lapic_id[0xff] disabled)
[    0.000000] ACPI: LAPIC (acpi_id[0x31] lapic_id[0xff] disabled)
[    0.000000] ACPI: LAPIC (acpi_id[0x32] lapic_id[0xff] disabled)
[    0.000000] ACPI: LAPIC (acpi_id[0x33] lapic_id[0xff] disabled)
[    0.000000] ACPI: LAPIC (acpi_id[0x34] lapic_id[0xff] disabled)
[    0.000000] ACPI: LAPIC (acpi_id[0x35] lapic_id[0xff] disabled)
[    0.000000] ACPI: LAPIC (acpi_id[0x36] lapic_id[0xff] disabled)
[    0.000000] ACPI: LAPIC (acpi_id[0x37] lapic_id[0xff] disabled)
[    0.000000] ACPI: LAPIC (acpi_id[0x38] lapic_id[0xff] disabled)
[    0.000000] ACPI: LAPIC (acpi_id[0x39] lapic_id[0xff] disabled)
[    0.000000] ACPI: LAPIC (acpi_id[0x3a] lapic_id[0xff] disabled)
[    0.000000] ACPI: LAPIC (acpi_id[0x3b] lapic_id[0xff] disabled)
[    0.000000] ACPI: LAPIC (acpi_id[0x3c] lapic_id[0xff] disabled)
[    0.000000] ACPI: LAPIC (acpi_id[0x3d] lapic_id[0xff] disabled)
[    0.000000] ACPI: LAPIC (acpi_id[0x3e] lapic_id[0xff] disabled)
[    0.000000] ACPI: LAPIC (acpi_id[0x3f] lapic_id[0xff] disabled)
[    0.000000] ACPI: LAPIC_NMI (acpi_id[0xff] dfl dfl lint[0x1])
[    0.000000] ACPI: IOAPIC (id[0x00] address[0xfec00000] gsi_base[0])
[    0.000000] IOAPIC[0]: apic_id 0, version 32, address 0xfec00000, GSI 0-23
[    0.000000] ACPI: IOAPIC (id[0x01] address[0xfec3f000] gsi_base[24])
[    0.000000] IOAPIC[1]: apic_id 1, version 32, address 0xfec3f000, GSI 24-47
[    0.000000] ACPI: IOAPIC (id[0x02] address[0xfec7f000] gsi_base[48])
[    0.000000] IOAPIC[2]: apic_id 2, version 32, address 0xfec7f000, GSI 48-71
[    0.000000] ACPI: INT_SRC_OVR (bus 0 bus_irq 0 global_irq 2 dfl dfl)
[    0.000000] Int: type 0, pol 0, trig 0, bus 00, IRQ 00, APIC ID 0, APIC INT 02
[    0.000000] ACPI: INT_SRC_OVR (bus 0 bus_irq 9 global_irq 9 high level)
[    0.000000] Int: type 0, pol 1, trig 3, bus 00, IRQ 09, APIC ID 0, APIC INT 09
[    0.000000] ACPI: IRQ0 used by override.
[    0.000000] Int: type 0, pol 0, trig 0, bus 00, IRQ 01, APIC ID 0, APIC INT 01
[    0.000000] ACPI: IRQ2 used by override.
[    0.000000] Int: type 0, pol 0, trig 0, bus 00, IRQ 03, APIC ID 0, APIC INT 03
[    0.000000] Int: type 0, pol 0, trig 0, bus 00, IRQ 04, APIC ID 0, APIC INT 04
[    0.000000] Int: type 0, pol 0, trig 0, bus 00, IRQ 05, APIC ID 0, APIC INT 05
[    0.000000] Int: type 0, pol 0, trig 0, bus 00, IRQ 06, APIC ID 0, APIC INT 06
[    0.000000] Int: type 0, pol 0, trig 0, bus 00, IRQ 07, APIC ID 0, APIC INT 07
[    0.000000] Int: type 0, pol 0, trig 0, bus 00, IRQ 08, APIC ID 0, APIC INT 08
[    0.000000] ACPI: IRQ9 used by override.
[    0.000000] Int: type 0, pol 0, trig 0, bus 00, IRQ 0a, APIC ID 0, APIC INT 0a
[    0.000000] Int: type 0, pol 0, trig 0, bus 00, IRQ 0b, APIC ID 0, APIC INT 0b
[    0.000000] Int: type 0, pol 0, trig 0, bus 00, IRQ 0c, APIC ID 0, APIC INT 0c
[    0.000000] Int: type 0, pol 0, trig 0, bus 00, IRQ 0d, APIC ID 0, APIC INT 0d
[    0.000000] Int: type 0, pol 0, trig 0, bus 00, IRQ 0e, APIC ID 0, APIC INT 0e
[    0.000000] Int: type 0, pol 0, trig 0, bus 00, IRQ 0f, APIC ID 0, APIC INT 0f
[    0.000000] Using ACPI (MADT) for SMP configuration information
[    0.000000] ACPI: HPET id: 0x8086a701 base: 0xfed00000
[    0.000000] smpboot: Allowing 64 CPUs, 32 hotplug CPUs
[    0.000000] mapped IOAPIC to ffffffffff5f2000 (fec00000)
[    0.000000] mapped IOAPIC to ffffffffff5f1000 (fec3f000)
[    0.000000] mapped IOAPIC to ffffffffff5f0000 (fec7f000)
[    0.000000] nr_irqs_gsi: 88
[    0.000000] PM: Registered nosave memory: 0000000000090000 - 0000000000091000
[    0.000000] PM: Registered nosave memory: 0000000000091000 - 00000000000a0000
[    0.000000] PM: Registered nosave memory: 00000000000a0000 - 00000000000e0000
[    0.000000] PM: Registered nosave memory: 00000000000e0000 - 0000000000100000
[    0.000000] PM: Registered nosave memory: 00000000b9679000 - 00000000b96f4000
[    0.000000] PM: Registered nosave memory: 00000000b97ea000 - 00000000b99ed000
[    0.000000] PM: Registered nosave memory: 00000000bac8c000 - 00000000bac9a000
[    0.000000] PM: Registered nosave memory: 00000000bda01000 - 00000000bdc01000
[    0.000000] PM: Registered nosave memory: 00000000bdce0000 - 00000000bdde7000
[    0.000000] PM: Registered nosave memory: 00000000bdde7000 - 00000000bde82000
[    0.000000] PM: Registered nosave memory: 00000000bde82000 - 00000000bde83000
[    0.000000] PM: Registered nosave memory: 00000000bde83000 - 00000000bdefb000
[    0.000000] PM: Registered nosave memory: 00000000bdefb000 - 00000000bdefc000
[    0.000000] PM: Registered nosave memory: 00000000bdefc000 - 00000000bdefe000
[    0.000000] PM: Registered nosave memory: 00000000bdefe000 - 00000000bdeff000
[    0.000000] PM: Registered nosave memory: 00000000bdeff000 - 00000000bdf00000
[    0.000000] PM: Registered nosave memory: 00000000bdf00000 - 00000000bdf1b000
[    0.000000] PM: Registered nosave memory: 00000000bdf1b000 - 00000000bdfa8000
[    0.000000] PM: Registered nosave memory: 00000000be000000 - 00000000d0000000
[    0.000000] PM: Registered nosave memory: 00000000d0000000 - 00000000fec00000
[    0.000000] PM: Registered nosave memory: 00000000fec00000 - 00000000fec01000
[    0.000000] PM: Registered nosave memory: 00000000fec01000 - 00000000fed19000
[    0.000000] PM: Registered nosave memory: 00000000fed19000 - 00000000fed1a000
[    0.000000] PM: Registered nosave memory: 00000000fed1a000 - 00000000fed1c000
[    0.000000] PM: Registered nosave memory: 00000000fed1c000 - 00000000fed20000
[    0.000000] PM: Registered nosave memory: 00000000fed20000 - 00000000fee00000
[    0.000000] PM: Registered nosave memory: 00000000fee00000 - 00000000fee01000
[    0.000000] PM: Registered nosave memory: 00000000fee01000 - 00000000ffa20000
[    0.000000] PM: Registered nosave memory: 00000000ffa20000 - 0000000100000000
[    0.000000] e820: [mem 0xd0000000-0xfebfffff] available for PCI devices
[    0.000000] Booting paravirtualized kernel on bare hardware
[    0.000000] setup_percpu: NR_CPUS:512 nr_cpumask_bits:512 nr_cpu_ids:64 nr_node_ids:2
[    0.000000] PERCPU: Embedded 27 pages/cpu @ffff88042fa00000 s80384 r8192 d22016 u131072
[    0.000000] pcpu-alloc: s80384 r8192 d22016 u131072 alloc=1*2097152
[    0.000000] pcpu-alloc: [0] 00 02 04 06 08 10 12 14 16 18 20 22 24 26 28 30 
[    0.000000] pcpu-alloc: [0] 32 34 36 38 40 42 44 46 48 50 52 54 56 58 60 62 
[    0.000000] pcpu-alloc: [1] 01 03 05 07 09 11 13 15 17 19 21 23 25 27 29 31 
[    0.000000] pcpu-alloc: [1] 33 35 37 39 41 43 45 47 49 51 53 55 57 59 61 63 
[    0.000000] Built 2 zonelists in Zone order, mobility grouping on.  Total pages: 8247491
[    0.000000] Policy zone: Normal
[    0.000000] Kernel command line: user=lkp job=/lkp/scheduled/lkp-snb01/bisect_aim7-shared-x86_64-lkp-e8d1955258091e4c92d5a975ebd7fd8a98f5d30f-0.yaml ARCH=x86_64 BOOT_IMAGE=/kernel/x86_64-lkp/e8d1955258091e4c92d5a975ebd7fd8a98f5d30f/vmlinuz-3.8.0-06530-ge8d1955 kconfig=x86_64-lkp commit=e8d1955258091e4c92d5a975ebd7fd8a98f5d30f bm_initrd=/lkp/benchmarks/aim7.cgz modules_initrd=/kernel/x86_64-lkp/e8d1955258091e4c92d5a975ebd7fd8a98f5d30f/modules.cgz max_uptime=695 RESULT_ROOT=/lkp/result/lkp-snb01/micro/aim7/shared/x86_64-lkp/e8d1955258091e4c92d5a975ebd7fd8a98f5d30f/0 initrd=/kernel-tests/initrd/lkp-rootfs.cgz root=/dev/ram0 ip=::::lkp-snb01::dhcp oops=panic earlyprintk=ttyS0,115200 debug apic=debug sysrq_always_enabled panic=10 softlockup_panic=1 nmi_watchdog=panic load_ramdisk=2 prompt_ramdisk=0 console=ttyS0,115200 console=tty0 vga=normal
[    0.000000] sysrq: sysrq always enabled.
[    0.000000] PID hash table entries: 4096 (order: 3, 32768 bytes)
[    0.000000] __ex_table already sorted, skipping sort
[    0.000000] xsave: enabled xstate_bv 0x7, cntxt size 0x340
[    0.000000] Checking aperture...
[    0.000000] No AGP bridge found
[    0.000000] Memory: 32684308k/34603008k available (9803k kernel code, 1089300k absent, 829400k reserved, 5648k data, 1260k init)
[    0.000000] SLUB: Genslabs=15, HWalign=64, Order=0-3, MinObjects=0, CPUs=64, Nodes=2
[    0.000000] Hierarchical RCU implementation.
[    0.000000] RCU dyntick-idle grace-period acceleration is enabled.
[    0.000000] RCU restricting CPUs from NR_CPUS=512 to nr_cpu_ids=64.
[    0.000000] NR_IRQS:33024 nr_irqs:2008 16
[    0.000000] Console: colour VGA+ 80x25
[    0.000000] console [tty0] enabled, bootconsole disabled
[    0.000000] console [ttyS0] enabled
[    0.000000] allocated 134217728 bytes of page_cgroup
[    0.000000] please try 'cgroup_disable=memory' option if you don't want memory cgroups
[    0.000000] Enabling automatic NUMA balancing. Configure with numa_balancing= or sysctl
[    0.000000] hpet clockevent registered
[    0.000000] tsc: Fast TSC calibration using PIT
[    0.000000] tsc: Detected 2693.366 MHz processor
[    0.000029] Calibrating delay loop (skipped), value calculated using timer frequency.. 5386.73 BogoMIPS (lpj=10773464)
[    0.012172] pid_max: default: 65536 minimum: 512
[    0.021723] Dentry cache hash table entries: 4194304 (order: 13, 33554432 bytes)
[    0.043020] Inode-cache hash table entries: 2097152 (order: 12, 16777216 bytes)
[    0.056721] Mount-cache hash table entries: 256
[    0.062598] Initializing cgroup subsys memory
[    0.067607] Initializing cgroup subsys devices
[    0.072657] Initializing cgroup subsys freezer
[    0.078088] Initializing cgroup subsys blkio
[    0.083321] Initializing cgroup subsys perf_event
[    0.089050] Initializing cgroup subsys hugetlb
[    0.094575] CPU: Physical Processor ID: 0
[    0.099507] CPU: Processor Core ID: 0
[    0.104077] mce: CPU supports 20 MCE banks
[    0.109165] CPU0: Thermal LVT vector (0xfa) already installed
[    0.116071] Last level iTLB entries: 4KB 512, 2MB 0, 4MB 0
[    0.116071] Last level dTLB entries: 4KB 512, 2MB 32, 4MB 32
[    0.116071] tlb_flushall_shift: 5
[    0.133667] Freeing SMP alternatives: 40k freed
[    0.142443] ACPI: Core revision 20130117
[    0.213749] ACPI: All ACPI Tables successfully acquired
[    0.220244] ftrace: allocating 36865 entries in 145 pages
[    0.263470] Getting VERSION: 1060015
[    0.267919] Getting VERSION: 1060015
[    0.272373] Getting ID: 0
[    0.275759] Getting ID: 0
[    0.279150] Switched APIC routing to physical flat.
[    0.285064] masked ExtINT on CPU#0
[    0.289826] ENABLING IO-APIC IRQs
[    0.293992] init IO_APIC IRQs
[    0.297760]  apic 0 pin 0 not connected
[    0.302512] IOAPIC[0]: Set routing entry (0-1 -> 0x31 -> IRQ 1 Mode:0 Active:0 Dest:0)
[    0.312211] IOAPIC[0]: Set routing entry (0-2 -> 0x30 -> IRQ 0 Mode:0 Active:0 Dest:0)
[    0.321916] IOAPIC[0]: Set routing entry (0-3 -> 0x33 -> IRQ 3 Mode:0 Active:0 Dest:0)
[    0.331626] IOAPIC[0]: Set routing entry (0-4 -> 0x34 -> IRQ 4 Mode:0 Active:0 Dest:0)
[    0.341326] IOAPIC[0]: Set routing entry (0-5 -> 0x35 -> IRQ 5 Mode:0 Active:0 Dest:0)
[    0.351031] IOAPIC[0]: Set routing entry (0-6 -> 0x36 -> IRQ 6 Mode:0 Active:0 Dest:0)
[    0.360729] IOAPIC[0]: Set routing entry (0-7 -> 0x37 -> IRQ 7 Mode:0 Active:0 Dest:0)
[    0.370427] IOAPIC[0]: Set routing entry (0-8 -> 0x38 -> IRQ 8 Mode:0 Active:0 Dest:0)
[    0.380126] IOAPIC[0]: Set routing entry (0-9 -> 0x39 -> IRQ 9 Mode:1 Active:0 Dest:0)
[    0.389818] IOAPIC[0]: Set routing entry (0-10 -> 0x3a -> IRQ 10 Mode:0 Active:0 Dest:0)
[    0.399713] IOAPIC[0]: Set routing entry (0-11 -> 0x3b -> IRQ 11 Mode:0 Active:0 Dest:0)
[    0.409613] IOAPIC[0]: Set routing entry (0-12 -> 0x3c -> IRQ 12 Mode:0 Active:0 Dest:0)
[    0.419507] IOAPIC[0]: Set routing entry (0-13 -> 0x3d -> IRQ 13 Mode:0 Active:0 Dest:0)
[    0.429404] IOAPIC[0]: Set routing entry (0-14 -> 0x3e -> IRQ 14 Mode:0 Active:0 Dest:0)
[    0.439302] IOAPIC[0]: Set routing entry (0-15 -> 0x3f -> IRQ 15 Mode:0 Active:0 Dest:0)
[    0.449196]  apic 0 pin 16 not connected
[    0.454047]  apic 0 pin 17 not connected
[    0.458892]  apic 0 pin 18 not connected
[    0.463732]  apic 0 pin 19 not connected
[    0.468574]  apic 0 pin 20 not connected
[    0.473417]  apic 0 pin 21 not connected
[    0.478256]  apic 0 pin 22 not connected
[    0.483097]  apic 0 pin 23 not connected
[    0.487947]  apic 1 pin 0 not connected
[    0.492697]  apic 1 pin 1 not connected
[    0.497442]  apic 1 pin 2 not connected
[    0.502194]  apic 1 pin 3 not connected
[    0.506945]  apic 1 pin 4 not connected
[    0.511682]  apic 1 pin 5 not connected
[    0.516422]  apic 1 pin 6 not connected
[    0.521167]  apic 1 pin 7 not connected
[    0.525899]  apic 1 pin 8 not connected
[    0.530641]  apic 1 pin 9 not connected
[    0.535385]  apic 1 pin 10 not connected
[    0.540224]  apic 1 pin 11 not connected
[    0.545062]  apic 1 pin 12 not connected
[    0.549903]  apic 1 pin 13 not connected
[    0.554743]  apic 1 pin 14 not connected
[    0.559580]  apic 1 pin 15 not connected
[    0.564418]  apic 1 pin 16 not connected
[    0.569258]  apic 1 pin 17 not connected
[    0.574107]  apic 1 pin 18 not connected
[    0.578943]  apic 1 pin 19 not connected
[    0.583791]  apic 1 pin 20 not connected
[    0.588630]  apic 1 pin 21 not connected
[    0.593471]  apic 1 pin 22 not connected
[    0.598312]  apic 1 pin 23 not connected
[    0.603156]  apic 2 pin 0 not connected
[    0.607896]  apic 2 pin 1 not connected
[    0.612642]  apic 2 pin 2 not connected
[    0.617389]  apic 2 pin 3 not connected
[    0.622134]  apic 2 pin 4 not connected
[    0.626874]  apic 2 pin 5 not connected
[    0.631620]  apic 2 pin 6 not connected
[    0.636364]  apic 2 pin 7 not connected
[    0.641117]  apic 2 pin 8 not connected
[    0.645858]  apic 2 pin 9 not connected
[    0.650603]  apic 2 pin 10 not connected
[    0.655444]  apic 2 pin 11 not connected
[    0.660288]  apic 2 pin 12 not connected
[    0.665130]  apic 2 pin 13 not connected
[    0.669970]  apic 2 pin 14 not connected
[    0.674813]  apic 2 pin 15 not connected
[    0.679660]  apic 2 pin 16 not connected
[    0.684503]  apic 2 pin 17 not connected
[    0.689349]  apic 2 pin 18 not connected
[    0.694198]  apic 2 pin 19 not connected
[    0.699046]  apic 2 pin 20 not connected
[    0.703894]  apic 2 pin 21 not connected
[    0.708734]  apic 2 pin 22 not connected
[    0.713578]  apic 2 pin 23 not connected
[    0.718563] ..TIMER: vector=0x30 apic1=0 pin1=2 apic2=-1 pin2=-1
[    0.765410] smpboot: CPU0: Intel(R) Xeon(R) CPU E5-2680 0 @ 2.70GHz (fam: 06, model: 2d, stepping: 06)
[    0.776949] TSC deadline timer enabled
[    0.781627] Performance Events: PEBS fmt1+, 16-deep LBR, SandyBridge events, Intel PMU driver.
[    0.792466] perf_event_intel: PEBS disabled due to CPU errata, please upgrade microcode
[    0.802266] ... version:                3
[    0.807202] ... bit width:              48
[    0.812244] ... generic registers:      4
[    0.817182] ... value mask:             0000ffffffffffff
[    0.823584] ... max period:             000000007fffffff
[    0.829987] ... fixed-purpose events:   3
[    0.834929] ... event mask:             000000070000000f
[    0.845092] smpboot: Booting Node   1, Processors  #1
[    0.864812] masked ExtINT on CPU#1
[    0.868706] CPU1: Thermal LVT vector (0xfa) already installed
[    0.875158] ------------[ cut here ]------------
[    0.880330] WARNING: at arch/x86/kernel/smpboot.c:324 topology_sane.isra.2+0x6b/0x7c()
[    0.891505] Hardware name: S2600CP
[    0.895314] sched: CPU #1's llc-sibling CPU #0 is not on the same node! [node: 1 != 0]. Ignoring dependency.

[    0.906295] Modules linked in:
[    0.909927] Pid: 0, comm: swapper/1 Not tainted 3.8.0-06530-ge8d1955 #1
[    0.917314] Call Trace:
[    0.920055]  [<ffffffff81970409>] ? topology_sane.isra.2+0x6b/0x7c
[    0.926963]  [<ffffffff810bcd5d>] warn_slowpath_common+0x81/0x99
[    0.933667]  [<ffffffff810bcdc1>] warn_slowpath_fmt+0x4c/0x4e
[    0.940092]  [<ffffffff8196b565>] ? calibrate_delay+0xae/0x4ba
[    0.946612]  [<ffffffff810508ea>] ? __mcheck_cpu_init_timer+0x4a/0x4f
[    0.953799]  [<ffffffff81970409>] topology_sane.isra.2+0x6b/0x7c
[    0.960509]  [<ffffffff819706e0>] set_cpu_sibling_map+0x28c/0x43a
[    0.967308]  [<ffffffff81970a3c>] start_secondary+0x1ae/0x276
[    0.973742] ---[ end trace db722b2086ba6d20 ]---
[    0.999234]  OK
[    1.001655] smpboot: Booting Node   0, Processors  #2
[    1.018610] masked ExtINT on CPU#2
[    1.022507] CPU2: Thermal LVT vector (0xfa) already installed
 OK
[    1.032253] smpboot: Booting Node   1, Processors  #3
[    1.049296] masked ExtINT on CPU#3
[    1.053190] CPU3: Thermal LVT vector (0xfa) already installed
 OK
[    1.062954] smpboot: Booting Node   0, Processors  #4
[    1.079995] masked ExtINT on CPU#4
[    1.083879] CPU4: Thermal LVT vector (0xfa) already installed
 OK
[    1.093614] smpboot: Booting Node   1, Processors  #5
[    1.110646] masked ExtINT on CPU#5
[    1.114531] CPU5: Thermal LVT vector (0xfa) already installed
 OK
[    1.124215] smpboot: Booting Node   0, Processors  #6
[    1.141232] masked ExtINT on CPU#6
[    1.145124] CPU6: Thermal LVT vector (0xfa) already installed
 OK
[    1.154777] smpboot: Booting Node   1, Processors  #7
[    1.171783] masked ExtINT on CPU#7
[    1.175669] CPU7: Thermal LVT vector (0xfa) already installed
 OK
[    1.185385] smpboot: Booting Node   0, Processors  #8
[    1.203659] masked ExtINT on CPU#8
[    1.207552] CPU8: Thermal LVT vector (0xfa) already installed
 OK
[    1.311813] smpboot: Booting Node   1, Processors  #9
[    1.328837] masked ExtINT on CPU#9
[    1.332738] CPU9: Thermal LVT vector (0xfa) already installed
 OK
[    1.360429] smpboot: Booting Node   0, Processors  #10
[    1.377550] masked ExtINT on CPU#10
[    1.381553] CPU10: Thermal LVT vector (0xfa) already installed
 OK
[    1.391245] smpboot: Booting Node   1, Processors  #11
[    1.408370] masked ExtINT on CPU#11
[    1.412360] CPU11: Thermal LVT vector (0xfa) already installed
 OK
[    1.422081] smpboot: Booting Node   0, Processors  #12
[    1.439200] masked ExtINT on CPU#12
[    1.443199] CPU12: Thermal LVT vector (0xfa) already installed
 OK
[    1.452969] smpboot: Booting Node   1, Processors  #13
[    1.470073] masked ExtINT on CPU#13
[    1.474063] CPU13: Thermal LVT vector (0xfa) already installed
 OK
[    1.483777] smpboot: Booting Node   0, Processors  #14
[    1.500874] masked ExtINT on CPU#14
[    1.504872] CPU14: Thermal LVT vector (0xfa) already installed
 OK
[    1.514562] smpboot: Booting Node   1, Processors  #15
[    1.531644] masked ExtINT on CPU#15
[    1.535635] CPU15: Thermal LVT vector (0xfa) already installed
 OK
[    1.545381] smpboot: Booting Node   0, Processors  #16
[    1.562944] masked ExtINT on CPU#16
[    1.566934] CPU16: Thermal LVT vector (0xfa) already installed
 OK
[    1.576762] smpboot: Booting Node   1, Processors  #17
[    1.593796] masked ExtINT on CPU#17
[    1.597781] CPU17: Thermal LVT vector (0xfa) already installed
 OK
[    1.607548] smpboot: Booting Node   0, Processors  #18
[    1.624689] masked ExtINT on CPU#18
[    1.628668] CPU18: Thermal LVT vector (0xfa) already installed
 OK
[    1.638409] smpboot: Booting Node   1, Processors  #19
[    1.655560] masked ExtINT on CPU#19
[    1.659539] CPU19: Thermal LVT vector (0xfa) already installed
 OK
[    1.669393] smpboot: Booting Node   0, Processors  #20
[    1.686542] masked ExtINT on CPU#20
[    1.690521] CPU20: Thermal LVT vector (0xfa) already installed
 OK
[    1.700370] smpboot: Booting Node   1, Processors  #21
[    1.717495] masked ExtINT on CPU#21
[    1.721474] CPU21: Thermal LVT vector (0xfa) already installed
 OK
[    1.731249] smpboot: Booting Node   0, Processors  #22
[    1.748372] masked ExtINT on CPU#22
[    1.752351] CPU22: Thermal LVT vector (0xfa) already installed
 OK
[    1.762099] smpboot: Booting Node   1, Processors  #23
[    1.779208] masked ExtINT on CPU#23
[    1.783185] CPU23: Thermal LVT vector (0xfa) already installed
 OK
[    1.792980] smpboot: Booting Node   0, Processors  #24
[    1.810074] masked ExtINT on CPU#24
[    1.814060] CPU24: Thermal LVT vector (0xfa) already installed
 OK
[    1.823794] smpboot: Booting Node   1, Processors  #25
[    1.840913] masked ExtINT on CPU#25
[    1.844899] CPU25: Thermal LVT vector (0xfa) already installed
 OK
[    1.854597] smpboot: Booting Node   0, Processors  #26
[    1.871718] masked ExtINT on CPU#26
[    1.875706] CPU26: Thermal LVT vector (0xfa) already installed
 OK
[    1.885402] smpboot: Booting Node   1, Processors  #27
[    1.902533] masked ExtINT on CPU#27
[    1.906511] CPU27: Thermal LVT vector (0xfa) already installed
 OK
[    1.916324] smpboot: Booting Node   0, Processors  #28
[    1.933440] masked ExtINT on CPU#28
[    1.937417] CPU28: Thermal LVT vector (0xfa) already installed
 OK
[    1.947115] smpboot: Booting Node   1, Processors  #29
[    1.964223] masked ExtINT on CPU#29
[    1.968209] CPU29: Thermal LVT vector (0xfa) already installed
 OK
[    1.977931] smpboot: Booting Node   0, Processors  #30
[    1.995035] masked ExtINT on CPU#30
[    1.999022] CPU30: Thermal LVT vector (0xfa) already installed
 OK
[    2.008740] smpboot: Booting Node   1, Processors  #31
[    2.025832] masked ExtINT on CPU#31
[    2.029819] CPU31: Thermal LVT vector (0xfa) already installed

[    2.038467] Brought up 32 CPUs
[    2.043002] smpboot: Total of 32 processors activated (172421.08 BogoMIPS)
[    2.160645] devtmpfs: initialized
[    2.174047] PM: Registering ACPI NVS region [mem 0xb97ea000-0xb99ecfff] (2109440 bytes)
[    2.183965] PM: Registering ACPI NVS region [mem 0xbda01000-0xbdc00fff] (2097152 bytes)
[    2.193854] PM: Registering ACPI NVS region [mem 0xbdde7000-0xbde81fff] (634880 bytes)
[    2.203583] PM: Registering ACPI NVS region [mem 0xbde83000-0xbdefafff] (491520 bytes)
[    2.213309] PM: Registering ACPI NVS region [mem 0xbdefc000-0xbdefdfff] (8192 bytes)
[    2.222806] PM: Registering ACPI NVS region [mem 0xbdeff000-0xbdefffff] (4096 bytes)
[    2.232303] PM: Registering ACPI NVS region [mem 0xbdf1b000-0xbdfa7fff] (577536 bytes)
[    2.243747] xor: automatically using best checksumming function:
[    2.290931]    avx       :  8890.000 MB/sec
[    2.296093] atomic64 test passed for x86-64 platform with CX8 and with SSE
[    2.304660] NET: Registered protocol family 16
[    2.312766] ACPI FADT declares the system doesn't support PCIe ASPM, so disable it
[    2.322078] ACPI: bus type pci registered
[    2.336553] PCI: MMCONFIG for domain 0000 [bus 00-ff] at [mem 0xc0000000-0xcfffffff] (base 0xc0000000)
[    2.347812] PCI: MMCONFIG at [mem 0xc0000000-0xcfffffff] reserved in E820
[    2.400864] PCI: Using configuration type 1 for base access
[    2.434090] bio: create slab <bio-0> at 0
[    2.507067] raid6: sse2x1    3146 MB/s
[    2.579751] raid6: sse2x2    4000 MB/s
[    2.652439] raid6: sse2x4    4561 MB/s
[    2.657092] raid6: using algorithm sse2x4 (4561 MB/s)
[    2.663200] raid6: using ssse3x2 recovery algorithm
[    2.669225] ACPI: Added _OSI(Module Device)
[    2.674364] ACPI: Added _OSI(Processor Device)
[    2.679792] ACPI: Added _OSI(3.0 _SCP Extensions)
[    2.685520] ACPI: Added _OSI(Processor Aggregator Device)
[    2.706575] ACPI: EC: Look up EC in DSDT
[    2.726471] ACPI: Executed 1 blocks of module-level executable AML code
[    2.917943] [Firmware Bug]: ACPI: BIOS _OSI(Linux) query ignored
[    2.946397] ACPI: Interpreter enabled
[    2.950961] ACPI: (supports S0 S1ACPI Exception: AE_NOT_FOUND, While evaluating Sleep State [\_S2_] (20130117/hwxface-568)
[    2.964542] ACPI Exception: AE_NOT_FOUND, While evaluating Sleep State [\_S3_] (20130117/hwxface-568)
[    2.975885] ACPI Exception: AE_NOT_FOUND, While evaluating Sleep State [\_S4_] (20130117/hwxface-568)
[    2.987234]  S5)
[    2.989833] ACPI: Using IOAPIC for interrupt routing
[    2.996211] HEST: Table parsing has been initialized.
[    3.002332] PCI: Using host bridge windows from ACPI; if necessary, use "pci=nocrs" and report a bug
[    3.058177] ACPI: PCI Root Bridge [PCI0] (domain 0000 [bus 00-7e])
[    3.065562] ACPI: PCI Interrupt Routing Table [\_SB_.PCI0._PRT]
[    3.073485] acpi PNP0A08:00: Requesting ACPI _OSC control (0x1d)
[    3.081320] acpi PNP0A08:00: ACPI _OSC control (0x15) granted
[    3.088730] acpi PNP0A08:00: host bridge window expanded to [io  0x0000-0xbfff]; [io  0x0000-0xbfff] ignored
[    3.100577] acpi PNP0A08:00: ignoring host bridge window [mem 0x000d0000-0x000d3fff] (conflicts with Adapter ROM [mem 0x000c8000-0x000d15ff])
[    3.115622] acpi PNP0A08:00: ignoring host bridge window [mem 0x000d4000-0x000d7fff] (conflicts with Adapter ROM [mem 0x000d3800-0x000d47ff])
[    3.130786] PCI host bridge to bus 0000:00
[    3.135833] pci_bus 0000:00: root bus resource [bus 00-7e]
[    3.142431] pci_bus 0000:00: root bus resource [io  0x0000-0xbfff]
[    3.149812] pci_bus 0000:00: root bus resource [mem 0x000a0000-0x000bffff]
[    3.157965] pci_bus 0000:00: root bus resource [mem 0x000c0000-0x000c3fff]
[    3.166117] pci_bus 0000:00: root bus resource [mem 0x000c4000-0x000c7fff]
[    3.174268] pci_bus 0000:00: root bus resource [mem 0x000c8000-0x000cbfff]
[    3.182416] pci_bus 0000:00: root bus resource [mem 0x000cc000-0x000cffff]
[    3.190564] pci_bus 0000:00: root bus resource [mem 0x000d8000-0x000dbfff]
[    3.198714] pci_bus 0000:00: root bus resource [mem 0x000dc000-0x000dffff]
[    3.206863] pci_bus 0000:00: root bus resource [mem 0x000e0000-0x000e3fff]
[    3.215008] pci_bus 0000:00: root bus resource [mem 0x000e4000-0x000e7fff]
[    3.223160] pci_bus 0000:00: root bus resource [mem 0x000e8000-0x000ebfff]
[    3.231306] pci_bus 0000:00: root bus resource [mem 0x000ec000-0x000effff]
[    3.239452] pci_bus 0000:00: root bus resource [mem 0x000f0000-0x000fffff]
[    3.247610] pci_bus 0000:00: root bus resource [mem 0xd0000000-0xebffffff]
[    3.255768] pci_bus 0000:00: root bus resource [mem 0x3c0000000000-0x3c007fffffff]
[    3.265093] pci 0000:00:00.0: [8086:3c00] type 00 class 0x060000
[    3.272352] pci 0000:00:00.0: PME# supported from D0 D3hot D3cold
[    3.279674] pci 0000:00:01.0: [8086:3c02] type 01 class 0x060400
[    3.286941] pci 0000:00:01.0: PME# supported from D0 D3hot D3cold
[    3.294263] pci 0000:00:02.0: [8086:3c04] type 01 class 0x060400
[    3.301526] pci 0000:00:02.0: PME# supported from D0 D3hot D3cold
[    3.308841] pci 0000:00:02.2: [8086:3c06] type 01 class 0x060400
[    3.316114] pci 0000:00:02.2: PME# supported from D0 D3hot D3cold
[    3.323428] pci 0000:00:03.0: [8086:3c08] type 01 class 0x060400
[    3.330691] pci 0000:00:03.0: PME# supported from D0 D3hot D3cold
[    3.338015] pci 0000:00:03.2: [8086:3c0a] type 01 class 0x060400
[    3.345282] pci 0000:00:03.2: PME# supported from D0 D3hot D3cold
[    3.352604] pci 0000:00:04.0: [8086:3c20] type 00 class 0x088000
[    3.359810] pci 0000:00:04.0: reg 10: [mem 0xebf90000-0xebf93fff 64bit]
[    3.367783] pci 0000:00:04.1: [8086:3c21] type 00 class 0x088000
[    3.374968] pci 0000:00:04.1: reg 10: [mem 0xebf80000-0xebf83fff 64bit]
[    3.382946] pci 0000:00:04.2: [8086:3c22] type 00 class 0x088000
[    3.390145] pci 0000:00:04.2: reg 10: [mem 0xebf70000-0xebf73fff 64bit]
[    3.398127] pci 0000:00:04.3: [8086:3c23] type 00 class 0x088000
[    3.405317] pci 0000:00:04.3: reg 10: [mem 0xebf60000-0xebf63fff 64bit]
[    3.413294] pci 0000:00:04.4: [8086:3c24] type 00 class 0x088000
[    3.420489] pci 0000:00:04.4: reg 10: [mem 0xebf50000-0xebf53fff 64bit]
[    3.428463] pci 0000:00:04.5: [8086:3c25] type 00 class 0x088000
[    3.435654] pci 0000:00:04.5: reg 10: [mem 0xebf40000-0xebf43fff 64bit]
[    3.443623] pci 0000:00:04.6: [8086:3c26] type 00 class 0x088000
[    3.450817] pci 0000:00:04.6: reg 10: [mem 0xebf30000-0xebf33fff 64bit]
[    3.458787] pci 0000:00:04.7: [8086:3c27] type 00 class 0x088000
[    3.465982] pci 0000:00:04.7: reg 10: [mem 0xebf20000-0xebf23fff 64bit]
[    3.473972] pci 0000:00:05.0: [8086:3c28] type 00 class 0x088000
[    3.481264] pci 0000:00:05.2: [8086:3c2a] type 00 class 0x088000
[    3.488554] pci 0000:00:05.4: [8086:3c2c] type 00 class 0x080020
[    3.495752] pci 0000:00:05.4: reg 10: [mem 0xd0c60000-0xd0c60fff]
[    3.503143] pci 0000:00:11.0: [8086:1d3e] type 01 class 0x060400
[    3.510437] pci 0000:00:11.0: PME# supported from D0 D3hot D3cold
[    3.517769] pci 0000:00:16.0: [8086:1d3a] type 00 class 0x078000
[    3.524971] pci 0000:00:16.0: reg 10: [mem 0xd0c50000-0xd0c5000f 64bit]
[    3.532917] pci 0000:00:16.0: PME# supported from D0 D3hot D3cold
[    3.540231] pci 0000:00:16.1: [8086:1d3b] type 00 class 0x078000
[    3.547429] pci 0000:00:16.1: reg 10: [mem 0xd0c40000-0xd0c4000f 64bit]
[    3.555371] pci 0000:00:16.1: PME# supported from D0 D3hot D3cold
[    3.562693] pci 0000:00:1a.0: [8086:1d2d] type 00 class 0x0c0320
[    3.569893] pci 0000:00:1a.0: reg 10: [mem 0xd0c20000-0xd0c203ff]
[    3.577289] pci 0000:00:1a.0: PME# supported from D0 D3hot D3cold
[    3.584605] pci 0000:00:1c.0: [8086:1d10] type 01 class 0x060400
[    3.591885] pci 0000:00:1c.0: PME# supported from D0 D3hot D3cold
[    3.599199] pci 0000:00:1c.7: [8086:1d1e] type 01 class 0x060400
[    3.606485] pci 0000:00:1c.7: PME# supported from D0 D3hot D3cold
[    3.613805] pci 0000:00:1d.0: [8086:1d26] type 00 class 0x0c0320
[    3.621003] pci 0000:00:1d.0: reg 10: [mem 0xd0c10000-0xd0c103ff]
[    3.628401] pci 0000:00:1d.0: PME# supported from D0 D3hot D3cold
[    3.635708] pci 0000:00:1e.0: [8086:244e] type 01 class 0x060401
[    3.642972] pci 0000:00:1f.0: [8086:1d41] type 00 class 0x060100
[    3.650320] pci 0000:00:1f.2: [8086:1d02] type 00 class 0x010601
[    3.657525] pci 0000:00:1f.2: reg 10: [io  0x3070-0x3077]
[    3.664039] pci 0000:00:1f.2: reg 14: [io  0x3060-0x3063]
[    3.670543] pci 0000:00:1f.2: reg 18: [io  0x3050-0x3057]
[    3.677052] pci 0000:00:1f.2: reg 1c: [io  0x3040-0x3043]
[    3.683561] pci 0000:00:1f.2: reg 20: [io  0x3020-0x303f]
[    3.690066] pci 0000:00:1f.2: reg 24: [mem 0xd0c00000-0xd0c007ff]
[    3.697412] pci 0000:00:1f.2: PME# supported from D3hot
[    3.703743] pci 0000:00:1f.3: [8086:1d22] type 00 class 0x0c0500
[    3.710934] pci 0000:00:1f.3: reg 10: [mem 0xebf10000-0xebf100ff 64bit]
[    3.718820] pci 0000:00:1f.3: reg 20: [io  0x3000-0x301f]
[    3.725404] pci 0000:00:01.0: PCI bridge to [bus 01]
[    3.731479] pci 0000:00:02.0: PCI bridge to [bus 02]
[    3.737548] pci 0000:00:02.2: PCI bridge to [bus 03]
[    3.743624] pci 0000:00:03.0: PCI bridge to [bus 04]
[    3.749694] pci 0000:00:03.2: PCI bridge to [bus 05]
[    3.755793] pci 0000:06:00.0: [8086:1d69] type 00 class 0x010700
[    3.762996] pci 0000:06:00.0: reg 10: [mem 0xebc00000-0xebc03fff 64bit pref]
[    3.771355] pci 0000:06:00.0: reg 18: [mem 0xeb800000-0xebbfffff 64bit pref]
[    3.779706] pci 0000:06:00.0: reg 20: [io  0x2000-0x20ff]
[    3.786330] pci 0000:06:00.0: reg 164: [mem 0xebc10000-0xebc13fff 64bit pref]
[    3.794833] pci 0000:06:00.3: [8086:1d70] type 00 class 0x0c0500
[    3.802029] pci 0000:06:00.3: reg 10: [mem 0xd0b00000-0xd0b00fff]
[    3.809356] pci 0000:06:00.3: reg 20: [io  0x2100-0x211f]
[    3.815936] pci 0000:06:00.3: PME# supported from D0 D3hot D3cold
[    3.823264] pci 0000:00:11.0: PCI bridge to [bus 06]
[    3.829267] pci 0000:00:11.0:   bridge window [io  0x2000-0x2fff]
[    3.836548] pci 0000:00:11.0:   bridge window [mem 0xd0b00000-0xd0bfffff]
[    3.844617] pci 0000:00:11.0:   bridge window [mem 0xeb800000-0xebcfffff 64bit pref]
[    3.854214] pci 0000:07:00.0: [8086:1521] type 00 class 0x020000
[    3.861415] pci 0000:07:00.0: reg 10: [mem 0xd0960000-0xd097ffff]
[    3.868718] pci 0000:07:00.0: reg 18: [io  0x1060-0x107f]
[    3.875229] pci 0000:07:00.0: reg 1c: [mem 0xd09b0000-0xd09b3fff]
[    3.882635] pci 0000:07:00.0: PME# supported from D0 D3hot D3cold
[    3.889973] pci 0000:07:00.0: reg 184: [mem 0xd0aa0000-0xd0aa3fff]
[    3.897379] pci 0000:07:00.0: reg 190: [mem 0xd0a80000-0xd0a83fff]
[    3.904815] pci 0000:07:00.1: [8086:1521] type 00 class 0x020000
[    3.912020] pci 0000:07:00.1: reg 10: [mem 0xd0940000-0xd095ffff]
[    3.919323] pci 0000:07:00.1: reg 18: [io  0x1040-0x105f]
[    3.925834] pci 0000:07:00.1: reg 1c: [mem 0xd09a0000-0xd09a3fff]
[    3.933237] pci 0000:07:00.1: PME# supported from D0 D3hot D3cold
[    3.940573] pci 0000:07:00.1: reg 184: [mem 0xd0a60000-0xd0a63fff]
[    3.947978] pci 0000:07:00.1: reg 190: [mem 0xd0a40000-0xd0a43fff]
[    3.955415] pci 0000:07:00.2: [8086:1521] type 00 class 0x020000
[    3.962622] pci 0000:07:00.2: reg 10: [mem 0xd0920000-0xd093ffff]
[    3.969925] pci 0000:07:00.2: reg 18: [io  0x1020-0x103f]
[    3.976436] pci 0000:07:00.2: reg 1c: [mem 0xd0990000-0xd0993fff]
[    3.983842] pci 0000:07:00.2: PME# supported from D0 D3hot D3cold
[    3.991168] pci 0000:07:00.2: reg 184: [mem 0xd0a20000-0xd0a23fff]
[    3.998586] pci 0000:07:00.2: reg 190: [mem 0xd0a00000-0xd0a03fff]
[    4.006027] pci 0000:07:00.3: [8086:1521] type 00 class 0x020000
[    4.013225] pci 0000:07:00.3: reg 10: [mem 0xd0900000-0xd091ffff]
[    4.020533] pci 0000:07:00.3: reg 18: [io  0x1000-0x101f]
[    4.027048] pci 0000:07:00.3: reg 1c: [mem 0xd0980000-0xd0983fff]
[    4.034456] pci 0000:07:00.3: PME# supported from D0 D3hot D3cold
[    4.041787] pci 0000:07:00.3: reg 184: [mem 0xd09e0000-0xd09e3fff]
[    4.049196] pci 0000:07:00.3: reg 190: [mem 0xd09c0000-0xd09c3fff]
[    4.064606] pci 0000:00:1c.0: PCI bridge to [bus 07-08]
[    4.070914] pci 0000:00:1c.0:   bridge window [io  0x1000-0x1fff]
[    4.078193] pci 0000:00:1c.0:   bridge window [mem 0xd0900000-0xd0afffff]
[    4.086348] pci 0000:09:00.0: [102b:0522] type 00 class 0x030000
[    4.093548] pci 0000:09:00.0: reg 10: [mem 0xea000000-0xeaffffff pref]
[    4.101329] pci 0000:09:00.0: reg 14: [mem 0xd0810000-0xd0813fff]
[    4.108624] pci 0000:09:00.0: reg 18: [mem 0xd0000000-0xd07fffff]
[    4.115968] pci 0000:09:00.0: reg 30: [mem 0xd0800000-0xd080ffff pref]
[    4.131747] pci 0000:00:1c.7: PCI bridge to [bus 09]
[    4.137764] pci 0000:00:1c.7:   bridge window [mem 0xd0000000-0xd08fffff]
[    4.145822] pci 0000:00:1c.7:   bridge window [mem 0xea000000-0xeaffffff 64bit pref]
[    4.155411] pci 0000:00:1e.0: PCI bridge to [bus 0a] (subtractive decode)
[    4.172839] pci 0000:00:1e.0:   bridge window [io  0x0000-0xbfff] (subtractive decode)
[    4.182541] pci 0000:00:1e.0:   bridge window [mem 0x000a0000-0x000bffff] (subtractive decode)
[    4.193012] pci 0000:00:1e.0:   bridge window [mem 0x000c0000-0x000c3fff] (subtractive decode)
[    4.203487] pci 0000:00:1e.0:   bridge window [mem 0x000c4000-0x000c7fff] (subtractive decode)
[    4.213956] pci 0000:00:1e.0:   bridge window [mem 0x000c8000-0x000cbfff] (subtractive decode)
[    4.224423] pci 0000:00:1e.0:   bridge window [mem 0x000cc000-0x000cffff] (subtractive decode)
[    4.234897] pci 0000:00:1e.0:   bridge window [mem 0x000d8000-0x000dbfff] (subtractive decode)
[    4.245379] pci 0000:00:1e.0:   bridge window [mem 0x000dc000-0x000dffff] (subtractive decode)
[    4.255854] pci 0000:00:1e.0:   bridge window [mem 0x000e0000-0x000e3fff] (subtractive decode)
[    4.266339] pci 0000:00:1e.0:   bridge window [mem 0x000e4000-0x000e7fff] (subtractive decode)
[    4.276818] pci 0000:00:1e.0:   bridge window [mem 0x000e8000-0x000ebfff] (subtractive decode)
[    4.287291] pci 0000:00:1e.0:   bridge window [mem 0x000ec000-0x000effff] (subtractive decode)
[    4.297766] pci 0000:00:1e.0:   bridge window [mem 0x000f0000-0x000fffff] (subtractive decode)
[    4.308238] pci 0000:00:1e.0:   bridge window [mem 0xd0000000-0xebffffff] (subtractive decode)
[    4.318714] pci 0000:00:1e.0:   bridge window [mem 0x3c0000000000-0x3c007fffffff] (subtractive decode)
[    4.330008] pci_bus 0000:00: on NUMA node 0 (pxm 0)
[    4.336177] ACPI: PCI Interrupt Routing Table [\_SB_.PCI0.BR10._PRT]
[    4.343807] pci 0000:00:01.0: System wakeup disabled by ACPI
[    4.350774] ACPI: PCI Interrupt Routing Table [\_SB_.PCI0.BR12._PRT]
[    4.358395] pci 0000:00:02.0: System wakeup disabled by ACPI
[    4.365345] ACPI: PCI Interrupt Routing Table [\_SB_.PCI0.BR14._PRT]
[    4.372966] pci 0000:00:02.2: System wakeup disabled by ACPI
[    4.379928] ACPI: PCI Interrupt Routing Table [\_SB_.PCI0.BR16._PRT]
[    4.387543] pci 0000:00:03.0: System wakeup disabled by ACPI
[    4.394506] ACPI: PCI Interrupt Routing Table [\_SB_.PCI0.BR18._PRT]
[    4.402118] pci 0000:00:03.2: System wakeup disabled by ACPI
[    4.410907] ACPI: PCI Interrupt Routing Table [\_SB_.PCI0.EVRP._PRT]
[    4.419120] pci 0000:00:1a.0: System wakeup disabled by ACPI
[    4.426047] ACPI: PCI Interrupt Routing Table [\_SB_.PCI0.RP01._PRT]
[    4.433662] pci 0000:00:1c.0: System wakeup disabled by ACPI
[    4.440601] ACPI: PCI Interrupt Routing Table [\_SB_.PCI0.RP08._PRT]
[    4.448214] pci 0000:00:1c.7: System wakeup disabled by ACPI
[    4.455249] pci 0000:00:1d.0: System wakeup disabled by ACPI
[    4.462180] pci 0000:00:1e.0: System wakeup disabled by ACPI
[    4.470187] pci 0000:07:00.0: System wakeup disabled by ACPI
[    4.477518] pci 0000:09:00.0: System wakeup disabled by ACPI
[    4.486261] ACPI: PCI Interrupt Link [LNKA] (IRQs 3 4 5 6 10 *11 12 14 15), disabled.
[    4.497020] ACPI: PCI Interrupt Link [LNKB] (IRQs 3 4 5 6 *10 11 12 14 15), disabled.
[    4.507755] ACPI: PCI Interrupt Link [LNKC] (IRQs 3 4 *5 6 10 11 12 14 15), disabled.
[    4.518482] ACPI: PCI Interrupt Link [LNKD] (IRQs 3 4 5 6 10 *11 12 14 15), disabled.
[    4.529218] ACPI: PCI Interrupt Link [LNKE] (IRQs 3 4 *5 6 10 11 12 14 15), disabled.
[    4.539949] ACPI: PCI Interrupt Link [LNKF] (IRQs 3 4 5 6 10 *11 12 14 15), disabled.
[    4.550669] ACPI: PCI Interrupt Link [LNKG] (IRQs 3 4 5 6 *10 11 12 14 15), disabled.
[    4.561413] ACPI: PCI Interrupt Link [LNKH] (IRQs 3 4 5 6 *10 11 12 14 15), disabled.
[    4.572355] ACPI: PCI Root Bridge [PCI1] (domain 0000 [bus 80-fe])
[    4.579730] ACPI: PCI Interrupt Routing Table [\_SB_.PCI1._PRT]
[    4.587206] acpi PNP0A08:01: Requesting ACPI _OSC control (0x1d)
[    4.594804] acpi PNP0A08:01: ACPI _OSC control (0x15) granted
[    4.602291] PCI host bridge to bus 0000:80
[    4.607325] pci_bus 0000:80: root bus resource [bus 80-fe]
[    4.613925] pci_bus 0000:80: root bus resource [io  0xc000-0xffff]
[    4.621303] pci_bus 0000:80: root bus resource [mem 0xec000000-0xfbffffff]
[    4.629451] pci_bus 0000:80: root bus resource [mem 0x3c0080000000-0x3c00ffffffff]
[    4.638787] pci 0000:80:02.0: [8086:3c04] type 01 class 0x060400
[    4.646062] pci 0000:80:02.0: PME# supported from D0 D3hot D3cold
[    4.653396] pci 0000:80:04.0: [8086:3c20] type 00 class 0x088000
[    4.660589] pci 0000:80:04.0: reg 10: [mem 0xfbf70000-0xfbf73fff 64bit]
[    4.668555] pci 0000:80:04.1: [8086:3c21] type 00 class 0x088000
[    4.675748] pci 0000:80:04.1: reg 10: [mem 0xfbf60000-0xfbf63fff 64bit]
[    4.683727] pci 0000:80:04.2: [8086:3c22] type 00 class 0x088000
[    4.690927] pci 0000:80:04.2: reg 10: [mem 0xfbf50000-0xfbf53fff 64bit]
[    4.698917] pci 0000:80:04.3: [8086:3c23] type 00 class 0x088000
[    4.706111] pci 0000:80:04.3: reg 10: [mem 0xfbf40000-0xfbf43fff 64bit]
[    4.714099] pci 0000:80:04.4: [8086:3c24] type 00 class 0x088000
[    4.721304] pci 0000:80:04.4: reg 10: [mem 0xfbf30000-0xfbf33fff 64bit]
[    4.729286] pci 0000:80:04.5: [8086:3c25] type 00 class 0x088000
[    4.736480] pci 0000:80:04.5: reg 10: [mem 0xfbf20000-0xfbf23fff 64bit]
[    4.744457] pci 0000:80:04.6: [8086:3c26] type 00 class 0x088000
[    4.751649] pci 0000:80:04.6: reg 10: [mem 0xfbf10000-0xfbf13fff 64bit]
[    4.759630] pci 0000:80:04.7: [8086:3c27] type 00 class 0x088000
[    4.766833] pci 0000:80:04.7: reg 10: [mem 0xfbf00000-0xfbf03fff 64bit]
[    4.774810] pci 0000:80:05.0: [8086:3c28] type 00 class 0x088000
[    4.782106] pci 0000:80:05.2: [8086:3c2a] type 00 class 0x088000
[    4.789411] pci 0000:80:05.4: [8086:3c2c] type 00 class 0x080020
[    4.796604] pci 0000:80:05.4: reg 10: [mem 0xec000000-0xec000fff]
[    4.804050] pci 0000:80:02.0: PCI bridge to [bus 81]
[    4.810081] pci_bus 0000:80: on NUMA node 1 (pxm 1)
[    4.816023] ACPI: PCI Interrupt Routing Table [\_SB_.PCI1.BR44._PRT]
[    4.823637] pci 0000:80:02.0: System wakeup disabled by ACPI
[    4.836931] ACPI: PCI Root Bridge [UCR0] (domain 0000 [bus 7f])
[    4.844021] acpi PNP0A03:00: ACPI _OSC support notification failed, disabling PCIe ASPM
[    4.853812] acpi PNP0A03:00: Unable to request _OSC control (_OSC support mask: 0x08)
[    4.863591] PCI host bridge to bus 0000:7f
[    4.868633] pci_bus 0000:7f: root bus resource [bus 7f]
[    4.874957] pci 0000:7f:08.0: [8086:3c80] type 00 class 0x088000
[    4.882207] pci 0000:7f:08.3: [8086:3c83] type 00 class 0x088000
[    4.889466] pci 0000:7f:08.4: [8086:3c84] type 00 class 0x088000
[    4.896725] pci 0000:7f:09.0: [8086:3c90] type 00 class 0x088000
[    4.903972] pci 0000:7f:09.3: [8086:3c93] type 00 class 0x088000
[    4.911236] pci 0000:7f:09.4: [8086:3c94] type 00 class 0x088000
[    4.918492] pci 0000:7f:0a.0: [8086:3cc0] type 00 class 0x088000
