Return-Path: <owner-linux-mm@kvack.org>
Received: from mail-pd0-f176.google.com (mail-pd0-f176.google.com [209.85.192.176])
	by kanga.kvack.org (Postfix) with ESMTP id 1D0B76B0031
	for <linux-mm@kvack.org>; Sun,  9 Mar 2014 22:44:05 -0400 (EDT)
Received: by mail-pd0-f176.google.com with SMTP id r10so6424092pdi.7
        for <linux-mm@kvack.org>; Sun, 09 Mar 2014 19:44:04 -0700 (PDT)
Received: from mga11.intel.com (mga11.intel.com. [192.55.52.93])
        by mx.google.com with ESMTP id yo5si15219901pab.237.2014.03.09.19.44.02
        for <linux-mm@kvack.org>;
        Sun, 09 Mar 2014 19:44:03 -0700 (PDT)
Date: Mon, 10 Mar 2014 10:43:56 +0800
From: Fengguang Wu <fengguang.wu@intel.com>
Subject: [vma caching] BUG: unable to handle kernel paging request at
 ffff880008142f40
Message-ID: <20140310024356.GB9322@localhost>
MIME-Version: 1.0
Content-Type: multipart/mixed; boundary="J2SCkAp4GZ/dPZZf"
Content-Disposition: inline
Sender: owner-linux-mm@kvack.org
List-ID: <linux-mm.kvack.org>
To: Davidlohr Bueso <davidlohr@hp.com>
Cc: Rik van Riel <riel@redhat.com>, Michel Lespinasse <walken@google.com>, linux-kernel@vger.kernel.org, linux-mm@kvack.org


--J2SCkAp4GZ/dPZZf
Content-Type: text/plain; charset=us-ascii
Content-Disposition: inline

Hi Davidlohr,

I got the below dmesg and the first bad commit is

git://git.kernel.org/pub/scm/linux/kernel/git/next/linux-next.git master
commit 0d9ad4220e6d73f63a9eeeaac031b92838f75bb3
Author:     Davidlohr Bueso <davidlohr@hp.com>
AuthorDate: Thu Mar 6 11:01:48 2014 +1100
Commit:     Stephen Rothwell <sfr@canb.auug.org.au>
CommitDate: Thu Mar 6 11:01:48 2014 +1100

    mm: per-thread vma caching
    
hwclock: can't open '/dev/misc/rtc': No such file or directory
Running postinst /etc/rpm-postinsts/100...
[    3.658976] BUG: unable to handle kernel paging request at ffff880008142f40
[    3.661422] IP: [<ffffffff8111a1d8>] vmacache_find+0x78/0x90
[    3.662223] PGD 2542067 PUD 2543067 PMD fba5067 PTE 8000000008142060
[    3.662223] Oops: 0000 [#1] DEBUG_PAGEALLOC
[    3.662223] Modules linked in:
[    3.662223] CPU: 0 PID: 326 Comm: 90-trinity Not tainted 3.14.0-rc5-next-20140307 #1
[    3.662223] Hardware name: Bochs Bochs, BIOS Bochs 01/01/2011
[    3.662223] task: ffff8800083020d0 ti: ffff8800082a0000 task.ti: ffff8800082a0000
[    3.662223] RIP: 0010:[<ffffffff8111a1d8>]  [<ffffffff8111a1d8>] vmacache_find+0x78/0x90
[    3.662223] RSP: 0000:ffff8800082a1e00  EFLAGS: 00010282
[    3.662223] RAX: ffff880008142f40 RBX: 00000000000000a9 RCX: ffff8800083020d0
[    3.662223] RDX: 0000000000000002 RSI: 00007fff8a141698 RDI: ffff880008124bc0
[    3.662223] RBP: ffff8800082a1e00 R08: 0000000000000000 R09: 0000000000000001
[    3.662223] R10: ffff8800083020d0 R11: 0000000000000000 R12: 00007fff8a141698
[    3.662223] R13: ffff880008124bc0 R14: ffff8800082a1f58 R15: ffff8800083020d0
[    3.662223] FS:  00007fe3ca364700(0000) GS:ffffffff81a06000(0000) knlGS:0000000000000000
[    3.662223] CS:  0010 DS: 0000 ES: 0000 CR0: 0000000080050033
[    3.662223] CR2: ffff880008142f40 CR3: 000000000824c000 CR4: 00000000000006b0
[    3.662223] Stack:
[    3.662223]  ffff8800082a1e28 ffffffff81125219 00000000000000a9 00007fff8a141698
[    3.662223]  ffff880008124bc0 ffff8800082a1f28 ffffffff816d71fe 0000000000000246
[    3.662223]  0000000000000002 ffff880008124c58 0000000000000006 0000000000000010
[    3.662223] Call Trace:
[    3.662223]  [<ffffffff81125219>] find_vma+0x19/0x70
[    3.662223]  [<ffffffff816d71fe>] __do_page_fault+0x29e/0x560
[    3.662223]  [<ffffffff8116cc6f>] ? mntput_no_expire+0x6f/0x1a0
[    3.662223]  [<ffffffff8116cc11>] ? mntput_no_expire+0x11/0x1a0
[    3.662223]  [<ffffffff8116cdd5>] ? mntput+0x35/0x40
[    3.662223]  [<ffffffff8114f51f>] ? __fput+0x24f/0x290
[    3.662223]  [<ffffffff812794ca>] ? trace_hardirqs_off_thunk+0x3a/0x3c
[    3.662223]  [<ffffffff816d74ce>] do_page_fault+0xe/0x10
[    3.662223]  [<ffffffff816d6ad5>] do_async_page_fault+0x35/0x90
[    3.662223]  [<ffffffff816d3b05>] async_page_fault+0x25/0x30
[    3.662223] Code: c7 81 b0 02 00 00 00 00 00 00 eb 32 0f 1f 80 00 00 00 00 31 d2 66 0f 1f 44 00 00 48 63 c2 48 8b 84 c1 98 02 00 00 48 85 c0 74 0b <48> 39 30 77 06 48 3b 70 08 72 0a 83 c2 01 83 fa 04 75 dd 31 c0 
[    3.662223] RIP  [<ffffffff8111a1d8>] vmacache_find+0x78/0x90
[    3.662223]  RSP <ffff8800082a1e00>
[    3.662223] CR2: ffff880008142f40
[    3.662223] ---[ end trace dead6556b35f2f50 ]---
[    3.662223] Kernel panic - not syncing: Fatal exception

git bisect start 1b0a7e3263168a06d3858798e48c5a21d1c78d3c 56032fc504c9ce9dd6fd697e4687441a7d0ea4a2 --
git bisect  bad 8e6a5f1094819a747c13d6ffef5c44607fb757f8  # 19:31      0-      2  Merge branch 'akpm-current/current'
git bisect  bad e37f7e706daab128221f1fe72967ea4f9ac0c1da  # 19:53      0-      2  zram: move zram size warning to documentation
git bisect good 7f0885cfba68ed357474a55eaa13a5757371f4bd  # 20:13     22+      0  mm-keep-page-cache-radix-tree-nodes-in-check-fix
git bisect good 0caff8dc0cabb8015faa1425c0e61eab4f9c9d2b  # 20:43     22+      3  mm,numa: reorganize change_pmd_range()
git bisect good d6e9552645e4fc33985e6b642ffd2841915eacaa  # 21:05     22+      6  tools/vm/page-types.c: page-cache sniffing feature
git bisect  bad 1d69676e3d045a51ecf3f8f3b6239c46e934f323  # 21:17      0-      1  mm: use macros from compiler.h instead of __attribute__((...))
git bisect good 70051b9078a325e95a0944c688723512ae14459e  # 21:32     22+      5  mm: cleanup size checks in filemap_fault() and filemap_map_pages()
git bisect  bad 0d9ad4220e6d73f63a9eeeaac031b92838f75bb3  # 21:45     14-     19  mm: per-thread vma caching
git bisect good 2c42ccb3347d6e08b3fae34f709a25edbc7b9ad4  # 22:06     48+      3  mm-add-debugfs-tunable-for-fault_around_order-checkpatch-fixes
# first bad commit: [0d9ad4220e6d73f63a9eeeaac031b92838f75bb3] mm: per-thread vma caching
git bisect good 2c42ccb3347d6e08b3fae34f709a25edbc7b9ad4  # 22:13    144+     18  mm-add-debugfs-tunable-for-fault_around_order-checkpatch-fixes
git bisect  bad 1b0a7e3263168a06d3858798e48c5a21d1c78d3c  # 22:13      0-     15  Add linux-next specific files for 20140307
git bisect good ca62eec4e524591b82d9edf7a18e3ae6b691517d  # 22:53    144+     19  Merge branch 'for-3.14-fixes' of git://git.kernel.org/pub/scm/linux/kernel/git/tj/cgroup
git bisect  bad 1b0a7e3263168a06d3858798e48c5a21d1c78d3c  # 22:53      0-     15  Add linux-next specific files for 20140307

Thanks,
Fengguang

--J2SCkAp4GZ/dPZZf
Content-Type: text/plain; charset=us-ascii
Content-Disposition: attachment; filename="dmesg-yocto-snb-26:20140309185003:x86_64-randconfig-i1-03091831::"
Content-Transfer-Encoding: quoted-printable

early console in setup code
early console in decompress_kernel

Decompressing Linux... Parsing ELF... done.
Booting the kernel.
[    0.000000] Linux version 3.14.0-rc5-next-20140307 (kbuild@inn) (gcc ver=
sion 4.8.2 (Debian 4.8.2-16) ) #1 Sun Mar 9 18:46:43 CST 2014
[    0.000000] Command line: hung_task_panic=3D1 earlyprintk=3DttyS0,115200=
 debug apic=3Ddebug sysrq_always_enabled rcupdate.rcu_cpu_stall_timeout=3D1=
00 panic=3D10 softlockup_panic=3D1 nmi_watchdog=3Dpanic  prompt_ramdisk=3D0=
 console=3DttyS0,115200 console=3Dtty0 vga=3Dnormal  root=3D/dev/ram0 rw li=
nk=3D/kernel-tests/run-queue/kvm/x86_64-randconfig-i1-03091831/next:master/=
=2Evmlinuz-1b0a7e3263168a06d3858798e48c5a21d1c78d3c-20140309184826-9-snb br=
anch=3Dnext/master BOOT_IMAGE=3D/kernel/x86_64-randconfig-i1-03091831/1b0a7=
e3263168a06d3858798e48c5a21d1c78d3c/vmlinuz-3.14.0-rc5-next-20140307
[    0.000000] KERNEL supported cpus:
[    0.000000]   Centaur CentaurHauls
[    0.000000] CPU: vendor_id 'GenuineIntel' unknown, using generic init.
[    0.000000] CPU: Your system may be unstable.
[    0.000000] e820: BIOS-provided physical RAM map:
[    0.000000] BIOS-e820: [mem 0x0000000000000000-0x000000000009fbff] usable
[    0.000000] BIOS-e820: [mem 0x000000000009fc00-0x000000000009ffff] reser=
ved
[    0.000000] BIOS-e820: [mem 0x00000000000f0000-0x00000000000fffff] reser=
ved
[    0.000000] BIOS-e820: [mem 0x0000000000100000-0x000000000fffdfff] usable
[    0.000000] BIOS-e820: [mem 0x000000000fffe000-0x000000000fffffff] reser=
ved
[    0.000000] BIOS-e820: [mem 0x00000000feffc000-0x00000000feffffff] reser=
ved
[    0.000000] BIOS-e820: [mem 0x00000000fffc0000-0x00000000ffffffff] reser=
ved
[    0.000000] bootconsole [earlyser0] enabled
[    0.000000] NX (Execute Disable) protection: active
[    0.000000] SMBIOS 2.4 present.
[    0.000000] DMI: Bochs Bochs, BIOS Bochs 01/01/2011
[    0.000000] Hypervisor detected: KVM
[    0.000000] e820: update [mem 0x00000000-0x00000fff] usable =3D=3D> rese=
rved
[    0.000000] e820: remove [mem 0x000a0000-0x000fffff] usable
[    0.000000] e820: last_pfn =3D 0xfffe max_arch_pfn =3D 0x400000000
[    0.000000] MTRR default type: write-back
[    0.000000] MTRR fixed ranges enabled:
[    0.000000]   00000-9FFFF write-back
[    0.000000]   A0000-BFFFF uncachable
[    0.000000]   C0000-FFFFF write-protect
[    0.000000] MTRR variable ranges enabled:
[    0.000000]   0 base 0080000000 mask FF80000000 uncachable
[    0.000000]   1 disabled
[    0.000000]   2 disabled
[    0.000000]   3 disabled
[    0.000000]   4 disabled
[    0.000000]   5 disabled
[    0.000000]   6 disabled
[    0.000000]   7 disabled
[    0.000000] Scan for SMP in [mem 0x00000000-0x000003ff]
[    0.000000] Scan for SMP in [mem 0x0009fc00-0x0009ffff]
[    0.000000] Scan for SMP in [mem 0x000f0000-0x000fffff]
[    0.000000] found SMP MP-table at [mem 0x000fdac0-0x000fdacf] mapped at =
[ffff8800000fdac0]
[    0.000000]   mpc: fdad0-fdbec
[    0.000000] Base memory trampoline at [ffff880000099000] 99000 size 24576
[    0.000000] init_memory_mapping: [mem 0x00000000-0x000fffff]
[    0.000000]  [mem 0x00000000-0x000fffff] page 4k
[    0.000000] BRK [0x02542000, 0x02542fff] PGTABLE
[    0.000000] BRK [0x02543000, 0x02543fff] PGTABLE
[    0.000000] BRK [0x02544000, 0x02544fff] PGTABLE
[    0.000000] init_memory_mapping: [mem 0x0fa00000-0x0fbfffff]
[    0.000000]  [mem 0x0fa00000-0x0fbfffff] page 4k
[    0.000000] BRK [0x02545000, 0x02545fff] PGTABLE
[    0.000000] init_memory_mapping: [mem 0x0c000000-0x0f9fffff]
[    0.000000]  [mem 0x0c000000-0x0f9fffff] page 4k
[    0.000000] BRK [0x02546000, 0x02546fff] PGTABLE
[    0.000000] BRK [0x02547000, 0x02547fff] PGTABLE
[    0.000000] init_memory_mapping: [mem 0x00100000-0x0bffffff]
[    0.000000]  [mem 0x00100000-0x0bffffff] page 4k
[    0.000000] init_memory_mapping: [mem 0x0fc00000-0x0fffdfff]
[    0.000000]  [mem 0x0fc00000-0x0fffdfff] page 4k
[    0.000000] RAMDISK: [mem 0x0fce6000-0x0ffeffff]
[    0.000000] ACPI: RSDP 0x00000000000FD930 000014 (v00 BOCHS )
[    0.000000] ACPI: RSDT 0x000000000FFFE450 000034 (v01 BOCHS  BXPCRSDT 00=
000001 BXPC 00000001)
[    0.000000] ACPI: FACP 0x000000000FFFFF80 000074 (v01 BOCHS  BXPCFACP 00=
000001 BXPC 00000001)
[    0.000000] ACPI: DSDT 0x000000000FFFE490 0011A9 (v01 BXPC   BXDSDT   00=
000001 INTL 20100528)
[    0.000000] ACPI: FACS 0x000000000FFFFF40 000040
[    0.000000] ACPI: SSDT 0x000000000FFFF7A0 000796 (v01 BOCHS  BXPCSSDT 00=
000001 BXPC 00000001)
[    0.000000] ACPI: APIC 0x000000000FFFF680 000080 (v01 BOCHS  BXPCAPIC 00=
000001 BXPC 00000001)
[    0.000000] ACPI: HPET 0x000000000FFFF640 000038 (v01 BOCHS  BXPCHPET 00=
000001 BXPC 00000001)
[    0.000000] ACPI: Local APIC address 0xfee00000
[    0.000000] mapped APIC to ffffffffff5fa000 (        fee00000)
[    0.000000] kvm-clock: Using msrs 4b564d01 and 4b564d00
[    0.000000] kvm-clock: cpu 0, msr 0:fffd001, primary cpu clock
[    0.000000] Zone ranges:
[    0.000000]   DMA      [mem 0x00001000-0x00ffffff]
[    0.000000]   DMA32    [mem 0x01000000-0xffffffff]
[    0.000000]   Normal   empty
[    0.000000] Movable zone start for each node
[    0.000000] Early memory node ranges
[    0.000000]   node   0: [mem 0x00001000-0x0009efff]
[    0.000000]   node   0: [mem 0x00100000-0x0fffdfff]
[    0.000000] On node 0 totalpages: 65436
[    0.000000]   DMA zone: 64 pages used for memmap
[    0.000000]   DMA zone: 21 pages reserved
[    0.000000]   DMA zone: 3998 pages, LIFO batch:0
[    0.000000]   DMA32 zone: 960 pages used for memmap
[    0.000000]   DMA32 zone: 61438 pages, LIFO batch:15
[    0.000000] ACPI: PM-Timer IO Port: 0xb008
[    0.000000] ACPI: Local APIC address 0xfee00000
[    0.000000] mapped APIC to ffffffffff5fa000 (        fee00000)
[    0.000000] ACPI: LAPIC (acpi_id[0x00] lapic_id[0x00] enabled)
[    0.000000] ACPI: LAPIC (acpi_id[0x01] lapic_id[0x01] enabled)
[    0.000000] ACPI: NR_CPUS/possible_cpus limit of 1 reached.  Processor 1=
/0x1 ignored.
[    0.000000] ACPI: LAPIC_NMI (acpi_id[0xff] dfl dfl lint[0x1])
[    0.000000] ACPI: IOAPIC (id[0x00] address[0xfec00000] gsi_base[0])
[    0.000000] IOAPIC[0]: apic_id 0, version 17, address 0xfec00000, GSI 0-=
23
[    0.000000] ACPI: INT_SRC_OVR (bus 0 bus_irq 0 global_irq 2 dfl dfl)
[    0.000000] Int: type 0, pol 0, trig 0, bus 00, IRQ 00, APIC ID 0, APIC =
INT 02
[    0.000000] ACPI: INT_SRC_OVR (bus 0 bus_irq 5 global_irq 5 high level)
[    0.000000] Int: type 0, pol 1, trig 3, bus 00, IRQ 05, APIC ID 0, APIC =
INT 05
[    0.000000] ACPI: INT_SRC_OVR (bus 0 bus_irq 9 global_irq 9 high level)
[    0.000000] Int: type 0, pol 1, trig 3, bus 00, IRQ 09, APIC ID 0, APIC =
INT 09
[    0.000000] ACPI: INT_SRC_OVR (bus 0 bus_irq 10 global_irq 10 high level)
[    0.000000] Int: type 0, pol 1, trig 3, bus 00, IRQ 0a, APIC ID 0, APIC =
INT 0a
[    0.000000] ACPI: INT_SRC_OVR (bus 0 bus_irq 11 global_irq 11 high level)
[    0.000000] Int: type 0, pol 1, trig 3, bus 00, IRQ 0b, APIC ID 0, APIC =
INT 0b
[    0.000000] ACPI: IRQ0 used by override.
[    0.000000] Int: type 0, pol 0, trig 0, bus 00, IRQ 01, APIC ID 0, APIC =
INT 01
[    0.000000] ACPI: IRQ2 used by override.
[    0.000000] Int: type 0, pol 0, trig 0, bus 00, IRQ 03, APIC ID 0, APIC =
INT 03
[    0.000000] Int: type 0, pol 0, trig 0, bus 00, IRQ 04, APIC ID 0, APIC =
INT 04
[    0.000000] ACPI: IRQ5 used by override.
[    0.000000] Int: type 0, pol 0, trig 0, bus 00, IRQ 06, APIC ID 0, APIC =
INT 06
[    0.000000] Int: type 0, pol 0, trig 0, bus 00, IRQ 07, APIC ID 0, APIC =
INT 07
[    0.000000] Int: type 0, pol 0, trig 0, bus 00, IRQ 08, APIC ID 0, APIC =
INT 08
[    0.000000] ACPI: IRQ9 used by override.
[    0.000000] ACPI: IRQ10 used by override.
[    0.000000] ACPI: IRQ11 used by override.
[    0.000000] Int: type 0, pol 0, trig 0, bus 00, IRQ 0c, APIC ID 0, APIC =
INT 0c
[    0.000000] Int: type 0, pol 0, trig 0, bus 00, IRQ 0d, APIC ID 0, APIC =
INT 0d
[    0.000000] Int: type 0, pol 0, trig 0, bus 00, IRQ 0e, APIC ID 0, APIC =
INT 0e
[    0.000000] Int: type 0, pol 0, trig 0, bus 00, IRQ 0f, APIC ID 0, APIC =
INT 0f
[    0.000000] Using ACPI (MADT) for SMP configuration information
[    0.000000] ACPI: HPET id: 0x8086a201 base: 0xfed00000
[    0.000000] mapped IOAPIC to ffffffffff5f9000 (fec00000)
[    0.000000] nr_irqs_gsi: 40
[    0.000000] KVM setup async PF for cpu 0
[    0.000000] kvm-stealtime: cpu 0, msr 1a0c640
[    0.000000] PM: Registered nosave memory: [mem 0x0009f000-0x0009ffff]
[    0.000000] PM: Registered nosave memory: [mem 0x000a0000-0x000effff]
[    0.000000] PM: Registered nosave memory: [mem 0x000f0000-0x000fffff]
[    0.000000] e820: [mem 0x10000000-0xfeffbfff] available for PCI devices
[    0.000000] Booting paravirtualized kernel on KVM
[    0.000000] pcpu-alloc: s0 r0 d32768 u32768 alloc=3D1*32768
[    0.000000] pcpu-alloc: [0] 0=20
[    0.000000] Built 1 zonelists in Zone order, mobility grouping on.  Tota=
l pages: 64391
[    0.000000] Kernel command line: hung_task_panic=3D1 earlyprintk=3DttyS0=
,115200 debug apic=3Ddebug sysrq_always_enabled rcupdate.rcu_cpu_stall_time=
out=3D100 panic=3D10 softlockup_panic=3D1 nmi_watchdog=3Dpanic  prompt_ramd=
isk=3D0 console=3DttyS0,115200 console=3Dtty0 vga=3Dnormal  root=3D/dev/ram=
0 rw link=3D/kernel-tests/run-queue/kvm/x86_64-randconfig-i1-03091831/next:=
master/.vmlinuz-1b0a7e3263168a06d3858798e48c5a21d1c78d3c-20140309184826-9-s=
nb branch=3Dnext/master BOOT_IMAGE=3D/kernel/x86_64-randconfig-i1-03091831/=
1b0a7e3263168a06d3858798e48c5a21d1c78d3c/vmlinuz-3.14.0-rc5-next-20140307
[    0.000000] sysrq: sysrq always enabled.
[    0.000000] PID hash table entries: 1024 (order: 1, 8192 bytes)
[    0.000000] Dentry cache hash table entries: 32768 (order: 6, 262144 byt=
es)
[    0.000000] Inode-cache hash table entries: 16384 (order: 5, 131072 byte=
s)
[    0.000000] Memory: 231140K/261744K available (7024K kernel code, 818K r=
wdata, 3092K rodata, 1004K init, 9812K bss, 30604K reserved)
[    0.000000] NR_IRQS:4352 nr_irqs:256 16
[    0.000000] ACPI: Core revision 20140214
[    0.000000] ACPI: All ACPI Tables successfully acquired
[    0.000000] Linux version 3.14.0-rc5-next-20140307 (kbuild@inn) (gcc ver=
sion 4.8.2 (Debian 4.8.2-16) ) #1 Sun Mar 9 18:46:43 CST 2014
[    0.000000] Command line: hung_task_panic=3D1 earlyprintk=3DttyS0,115200=
 debug apic=3Ddebug sysrq_always_enabled rcupdate.rcu_cpu_stall_timeout=3D1=
00 panic=3D10 softlockup_panic=3D1 nmi_watchdog=3Dpanic  prompt_ramdisk=3D0=
 console=3DttyS0,115200 console=3Dtty0 vga=3Dnormal  root=3D/dev/ram0 rw li=
nk=3D/kernel-tests/run-queue/kvm/x86_64-randconfig-i1-03091831/next:master/=
=2Evmlinuz-1b0a7e3263168a06d3858798e48c5a21d1c78d3c-20140309184826-9-snb br=
anch=3Dnext/master BOOT_IMAGE=3D/kernel/x86_64-randconfig-i1-03091831/1b0a7=
e3263168a06d3858798e48c5a21d1c78d3c/vmlinuz-3.14.0-rc5-next-20140307
[    0.000000] KERNEL supported cpus:
[    0.000000]   Centaur CentaurHauls
[    0.000000] CPU: vendor_id 'GenuineIntel' unknown, using generic init.
[    0.000000] CPU: Your system may be unstable.
[    0.000000] e820: BIOS-provided physical RAM map:
[    0.000000] BIOS-e820: [mem 0x0000000000000000-0x000000000009fbff] usable
[    0.000000] BIOS-e820: [mem 0x000000000009fc00-0x000000000009ffff] reser=
ved
[    0.000000] BIOS-e820: [mem 0x00000000000f0000-0x00000000000fffff] reser=
ved
[    0.000000] BIOS-e820: [mem 0x0000000000100000-0x000000000fffdfff] usable
[    0.000000] BIOS-e820: [mem 0x000000000fffe000-0x000000000fffffff] reser=
ved
[    0.000000] BIOS-e820: [mem 0x00000000feffc000-0x00000000feffffff] reser=
ved
[    0.000000] BIOS-e820: [mem 0x00000000fffc0000-0x00000000ffffffff] reser=
ved
[    0.000000] bootconsole [earlyser0] enabled
[    0.000000] NX (Execute Disable) protection: active
[    0.000000] SMBIOS 2.4 present.
[    0.000000] DMI: Bochs Bochs, BIOS Bochs 01/01/2011
[    0.000000] Hypervisor detected: KVM
[    0.000000] e820: update [mem 0x00000000-0x00000fff] usable =3D=3D> rese=
rved
[    0.000000] e820: remove [mem 0x000a0000-0x000fffff] usable
[    0.000000] e820: last_pfn =3D 0xfffe max_arch_pfn =3D 0x400000000
[    0.000000] MTRR default type: write-back
[    0.000000] MTRR fixed ranges enabled:
[    0.000000]   00000-9FFFF write-back
[    0.000000]   A0000-BFFFF uncachable
[    0.000000]   C0000-FFFFF write-protect
[    0.000000] MTRR variable ranges enabled:
[    0.000000]   0 base 0080000000 mask FF80000000 uncachable
[    0.000000]   1 disabled
[    0.000000]   2 disabled
[    0.000000]   3 disabled
[    0.000000]   4 disabled
[    0.000000]   5 disabled
[    0.000000]   6 disabled
[    0.000000]   7 disabled
[    0.000000] Scan for SMP in [mem 0x00000000-0x000003ff]
[    0.000000] Scan for SMP in [mem 0x0009fc00-0x0009ffff]
[    0.000000] Scan for SMP in [mem 0x000f0000-0x000fffff]
[    0.000000] found SMP MP-table at [mem 0x000fdac0-0x000fdacf] mapped at =
[ffff8800000fdac0]
[    0.000000]   mpc: fdad0-fdbec
[    0.000000] Base memory trampoline at [ffff880000099000] 99000 size 24576
[    0.000000] init_memory_mapping: [mem 0x00000000-0x000fffff]
[    0.000000]  [mem 0x00000000-0x000fffff] page 4k
[    0.000000] BRK [0x02542000, 0x02542fff] PGTABLE
[    0.000000] BRK [0x02543000, 0x02543fff] PGTABLE
[    0.000000] BRK [0x02544000, 0x02544fff] PGTABLE
[    0.000000] init_memory_mapping: [mem 0x0fa00000-0x0fbfffff]
[    0.000000]  [mem 0x0fa00000-0x0fbfffff] page 4k
[    0.000000] BRK [0x02545000, 0x02545fff] PGTABLE
[    0.000000] init_memory_mapping: [mem 0x0c000000-0x0f9fffff]
[    0.000000]  [mem 0x0c000000-0x0f9fffff] page 4k
[    0.000000] BRK [0x02546000, 0x02546fff] PGTABLE
[    0.000000] BRK [0x02547000, 0x02547fff] PGTABLE
[    0.000000] init_memory_mapping: [mem 0x00100000-0x0bffffff]
[    0.000000]  [mem 0x00100000-0x0bffffff] page 4k
[    0.000000] init_memory_mapping: [mem 0x0fc00000-0x0fffdfff]
[    0.000000]  [mem 0x0fc00000-0x0fffdfff] page 4k
[    0.000000] RAMDISK: [mem 0x0fce6000-0x0ffeffff]
[    0.000000] ACPI: RSDP 0x00000000000FD930 000014 (v00 BOCHS )
[    0.000000] ACPI: RSDT 0x000000000FFFE450 000034 (v01 BOCHS  BXPCRSDT 00=
000001 BXPC 00000001)
[    0.000000] ACPI: FACP 0x000000000FFFFF80 000074 (v01 BOCHS  BXPCFACP 00=
000001 BXPC 00000001)
[    0.000000] ACPI: DSDT 0x000000000FFFE490 0011A9 (v01 BXPC   BXDSDT   00=
000001 INTL 20100528)
[    0.000000] ACPI: FACS 0x000000000FFFFF40 000040
[    0.000000] ACPI: SSDT 0x000000000FFFF7A0 000796 (v01 BOCHS  BXPCSSDT 00=
000001 BXPC 00000001)
[    0.000000] ACPI: APIC 0x000000000FFFF680 000080 (v01 BOCHS  BXPCAPIC 00=
000001 BXPC 00000001)
[    0.000000] ACPI: HPET 0x000000000FFFF640 000038 (v01 BOCHS  BXPCHPET 00=
000001 BXPC 00000001)
[    0.000000] ACPI: Local APIC address 0xfee00000
[    0.000000] mapped APIC to ffffffffff5fa000 (        fee00000)
[    0.000000] kvm-clock: Using msrs 4b564d01 and 4b564d00
[    0.000000] kvm-clock: cpu 0, msr 0:fffd001, primary cpu clock
[    0.000000] Zone ranges:
[    0.000000]   DMA      [mem 0x00001000-0x00ffffff]
[    0.000000]   DMA32    [mem 0x01000000-0xffffffff]
[    0.000000]   Normal   empty
[    0.000000] Movable zone start for each node
[    0.000000] Early memory node ranges
[    0.000000]   node   0: [mem 0x00001000-0x0009efff]
[    0.000000]   node   0: [mem 0x00100000-0x0fffdfff]
[    0.000000] On node 0 totalpages: 65436
[    0.000000]   DMA zone: 64 pages used for memmap
[    0.000000]   DMA zone: 21 pages reserved
[    0.000000]   DMA zone: 3998 pages, LIFO batch:0
[    0.000000]   DMA32 zone: 960 pages used for memmap
[    0.000000]   DMA32 zone: 61438 pages, LIFO batch:15
[    0.000000] ACPI: PM-Timer IO Port: 0xb008
[    0.000000] ACPI: Local APIC address 0xfee00000
[    0.000000] mapped APIC to ffffffffff5fa000 (        fee00000)
[    0.000000] ACPI: LAPIC (acpi_id[0x00] lapic_id[0x00] enabled)
[    0.000000] ACPI: LAPIC (acpi_id[0x01] lapic_id[0x01] enabled)
[    0.000000] ACPI: NR_CPUS/possible_cpus limit of 1 reached.  Processor 1=
/0x1 ignored.
[    0.000000] ACPI: LAPIC_NMI (acpi_id[0xff] dfl dfl lint[0x1])
[    0.000000] ACPI: IOAPIC (id[0x00] address[0xfec00000] gsi_base[0])
[    0.000000] IOAPIC[0]: apic_id 0, version 17, address 0xfec00000, GSI 0-=
23
[    0.000000] ACPI: INT_SRC_OVR (bus 0 bus_irq 0 global_irq 2 dfl dfl)
[    0.000000] Int: type 0, pol 0, trig 0, bus 00, IRQ 00, APIC ID 0, APIC =
INT 02
[    0.000000] ACPI: INT_SRC_OVR (bus 0 bus_irq 5 global_irq 5 high level)
[    0.000000] Int: type 0, pol 1, trig 3, bus 00, IRQ 05, APIC ID 0, APIC =
INT 05
[    0.000000] ACPI: INT_SRC_OVR (bus 0 bus_irq 9 global_irq 9 high level)
[    0.000000] Int: type 0, pol 1, trig 3, bus 00, IRQ 09, APIC ID 0, APIC =
INT 09
[    0.000000] ACPI: INT_SRC_OVR (bus 0 bus_irq 10 global_irq 10 high level)
[    0.000000] Int: type 0, pol 1, trig 3, bus 00, IRQ 0a, APIC ID 0, APIC =
INT 0a
[    0.000000] ACPI: INT_SRC_OVR (bus 0 bus_irq 11 global_irq 11 high level)
[    0.000000] Int: type 0, pol 1, trig 3, bus 00, IRQ 0b, APIC ID 0, APIC =
INT 0b
[    0.000000] ACPI: IRQ0 used by override.
[    0.000000] Int: type 0, pol 0, trig 0, bus 00, IRQ 01, APIC ID 0, APIC =
INT 01
[    0.000000] ACPI: IRQ2 used by override.
[    0.000000] Int: type 0, pol 0, trig 0, bus 00, IRQ 03, APIC ID 0, APIC =
INT 03
[    0.000000] Int: type 0, pol 0, trig 0, bus 00, IRQ 04, APIC ID 0, APIC =
INT 04
[    0.000000] ACPI: IRQ5 used by override.
[    0.000000] Int: type 0, pol 0, trig 0, bus 00, IRQ 06, APIC ID 0, APIC =
INT 06
[    0.000000] Int: type 0, pol 0, trig 0, bus 00, IRQ 07, APIC ID 0, APIC =
INT 07
[    0.000000] Int: type 0, pol 0, trig 0, bus 00, IRQ 08, APIC ID 0, APIC =
INT 08
[    0.000000] ACPI: IRQ9 used by override.
[    0.000000] ACPI: IRQ10 used by override.
[    0.000000] ACPI: IRQ11 used by override.
[    0.000000] Int: type 0, pol 0, trig 0, bus 00, IRQ 0c, APIC ID 0, APIC =
INT 0c
[    0.000000] Int: type 0, pol 0, trig 0, bus 00, IRQ 0d, APIC ID 0, APIC =
INT 0d
[    0.000000] Int: type 0, pol 0, trig 0, bus 00, IRQ 0e, APIC ID 0, APIC =
INT 0e
[    0.000000] Int: type 0, pol 0, trig 0, bus 00, IRQ 0f, APIC ID 0, APIC =
INT 0f
[    0.000000] Using ACPI (MADT) for SMP configuration information
[    0.000000] ACPI: HPET id: 0x8086a201 base: 0xfed00000
[    0.000000] mapped IOAPIC to ffffffffff5f9000 (fec00000)
[    0.000000] nr_irqs_gsi: 40
[    0.000000] KVM setup async PF for cpu 0
[    0.000000] kvm-stealtime: cpu 0, msr 1a0c640
[    0.000000] PM: Registered nosave memory: [mem 0x0009f000-0x0009ffff]
[    0.000000] PM: Registered nosave memory: [mem 0x000a0000-0x000effff]
[    0.000000] PM: Registered nosave memory: [mem 0x000f0000-0x000fffff]
[    0.000000] e820: [mem 0x10000000-0xfeffbfff] available for PCI devices
[    0.000000] Booting paravirtualized kernel on KVM
[    0.000000] pcpu-alloc: s0 r0 d32768 u32768 alloc=3D1*32768
[    0.000000] pcpu-alloc: [0] 0=20
[    0.000000] Built 1 zonelists in Zone order, mobility grouping on.  Tota=
l pages: 64391
[    0.000000] Kernel command line: hung_task_panic=3D1 earlyprintk=3DttyS0=
,115200 debug apic=3Ddebug sysrq_always_enabled rcupdate.rcu_cpu_stall_time=
out=3D100 panic=3D10 softlockup_panic=3D1 nmi_watchdog=3Dpanic  prompt_ramd=
isk=3D0 console=3DttyS0,115200 console=3Dtty0 vga=3Dnormal  root=3D/dev/ram=
0 rw link=3D/kernel-tests/run-queue/kvm/x86_64-randconfig-i1-03091831/next:=
master/.vmlinuz-1b0a7e3263168a06d3858798e48c5a21d1c78d3c-20140309184826-9-s=
nb branch=3Dnext/master BOOT_IMAGE=3D/kernel/x86_64-randconfig-i1-03091831/=
1b0a7e3263168a06d3858798e48c5a21d1c78d3c/vmlinuz-3.14.0-rc5-next-20140307
[    0.000000] sysrq: sysrq always enabled.
[    0.000000] PID hash table entries: 1024 (order: 1, 8192 bytes)
[    0.000000] Dentry cache hash table entries: 32768 (order: 6, 262144 byt=
es)
[    0.000000] Inode-cache hash table entries: 16384 (order: 5, 131072 byte=
s)
[    0.000000] Memory: 231140K/261744K available (7024K kernel code, 818K r=
wdata, 3092K rodata, 1004K init, 9812K bss, 30604K reserved)
[    0.000000] NR_IRQS:4352 nr_irqs:256 16
[    0.000000] ACPI: Core revision 20140214
[    0.000000] ACPI: All ACPI Tables successfully acquired
[    0.000000] console [ttyS0] enabled
[    0.000000] console [ttyS0] enabled
[    0.000000] Lock dependency validator: Copyright (c) 2006 Red Hat, Inc.,=
 Ingo Molnar
[    0.000000] Lock dependency validator: Copyright (c) 2006 Red Hat, Inc.,=
 Ingo Molnar
[    0.000000] ... MAX_LOCKDEP_SUBCLASSES:  8
[    0.000000] ... MAX_LOCKDEP_SUBCLASSES:  8
[    0.000000] ... MAX_LOCK_DEPTH:          48
[    0.000000] ... MAX_LOCK_DEPTH:          48
[    0.000000] ... MAX_LOCKDEP_KEYS:        8191
[    0.000000] ... MAX_LOCKDEP_KEYS:        8191
[    0.000000] ... CLASSHASH_SIZE:          4096
[    0.000000] ... CLASSHASH_SIZE:          4096
[    0.000000] ... MAX_LOCKDEP_ENTRIES:     16384
[    0.000000] ... MAX_LOCKDEP_ENTRIES:     16384
[    0.000000] ... MAX_LOCKDEP_CHAINS:      32768
[    0.000000] ... MAX_LOCKDEP_CHAINS:      32768
[    0.000000] ... CHAINHASH_SIZE:          16384
[    0.000000] ... CHAINHASH_SIZE:          16384
[    0.000000]  memory used by lock dependency info: 5855 kB
[    0.000000]  memory used by lock dependency info: 5855 kB
[    0.000000]  per task-struct memory footprint: 1920 bytes
[    0.000000]  per task-struct memory footprint: 1920 bytes
[    0.000000] ------------------------
[    0.000000] ------------------------
[    0.000000] | Locking API testsuite:
[    0.000000] | Locking API testsuite:
[    0.000000] ------------------------------------------------------------=
----------------
[    0.000000] ------------------------------------------------------------=
----------------
[    0.000000]                                  | spin |wlock |rlock |mutex=
 | wsem | rsem |
[    0.000000]                                  | spin |wlock |rlock |mutex=
 | wsem | rsem |
[    0.000000]   ----------------------------------------------------------=
----------------
[    0.000000]   ----------------------------------------------------------=
----------------
[    0.000000]                      A-A deadlock:
[    0.000000]                      A-A deadlock:  ok  |  ok  |  ok  |  ok =
 |  ok  |  ok  |  ok  |  ok  |  ok  |  ok  |  ok  |  ok  |

[    0.000000]                  A-B-B-A deadlock:
[    0.000000]                  A-B-B-A deadlock:  ok  |  ok  |  ok  |  ok =
 |  ok  |  ok  |  ok  |  ok  |  ok  |  ok  |  ok  |  ok  |

[    0.000000]              A-B-B-C-C-A deadlock:
[    0.000000]              A-B-B-C-C-A deadlock:  ok  |  ok  |  ok  |  ok =
 |  ok  |  ok  |  ok  |  ok  |  ok  |  ok  |  ok  |  ok  |

[    0.000000]              A-B-C-A-B-C deadlock:
[    0.000000]              A-B-C-A-B-C deadlock:  ok  |  ok  |  ok  |  ok =
 |  ok  |  ok  |  ok  |  ok  |  ok  |  ok  |  ok  |  ok  |

[    0.000000]          A-B-B-C-C-D-D-A deadlock:
[    0.000000]          A-B-B-C-C-D-D-A deadlock:  ok  |  ok  |  ok  |  ok =
 |  ok  |  ok  |  ok  |  ok  |  ok  |  ok  |  ok  |  ok  |

[    0.000000]          A-B-C-D-B-D-D-A deadlock:
[    0.000000]          A-B-C-D-B-D-D-A deadlock:  ok  |  ok  |  ok  |  ok =
 |  ok  |  ok  |  ok  |  ok  |  ok  |  ok  |  ok  |  ok  |

[    0.000000]          A-B-C-D-B-C-D-A deadlock:
[    0.000000]          A-B-C-D-B-C-D-A deadlock:  ok  |  ok  |  ok  |  ok =
 |  ok  |  ok  |  ok  |  ok  |  ok  |  ok  |  ok  |  ok  |

[    0.000000]                     double unlock:
[    0.000000]                     double unlock:  ok  |  ok  |  ok  |  ok =
 |  ok  |  ok  |  ok  |  ok  |  ok  |  ok  |  ok  |  ok  |

[    0.000000]                   initialize held:
[    0.000000]                   initialize held:  ok  |  ok  |  ok  |  ok =
 |  ok  |  ok  |  ok  |  ok  |  ok  |  ok  |  ok  |  ok  |

[    0.000000]                  bad unlock order:
[    0.000000]                  bad unlock order:  ok  |  ok  |  ok  |  ok =
 |  ok  |  ok  |  ok  |  ok  |  ok  |  ok  |  ok  |  ok  |

[    0.000000]   ----------------------------------------------------------=
----------------
[    0.000000]   ----------------------------------------------------------=
----------------
[    0.000000]               recursive read-lock:
[    0.000000]               recursive read-lock:             |            =
 |  ok  |  ok  |             |             |  ok  |  ok  |

[    0.000000]            recursive read-lock #2:
[    0.000000]            recursive read-lock #2:             |            =
 |  ok  |  ok  |             |             |  ok  |  ok  |

[    0.000000]             mixed read-write-lock:
[    0.000000]             mixed read-write-lock:             |            =
 |  ok  |  ok  |             |             |  ok  |  ok  |

[    0.000000]             mixed write-read-lock:
[    0.000000]             mixed write-read-lock:             |            =
 |  ok  |  ok  |             |             |  ok  |  ok  |

[    0.000000]   ----------------------------------------------------------=
----------------
[    0.000000]   ----------------------------------------------------------=
----------------
[    0.000000]      hard-irqs-on + irq-safe-A/12:
[    0.000000]      hard-irqs-on + irq-safe-A/12:  ok  |  ok  |  ok  |  ok =
 |  ok  |  ok  |

[    0.000000]      soft-irqs-on + irq-safe-A/12:
[    0.000000]      soft-irqs-on + irq-safe-A/12:  ok  |  ok  |  ok  |  ok =
 |  ok  |  ok  |

[    0.000000]      hard-irqs-on + irq-safe-A/21:
[    0.000000]      hard-irqs-on + irq-safe-A/21:  ok  |  ok  |  ok  |  ok =
 |  ok  |  ok  |

[    0.000000]      soft-irqs-on + irq-safe-A/21:
[    0.000000]      soft-irqs-on + irq-safe-A/21:  ok  |  ok  |  ok  |  ok =
 |  ok  |  ok  |

[    0.000000]        sirq-safe-A =3D> hirqs-on/12:
[    0.000000]        sirq-safe-A =3D> hirqs-on/12:  ok  |  ok  |  ok  |  o=
k  |  ok  |  ok  |

[    0.000000]        sirq-safe-A =3D> hirqs-on/21:
[    0.000000]        sirq-safe-A =3D> hirqs-on/21:  ok  |  ok  |  ok  |  o=
k  |  ok  |  ok  |

[    0.000000]          hard-safe-A + irqs-on/12:
[    0.000000]          hard-safe-A + irqs-on/12:  ok  |  ok  |  ok  |  ok =
 |  ok  |  ok  |

[    0.000000]          soft-safe-A + irqs-on/12:
[    0.000000]          soft-safe-A + irqs-on/12:  ok  |  ok  |  ok  |  ok =
 |  ok  |  ok  |

[    0.000000]          hard-safe-A + irqs-on/21:
[    0.000000]          hard-safe-A + irqs-on/21:  ok  |  ok  |  ok  |  ok =
 |  ok  |  ok  |

[    0.000000]          soft-safe-A + irqs-on/21:
[    0.000000]          soft-safe-A + irqs-on/21:  ok  |  ok  |  ok  |  ok =
 |  ok  |  ok  |

[    0.000000]     hard-safe-A + unsafe-B #1/123:
[    0.000000]     hard-safe-A + unsafe-B #1/123:  ok  |  ok  |  ok  |  ok =
 |  ok  |  ok  |

[    0.000000]     soft-safe-A + unsafe-B #1/123:
[    0.000000]     soft-safe-A + unsafe-B #1/123:  ok  |  ok  |  ok  |  ok =
 |  ok  |  ok  |

[    0.000000]     hard-safe-A + unsafe-B #1/132:
[    0.000000]     hard-safe-A + unsafe-B #1/132:  ok  |  ok  |  ok  |  ok =
 |  ok  |  ok  |

[    0.000000]     soft-safe-A + unsafe-B #1/132:
[    0.000000]     soft-safe-A + unsafe-B #1/132:  ok  |  ok  |  ok  |  ok =
 |  ok  |  ok  |

[    0.000000]     hard-safe-A + unsafe-B #1/213:
[    0.000000]     hard-safe-A + unsafe-B #1/213:  ok  |  ok  |  ok  |  ok =
 |  ok  |  ok  |

[    0.000000]     soft-safe-A + unsafe-B #1/213:
[    0.000000]     soft-safe-A + unsafe-B #1/213:  ok  |  ok  |  ok  |  ok =
 |  ok  |  ok  |

[    0.000000]     hard-safe-A + unsafe-B #1/231:
[    0.000000]     hard-safe-A + unsafe-B #1/231:  ok  |  ok  |  ok  |  ok =
 |  ok  |  ok  |

[    0.000000]     soft-safe-A + unsafe-B #1/231:
[    0.000000]     soft-safe-A + unsafe-B #1/231:  ok  |  ok  |  ok  |  ok =
 |  ok  |  ok  |

[    0.000000]     hard-safe-A + unsafe-B #1/312:
[    0.000000]     hard-safe-A + unsafe-B #1/312:  ok  |  ok  |  ok  |  ok =
 |  ok  |  ok  |

[    0.000000]     soft-safe-A + unsafe-B #1/312:
[    0.000000]     soft-safe-A + unsafe-B #1/312:  ok  |  ok  |  ok  |  ok =
 |  ok  |  ok  |

[    0.000000]     hard-safe-A + unsafe-B #1/321:
[    0.000000]     hard-safe-A + unsafe-B #1/321:  ok  |  ok  |  ok  |  ok =
 |  ok  |  ok  |

[    0.000000]     soft-safe-A + unsafe-B #1/321:
[    0.000000]     soft-safe-A + unsafe-B #1/321:  ok  |  ok  |  ok  |  ok =
 |  ok  |  ok  |

[    0.000000]     hard-safe-A + unsafe-B #2/123:
[    0.000000]     hard-safe-A + unsafe-B #2/123:  ok  |  ok  |  ok  |  ok =
 |  ok  |  ok  |

[    0.000000]     soft-safe-A + unsafe-B #2/123:
[    0.000000]     soft-safe-A + unsafe-B #2/123:  ok  |  ok  |  ok  |  ok =
 |  ok  |  ok  |

[    0.000000]     hard-safe-A + unsafe-B #2/132:
[    0.000000]     hard-safe-A + unsafe-B #2/132:  ok  |  ok  |  ok  |  ok =
 |  ok  |  ok  |

[    0.000000]     soft-safe-A + unsafe-B #2/132:
[    0.000000]     soft-safe-A + unsafe-B #2/132:  ok  |  ok  |  ok  |  ok =
 |  ok  |  ok  |

[    0.000000]     hard-safe-A + unsafe-B #2/213:
[    0.000000]     hard-safe-A + unsafe-B #2/213:  ok  |  ok  |  ok  |  ok =
 |  ok  |  ok  |

[    0.000000]     soft-safe-A + unsafe-B #2/213:
[    0.000000]     soft-safe-A + unsafe-B #2/213:  ok  |  ok  |  ok  |  ok =
 |  ok  |  ok  |

[    0.000000]     hard-safe-A + unsafe-B #2/231:
[    0.000000]     hard-safe-A + unsafe-B #2/231:  ok  |  ok  |  ok  |  ok =
 |  ok  |  ok  |

[    0.000000]     soft-safe-A + unsafe-B #2/231:
[    0.000000]     soft-safe-A + unsafe-B #2/231:  ok  |  ok  |  ok  |  ok =
 |  ok  |  ok  |

[    0.000000]     hard-safe-A + unsafe-B #2/312:
[    0.000000]     hard-safe-A + unsafe-B #2/312:  ok  |  ok  |  ok  |  ok =
 |  ok  |  ok  |

[    0.000000]     soft-safe-A + unsafe-B #2/312:
[    0.000000]     soft-safe-A + unsafe-B #2/312:  ok  |  ok  |  ok  |  ok =
 |  ok  |  ok  |

[    0.000000]     hard-safe-A + unsafe-B #2/321:
[    0.000000]     hard-safe-A + unsafe-B #2/321:  ok  |  ok  |  ok  |  ok =
 |  ok  |  ok  |

[    0.000000]     soft-safe-A + unsafe-B #2/321:
[    0.000000]     soft-safe-A + unsafe-B #2/321:  ok  |  ok  |  ok  |  ok =
 |  ok  |  ok  |

[    0.000000]       hard-irq lock-inversion/123:
[    0.000000]       hard-irq lock-inversion/123:  ok  |  ok  |  ok  |  ok =
 |  ok  |  ok  |

[    0.000000]       soft-irq lock-inversion/123:
[    0.000000]       soft-irq lock-inversion/123:  ok  |  ok  |  ok  |  ok =
 |  ok  |  ok  |

[    0.000000]       hard-irq lock-inversion/132:
[    0.000000]       hard-irq lock-inversion/132:  ok  |  ok  |  ok  |  ok =
 |  ok  |  ok  |

[    0.000000]       soft-irq lock-inversion/132:
[    0.000000]       soft-irq lock-inversion/132:  ok  |  ok  |  ok  |  ok =
 |  ok  |  ok  |

[    0.000000]       hard-irq lock-inversion/213:
[    0.000000]       hard-irq lock-inversion/213:  ok  |  ok  |  ok  |  ok =
 |  ok  |  ok  |

[    0.000000]       soft-irq lock-inversion/213:
[    0.000000]       soft-irq lock-inversion/213:  ok  |  ok  |  ok  |  ok =
 |  ok  |  ok  |

[    0.000000]       hard-irq lock-inversion/231:
[    0.000000]       hard-irq lock-inversion/231:  ok  |  ok  |  ok  |  ok =
 |  ok  |  ok  |

[    0.000000]       soft-irq lock-inversion/231:
[    0.000000]       soft-irq lock-inversion/231:  ok  |  ok  |  ok  |  ok =
 |  ok  |  ok  |

[    0.000000]       hard-irq lock-inversion/312:
[    0.000000]       hard-irq lock-inversion/312:  ok  |  ok  |  ok  |  ok =
 |  ok  |  ok  |

[    0.000000]       soft-irq lock-inversion/312:
[    0.000000]       soft-irq lock-inversion/312:  ok  |  ok  |  ok  |  ok =
 |  ok  |  ok  |

[    0.000000]       hard-irq lock-inversion/321:
[    0.000000]       hard-irq lock-inversion/321:  ok  |  ok  |  ok  |  ok =
 |  ok  |  ok  |

[    0.000000]       soft-irq lock-inversion/321:
[    0.000000]       soft-irq lock-inversion/321:  ok  |  ok  |  ok  |  ok =
 |  ok  |  ok  |

[    0.000000]       hard-irq read-recursion/123:
[    0.000000]       hard-irq read-recursion/123:  ok  |  ok  |

[    0.000000]       soft-irq read-recursion/123:
[    0.000000]       soft-irq read-recursion/123:  ok  |  ok  |

[    0.000000]       hard-irq read-recursion/132:
[    0.000000]       hard-irq read-recursion/132:  ok  |  ok  |

[    0.000000]       soft-irq read-recursion/132:
[    0.000000]       soft-irq read-recursion/132:  ok  |  ok  |

[    0.000000]       hard-irq read-recursion/213:
[    0.000000]       hard-irq read-recursion/213:  ok  |  ok  |

[    0.000000]       soft-irq read-recursion/213:
[    0.000000]       soft-irq read-recursion/213:  ok  |  ok  |

[    0.000000]       hard-irq read-recursion/231:
[    0.000000]       hard-irq read-recursion/231:  ok  |  ok  |

[    0.000000]       soft-irq read-recursion/231:
[    0.000000]       soft-irq read-recursion/231:  ok  |  ok  |

[    0.000000]       hard-irq read-recursion/312:
[    0.000000]       hard-irq read-recursion/312:  ok  |  ok  |

[    0.000000]       soft-irq read-recursion/312:
[    0.000000]       soft-irq read-recursion/312:  ok  |  ok  |

[    0.000000]       hard-irq read-recursion/321:
[    0.000000]       hard-irq read-recursion/321:  ok  |  ok  |

[    0.000000]       soft-irq read-recursion/321:
[    0.000000]       soft-irq read-recursion/321:  ok  |  ok  |

[    0.000000]   ----------------------------------------------------------=
----------------
[    0.000000]   ----------------------------------------------------------=
----------------
[    0.000000]   | Wound/wait tests |
[    0.000000]   | Wound/wait tests |
[    0.000000]   ---------------------
[    0.000000]   ---------------------
[    0.000000]                   ww api failures:
[    0.000000]                   ww api failures:  ok  |  ok  |  ok  |  ok =
 |  ok  |  ok  |

[    0.000000]                ww contexts mixing:
[    0.000000]                ww contexts mixing:  ok  |  ok  |  ok  |  ok =
 |

[    0.000000]              finishing ww context:
[    0.000000]              finishing ww context:  ok  |  ok  |  ok  |  ok =
 |  ok  |  ok  |  ok  |  ok  |

[    0.000000]                locking mismatches:
[    0.000000]                locking mismatches:  ok  |  ok  |  ok  |  ok =
 |  ok  |  ok  |

[    0.000000]                  EDEADLK handling:
[    0.000000]                  EDEADLK handling:  ok  |  ok  |  ok  |  ok =
 |  ok  |  ok  |  ok  |  ok  |  ok  |  ok  |  ok  |  ok  |  ok  |  ok  |  o=
k  |  ok  |  ok  |  ok  |  ok  |  ok  |

[    0.000000]            spinlock nest unlocked:
[    0.000000]            spinlock nest unlocked:  ok  |  ok  |

[    0.000000]   -----------------------------------------------------
[    0.000000]   -----------------------------------------------------
[    0.000000]                                  |block | try  |context|
[    0.000000]                                  |block | try  |context|
[    0.000000]   -----------------------------------------------------
[    0.000000]   -----------------------------------------------------
[    0.000000]                           context:
[    0.000000]                           context:  ok  |  ok  |  ok  |  ok =
 |  ok  |  ok  |

[    0.000000]                               try:
[    0.000000]                               try:  ok  |  ok  |  ok  |  ok =
 |  ok  |  ok  |

[    0.000000]                             block:
[    0.000000]                             block:  ok  |  ok  |  ok  |  ok =
 |  ok  |  ok  |

[    0.000000]                          spinlock:
[    0.000000]                          spinlock:  ok  |  ok  |  ok  |  ok =
 |  ok  |  ok  |

[    0.000000] -------------------------------------------------------
[    0.000000] -------------------------------------------------------
[    0.000000] Good, all 253 testcases passed! |
[    0.000000] Good, all 253 testcases passed! |
[    0.000000] ---------------------------------
[    0.000000] ---------------------------------
[    0.000000] ODEBUG: 9 of 9 active objects replaced
[    0.000000] ODEBUG: 9 of 9 active objects replaced
[    0.000000] ODEBUG: selftest passed
[    0.000000] ODEBUG: selftest passed
[    0.000000] hpet clockevent registered
[    0.000000] hpet clockevent registered
[    0.000000] tsc: Detected 2300.158 MHz processor
[    0.000000] tsc: Detected 2300.158 MHz processor
[    0.008000] Calibrating delay loop (skipped) preset value..=20
[    0.008000] Calibrating delay loop (skipped) preset value.. 4600.31 Bogo=
MIPS (lpj=3D9200632)
4600.31 BogoMIPS (lpj=3D9200632)
[    0.009087] pid_max: default: 4096 minimum: 301
[    0.009087] pid_max: default: 4096 minimum: 301
[    0.012552] Security Framework initialized
[    0.012552] Security Framework initialized
[    0.014290] Mount-cache hash table entries: 256
[    0.014290] Mount-cache hash table entries: 256
[    0.018288] Last level iTLB entries: 4KB 0, 2MB 0, 4MB 0
[    0.018288] Last level dTLB entries: 4KB 0, 2MB 0, 4MB 0, 1GB 0
[    0.018288] tlb_flushall_shift: -1
[    0.018288] Last level iTLB entries: 4KB 0, 2MB 0, 4MB 0
[    0.018288] Last level dTLB entries: 4KB 0, 2MB 0, 4MB 0, 1GB 0
[    0.018288] tlb_flushall_shift: -1
[    0.020015] CPU:=20
[    0.020015] CPU: GenuineIntel GenuineIntel Common KVM processorCommon KV=
M processor (fam: 0f, model: 06 (fam: 0f, model: 06, stepping: 01)
, stepping: 01)
[    0.029152] ftrace: allocating 23604 entries in 93 pages
[    0.029152] ftrace: allocating 23604 entries in 93 pages
[    0.040739] Performance Events:=20
[    0.040739] Performance Events: no PMU driver, software events only.
no PMU driver, software events only.
[    0.046949] Getting VERSION: 50014
[    0.046949] Getting VERSION: 50014
[    0.048022] Getting VERSION: 50014
[    0.048022] Getting VERSION: 50014
[    0.049264] Getting ID: 0
[    0.049264] Getting ID: 0
[    0.050275] Getting ID: ff000000
[    0.050275] Getting ID: ff000000
[    0.052028] Getting LVT0: 8700
[    0.052028] Getting LVT0: 8700
[    0.053180] Getting LVT1: 8400
[    0.053180] Getting LVT1: 8400
[    0.054389] enabled ExtINT on CPU#0
[    0.054389] enabled ExtINT on CPU#0
[    0.057608] ENABLING IO-APIC IRQs
[    0.057608] ENABLING IO-APIC IRQs
[    0.058882] init IO_APIC IRQs
[    0.058882] init IO_APIC IRQs
[    0.060015]  apic 0 pin 0 not connected
[    0.060015]  apic 0 pin 0 not connected
[    0.061467] IOAPIC[0]: Set routing entry (0-1 -> 0x31 -> IRQ 1 Mode:0 Ac=
tive:0 Dest:1)
[    0.061467] IOAPIC[0]: Set routing entry (0-1 -> 0x31 -> IRQ 1 Mode:0 Ac=
tive:0 Dest:1)
[    0.064051] IOAPIC[0]: Set routing entry (0-2 -> 0x30 -> IRQ 0 Mode:0 Ac=
tive:0 Dest:1)
[    0.064051] IOAPIC[0]: Set routing entry (0-2 -> 0x30 -> IRQ 0 Mode:0 Ac=
tive:0 Dest:1)
[    0.068053] IOAPIC[0]: Set routing entry (0-3 -> 0x33 -> IRQ 3 Mode:0 Ac=
tive:0 Dest:1)
[    0.068053] IOAPIC[0]: Set routing entry (0-3 -> 0x33 -> IRQ 3 Mode:0 Ac=
tive:0 Dest:1)
[    0.071022] IOAPIC[0]: Set routing entry (0-4 -> 0x34 -> IRQ 4 Mode:0 Ac=
tive:0 Dest:1)
[    0.071022] IOAPIC[0]: Set routing entry (0-4 -> 0x34 -> IRQ 4 Mode:0 Ac=
tive:0 Dest:1)
[    0.072050] IOAPIC[0]: Set routing entry (0-5 -> 0x35 -> IRQ 5 Mode:1 Ac=
tive:0 Dest:1)
[    0.072050] IOAPIC[0]: Set routing entry (0-5 -> 0x35 -> IRQ 5 Mode:1 Ac=
tive:0 Dest:1)
[    0.076045] IOAPIC[0]: Set routing entry (0-6 -> 0x36 -> IRQ 6 Mode:0 Ac=
tive:0 Dest:1)
[    0.076045] IOAPIC[0]: Set routing entry (0-6 -> 0x36 -> IRQ 6 Mode:0 Ac=
tive:0 Dest:1)
[    0.080046] IOAPIC[0]: Set routing entry (0-7 -> 0x37 -> IRQ 7 Mode:0 Ac=
tive:0 Dest:1)
[    0.080046] IOAPIC[0]: Set routing entry (0-7 -> 0x37 -> IRQ 7 Mode:0 Ac=
tive:0 Dest:1)
[    0.084144] IOAPIC[0]: Set routing entry (0-8 -> 0x38 -> IRQ 8 Mode:0 Ac=
tive:0 Dest:1)
[    0.084144] IOAPIC[0]: Set routing entry (0-8 -> 0x38 -> IRQ 8 Mode:0 Ac=
tive:0 Dest:1)
[    0.087088] IOAPIC[0]: Set routing entry (0-9 -> 0x39 -> IRQ 9 Mode:1 Ac=
tive:0 Dest:1)
[    0.087088] IOAPIC[0]: Set routing entry (0-9 -> 0x39 -> IRQ 9 Mode:1 Ac=
tive:0 Dest:1)
[    0.088049] IOAPIC[0]: Set routing entry (0-10 -> 0x3a -> IRQ 10 Mode:1 =
Active:0 Dest:1)
[    0.088049] IOAPIC[0]: Set routing entry (0-10 -> 0x3a -> IRQ 10 Mode:1 =
Active:0 Dest:1)
[    0.092053] IOAPIC[0]: Set routing entry (0-11 -> 0x3b -> IRQ 11 Mode:1 =
Active:0 Dest:1)
[    0.092053] IOAPIC[0]: Set routing entry (0-11 -> 0x3b -> IRQ 11 Mode:1 =
Active:0 Dest:1)
[    0.096052] IOAPIC[0]: Set routing entry (0-12 -> 0x3c -> IRQ 12 Mode:0 =
Active:0 Dest:1)
[    0.096052] IOAPIC[0]: Set routing entry (0-12 -> 0x3c -> IRQ 12 Mode:0 =
Active:0 Dest:1)
[    0.099058] IOAPIC[0]: Set routing entry (0-13 -> 0x3d -> IRQ 13 Mode:0 =
Active:0 Dest:1)
[    0.099058] IOAPIC[0]: Set routing entry (0-13 -> 0x3d -> IRQ 13 Mode:0 =
Active:0 Dest:1)
[    0.100084] IOAPIC[0]: Set routing entry (0-14 -> 0x3e -> IRQ 14 Mode:0 =
Active:0 Dest:1)
[    0.100084] IOAPIC[0]: Set routing entry (0-14 -> 0x3e -> IRQ 14 Mode:0 =
Active:0 Dest:1)
[    0.104051] IOAPIC[0]: Set routing entry (0-15 -> 0x3f -> IRQ 15 Mode:0 =
Active:0 Dest:1)
[    0.104051] IOAPIC[0]: Set routing entry (0-15 -> 0x3f -> IRQ 15 Mode:0 =
Active:0 Dest:1)
[    0.108040]  apic 0 pin 16 not connected
[    0.108040]  apic 0 pin 16 not connected
[    0.109542]  apic 0 pin 17 not connected
[    0.109542]  apic 0 pin 17 not connected
[    0.112008]  apic 0 pin 18 not connected
[    0.112008]  apic 0 pin 18 not connected
[    0.113554]  apic 0 pin 19 not connected
[    0.113554]  apic 0 pin 19 not connected
[    0.115049]  apic 0 pin 20 not connected
[    0.115049]  apic 0 pin 20 not connected
[    0.116012]  apic 0 pin 21 not connected
[    0.116012]  apic 0 pin 21 not connected
[    0.117527]  apic 0 pin 22 not connected
[    0.117527]  apic 0 pin 22 not connected
[    0.120010]  apic 0 pin 23 not connected
[    0.120010]  apic 0 pin 23 not connected
[    0.121736] ..TIMER: vector=3D0x30 apic1=3D0 pin1=3D2 apic2=3D-1 pin2=3D=
-1
[    0.121736] ..TIMER: vector=3D0x30 apic1=3D0 pin1=3D2 apic2=3D-1 pin2=3D=
-1
[    0.124013] Using local APIC timer interrupts.
[    0.124013] calibrating APIC timer ...
[    0.124013] Using local APIC timer interrupts.
[    0.124013] calibrating APIC timer ...
[    0.132000] ... lapic delta =3D 6249996
[    0.132000] ... lapic delta =3D 6249996
[    0.132000] ... PM-Timer delta =3D 357938
[    0.132000] ... PM-Timer delta =3D 357938
[    0.132000] ... PM-Timer result ok
[    0.132000] ... PM-Timer result ok
[    0.132000] ..... delta 6249996
[    0.132000] ..... delta 6249996
[    0.132000] ..... mult: 268435284
[    0.132000] ..... mult: 268435284
[    0.132000] ..... calibration result: 3999997
[    0.132000] ..... calibration result: 3999997
[    0.132000] ..... CPU clock speed is 2299.3528 MHz.
[    0.132000] ..... CPU clock speed is 2299.3528 MHz.
[    0.132000] ..... host bus clock speed is 999.3997 MHz.
[    0.132000] ..... host bus clock speed is 999.3997 MHz.
[    0.133882] devtmpfs: initialized
[    0.133882] devtmpfs: initialized
[    0.155657] atomic64 test passed for x86-64 platform with CX8 and with S=
SE
[    0.155657] atomic64 test passed for x86-64 platform with CX8 and with S=
SE
[    0.162464] regulator-dummy: no parameters
[    0.162464] regulator-dummy: no parameters
[    0.165471] NET: Registered protocol family 16
[    0.165471] NET: Registered protocol family 16
[    0.172818] cpuidle: using governor ladder
[    0.172818] cpuidle: using governor ladder
[    0.175334] cpuidle: using governor menu
[    0.175334] cpuidle: using governor menu
[    0.176640] ACPI: bus type PCI registered
[    0.176640] ACPI: bus type PCI registered
[    0.181029] PCI: Using configuration type 1 for base access
[    0.181029] PCI: Using configuration type 1 for base access
[    0.219640] gpio-f7188x: Not a Fintek device at 0x0000002e
[    0.219640] gpio-f7188x: Not a Fintek device at 0x0000002e
[    0.220094] gpio-f7188x: Not a Fintek device at 0x0000004e
[    0.220094] gpio-f7188x: Not a Fintek device at 0x0000004e
[    0.228048] ACPI: Added _OSI(Module Device)
[    0.228048] ACPI: Added _OSI(Module Device)
[    0.230769] ACPI: Added _OSI(Processor Device)
[    0.230769] ACPI: Added _OSI(Processor Device)
[    0.232011] ACPI: Added _OSI(3.0 _SCP Extensions)
[    0.232011] ACPI: Added _OSI(3.0 _SCP Extensions)
[    0.236012] ACPI: Added _OSI(Processor Aggregator Device)
[    0.236012] ACPI: Added _OSI(Processor Aggregator Device)
[    0.281251] ACPI: Interpreter enabled
[    0.281251] ACPI: Interpreter enabled
[    0.283540] ACPI Exception: AE_NOT_FOUND,=20
[    0.283540] ACPI Exception: AE_NOT_FOUND, While evaluating Sleep State [=
\_S1_]While evaluating Sleep State [\_S1_] (20140214/hwxface-580)
 (20140214/hwxface-580)
[    0.289499] ACPI Exception: AE_NOT_FOUND,=20
[    0.289499] ACPI Exception: AE_NOT_FOUND, While evaluating Sleep State [=
\_S2_]While evaluating Sleep State [\_S2_] (20140214/hwxface-580)
 (20140214/hwxface-580)
[    0.293421] ACPI: (supports S0 S3 S4)
[    0.293421] ACPI: (supports S0 S3 S4)
[    0.296011] ACPI: Using IOAPIC for interrupt routing
[    0.296011] ACPI: Using IOAPIC for interrupt routing
[    0.300296] PCI: Using host bridge windows from ACPI; if necessary, use =
"pci=3Dnocrs" and report a bug
[    0.300296] PCI: Using host bridge windows from ACPI; if necessary, use =
"pci=3Dnocrs" and report a bug
[    0.356990] ACPI: PCI Root Bridge [PCI0] (domain 0000 [bus 00-ff])
[    0.356990] ACPI: PCI Root Bridge [PCI0] (domain 0000 [bus 00-ff])
[    0.360028] acpi PNP0A03:00: _OSC: OS supports [Segments]
[    0.360028] acpi PNP0A03:00: _OSC: OS supports [Segments]
[    0.363267] acpi PNP0A03:00: _OSC failed (AE_NOT_FOUND); disabling ASPM
[    0.363267] acpi PNP0A03:00: _OSC failed (AE_NOT_FOUND); disabling ASPM
[    0.371257] PCI host bridge to bus 0000:00
[    0.371257] PCI host bridge to bus 0000:00
[    0.372045] pci_bus 0000:00: root bus resource [bus 00-ff]
[    0.372045] pci_bus 0000:00: root bus resource [bus 00-ff]
[    0.376015] pci_bus 0000:00: root bus resource [io  0x0000-0x0cf7]
[    0.376015] pci_bus 0000:00: root bus resource [io  0x0000-0x0cf7]
[    0.380016] pci_bus 0000:00: root bus resource [io  0x0d00-0xffff]
[    0.380016] pci_bus 0000:00: root bus resource [io  0x0d00-0xffff]
[    0.384013] pci_bus 0000:00: root bus resource [mem 0x000a0000-0x000bfff=
f]
[    0.384013] pci_bus 0000:00: root bus resource [mem 0x000a0000-0x000bfff=
f]
[    0.388017] pci_bus 0000:00: root bus resource [mem 0x80000000-0xfebffff=
f]
[    0.388017] pci_bus 0000:00: root bus resource [mem 0x80000000-0xfebffff=
f]
[    0.392166] pci 0000:00:00.0: [8086:1237] type 00 class 0x060000
[    0.392166] pci 0000:00:00.0: [8086:1237] type 00 class 0x060000
[    0.398198] pci 0000:00:01.0: [8086:7000] type 00 class 0x060100
[    0.398198] pci 0000:00:01.0: [8086:7000] type 00 class 0x060100
[    0.404807] pci 0000:00:01.1: [8086:7010] type 00 class 0x010180
[    0.404807] pci 0000:00:01.1: [8086:7010] type 00 class 0x010180
[    0.413643] pci 0000:00:01.1: reg 0x20: [io  0xc1c0-0xc1cf]
[    0.413643] pci 0000:00:01.1: reg 0x20: [io  0xc1c0-0xc1cf]
[    0.420918] pci 0000:00:01.3: [8086:7113] type 00 class 0x068000
[    0.420918] pci 0000:00:01.3: [8086:7113] type 00 class 0x068000
[    0.424706] pci 0000:00:01.3: quirk: [io  0xb000-0xb03f] claimed by PIIX=
4 ACPI
[    0.424706] pci 0000:00:01.3: quirk: [io  0xb000-0xb03f] claimed by PIIX=
4 ACPI
[    0.428040] pci 0000:00:01.3: quirk: [io  0xb100-0xb10f] claimed by PIIX=
4 SMB
[    0.428040] pci 0000:00:01.3: quirk: [io  0xb100-0xb10f] claimed by PIIX=
4 SMB
[    0.433864] pci 0000:00:02.0: [1013:00b8] type 00 class 0x030000
[    0.433864] pci 0000:00:02.0: [1013:00b8] type 00 class 0x030000
[    0.441291] pci 0000:00:02.0: reg 0x10: [mem 0xfc000000-0xfdffffff pref]
[    0.441291] pci 0000:00:02.0: reg 0x10: [mem 0xfc000000-0xfdffffff pref]
[    0.448096] pci 0000:00:02.0: reg 0x14: [mem 0xfebf0000-0xfebf0fff]
[    0.448096] pci 0000:00:02.0: reg 0x14: [mem 0xfebf0000-0xfebf0fff]
[    0.466533] pci 0000:00:02.0: reg 0x30: [mem 0xfebe0000-0xfebeffff pref]
[    0.466533] pci 0000:00:02.0: reg 0x30: [mem 0xfebe0000-0xfebeffff pref]
[    0.473895] pci 0000:00:03.0: [8086:100e] type 00 class 0x020000
[    0.473895] pci 0000:00:03.0: [8086:100e] type 00 class 0x020000
[    0.478017] pci 0000:00:03.0: reg 0x10: [mem 0xfeba0000-0xfebbffff]
[    0.478017] pci 0000:00:03.0: reg 0x10: [mem 0xfeba0000-0xfebbffff]
[    0.485011] pci 0000:00:03.0: reg 0x14: [io  0xc000-0xc03f]
[    0.485011] pci 0000:00:03.0: reg 0x14: [io  0xc000-0xc03f]
[    0.497905] pci 0000:00:03.0: reg 0x30: [mem 0xfebc0000-0xfebdffff pref]
[    0.497905] pci 0000:00:03.0: reg 0x30: [mem 0xfebc0000-0xfebdffff pref]
[    0.504817] pci 0000:00:04.0: [1af4:1001] type 00 class 0x010000
[    0.504817] pci 0000:00:04.0: [1af4:1001] type 00 class 0x010000
[    0.510156] pci 0000:00:04.0: reg 0x10: [io  0xc040-0xc07f]
[    0.510156] pci 0000:00:04.0: reg 0x10: [io  0xc040-0xc07f]
[    0.516013] pci 0000:00:04.0: reg 0x14: [mem 0xfebf1000-0xfebf1fff]
[    0.516013] pci 0000:00:04.0: reg 0x14: [mem 0xfebf1000-0xfebf1fff]
[    0.531007] pci 0000:00:05.0: [1af4:1001] type 00 class 0x010000
[    0.531007] pci 0000:00:05.0: [1af4:1001] type 00 class 0x010000
[    0.537000] pci 0000:00:05.0: reg 0x10: [io  0xc080-0xc0bf]
[    0.537000] pci 0000:00:05.0: reg 0x10: [io  0xc080-0xc0bf]
[    0.542038] pci 0000:00:05.0: reg 0x14: [mem 0xfebf2000-0xfebf2fff]
[    0.542038] pci 0000:00:05.0: reg 0x14: [mem 0xfebf2000-0xfebf2fff]
[    0.559040] pci 0000:00:06.0: [1af4:1001] type 00 class 0x010000
[    0.559040] pci 0000:00:06.0: [1af4:1001] type 00 class 0x010000
[    0.564014] pci 0000:00:06.0: reg 0x10: [io  0xc0c0-0xc0ff]
[    0.564014] pci 0000:00:06.0: reg 0x10: [io  0xc0c0-0xc0ff]
[    0.570054] pci 0000:00:06.0: reg 0x14: [mem 0xfebf3000-0xfebf3fff]
[    0.570054] pci 0000:00:06.0: reg 0x14: [mem 0xfebf3000-0xfebf3fff]
[    0.585805] pci 0000:00:07.0: [1af4:1001] type 00 class 0x010000
[    0.585805] pci 0000:00:07.0: [1af4:1001] type 00 class 0x010000
[    0.590072] pci 0000:00:07.0: reg 0x10: [io  0xc100-0xc13f]
[    0.590072] pci 0000:00:07.0: reg 0x10: [io  0xc100-0xc13f]
[    0.597069] pci 0000:00:07.0: reg 0x14: [mem 0xfebf4000-0xfebf4fff]
[    0.597069] pci 0000:00:07.0: reg 0x14: [mem 0xfebf4000-0xfebf4fff]
[    0.612804] pci 0000:00:08.0: [1af4:1001] type 00 class 0x010000
[    0.612804] pci 0000:00:08.0: [1af4:1001] type 00 class 0x010000
[    0.618228] pci 0000:00:08.0: reg 0x10: [io  0xc140-0xc17f]
[    0.618228] pci 0000:00:08.0: reg 0x10: [io  0xc140-0xc17f]
[    0.624012] pci 0000:00:08.0: reg 0x14: [mem 0xfebf5000-0xfebf5fff]
[    0.624012] pci 0000:00:08.0: reg 0x14: [mem 0xfebf5000-0xfebf5fff]
[    0.638973] pci 0000:00:09.0: [1af4:1001] type 00 class 0x010000
[    0.638973] pci 0000:00:09.0: [1af4:1001] type 00 class 0x010000
[    0.645024] pci 0000:00:09.0: reg 0x10: [io  0xc180-0xc1bf]
[    0.645024] pci 0000:00:09.0: reg 0x10: [io  0xc180-0xc1bf]
[    0.649997] pci 0000:00:09.0: reg 0x14: [mem 0xfebf6000-0xfebf6fff]
[    0.649997] pci 0000:00:09.0: reg 0x14: [mem 0xfebf6000-0xfebf6fff]
[    0.667109] pci 0000:00:0a.0: [8086:25ab] type 00 class 0x088000
[    0.667109] pci 0000:00:0a.0: [8086:25ab] type 00 class 0x088000
[    0.672010] pci 0000:00:0a.0: reg 0x10: [mem 0xfebf7000-0xfebf700f]
[    0.672010] pci 0000:00:0a.0: reg 0x10: [mem 0xfebf7000-0xfebf700f]
[    0.684092] pci_bus 0000:00: on NUMA node 0
[    0.684092] pci_bus 0000:00: on NUMA node 0
[    0.690640] ACPI: PCI Interrupt Link [LNKA] (IRQs
[    0.690640] ACPI: PCI Interrupt Link [LNKA] (IRQs 5 5 *10 *10 11 11))

[    0.693806] ACPI: PCI Interrupt Link [LNKB] (IRQs
[    0.693806] ACPI: PCI Interrupt Link [LNKB] (IRQs 5 5 *10 *10 11 11))

[    0.697811] ACPI: PCI Interrupt Link [LNKC] (IRQs
[    0.697811] ACPI: PCI Interrupt Link [LNKC] (IRQs 5 5 10 10 *11 *11))

[    0.704513] ACPI: PCI Interrupt Link [LNKD] (IRQs
[    0.704513] ACPI: PCI Interrupt Link [LNKD] (IRQs 5 5 10 10 *11 *11))

[    0.708561] ACPI: PCI Interrupt Link [LNKS] (IRQs
[    0.708561] ACPI: PCI Interrupt Link [LNKS] (IRQs *9 *9))

[    0.715703] ACPI:=20
[    0.715703] ACPI: Enabled 16 GPEs in block 00 to 0FEnabled 16 GPEs in bl=
ock 00 to 0F

[    0.727812] pps_core: LinuxPPS API ver. 1 registered
[    0.727812] pps_core: LinuxPPS API ver. 1 registered
[    0.728008] pps_core: Software ver. 5.3.6 - Copyright 2005-2007 Rodolfo =
Giometti <giometti@linux.it>
[    0.728008] pps_core: Software ver. 5.3.6 - Copyright 2005-2007 Rodolfo =
Giometti <giometti@linux.it>
[    0.732181] PTP clock support registered
[    0.732181] PTP clock support registered
[    0.734982] PCI: Using ACPI for IRQ routing
[    0.734982] PCI: Using ACPI for IRQ routing
[    0.736018] PCI: pci_cache_line_size set to 64 bytes
[    0.736018] PCI: pci_cache_line_size set to 64 bytes
[    0.740413] e820: reserve RAM buffer [mem 0x0009fc00-0x0009ffff]
[    0.740413] e820: reserve RAM buffer [mem 0x0009fc00-0x0009ffff]
[    0.744044] e820: reserve RAM buffer [mem 0x0fffe000-0x0fffffff]
[    0.744044] e820: reserve RAM buffer [mem 0x0fffe000-0x0fffffff]
[    0.752497] NET: Registered protocol family 8
[    0.752497] NET: Registered protocol family 8
[    0.755085] NET: Registered protocol family 20
[    0.755085] NET: Registered protocol family 20
[    0.761534] Switched to clocksource kvm-clock
[    0.761534] Switched to clocksource kvm-clock
[    0.764021] Could not create debugfs 'set_ftrace_filter' entry
[    0.764021] Could not create debugfs 'set_ftrace_filter' entry
[    0.767577] Could not create debugfs 'set_ftrace_notrace' entry
[    0.767577] Could not create debugfs 'set_ftrace_notrace' entry
[    0.915749] FS-Cache: Loaded
[    0.915749] FS-Cache: Loaded
[    0.917792] pnp: PnP ACPI init
[    0.917792] pnp: PnP ACPI init
[    0.920128] ACPI: bus type PNP registered
[    0.920128] ACPI: bus type PNP registered
[    0.922760] IOAPIC[0]: Set routing entry (0-8 -> 0x38 -> IRQ 8 Mode:0 Ac=
tive:0 Dest:1)
[    0.922760] IOAPIC[0]: Set routing entry (0-8 -> 0x38 -> IRQ 8 Mode:0 Ac=
tive:0 Dest:1)
[    0.928386] pnp 00:00: Plug and Play ACPI device, IDs PNP0b00 (active)
[    0.928386] pnp 00:00: Plug and Play ACPI device, IDs PNP0b00 (active)
[    0.932497] IOAPIC[0]: Set routing entry (0-1 -> 0x31 -> IRQ 1 Mode:0 Ac=
tive:0 Dest:1)
[    0.932497] IOAPIC[0]: Set routing entry (0-1 -> 0x31 -> IRQ 1 Mode:0 Ac=
tive:0 Dest:1)
[    0.937996] pnp 00:01: Plug and Play ACPI device, IDs PNP0303 (active)
[    0.937996] pnp 00:01: Plug and Play ACPI device, IDs PNP0303 (active)
[    0.942099] IOAPIC[0]: Set routing entry (0-12 -> 0x3c -> IRQ 12 Mode:0 =
Active:0 Dest:1)
[    0.942099] IOAPIC[0]: Set routing entry (0-12 -> 0x3c -> IRQ 12 Mode:0 =
Active:0 Dest:1)
[    0.947769] pnp 00:02: Plug and Play ACPI device, IDs PNP0f13 (active)
[    0.947769] pnp 00:02: Plug and Play ACPI device, IDs PNP0f13 (active)
[    0.952119] IOAPIC[0]: Set routing entry (0-6 -> 0x36 -> IRQ 6 Mode:0 Ac=
tive:0 Dest:1)
[    0.952119] IOAPIC[0]: Set routing entry (0-6 -> 0x36 -> IRQ 6 Mode:0 Ac=
tive:0 Dest:1)
[    0.956856] pnp 00:03: [dma 2]
[    0.956856] pnp 00:03: [dma 2]
[    0.959474] pnp 00:03: Plug and Play ACPI device, IDs PNP0700 (active)
[    0.959474] pnp 00:03: Plug and Play ACPI device, IDs PNP0700 (active)
[    0.963797] IOAPIC[0]: Set routing entry (0-7 -> 0x37 -> IRQ 7 Mode:0 Ac=
tive:0 Dest:1)
[    0.963797] IOAPIC[0]: Set routing entry (0-7 -> 0x37 -> IRQ 7 Mode:0 Ac=
tive:0 Dest:1)
[    0.969254] pnp 00:04: Plug and Play ACPI device, IDs PNP0400 (active)
[    0.969254] pnp 00:04: Plug and Play ACPI device, IDs PNP0400 (active)
[    0.973491] IOAPIC[0]: Set routing entry (0-4 -> 0x34 -> IRQ 4 Mode:0 Ac=
tive:0 Dest:1)
[    0.973491] IOAPIC[0]: Set routing entry (0-4 -> 0x34 -> IRQ 4 Mode:0 Ac=
tive:0 Dest:1)
[    0.979057] pnp 00:05: Plug and Play ACPI device, IDs PNP0501 (active)
[    0.979057] pnp 00:05: Plug and Play ACPI device, IDs PNP0501 (active)
[    0.984699] pnp 00:06: Plug and Play ACPI device, IDs PNP0103 (active)
[    0.984699] pnp 00:06: Plug and Play ACPI device, IDs PNP0103 (active)
[    0.989792] pnp: PnP ACPI: found 7 devices
[    0.989792] pnp: PnP ACPI: found 7 devices
[    0.992257] ACPI: bus type PNP unregistered
[    0.992257] ACPI: bus type PNP unregistered
[    0.995837] cfg80211: Calling CRDA to update world regulatory domain
[    0.995837] cfg80211: Calling CRDA to update world regulatory domain
[    1.011656] pci_bus 0000:00: resource 4 [io  0x0000-0x0cf7]
[    1.011656] pci_bus 0000:00: resource 4 [io  0x0000-0x0cf7]
[    1.015100] pci_bus 0000:00: resource 5 [io  0x0d00-0xffff]
[    1.015100] pci_bus 0000:00: resource 5 [io  0x0d00-0xffff]
[    1.018299] pci_bus 0000:00: resource 6 [mem 0x000a0000-0x000bffff]
[    1.018299] pci_bus 0000:00: resource 6 [mem 0x000a0000-0x000bffff]
[    1.022150] pci_bus 0000:00: resource 7 [mem 0x80000000-0xfebfffff]
[    1.022150] pci_bus 0000:00: resource 7 [mem 0x80000000-0xfebfffff]
[    1.025939] NET: Registered protocol family 1
[    1.025939] NET: Registered protocol family 1
[    1.028132] pci 0000:00:00.0: Limiting direct PCI/PCI transfers
[    1.028132] pci 0000:00:00.0: Limiting direct PCI/PCI transfers
[    1.031053] pci 0000:00:01.0: PIIX3: Enabling Passive Release
[    1.031053] pci 0000:00:01.0: PIIX3: Enabling Passive Release
[    1.033871] pci 0000:00:01.0: Activating ISA DMA hang workarounds
[    1.033871] pci 0000:00:01.0: Activating ISA DMA hang workarounds
[    1.036741] pci 0000:00:02.0: Boot video device
[    1.036741] pci 0000:00:02.0: Boot video device
[    1.039217] PCI: CLS 0 bytes, default 64
[    1.039217] PCI: CLS 0 bytes, default 64
[    1.042429] Unpacking initramfs...
[    1.042429] Unpacking initramfs...
[    1.251351] debug: unmapping init [mem 0xffff88000fce6000-0xffff88000ffe=
ffff]
[    1.251351] debug: unmapping init [mem 0xffff88000fce6000-0xffff88000ffe=
ffff]
[    1.257624] cryptomgr_test (17) used greatest stack depth: 6592 bytes le=
ft
[    1.257624] cryptomgr_test (17) used greatest stack depth: 6592 bytes le=
ft
[    1.264637] sha1_ssse3: Neither AVX nor SSSE3 is available/usable.
[    1.264637] sha1_ssse3: Neither AVX nor SSSE3 is available/usable.
[    1.267632] PCLMULQDQ-NI instructions are not detected.
[    1.267632] PCLMULQDQ-NI instructions are not detected.
[    1.270268] sha256_ssse3: Neither AVX nor SSSE3 is available/usable.
[    1.270268] sha256_ssse3: Neither AVX nor SSSE3 is available/usable.
[    1.273439] sha512_ssse3: Neither AVX nor SSSE3 is available/usable.
[    1.273439] sha512_ssse3: Neither AVX nor SSSE3 is available/usable.
[    1.276667] AVX or AES-NI instructions are not detected.
[    1.276667] AVX or AES-NI instructions are not detected.
[    1.279374] AVX instructions are not detected.
[    1.279374] AVX instructions are not detected.
[    1.281677] AVX2 or AES-NI instructions are not detected.
[    1.281677] AVX2 or AES-NI instructions are not detected.
[    1.284704] spin_lock-torture:--- Start of test: nwriters_stress=3D2 sta=
t_interval=3D60 verbose=3D1 shuffle_interval=3D3 stutter=3D5 shutdown_secs=
=3D0 onoff_interval=3D0 onoff_holdoff=3D0
[    1.284704] spin_lock-torture:--- Start of test: nwriters_stress=3D2 sta=
t_interval=3D60 verbose=3D1 shuffle_interval=3D3 stutter=3D5 shutdown_secs=
=3D0 onoff_interval=3D0 onoff_holdoff=3D0
[    1.292217] spin_lock-torture: Creating torture_shuffle task
[    1.292217] spin_lock-torture: Creating torture_shuffle task
[    1.295350] spin_lock-torture: Creating torture_stutter task
[    1.295350] spin_lock-torture: Creating torture_stutter task
[    1.298247] spin_lock-torture: torture_shuffle task started
[    1.298247] spin_lock-torture: torture_shuffle task started
[    1.301395] spin_lock-torture: Creating lock_torture_writer task
[    1.301395] spin_lock-torture: Creating lock_torture_writer task
[    1.304577] spin_lock-torture: torture_stutter task started
[    1.304577] spin_lock-torture: torture_stutter task started
[    1.307258] spin_lock-torture: Creating lock_torture_writer task
[    1.307258] spin_lock-torture: Creating lock_torture_writer task
[    1.310327] spin_lock-torture: lock_torture_writer task started
[    1.310327] spin_lock-torture: lock_torture_writer task started
[    1.313245] spin_lock-torture: Creating lock_torture_stats task
[    1.313245] spin_lock-torture: Creating lock_torture_stats task
[    1.316338] spin_lock-torture: lock_torture_writer task started
[    1.316338] spin_lock-torture: lock_torture_writer task started
[    1.319858] spin_lock-torture: lock_torture_stats task started
[    1.319858] spin_lock-torture: lock_torture_stats task started
[    1.326539] futex hash table entries: 16 (order: -2, 1152 bytes)
[    1.326539] futex hash table entries: 16 (order: -2, 1152 bytes)
[    1.329213] Initialise system trusted keyring
[    1.329213] Initialise system trusted keyring
[    1.362100] bounce pool size: 64 pages
[    1.362100] bounce pool size: 64 pages
[    1.364056] HugeTLB registered 2 MB page size, pre-allocated 0 pages
[    1.364056] HugeTLB registered 2 MB page size, pre-allocated 0 pages
[    1.368269] VFS: Disk quotas dquot_6.5.2
[    1.368269] VFS: Disk quotas dquot_6.5.2
[    1.370378] Dquot-cache hash table entries: 512 (order 0, 4096 bytes)
[    1.370378] Dquot-cache hash table entries: 512 (order 0, 4096 bytes)
[    1.374206] squashfs: version 4.0 (2009/01/31) Phillip Lougher
[    1.374206] squashfs: version 4.0 (2009/01/31) Phillip Lougher
[    1.378263] NILFS version 2 loaded
[    1.378263] NILFS version 2 loaded
[    1.385836] Key type asymmetric registered
[    1.385836] Key type asymmetric registered
[    1.387978] Asymmetric key parser 'x509' registered
[    1.387978] Asymmetric key parser 'x509' registered
[    1.390608] Block layer SCSI generic (bsg) driver version 0.4 loaded (ma=
jor 251)
[    1.390608] Block layer SCSI generic (bsg) driver version 0.4 loaded (ma=
jor 251)
[    1.394407] io scheduler noop registered
[    1.394407] io scheduler noop registered
[    1.396589] io scheduler cfq registered (default)
[    1.396589] io scheduler cfq registered (default)
[    1.399039] list_sort_test: start testing list_sort()
[    1.399039] list_sort_test: start testing list_sort()
[    1.407234] VIA Graphics Integration Chipset framebuffer 2.4 initializing
[    1.407234] VIA Graphics Integration Chipset framebuffer 2.4 initializing
[    1.413362] cirrusfb 0000:00:02.0: Cirrus Logic chipset on PCI bus, RAM =
(4096 kB) at 0xfc000000
[    1.413362] cirrusfb 0000:00:02.0: Cirrus Logic chipset on PCI bus, RAM =
(4096 kB) at 0xfc000000
[    1.422015] input: Power Button as /devices/LNXSYSTM:00/LNXPWRBN:00/inpu=
t/input0
[    1.422015] input: Power Button as /devices/LNXSYSTM:00/LNXPWRBN:00/inpu=
t/input0
[    1.425640] ACPI: Power Button [PWRF]
[    1.425640] ACPI: Power Button [PWRF]
[    1.706193] Serial: 8250/16550 driver, 4 ports, IRQ sharing disabled
[    1.706193] Serial: 8250/16550 driver, 4 ports, IRQ sharing disabled
[    1.734598] 00:05: ttyS0 at I/O 0x3f8 (irq =3D 4, base_baud =3D 115200) =
is a 16550A
[    1.734598] 00:05: ttyS0 at I/O 0x3f8 (irq =3D 4, base_baud =3D 115200) =
is a 16550A
[    1.747621] mtip32xx Version 1.3.0
[    1.747621] mtip32xx Version 1.3.0
[    1.750710] blk-mq: CPU -> queue map
[    1.750710] blk-mq: CPU -> queue map
[    1.752336]   CPU 0 -> Queue 0
[    1.752336]   CPU 0 -> Queue 0
[    1.756802]  nullb0: unknown partition table
[    1.756802]  nullb0: unknown partition table
[    1.760338] blk-mq: CPU -> queue map
[    1.760338] blk-mq: CPU -> queue map
[    1.762101]   CPU 0 -> Queue 0
[    1.762101]   CPU 0 -> Queue 0
[    1.765884]  nullb1: unknown partition table
[    1.765884]  nullb1: unknown partition table
[    1.769109] null: module loaded
[    1.769109] null: module loaded
[    1.770922] dummy-irq: no IRQ given.  Use irq=3DN
[    1.770922] dummy-irq: no IRQ given.  Use irq=3DN
[    1.773649] Phantom Linux Driver, version n0.9.8, init OK
[    1.773649] Phantom Linux Driver, version n0.9.8, init OK
[    1.777158] Silicon Labs C2 port support v. 0.51.0 - (C) 2007 Rodolfo Gi=
ometti
[    1.777158] Silicon Labs C2 port support v. 0.51.0 - (C) 2007 Rodolfo Gi=
ometti
[    1.781516] Guest personality initialized and is inactive
[    1.781516] Guest personality initialized and is inactive
[    1.784789] VMCI host device registered (name=3Dvmci, major=3D10, minor=
=3D61)
[    1.784789] VMCI host device registered (name=3Dvmci, major=3D10, minor=
=3D61)
[    1.788071] Initialized host personality
[    1.788071] Initialized host personality
[    1.790425] mic_init not running on X100 ret -19
[    1.790425] mic_init not running on X100 ret -19
[    1.805603] vcan: Virtual CAN interface driver
[    1.805603] vcan: Virtual CAN interface driver
[    1.808482] cnic: Broadcom NetXtreme II CNIC Driver cnic v2.5.19 (Decemb=
er 19, 2013)
[    1.808482] cnic: Broadcom NetXtreme II CNIC Driver cnic v2.5.19 (Decemb=
er 19, 2013)
[    1.812309] bnx2x: Broadcom NetXtreme II 5771x/578xx 10/20-Gigabit Ether=
net Driver bnx2x 1.78.19-0 (2014/02/10)
[    1.812309] bnx2x: Broadcom NetXtreme II 5771x/578xx 10/20-Gigabit Ether=
net Driver bnx2x 1.78.19-0 (2014/02/10)
[    1.817535] enic: Cisco VIC Ethernet NIC Driver, ver 2.1.1.50
[    1.817535] enic: Cisco VIC Ethernet NIC Driver, ver 2.1.1.50
[    1.821388] sky2: driver version 1.30
[    1.821388] sky2: driver version 1.30
[    1.824645] Solarflare NET driver v4.0
[    1.824645] Solarflare NET driver v4.0
[    1.826806] ipw2100: Intel(R) PRO/Wireless 2100 Network Driver, git-1.2.2
[    1.826806] ipw2100: Intel(R) PRO/Wireless 2100 Network Driver, git-1.2.2
[    1.830096] ipw2100: Copyright(c) 2003-2006 Intel Corporation
[    1.830096] ipw2100: Copyright(c) 2003-2006 Intel Corporation
[    1.833304] libipw: 802.11 data/management/control stack, git-1.1.13
[    1.833304] libipw: 802.11 data/management/control stack, git-1.1.13
[    1.836320] libipw: Copyright (C) 2004-2005 Intel Corporation <jketreno@=
linux.intel.com>
[    1.836320] libipw: Copyright (C) 2004-2005 Intel Corporation <jketreno@=
linux.intel.com>
[    1.840708] Loaded prism54 driver, version 1.2
[    1.840708] Loaded prism54 driver, version 1.2
[    1.844578] I2O subsystem v1.325
[    1.844578] I2O subsystem v1.325
[    1.846233] i2o: max drivers =3D 8
[    1.846233] i2o: max drivers =3D 8
[    1.849011] I2O Configuration OSM v1.323
[    1.849011] I2O Configuration OSM v1.323
[    1.853855] i8042: PNP: PS/2 Controller [PNP0303:KBD,PNP0f13:MOU] at 0x6=
0,0x64 irq 1,12
[    1.853855] i8042: PNP: PS/2 Controller [PNP0303:KBD,PNP0f13:MOU] at 0x6=
0,0x64 irq 1,12
[    1.860488] serio: i8042 KBD port at 0x60,0x64 irq 1
[    1.860488] serio: i8042 KBD port at 0x60,0x64 irq 1
[    1.863223] serio: i8042 AUX port at 0x60,0x64 irq 12
[    1.863223] serio: i8042 AUX port at 0x60,0x64 irq 12
[    1.866969] rtc_cmos 00:00: RTC can wake from S4
[    1.866969] rtc_cmos 00:00: RTC can wake from S4
[    1.870430] rtc (null): alarm rollover: day
[    1.870430] rtc (null): alarm rollover: day
[    1.873330] rtc_cmos 00:00: rtc core: registered rtc_cmos as rtc0
[    1.873330] rtc_cmos 00:00: rtc core: registered rtc_cmos as rtc0
[    1.877047] rtc_cmos 00:00: alarms up to one day, 114 bytes nvram, hpet =
irqs
[    1.877047] rtc_cmos 00:00: alarms up to one day, 114 bytes nvram, hpet =
irqs
[    1.887801] i2c-parport-light: adapter type unspecified
[    1.887801] i2c-parport-light: adapter type unspecified
[    1.891268] advantechwdt: WDT driver for Advantech single board computer=
 initialising
[    1.891268] advantechwdt: WDT driver for Advantech single board computer=
 initialising
[    1.900548] input: AT Translated Set 2 keyboard as /devices/platform/i80=
42/serio0/input/input1
[    1.900548] input: AT Translated Set 2 keyboard as /devices/platform/i80=
42/serio0/input/input1
[    1.907661] advantechwdt: initialized. timeout=3D60 sec (nowayout=3D0)
[    1.907661] advantechwdt: initialized. timeout=3D60 sec (nowayout=3D0)
[    1.911239] sp5100_tco: SP5100/SB800 TCO WatchDog Timer Driver v0.05
[    1.911239] sp5100_tco: SP5100/SB800 TCO WatchDog Timer Driver v0.05
[    1.915609] i6300esb: Intel 6300ESB WatchDog Timer Driver v0.05
[    1.915609] i6300esb: Intel 6300ESB WatchDog Timer Driver v0.05
[    1.919146] i6300esb: cannot register miscdev on minor=3D130 (err=3D-16)
[    1.919146] i6300esb: cannot register miscdev on minor=3D130 (err=3D-16)
[    1.923029] i6300ESB timer: probe of 0000:00:0a.0 failed with error -16
[    1.923029] i6300ESB timer: probe of 0000:00:0a.0 failed with error -16
[    1.927197] w83697hf_wdt: WDT driver for W83697HF/HG initializing
[    1.927197] w83697hf_wdt: WDT driver for W83697HF/HG initializing
[    1.930043] w83697hf_wdt: watchdog not found at address 0x2e
[    1.930043] w83697hf_wdt: watchdog not found at address 0x2e
[    1.932819] w83697hf_wdt: No W83697HF/HG could be found
[    1.932819] w83697hf_wdt: No W83697HF/HG could be found
[    1.935443] w83877f_wdt: I/O address 0x0443 already in use
[    1.935443] w83877f_wdt: I/O address 0x0443 already in use
[    1.939159] ledtrig-cpu: registered to indicate activity on CPUs
[    1.939159] ledtrig-cpu: registered to indicate activity on CPUs
[    1.943282] NET: Registered protocol family 5
[    1.943282] NET: Registered protocol family 5
[    1.945724] can: controller area network core (rev 20120528 abi 9)
[    1.945724] can: controller area network core (rev 20120528 abi 9)
[    1.949227] NET: Registered protocol family 29
[    1.949227] NET: Registered protocol family 29
[    1.951475] can: raw protocol (rev 20120528)
[    1.951475] can: raw protocol (rev 20120528)
[    1.953531] can: broadcast manager protocol (rev 20120528 t)
[    1.953531] can: broadcast manager protocol (rev 20120528 t)
[    1.956291] NET4: DECnet for Linux: V.2.5.68s (C) 1995-2003 Linux DECnet=
 Project Team
[    1.956291] NET4: DECnet for Linux: V.2.5.68s (C) 1995-2003 Linux DECnet=
 Project Team
[    1.961057] DECnet: Routing cache hash table of 256 buckets, 16Kbytes
[    1.961057] DECnet: Routing cache hash table of 256 buckets, 16Kbytes
[    1.964331] NET: Registered protocol family 12
[    1.964331] NET: Registered protocol family 12
[    1.967012] NET: Registered protocol family 35
[    1.967012] NET: Registered protocol family 35
[    1.969619] lib80211: common routines for IEEE802.11 drivers
[    1.969619] lib80211: common routines for IEEE802.11 drivers
[    1.972619] lib80211_crypt: registered algorithm 'NULL'
[    1.972619] lib80211_crypt: registered algorithm 'NULL'
[    1.975076] lib80211_crypt: registered algorithm 'WEP'
[    1.975076] lib80211_crypt: registered algorithm 'WEP'
[    1.977642] lib80211_crypt: registered algorithm 'CCMP'
[    1.977642] lib80211_crypt: registered algorithm 'CCMP'
[    1.980136] lib80211_crypt: registered algorithm 'TKIP'
[    1.980136] lib80211_crypt: registered algorithm 'TKIP'
[    1.983067] 9pnet: Installing 9P2000 support
[    1.983067] 9pnet: Installing 9P2000 support
[    1.985427] NET: Registered protocol family 36
[    1.985427] NET: Registered protocol family 36
[    1.987936] Key type dns_resolver registered
[    1.987936] Key type dns_resolver registered
[    1.990422]=20
[    1.990422] printing PIC contents
[    1.990422]=20
[    1.990422] printing PIC contents
[    1.992712] ... PIC  IMR: ffff
[    1.992712] ... PIC  IMR: ffff
[    1.994247] ... PIC  IRR: 1113
[    1.994247] ... PIC  IRR: 1113
[    1.995849] ... PIC  ISR: 0000
[    1.995849] ... PIC  ISR: 0000
[    1.997417] ... PIC ELCR: 0c00
[    1.997417] ... PIC ELCR: 0c00
[    1.998974] printing local APIC contents on CPU#0/0:
[    1.998974] printing local APIC contents on CPU#0/0:
[    2.001478] ... APIC ID:      00000000 (0)
[    2.001478] ... APIC ID:      00000000 (0)
[    2.002951] ... APIC VERSION: 00050014
[    2.002951] ... APIC VERSION: 00050014
[    2.002951] ... APIC TASKPRI: 00000000 (00)
[    2.002951] ... APIC TASKPRI: 00000000 (00)
[    2.002951] ... APIC PROCPRI: 00000000
[    2.002951] ... APIC PROCPRI: 00000000
[    2.002951] ... APIC LDR: 01000000
[    2.002951] ... APIC LDR: 01000000
[    2.002951] ... APIC DFR: ffffffff
[    2.002951] ... APIC DFR: ffffffff
[    2.002951] ... APIC SPIV: 000001ff
[    2.002951] ... APIC SPIV: 000001ff
[    2.002951] ... APIC ISR field:
[    2.002951] ... APIC ISR field:
[    2.002951] 00000000
[    2.002951] 000000000000000000000000000000000000000000000000000000000000=
000000000000000000000000000000000000000000000000000000000000

[    2.002951] ... APIC TMR field:
[    2.002951] ... APIC TMR field:
[    2.002951] 00000000
[    2.002951] 000000000200000002000000000000000000000000000000000000000000=
000000000000000000000000000000000000000000000000000000000000

[    2.002951] ... APIC IRR field:
[    2.002951] ... APIC IRR field:
[    2.002951] 00000000
[    2.002951] 000000000000000000000000000000000000000000000000000000000000=
000000000000000000000000000000000000000000000000800000008000

[    2.002951] ... APIC ESR: 00000000
[    2.002951] ... APIC ESR: 00000000
[    2.002951] ... APIC ICR: 00000831
[    2.002951] ... APIC ICR: 00000831
[    2.002951] ... APIC ICR2: 01000000
[    2.002951] ... APIC ICR2: 01000000
[    2.002951] ... APIC LVTT: 000200ef
[    2.002951] ... APIC LVTT: 000200ef
[    2.002951] ... APIC LVTPC: 00010000
[    2.002951] ... APIC LVTPC: 00010000
[    2.002951] ... APIC LVT0: 00010700
[    2.002951] ... APIC LVT0: 00010700
[    2.002951] ... APIC LVT1: 00000400
[    2.002951] ... APIC LVT1: 00000400
[    2.002951] ... APIC LVTERR: 000000fe
[    2.002951] ... APIC LVTERR: 000000fe
[    2.002951] ... APIC TMICT: 0003d08f
[    2.002951] ... APIC TMICT: 0003d08f
[    2.002951] ... APIC TMCCT: 000125e0
[    2.002951] ... APIC TMCCT: 000125e0
[    2.002951] ... APIC TDCR: 00000003
[    2.002951] ... APIC TDCR: 00000003
[    2.002951]=20
[    2.002951]=20
[    2.049474] number of MP IRQ sources: 15.
[    2.049474] number of MP IRQ sources: 15.
[    2.051205] number of IO-APIC #0 registers: 24.
[    2.051205] number of IO-APIC #0 registers: 24.
[    2.053128] testing the IO APIC.......................
[    2.053128] testing the IO APIC.......................
[    2.055377] IO APIC #0......
[    2.055377] IO APIC #0......
[    2.056168] .... register #00: 00000000
[    2.056168] .... register #00: 00000000
[    2.057224] .......    : physical APIC id: 00
[    2.057224] .......    : physical APIC id: 00
[    2.058450] .......    : Delivery Type: 0
[    2.058450] .......    : Delivery Type: 0
[    2.059655] .......    : LTS          : 0
[    2.059655] .......    : LTS          : 0
[    2.060770] .... register #01: 00170011
[    2.060770] .... register #01: 00170011
[    2.061810] .......     : max redirection entries: 17
[    2.061810] .......     : max redirection entries: 17
[    2.063233] .......     : PRQ implemented: 0
[    2.063233] .......     : PRQ implemented: 0
[    2.064732] .......     : IO APIC version: 11
[    2.064732] .......     : IO APIC version: 11
[    2.065883] .... register #02: 00000000
[    2.065883] .... register #02: 00000000
[    2.067006] .......     : arbitration: 00
[    2.067006] .......     : arbitration: 00
[    2.068122] .... IRQ redirection table:
[    2.068122] .... IRQ redirection table:
[    2.069194] 1    0    0   0   0    0    0    00
[    2.069194] 1    0    0   0   0    0    0    00
[    2.070491] 0    0    0   0   0    1    1    31
[    2.070491] 0    0    0   0   0    1    1    31
[    2.071801] 0    0    0   0   0    1    1    30
[    2.071801] 0    0    0   0   0    1    1    30
[    2.073038] 0    0    0   0   0    1    1    33
[    2.073038] 0    0    0   0   0    1    1    33
[    2.074300] 1    0    0   0   0    1    1    34
[    2.074300] 1    0    0   0   0    1    1    34
[    2.075647] 1    1    0   0   0    1    1    35
[    2.075647] 1    1    0   0   0    1    1    35
[    2.076888] 0    0    0   0   0    1    1    36
[    2.076888] 0    0    0   0   0    1    1    36
[    2.078139] 0    0    0   0   0    1    1    37
[    2.078139] 0    0    0   0   0    1    1    37
[    2.079455] 0    0    0   0   0    1    1    38
[    2.079455] 0    0    0   0   0    1    1    38
[    2.080753] 0    1    0   0   0    1    1    39
[    2.080753] 0    1    0   0   0    1    1    39
[    2.081999] 1    1    0   0   0    1    1    3A
[    2.081999] 1    1    0   0   0    1    1    3A
[    2.083317] 1    1    0   0   0    1    1    3B
[    2.083317] 1    1    0   0   0    1    1    3B
[    2.084622] 0    0    0   0   0    1    1    3C
[    2.084622] 0    0    0   0   0    1    1    3C
[    2.085902] 0    0    0   0   0    1    1    3D
[    2.085902] 0    0    0   0   0    1    1    3D
[    2.087435] 0    0    0   0   0    1    1    3E
[    2.087435] 0    0    0   0   0    1    1    3E
[    2.089689] 0    0    0   0   0    1    1    3F
[    2.089689] 0    0    0   0   0    1    1    3F
[    2.092030] 1    0    0   0   0    0    0    00
[    2.092030] 1    0    0   0   0    0    0    00
[    2.094055] 1    0    0   0   0    0    0    00
[    2.094055] 1    0    0   0   0    0    0    00
[    2.096191] 1    0    0   0   0    0    0    00
[    2.096191] 1    0    0   0   0    0    0    00
[    2.098604] 1    0    0   0   0    0    0    00
[    2.098604] 1    0    0   0   0    0    0    00
[    2.100990] 1    0    0   0   0    0    0    00
[    2.100990] 1    0    0   0   0    0    0    00
[    2.103205] 1    0    0   0   0    0    0    00
[    2.103205] 1    0    0   0   0    0    0    00
[    2.105516] 1    0    0   0   0    0    0    00
[    2.105516] 1    0    0   0   0    0    0    00
[    2.107515] 1    0    0   0   0    0    0    00
[    2.107515] 1    0    0   0   0    0    0    00
[    2.109563] IRQ to pin mappings:
[    2.109563] IRQ to pin mappings:
[    2.111375] IRQ0=20
[    2.111375] IRQ0 -> 0:2-> 0:2

[    2.112799] IRQ1=20
[    2.112799] IRQ1 -> 0:1-> 0:1

[    2.113971] IRQ3=20
[    2.113971] IRQ3 -> 0:3-> 0:3

[    2.115322] IRQ4=20
[    2.115322] IRQ4 -> 0:4-> 0:4

[    2.116645] IRQ5=20
[    2.116645] IRQ5 -> 0:5-> 0:5

[    2.117991] IRQ6=20
[    2.117991] IRQ6 -> 0:6-> 0:6

[    2.119375] IRQ7=20
[    2.119375] IRQ7 -> 0:7-> 0:7

[    2.120680] IRQ8=20
[    2.120680] IRQ8 -> 0:8-> 0:8

[    2.121958] IRQ9=20
[    2.121958] IRQ9 -> 0:9-> 0:9

[    2.123214] IRQ10=20
[    2.123214] IRQ10 -> 0:10-> 0:10

[    2.124681] IRQ11=20
[    2.124681] IRQ11 -> 0:11-> 0:11

[    2.126127] IRQ12=20
[    2.126127] IRQ12 -> 0:12-> 0:12

[    2.127574] IRQ13=20
[    2.127574] IRQ13 -> 0:13-> 0:13

[    2.128898] IRQ14=20
[    2.128898] IRQ14 -> 0:14-> 0:14

[    2.130234] IRQ15=20
[    2.130234] IRQ15 -> 0:15-> 0:15

[    2.131577] .................................... done.
[    2.131577] .................................... done.
[    2.136005] bootconsole [earlyser0] disabled
[    2.136005] bootconsole [earlyser0] disabled
[    2.138307] Loading compiled-in X.509 certificates
[    2.141355] Loaded X.509 cert 'Magrathea: Glacier signing key: d8a38edb2=
0cbcfd5c610cb514df4d8d692b241c3'
[    2.151226] debug: unmapping init [mem 0xffffffff81ab0000-0xffffffff81ba=
afff]
[    2.157005] kworker/u2:1 (87) used greatest stack depth: 6176 bytes left
[    2.177634] mount (90) used greatest stack depth: 5864 bytes left
/etc/rcS.d/S00fbsetup: line 3: /sbin/modprobe: not found
[    2.190888] S00fbsetup (93) used greatest stack depth: 5840 bytes left
[    2.193080] S00fbsetup (92) used greatest stack depth: 5640 bytes left

Please wait: booting...
[    2.209712] rc (100) used greatest stack depth: 5152 bytes left
Starting udev
error initializing inotify
error sending message: Connection refused
[    2.326574] tsc: Refined TSC clocksource calibration: 2299.967 MHz
error sending message: Connection refused
Starting Bootlog daemon: bootlogd: cannot find console device 4:64 under /d=
ev
bootlogd.
Configuring network interfaces... ifconfig: socket: Address family not supp=
orted by protocol
done.
hwclock: can't open '/dev/misc/rtc': No such file or directory
Running postinst /etc/rpm-postinsts/100...
[    3.658976] BUG: unable to handle kernel paging request at ffff880008142=
f40
[    3.661422] IP: [<ffffffff8111a1d8>] vmacache_find+0x78/0x90
[    3.662223] PGD 2542067 PUD 2543067 PMD fba5067 PTE 8000000008142060
[    3.662223] Oops: 0000 [#1] DEBUG_PAGEALLOC
[    3.662223] Modules linked in:
[    3.662223] CPU: 0 PID: 326 Comm: 90-trinity Not tainted 3.14.0-rc5-next=
-20140307 #1
[    3.662223] Hardware name: Bochs Bochs, BIOS Bochs 01/01/2011
[    3.662223] task: ffff8800083020d0 ti: ffff8800082a0000 task.ti: ffff880=
0082a0000
[    3.662223] RIP: 0010:[<ffffffff8111a1d8>]  [<ffffffff8111a1d8>] vmacach=
e_find+0x78/0x90
[    3.662223] RSP: 0000:ffff8800082a1e00  EFLAGS: 00010282
[    3.662223] RAX: ffff880008142f40 RBX: 00000000000000a9 RCX: ffff8800083=
020d0
[    3.662223] RDX: 0000000000000002 RSI: 00007fff8a141698 RDI: ffff8800081=
24bc0
[    3.662223] RBP: ffff8800082a1e00 R08: 0000000000000000 R09: 00000000000=
00001
[    3.662223] R10: ffff8800083020d0 R11: 0000000000000000 R12: 00007fff8a1=
41698
[    3.662223] R13: ffff880008124bc0 R14: ffff8800082a1f58 R15: ffff8800083=
020d0
[    3.662223] FS:  00007fe3ca364700(0000) GS:ffffffff81a06000(0000) knlGS:=
0000000000000000
[    3.662223] CS:  0010 DS: 0000 ES: 0000 CR0: 0000000080050033
[    3.662223] CR2: ffff880008142f40 CR3: 000000000824c000 CR4: 00000000000=
006b0
[    3.662223] Stack:
[    3.662223]  ffff8800082a1e28 ffffffff81125219 00000000000000a9 00007fff=
8a141698
[    3.662223]  ffff880008124bc0 ffff8800082a1f28 ffffffff816d71fe 00000000=
00000246
[    3.662223]  0000000000000002 ffff880008124c58 0000000000000006 00000000=
00000010
[    3.662223] Call Trace:
[    3.662223]  [<ffffffff81125219>] find_vma+0x19/0x70
[    3.662223]  [<ffffffff816d71fe>] __do_page_fault+0x29e/0x560
[    3.662223]  [<ffffffff8116cc6f>] ? mntput_no_expire+0x6f/0x1a0
[    3.662223]  [<ffffffff8116cc11>] ? mntput_no_expire+0x11/0x1a0
[    3.662223]  [<ffffffff8116cdd5>] ? mntput+0x35/0x40
[    3.662223]  [<ffffffff8114f51f>] ? __fput+0x24f/0x290
[    3.662223]  [<ffffffff812794ca>] ? trace_hardirqs_off_thunk+0x3a/0x3c
[    3.662223]  [<ffffffff816d74ce>] do_page_fault+0xe/0x10
[    3.662223]  [<ffffffff816d6ad5>] do_async_page_fault+0x35/0x90
[    3.662223]  [<ffffffff816d3b05>] async_page_fault+0x25/0x30
[    3.662223] Code: c7 81 b0 02 00 00 00 00 00 00 eb 32 0f 1f 80 00 00 00 =
00 31 d2 66 0f 1f 44 00 00 48 63 c2 48 8b 84 c1 98 02 00 00 48 85 c0 74 0b =
<48> 39 30 77 06 48 3b 70 08 72 0a 83 c2 01 83 fa 04 75 dd 31 c0=20
[    3.662223] RIP  [<ffffffff8111a1d8>] vmacache_find+0x78/0x90
[    3.662223]  RSP <ffff8800082a1e00>
[    3.662223] CR2: ffff880008142f40
[    3.662223] ---[ end trace dead6556b35f2f50 ]---
[    3.662223] Kernel panic - not syncing: Fatal exception
[    3.662223] Kernel Offset: 0x0 from 0xffffffff81000000 (relocation range=
: 0xffffffff80000000-0xffffffff9fffffff)
[    3.662223] Rebooting in 10 seconds..
Elapsed time: 10
qemu-system-x86_64 -cpu kvm64 -enable-kvm -kernel /kernel/x86_64-randconfig=
-i1-03091831/1b0a7e3263168a06d3858798e48c5a21d1c78d3c/vmlinuz-3.14.0-rc5-ne=
xt-20140307 -append 'hung_task_panic=3D1 earlyprintk=3DttyS0,115200 debug a=
pic=3Ddebug sysrq_always_enabled rcupdate.rcu_cpu_stall_timeout=3D100 panic=
=3D10 softlockup_panic=3D1 nmi_watchdog=3Dpanic  prompt_ramdisk=3D0 console=
=3DttyS0,115200 console=3Dtty0 vga=3Dnormal  root=3D/dev/ram0 rw link=3D/ke=
rnel-tests/run-queue/kvm/x86_64-randconfig-i1-03091831/next:master/.vmlinuz=
-1b0a7e3263168a06d3858798e48c5a21d1c78d3c-20140309184826-9-snb branch=3Dnex=
t/master BOOT_IMAGE=3D/kernel/x86_64-randconfig-i1-03091831/1b0a7e3263168a0=
6d3858798e48c5a21d1c78d3c/vmlinuz-3.14.0-rc5-next-20140307'  -initrd /kerne=
l-tests/initrd/yocto-minimal-x86_64.cgz -m 256 -smp 2 -net nic,vlan=3D1,mod=
el=3De1000 -net user,vlan=3D1,hostfwd=3Dtcp::28916-:22 -boot order=3Dnc -no=
-reboot -watchdog i6300esb -rtc base=3Dlocaltime -drive file=3D/fs/LABEL=3D=
KVM/disk0-yocto-snb-26,media=3Ddisk,if=3Dvirtio -drive file=3D/fs/LABEL=3DK=
VM/disk1-yocto-snb-26,media=3Ddisk,if=3Dvirtio -drive file=3D/fs/LABEL=3DKV=
M/disk2-yocto-snb-26,media=3Ddisk,if=3Dvirtio -drive file=3D/fs/LABEL=3DKVM=
/disk3-yocto-snb-26,media=3Ddisk,if=3Dvirtio -drive file=3D/fs/LABEL=3DKVM/=
disk4-yocto-snb-26,media=3Ddisk,if=3Dvirtio -drive file=3D/fs/LABEL=3DKVM/d=
isk5-yocto-snb-26,media=3Ddisk,if=3Dvirtio -pidfile /dev/shm/kboot/pid-yoct=
o-snb-26 -serial file:/dev/shm/kboot/serial-yocto-snb-26 -daemonize -displa=
y none -monitor null=20

--J2SCkAp4GZ/dPZZf
Content-Type: application/octet-stream
Content-Disposition: attachment; filename="x86_64-randconfig-i1-03091831-1b0a7e3263168a06d3858798e48c5a21d1c78d3c-BUG:-unable-to-handle-kernel-paging-request-at-78607.log"
Content-Transfer-Encoding: base64

Z2l0IGNoZWNrb3V0IDU2MDMyZmM1MDRjOWNlOWRkNmZkNjk3ZTQ2ODc0NDFhN2QwZWE0YTIK
bHMgLWEgL2tlcm5lbC10ZXN0cy9ydW4tcXVldWUva3ZtL3g4Nl82NC1yYW5kY29uZmlnLWkx
LTAzMDkxODMxL25leHQ6bWFzdGVyOjU2MDMyZmM1MDRjOWNlOWRkNmZkNjk3ZTQ2ODc0NDFh
N2QwZWE0YTI6YmlzZWN0LW5ldAoKMjAxNC0wMy0wOS0xOTowMTowNSA1NjAzMmZjNTA0Yzlj
ZTlkZDZmZDY5N2U0Njg3NDQxYTdkMGVhNGEyIGNvbXBpbGluZwpRdWV1ZWQgYnVpbGQgdGFz
ayB0byAva2VybmVsLXRlc3RzL2J1aWxkLXF1ZXVlL3g4Nl82NC1yYW5kY29uZmlnLWkxLTAz
MDkxODMxLTU2MDMyZmM1MDRjOWNlOWRkNmZkNjk3ZTQ2ODc0NDFhN2QwZWE0YTIKQ2hlY2sg
Zm9yIGtlcm5lbCBpbiAva2VybmVsL3g4Nl82NC1yYW5kY29uZmlnLWkxLTAzMDkxODMxLzU2
MDMyZmM1MDRjOWNlOWRkNmZkNjk3ZTQ2ODc0NDFhN2QwZWE0YTIKd2FpdGluZyBmb3IgY29t
cGxldGlvbiBvZiAva2VybmVsLXRlc3RzL2J1aWxkLXF1ZXVlL3g4Nl82NC1yYW5kY29uZmln
LWkxLTAzMDkxODMxLTU2MDMyZmM1MDRjOWNlOWRkNmZkNjk3ZTQ2ODc0NDFhN2QwZWE0YTIK
d2FpdGluZyBmb3IgY29tcGxldGlvbiBvZiAva2VybmVsLXRlc3RzL2J1aWxkLXF1ZXVlLy54
ODZfNjQtcmFuZGNvbmZpZy1pMS0wMzA5MTgzMS01NjAzMmZjNTA0YzljZTlkZDZmZDY5N2U0
Njg3NDQxYTdkMGVhNGEyCmtlcm5lbDogL2tlcm5lbC94ODZfNjQtcmFuZGNvbmZpZy1pMS0w
MzA5MTgzMS81NjAzMmZjNTA0YzljZTlkZDZmZDY5N2U0Njg3NDQxYTdkMGVhNGEyL3ZtbGlu
dXotMy4xNC4wLXJjNS0wNjcyMS1nNTYwMzJmYwoKMjAxNC0wMy0wOS0xOToxMDowNSBkZXRl
Y3RpbmcgYm9vdCBzdGF0ZSAuCTEJMgk2CTE1CTE4CTIyIFNVQ0NFU1MKCmJpc2VjdDogZ29v
ZCBjb21taXQgNTYwMzJmYzUwNGM5Y2U5ZGQ2ZmQ2OTdlNDY4NzQ0MWE3ZDBlYTRhMgpnaXQg
YmlzZWN0IHN0YXJ0IDFiMGE3ZTMyNjMxNjhhMDZkMzg1ODc5OGU0OGM1YTIxZDFjNzhkM2Mg
NTYwMzJmYzUwNGM5Y2U5ZGQ2ZmQ2OTdlNDY4NzQ0MWE3ZDBlYTRhMiAtLQovYy9rZXJuZWwt
dGVzdHMvbGluZWFyLWJpc2VjdDogWyItYiIsICIxYjBhN2UzMjYzMTY4YTA2ZDM4NTg3OThl
NDhjNWEyMWQxYzc4ZDNjIiwgIi1nIiwgIjU2MDMyZmM1MDRjOWNlOWRkNmZkNjk3ZTQ2ODc0
NDFhN2QwZWE0YTIiLCAiL2Mva2VybmVsLXRlc3RzL2Jpc2VjdC10ZXN0LWJvb3QtZmFpbHVy
ZS5zaCIsICIvaG9tZS93ZmcvbmV0L29iai1iaXNlY3QiXQpCaXNlY3Rpbmc6IDQwOCByZXZp
c2lvbnMgbGVmdCB0byB0ZXN0IGFmdGVyIHRoaXMgKHJvdWdobHkgOSBzdGVwcykKWzhlNmE1
ZjEwOTQ4MTlhNzQ3YzEzZDZmZmVmNWM0NDYwN2ZiNzU3ZjhdIE1lcmdlIGJyYW5jaCAnYWtw
bS1jdXJyZW50L2N1cnJlbnQnCnJ1bm5pbmcgL2Mva2VybmVsLXRlc3RzL2Jpc2VjdC10ZXN0
LWJvb3QtZmFpbHVyZS5zaCAvaG9tZS93ZmcvbmV0L29iai1iaXNlY3QKbHMgLWEgL2tlcm5l
bC10ZXN0cy9ydW4tcXVldWUva3ZtL3g4Nl82NC1yYW5kY29uZmlnLWkxLTAzMDkxODMxL25l
eHQ6bWFzdGVyOjhlNmE1ZjEwOTQ4MTlhNzQ3YzEzZDZmZmVmNWM0NDYwN2ZiNzU3Zjg6Ymlz
ZWN0LW5ldAoKMjAxNC0wMy0wOS0xOToxMzozNyA4ZTZhNWYxMDk0ODE5YTc0N2MxM2Q2ZmZl
ZjVjNDQ2MDdmYjc1N2Y4IGNvbXBpbGluZwpRdWV1ZWQgYnVpbGQgdGFzayB0byAva2VybmVs
LXRlc3RzL2J1aWxkLXF1ZXVlL3g4Nl82NC1yYW5kY29uZmlnLWkxLTAzMDkxODMxLThlNmE1
ZjEwOTQ4MTlhNzQ3YzEzZDZmZmVmNWM0NDYwN2ZiNzU3ZjgKQ2hlY2sgZm9yIGtlcm5lbCBp
biAva2VybmVsL3g4Nl82NC1yYW5kY29uZmlnLWkxLTAzMDkxODMxLzhlNmE1ZjEwOTQ4MTlh
NzQ3YzEzZDZmZmVmNWM0NDYwN2ZiNzU3ZjgKd2FpdGluZyBmb3IgY29tcGxldGlvbiBvZiAv
a2VybmVsLXRlc3RzL2J1aWxkLXF1ZXVlL3g4Nl82NC1yYW5kY29uZmlnLWkxLTAzMDkxODMx
LThlNmE1ZjEwOTQ4MTlhNzQ3YzEzZDZmZmVmNWM0NDYwN2ZiNzU3ZjgKd2FpdGluZyBmb3Ig
Y29tcGxldGlvbiBvZiAva2VybmVsLXRlc3RzL2J1aWxkLXF1ZXVlLy54ODZfNjQtcmFuZGNv
bmZpZy1pMS0wMzA5MTgzMS04ZTZhNWYxMDk0ODE5YTc0N2MxM2Q2ZmZlZjVjNDQ2MDdmYjc1
N2Y4Cmtlcm5lbDogL2tlcm5lbC94ODZfNjQtcmFuZGNvbmZpZy1pMS0wMzA5MTgzMS84ZTZh
NWYxMDk0ODE5YTc0N2MxM2Q2ZmZlZjVjNDQ2MDdmYjc1N2Y4L3ZtbGludXotMy4xNC4wLXJj
NS0wNzEyMC1nOGU2YTVmMQoKMjAxNC0wMy0wOS0xOTozMDozNyBkZXRlY3RpbmcgYm9vdCBz
dGF0ZSAuIFRFU1QgRkFJTFVSRQpod2Nsb2NrOiBjYW4ndCBvcGVuICcvZGV2L21pc2MvcnRj
JzogTm8gc3VjaCBmaWxlIG9yIGRpcmVjdG9yeQpSdW5uaW5nIHBvc3RpbnN0IC9ldGMvcnBt
LXBvc3RpbnN0cy8xMDAuLi4KWyAgICAxLjY0NjA2M10gdHNjOiBSZWZpbmVkIFRTQyBjbG9j
a3NvdXJjZSBjYWxpYnJhdGlvbjogMjQ5My45NjQgTUh6ClsgICAgMi4yMTkyMzZdIEJVRzog
dW5hYmxlIHRvIGhhbmRsZSBrZXJuZWwgcGFnaW5nIHJlcXVlc3QgYXQgZmZmZjg4MDAwYmY3
NmY0MApbICAgIDIuMjIwNjA0XSBJUDogWzxmZmZmZmZmZjgxMTFhMTA4Pl0gdm1hY2FjaGVf
ZmluZCsweDc4LzB4OTAKWyAgICAyLjIyMTcxMl0gUEdEIDI1NDIwNjcgUFVEIDI1NDMwNjcg
UE1EIDEzYjg2MDY3IFBURSA4MDAwMDAwMDBiZjc2MDYwClsgICAgMi4yMjE5NThdIE9vcHM6
IDAwMDAgWyMxXSBERUJVR19QQUdFQUxMT0MKWyAgICAyLjIyMTk1OF0gTW9kdWxlcyBsaW5r
ZWQgaW46ClsgICAgMi4yMjE5NThdIENQVTogMCBQSUQ6IDMyNSBDb21tOiA5MC10cmluaXR5
IE5vdCB0YWludGVkIDMuMTQuMC1yYzUtMDcxMjAtZzhlNmE1ZjEgIzEKWyAgICAyLjIyMTk1
OF0gSGFyZHdhcmUgbmFtZTogQm9jaHMgQm9jaHMsIEJJT1MgQm9jaHMgMDEvMDEvMjAxMQpb
ICAgIDIuMjIxOTU4XSB0YXNrOiBmZmZmODgwMDBiZGY0MDUwIHRpOiBmZmZmODgwMDBiYzVl
MDAwIHRhc2sudGk6IGZmZmY4ODAwMGJjNWUwMDAKWyAgICAyLjIyMTk1OF0gUklQOiAwMDEw
Ols8ZmZmZmZmZmY4MTExYTEwOD5dICBbPGZmZmZmZmZmODExMWExMDg+XSB2bWFjYWNoZV9m
aW5kKzB4NzgvMHg5MApbICAgIDIuMjIxOTU4XSBSU1A6IDAwMDA6ZmZmZjg4MDAwYmM1ZmUw
MCAgRUZMQUdTOiAwMDAxMDI4MgpbICAgIDIuMjIxOTU4XSBSQVg6IGZmZmY4ODAwMGJmNzZm
NDAgUkJYOiAwMDAwMDAwMDAwMDAwMGE5IFJDWDogZmZmZjg4MDAwYmRmNDA1MApbICAgIDIu
MjIxOTU4XSBSRFg6IDAwMDAwMDAwMDAwMDAwMDIgUlNJOiAwMDAwN2ZmZjRmNDBmMWU4IFJE
STogZmZmZjg4MDAwYmYzNmJjMApbICAgIDIuMjIxOTU4XSBSQlA6IGZmZmY4ODAwMGJjNWZl
MDAgUjA4OiAwMDAwMDAwMDAwMDAwMDAwIFIwOTogMDAwMDAwMDAwMDAwMDAwMQpbICAgIDIu
MjIxOTU4XSBSMTA6IGZmZmY4ODAwMGJkZjQwNTAgUjExOiAwMDAwMDAwMDAwMDAwMDAwIFIx
MjogMDAwMDdmZmY0ZjQwZjFlOApbICAgIDIuMjIxOTU4XSBSMTM6IGZmZmY4ODAwMGJmMzZi
YzAgUjE0OiBmZmZmODgwMDBiYzVmZjU4IFIxNTogZmZmZjg4MDAwYmRmNDA1MApbICAgIDIu
MjIxOTU4XSBGUzogIDAwMDA3ZmYyODFkMGU3MDAoMDAwMCkgR1M6ZmZmZmZmZmY4MWEwNjAw
MCgwMDAwKSBrbmxHUzowMDAwMDAwMDAwMDAwMDAwClsgICAgMi4yMjE5NThdIENTOiAgMDAx
MCBEUzogMDAwMCBFUzogMDAwMCBDUjA6IDAwMDAwMDAwODAwNTAwMzMKWyAgICAyLjIyMTk1
OF0gQ1IyOiBmZmZmODgwMDBiZjc2ZjQwIENSMzogMDAwMDAwMDAwZDI5MzAwMCBDUjQ6IDAw
MDAwMDAwMDAwMDA2YjAKWyAgICAyLjIyMTk1OF0gU3RhY2s6ClsgICAgMi4yMjE5NThdICBm
ZmZmODgwMDBiYzVmZTI4IGZmZmZmZmZmODExMjUxNDkgMDAwMDAwMDAwMDAwMDBhOSAwMDAw
N2ZmZjRmNDBmMWU4ClsgICAgMi4yMjE5NThdICBmZmZmODgwMDBiZjM2YmMwIGZmZmY4ODAw
MGJjNWZmMjggZmZmZmZmZmY4MTZkNzEzZSAwMDAwMDAwMDAwMDAwMjQ2ClsgICAgMi4yMjE5
NThdICAwMDAwMDAwMDAwMDAwMDAyIGZmZmY4ODAwMGJmMzZjNTggMDAwMDAwMDAwMDAwMDAw
NiAwMDAwMDAwMDAwMDAwMDEwClsgICAgMi4yMjE5NThdIENhbGwgVHJhY2U6ClsgICAgMi4y
MjE5NThdICBbPGZmZmZmZmZmODExMjUxNDk+XSBmaW5kX3ZtYSsweDE5LzB4NzAKWyAgICAy
LjIyMTk1OF0gIFs8ZmZmZmZmZmY4MTZkNzEzZT5dIF9fZG9fcGFnZV9mYXVsdCsweDI5ZS8w
eDU2MApbICAgIDIuMjIxOTU4XSAgWzxmZmZmZmZmZjgxMTZjYjlmPl0gPyBtbnRwdXRfbm9f
ZXhwaXJlKzB4NmYvMHgxYTAKWyAgICAyLjIyMTk1OF0gIFs8ZmZmZmZmZmY4MTE2Y2I0MT5d
ID8gbW50cHV0X25vX2V4cGlyZSsweDExLzB4MWEwClsgICAgMi4yMjE5NThdICBbPGZmZmZm
ZmZmODExNmNkMDU+XSA/IG1udHB1dCsweDM1LzB4NDAKWyAgICAyLjIyMTk1OF0gIFs8ZmZm
ZmZmZmY4MTE0ZjQ0Zj5dID8gX19mcHV0KzB4MjRmLzB4MjkwClsgICAgMi4yMjE5NThdICBb
PGZmZmZmZmZmODEyNzkzZmE+XSA/IHRyYWNlX2hhcmRpcnFzX29mZl90aHVuaysweDNhLzB4
M2MKWyAgICAyLjIyMTk1OF0gIFs8ZmZmZmZmZmY4MTZkNzQwZT5dIGRvX3BhZ2VfZmF1bHQr
MHhlLzB4MTAKWyAgICAyLjIyMTk1OF0gIFs8ZmZmZmZmZmY4MTZkNmExNT5dIGRvX2FzeW5j
X3BhZ2VfZmF1bHQrMHgzNS8weDkwClsgICAgMi4yMjE5NThdICBbPGZmZmZmZmZmODE2ZDNh
NDU+XSBhc3luY19wYWdlX2ZhdWx0KzB4MjUvMHgzMApbICAgIDIuMjIxOTU4XSBDb2RlOiBj
NyA4MSBiMCAwMiAwMCAwMCAwMCAwMCAwMCAwMCBlYiAzMiAwZiAxZiA4MCAwMCAwMCAwMCAw
MCAzMSBkMiA2NiAwZiAxZiA0NCAwMCAwMCA0OCA2MyBjMiA0OCA4YiA4NCBjMSA5OCAwMiAw
MCAwMCA0OCA4NSBjMCA3NCAwYiA8NDg+IDM5IDMwIDc3IDA2IDQ4IDNiIDcwIDA4IDcyIDBh
IDgzIGMyIDAxIDgzIGZhIDA0IDc1IGRkIDMxIGMwIApbICAgIDIuMjIxOTU4XSBSSVAgIFs8
ZmZmZmZmZmY4MTExYTEwOD5dIHZtYWNhY2hlX2ZpbmQrMHg3OC8weDkwClsgICAgMi4yMjE5
NThdICBSU1AgPGZmZmY4ODAwMGJjNWZlMDA+ClsgICAgMi4yMjE5NThdIENSMjogZmZmZjg4
MDAwYmY3NmY0MApbICAgIDIuMjIxOTU4XSAtLS1bIGVuZCB0cmFjZSBlNzM1NmE3YTJiMGFm
NWE5IF0tLS0KWyAgICAyLjIyMTk1OF0gS2VybmVsIHBhbmljIC0gbm90IHN5bmNpbmc6IEZh
dGFsIGV4Y2VwdGlvbgova2VybmVsL3g4Nl82NC1yYW5kY29uZmlnLWkxLTAzMDkxODMxLzhl
NmE1ZjEwOTQ4MTlhNzQ3YzEzZDZmZmVmNWM0NDYwN2ZiNzU3ZjgvZG1lc2cteW9jdG8taXZ5
dG93bjItMjQ6MjAxNDAzMDkxOTMwNDg6eDg2XzY0LXJhbmRjb25maWctaTEtMDMwOTE4MzE6
My4xNC4wLXJjNS0wNzEyMC1nOGU2YTVmMToxCi9rZXJuZWwveDg2XzY0LXJhbmRjb25maWct
aTEtMDMwOTE4MzEvOGU2YTVmMTA5NDgxOWE3NDdjMTNkNmZmZWY1YzQ0NjA3ZmI3NTdmOC9k
bWVzZy15b2N0by1pdnl0b3duMi0yNDoyMDE0MDMwOTE5MzEwMzp4ODZfNjQtcmFuZGNvbmZp
Zy1pMS0wMzA5MTgzMTozLjE0LjAtcmM1LTA3MTIwLWc4ZTZhNWYxOjEKMDoyOjIgYWxsX2dv
b2Q6YmFkOmFsbF9iYWQgYm9vdHMKCmxpbmVhci1iaXNlY3Q6IGJhZCBicmFuY2ggbWF5IGJl
IGJyYW5jaCAnYWtwbS1jdXJyZW50L2N1cnJlbnQnCmxpbmVhci1iaXNlY3Q6IGhhbmRsZSBv
dmVyIHRvIGdpdCBiaXNlY3QKbGluZWFyLWJpc2VjdDogZ2l0IGJpc2VjdCBzdGFydCA4ZTZh
NWYxMDk0ODE5YTc0N2MxM2Q2ZmZlZjVjNDQ2MDdmYjc1N2Y4IDU2MDMyZmM1MDRjOWNlOWRk
NmZkNjk3ZTQ2ODc0NDFhN2QwZWE0YTIgLS0KUHJldmlvdXMgSEVBRCBwb3NpdGlvbiB3YXMg
OGU2YTVmMS4uLiBNZXJnZSBicmFuY2ggJ2FrcG0tY3VycmVudC9jdXJyZW50JwpTd2l0Y2hl
ZCB0byBicmFuY2ggJ21hc3RlcicKWW91ciBicmFuY2ggaXMgYmVoaW5kICdvcmlnaW4vbWFz
dGVyJyBieSA0MTIxMyBjb21taXRzLCBhbmQgY2FuIGJlIGZhc3QtZm9yd2FyZGVkLgogICh1
c2UgImdpdCBwdWxsIiB0byB1cGRhdGUgeW91ciBsb2NhbCBicmFuY2gpCkJpc2VjdGluZzog
MTk5IHJldmlzaW9ucyBsZWZ0IHRvIHRlc3QgYWZ0ZXIgdGhpcyAocm91Z2hseSA4IHN0ZXBz
KQpbZTM3ZjdlNzA2ZGFhYjEyODIyMWYxZmU3Mjk2N2VhNGY5YWMwYzFkYV0genJhbTogbW92
ZSB6cmFtIHNpemUgd2FybmluZyB0byBkb2N1bWVudGF0aW9uCmxpbmVhci1iaXNlY3Q6IGdp
dCBiaXNlY3QgcnVuIC9jL2tlcm5lbC10ZXN0cy9iaXNlY3QtdGVzdC1ib290LWZhaWx1cmUu
c2ggL2hvbWUvd2ZnL25ldC9vYmotYmlzZWN0CnJ1bm5pbmcgL2Mva2VybmVsLXRlc3RzL2Jp
c2VjdC10ZXN0LWJvb3QtZmFpbHVyZS5zaCAvaG9tZS93ZmcvbmV0L29iai1iaXNlY3QKbHMg
LWEgL2tlcm5lbC10ZXN0cy9ydW4tcXVldWUva3ZtL3g4Nl82NC1yYW5kY29uZmlnLWkxLTAz
