Return-Path: <owner-linux-mm@kvack.org>
Received: from mail172.messagelabs.com (mail172.messagelabs.com [216.82.254.3])
	by kanga.kvack.org (Postfix) with SMTP id 50D336B0093
	for <linux-mm@kvack.org>; Tue,  7 Dec 2010 10:21:42 -0500 (EST)
Date: Tue, 7 Dec 2010 23:21:20 +0800
From: Wu Fengguang <fengguang.wu@intel.com>
Subject: Re: ext4 memory leak?
Message-ID: <20101207152120.GA28220@localhost>
References: <20101205064430.GA15027@localhost>
 <4CFB9BE1.3030902@redhat.com>
 <20101207131136.GA20366@localhost>
 <20101207143351.GA23377@localhost>
MIME-Version: 1.0
Content-Type: multipart/mixed; boundary="pWyiEgJYm5f9v55/"
Content-Disposition: inline
In-Reply-To: <20101207143351.GA23377@localhost>
Sender: owner-linux-mm@kvack.org
To: Theodore Ts'o <tytso@mit.edu>
Cc: Rik van Riel <riel@redhat.com>, Peter Zijlstra <peterz@infradead.org>, Andrew Morton <akpm@linux-foundation.org>, Chris Mason <chris.mason@oracle.com>, Dave Chinner <david@fromorbit.com>, Jan Kara <jack@suse.cz>, Jens Axboe <axboe@kernel.dk>, Mel Gorman <mel@csn.ul.ie>, KOSAKI Motohiro <kosaki.motohiro@jp.fujitsu.com>, Christoph Hellwig <hch@lst.de>, linux-mm <linux-mm@kvack.org>, "linux-fsdevel@vger.kernel.org" <linux-fsdevel@vger.kernel.org>, LKML <linux-kernel@vger.kernel.org>, "linux-ext4@vger.kernel.org" <linux-ext4@vger.kernel.org>
List-ID: <linux-mm.kvack.org>


--pWyiEgJYm5f9v55/
Content-Type: text/plain; charset=us-ascii
Content-Disposition: inline

On Tue, Dec 07, 2010 at 10:33:51PM +0800, Wu Fengguang wrote:
> > In a simple dd test on a 8p system with "mem=256M", I find the light
> 
> When increasing to 10 concurrent dd tasks, I managed to crash ext4..
> (2 concurrent dd's are OK, with very good write performance.)
> 
> Here is the dmesg, which contains some ext4 routines.
> 
> It looks like a memory leak problem. Look at the attached
> vmstat-dirty.png, which is based on recorded vmstat numbers before
> system hang.  The global dirty/background thresholds keep decreasing.
> Their values are derived from determine_dirtyable_memory(). The
> decline means less and less reclaimable memory in the system.
> 
> ext3 and ext2 are fine, as you can see from the attached graphs.
> 
> The kernel is based on 2.6.37-rc4 with some additional writeback
> patches.

Here are more messages on vanilla 2.6.37-rc3. Attached is the kconfig.

Thanks,
Fengguang
---

[  158.713193] python invoked oom-killer: gfp_mask=0xd0, order=0, oom_adj=0, oom_score_adj=0
[  158.713642] python cpuset=/ mems_allowed=0
[  158.713863] Pid: 2760, comm: python Not tainted 2.6.37-rc3 #154
[  158.714155] Call Trace:
[  158.714320]  [<ffffffff81a333eb>] ? _raw_spin_unlock+0x2b/0x40
[  158.714605]  [<ffffffff81130593>] dump_header+0x83/0x200
[  158.714878]  [<ffffffff810be27d>] ? trace_hardirqs_on+0xd/0x10
[  158.715170]  [<ffffffff813fa29b>] ? ___ratelimit+0xab/0x150
[  158.715457]  [<ffffffff81130817>] ? oom_badness+0x77/0x190
[  158.715732]  [<ffffffff81130acd>] oom_kill_process+0x8d/0x270
[  158.716019]  [<ffffffff811310e8>] out_of_memory+0x1d8/0x410
[  158.716299]  [<ffffffff8113669b>] __alloc_pages_nodemask+0x81b/0x830
[  158.716608]  [<ffffffff8116ae79>] alloc_pages_current+0x99/0x110
[  158.716904]  [<ffffffff81174c44>] new_slab+0x294/0x2a0
[  158.717169]  [<ffffffff81174e82>] ? __slab_alloc+0x232/0x450
[  158.717451]  [<ffffffff81174e97>] __slab_alloc+0x247/0x450
[  158.717725]  [<ffffffff81281951>] ? nfs_create_request+0x41/0x160
[  158.718021]  [<ffffffff81281951>] ? nfs_create_request+0x41/0x160
[  158.718321]  [<ffffffff81175d4c>] kmem_cache_alloc+0x17c/0x190
[  158.718609]  [<ffffffff81a33330>] ? _raw_spin_unlock_irq+0x30/0x40
[  158.718907]  [<ffffffff81a33330>] ? _raw_spin_unlock_irq+0x30/0x40
[  158.719203]  [<ffffffff81281951>] nfs_create_request+0x41/0x160
[  158.719499]  [<ffffffff81a33330>] ? _raw_spin_unlock_irq+0x30/0x40
[  158.719801]  [<ffffffff81283c30>] ? readpage_async_filler+0x0/0x150
[  158.720102]  [<ffffffff81283c95>] readpage_async_filler+0x65/0x150
[  158.720399]  [<ffffffff81283c30>] ? readpage_async_filler+0x0/0x150
[  158.720699]  [<ffffffff811388c2>] read_cache_pages+0xa2/0xf0
[  158.720983]  [<ffffffff810b022f>] ? local_clock+0x6f/0x80
[  158.721252]  [<ffffffff81284ba2>] nfs_readpages+0xe2/0x1b0
[  158.721524]  [<ffffffff812840c0>] ? nfs_pagein_one+0x0/0x100
[  158.721802]  [<ffffffff8113869c>] __do_page_cache_readahead+0x18c/0x260
[  158.722116]  [<ffffffff811385bd>] ? __do_page_cache_readahead+0xad/0x260
[  158.722438]  [<ffffffff810bb64d>] ? lock_release_holdtime+0x3d/0x180
[  158.722745]  [<ffffffff81138aa1>] ra_submit+0x21/0x30
[  158.723003]  [<ffffffff8112fa1c>] filemap_fault+0x4dc/0x4f0
[  158.723287]  [<ffffffff810bfe5e>] ? __lock_acquire+0x53e/0x1e70
[  158.723595]  [<ffffffff8114d0e4>] __do_fault+0x54/0x540
[  158.723871]  [<ffffffff811500ef>] handle_mm_fault+0x1af/0xc20
[  158.724163]  [<ffffffff81a37096>] ? do_page_fault+0xf6/0x560
[  158.724454]  [<ffffffff810bb64d>] ? lock_release_holdtime+0x3d/0x180
[  158.724764]  [<ffffffff81a3710b>] do_page_fault+0x16b/0x560
[  158.725039]  [<ffffffff8114ce75>] ? might_fault+0xa5/0xb0
[  158.725306]  [<ffffffff8114ce2c>] ? might_fault+0x5c/0xb0
[  158.725572]  [<ffffffff81197961>] ? poll_select_copy_remaining+0x101/0x150
[  158.725893]  [<ffffffff81a33bf6>] ? error_sti+0x5/0x6
[  158.726148]  [<ffffffff81a32658>] ? trace_hardirqs_off_thunk+0x3a/0x3c
[  158.726456]  [<ffffffff81a339e5>] page_fault+0x25/0x30
[  158.726712] Mem-Info:
[  158.726861] Node 0 DMA per-cpu:
[  158.727076] CPU    0: hi:    0, btch:   1 usd:   0
[  158.727326] CPU    1: hi:    0, btch:   1 usd:   0
[  158.727570] CPU    2: hi:    0, btch:   1 usd:   0
[  158.727814] CPU    3: hi:    0, btch:   1 usd:   0
[  158.728057] CPU    4: hi:    0, btch:   1 usd:   0
[  158.728300] CPU    5: hi:    0, btch:   1 usd:   0
[  158.728543] CPU    6: hi:    0, btch:   1 usd:   0
[  158.728786] CPU    7: hi:    0, btch:   1 usd:   0
[  158.729027] Node 0 DMA32 per-cpu:
[  158.729250] CPU    0: hi:   90, btch:  15 usd:   6
[  158.729493] CPU    1: hi:   90, btch:  15 usd:   3
[  158.729736] CPU    2: hi:   90, btch:  15 usd:   0
[  158.729979] CPU    3: hi:   90, btch:  15 usd:  14
[  158.730222] CPU    4: hi:   90, btch:  15 usd:  27
[  158.730465] CPU    5: hi:   90, btch:  15 usd:   4
[  158.730707] CPU    6: hi:   90, btch:  15 usd:   0
[  158.730950] CPU    7: hi:   90, btch:  15 usd:   3
[  158.731195] active_anon:7304 inactive_anon:112 isolated_anon:0
[  158.731196]  active_file:405 inactive_file:2450 isolated_file:0
[  158.731197]  unevictable:0 dirty:198 writeback:810 unstable:0
[  158.731197]  free:761 slab_reclaimable:8191 slab_unreclaimable:5281
[  158.731198]  mapped:355 shmem:152 pagetables:557 bounce:0
[  158.732603] Node 0 DMA free:1056kB min:120kB low:148kB high:180kB active_anon:4316kB inactive_anon:0kB active_file:0kB inactive_file:3284kB unevictable:0kB isolated(anon):0kB isolated(file):0kB present:15660kB mlocked:0kB dirty:260kB writeback:416kB mapped:8kB shmem:0kB slab_reclaimable:6392kB slab_unreclaimable:392kB kernel_stack:8kB pagetables:40kB unstable:0kB bounce:0kB writeback_tmp:0kB pages_scanned:0 all_unreclaimable? no
[  158.734263] lowmem_reserve[]: 0 236 236 236
[  158.734649] Node 0 DMA32 free:1852kB min:1904kB low:2380kB high:2856kB active_anon:24900kB inactive_anon:448kB active_file:1620kB inactive_file:6516kB unevictable:0kB isolated(anon):0kB isolated(file):0kB present:242400kB mlocked:0kB dirty:532kB writeback:2824kB mapped:1412kB shmem:608kB slab_reclaimable:26372kB slab_unreclaimable:20732kB kernel_stack:1224kB pagetables:2188kB unstable:0kB bounce:0kB writeback_tmp:0kB pages_scanned:0 all_unreclaimable? no
[  158.736406] lowmem_reserve[]: 0 0 0 0
[  158.736777] Node 0 DMA: 32*4kB 55*8kB 32*16kB 0*32kB 0*64kB 0*128kB 0*256kB 0*512kB 0*1024kB 0*2048kB 0*4096kB = 1080kB
[  158.737720] Node 0 DMA32: 3*4kB 28*8kB 99*16kB 1*32kB 0*64kB 0*128kB 0*256kB 0*512kB 0*1024kB 0*2048kB 0*4096kB = 1852kB
[  158.738658] 3061 total pagecache pages
[  158.738860] 0 pages in swap cache
[  158.739046] Swap cache stats: add 0, delete 0, find 0/0
[  158.739301] Free swap  = 0kB
[  158.739476] Total swap = 0kB
[  158.740314] 65520 pages RAM
[  158.740483] 16492 pages reserved
[  158.740667] 5167 pages shared
[  158.740840] 44889 pages non-shared
[  158.741030] [ pid ]   uid  tgid total_vm      rss cpu oom_adj oom_score_adj name
[  158.741410] [ 1995]     0  1995     4237      169   1     -17         -1000 udevd
[  158.741785] [ 2082]     0  2082     4264      179   2     -17         -1000 udevd
[  158.742158] [ 2083]     0  2083     4264      169   2     -17         -1000 udevd
[  158.742527] [ 2269]     0  2269    12303      170   1     -17         -1000 sshd
[  158.742894] [ 2343]     1  2343     2162       71   3       0             0 portmap
[  158.743278] [ 2355]     0  2355     3606       87   0       0             0 rpc.statd
[  158.743691] [ 2428]     0  2428     1633       93   1       0             0 syslogd
[  158.744080] [ 2437]     0  2437     1107       99   6       0             0 klogd
[  158.744462] [ 2448]   104  2448     5864      102   4       0             0 dbus-daemon
[  158.744864] [ 2490]   106  2490    11105      317   2       0             0 hald
[  158.745244] [ 2491]     0  2491     5552      101   1       0             0 hald-runner
[  158.745646] [ 2520]     0  2520    19756      246   4       0             0 sshd
[  158.746020] [ 2524]     0  2524     6081       83   5       0             0 hald-addon-inpu
[  158.746428] [ 2541]     0  2541     6083       82   0       0             0 hald-addon-cpuf
[  158.746835] [ 2542]   106  2542     6535      103   0       0             0 hald-addon-acpi
[  158.747244] [ 2551]  1000  2551    19756      322   4       0             0 sshd
[  158.747625] [ 2571]  1000  2571    11804      470   0       0             0 zsh
[  158.747997] [ 2632]     0  2632     1494       66   4       0             0 getty
[  158.748371] [ 2633]     0  2633     1494       67   0       0             0 getty
[  158.748744] [ 2634]     0  2634     1494       67   0       0             0 getty
[  158.749118] [ 2635]     0  2635     1494       67   0       0             0 getty
[  158.749492] [ 2636]     0  2636     1494       66   0       0             0 getty
[  158.750434] [ 2638]     0  2638     1494       66   0       0             0 getty
[  158.750811] [ 2689]     0  2689    13201      134   4       0             0 su
[  158.751175] [ 2692]     0  2692    11425      600   0       0             0 zsh
[  158.751588] [ 2720]     0  2720     3431      142   0       0             0 concurrent-dd.s
[  158.751997] [ 2749]     0  2749     3460      323   5       0             0 dd
[  158.752362] [ 2750]     0  2750     3460      322   1       0             0 dd
[  158.752727] [ 2751]     0  2751     3460      322   4       0             0 dd
[  158.753093] [ 2752]     0  2752     3460      323   3       0             0 dd
[  158.753459] [ 2753]     0  2753     3460      323   7       0             0 dd
[  158.753824] [ 2754]     0  2754     3460      322   3       0             0 dd
[  158.754189] [ 2755]     0  2755     3460      322   5       0             0 dd
[  158.754553] [ 2756]     0  2756     3460      323   0       0             0 dd
[  158.754914] [ 2757]     0  2757     3460      323   0       0             0 dd
[  158.755276] [ 2758]     0  2758     3460      323   3       0             0 dd
[  158.755647] [ 2759]     0  2759     3436      227   0       0             0 plot-written.sh
[  158.756054] [ 2760]     0  2760    11157     1726   2       0             0 python
[  158.756432] [ 2776]     0  2776     2144      140   4       0             0 iostat
[  158.756811] [ 7125]     0  7125      100       30   0       0             0 date
[  158.757184] Out of memory: Kill process 2571 (zsh) score 9 or sacrifice child
[  158.757515] Killed process 2689 (su) total-vm:52804kB, anon-rss:328kB, file-rss:208kB
[  158.862569] zsh invoked oom-killer: gfp_mask=0x201da, order=0, oom_adj=0, oom_score_adj=0
[  158.862991] zsh cpuset=/ mems_allowed=0
[  158.863209] Pid: 2571, comm: zsh Not tainted 2.6.37-rc3 #154
[  158.863540] Call Trace:
[  158.863710]  [<ffffffff81a333eb>] ? _raw_spin_unlock+0x2b/0x40
[  158.864006]  [<ffffffff81130593>] dump_header+0x83/0x200
[  158.864282]  [<ffffffff810be27d>] ? trace_hardirqs_on+0xd/0x10
[  158.864576]  [<ffffffff813fa29b>] ? ___ratelimit+0xab/0x150
[  158.864860]  [<ffffffff81130817>] ? oom_badness+0x77/0x190
[  158.865139]  [<ffffffff81130acd>] oom_kill_process+0x8d/0x270
[  158.865428]  [<ffffffff811310e8>] out_of_memory+0x1d8/0x410
[  158.865718]  [<ffffffff8113669b>] __alloc_pages_nodemask+0x81b/0x830
[  158.866037]  [<ffffffff8116ae79>] alloc_pages_current+0x99/0x110
[  158.866345]  [<ffffffff8112db47>] __page_cache_alloc+0x87/0x90
[  158.866644]  [<ffffffff81138630>] __do_page_cache_readahead+0x120/0x260
[  158.866972]  [<ffffffff811385bd>] ? __do_page_cache_readahead+0xad/0x260
[  158.867305]  [<ffffffff810bb64d>] ? lock_release_holdtime+0x3d/0x180
[  158.867635]  [<ffffffff81138aa1>] ra_submit+0x21/0x30
[  158.867903]  [<ffffffff8112fa1c>] filemap_fault+0x4dc/0x4f0
[  158.868193]  [<ffffffff810bfe5e>] ? __lock_acquire+0x53e/0x1e70
[  158.868496]  [<ffffffff810b022f>] ? local_clock+0x6f/0x80
[  158.868777]  [<ffffffff8114d0e4>] __do_fault+0x54/0x540
[  158.869052]  [<ffffffff810bb929>] ? trace_hardirqs_off_caller+0x29/0x150
[  158.869383]  [<ffffffff811500ef>] handle_mm_fault+0x1af/0xc20
[  158.869676]  [<ffffffff81a37096>] ? do_page_fault+0xf6/0x560
[  158.869969]  [<ffffffff810bb64d>] ? lock_release_holdtime+0x3d/0x180
[  158.870288]  [<ffffffff81a3710b>] do_page_fault+0x16b/0x560
[  158.870575]  [<ffffffff81a33bf6>] ? error_sti+0x5/0x6
[  158.870842]  [<ffffffff81a32658>] ? trace_hardirqs_off_thunk+0x3a/0x3c
[  158.871166]  [<ffffffff81a339e5>] page_fault+0x25/0x30
[  158.871446] Mem-Info:
[  158.871605] Node 0 DMA per-cpu:
[  158.871836] CPU    0: hi:    0, btch:   1 usd:   0
[  158.872092] CPU    1: hi:    0, btch:   1 usd:   0
[  158.872345] CPU    2: hi:    0, btch:   1 usd:   0
[  158.872598] CPU    3: hi:    0, btch:   1 usd:   0
[  158.872852] CPU    4: hi:    0, btch:   1 usd:   0
[  158.873104] CPU    5: hi:    0, btch:   1 usd:   0
[  158.873358] CPU    6: hi:    0, btch:   1 usd:   0
[  158.873610] CPU    7: hi:    0, btch:   1 usd:   0
[  158.873863] Node 0 DMA32 per-cpu:
[  158.874098] CPU    0: hi:   90, btch:  15 usd:  17
[  158.874352] CPU    1: hi:   90, btch:  15 usd:   1
[  158.874606] CPU    2: hi:   90, btch:  15 usd:   0
[  158.874858] CPU    3: hi:   90, btch:  15 usd:   0
[  158.875110] CPU    4: hi:   90, btch:  15 usd:  69
[  158.875363] CPU    5: hi:   90, btch:  15 usd:   0
[  158.875631] CPU    6: hi:   90, btch:  15 usd:  14
[  158.875885] CPU    7: hi:   90, btch:  15 usd:   0
[  158.876141] active_anon:7254 inactive_anon:95 isolated_anon:0
[  158.876143]  active_file:405 inactive_file:2484 isolated_file:0
[  158.876144]  unevictable:0 dirty:0 writeback:753 unstable:0
[  158.876145]  free:707 slab_reclaimable:8191 slab_unreclaimable:5231
[  158.876146]  mapped:380 shmem:152 pagetables:532 bounce:0
[  158.877578] Node 0 DMA free:1056kB min:120kB low:148kB high:180kB active_anon:4316kB inactive_anon:0kB active_file:0kB inactive_file:2572kB unevictable:0kB isolated(anon):0kB isolated(file):0kB present:15660kB mlocked:0kB dirty:0kB writeback:780kB mapped:8kB shmem:0kB slab_reclaimable:6392kB slab_unreclaimable:464kB kernel_stack:8kB pagetables:40kB unstable:0kB bounce:0kB writeback_tmp:0kB pages_scanned:4353 all_unreclaimable? yes
[  158.879330] lowmem_reserve[]: 0 236 236 236
[  158.879758] Node 0 DMA32 free:1788kB min:1904kB low:2380kB high:2856kB active_anon:24700kB inactive_anon:380kB active_file:1620kB inactive_file:7364kB unevictable:0kB isolated(anon):0kB isolated(file):0kB present:242400kB mlocked:0kB dirty:0kB writeback:1724kB mapped:1512kB shmem:608kB slab_reclaimable:26372kB slab_unreclaimable:20460kB kernel_stack:1224kB pagetables:2088kB unstable:0kB bounce:0kB writeback_tmp:0kB pages_scanned:16092 all_unreclaimable? yes
[  158.881595] lowmem_reserve[]: 0 0 0 0
[  158.881987] Node 0 DMA: 43*4kB 90*8kB 11*16kB 0*32kB 0*64kB 0*128kB 0*256kB 0*512kB 0*1024kB 0*2048kB 0*4096kB = 1068kB
[  158.882974] Node 0 DMA32: 91*4kB 39*8kB 85*16kB 1*32kB 0*64kB 0*128kB 0*256kB 0*512kB 0*1024kB 0*2048kB 0*4096kB = 2068kB
[  158.883989] 2867 total pagecache pages
[  158.884205] 0 pages in swap cache
[  158.884404] Swap cache stats: add 0, delete 0, find 0/0
[  158.884677] Free swap  = 0kB
[  158.884859] Total swap = 0kB
[  158.885766] 65520 pages RAM
[  158.885945] 16492 pages reserved
[  158.886140] 5300 pages shared
[  158.886329] 44770 pages non-shared
[  158.886531] [ pid ]   uid  tgid total_vm      rss cpu oom_adj oom_score_adj name
[  158.886928] [ 1995]     0  1995     4237      169   1     -17         -1000 udevd
[  158.887324] [ 2082]     0  2082     4264      179   2     -17         -1000 udevd
[  158.887737] [ 2083]     0  2083     4264      169   2     -17         -1000 udevd
[  158.888132] [ 2269]     0  2269    12303      170   1     -17         -1000 sshd
[  158.888523] [ 2343]     1  2343     2162       89   1       0             0 portmap
[  158.888923] [ 2355]     0  2355     3606       87   0       0             0 rpc.statd
[  158.889332] [ 2428]     0  2428     1633      118   2       0             0 syslogd
[  158.889734] [ 2437]     0  2437     1107       92   1       0             0 klogd
[  158.890131] [ 2448]   104  2448     5864      111   4       0             0 dbus-daemon
[  158.890542] [ 2490]   106  2490    11105      318   2       0             0 hald
[  158.890930] [ 2491]     0  2491     5552      101   1       0             0 hald-runner
[  158.891346] [ 2520]     0  2520    19756      246   4       0             0 sshd
[  158.891746] [ 2524]     0  2524     6081       83   5       0             0 hald-addon-inpu
[  158.892175] [ 2541]     0  2541     6083       82   0       0             0 hald-addon-cpuf
[  158.892600] [ 2542]   106  2542     6535      103   0       0             0 hald-addon-acpi
[  158.893024] [ 2551]  1000  2551    19756      323   4       0             0 sshd
[  158.893415] [ 2571]  1000  2571    11804      495   4       0             0 zsh
[  158.893805] [ 2632]     0  2632     1494       66   4       0             0 getty
[  158.894197] [ 2633]     0  2633     1494       67   0       0             0 getty
[  158.894591] [ 2634]     0  2634     1494       67   0       0             0 getty
[  158.894989] [ 2635]     0  2635     1494       67   0       0             0 getty
[  158.895381] [ 2636]     0  2636     1494       66   0       0             0 getty
[  158.895784] [ 2638]     0  2638     1494       66   0       0             0 getty
[  158.896179] [ 2692]     0  2692    11425      600   0       0             0 zsh
[  158.896568] [ 2720]     0  2720     3431      142   0       0             0 concurrent-dd.s
[  158.896996] [ 2749]     0  2749     3460      323   7       0             0 dd
[  158.897381] [ 2750]     0  2750     3460      322   1       0             0 dd
[  158.897766] [ 2751]     0  2751     3460      322   6       0             0 dd
[  158.898713] [ 2752]     0  2752     3460      323   7       0             0 dd
[  158.899099] [ 2753]     0  2753     3460      323   5       0             0 dd
[  158.899492] [ 2754]     0  2754     3460      322   7       0             0 dd
[  158.899877] [ 2755]     0  2755     3460      322   3       0             0 dd
[  158.900263] [ 2756]     0  2756     3460      323   4       0             0 dd
[  158.900648] [ 2757]     0  2757     3460      323   4       0             0 dd
[  158.901032] [ 2758]     0  2758     3460      323   1       0             0 dd
[  158.901418] [ 2759]     0  2759     3436      227   0       0             0 plot-written.sh
[  158.901840] [ 2760]     0  2760    11157     1726   6       0             0 python
[  158.902239] [ 2776]     0  2776     2144      134   4       0             0 iostat
[  158.902637] [ 7125]     0  7125     3202      138   5       0             0 date
[  158.903026] Out of memory: Kill process 2571 (zsh) score 10 or sacrifice child
[  158.903421] Killed process 2571 (zsh) total-vm:47216kB, anon-rss:1692kB, file-rss:288kB
remote: Counting objects: 272, done.
remote: Compressing objects: 100% (58/58), done.
remote: Total 178 (delta 151), reused 136 (delta 119)
Receiving objects: 100% (178/178), 25.77 KiB, done.
Resolving deltas: 100% (151/151), completed with 65 local objects.
>From git://proxy.jf.intel.com/pub/scm/linux/kernel/git/torvalds/linux-2.6
   771f8bc..cf7d7e5  master     -> origin/master
 * [new tag]         v2.6.37-rc5 -> v2.6.37-rc5
[1]  + 19413 done       git remote update
[  206.063452] date invoked oom-killer: gfp_mask=0x201da, order=0, oom_adj=0, oom_score_adj=0
[  206.063863] date cpuset=/ mems_allowed=0
[  206.064074] Pid: 9396, comm: date Not tainted 2.6.37-rc3 #154
[  206.064352] Call Trace:
[  206.064513]  [<ffffffff81a333eb>] ? _raw_spin_unlock+0x2b/0x40
[  206.064798]  [<ffffffff81130593>] dump_header+0x83/0x200
[  206.065063]  [<ffffffff810be27d>] ? trace_hardirqs_on+0xd/0x10
[  206.065345]  [<ffffffff813fa29b>] ? ___ratelimit+0xab/0x150
[  206.065633]  [<ffffffff81130817>] ? oom_badness+0x77/0x190
[  206.065908]  [<ffffffff81130acd>] oom_kill_process+0x8d/0x270
[  206.066193]  [<ffffffff811310e8>] out_of_memory+0x1d8/0x410
[  206.066466]  [<ffffffff8113669b>] __alloc_pages_nodemask+0x81b/0x830
[  206.066768]  [<ffffffff8116ae79>] alloc_pages_current+0x99/0x110
[  206.067059]  [<ffffffff8112db47>] __page_cache_alloc+0x87/0x90
[  206.067342]  [<ffffffff81138630>] __do_page_cache_readahead+0x120/0x260
[  206.067652]  [<ffffffff811385bd>] ? __do_page_cache_readahead+0xad/0x260
[  206.067968]  [<ffffffff810bb64d>] ? lock_release_holdtime+0x3d/0x180
[  206.068270]  [<ffffffff81138aa1>] ra_submit+0x21/0x30
[  206.068523]  [<ffffffff8112fa1c>] filemap_fault+0x4dc/0x4f0
[  206.068795]  [<ffffffff810bfe5e>] ? __lock_acquire+0x53e/0x1e70
[  206.069078]  [<ffffffff8114d0e4>] __do_fault+0x54/0x540
[  206.069391]  [<ffffffff811500ef>] handle_mm_fault+0x1af/0xc20
[  206.069685]  [<ffffffff81a37096>] ? do_page_fault+0xf6/0x560
[  206.069961]  [<ffffffff810bb64d>] ? lock_release_holdtime+0x3d/0x180
[  206.070262]  [<ffffffff81a3710b>] do_page_fault+0x16b/0x560
[  206.070536]  [<ffffffff810b022f>] ? local_clock+0x6f/0x80
[  206.070802]  [<ffffffff810bb929>] ? trace_hardirqs_off_caller+0x29/0x150
[  206.071115]  [<ffffffff810bba5d>] ? trace_hardirqs_off+0xd/0x10
[  206.071399]  [<ffffffff810b022f>] ? local_clock+0x6f/0x80
[  206.071665]  [<ffffffff81a33bf6>] ? error_sti+0x5/0x6
[  206.071920]  [<ffffffff81a32658>] ? trace_hardirqs_off_thunk+0x3a/0x3c
[  206.072227]  [<ffffffff81a339e5>] page_fault+0x25/0x30
[  206.072481] Mem-Info:
[  206.072631] Node 0 DMA per-cpu:
[  206.072846] CPU    0: hi:    0, btch:   1 usd:   0
[  206.073090] CPU    1: hi:    0, btch:   1 usd:   0
[  206.073331] CPU    2: hi:    0, btch:   1 usd:   0
[  206.073582] CPU    3: hi:    0, btch:   1 usd:   0
[  206.073825] CPU    4: hi:    0, btch:   1 usd:   0
[  206.074068] CPU    5: hi:    0, btch:   1 usd:   0
[  206.074311] CPU    6: hi:    0, btch:   1 usd:   0
[  206.074553] CPU    7: hi:    0, btch:   1 usd:   0
[  206.074795] Node 0 DMA32 per-cpu:
[  206.075016] CPU    0: hi:   90, btch:  15 usd:   0
[  206.075258] CPU    1: hi:   90, btch:  15 usd:   0
[  206.075502] CPU    2: hi:   90, btch:  15 usd:   0
[  206.075743] CPU    3: hi:   90, btch:  15 usd:   0
[  206.075985] CPU    4: hi:   90, btch:  15 usd:   0
[  206.076228] CPU    5: hi:   90, btch:  15 usd:   0
[  206.076471] CPU    6: hi:   90, btch:  15 usd:   0
[  206.076714] CPU    7: hi:   90, btch:  15 usd:   0
[  206.076957] active_anon:4989 inactive_anon:19 isolated_anon:0
[  206.076958]  active_file:246 inactive_file:1257 isolated_file:0
[  206.076959]  unevictable:0 dirty:0 writeback:0 unstable:0
[  206.076959]  free:725 slab_reclaimable:11315 slab_unreclaimable:5147
[  206.076960]  mapped:198 shmem:75 pagetables:429 bounce:0
[  206.078351] Node 0 DMA free:1088kB min:120kB low:148kB high:180kB active_anon:576kB inactive_anon:0kB active_file:36kB inactive_file:848kB unevictable:0kB isolated(anon):0kB isolated(file):0kB present:15660kB mlocked:0kB dirty:0kB writeback:24kB mapped:0kB shmem:0kB slab_reclaimable:12824kB slab_unreclaimable:352kB kernel_stack:16kB pagetables:12kB unstable:0kB bounce:0kB writeback_tmp:0kB pages_scanned:1466 all_unreclaimable? yes
[  206.080021] lowmem_reserve[]: 0 236 236 236
[  206.080410] Node 0 DMA32 free:1840kB min:1904kB low:2380kB high:2856kB active_anon:19372kB inactive_anon:28kB active_file:940kB inactive_file:4232kB unevictable:0kB isolated(anon):0kB isolated(file):0kB present:242400kB mlocked:0kB dirty:0kB writeback:0kB mapped:780kB shmem:300kB slab_reclaimable:32428kB slab_unreclaimable:20268kB kernel_stack:1200kB pagetables:1704kB unstable:0kB bounce:0kB writeback_tmp:0kB pages_scanned:9452 all_unreclaimable? yes
[  206.082158] lowmem_reserve[]: 0 0 0 0
[  206.082531] Node 0 DMA: 67*4kB 4*8kB 46*16kB 0*32kB 0*64kB 0*128kB 0*256kB 0*512kB 0*1024kB 0*2048kB 0*4096kB = 1036kB
[  206.083464] Node 0 DMA32: 173*4kB 98*8kB 23*16kB 0*32kB 0*64kB 0*128kB 0*256kB 0*512kB 0*1024kB 0*2048kB 0*4096kB = 1844kB
[  206.084413] 1660 total pagecache pages
[  206.084617] 0 pages in swap cache
[  206.084805] Swap cache stats: add 0, delete 0, find 0/0
[  206.085063] Free swap  = 0kB
[  206.085234] Total swap = 0kB
[  206.085981] 65520 pages RAM
[  206.086152] 16492 pages reserved
[  206.086337] 1938 pages shared
[  206.086511] 46189 pages non-shared
[  206.086703] [ pid ]   uid  tgid total_vm      rss cpu oom_adj oom_score_adj name
[  206.087084] [ 1995]     0  1995     4237      150   1     -17         -1000 udevd
[  206.087459] [ 2082]     0  2082     4264      162   2     -17         -1000 udevd
[  206.087834] [ 2083]     0  2083     4264      153   2     -17         -1000 udevd
[  206.088210] [ 2269]     0  2269    12303      138   5     -17         -1000 sshd
[  206.088581] [ 2343]     1  2343     2162       65   4       0             0 portmap
[  206.088963] [ 2355]     0  2355     3606       43   0       0             0 rpc.statd
[  206.089351] [ 2428]     0  2428     1633       44   0       0             0 syslogd
[  206.089738] [ 2437]     0  2437     1107       25   2       0             0 klogd
[  206.090113] [ 2448]   104  2448     5864       83   0       0             0 dbus-daemon
[  206.090507] [ 2490]   106  2490    11105      276   2       0             0 hald
[  206.090877] [ 2491]     0  2491     5552       63   1       0             0 hald-runner
[  206.091270] [ 2524]     0  2524     6081       49   5       0             0 hald-addon-inpu
[  206.091679] [ 2541]     0  2541     6083       48   0       0             0 hald-addon-cpuf
[  206.092085] [ 2542]   106  2542     6535       60   0       0             0 hald-addon-acpi
[  206.092492] [ 2632]     0  2632     1494       26   4       0             0 getty
[  206.092866] [ 2633]     0  2633     1494       27   0       0             0 getty
[  206.093238] [ 2634]     0  2634     1494       27   0       0             0 getty
[  206.093622] [ 2635]     0  2635     1494       27   0       0             0 getty
[  206.093999] [ 2636]     0  2636     1494       26   0       0             0 getty
[  206.094372] [ 2638]     0  2638     1494       26   0       0             0 getty
[  206.094746] [ 2692]     0  2692    11425      554   0       0             0 zsh
[  206.095115] [ 2720]     0  2720     3431       63   4       0             0 concurrent-dd.s
[  206.095522] [ 2749]     0  2749     3460      290   5       0             0 dd
[  206.095887] [ 2750]     0  2750     3460      289   4       0             0 dd
[  206.096252] [ 2751]     0  2751     3460      289   6       0             0 dd
[  206.096618] [ 2752]     0  2752     3460      290   4       0             0 dd
[  206.096982] [ 2753]     0  2753     3460      290   6       0             0 dd
[  206.097347] [ 2754]     0  2754     3460      289   1       0             0 dd
[  206.097720] [ 2755]     0  2755     3460      289   3       0             0 dd
[  206.098086] [ 2756]     0  2756     3460      290   6       0             0 dd
[  206.098452] [ 2757]     0  2757     3460      290   0       0             0 dd
[  206.098817] [ 2758]     0  2758     3460      290   0       0             0 dd
[  206.099182] [ 2759]     0  2759     3437      185   1       0             0 plot-written.sh
[  206.099589] [ 2776]     0  2776     2145       71   3       0             0 iostat
[  206.100540] [ 9396]     0  9396     3202      134   6       0             0 date
[  206.100910] Out of memory: Kill process 2490 (hald) score 5 or sacrifice child
[  206.101276] Killed process 2491 (hald-runner) total-vm:22208kB, anon-rss:248kB, file-rss:4kB
[  206.494475] date invoked oom-killer: gfp_mask=0x201da, order=0, oom_adj=0, oom_score_adj=0
[  206.494895] date cpuset=/ mems_allowed=0
[  206.495112] Pid: 9396, comm: date Not tainted 2.6.37-rc3 #154
[  206.495396] Call Trace:
[  206.495558]  [<ffffffff81a333eb>] ? _raw_spin_unlock+0x2b/0x40
[  206.495845]  [<ffffffff81130593>] dump_header+0x83/0x200
[  206.496112]  [<ffffffff810be27d>] ? trace_hardirqs_on+0xd/0x10
[  206.496400]  [<ffffffff813fa29b>] ? ___ratelimit+0xab/0x150
[  206.496675]  [<ffffffff81130817>] ? oom_badness+0x77/0x190
[  206.496951]  [<ffffffff81130acd>] oom_kill_process+0x8d/0x270
[  206.497234]  [<ffffffff811310e8>] out_of_memory+0x1d8/0x410
[  206.497514]  [<ffffffff8113669b>] __alloc_pages_nodemask+0x81b/0x830
[  206.497834]  [<ffffffff8116ae79>] alloc_pages_current+0x99/0x110
[  206.498131]  [<ffffffff8112db47>] __page_cache_alloc+0x87/0x90
[  206.498421]  [<ffffffff81138630>] __do_page_cache_readahead+0x120/0x260
[  206.498740]  [<ffffffff811385bd>] ? __do_page_cache_readahead+0xad/0x260
[  206.499062]  [<ffffffff810bb64d>] ? lock_release_holdtime+0x3d/0x180
[  206.499373]  [<ffffffff81138aa1>] ra_submit+0x21/0x30
[  206.499632]  [<ffffffff8112fa1c>] filemap_fault+0x4dc/0x4f0
[  206.499911]  [<ffffffff810bfe5e>] ? __lock_acquire+0x53e/0x1e70
[  206.500207]  [<ffffffff8114d0e4>] __do_fault+0x54/0x540
[  206.500475]  [<ffffffff811500ef>] handle_mm_fault+0x1af/0xc20
[  206.500762]  [<ffffffff81a37096>] ? do_page_fault+0xf6/0x560
[  206.501045]  [<ffffffff810bb64d>] ? lock_release_holdtime+0x3d/0x180
[  206.501355]  [<ffffffff81a3710b>] do_page_fault+0x16b/0x560
[  206.501635]  [<ffffffff810b022f>] ? local_clock+0x6f/0x80
[  206.501923]  [<ffffffff810bb929>] ? trace_hardirqs_off_caller+0x29/0x150
[  206.502244]  [<ffffffff810bba5d>] ? trace_hardirqs_off+0xd/0x10
[  206.502535]  [<ffffffff810b022f>] ? local_clock+0x6f/0x80
[  206.502809]  [<ffffffff81a33bf6>] ? error_sti+0x5/0x6
[  206.503068]  [<ffffffff81a32658>] ? trace_hardirqs_off_thunk+0x3a/0x3c
[  206.503384]  [<ffffffff81a339e5>] page_fault+0x25/0x30
[  206.503645] Mem-Info:
[  206.503798] Node 0 DMA per-cpu:
[  206.504019] CPU    0: hi:    0, btch:   1 usd:   0
[  206.504269] CPU    1: hi:    0, btch:   1 usd:   0
[  206.504518] CPU    2: hi:    0, btch:   1 usd:   0
[  206.504767] CPU    3: hi:    0, btch:   1 usd:   0
[  206.505069] CPU    4: hi:    0, btch:   1 usd:   0
[  206.505317] CPU    5: hi:    0, btch:   1 usd:   0
[  206.505566] CPU    6: hi:    0, btch:   1 usd:   0
[  206.505825] CPU    7: hi:    0, btch:   1 usd:   0
[  206.506074] Node 0 DMA32 per-cpu:
[  206.506302] CPU    0: hi:   90, btch:  15 usd:  14
[  206.506550] CPU    1: hi:   90, btch:  15 usd:   0
[  206.506798] CPU    2: hi:   90, btch:  15 usd:   0
[  206.507048] CPU    3: hi:   90, btch:  15 usd:   0
[  206.507297] CPU    4: hi:   90, btch:  15 usd:   0
[  206.507545] CPU    5: hi:   90, btch:  15 usd:   0
[  206.507795] CPU    6: hi:   90, btch:  15 usd:  14
[  206.508045] CPU    7: hi:   90, btch:  15 usd:   0
[  206.508296] active_anon:4928 inactive_anon:7 isolated_anon:0
[  206.508297]  active_file:142 inactive_file:571 isolated_file:0
[  206.508298]  unevictable:0 dirty:0 writeback:0 unstable:0
[  206.508299]  free:688 slab_reclaimable:11310 slab_unreclaimable:5150
[  206.508301]  mapped:121 shmem:75 pagetables:436 bounce:0
[  206.509719] Node 0 DMA free:1044kB min:120kB low:148kB high:180kB active_anon:552kB inactive_anon:0kB active_file:32kB inactive_file:388kB unevictable:0kB isolated(anon):0kB isolated(file):0kB present:15660kB mlocked:0kB dirty:44kB writeback:0kB mapped:0kB shmem:0kB slab_reclaimable:12836kB slab_unreclaimable:352kB kernel_stack:8kB pagetables:20kB unstable:0kB bounce:0kB writeback_tmp:0kB pages_scanned:802 all_unreclaimable? yes
[  206.511425] lowmem_reserve[]: 0 236 236 236
[  206.511830] Node 0 DMA32 free:1708kB min:1904kB low:2380kB high:2856kB active_anon:19160kB inactive_anon:28kB active_file:536kB inactive_file:1896kB unevictable:0kB isolated(anon):0kB isolated(file):0kB present:242400kB mlocked:0kB dirty:0kB writeback:0kB mapped:500kB shmem:300kB slab_reclaimable:32404kB slab_unreclaimable:20248kB kernel_stack:1176kB pagetables:1724kB unstable:0kB bounce:0kB writeback_tmp:0kB pages_scanned:3774 all_unreclaimable? yes
[  206.513597] lowmem_reserve[]: 0 0 0 0
[  206.513990] Node 0 DMA: 66*4kB 2*8kB 49*16kB 0*32kB 0*64kB 0*128kB 0*256kB 0*512kB 0*1024kB 0*2048kB 0*4096kB = 1064kB
[  206.514957] Node 0 DMA32: 146*4kB 77*8kB 29*16kB 3*32kB 0*64kB 0*128kB 0*256kB 0*512kB 0*1024kB 0*2048kB 0*4096kB = 1760kB
[  206.515940] 906 total pagecache pages
[  206.516146] 0 pages in swap cache
[  206.516339] Swap cache stats: add 0, delete 0, find 0/0
[  206.516604] Free swap  = 0kB
[  206.516781] Total swap = 0kB
[  206.517638] 65520 pages RAM
[  206.517821] 16492 pages reserved
[  206.518011] 778 pages shared
[  206.518186] 47393 pages non-shared
[  206.518383] [ pid ]   uid  tgid total_vm      rss cpu oom_adj oom_score_adj name
[  206.518772] [ 1995]     0  1995     4237      150   1     -17         -1000 udevd
[  206.519158] [ 2082]     0  2082     4264      162   2     -17         -1000 udevd
[  206.519542] [ 2083]     0  2083     4264      153   2     -17         -1000 udevd
[  206.519927] [ 2269]     0  2269    12303      138   5     -17         -1000 sshd
[  206.520309] [ 2343]     1  2343     2162       62   4       0             0 portmap
[  206.520702] [ 2355]     0  2355     3606       43   0       0             0 rpc.statd
[  206.521098] [ 2428]     0  2428     1633       90   0       0             0 syslogd
[  206.521488] [ 2437]     0  2437     1107       67   0       0             0 klogd
[  206.521879] [ 2448]   104  2448     5864       83   0       0             0 dbus-daemon
[  206.522283] [ 2490]   106  2490    11105      294   1       0             0 hald
[  206.522664] [ 2524]     0  2524     6081       49   5       0             0 hald-addon-inpu
[  206.523082] [ 2541]     0  2541     6083       48   0       0             0 hald-addon-cpuf
[  206.523499] [ 2542]   106  2542     6535       59   0       0             0 hald-addon-acpi
[  206.523916] [ 2632]     0  2632     1494       26   4       0             0 getty
[  206.524300] [ 2633]     0  2633     1494       27   0       0             0 getty
[  206.524684] [ 2634]     0  2634     1494       27   0       0             0 getty
[  206.525069] [ 2635]     0  2635     1494       27   0       0             0 getty
[  206.525453] [ 2636]     0  2636     1494       26   0       0             0 getty
[  206.525845] [ 2638]     0  2638     1494       26   0       0             0 getty
[  206.526231] [ 2692]     0  2692    11425      554   0       0             0 zsh
[  206.526609] [ 2720]     0  2720     3431       63   4       0             0 concurrent-dd.s
[  206.527027] [ 2749]     0  2749     3460      290   1       0             0 dd
[  206.527401] [ 2750]     0  2750     3460      289   0       0             0 dd
[  206.527777] [ 2751]     0  2751     3460      289   4       0             0 dd
[  206.528152] [ 2752]     0  2752     3460      290   2       0             0 dd
[  206.528527] [ 2753]     0  2753     3460      290   7       0             0 dd
[  206.528902] [ 2754]     0  2754     3460      289   3       0             0 dd
[  206.529275] [ 2755]     0  2755     3460      289   4       0             0 dd
[  206.529650] [ 2756]     0  2756     3460      290   6       0             0 dd
[  206.530032] [ 2757]     0  2757     3460      290   3       0             0 dd
[  206.530409] [ 2758]     0  2758     3460      290   5       0             0 dd
[  206.530785] [ 2759]     0  2759     3437      102   1       0             0 plot-written.sh
[  206.531203] [ 2776]     0  2776     2145       68   3       0             0 iostat
[  206.531591] [ 9396]     0  9396     3202      117   2       0             0 date
[  206.531972] Out of memory: Kill process 2490 (hald) score 5 or sacrifice child
[  206.532346] Killed process 2490 (hald) total-vm:44420kB, anon-rss:1096kB, file-rss:80kB
[  224.490577] plot-written.sh invoked oom-killer: gfp_mask=0x200da, order=0, oom_adj=0, oom_score_adj=0
[  224.491034] plot-written.sh cpuset=/ mems_allowed=0
[  224.491283] Pid: 9920, comm: plot-written.sh Not tainted 2.6.37-rc3 #154
[  224.491597] Call Trace:
[  224.491758]  [<ffffffff81a333eb>] ? _raw_spin_unlock+0x2b/0x40
[  224.492043]  [<ffffffff81130593>] dump_header+0x83/0x200
[  224.492311]  [<ffffffff810be27d>] ? trace_hardirqs_on+0xd/0x10
[  224.492597]  [<ffffffff813fa29b>] ? ___ratelimit+0xab/0x150
[  224.492870]  [<ffffffff81130817>] ? oom_badness+0x77/0x190
[  224.493137]  [<ffffffff81130acd>] oom_kill_process+0x8d/0x270
[  224.493411]  [<ffffffff811310e8>] out_of_memory+0x1d8/0x410
[  224.493679]  [<ffffffff8113669b>] __alloc_pages_nodemask+0x81b/0x830
[  224.493975]  [<ffffffff8116cb48>] alloc_page_vma+0x88/0x160
[  224.494258]  [<ffffffff8114e221>] do_wp_page+0xf1/0x880
[  224.494517]  [<ffffffff81150324>] handle_mm_fault+0x3e4/0xc20
[  224.495345]  [<ffffffff81a3710b>] do_page_fault+0x16b/0x560
[  224.495614]  [<ffffffff8114ce2c>] ? might_fault+0x5c/0xb0
[  224.495876]  [<ffffffff81a33bf6>] ? error_sti+0x5/0x6
[  224.496125]  [<ffffffff81a32658>] ? trace_hardirqs_off_thunk+0x3a/0x3c
[  224.496425]  [<ffffffff81a339e5>] page_fault+0x25/0x30
[  224.496676] Mem-Info:
[  224.496821] Node 0 DMA per-cpu:
[  224.497031] CPU    0: hi:    0, btch:   1 usd:   0
[  224.497268] CPU    1: hi:    0, btch:   1 usd:   0
[  224.497504] CPU    2: hi:    0, btch:   1 usd:   0
[  224.497740] CPU    3: hi:    0, btch:   1 usd:   0
[  224.497977] CPU    4: hi:    0, btch:   1 usd:   0
[  224.498235] CPU    5: hi:    0, btch:   1 usd:   0
[  224.498476] CPU    6: hi:    0, btch:   1 usd:   0
[  224.498719] CPU    7: hi:    0, btch:   1 usd:   0
[  224.498963] Node 0 DMA32 per-cpu:
[  224.499181] CPU    0: hi:   90, btch:  15 usd:  86
[  224.499422] CPU    1: hi:   90, btch:  15 usd:   0
[  224.499658] CPU    2: hi:   90, btch:  15 usd:   0
[  224.499895] CPU    3: hi:   90, btch:  15 usd:   0
[  224.500133] CPU    4: hi:   90, btch:  15 usd:  26
[  224.500369] CPU    5: hi:   90, btch:  15 usd:   0
[  224.500606] CPU    6: hi:   90, btch:  15 usd:   0
[  224.500842] CPU    7: hi:   90, btch:  15 usd:   0
[  224.501080] active_anon:4612 inactive_anon:31 isolated_anon:0
[  224.501081]  active_file:317 inactive_file:984 isolated_file:0
[  224.501081]  unevictable:0 dirty:0 writeback:699 unstable:0
[  224.501082]  free:1515 slab_reclaimable:12137 slab_unreclaimable:5131
[  224.501082]  mapped:201 shmem:75 pagetables:382 bounce:0
[  224.502468] Node 0 DMA free:1124kB min:120kB low:148kB high:180kB active_anon:572kB inactive_anon:0kB active_file:16kB inactive_file:672kB unevictable:0kB isolated(anon):0kB isolated(file):0kB present:15660kB mlocked:0kB dirty:104kB writeback:572kB mapped:0kB shmem:0kB slab_reclaimable:12952kB slab_unreclaimable:292kB kernel_stack:8kB pagetables:20kB unstable:0kB bounce:0kB writeback_tmp:0kB pages_scanned:0 all_unreclaimable? no
[  224.504105] lowmem_reserve[]: 0 236 236 236
[  224.504494] Node 0 DMA32 free:5600kB min:1904kB low:2380kB high:2856kB active_anon:17976kB inactive_anon:124kB active_file:1252kB inactive_file:2744kB unevictable:0kB isolated(anon):0kB isolated(file):0kB present:242400kB mlocked:0kB dirty:0kB writeback:2072kB mapped:804kB shmem:300kB slab_reclaimable:35596kB slab_unreclaimable:20232kB kernel_stack:1160kB pagetables:1508kB unstable:0kB bounce:0kB writeback_tmp:0kB pages_scanned:14 all_unreclaimable? no
[  224.506241] lowmem_reserve[]: 0 0 0 0
[  224.506608] Node 0 DMA: 22*4kB 53*8kB 42*16kB 0*32kB 0*64kB 0*128kB 0*256kB 0*512kB 0*1024kB 0*2048kB 0*4096kB = 1184kB
[  224.507546] Node 0 DMA32: 1016*4kB 165*8kB 6*16kB 0*32kB 0*64kB 0*128kB 0*256kB 0*512kB 0*1024kB 0*2048kB 0*4096kB = 5480kB
[  224.508496] 1394 total pagecache pages
[  224.508700] 0 pages in swap cache
[  224.508888] Swap cache stats: add 0, delete 0, find 0/0
[  224.509146] Free swap  = 0kB
[  224.509318] Total swap = 0kB
[  224.510110] 65520 pages RAM
[  224.510282] 16492 pages reserved
[  224.510468] 2424 pages shared
[  224.510642] 45531 pages non-shared
[  224.510834] [ pid ]   uid  tgid total_vm      rss cpu oom_adj oom_score_adj name
[  224.511216] [ 1995]     0  1995     4237      150   1     -17         -1000 udevd
[  224.511592] [ 2082]     0  2082     4264      162   2     -17         -1000 udevd
[  224.511967] [ 2083]     0  2083     4264      153   2     -17         -1000 udevd
[  224.512343] [ 2269]     0  2269    12303      138   5     -17         -1000 sshd
[  224.512716] [ 2343]     1  2343     2162       61   4       0             0 portmap
[  224.513098] [ 2355]     0  2355     3606       43   0       0             0 rpc.statd
[  224.513486] [ 2428]     0  2428     1633      102   2       0             0 syslogd
[  224.513867] [ 2437]     0  2437     1107       79   6       0             0 klogd
[  224.514253] [ 2448]   104  2448     5864       95   4       0             0 dbus-daemon
[  224.514648] [ 2524]     0  2524     6081       79   5       0             0 hald-addon-inpu
[  224.515054] [ 2541]     0  2541     6083       69   1       0             0 hald-addon-cpuf
[  224.515462] [ 2542]   106  2542     6535       68   4       0             0 hald-addon-acpi
[  224.515869] [ 2632]     0  2632     1494       26   4       0             0 getty
[  224.516243] [ 2633]     0  2633     1494       27   0       0             0 getty
[  224.516614] [ 2634]     0  2634     1494       27   0       0             0 getty
[  224.516985] [ 2635]     0  2635     1494       27   0       0             0 getty
[  224.517357] [ 2636]     0  2636     1494       26   0       0             0 getty
[  224.517729] [ 2638]     0  2638     1494       26   0       0             0 getty
[  224.518112] [ 2692]     0  2692    11425      554   0       0             0 zsh
[  224.518477] [ 2720]     0  2720     3431       63   4       0             0 concurrent-dd.s
[  224.518880] [ 2749]     0  2749     3460      290   0       0             0 dd
[  224.519241] [ 2750]     0  2750     3460      289   6       0             0 dd
[  224.519608] [ 2751]     0  2751     3460      289   3       0             0 dd
[  224.519969] [ 2752]     0  2752     3460      290   3       0             0 dd
[  224.520337] [ 2753]     0  2753     3460      290   2       0             0 dd
[  224.520702] [ 2754]     0  2754     3460      289   4       0             0 dd
[  224.521065] [ 2755]     0  2755     3460      289   7       0             0 dd
[  224.521428] [ 2756]     0  2756     3460      290   2       0             0 dd
[  224.521790] [ 2757]     0  2757     3460      290   2       0             0 dd
[  224.522165] [ 2758]     0  2758     3460      290   6       0             0 dd
[  224.522529] [ 2759]     0  2759     3437      197   4       0             0 plot-written.sh
[  224.522936] [ 2776]     0  2776     2144       94   2       0             0 iostat
[  224.523310] [ 9920]     0  9920     3437      130   5       0             0 plot-written.sh
[  224.523713] Out of memory: Kill process 2343 (portmap) score 1 or sacrifice child
[  224.524084] Killed process 2343 (portmap) total-vm:8648kB, anon-rss:132kB, file-rss:112kB
[  225.411466] iostat invoked oom-killer: gfp_mask=0x201da, order=0, oom_adj=0, oom_score_adj=0
[  225.411906] iostat cpuset=/ mems_allowed=0
[  225.412137] Pid: 2776, comm: iostat Not tainted 2.6.37-rc3 #154
[  225.412437] Call Trace:
[  225.412607]  [<ffffffff81a333eb>] ? _raw_spin_unlock+0x2b/0x40
[  225.412907]  [<ffffffff81130593>] dump_header+0x83/0x200
[  225.413183]  [<ffffffff810be27d>] ? trace_hardirqs_on+0xd/0x10
[  225.413482]  [<ffffffff813fa29b>] ? ___ratelimit+0xab/0x150
[  225.413768]  [<ffffffff81130817>] ? oom_badness+0x77/0x190
[  225.414052]  [<ffffffff81130acd>] oom_kill_process+0x8d/0x270
[  225.414346]  [<ffffffff811310e8>] out_of_memory+0x1d8/0x410
[  225.414650]  [<ffffffff8113669b>] __alloc_pages_nodemask+0x81b/0x830
[  225.414970]  [<ffffffff8116ae79>] alloc_pages_current+0x99/0x110
[  225.415272]  [<ffffffff8112db47>] __page_cache_alloc+0x87/0x90
[  225.415565]  [<ffffffff81138630>] __do_page_cache_readahead+0x120/0x260
[  225.415884]  [<ffffffff811385bd>] ? __do_page_cache_readahead+0xad/0x260
[  225.416206]  [<ffffffff810bb64d>] ? lock_release_holdtime+0x3d/0x180
[  225.416518]  [<ffffffff81138aa1>] ra_submit+0x21/0x30
[  225.416779]  [<ffffffff8112fa1c>] filemap_fault+0x4dc/0x4f0
[  225.417059]  [<ffffffff810bfe5e>] ? __lock_acquire+0x53e/0x1e70
[  225.417353]  [<ffffffff8114d0e4>] __do_fault+0x54/0x540
[  225.417620]  [<ffffffff811500ef>] handle_mm_fault+0x1af/0xc20
[  225.417907]  [<ffffffff81a37096>] ? do_page_fault+0xf6/0x560
[  225.418190]  [<ffffffff810bb64d>] ? lock_release_holdtime+0x3d/0x180
[  225.418509]  [<ffffffff81a3710b>] do_page_fault+0x16b/0x560
[  225.418792]  [<ffffffff81a333eb>] ? _raw_spin_unlock+0x2b/0x40
[  225.419081]  [<ffffffff81a33bf6>] ? error_sti+0x5/0x6
[  225.419342]  [<ffffffff81a32658>] ? trace_hardirqs_off_thunk+0x3a/0x3c
[  225.419657]  [<ffffffff81a339e5>] page_fault+0x25/0x30
[  225.419919] Mem-Info:
[  225.420073] Node 0 DMA per-cpu:
[  225.420296] CPU    0: hi:    0, btch:   1 usd:   0
[  225.420545] CPU    1: hi:    0, btch:   1 usd:   0
[  225.420793] CPU    2: hi:    0, btch:   1 usd:   0
[  225.421041] CPU    3: hi:    0, btch:   1 usd:   0
[  225.421291] CPU    4: hi:    0, btch:   1 usd:   0
[  225.421541] CPU    5: hi:    0, btch:   1 usd:   0
[  225.421789] CPU    6: hi:    0, btch:   1 usd:   0
[  225.422038] CPU    7: hi:    0, btch:   1 usd:   0
[  225.422286] Node 0 DMA32 per-cpu:
[  225.422528] CPU    0: hi:   90, btch:  15 usd:  30
[  225.422779] CPU    1: hi:   90, btch:  15 usd:  12
[  225.423028] CPU    2: hi:   90, btch:  15 usd:   0
[  225.423276] CPU    3: hi:   90, btch:  15 usd:   0
[  225.423527] CPU    4: hi:   90, btch:  15 usd:  22
[  225.423776] CPU    5: hi:   90, btch:  15 usd:   0
[  225.424026] CPU    6: hi:   90, btch:  15 usd:  88
[  225.424276] CPU    7: hi:   90, btch:  15 usd:   0
[  225.424528] active_anon:4608 inactive_anon:48 isolated_anon:0
[  225.424530]  active_file:301 inactive_file:1753 isolated_file:0
[  225.424531]  unevictable:0 dirty:55 writeback:10 unstable:0
[  225.424532]  free:719 slab_reclaimable:12182 slab_unreclaimable:5137
[  225.424533]  mapped:226 shmem:75 pagetables:374 bounce:0
[  225.426537] Node 0 DMA free:1036kB min:120kB low:148kB high:180kB active_anon:656kB inactive_anon:0kB active_file:16kB inactive_file:736kB unevictable:0kB isolated(anon):0kB isolated(file):0kB present:15660kB mlocked:0kB dirty:0kB writeback:32kB mapped:0kB shmem:0kB slab_reclaimable:12968kB slab_unreclaimable:300kB kernel_stack:16kB pagetables:52kB unstable:0kB bounce:0kB writeback_tmp:0kB pages_scanned:1138 all_unreclaimable? yes
[  225.428244] lowmem_reserve[]: 0 236 236 236
[  225.428650] Node 0 DMA32 free:1868kB min:1904kB low:2380kB high:2856kB active_anon:17776kB inactive_anon:192kB active_file:1188kB inactive_file:6276kB unevictable:0kB isolated(anon):0kB isolated(file):0kB present:242400kB mlocked:0kB dirty:252kB writeback:8kB mapped:904kB shmem:300kB slab_reclaimable:35760kB slab_unreclaimable:20248kB kernel_stack:1152kB pagetables:1444kB unstable:0kB bounce:0kB writeback_tmp:0kB pages_scanned:18485 all_unreclaimable? yes
[  225.430439] lowmem_reserve[]: 0 0 0 0
[  225.430833] Node 0 DMA: 8*4kB 56*8kB 36*16kB 0*32kB 0*64kB 0*128kB 0*256kB 0*512kB 0*1024kB 0*2048kB 0*4096kB = 1056kB
[  225.431806] Node 0 DMA32: 109*4kB 171*8kB 4*16kB 0*32kB 0*64kB 0*128kB 0*256kB 0*512kB 0*1024kB 0*2048kB 0*4096kB = 1868kB
[  225.432790] 2123 total pagecache pages
[  225.432999] 0 pages in swap cache
[  225.433191] Swap cache stats: add 0, delete 0, find 0/0
[  225.433456] Free swap  = 0kB
[  225.433632] Total swap = 0kB
[  225.434528] 65520 pages RAM
[  225.434703] 16492 pages reserved
[  225.434893] 1459 pages shared
[  225.435072] 46692 pages non-shared
[  225.435269] [ pid ]   uid  tgid total_vm      rss cpu oom_adj oom_score_adj name
[  225.435657] [ 1995]     0  1995     4237      150   1     -17         -1000 udevd
[  225.436042] [ 2082]     0  2082     4264      162   2     -17         -1000 udevd
[  225.436428] [ 2083]     0  2083     4264      153   2     -17         -1000 udevd
[  225.436814] [ 2269]     0  2269    12303      138   5     -17         -1000 sshd
[  225.437195] [ 2355]     0  2355     3606       43   0       0             0 rpc.statd
[  225.437593] [ 2428]     0  2428     1633       96   4       0             0 syslogd
[  225.437985] [ 2437]     0  2437     1107       73   7       0             0 klogd
[  225.438371] [ 2448]   104  2448     5864       95   4       0             0 dbus-daemon
[  225.438782] [ 2524]     0  2524     6081       79   5       0             0 hald-addon-inpu
[  225.439201] [ 2541]     0  2541     6083       69   1       0             0 hald-addon-cpuf
[  225.439617] [ 2542]   106  2542     6535       68   4       0             0 hald-addon-acpi
[  225.440037] [ 2632]     0  2632     1494       26   4       0             0 getty
[  225.440424] [ 2633]     0  2633     1494       27   0       0             0 getty
[  225.440809] [ 2634]     0  2634     1494       27   0       0             0 getty
[  225.441195] [ 2635]     0  2635     1494       27   0       0             0 getty
[  225.441579] [ 2636]     0  2636     1494       26   0       0             0 getty
[  225.441964] [ 2638]     0  2638     1494       26   0       0             0 getty
[  225.442349] [ 2692]     0  2692    11425      554   0       0             0 zsh
[  225.442735] [ 2720]     0  2720     3431       63   4       0             0 concurrent-dd.s
[  225.443154] [ 2749]     0  2749     3460      290   1       0             0 dd
[  225.443531] [ 2750]     0  2750     3460      289   6       0             0 dd
[  225.443906] [ 2751]     0  2751     3460      289   6       0             0 dd
[  225.444279] [ 2752]     0  2752     3460      290   7       0             0 dd
[  225.444655] [ 2753]     0  2753     3460      290   7       0             0 dd
[  225.445032] [ 2754]     0  2754     3460      289   3       0             0 dd
[  225.445407] [ 2755]     0  2755     3460      289   5       0             0 dd
[  225.445782] [ 2756]     0  2756     3460      290   0       0             0 dd
[  225.446158] [ 2757]     0  2757     3460      290   5       0             0 dd
[  225.446539] [ 2758]     0  2758     3460      290   6       0             0 dd
[  225.446916] [ 2759]     0  2759     3437      197   6       0             0 plot-written.sh
[  225.447334] [ 2776]     0  2776     2145       95   4       0             0 iostat
[  225.447722] [ 9922]     0  9922     3437      161   4       0             0 plot-written.sh
[  225.448141] [ 9923]     0  9923     1501       45   0       0             0 grep
[  225.448521] Out of memory: Kill process 2355 (rpc.statd) score 1 or sacrifice child
[  225.448913] Killed process 2355 (rpc.statd) total-vm:14424kB, anon-rss:168kB, file-rss:4kB
[  225.924637] iostat invoked oom-killer: gfp_mask=0xd0, order=0, oom_adj=0, oom_score_adj=0
[  225.925045] iostat cpuset=/ mems_allowed=0
[  225.925266] Pid: 2776, comm: iostat Not tainted 2.6.37-rc3 #154
[  225.925551] Call Trace:
[  225.925710]  [<ffffffff81a333eb>] ? _raw_spin_unlock+0x2b/0x40
[  225.925996]  [<ffffffff81130593>] dump_header+0x83/0x200
[  225.926260]  [<ffffffff810be27d>] ? trace_hardirqs_on+0xd/0x10
[  225.926541]  [<ffffffff813fa29b>] ? ___ratelimit+0xab/0x150
[  225.926833]  [<ffffffff81130817>] ? oom_badness+0x77/0x190
[  225.927106]  [<ffffffff81130acd>] oom_kill_process+0x8d/0x270
[  225.927390]  [<ffffffff811310e8>] out_of_memory+0x1d8/0x410
[  225.927673]  [<ffffffff8113669b>] __alloc_pages_nodemask+0x81b/0x830
[  225.927984]  [<ffffffff8116ae79>] alloc_pages_current+0x99/0x110
[  225.928280]  [<ffffffff81174c44>] new_slab+0x294/0x2a0
[  225.928544]  [<ffffffff81174e82>] ? __slab_alloc+0x232/0x450
[  225.928827]  [<ffffffff81174e97>] __slab_alloc+0x247/0x450
[  225.929104]  [<ffffffff81281951>] ? nfs_create_request+0x41/0x160
[  225.929403]  [<ffffffff81281951>] ? nfs_create_request+0x41/0x160
[  225.929704]  [<ffffffff81175d4c>] kmem_cache_alloc+0x17c/0x190
[  225.929993]  [<ffffffff81a33330>] ? _raw_spin_unlock_irq+0x30/0x40
[  225.930296]  [<ffffffff81a33330>] ? _raw_spin_unlock_irq+0x30/0x40
[  225.930598]  [<ffffffff81281951>] nfs_create_request+0x41/0x160
[  225.930902]  [<ffffffff81a33330>] ? _raw_spin_unlock_irq+0x30/0x40
[  225.931206]  [<ffffffff81283c30>] ? readpage_async_filler+0x0/0x150
[  225.931511]  [<ffffffff81283c95>] readpage_async_filler+0x65/0x150
[  225.931815]  [<ffffffff81283c30>] ? readpage_async_filler+0x0/0x150
[  225.932122]  [<ffffffff811388c2>] read_cache_pages+0xa2/0xf0
[  225.932404]  [<ffffffff81284ba2>] nfs_readpages+0xe2/0x1b0
[  225.932678]  [<ffffffff812840c0>] ? nfs_pagein_one+0x0/0x100
[  225.932963]  [<ffffffff8113869c>] __do_page_cache_readahead+0x18c/0x260
[  225.933284]  [<ffffffff811385bd>] ? __do_page_cache_readahead+0xad/0x260
[  225.933605]  [<ffffffff810bb64d>] ? lock_release_holdtime+0x3d/0x180
[  225.933915]  [<ffffffff81138aa1>] ra_submit+0x21/0x30
[  225.934175]  [<ffffffff8112fa1c>] filemap_fault+0x4dc/0x4f0
[  225.934455]  [<ffffffff810bfe5e>] ? __lock_acquire+0x53e/0x1e70
[  225.934758]  [<ffffffff8114d0e4>] __do_fault+0x54/0x540
[  225.935023]  [<ffffffff811500ef>] handle_mm_fault+0x1af/0xc20
[  225.935311]  [<ffffffff81a37096>] ? do_page_fault+0xf6/0x560
[  225.935595]  [<ffffffff810bb64d>] ? lock_release_holdtime+0x3d/0x180
[  225.935957]  [<ffffffff81a3710b>] do_page_fault+0x16b/0x560
[  225.936237]  [<ffffffff811bda2c>] ? fsnotify+0x7c/0x2d0
[  225.936505]  [<ffffffff81a33bf6>] ? error_sti+0x5/0x6
[  225.936767]  [<ffffffff81a32658>] ? trace_hardirqs_off_thunk+0x3a/0x3c
[  225.937082]  [<ffffffff81a339e5>] page_fault+0x25/0x30
[  225.937344] Mem-Info:
[  225.937498] Node 0 DMA per-cpu:
[  225.937721] CPU    0: hi:    0, btch:   1 usd:   0
[  225.937971] CPU    1: hi:    0, btch:   1 usd:   0
[  225.938218] CPU    2: hi:    0, btch:   1 usd:   0
[  225.938465] CPU    3: hi:    0, btch:   1 usd:   0
[  225.938715] CPU    4: hi:    0, btch:   1 usd:   0
[  225.938972] CPU    5: hi:    0, btch:   1 usd:   0
[  225.939222] CPU    6: hi:    0, btch:   1 usd:   0
[  225.939470] CPU    7: hi:    0, btch:   1 usd:   0
[  225.939718] Node 0 DMA32 per-cpu:
[  225.939947] CPU    0: hi:   90, btch:  15 usd:  15
[  225.940196] CPU    1: hi:   90, btch:  15 usd:  15
[  225.940496] CPU    2: hi:   90, btch:  15 usd:  14
[  225.940744] CPU    3: hi:   90, btch:  15 usd:   6
[  225.940992] CPU    4: hi:   90, btch:  15 usd:  13
[  225.941240] CPU    5: hi:   90, btch:  15 usd:  14
[  225.941488] CPU    6: hi:   90, btch:  15 usd:   6
[  225.941737] CPU    7: hi:   90, btch:  15 usd:  10
[  225.941987] active_anon:4614 inactive_anon:4 isolated_anon:0
[  225.941988]  active_file:260 inactive_file:926 isolated_file:0
[  225.941989]  unevictable:0 dirty:43 writeback:0 unstable:0
[  225.941990]  free:755 slab_reclaimable:12199 slab_unreclaimable:5122
[  225.941991]  mapped:251 shmem:75 pagetables:374 bounce:0
[  225.943408] Node 0 DMA free:1056kB min:120kB low:148kB high:180kB active_anon:656kB inactive_anon:0kB active_file:16kB inactive_file:164kB unevictable:0kB isolated(anon):0kB isolated(file):0kB present:15660kB mlocked:0kB dirty:20kB writeback:32kB mapped:0kB shmem:0kB slab_reclaimable:12968kB slab_unreclaimable:240kB kernel_stack:16kB pagetables:52kB unstable:0kB bounce:0kB writeback_tmp:0kB pages_scanned:351 all_unreclaimable? yes
[  225.945113] lowmem_reserve[]: 0 236 236 236
[  225.945566] Node 0 DMA32 free:1868kB min:1904kB low:2380kB high:2856kB active_anon:17800kB inactive_anon:16kB active_file:1024kB inactive_file:3540kB unevictable:0kB isolated(anon):0kB isolated(file):0kB present:242400kB mlocked:0kB dirty:152kB writeback:0kB mapped:1004kB shmem:300kB slab_reclaimable:35828kB slab_unreclaimable:20248kB kernel_stack:1152kB pagetables:1444kB unstable:0kB bounce:0kB writeback_tmp:0kB pages_scanned:8696 all_unreclaimable? yes
[  225.947950] lowmem_reserve[]: 0 0 0 0
[  225.948347] Node 0 DMA: 10*4kB 98*8kB 19*16kB 0*32kB 0*64kB 0*128kB 0*256kB 0*512kB 0*1024kB 0*2048kB 0*4096kB = 1128kB
[  225.949349] Node 0 DMA32: 199*4kB 156*8kB 4*16kB 0*32kB 0*64kB 0*128kB 0*256kB 0*512kB 0*1024kB 0*2048kB 0*4096kB = 2108kB
[  225.950362] 1343 total pagecache pages
[  225.950575] 0 pages in swap cache
[  225.950782] Swap cache stats: add 0, delete 0, find 0/0
[  225.951053] Free swap  = 0kB
[  225.951228] Total swap = 0kB
[  225.952026] 65520 pages RAM
[  225.952193] 16492 pages reserved
[  225.952375] 2225 pages shared
[  225.952548] 46398 pages non-shared
[  225.952739] [ pid ]   uid  tgid total_vm      rss cpu oom_adj oom_score_adj name
[  225.953115] [ 1995]     0  1995     4237      150   1     -17         -1000 udevd
[  225.953488] [ 2082]     0  2082     4264      162   2     -17         -1000 udevd
[  225.953858] [ 2083]     0  2083     4264      153   2     -17         -1000 udevd
[  225.954230] [ 2269]     0  2269    12303      138   5     -17         -1000 sshd
[  225.954598] [ 2428]     0  2428     1633       96   4       0             0 syslogd
[  225.954982] [ 2437]     0  2437     1107       74   2       0             0 klogd
[  225.955355] [ 2448]   104  2448     5864       94   4       0             0 dbus-daemon
[  225.955750] [ 2524]     0  2524     6081       73   5       0             0 hald-addon-inpu
[  225.956153] [ 2541]     0  2541     6083       63   1       0             0 hald-addon-cpuf
[  225.956556] [ 2542]   106  2542     6535       65   4       0             0 hald-addon-acpi
[  225.956959] [ 2632]     0  2632     1494       26   4       0             0 getty
[  225.957377] [ 2633]     0  2633     1494       27   0       0             0 getty
[  225.957746] [ 2634]     0  2634     1494       27   0       0             0 getty
[  225.958120] [ 2635]     0  2635     1494       27   0       0             0 getty
[  225.958494] [ 2636]     0  2636     1494       26   0       0             0 getty
[  225.958877] [ 2638]     0  2638     1494       26   0       0             0 getty
[  225.959244] [ 2692]     0  2692    11425      554   0       0             0 zsh
[  225.959603] [ 2720]     0  2720     3431       63   4       0             0 concurrent-dd.s
[  225.960003] [ 2749]     0  2749     3460      290   7       0             0 dd
[  225.960361] [ 2750]     0  2750     3460      289   3       0             0 dd
[  225.960718] [ 2751]     0  2751     3460      289   6       0             0 dd
[  225.961078] [ 2752]     0  2752     3460      290   7       0             0 dd
[  225.961437] [ 2753]     0  2753     3460      290   6       0             0 dd
[  225.961805] [ 2754]     0  2754     3460      289   6       0             0 dd
[  225.962186] [ 2755]     0  2755     3460      289   5       0             0 dd
[  225.962570] [ 2756]     0  2756     3460      290   3       0             0 dd
[  225.962963] [ 2757]     0  2757     3460      290   7       0             0 dd
[  225.963346] [ 2758]     0  2758     3460      290   2       0             0 dd
[  225.963781] [ 2759]     0  2759     3437      196   6       0             0 plot-written.sh
[  225.964201] [ 2776]     0  2776     2144       98   1       0             0 iostat
[  225.964577] [ 9922]     0  9922     3437      161   4       0             0 plot-written.sh
[  225.964981] [ 9923]     0  9923     2675      128   2       0             0 grep
[  225.965347] Out of memory: Kill process 2428 (syslogd) score 1 or sacrifice child
[  225.965721] Killed process 2428 (syslogd) total-vm:6532kB, anon-rss:164kB, file-rss:220kB
[  226.294192] wc invoked oom-killer: gfp_mask=0x201da, order=0, oom_adj=0, oom_score_adj=0
[  226.294607] wc cpuset=/ mems_allowed=0
[  226.294815] Pid: 9926, comm: wc Not tainted 2.6.37-rc3 #154
[  226.295395] Call Trace:
[  226.295968]  [<ffffffff81a333eb>] ? _raw_spin_unlock+0x2b/0x40
[  226.296265]  [<ffffffff81130593>] dump_header+0x83/0x200
[  226.296523]  [<ffffffff810be27d>] ? trace_hardirqs_on+0xd/0x10
[  226.296805]  [<ffffffff813fa29b>] ? ___ratelimit+0xab/0x150
[  226.297109]  [<ffffffff81130817>] ? oom_badness+0x77/0x190
[  226.297381]  [<ffffffff81130acd>] oom_kill_process+0x8d/0x270
[  226.297839]  [<ffffffff811310e8>] out_of_memory+0x1d8/0x410
[  226.298114]  [<ffffffff8113669b>] __alloc_pages_nodemask+0x81b/0x830
[  226.298415]  [<ffffffff8116ae79>] alloc_pages_current+0x99/0x110
[  226.298702]  [<ffffffff8112db47>] __page_cache_alloc+0x87/0x90
[  226.299037]  [<ffffffff81138630>] __do_page_cache_readahead+0x120/0x260
[  226.299344]  [<ffffffff811385bd>] ? __do_page_cache_readahead+0xad/0x260
[  226.299663]  [<ffffffff810bb64d>] ? lock_release_holdtime+0x3d/0x180
[  226.299970]  [<ffffffff81138aa1>] ra_submit+0x21/0x30
[  226.300228]  [<ffffffff8112fa1c>] filemap_fault+0x4dc/0x4f0
[  226.300649]  [<ffffffff810bfe5e>] ? __lock_acquire+0x53e/0x1e70
[  226.300936]  [<ffffffff8114d0e4>] __do_fault+0x54/0x540
[  226.301208]  [<ffffffff811500ef>] handle_mm_fault+0x1af/0xc20
[  226.301485]  [<ffffffff81a37096>] ? do_page_fault+0xf6/0x560
[  226.301761]  [<ffffffff810bb64d>] ? lock_release_holdtime+0x3d/0x180
[  226.302067]  [<ffffffff81a3710b>] do_page_fault+0x16b/0x560
[  226.302346]  [<ffffffff81177445>] ? kmem_cache_free+0x105/0x180
[  226.302637]  [<ffffffff81177445>] ? kmem_cache_free+0x105/0x180
[  226.302990]  [<ffffffff81a33bf6>] ? error_sti+0x5/0x6
[  226.303248]  [<ffffffff81a32658>] ? trace_hardirqs_off_thunk+0x3a/0x3c
[  226.303561]  [<ffffffff81a339e5>] page_fault+0x25/0x30
[  226.303821] Mem-Info:
[  226.303977] Node 0 DMA per-cpu:
[  226.304203] CPU    0: hi:    0, btch:   1 usd:   0
[  226.304451] CPU    1: hi:    0, btch:   1 usd:   0
[  226.304699] CPU    2: hi:    0, btch:   1 usd:   0
[  226.304947] CPU    3: hi:    0, btch:   1 usd:   0
[  226.305194] CPU    4: hi:    0, btch:   1 usd:   0
[  226.305441] CPU    5: hi:    0, btch:   1 usd:   0
[  226.305690] CPU    6: hi:    0, btch:   1 usd:   0
[  226.305938] CPU    7: hi:    0, btch:   1 usd:   0
[  226.306186] Node 0 DMA32 per-cpu:
[  226.306418] CPU    0: hi:   90, btch:  15 usd:   0
[  226.306666] CPU    1: hi:   90, btch:  15 usd:   0
[  226.306924] CPU    2: hi:   90, btch:  15 usd:   0
[  226.307175] CPU    3: hi:   90, btch:  15 usd:   0
[  226.307423] CPU    4: hi:   90, btch:  15 usd:   0
[  226.307671] CPU    5: hi:   90, btch:  15 usd:  13
[  226.307916] CPU    6: hi:   90, btch:  15 usd:   0
[  226.308162] CPU    7: hi:   90, btch:  15 usd:   0
[  226.308409] active_anon:4552 inactive_anon:24 isolated_anon:0
[  226.308410]  active_file:287 inactive_file:1656 isolated_file:0
[  226.308410]  unevictable:0 dirty:1 writeback:1203 unstable:0
[  226.308411]  free:954 slab_reclaimable:12273 slab_unreclaimable:5181
[  226.308411]  mapped:252 shmem:75 pagetables:360 bounce:0
[  226.309798] Node 0 DMA free:1168kB min:120kB low:148kB high:180kB active_anon:616kB inactive_anon:0kB active_file:12kB inactive_file:612kB unevictable:0kB isolated(anon):0kB isolated(file):0kB present:15660kB mlocked:0kB dirty:12kB writeback:520kB mapped:4kB shmem:0kB slab_reclaimable:12972kB slab_unreclaimable:288kB kernel_stack:8kB pagetables:40kB unstable:0kB bounce:0kB writeback_tmp:0kB pages_scanned:0 all_unreclaimable? no
[  226.311750] lowmem_reserve[]: 0 236 236 236
[  226.312156] Node 0 DMA32 free:2748kB min:1904kB low:2380kB high:2856kB active_anon:17592kB inactive_anon:96kB active_file:1136kB inactive_file:6012kB unevictable:0kB isolated(anon):0kB isolated(file):0kB present:242400kB mlocked:0kB dirty:0kB writeback:3792kB mapped:1004kB shmem:300kB slab_reclaimable:36120kB slab_unreclaimable:20436kB kernel_stack:1144kB pagetables:1400kB unstable:0kB bounce:0kB writeback_tmp:0kB pages_scanned:0 all_unreclaimable? no
[  226.313900] lowmem_reserve[]: 0 0 0 0
[  226.314289] Node 0 DMA: 33*4kB 54*8kB 38*16kB 0*32kB 0*64kB 0*128kB 0*256kB 0*512kB 0*1024kB 0*2048kB 0*4096kB = 1172kB
[  226.315300] Node 0 DMA32: 275*4kB 194*8kB 6*16kB 0*32kB 0*64kB 0*128kB 0*256kB 0*512kB 0*1024kB 0*2048kB 0*4096kB = 2748kB
[  226.316294] 2103 total pagecache pages
[  226.316505] 0 pages in swap cache
[  226.316697] Swap cache stats: add 0, delete 0, find 0/0
[  226.316960] Free swap  = 0kB
[  226.317136] Total swap = 0kB
[  226.317871] 65520 pages RAM
[  226.318049] 16492 pages reserved
[  226.318239] 3641 pages shared
[  226.318419] 45492 pages non-shared
[  226.318615] [ pid ]   uid  tgid total_vm      rss cpu oom_adj oom_score_adj name
[  226.319059] [ 1995]     0  1995     4237      150   1     -17         -1000 udevd
[  226.319440] [ 2082]     0  2082     4264      162   2     -17         -1000 udevd
[  226.319818] [ 2083]     0  2083     4264      153   2     -17         -1000 udevd
[  226.320195] [ 2269]     0  2269    12303      138   5     -17         -1000 sshd
[  226.320569] [ 2437]     0  2437     1107       76   6       0             0 klogd
[  226.321511] [ 2448]   104  2448     5864       94   4       0             0 dbus-daemon
[  226.321906] [ 2524]     0  2524     6081       73   5       0             0 hald-addon-inpu
[  226.322313] [ 2541]     0  2541     6083       63   1       0             0 hald-addon-cpuf
[  226.322724] [ 2542]   106  2542     6535       65   4       0             0 hald-addon-acpi
[  226.323244] [ 2632]     0  2632     1494       26   4       0             0 getty
[  226.323628] [ 2633]     0  2633     1494       27   0       0             0 getty
[  226.324004] [ 2634]     0  2634     1494       27   0       0             0 getty
[  226.324380] [ 2635]     0  2635     1494       27   0       0             0 getty
[  226.324945] [ 2636]     0  2636     1494       26   0       0             0 getty
[  226.325325] [ 2638]     0  2638     1494       26   0       0             0 getty
[  226.325701] [ 2692]     0  2692    11425      554   0       0             0 zsh
[  226.326071] [ 2720]     0  2720     3431       63   4       0             0 concurrent-dd.s
[  226.326479] [ 2749]     0  2749     3460      290   1       0             0 dd
[  226.326844] [ 2750]     0  2750     3460      289   3       0             0 dd
[  226.327322] [ 2751]     0  2751     3460      289   1       0             0 dd
[  226.327688] [ 2752]     0  2752     3460      290   3       0             0 dd
[  226.328054] [ 2753]     0  2753     3460      290   2       0             0 dd
[  226.328421] [ 2754]     0  2754     3460      289   2       0             0 dd
[  226.328786] [ 2755]     0  2755     3460      289   1       0             0 dd
[  226.329153] [ 2756]     0  2756     3460      290   3       0             0 dd
[  226.329518] [ 2757]     0  2757     3460      290   3       0             0 dd
[  226.329884] [ 2758]     0  2758     3460      290   6       0             0 dd
[  226.330250] [ 2759]     0  2759     3437      197   0       0             0 plot-written.sh
[  226.330659] [ 2776]     0  2776     2144       95   7       0             0 iostat
[  226.331239] [ 9924]     0  9924     3437      150   1       0             0 plot-written.sh
[  226.331651] [ 9926]     0  9926     2137      127   0       0             0 wc
[  226.332019] Out of memory: Kill process 2437 (klogd) score 1 or sacrifice child
[  226.332392] Killed process 2437 (klogd) total-vm:4428kB, anon-rss:96kB, file-rss:208kB
[  227.419481] dd invoked oom-killer: gfp_mask=0x201da, order=0, oom_adj=0, oom_score_adj=0
[  227.419889] dd cpuset=/ mems_allowed=0
[  227.420101] Pid: 2749, comm: dd Not tainted 2.6.37-rc3 #154
[  227.420380] Call Trace:
[  227.420546]  [<ffffffff81a333eb>] ? _raw_spin_unlock+0x2b/0x40
[  227.420836]  [<ffffffff81130593>] dump_header+0x83/0x200
[  227.421107]  [<ffffffff810be27d>] ? trace_hardirqs_on+0xd/0x10
[  227.421399]  [<ffffffff813fa29b>] ? ___ratelimit+0xab/0x150
[  227.421679]  [<ffffffff81130817>] ? oom_badness+0x77/0x190
[  227.421955]  [<ffffffff81130acd>] oom_kill_process+0x8d/0x270
[  227.422242]  [<ffffffff811310e8>] out_of_memory+0x1d8/0x410
[  227.422524]  [<ffffffff8113669b>] __alloc_pages_nodemask+0x81b/0x830
[  227.422833]  [<ffffffff8116ae79>] alloc_pages_current+0x99/0x110
[  227.423129]  [<ffffffff8112db47>] __page_cache_alloc+0x87/0x90
[  227.423420]  [<ffffffff81138630>] __do_page_cache_readahead+0x120/0x260
[  227.423750]  [<ffffffff811385bd>] ? __do_page_cache_readahead+0xad/0x260
[  227.424070]  [<ffffffff810bb64d>] ? lock_release_holdtime+0x3d/0x180
[  227.424379]  [<ffffffff81138aa1>] ra_submit+0x21/0x30
[  227.424639]  [<ffffffff8112fa1c>] filemap_fault+0x4dc/0x4f0
[  227.424916]  [<ffffffff810bfe5e>] ? __lock_acquire+0x53e/0x1e70
[  227.425209]  [<ffffffff8114d0e4>] __do_fault+0x54/0x540
[  227.425475]  [<ffffffff81a311d5>] ? __mutex_unlock_slowpath+0xd5/0x170
[  227.425790]  [<ffffffff81a311d5>] ? __mutex_unlock_slowpath+0xd5/0x170
[  227.426103]  [<ffffffff811500ef>] handle_mm_fault+0x1af/0xc20
[  227.426390]  [<ffffffff81a37096>] ? do_page_fault+0xf6/0x560
[  227.426673]  [<ffffffff810b022f>] ? local_clock+0x6f/0x80
[  227.426943]  [<ffffffff81a3710b>] do_page_fault+0x16b/0x560
[  227.427222]  [<ffffffff811bda2c>] ? fsnotify+0x7c/0x2d0
[  227.427503]  [<ffffffff81a33bf6>] ? error_sti+0x5/0x6
[  227.427763]  [<ffffffff81a32658>] ? trace_hardirqs_off_thunk+0x3a/0x3c
[  227.428077]  [<ffffffff81a339e5>] page_fault+0x25/0x30
[  227.428336] Mem-Info:
[  227.428491] Node 0 DMA per-cpu:
[  227.428711] CPU    0: hi:    0, btch:   1 usd:   0
[  227.428960] CPU    1: hi:    0, btch:   1 usd:   0
[  227.429206] CPU    2: hi:    0, btch:   1 usd:   0
[  227.429453] CPU    3: hi:    0, btch:   1 usd:   0
[  227.429700] CPU    4: hi:    0, btch:   1 usd:   0
[  227.429948] CPU    5: hi:    0, btch:   1 usd:   0
[  227.430195] CPU    6: hi:    0, btch:   1 usd:   0
[  227.430441] CPU    7: hi:    0, btch:   1 usd:   0
[  227.430688] Node 0 DMA32 per-cpu:
[  227.430916] CPU    0: hi:   90, btch:  15 usd:   0
[  227.431163] CPU    1: hi:   90, btch:  15 usd:  12
[  227.431409] CPU    2: hi:   90, btch:  15 usd:   8
[  227.431663] CPU    3: hi:   90, btch:  15 usd:  12
[  227.431910] CPU    4: hi:   90, btch:  15 usd:  14
[  227.432156] CPU    5: hi:   90, btch:  15 usd:   9
[  227.432404] CPU    6: hi:   90, btch:  15 usd:  24
[  227.432651] CPU    7: hi:   90, btch:  15 usd:   0
[  227.432903] active_anon:4512 inactive_anon:22 isolated_anon:0
[  227.432904]  active_file:26 inactive_file:398 isolated_file:265
[  227.432904]  unevictable:0 dirty:0 writeback:0 unstable:0
[  227.432905]  free:817 slab_reclaimable:12343 slab_unreclaimable:5117
[  227.432906]  mapped:34 shmem:75 pagetables:343 bounce:0
[  227.434316] Node 0 DMA free:1056kB min:120kB low:148kB high:180kB active_anon:572kB inactive_anon:0kB active_file:0kB inactive_file:204kB unevictable:0kB isolated(anon):0kB isolated(file):128kB present:15660kB mlocked:0kB dirty:0kB writeback:0kB mapped:0kB shmem:0kB slab_reclaimable:12984kB slab_unreclaimable:268kB kernel_stack:8kB pagetables:20kB unstable:0kB bounce:0kB writeback_tmp:0kB pages_scanned:64 all_unreclaimable? no
[  227.436004] lowmem_reserve[]: 0 236 236 236
[  227.436402] Node 0 DMA32 free:1876kB min:1904kB low:2380kB high:2856kB active_anon:17476kB inactive_anon:88kB active_file:104kB inactive_file:1740kB unevictable:0kB isolated(anon):0kB isolated(file):716kB present:242400kB mlocked:0kB dirty:96kB writeback:184kB mapped:136kB shmem:300kB slab_reclaimable:36388kB slab_unreclaimable:20200kB kernel_stack:1128kB pagetables:1352kB unstable:0kB bounce:0kB writeback_tmp:0kB pages_scanned:834 all_unreclaimable? no
[  227.438203] lowmem_reserve[]: 0 0 0 0
[  227.438599] Node 0 DMA: 10*4kB 44*8kB 39*16kB 0*32kB 0*64kB 0*128kB 0*256kB 0*512kB 0*1024kB 0*2048kB 0*4096kB = 1016kB
[  227.439586] Node 0 DMA32: 156*4kB 155*8kB 4*16kB 0*32kB 0*64kB 0*128kB 0*256kB 0*512kB 0*1024kB 0*2048kB 0*4096kB = 1928kB
[  227.440661] 1185 total pagecache pages
[  227.440867] 0 pages in swap cache
[  227.441062] Swap cache stats: add 0, delete 0, find 0/0
[  227.441322] Free swap  = 0kB
[  227.441496] Total swap = 0kB
[  227.442297] 65520 pages RAM
[  227.442471] 16492 pages reserved
[  227.442658] 1711 pages shared
[  227.442837] 46607 pages non-shared
[  227.443032] [ pid ]   uid  tgid total_vm      rss cpu oom_adj oom_score_adj name
[  227.443425] [ 1995]     0  1995     4237      150   1     -17         -1000 udevd
[  227.443812] [ 2082]     0  2082     4264      162   2     -17         -1000 udevd
[  227.444196] [ 2083]     0  2083     4264      153   2     -17         -1000 udevd
[  227.444572] [ 2269]     0  2269    12303      138   5     -17         -1000 sshd
[  227.444946] [ 2448]   104  2448     5864       83   4       0             0 dbus-daemon
[  227.445345] [ 2524]     0  2524     6081       49   5       0             0 hald-addon-inpu
[  227.445761] [ 2541]     0  2541     6083       48   1       0             0 hald-addon-cpuf
[  227.446181] [ 2542]   106  2542     6535       53   0       0             0 hald-addon-acpi
[  227.446598] [ 2632]     0  2632     1494       26   4       0             0 getty
[  227.446982] [ 2633]     0  2633     1494       27   0       0             0 getty
[  227.447367] [ 2634]     0  2634     1494       27   0       0             0 getty
[  227.447762] [ 2635]     0  2635     1494       27   0       0             0 getty
[  227.448144] [ 2636]     0  2636     1494       26   0       0             0 getty
[  227.448531] [ 2638]     0  2638     1494       26   0       0             0 getty
[  227.448919] [ 2692]     0  2692    11425      554   0       0             0 zsh
[  227.449294] [ 2720]     0  2720     3431       63   4       0             0 concurrent-dd.s
[  227.449715] [ 2749]     0  2749     3460      288   2       0             0 dd
[  227.450086] [ 2750]     0  2750     3460      287   6       0             0 dd
[  227.450460] [ 2751]     0  2751     3460      287   1       0             0 dd
[  227.451407] [ 2752]     0  2752     3460      288   1       0             0 dd
[  227.451788] [ 2753]     0  2753     3460      288   7       0             0 dd
[  227.452160] [ 2754]     0  2754     3460      287   7       0             0 dd
[  227.452533] [ 2755]     0  2755     3460      287   4       0             0 dd
[  227.452908] [ 2756]     0  2756     3460      288   5       0             0 dd
[  227.453284] [ 2757]     0  2757     3460      288   3       0             0 dd
[  227.453660] [ 2758]     0  2758     3460      288   1       0             0 dd
[  227.454032] [ 2759]     0  2759     3437       84   1       0             0 plot-written.sh
[  227.454444] [ 2776]     0  2776     2145       39   4       0             0 iostat
[  227.454830] [ 9929]     0  9929     3202       39   5       0             0 date
[  227.455207] Out of memory: Kill process 2448 (dbus-daemon) score 1 or sacrifice child
[  227.455670] Killed process 2448 (dbus-daemon) total-vm:23456kB, anon-rss:328kB, file-rss:4kB
[  227.931323] iostat invoked oom-killer: gfp_mask=0x201da, order=0, oom_adj=0, oom_score_adj=0
[  227.931753] iostat cpuset=/ mems_allowed=0
[  227.931972] Pid: 2776, comm: iostat Not tainted 2.6.37-rc3 #154
[  227.932255] Call Trace:
[  227.932414]  [<ffffffff81a333eb>] ? _raw_spin_unlock+0x2b/0x40
[  227.932697]  [<ffffffff81130593>] dump_header+0x83/0x200
[  227.932962]  [<ffffffff810be27d>] ? trace_hardirqs_on+0xd/0x10
[  227.933245]  [<ffffffff813fa29b>] ? ___ratelimit+0xab/0x150
[  227.933518]  [<ffffffff81130817>] ? oom_badness+0x77/0x190
[  227.933787]  [<ffffffff81130acd>] oom_kill_process+0x8d/0x270
[  227.934066]  [<ffffffff811310e8>] out_of_memory+0x1d8/0x410
[  227.934339]  [<ffffffff8113669b>] __alloc_pages_nodemask+0x81b/0x830
[  227.934644]  [<ffffffff8116ae79>] alloc_pages_current+0x99/0x110
[  227.934932]  [<ffffffff8112db47>] __page_cache_alloc+0x87/0x90
[  227.935216]  [<ffffffff81138630>] __do_page_cache_readahead+0x120/0x260
[  227.935528]  [<ffffffff811385bd>] ? __do_page_cache_readahead+0xad/0x260
[  227.935880]  [<ffffffff810bb64d>] ? lock_release_holdtime+0x3d/0x180
[  227.936183]  [<ffffffff81138aa1>] ra_submit+0x21/0x30
[  227.936435]  [<ffffffff8112fa1c>] filemap_fault+0x4dc/0x4f0
[  227.936707]  [<ffffffff810bfe5e>] ? __lock_acquire+0x53e/0x1e70
[  227.936993]  [<ffffffff8114d0e4>] __do_fault+0x54/0x540
[  227.937251]  [<ffffffff811500ef>] handle_mm_fault+0x1af/0xc20
[  227.937530]  [<ffffffff81a37096>] ? do_page_fault+0xf6/0x560
[  227.937804]  [<ffffffff810bb64d>] ? lock_release_holdtime+0x3d/0x180
[  227.938104]  [<ffffffff81a3710b>] do_page_fault+0x16b/0x560
[  227.938375]  [<ffffffff81a33bf6>] ? error_sti+0x5/0x6
[  227.938627]  [<ffffffff81a32658>] ? trace_hardirqs_off_thunk+0x3a/0x3c
[  227.938935]  [<ffffffff81a339e5>] page_fault+0x25/0x30
[  227.939189] Mem-Info:
[  227.939339] Node 0 DMA per-cpu:
[  227.939556] CPU    0: hi:    0, btch:   1 usd:   0
[  227.939833] CPU    1: hi:    0, btch:   1 usd:   0
[  227.940078] CPU    2: hi:    0, btch:   1 usd:   0
[  227.940322] CPU    3: hi:    0, btch:   1 usd:   0
[  227.940564] CPU    4: hi:    0, btch:   1 usd:   0
[  227.940806] CPU    5: hi:    0, btch:   1 usd:   0
[  227.941049] CPU    6: hi:    0, btch:   1 usd:   0
[  227.941291] CPU    7: hi:    0, btch:   1 usd:   0
[  227.941533] Node 0 DMA32 per-cpu:
[  227.941755] CPU    0: hi:   90, btch:  15 usd:   0
[  227.941998] CPU    1: hi:   90, btch:  15 usd:   0
[  227.942241] CPU    2: hi:   90, btch:  15 usd:   0
[  227.942484] CPU    3: hi:   90, btch:  15 usd:   0
[  227.942728] CPU    4: hi:   90, btch:  15 usd:  17
[  227.942969] CPU    5: hi:   90, btch:  15 usd:   7
[  227.943212] CPU    6: hi:   90, btch:  15 usd:  14
[  227.943455] CPU    7: hi:   90, btch:  15 usd:   0
[  227.943735] active_anon:4462 inactive_anon:0 isolated_anon:0
[  227.943737]  active_file:26 inactive_file:1013 isolated_file:0
[  227.943738]  unevictable:0 dirty:11 writeback:0 unstable:0
[  227.943739]  free:728 slab_reclaimable:12283 slab_unreclaimable:5147
[  227.943740]  mapped:34 shmem:75 pagetables:343 bounce:0
[  227.945124] Node 0 DMA free:1056kB min:120kB low:148kB high:180kB active_anon:572kB inactive_anon:0kB active_file:0kB inactive_file:148kB unevictable:0kB isolated(anon):0kB isolated(file):0kB present:15660kB mlocked:0kB dirty:0kB writeback:0kB mapped:0kB shmem:0kB slab_reclaimable:12984kB slab_unreclaimable:268kB kernel_stack:8kB pagetables:20kB unstable:0kB bounce:0kB writeback_tmp:0kB pages_scanned:252 all_unreclaimable? yes
[  227.946837] lowmem_reserve[]: 0 236 236 236
[  227.947228] Node 0 DMA32 free:1880kB min:1904kB low:2380kB high:2856kB active_anon:17276kB inactive_anon:0kB active_file:104kB inactive_file:3904kB unevictable:0kB isolated(anon):0kB isolated(file):0kB present:242400kB mlocked:0kB dirty:96kB writeback:0kB mapped:136kB shmem:300kB slab_reclaimable:36148kB slab_unreclaimable:20320kB kernel_stack:1128kB pagetables:1352kB unstable:0kB bounce:0kB writeback_tmp:0kB pages_scanned:10121 all_unreclaimable? yes
[  227.949004] lowmem_reserve[]: 0 0 0 0
[  227.949374] Node 0 DMA: 21*4kB 30*8kB 48*16kB 0*32kB 0*64kB 0*128kB 0*256kB 0*512kB 0*1024kB 0*2048kB 0*4096kB = 1092kB
[  227.950312] Node 0 DMA32: 156*4kB 105*8kB 16*16kB 5*32kB 0*64kB 0*128kB 0*256kB 0*512kB 0*1024kB 0*2048kB 0*4096kB = 1880kB
[  227.951264] 1245 total pagecache pages
[  227.951469] 0 pages in swap cache
[  227.951656] Swap cache stats: add 0, delete 0, find 0/0
[  227.951951] Free swap  = 0kB
[  227.952124] Total swap = 0kB
[  227.952895] 65520 pages RAM
[  227.953065] 16492 pages reserved
[  227.953251] 1367 pages shared
[  227.953426] 46562 pages non-shared
[  227.953618] [ pid ]   uid  tgid total_vm      rss cpu oom_adj oom_score_adj name
[  227.954000] [ 1995]     0  1995     4237      150   1     -17         -1000 udevd
[  227.954376] [ 2082]     0  2082     4264      162   2     -17         -1000 udevd
[  227.954752] [ 2083]     0  2083     4264      153   2     -17         -1000 udevd
[  227.955129] [ 2269]     0  2269    12303      138   5     -17         -1000 sshd
[  227.955501] [ 2524]     0  2524     6081       49   5       0             0 hald-addon-inpu
[  227.955922] [ 2541]     0  2541     6083       54   4       0             0 hald-addon-cpuf
[  227.956329] [ 2542]   106  2542     6535       53   0       0             0 hald-addon-acpi
[  227.956736] [ 2632]     0  2632     1494       26   4       0             0 getty
[  227.957110] [ 2633]     0  2633     1494       27   0       0             0 getty
[  227.957484] [ 2634]     0  2634     1494       27   0       0             0 getty
[  227.957858] [ 2635]     0  2635     1494       27   0       0             0 getty
[  227.958231] [ 2636]     0  2636     1494       26   0       0             0 getty
[  227.958606] [ 2638]     0  2638     1494       26   0       0             0 getty
[  227.958980] [ 2692]     0  2692    11425      554   0       0             0 zsh
[  227.959347] [ 2720]     0  2720     3431       63   4       0             0 concurrent-dd.s
[  227.959761] [ 2749]     0  2749     3460      286   4       0             0 dd
[  227.960126] [ 2750]     0  2750     3460      285   4       0             0 dd
[  227.960491] [ 2751]     0  2751     3460      287   4       0             0 dd
[  227.960855] [ 2752]     0  2752     3460      286   1       0             0 dd
[  227.961219] [ 2753]     0  2753     3460      288   3       0             0 dd
[  227.961585] [ 2754]     0  2754     3460      285   7       0             0 dd
[  227.961951] [ 2755]     0  2755     3460      287   7       0             0 dd
[  227.962317] [ 2756]     0  2756     3460      288   4       0             0 dd
[  227.962683] [ 2757]     0  2757     3460      286   1       0             0 dd
[  227.963047] [ 2758]     0  2758     3460      286   3       0             0 dd
[  227.963413] [ 2759]     0  2759     3437       80   1       0             0 plot-written.sh
[  227.963831] [ 2776]     0  2776     2144       48   6       0             0 iostat
[  227.964210] [ 9929]     0  9929     3202       40   5       0             0 date
[  227.964583] Out of memory: Kill process 2524 (hald-addon-inpu) score 1 or sacrifice child
[  227.964983] Killed process 2524 (hald-addon-inpu) total-vm:24324kB, anon-rss:192kB, file-rss:4kB
[  233.630941] grep invoked oom-killer: gfp_mask=0x201da, order=0, oom_adj=0, oom_score_adj=0
[  233.631361] grep cpuset=/ mems_allowed=0
[  233.631579] Pid: 10008, comm: grep Not tainted 2.6.37-rc3 #154
[  233.631874] Call Trace:
[  233.632040]  [<ffffffff81a333eb>] ? _raw_spin_unlock+0x2b/0x40
[  233.632341]  [<ffffffff81130593>] dump_header+0x83/0x200
[  233.632616]  [<ffffffff810be27d>] ? trace_hardirqs_on+0xd/0x10
[  233.632919]  [<ffffffff813fa29b>] ? ___ratelimit+0xab/0x150
[  233.633203]  [<ffffffff81130817>] ? oom_badness+0x77/0x190
[  233.633489]  [<ffffffff81130acd>] oom_kill_process+0x8d/0x270
[  233.633787]  [<ffffffff811310e8>] out_of_memory+0x1d8/0x410
[  233.634082]  [<ffffffff8113669b>] __alloc_pages_nodemask+0x81b/0x830
[  233.634426]  [<ffffffff8116ae79>] alloc_pages_current+0x99/0x110
[  233.635279]  [<ffffffff8112db47>] __page_cache_alloc+0x87/0x90
[  233.635576]  [<ffffffff81138630>] __do_page_cache_readahead+0x120/0x260
[  233.635903]  [<ffffffff811385bd>] ? __do_page_cache_readahead+0xad/0x260
[  233.636235]  [<ffffffff810bb64d>] ? lock_release_holdtime+0x3d/0x180
[  233.636554]  [<ffffffff81138aa1>] ra_submit+0x21/0x30
[  233.636823]  [<ffffffff8112fa1c>] filemap_fault+0x4dc/0x4f0
[  233.637109]  [<ffffffff810bfe5e>] ? __lock_acquire+0x53e/0x1e70
[  233.637409]  [<ffffffff8114d0e4>] __do_fault+0x54/0x540
[  233.637685]  [<ffffffff810b022f>] ? local_clock+0x6f/0x80
[  233.637967]  [<ffffffff811500ef>] handle_mm_fault+0x1af/0xc20
[  233.638261]  [<ffffffff81a37096>] ? do_page_fault+0xf6/0x560
[  233.638559]  [<ffffffff810bb64d>] ? lock_release_holdtime+0x3d/0x180
[  233.638878]  [<ffffffff81a3710b>] do_page_fault+0x16b/0x560
[  233.639164]  [<ffffffff810b022f>] ? local_clock+0x6f/0x80
[  233.639444]  [<ffffffff810bb929>] ? trace_hardirqs_off_caller+0x29/0x150
[  233.639773]  [<ffffffff810bba5d>] ? trace_hardirqs_off+0xd/0x10
[  233.640075]  [<ffffffff810b022f>] ? local_clock+0x6f/0x80
[  233.640357]  [<ffffffff81a33bf6>] ? error_sti+0x5/0x6
[  233.640624]  [<ffffffff81a32658>] ? trace_hardirqs_off_thunk+0x3a/0x3c
[  233.640945]  [<ffffffff81a339e5>] page_fault+0x25/0x30
[  233.641214] Mem-Info:
[  233.641372] Node 0 DMA per-cpu:
[  233.641603] CPU    0: hi:    0, btch:   1 usd:   0
[  233.641859] CPU    1: hi:    0, btch:   1 usd:   0
[  233.642114] CPU    2: hi:    0, btch:   1 usd:   0
[  233.642377] CPU    3: hi:    0, btch:   1 usd:   0
[  233.642632] CPU    4: hi:    0, btch:   1 usd:   0
[  233.642888] CPU    5: hi:    0, btch:   1 usd:   0
[  233.643145] CPU    6: hi:    0, btch:   1 usd:   0
[  233.643400] CPU    7: hi:    0, btch:   1 usd:   0
[  233.643655] Node 0 DMA32 per-cpu:
[  233.643890] CPU    0: hi:   90, btch:  15 usd:   0
[  233.644148] CPU    1: hi:   90, btch:  15 usd:  23
[  233.644406] CPU    2: hi:   90, btch:  15 usd:   0
[  233.644659] CPU    3: hi:   90, btch:  15 usd:   0
[  233.644915] CPU    4: hi:   90, btch:  15 usd:   0
[  233.645171] CPU    5: hi:   90, btch:  15 usd:   7
[  233.645428] CPU    6: hi:   90, btch:  15 usd:  14
[  233.645685] CPU    7: hi:   90, btch:  15 usd:   8
[  233.645942] active_anon:4396 inactive_anon:26 isolated_anon:0
[  233.645943]  active_file:26 inactive_file:1033 isolated_file:92
[  233.645944]  unevictable:0 dirty:368 writeback:61 unstable:0
[  233.645945]  free:754 slab_reclaimable:12613 slab_unreclaimable:5104
[  233.645947]  mapped:44 shmem:75 pagetables:328 bounce:0
[  233.647410] Node 0 DMA free:1064kB min:120kB low:148kB high:180kB active_anon:572kB inactive_anon:0kB active_file:0kB inactive_file:268kB unevictable:0kB isolated(anon):0kB isolated(file):128kB present:15660kB mlocked:0kB dirty:20kB writeback:0kB mapped:48kB shmem:0kB slab_reclaimable:13092kB slab_unreclaimable:216kB kernel_stack:8kB pagetables:20kB unstable:0kB bounce:0kB writeback_tmp:0kB pages_scanned:5473 all_unreclaimable? no
[  233.649164] lowmem_reserve[]: 0 236 236 236
[  233.649582] Node 0 DMA32 free:1920kB min:1904kB low:2380kB high:2856kB active_anon:17012kB inactive_anon:36kB active_file:108kB inactive_file:3916kB unevictable:0kB isolated(anon):0kB isolated(file):288kB present:242400kB mlocked:0kB dirty:152kB writeback:1396kB mapped:128kB shmem:300kB slab_reclaimable:37360kB slab_unreclaimable:20200kB kernel_stack:1120kB pagetables:1292kB unstable:0kB bounce:0kB writeback_tmp:0kB pages_scanned:445 all_unreclaimable? no
[  233.651403] lowmem_reserve[]: 0 0 0 0
[  233.651800] Node 0 DMA: 48*4kB 100*8kB 8*16kB 0*32kB 0*64kB 0*128kB 0*256kB 0*512kB 0*1024kB 0*2048kB 0*4096kB = 1120kB
[  233.652777] Node 0 DMA32: 104*4kB 156*8kB 2*16kB 5*32kB 0*64kB 0*128kB 0*256kB 0*512kB 0*1024kB 0*2048kB 0*4096kB = 1856kB
[  233.653769] 1363 total pagecache pages
[  233.653983] 0 pages in swap cache
[  233.654175] Swap cache stats: add 0, delete 0, find 0/0
[  233.654448] Free swap  = 0kB
[  233.654625] Total swap = 0kB
[  233.655543] 65520 pages RAM
[  233.655721] 16492 pages reserved
[  233.655917] 1897 pages shared
[  233.656102] 46396 pages non-shared
[  233.656304] [ pid ]   uid  tgid total_vm      rss cpu oom_adj oom_score_adj name
[  233.656706] [ 1995]     0  1995     4237      150   1     -17         -1000 udevd
[  233.657105] [ 2082]     0  2082     4264      162   2     -17         -1000 udevd
[  233.657503] [ 2083]     0  2083     4264      153   2     -17         -1000 udevd
[  233.657900] [ 2269]     0  2269    12303      138   5     -17         -1000 sshd
[  233.658294] [ 2541]     0  2541     6083       55   0       0             0 hald-addon-cpuf
[  233.658734] [ 2542]   106  2542     6535       51   4       0             0 hald-addon-acpi
[  233.659159] [ 2632]     0  2632     1494       26   4       0             0 getty
[  233.659546] [ 2633]     0  2633     1494       27   0       0             0 getty
[  233.659932] [ 2634]     0  2634     1494       27   0       0             0 getty
[  233.660332] [ 2635]     0  2635     1494       27   0       0             0 getty
[  233.660718] [ 2636]     0  2636     1494       26   0       0             0 getty
[  233.661110] [ 2638]     0  2638     1494       26   0       0             0 getty
[  233.661510] [ 2692]     0  2692    11425      554   0       0             0 zsh
[  233.661897] [ 2720]     0  2720     3431       63   4       0             0 concurrent-dd.s
[  233.662329] [ 2749]     0  2749     3460      289   5       0             0 dd
[  233.662723] [ 2750]     0  2750     3460      289   2       0             0 dd
[  233.663109] [ 2751]     0  2751     3460      288   2       0             0 dd
[  233.663496] [ 2752]     0  2752     3460      289   6       0             0 dd
[  233.663880] [ 2753]     0  2753     3460      290   7       0             0 dd
[  233.664267] [ 2754]     0  2754     3460      285   0       0             0 dd
[  233.664657] [ 2755]     0  2755     3460      288   5       0             0 dd
[  233.665042] [ 2756]     0  2756     3460      289   5       0             0 dd
[  233.665428] [ 2757]     0  2757     3460      290   5       0             0 dd
[  233.665815] [ 2758]     0  2758     3460      290   5       0             0 dd
[  233.666202] [ 2759]     0  2759     3437       70   4       0             0 plot-written.sh
[  233.666644] [ 2776]     0  2776     2145       63   3       0             0 iostat
[  233.667044] [10007]     0 10007     3437       70   5       0             0 plot-written.sh
[  233.667470] [10008]     0 10008     2675       33   4       0             0 grep
[  233.667864] Out of memory: Kill process 2541 (hald-addon-cpuf) score 1 or sacrifice child
[  233.668288] Killed process 2541 (hald-addon-cpuf) total-vm:24332kB, anon-rss:188kB, file-rss:32kB
[  236.216613] iostat invoked oom-killer: gfp_mask=0x201da, order=0, oom_adj=0, oom_score_adj=0
[  236.217039] iostat cpuset=/ mems_allowed=0
[  236.217262] Pid: 2776, comm: iostat Not tainted 2.6.37-rc3 #154
[  236.217553] Call Trace:
[  236.217718]  [<ffffffff81a333eb>] ? _raw_spin_unlock+0x2b/0x40
[  236.218008]  [<ffffffff81130593>] dump_header+0x83/0x200
[  236.218277]  [<ffffffff810be27d>] ? trace_hardirqs_on+0xd/0x10
[  236.218565]  [<ffffffff813fa29b>] ? ___ratelimit+0xab/0x150
[  236.218844]  [<ffffffff81130817>] ? oom_badness+0x77/0x190
[  236.219120]  [<ffffffff81130acd>] oom_kill_process+0x8d/0x270
[  236.219408]  [<ffffffff811310e8>] out_of_memory+0x1d8/0x410
[  236.219701]  [<ffffffff8113669b>] __alloc_pages_nodemask+0x81b/0x830
[  236.220015]  [<ffffffff8116ae79>] alloc_pages_current+0x99/0x110
[  236.220312]  [<ffffffff8112db47>] __page_cache_alloc+0x87/0x90
[  236.220601]  [<ffffffff81138630>] __do_page_cache_readahead+0x120/0x260
[  236.220921]  [<ffffffff811385bd>] ? __do_page_cache_readahead+0xad/0x260
[  236.221243]  [<ffffffff810bb64d>] ? lock_release_holdtime+0x3d/0x180
[  236.221552]  [<ffffffff81138aa1>] ra_submit+0x21/0x30
[  236.221812]  [<ffffffff8112fa1c>] filemap_fault+0x4dc/0x4f0
[  236.222090]  [<ffffffff810bfe5e>] ? __lock_acquire+0x53e/0x1e70
[  236.222379]  [<ffffffff8114d0e4>] __do_fault+0x54/0x540
[  236.222643]  [<ffffffff811500ef>] handle_mm_fault+0x1af/0xc20
[  236.222929]  [<ffffffff81a37096>] ? do_page_fault+0xf6/0x560
[  236.223209]  [<ffffffff810bb64d>] ? lock_release_holdtime+0x3d/0x180
[  236.223515]  [<ffffffff81a3710b>] do_page_fault+0x16b/0x560
[  236.223802]  [<ffffffff810fac04>] ? __call_rcu+0xd4/0x1a0
[  236.224072]  [<ffffffff810fac04>] ? __call_rcu+0xd4/0x1a0
[  236.224342]  [<ffffffff81a33bf6>] ? error_sti+0x5/0x6
[  236.224600]  [<ffffffff81a32658>] ? trace_hardirqs_off_thunk+0x3a/0x3c
[  236.224913]  [<ffffffff81a339e5>] page_fault+0x25/0x30
[  236.225172] Mem-Info:
[  236.225326] Node 0 DMA per-cpu:
[  236.225544] CPU    0: hi:    0, btch:   1 usd:   0
[  236.225789] CPU    1: hi:    0, btch:   1 usd:   0
[  236.226036] CPU    2: hi:    0, btch:   1 usd:   0
[  236.226282] CPU    3: hi:    0, btch:   1 usd:   0
[  236.226529] CPU    4: hi:    0, btch:   1 usd:   0
[  236.226775] CPU    5: hi:    0, btch:   1 usd:   0
[  236.227032] CPU    6: hi:    0, btch:   1 usd:   0
[  236.227278] CPU    7: hi:    0, btch:   1 usd:   0
[  236.227525] Node 0 DMA32 per-cpu:
[  236.227768] CPU    0: hi:   90, btch:  15 usd:  33
[  236.228015] CPU    1: hi:   90, btch:  15 usd:  24
[  236.228261] CPU    2: hi:   90, btch:  15 usd:  24
[  236.228507] CPU    3: hi:   90, btch:  15 usd:   0
[  236.228754] CPU    4: hi:   90, btch:  15 usd:  82
[  236.229575] CPU    5: hi:   90, btch:  15 usd:   0
[  236.229824] CPU    6: hi:   90, btch:  15 usd:  14
[  236.230072] CPU    7: hi:   90, btch:  15 usd:  20
[  236.230321] active_anon:4318 inactive_anon:0 isolated_anon:2
[  236.230322]  active_file:188 inactive_file:1707 isolated_file:0
[  236.230323]  unevictable:0 dirty:104 writeback:160 unstable:0
[  236.230324]  free:734 slab_reclaimable:12754 slab_unreclaimable:5107
[  236.230325]  mapped:117 shmem:75 pagetables:292 bounce:0
[  236.231744] Node 0 DMA free:1044kB min:120kB low:148kB high:180kB active_anon:572kB inactive_anon:0kB active_file:36kB inactive_file:640kB unevictable:0kB isolated(anon):0kB isolated(file):0kB present:15660kB mlocked:0kB dirty:0kB writeback:40kB mapped:16kB shmem:0kB slab_reclaimable:13144kB slab_unreclaimable:256kB kernel_stack:8kB pagetables:20kB unstable:0kB bounce:0kB writeback_tmp:0kB pages_scanned:1480 all_unreclaimable? yes
[  236.233447] lowmem_reserve[]: 0 236 236 236
[  236.233851] Node 0 DMA32 free:1892kB min:1904kB low:2380kB high:2856kB active_anon:16700kB inactive_anon:0kB active_file:716kB inactive_file:6188kB unevictable:0kB isolated(anon):8kB isolated(file):0kB present:242400kB mlocked:0kB dirty:416kB writeback:600kB mapped:452kB shmem:300kB slab_reclaimable:37872kB slab_unreclaimable:20172kB kernel_stack:1096kB pagetables:1148kB unstable:0kB bounce:0kB writeback_tmp:0kB pages_scanned:15720 all_unreclaimable? yes
[  236.235637] lowmem_reserve[]: 0 0 0 0
[  236.236017] Node 0 DMA: 10*4kB 57*8kB 37*16kB 0*32kB 0*64kB 0*128kB 0*256kB 0*512kB 0*1024kB 0*2048kB 0*4096kB = 1088kB
[  236.236975] Node 0 DMA32: 74*4kB 185*8kB 0*16kB 3*32kB 0*64kB 0*128kB 0*256kB 0*512kB 0*1024kB 0*2048kB 0*4096kB = 1872kB
[  236.237940] 2059 total pagecache pages
[  236.238146] 0 pages in swap cache
[  236.238339] Swap cache stats: add 0, delete 0, find 0/0
[  236.238601] Free swap  = 0kB
[  236.238776] Total swap = 0kB
[  236.239644] 65520 pages RAM
[  236.239819] 16492 pages reserved
[  236.240008] 1330 pages shared
[  236.240187] 46616 pages non-shared
[  236.240383] [ pid ]   uid  tgid total_vm      rss cpu oom_adj oom_score_adj name
[  236.240771] [ 1995]     0  1995     4237      150   1     -17         -1000 udevd
[  236.241157] [ 2082]     0  2082     4264      162   2     -17         -1000 udevd
[  236.241542] [ 2083]     0  2083     4264      153   2     -17         -1000 udevd
[  236.241925] [ 2269]     0  2269    12303      138   5     -17         -1000 sshd
[  236.242304] [ 2542]   106  2542     6535       51   4       0             0 hald-addon-acpi
[  236.242720] [ 2632]     0  2632     1494       26   4       0             0 getty
[  236.243100] [ 2633]     0  2633     1494       27   0       0             0 getty
[  236.243482] [ 2634]     0  2634     1494       27   0       0             0 getty
[  236.243875] [ 2635]     0  2635     1494       27   0       0             0 getty
[  236.244259] [ 2636]     0  2636     1494       26   0       0             0 getty
[  236.244643] [ 2638]     0  2638     1494       26   0       0             0 getty
[  236.245029] [ 2692]     0  2692    11425      554   0       0             0 zsh
[  236.245407] [ 2720]     0  2720     3431       63   4       0             0 concurrent-dd.s
[  236.245825] [ 2749]     0  2749     3460      290   4       0             0 dd
[  236.246199] [ 2750]     0  2750     3460      289   4       0             0 dd
[  236.246573] [ 2751]     0  2751     3460      289   7       0             0 dd
[  236.246947] [ 2752]     0  2752     3460      290   1       0             0 dd
[  236.247322] [ 2753]     0  2753     3460      290   3       0             0 dd
[  236.247704] [ 2754]     0  2754     3460      289   7       0             0 dd
[  236.248079] [ 2755]     0  2755     3460      289   1       0             0 dd
[  236.248454] [ 2756]     0  2756     3460      290   2       0             0 dd
[  236.248828] [ 2757]     0  2757     3460      290   1       0             0 dd
[  236.249201] [ 2758]     0  2758     3460      290   7       0             0 dd
[  236.249575] [ 2759]     0  2759     3437      158   4       0             0 plot-written.sh
[  236.249993] [ 2776]     0  2776     2145       76   3       0             0 iostat
[  236.250381] [10015]     0 10015     3437      106   0       0             0 plot-written.sh
[  236.250796] Out of memory: Kill process 2542 (hald-addon-acpi) score 1 or sacrifice child
[  236.251205] Killed process 2542 (hald-addon-acpi) total-vm:26140kB, anon-rss:200kB, file-rss:4kB
[  237.068298] date invoked oom-killer: gfp_mask=0x84d0, order=0, oom_adj=0, oom_score_adj=0
[  237.068716] date cpuset=/ mems_allowed=0
[  237.068934] Pid: 10025, comm: date Not tainted 2.6.37-rc3 #154
[  237.069223] Call Trace:
[  237.069388]  [<ffffffff81a333eb>] ? _raw_spin_unlock+0x2b/0x40
[  237.069679]  [<ffffffff81130593>] dump_header+0x83/0x200
[  237.069950]  [<ffffffff810be27d>] ? trace_hardirqs_on+0xd/0x10
[  237.070240]  [<ffffffff813fa29b>] ? ___ratelimit+0xab/0x150
[  237.070518]  [<ffffffff81130817>] ? oom_badness+0x77/0x190
[  237.070793]  [<ffffffff81130acd>] oom_kill_process+0x8d/0x270
[  237.071079]  [<ffffffff811310e8>] out_of_memory+0x1d8/0x410
[  237.071361]  [<ffffffff8113669b>] __alloc_pages_nodemask+0x81b/0x830
[  237.071671]  [<ffffffff8116ae79>] alloc_pages_current+0x99/0x110
[  237.071989]  [<ffffffff8106934b>] pte_alloc_one+0x1b/0x40
[  237.072264]  [<ffffffff8114df1f>] __pte_alloc+0x2f/0xf0
[  237.072531]  [<ffffffff810b022f>] ? local_clock+0x6f/0x80
[  237.072804]  [<ffffffff811509d7>] handle_mm_fault+0xa97/0xc20
[  237.073089]  [<ffffffff81a37096>] ? do_page_fault+0xf6/0x560
[  237.073372]  [<ffffffff81a3710b>] do_page_fault+0x16b/0x560
[  237.073652]  [<ffffffff810b022f>] ? local_clock+0x6f/0x80
[  237.073926]  [<ffffffff810bb929>] ? trace_hardirqs_off_caller+0x29/0x150
