Return-Path: <owner-linux-mm@kvack.org>
Received: from psmtp.com (na3sys010amx185.postini.com [74.125.245.185])
	by kanga.kvack.org (Postfix) with SMTP id BCCCA6B0258
	for <linux-mm@kvack.org>; Fri, 14 Sep 2012 09:35:51 -0400 (EDT)
Date: Fri, 14 Sep 2012 21:35:42 +0800
From: Fengguang Wu <fengguang.wu@intel.com>
Subject: huge_pte_alloc: inconsistent {IN-RECLAIM_FS-W} -> {RECLAIM_FS-ON-W}
 usage.
Message-ID: <20120914133542.GA21830@localhost>
MIME-Version: 1.0
Content-Type: multipart/mixed; boundary="tKW2IUtsqtDRztdT"
Content-Disposition: inline
Sender: owner-linux-mm@kvack.org
List-ID: <linux-mm.kvack.org>
To: Linux Memory Management List <linux-mm@kvack.org>
Cc: Andrea Arcangeli <aarcange@redhat.com>, LKML <linux-kernel@vger.kernel.org>


--tKW2IUtsqtDRztdT
Content-Type: text/plain; charset=us-ascii
Content-Disposition: inline

Greetings,

I got this one shot warning:

[  192.575049] 3.6.0-rc4+ #5699 Not tainted
[  192.575734] ---------------------------------
[  192.576077] inconsistent {IN-RECLAIM_FS-W} -> {RECLAIM_FS-ON-W} usage.
[  192.576077] trinity-child0/7738 [HC0[0]:SC0[0]:HE1:SE1] takes:
[  192.576077]  (&mapping->i_mmap_mutex){+.+.?.}, at: [<ffffffff81075db9>] huge_pte_alloc+0x2c3/0x32b
[  192.576077] {IN-RECLAIM_FS-W} state was registered at:
[  192.576077]   [<ffffffff810d5bdc>] __lock_acquire+0x35f/0xd04
[  192.576077]   [<ffffffff810d69de>] lock_acquire+0x9b/0x10d
[  192.576077]   [<ffffffff826fb7df>] __mutex_lock_common+0x47/0x35f
[  192.576077]   [<ffffffff826fbbca>] mutex_lock_nested+0x2f/0x36
[  192.576077]   [<ffffffff811589e2>] page_referenced+0x15a/0x1fb
[  192.576077]   [<ffffffff8113ef50>] shrink_page_list+0x1a6/0x71c
[  192.576077]   [<ffffffff8113f82e>] shrink_inactive_list+0x1c9/0x31a
[  192.576077]   [<ffffffff8113ff69>] shrink_lruvec+0x33f/0x472
[  192.576077]   [<ffffffff8114022c>] do_try_to_free_pages+0x190/0x39a
[  192.576077]   [<ffffffff811405cc>] try_to_free_pages+0xbc/0x123
[  192.576077]   [<ffffffff811377d8>] __alloc_pages_nodemask+0x433/0x6f9
[  192.576077]   [<ffffffff8116a120>] kmem_getpages+0x6b/0x138
[  192.576077]   [<ffffffff8116c1b4>] fallback_alloc+0x138/0x202
[  192.576077]   [<ffffffff8116c067>] ____cache_alloc_node+0x12b/0x140
[  192.576077]   [<ffffffff8116c433>] kmem_cache_alloc+0x93/0x151
[  192.576077]   [<ffffffff81187696>] alloc_inode+0x30/0x78
[  192.576077]   [<ffffffff811888b7>] iget_locked+0x69/0x10d
[  192.576077]   [<ffffffff811ce3d2>] sysfs_get_inode+0x1a/0x140
[  192.576077]   [<ffffffff811d00c5>] sysfs_lookup+0x87/0xb2
[  192.576077]   [<ffffffff8117bb84>] lookup_real+0x2c/0x47
[  192.576077]   [<ffffffff8117c04a>] __lookup_hash+0x33/0x3a
[  192.576077]   [<ffffffff8117ce4c>] walk_component+0x77/0x1a4
[  192.576077]   [<ffffffff8117cfaf>] lookup_last+0x36/0x38
[  192.576077]   [<ffffffff8117dae9>] path_lookupat+0x90/0x29d
[  192.576077]   [<ffffffff8117dd1e>] do_path_lookup+0x28/0x92
[  192.576077]   [<ffffffff8117fd71>] user_path_at_empty+0x57/0x95
[  192.576077]   [<ffffffff8117fdc0>] user_path_at+0x11/0x13
[  192.576077]   [<ffffffff81176d41>] vfs_fstatat+0x35/0x66
[  192.576077]   [<ffffffff81176d90>] vfs_lstat+0x1e/0x20
[  192.576077]   [<ffffffff811770e9>] sys_newlstat+0x1a/0x35
[  192.576077]   [<ffffffff82704d10>] tracesys+0xdd/0xe2
[  192.576077] irq event stamp: 14521
[  192.576077] hardirqs last  enabled at (14521): [<ffffffff826fbab4>] __mutex_lock_common+0x31c/0x35f
[  192.576077] hardirqs last disabled at (14520): [<ffffffff826fb836>] __mutex_lock_common+0x9e/0x35f
[  192.576077] softirqs last  enabled at (14516): [<ffffffff8231b6f5>] lock_sock_nested+0x75/0x80
[  192.576077] softirqs last disabled at (14514): [<ffffffff826fd953>] _raw_spin_lock_bh+0x18/0x6f
[  192.576077] 
[  192.576077] other info that might help us debug this:
[  192.576077]  Possible unsafe locking scenario:
[  192.576077] 
[  192.576077]        CPU0
[  192.576077]        ----
[  192.576077]   lock(&mapping->i_mmap_mutex);
[  192.576077]   <Interrupt>
[  192.576077]     lock(&mapping->i_mmap_mutex);
[  192.576077] 
[  192.576077]  *** DEADLOCK ***
[  192.576077] 
[  192.576077] 3 locks held by trinity-child0/7738:
[  192.576077]  #0:  (sk_lock-AF_ATMPVC){+.+.+.}, at: [<ffffffff824e88cc>] pvc_getsockopt+0x31/0x60
[  192.576077]  #1:  (&mm->mmap_sem){++++++}, at: [<ffffffff827013a9>] do_page_fault+0x170/0x3a9
[  192.576077]  #2:  (&mapping->i_mmap_mutex){+.+.?.}, at: [<ffffffff81075db9>] huge_pte_alloc+0x2c3/0x32b
[  192.576077] 
[  192.576077] stack backtrace:
[  192.576077] Pid: 7738, comm: trinity-child0 Not tainted 3.6.0-rc4+ #5699
[  192.576077] Call Trace:
[  192.576077]  [<ffffffff826d28ff>] print_usage_bug+0x1f7/0x208
[  192.576077]  [<ffffffff81054745>] ? save_stack_trace+0x2c/0x49
[  192.576077]  [<ffffffff810d5047>] ? print_shortest_lock_dependencies+0x185/0x185
[  192.576077]  [<ffffffff810d5786>] mark_lock+0x11b/0x212
[  192.576077]  [<ffffffff810d6d20>] mark_held_locks+0x71/0x99
[  192.576077]  [<ffffffff810d73a5>] lockdep_trace_alloc+0xb9/0xc3
[  192.576077]  [<ffffffff81137443>] __alloc_pages_nodemask+0x9e/0x6f9
[  192.576077]  [<ffffffff810d5698>] ? mark_lock+0x2d/0x212
[  192.576077]  [<ffffffff810d3388>] ? ftrace_raw_event_lock+0xb9/0xc8
[  192.576077]  [<ffffffff810d6d20>] ? mark_held_locks+0x71/0x99
[  192.576077]  [<ffffffff826fbab4>] ? __mutex_lock_common+0x31c/0x35f
[  192.576077]  [<ffffffff81075db9>] ? huge_pte_alloc+0x2c3/0x32b
[  192.576077]  [<ffffffff81164eae>] alloc_pages_current+0xc3/0xe0
[  192.576077]  [<ffffffff81075db9>] ? huge_pte_alloc+0x2c3/0x32b
[  192.576077]  [<ffffffff81133cda>] __get_free_pages+0x16/0x43
[  192.576077]  [<ffffffff81133d1d>] get_zeroed_page+0x16/0x18
[  192.576077]  [<ffffffff811500d1>] __pmd_alloc+0x20/0xa3
[  192.576077]  [<ffffffff8107596b>] pmd_alloc+0x4c/0x57
[  192.576077]  [<ffffffff81075d47>] huge_pte_alloc+0x251/0x32b
[  192.576077]  [<ffffffff81163544>] hugetlb_fault+0xcf/0x575
[  192.576077]  [<ffffffff827013a9>] ? do_page_fault+0x170/0x3a9
[  192.576077]  [<ffffffff82701334>] ? do_page_fault+0xfb/0x3a9
[  192.576077]  [<ffffffff811501c8>] handle_mm_fault+0x44/0xcc
[  192.576077]  [<ffffffff82701598>] do_page_fault+0x35f/0x3a9
[  192.576077]  [<ffffffff8104f55b>] ? native_sched_clock+0x33/0x35
[  192.576077]  [<ffffffff81116de4>] ? irq_trace+0x14/0x21
[  192.576077]  [<ffffffff811174fc>] ? time_hardirqs_off+0x26/0x2a
[  192.576077]  [<ffffffff810b9dba>] ? local_clock+0x3b/0x52
[  192.576077]  [<ffffffff810d31bd>] ? trace_hardirqs_off+0xd/0xf
[  192.576077]  [<ffffffff810d3131>] ? trace_hardirqs_off_caller+0x1f/0x9e
[  192.576077]  [<ffffffff81116de4>] ? irq_trace+0x14/0x21
[  192.576077]  [<ffffffff811174fc>] ? time_hardirqs_off+0x26/0x2a
[  192.576077]  [<ffffffff826fe826>] ? error_sti+0x5/0x6
[  192.576077]  [<ffffffff810d3151>] ? trace_hardirqs_off_caller+0x3f/0x9e
[  192.576077]  [<ffffffff8167c61d>] ? trace_hardirqs_off_thunk+0x3a/0x3c
[  192.576077]  [<ffffffff82700ed4>] do_async_page_fault+0x31/0x5e
[  192.576077]  [<ffffffff826fe605>] async_page_fault+0x25/0x30
[  192.576077]  [<ffffffff810b9d98>] ? local_clock+0x19/0x52
[  192.576077]  [<ffffffff8167b5fc>] ? __get_user_4+0x1c/0x30
[  192.576077]  [<ffffffff824eba1b>] ? vcc_getsockopt+0x33/0x194
[  192.576077]  [<ffffffff824e88cc>] ? pvc_getsockopt+0x31/0x60
[  192.576077]  [<ffffffff81111772>] ? trace_nowake_buffer_unlock_commit+0xc/0xe
[  192.576077]  [<ffffffff824e88e2>] pvc_getsockopt+0x47/0x60
[  192.576077]  [<ffffffff82319319>] sys_getsockopt+0x7a/0x98
[  192.576077]  [<ffffffff82704d10>] tracesys+0xdd/0xe2

Thanks,
Fengguang

--tKW2IUtsqtDRztdT
Content-Type: text/plain; charset=us-ascii
Content-Disposition: attachment; filename="dmesg-kvm-waimea-3443-2012-09-13-19-28-32-3.6.0-rc4+-5699"

[    0.000000] Initializing cgroup subsys cpuset
[    0.000000] Initializing cgroup subsys cpu
[    0.000000] Linux version 3.6.0-rc4+ (kbuild@bee) (gcc version 4.7.1 (Debian 4.7.1-6) ) #5699 SMP Thu Sep 13 19:15:55 CST 2012
[    0.000000] Command line: trinity=2m hung_task_panic=1 rcutree.rcu_cpu_stall_timeout=100 branch=asoc/for-next log_buf_len=8M ignore_loglevel debug sched_debug apic=debug dynamic_printk sysrq_always_enabled panic=10 load_ramdisk=2 prompt_ramdisk=0 console=ttyS0,115200 console=tty0 vga=normal ip=::::kvm::dhcp nfsroot=10.239.97.14:/nfsroot/wfg,tcp,v3,nocto,actimeo=600,nolock,rsize=524288,wsize=524288 rw link=vmlinuz-2012-09-13-19-17-18-asoc:for-next:17bea57-17bea57-x86_64-allyesdebian-9-waimea BOOT_IMAGE=kernel-tests/kernels/x86_64-allyesdebian/17bea57/vmlinuz-3.6.0-rc4+
[    0.000000] e820: BIOS-provided physical RAM map:
[    0.000000] BIOS-e820: [mem 0x0000000000000000-0x0000000000093bff] usable
[    0.000000] BIOS-e820: [mem 0x0000000000093c00-0x000000000009ffff] reserved
[    0.000000] BIOS-e820: [mem 0x00000000000f0000-0x00000000000fffff] reserved
[    0.000000] BIOS-e820: [mem 0x0000000000100000-0x000000001fffdfff] usable
[    0.000000] BIOS-e820: [mem 0x000000001fffe000-0x000000001fffffff] reserved
[    0.000000] BIOS-e820: [mem 0x00000000feffc000-0x00000000feffffff] reserved
[    0.000000] BIOS-e820: [mem 0x00000000fffc0000-0x00000000ffffffff] reserved
[    0.000000] debug: ignoring loglevel setting.
[    0.000000] NX (Execute Disable) protection: active
[    0.000000] DMI 2.4 present.
[    0.000000] DMI: Bochs Bochs, BIOS Bochs 01/01/2007
[    0.000000] Hypervisor detected: KVM
[    0.000000] e820: update [mem 0x00000000-0x0000ffff] usable ==> reserved
[    0.000000] e820: remove [mem 0x000a0000-0x000fffff] usable
[    0.000000] No AGP bridge found
[    0.000000] e820: last_pfn = 0x1fffe max_arch_pfn = 0x400000000
[    0.000000] MTRR default type: write-back
[    0.000000] MTRR fixed ranges enabled:
[    0.000000]   00000-9FFFF write-back
[    0.000000]   A0000-BFFFF uncachable
[    0.000000]   C0000-FFFFF write-protect
[    0.000000] MTRR variable ranges enabled:
[    0.000000]   0 base 00E0000000 mask FFE0000000 uncachable
[    0.000000]   1 disabled
[    0.000000]   2 disabled
[    0.000000]   3 disabled
[    0.000000]   4 disabled
[    0.000000]   5 disabled
[    0.000000]   6 disabled
[    0.000000]   7 disabled
[    0.000000] x86 PAT enabled: cpu 0, old 0x70406, new 0x7010600070106
[    0.000000] Scan for SMP in [mem 0x00000000-0x000003ff]
[    0.000000] Scan for SMP in [mem 0x0009fc00-0x0009ffff]
[    0.000000] Scan for SMP in [mem 0x000f0000-0x000fffff]
[    0.000000] found SMP MP-table at [mem 0x000fdab0-0x000fdabf] mapped at [ffff8800000fdab0]
[    0.000000]   mpc: fdac0-fdbe4
[    0.000000] initial memory mapped: [mem 0x00000000-0x1fffffff]
[    0.000000] Base memory trampoline at [ffff88000008d000] 8d000 size 24576
[    0.000000] init_memory_mapping: [mem 0x00000000-0x1fffdfff]
[    0.000000]  [mem 0x00000000-0x1fffdfff] page 4k
[    0.000000] kernel direct mapping tables up to 0x1fffdfff @ [mem 0x1fefc000-0x1fffdfff]
[    0.000000] log_buf_len: 8388608
[    0.000000] early log buf free: 127900(97%)
[    0.000000] ACPI: RSDP 00000000000fd920 00014 (v00 BOCHS )
[    0.000000] ACPI: RSDT 000000001fffe550 00038 (v01 BOCHS  BXPCRSDT 00000001 BXPC 00000001)
[    0.000000] ACPI: FACP 000000001fffff80 00074 (v01 BOCHS  BXPCFACP 00000001 BXPC 00000001)
[    0.000000] ACPI: DSDT 000000001fffe590 01121 (v01   BXPC   BXDSDT 00000001 INTL 20100528)
[    0.000000] ACPI: FACS 000000001fffff40 00040
[    0.000000] ACPI: SSDT 000000001ffffe40 000FF (v01 BOCHS  BXPCSSDT 00000001 BXPC 00000001)
[    0.000000] ACPI: APIC 000000001ffffd50 00080 (v01 BOCHS  BXPCAPIC 00000001 BXPC 00000001)
[    0.000000] ACPI: HPET 000000001ffffd10 00038 (v01 BOCHS  BXPCHPET 00000001 BXPC 00000001)
[    0.000000] ACPI: SSDT 000000001ffff6c0 00644 (v01   BXPC BXSSDTPC 00000001 INTL 20100528)
[    0.000000] ACPI: Local APIC address 0xfee00000
[    0.000000] mapped APIC to ffffffffff5fb000 (        fee00000)
[    0.000000] No NUMA configuration found
[    0.000000] Faking a node at [mem 0x0000000000000000-0x000000001fffdfff]
[    0.000000] Initmem setup node 0 [mem 0x00000000-0x1fffdfff]
[    0.000000]   NODE_DATA [mem 0x1f6f7000-0x1f6fbfff]
[    0.000000]  [ffffea0000000000-ffffea00007fffff] PMD -> [ffff88001e600000-ffff88001edfffff] on node 0
[    0.000000] Zone ranges:
[    0.000000]   DMA      [mem 0x00010000-0x00ffffff]
[    0.000000]   DMA32    [mem 0x01000000-0xffffffff]
[    0.000000]   Normal   empty
[    0.000000] Movable zone start for each node
[    0.000000] Early memory node ranges
[    0.000000]   node   0: [mem 0x00010000-0x00092fff]
[    0.000000]   node   0: [mem 0x00100000-0x1fffdfff]
[    0.000000] On node 0 totalpages: 130945
[    0.000000]   DMA zone: 64 pages used for memmap
[    0.000000]   DMA zone: 6 pages reserved
[    0.000000]   DMA zone: 3901 pages, LIFO batch:0
[    0.000000]   DMA32 zone: 1984 pages used for memmap
[    0.000000]   DMA32 zone: 124990 pages, LIFO batch:31
[    0.000000] ACPI: PM-Timer IO Port: 0xb008
[    0.000000] ACPI: Local APIC address 0xfee00000
[    0.000000] mapped APIC to ffffffffff5fb000 (        fee00000)
[    0.000000] ACPI: LAPIC (acpi_id[0x00] lapic_id[0x00] enabled)
[    0.000000] ACPI: LAPIC (acpi_id[0x01] lapic_id[0x01] enabled)
[    0.000000] ACPI: LAPIC_NMI (acpi_id[0xff] dfl dfl lint[0x1])
[    0.000000] ACPI: IOAPIC (id[0x02] address[0xfec00000] gsi_base[0])
[    0.000000] IOAPIC[0]: apic_id 2, version 17, address 0xfec00000, GSI 0-23
[    0.000000] ACPI: INT_SRC_OVR (bus 0 bus_irq 0 global_irq 2 dfl dfl)
[    0.000000] Int: type 0, pol 0, trig 0, bus 00, IRQ 00, APIC ID 2, APIC INT 02
[    0.000000] ACPI: INT_SRC_OVR (bus 0 bus_irq 5 global_irq 5 high level)
[    0.000000] Int: type 0, pol 1, trig 3, bus 00, IRQ 05, APIC ID 2, APIC INT 05
[    0.000000] ACPI: INT_SRC_OVR (bus 0 bus_irq 9 global_irq 9 high level)
[    0.000000] Int: type 0, pol 1, trig 3, bus 00, IRQ 09, APIC ID 2, APIC INT 09
[    0.000000] ACPI: INT_SRC_OVR (bus 0 bus_irq 10 global_irq 10 high level)
[    0.000000] Int: type 0, pol 1, trig 3, bus 00, IRQ 0a, APIC ID 2, APIC INT 0a
[    0.000000] ACPI: INT_SRC_OVR (bus 0 bus_irq 11 global_irq 11 high level)
[    0.000000] Int: type 0, pol 1, trig 3, bus 00, IRQ 0b, APIC ID 2, APIC INT 0b
[    0.000000] ACPI: IRQ0 used by override.
[    0.000000] Int: type 0, pol 0, trig 0, bus 00, IRQ 01, APIC ID 2, APIC INT 01
[    0.000000] ACPI: IRQ2 used by override.
[    0.000000] Int: type 0, pol 0, trig 0, bus 00, IRQ 03, APIC ID 2, APIC INT 03
[    0.000000] Int: type 0, pol 0, trig 0, bus 00, IRQ 04, APIC ID 2, APIC INT 04
[    0.000000] ACPI: IRQ5 used by override.
[    0.000000] Int: type 0, pol 0, trig 0, bus 00, IRQ 06, APIC ID 2, APIC INT 06
[    0.000000] Int: type 0, pol 0, trig 0, bus 00, IRQ 07, APIC ID 2, APIC INT 07
[    0.000000] Int: type 0, pol 0, trig 0, bus 00, IRQ 08, APIC ID 2, APIC INT 08
[    0.000000] ACPI: IRQ9 used by override.
[    0.000000] ACPI: IRQ10 used by override.
[    0.000000] ACPI: IRQ11 used by override.
[    0.000000] Int: type 0, pol 0, trig 0, bus 00, IRQ 0c, APIC ID 2, APIC INT 0c
[    0.000000] Int: type 0, pol 0, trig 0, bus 00, IRQ 0d, APIC ID 2, APIC INT 0d
[    0.000000] Int: type 0, pol 0, trig 0, bus 00, IRQ 0e, APIC ID 2, APIC INT 0e
[    0.000000] Int: type 0, pol 0, trig 0, bus 00, IRQ 0f, APIC ID 2, APIC INT 0f
[    0.000000] Using ACPI (MADT) for SMP configuration information
[    0.000000] ACPI: HPET id: 0x8086a201 base: 0xfed00000
[    0.000000] smpboot: Allowing 2 CPUs, 0 hotplug CPUs
[    0.000000] mapped IOAPIC to ffffffffff5fa000 (fec00000)
[    0.000000] nr_irqs_gsi: 40
[    0.000000] PM: Registered nosave memory: 0000000000093000 - 0000000000094000
[    0.000000] PM: Registered nosave memory: 0000000000094000 - 00000000000a0000
[    0.000000] PM: Registered nosave memory: 00000000000a0000 - 00000000000f0000
[    0.000000] PM: Registered nosave memory: 00000000000f0000 - 0000000000100000
[    0.000000] e820: [mem 0x20000000-0xfeffbfff] available for PCI devices
[    0.000000] Booting paravirtualized kernel on KVM
[    0.000000] setup_percpu: NR_CPUS:512 nr_cpumask_bits:512 nr_cpu_ids:2 nr_node_ids:1
[    0.000000] PERCPU: Embedded 478 pages/cpu @ffff88001f200000 s1925848 r8192 d23848 u2097152
[    0.000000] pcpu-alloc: s1925848 r8192 d23848 u2097152 alloc=1*2097152
[    0.000000] pcpu-alloc: [0] 0 [0] 1 
[    0.000000] KVM setup async PF for cpu 0
[    0.000000] kvm-stealtime: cpu 0, msr 1f20e200
[    0.000000] Built 1 zonelists in Node order, mobility grouping on.  Total pages: 128891
[    0.000000] Policy zone: DMA32
[    0.000000] Kernel command line: trinity=2m hung_task_panic=1 rcutree.rcu_cpu_stall_timeout=100 branch=asoc/for-next log_buf_len=8M ignore_loglevel debug sched_debug apic=debug dynamic_printk sysrq_always_enabled panic=10 load_ramdisk=2 prompt_ramdisk=0 console=ttyS0,115200 console=tty0 vga=normal ip=::::kvm::dhcp nfsroot=10.239.97.14:/nfsroot/wfg,tcp,v3,nocto,actimeo=600,nolock,rsize=524288,wsize=524288 rw link=vmlinuz-2012-09-13-19-17-18-asoc:for-next:17bea57-17bea57-x86_64-allyesdebian-9-waimea BOOT_IMAGE=kernel-tests/kernels/x86_64-allyesdebian/17bea57/vmlinuz-3.6.0-rc4+
[    0.000000] sysrq: sysrq always enabled.
[    0.000000] PID hash table entries: 2048 (order: 2, 16384 bytes)
[    0.000000] __ex_table already sorted, skipping sort
[    0.000000] Checking aperture...
[    0.000000] No AGP bridge found
[    0.000000] Calgary: detecting Calgary via BIOS EBDA area
[    0.000000] Calgary: Unable to locate Rio Grande table in EBDA - bailing!
[    0.000000] Memory: 445544k/524280k available (23593k kernel code, 500k absent, 78236k reserved, 16104k data, 3612k init)
[    0.000000] Hierarchical RCU implementation.
[    0.000000] 
[    0.000000] 
[    0.000000] 
[    0.000000] NR_IRQS:33024 nr_irqs:512 16
[    0.000000] Console: colour VGA+ 80x25
[    0.000000] console [tty0] enabled
[    0.000000] console [ttyS0] enabled
[    0.000000] Lock dependency validator: Copyright (c) 2006 Red Hat, Inc., Ingo Molnar
[    0.000000] ... MAX_LOCKDEP_SUBCLASSES:  8
[    0.000000] ... MAX_LOCK_DEPTH:          48
[    0.000000] ... MAX_LOCKDEP_KEYS:        8191
[    0.000000] ... CLASSHASH_SIZE:          4096
[    0.000000] ... MAX_LOCKDEP_ENTRIES:     16384
[    0.000000] ... MAX_LOCKDEP_CHAINS:      32768
[    0.000000] ... CHAINHASH_SIZE:          16384
[    0.000000]  memory used by lock dependency info: 6367 kB
[    0.000000]  per task-struct memory footprint: 2688 bytes
[    0.000000] ------------------------
[    0.000000] | Locking API testsuite:
[    0.000000] ----------------------------------------------------------------------------
[    0.000000]                                  | spin |wlock |rlock |mutex | wsem | rsem |
[    0.000000]   --------------------------------------------------------------------------
[    0.000000]                      A-A deadlock:  ok  |  ok  |  ok  |  ok  |  ok  |  ok  |
[    0.000000]                  A-B-B-A deadlock:  ok  |  ok  |  ok  |  ok  |  ok  |  ok  |
[    0.000000]              A-B-B-C-C-A deadlock:  ok  |  ok  |  ok  |  ok  |  ok  |  ok  |
[    0.000000]              A-B-C-A-B-C deadlock:  ok  |  ok  |  ok  |  ok  |  ok  |  ok  |
[    0.000000]          A-B-B-C-C-D-D-A deadlock:  ok  |  ok  |  ok  |  ok  |  ok  |  ok  |
[    0.000000]          A-B-C-D-B-D-D-A deadlock:  ok  |  ok  |  ok  |  ok  |  ok  |  ok  |
[    0.000000]          A-B-C-D-B-C-D-A deadlock:  ok  |  ok  |  ok  |  ok  |  ok  |  ok  |
[    0.000000]                     double unlock:  ok  |  ok  |  ok  |  ok  |  ok  |  ok  |
[    0.000000]                   initialize held:  ok  |  ok  |  ok  |  ok  |  ok  |  ok  |
[    0.000000]                  bad unlock order:  ok  |  ok  |  ok  |  ok  |  ok  |  ok  |
[    0.000000]   --------------------------------------------------------------------------
[    0.000000]               recursive read-lock:             |  ok  |             |  ok  |
[    0.000000]            recursive read-lock #2:             |  ok  |             |  ok  |
[    0.000000]             mixed read-write-lock:             |  ok  |             |  ok  |
[    0.000000]             mixed write-read-lock:             |  ok  |             |  ok  |
[    0.000000]   --------------------------------------------------------------------------
[    0.000000]      hard-irqs-on + irq-safe-A/12:  ok  |  ok  |  ok  |
[    0.000000]      soft-irqs-on + irq-safe-A/12:  ok  |  ok  |  ok  |
[    0.000000]      hard-irqs-on + irq-safe-A/21:  ok  |  ok  |  ok  |
[    0.000000]      soft-irqs-on + irq-safe-A/21:  ok  |  ok  |  ok  |
[    0.000000]        sirq-safe-A => hirqs-on/12:  ok  |  ok  |  ok  |
[    0.000000]        sirq-safe-A => hirqs-on/21:  ok  |  ok  |  ok  |
[    0.000000]          hard-safe-A + irqs-on/12:  ok  |  ok  |  ok  |
[    0.000000]          soft-safe-A + irqs-on/12:  ok  |  ok  |  ok  |
[    0.000000]          hard-safe-A + irqs-on/21:  ok  |  ok  |  ok  |
[    0.000000]          soft-safe-A + irqs-on/21:  ok  |  ok  |  ok  |
[    0.000000]     hard-safe-A + unsafe-B #1/123:  ok  |  ok  |  ok  |
[    0.000000]     soft-safe-A + unsafe-B #1/123:  ok  |  ok  |  ok  |
[    0.000000]     hard-safe-A + unsafe-B #1/132:  ok  |  ok  |  ok  |
[    0.000000]     soft-safe-A + unsafe-B #1/132:  ok  |  ok  |  ok  |
[    0.000000]     hard-safe-A + unsafe-B #1/213:  ok  |  ok  |  ok  |
[    0.000000]     soft-safe-A + unsafe-B #1/213:  ok  |  ok  |  ok  |
[    0.000000]     hard-safe-A + unsafe-B #1/231:  ok  |  ok  |  ok  |
[    0.000000]     soft-safe-A + unsafe-B #1/231:  ok  |  ok  |  ok  |
[    0.000000]     hard-safe-A + unsafe-B #1/312:  ok  |  ok  |  ok  |
[    0.000000]     soft-safe-A + unsafe-B #1/312:  ok  |  ok  |  ok  |
[    0.000000]     hard-safe-A + unsafe-B #1/321:  ok  |  ok  |  ok  |
[    0.000000]     soft-safe-A + unsafe-B #1/321:  ok  |  ok  |  ok  |
[    0.000000]     hard-safe-A + unsafe-B #2/123:  ok  |  ok  |  ok  |
[    0.000000]     soft-safe-A + unsafe-B #2/123:  ok  |  ok  |  ok  |
[    0.000000]     hard-safe-A + unsafe-B #2/132:  ok  |  ok  |  ok  |
[    0.000000]     soft-safe-A + unsafe-B #2/132:  ok  |  ok  |  ok  |
[    0.000000]     hard-safe-A + unsafe-B #2/213:  ok  |  ok  |  ok  |
[    0.000000]     soft-safe-A + unsafe-B #2/213:  ok  |  ok  |  ok  |
[    0.000000]     hard-safe-A + unsafe-B #2/231:  ok  |  ok  |  ok  |
[    0.000000]     soft-safe-A + unsafe-B #2/231:  ok  |  ok  |  ok  |
[    0.000000]     hard-safe-A + unsafe-B #2/312:  ok  |  ok  |  ok  |
[    0.000000]     soft-safe-A + unsafe-B #2/312:  ok  |  ok  |  ok  |
[    0.000000]     hard-safe-A + unsafe-B #2/321:  ok  |  ok  |  ok  |
[    0.000000]     soft-safe-A + unsafe-B #2/321:  ok  |  ok  |  ok  |
[    0.000000]       hard-irq lock-inversion/123:  ok  |  ok  |  ok  |
[    0.000000]       soft-irq lock-inversion/123:  ok  |  ok  |  ok  |
[    0.000000]       hard-irq lock-inversion/132:  ok  |  ok  |  ok  |
[    0.000000]       soft-irq lock-inversion/132:  ok  |  ok  |  ok  |
[    0.000000]       hard-irq lock-inversion/213:  ok  |  ok  |  ok  |
[    0.000000]       soft-irq lock-inversion/213:  ok  |  ok  |  ok  |
[    0.000000]       hard-irq lock-inversion/231:  ok  |  ok  |  ok  |
[    0.000000]       soft-irq lock-inversion/231:  ok  |  ok  |  ok  |
[    0.000000]       hard-irq lock-inversion/312:  ok  |  ok  |  ok  |
[    0.000000]       soft-irq lock-inversion/312:  ok  |  ok  |  ok  |
[    0.000000]       hard-irq lock-inversion/321:  ok  |  ok  |  ok  |
[    0.000000]       soft-irq lock-inversion/321:  ok  |  ok  |  ok  |
[    0.000000]       hard-irq read-recursion/123:  ok  |
[    0.000000]       soft-irq read-recursion/123:  ok  |
[    0.000000]       hard-irq read-recursion/132:  ok  |
[    0.000000]       soft-irq read-recursion/132:  ok  |
[    0.000000]       hard-irq read-recursion/213:  ok  |
[    0.000000]       soft-irq read-recursion/213:  ok  |
[    0.000000]       hard-irq read-recursion/231:  ok  |
[    0.000000]       soft-irq read-recursion/231:  ok  |
[    0.000000]       hard-irq read-recursion/312:  ok  |
[    0.000000]       soft-irq read-recursion/312:  ok  |
[    0.000000]       hard-irq read-recursion/321:  ok  |
[    0.000000]       soft-irq read-recursion/321:  ok  |
[    0.000000] -------------------------------------------------------
[    0.000000] Good, all 218 testcases passed! |
[    0.000000] ---------------------------------
[    0.000000] ODEBUG: 0 of 0 active objects replaced
[    0.000000] hpet clockevent registered
[    0.000000] tsc: Fast TSC calibration using PIT
[    0.000000] tsc: Detected 3300.109 MHz processor
[    0.004004] Calibrating delay loop (skipped), value calculated using timer frequency.. 6600.21 BogoMIPS (lpj=13200436)
[    0.008583] pid_max: default: 32768 minimum: 301
[    0.009767] Security Framework initialized
[    0.010718] Dentry cache hash table entries: 65536 (order: 7, 524288 bytes)
[    0.012389] Inode-cache hash table entries: 32768 (order: 6, 262144 bytes)
[    0.013655] Mount-cache hash table entries: 256
[    0.016967] Initializing cgroup subsys cpuacct
[    0.017743] Initializing cgroup subsys devices
[    0.018528] Initializing cgroup subsys freezer
[    0.019333] Initializing cgroup subsys net_cls
[    0.020019] Initializing cgroup subsys blkio
[    0.021030] mce: CPU supports 10 MCE banks
[    0.021794] numa_add_cpu cpu 0 node 0: mask now 0
[    0.022624] Last level iTLB entries: 4KB 0, 2MB 0, 4MB 0
[    0.022624] Last level dTLB entries: 4KB 0, 2MB 0, 4MB 0
[    0.022624] tlb_flushall_shift is 0x6
[    0.025312] ACPI: Core revision 20120711
[    0.030073] ftrace: allocating 90314 entries in 353 pages
[    0.048259] Getting VERSION: 50014
[    0.048914] Getting VERSION: 50014
[    0.049560] Getting ID: 0
[    0.052013] Getting ID: ff000000
[    0.052667] Getting LVT0: 8700
[    0.053269] Getting LVT1: 8400
[    0.053911] enabled ExtINT on CPU#0
[    0.055172] ENABLING IO-APIC IRQs
[    0.056013] init IO_APIC IRQs
[    0.056592]  apic 2 pin 0 not connected
[    0.057321] IOAPIC[0]: Set routing entry (2-1 -> 0x31 -> IRQ 1 Mode:0 Active:0 Dest:1)
[    0.058702] IOAPIC[0]: Set routing entry (2-2 -> 0x30 -> IRQ 0 Mode:0 Active:0 Dest:1)
[    0.060035] IOAPIC[0]: Set routing entry (2-3 -> 0x33 -> IRQ 3 Mode:0 Active:0 Dest:1)
[    0.062158] IOAPIC[0]: Set routing entry (2-4 -> 0x34 -> IRQ 4 Mode:0 Active:0 Dest:1)
[    0.064025] IOAPIC[0]: Set routing entry (2-5 -> 0x35 -> IRQ 5 Mode:1 Active:0 Dest:1)
[    0.065372] IOAPIC[0]: Set routing entry (2-6 -> 0x36 -> IRQ 6 Mode:0 Active:0 Dest:1)
[    0.068022] IOAPIC[0]: Set routing entry (2-7 -> 0x37 -> IRQ 7 Mode:0 Active:0 Dest:1)
[    0.069428] IOAPIC[0]: Set routing entry (2-8 -> 0x38 -> IRQ 8 Mode:0 Active:0 Dest:1)
[    0.070753] IOAPIC[0]: Set routing entry (2-9 -> 0x39 -> IRQ 9 Mode:1 Active:0 Dest:1)
[    0.072022] IOAPIC[0]: Set routing entry (2-10 -> 0x3a -> IRQ 10 Mode:1 Active:0 Dest:1)
[    0.073417] IOAPIC[0]: Set routing entry (2-11 -> 0x3b -> IRQ 11 Mode:1 Active:0 Dest:1)
[    0.074783] IOAPIC[0]: Set routing entry (2-12 -> 0x3c -> IRQ 12 Mode:0 Active:0 Dest:1)
[    0.076023] IOAPIC[0]: Set routing entry (2-13 -> 0x3d -> IRQ 13 Mode:0 Active:0 Dest:1)
[    0.077433] IOAPIC[0]: Set routing entry (2-14 -> 0x3e -> IRQ 14 Mode:0 Active:0 Dest:1)
[    0.078826] IOAPIC[0]: Set routing entry (2-15 -> 0x3f -> IRQ 15 Mode:0 Active:0 Dest:1)
[    0.080020]  apic 2 pin 16 not connected
[    0.080742]  apic 2 pin 17 not connected
[    0.081437]  apic 2 pin 18 not connected
[    0.084010]  apic 2 pin 19 not connected
[    0.084704]  apic 2 pin 20 not connected
[    0.085440]  apic 2 pin 21 not connected
[    0.086152]  apic 2 pin 22 not connected
[    0.086876]  apic 2 pin 23 not connected
[    0.088146] ..TIMER: vector=0x30 apic1=0 pin1=2 apic2=-1 pin2=-1
[    0.089298] smpboot: CPU0: Intel Common KVM processor stepping 01
[    0.090663] Using local APIC timer interrupts.
[    0.090663] calibrating APIC timer ...
[    0.096006] ... lapic delta = 6265912
[    0.096006] ... PM-Timer delta = 358886
[    0.096006] ... PM-Timer result ok
[    0.096006] ..... delta 6265912
[    0.096006] ..... mult: 269102052
[    0.096006] ..... calibration result: 4010183
[    0.096006] ..... CPU clock speed is 3309.0209 MHz.
[    0.096006] ..... host bus clock speed is 1002.2183 MHz.
[    0.096067] Performance Events: unsupported Netburst CPU model 6 no PMU driver, software events only.
[    0.099523] Testing tracer nop: PASSED
[    0.101831] SMP alternatives: lockdep: fixing up alternatives
[    0.103227] smpboot: Booting Node   0, Processors  #1 OK
[    0.008000] masked ExtINT on CPU#1
[    0.008000] numa_add_cpu cpu 1 node 0: mask now 0-1
[    0.200012] TSC synchronization [CPU#0 -> CPU#1]:
[    0.200012] Measured 2597 cycles TSC warp between CPUs, turning off TSC clock.
[    0.200012] tsc: Marking TSC unstable due to check_tsc_sync_source failed
[    0.204224] Brought up 2 CPUs
[    0.204224] KVM setup async PF for cpu 1
[    0.204224] kvm-stealtime: cpu 1, msr 1f40e200
[    0.208018] smpboot: Total of 2 processors activated (13215.01 BogoMIPS)
[    0.209507] CPU0 attaching sched-domain:
[    0.210240]  domain 0: span 0-1 level CPU
[    0.212479]   groups: 0 1
[    0.213257] CPU1 attaching sched-domain:
[    0.213968]  domain 0: span 0-1 level CPU
[    0.214828]   groups: 1 0
[    0.216361] devtmpfs: initialized
[    0.225993] xor: automatically using best checksumming function:
[    0.264033]    generic_sse:   205.000 MB/sec
[    0.264806] atomic64 test passed for x86-64 platform with CX8 and with SSE
[    0.266553] dummy: 
[    0.267631] NET: Registered protocol family 16
[    0.271606] ACPI: bus type pci registered
[    0.272180] dca service started, version 1.12.1
[    0.273063] PCI: Using configuration type 1 for base access
[    0.324171] bio: create slab <bio-0> at 0
[    0.392037] raid6: sse2x1    9405 MB/s
[    0.460035] raid6: sse2x2   11644 MB/s
[    0.528041] raid6: sse2x4   13607 MB/s
[    0.528735] raid6: using algorithm sse2x4 (13607 MB/s)
[    0.529584] raid6: using intx1 recovery algorithm
[    0.530613] ACPI: Added _OSI(Module Device)
[    0.531377] ACPI: Added _OSI(Processor Device)
[    0.532040] ACPI: Added _OSI(3.0 _SCP Extensions)
[    0.532818] ACPI: Added _OSI(Processor Aggregator Device)
[    0.535625] ACPI: EC: Look up EC in DSDT
[    0.542339] ACPI: Interpreter enabled
[    0.543033] ACPI: (supports S0 S3 S4 S5)
[    0.544038] ACPI: Using IOAPIC for interrupt routing
[    0.555784] ACPI: No dock devices found.
[    0.556040] PCI: Ignoring host bridge windows from ACPI; if necessary, use "pci=use_crs" and report a bug
[    0.557648] ACPI: PCI Root Bridge [PCI0] (domain 0000 [bus 00-ff])
[    0.558701] pci_root PNP0A03:00: host bridge window [io  0x0000-0x0cf7] (ignored)
[    0.560040] pci_root PNP0A03:00: host bridge window [io  0x0d00-0xffff] (ignored)
[    0.561305] pci_root PNP0A03:00: host bridge window [mem 0x000a0000-0x000bffff] (ignored)
[    0.562736] pci_root PNP0A03:00: host bridge window [mem 0xe0000000-0xfebfffff] (ignored)
[    0.564048] PCI: root bus 00: using default resources
[    0.564915] pci_root PNP0A03:00: fail to add MMCONFIG information, can't access extended PCI configuration space under this bridge.
[    0.566924] PCI host bridge to bus 0000:00
[    0.568047] pci_bus 0000:00: busn_res: [bus 00-ff] is inserted under domain [bus 00-ff]
[    0.569362] pci_bus 0000:00: root bus resource [bus 00-ff]
[    0.570261] pci_bus 0000:00: root bus resource [io  0x0000-0xffff]
[    0.571242] pci_bus 0000:00: root bus resource [mem 0x00000000-0xffffffffff]
[    0.572105] pci 0000:00:00.0: [8086:1237] type 00 class 0x060000
[    0.573497] pci 0000:00:01.0: [8086:7000] type 00 class 0x060100
[    0.575021] pci 0000:00:01.1: [8086:7010] type 00 class 0x010180
[    0.577451] pci 0000:00:01.1: reg 20: [io  0xc1c0-0xc1cf]
[    0.579200] pci 0000:00:01.3: [8086:7113] type 00 class 0x068000
[    0.580474] pci 0000:00:01.3: quirk: [io  0xb000-0xb03f] claimed by PIIX4 ACPI
[    0.581724] pci 0000:00:01.3: quirk: [io  0xb100-0xb10f] claimed by PIIX4 SMB
[    0.583009] pci 0000:00:02.0: [1013:00b8] type 00 class 0x030000
[    0.585769] pci 0000:00:02.0: reg 10: [mem 0xfc000000-0xfdffffff pref]
[    0.588140] pci 0000:00:02.0: reg 14: [mem 0xfebf4000-0xfebf4fff]
[    0.592861] pci 0000:00:02.0: reg 30: [mem 0xfebe0000-0xfebeffff pref]
[    0.594446] pci 0000:00:03.0: [8086:100e] type 00 class 0x020000
[    0.595733] pci 0000:00:03.0: reg 10: [mem 0xfeba0000-0xfebbffff]
[    0.596592] pci 0000:00:03.0: reg 14: [io  0xc000-0xc03f]
[    0.600858] pci 0000:00:03.0: reg 30: [mem 0xfebc0000-0xfebdffff pref]
[    0.602301] pci 0000:00:04.0: [8086:2668] type 00 class 0x040300
[    0.603491] pci 0000:00:04.0: reg 10: [mem 0xfebf0000-0xfebf3fff]
[    0.606222] pci 0000:00:05.0: [1af4:1001] type 00 class 0x010000
[    0.608077] pci 0000:00:05.0: reg 10: [io  0xc040-0xc07f]
[    0.609497] pci 0000:00:05.0: reg 14: [mem 0xfebf5000-0xfebf5fff]
[    0.613683] pci 0000:00:06.0: [1af4:1001] type 00 class 0x010000
[    0.615002] pci 0000:00:06.0: reg 10: [io  0xc080-0xc0bf]
[    0.616327] pci 0000:00:06.0: reg 14: [mem 0xfebf6000-0xfebf6fff]
[    0.620620] pci 0000:00:07.0: [1af4:1001] type 00 class 0x010000
[    0.621940] pci 0000:00:07.0: reg 10: [io  0xc0c0-0xc0ff]
[    0.623384] pci 0000:00:07.0: reg 14: [mem 0xfebf7000-0xfebf7fff]
[    0.627251] pci 0000:00:08.0: [1af4:1001] type 00 class 0x010000
[    0.628393] pci 0000:00:08.0: reg 10: [io  0xc100-0xc13f]
[    0.629813] pci 0000:00:08.0: reg 14: [mem 0xfebf8000-0xfebf8fff]
[    0.634477] pci 0000:00:09.0: [1af4:1001] type 00 class 0x010000
[    0.635802] pci 0000:00:09.0: reg 10: [io  0xc140-0xc17f]
[    0.636593] pci 0000:00:09.0: reg 14: [mem 0xfebf9000-0xfebf9fff]
[    0.641409] pci 0000:00:0a.0: [1af4:1001] type 00 class 0x010000
[    0.642729] pci 0000:00:0a.0: reg 10: [io  0xc180-0xc1bf]
[    0.644079] pci 0000:00:0a.0: reg 14: [mem 0xfebfa000-0xfebfafff]
[    0.648329] pci 0000:00:0b.0: [8086:25ab] type 00 class 0x088000
[    0.649479] pci 0000:00:0b.0: reg 10: [mem 0xfebfb000-0xfebfb00f]
[    0.652615] ACPI: PCI Interrupt Routing Table [\_SB_.PCI0._PRT]
[    0.655307]  pci0000:00: ACPI _OSC support notification failed, disabling PCIe ASPM
[    0.656067]  pci0000:00: Unable to request _OSC control (_OSC support mask: 0x08)
[    0.674595] ACPI: PCI Interrupt Link [LNKA] (IRQs 5 *10 11)
[    0.676160] ACPI: PCI Interrupt Link [LNKB] (IRQs 5 *10 11)
[    0.677675] ACPI: PCI Interrupt Link [LNKC] (IRQs 5 10 *11)
[    0.679188] ACPI: PCI Interrupt Link [LNKD] (IRQs 5 10 *11)
[    0.680680] ACPI: PCI Interrupt Link [LNKS] (IRQs 9) *0
[    0.682581] vgaarb: device added: PCI:0000:00:02.0,decodes=io+mem,owns=io+mem,locks=none
[    0.684084] vgaarb: loaded
[    0.684620] vgaarb: bridge control possible 0000:00:02.0
[    0.685773] tps65010: version 2 May 2005
[    0.716155] tps65010: no chip?
[    0.717823] SCSI subsystem initialized
[    0.718513] ACPI: bus type scsi registered
[    0.719627] libata version 3.00 loaded.
[    0.720432] pps_core: LinuxPPS API ver. 1 registered
[    0.721344] pps_core: Software ver. 5.3.6 - Copyright 2005-2007 Rodolfo Giometti <giometti@linux.it>
[    0.724083] wmi: Mapper loaded
[    0.724960] Advanced Linux Sound Architecture Driver Version 1.0.25.
[    0.726026] PCI: Using ACPI for IRQ routing
[    0.726851] PCI: pci_cache_line_size set to 64 bytes
[    0.728219] e820: reserve RAM buffer [mem 0x00093c00-0x0009ffff]
[    0.729213] e820: reserve RAM buffer [mem 0x1fffe000-0x1fffffff]
[    0.731152] Sangoma WANPIPE Router v1.1 (c) 1995-2000 Sangoma Technologies Inc.
[    0.732182] NET: Registered protocol family 23
[    0.733117] Bluetooth: Core ver 2.16
[    0.733941] NET: Registered protocol family 31
[    0.735113] Bluetooth: HCI device and connection manager initialized
[    0.736064] Bluetooth: HCI socket layer initialized
[    0.736930] Bluetooth: L2CAP socket layer initialized
[    0.737896] Bluetooth: SCO socket layer initialized
[    0.738867] NET: Registered protocol family 8
[    0.740051] NET: Registered protocol family 20
[    0.741578] cfg80211: Calling CRDA to update world regulatory domain
[    0.745295] HPET: 3 timers in total, 0 timers will be used for per-cpu timer
[    0.746502] hpet0: at MMIO 0xfed00000, IRQs 2, 8, 0
[    0.747959] hpet0: 3 comparators, 64-bit 100.000000 MHz counter
[    0.752267] Switching to clocksource hpet
[    0.993084] FS-Cache: Loaded
[    0.994083] CacheFiles: Loaded
[    0.994761] pnp: PnP ACPI init
[    0.995425] ACPI: bus type pnp registered
[    0.996285] pnp 00:00: [bus 00-ff]
[    0.996916] pnp 00:00: [io  0x0cf8-0x0cff]
[    0.997647] pnp 00:00: [io  0x0000-0x0cf7 window]
[    0.998467] pnp 00:00: [io  0x0d00-0xffff window]
[    0.999284] pnp 00:00: [mem 0x000a0000-0x000bffff window]
[    1.000235] pnp 00:00: [mem 0xe0000000-0xfebfffff window]
[    1.001305] pnp 00:00: Plug and Play ACPI device, IDs PNP0a03 (active)
[    1.002403] pnp 00:01: [io  0x0070-0x0071]
[    1.003165] IOAPIC[0]: Set routing entry (2-8 -> 0x38 -> IRQ 8 Mode:0 Active:0 Dest:3)
[    1.004548] pnp 00:01: [irq 8]
[    1.005145] pnp 00:01: [io  0x0072-0x0077]
[    1.005931] pnp 00:01: Plug and Play ACPI device, IDs PNP0b00 (active)
[    1.007090] pnp 00:02: [io  0x0060]
[    1.013205] pnp 00:02: [io  0x0064]
[    1.013860] IOAPIC[0]: Set routing entry (2-1 -> 0x31 -> IRQ 1 Mode:0 Active:0 Dest:3)
[    1.015201] pnp 00:02: [irq 1]
[    1.015856] pnp 00:02: Plug and Play ACPI device, IDs PNP0303 (active)
[    1.017049] IOAPIC[0]: Set routing entry (2-12 -> 0x3c -> IRQ 12 Mode:0 Active:0 Dest:3)
[    1.018428] pnp 00:03: [irq 12]
[    1.019123] pnp 00:03: Plug and Play ACPI device, IDs PNP0f13 (active)
[    1.020298] pnp 00:04: [io  0x03f2-0x03f5]
[    1.021025] pnp 00:04: [io  0x03f7]
[    1.021663] IOAPIC[0]: Set routing entry (2-6 -> 0x36 -> IRQ 6 Mode:0 Active:0 Dest:3)
[    1.023007] pnp 00:04: [irq 6]
[    1.023591] pnp 00:04: [dma 2]
[    1.024317] pnp 00:04: Plug and Play ACPI device, IDs PNP0700 (active)
[    1.025480] pnp 00:05: [io  0x0378-0x037f]
[    1.026229] IOAPIC[0]: Set routing entry (2-7 -> 0x37 -> IRQ 7 Mode:0 Active:0 Dest:3)
[    1.027559] pnp 00:05: [irq 7]
[    1.028291] pnp 00:05: Plug and Play ACPI device, IDs PNP0400 (active)
[    1.029427] pnp 00:06: [io  0x03f8-0x03ff]
[    1.030163] IOAPIC[0]: Set routing entry (2-4 -> 0x34 -> IRQ 4 Mode:0 Active:0 Dest:3)
[    1.031495] pnp 00:06: [irq 4]
[    1.032220] pnp 00:06: Plug and Play ACPI device, IDs PNP0501 (active)
[    1.033615] pnp 00:07: [mem 0xfed00000-0xfed003ff]
[    1.034564] pnp 00:07: Plug and Play ACPI device, IDs PNP0103 (active)
[    1.035914] pnp: PnP ACPI: found 8 devices
[    1.036707] ACPI: ACPI bus type pnp unregistered
[    1.062363] pci_bus 0000:00: resource 4 [io  0x0000-0xffff]
[    1.063294] pci_bus 0000:00: resource 5 [mem 0x00000000-0xffffffffff]
[    1.064919] NET: Registered protocol family 2
[    1.067108] TCP established hash table entries: 16384 (order: 6, 262144 bytes)
[    1.068952] TCP bind hash table entries: 16384 (order: 8, 1310720 bytes)
[    1.071458] TCP: Hash tables configured (established 16384 bind 16384)
[    1.072676] TCP: reno registered
[    1.073330] UDP hash table entries: 256 (order: 3, 49152 bytes)
[    1.074365] UDP-Lite hash table entries: 256 (order: 3, 49152 bytes)
[    1.076068] NET: Registered protocol family 1
[    1.077843] RPC: Registered named UNIX socket transport module.
[    1.078808] RPC: Registered udp transport module.
[    1.079604] RPC: Registered tcp transport module.
[    1.080479] RPC: Registered tcp NFSv4.1 backchannel transport module.
[    1.081530] pci 0000:00:00.0: Limiting direct PCI/PCI transfers
[    1.082506] pci 0000:00:01.0: PIIX3: Enabling Passive Release
[    1.083462] pci 0000:00:01.0: Activating ISA DMA hang workarounds
[    1.084531] pci 0000:00:02.0: Boot video device
[    1.085426] PCI: CLS 0 bytes, default 64
[    1.113299] DMA-API: preallocated 32768 debug entries
[    1.114165] DMA-API: debugging enabled by kernel config
[    1.116787] kvm: no hardware support
[    1.117500] has_svm: not amd
[    1.118077] kvm: no hardware support
[    1.119067] Machine check injector initialized
[    1.121448] microcode: CPU0 sig=0xf61, pf=0x1, revision=0x1
[    1.122432] microcode: CPU1 sig=0xf61, pf=0x1, revision=0x1
[    1.123921] microcode: Microcode Update Driver: v2.00 <tigran@aivazian.fsnet.co.uk>, Peter Oruba
[    1.126102] cryptomgr_test (28) used greatest stack depth: 6536 bytes left
[    1.131212] Initializing RT-Tester: OK
[    1.132103] audit: initializing netlink socket (disabled)
[    1.133182] type=2000 audit(1347535504.132:1): initialized
[    1.185215] Kprobe smoke test started
[    1.264337] Kprobe smoke test passed successfully
[    1.268172] Testing tracer function: PASSED
[    1.590474] Testing dynamic ftrace: PASSED
[    2.060927] Testing dynamic ftrace ops #1: (1 0 1 1 0) (1 1 2 1 0) (2 1 3 1 10) (2 2 4 1 223) PASSED
[    2.642076] Testing dynamic ftrace ops #2: (1 0 1 4 0) (1 1 2 200 0) (2 1 3 1 5) (2 2 4 212 216) PASSED
[    3.252237] Testing tracer irqsoff: PASSED
[    3.760762] Testing tracer wakeup: [    4.512495] ftrace-test (41) used greatest stack depth: 6400 bytes left
PASSED
[    4.560322] Testing tracer wakeup_rt: PASSED
[    5.344316] Testing tracer function_graph: PASSED
[    5.858712] HugeTLB registered 2 MB page size, pre-allocated 0 pages
[    5.862146] VFS: Disk quotas dquot_6.5.2
[    5.862978] Dquot-cache hash table entries: 512 (order 0, 4096 bytes)
[    5.865898] DLM installed
[    5.868864] squashfs: version 4.0 (2009/01/31) Phillip Lougher
[    5.873559] FS-Cache: Netfs 'nfs' registered for caching
[    5.875496] NFS: Registering the id_resolver key type
[    5.876490] Key type id_resolver registered
[    5.877239] Key type id_legacy registered
[    5.877941] Installing knfsd (copyright (C) 1996 okir@monad.swb.de).
[    5.881571] Key type cifs.spnego registered
[    5.882413] NTFS driver 2.1.30 [Flags: R/W].
[    5.883628] EFS: 1.0a - http://aeschi.ch.eu.org/efs/
[    5.884606] jffs2: version 2.2. (NAND) (SUMMARY)  
[    5.886845] ROMFS MTD (C) 2007 Red Hat, Inc.
[    5.887737] QNX4 filesystem 0.2.3 registered.
[    5.888953] fuse init (API version 7.20)
[    5.890891] JFS: nTxBlock = 3480, nTxLock = 27846
[    5.895330] SGI XFS with ACLs, security attributes, realtime, large block/inode numbers, no debug enabled
[    5.899481] 9p: Installing v9fs 9p2000 file system support
[    5.900535] FS-Cache: Netfs '9p' registered for caching
[    5.901810] NILFS version 2 loaded
[    5.902470] BeFS version: 0.9.3
[    5.903223] OCFS2 1.5.0
[    5.904517] ocfs2: Registered cluster interface o2cb
[    5.905701] ocfs2: Registered cluster interface user
[    5.906617] OCFS2 DLMFS 1.5.0
[    5.907554] OCFS2 User DLM kernel interface loaded
[    5.908494] OCFS2 Node Manager 1.5.0
[    5.909650] OCFS2 DLM 1.5.0
[    5.911739] Btrfs loaded
[    5.914008] GFS2 installed
[    5.915027] ceph: loaded (mds proto 32)
[    5.915729] msgmni has been set to 870
[    5.934159] async_tx: api initialized (async)
[    5.935107] Block layer SCSI generic (bsg) driver version 0.4 loaded (major 251)
[    5.936730] io scheduler noop registered
[    5.937438] io scheduler deadline registered
[    5.938407] io scheduler cfq registered (default)
[    5.939221] start plist test
[    5.941070] end plist test
[    5.942586] pci_hotplug: PCI Hot Plug PCI Core version: 0.5
[    5.943605] pciehp: PCI Express Hot Plug Controller Driver version: 0.4
[    5.945085] cpcihp_zt5550: ZT5550 CompactPCI Hot Plug Driver version: 0.2
[    5.946220] cpcihp_generic: Generic port I/O CompactPCI Hot Plug Driver version: 0.1
[    5.947512] cpcihp_generic: not configured, disabling.
[    5.948512] shpchp: Standard Hot Plug PCI Controller Driver version: 0.4
[    5.949567] acpiphp: ACPI Hot Plug PCI Controller Driver version: 0.5
[    5.950925] acpiphp: Slot [3] registered
[    5.951727] acpiphp: Slot [4] registered
[    5.952592] acpiphp: Slot [5] registered
[    5.953401] acpiphp: Slot [6] registered
[    5.954195] acpiphp: Slot [7] registered
[    5.955053] acpiphp: Slot [8] registered
[    5.955862] acpiphp: Slot [9] registered
[    5.957082] acpiphp: Slot [10] registered
[    5.957896] acpiphp: Slot [11] registered
[    5.958677] acpiphp: Slot [12] registered
[    5.959475] acpiphp: Slot [13] registered
[    5.960347] acpiphp: Slot [14] registered
[    5.961141] acpiphp: Slot [15] registered
[    5.961932] acpiphp: Slot [16] registered
[    5.962722] acpiphp: Slot [17] registered
[    5.963517] acpiphp: Slot [18] registered
[    5.964392] acpiphp: Slot [19] registered
[    5.965192] acpiphp: Slot [20] registered
[    5.965993] acpiphp: Slot [21] registered
[    5.966791] acpiphp: Slot [22] registered
[    5.967585] acpiphp: Slot [23] registered
[    5.968426] acpiphp: Slot [24] registered
[    5.969236] acpiphp: Slot [25] registered
[    5.970042] acpiphp: Slot [26] registered
[    5.970811] acpiphp: Slot [27] registered
[    5.971613] acpiphp: Slot [28] registered
[    5.972481] acpiphp: Slot [29] registered
[    5.973292] acpiphp: Slot [30] registered
[    5.974168] acpiphp: Slot [31] registered
[    5.977464] acpiphp_ibm: ibm_acpiphp_init: acpi_walk_namespace failed
[    5.979298] VIA Graphics Integration Chipset framebuffer 2.4 initializing
[    5.980883] vmlfb: initializing
[    5.981620] Could not find Carillo Ranch MCH device.
[    5.982643] no IO addresses supplied
[    5.983544] hgafb: HGA card not detected.
[    5.984557] hgafb: probe of hgafb.0 failed with error -22
[    5.986690] kworker/u:0 (115) used greatest stack depth: 5352 bytes left
[    5.987860] uvesafb: failed to execute /sbin/v86d
[    5.988993] uvesafb: make sure that the v86d helper is installed and executable
[    5.990360] uvesafb: Getting VBE info block failed (eax=0x4f00, err=-2)
[    5.991442] uvesafb: vbe_init() failed with -22
[    5.992386] uvesafb: probe of uvesafb.0 failed with error -22
[    5.993985] input: Power Button as /devices/LNXSYSTM:00/LNXPWRBN:00/input/input0
[    5.995352] ACPI: Power Button [PWRF]
[    6.005688] GHES: HEST is not enabled!
[    6.006405] ioatdma: Intel(R) QuickData Technology Driver 4.00
[    6.008127] ACPI: PCI Interrupt Link [LNKA] enabled at IRQ 10
[    6.009089] IOAPIC[0]: Set routing entry (2-10 -> 0x3a -> IRQ 10 Mode:1 Active:0 Dest:3)
[    6.016084] virtio-pci 0000:00:05.0: setting latency timer to 64
[    6.017919] ACPI: PCI Interrupt Link [LNKB] enabled at IRQ 11
[    6.018867] IOAPIC[0]: Set routing entry (2-11 -> 0x3b -> IRQ 11 Mode:1 Active:0 Dest:3)
[    6.020342] virtio-pci 0000:00:06.0: setting latency timer to 64
[    6.021887] ACPI: PCI Interrupt Link [LNKC] enabled at IRQ 11
[    6.022858] virtio-pci 0000:00:07.0: setting latency timer to 64
[    6.024523] ACPI: PCI Interrupt Link [LNKD] enabled at IRQ 10
[    6.025504] virtio-pci 0000:00:08.0: setting latency timer to 64
[    6.026881] virtio-pci 0000:00:09.0: setting latency timer to 64
[    6.028290] virtio-pci 0000:00:0a.0: setting latency timer to 64
[    6.029561] XENFS: not registering filesystem on non-xen platform
[    6.031126] HDLC line discipline maxframe=4096
[    6.031977] N_HDLC line discipline registered.
[    6.032815] r3964: Philips r3964 Driver $Revision: 1.10 $
[    6.033706] Serial: 8250/16550 driver, 4 ports, IRQ sharing enabled
[    6.058360] serial8250: ttyS0 at I/O 0x3f8 (irq = 4) is a 16550A
[    6.085108] 00:06: ttyS0 at I/O 0x3f8 (irq = 4) is a 16550A
[    6.086894] Cyclades driver 2.6
[    6.087727] MOXA Intellio family driver version 6.0k
[    6.121026] MOXA Smartio/Industio family driver version 2.0.5
[    6.122097] Initializing Nozomi driver 2.1d
[    6.122911] RocketPort device driver module, version 2.09, 12-June-2003
[    6.123979] No rocketport ports found; unloading driver
[    6.124990] SyncLink GT
[    6.125559] SyncLink GT, tty major#247
[    6.126315] SyncLink GT no devices found
[    6.127037] SyncLink MultiPort driver $Revision: 4.38 $
[    6.159561] SyncLink MultiPort driver $Revision: 4.38 $, tty major#246
[    6.160689] SyncLink serial driver $Revision: 4.38 $
[    6.193401] SyncLink serial driver $Revision: 4.38 $, tty major#245
[    6.195482] lp: driver loaded but no devices found
[    6.196366] Applicom driver: $Id: ac.c,v 1.30 2000/03/22 16:03:57 dwmw2 Exp $
[    6.197518] ac.o: No PCI boards found.
[    6.198296] ac.o: For an ISA board you must supply memory and irq parameters.
[    6.200257] Non-volatile memory driver v1.3
[    6.201680] ppdev: user-space parallel port driver
[    6.202688] telclk_interrupt = 0xf non-mcpbl0010 hw.
[    6.203950] smapi::smapi_init, ERROR invalid usSmapiID
[    6.205414] mwave: tp3780i::tp3780I_InitializeBoardData: Error: SMAPI is not available on this machine
[    6.207701] mwave: mwavedd::mwave_init: Error: Failed to initialize board data
[    6.208978] mwave: mwavedd::mwave_init: Error: Failed to initialize
[    6.210077] Linux agpgart interface v0.103
[    6.212824] SyncLink PC Card driver $Revision: 4.34 $, tty major#243
[    6.213984] ipmi message handler version 39.2
[    6.214906] ipmi device interface
[    6.215646] IPMI System Interface driver.
[    6.216717] ipmi_si: Adding default-specified kcs state machine
[    6.217826] ipmi_si: Trying default-specified kcs state machine at i/o address 0xca2, slave address 0x0, irq 0
[    6.219439] ipmi_si: Interface detection failed
[    6.220463] ipmi_si: Adding default-specified smic state machine
[    6.221597] ipmi_si: Trying default-specified smic state machine at i/o address 0xca9, slave address 0x0, irq 0
[    6.223391] ipmi_si: Interface detection failed
[    6.232234] ipmi_si: Adding default-specified bt state machine
[    6.233428] ipmi_si: Trying default-specified bt state machine at i/o address 0xe4, slave address 0x0, irq 0
[    6.235141] ipmi_si: Interface detection failed
[    6.236184] ipmi_si: Unable to find any System Interface(s)
[    6.237141] IPMI Watchdog: driver initialized
[    6.237894] Copyright (C) 2004 MontaVista Software - IPMI Powerdown via sys_reboot.
[    6.239319] Hangcheck: starting hangcheck timer 0.9.1 (tick is 180 seconds, margin is 60 seconds).
[    6.241091] Hangcheck: Using getrawmonotonic().
[    6.242213] [drm] Initialized drm 1.1.0 20060810
[    6.243458] [drm] radeon defaulting to kernel modesetting.
[    6.244477] [drm] radeon kernel modesetting enabled.
[    6.245885] parport_pc 00:05: reported by Plug and Play ACPI
[    6.247411] parport0: PC-style at 0x378, irq 7 [PCSPP,TRISTATE]
[    6.345136] lp0: using parport0 (interrupt-driven).
[    6.349127] Floppy drive(s): fd0 is 1.44M
[    6.357549] brd: module loaded
[    6.361794] loop: module loaded
[    6.362547] Compaq SMART2 Driver (v 2.6.0)
[    6.363785] HP CISS Driver (v 3.6.26)
[    6.365769] FDC 0 is a S82078B
[    6.366555] MM: desc_per_page = 128
[    6.369409] nbd: registered device at major 43
[    6.378374] virtio-pci 0000:00:05.0: irq 40 for MSI/MSI-X
[    6.379440] virtio-pci 0000:00:05.0: irq 41 for MSI/MSI-X
[    6.399370]  vda: unknown partition table
[    6.400748] virtio-pci 0000:00:06.0: irq 42 for MSI/MSI-X
[    6.401672] virtio-pci 0000:00:06.0: irq 43 for MSI/MSI-X
[    6.415627]  vdb: unknown partition table
[    6.417019] virtio-pci 0000:00:07.0: irq 44 for MSI/MSI-X
[    6.417952] virtio-pci 0000:00:07.0: irq 45 for MSI/MSI-X
[    6.435370]  vdc: unknown partition table
[    6.437369] virtio-pci 0000:00:08.0: irq 46 for MSI/MSI-X
[    6.438817] virtio-pci 0000:00:08.0: irq 47 for MSI/MSI-X
[    6.452232]  vdd: unknown partition table
[    6.454176] virtio-pci 0000:00:09.0: irq 48 for MSI/MSI-X
[    6.455592] virtio-pci 0000:00:09.0: irq 49 for MSI/MSI-X
[    6.470021]  vde: unknown partition table
[    6.471924] virtio-pci 0000:00:0a.0: irq 50 for MSI/MSI-X
[    6.473455] virtio-pci 0000:00:0a.0: irq 51 for MSI/MSI-X
[    6.488124]  vdf: unknown partition table
[    6.494342] drbd: initialized. Version: 8.3.13 (api:88/proto:86-96)
[    6.495915] drbd: built-in
[    6.496853] drbd: registered as block device major 147
[    6.498210] drbd: minor_table @ 0xffff88001687eef0
[    6.499643] ibmasm: IBM ASM Service Processor Driver version 1.0 loaded
[    6.501339] lkdtm: No crash points registered, enable through debugfs
[    6.502503] Phantom Linux Driver, version n0.9.8, init OK
[    6.503602] i2c-core: driver [isl29003] using legacy suspend method
[    6.504696] i2c-core: driver [isl29003] using legacy resume method
[    6.505722] i2c-core: driver [tsl2550] using legacy suspend method
[    6.506718] i2c-core: driver [tsl2550] using legacy resume method
[    6.507861] Silicon Labs C2 port support v. 0.51.0 - (C) 2007 Rodolfo Giometti
[    6.509486] c2port c2port0: C2 port uc added
[    6.510244] c2port c2port0: uc flash has 30 blocks x 512 bytes (15360 bytes total)
[    6.512075] Uniform Multi-Platform E-IDE driver
[    6.513023] piix 0000:00:01.1: IDE controller (0x8086:0x7010 rev 0x00)
[    6.514241] piix 0000:00:01.1: not 100% native mode: will probe irqs later
[    6.515361] pci 0000:00:01.1: setting latency timer to 64
[    6.516386]     ide0: BM-DMA at 0xc1c0-0xc1c7
[    6.517223]     ide1: BM-DMA at 0xc1c8-0xc1cf
[    6.518096] Probing IDE interface ide0...
[    7.084502] Probing IDE interface ide1...
[    7.820590] hdc: QEMU DVD-ROM, ATAPI CD/DVD-ROM drive
[    8.492570] hdc: host max PIO4 wanted PIO255(auto-tune) selected PIO0
[    8.494338] hdc: MWDMA2 mode selected
[    8.495687] ide0 at 0x1f0-0x1f7,0x3f6 on irq 14
[    8.497262] ide1 at 0x170-0x177,0x376 on irq 15
[    8.499937] ide_generic: please use "probe_mask=0x3f" module parameter for probing all legacy ISA IDE ports
[    8.502508] ide-gd driver 1.18
[    8.503528] ide-cd driver 5.00
[    8.505160] ide-cd: hdc: ATAPI 4X DVD-ROM drive, 512kB Cache
[    8.507127] cdrom: Uniform CD-ROM driver Revision: 3.20
[    8.512534] Loading iSCSI transport class v2.0-870.
[    8.514278] rdac: device handler registered
[    8.515307] hp_sw: device handler registered
[    8.516186] emc: device handler registered
[    8.516967] alua: device handler registered
[    8.518931] fnic: Cisco FCoE HBA Driver, ver 1.5.0.2
[    8.520558] iscsi: registered transport (tcp)
[    8.521585] Loading Adaptec I2O RAID: Version 2.4 Build 5go
[    8.522528] Detecting Adaptec I2O RAID controllers...
[    8.523585] Adaptec aacraid driver 1.2-0[29800]-ms
[    8.524810] aic94xx: Adaptec aic94xx SAS/SATA driver version 1.0.3 loaded
[    8.526407] scsi: <fdomain> Detection failed (no card)
[    8.527433] qla2xxx [0000:00:00.0]-0005: : QLogic Fibre Channel HBA Driver: 8.04.00.03-k.
[    8.529072] iscsi: registered transport (qla4xxx)
[    8.529920] QLogic iSCSI HBA Driver
[    8.530595] Brocade BFA FC/FCOE SCSI driver - version: 3.0.23.0
[    8.531927] DC390: clustering now enabled by default. If you get problems load
[    8.533313]        with "disable_clustering=1" and report to maintainers
[    8.534558] megaraid cmm: 2.20.2.7 (Release Date: Sun Jul 16 00:01:03 EST 2006)
[    8.536161] megaraid: 2.20.5.1 (Release Date: Thu Nov 16 15:32:35 EST 2006)
[    8.537296] megasas: 00.00.06.15-rc1 Mon. Mar. 19 17:00:00 PDT 2012
[    8.538397] mpt2sas version 13.100.00.00 loaded
[    8.539576] GDT-HA: Storage RAID Controller Driver. Version: 3.05
[    8.540836] 3ware Storage Controller device driver for Linux v1.26.02.003.
[    8.541972] 3ware 9000 Storage Controller device driver for Linux v2.26.02.014.
[    8.543333] LSI 3ware SAS/SATA-RAID Controller device driver for Linux v3.26.02.000.
[    8.544829] ppa: Version 2.07 (for Linux 2.4.x)
[    8.547976] imm: Version 2.05 (for Linux 2.4.0)
[    8.549348] ipr: IBM Power RAID SCSI Device Driver version: 2.5.3 (March 10, 2012)
[    8.550736] RocketRAID 3xxx/4xxx Controller driver v1.6 (091225)
[    8.551785] stex: Promise SuperTrak EX Driver version: 4.6.0000.4
[    8.553121] libcxgbi:libcxgbi_init_module: tag itt 0x1fff, 13 bits, age 0xf, 4 bits.
[    8.554476] libcxgbi:ddp_setup_host_page_size: system PAGE 4096, ddp idx 0.
[    8.555561] Chelsio T3 iSCSI Driver cxgb3i v2.0.0 (Jun. 2010)
[    8.556746] iscsi: registered transport (cxgb3i)
[    8.557569] Broadcom NetXtreme II iSCSI Driver bnx2i v2.7.2.2 (Apr 25, 2012)
[    8.558776] iscsi: registered transport (bnx2i)
[    8.560200] iscsi: registered transport (be2iscsi)
[    8.566784] VMware PVSCSI driver - version 1.0.2.0-k
[    8.567691] st: Version 20101219, fixed bufsize 32768, s/g segs 256
[    8.568914] osst :I: Tape driver with OnStream support version 0.99.4
[    8.568914] osst :I: $Id: osst.c,v 1.73 2005/01/01 21:13:34 wriede Exp $
[    8.571293] SCSI Media Changer driver v0.25 
[    8.572227] osd: LOADED open-osd 0.2.1
[    8.580102] scsi_debug: host protection
[    8.580825] scsi0 : scsi_debug, version 1.82 [20100324], dev_size_mb=8, opts=0x0
[    8.583648] scsi 0:0:0:0: Direct-Access     Linux    scsi_debug       0004 PQ: 0 ANSI: 5
[    8.588217] sd 0:0:0:0: [sda] 16384 512-byte logical blocks: (8.38 MB/8.00 MiB)
[    8.588617] SSFDC read-only Flash Translation layer
[    8.588621] mtdoops: mtd device (mtddev=name/number) must be supplied
[    8.588747] SBC-GXx flash: IO:0x258-0x259 MEM:0xdc000-0xdffff
[    8.588917] NetSc520 flash device: 0x100000 at 0x200000
[    8.588920] Failed to ioremap_nocache
[    8.588926] Failed to ioremap_nocache
[    8.589060] Generic platform RAM MTD, (c) 2004 Simtec Electronics
[    8.597511] sd 0:0:0:0: Attached scsi generic sg0 type 0
[    8.600157] sd 0:0:0:0: [sda] Write Protect is off
[    8.601438] sd 0:0:0:0: [sda] Mode Sense: 73 00 10 08
[    8.608137] sd 0:0:0:0: [sda] Write cache: enabled, read cache: enabled, supports DPO and FUA
[    8.615081] No recognised DiskOnChip devices found
[    8.615885] slram: not enough parameters.
[    8.616643] Ramix PMC551 PCI Mezzanine Ram Driver. (C) 1999,2000 Nortel Networks.
[    8.617931] pmc551: not detected
[    8.621114] kworker/u:0 (136) used greatest stack depth: 5320 bytes left
[    8.623717] ftl_cs: FTL header not found.
[    8.631924] DiskOnChip Millennium Plus 32MB is not supported, ignoring.
[    8.640194]  sda: unknown partition table
[    8.655049] No valid DiskOnChip devices found
[    8.656223] sd 0:0:0:0: [sda] Attached SCSI disk
[    8.657665] [nandsim] warning: read_byte: unexpected data output cycle, state is STATE_READY return 0x0
[    8.659788] [nandsim] warning: read_byte: unexpected data output cycle, state is STATE_READY return 0x0
[    8.661379] [nandsim] warning: read_byte: unexpected data output cycle, state is STATE_READY return 0x0
[    8.662988] [nandsim] warning: read_byte: unexpected data output cycle, state is STATE_READY return 0x0
[    8.664565] [nandsim] warning: read_byte: unexpected data output cycle, state is STATE_READY return 0x0
[    8.666109] [nandsim] warning: read_byte: unexpected data output cycle, state is STATE_READY return 0x0
[    8.667715] NAND device: Manufacturer ID: 0x98, Chip ID: 0x39 (Toshiba NAND 128MiB 1,8V 8-bit), page size: 512, OOB size: 16
[    8.669667] flash size: 128 MiB
[    8.670350] page size: 512 bytes
[    8.670942] OOB area size: 16 bytes
[    8.671590] sector size: 16 KiB
[    8.672242] pages number: 262144
[    8.672839] pages per sector: 32
[    8.673449] bus width: 8
[    8.673962] bits in sector size: 14
[    8.674806] bits in page size: 9
[    8.675720] bits in OOB size: 4
[    8.676736] flash size with OOB: 135168 KiB
[    8.677874] page address bytes: 4
[    8.678798] sector address bytes: 3
[    8.679717] options: 0x42
[    8.682381] Scanning device for bad blocks
[    8.726393] Creating 1 MTD partitions on "NAND 128MiB 1,8V 8-bit":
[    8.727607] 0x000000000000-0x000008000000 : "NAND simulator partition 0"
[    8.729900] ftl_cs: FTL header not found.
[    8.764094] onenand_wait: timeout! ctrl=0x0000 intr=0x0000
[    8.765183] OneNAND Manufacturer: Samsung (0xec)
[    8.765957] OneNAND 16MB 1.8V 16-bit (0x04)
[    8.766714] OneNAND version = 0x001e
[    8.767368] Lock scheme is Continuous Lock
[    8.768212] Scanning device for bad blocks
[    8.770508] Creating 1 MTD partitions on "OneNAND simulator":
[    8.771476] 0x000000000000-0x000001000000 : "OneNAND simulator partition"
[    8.775664] ftl_cs: FTL header not found.
[    8.893905] parport_pc 00:05: master is unqueued, this is deprecated
[    8.897503] parport0: AVR Butterfly
[    8.898590] parport0: cannot grant exclusive access for device spi-lm70llp
[    8.900408] spi-lm70llp: spi_lm70llp probe fail, status -12
[    8.901930] bonding: Ethernet Channel Bonding Driver: v3.7.1 (April 27, 2011)
[    8.905540] eql: Equalizer2002: Simon Janes (simon@ncm.com) and David S. Miller (davem@redhat.com)
[    8.910415] tun: Universal TUN/TAP device driver, 1.6
[    8.911325] tun: (C) 1999-2004 Max Krasnyansky <maxk@qualcomm.com>
[    8.913104] arcnet loaded.
[    8.913957] arcnet: RFC1201 "standard" (`a') encapsulation support loaded.
[    8.915661] arcnet: RFC1051 "simple standard" (`s') encapsulation support loaded.
[    8.917134] arcnet: raw mode (`r') encapsulation support loaded.
[    8.918165] arcnet: cap mode (`c') encapsulation support loaded.
[    8.919186] arcnet: COM90xx chipset support
[    9.220631] S3: No ARCnet cards found.
[    9.221385] arcnet: COM90xx IO-mapped mode support (by David Woodhouse et el.)
[    9.222637] E-mail me if you actually test this driver, please!
[    9.223585]  arc%d: No autoprobe for IO mapped cards; you must specify the base address!
[    9.225021] arcnet: RIM I (entirely mem-mapped) support
[    9.225880] E-mail me if you actually test the RIM I driver, please!
[    9.226891] Given: node 00h, shmem 0h, irq 0
[    9.227633] No autoprobe for RIM I; you must specify the shmem and irq!
[    9.228736] arcnet: COM20020 PCI support
[    9.229605] ipddp.c:v0.01 8/28/97 Bradford W. Johnson <johns393@maroon.tc.umn.edu>
[    9.231282] ipddp0: Appletalk-IP Encap. mode by Bradford W. Johnson <johns393@maroon.tc.umn.edu>
[    9.232790] vcan: Virtual CAN interface driver
[    9.233560] CAN device driver interface
[    9.234251] sja1000 CAN netdevice driver
[    9.235459] cnic: Broadcom NetXtreme II CNIC Driver cnic v2.5.12 (June 29, 2012)
[    9.237159] bnx2x: Broadcom NetXtreme II 5771x/578xx 10/20-Gigabit Ethernet Driver bnx2x 1.72.51-0 (2012/06/18)
[    9.239592] enic: Cisco VIC Ethernet NIC Driver, ver 2.1.1.39
[    9.240810] vxge: Copyright(c) 2002-2010 Exar Corp.
[    9.241644] vxge: Driver version: 2.5.3.22640-k
[    9.242505] e1000: Intel(R) PRO/1000 Network Driver - version 7.3.21-k8-NAPI
[    9.243599] e1000: Copyright (c) 1999-2006 Intel Corporation.
[    9.244692] e1000 0000:00:03.0: setting latency timer to 64
[    9.581509] e1000 0000:00:03.0: eth0: (PCI:33MHz:32-bit) 52:54:00:12:34:56
[    9.582672] e1000 0000:00:03.0: eth0: Intel(R) PRO/1000 Network Connection
[    9.583844] e1000e: Intel(R) PRO/1000 Network Driver - 2.0.0-k
[    9.584853] e1000e: Copyright(c) 1999 - 2012 Intel Corporation.
[    9.585918] igb: Intel(R) Gigabit Ethernet Network Driver - version 4.0.1-k
[    9.587093] igb: Copyright (c) 2007-2012 Intel Corporation.
[    9.588147] igbvf: Intel(R) Gigabit Virtual Function Network Driver - version 2.0.1-k
[    9.589479] igbvf: Copyright (c) 2009 - 2012 Intel Corporation.
[    9.590602] ixgbe: Intel(R) 10 Gigabit PCI Express Network Driver - version 3.9.15-k
[    9.591896] ixgbe: Copyright (c) 1999-2012 Intel Corporation.
[    9.592961] ixgbevf: Intel(R) 10 Gigabit PCI Express Virtual Function Network Driver - version 2.6.0-k
[    9.594559] ixgbevf: Copyright (c) 2009 - 2012 Intel Corporation.
[    9.595612] ixgb: Intel(R) PRO/10GbE Network Driver - version 1.0.135-k2-NAPI
[    9.596790] ixgb: Copyright (c) 1999-2008 Intel Corporation.
[    9.597919] jme: JMicron JMC2XX ethernet driver version 1.0.8
[    9.599081] sky2: driver version 1.30
[    9.600346] myri10ge: Version 1.5.3-1.534
[    9.601191] ns83820.c: National Semiconductor DP83820 10/100/1000 driver.
[    9.602555] QLogic 1/10 GbE Converged/Intelligent Ethernet Driver v5.0.29
[    9.603988] QLogic/NetXen Network Driver v4.0.80
[    9.605081] Solarflare NET driver v3.1
[    9.606343] tehuti: Tehuti Networks(R) Network Driver, 7.29.3
[    9.607329] tehuti: Options: hw_csum 
[    9.608343] mkiss: AX.25 Multikiss, Hans Albas PE1AYX
[    9.609241] AX.25: 6pack driver, Revision: 0.3.0
[    9.610058] YAM driver version 0.8 by F1OAT/F6FBB
[    9.612445] AX.25: bpqether driver version 004
[    9.613228] baycom_ser_fdx: (C) 1996-2000 Thomas Sailer, HB9JNX/AE4WA
[    9.613228] baycom_ser_fdx: version 0.10
[    9.616468] hdlcdrv: (C) 1996-2000 Thomas Sailer HB9JNX/AE4WA
[    9.617488] hdlcdrv: version 0.8
[    9.618140] baycom_ser_hdx: (C) 1996-2000 Thomas Sailer, HB9JNX/AE4WA
[    9.618140] baycom_ser_hdx: version 0.10
[    9.621223] baycom_par: (C) 1996-2000 Thomas Sailer, HB9JNX/AE4WA
[    9.621223] baycom_par: version 0.9
[    9.626051] NET3 PLIP version 2.4-parport gniibe@mri.co.jp
[    9.626977] plip0: Parallel port at 0x378, using IRQ 7.
[    9.627902] PPP generic driver version 2.4.2
[    9.628926] PPP BSD Compression module registered
[    9.629737] PPP Deflate Compression module registered
[    9.630699] PPP MPPE Compression module registered
[    9.631537] NET: Registered protocol family 24
[    9.632405] SLIP: version 0.8.4-NET3.019-NEWTTY (dynamic channels, max=256) (6 bit encapsulation enabled).
[    9.634033] CSLIP: code copyright 1989 Regents of the University of California.
[    9.635286] SLIP linefill/keepalive option.
[    9.636136] hdlc: HDLC support module revision 1.22
[    9.637223] DLCI driver v0.35, 4 Jan 1997, mike.mclagan@linux.org.
[    9.638269] cycx_drv: Cyclom 2X Support Module v0.6 (c) 1998-2003 Arnaldo Carvalho de Melo <acme@conectiva.com.br>
[    9.639899] cyclomx: CYCLOM 2X(tm) Sync Card Driver v0.11 (c) 1998-2003 Arnaldo Carvalho de Melo <acme@conectiva.com.br>
[    9.641912] ipw2200: Intel(R) PRO/Wireless 2200/2915 Network Driver, 1.2.2kmprq
[    9.643254] ipw2200: Copyright(c) 2003-2006 Intel Corporation
[    9.649863] libipw: 802.11 data/management/control stack, git-1.1.13
[    9.650958] libipw: Copyright (C) 2004-2005 Intel Corporation <jketreno@linux.intel.com>
[    9.652361] orinoco 0.15 (David Gibson <hermes@gibson.dropbear.id.au>, Pavel Roskin <proski@gnu.org>, et al)
[    9.654065] orinoco_plx 0.15 (Pavel Roskin <proski@gnu.org>, David Gibson <hermes@gibson.dropbear.id.au>, Daniel Barlow <dan@telent.net>)
[    9.656144] orinoco_tmd 0.15 (Joerg Dorchain <joerg@dorchain.net>)
[    9.657246] orinoco_nortel 0.15 (Tobias Hoffmann & Christoph Jungegger <disdos@traum404.de>)
[    9.658814] airo(): Probing for PCI adapters
[    9.659649] airo(): Finished probing for PCI adapters
[    9.661069] Broadcom 43xx driver loaded [ Features: PMLS ]
[    9.662064] Broadcom 43xx-legacy driver loaded [ Features: PLID ]
[    9.663358] libertas_sdio: Libertas SDIO driver
[    9.664246] libertas_sdio: Copyright Pierre Ossman
[    9.665106] libertas_spi: Libertas SPI driver
[    9.666354] Intel(R) Wireless WiFi driver for Linux, in-tree:
[    9.667339] Copyright(c) 2003-2012 Intel Corporation
[    9.668306] iwldvm: Intel(R) Wireless WiFi Link AGN driver for Linux, in-tree:
[    9.669538] iwldvm: Copyright(c) 2003-2012 Intel Corporation
[    9.670615] iwl3945: Intel(R) PRO/Wireless 3945ABG/BG Network Connection driver for Linux, in-tree:s
[    9.672186] iwl3945: Copyright(c) 2003-2011 Intel Corporation
[    9.673695] mac80211_hwsim: Initializing radio 0
[    9.675333] ieee80211 phy0: Selected rate control algorithm 'minstrel_ht'
[    9.677043] ieee80211 phy0: hwaddr 020000000000 registered
[    9.678090] mac80211_hwsim: Initializing radio 1
[    9.679355] ieee80211 phy1: Selected rate control algorithm 'minstrel_ht'
[    9.681057] ieee80211 phy1: hwaddr 020000000100 registered
[    9.682487] mac80211_hwsim: initializing netlink
[    9.683488] VMware vmxnet3 virtual NIC driver - version 1.1.29.0-k-NAPI
[    9.684806] Madge ATM Ambassador driver version 1.2.4
[    9.685738] Madge ATM Horizon [Ultra] driver version 1.2.1
[    9.687107] fore200e: FORE Systems 200E-series ATM driver - version 0.3e
[    9.688502] idt77252_init: at ffffffff838f7e99
[    9.689343] Solos PCI Driver Version 0.07
[    9.690193] adummy: version 1.0
[    9.691592] I2O subsystem v1.325
[    9.692272] i2o: max drivers = 8
[    9.693319] I2O Configuration OSM v1.323
[    9.694376] I2O Bus Adapter OSM v1.317
[    9.695104] I2O Block Device OSM v1.325
[    9.696650] I2O SCSI Peripheral OSM v1.316
[    9.697488] I2O ProcFS OSM v1.316
[    9.698283] Fusion MPT base driver 3.04.20
[    9.699041] Copyright (c) 1999-2008 LSI Corporation
[    9.699889] Fusion MPT SPI Host driver 3.04.20
[    9.700878] Fusion MPT FC Host driver 3.04.20
[    9.701727] Fusion MPT SAS Host driver 3.04.20
[    9.702893] Fusion MPT misc device (ioctl) driver 3.04.20
[    9.704170] mptctl: Registered with Fusion MPT base driver
[    9.705082] mptctl: /dev/mptctl @ (major,minor=10,220)
[    9.705918] Fusion MPT LAN driver 3.04.20
[    9.707663] Generic UIO driver for PCI 2.3 devices version: 0.01.0
[    9.709770] aoe: AoE v47 initialised.
[    9.711558] i8042: PNP: PS/2 Controller [PNP0303:KBD,PNP0f13:MOU] at 0x60,0x64 irq 1,12
[    9.714020] serio: i8042 KBD port at 0x60,0x64 irq 1
[    9.714920] serio: i8042 AUX port at 0x60,0x64 irq 12
[    9.716214] parport0: cannot grant exclusive access for device parkbd
[    9.781134] mousedev: PS/2 mouse device common for all mice
[    9.783900] input: AT Translated Set 2 keyboard as /devices/platform/i8042/serio0/input/input1
[    9.788909] parport0: cannot grant exclusive access for device walkera0701
[    9.791041] mk712: device not present
[    9.792267] apanel: Fujitsu BIOS signature 'FJKEYINF' not found...
[    9.793669] input: PC Speaker as /devices/platform/pcspkr/input/input2
[    9.795711] rtc_cmos 00:01: RTC can wake from S4
[    9.797569] rtc_cmos 00:01: rtc core: registered rtc_cmos as rtc0
[    9.799419] rtc0: alarms up to one day, 114 bytes nvram, hpet irqs
[    9.802244] rtc-test rtc-test.0: rtc core: registered test as rtc1
[    9.803476] rtc-test rtc-test.1: rtc core: registered test as rtc2
[    9.804638] i2c /dev entries driver
[    9.806071] piix4_smbus 0000:00:01.3: SMBus Host Controller at 0xb100, revision 0
[    9.920983] i2c-parport: adapter type unspecified
[    9.921820] i2c-parport-light: adapter type unspecified
[    9.922766] pps_ldisc: PPS line discipline registered
[    9.923610] Driver for 1-wire Dallas network protocol.
[    9.924806] 1-Wire driver for the DS2760 battery monitor  chip  - (c) 2004-2005, Szabolcs Gyurko
[    9.926488] i2c-core: driver [max17040] using legacy suspend method
[    9.927496] i2c-core: driver [max17040] using legacy resume method
[   10.236571] input: ImExPS/2 Generic Explorer Mouse as /devices/platform/i8042/serio1/input/input3
[   11.152256] i2c i2c-0: detect fail: address match, 0x2c
[   11.168155] i2c i2c-0: detect fail: address match, 0x2d
[   11.184178] i2c i2c-0: detect fail: address match, 0x2e
[   11.200245] i2c i2c-0: detect fail: address match, 0x2f
[   11.464248] applesmc: supported laptop not found!
[   11.465496] applesmc: driver init failed (ret=-19)!
[   19.320327] pc87360: PC8736x not detected, module not inserted
[   19.824458] acquirewdt: WDT driver for Acquire single board computer initialising
[   19.826071] acquirewdt: I/O address 0x0043 already in use
[   19.827055] acquirewdt: probe of acquirewdt failed with error -5
[   19.828135] advantechwdt: WDT driver for Advantech single board computer initialising
[   19.830103] advantechwdt: initialized. timeout=60 sec (nowayout=0)
[   19.831224] alim7101_wdt: Steve Hill <steve@navaho.co.uk>
[   19.832195] alim7101_wdt: ALi M7101 PMU not present - WDT not set
[   19.833264] sc520_wdt: cannot register miscdev on minor=130 (err=-16)
[   19.834524] ib700wdt: WDT driver for IB700 single board computer initialising
[   19.835972] ib700wdt: START method I/O 443 is not available
[   19.836970] ib700wdt: probe of ib700wdt failed with error -5
[   19.838376] wafer5823wdt: WDT driver for Wafer 5823 single board computer initialising
[   19.840569] wafer5823wdt: I/O address 0x0443 already in use
[   19.841649] i6300esb: Intel 6300ESB WatchDog Timer Driver v0.05
[   19.843050] i6300esb: cannot register miscdev on minor=130 (err=-16)
[   19.844244] i6300ESB timer: probe of 0000:00:0b.0 failed with error -16
[   19.845504] iTCO_wdt: Intel TCO WatchDog Timer Driver v1.10
[   19.846575] iTCO_vendor_support: vendor-support=0
[   19.847499] it87_wdt: no device
[   19.848277] sc1200wdt: build 20020303
[   19.848983] sc1200wdt: io parameter must be specified
[   19.849898] pc87413_wdt: Version 1.1 at io 0x2E
[   19.850776] pc87413_wdt: cannot register miscdev on minor=130 (err=-16)
[   19.851825] sbc60xxwdt: I/O address 0x0443 already in use
[   19.852794] sbc8360: failed to register misc device
[   19.853976] cpu5wdt: misc_register failed
[   19.854846] smsc37b787_wdt: SMsC 37B787 watchdog component driver 1.1 initialising...
[   19.857441] smsc37b787_wdt: Unable to register miscdev on minor 130
[   19.858578] w83627hf_wdt: WDT driver for the Winbond(TM) W83627HF/THF/HG/DHG Super I/O chip initialising
[   19.860203] w83627hf_wdt: Watchdog already running. Resetting timeout to 60 sec
[   19.861638] w83627hf_wdt: cannot register miscdev on minor=130 (err=-16)
[   19.862822] w83697hf_wdt: WDT driver for W83697HF/HG initializing
[   19.863863] w83697hf_wdt: watchdog not found at address 0x2e
[   19.864855] w83697hf_wdt: No W83697HF/HG could be found
[   19.865817] w83697ug_wdt: WDT driver for the Winbond(TM) W83697UG/UF Super I/O chip initialising
[   19.867400] w83697ug_wdt: No W83697UG/UF could be found
[   19.868358] w83877f_wdt: I/O address 0x0443 already in use
[   19.869604] w83977f_wdt: driver v1.00
[   19.870513] w83977f_wdt: cannot register miscdev on minor=130 (err=-16)
[   19.871624] machzwd: MachZ ZF-Logic Watchdog driver initializing
[   19.872715] machzwd: no ZF-Logic found
[   19.873587] sbc_epx_c3: cannot register miscdev on minor=130 (err=-16)
[   19.874928] watchdog: Software Watchdog: cannot register miscdev on minor=130 (err=-16).
[   19.876360] watchdog: Software Watchdog: a legacy watchdog module is probably present.
[   19.878094] softdog: Software Watchdog Timer: 0.08 initialized. soft_noboot=0 soft_margin=60 sec soft_panic=0 (nowayout=0)
[   19.880160] md: linear personality registered for level -1
[   19.881117] md: raid0 personality registered for level 0
[   19.882064] md: raid1 personality registered for level 1
[   19.882986] md: raid10 personality registered for level 10
[   19.883917] md: raid6 personality registered for level 6
[   19.884859] md: raid5 personality registered for level 5
[   19.886070] md: raid4 personality registered for level 4
[   19.887030] md: multipath personality registered for level -4
[   19.888323] md: faulty personality registered for level -5
[   19.889780] device-mapper: uevent: version 1.0.3
[   19.891212] device-mapper: ioctl: 4.23.0-ioctl (2012-07-25) initialised: dm-devel@redhat.com
[   19.897891] device-mapper: multipath: version 1.5.0 loaded
[   19.899452] device-mapper: multipath round-robin: version 1.0.0 loaded
[   19.901266] device-mapper: multipath queue-length: version 0.1.0 loaded
[   19.902993] device-mapper: multipath service-time: version 0.2.0 loaded
[   19.905732] device-mapper: dm-log-userspace: version 1.1.0 loaded
[   19.906781] Bluetooth: Virtual HCI driver ver 1.3
[   19.907784] Bluetooth: HCI UART driver ver 2.2
[   19.908623] Bluetooth: HCI H4 protocol initialized
[   19.909668] Bluetooth: HCI BCSP protocol initialized
[   19.910513] Bluetooth: HCILL protocol initialized
[   19.911466] Bluetooth: Generic Bluetooth SDIO driver ver 0.1
[   19.912966] CAPI 2.0 started up with major 68 (middleware)
[   19.913916] Modular ISDN core version 1.1.29
[   19.914902] NET: Registered protocol family 34
[   19.915684] DSP module 2.0
[   19.916294] mISDN_dsp: DSP clocks every 64 samples. This equals 2 jiffies.
[   19.918835] mISDN: Layer-1-over-IP driver Rev. 2.00
[   19.919899] 0 virtual devices registered
[   19.921039] b1pci: revision 1.1.2.2
[   19.927854] b1: revision 1.1.2.2
[   19.928568] b1dma: revision 1.1.2.3
[   19.929373] b1pci: revision 1.1.2.2
[   19.930281] t1pci: revision 1.1.2.2
[   19.931086] c4: revision 1.1.2.2
[   19.931766] mISDN: HFC-multi driver 2.03
[   19.932612] AVM Fritz PCI driver Rev. 2.3
[   19.933614] Sedlbauer Speedfax+ Driver Rev. 2.0
[   19.934892] Infineon ISDN Driver Rev. 1.0
[   19.936203] Winbond W6692 PCI driver Rev. 2.0
[   19.937242] mISDNipac module version 2.0
[   19.938050] mISDN: ISAR driver Rev. 2.1
[   19.938737] gigaset: Driver for Gigaset 307x
[   19.939496] gigaset: Kernel CAPI interface
[   19.940439] EDAC MC: Ver: 3.0.0
[   19.946367] AMD64 EDAC driver v3.4.0
[   19.947208] cpuidle: using governor ladder
[   19.947927] cpuidle: using governor menu
[   19.948792] sdhci: Secure Digital Host Controller Interface driver
[   19.950159] sdhci: Copyright(c) Pierre Ossman
[   19.951470] wbsd: Winbond W83L51xD SD/MMC card interface driver
[   19.952895] wbsd: Copyright(c) Pierre Ossman
[   19.953978] via_sdmmc: VIA SD/MMC Card Reader driver (C) 2008 VIA Technologies, Inc.
[   19.955583] sdhci-pltfm: SDHCI platform and OF driver helper
[   19.957365] leds_ss4200: no LED devices found
[   19.959863] user_mad: couldn't register device number
[   19.960802] user_verbs: couldn't register device number
[   19.961852] ucm: couldn't register device number
[   19.963921] ib_qib: Unable to register ipathfs
[   19.968679] iscsi: registered transport (iser)
[   19.969739] EFI Variables Facility v0.08 2004-May-17
[   19.970921] dcdbas dcdbas: Dell Systems Management Base Driver (version 5.6.0-3.2)
[   19.972315] No iBFT detected.
[   19.973273] Linux telephony interface: v1.00
[   19.974071] ixj driver initialized.
[   19.975482] msi_laptop: driver 0.5 successfully loaded
[   19.976645] compal_laptop: Motherboard not recognized (You could try the module's force-parameter)
[   19.978294] dell_wmi: No known WMI GUID found
[   19.979055] acer_wmi: Acer Laptop ACPI-WMI Extras
[   19.979861] acer_wmi: No or unsupported WMI interface, unable to load
[   19.980960] acerhdf: Acer Aspire One Fan driver, v.0.5.26
[   19.981881] acerhdf: unknown (unsupported) BIOS version Bochs/Bochs/Bochs, please report, aborting!
[   19.983544] hdaps: supported laptop not found!
[   19.984386] hdaps: driver init failed (ret=-19)!
[   19.985771] fujitsu_laptop: driver 0.6.0 successfully loaded
[   19.987345] msi_wmi: This machine doesn't have MSI-hotkeys through WMI
[   19.988861] topstar_laptop: ACPI extras driver loaded
[   19.990706] ieee802154hardmac ieee802154hardmac: Added ieee802154 HardMAC hardware
[   20.000600] no UART detected at 0x1
[   20.001841] MTVAP port 0x378 is busy
[   20.002968] snd_mtpav: probe of snd_mtpav failed with error -16
[   20.004678] snd_mts64: probe of snd_mts64.0 failed with error -5
[   20.005962] snd_portman2x4: probe of snd_portman2x4.0 failed with error -5
[   20.007366] Error: Driver 'pcspkr' is already registered, aborting...
[   20.010482] ASIHPI driver 4.10.01
[   20.013400] snd_hda_intel 0000:00:04.0: irq 52 for MSI/MSI-X
[   20.019424] snd_hda_intel 0000:00:04.0: setting latency timer to 64
[   20.044297] oprofile: using NMI interrupt.
[   20.045375] pktgen: Packet Generator for packet performance testing. Version: 2.74
[   20.047386] drop_monitor: Initializing network drop monitor service
[   20.048736] NET: Registered protocol family 26
[   20.049831] GACT probability on
[   20.050801] Mirror/redirect action on
[   20.051830] Simple TC action Loaded
[   20.053071] netem: version 1.3
[   20.053684] u32 classifier
[   20.054240]     Performance counters on
[   20.054925]     input device check on
[   20.055609]     Actions configured
[   20.056358] Netfilter messages via NETLINK v0.30.
[   20.057405] nf_conntrack version 0.5.0 (3480 buckets, 13920 max)
[   20.058961] ctnetlink v0.93: registering with nfnetlink.
[   20.060130] NF_TPROXY: Transparent proxy support initialized, version 4.1.0
[   20.061249] NF_TPROXY: Copyright (c) 2006-2007 BalaBit IT Ltd.
[   20.062486] xt_time: kernel timezone is -0000
[   20.063273] IPVS: Registered protocols (TCP, UDP, SCTP, AH, ESP)
[   20.064420] IPVS: Connection hash table configured (size=4096, memory=64Kbytes)
[   20.066340] IPVS: Creating netns size=3080 id=0
[   20.067686] IPVS: ipvs loaded.
[   20.068565] IPVS: [rr] scheduler registered.
[   20.069412] IPVS: [wrr] scheduler registered.
[   20.070177] IPVS: [lc] scheduler registered.
[   20.070908] IPVS: [wlc] scheduler registered.
[   20.071712] IPVS: [lblc] scheduler registered.
[   20.072547] IPVS: [lblcr] scheduler registered.
[   20.073441] IPVS: [dh] scheduler registered.
[   20.074204] IPVS: [sh] scheduler registered.
[   20.074960] IPVS: [sed] scheduler registered.
[   20.075729] IPVS: [nq] scheduler registered.
[   20.076584] IPv4 over IPv4 tunneling driver
[   20.078121] ip_tables: (C) 2000-2006 Netfilter Core Team
[   20.079251] ipt_CLUSTERIP: ClusterIP Version 0.8 loaded successfully
[   20.080407] arp_tables: (C) 2002 David S. Miller
[   20.081407] TCP: bic registered
[   20.082331] TCP: cubic registered
[   20.083340] TCP: westwood registered
[   20.084356] TCP: highspeed registered
[   20.085038] TCP: hybla registered
[   20.085763] TCP: htcp registered
[   20.086377] TCP: vegas registered
[   20.086982] TCP: veno registered
[   20.087601] TCP: scalable registered
[   20.088318] TCP: lp registered
[   20.088899] TCP: yeah registered
[   20.089618] TCP: illinois registered
[   20.090277] Initializing XFRM netlink socket
[   20.091706] NET: Registered protocol family 10
[   20.095669] mip6: Mobile IPv6
[   20.096400] ip6_tables: (C) 2000-2006 Netfilter Core Team
[   20.097703] sit: IPv6 over IPv4 tunneling driver
[   20.100636] NET: Registered protocol family 17
[   20.101508] NET: Registered protocol family 15
[   20.102533] Bridge firewalling registered
[   20.103302] Ebtables v2.0 registered
[   20.104339] NET: Registered protocol family 4
[   20.105325] NET: Registered protocol family 5
[   20.107802] NET: Registered protocol family 6
[   20.112311] NET: Registered protocol family 11
[   20.113338] NET: Registered protocol family 3
[   20.114572] can: controller area network core (rev 20120528 abi 9)
[   20.116550] NET: Registered protocol family 29
[   20.117416] can: raw protocol (rev 20120528)
[   20.118198] can: broadcast manager protocol (rev 20120528 t)
[   20.119942] IrCOMM protocol (Dag Brattli)
[   20.124580] RPC: Registered rdma transport module.
[   20.125843] NET: Registered protocol family 33
[   20.126630] Key type rxrpc registered
[   20.127304] Key type rxrpc_s registered
[   20.130214] RxRPC: Registered security type 2 'rxkad'
[   20.131647] lec:lane_module_init: lec.c: initialized
[   20.132960] mpoa:atm_mpoa_init: mpc.c: initialized
[   20.133924] l2tp_core: L2TP core driver, V2.0
[   20.134727] l2tp_ppp: PPPoL2TP kernel driver, V2.0
[   20.135555] l2tp_ip: L2TP IP encapsulation support (L2TPv3)
[   20.136634] l2tp_netlink: L2TP netlink interface
[   20.137699] l2tp_eth: L2TP ethernet pseudowire support (L2TPv3)
[   20.138740] l2tp_debugfs: L2TP debugfs support
[   20.139523] l2tp_ip6: L2TP IP encapsulation support for IPv6 (L2TPv3)
[   20.140706] NET4: DECnet for Linux: V.2.5.68s (C) 1995-2003 Linux DECnet Project Team
[   20.142655] DECnet: Routing cache hash table of 256 buckets, 20Kbytes
[   20.143740] NET: Registered protocol family 12
[   20.144816] NET: Registered protocol family 35
[   20.145963] 8021q: 802.1Q VLAN Support v1.8
[   20.148394] DCCP: Activated CCID 2 (TCP-like)
[   20.149585] DCCP: Activated CCID 3 (TCP-Friendly Rate Control)
[   20.162751] DCCP watch registered (port=0)
[   20.164935] sctp: Hash tables configured (established 1638 bind 1638)
[   20.177230] sctp_probe: probe registered (port=0)
[   20.178699] NET: Registered protocol family 21
[   20.179842] Registered RDS/iwarp transport
[   20.180900] Registered RDS/infiniband transport
[   20.182068] Registered RDS/tcp transport
[   20.183086] lib80211: common routines for IEEE802.11 drivers
[   20.184737] lib80211_crypt: registered algorithm 'NULL'
[   20.186139] lib80211_crypt: registered algorithm 'WEP'
[   20.187458] lib80211_crypt: registered algorithm 'CCMP'
[   20.188893] lib80211_crypt: registered algorithm 'TKIP'
[   20.190292] tipc: Activated (version 2.0.0)
[   20.193050] NET: Registered protocol family 30
[   20.194300] tipc: Started in single node mode
[   20.195499] 9pnet: Installing 9P2000 support
[   20.197157] NET: Registered protocol family 36
[   20.198440] Key type dns_resolver registered
[   20.199666] Key type ceph registered
[   20.200817] libceph: loaded (mon/osd proto 15/24, osdmap 5/6 5/6)
[   20.205257] 
[   20.205257] printing PIC contents
[   20.206732] ... PIC  IMR: ffff
[   20.207658] ... PIC  IRR: 9153
[   20.208682] ... PIC  ISR: 0000
[   20.209476] ... PIC ELCR: 0c00
[   20.210087] printing local APIC contents on CPU#0/0:
[   20.212658] ... APIC ID:      00000000 (0)
[   20.212658] ... APIC VERSION: 00050014
[   20.212658] ... APIC TASKPRI: 00000000 (00)
[   20.212658] ... APIC PROCPRI: 00000000
[   20.212658] ... APIC LDR: 01000000
[   20.212658] ... APIC DFR: ffffffff
[   20.212658] ... APIC SPIV: 000001ff
[   20.212658] ... APIC ISR field:
[   20.212658] 0000000000000000000000000000000000000000000000000000000000000000
[   20.212658] ... APIC TMR field:
[   20.212658] 0000000000000000000000000000000000000000000000000000000000000000
[   20.212658] ... APIC IRR field:
[   20.212658] 0000000000000000000000000000000000000000000000000000000000008000
[   20.212658] ... APIC ESR: 00000000
[   20.212658] ... APIC ICR: 000008fb
[   20.212658] ... APIC ICR2: 02000000
[   20.212658] ... APIC LVTT: 000000ef
[   20.212658] ... APIC LVTPC: 00010000
[   20.212658] ... APIC LVT0: 00010700
[   20.212658] ... APIC LVT1: 00000400
[   20.212658] ... APIC LVTERR: 000000fe
[   20.212658] ... APIC TMICT: 00032ecd
[   20.212658] ... APIC TMCCT: 00000000
[   20.212658] ... APIC TDCR: 00000003
[   20.212658] 
[   20.236210] number of MP IRQ sources: 15.
[   20.236916] number of IO-APIC #2 registers: 24.
[   20.237779] testing the IO APIC.......................
[   20.238670] IO APIC #2......
[   20.239253] .... register #00: 00000000
[   20.239925] .......    : physical APIC id: 00
[   20.240762] .......    : Delivery Type: 0
[   20.241562] .......    : LTS          : 0
[   20.242300] .... register #01: 00170011
[   20.242980] .......     : max redirection entries: 17
[   20.243845] .......     : PRQ implemented: 0
[   20.244726] .......     : IO APIC version: 11
[   20.245580] .... register #02: 00000000
[   20.246295] .......     : arbitration: 00
[   20.247028] .... IRQ redirection table:
[   20.247700]  NR Dst Mask Trig IRR Pol Stat Dmod Deli Vect:
[   20.248784]  00 00  1    0    0   0   0    0    0    00
[   20.249818]  01 03  0    0    0   0   0    1    1    31
[   20.250791]  02 03  0    0    0   0   0    1    1    30
[   20.251761]  03 03  0    0    0   0   0    1    1    33
[   20.252819]  04 03  1    0    0   0   0    1    1    34
[   20.253810]  05 03  1    1    0   0   0    1    1    35
[   20.254759]  06 03  0    0    0   0   0    1    1    36
[   20.255720]  07 03  0    0    0   0   0    1    1    37
[   20.256761]  08 03  0    0    0   0   0    1    1    38
[   20.257759]  09 03  0    1    0   0   0    1    1    39
[   20.258730]  0a 03  1    1    0   0   0    1    1    3A
[   20.259717]  0b 03  1    1    0   0   0    1    1    3B
[   20.260801]  0c 03  0    0    0   0   0    1    1    3C
[   20.261787]  0d 03  0    0    0   0   0    1    1    3D
[   20.262764]  0e 03  0    0    0   0   0    1    1    3E
[   20.263740]  0f 03  0    0    0   0   0    1    1    3F
[   20.264779]  10 00  1    0    0   0   0    0    0    00
[   20.265826]  11 00  1    0    0   0   0    0    0    00
[   20.266785]  12 00  1    0    0   0   0    0    0    00
[   20.267749]  13 00  1    0    0   0   0    0    0    00
[   20.268809]  14 00  1    0    0   0   0    0    0    00
[   20.269909]  15 00  1    0    0   0   0    0    0    00
[   20.270886]  16 00  1    0    0   0   0    0    0    00
[   20.271850]  17 00  1    0    0   0   0    0    0    00
[   20.272909] IRQ to pin mappings:
[   20.273603] IRQ0 -> 0:2
[   20.274297] IRQ1 -> 0:1
[   20.274970] IRQ3 -> 0:3
[   20.275653] IRQ4 -> 0:4
[   20.276426] IRQ5 -> 0:5
[   20.277174] IRQ6 -> 0:6
[   20.277853] IRQ7 -> 0:7
[   20.278552] IRQ8 -> 0:8
[   20.279249] IRQ9 -> 0:9
[   20.279909] IRQ10 -> 0:10
[   20.280719] IRQ11 -> 0:11
[   20.281454] IRQ12 -> 0:12
[   20.282168] IRQ13 -> 0:13
[   20.282853] IRQ14 -> 0:14
[   20.283560] IRQ15 -> 0:15
[   20.284355] .................................... done.
[   20.286336] PM: Hibernation image not present or could not be loaded.
[   20.287518] registered taskstats version 1
[   20.288409] Running tests on trace events:
[   20.289155] Testing event 9p_client_req: OK
[   20.304892] Testing event 9p_client_res: OK
[   20.324793] Testing event 9p_protocol_dump: OK
[   20.341124] Testing event drv_return_void: OK
[   20.357158] Testing event drv_return_int: OK
[   20.372989] Testing event drv_return_bool: OK
[   20.389046] Testing event drv_return_u64: OK
[   20.404789] Testing event drv_start: OK
[   20.420779] Testing event drv_get_et_strings: OK
[   20.436776] Testing event drv_get_et_sset_count: OK
[   20.452782] Testing event drv_get_et_stats: OK
[   20.470701] Testing event drv_suspend: OK
[   20.489170] Testing event drv_resume: OK
[   20.504834] Testing event drv_set_wakeup: OK
[   20.520765] Testing event drv_stop: OK
[   20.536731] Testing event drv_add_interface: OK
[   20.553147] Testing event drv_change_interface: OK
[   20.568718] Testing event drv_remove_interface: OK
[   20.584891] Testing event drv_config: OK
[   20.600905] Testing event drv_bss_info_changed: OK
[   20.616720] Testing event drv_prepare_multicast: OK
[   20.632896] Testing event drv_configure_filter: OK
[   20.649152] Testing event drv_set_tim: OK
[   20.665306] Testing event drv_set_key: OK
[   20.681079] Testing event drv_update_tkip_key: OK
[   20.697108] Testing event drv_hw_scan: OK
[   20.713132] Testing event drv_cancel_hw_scan: OK
[   20.729114] Testing event drv_sched_scan_start: OK
[   20.745104] Testing event drv_sched_scan_stop: OK
[   20.761216] Testing event drv_sw_scan_start: OK
[   20.777191] Testing event drv_sw_scan_complete: OK
[   20.792807] Testing event drv_get_stats: OK
[   20.809167] Testing event drv_get_tkip_seq: OK
[   20.825174] Testing event drv_set_frag_threshold: OK
[   20.840824] Testing event drv_set_rts_threshold: OK
[   20.860987] Testing event drv_set_coverage_class: OK
[   20.877179] Testing event drv_sta_notify: OK
[   20.893185] Testing event drv_sta_state: OK
[   20.908823] Testing event drv_sta_rc_update: OK
[   20.925561] Testing event drv_sta_add: OK
[   20.941452] Testing event drv_sta_remove: OK
[   20.961123] Testing event drv_conf_tx: OK
[   20.977433] Testing event drv_get_tsf: OK
[   20.992841] Testing event drv_set_tsf: OK
[   21.009692] Testing event drv_reset_tsf: OK
[   21.025080] Testing event drv_tx_last_beacon: OK
[   21.041132] Testing event drv_ampdu_action: OK
[   21.057233] Testing event drv_get_survey: OK
[   21.073128] Testing event drv_flush: OK
[   21.089118] Testing event drv_channel_switch: OK
[   21.105205] Testing event drv_set_antenna: OK
[   21.121513] Testing event drv_get_antenna: OK
[   21.137814] Testing event drv_remain_on_channel: OK
[   21.153109] Testing event drv_cancel_remain_on_channel: OK
[   21.169172] Testing event drv_offchannel_tx: OK
[   21.185106] Testing event drv_set_ringparam: OK
[   21.201159] Testing event drv_get_ringparam: OK
[   21.217134] Testing event drv_tx_frames_pending: OK
[   21.233101] Testing event drv_offchannel_tx_cancel_wait: OK
[   21.249108] Testing event drv_set_bitrate_mask: OK
[   21.264860] Testing event drv_set_rekey_data: OK
[   21.281124] Testing event drv_rssi_callback: OK
[   21.296895] Testing event drv_release_buffered_frames: OK
[   21.312888] Testing event drv_allow_buffered_frames: OK
[   21.328928] Testing event drv_get_rssi: OK
[   21.344803] Testing event drv_mgd_prepare_tx: OK
[   21.360879] Testing event api_start_tx_ba_session: OK
[   21.377196] Testing event api_start_tx_ba_cb: OK
[   21.393106] Testing event api_stop_tx_ba_session: OK
[   21.409165] Testing event api_stop_tx_ba_cb: OK
[   21.425160] Testing event api_restart_hw: OK
[   21.441435] Testing event api_beacon_loss: OK
[   21.457202] Testing event api_connection_loss: OK
[   21.473281] Testing event api_cqm_rssi_notify: OK
[   21.489459] Testing event api_scan_completed: OK
[   21.504832] Testing event api_sched_scan_results: OK
[   21.521183] Testing event api_sched_scan_stopped: OK
[   21.537167] Testing event api_sta_block_awake: OK
[   21.553164] Testing event api_chswitch_done: OK
[   21.569112] Testing event api_ready_on_channel: OK
[   21.585186] Testing event api_remain_on_channel_expired: OK
[   21.600825] Testing event api_gtk_rekey_notify: OK
[   21.617132] Testing event api_enable_rssi_reports: OK
[   21.633153] Testing event api_eosp: OK
[   21.649032] Testing event wake_queue: OK
[   21.665165] Testing event stop_queue: OK
[   21.681028] Testing event rpc_call_status: OK
[   21.697112] Testing event rpc_bind_status: OK
[   21.713107] Testing event rpc_connect_status: OK
[   21.729149] Testing event rpc_task_begin: OK
[   21.744890] Testing event rpc_task_run_action: OK
[   21.761152] Testing event rpc_task_complete: OK
[   21.777206] Testing event rpc_task_sleep: OK
[   21.793258] Testing event rpc_task_wakeup: OK
[   21.809165] Testing event kfree_skb: OK
[   21.833893] Testing event consume_skb: OK
[   21.849150] Testing event skb_copy_datagram_iovec: OK
[   21.865205] Testing event net_dev_xmit: OK
[   21.881113] Testing event net_dev_queue: OK
[   21.896808] Testing event netif_receive_skb: OK
[   21.913084] Testing event netif_rx: OK
[   21.929230] Testing event napi_poll: OK
[   21.945124] Testing event sock_rcvqueue_full: OK
[   21.961134] Testing event sock_exceed_buf_limit: OK
[   21.978212] Testing event udp_fail_queue_rcv_skb: OK
[   21.993091] Testing event hda_send_cmd: OK
[   22.009076] Testing event hda_get_response: OK
[   22.025055] Testing event hda_bus_reset: OK
[   22.041061] Testing event hda_power_down: OK
[   22.056987] Testing event hda_power_up: OK
[   22.073156] Testing event hda_unsol_event: OK
[   22.089088] Testing event mc_event: OK
[   22.105130] Testing event scsi_dispatch_cmd_start: OK
[   22.121076] Testing event scsi_dispatch_cmd_error: OK
[   22.137149] Testing event scsi_dispatch_cmd_done: OK
[   22.153097] Testing event scsi_dispatch_cmd_timeout: OK
[   22.169072] Testing event scsi_eh_wakeup: OK
[   22.185155] Testing event regmap_reg_write: OK
[   22.201119] Testing event regmap_reg_read: OK
[   22.217196] Testing event regmap_reg_read_cache: OK
[   22.233093] Testing event regmap_hw_read_start: OK
[   22.249107] Testing event regmap_hw_read_done: OK
[   22.264863] Testing event regmap_hw_write_start: OK
[   22.281135] Testing event regmap_hw_write_done: OK
[   22.297223] Testing event regcache_sync: OK
[   22.313165] Testing event regmap_cache_only: OK
[   22.329165] Testing event regmap_cache_bypass: OK
[   22.345102] Testing event i915_gem_object_create: OK
[   22.361115] Testing event i915_gem_object_bind: OK
[   22.377189] Testing event i915_gem_object_unbind: OK
[   22.393191] Testing event i915_gem_object_change_domain: OK
[   22.409177] Testing event i915_gem_object_pwrite: OK
[   22.424916] Testing event i915_gem_object_pread: OK
[   22.440841] Testing event i915_gem_object_fault: OK
[   22.457461] Testing event i915_gem_object_clflush: OK
[   22.473197] Testing event i915_gem_object_destroy: OK
[   22.489106] Testing event i915_gem_evict: OK
[   22.505148] Testing event i915_gem_evict_everything: OK
[   22.521139] Testing event i915_gem_ring_dispatch: OK
[   22.536995] Testing event i915_gem_ring_flush: OK
[   22.553036] Testing event i915_gem_request_add: OK
[   22.569116] Testing event i915_gem_request_complete: OK
[   22.585123] Testing event i915_gem_request_retire: OK
[   22.602359] Testing event i915_gem_request_wait_begin: OK
[   22.621096] Testing event i915_gem_request_wait_end: OK
[   22.637122] Testing event i915_ring_wait_begin: OK
[   22.653035] Testing event i915_ring_wait_end: OK
[   22.669078] Testing event i915_flip_request: OK
[   22.685139] Testing event i915_flip_complete: OK
[   22.701074] Testing event i915_reg_rw: OK
[   22.717192] Testing event radeon_bo_create: OK
[   22.733141] Testing event radeon_fence_emit: OK
[   22.748972] Testing event radeon_fence_retire: OK
[   22.764964] Testing event radeon_fence_wait_begin: OK
[   22.780959] Testing event radeon_fence_wait_end: OK
[   22.797201] Testing event drm_vblank_event: OK
[   22.813102] Testing event drm_vblank_event_queued: OK
[   22.829522] Testing event drm_vblank_event_delivered: OK
[   22.845079] Testing event mix_pool_bytes: OK
[   22.861201] Testing event mix_pool_bytes_nolock: OK
[   22.877103] Testing event credit_entropy_bits: OK
[   22.893231] Testing event get_random_bytes: OK
[   22.909115] Testing event extract_entropy: OK
[   22.925080] Testing event extract_entropy_user: OK
[   22.941095] Testing event regulator_enable: OK
[   22.956916] Testing event regulator_enable_delay: OK
[   22.972796] Testing event regulator_enable_complete: OK
[   22.988756] Testing event regulator_disable: OK
[   23.004769] Testing event regulator_disable_complete: OK
[   23.020900] Testing event regulator_set_voltage: OK
[   23.036827] Testing event regulator_set_voltage_complete: OK
[   23.052653] Testing event gpio_direction: OK
[   23.069114] Testing event gpio_value: OK
[   23.085144] Testing event block_rq_abort: OK
[   23.101117] Testing event block_rq_requeue: OK
[   23.117127] Testing event block_rq_complete: OK
[   23.133068] Testing event block_rq_insert: OK
[   23.149109] Testing event block_rq_issue: OK
[   23.165129] Testing event block_bio_bounce: OK
[   23.181126] Testing event block_bio_complete: OK
[   23.197158] Testing event block_bio_backmerge: OK
[   23.213118] Testing event block_bio_frontmerge: OK
[   23.228835] Testing event block_bio_queue: OK
[   23.244820] Testing event block_getrq: OK
[   23.261189] Testing event block_sleeprq: OK
[   23.277428] Testing event block_plug: OK
[   23.293133] Testing event block_unplug: OK
[   23.309119] Testing event block_split: OK
[   23.324813] Testing event block_bio_remap: OK
[   23.341132] Testing event block_rq_remap: OK
[   23.356917] Testing event gfs2_glock_state_change: OK
[   23.372941] Testing event gfs2_glock_put: OK
[   23.389183] Testing event gfs2_demote_rq: OK
[   23.405123] Testing event gfs2_promote: OK
[   23.421195] Testing event gfs2_glock_queue: OK
[   23.437253] Testing event gfs2_glock_lock_time: OK
[   23.453139] Testing event gfs2_pin: OK
[   23.469072] Testing event gfs2_log_flush: OK
[   23.485205] Testing event gfs2_log_blocks: OK
[   23.501216] Testing event gfs2_ail_flush: OK
[   23.517108] Testing event gfs2_bmap: OK
[   23.533094] Testing event gfs2_block_alloc: OK
[   23.549125] Testing event gfs2_rs: OK
[   23.565160] Testing event btrfs_transaction_commit: OK
[   23.581089] Testing event btrfs_inode_new: OK
[   23.597209] Testing event btrfs_inode_request: OK
[   23.613142] Testing event btrfs_inode_evict: OK
[   23.628881] Testing event btrfs_get_extent: OK
[   23.644766] Testing event btrfs_ordered_extent_add: OK
[   23.660844] Testing event btrfs_ordered_extent_remove: OK
[   23.677197] Testing event btrfs_ordered_extent_start: OK
[   23.693530] Testing event btrfs_ordered_extent_put: OK
[   23.709157] Testing event __extent_writepage: OK
[   23.725096] Testing event btrfs_writepage_end_io_hook: OK
[   23.741122] Testing event btrfs_sync_file: OK
