Return-Path: <owner-linux-mm@kvack.org>
Received: from mail-qk0-f180.google.com (mail-qk0-f180.google.com [209.85.220.180])
	by kanga.kvack.org (Postfix) with ESMTP id C93796B0038
	for <linux-mm@kvack.org>; Wed,  6 May 2015 11:44:52 -0400 (EDT)
Received: by qkx62 with SMTP id 62so8650968qkx.0
        for <linux-mm@kvack.org>; Wed, 06 May 2015 08:44:52 -0700 (PDT)
Received: from relay3-d.mail.gandi.net (relay3-d.mail.gandi.net. [2001:4b98:c:538::195])
        by mx.google.com with ESMTPS id k39si6098255qgd.40.2015.05.06.08.44.49
        for <linux-mm@kvack.org>
        (version=TLSv1 cipher=RC4-SHA bits=128/128);
        Wed, 06 May 2015 08:44:50 -0700 (PDT)
Date: Wed, 6 May 2015 08:44:30 -0700
From: Josh Triplett <josh@joshtriplett.org>
Subject: Re: [CONFIG_MULTIUSER] BUG: unable to handle kernel paging request
 at ffffffee
Message-ID: <20150506154429.GA21798@x>
References: <20150428004320.GA19623@wfg-t540p.sh.intel.com>
 <20150506090850.GA30187@wfg-t540p.sh.intel.com>
MIME-Version: 1.0
Content-Type: text/plain; charset=us-ascii
Content-Disposition: inline
Content-Transfer-Encoding: quoted-printable
In-Reply-To: <20150506090850.GA30187@wfg-t540p.sh.intel.com>
Sender: owner-linux-mm@kvack.org
List-ID: <linux-mm.kvack.org>
To: Fengguang Wu <fengguang.wu@intel.com>
Cc: Iulia Manda <iulia.manda21@gmail.com>, "Paul E. McKenney" <paulmck@linux.vnet.ibm.com>, Andrew Morton <akpm@linux-foundation.org>, Linux Memory Management List <linux-mm@kvack.org>, LKP <lkp@01.org>, linux-kernel@vger.kernel.org

On Wed, May 06, 2015 at 05:08:50PM +0800, Fengguang Wu wrote:
> FYI, the reported bug is still not fixed in linux-next 20150506.

This isn't the same bug.  The previous one you mentioned was a userspace
assertion failure in libnih, likely caused because some part of upstart
didn't have appropriate error handling for some syscall returning
ENOSYS; that one wasn't an issue, since CONFIG_MULTIUSER=3Dn is not
expected to boot a standard Linux distribution.

This one, on the other hand, is a kernel panic, and does need fixing.

> commit 2813893f8b197a14f1e1ddb04d99bce46817c84a
>=20
> +-----------------------------------------------------------+------------=
+------------+------------+
> |                                                           | c79574abe2 =
| 2813893f8b | cbdacaf0c1 |
> +-----------------------------------------------------------+------------=
+------------+------------+
> | boot_successes                                            | 60         =
| 0          | 0          |
> | boot_failures                                             | 0          =
| 22         | 1064       |
> | BUG:unable_to_handle_kernel                               | 0          =
| 22         | 1032       |
> | Oops                                                      | 0          =
| 22         | 1032       |
> | EIP_is_at_devpts_new_index                                | 0          =
| 22         | 1032       |
> | Kernel_panic-not_syncing:Fatal_exception                  | 0          =
| 22         | 1032       |
> | backtrace:do_sys_open                                     | 0          =
| 22         | 1032       |
> | backtrace:SyS_open                                        | 0          =
| 22         | 1032       |
> | WARNING:at_arch/x86/kernel/fpu/core.c:#fpu__clear()       | 0          =
| 0          | 32         |
> | Kernel_panic-not_syncing:Attempted_to_kill_init!exitcode=3D | 0        =
  | 0          | 32         |
> +-----------------------------------------------------------+------------=
+------------+------------+

Is this table saying the number of times the type of error in the first
column occurred in each commit?

In any case, investigating.  Iulia, can you look at this as well?

I'm digging through the call stack, and I'm having a hard time seeing
how the CONFIG_MULTIUSER patch could affect anything here.

- Josh Triplett

> [    2.632019] EDD information not available.
> [    2.633108] Freeing unused kernel memory: 564K (c1bc3000 - c1c50000)
> [    2.642276] random: init urandom read with 4 bits of entropy available
> [    2.643278] BUG: unable to handle kernel paging request at ffffffee
> [    2.643807] IP: [<c11ed93e>] devpts_new_index+0x25/0x1bd
> [    2.644249] *pdpt =3D 0000000001c50001 *pde =3D 0000000001c51063 *pte =
=3D 0000000000000000=20
> [    2.644897] Oops: 0000 [#1]=20
> [    2.645141] Modules linked in:
> [    2.645400] CPU: 0 PID: 1 Comm: init Not tainted 4.0.0-05819-g2813893 =
#11
> [    2.645932] Hardware name: QEMU Standard PC (i440FX + PIIX, 1996), BIO=
S 1.7.5-20140531_083030-gandalf 04/01/2014
> [    2.646719] task: d084c010 ti: d084e000 task.ti: d084e000
> [    2.647147] EIP: 0060:[<c11ed93e>] EFLAGS: 00010246 CPU: 0
> [    2.647579] EIP is at devpts_new_index+0x25/0x1bd
> [    2.647964] EAX: ffffffea EBX: 00000000 ECX: c1384a75 EDX: 00000000
> [    2.648455] ESI: c23afc38 EDI: cd284cc0 EBP: d084fe00 ESP: d084fdf4
> [    2.648967]  DS: 007b ES: 007b FS: 0000 GS: 00e0 SS: 0068
> [    2.649393] CR0: 80050033 CR2: ffffffee CR3: 124432e0 CR4: 000006b0
> [    2.649891] Stack:
> [    2.650047]  c1384a75 00000000 c23afc38 d084fe18 c1384a8b d0426b60 000=
00000 c23afc38
> [    2.650047]  d0426b60 d084fe38 c1172c22 00000000 cd284cc0 00000000 cd2=
84cc0 d0426b60
> [    2.650047]  00000000 d084fe58 c1169521 00000026 cd284cc8 c11729de cd2=
84cc0 d084ff04
> [    2.650047] Call Trace:
> [    2.650047]  [<c1384a75>] ? ptmx_open+0x6b/0x28b
> [    2.650047]  [<c1384a8b>] ptmx_open+0x81/0x28b
> [    2.650047]  [<c1172c22>] chrdev_open+0x244/0x270
> [    2.650047]  [<c1169521>] do_dentry_open+0x358/0x512
> [    2.650047]  [<c11729de>] ? cdev_put+0x38/0x38
> [    2.650047]  [<c1169739>] vfs_open+0x5e/0x71
> [    2.650047]  [<c1181c8f>] do_last+0xa34/0xde9
> [    2.650047]  [<c11823b1>] path_openat+0x36d/0x89b
> [    2.650047]  [<c1183c10>] do_filp_open+0x33/0xb4
> [    2.650047]  [<c11981ba>] ? __alloc_fd+0x1b5/0x1cd
> [    2.650047]  [<c116b2cf>] do_sys_open+0x22e/0x31e
> [    2.650047]  [<c11982dd>] ? fd_install+0x28/0x39
> [    2.650047]  [<c116b3e5>] SyS_open+0x26/0x44
> [    2.650047]  [<c162f782>] sysenter_do_call+0x12/0x12
> [    2.650047] Code: f4 5b 5e 5f 5d c3 55 89 e5 56 53 51 8b 40 14 81 78 3=
4 d1 1c 00 00 74 16 a1 50 8e 31 c2 83 05 c0 8b 31 c2 01 83 15 c4 8b 31 c2 0=
0 <8b> 40 04 83 05 c8 8b 31 c2 01 83 15 cc 8b 31 c2 00 8b 98 d0 02
> [    2.650047] EIP: [<c11ed93e>] devpts_new_index+0x25/0x1bd SS:ESP 0068:=
d084fdf4
> [    2.650047] CR2: 00000000ffffffee
> [    2.650047] ---[ end trace e7d6454dfe4d6c7f ]---
> [    2.650047] Kernel panic - not syncing: Fatal exception
>=20
> git bisect start 5ebe6afaf0057ac3eaeb98defd5456894b446d22 v4.0 --
> git bisect  bad 96b90f27bcf22f1d06cc16d9475cefa6ea4c4718  # 10:06      0-=
     22  Merge branch 'perf-urgent-for-linus' of git://git.kernel.org/pub/s=
cm/linux/kernel/git/tip/tip
> git bisect good 1dcf58d6e6e6eb7ec10e9abc56887b040205b06f  # 10:14     20+=
      0  Merge branch 'akpm' (patches from Andrew)
> git bisect  bad 497a5df7bf6ffd136ae21c49d1a01292930d7ca2  # 10:22      0-=
     20  Merge tag 'stable/for-linus-4.1-rc0-tag' of git://git.kernel.org/p=
ub/scm/linux/kernel/git/xen/tip
> git bisect good b422b75875a3663f08a9ab5aeb265ed2383cbe2f  # 10:31     20+=
      0  Merge branch 'kbuild' of git://git.kernel.org/pub/scm/linux/kernel=
/git/mmarek/kbuild
> git bisect good 6d50ff91d9780263160262daeb6adfdda8ddbc6c  # 10:40     20+=
      0  Merge tag 'locks-v4.1-1' of git://git.samba.org/jlayton/linux
> git bisect  bad eea3a00264cf243a28e4331566ce67b86059339d  # 10:47      0-=
     20  Merge branch 'akpm' (patches from Andrew)
> git bisect good d0a3997c0c3f9351e24029349dee65dd1d9e8d84  # 10:55     20+=
      0  Merge tag 'sound-4.1-rc1' of git://git.kernel.org/pub/scm/linux/ke=
rnel/git/tiwai/sound
> git bisect good e7c82412433a8039616c7314533a0a1c025d99bf  # 11:08     20+=
      0  Merge branch 'for-next' of git://git.kernel.org/pub/scm/linux/kern=
el/git/cooloney/linux-leds
> git bisect good 248ca1b053c82fa22427d22b33ac51a24c88a86d  # 11:22     20+=
      0  zsmalloc: add fullness into stat
> git bisect  bad 3ea8d440a86b85c63c2bb7f73988626e682db5f0  # 11:29      0-=
     22  lib/vsprintf.c: eliminate duplicate hex string array
> git bisect good 160a117f0864871ae1bab26554a985a1d2861afd  # 11:38     20+=
      0  zsmalloc: remove extra cond_resched() in __zs_compact
> git bisect  bad 96831c0a6738f88f89e7012f4df0a747514af0a0  # 11:45      0-=
     22  kernel/resource.c: remove deprecated __check_region() and friends
> git bisect good 23f40a94d860449f39f00c3350bf850d15983e63  # 11:56     20+=
      0  include/linux: remove empty conditionals
> git bisect good c79574abe2baddf569532e7e430e4977771dd25c  # 12:27     20+=
      0  lib/test-hexdump.c: fix initconst confusion
> git bisect  bad 2813893f8b197a14f1e1ddb04d99bce46817c84a  # 12:34      0-=
      6  kernel: conditionally support non-root users, groups and capabilit=
ies
> # first bad commit: [2813893f8b197a14f1e1ddb04d99bce46817c84a] kernel: co=
nditionally support non-root users, groups and capabilities
> git bisect good c79574abe2baddf569532e7e430e4977771dd25c  # 12:42     60+=
      0  lib/test-hexdump.c: fix initconst confusion
> # extra tests with DEBUG_INFO
> # extra tests on HEAD of tip/tmp.fpu
> git bisect  bad a9a0b36aa770f32a191bd415b23971db5cdeb93b  # 12:48      0-=
    132  x86/fpu: Reorganize fpu/internal.h
> # extra tests on tree/branch linus/master
> git bisect  bad 5198b44374adb3f6143459a03c37f103f8a09548  # 12:52      0-=
     60  Merge tag 'for-linus-4.1-1' of git://git.code.sf.net/p/openipmi/li=
nux-ipmi
> # extra tests with first bad commit reverted
> # extra tests on tree/branch linus/master
> git bisect  bad 5198b44374adb3f6143459a03c37f103f8a09548  # 12:55      0-=
     62  Merge tag 'for-linus-4.1-1' of git://git.code.sf.net/p/openipmi/li=
nux-ipmi
> # extra tests on tree/branch next/master
> git bisect  bad cab98a65216d98e631fd7209210b1275cc7e6ef9  # 13:17      0-=
     60  Add linux-next specific files for 20150506
>=20
>=20
> This script may reproduce the error.
>=20
> -------------------------------------------------------------------------=
---
> #!/bin/bash
>=20
> kernel=3D$1
> initrd=3Dquantal-core-i386.cgz
>=20
> wget --no-clobber https://github.com/fengguang/reproduce-kernel-bug/raw/m=
aster/initrd/$initrd
>=20
> kvm=3D(
> 	qemu-system-x86_64
> 	-enable-kvm
> 	-cpu kvm64
> 	-kernel $kernel
> 	-initrd $initrd
> 	-m 300
> 	-smp 2
> 	-device e1000,netdev=3Dnet0
> 	-netdev user,id=3Dnet0
> 	-boot order=3Dnc
> 	-no-reboot
> 	-watchdog i6300esb
> 	-rtc base=3Dlocaltime
> 	-serial stdio
> 	-display none
> 	-monitor null=20
> )
>=20
> append=3D(
> 	hung_task_panic=3D1
> 	earlyprintk=3DttyS0,115200
> 	rd.udev.log-priority=3Derr
> 	systemd.log_target=3Djournal
> 	systemd.log_level=3Dwarning
> 	debug
> 	apic=3Ddebug
> 	sysrq_always_enabled
> 	rcupdate.rcu_cpu_stall_timeout=3D100
> 	panic=3D-1
> 	softlockup_panic=3D1
> 	nmi_watchdog=3Dpanic
> 	oops=3Dpanic
> 	load_ramdisk=3D2
> 	prompt_ramdisk=3D0
> 	console=3DttyS0,115200
> 	console=3Dtty0
> 	vga=3Dnormal
> 	root=3D/dev/ram0
> 	rw
> 	drbd.minor_count=3D8
> )
>=20
> "${kvm[@]}" --append "${append[*]}"
> -------------------------------------------------------------------------=
---
>=20
> Thanks,
> Fengguang

> early console in setup code
> early console in decompress_kernel
>=20
> Decompressing Linux... Parsing ELF... No relocation needed... done.
> Booting the kernel.
> [    0.000000] Initializing cgroup subsys cpuset
> [    0.000000] Initializing cgroup subsys cpu
> [    0.000000] Linux version 4.0.0-05819-g2813893 (kbuild@roam) (gcc vers=
ion 4.9.2 (Debian 4.9.2-10) ) #11 Wed May 6 12:30:40 CST 2015
> [    0.000000] KERNEL supported cpus:
> [    0.000000]   AMD AuthenticAMD
> [    0.000000]   NSC Geode by NSC
> [    0.000000]   Cyrix CyrixInstead
> [    0.000000]   Centaur CentaurHauls
> [    0.000000] CPU: vendor_id 'GenuineIntel' unknown, using generic init.
> [    0.000000] CPU: Your system may be unstable.
> [    0.000000] e820: BIOS-provided physical RAM map:
> [    0.000000] BIOS-e820: [mem 0x0000000000000000-0x000000000009fbff] usa=
ble
> [    0.000000] BIOS-e820: [mem 0x000000000009fc00-0x000000000009ffff] res=
erved
> [    0.000000] BIOS-e820: [mem 0x00000000000f0000-0x00000000000fffff] res=
erved
> [    0.000000] BIOS-e820: [mem 0x0000000000100000-0x0000000012bdffff] usa=
ble
> [    0.000000] BIOS-e820: [mem 0x0000000012be0000-0x0000000012bfffff] res=
erved
> [    0.000000] BIOS-e820: [mem 0x00000000feffc000-0x00000000feffffff] res=
erved
> [    0.000000] BIOS-e820: [mem 0x00000000fffc0000-0x00000000ffffffff] res=
erved
> [    0.000000] bootconsole [earlyser0] enabled
> [    0.000000] NX (Execute Disable) protection: active
> [    0.000000] SMBIOS 2.8 present.
> [    0.000000] DMI: QEMU Standard PC (i440FX + PIIX, 1996), BIOS 1.7.5-20=
140531_083030-gandalf 04/01/2014
> [    0.000000] Hypervisor detected: KVM
> [    0.000000] e820: update [mem 0x00000000-0x00000fff] usable =3D=3D> re=
served
> [    0.000000] e820: remove [mem 0x000a0000-0x000fffff] usable
> [    0.000000] e820: last_pfn =3D 0x12be0 max_arch_pfn =3D 0x1000000
> [    0.000000] Scanning 1 areas for low memory corruption
> [    0.000000] initial memory mapped: [mem 0x00000000-0x029fffff]
> [    0.000000] Base memory trampoline at [c009b000] 9b000 size 16384
> [    0.000000] init_memory_mapping: [mem 0x00000000-0x000fffff]
> [    0.000000]  [mem 0x00000000-0x000fffff] page 4k
> [    0.000000] init_memory_mapping: [mem 0x11000000-0x111fffff]
> [    0.000000]  [mem 0x11000000-0x111fffff] page 2M
> [    0.000000] init_memory_mapping: [mem 0x00100000-0x10ffffff]
> [    0.000000]  [mem 0x00100000-0x001fffff] page 4k
> [    0.000000]  [mem 0x00200000-0x10ffffff] page 2M
> [    0.000000] init_memory_mapping: [mem 0x11200000-0x12bdffff]
> [    0.000000]  [mem 0x11200000-0x129fffff] page 2M
> [    0.000000]  [mem 0x12a00000-0x12bdffff] page 4k
> [    0.000000] BRK [0x024d3000, 0x024d3fff] PGTABLE
> [    0.000000] BRK [0x024d4000, 0x024d4fff] PGTABLE
> [    0.000000] RAMDISK: [mem 0x11393000-0x12bd7fff]
> [    0.000000] ACPI: Early table checksum verification disabled
> [    0.000000] ACPI: RSDP 0x000F0C60 000014 (v00 BOCHS )
> [    0.000000] ACPI: RSDT 0x12BE18BD 000034 (v01 BOCHS  BXPCRSDT 00000001=
 BXPC 00000001)
> [    0.000000] ACPI: FACP 0x12BE0B37 000074 (v01 BOCHS  BXPCFACP 00000001=
 BXPC 00000001)
> [    0.000000] ACPI: DSDT 0x12BE0040 000AF7 (v01 BOCHS  BXPCDSDT 00000001=
 BXPC 00000001)
> [    0.000000] ACPI: FACS 0x12BE0000 000040
> [    0.000000] ACPI: SSDT 0x12BE0BAB 000C5A (v01 BOCHS  BXPCSSDT 00000001=
 BXPC 00000001)
> [    0.000000] ACPI: APIC 0x12BE1805 000080 (v01 BOCHS  BXPCAPIC 00000001=
 BXPC 00000001)
> [    0.000000] ACPI: HPET 0x12BE1885 000038 (v01 BOCHS  BXPCHPET 00000001=
 BXPC 00000001)
> [    0.000000] 0MB HIGHMEM available.
> [    0.000000] 299MB LOWMEM available.
> [    0.000000]   mapped low ram: 0 - 12be0000
> [    0.000000]   low ram: 0 - 12be0000
> [    0.000000] cma: dma_contiguous_reserve(limit 12be0000)
> [    0.000000] kvm-clock: Using msrs 4b564d01 and 4b564d00
> [    0.000000] kvm-clock: cpu 0, msr 0:12bdf001, primary cpu clock
> [    0.000000] clocksource kvm-clock: mask: 0xffffffffffffffff max_cycles=
: 0x1cd42e4dffb, max_idle_ns: 881590591483 ns
> [    0.000000] Zone ranges:
> [    0.000000]   DMA      [mem 0x0000000000001000-0x0000000000ffffff]
> [    0.000000]   Normal   [mem 0x0000000001000000-0x0000000012bdffff]
> [    0.000000]   HighMem  empty
> [    0.000000] Movable zone start for each node
> [    0.000000] Early memory node ranges
> [    0.000000]   node   0: [mem 0x0000000000001000-0x000000000009efff]
> [    0.000000]   node   0: [mem 0x0000000000100000-0x0000000012bdffff]
> [    0.000000] Initmem setup node 0 [mem 0x0000000000001000-0x0000000012b=
dffff]
> [    0.000000] On node 0 totalpages: 76670
> [    0.000000]   DMA zone: 36 pages used for memmap
> [    0.000000]   DMA zone: 0 pages reserved
> [    0.000000]   DMA zone: 3998 pages, LIFO batch:0
> [    0.000000]   Normal zone: 639 pages used for memmap
> [    0.000000]   Normal zone: 72672 pages, LIFO batch:15
> [    0.000000] ACPI: PM-Timer IO Port: 0x608
> [    0.000000] ACPI: HPET id: 0x8086a201 base: 0xfed00000
> [    0.000000] KVM setup async PF for cpu 0
> [    0.000000] kvm-stealtime: cpu 0, msr 1981fc0
> [    0.000000] e820: [mem 0x12c00000-0xfeffbfff] available for PCI devices
> [    0.000000] Booting paravirtualized kernel on KVM
> [    0.000000] clocksource refined-jiffies: mask: 0xffffffff max_cycles: =
0xffffffff, max_idle_ns: 19112604462750000 ns
> [    0.000000] pcpu-alloc: s0 r0 d32768 u32768 alloc=3D1*32768
> [    0.000000] pcpu-alloc: [0] 0=20
> [    0.000000] Built 1 zonelists in Zone order, mobility grouping on.  To=
tal pages: 75995
> [    0.000000] Kernel command line: hung_task_panic=3D1 earlyprintk=3Dtty=
S0,115200 rd.udev.log-priority=3Derr systemd.log_target=3Djournal systemd.l=
og_level=3Dwarning debug apic=3Ddebug sysrq_always_enabled rcupdate.rcu_cpu=
_stall_timeout=3D100 panic=3D-1 softlockup_panic=3D1 nmi_watchdog=3Dpanic o=
ops=3Dpanic load_ramdisk=3D2 prompt_ramdisk=3D0 console=3DttyS0,115200 cons=
ole=3Dtty0 vga=3Dnormal  root=3D/dev/ram0 rw link=3D/kbuild-tests/run-queue=
/kvm/i386-randconfig-r1-0505/tip:tmp.fpu:2813893f8b197a14f1e1ddb04d99bce468=
17c84a:bisect-linux-5/.vmlinuz-2813893f8b197a14f1e1ddb04d99bce46817c84a-201=
50506123323-20-ivb41 branch=3Dtip/tmp.fpu BOOT_IMAGE=3D/kernel/i386-randcon=
fig-r1-0505/2813893f8b197a14f1e1ddb04d99bce46817c84a/vmlinuz-4.0.0-05819-g2=
813893 drbd.minor_count=3D8
> [    0.000000] PID hash table entries: 2048 (order: 1, 8192 bytes)
> [    0.000000] Dentry cache hash table entries: 65536 (order: 6, 262144 b=
ytes)
> [    0.000000] Inode-cache hash table entries: 32768 (order: 5, 131072 by=
tes)
> [    0.000000] Initializing CPU#0
> [    0.000000] Initializing HighMem for node 0 (00000000:00000000)
> [    0.000000] Memory: 255336K/306680K available (6339K kernel code, 2397=
K rwdata, 3272K rodata, 564K init, 8628K bss, 51344K reserved, 0K cma-reser=
ved, 0K highmem)
> [    0.000000] virtual kernel memory layout:
> [    0.000000]     fixmap  : 0xfffce000 - 0xfffff000   ( 196 kB)
> [    0.000000]     pkmap   : 0xffc00000 - 0xffe00000   (2048 kB)
> [    0.000000]     vmalloc : 0xd33e0000 - 0xffbfe000   ( 712 MB)
> [    0.000000]     lowmem  : 0xc0000000 - 0xd2be0000   ( 299 MB)
> [    0.000000]       .init : 0xc1bc3000 - 0xc1c50000   ( 564 kB)
> [    0.000000]       .data : 0xc16310d8 - 0xc1bc1540   (5697 kB)
> [    0.000000]       .text : 0xc1000000 - 0xc16310d8   (6340 kB)
> [    0.000000] Checking if this processor honours the WP bit even in supe=
rvisor mode...Ok.
> [    0.000000] NR_IRQS:16 nr_irqs:16 16
> [    0.000000] CPU 0 irqstacks, hard=3Dd0808000 soft=3Dd080a000
> [    0.000000] Initializing cgroup subsys cpuset
> [    0.000000] Initializing cgroup subsys cpu
> [    0.000000] Linux version 4.0.0-05819-g2813893 (kbuild@roam) (gcc vers=
ion 4.9.2 (Debian 4.9.2-10) ) #11 Wed May 6 12:30:40 CST 2015
> [    0.000000] KERNEL supported cpus:
> [    0.000000]   AMD AuthenticAMD
> [    0.000000]   NSC Geode by NSC
> [    0.000000]   Cyrix CyrixInstead
> [    0.000000]   Centaur CentaurHauls
> [    0.000000] CPU: vendor_id 'GenuineIntel' unknown, using generic init.
> [    0.000000] CPU: Your system may be unstable.
> [    0.000000] e820: BIOS-provided physical RAM map:
> [    0.000000] BIOS-e820: [mem 0x0000000000000000-0x000000000009fbff] usa=
ble
> [    0.000000] BIOS-e820: [mem 0x000000000009fc00-0x000000000009ffff] res=
erved
> [    0.000000] BIOS-e820: [mem 0x00000000000f0000-0x00000000000fffff] res=
erved
> [    0.000000] BIOS-e820: [mem 0x0000000000100000-0x0000000012bdffff] usa=
ble
> [    0.000000] BIOS-e820: [mem 0x0000000012be0000-0x0000000012bfffff] res=
erved
> [    0.000000] BIOS-e820: [mem 0x00000000feffc000-0x00000000feffffff] res=
erved
> [    0.000000] BIOS-e820: [mem 0x00000000fffc0000-0x00000000ffffffff] res=
erved
> [    0.000000] bootconsole [earlyser0] enabled
> [    0.000000] NX (Execute Disable) protection: active
> [    0.000000] SMBIOS 2.8 present.
> [    0.000000] DMI: QEMU Standard PC (i440FX + PIIX, 1996), BIOS 1.7.5-20=
140531_083030-gandalf 04/01/2014
> [    0.000000] Hypervisor detected: KVM
> [    0.000000] e820: update [mem 0x00000000-0x00000fff] usable =3D=3D> re=
served
> [    0.000000] e820: remove [mem 0x000a0000-0x000fffff] usable
> [    0.000000] e820: last_pfn =3D 0x12be0 max_arch_pfn =3D 0x1000000
> [    0.000000] Scanning 1 areas for low memory corruption
> [    0.000000] initial memory mapped: [mem 0x00000000-0x029fffff]
> [    0.000000] Base memory trampoline at [c009b000] 9b000 size 16384
> [    0.000000] init_memory_mapping: [mem 0x00000000-0x000fffff]
> [    0.000000]  [mem 0x00000000-0x000fffff] page 4k
> [    0.000000] init_memory_mapping: [mem 0x11000000-0x111fffff]
> [    0.000000]  [mem 0x11000000-0x111fffff] page 2M
> [    0.000000] init_memory_mapping: [mem 0x00100000-0x10ffffff]
> [    0.000000]  [mem 0x00100000-0x001fffff] page 4k
> [    0.000000]  [mem 0x00200000-0x10ffffff] page 2M
> [    0.000000] init_memory_mapping: [mem 0x11200000-0x12bdffff]
> [    0.000000]  [mem 0x11200000-0x129fffff] page 2M
> [    0.000000]  [mem 0x12a00000-0x12bdffff] page 4k
> [    0.000000] BRK [0x024d3000, 0x024d3fff] PGTABLE
> [    0.000000] BRK [0x024d4000, 0x024d4fff] PGTABLE
> [    0.000000] RAMDISK: [mem 0x11393000-0x12bd7fff]
> [    0.000000] ACPI: Early table checksum verification disabled
> [    0.000000] ACPI: RSDP 0x000F0C60 000014 (v00 BOCHS )
> [    0.000000] ACPI: RSDT 0x12BE18BD 000034 (v01 BOCHS  BXPCRSDT 00000001=
 BXPC 00000001)
> [    0.000000] ACPI: FACP 0x12BE0B37 000074 (v01 BOCHS  BXPCFACP 00000001=
 BXPC 00000001)
> [    0.000000] ACPI: DSDT 0x12BE0040 000AF7 (v01 BOCHS  BXPCDSDT 00000001=
 BXPC 00000001)
> [    0.000000] ACPI: FACS 0x12BE0000 000040
> [    0.000000] ACPI: SSDT 0x12BE0BAB 000C5A (v01 BOCHS  BXPCSSDT 00000001=
 BXPC 00000001)
> [    0.000000] ACPI: APIC 0x12BE1805 000080 (v01 BOCHS  BXPCAPIC 00000001=
 BXPC 00000001)
> [    0.000000] ACPI: HPET 0x12BE1885 000038 (v01 BOCHS  BXPCHPET 00000001=
 BXPC 00000001)
> [    0.000000] 0MB HIGHMEM available.
> [    0.000000] 299MB LOWMEM available.
> [    0.000000]   mapped low ram: 0 - 12be0000
> [    0.000000]   low ram: 0 - 12be0000
> [    0.000000] cma: dma_contiguous_reserve(limit 12be0000)
> [    0.000000] kvm-clock: Using msrs 4b564d01 and 4b564d00
> [    0.000000] kvm-clock: cpu 0, msr 0:12bdf001, primary cpu clock
> [    0.000000] clocksource kvm-clock: mask: 0xffffffffffffffff max_cycles=
: 0x1cd42e4dffb, max_idle_ns: 881590591483 ns
> [    0.000000] Zone ranges:
> [    0.000000]   DMA      [mem 0x0000000000001000-0x0000000000ffffff]
> [    0.000000]   Normal   [mem 0x0000000001000000-0x0000000012bdffff]
> [    0.000000]   HighMem  empty
> [    0.000000] Movable zone start for each node
> [    0.000000] Early memory node ranges
> [    0.000000]   node   0: [mem 0x0000000000001000-0x000000000009efff]
> [    0.000000]   node   0: [mem 0x0000000000100000-0x0000000012bdffff]
> [    0.000000] Initmem setup node 0 [mem 0x0000000000001000-0x0000000012b=
dffff]
> [    0.000000] On node 0 totalpages: 76670
> [    0.000000]   DMA zone: 36 pages used for memmap
> [    0.000000]   DMA zone: 0 pages reserved
> [    0.000000]   DMA zone: 3998 pages, LIFO batch:0
> [    0.000000]   Normal zone: 639 pages used for memmap
> [    0.000000]   Normal zone: 72672 pages, LIFO batch:15
> [    0.000000] ACPI: PM-Timer IO Port: 0x608
> [    0.000000] ACPI: HPET id: 0x8086a201 base: 0xfed00000
> [    0.000000] KVM setup async PF for cpu 0
> [    0.000000] kvm-stealtime: cpu 0, msr 1981fc0
> [    0.000000] e820: [mem 0x12c00000-0xfeffbfff] available for PCI devices
> [    0.000000] Booting paravirtualized kernel on KVM
> [    0.000000] clocksource refined-jiffies: mask: 0xffffffff max_cycles: =
0xffffffff, max_idle_ns: 19112604462750000 ns
> [    0.000000] pcpu-alloc: s0 r0 d32768 u32768 alloc=3D1*32768
> [    0.000000] pcpu-alloc: [0] 0=20
> [    0.000000] Built 1 zonelists in Zone order, mobility grouping on.  To=
tal pages: 75995
> [    0.000000] Kernel command line: hung_task_panic=3D1 earlyprintk=3Dtty=
S0,115200 rd.udev.log-priority=3Derr systemd.log_target=3Djournal systemd.l=
og_level=3Dwarning debug apic=3Ddebug sysrq_always_enabled rcupdate.rcu_cpu=
_stall_timeout=3D100 panic=3D-1 softlockup_panic=3D1 nmi_watchdog=3Dpanic o=
ops=3Dpanic load_ramdisk=3D2 prompt_ramdisk=3D0 console=3DttyS0,115200 cons=
ole=3Dtty0 vga=3Dnormal  root=3D/dev/ram0 rw link=3D/kbuild-tests/run-queue=
/kvm/i386-randconfig-r1-0505/tip:tmp.fpu:2813893f8b197a14f1e1ddb04d99bce468=
17c84a:bisect-linux-5/.vmlinuz-2813893f8b197a14f1e1ddb04d99bce46817c84a-201=
50506123323-20-ivb41 branch=3Dtip/tmp.fpu BOOT_IMAGE=3D/kernel/i386-randcon=
fig-r1-0505/2813893f8b197a14f1e1ddb04d99bce46817c84a/vmlinuz-4.0.0-05819-g2=
813893 drbd.minor_count=3D8
> [    0.000000] PID hash table entries: 2048 (order: 1, 8192 bytes)
> [    0.000000] Dentry cache hash table entries: 65536 (order: 6, 262144 b=
ytes)
> [    0.000000] Inode-cache hash table entries: 32768 (order: 5, 131072 by=
tes)
> [    0.000000] Initializing CPU#0
> [    0.000000] Initializing HighMem for node 0 (00000000:00000000)
> [    0.000000] Memory: 255336K/306680K available (6339K kernel code, 2397=
K rwdata, 3272K rodata, 564K init, 8628K bss, 51344K reserved, 0K cma-reser=
ved, 0K highmem)
> [    0.000000] virtual kernel memory layout:
> [    0.000000]     fixmap  : 0xfffce000 - 0xfffff000   ( 196 kB)
> [    0.000000]     pkmap   : 0xffc00000 - 0xffe00000   (2048 kB)
> [    0.000000]     vmalloc : 0xd33e0000 - 0xffbfe000   ( 712 MB)
> [    0.000000]     lowmem  : 0xc0000000 - 0xd2be0000   ( 299 MB)
> [    0.000000]       .init : 0xc1bc3000 - 0xc1c50000   ( 564 kB)
> [    0.000000]       .data : 0xc16310d8 - 0xc1bc1540   (5697 kB)
> [    0.000000]       .text : 0xc1000000 - 0xc16310d8   (6340 kB)
> [    0.000000] Checking if this processor honours the WP bit even in supe=
rvisor mode...Ok.
> [    0.000000] NR_IRQS:16 nr_irqs:16 16
> [    0.000000] CPU 0 irqstacks, hard=3Dd0808000 soft=3Dd080a000
> [    0.000000] console [ttyS0] enabled
> [    0.000000] console [ttyS0] enabled
> [    0.000000] Lock dependency validator: Copyright (c) 2006 Red Hat, Inc=
=2E, Ingo Molnar
> [    0.000000] Lock dependency validator: Copyright (c) 2006 Red Hat, Inc=
=2E, Ingo Molnar
> [    0.000000] ... MAX_LOCKDEP_SUBCLASSES:  8
> [    0.000000] ... MAX_LOCKDEP_SUBCLASSES:  8
> [    0.000000] ... MAX_LOCK_DEPTH:          48
> [    0.000000] ... MAX_LOCK_DEPTH:          48
> [    0.000000] ... MAX_LOCKDEP_KEYS:        8191
> [    0.000000] ... MAX_LOCKDEP_KEYS:        8191
> [    0.000000] ... CLASSHASH_SIZE:          4096
> [    0.000000] ... CLASSHASH_SIZE:          4096
> [    0.000000] ... MAX_LOCKDEP_ENTRIES:     32768
> [    0.000000] ... MAX_LOCKDEP_ENTRIES:     32768
> [    0.000000] ... MAX_LOCKDEP_CHAINS:      65536
> [    0.000000] ... MAX_LOCKDEP_CHAINS:      65536
> [    0.000000] ... CHAINHASH_SIZE:          32768
> [    0.000000] ... CHAINHASH_SIZE:          32768
> [    0.000000]  memory used by lock dependency info: 5151 kB
> [    0.000000]  memory used by lock dependency info: 5151 kB
> [    0.000000]  per task-struct memory footprint: 1920 bytes
> [    0.000000]  per task-struct memory footprint: 1920 bytes
> [    0.000000] ------------------------
> [    0.000000] ------------------------
> [    0.000000] | Locking API testsuite:
> [    0.000000] | Locking API testsuite:
> [    0.000000] ----------------------------------------------------------=
------------------
> [    0.000000] ----------------------------------------------------------=
------------------
> [    0.000000]                                  | spin |wlock |rlock |mut=
ex | wsem | rsem |
> [    0.000000]                                  | spin |wlock |rlock |mut=
ex | wsem | rsem |
> [    0.000000]   --------------------------------------------------------=
------------------
> [    0.000000]   --------------------------------------------------------=
------------------
> [    0.000000]                      A-A deadlock:
> [    0.000000]                      A-A deadlock:failed|failed|failed|fai=
led|  ok  |  ok  |failed|failed|failed|failed|failed|failed|
>=20
> [    0.000000]                  A-B-B-A deadlock:
> [    0.000000]                  A-B-B-A deadlock:failed|failed|failed|fai=
led|  ok  |  ok  |failed|failed|failed|failed|failed|failed|
>=20
> [    0.000000]              A-B-B-C-C-A deadlock:
> [    0.000000]              A-B-B-C-C-A deadlock:failed|failed|failed|fai=
led|  ok  |  ok  |failed|failed|failed|failed|failed|failed|
>=20
> [    0.000000]              A-B-C-A-B-C deadlock:
> [    0.000000]              A-B-C-A-B-C deadlock:failed|failed|failed|fai=
led|  ok  |  ok  |failed|failed|failed|failed|failed|failed|
>=20
> [    0.000000]          A-B-B-C-C-D-D-A deadlock:
> [    0.000000]          A-B-B-C-C-D-D-A deadlock:failed|failed|failed|fai=
led|  ok  |  ok  |failed|failed|failed|failed|failed|failed|
>=20
> [    0.000000]          A-B-C-D-B-D-D-A deadlock:
> [    0.000000]          A-B-C-D-B-D-D-A deadlock:failed|failed|failed|fai=
led|  ok  |  ok  |failed|failed|failed|failed|failed|failed|
>=20
> [    0.000000]          A-B-C-D-B-C-D-A deadlock:
> [    0.000000]          A-B-C-D-B-C-D-A deadlock:failed|failed|failed|fai=
led|  ok  |  ok  |failed|failed|failed|failed|failed|failed|
>=20
> [    0.000000]                     double unlock:
> [    0.000000]                     double unlock:  ok  |  ok  |  ok  |  o=
k  |  ok  |  ok  |  ok  |  ok  |  ok  |  ok  |  ok  |  ok  |
>=20
> [    0.000000]                   initialize held:
> [    0.000000]                   initialize held:  ok  |  ok  |  ok  |  o=
k  |  ok  |  ok  |  ok  |  ok  |  ok  |  ok  |  ok  |  ok  |
>=20
> [    0.000000]                  bad unlock order:
> [    0.000000]                  bad unlock order:  ok  |  ok  |  ok  |  o=
k  |  ok  |  ok  |  ok  |  ok  |  ok  |  ok  |  ok  |  ok  |
>=20
> [    0.000000]   --------------------------------------------------------=
------------------
> [    0.000000]   --------------------------------------------------------=
------------------
> [    0.000000]               recursive read-lock:
> [    0.000000]               recursive read-lock:             |          =
   |  ok  |  ok  |             |             |failed|failed|
>=20
> [    0.000000]            recursive read-lock #2:
> [    0.000000]            recursive read-lock #2:             |          =
   |  ok  |  ok  |             |             |failed|failed|
>=20
> [    0.000000]             mixed read-write-lock:
> [    0.000000]             mixed read-write-lock:             |          =
   |failed|failed|             |             |failed|failed|
>=20
> [    0.000000]             mixed write-read-lock:
> [    0.000000]             mixed write-read-lock:             |          =
   |failed|failed|             |             |failed|failed|
>=20
> [    0.000000]   --------------------------------------------------------=
------------------
> [    0.000000]   --------------------------------------------------------=
------------------
> [    0.000000]      hard-irqs-on + irq-safe-A/12:
> [    0.000000]      hard-irqs-on + irq-safe-A/12:failed|failed|failed|fai=
led|  ok  |  ok  |
>=20
> [    0.000000]      soft-irqs-on + irq-safe-A/12:
> [    0.000000]      soft-irqs-on + irq-safe-A/12:failed|failed|failed|fai=
led|  ok  |  ok  |
>=20
> [    0.000000]      hard-irqs-on + irq-safe-A/21:
> [    0.000000]      hard-irqs-on + irq-safe-A/21:failed|failed|failed|fai=
led|  ok  |  ok  |
>=20
> [    0.000000]      soft-irqs-on + irq-safe-A/21:
> [    0.000000]      soft-irqs-on + irq-safe-A/21:failed|failed|failed|fai=
led|  ok  |  ok  |
>=20
> [    0.000000]        sirq-safe-A =3D> hirqs-on/12:
> [    0.000000]        sirq-safe-A =3D> hirqs-on/12:failed|failed|failed|f=
ailed|  ok  |  ok  |
>=20
> [    0.000000]        sirq-safe-A =3D> hirqs-on/21:
> [    0.000000]        sirq-safe-A =3D> hirqs-on/21:failed|failed|failed|f=
ailed|  ok  |  ok  |
>=20
> [    0.000000]          hard-safe-A + irqs-on/12:
> [    0.000000]          hard-safe-A + irqs-on/12:failed|failed|failed|fai=
led|  ok  |  ok  |
>=20
> [    0.000000]          soft-safe-A + irqs-on/12:
> [    0.000000]          soft-safe-A + irqs-on/12:failed|failed|failed|fai=
led|  ok  |  ok  |
>=20
> [    0.000000]          hard-safe-A + irqs-on/21:
> [    0.000000]          hard-safe-A + irqs-on/21:failed|failed|failed|fai=
led|  ok  |  ok  |
>=20
> [    0.000000]          soft-safe-A + irqs-on/21:
> [    0.000000]          soft-safe-A + irqs-on/21:failed|failed|failed|fai=
led|  ok  |  ok  |
>=20
> [    0.000000]     hard-safe-A + unsafe-B #1/123:
> [    0.000000]     hard-safe-A + unsafe-B #1/123:failed|failed|failed|fai=
led|  ok  |  ok  |
>=20
> [    0.000000]     soft-safe-A + unsafe-B #1/123:
> [    0.000000]     soft-safe-A + unsafe-B #1/123:failed|failed|failed|fai=
led|  ok  |  ok  |
>=20
> [    0.000000]     hard-safe-A + unsafe-B #1/132:
> [    0.000000]     hard-safe-A + unsafe-B #1/132:failed|failed|failed|fai=
led|  ok  |  ok  |
>=20
> [    0.000000]     soft-safe-A + unsafe-B #1/132:
> [    0.000000]     soft-safe-A + unsafe-B #1/132:failed|failed|failed|fai=
led|  ok  |  ok  |
>=20
> [    0.000000]     hard-safe-A + unsafe-B #1/213:
> [    0.000000]     hard-safe-A + unsafe-B #1/213:failed|failed|failed|fai=
led|  ok  |  ok  |
>=20
> [    0.000000]     soft-safe-A + unsafe-B #1/213:
> [    0.000000]     soft-safe-A + unsafe-B #1/213:failed|failed|failed|fai=
led|  ok  |  ok  |
>=20
> [    0.000000]     hard-safe-A + unsafe-B #1/231:
> [    0.000000]     hard-safe-A + unsafe-B #1/231:failed|failed|failed|fai=
led|  ok  |  ok  |
>=20
> [    0.000000]     soft-safe-A + unsafe-B #1/231:
> [    0.000000]     soft-safe-A + unsafe-B #1/231:failed|failed|failed|fai=
led|  ok  |  ok  |
>=20
> [    0.000000]     hard-safe-A + unsafe-B #1/312:
> [    0.000000]     hard-safe-A + unsafe-B #1/312:failed|failed|failed|fai=
led|  ok  |  ok  |
>=20
> [    0.000000]     soft-safe-A + unsafe-B #1/312:
> [    0.000000]     soft-safe-A + unsafe-B #1/312:failed|failed|failed|fai=
led|  ok  |  ok  |
>=20
> [    0.000000]     hard-safe-A + unsafe-B #1/321:
> [    0.000000]     hard-safe-A + unsafe-B #1/321:failed|failed|failed|fai=
led|  ok  |  ok  |
>=20
> [    0.000000]     soft-safe-A + unsafe-B #1/321:
> [    0.000000]     soft-safe-A + unsafe-B #1/321:failed|failed|failed|fai=
led|  ok  |  ok  |
>=20
> [    0.000000]     hard-safe-A + unsafe-B #2/123:
> [    0.000000]     hard-safe-A + unsafe-B #2/123:failed|failed|failed|fai=
led|  ok  |  ok  |
>=20
> [    0.000000]     soft-safe-A + unsafe-B #2/123:
> [    0.000000]     soft-safe-A + unsafe-B #2/123:failed|failed|failed|fai=
led|  ok  |  ok  |
>=20
> [    0.000000]     hard-safe-A + unsafe-B #2/132:
> [    0.000000]     hard-safe-A + unsafe-B #2/132:failed|failed|failed|fai=
led|  ok  |  ok  |
>=20
> [    0.000000]     soft-safe-A + unsafe-B #2/132:
> [    0.000000]     soft-safe-A + unsafe-B #2/132:failed|failed|failed|fai=
led|  ok  |  ok  |
>=20
> [    0.000000]     hard-safe-A + unsafe-B #2/213:
> [    0.000000]     hard-safe-A + unsafe-B #2/213:failed|failed|failed|fai=
led|  ok  |  ok  |
>=20
> [    0.000000]     soft-safe-A + unsafe-B #2/213:
> [    0.000000]     soft-safe-A + unsafe-B #2/213:failed|failed|failed|fai=
led|  ok  |  ok  |
>=20
> [    0.000000]     hard-safe-A + unsafe-B #2/231:
> [    0.000000]     hard-safe-A + unsafe-B #2/231:failed|failed|failed|fai=
led|  ok  |  ok  |
>=20
> [    0.000000]     soft-safe-A + unsafe-B #2/231:
> [    0.000000]     soft-safe-A + unsafe-B #2/231:failed|failed|failed|fai=
led|  ok  |  ok  |
>=20
> [    0.000000]     hard-safe-A + unsafe-B #2/312:
> [    0.000000]     hard-safe-A + unsafe-B #2/312:failed|failed|failed|fai=
led|  ok  |  ok  |
>=20
> [    0.000000]     soft-safe-A + unsafe-B #2/312:
> [    0.000000]     soft-safe-A + unsafe-B #2/312:failed|failed|failed|fai=
led|  ok  |  ok  |
>=20
> [    0.000000]     hard-safe-A + unsafe-B #2/321:
> [    0.000000]     hard-safe-A + unsafe-B #2/321:failed|failed|failed|fai=
led|  ok  |  ok  |
>=20
> [    0.000000]     soft-safe-A + unsafe-B #2/321:
> [    0.000000]     soft-safe-A + unsafe-B #2/321:failed|failed|failed|fai=
led|  ok  |  ok  |
>=20
> [    0.000000]       hard-irq lock-inversion/123:
> [    0.000000]       hard-irq lock-inversion/123:failed|failed|failed|fai=
led|  ok  |  ok  |
>=20
> [    0.000000]       soft-irq lock-inversion/123:
> [    0.000000]       soft-irq lock-inversion/123:failed|failed|failed|fai=
led|  ok  |  ok  |
>=20
> [    0.000000]       hard-irq lock-inversion/132:
> [    0.000000]       hard-irq lock-inversion/132:failed|failed|failed|fai=
led|  ok  |  ok  |
>=20
> [    0.000000]       soft-irq lock-inversion/132:
> [    0.000000]       soft-irq lock-inversion/132:failed|failed|failed|fai=
led|  ok  |  ok  |
>=20
> [    0.000000]       hard-irq lock-inversion/213:
> [    0.000000]       hard-irq lock-inversion/213:failed|failed|failed|fai=
led|  ok  |  ok  |
>=20
> [    0.000000]       soft-irq lock-inversion/213:
> [    0.000000]       soft-irq lock-inversion/213:failed|failed|failed|fai=
led|  ok  |  ok  |
>=20
> [    0.000000]       hard-irq lock-inversion/231:
> [    0.000000]       hard-irq lock-inversion/231:failed|failed|failed|fai=
led|  ok  |  ok  |
>=20
> [    0.000000]       soft-irq lock-inversion/231:
> [    0.000000]       soft-irq lock-inversion/231:failed|failed|failed|fai=
led|  ok  |  ok  |
>=20
> [    0.000000]       hard-irq lock-inversion/312:
> [    0.000000]       hard-irq lock-inversion/312:failed|failed|failed|fai=
led|  ok  |  ok  |
>=20
> [    0.000000]       soft-irq lock-inversion/312:
> [    0.000000]       soft-irq lock-inversion/312:failed|failed|failed|fai=
led|  ok  |  ok  |
>=20
> [    0.000000]       hard-irq lock-inversion/321:
> [    0.000000]       hard-irq lock-inversion/321:failed|failed|failed|fai=
led|  ok  |  ok  |
>=20
> [    0.000000]       soft-irq lock-inversion/321:
> [    0.000000]       soft-irq lock-inversion/321:failed|failed|failed|fai=
led|  ok  |  ok  |
>=20
> [    0.000000]       hard-irq read-recursion/123:
> [    0.000000]       hard-irq read-recursion/123:  ok  |  ok  |
>=20
> [    0.000000]       soft-irq read-recursion/123:
> [    0.000000]       soft-irq read-recursion/123:  ok  |  ok  |
>=20
> [    0.000000]       hard-irq read-recursion/132:
> [    0.000000]       hard-irq read-recursion/132:  ok  |  ok  |
>=20
> [    0.000000]       soft-irq read-recursion/132:
> [    0.000000]       soft-irq read-recursion/132:  ok  |  ok  |
>=20
> [    0.000000]       hard-irq read-recursion/213:
> [    0.000000]       hard-irq read-recursion/213:  ok  |  ok  |
>=20
> [    0.000000]       soft-irq read-recursion/213:
> [    0.000000]       soft-irq read-recursion/213:  ok  |  ok  |
>=20
> [    0.000000]       hard-irq read-recursion/231:
> [    0.000000]       hard-irq read-recursion/231:  ok  |  ok  |
>=20
> [    0.000000]       soft-irq read-recursion/231:
> [    0.000000]       soft-irq read-recursion/231:  ok  |  ok  |
>=20
> [    0.000000]       hard-irq read-recursion/312:
> [    0.000000]       hard-irq read-recursion/312:  ok  |  ok  |
>=20
> [    0.000000]       soft-irq read-recursion/312:
> [    0.000000]       soft-irq read-recursion/312:  ok  |  ok  |
>=20
> [    0.000000]       hard-irq read-recursion/321:
> [    0.000000]       hard-irq read-recursion/321:  ok  |  ok  |
>=20
> [    0.000000]       soft-irq read-recursion/321:
> [    0.000000]       soft-irq read-recursion/321:  ok  |  ok  |
>=20
> [    0.000000]   --------------------------------------------------------=
------------------
> [    0.000000]   --------------------------------------------------------=
------------------
> [    0.000000]   | Wound/wait tests |
> [    0.000000]   | Wound/wait tests |
> [    0.000000]   ---------------------
> [    0.000000]   ---------------------
> [    0.000000]                   ww api failures:
> [    0.000000]                   ww api failures:  ok  |  ok  |  ok  |  o=
k  |  ok  |  ok  |
>=20
> [    0.000000]                ww contexts mixing:
> [    0.000000]                ww contexts mixing:failed|failed|  ok  |  o=
k  |
>=20
> [    0.000000]              finishing ww context:
> [    0.000000]              finishing ww context:  ok  |  ok  |  ok  |  o=
k  |  ok  |  ok  |  ok  |  ok  |
>=20
> [    0.000000]                locking mismatches:
> [    0.000000]                locking mismatches:  ok  |  ok  |  ok  |  o=
k  |  ok  |  ok  |
>=20
> [    0.000000]                  EDEADLK handling:
> [    0.000000]                  EDEADLK handling:  ok  |  ok  |  ok  |  o=
k  |  ok  |  ok  |  ok  |  ok  |  ok  |  ok  |  ok  |  ok  |  ok  |  ok  | =
 ok  |  ok  |  ok  |  ok  |  ok  |  ok  |
>=20
> [    0.000000]            spinlock nest unlocked:
> [    0.000000]            spinlock nest unlocked:  ok  |  ok  |
>=20
> [    0.000000]   -----------------------------------------------------
> [    0.000000]   -----------------------------------------------------
> [    0.000000]                                  |block | try  |context|
> [    0.000000]                                  |block | try  |context|
> [    0.000000]   -----------------------------------------------------
> [    0.000000]   -----------------------------------------------------
> [    0.000000]                           context:
> [    0.000000]                           context:failed|failed|  ok  |  o=
k  |  ok  |  ok  |
>=20
> [    0.000000]                               try:
> [    0.000000]                               try:failed|failed|  ok  |  o=
k  |failed|failed|
>=20
> [    0.000000]                             block:
> [    0.000000]                             block:failed|failed|  ok  |  o=
k  |failed|failed|
>=20
> [    0.000000]                          spinlock:
> [    0.000000]                          spinlock:failed|failed|  ok  |  o=
k  |failed|failed|
>=20
> [    0.000000] --------------------------------------------------------
> [    0.000000] --------------------------------------------------------
> [    0.000000] 141 out of 253 testcases failed, as expected. |
> [    0.000000] 141 out of 253 testcases failed, as expected. |
> [    0.000000] ----------------------------------------------------
> [    0.000000] ----------------------------------------------------
> [    0.000000] clocksource hpet: mask: 0xffffffff max_cycles: 0xffffffff,=
 max_idle_ns: 19112604467 ns
> [    0.000000] clocksource hpet: mask: 0xffffffff max_cycles: 0xffffffff,=
 max_idle_ns: 19112604467 ns
> [    0.000000] hpet clockevent registered
> [    0.000000] hpet clockevent registered
> [    0.000000] tsc: Detected 2693.508 MHz processor
> [    0.000000] tsc: Detected 2693.508 MHz processor
> [    0.020000] Calibrating delay loop (skipped) preset value..=20
> [    0.020000] Calibrating delay loop (skipped) preset value.. 5387.01 Bo=
goMIPS (lpj=3D26935080)
> 5387.01 BogoMIPS (lpj=3D26935080)
> [    0.020000] pid_max: default: 4096 minimum: 301
> [    0.020000] pid_max: default: 4096 minimum: 301
> [    0.020000] ACPI: Core revision 20150204
> [    0.020000] ACPI: Core revision 20150204
> [    0.020000] ACPI:=20
> [    0.020000] ACPI: All ACPI Tables successfully acquiredAll ACPI Tables=
 successfully acquired
>=20
> [    0.020000] ACPI: setting ELCR to 0200 (from 0c00)
> [    0.020000] ACPI: setting ELCR to 0200 (from 0c00)
> [    0.020014] Mount-cache hash table entries: 1024 (order: 0, 4096 bytes)
> [    0.020014] Mount-cache hash table entries: 1024 (order: 0, 4096 bytes)
> [    0.021055] Mountpoint-cache hash table entries: 1024 (order: 0, 4096 =
bytes)
> [    0.021055] Mountpoint-cache hash table entries: 1024 (order: 0, 4096 =
bytes)
> [    0.022937] Initializing cgroup subsys memory
> [    0.022937] Initializing cgroup subsys memory
> [    0.023664] Initializing cgroup subsys perf_event
> [    0.023664] Initializing cgroup subsys perf_event
> [    0.024415] Initializing cgroup subsys hugetlb
> [    0.024415] Initializing cgroup subsys hugetlb
> [    0.025127] Initializing cgroup subsys debug
> [    0.025127] Initializing cgroup subsys debug
> [    0.025872] Last level iTLB entries: 4KB 0, 2MB 0, 4MB 0
> [    0.025872] Last level iTLB entries: 4KB 0, 2MB 0, 4MB 0
> [    0.026711] Last level dTLB entries: 4KB 0, 2MB 0, 4MB 0, 1GB 0
> [    0.026711] Last level dTLB entries: 4KB 0, 2MB 0, 4MB 0, 1GB 0
> [    0.027642] CPU:=20
> [    0.027642] CPU: GenuineIntel GenuineIntel Common KVM processorCommon =
KVM processor (fam: 0f, model: 06 (fam: 0f, model: 06, stepping: 01)
> , stepping: 01)
> [    0.031349] Performance Events:=20
> [    0.031349] Performance Events: no PMU driver, software events only.
> no PMU driver, software events only.
> [    0.033423] devtmpfs: initialized
> [    0.033423] devtmpfs: initialized
> [    0.034704] gcov: version magic: 0x3430392a
> [    0.034704] gcov: version magic: 0x3430392a
> [    0.036761] clocksource jiffies: mask: 0xffffffff max_cycles: 0xffffff=
ff, max_idle_ns: 19112604462750000 ns
> [    0.036761] clocksource jiffies: mask: 0xffffffff max_cycles: 0xffffff=
ff, max_idle_ns: 19112604462750000 ns
> [    0.038450] atomic64_test: passed for i586+ platform with CX8 and with=
 SSE
> [    0.038450] atomic64_test: passed for i586+ platform with CX8 and with=
 SSE
> [    0.040250] RTC time: 12:34:40, date: 05/06/15
> [    0.040250] RTC time: 12:34:40, date: 05/06/15
> [    0.041519] NET: Registered protocol family 16
> [    0.041519] NET: Registered protocol family 16
> [    0.043060] EISA bus registered
> [    0.043060] EISA bus registered
> [    0.043581] cpuidle: using governor ladder
> [    0.043581] cpuidle: using governor ladder
> [    0.044239] cpuidle: using governor menu
> [    0.044239] cpuidle: using governor menu
> [    0.045135] ACPI: bus type PCI registered
> [    0.045135] ACPI: bus type PCI registered
> [    0.045955] PCI : PCI BIOS area is rw and x. Use pci=3Dnobios if you w=
ant it NX.
> [    0.045955] PCI : PCI BIOS area is rw and x. Use pci=3Dnobios if you w=
ant it NX.
> [    0.047095] PCI: PCI BIOS revision 2.10 entry at 0xfd456, last bus=3D0
> [    0.047095] PCI: PCI BIOS revision 2.10 entry at 0xfd456, last bus=3D0
> [    0.048088] PCI: Using configuration type 1 for base access
> [    0.048088] PCI: Using configuration type 1 for base access
> [    0.055391] ACPI: Added _OSI(Module Device)
> [    0.055391] ACPI: Added _OSI(Module Device)
> [    0.056059] ACPI: Added _OSI(Processor Device)
> [    0.056059] ACPI: Added _OSI(Processor Device)
> [    0.056763] ACPI: Added _OSI(3.0 _SCP Extensions)
> [    0.056763] ACPI: Added _OSI(3.0 _SCP Extensions)
> [    0.057504] ACPI: Added _OSI(Processor Aggregator Device)
> [    0.057504] ACPI: Added _OSI(Processor Aggregator Device)
> [    0.064639] ACPI: Interpreter enabled
> [    0.064639] ACPI: Interpreter enabled
> [    0.065232] ACPI Exception: AE_NOT_FOUND,=20
> [    0.065232] ACPI Exception: AE_NOT_FOUND, While evaluating Sleep State=
 [\_S1_]While evaluating Sleep State [\_S1_] (20150204/hwxface-580)
>  (20150204/hwxface-580)
> [    0.066712] ACPI Exception: AE_NOT_FOUND,=20
> [    0.066712] ACPI Exception: AE_NOT_FOUND, While evaluating Sleep State=
 [\_S2_]While evaluating Sleep State [\_S2_] (20150204/hwxface-580)
>  (20150204/hwxface-580)
> [    0.068214] ACPI: (supports S0 S3 S5)
> [    0.068214] ACPI: (supports S0 S3 S5)
> [    0.068798] ACPI: Using PIC for interrupt routing
> [    0.068798] ACPI: Using PIC for interrupt routing
> [    0.069608] PCI: Using host bridge windows from ACPI; if necessary, us=
e "pci=3Dnocrs" and report a bug
> [    0.069608] PCI: Using host bridge windows from ACPI; if necessary, us=
e "pci=3Dnocrs" and report a bug
> [    0.086154] ACPI: PCI Root Bridge [PCI0] (domain 0000 [bus 00-ff])
> [    0.086154] ACPI: PCI Root Bridge [PCI0] (domain 0000 [bus 00-ff])
> [    0.087161] acpi PNP0A03:00: _OSC: OS supports [Segments]
> [    0.087161] acpi PNP0A03:00: _OSC: OS supports [Segments]
> [    0.088045] acpi PNP0A03:00: _OSC failed (AE_NOT_FOUND); disabling ASPM
> [    0.088045] acpi PNP0A03:00: _OSC failed (AE_NOT_FOUND); disabling ASPM
> [    0.089248] acpi PNP0A03:00: fail to add MMCONFIG information, can't a=
ccess extended PCI configuration space under this bridge.
> [    0.089248] acpi PNP0A03:00: fail to add MMCONFIG information, can't a=
ccess extended PCI configuration space under this bridge.
> [    0.090295] PCI host bridge to bus 0000:00
> [    0.090295] PCI host bridge to bus 0000:00
> [    0.090964] pci_bus 0000:00: root bus resource [bus 00-ff]
> [    0.090964] pci_bus 0000:00: root bus resource [bus 00-ff]
> [    0.091830] pci_bus 0000:00: root bus resource [io  0x0000-0x0cf7 wind=
ow]
> [    0.091830] pci_bus 0000:00: root bus resource [io  0x0000-0x0cf7 wind=
ow]
> [    0.092902] pci_bus 0000:00: root bus resource [io  0x0d00-0xadff wind=
ow]
> [    0.092902] pci_bus 0000:00: root bus resource [io  0x0d00-0xadff wind=
ow]
> [    0.093972] pci_bus 0000:00: root bus resource [io  0xae0f-0xaeff wind=
ow]
> [    0.093972] pci_bus 0000:00: root bus resource [io  0xae0f-0xaeff wind=
ow]
> [    0.095044] pci_bus 0000:00: root bus resource [io  0xaf20-0xafdf wind=
ow]
> [    0.095044] pci_bus 0000:00: root bus resource [io  0xaf20-0xafdf wind=
ow]
> [    0.096109] pci_bus 0000:00: root bus resource [io  0xafe4-0xffff wind=
ow]
> [    0.096109] pci_bus 0000:00: root bus resource [io  0xafe4-0xffff wind=
ow]
> [    0.097188] pci_bus 0000:00: root bus resource [mem 0x000a0000-0x000bf=
fff window]
> [    0.097188] pci_bus 0000:00: root bus resource [mem 0x000a0000-0x000bf=
fff window]
> [    0.098346] pci_bus 0000:00: root bus resource [mem 0x12c00000-0xfebff=
fff window]
> [    0.098346] pci_bus 0000:00: root bus resource [mem 0x12c00000-0xfebff=
fff window]
> [    0.100071] pci 0000:00:00.0: [8086:1237] type 00 class 0x060000
> [    0.100071] pci 0000:00:00.0: [8086:1237] type 00 class 0x060000
> [    0.101709] pci 0000:00:01.0: [8086:7000] type 00 class 0x060100
> [    0.101709] pci 0000:00:01.0: [8086:7000] type 00 class 0x060100
> [    0.103423] pci 0000:00:01.1: [8086:7010] type 00 class 0x010180
> [    0.103423] pci 0000:00:01.1: [8086:7010] type 00 class 0x010180
> [    0.116355] pci 0000:00:01.1: reg 0x20: [io  0xc200-0xc20f]
> [    0.116355] pci 0000:00:01.1: reg 0x20: [io  0xc200-0xc20f]
> [    0.121088] pci 0000:00:01.1: legacy IDE quirk: reg 0x10: [io  0x01f0-=
0x01f7]
> [    0.121088] pci 0000:00:01.1: legacy IDE quirk: reg 0x10: [io  0x01f0-=
0x01f7]
> [    0.122225] pci 0000:00:01.1: legacy IDE quirk: reg 0x14: [io  0x03f6]
> [    0.122225] pci 0000:00:01.1: legacy IDE quirk: reg 0x14: [io  0x03f6]
> [    0.123254] pci 0000:00:01.1: legacy IDE quirk: reg 0x18: [io  0x0170-=
0x0177]
> [    0.123254] pci 0000:00:01.1: legacy IDE quirk: reg 0x18: [io  0x0170-=
0x0177]
> [    0.124367] pci 0000:00:01.1: legacy IDE quirk: reg 0x1c: [io  0x0376]
> [    0.124367] pci 0000:00:01.1: legacy IDE quirk: reg 0x1c: [io  0x0376]
> [    0.125854] pci 0000:00:01.3: [8086:7113] type 00 class 0x068000
> [    0.125854] pci 0000:00:01.3: [8086:7113] type 00 class 0x068000
> [    0.127084] pci 0000:00:01.3: quirk: [io  0x0600-0x063f] claimed by PI=
IX4 ACPI
> [    0.127084] pci 0000:00:01.3: quirk: [io  0x0600-0x063f] claimed by PI=
IX4 ACPI
> [    0.128225] pci 0000:00:01.3: quirk: [io  0x0700-0x070f] claimed by PI=
IX4 SMB
> [    0.128225] pci 0000:00:01.3: quirk: [io  0x0700-0x070f] claimed by PI=
IX4 SMB
> [    0.130395] pci 0000:00:02.0: [1013:00b8] type 00 class 0x030000
> [    0.130395] pci 0000:00:02.0: [1013:00b8] type 00 class 0x030000
> [    0.135783] pci 0000:00:02.0: reg 0x10: [mem 0xfc000000-0xfdffffff pre=
f]
> [    0.135783] pci 0000:00:02.0: reg 0x10: [mem 0xfc000000-0xfdffffff pre=
f]
> [    0.140000] pci 0000:00:02.0: reg 0x14: [mem 0xfebf0000-0xfebf0fff]
> [    0.140000] pci 0000:00:02.0: reg 0x14: [mem 0xfebf0000-0xfebf0fff]
> [    0.162165] pci 0000:00:02.0: reg 0x30: [mem 0xfebe0000-0xfebeffff pre=
f]
> [    0.162165] pci 0000:00:02.0: reg 0x30: [mem 0xfebe0000-0xfebeffff pre=
f]
> [    0.163782] pci 0000:00:03.0: [8086:100e] type 00 class 0x020000
> [    0.163782] pci 0000:00:03.0: [8086:100e] type 00 class 0x020000
> [    0.168931] pci 0000:00:03.0: reg 0x10: [mem 0xfebc0000-0xfebdffff]
> [    0.168931] pci 0000:00:03.0: reg 0x10: [mem 0xfebc0000-0xfebdffff]
> [    0.174186] pci 0000:00:03.0: reg 0x14: [io  0xc000-0xc03f]
> [    0.174186] pci 0000:00:03.0: reg 0x14: [io  0xc000-0xc03f]
> [    0.196282] pci 0000:00:03.0: reg 0x30: [mem 0xfeb80000-0xfebbffff pre=
f]
> [    0.196282] pci 0000:00:03.0: reg 0x30: [mem 0xfeb80000-0xfebbffff pre=
f]
> [    0.197883] pci 0000:00:04.0: [1af4:1001] type 00 class 0x010000
> [    0.197883] pci 0000:00:04.0: [1af4:1001] type 00 class 0x010000
> [    0.204264] pci 0000:00:04.0: reg 0x10: [io  0xc040-0xc07f]
> [    0.204264] pci 0000:00:04.0: reg 0x10: [io  0xc040-0xc07f]
> [    0.209394] pci 0000:00:04.0: reg 0x14: [mem 0xfebf1000-0xfebf1fff]
> [    0.209394] pci 0000:00:04.0: reg 0x14: [mem 0xfebf1000-0xfebf1fff]
> [    0.230591] pci 0000:00:05.0: [1af4:1001] type 00 class 0x010000
> [    0.230591] pci 0000:00:05.0: [1af4:1001] type 00 class 0x010000
> [    0.235792] pci 0000:00:05.0: reg 0x10: [io  0xc080-0xc0bf]
> [    0.235792] pci 0000:00:05.0: reg 0x10: [io  0xc080-0xc0bf]
> [    0.242110] pci 0000:00:05.0: reg 0x14: [mem 0xfebf2000-0xfebf2fff]
> [    0.242110] pci 0000:00:05.0: reg 0x14: [mem 0xfebf2000-0xfebf2fff]
> [    0.264844] pci 0000:00:06.0: [1af4:1001] type 00 class 0x010000
> [    0.264844] pci 0000:00:06.0: [1af4:1001] type 00 class 0x010000
> [    0.270000] pci 0000:00:06.0: reg 0x10: [io  0xc0c0-0xc0ff]
> [    0.270000] pci 0000:00:06.0: reg 0x10: [io  0xc0c0-0xc0ff]
> [    0.274213] pci 0000:00:06.0: reg 0x14: [mem 0xfebf3000-0xfebf3fff]
> [    0.274213] pci 0000:00:06.0: reg 0x14: [mem 0xfebf3000-0xfebf3fff]
> [    0.296911] pci 0000:00:07.0: [1af4:1001] type 00 class 0x010000
> [    0.296911] pci 0000:00:07.0: [1af4:1001] type 00 class 0x010000
> [    0.302132] pci 0000:00:07.0: reg 0x10: [io  0xc100-0xc13f]
> [    0.302132] pci 0000:00:07.0: reg 0x10: [io  0xc100-0xc13f]
> [    0.307221] pci 0000:00:07.0: reg 0x14: [mem 0xfebf4000-0xfebf4fff]
> [    0.307221] pci 0000:00:07.0: reg 0x14: [mem 0xfebf4000-0xfebf4fff]
> [    0.330620] pci 0000:00:08.0: [1af4:1001] type 00 class 0x010000
> [    0.330620] pci 0000:00:08.0: [1af4:1001] type 00 class 0x010000
> [    0.335825] pci 0000:00:08.0: reg 0x10: [io  0xc140-0xc17f]
> [    0.335825] pci 0000:00:08.0: reg 0x10: [io  0xc140-0xc17f]
> [    0.340000] pci 0000:00:08.0: reg 0x14: [mem 0xfebf5000-0xfebf5fff]
> [    0.340000] pci 0000:00:08.0: reg 0x14: [mem 0xfebf5000-0xfebf5fff]
> [    0.364794] pci 0000:00:09.0: [1af4:1001] type 00 class 0x010000
> [    0.364794] pci 0000:00:09.0: [1af4:1001] type 00 class 0x010000
> [    0.370000] pci 0000:00:09.0: reg 0x10: [io  0xc180-0xc1bf]
> [    0.370000] pci 0000:00:09.0: reg 0x10: [io  0xc180-0xc1bf]
> [    0.374256] pci 0000:00:09.0: reg 0x14: [mem 0xfebf6000-0xfebf6fff]
> [    0.374256] pci 0000:00:09.0: reg 0x14: [mem 0xfebf6000-0xfebf6fff]
> [    0.396946] pci 0000:00:0a.0: [1af4:1001] type 00 class 0x010000
> [    0.396946] pci 0000:00:0a.0: [1af4:1001] type 00 class 0x010000
> [    0.402125] pci 0000:00:0a.0: reg 0x10: [io  0xc1c0-0xc1ff]
> [    0.402125] pci 0000:00:0a.0: reg 0x10: [io  0xc1c0-0xc1ff]
> [    0.407224] pci 0000:00:0a.0: reg 0x14: [mem 0xfebf7000-0xfebf7fff]
> [    0.407224] pci 0000:00:0a.0: reg 0x14: [mem 0xfebf7000-0xfebf7fff]
> [    0.430596] pci 0000:00:0b.0: [8086:25ab] type 00 class 0x088000
> [    0.430596] pci 0000:00:0b.0: [8086:25ab] type 00 class 0x088000
> [    0.433668] pci 0000:00:0b.0: reg 0x10: [mem 0xfebf8000-0xfebf800f]
> [    0.433668] pci 0000:00:0b.0: reg 0x10: [mem 0xfebf8000-0xfebf800f]
> [    0.447960] pci_bus 0000:00: on NUMA node 0
> [    0.447960] pci_bus 0000:00: on NUMA node 0
> [    0.450202] ACPI: PCI Interrupt Link [LNKA] (IRQs
> [    0.450202] ACPI: PCI Interrupt Link [LNKA] (IRQs 5 5 *10 *10 11 11))
>=20
> [    0.451355] ACPI: PCI Interrupt Link [LNKB] (IRQs
> [    0.451355] ACPI: PCI Interrupt Link [LNKB] (IRQs 5 5 *10 *10 11 11))
>=20
> [    0.452496] ACPI: PCI Interrupt Link [LNKC] (IRQs
> [    0.452496] ACPI: PCI Interrupt Link [LNKC] (IRQs 5 5 10 10 *11 *11))
>=20
> [    0.453646] ACPI: PCI Interrupt Link [LNKD] (IRQs
> [    0.453646] ACPI: PCI Interrupt Link [LNKD] (IRQs 5 5 10 10 *11 *11))
>=20
> [    0.454690] ACPI: PCI Interrupt Link [LNKS] (IRQs
> [    0.454690] ACPI: PCI Interrupt Link [LNKS] (IRQs *9 *9))
>=20
> [    0.456347] ACPI:=20
> [    0.456347] ACPI: Enabled 16 GPEs in block 00 to 0FEnabled 16 GPEs in =
block 00 to 0F
>=20
> [    0.458016] vgaarb: setting as boot device: PCI:0000:00:02.0
> [    0.458016] vgaarb: setting as boot device: PCI:0000:00:02.0
> [    0.458909] vgaarb: device added: PCI:0000:00:02.0,decodes=3Dio+mem,ow=
ns=3Dio+mem,locks=3Dnone
> [    0.458909] vgaarb: device added: PCI:0000:00:02.0,decodes=3Dio+mem,ow=
ns=3Dio+mem,locks=3Dnone
> [    0.460013] vgaarb: loaded
> [    0.460013] vgaarb: loaded
> [    0.460457] vgaarb: bridge control possible 0000:00:02.0
> [    0.460457] vgaarb: bridge control possible 0000:00:02.0
> [    0.462127] ACPI: bus type USB registered
> [    0.462127] ACPI: bus type USB registered
> [    0.462925] usbcore: registered new interface driver usbfs
> [    0.462925] usbcore: registered new interface driver usbfs
> [    0.463873] usbcore: registered new interface driver hub
> [    0.463873] usbcore: registered new interface driver hub
> [    0.464772] usbcore: registered new device driver usb
> [    0.464772] usbcore: registered new device driver usb
> [    0.466050] PCI: Using ACPI for IRQ routing
> [    0.466050] PCI: Using ACPI for IRQ routing
> [    0.466721] PCI: pci_cache_line_size set to 64 bytes
> [    0.466721] PCI: pci_cache_line_size set to 64 bytes
> [    0.467679] e820: reserve RAM buffer [mem 0x0009fc00-0x0009ffff]
> [    0.467679] e820: reserve RAM buffer [mem 0x0009fc00-0x0009ffff]
> [    0.468630] e820: reserve RAM buffer [mem 0x12be0000-0x13ffffff]
> [    0.468630] e820: reserve RAM buffer [mem 0x12be0000-0x13ffffff]
> [    0.470794] Switched to clocksource kvm-clock
> [    0.470794] Switched to clocksource kvm-clock
> [    0.471823] pnp: PnP ACPI init
> [    0.471823] pnp: PnP ACPI init
> [    0.472619] pnp 00:00: Plug and Play ACPI device, IDs PNP0b00 (active)
> [    0.472619] pnp 00:00: Plug and Play ACPI device, IDs PNP0b00 (active)
> [    0.473853] pnp 00:01: Plug and Play ACPI device, IDs PNP0303 (active)
> [    0.473853] pnp 00:01: Plug and Play ACPI device, IDs PNP0303 (active)
> [    0.475080] pnp 00:02: Plug and Play ACPI device, IDs PNP0f13 (active)
> [    0.475080] pnp 00:02: Plug and Play ACPI device, IDs PNP0f13 (active)
> [    0.476202] pnp 00:03: [dma 2]
> [    0.476202] pnp 00:03: [dma 2]
> [    0.476851] pnp 00:03: Plug and Play ACPI device, IDs PNP0700 (active)
> [    0.476851] pnp 00:03: Plug and Play ACPI device, IDs PNP0700 (active)
> [    0.478107] pnp 00:04: Plug and Play ACPI device, IDs PNP0400 (active)
> [    0.478107] pnp 00:04: Plug and Play ACPI device, IDs PNP0400 (active)
> [    0.479362] pnp 00:05: Plug and Play ACPI device, IDs PNP0501 (active)
> [    0.479362] pnp 00:05: Plug and Play ACPI device, IDs PNP0501 (active)
> [    0.480386] pnp: PnP ACPI: found 6 devices
> [    0.480386] pnp: PnP ACPI: found 6 devices
> [    0.517475] clocksource acpi_pm: mask: 0xffffff max_cycles: 0xffffff, =
max_idle_ns: 2085701024 ns
> [    0.517475] clocksource acpi_pm: mask: 0xffffff max_cycles: 0xffffff, =
max_idle_ns: 2085701024 ns
> [    0.519029] pci_bus 0000:00: resource 4 [io  0x0000-0x0cf7 window]
> [    0.519029] pci_bus 0000:00: resource 4 [io  0x0000-0x0cf7 window]
> [    0.520009] pci_bus 0000:00: resource 5 [io  0x0d00-0xadff window]
> [    0.520009] pci_bus 0000:00: resource 5 [io  0x0d00-0xadff window]
> [    0.520994] pci_bus 0000:00: resource 6 [io  0xae0f-0xaeff window]
> [    0.520994] pci_bus 0000:00: resource 6 [io  0xae0f-0xaeff window]
> [    0.522007] pci_bus 0000:00: resource 7 [io  0xaf20-0xafdf window]
> [    0.522007] pci_bus 0000:00: resource 7 [io  0xaf20-0xafdf window]
> [    0.522980] pci_bus 0000:00: resource 8 [io  0xafe4-0xffff window]
> [    0.522980] pci_bus 0000:00: resource 8 [io  0xafe4-0xffff window]
> [    0.523957] pci_bus 0000:00: resource 9 [mem 0x000a0000-0x000bffff win=
dow]
> [    0.523957] pci_bus 0000:00: resource 9 [mem 0x000a0000-0x000bffff win=
dow]
> [    0.525037] pci_bus 0000:00: resource 10 [mem 0x12c00000-0xfebfffff wi=
ndow]
> [    0.525037] pci_bus 0000:00: resource 10 [mem 0x12c00000-0xfebfffff wi=
ndow]
> [    0.526188] NET: Registered protocol family 1
> [    0.526188] NET: Registered protocol family 1
> [    0.526909] pci 0000:00:00.0: Limiting direct PCI/PCI transfers
> [    0.526909] pci 0000:00:00.0: Limiting direct PCI/PCI transfers
> [    0.527860] pci 0000:00:01.0: PIIX3: Enabling Passive Release
> [    0.527860] pci 0000:00:01.0: PIIX3: Enabling Passive Release
> [    0.528772] pci 0000:00:01.0: Activating ISA DMA hang workarounds
> [    0.528772] pci 0000:00:01.0: Activating ISA DMA hang workarounds
> [    0.529749] pci 0000:00:02.0: Video device with shadowed ROM
> [    0.529749] pci 0000:00:02.0: Video device with shadowed ROM
> [    0.530759] PCI: CLS 0 bytes, default 64
> [    0.530759] PCI: CLS 0 bytes, default 64
> [    0.532095] Unpacking initramfs...
> [    0.532095] Unpacking initramfs...
> [    1.541950] Freeing initrd memory: 24852K (d1393000 - d2bd8000)
> [    1.541950] Freeing initrd memory: 24852K (d1393000 - d2bd8000)
> [    1.543690] Scanning for low memory corruption every 60 seconds
> [    1.543690] Scanning for low memory corruption every 60 seconds
> [    1.545232] NatSemi SCx200 Driver
> [    1.545232] NatSemi SCx200 Driver
> [    1.546771] futex hash table entries: 16 (order: -3, 832 bytes)
> [    1.546771] futex hash table entries: 16 (order: -3, 832 bytes)
> [    1.547726] Initialise system trusted keyring
> [    1.547726] Initialise system trusted keyring
> [    1.677168] HugeTLB registered 2 MB page size, pre-allocated 0 pages
> [    1.677168] HugeTLB registered 2 MB page size, pre-allocated 0 pages
> [    1.678292] zbud: loaded
> [    1.678292] zbud: loaded
> [    1.678827] VFS: Disk quotas dquot_6.5.2
> [    1.678827] VFS: Disk quotas dquot_6.5.2
> [    1.679482] VFS: Dquot-cache hash table entries: 1024 (order 0, 4096 b=
ytes)
> [    1.679482] VFS: Dquot-cache hash table entries: 1024 (order 0, 4096 b=
ytes)
> [    1.683003] Key type asymmetric registered
> [    1.683003] Key type asymmetric registered
> [    1.683667] Asymmetric key parser 'x509' registered
> [    1.683667] Asymmetric key parser 'x509' registered
> [    1.684445] start plist test
> [    1.684445] start plist test
> [    1.687290] end plist test
> [    1.687290] end plist test
> [    1.704312] crc32: CRC_LE_BITS =3D 1, CRC_BE BITS =3D 1
> [    1.704312] crc32: CRC_LE_BITS =3D 1, CRC_BE BITS =3D 1
> [    1.705112] crc32: self tests passed, processed 225944 bytes in 821828=
5 nsec
> [    1.705112] crc32: self tests passed, processed 225944 bytes in 821828=
5 nsec
> [    1.714411] crc32c: CRC_LE_BITS =3D 1
> [    1.714411] crc32c: CRC_LE_BITS =3D 1
> [    1.714976] crc32c: self tests passed, processed 225944 bytes in 40688=
39 nsec
> [    1.714976] crc32c: self tests passed, processed 225944 bytes in 40688=
39 nsec
> [    2.062703] crc32_combine: 8373 self tests passed
> [    2.062703] crc32_combine: 8373 self tests passed
> [    2.407880] crc32c_combine: 8373 self tests passed
> [    2.407880] crc32c_combine: 8373 self tests passed
> [    2.409465] hgafb: HGA card not detected.
> [    2.409465] hgafb: HGA card not detected.
> [    2.410230] hgafb: probe of hgafb.0 failed with error -22
> [    2.410230] hgafb: probe of hgafb.0 failed with error -22
> [    2.411222] usbcore: registered new interface driver smscufx
> [    2.411222] usbcore: registered new interface driver smscufx
> [    2.412672] input: Power Button as /devices/LNXSYSTM:00/LNXPWRBN:00/in=
put/input0
> [    2.412672] input: Power Button as /devices/LNXSYSTM:00/LNXPWRBN:00/in=
put/input0
> [    2.413880] ACPI: Power Button [PWRF]
> [    2.413880] ACPI: Power Button [PWRF]
> [    2.415559] HDLC line discipline maxframe=3D4096
> [    2.415559] HDLC line discipline maxframe=3D4096
> [    2.416271] N_HDLC line discipline registered.
> [    2.416271] N_HDLC line discipline registered.
> [    2.416973] Serial: 8250/16550 driver, 4 ports, IRQ sharing disabled
> [    2.416973] Serial: 8250/16550 driver, 4 ports, IRQ sharing disabled
> [    2.440788] 00:05: ttyS0 at I/O 0x3f8 (irq =3D 4, base_baud =3D 115200=
) is a 16550A
> [    2.440788] 00:05: ttyS0 at I/O 0x3f8 (irq =3D 4, base_baud =3D 115200=
) is a 16550A
> [    2.446784] Cyclades driver 2.6
> [    2.446784] Cyclades driver 2.6
> [    2.468142] platform pc8736x_gpio.0: NatSemi pc8736x GPIO Driver Initi=
alizing
> [    2.468142] platform pc8736x_gpio.0: NatSemi pc8736x GPIO Driver Initi=
alizing
> [    2.469287] platform pc8736x_gpio.0: no device found
> [    2.469287] platform pc8736x_gpio.0: no device found
> [    2.470216] nsc_gpio initializing
> [    2.470216] nsc_gpio initializing
> [    2.470759] smapi::smapi_init, ERROR invalid usSmapiID
> [    2.470759] smapi::smapi_init, ERROR invalid usSmapiID
> [    2.471564] mwave: tp3780i::tp3780I_InitializeBoardData: Error: SMAPI =
is not available on this machine
> [    2.471564] mwave: tp3780i::tp3780I_InitializeBoardData: Error: SMAPI =
is not available on this machine
> [    2.473012] mwave: mwavedd::mwave_init: Error: Failed to initialize bo=
ard data
> [    2.473012] mwave: mwavedd::mwave_init: Error: Failed to initialize bo=
ard data
> [    2.474128] mwave: mwavedd::mwave_init: Error: Failed to initialize
> [    2.474128] mwave: mwavedd::mwave_init: Error: Failed to initialize
> [    2.475154] [drm] Initialized drm 1.1.0 20060810
> [    2.475154] [drm] Initialized drm 1.1.0 20060810
> [    2.475974] usbcore: registered new interface driver udl
> [    2.475974] usbcore: registered new interface driver udl
> [    2.478325] driver u132_hcd
> [    2.478325] driver u132_hcd
> [    2.479080] usbcore: registered new interface driver wusb-cbaf
> [    2.479080] usbcore: registered new interface driver wusb-cbaf
> [    2.480117] usbcore: registered new interface driver cdc_acm
> [    2.480117] usbcore: registered new interface driver cdc_acm
> [    2.480999] cdc_acm: USB Abstract Control Model driver for USB modems =
and ISDN adapters
> [    2.480999] cdc_acm: USB Abstract Control Model driver for USB modems =
and ISDN adapters
> [    2.482300] usbcore: registered new interface driver cdc_wdm
> [    2.482300] usbcore: registered new interface driver cdc_wdm
> [    2.483247] usbcore: registered new interface driver adutux
> [    2.483247] usbcore: registered new interface driver adutux
> [    2.484194] usbcore: registered new interface driver emi26 - firmware =
loader
> [    2.484194] usbcore: registered new interface driver emi26 - firmware =
loader
> [    2.485356] usbcore: registered new interface driver emi62 - firmware =
loader
> [    2.485356] usbcore: registered new interface driver emi62 - firmware =
loader
> [    2.486456] ftdi_elan: driver ftdi-elan
> [    2.486456] ftdi_elan: driver ftdi-elan
> [    2.487344] usbcore: registered new interface driver ftdi-elan
> [    2.487344] usbcore: registered new interface driver ftdi-elan
> [    2.488322] usbcore: registered new interface driver idmouse
> [    2.488322] usbcore: registered new interface driver idmouse
> [    2.489295] usbcore: registered new interface driver ldusb
> [    2.489295] usbcore: registered new interface driver ldusb
> [    2.490265] usbcore: registered new interface driver usbled
> [    2.490265] usbcore: registered new interface driver usbled
> [    2.491213] usbcore: registered new interface driver legousbtower
> [    2.491213] usbcore: registered new interface driver legousbtower
> [    2.492231] usbcore: registered new interface driver rio500
> [    2.492231] usbcore: registered new interface driver rio500
> [    2.493167] usbcore: registered new interface driver yurex
> [    2.493167] usbcore: registered new interface driver yurex
> [    2.494109] usbcore: registered new interface driver chaoskey
> [    2.494109] usbcore: registered new interface driver chaoskey
> [    2.495079] usbcore: registered new interface driver lvs
> [    2.495079] usbcore: registered new interface driver lvs
> [    2.496066] i8042: PNP: PS/2 Controller [PNP0303:KBD,PNP0f13:MOU] at 0=
x60,0x64 irq 1,12
> [    2.496066] i8042: PNP: PS/2 Controller [PNP0303:KBD,PNP0f13:MOU] at 0=
x60,0x64 irq 1,12
> [    2.498047] serio: i8042 KBD port at 0x60,0x64 irq 1
> [    2.498047] serio: i8042 KBD port at 0x60,0x64 irq 1
> [    2.498866] serio: i8042 AUX port at 0x60,0x64 irq 12
> [    2.498866] serio: i8042 AUX port at 0x60,0x64 irq 12
> [    2.535692] mousedev: PS/2 mouse device common for all mice
> [    2.535692] mousedev: PS/2 mouse device common for all mice
> [    2.536602] evbug: Connected device: input0 (Power Button at LNXPWRBN/=
button/input0)
> [    2.536602] evbug: Connected device: input0 (Power Button at LNXPWRBN/=
button/input0)
> [    2.538239] usbcore: registered new interface driver appletouch
> [    2.538239] usbcore: registered new interface driver appletouch
> [    2.539278] usbcore: registered new interface driver bcm5974
> [    2.539278] usbcore: registered new interface driver bcm5974
> [    2.540670] usbcore: registered new interface driver xpad
> [    2.540670] usbcore: registered new interface driver xpad
> [    2.541725] usbcore: registered new interface driver gtco
> [    2.541725] usbcore: registered new interface driver gtco
> [    2.542644] usbcore: registered new interface driver kbtab
> [    2.542644] usbcore: registered new interface driver kbtab
> [    2.544155] input: PC Speaker as /devices/platform/pcspkr/input/input1
> [    2.544155] input: PC Speaker as /devices/platform/pcspkr/input/input1
> [    2.545189] evbug: Connected device: input1 (PC Speaker at isa0061/inp=
ut0)
> [    2.545189] evbug: Connected device: input1 (PC Speaker at isa0061/inp=
ut0)
> [    2.546365] usbcore: registered new interface driver powermate
> [    2.546365] usbcore: registered new interface driver powermate
> [    2.548112] input: AT Translated Set 2 keyboard as /devices/platform/i=
8042/serio0/input/input2
> [    2.548112] input: AT Translated Set 2 keyboard as /devices/platform/i=
8042/serio0/input/input2
> [    2.549466] evbug: Connected device: input2 (AT Translated Set 2 keybo=
ard at isa0060/serio0/input0)
> [    2.549466] evbug: Connected device: input2 (AT Translated Set 2 keybo=
ard at isa0060/serio0/input0)
> [    2.551153] tsc: Refined TSC clocksource calibration: 2693.508 MHz
> [    2.551153] tsc: Refined TSC clocksource calibration: 2693.508 MHz
> [    2.552132] clocksource tsc: mask: 0xffffffffffffffff max_cycles: 0x26=
d349e8249, max_idle_ns: 440795288087 ns
> [    2.552132] clocksource tsc: mask: 0xffffffffffffffff max_cycles: 0x26=
d349e8249, max_idle_ns: 440795288087 ns
> [    2.553728] wistron_btns: System unknown
> [    2.553728] wistron_btns: System unknown
> [    2.555332] usbcore: registered new interface driver i2c-diolan-u2c
> [    2.555332] usbcore: registered new interface driver i2c-diolan-u2c
> [    2.556325] i2c-parport-light: adapter type unspecified
> [    2.556325] i2c-parport-light: adapter type unspecified
> [    2.557217] usbcore: registered new interface driver RobotFuzz Open So=
urce InterFace, OSIF
> [    2.557217] usbcore: registered new interface driver RobotFuzz Open So=
urce InterFace, OSIF
> [    2.558670] isa i2c-pca-isa.0: Please specify I/O base
> [    2.558670] isa i2c-pca-isa.0: Please specify I/O base
> [    2.559609] Driver for 1-wire Dallas network protocol.
> [    2.559609] Driver for 1-wire Dallas network protocol.
> [    2.560671] usbcore: registered new interface driver DS9490R
> [    2.560671] usbcore: registered new interface driver DS9490R
> [    2.561571] DS1WM w1 busmaster driver - (c) 2004 Szabolcs Gyurko
> [    2.561571] DS1WM w1 busmaster driver - (c) 2004 Szabolcs Gyurko
> [    2.562602] 1-Wire driver for the DS2760 battery monitor chip - (c) 20=
04-2005, Szabolcs Gyurko
> [    2.562602] 1-Wire driver for the DS2760 battery monitor chip - (c) 20=
04-2005, Szabolcs Gyurko
> [    2.564227] power_supply test_ac: uevent
> [    2.564227] power_supply test_ac: uevent
> [    2.564862] power_supply test_ac: POWER_SUPPLY_NAME=3Dtest_ac
> [    2.564862] power_supply test_ac: POWER_SUPPLY_NAME=3Dtest_ac
> [    2.565738] power_supply test_ac: prop ONLINE=3D1
> [    2.565738] power_supply test_ac: prop ONLINE=3D1
> [    2.566469] power_supply test_ac: power_supply_changed
> [    2.566469] power_supply test_ac: power_supply_changed
> [    2.567601] power_supply test_battery: uevent
> [    2.567601] power_supply test_battery: uevent
> [    2.568303] power_supply test_battery: POWER_SUPPLY_NAME=3Dtest_battery
> [    2.568303] power_supply test_battery: POWER_SUPPLY_NAME=3Dtest_battery
> [    2.569311] power_supply test_battery: prop STATUS=3DDischarging
> [    2.569311] power_supply test_battery: prop STATUS=3DDischarging
> [    2.570268] power_supply test_battery: prop CHARGE_TYPE=3DFast
> [    2.570268] power_supply test_battery: prop CHARGE_TYPE=3DFast
> [    2.571157] power_supply test_battery: prop HEALTH=3DGood
> [    2.571157] power_supply test_battery: prop HEALTH=3DGood
> [    2.571980] power_supply test_battery: prop PRESENT=3D1
> [    2.571980] power_supply test_battery: prop PRESENT=3D1
> [    2.572772] power_supply test_battery: prop TECHNOLOGY=3DLi-ion
> [    2.572772] power_supply test_battery: prop TECHNOLOGY=3DLi-ion
> [    2.573668] power_supply test_battery: prop CHARGE_FULL_DESIGN=3D100
> [    2.573668] power_supply test_battery: prop CHARGE_FULL_DESIGN=3D100
> [    2.574647] power_supply test_battery: prop CHARGE_FULL=3D100
> [    2.574647] power_supply test_battery: prop CHARGE_FULL=3D100
> [    2.575521] power_supply test_battery: prop CHARGE_NOW=3D50
> [    2.575521] power_supply test_battery: prop CHARGE_NOW=3D50
> [    2.576382] power_supply test_battery: prop CAPACITY=3D50
> [    2.576382] power_supply test_battery: prop CAPACITY=3D50
> [    2.577202] power_supply test_battery: prop CAPACITY_LEVEL=3DNormal
> [    2.577202] power_supply test_battery: prop CAPACITY_LEVEL=3DNormal
> [    2.578169] power_supply test_battery: prop TIME_TO_EMPTY_AVG=3D3600
> [    2.578169] power_supply test_battery: prop TIME_TO_EMPTY_AVG=3D3600
> [    2.579144] power_supply test_battery: prop TIME_TO_FULL_NOW=3D3600
> [    2.579144] power_supply test_battery: prop TIME_TO_FULL_NOW=3D3600
> [    2.580145] power_supply test_battery: prop MODEL_NAME=3DTest battery
> [    2.580145] power_supply test_battery: prop MODEL_NAME=3DTest battery
> [    2.581123] power_supply test_battery: prop MANUFACTURER=3DLinux
> [    2.581123] power_supply test_battery: prop MANUFACTURER=3DLinux
> [    2.582054] power_supply test_battery: prop SERIAL_NUMBER=3D4.0.0-0581=
9-g2813893
> [    2.582054] power_supply test_battery: prop SERIAL_NUMBER=3D4.0.0-0581=
9-g2813893
> [    2.583191] power_supply test_battery: prop TEMP=3D26
> [    2.583191] power_supply test_battery: prop TEMP=3D26
> [    2.583964] power_supply test_battery: prop VOLTAGE_NOW=3D3300
> [    2.583964] power_supply test_battery: prop VOLTAGE_NOW=3D3300
> [    2.585011] power_supply test_battery: power_supply_changed
> [    2.585011] power_supply test_battery: power_supply_changed
> [    2.586078] power_supply test_usb: uevent
> [    2.586078] power_supply test_usb: uevent
> [    2.586716] power_supply test_usb: POWER_SUPPLY_NAME=3Dtest_usb
> [    2.586716] power_supply test_usb: POWER_SUPPLY_NAME=3Dtest_usb
> [    2.587622] power_supply test_usb: prop ONLINE=3D1
> [    2.587622] power_supply test_usb: prop ONLINE=3D1
> [    2.588361] power_supply test_usb: power_supply_changed
> [    2.588361] power_supply test_usb: power_supply_changed
> [    2.590780] dcdbas dcdbas: Dell Systems Management Base Driver (versio=
n 5.6.0-3.2)
> [    2.590780] dcdbas dcdbas: Dell Systems Management Base Driver (versio=
n 5.6.0-3.2)
> [    2.592958] FPGA DOWNLOAD --->
> [    2.592958] FPGA DOWNLOAD --->
> [    2.593444] FPGA image file name: xlinx_fpga_firmware.bit
> [    2.593444] FPGA image file name: xlinx_fpga_firmware.bit
> [    2.594427] GPIO INIT FAIL!!
> [    2.594427] GPIO INIT FAIL!!
> [    2.595183] power_supply test_ac: power_supply_changed_work
> [    2.595183] power_supply test_ac: power_supply_changed_work
> [    2.596081] power_supply test_ac: uevent
> [    2.596081] power_supply test_ac: uevent
> [    2.596698] power_supply test_ac: POWER_SUPPLY_NAME=3Dtest_ac
> [    2.596698] power_supply test_ac: POWER_SUPPLY_NAME=3Dtest_ac
> [    2.597577] power_supply test_ac: prop ONLINE=3D1
> [    2.597577] power_supply test_ac: prop ONLINE=3D1
> [    2.598305] power_supply test_battery: power_supply_changed_work
> [    2.598305] power_supply test_battery: power_supply_changed_work
> [    2.599282] power_supply test_battery: uevent
> [    2.599282] power_supply test_battery: uevent
> [    2.599967] power_supply test_battery: POWER_SUPPLY_NAME=3Dtest_battery
> [    2.599967] power_supply test_battery: POWER_SUPPLY_NAME=3Dtest_battery
> [    2.600994] power_supply test_battery: prop STATUS=3DDischarging
> [    2.600994] power_supply test_battery: prop STATUS=3DDischarging
> [    2.601920] power_supply test_battery: prop CHARGE_TYPE=3DFast
> [    2.601920] power_supply test_battery: prop CHARGE_TYPE=3DFast
> [    2.602801] power_supply test_battery: prop HEALTH=3DGood
> [    2.602801] power_supply test_battery: prop HEALTH=3DGood
> [    2.603614] power_supply test_battery: prop PRESENT=3D1
> [    2.603614] power_supply test_battery: prop PRESENT=3D1
> [    2.604403] power_supply test_battery: prop TECHNOLOGY=3DLi-ion
> [    2.604403] power_supply test_battery: prop TECHNOLOGY=3DLi-ion
> [    2.605301] power_supply test_battery: prop CHARGE_FULL_DESIGN=3D100
> [    2.605301] power_supply test_battery: prop CHARGE_FULL_DESIGN=3D100
> [    2.606275] power_supply test_battery: prop CHARGE_FULL=3D100
> [    2.606275] power_supply test_battery: prop CHARGE_FULL=3D100
> [    2.607145] power_supply test_battery: prop CHARGE_NOW=3D50
> [    2.607145] power_supply test_battery: prop CHARGE_NOW=3D50
> [    2.607999] power_supply test_battery: prop CAPACITY=3D50
> [    2.607999] power_supply test_battery: prop CAPACITY=3D50
> [    2.608818] power_supply test_battery: prop CAPACITY_LEVEL=3DNormal
> [    2.608818] power_supply test_battery: prop CAPACITY_LEVEL=3DNormal
> [    2.609789] power_supply test_battery: prop TIME_TO_EMPTY_AVG=3D3600
> [    2.609789] power_supply test_battery: prop TIME_TO_EMPTY_AVG=3D3600
> [    2.611137] power_supply test_battery: prop TIME_TO_FULL_NOW=3D3600
> [    2.611137] power_supply test_battery: prop TIME_TO_FULL_NOW=3D3600
> [    2.612143] power_supply test_battery: prop MODEL_NAME=3DTest battery
> [    2.612143] power_supply test_battery: prop MODEL_NAME=3DTest battery
> [    2.613135] power_supply test_battery: prop MANUFACTURER=3DLinux
> [    2.613135] power_supply test_battery: prop MANUFACTURER=3DLinux
> [    2.614046] power_supply test_battery: prop SERIAL_NUMBER=3D4.0.0-0581=
9-g2813893
> [    2.614046] power_supply test_battery: prop SERIAL_NUMBER=3D4.0.0-0581=
9-g2813893
> [    2.615176] power_supply test_battery: prop TEMP=3D26
> [    2.615176] power_supply test_battery: prop TEMP=3D26
> [    2.615947] power_supply test_battery: prop VOLTAGE_NOW=3D3300
> [    2.615947] power_supply test_battery: prop VOLTAGE_NOW=3D3300
> [    2.616934] power_supply test_usb: power_supply_changed_work
> [    2.616934] power_supply test_usb: power_supply_changed_work
> [    2.617834] power_supply test_usb: uevent
> [    2.617834] power_supply test_usb: uevent
> [    2.618461] power_supply test_usb: POWER_SUPPLY_NAME=3Dtest_usb
> [    2.618461] power_supply test_usb: POWER_SUPPLY_NAME=3Dtest_usb
> [    2.619349] power_supply test_usb: prop ONLINE=3D1
> [    2.619349] power_supply test_usb: prop ONLINE=3D1
> [    2.621360] bootconsole [earlyser0] disabled
> [    2.621360] bootconsole [earlyser0] disabled
> [    2.622083] Loading compiled-in X.509 certificates
> [    2.627835] Loaded X.509 cert 'Magrathea: Glacier signing key: c251bf8=
ae0681a79ad6afff17cbd53c67bc2662c'
> [    2.629787] Key type encrypted registered
> [    2.631010]   Magic number: 15:743:581
> [    2.631531] BIOS EDD facility v0.16 2004-Jun-25, 0 devices found
> [    2.632019] EDD information not available.
> [    2.633108] Freeing unused kernel memory: 564K (c1bc3000 - c1c50000)
> [    2.642276] random: init urandom read with 4 bits of entropy available
> [    2.643278] BUG: unable to handle kernel paging request at ffffffee
> [    2.643807] IP: [<c11ed93e>] devpts_new_index+0x25/0x1bd
> [    2.644249] *pdpt =3D 0000000001c50001 *pde =3D 0000000001c51063 *pte =
=3D 0000000000000000=20
> [    2.644897] Oops: 0000 [#1]=20
> [    2.645141] Modules linked in:
> [    2.645400] CPU: 0 PID: 1 Comm: init Not tainted 4.0.0-05819-g2813893 =
#11
> [    2.645932] Hardware name: QEMU Standard PC (i440FX + PIIX, 1996), BIO=
S 1.7.5-20140531_083030-gandalf 04/01/2014
> [    2.646719] task: d084c010 ti: d084e000 task.ti: d084e000
> [    2.647147] EIP: 0060:[<c11ed93e>] EFLAGS: 00010246 CPU: 0
> [    2.647579] EIP is at devpts_new_index+0x25/0x1bd
> [    2.647964] EAX: ffffffea EBX: 00000000 ECX: c1384a75 EDX: 00000000
> [    2.648455] ESI: c23afc38 EDI: cd284cc0 EBP: d084fe00 ESP: d084fdf4
> [    2.648967]  DS: 007b ES: 007b FS: 0000 GS: 00e0 SS: 0068
> [    2.649393] CR0: 80050033 CR2: ffffffee CR3: 124432e0 CR4: 000006b0
> [    2.649891] Stack:
> [    2.650047]  c1384a75 00000000 c23afc38 d084fe18 c1384a8b d0426b60 000=
00000 c23afc38
> [    2.650047]  d0426b60 d084fe38 c1172c22 00000000 cd284cc0 00000000 cd2=
84cc0 d0426b60
> [    2.650047]  00000000 d084fe58 c1169521 00000026 cd284cc8 c11729de cd2=
84cc0 d084ff04
> [    2.650047] Call Trace:
> [    2.650047]  [<c1384a75>] ? ptmx_open+0x6b/0x28b
> [    2.650047]  [<c1384a8b>] ptmx_open+0x81/0x28b
> [    2.650047]  [<c1172c22>] chrdev_open+0x244/0x270
> [    2.650047]  [<c1169521>] do_dentry_open+0x358/0x512
> [    2.650047]  [<c11729de>] ? cdev_put+0x38/0x38
> [    2.650047]  [<c1169739>] vfs_open+0x5e/0x71
> [    2.650047]  [<c1181c8f>] do_last+0xa34/0xde9
> [    2.650047]  [<c11823b1>] path_openat+0x36d/0x89b
> [    2.650047]  [<c1183c10>] do_filp_open+0x33/0xb4
> [    2.650047]  [<c11981ba>] ? __alloc_fd+0x1b5/0x1cd
> [    2.650047]  [<c116b2cf>] do_sys_open+0x22e/0x31e
> [    2.650047]  [<c11982dd>] ? fd_install+0x28/0x39
> [    2.650047]  [<c116b3e5>] SyS_open+0x26/0x44
> [    2.650047]  [<c162f782>] sysenter_do_call+0x12/0x12
> [    2.650047] Code: f4 5b 5e 5f 5d c3 55 89 e5 56 53 51 8b 40 14 81 78 3=
4 d1 1c 00 00 74 16 a1 50 8e 31 c2 83 05 c0 8b 31 c2 01 83 15 c4 8b 31 c2 0=
0 <8b> 40 04 83 05 c8 8b 31 c2 01 83 15 cc 8b 31 c2 00 8b 98 d0 02
> [    2.650047] EIP: [<c11ed93e>] devpts_new_index+0x25/0x1bd SS:ESP 0068:=
d084fdf4
> [    2.650047] CR2: 00000000ffffffee
> [    2.650047] ---[ end trace e7d6454dfe4d6c7f ]---
> [    2.650047] Kernel panic - not syncing: Fatal exception
> [    2.650047] Kernel Offset: disabled
>=20
> Elapsed time: 5
> qemu-system-x86_64 -enable-kvm -cpu kvm64 -kernel /kernel/i386-randconfig=
-r1-0505/2813893f8b197a14f1e1ddb04d99bce46817c84a/vmlinuz-4.0.0-05819-g2813=
893 -append 'hung_task_panic=3D1 earlyprintk=3DttyS0,115200 rd.udev.log-pri=
ority=3Derr systemd.log_target=3Djournal systemd.log_level=3Dwarning debug =
apic=3Ddebug sysrq_always_enabled rcupdate.rcu_cpu_stall_timeout=3D100 pani=
c=3D-1 softlockup_panic=3D1 nmi_watchdog=3Dpanic oops=3Dpanic load_ramdisk=
=3D2 prompt_ramdisk=3D0 console=3DttyS0,115200 console=3Dtty0 vga=3Dnormal =
 root=3D/dev/ram0 rw link=3D/kbuild-tests/run-queue/kvm/i386-randconfig-r1-=
0505/tip:tmp.fpu:2813893f8b197a14f1e1ddb04d99bce46817c84a:bisect-linux-5/.v=
mlinuz-2813893f8b197a14f1e1ddb04d99bce46817c84a-20150506123323-20-ivb41 bra=
nch=3Dtip/tmp.fpu BOOT_IMAGE=3D/kernel/i386-randconfig-r1-0505/2813893f8b19=
7a14f1e1ddb04d99bce46817c84a/vmlinuz-4.0.0-05819-g2813893 drbd.minor_count=
=3D8'  -initrd /kernel-tests/initrd/quantal-core-i386.cgz -m 300 -smp 2 -de=
vice e1000,netdev=3Dnet0 -netdev user,id=3Dnet0 -boot order=3Dnc -no-reboot=
 -watchdog i6300esb -rtc base=3Dlocaltime -drive file=3D/fs/vdisk/disk0-qua=
ntal-ivb41-96,media=3Ddisk,if=3Dvirtio -drive file=3D/fs/vdisk/disk1-quanta=
l-ivb41-96,media=3Ddisk,if=3Dvirtio -drive file=3D/fs/vdisk/disk2-quantal-i=
vb41-96,media=3Ddisk,if=3Dvirtio -drive file=3D/fs/vdisk/disk3-quantal-ivb4=
1-96,media=3Ddisk,if=3Dvirtio -drive file=3D/fs/vdisk/disk4-quantal-ivb41-9=
6,media=3Ddisk,if=3Dvirtio -drive file=3D/fs/vdisk/disk5-quantal-ivb41-96,m=
edia=3Ddisk,if=3Dvirtio -drive file=3D/fs/vdisk/disk6-quantal-ivb41-96,medi=
a=3Ddisk,if=3Dvirtio -pidfile /dev/shm/kboot/pid-quantal-ivb41-96 -serial f=
ile:/dev/shm/kboot/serial-quantal-ivb41-96 -daemonize -display none -monito=
r null=20

> #
> # Automatically generated file; DO NOT EDIT.
> # Linux/i386 4.0.0 Kernel Configuration
> #
> # CONFIG_64BIT is not set
> CONFIG_X86_32=3Dy
> CONFIG_X86=3Dy
> CONFIG_INSTRUCTION_DECODER=3Dy
> CONFIG_OUTPUT_FORMAT=3D"elf32-i386"
> CONFIG_ARCH_DEFCONFIG=3D"arch/x86/configs/i386_defconfig"
> CONFIG_LOCKDEP_SUPPORT=3Dy
> CONFIG_STACKTRACE_SUPPORT=3Dy
> CONFIG_HAVE_LATENCYTOP_SUPPORT=3Dy
> CONFIG_MMU=3Dy
> CONFIG_NEED_SG_DMA_LENGTH=3Dy
> CONFIG_GENERIC_ISA_DMA=3Dy
> CONFIG_GENERIC_BUG=3Dy
> CONFIG_GENERIC_HWEIGHT=3Dy
> CONFIG_ARCH_MAY_HAVE_PC_FDC=3Dy
> CONFIG_RWSEM_XCHGADD_ALGORITHM=3Dy
> CONFIG_GENERIC_CALIBRATE_DELAY=3Dy
> CONFIG_ARCH_HAS_CPU_RELAX=3Dy
> CONFIG_ARCH_HAS_CACHE_LINE_SIZE=3Dy
> CONFIG_HAVE_SETUP_PER_CPU_AREA=3Dy
> CONFIG_NEED_PER_CPU_EMBED_FIRST_CHUNK=3Dy
> CONFIG_NEED_PER_CPU_PAGE_FIRST_CHUNK=3Dy
> CONFIG_ARCH_HIBERNATION_POSSIBLE=3Dy
> CONFIG_ARCH_SUSPEND_POSSIBLE=3Dy
> CONFIG_ARCH_WANT_HUGE_PMD_SHARE=3Dy
> CONFIG_ARCH_WANT_GENERAL_HUGETLB=3Dy
> CONFIG_ARCH_SUPPORTS_OPTIMIZED_INLINING=3Dy
> CONFIG_ARCH_SUPPORTS_DEBUG_PAGEALLOC=3Dy
> CONFIG_ARCH_HWEIGHT_CFLAGS=3D"-fcall-saved-ecx -fcall-saved-edx"
> CONFIG_ARCH_SUPPORTS_UPROBES=3Dy
> CONFIG_FIX_EARLYCON_MEM=3Dy
> CONFIG_PGTABLE_LEVELS=3D3
> CONFIG_DEFCONFIG_LIST=3D"/lib/modules/$UNAME_RELEASE/.config"
> CONFIG_CONSTRUCTORS=3Dy
> CONFIG_IRQ_WORK=3Dy
> CONFIG_BUILDTIME_EXTABLE_SORT=3Dy
>=20
> #
> # General setup
> #
> CONFIG_BROKEN_ON_SMP=3Dy
> CONFIG_INIT_ENV_ARG_LIMIT=3D32
> CONFIG_CROSS_COMPILE=3D""
> # CONFIG_COMPILE_TEST is not set
> CONFIG_LOCALVERSION=3D""
> CONFIG_LOCALVERSION_AUTO=3Dy
> CONFIG_HAVE_KERNEL_GZIP=3Dy
> CONFIG_HAVE_KERNEL_BZIP2=3Dy
> CONFIG_HAVE_KERNEL_LZMA=3Dy
> CONFIG_HAVE_KERNEL_XZ=3Dy
> CONFIG_HAVE_KERNEL_LZO=3Dy
> CONFIG_HAVE_KERNEL_LZ4=3Dy
> # CONFIG_KERNEL_GZIP is not set
> # CONFIG_KERNEL_BZIP2 is not set
> CONFIG_KERNEL_LZMA=3Dy
> # CONFIG_KERNEL_XZ is not set
> # CONFIG_KERNEL_LZO is not set
> # CONFIG_KERNEL_LZ4 is not set
> CONFIG_DEFAULT_HOSTNAME=3D"(none)"
> CONFIG_SYSVIPC=3Dy
> CONFIG_SYSVIPC_SYSCTL=3Dy
> # CONFIG_POSIX_MQUEUE is not set
> CONFIG_CROSS_MEMORY_ATTACH=3Dy
> CONFIG_FHANDLE=3Dy
> CONFIG_USELIB=3Dy
> # CONFIG_AUDIT is not set
> CONFIG_HAVE_ARCH_AUDITSYSCALL=3Dy
>=20
> #
> # IRQ subsystem
> #
> CONFIG_GENERIC_IRQ_PROBE=3Dy
> CONFIG_GENERIC_IRQ_SHOW=3Dy
> CONFIG_IRQ_DOMAIN=3Dy
> CONFIG_IRQ_DOMAIN_DEBUG=3Dy
> CONFIG_IRQ_FORCED_THREADING=3Dy
> CONFIG_SPARSE_IRQ=3Dy
> CONFIG_CLOCKSOURCE_WATCHDOG=3Dy
> CONFIG_ARCH_CLOCKSOURCE_DATA=3Dy
> CONFIG_CLOCKSOURCE_VALIDATE_LAST_CYCLE=3Dy
> CONFIG_GENERIC_TIME_VSYSCALL=3Dy
> CONFIG_GENERIC_CLOCKEVENTS=3Dy
> CONFIG_GENERIC_CLOCKEVENTS_MIN_ADJUST=3Dy
> CONFIG_GENERIC_CMOS_UPDATE=3Dy
>=20
> #
> # Timers subsystem
> #
> CONFIG_TICK_ONESHOT=3Dy
> CONFIG_NO_HZ_COMMON=3Dy
> # CONFIG_HZ_PERIODIC is not set
> CONFIG_NO_HZ_IDLE=3Dy
> # CONFIG_NO_HZ is not set
> CONFIG_HIGH_RES_TIMERS=3Dy
>=20
> #
> # CPU/Task time and stats accounting
> #
> CONFIG_TICK_CPU_ACCOUNTING=3Dy
> # CONFIG_IRQ_TIME_ACCOUNTING is not set
>=20
> #
> # RCU Subsystem
> #
> CONFIG_TINY_RCU=3Dy
> CONFIG_SRCU=3Dy
> # CONFIG_TASKS_RCU is not set
> CONFIG_RCU_STALL_COMMON=3Dy
> # CONFIG_TREE_RCU_TRACE is not set
> CONFIG_RCU_KTHREAD_PRIO=3D0
> # CONFIG_RCU_EXPEDITE_BOOT is not set
> CONFIG_BUILD_BIN2C=3Dy
> CONFIG_IKCONFIG=3Dy
> CONFIG_IKCONFIG_PROC=3Dy
> CONFIG_LOG_BUF_SHIFT=3D17
> CONFIG_HAVE_UNSTABLE_SCHED_CLOCK=3Dy
> CONFIG_CGROUPS=3Dy
> CONFIG_CGROUP_DEBUG=3Dy
> # CONFIG_CGROUP_FREEZER is not set
> # CONFIG_CGROUP_DEVICE is not set
> CONFIG_CPUSETS=3Dy
> # CONFIG_PROC_PID_CPUSET is not set
> # CONFIG_CGROUP_CPUACCT is not set
> CONFIG_PAGE_COUNTER=3Dy
> CONFIG_MEMCG=3Dy
> # CONFIG_MEMCG_KMEM is not set
> CONFIG_CGROUP_HUGETLB=3Dy
> CONFIG_CGROUP_PERF=3Dy
> CONFIG_CGROUP_SCHED=3Dy
> CONFIG_FAIR_GROUP_SCHED=3Dy
> CONFIG_CFS_BANDWIDTH=3Dy
> # CONFIG_RT_GROUP_SCHED is not set
> # CONFIG_CHECKPOINT_RESTORE is not set
> CONFIG_SCHED_AUTOGROUP=3Dy
> # CONFIG_SYSFS_DEPRECATED is not set
> CONFIG_RELAY=3Dy
> CONFIG_BLK_DEV_INITRD=3Dy
> CONFIG_INITRAMFS_SOURCE=3D""
> CONFIG_RD_GZIP=3Dy
> CONFIG_RD_BZIP2=3Dy
> CONFIG_RD_LZMA=3Dy
> CONFIG_RD_XZ=3Dy
> CONFIG_RD_LZO=3Dy
> CONFIG_RD_LZ4=3Dy
> CONFIG_CC_OPTIMIZE_FOR_SIZE=3Dy
> CONFIG_SYSCTL=3Dy
> CONFIG_ANON_INODES=3Dy
> CONFIG_HAVE_UID16=3Dy
> CONFIG_SYSCTL_EXCEPTION_TRACE=3Dy
> CONFIG_HAVE_PCSPKR_PLATFORM=3Dy
> CONFIG_BPF=3Dy
> CONFIG_EXPERT=3Dy
> # CONFIG_MULTIUSER is not set
> # CONFIG_SGETMASK_SYSCALL is not set
> # CONFIG_SYSFS_SYSCALL is not set
> # CONFIG_SYSCTL_SYSCALL is not set
> CONFIG_KALLSYMS=3Dy
> CONFIG_KALLSYMS_ALL=3Dy
> CONFIG_PRINTK=3Dy
> CONFIG_BUG=3Dy
> # CONFIG_ELF_CORE is not set
> CONFIG_PCSPKR_PLATFORM=3Dy
> # CONFIG_BASE_FULL is not set
> CONFIG_FUTEX=3Dy
> CONFIG_EPOLL=3Dy
> CONFIG_SIGNALFD=3Dy
> CONFIG_TIMERFD=3Dy
> CONFIG_EVENTFD=3Dy
> # CONFIG_BPF_SYSCALL is not set
> # CONFIG_SHMEM is not set
> # CONFIG_AIO is not set
> CONFIG_ADVISE_SYSCALLS=3Dy
> CONFIG_PCI_QUIRKS=3Dy
> CONFIG_EMBEDDED=3Dy
> CONFIG_HAVE_PERF_EVENTS=3Dy
>=20
> #
> # Kernel Performance Events And Counters
> #
> CONFIG_PERF_EVENTS=3Dy
> # CONFIG_DEBUG_PERF_USE_VMALLOC is not set
> # CONFIG_VM_EVENT_COUNTERS is not set
> CONFIG_COMPAT_BRK=3Dy
> CONFIG_SLAB=3Dy
> # CONFIG_SLUB is not set
> # CONFIG_SLOB is not set
> CONFIG_SYSTEM_TRUSTED_KEYRING=3Dy
> # CONFIG_PROFILING is not set
> CONFIG_HAVE_OPROFILE=3Dy
> CONFIG_OPROFILE_NMI_TIMER=3Dy
> CONFIG_KPROBES=3Dy
> # CONFIG_JUMP_LABEL is not set
> CONFIG_OPTPROBES=3Dy
> # CONFIG_UPROBES is not set
> # CONFIG_HAVE_64BIT_ALIGNED_ACCESS is not set
> CONFIG_HAVE_EFFICIENT_UNALIGNED_ACCESS=3Dy
> CONFIG_ARCH_USE_BUILTIN_BSWAP=3Dy
> CONFIG_KRETPROBES=3Dy
> CONFIG_HAVE_IOREMAP_PROT=3Dy
> CONFIG_HAVE_KPROBES=3Dy
> CONFIG_HAVE_KRETPROBES=3Dy
> CONFIG_HAVE_OPTPROBES=3Dy
> CONFIG_HAVE_KPROBES_ON_FTRACE=3Dy
> CONFIG_HAVE_ARCH_TRACEHOOK=3Dy
> CONFIG_HAVE_DMA_ATTRS=3Dy
> CONFIG_HAVE_DMA_CONTIGUOUS=3Dy
> CONFIG_GENERIC_SMP_IDLE_THREAD=3Dy
> CONFIG_HAVE_REGS_AND_STACK_ACCESS_API=3Dy
> CONFIG_HAVE_DMA_API_DEBUG=3Dy
> CONFIG_HAVE_HW_BREAKPOINT=3Dy
> CONFIG_HAVE_MIXED_BREAKPOINTS_REGS=3Dy
> CONFIG_HAVE_USER_RETURN_NOTIFIER=3Dy
> CONFIG_HAVE_PERF_EVENTS_NMI=3Dy
> CONFIG_HAVE_PERF_REGS=3Dy
> CONFIG_HAVE_PERF_USER_STACK_DUMP=3Dy
> CONFIG_HAVE_ARCH_JUMP_LABEL=3Dy
> CONFIG_ARCH_HAVE_NMI_SAFE_CMPXCHG=3Dy
> CONFIG_HAVE_CMPXCHG_LOCAL=3Dy
> CONFIG_HAVE_CMPXCHG_DOUBLE=3Dy
> CONFIG_ARCH_WANT_IPC_PARSE_VERSION=3Dy
> CONFIG_HAVE_ARCH_SECCOMP_FILTER=3Dy
> CONFIG_HAVE_CC_STACKPROTECTOR=3Dy
> CONFIG_CC_STACKPROTECTOR=3Dy
> # CONFIG_CC_STACKPROTECTOR_NONE is not set
> CONFIG_CC_STACKPROTECTOR_REGULAR=3Dy
> # CONFIG_CC_STACKPROTECTOR_STRONG is not set
> CONFIG_HAVE_IRQ_TIME_ACCOUNTING=3Dy
> CONFIG_HAVE_ARCH_TRANSPARENT_HUGEPAGE=3Dy
> CONFIG_HAVE_ARCH_HUGE_VMAP=3Dy
> CONFIG_MODULES_USE_ELF_REL=3Dy
> CONFIG_ARCH_HAS_ELF_RANDOMIZE=3Dy
> CONFIG_CLONE_BACKWARDS=3Dy
> CONFIG_OLD_SIGSUSPEND3=3Dy
> CONFIG_OLD_SIGACTION=3Dy
>=20
> #
> # GCOV-based kernel profiling
> #
> CONFIG_GCOV_KERNEL=3Dy
> CONFIG_ARCH_HAS_GCOV_PROFILE_ALL=3Dy
> CONFIG_GCOV_PROFILE_ALL=3Dy
> # CONFIG_GCOV_FORMAT_AUTODETECT is not set
> # CONFIG_GCOV_FORMAT_3_4 is not set
> CONFIG_GCOV_FORMAT_4_7=3Dy
> CONFIG_HAVE_GENERIC_DMA_COHERENT=3Dy
> CONFIG_SLABINFO=3Dy
> CONFIG_RT_MUTEXES=3Dy
> CONFIG_BASE_SMALL=3D1
> CONFIG_MODULES=3Dy
> # CONFIG_MODULE_FORCE_LOAD is not set
> # CONFIG_MODULE_UNLOAD is not set
> CONFIG_MODVERSIONS=3Dy
> # CONFIG_MODULE_SRCVERSION_ALL is not set
> CONFIG_MODULE_SIG=3Dy
> CONFIG_MODULE_SIG_FORCE=3Dy
> CONFIG_MODULE_SIG_ALL=3Dy
> # CONFIG_MODULE_SIG_SHA1 is not set
> CONFIG_MODULE_SIG_SHA224=3Dy
> # CONFIG_MODULE_SIG_SHA256 is not set
> # CONFIG_MODULE_SIG_SHA384 is not set
> # CONFIG_MODULE_SIG_SHA512 is not set
> CONFIG_MODULE_SIG_HASH=3D"sha224"
> # CONFIG_MODULE_COMPRESS is not set
> # CONFIG_BLOCK is not set
> CONFIG_ASN1=3Dy
> CONFIG_UNINLINE_SPIN_UNLOCK=3Dy
> CONFIG_ARCH_SUPPORTS_ATOMIC_RMW=3Dy
> CONFIG_ARCH_USE_QUEUE_RWLOCK=3Dy
> CONFIG_FREEZER=3Dy
>=20
> #
> # Processor type and features
> #
> CONFIG_ZONE_DMA=3Dy
> # CONFIG_SMP is not set
> CONFIG_X86_FEATURE_NAMES=3Dy
> CONFIG_X86_EXTENDED_PLATFORM=3Dy
> # CONFIG_X86_GOLDFISH is not set
> # CONFIG_X86_INTEL_LPSS is not set
> # CONFIG_X86_AMD_PLATFORM_DEVICE is not set
> # CONFIG_IOSF_MBI is not set
> CONFIG_X86_RDC321X=3Dy
> CONFIG_X86_32_IRIS=3Dm
> # CONFIG_SCHED_OMIT_FRAME_POINTER is not set
> CONFIG_HYPERVISOR_GUEST=3Dy
> CONFIG_PARAVIRT=3Dy
> # CONFIG_PARAVIRT_DEBUG is not set
> # CONFIG_XEN is not set
> CONFIG_KVM_GUEST=3Dy
> # CONFIG_KVM_DEBUG_FS is not set
> # CONFIG_LGUEST_GUEST is not set
> # CONFIG_PARAVIRT_TIME_ACCOUNTING is not set
> CONFIG_PARAVIRT_CLOCK=3Dy
> CONFIG_NO_BOOTMEM=3Dy
> # CONFIG_M486 is not set
> # CONFIG_M586 is not set
> # CONFIG_M586TSC is not set
> # CONFIG_M586MMX is not set
> # CONFIG_M686 is not set
> # CONFIG_MPENTIUMII is not set
> # CONFIG_MPENTIUMIII is not set
> # CONFIG_MPENTIUMM is not set
> # CONFIG_MPENTIUM4 is not set
> # CONFIG_MK6 is not set
> # CONFIG_MK7 is not set
> # CONFIG_MK8 is not set
> # CONFIG_MCRUSOE is not set
> # CONFIG_MEFFICEON is not set
> # CONFIG_MWINCHIPC6 is not set
> # CONFIG_MWINCHIP3D is not set
> # CONFIG_MELAN is not set
> CONFIG_MGEODEGX1=3Dy
> # CONFIG_MGEODE_LX is not set
> # CONFIG_MCYRIXIII is not set
> # CONFIG_MVIAC3_2 is not set
> # CONFIG_MVIAC7 is not set
> # CONFIG_MCORE2 is not set
> # CONFIG_MATOM is not set
> CONFIG_X86_GENERIC=3Dy
> CONFIG_X86_INTERNODE_CACHE_SHIFT=3D6
> CONFIG_X86_L1_CACHE_SHIFT=3D6
> CONFIG_X86_PPRO_FENCE=3Dy
> CONFIG_X86_ALIGNMENT_16=3Dy
> CONFIG_X86_INTEL_USERCOPY=3Dy
> CONFIG_X86_TSC=3Dy
> CONFIG_X86_CMPXCHG64=3Dy
> CONFIG_X86_MINIMUM_CPU_FAMILY=3D5
> CONFIG_X86_DEBUGCTLMSR=3Dy
> CONFIG_PROCESSOR_SELECT=3Dy
> # CONFIG_CPU_SUP_INTEL is not set
> CONFIG_CPU_SUP_CYRIX_32=3Dy
> CONFIG_CPU_SUP_AMD=3Dy
> CONFIG_CPU_SUP_CENTAUR=3Dy
> # CONFIG_CPU_SUP_TRANSMETA_32 is not set
> # CONFIG_CPU_SUP_UMC_32 is not set
> CONFIG_HPET_TIMER=3Dy
> CONFIG_DMI=3Dy
> CONFIG_NR_CPUS=3D1
> CONFIG_PREEMPT_NONE=3Dy
> # CONFIG_PREEMPT_VOLUNTARY is not set
> # CONFIG_PREEMPT is not set
> CONFIG_PREEMPT_COUNT=3Dy
> # CONFIG_X86_UP_APIC is not set
> # CONFIG_X86_MCE is not set
> CONFIG_VM86=3Dy
> CONFIG_X86_16BIT=3Dy
> CONFIG_X86_ESPFIX32=3Dy
> CONFIG_TOSHIBA=3Dm
> CONFIG_I8K=3Dm
> CONFIG_X86_REBOOTFIXUPS=3Dy
> # CONFIG_MICROCODE is not set
> # CONFIG_X86_MSR is not set
> CONFIG_X86_CPUID=3Dy
> # CONFIG_NOHIGHMEM is not set
> # CONFIG_HIGHMEM4G is not set
> CONFIG_HIGHMEM64G=3Dy
> CONFIG_VMSPLIT_3G=3Dy
> # CONFIG_VMSPLIT_2G is not set
> # CONFIG_VMSPLIT_1G is not set
> CONFIG_PAGE_OFFSET=3D0xC0000000
> CONFIG_HIGHMEM=3Dy
> CONFIG_X86_PAE=3Dy
> CONFIG_ARCH_PHYS_ADDR_T_64BIT=3Dy
> CONFIG_ARCH_DMA_ADDR_T_64BIT=3Dy
> CONFIG_NEED_NODE_MEMMAP_SIZE=3Dy
> CONFIG_ARCH_FLATMEM_ENABLE=3Dy
> CONFIG_ARCH_SPARSEMEM_ENABLE=3Dy
> CONFIG_ARCH_SELECT_MEMORY_MODEL=3Dy
> CONFIG_ILLEGAL_POINTER_VALUE=3D0
> CONFIG_SELECT_MEMORY_MODEL=3Dy
> # CONFIG_FLATMEM_MANUAL is not set
> CONFIG_SPARSEMEM_MANUAL=3Dy
> CONFIG_SPARSEMEM=3Dy
> CONFIG_HAVE_MEMORY_PRESENT=3Dy
> CONFIG_SPARSEMEM_STATIC=3Dy
> CONFIG_HAVE_MEMBLOCK=3Dy
> CONFIG_HAVE_MEMBLOCK_NODE_MAP=3Dy
> CONFIG_ARCH_DISCARD_MEMBLOCK=3Dy
> CONFIG_MEMORY_ISOLATION=3Dy
> # CONFIG_HAVE_BOOTMEM_INFO_NODE is not set
> # CONFIG_MEMORY_HOTPLUG is not set
> CONFIG_SPLIT_PTLOCK_CPUS=3D4
> CONFIG_ARCH_ENABLE_SPLIT_PMD_PTLOCK=3Dy
> CONFIG_COMPACTION=3Dy
> CONFIG_MIGRATION=3Dy
> CONFIG_PHYS_ADDR_T_64BIT=3Dy
> CONFIG_ZONE_DMA_FLAG=3D1
> CONFIG_VIRT_TO_BUS=3Dy
> CONFIG_KSM=3Dy
> CONFIG_DEFAULT_MMAP_MIN_ADDR=3D4096
> # CONFIG_TRANSPARENT_HUGEPAGE is not set
> CONFIG_NEED_PER_CPU_KM=3Dy
> CONFIG_CLEANCACHE=3Dy
> CONFIG_CMA=3Dy
> CONFIG_CMA_DEBUG=3Dy
> CONFIG_CMA_DEBUGFS=3Dy
> CONFIG_CMA_AREAS=3D7
> # CONFIG_ZPOOL is not set
> CONFIG_ZBUD=3Dy
> # CONFIG_ZSMALLOC is not set
> CONFIG_GENERIC_EARLY_IOREMAP=3Dy
> # CONFIG_HIGHPTE is not set
> CONFIG_X86_CHECK_BIOS_CORRUPTION=3Dy
> CONFIG_X86_BOOTPARAM_MEMORY_CORRUPTION_CHECK=3Dy
> CONFIG_X86_RESERVE_LOW=3D64
> # CONFIG_MATH_EMULATION is not set
> # CONFIG_MTRR is not set
> # CONFIG_ARCH_RANDOM is not set
> CONFIG_X86_SMAP=3Dy
> # CONFIG_EFI is not set
> # CONFIG_SECCOMP is not set
> CONFIG_HZ_100=3Dy
> # CONFIG_HZ_250 is not set
> # CONFIG_HZ_300 is not set
> # CONFIG_HZ_1000 is not set
> CONFIG_HZ=3D100
> CONFIG_SCHED_HRTICK=3Dy
> # CONFIG_KEXEC is not set
> # CONFIG_CRASH_DUMP is not set
> CONFIG_PHYSICAL_START=3D0x1000000
> CONFIG_RELOCATABLE=3Dy
> # CONFIG_RANDOMIZE_BASE is not set
> CONFIG_X86_NEED_RELOCS=3Dy
> CONFIG_PHYSICAL_ALIGN=3D0x200000
> # CONFIG_COMPAT_VDSO is not set
> # CONFIG_CMDLINE_BOOL is not set
> CONFIG_ARCH_ENABLE_MEMORY_HOTPLUG=3Dy
>=20
> #
> # Power management and ACPI options
> #
> CONFIG_SUSPEND=3Dy
> CONFIG_SUSPEND_FREEZER=3Dy
> CONFIG_PM_SLEEP=3Dy
> # CONFIG_PM_AUTOSLEEP is not set
> # CONFIG_PM_WAKELOCKS is not set
> CONFIG_PM=3Dy
> CONFIG_PM_DEBUG=3Dy
> CONFIG_PM_ADVANCED_DEBUG=3Dy
> # CONFIG_PM_TEST_SUSPEND is not set
> CONFIG_PM_SLEEP_DEBUG=3Dy
> CONFIG_PM_TRACE=3Dy
> CONFIG_PM_TRACE_RTC=3Dy
> CONFIG_WQ_POWER_EFFICIENT_DEFAULT=3Dy
> CONFIG_ACPI=3Dy
> CONFIG_ACPI_LEGACY_TABLES_LOOKUP=3Dy
> CONFIG_ARCH_MIGHT_HAVE_ACPI_PDC=3Dy
> CONFIG_ACPI_SLEEP=3Dy
> # CONFIG_ACPI_PROCFS_POWER is not set
> # CONFIG_ACPI_EC_DEBUGFS is not set
> CONFIG_ACPI_AC=3Dy
> CONFIG_ACPI_BATTERY=3Dy
> CONFIG_ACPI_BUTTON=3Dy
> # CONFIG_ACPI_VIDEO is not set
> CONFIG_ACPI_FAN=3Dy
> # CONFIG_ACPI_DOCK is not set
> CONFIG_ACPI_PROCESSOR=3Dy
> # CONFIG_ACPI_IPMI is not set
> # CONFIG_ACPI_PROCESSOR_AGGREGATOR is not set
> CONFIG_ACPI_THERMAL=3Dy
> # CONFIG_ACPI_CUSTOM_DSDT is not set
> # CONFIG_ACPI_INITRD_TABLE_OVERRIDE is not set
> # CONFIG_ACPI_DEBUG is not set
> # CONFIG_ACPI_PCI_SLOT is not set
> CONFIG_X86_PM_TIMER=3Dy
> # CONFIG_ACPI_CONTAINER is not set
> # CONFIG_ACPI_SBS is not set
> # CONFIG_ACPI_HED is not set
> # CONFIG_ACPI_CUSTOM_METHOD is not set
> # CONFIG_ACPI_REDUCED_HARDWARE_ONLY is not set
> CONFIG_HAVE_ACPI_APEI=3Dy
> CONFIG_HAVE_ACPI_APEI_NMI=3Dy
> # CONFIG_ACPI_APEI is not set
> # CONFIG_PMIC_OPREGION is not set
> CONFIG_SFI=3Dy
> CONFIG_X86_APM_BOOT=3Dy
> CONFIG_APM=3Dm
> # CONFIG_APM_IGNORE_USER_SUSPEND is not set
> CONFIG_APM_DO_ENABLE=3Dy
> # CONFIG_APM_CPU_IDLE is not set
> # CONFIG_APM_DISPLAY_BLANK is not set
> CONFIG_APM_ALLOW_INTS=3Dy
>=20
> #
> # CPU Frequency scaling
> #
> # CONFIG_CPU_FREQ is not set
>=20
> #
> # CPU Idle
> #
