Return-Path: <owner-linux-mm@kvack.org>
Received: from mail-pa0-f41.google.com (mail-pa0-f41.google.com [209.85.220.41])
	by kanga.kvack.org (Postfix) with ESMTP id 43C846B0257
	for <linux-mm@kvack.org>; Mon,  7 Dec 2015 04:00:01 -0500 (EST)
Received: by pacej9 with SMTP id ej9so122114908pac.2
        for <linux-mm@kvack.org>; Mon, 07 Dec 2015 01:00:01 -0800 (PST)
Received: from mga01.intel.com (mga01.intel.com. [192.55.52.88])
        by mx.google.com with ESMTP id 68si50258pfi.137.2015.12.07.01.00.00
        for <linux-mm@kvack.org>;
        Mon, 07 Dec 2015 01:00:00 -0800 (PST)
Date: Mon, 7 Dec 2015 16:59:56 +0800
From: Aaron Lu <aaron.lu@intel.com>
Subject: Re: [RFC 0/3] reduce latency of direct async compaction
Message-ID: <20151207085956.GA16783@aaronlu.sh.intel.com>
References: <1449130247-8040-1-git-send-email-vbabka@suse.cz>
 <20151203092525.GA20945@aaronlu.sh.intel.com>
 <56600DAA.4050208@suse.cz>
 <20151203113508.GA23780@aaronlu.sh.intel.com>
 <20151203115255.GA24773@aaronlu.sh.intel.com>
 <56618841.2080808@suse.cz>
 <20151207073523.GA27292@js1304-P5Q-DELUXE>
MIME-Version: 1.0
Content-Type: multipart/mixed; boundary="FCuugMFkClbJLl1L"
Content-Disposition: inline
In-Reply-To: <20151207073523.GA27292@js1304-P5Q-DELUXE>
Sender: owner-linux-mm@kvack.org
List-ID: <linux-mm.kvack.org>
To: Joonsoo Kim <iamjoonsoo.kim@lge.com>
Cc: Vlastimil Babka <vbabka@suse.cz>, linux-mm@kvack.org, linux-kernel@vger.kernel.org, Rik van Riel <riel@redhat.com>, David Rientjes <rientjes@google.com>, Mel Gorman <mgorman@suse.de>, Minchan Kim <minchan@kernel.org>


--FCuugMFkClbJLl1L
Content-Type: text/plain; charset=us-ascii
Content-Disposition: inline

On Mon, Dec 07, 2015 at 04:35:24PM +0900, Joonsoo Kim wrote:
> It looks like overhead still remain. I guess that migration scanner
> would call pageblock_pfn_to_page() for more extended range so
> overhead still remain.
> 
> I have an idea to solve his problem. Aaron, could you test following patch
> on top of base? It tries to skip calling pageblock_pfn_to_page()

It doesn't apply on top of 25364a9e54fb8296837061bf684b76d20eec01fb
cleanly, so I made some changes to make it apply and the result is:
https://github.com/aaronlu/linux/commit/cb8d05829190b806ad3948ff9b9e08c8ba1daf63

There is a problem occured right after the test starts:
[   58.080962] BUG: unable to handle kernel paging request at ffffea0082000018
[   58.089124] IP: [<ffffffff81193f29>] compaction_alloc+0xf9/0x270
[   58.096109] PGD 107ffd6067 PUD 207f7d5067 PMD 0
[   58.101569] Oops: 0000 [#1] SMP 

The full dmesg is attached.

Regards,
Aaron

> if we check that zone is contiguous at initialization stage.
> 
> Thanks.
> 
> ---->8----
> From 9c4fbf8f8ed37eb88a04a97908e76ba2437404a2 Mon Sep 17 00:00:00 2001
> From: Joonsoo Kim <iamjoonsoo.kim@lge.com>
> Date: Mon, 7 Dec 2015 14:51:42 +0900
> Subject: [PATCH] mm/compaction: Optimize pageblock_pfn_to_page() for
>  contiguous zone
> 
> Signed-off-by: Joonsoo Kim <iamjoonsoo.kim@lge.com>
> ---
>  include/linux/mmzone.h |  1 +
>  mm/compaction.c        | 35 ++++++++++++++++++++++++++++++++++-
>  2 files changed, 35 insertions(+), 1 deletion(-)
> 
> diff --git a/include/linux/mmzone.h b/include/linux/mmzone.h
> index e23a9e7..573f9a9 100644
> --- a/include/linux/mmzone.h
> +++ b/include/linux/mmzone.h
> @@ -521,6 +521,7 @@ struct zone {
>  #endif
>  
>  #if defined CONFIG_COMPACTION || defined CONFIG_CMA
> +       int                     contiguous;
>         /* Set to true when the PG_migrate_skip bits should be cleared */
>         bool                    compact_blockskip_flush;
>  #endif
> diff --git a/mm/compaction.c b/mm/compaction.c
> index 67b8d90..f4e8c89 100644
> --- a/mm/compaction.c
> +++ b/mm/compaction.c
> @@ -88,7 +88,7 @@ static inline bool migrate_async_suitable(int migratetype)
>   * the first and last page of a pageblock and avoid checking each individual
>   * page in a pageblock.
>   */
> -static struct page *pageblock_pfn_to_page(unsigned long start_pfn,
> +static struct page *__pageblock_pfn_to_page(unsigned long start_pfn,
>                                 unsigned long end_pfn, struct zone *zone)
>  {
>         struct page *start_page;
> @@ -114,6 +114,37 @@ static struct page *pageblock_pfn_to_page(unsigned long start_pfn,
>         return start_page;
>  }
>  
> +static inline struct page *pageblock_pfn_to_page(unsigned long start_pfn,
> +                               unsigned long end_pfn, struct zone *zone)
> +{
> +       if (zone->contiguous == 1)
> +               return pfn_to_page(start_pfn);
> +
> +       return __pageblock_pfn_to_page(start_pfn, end_pfn, zone);
> +}
> +
> +static void check_zone_contiguous(struct zone *zone)
> +{
> +       unsigned long pfn = zone->zone_start_pfn;
> +       unsigned long end_pfn = zone_end_pfn(zone);
> +
> +       /* Already checked */
> +       if (zone->contiguous)
> +               return;
> +
> +       pfn = ALIGN(pfn + 1, pageblock_nr_pages);
> +       for (; pfn < end_pfn; pfn += pageblock_nr_pages) {
> +               if (!__pageblock_pfn_to_page(pfn, end_pfn, zone)) {
> +                       /* We have hole */
> +                       zone->contiguous = -1;
> +                       return;
> +               }
> +       }
> +
> +       /* We don't have hole */
> +       zone->contiguous = 1;
> +}
> +
>  #ifdef CONFIG_COMPACTION
>  
>  /* Do not skip compaction more than 64 times */
> @@ -1353,6 +1384,8 @@ static int compact_zone(struct zone *zone, struct compact_control *cc)
>                 ;
>         }
>  
> +       check_zone_contiguous(zone);
> +
>         /*
>          * Clear pageblock skip if there were failures recently and compaction
>          * is about to be retried after being deferred. kswapd does not do
> -- 
> 1.9.1
> 
> 

--FCuugMFkClbJLl1L
Content-Type: text/plain; charset=us-ascii
Content-Disposition: attachment; filename=dmesg
Content-Transfer-Encoding: quoted-printable

early console in decompress_kernel
input_data: 0x000000207edd03b4
input_len: 0x00000000006adf26
output: 0x000000207e000000
output_len: 0x000000000146c960
run_size: 0x000000000169b000

Decompressing Linux... Parsing ELF... done.
Booting the kernel.
[    0.000000] Initializing cgroup subsys cpuset
[    0.000000] Initializing cgroup subsys cpu
[    0.000000] Linux version 4.4.0-rc3-00025-gcb8d058 (kbuild@lkp-nex05) (g=
cc version 4.9.2 (Debian 4.9.2-10) ) #1 SMP Mon Dec 7 16:32:43 CST 2015
[    0.000000] Command line: root=3D/dev/ram0 user=3Daaron job=3D/lkp/sched=
uled/lkp-hsw-ep2/vip_swap-performance-always-always-x86_64-rhel-cb8d0582919=
0b806ad3948ff9b9e08c8ba1daf63-20151207-55614-1vodm4t-3.yaml ARCH=3Dx86_64 k=
config=3Dx86_64-rhel branch=3Daaron/kim commit=3Dcb8d05829190b806ad3948ff9b=
9e08c8ba1daf63 BOOT_IMAGE=3D/pkg/linux/x86_64-rhel/gcc-4.9/cb8d05829190b806=
ad3948ff9b9e08c8ba1daf63/vmlinuz-4.4.0-rc3-00025-gcb8d058 max_uptime=3D1121=
 RESULT_ROOT=3D/result/swap/performance-always-always/lkp-hsw-ep2/debian-x8=
6_64-2015-02-07.cgz/x86_64-rhel/gcc-4.9/cb8d05829190b806ad3948ff9b9e08c8ba1=
daf63/0 LKP_SERVER=3Dinn earlyprintk=3DttyS0,115200 systemd.log_level=3Derr=
 debug apic=3Ddebug sysrq_always_enabled rcupdate.rcu_cpu_stall_timeout=3D1=
00 panic=3D-1 softlockup_panic=3D1 nmi_watchdog=3Dpanic oops=3Dpanic load_r=
amdisk=3D2 prompt_ramdisk=3D0 console=3DttyS0,115200 console=3Dtty0 vga=3Dn=
ormal rw ip=3D::::lkp-hsw-ep2::dhcp
[    0.000000] x86/fpu: xstate_offset[2]:  576, xstate_sizes[2]:  256
[    0.000000] x86/fpu: Supporting XSAVE feature 0x01: 'x87 floating point =
registers'
[    0.000000] x86/fpu: Supporting XSAVE feature 0x02: 'SSE registers'
[    0.000000] x86/fpu: Supporting XSAVE feature 0x04: 'AVX registers'
[    0.000000] x86/fpu: Enabled xstate features 0x7, context size is 832 by=
tes, using 'standard' format.
[    0.000000] x86/fpu: Using 'eager' FPU context switches.
[    0.000000] e820: BIOS-provided physical RAM map:
[    0.000000] BIOS-e820: [mem 0x0000000000000100-0x000000000009b3ff] usable
[    0.000000] BIOS-e820: [mem 0x000000000009b400-0x000000000009ffff] reser=
ved
[    0.000000] BIOS-e820: [mem 0x00000000000e0000-0x00000000000fffff] reser=
ved
[    0.000000] BIOS-e820: [mem 0x0000000000100000-0x0000000076230fff] usable
[    0.000000] BIOS-e820: [mem 0x0000000076231000-0x00000000762ddfff] ACPI =
data
[    0.000000] BIOS-e820: [mem 0x00000000762de000-0x000000007a1d2fff] usable
[    0.000000] BIOS-e820: [mem 0x000000007a1d3000-0x000000007accefff] reser=
ved
[    0.000000] BIOS-e820: [mem 0x000000007accf000-0x000000007b6fefff] ACPI =
NVS
[    0.000000] BIOS-e820: [mem 0x000000007b6ff000-0x000000007b7d6fff] ACPI =
data
[    0.000000] BIOS-e820: [mem 0x000000007b7d7000-0x000000007b7fffff] usable
[    0.000000] BIOS-e820: [mem 0x000000007b800000-0x000000008fffffff] reser=
ved
[    0.000000] BIOS-e820: [mem 0x00000000fed1c000-0x00000000fed1ffff] reser=
ved
[    0.000000] BIOS-e820: [mem 0x00000000ff400000-0x00000000ffffffff] reser=
ved
[    0.000000] BIOS-e820: [mem 0x0000000100000000-0x000000207fffffff] usable
[    0.000000] bootconsole [earlyser0] enabled
[    0.000000] NX (Execute Disable) protection: active
[    0.000000] SMBIOS 2.7 present.
[    0.000000] DMI: Intel Corporation S2600WTT/S2600WTT, BIOS SE5C610.86B.0=
1.01.0008.021120151325 02/11/2015
[    0.000000] e820: update [mem 0x00000000-0x00000fff] usable =3D=3D> rese=
rved
[    0.000000] e820: remove [mem 0x000a0000-0x000fffff] usable
[    0.000000] e820: last_pfn =3D 0x2080000 max_arch_pfn =3D 0x400000000
[    0.000000] MTRR default type: write-back
[    0.000000] MTRR fixed ranges enabled:
[    0.000000]   00000-9FFFF write-back
[    0.000000]   A0000-BFFFF uncachable
[    0.000000]   C0000-FFFFF write-protect
[    0.000000] MTRR variable ranges enabled:
[    0.000000]   0 base 000080000000 mask 3FFF80000000 uncachable
[    0.000000]   1 base 380000000000 mask 3F8000000000 uncachable
[    0.000000]   2 disabled
[    0.000000]   3 disabled
[    0.000000]   4 disabled
[    0.000000]   5 disabled
[    0.000000]   6 disabled
[    0.000000]   7 disabled
[    0.000000]   8 disabled
[    0.000000]   9 disabled
[    0.000000] x86/PAT: Configuration [0-7]: WB  WC  UC- UC  WB  WC  UC- WT=
 =20
[    0.000000] e820: last_pfn =3D 0x7b800 max_arch_pfn =3D 0x400000000
[    0.000000] Scan for SMP in [mem 0x00000000-0x000003ff]
[    0.000000] Scan for SMP in [mem 0x0009fc00-0x0009ffff]
[    0.000000] Scan for SMP in [mem 0x000f0000-0x000fffff]
[    0.000000] found SMP MP-table at [mem 0x000fd850-0x000fd85f] mapped at =
[ffff8800000fd850]
[    0.000000]   mpc: fd860-fde24
[    0.000000] Base memory trampoline at [ffff880000095000] 95000 size 24576
[    0.000000] Using GB pages for direct mapping
[    0.000000] BRK [0x207f275000, 0x207f275fff] PGTABLE
[    0.000000] BRK [0x207f276000, 0x207f276fff] PGTABLE
[    0.000000] BRK [0x207f277000, 0x207f277fff] PGTABLE
[    0.000000] BRK [0x207f278000, 0x207f278fff] PGTABLE
[    0.000000] BRK [0x207f279000, 0x207f279fff] PGTABLE
[    0.000000] BRK [0x207f27a000, 0x207f27afff] PGTABLE
[    0.000000] RAMDISK: [mem 0x20756c1000-0x207dffffff]
[    0.000000] ACPI: Early table checksum verification disabled
[    0.000000] ACPI: RSDP 0x00000000000F0460 000024 (v02 INTEL )
[    0.000000] ACPI: XSDT 0x000000007B7D50E8 0000B4 (v01 INTEL  S2600WT  00=
000000 INTL 01000013)
[    0.000000] ACPI: FACP 0x000000007B7D4000 0000F4 (v04 INTEL  S2600WT  00=
000000 INTL 20091013)
[    0.000000] ACPI: DSDT 0x000000007B79A000 0313B2 (v02 INTEL  S2600WT  00=
000003 INTL 20091013)
[    0.000000] ACPI: FACS 0x000000007B6FB000 000040
[    0.000000] ACPI: HPET 0x000000007B7D3000 000038 (v01 INTEL  S2600WT  00=
000001 INTL 20091013)
[    0.000000] ACPI: APIC 0x000000007B7D2000 00085C (v03 INTEL  S2600WT  00=
000000 INTL 20091013)
[    0.000000] ACPI: MCFG 0x000000007B7D1000 00003C (v01 INTEL  S2600WT  00=
000001 INTL 20091013)
[    0.000000] ACPI: MSCT 0x000000007B7D0000 000090 (v01 INTEL  S2600WT  00=
000001 INTL 20091013)
[    0.000000] ACPI: SLIT 0x000000007B7CF000 00006C (v01 INTEL  S2600WT  00=
000001 INTL 20091013)
[    0.000000] ACPI: SRAT 0x000000007B7CE000 0009B0 (v03 INTEL  S2600WT  00=
000001 INTL 20091013)
[    0.000000] ACPI: SPMI 0x000000007B7CD000 000041 (v05 INTEL  S2600WT  00=
000001 INTL 20091013)
[    0.000000] ACPI: WDDT 0x000000007B7CC000 000040 (v01 INTEL  S2600WT  00=
000000 INTL 20091013)
[    0.000000] ACPI: PRAD 0x000000007B795000 000102 (v02 INTEL  SpsPrAgg 00=
000002 INTL 20130328)
[    0.000000] ACPI: SSDT 0x0000000076231000 0ACA42 (v02 INTEL  S2600WT  00=
004000 INTL 20130328)
[    0.000000] ACPI: SSDT 0x000000007B797000 00216B (v02 INTEL  S2600WT  00=
000002 INTL 20130328)
[    0.000000] ACPI: SSDT 0x000000007B796000 000064 (v02 INTEL  S2600WT  00=
000002 INTL 20130328)
[    0.000000] ACPI: HEST 0x000000007B794000 0000A8 (v01 INTEL  S2600WT  00=
000001 INTL 00000001)
[    0.000000] ACPI: BERT 0x000000007B793000 000030 (v01 INTEL  S2600WT  00=
000001 INTL 00000001)
[    0.000000] ACPI: ERST 0x000000007B792000 000230 (v01 INTEL  S2600WT  00=
000001 INTL 00000001)
[    0.000000] ACPI: EINJ 0x000000007B791000 000130 (v01 INTEL  S2600WT  00=
000001 INTL 00000001)
[    0.000000] ACPI: SPCR 0x000000007B790000 000050 (v01        S2600WT  00=
000000 INTL 00000000)
[    0.000000] ACPI: Local APIC address 0xfee00000
[    0.000000] mapped APIC to ffffffffff57c000 (        fee00000)
[    0.000000] SRAT: PXM 0 -> APIC 0x00 -> Node 0
[    0.000000] SRAT: PXM 0 -> APIC 0x02 -> Node 0
[    0.000000] SRAT: PXM 0 -> APIC 0x04 -> Node 0
[    0.000000] SRAT: PXM 0 -> APIC 0x06 -> Node 0
[    0.000000] SRAT: PXM 0 -> APIC 0x08 -> Node 0
[    0.000000] SRAT: PXM 0 -> APIC 0x10 -> Node 0
[    0.000000] SRAT: PXM 0 -> APIC 0x12 -> Node 0
[    0.000000] SRAT: PXM 0 -> APIC 0x14 -> Node 0
[    0.000000] SRAT: PXM 0 -> APIC 0x16 -> Node 0
[    0.000000] SRAT: PXM 0 -> APIC 0x20 -> Node 0
[    0.000000] SRAT: PXM 0 -> APIC 0x22 -> Node 0
[    0.000000] SRAT: PXM 0 -> APIC 0x24 -> Node 0
[    0.000000] SRAT: PXM 0 -> APIC 0x26 -> Node 0
[    0.000000] SRAT: PXM 0 -> APIC 0x28 -> Node 0
[    0.000000] SRAT: PXM 0 -> APIC 0x30 -> Node 0
[    0.000000] SRAT: PXM 0 -> APIC 0x32 -> Node 0
[    0.000000] SRAT: PXM 0 -> APIC 0x34 -> Node 0
[    0.000000] SRAT: PXM 0 -> APIC 0x36 -> Node 0
[    0.000000] SRAT: PXM 1 -> APIC 0x40 -> Node 1
[    0.000000] SRAT: PXM 1 -> APIC 0x42 -> Node 1
[    0.000000] SRAT: PXM 1 -> APIC 0x44 -> Node 1
[    0.000000] SRAT: PXM 1 -> APIC 0x46 -> Node 1
[    0.000000] SRAT: PXM 1 -> APIC 0x48 -> Node 1
[    0.000000] SRAT: PXM 1 -> APIC 0x50 -> Node 1
[    0.000000] SRAT: PXM 1 -> APIC 0x52 -> Node 1
[    0.000000] SRAT: PXM 1 -> APIC 0x54 -> Node 1
[    0.000000] SRAT: PXM 1 -> APIC 0x56 -> Node 1
[    0.000000] SRAT: PXM 1 -> APIC 0x60 -> Node 1
[    0.000000] SRAT: PXM 1 -> APIC 0x62 -> Node 1
[    0.000000] SRAT: PXM 1 -> APIC 0x64 -> Node 1
[    0.000000] SRAT: PXM 1 -> APIC 0x66 -> Node 1
[    0.000000] SRAT: PXM 1 -> APIC 0x68 -> Node 1
[    0.000000] SRAT: PXM 1 -> APIC 0x70 -> Node 1
[    0.000000] SRAT: PXM 1 -> APIC 0x72 -> Node 1
[    0.000000] SRAT: PXM 1 -> APIC 0x74 -> Node 1
[    0.000000] SRAT: PXM 1 -> APIC 0x76 -> Node 1
[    0.000000] SRAT: PXM 0 -> APIC 0x01 -> Node 0
[    0.000000] SRAT: PXM 0 -> APIC 0x03 -> Node 0
[    0.000000] SRAT: PXM 0 -> APIC 0x05 -> Node 0
[    0.000000] SRAT: PXM 0 -> APIC 0x07 -> Node 0
[    0.000000] SRAT: PXM 0 -> APIC 0x09 -> Node 0
[    0.000000] SRAT: PXM 0 -> APIC 0x11 -> Node 0
[    0.000000] SRAT: PXM 0 -> APIC 0x13 -> Node 0
[    0.000000] SRAT: PXM 0 -> APIC 0x15 -> Node 0
[    0.000000] SRAT: PXM 0 -> APIC 0x17 -> Node 0
[    0.000000] SRAT: PXM 0 -> APIC 0x21 -> Node 0
[    0.000000] SRAT: PXM 0 -> APIC 0x23 -> Node 0
[    0.000000] SRAT: PXM 0 -> APIC 0x25 -> Node 0
[    0.000000] SRAT: PXM 0 -> APIC 0x27 -> Node 0
[    0.000000] SRAT: PXM 0 -> APIC 0x29 -> Node 0
[    0.000000] SRAT: PXM 0 -> APIC 0x31 -> Node 0
[    0.000000] SRAT: PXM 0 -> APIC 0x33 -> Node 0
[    0.000000] SRAT: PXM 0 -> APIC 0x35 -> Node 0
[    0.000000] SRAT: PXM 0 -> APIC 0x37 -> Node 0
[    0.000000] SRAT: PXM 1 -> APIC 0x41 -> Node 1
[    0.000000] SRAT: PXM 1 -> APIC 0x43 -> Node 1
[    0.000000] SRAT: PXM 1 -> APIC 0x45 -> Node 1
[    0.000000] SRAT: PXM 1 -> APIC 0x47 -> Node 1
[    0.000000] SRAT: PXM 1 -> APIC 0x49 -> Node 1
[    0.000000] SRAT: PXM 1 -> APIC 0x51 -> Node 1
[    0.000000] SRAT: PXM 1 -> APIC 0x53 -> Node 1
[    0.000000] SRAT: PXM 1 -> APIC 0x55 -> Node 1
[    0.000000] SRAT: PXM 1 -> APIC 0x57 -> Node 1
[    0.000000] SRAT: PXM 1 -> APIC 0x61 -> Node 1
[    0.000000] SRAT: PXM 1 -> APIC 0x63 -> Node 1
[    0.000000] SRAT: PXM 1 -> APIC 0x65 -> Node 1
[    0.000000] SRAT: PXM 1 -> APIC 0x67 -> Node 1
[    0.000000] SRAT: PXM 1 -> APIC 0x69 -> Node 1
[    0.000000] SRAT: PXM 1 -> APIC 0x71 -> Node 1
[    0.000000] SRAT: PXM 1 -> APIC 0x73 -> Node 1
[    0.000000] SRAT: PXM 1 -> APIC 0x75 -> Node 1
[    0.000000] SRAT: PXM 1 -> APIC 0x77 -> Node 1
[    0.000000] SRAT: Node 0 PXM 0 [mem 0x00000000-0x7fffffff]
[    0.000000] SRAT: Node 0 PXM 0 [mem 0x100000000-0x107fffffff]
[    0.000000] SRAT: Node 1 PXM 1 [mem 0x1080000000-0x207fffffff]
[    0.000000] NUMA: Initialized distance table, cnt=3D2
[    0.000000] NUMA: Node 0 [mem 0x00000000-0x7fffffff] + [mem 0x100000000-=
0x107fffffff] -> [mem 0x00000000-0x107fffffff]
[    0.000000] NODE_DATA(0) allocated [mem 0x107ffde000-0x107fffffff]
[    0.000000] NODE_DATA(1) allocated [mem 0x207ffdc000-0x207fffdfff]
[    0.000000] Zone ranges:
[    0.000000]   DMA      [mem 0x0000000000001000-0x0000000000ffffff]
[    0.000000]   DMA32    [mem 0x0000000001000000-0x00000000ffffffff]
[    0.000000]   Normal   [mem 0x0000000100000000-0x000000207fffffff]
[    0.000000] Movable zone start for each node
[    0.000000] Early memory node ranges
[    0.000000]   node   0: [mem 0x0000000000001000-0x000000000009afff]
[    0.000000]   node   0: [mem 0x0000000000100000-0x0000000076230fff]
[    0.000000]   node   0: [mem 0x00000000762de000-0x000000007a1d2fff]
[    0.000000]   node   0: [mem 0x000000007b7d7000-0x000000007b7fffff]
[    0.000000]   node   0: [mem 0x0000000100000000-0x000000107fffffff]
[    0.000000]   node   1: [mem 0x0000001080000000-0x000000207fffffff]
[    0.000000] Initmem setup node 0 [mem 0x0000000000001000-0x000000107ffff=
fff]
[    0.000000] On node 0 totalpages: 16752873
[    0.000000]   DMA zone: 64 pages used for memmap
[    0.000000]   DMA zone: 21 pages reserved
[    0.000000]   DMA zone: 3994 pages, LIFO batch:0
[    0.000000]   DMA32 zone: 7750 pages used for memmap
[    0.000000]   DMA32 zone: 495951 pages, LIFO batch:31
[    0.000000]   Normal zone: 253952 pages used for memmap
[    0.000000]   Normal zone: 16252928 pages, LIFO batch:31
[    0.000000] Initmem setup node 1 [mem 0x0000001080000000-0x000000207ffff=
fff]
[    0.000000] On node 1 totalpages: 16777216
[    0.000000]   Normal zone: 262144 pages used for memmap
[    0.000000]   Normal zone: 16777216 pages, LIFO batch:31
[    0.000000] ACPI: PM-Timer IO Port: 0x408
[    0.000000] ACPI: Local APIC address 0xfee00000
[    0.000000] mapped APIC to ffffffffff57c000 (        fee00000)
[    0.000000] ACPI: LAPIC_NMI (acpi_id[0x00] high level lint[0x1])
[    0.000000] ACPI: LAPIC_NMI (acpi_id[0x01] high level lint[0x1])
[    0.000000] ACPI: LAPIC_NMI (acpi_id[0x02] high level lint[0x1])
[    0.000000] ACPI: LAPIC_NMI (acpi_id[0x03] high level lint[0x1])
[    0.000000] ACPI: LAPIC_NMI (acpi_id[0x04] high level lint[0x1])
[    0.000000] ACPI: LAPIC_NMI (acpi_id[0x05] high level lint[0x1])
[    0.000000] ACPI: LAPIC_NMI (acpi_id[0x06] high level lint[0x1])
[    0.000000] ACPI: LAPIC_NMI (acpi_id[0x07] high level lint[0x1])
[    0.000000] ACPI: LAPIC_NMI (acpi_id[0x08] high level lint[0x1])
[    0.000000] ACPI: LAPIC_NMI (acpi_id[0x09] high level lint[0x1])
[    0.000000] ACPI: LAPIC_NMI (acpi_id[0x0a] high level lint[0x1])
[    0.000000] ACPI: LAPIC_NMI (acpi_id[0x0b] high level lint[0x1])
[    0.000000] ACPI: LAPIC_NMI (acpi_id[0x0c] high level lint[0x1])
[    0.000000] ACPI: LAPIC_NMI (acpi_id[0x0d] high level lint[0x1])
[    0.000000] ACPI: LAPIC_NMI (acpi_id[0x0e] high level lint[0x1])
[    0.000000] ACPI: LAPIC_NMI (acpi_id[0x0f] high level lint[0x1])
[    0.000000] ACPI: LAPIC_NMI (acpi_id[0x10] high level lint[0x1])
[    0.000000] ACPI: LAPIC_NMI (acpi_id[0x11] high level lint[0x1])
[    0.000000] ACPI: LAPIC_NMI (acpi_id[0x12] high level lint[0x1])
[    0.000000] ACPI: LAPIC_NMI (acpi_id[0x13] high level lint[0x1])
[    0.000000] ACPI: LAPIC_NMI (acpi_id[0x14] high level lint[0x1])
[    0.000000] ACPI: LAPIC_NMI (acpi_id[0x15] high level lint[0x1])
[    0.000000] ACPI: LAPIC_NMI (acpi_id[0x16] high level lint[0x1])
[    0.000000] ACPI: LAPIC_NMI (acpi_id[0x17] high level lint[0x1])
[    0.000000] ACPI: LAPIC_NMI (acpi_id[0x18] high level lint[0x1])
[    0.000000] ACPI: LAPIC_NMI (acpi_id[0x19] high level lint[0x1])
[    0.000000] ACPI: LAPIC_NMI (acpi_id[0x1a] high level lint[0x1])
[    0.000000] ACPI: LAPIC_NMI (acpi_id[0x1b] high level lint[0x1])
[    0.000000] ACPI: LAPIC_NMI (acpi_id[0x1c] high level lint[0x1])
[    0.000000] ACPI: LAPIC_NMI (acpi_id[0x1d] high level lint[0x1])
[    0.000000] ACPI: LAPIC_NMI (acpi_id[0x1e] high level lint[0x1])
[    0.000000] ACPI: LAPIC_NMI (acpi_id[0x1f] high level lint[0x1])
[    0.000000] ACPI: LAPIC_NMI (acpi_id[0x20] high level lint[0x1])
[    0.000000] ACPI: LAPIC_NMI (acpi_id[0x21] high level lint[0x1])
[    0.000000] ACPI: LAPIC_NMI (acpi_id[0x22] high level lint[0x1])
[    0.000000] ACPI: LAPIC_NMI (acpi_id[0x23] high level lint[0x1])
[    0.000000] ACPI: LAPIC_NMI (acpi_id[0x24] high level lint[0x1])
[    0.000000] ACPI: LAPIC_NMI (acpi_id[0x25] high level lint[0x1])
[    0.000000] ACPI: LAPIC_NMI (acpi_id[0x26] high level lint[0x1])
[    0.000000] ACPI: LAPIC_NMI (acpi_id[0x27] high level lint[0x1])
[    0.000000] ACPI: LAPIC_NMI (acpi_id[0x28] high level lint[0x1])
[    0.000000] ACPI: LAPIC_NMI (acpi_id[0x29] high level lint[0x1])
[    0.000000] ACPI: LAPIC_NMI (acpi_id[0x2a] high level lint[0x1])
[    0.000000] ACPI: LAPIC_NMI (acpi_id[0x2b] high level lint[0x1])
[    0.000000] ACPI: LAPIC_NMI (acpi_id[0x2c] high level lint[0x1])
[    0.000000] ACPI: LAPIC_NMI (acpi_id[0x2d] high level lint[0x1])
[    0.000000] ACPI: LAPIC_NMI (acpi_id[0x2e] high level lint[0x1])
[    0.000000] ACPI: LAPIC_NMI (acpi_id[0x2f] high level lint[0x1])
[    0.000000] ACPI: LAPIC_NMI (acpi_id[0x30] high level lint[0x1])
[    0.000000] ACPI: LAPIC_NMI (acpi_id[0x31] high level lint[0x1])
[    0.000000] ACPI: LAPIC_NMI (acpi_id[0x32] high level lint[0x1])
[    0.000000] ACPI: LAPIC_NMI (acpi_id[0x33] high level lint[0x1])
[    0.000000] ACPI: LAPIC_NMI (acpi_id[0x34] high level lint[0x1])
[    0.000000] ACPI: LAPIC_NMI (acpi_id[0x35] high level lint[0x1])
[    0.000000] ACPI: LAPIC_NMI (acpi_id[0x36] high level lint[0x1])
[    0.000000] ACPI: LAPIC_NMI (acpi_id[0x37] high level lint[0x1])
[    0.000000] ACPI: LAPIC_NMI (acpi_id[0x38] high level lint[0x1])
[    0.000000] ACPI: LAPIC_NMI (acpi_id[0x39] high level lint[0x1])
[    0.000000] ACPI: LAPIC_NMI (acpi_id[0x3a] high level lint[0x1])
[    0.000000] ACPI: LAPIC_NMI (acpi_id[0x3b] high level lint[0x1])
[    0.000000] ACPI: LAPIC_NMI (acpi_id[0x3c] high level lint[0x1])
[    0.000000] ACPI: LAPIC_NMI (acpi_id[0x3d] high level lint[0x1])
[    0.000000] ACPI: LAPIC_NMI (acpi_id[0x3e] high level lint[0x1])
[    0.000000] ACPI: LAPIC_NMI (acpi_id[0x3f] high level lint[0x1])
[    0.000000] ACPI: LAPIC_NMI (acpi_id[0x40] high level lint[0x1])
[    0.000000] ACPI: LAPIC_NMI (acpi_id[0x41] high level lint[0x1])
[    0.000000] ACPI: LAPIC_NMI (acpi_id[0x42] high level lint[0x1])
[    0.000000] ACPI: LAPIC_NMI (acpi_id[0x43] high level lint[0x1])
[    0.000000] ACPI: LAPIC_NMI (acpi_id[0x44] high level lint[0x1])
[    0.000000] ACPI: LAPIC_NMI (acpi_id[0x45] high level lint[0x1])
[    0.000000] ACPI: LAPIC_NMI (acpi_id[0x46] high level lint[0x1])
[    0.000000] ACPI: LAPIC_NMI (acpi_id[0x47] high level lint[0x1])
[    0.000000] ACPI: LAPIC_NMI (acpi_id[0x48] high level lint[0x1])
[    0.000000] ACPI: LAPIC_NMI (acpi_id[0x49] high level lint[0x1])
[    0.000000] ACPI: LAPIC_NMI (acpi_id[0x4a] high level lint[0x1])
[    0.000000] ACPI: LAPIC_NMI (acpi_id[0x4b] high level lint[0x1])
[    0.000000] ACPI: LAPIC_NMI (acpi_id[0x4c] high level lint[0x1])
[    0.000000] ACPI: LAPIC_NMI (acpi_id[0x4d] high level lint[0x1])
[    0.000000] ACPI: LAPIC_NMI (acpi_id[0x4e] high level lint[0x1])
[    0.000000] ACPI: LAPIC_NMI (acpi_id[0x4f] high level lint[0x1])
[    0.000000] ACPI: LAPIC_NMI (acpi_id[0x50] high level lint[0x1])
[    0.000000] ACPI: LAPIC_NMI (acpi_id[0x51] high level lint[0x1])
[    0.000000] ACPI: LAPIC_NMI (acpi_id[0x52] high level lint[0x1])
[    0.000000] ACPI: LAPIC_NMI (acpi_id[0x53] high level lint[0x1])
[    0.000000] ACPI: LAPIC_NMI (acpi_id[0x54] high level lint[0x1])
[    0.000000] ACPI: LAPIC_NMI (acpi_id[0x55] high level lint[0x1])
[    0.000000] ACPI: LAPIC_NMI (acpi_id[0x56] high level lint[0x1])
[    0.000000] ACPI: LAPIC_NMI (acpi_id[0x57] high level lint[0x1])
[    0.000000] ACPI: LAPIC_NMI (acpi_id[0x58] high level lint[0x1])
[    0.000000] ACPI: LAPIC_NMI (acpi_id[0x59] high level lint[0x1])
[    0.000000] ACPI: LAPIC_NMI (acpi_id[0x5a] high level lint[0x1])
[    0.000000] ACPI: LAPIC_NMI (acpi_id[0x5b] high level lint[0x1])
[    0.000000] ACPI: LAPIC_NMI (acpi_id[0x5c] high level lint[0x1])
[    0.000000] ACPI: LAPIC_NMI (acpi_id[0x5d] high level lint[0x1])
[    0.000000] ACPI: LAPIC_NMI (acpi_id[0x5e] high level lint[0x1])
[    0.000000] ACPI: LAPIC_NMI (acpi_id[0x5f] high level lint[0x1])
[    0.000000] ACPI: LAPIC_NMI (acpi_id[0x60] high level lint[0x1])
[    0.000000] ACPI: LAPIC_NMI (acpi_id[0x61] high level lint[0x1])
[    0.000000] ACPI: LAPIC_NMI (acpi_id[0x62] high level lint[0x1])
[    0.000000] ACPI: LAPIC_NMI (acpi_id[0x63] high level lint[0x1])
[    0.000000] ACPI: LAPIC_NMI (acpi_id[0x64] high level lint[0x1])
[    0.000000] ACPI: LAPIC_NMI (acpi_id[0x65] high level lint[0x1])
[    0.000000] ACPI: LAPIC_NMI (acpi_id[0x66] high level lint[0x1])
[    0.000000] ACPI: LAPIC_NMI (acpi_id[0x67] high level lint[0x1])
[    0.000000] ACPI: LAPIC_NMI (acpi_id[0x68] high level lint[0x1])
[    0.000000] ACPI: LAPIC_NMI (acpi_id[0x69] high level lint[0x1])
[    0.000000] ACPI: LAPIC_NMI (acpi_id[0x6a] high level lint[0x1])
[    0.000000] ACPI: LAPIC_NMI (acpi_id[0x6b] high level lint[0x1])
[    0.000000] ACPI: LAPIC_NMI (acpi_id[0x6c] high level lint[0x1])
[    0.000000] ACPI: LAPIC_NMI (acpi_id[0x6d] high level lint[0x1])
[    0.000000] ACPI: LAPIC_NMI (acpi_id[0x6e] high level lint[0x1])
[    0.000000] ACPI: LAPIC_NMI (acpi_id[0x6f] high level lint[0x1])
[    0.000000] ACPI: LAPIC_NMI (acpi_id[0x70] high level lint[0x1])
[    0.000000] ACPI: LAPIC_NMI (acpi_id[0x71] high level lint[0x1])
[    0.000000] ACPI: LAPIC_NMI (acpi_id[0x72] high level lint[0x1])
[    0.000000] ACPI: LAPIC_NMI (acpi_id[0x73] high level lint[0x1])
[    0.000000] ACPI: LAPIC_NMI (acpi_id[0x74] high level lint[0x1])
[    0.000000] ACPI: LAPIC_NMI (acpi_id[0x75] high level lint[0x1])
[    0.000000] ACPI: LAPIC_NMI (acpi_id[0x76] high level lint[0x1])
[    0.000000] ACPI: LAPIC_NMI (acpi_id[0x77] high level lint[0x1])
[    0.000000] ACPI: LAPIC_NMI (acpi_id[0x78] high level lint[0x1])
[    0.000000] ACPI: LAPIC_NMI (acpi_id[0x79] high level lint[0x1])
[    0.000000] ACPI: LAPIC_NMI (acpi_id[0x7a] high level lint[0x1])
[    0.000000] ACPI: LAPIC_NMI (acpi_id[0x7b] high level lint[0x1])
[    0.000000] ACPI: LAPIC_NMI (acpi_id[0x7c] high level lint[0x1])
[    0.000000] ACPI: LAPIC_NMI (acpi_id[0x7c] high level lint[0x1])
[    0.000000] ACPI: LAPIC_NMI (acpi_id[0x7d] high level lint[0x1])
[    0.000000] ACPI: LAPIC_NMI (acpi_id[0x7e] high level lint[0x1])
[    0.000000] ACPI: LAPIC_NMI (acpi_id[0x7f] high level lint[0x1])
[    0.000000] ACPI: LAPIC_NMI (acpi_id[0x80] high level lint[0x1])
[    0.000000] ACPI: LAPIC_NMI (acpi_id[0x81] high level lint[0x1])
[    0.000000] ACPI: LAPIC_NMI (acpi_id[0x82] high level lint[0x1])
[    0.000000] ACPI: LAPIC_NMI (acpi_id[0x83] high level lint[0x1])
[    0.000000] ACPI: LAPIC_NMI (acpi_id[0x84] high level lint[0x1])
[    0.000000] ACPI: LAPIC_NMI (acpi_id[0x85] high level lint[0x1])
[    0.000000] ACPI: LAPIC_NMI (acpi_id[0x86] high level lint[0x1])
[    0.000000] ACPI: LAPIC_NMI (acpi_id[0x87] high level lint[0x1])
[    0.000000] ACPI: LAPIC_NMI (acpi_id[0x88] high level lint[0x1])
[    0.000000] ACPI: LAPIC_NMI (acpi_id[0x89] high level lint[0x1])
[    0.000000] ACPI: LAPIC_NMI (acpi_id[0x8a] high level lint[0x1])
[    0.000000] ACPI: LAPIC_NMI (acpi_id[0x8b] high level lint[0x1])
[    0.000000] ACPI: LAPIC_NMI (acpi_id[0x8c] high level lint[0x1])
[    0.000000] ACPI: LAPIC_NMI (acpi_id[0x8d] high level lint[0x1])
[    0.000000] ACPI: LAPIC_NMI (acpi_id[0x8f] high level lint[0x1])
[    0.000000] IOAPIC[0]: apic_id 8, version 32, address 0xfec00000, GSI 0-=
23
[    0.000000] IOAPIC[1]: apic_id 9, version 32, address 0xfec01000, GSI 24=
-47
[    0.000000] IOAPIC[2]: apic_id 10, version 32, address 0xfec40000, GSI 4=
8-71
[    0.000000] ACPI: INT_SRC_OVR (bus 0 bus_irq 0 global_irq 2 dfl dfl)
[    0.000000] Int: type 0, pol 0, trig 0, bus 00, IRQ 00, APIC ID 8, APIC =
INT 02
[    0.000000] ACPI: INT_SRC_OVR (bus 0 bus_irq 9 global_irq 9 high level)
[    0.000000] Int: type 0, pol 1, trig 3, bus 00, IRQ 09, APIC ID 8, APIC =
INT 09
[    0.000000] ACPI: IRQ0 used by override.
[    0.000000] Int: type 0, pol 0, trig 0, bus 00, IRQ 01, APIC ID 8, APIC =
INT 01
[    0.000000] Int: type 0, pol 0, trig 0, bus 00, IRQ 03, APIC ID 8, APIC =
INT 03
[    0.000000] Int: type 0, pol 0, trig 0, bus 00, IRQ 04, APIC ID 8, APIC =
INT 04
[    0.000000] Int: type 0, pol 0, trig 0, bus 00, IRQ 05, APIC ID 8, APIC =
INT 05
[    0.000000] Int: type 0, pol 0, trig 0, bus 00, IRQ 06, APIC ID 8, APIC =
INT 06
[    0.000000] Int: type 0, pol 0, trig 0, bus 00, IRQ 07, APIC ID 8, APIC =
INT 07
[    0.000000] Int: type 0, pol 0, trig 0, bus 00, IRQ 08, APIC ID 8, APIC =
INT 08
[    0.000000] ACPI: IRQ9 used by override.
[    0.000000] Int: type 0, pol 0, trig 0, bus 00, IRQ 0a, APIC ID 8, APIC =
INT 0a
[    0.000000] Int: type 0, pol 0, trig 0, bus 00, IRQ 0b, APIC ID 8, APIC =
INT 0b
[    0.000000] Int: type 0, pol 0, trig 0, bus 00, IRQ 0c, APIC ID 8, APIC =
INT 0c
[    0.000000] Int: type 0, pol 0, trig 0, bus 00, IRQ 0d, APIC ID 8, APIC =
INT 0d
[    0.000000] Int: type 0, pol 0, trig 0, bus 00, IRQ 0e, APIC ID 8, APIC =
INT 0e
[    0.000000] Int: type 0, pol 0, trig 0, bus 00, IRQ 0f, APIC ID 8, APIC =
INT 0f
[    0.000000] Using ACPI (MADT) for SMP configuration information
[    0.000000] ACPI: HPET id: 0x8086a701 base: 0xfed00000
[    0.000000] smpboot: Allowing 144 CPUs, 72 hotplug CPUs
[    0.000000] mapped IOAPIC to ffffffffff57b000 (fec00000)
[    0.000000] mapped IOAPIC to ffffffffff57a000 (fec01000)
[    0.000000] mapped IOAPIC to ffffffffff579000 (fec40000)
[    0.000000] PM: Registered nosave memory: [mem 0x00000000-0x00000fff]
[    0.000000] PM: Registered nosave memory: [mem 0x0009b000-0x0009bfff]
[    0.000000] PM: Registered nosave memory: [mem 0x0009c000-0x0009ffff]
[    0.000000] PM: Registered nosave memory: [mem 0x000a0000-0x000dffff]
[    0.000000] PM: Registered nosave memory: [mem 0x000e0000-0x000fffff]
[    0.000000] PM: Registered nosave memory: [mem 0x76231000-0x762ddfff]
[    0.000000] PM: Registered nosave memory: [mem 0x7a1d3000-0x7accefff]
[    0.000000] PM: Registered nosave memory: [mem 0x7accf000-0x7b6fefff]
[    0.000000] PM: Registered nosave memory: [mem 0x7b6ff000-0x7b7d6fff]
[    0.000000] PM: Registered nosave memory: [mem 0x7b800000-0x8fffffff]
[    0.000000] PM: Registered nosave memory: [mem 0x90000000-0xfed1bfff]
[    0.000000] PM: Registered nosave memory: [mem 0xfed1c000-0xfed1ffff]
[    0.000000] PM: Registered nosave memory: [mem 0xfed20000-0xff3fffff]
[    0.000000] PM: Registered nosave memory: [mem 0xff400000-0xffffffff]
[    0.000000] e820: [mem 0x90000000-0xfed1bfff] available for PCI devices
[    0.000000] Booting paravirtualized kernel on bare hardware
[    0.000000] clocksource: refined-jiffies: mask: 0xffffffff max_cycles: 0=
xffffffff, max_idle_ns: 1910969940391419 ns
[    0.000000] setup_percpu: NR_CPUS:8192 nr_cpumask_bits:144 nr_cpu_ids:14=
4 nr_node_ids:2
[    0.000000] PERCPU: Embedded 34 pages/cpu @ffff88103ec00000 s99736 r8192=
 d31336 u262144
[    0.000000] pcpu-alloc: s99736 r8192 d31336 u262144 alloc=3D1*2097152
[    0.000000] pcpu-alloc: [0] 000 001 002 003 004 005 006 007=20
[    0.000000] pcpu-alloc: [0] 008 009 010 011 012 013 014 015=20
[    0.000000] pcpu-alloc: [0] 016 017 036 037 038 039 040 041=20
[    0.000000] pcpu-alloc: [0] 042 043 044 045 046 047 048 049=20
[    0.000000] pcpu-alloc: [0] 050 051 052 053 072 074 076 078=20
[    0.000000] pcpu-alloc: [0] 080 082 084 086 088 090 092 094=20
[    0.000000] pcpu-alloc: [0] 096 098 100 102 104 106 108 110=20
[    0.000000] pcpu-alloc: [0] 112 114 116 118 120 122 124 126=20
[    0.000000] pcpu-alloc: [0] 128 130 132 134 136 138 140 142=20
[    0.000000] pcpu-alloc: [1] 018 019 020 021 022 023 024 025=20
[    0.000000] pcpu-alloc: [1] 026 027 028 029 030 031 032 033=20
[    0.000000] pcpu-alloc: [1] 034 035 054 055 056 057 058 059=20
[    0.000000] pcpu-alloc: [1] 060 061 062 063 064 065 066 067=20
[    0.000000] pcpu-alloc: [1] 068 069 070 071 073 075 077 079=20
[    0.000000] pcpu-alloc: [1] 081 083 085 087 089 091 093 095=20
[    0.000000] pcpu-alloc: [1] 097 099 101 103 105 107 109 111=20
[    0.000000] pcpu-alloc: [1] 113 115 117 119 121 123 125 127=20
[    0.000000] pcpu-alloc: [1] 129 131 133 135 137 139 141 143=20
[    0.000000] Built 2 zonelists in Node order, mobility grouping on.  Tota=
l pages: 33006158
[    0.000000] Policy zone: Normal
[    0.000000] Kernel command line: root=3D/dev/ram0 user=3Daaron job=3D/lk=
p/scheduled/lkp-hsw-ep2/vip_swap-performance-always-always-x86_64-rhel-cb8d=
05829190b806ad3948ff9b9e08c8ba1daf63-20151207-55614-1vodm4t-3.yaml ARCH=3Dx=
86_64 kconfig=3Dx86_64-rhel branch=3Daaron/kim commit=3Dcb8d05829190b806ad3=
948ff9b9e08c8ba1daf63 BOOT_IMAGE=3D/pkg/linux/x86_64-rhel/gcc-4.9/cb8d05829=
190b806ad3948ff9b9e08c8ba1daf63/vmlinuz-4.4.0-rc3-00025-gcb8d058 max_uptime=
=3D1121 RESULT_ROOT=3D/result/swap/performance-always-always/lkp-hsw-ep2/de=
bian-x86_64-2015-02-07.cgz/x86_64-rhel/gcc-4.9/cb8d05829190b806ad3948ff9b9e=
08c8ba1daf63/0 LKP_SERVER=3Dinn earlyprintk=3DttyS0,115200 systemd.log_leve=
l=3Derr debug apic=3Ddebug sysrq_always_enabled rcupdate.rcu_cpu_stall_time=
out=3D100 panic=3D-1 softlockup_panic=3D1 nmi_watchdog=3Dpanic oops=3Dpanic=
 load_ramdisk=3D2 prompt_ramdisk=3D0 console=3DttyS0,115200 console=3Dtty0 =
vga=3Dnormal rw ip=3D::::lkp-hsw-ep2::dhcp
[    0.000000] sysrq: sysrq always enabled.
[    0.000000] log_buf_len individual max cpu contribution: 4096 bytes
[    0.000000] log_buf_len total cpu_extra contributions: 585728 bytes
[    0.000000] log_buf_len min size: 524288 bytes
[    0.000000] log_buf_len: 2097152 bytes
[    0.000000] early log buf free: 495268(94%)
[    0.000000] PID hash table entries: 4096 (order: 3, 32768 bytes)
[    0.000000] Memory: 131775292K/134120356K available (9002K kernel code, =
1768K rwdata, 4112K rodata, 1880K init, 2080K bss, 2345064K reserved, 0K cm=
a-reserved)
[    0.000000] SLUB: HWalign=3D64, Order=3D0-3, MinObjects=3D0, CPUs=3D144,=
 Nodes=3D2
[    0.000000] Hierarchical RCU implementation.
[    0.000000] 	Build-time adjustment of leaf fanout to 64.
[    0.000000] 	RCU restricting CPUs from NR_CPUS=3D8192 to nr_cpu_ids=3D14=
4.
[    0.000000] RCU: Adjusting geometry for rcu_fanout_leaf=3D64, nr_cpu_ids=
=3D144
[    0.000000] NR_IRQS:524544 nr_irqs:2392 16
[    0.000000] 	Offload RCU callbacks from all CPUs
[    0.000000] 	Offload RCU callbacks from CPUs: 0-143.
[    0.000000] Console: colour dummy device 80x25
[    0.000000] console [tty0] enabled
[    0.000000] bootconsole [earlyser0] disabled
[    0.000000] Initializing cgroup subsys cpuset
[    0.000000] Initializing cgroup subsys cpu
[    0.000000] Linux version 4.4.0-rc3-00025-gcb8d058 (kbuild@lkp-nex05) (g=
cc version 4.9.2 (Debian 4.9.2-10) ) #1 SMP Mon Dec 7 16:32:43 CST 2015
[    0.000000] Command line: root=3D/dev/ram0 user=3Daaron job=3D/lkp/sched=
uled/lkp-hsw-ep2/vip_swap-performance-always-always-x86_64-rhel-cb8d0582919=
0b806ad3948ff9b9e08c8ba1daf63-20151207-55614-1vodm4t-3.yaml ARCH=3Dx86_64 k=
config=3Dx86_64-rhel branch=3Daaron/kim commit=3Dcb8d05829190b806ad3948ff9b=
9e08c8ba1daf63 BOOT_IMAGE=3D/pkg/linux/x86_64-rhel/gcc-4.9/cb8d05829190b806=
ad3948ff9b9e08c8ba1daf63/vmlinuz-4.4.0-rc3-00025-gcb8d058 max_uptime=3D1121=
 RESULT_ROOT=3D/result/swap/performance-always-always/lkp-hsw-ep2/debian-x8=
6_64-2015-02-07.cgz/x86_64-rhel/gcc-4.9/cb8d05829190b806ad3948ff9b9e08c8ba1=
daf63/0 LKP_SERVER=3Dinn earlyprintk=3DttyS0,115200 systemd.log_level=3Derr=
 debug apic=3Ddebug sysrq_always_enabled rcupdate.rcu_cpu_stall_timeout=3D1=
00 panic=3D-1 softlockup_panic=3D1 nmi_watchdog=3Dpanic oops=3Dpanic load_r=
amdisk=3D2 prompt_ramdisk=3D0 console=3DttyS0,115200 console=3Dtty0 vga=3Dn=
ormal rw ip=3D::::lkp-hsw-ep2::dhcp
[    0.000000] x86/fpu: xstate_offset[2]:  576, xstate_sizes[2]:  256
[    0.000000] x86/fpu: Supporting XSAVE feature 0x01: 'x87 floating point =
registers'
[    0.000000] x86/fpu: Supporting XSAVE feature 0x02: 'SSE registers'
[    0.000000] x86/fpu: Supporting XSAVE feature 0x04: 'AVX registers'
[    0.000000] x86/fpu: Enabled xstate features 0x7, context size is 832 by=
tes, using 'standard' format.
[    0.000000] x86/fpu: Using 'eager' FPU context switches.
[    0.000000] e820: BIOS-provided physical RAM map:
[    0.000000] BIOS-e820: [mem 0x0000000000000100-0x000000000009b3ff] usable
[    0.000000] BIOS-e820: [mem 0x000000000009b400-0x000000000009ffff] reser=
ved
[    0.000000] BIOS-e820: [mem 0x00000000000e0000-0x00000000000fffff] reser=
ved
[    0.000000] BIOS-e820: [mem 0x0000000000100000-0x0000000076230fff] usable
[    0.000000] BIOS-e820: [mem 0x0000000076231000-0x00000000762ddfff] ACPI =
data
[    0.000000] BIOS-e820: [mem 0x00000000762de000-0x000000007a1d2fff] usable
[    0.000000] BIOS-e820: [mem 0x000000007a1d3000-0x000000007accefff] reser=
ved
[    0.000000] BIOS-e820: [mem 0x000000007accf000-0x000000007b6fefff] ACPI =
NVS
[    0.000000] BIOS-e820: [mem 0x000000007b6ff000-0x000000007b7d6fff] ACPI =
data
[    0.000000] BIOS-e820: [mem 0x000000007b7d7000-0x000000007b7fffff] usable
[    0.000000] BIOS-e820: [mem 0x000000007b800000-0x000000008fffffff] reser=
ved
[    0.000000] BIOS-e820: [mem 0x00000000fed1c000-0x00000000fed1ffff] reser=
ved
[    0.000000] BIOS-e820: [mem 0x00000000ff400000-0x00000000ffffffff] reser=
ved
[    0.000000] BIOS-e820: [mem 0x0000000100000000-0x000000207fffffff] usable
[    0.000000] bootconsole [earlyser0] enabled
[    0.000000] NX (Execute Disable) protection: active
[    0.000000] SMBIOS 2.7 present.
[    0.000000] DMI: Intel Corporation S2600WTT/S2600WTT, BIOS SE5C610.86B.0=
1.01.0008.021120151325 02/11/2015
[    0.000000] e820: update [mem 0x00000000-0x00000fff] usable =3D=3D> rese=
rved
[    0.000000] e820: remove [mem 0x000a0000-0x000fffff] usable
[    0.000000] e820: last_pfn =3D 0x2080000 max_arch_pfn =3D 0x400000000
[    0.000000] MTRR default type: write-back
[    0.000000] MTRR fixed ranges enabled:
[    0.000000]   00000-9FFFF write-back
[    0.000000]   A0000-BFFFF uncachable
[    0.000000]   C0000-FFFFF write-protect
[    0.000000] MTRR variable ranges enabled:
[    0.000000]   0 base 000080000000 mask 3FFF80000000 uncachable
[    0.000000]   1 base 380000000000 mask 3F8000000000 uncachable
[    0.000000]   2 disabled
[    0.000000]   3 disabled
[    0.000000]   4 disabled
[    0.000000]   5 disabled
[    0.000000]   6 disabled
[    0.000000]   7 disabled
[    0.000000]   8 disabled
[    0.000000]   9 disabled
[    0.000000] x86/PAT: Configuration [0-7]: WB  WC  UC- UC  WB  WC  UC- WT=
 =20
[    0.000000] e820: last_pfn =3D 0x7b800 max_arch_pfn =3D 0x400000000
[    0.000000] Scan for SMP in [mem 0x00000000-0x000003ff]
[    0.000000] Scan for SMP in [mem 0x0009fc00-0x0009ffff]
[    0.000000] Scan for SMP in [mem 0x000f0000-0x000fffff]
[    0.000000] found SMP MP-table at [mem 0x000fd850-0x000fd85f] mapped at =
[ffff8800000fd850]
[    0.000000]   mpc: fd860-fde24
[    0.000000] Base memory trampoline at [ffff880000095000] 95000 size 24576
[    0.000000] Using GB pages for direct mapping
[    0.000000] BRK [0x207f275000, 0x207f275fff] PGTABLE
[    0.000000] BRK [0x207f276000, 0x207f276fff] PGTABLE
[    0.000000] BRK [0x207f277000, 0x207f277fff] PGTABLE
[    0.000000] BRK [0x207f278000, 0x207f278fff] PGTABLE
[    0.000000] BRK [0x207f279000, 0x207f279fff] PGTABLE
[    0.000000] BRK [0x207f27a000, 0x207f27afff] PGTABLE
[    0.000000] RAMDISK: [mem 0x20756c1000-0x207dffffff]
[    0.000000] ACPI: Early table checksum verification disabled
[    0.000000] ACPI: RSDP 0x00000000000F0460 000024 (v02 INTEL )
[    0.000000] ACPI: XSDT 0x000000007B7D50E8 0000B4 (v01 INTEL  S2600WT  00=
000000 INTL 01000013)
[    0.000000] ACPI: FACP 0x000000007B7D4000 0000F4 (v04 INTEL  S2600WT  00=
000000 INTL 20091013)
[    0.000000] ACPI: DSDT 0x000000007B79A000 0313B2 (v02 INTEL  S2600WT  00=
000003 INTL 20091013)
[    0.000000] ACPI: FACS 0x000000007B6FB000 000040
[    0.000000] ACPI: HPET 0x000000007B7D3000 000038 (v01 INTEL  S2600WT  00=
000001 INTL 20091013)
[    0.000000] ACPI: APIC 0x000000007B7D2000 00085C (v03 INTEL  S2600WT  00=
000000 INTL 20091013)
[    0.000000] ACPI: MCFG 0x000000007B7D1000 00003C (v01 INTEL  S2600WT  00=
000001 INTL 20091013)
[    0.000000] ACPI: MSCT 0x000000007B7D0000 000090 (v01 INTEL  S2600WT  00=
000001 INTL 20091013)
[    0.000000] ACPI: SLIT 0x000000007B7CF000 00006C (v01 INTEL  S2600WT  00=
000001 INTL 20091013)
[    0.000000] ACPI: SRAT 0x000000007B7CE000 0009B0 (v03 INTEL  S2600WT  00=
000001 INTL 20091013)
[    0.000000] ACPI: SPMI 0x000000007B7CD000 000041 (v05 INTEL  S2600WT  00=
000001 INTL 20091013)
[    0.000000] ACPI: WDDT 0x000000007B7CC000 000040 (v01 INTEL  S2600WT  00=
000000 INTL 20091013)
[    0.000000] ACPI: PRAD 0x000000007B795000 000102 (v02 INTEL  SpsPrAgg 00=
000002 INTL 20130328)
[    0.000000] ACPI: SSDT 0x0000000076231000 0ACA42 (v02 INTEL  S2600WT  00=
004000 INTL 20130328)
[    0.000000] ACPI: SSDT 0x000000007B797000 00216B (v02 INTEL  S2600WT  00=
000002 INTL 20130328)
[    0.000000] ACPI: SSDT 0x000000007B796000 000064 (v02 INTEL  S2600WT  00=
000002 INTL 20130328)
[    0.000000] ACPI: HEST 0x000000007B794000 0000A8 (v01 INTEL  S2600WT  00=
000001 INTL 00000001)
[    0.000000] ACPI: BERT 0x000000007B793000 000030 (v01 INTEL  S2600WT  00=
000001 INTL 00000001)
[    0.000000] ACPI: ERST 0x000000007B792000 000230 (v01 INTEL  S2600WT  00=
000001 INTL 00000001)
[    0.000000] ACPI: EINJ 0x000000007B791000 000130 (v01 INTEL  S2600WT  00=
000001 INTL 00000001)
[    0.000000] ACPI: SPCR 0x000000007B790000 000050 (v01        S2600WT  00=
000000 INTL 00000000)
[    0.000000] ACPI: Local APIC address 0xfee00000
[    0.000000] mapped APIC to ffffffffff57c000 (        fee00000)
[    0.000000] SRAT: PXM 0 -> APIC 0x00 -> Node 0
[    0.000000] SRAT: PXM 0 -> APIC 0x02 -> Node 0
[    0.000000] SRAT: PXM 0 -> APIC 0x04 -> Node 0
[    0.000000] SRAT: PXM 0 -> APIC 0x06 -> Node 0
[    0.000000] SRAT: PXM 0 -> APIC 0x08 -> Node 0
[    0.000000] SRAT: PXM 0 -> APIC 0x10 -> Node 0
[    0.000000] SRAT: PXM 0 -> APIC 0x12 -> Node 0
[    0.000000] SRAT: PXM 0 -> APIC 0x14 -> Node 0
[    0.000000] SRAT: PXM 0 -> APIC 0x16 -> Node 0
[    0.000000] SRAT: PXM 0 -> APIC 0x20 -> Node 0
[    0.000000] SRAT: PXM 0 -> APIC 0x22 -> Node 0
[    0.000000] SRAT: PXM 0 -> APIC 0x24 -> Node 0
[    0.000000] SRAT: PXM 0 -> APIC 0x26 -> Node 0
[    0.000000] SRAT: PXM 0 -> APIC 0x28 -> Node 0
[    0.000000] SRAT: PXM 0 -> APIC 0x30 -> Node 0
[    0.000000] SRAT: PXM 0 -> APIC 0x32 -> Node 0
[    0.000000] SRAT: PXM 0 -> APIC 0x34 -> Node 0
[    0.000000] SRAT: PXM 0 -> APIC 0x36 -> Node 0
[    0.000000] SRAT: PXM 1 -> APIC 0x40 -> Node 1
[    0.000000] SRAT: PXM 1 -> APIC 0x42 -> Node 1
[    0.000000] SRAT: PXM 1 -> APIC 0x44 -> Node 1
[    0.000000] SRAT: PXM 1 -> APIC 0x46 -> Node 1
[    0.000000] SRAT: PXM 1 -> APIC 0x48 -> Node 1
[    0.000000] SRAT: PXM 1 -> APIC 0x50 -> Node 1
[    0.000000] SRAT: PXM 1 -> APIC 0x52 -> Node 1
[    0.000000] SRAT: PXM 1 -> APIC 0x54 -> Node 1
[    0.000000] SRAT: PXM 1 -> APIC 0x56 -> Node 1
[    0.000000] SRAT: PXM 1 -> APIC 0x60 -> Node 1
[    0.000000] SRAT: PXM 1 -> APIC 0x62 -> Node 1
[    0.000000] SRAT: PXM 1 -> APIC 0x64 -> Node 1
[    0.000000] SRAT: PXM 1 -> APIC 0x66 -> Node 1
[    0.000000] SRAT: PXM 1 -> APIC 0x68 -> Node 1
[    0.000000] SRAT: PXM 1 -> APIC 0x70 -> Node 1
[    0.000000] SRAT: PXM 1 -> APIC 0x72 -> Node 1
[    0.000000] SRAT: PXM 1 -> APIC 0x74 -> Node 1
[    0.000000] SRAT: PXM 1 -> APIC 0x76 -> Node 1
[    0.000000] SRAT: PXM 0 -> APIC 0x01 -> Node 0
[    0.000000] SRAT: PXM 0 -> APIC 0x03 -> Node 0
[    0.000000] SRAT: PXM 0 -> APIC 0x05 -> Node 0
[    0.000000] SRAT: PXM 0 -> APIC 0x07 -> Node 0
[    0.000000] SRAT: PXM 0 -> APIC 0x09 -> Node 0
[    0.000000] SRAT: PXM 0 -> APIC 0x11 -> Node 0
[    0.000000] SRAT: PXM 0 -> APIC 0x13 -> Node 0
[    0.000000] SRAT: PXM 0 -> APIC 0x15 -> Node 0
[    0.000000] SRAT: PXM 0 -> APIC 0x17 -> Node 0
[    0.000000] SRAT: PXM 0 -> APIC 0x21 -> Node 0
[    0.000000] SRAT: PXM 0 -> APIC 0x23 -> Node 0
[    0.000000] SRAT: PXM 0 -> APIC 0x25 -> Node 0
[    0.000000] SRAT: PXM 0 -> APIC 0x27 -> Node 0
[    0.000000] SRAT: PXM 0 -> APIC 0x29 -> Node 0
[    0.000000] SRAT: PXM 0 -> APIC 0x31 -> Node 0
[    0.000000] SRAT: PXM 0 -> APIC 0x33 -> Node 0
[    0.000000] SRAT: PXM 0 -> APIC 0x35 -> Node 0
[    0.000000] SRAT: PXM 0 -> APIC 0x37 -> Node 0
[    0.000000] SRAT: PXM 1 -> APIC 0x41 -> Node 1
[    0.000000] SRAT: PXM 1 -> APIC 0x43 -> Node 1
[    0.000000] SRAT: PXM 1 -> APIC 0x45 -> Node 1
[    0.000000] SRAT: PXM 1 -> APIC 0x47 -> Node 1
[    0.000000] SRAT: PXM 1 -> APIC 0x49 -> Node 1
[    0.000000] SRAT: PXM 1 -> APIC 0x51 -> Node 1
[    0.000000] SRAT: PXM 1 -> APIC 0x53 -> Node 1
[    0.000000] SRAT: PXM 1 -> APIC 0x55 -> Node 1
[    0.000000] SRAT: PXM 1 -> APIC 0x57 -> Node 1
[    0.000000] SRAT: PXM 1 -> APIC 0x61 -> Node 1
[    0.000000] SRAT: PXM 1 -> APIC 0x63 -> Node 1
[    0.000000] SRAT: PXM 1 -> APIC 0x65 -> Node 1
[    0.000000] SRAT: PXM 1 -> APIC 0x67 -> Node 1
[    0.000000] SRAT: PXM 1 -> APIC 0x69 -> Node 1
[    0.000000] SRAT: PXM 1 -> APIC 0x71 -> Node 1
[    0.000000] SRAT: PXM 1 -> APIC 0x73 -> Node 1
[    0.000000] SRAT: PXM 1 -> APIC 0x75 -> Node 1
[    0.000000] SRAT: PXM 1 -> APIC 0x77 -> Node 1
[    0.000000] SRAT: Node 0 PXM 0 [mem 0x00000000-0x7fffffff]
[    0.000000] SRAT: Node 0 PXM 0 [mem 0x100000000-0x107fffffff]
[    0.000000] SRAT: Node 1 PXM 1 [mem 0x1080000000-0x207fffffff]
[    0.000000] NUMA: Initialized distance table, cnt=3D2
[    0.000000] NUMA: Node 0 [mem 0x00000000-0x7fffffff] + [mem 0x100000000-=
0x107fffffff] -> [mem 0x00000000-0x107fffffff]
[    0.000000] NODE_DATA(0) allocated [mem 0x107ffde000-0x107fffffff]
[    0.000000] NODE_DATA(1) allocated [mem 0x207ffdc000-0x207fffdfff]
[    0.000000] Zone ranges:
[    0.000000]   DMA      [mem 0x0000000000001000-0x0000000000ffffff]
[    0.000000]   DMA32    [mem 0x0000000001000000-0x00000000ffffffff]
[    0.000000]   Normal   [mem 0x0000000100000000-0x000000207fffffff]
[    0.000000] Movable zone start for each node
[    0.000000] Early memory node ranges
[    0.000000]   node   0: [mem 0x0000000000001000-0x000000000009afff]
[    0.000000]   node   0: [mem 0x0000000000100000-0x0000000076230fff]
[    0.000000]   node   0: [mem 0x00000000762de000-0x000000007a1d2fff]
[    0.000000]   node   0: [mem 0x000000007b7d7000-0x000000007b7fffff]
[    0.000000]   node   0: [mem 0x0000000100000000-0x000000107fffffff]
[    0.000000]   node   1: [mem 0x0000001080000000-0x000000207fffffff]
[    0.000000] Initmem setup node 0 [mem 0x0000000000001000-0x000000107ffff=
fff]
[    0.000000] On node 0 totalpages: 16752873
[    0.000000]   DMA zone: 64 pages used for memmap
[    0.000000]   DMA zone: 21 pages reserved
[    0.000000]   DMA zone: 3994 pages, LIFO batch:0
[    0.000000]   DMA32 zone: 7750 pages used for memmap
[    0.000000]   DMA32 zone: 495951 pages, LIFO batch:31
[    0.000000]   Normal zone: 253952 pages used for memmap
[    0.000000]   Normal zone: 16252928 pages, LIFO batch:31
[    0.000000] Initmem setup node 1 [mem 0x0000001080000000-0x000000207ffff=
fff]
[    0.000000] On node 1 totalpages: 16777216
[    0.000000]   Normal zone: 262144 pages used for memmap
[    0.000000]   Normal zone: 16777216 pages, LIFO batch:31
[    0.000000] ACPI: PM-Timer IO Port: 0x408
[    0.000000] ACPI: Local APIC address 0xfee00000
[    0.000000] mapped APIC to ffffffffff57c000 (        fee00000)
[    0.000000] ACPI: LAPIC_NMI (acpi_id[0x00] high level lint[0x1])
[    0.000000] ACPI: LAPIC_NMI (acpi_id[0x01] high level lint[0x1])
[    0.000000] ACPI: LAPIC_NMI (acpi_id[0x02] high level lint[0x1])
[    0.000000] ACPI: LAPIC_NMI (acpi_id[0x03] high level lint[0x1])
[    0.000000] ACPI: LAPIC_NMI (acpi_id[0x04] high level lint[0x1])
[    0.000000] ACPI: LAPIC_NMI (acpi_id[0x05] high level lint[0x1])
[    0.000000] ACPI: LAPIC_NMI (acpi_id[0x06] high level lint[0x1])
[    0.000000] ACPI: LAPIC_NMI (acpi_id[0x07] high level lint[0x1])
[    0.000000] ACPI: LAPIC_NMI (acpi_id[0x08] high level lint[0x1])
[    0.000000] ACPI: LAPIC_NMI (acpi_id[0x09] high level lint[0x1])
[    0.000000] ACPI: LAPIC_NMI (acpi_id[0x0a] high level lint[0x1])
[    0.000000] ACPI: LAPIC_NMI (acpi_id[0x0b] high level lint[0x1])
[    0.000000] ACPI: LAPIC_NMI (acpi_id[0x0c] high level lint[0x1])
[    0.000000] ACPI: LAPIC_NMI (acpi_id[0x0d] high level lint[0x1])
[    0.000000] ACPI: LAPIC_NMI (acpi_id[0x0e] high level lint[0x1])
[    0.000000] ACPI: LAPIC_NMI (acpi_id[0x0f] high level lint[0x1])
[    0.000000] ACPI: LAPIC_NMI (acpi_id[0x10] high level lint[0x1])
[    0.000000] ACPI: LAPIC_NMI (acpi_id[0x11] high level lint[0x1])
[    0.000000] ACPI: LAPIC_NMI (acpi_id[0x12] high level lint[0x1])
[    0.000000] ACPI: LAPIC_NMI (acpi_id[0x13] high level lint[0x1])
[    0.000000] ACPI: LAPIC_NMI (acpi_id[0x14] high level lint[0x1])
[    0.000000] ACPI: LAPIC_NMI (acpi_id[0x15] high level lint[0x1])
[    0.000000] ACPI: LAPIC_NMI (acpi_id[0x16] high level lint[0x1])
[    0.000000] ACPI: LAPIC_NMI (acpi_id[0x17] high level lint[0x1])
[    0.000000] ACPI: LAPIC_NMI (acpi_id[0x18] high level lint[0x1])
[    0.000000] ACPI: LAPIC_NMI (acpi_id[0x19] high level lint[0x1])
[    0.000000] ACPI: LAPIC_NMI (acpi_id[0x1a] high level lint[0x1])
[    0.000000] ACPI: LAPIC_NMI (acpi_id[0x1b] high level lint[0x1])
[    0.000000] ACPI: LAPIC_NMI (acpi_id[0x1c] high level lint[0x1])
[    0.000000] ACPI: LAPIC_NMI (acpi_id[0x1d] high level lint[0x1])
[    0.000000] ACPI: LAPIC_NMI (acpi_id[0x1e] high level lint[0x1])
[    0.000000] ACPI: LAPIC_NMI (acpi_id[0x1f] high level lint[0x1])
[    0.000000] ACPI: LAPIC_NMI (acpi_id[0x20] high level lint[0x1])
[    0.000000] ACPI: LAPIC_NMI (acpi_id[0x21] high level lint[0x1])
[    0.000000] ACPI: LAPIC_NMI (acpi_id[0x22] high level lint[0x1])
[    0.000000] ACPI: LAPIC_NMI (acpi_id[0x23] high level lint[0x1])
[    0.000000] ACPI: LAPIC_NMI (acpi_id[0x24] high level lint[0x1])
[    0.000000] ACPI: LAPIC_NMI (acpi_id[0x25] high level lint[0x1])
[    0.000000] ACPI: LAPIC_NMI (acpi_id[0x26] high level lint[0x1])
[    0.000000] ACPI: LAPIC_NMI (acpi_id[0x27] high level lint[0x1])
[    0.000000] ACPI: LAPIC_NMI (acpi_id[0x28] high level lint[0x1])
[    0.000000] ACPI: LAPIC_NMI (acpi_id[0x29] high level lint[0x1])
[    0.000000] ACPI: LAPIC_NMI (acpi_id[0x2a] high level lint[0x1])
[    0.000000] ACPI: LAPIC_NMI (acpi_id[0x2b] high level lint[0x1])
[    0.000000] ACPI: LAPIC_NMI (acpi_id[0x2c] high level lint[0x1])
[    0.000000] ACPI: LAPIC_NMI (acpi_id[0x2d] high level lint[0x1])
[    0.000000] ACPI: LAPIC_NMI (acpi_id[0x2e] high level lint[0x1])
[    0.000000] ACPI: LAPIC_NMI (acpi_id[0x2f] high level lint[0x1])
[    0.000000] ACPI: LAPIC_NMI (acpi_id[0x30] high level lint[0x1])
[    0.000000] ACPI: LAPIC_NMI (acpi_id[0x31] high level lint[0x1])
[    0.000000] ACPI: LAPIC_NMI (acpi_id[0x32] high level lint[0x1])
[    0.000000] ACPI: LAPIC_NMI (acpi_id[0x33] high level lint[0x1])
[    0.000000] ACPI: LAPIC_NMI (acpi_id[0x34] high level lint[0x1])
[    0.000000] ACPI: LAPIC_NMI (acpi_id[0x35] high level lint[0x1])
[    0.000000] ACPI: LAPIC_NMI (acpi_id[0x36] high level lint[0x1])
[    0.000000] ACPI: LAPIC_NMI (acpi_id[0x37] high level lint[0x1])
[    0.000000] ACPI: LAPIC_NMI (acpi_id[0x38] high level lint[0x1])
[    0.000000] ACPI: LAPIC_NMI (acpi_id[0x39] high level lint[0x1])
[    0.000000] ACPI: LAPIC_NMI (acpi_id[0x3a] high level lint[0x1])
[    0.000000] ACPI: LAPIC_NMI (acpi_id[0x3b] high level lint[0x1])
[    0.000000] ACPI: LAPIC_NMI (acpi_id[0x3c] high level lint[0x1])
[    0.000000] ACPI: LAPIC_NMI (acpi_id[0x3d] high level lint[0x1])
[    0.000000] ACPI: LAPIC_NMI (acpi_id[0x3e] high level lint[0x1])
[    0.000000] ACPI: LAPIC_NMI (acpi_id[0x3f] high level lint[0x1])
[    0.000000] ACPI: LAPIC_NMI (acpi_id[0x40] high level lint[0x1])
[    0.000000] ACPI: LAPIC_NMI (acpi_id[0x41] high level lint[0x1])
[    0.000000] ACPI: LAPIC_NMI (acpi_id[0x42] high level lint[0x1])
[    0.000000] ACPI: LAPIC_NMI (acpi_id[0x43] high level lint[0x1])
[    0.000000] ACPI: LAPIC_NMI (acpi_id[0x44] high level lint[0x1])
[    0.000000] ACPI: LAPIC_NMI (acpi_id[0x45] high level lint[0x1])
[    0.000000] ACPI: LAPIC_NMI (acpi_id[0x46] high level lint[0x1])
[    0.000000] ACPI: LAPIC_NMI (acpi_id[0x47] high level lint[0x1])
[    0.000000] ACPI: LAPIC_NMI (acpi_id[0x48] high level lint[0x1])
[    0.000000] ACPI: LAPIC_NMI (acpi_id[0x49] high level lint[0x1])
[    0.000000] ACPI: LAPIC_NMI (acpi_id[0x4a] high level lint[0x1])
[    0.000000] ACPI: LAPIC_NMI (acpi_id[0x4b] high level lint[0x1])
[    0.000000] ACPI: LAPIC_NMI (acpi_id[0x4c] high level lint[0x1])
[    0.000000] ACPI: LAPIC_NMI (acpi_id[0x4d] high level lint[0x1])
[    0.000000] ACPI: LAPIC_NMI (acpi_id[0x4e] high level lint[0x1])
[    0.000000] ACPI: LAPIC_NMI (acpi_id[0x4f] high level lint[0x1])
[    0.000000] ACPI: LAPIC_NMI (acpi_id[0x50] high level lint[0x1])
[    0.000000] ACPI: LAPIC_NMI (acpi_id[0x51] high level lint[0x1])
[    0.000000] ACPI: LAPIC_NMI (acpi_id[0x52] high level lint[0x1])
[    0.000000] ACPI: LAPIC_NMI (acpi_id[0x53] high level lint[0x1])
[    0.000000] ACPI: LAPIC_NMI (acpi_id[0x54] high level lint[0x1])
[    0.000000] ACPI: LAPIC_NMI (acpi_id[0x55] high level lint[0x1])
[    0.000000] ACPI: LAPIC_NMI (acpi_id[0x56] high level lint[0x1])
[    0.000000] ACPI: LAPIC_NMI (acpi_id[0x57] high level lint[0x1])
[    0.000000] ACPI: LAPIC_NMI (acpi_id[0x58] high level lint[0x1])
[    0.000000] ACPI: LAPIC_NMI (acpi_id[0x59] high level lint[0x1])
[    0.000000] ACPI: LAPIC_NMI (acpi_id[0x5a] high level lint[0x1])
[    0.000000] ACPI: LAPIC_NMI (acpi_id[0x5b] high level lint[0x1])
[    0.000000] ACPI: LAPIC_NMI (acpi_id[0x5c] high level lint[0x1])
[    0.000000] ACPI: LAPIC_NMI (acpi_id[0x5d] high level lint[0x1])
[    0.000000] ACPI: LAPIC_NMI (acpi_id[0x5e] high level lint[0x1])
[    0.000000] ACPI: LAPIC_NMI (acpi_id[0x5f] high level lint[0x1])
[    0.000000] ACPI: LAPIC_NMI (acpi_id[0x60] high level lint[0x1])
[    0.000000] ACPI: LAPIC_NMI (acpi_id[0x61] high level lint[0x1])
[    0.000000] ACPI: LAPIC_NMI (acpi_id[0x62] high level lint[0x1])
[    0.000000] ACPI: LAPIC_NMI (acpi_id[0x63] high level lint[0x1])
[    0.000000] ACPI: LAPIC_NMI (acpi_id[0x64] high level lint[0x1])
[    0.000000] ACPI: LAPIC_NMI (acpi_id[0x65] high level lint[0x1])
[    0.000000] ACPI: LAPIC_NMI (acpi_id[0x66] high level lint[0x1])
[    0.000000] ACPI: LAPIC_NMI (acpi_id[0x67] high level lint[0x1])
[    0.000000] ACPI: LAPIC_NMI (acpi_id[0x68] high level lint[0x1])
[    0.000000] ACPI: LAPIC_NMI (acpi_id[0x69] high level lint[0x1])
[    0.000000] ACPI: LAPIC_NMI (acpi_id[0x6a] high level lint[0x1])
[    0.000000] ACPI: LAPIC_NMI (acpi_id[0x6b] high level lint[0x1])
[    0.000000] ACPI: LAPIC_NMI (acpi_id[0x6c] high level lint[0x1])
[    0.000000] ACPI: LAPIC_NMI (acpi_id[0x6d] high level lint[0x1])
[    0.000000] ACPI: LAPIC_NMI (acpi_id[0x6e] high level lint[0x1])
[    0.000000] ACPI: LAPIC_NMI (acpi_id[0x6f] high level lint[0x1])
[    0.000000] ACPI: LAPIC_NMI (acpi_id[0x70] high level lint[0x1])
[    0.000000] ACPI: LAPIC_NMI (acpi_id[0x71] high level lint[0x1])
[    0.000000] ACPI: LAPIC_NMI (acpi_id[0x72] high level lint[0x1])
[    0.000000] ACPI: LAPIC_NMI (acpi_id[0x73] high level lint[0x1])
[    0.000000] ACPI: LAPIC_NMI (acpi_id[0x74] high level lint[0x1])
[    0.000000] ACPI: LAPIC_NMI (acpi_id[0x75] high level lint[0x1])
[    0.000000] ACPI: LAPIC_NMI (acpi_id[0x76] high level lint[0x1])
[    0.000000] ACPI: LAPIC_NMI (acpi_id[0x77] high level lint[0x1])
[    0.000000] ACPI: LAPIC_NMI (acpi_id[0x78] high level lint[0x1])
[    0.000000] ACPI: LAPIC_NMI (acpi_id[0x79] high level lint[0x1])
[    0.000000] ACPI: LAPIC_NMI (acpi_id[0x7a] high level lint[0x1])
[    0.000000] ACPI: LAPIC_NMI (acpi_id[0x7b] high level lint[0x1])
[    0.000000] ACPI: LAPIC_NMI (acpi_id[0x7c] high level lint[0x1])
[    0.000000] ACPI: LAPIC_NMI (acpi_id[0x7c] high level lint[0x1])
[    0.000000] ACPI: LAPIC_NMI (acpi_id[0x7d] high level lint[0x1])
[    0.000000] ACPI: LAPIC_NMI (acpi_id[0x7e] high level lint[0x1])
[    0.000000] ACPI: LAPIC_NMI (acpi_id[0x7f] high level lint[0x1])
[    0.000000] ACPI: LAPIC_NMI (acpi_id[0x80] high level lint[0x1])
[    0.000000] ACPI: LAPIC_NMI (acpi_id[0x81] high level lint[0x1])
[    0.000000] ACPI: LAPIC_NMI (acpi_id[0x82] high level lint[0x1])
[    0.000000] ACPI: LAPIC_NMI (acpi_id[0x83] high level lint[0x1])
[    0.000000] ACPI: LAPIC_NMI (acpi_id[0x84] high level lint[0x1])
[    0.000000] ACPI: LAPIC_NMI (acpi_id[0x85] high level lint[0x1])
[    0.000000] ACPI: LAPIC_NMI (acpi_id[0x86] high level lint[0x1])
[    0.000000] ACPI: LAPIC_NMI (acpi_id[0x87] high level lint[0x1])
[    0.000000] ACPI: LAPIC_NMI (acpi_id[0x88] high level lint[0x1])
[    0.000000] ACPI: LAPIC_NMI (acpi_id[0x89] high level lint[0x1])
[    0.000000] ACPI: LAPIC_NMI (acpi_id[0x8a] high level lint[0x1])
[    0.000000] ACPI: LAPIC_NMI (acpi_id[0x8b] high level lint[0x1])
[    0.000000] ACPI: LAPIC_NMI (acpi_id[0x8c] high level lint[0x1])
[    0.000000] ACPI: LAPIC_NMI (acpi_id[0x8d] high level lint[0x1])
[    0.000000] ACPI: LAPIC_NMI (acpi_id[0x8f] high level lint[0x1])
[    0.000000] IOAPIC[0]: apic_id 8, version 32, address 0xfec00000, GSI 0-=
23
[    0.000000] IOAPIC[1]: apic_id 9, version 32, address 0xfec01000, GSI 24=
-47
[    0.000000] IOAPIC[2]: apic_id 10, version 32, address 0xfec40000, GSI 4=
8-71
[    0.000000] ACPI: INT_SRC_OVR (bus 0 bus_irq 0 global_irq 2 dfl dfl)
[    0.000000] Int: type 0, pol 0, trig 0, bus 00, IRQ 00, APIC ID 8, APIC =
INT 02
[    0.000000] ACPI: INT_SRC_OVR (bus 0 bus_irq 9 global_irq 9 high level)
[    0.000000] Int: type 0, pol 1, trig 3, bus 00, IRQ 09, APIC ID 8, APIC =
INT 09
[    0.000000] ACPI: IRQ0 used by override.
[    0.000000] Int: type 0, pol 0, trig 0, bus 00, IRQ 01, APIC ID 8, APIC =
INT 01
[    0.000000] Int: type 0, pol 0, trig 0, bus 00, IRQ 03, APIC ID 8, APIC =
INT 03
[    0.000000] Int: type 0, pol 0, trig 0, bus 00, IRQ 04, APIC ID 8, APIC =
INT 04
[    0.000000] Int: type 0, pol 0, trig 0, bus 00, IRQ 05, APIC ID 8, APIC =
INT 05
[    0.000000] Int: type 0, pol 0, trig 0, bus 00, IRQ 06, APIC ID 8, APIC =
INT 06
[    0.000000] Int: type 0, pol 0, trig 0, bus 00, IRQ 07, APIC ID 8, APIC =
INT 07
[    0.000000] Int: type 0, pol 0, trig 0, bus 00, IRQ 08, APIC ID 8, APIC =
INT 08
[    0.000000] ACPI: IRQ9 used by override.
[    0.000000] Int: type 0, pol 0, trig 0, bus 00, IRQ 0a, APIC ID 8, APIC =
INT 0a
[    0.000000] Int: type 0, pol 0, trig 0, bus 00, IRQ 0b, APIC ID 8, APIC =
INT 0b
[    0.000000] Int: type 0, pol 0, trig 0, bus 00, IRQ 0c, APIC ID 8, APIC =
INT 0c
[    0.000000] Int: type 0, pol 0, trig 0, bus 00, IRQ 0d, APIC ID 8, APIC =
INT 0d
[    0.000000] Int: type 0, pol 0, trig 0, bus 00, IRQ 0e, APIC ID 8, APIC =
INT 0e
[    0.000000] Int: type 0, pol 0, trig 0, bus 00, IRQ 0f, APIC ID 8, APIC =
INT 0f
[    0.000000] Using ACPI (MADT) for SMP configuration information
[    0.000000] ACPI: HPET id: 0x8086a701 base: 0xfed00000
[    0.000000] smpboot: Allowing 144 CPUs, 72 hotplug CPUs
[    0.000000] mapped IOAPIC to ffffffffff57b000 (fec00000)
[    0.000000] mapped IOAPIC to ffffffffff57a000 (fec01000)
[    0.000000] mapped IOAPIC to ffffffffff579000 (fec40000)
[    0.000000] PM: Registered nosave memory: [mem 0x00000000-0x00000fff]
[    0.000000] PM: Registered nosave memory: [mem 0x0009b000-0x0009bfff]
[    0.000000] PM: Registered nosave memory: [mem 0x0009c000-0x0009ffff]
[    0.000000] PM: Registered nosave memory: [mem 0x000a0000-0x000dffff]
[    0.000000] PM: Registered nosave memory: [mem 0x000e0000-0x000fffff]
[    0.000000] PM: Registered nosave memory: [mem 0x76231000-0x762ddfff]
[    0.000000] PM: Registered nosave memory: [mem 0x7a1d3000-0x7accefff]
[    0.000000] PM: Registered nosave memory: [mem 0x7accf000-0x7b6fefff]
[    0.000000] PM: Registered nosave memory: [mem 0x7b6ff000-0x7b7d6fff]
[    0.000000] PM: Registered nosave memory: [mem 0x7b800000-0x8fffffff]
[    0.000000] PM: Registered nosave memory: [mem 0x90000000-0xfed1bfff]
[    0.000000] PM: Registered nosave memory: [mem 0xfed1c000-0xfed1ffff]
[    0.000000] PM: Registered nosave memory: [mem 0xfed20000-0xff3fffff]
[    0.000000] PM: Registered nosave memory: [mem 0xff400000-0xffffffff]
[    0.000000] e820: [mem 0x90000000-0xfed1bfff] available for PCI devices
[    0.000000] Booting paravirtualized kernel on bare hardware
[    0.000000] clocksource: refined-jiffies: mask: 0xffffffff max_cycles: 0=
xffffffff, max_idle_ns: 1910969940391419 ns
[    0.000000] setup_percpu: NR_CPUS:8192 nr_cpumask_bits:144 nr_cpu_ids:14=
4 nr_node_ids:2
[    0.000000] PERCPU: Embedded 34 pages/cpu @ffff88103ec00000 s99736 r8192=
 d31336 u262144
[    0.000000] pcpu-alloc: s99736 r8192 d31336 u262144 alloc=3D1*2097152
[    0.000000] pcpu-alloc: [0] 000 001 002 003 004 005 006 007=20
[    0.000000] pcpu-alloc: [0] 008 009 010 011 012 013 014 015=20
[    0.000000] pcpu-alloc: [0] 016 017 036 037 038 039 040 041=20
[    0.000000] pcpu-alloc: [0] 042 043 044 045 046 047 048 049=20
[    0.000000] pcpu-alloc: [0] 050 051 052 053 072 074 076 078=20
[    0.000000] pcpu-alloc: [0] 080 082 084 086 088 090 092 094=20
[    0.000000] pcpu-alloc: [0] 096 098 100 102 104 106 108 110=20
[    0.000000] pcpu-alloc: [0] 112 114 116 118 120 122 124 126=20
[    0.000000] pcpu-alloc: [0] 128 130 132 134 136 138 140 142=20
[    0.000000] pcpu-alloc: [1] 018 019 020 021 022 023 024 025=20
[    0.000000] pcpu-alloc: [1] 026 027 028 029 030 031 032 033=20
[    0.000000] pcpu-alloc: [1] 034 035 054 055 056 057 058 059=20
[    0.000000] pcpu-alloc: [1] 060 061 062 063 064 065 066 067=20
[    0.000000] pcpu-alloc: [1] 068 069 070 071 073 075 077 079=20
[    0.000000] pcpu-alloc: [1] 081 083 085 087 089 091 093 095=20
[    0.000000] pcpu-alloc: [1] 097 099 101 103 105 107 109 111=20
[    0.000000] pcpu-alloc: [1] 113 115 117 119 121 123 125 127=20
[    0.000000] pcpu-alloc: [1] 129 131 133 135 137 139 141 143=20
[    0.000000] Built 2 zonelists in Node order, mobility grouping on.  Tota=
l pages: 33006158
[    0.000000] Policy zone: Normal
[    0.000000] Kernel command line: root=3D/dev/ram0 user=3Daaron job=3D/lk=
p/scheduled/lkp-hsw-ep2/vip_swap-performance-always-always-x86_64-rhel-cb8d=
05829190b806ad3948ff9b9e08c8ba1daf63-20151207-55614-1vodm4t-3.yaml ARCH=3Dx=
86_64 kconfig=3Dx86_64-rhel branch=3Daaron/kim commit=3Dcb8d05829190b806ad3=
948ff9b9e08c8ba1daf63 BOOT_IMAGE=3D/pkg/linux/x86_64-rhel/gcc-4.9/cb8d05829=
190b806ad3948ff9b9e08c8ba1daf63/vmlinuz-4.4.0-rc3-00025-gcb8d058 max_uptime=
=3D1121 RESULT_ROOT=3D/result/swap/performance-always-always/lkp-hsw-ep2/de=
bian-x86_64-2015-02-07.cgz/x86_64-rhel/gcc-4.9/cb8d05829190b806ad3948ff9b9e=
08c8ba1daf63/0 LKP_SERVER=3Dinn earlyprintk=3DttyS0,115200 systemd.log_leve=
l=3Derr debug apic=3Ddebug sysrq_always_enabled rcupdate.rcu_cpu_stall_time=
out=3D100 panic=3D-1 softlockup_panic=3D1 nmi_watchdog=3Dpanic oops=3Dpanic=
 load_ramdisk=3D2 prompt_ramdisk=3D0 console=3DttyS0,115200 console=3Dtty0 =
vga=3Dnormal rw ip=3D::::lkp-hsw-ep2::dhcp
[    0.000000] sysrq: sysrq always enabled.
[    0.000000] log_buf_len individual max cpu contribution: 4096 bytes
[    0.000000] log_buf_len total cpu_extra contributions: 585728 bytes
[    0.000000] log_buf_len min size: 524288 bytes
[    0.000000] log_buf_len: 2097152 bytes
[    0.000000] early log buf free: 495268(94%)
[    0.000000] PID hash table entries: 4096 (order: 3, 32768 bytes)
[    0.000000] Memory: 131775292K/134120356K available (9002K kernel code, =
1768K rwdata, 4112K rodata, 1880K init, 2080K bss, 2345064K reserved, 0K cm=
a-reserved)
[    0.000000] SLUB: HWalign=3D64, Order=3D0-3, MinObjects=3D0, CPUs=3D144,=
 Nodes=3D2
[    0.000000] Hierarchical RCU implementation.
[    0.000000] 	Build-time adjustment of leaf fanout to 64.
[    0.000000] 	RCU restricting CPUs from NR_CPUS=3D8192 to nr_cpu_ids=3D14=
4.
[    0.000000] RCU: Adjusting geometry for rcu_fanout_leaf=3D64, nr_cpu_ids=
=3D144
[    0.000000] NR_IRQS:524544 nr_irqs:2392 16
[    0.000000] 	Offload RCU callbacks from all CPUs
[    0.000000] 	Offload RCU callbacks from CPUs: 0-143.
[    0.000000] Console: colour dummy device 80x25
[    0.000000] console [tty0] enabled
[    0.000000] bootconsole [earlyser0] disabled
[    0.000000] console [ttyS0] enabled
[    0.000000] mempolicy: Enabling automatic NUMA balancing. Configure with=
 numa_balancing=3D or the kernel.numa_balancing sysctl
[    0.000000] clocksource: hpet: mask: 0xffffffff max_cycles: 0xffffffff, =
max_idle_ns: 133484882848 ns
[    0.000000] hpet clockevent registered
[    0.000000] tsc: Fast TSC calibration using PIT
[    0.000000] tsc: Detected 2294.684 MHz processor
[    0.000076] Calibrating delay loop (skipped), value calculated using tim=
er frequency.. 4589.36 BogoMIPS (lpj=3D2294684)
[    0.011936] pid_max: default: 147456 minimum: 1152
[    0.017293] ACPI: Core revision 20150930
[    0.141308] ACPI: 4 ACPI AML tables successfully acquired and loaded
[    0.148588] Security Framework initialized
[    0.153158] SELinux:  Initializing.
[    0.157077] SELinux:  Starting in permissive mode
[    0.169208] Dentry cache hash table entries: 16777216 (order: 15, 134217=
728 bytes)
[    0.202336] Inode-cache hash table entries: 8388608 (order: 14, 67108864=
 bytes)
[    0.221102] Mount-cache hash table entries: 262144 (order: 9, 2097152 by=
tes)
[    0.229102] Mountpoint-cache hash table entries: 262144 (order: 9, 20971=
52 bytes)
[    0.238466] Initializing cgroup subsys io
[    0.242952] Initializing cgroup subsys memory
[    0.247858] Initializing cgroup subsys devices
[    0.252826] Initializing cgroup subsys freezer
[    0.257793] Initializing cgroup subsys net_cls
[    0.262761] Initializing cgroup subsys perf_event
[    0.268020] Initializing cgroup subsys hugetlb
[    0.273056] CPU: Physical Processor ID: 0
[    0.277536] CPU: Processor Core ID: 0
[    0.282368] mce: CPU supports 22 MCE banks
[    0.286983] CPU0: Thermal monitoring enabled (TM1)
[    0.292346] process: using mwait in idle threads
[    0.297508] Last level iTLB entries: 4KB 1024, 2MB 1024, 4MB 1024
[    0.304315] Last level dTLB entries: 4KB 1024, 2MB 1024, 4MB 1024, 1GB 4
[    0.312724] Freeing SMP alternatives memory: 32K (ffffffff82063000 - fff=
fffff8206b000)
[    0.323524] ftrace: allocating 33639 entries in 132 pages
[    0.344036] x2apic: IRQ remapping doesn't support X2APIC mode
[    0.350527] Switched APIC routing to physical flat.
[    0.355970] masked ExtINT on CPU#0
[    0.360198] ENABLING IO-APIC IRQs
[    0.363905] init IO_APIC IRQs
[    0.367222]  apic 8 pin 0 not connected
[    0.371513] IOAPIC[0]: Set routing entry (8-1 -> 0x31 -> IRQ 1 Mode:0 Ac=
tive:0 Dest:0)
[    0.380362] IOAPIC[0]: Set routing entry (8-2 -> 0x30 -> IRQ 0 Mode:0 Ac=
tive:0 Dest:0)
[    0.389202] IOAPIC[0]: Set routing entry (8-3 -> 0x33 -> IRQ 3 Mode:0 Ac=
tive:0 Dest:0)
[    0.398043] IOAPIC[0]: Set routing entry (8-4 -> 0x34 -> IRQ 4 Mode:0 Ac=
tive:0 Dest:0)
[    0.406884] IOAPIC[0]: Set routing entry (8-5 -> 0x35 -> IRQ 5 Mode:0 Ac=
tive:0 Dest:0)
[    0.415726] IOAPIC[0]: Set routing entry (8-6 -> 0x36 -> IRQ 6 Mode:0 Ac=
tive:0 Dest:0)
[    0.424564] IOAPIC[0]: Set routing entry (8-7 -> 0x37 -> IRQ 7 Mode:0 Ac=
tive:0 Dest:0)
[    0.433403] IOAPIC[0]: Set routing entry (8-8 -> 0x38 -> IRQ 8 Mode:0 Ac=
tive:0 Dest:0)
[    0.442241] IOAPIC[0]: Set routing entry (8-9 -> 0x39 -> IRQ 9 Mode:1 Ac=
tive:0 Dest:0)
[    0.451079] IOAPIC[0]: Set routing entry (8-10 -> 0x3a -> IRQ 10 Mode:0 =
Active:0 Dest:0)
[    0.460111] IOAPIC[0]: Set routing entry (8-11 -> 0x3b -> IRQ 11 Mode:0 =
Active:0 Dest:0)
[    0.469145] IOAPIC[0]: Set routing entry (8-12 -> 0x3c -> IRQ 12 Mode:0 =
Active:0 Dest:0)
[    0.478177] IOAPIC[0]: Set routing entry (8-13 -> 0x3d -> IRQ 13 Mode:0 =
Active:0 Dest:0)
[    0.487210] IOAPIC[0]: Set routing entry (8-14 -> 0x3e -> IRQ 14 Mode:0 =
Active:0 Dest:0)
[    0.496242] IOAPIC[0]: Set routing entry (8-15 -> 0x3f -> IRQ 15 Mode:0 =
Active:0 Dest:0)
[    0.505263]  apic 8 pin 16 not connected
[    0.509637]  apic 8 pin 17 not connected
[    0.514011]  apic 8 pin 18 not connected
[    0.518385]  apic 8 pin 19 not connected
[    0.522759]  apic 8 pin 20 not connected
[    0.527133]  apic 8 pin 21 not connected
[    0.531508]  apic 8 pin 22 not connected
[    0.535882]  apic 8 pin 23 not connected
[    0.540256]  apic 9 pin 0 not connected
[    0.544533]  apic 9 pin 1 not connected
[    0.548810]  apic 9 pin 2 not connected
[    0.553087]  apic 9 pin 3 not connected
[    0.557364]  apic 9 pin 4 not connected
[    0.561642]  apic 9 pin 5 not connected
[    0.565919]  apic 9 pin 6 not connected
[    0.570196]  apic 9 pin 7 not connected
[    0.574473]  apic 9 pin 8 not connected
[    0.578750]  apic 9 pin 9 not connected
[    0.583027]  apic 9 pin 10 not connected
[    0.587401]  apic 9 pin 11 not connected
[    0.591775]  apic 9 pin 12 not connected
[    0.596149]  apic 9 pin 13 not connected
[    0.600525]  apic 9 pin 14 not connected
[    0.604898]  apic 9 pin 15 not connected
[    0.609272]  apic 9 pin 16 not connected
[    0.613646]  apic 9 pin 17 not connected
[    0.618020]  apic 9 pin 18 not connected
[    0.622394]  apic 9 pin 19 not connected
[    0.626768]  apic 9 pin 20 not connected
[    0.631142]  apic 9 pin 21 not connected
[    0.635516]  apic 9 pin 22 not connected
[    0.639890]  apic 9 pin 23 not connected
[    0.644264]  apic 10 pin 0 not connected
[    0.648638]  apic 10 pin 1 not connected
[    0.653011]  apic 10 pin 2 not connected
[    0.657385]  apic 10 pin 3 not connected
[    0.661759]  apic 10 pin 4 not connected
[    0.666133]  apic 10 pin 5 not connected
[    0.670507]  apic 10 pin 6 not connected
[    0.674881]  apic 10 pin 7 not connected
[    0.679255]  apic 10 pin 8 not connected
[    0.683629]  apic 10 pin 9 not connected
[    0.688003]  apic 10 pin 10 not connected
[    0.692474]  apic 10 pin 11 not connected
[    0.696945]  apic 10 pin 12 not connected
[    0.701416]  apic 10 pin 13 not connected
[    0.705887]  apic 10 pin 14 not connected
[    0.710358]  apic 10 pin 15 not connected
[    0.714829]  apic 10 pin 16 not connected
[    0.719300]  apic 10 pin 17 not connected
[    0.723770]  apic 10 pin 18 not connected
[    0.728241]  apic 10 pin 19 not connected
[    0.732712]  apic 10 pin 20 not connected
[    0.737183]  apic 10 pin 21 not connected
[    0.741654]  apic 10 pin 22 not connected
[    0.746125]  apic 10 pin 23 not connected
[    0.750737] ..TIMER: vector=3D0x30 apic1=3D0 pin1=3D2 apic2=3D-1 pin2=3D=
-1
[    0.767455] TSC deadline timer enabled
[    0.771653] smpboot: CPU0: Intel(R) Xeon(R) CPU E5-2699 v3 @ 2.30GHz (fa=
mily: 0x6, model: 0x3f, stepping: 0x2)
[    0.782895] Performance Events: PEBS fmt2+, 16-deep LBR, Haswell events,=
 full-width counters, Intel PMU driver.
[    0.794263] ... version:                3
[    0.798742] ... bit width:              48
[    0.803311] ... generic registers:      4
[    0.807783] ... value mask:             0000ffffffffffff
[    0.813709] ... max period:             0000ffffffffffff
[    0.819635] ... fixed-purpose events:   3
[    0.824107] ... event mask:             000000070000000f
[    0.832738] x86: Booting SMP configuration:
[    0.837415] .... node  #0, CPUs:          #1
[    0.853867] masked ExtINT on CPU#1
[    0.865489] NMI watchdog: enabled on all CPUs, permanently consumes one =
hw-PMU counter.
[    0.874583]    #2
[    0.888186] masked ExtINT on CPU#2
[    0.895235]    #3
[    0.908719] masked ExtINT on CPU#3
[    0.915801]    #4
[    0.929232] masked ExtINT on CPU#4
[    0.936325]    #5
[    0.949910] masked ExtINT on CPU#5
[    0.956974]    #6
[    0.970522] masked ExtINT on CPU#6
[    0.977565]    #7
[    0.991047] masked ExtINT on CPU#7
[    0.998104]    #8
[    1.011550] masked ExtINT on CPU#8
[    1.018601]    #9
[    1.032032] masked ExtINT on CPU#9
[    1.039130]   #10
[    1.052566] masked ExtINT on CPU#10
[    1.059730]   #11
[    1.073259] masked ExtINT on CPU#11
[    1.080465]   #12
[    1.094036] masked ExtINT on CPU#12
[    1.101270]   #13
[    1.114806] masked ExtINT on CPU#13
[    1.122037]   #14
[    1.135463] masked ExtINT on CPU#14
[    1.142641]   #15
[    1.156183] masked ExtINT on CPU#15
[    1.163382]   #16
[    1.176945] masked ExtINT on CPU#16
[    1.184169]   #17
[    1.197693] masked ExtINT on CPU#17
[    1.204941]=20
[    1.206616] .... node  #1, CPUs:    #18
[    1.223993] masked ExtINT on CPU#18
[    1.309555]   #19
[    1.323587] masked ExtINT on CPU#19
[    1.330746]   #20
[    1.344510] masked ExtINT on CPU#20
[    1.351632]   #21
[    1.365328] masked ExtINT on CPU#21
[    1.372432]   #22
[    1.385998] masked ExtINT on CPU#22
[    1.393106]   #23
[    1.406778] masked ExtINT on CPU#23
[    1.413830]   #24
[    1.427476] masked ExtINT on CPU#24
[    1.434527]   #25
[    1.448100] masked ExtINT on CPU#25
[    1.455139]   #26
[    1.468674] masked ExtINT on CPU#26
[    1.475740]   #27
[    1.489261] masked ExtINT on CPU#27
[    1.496346]   #28
[    1.509868] masked ExtINT on CPU#28
[    1.516935]   #29
[    1.530553] masked ExtINT on CPU#29
[    1.537655]   #30
[    1.551304] masked ExtINT on CPU#30
[    1.558441]   #31
[    1.572066] masked ExtINT on CPU#31
[    1.579191]   #32
[    1.592704] masked ExtINT on CPU#32
[    1.599786]   #33
[    1.613417] masked ExtINT on CPU#33
[    1.620517]   #34
[    1.634168] masked ExtINT on CPU#34
[    1.641294]   #35
[    1.654907] masked ExtINT on CPU#35
[    1.662039]=20
[    1.663710] .... node  #0, CPUs:    #36
[    1.680002] masked ExtINT on CPU#36
[    1.687163]   #37
[    1.700847] masked ExtINT on CPU#37
[    1.707968]   #38
[    1.721510] masked ExtINT on CPU#38
[    1.728619]   #39
[    1.742196] masked ExtINT on CPU#39
[    1.749338]   #40
[    1.762863] masked ExtINT on CPU#40
[    1.770006]   #41
[    1.783683] masked ExtINT on CPU#41
[    1.790808]   #42
[    1.804448] masked ExtINT on CPU#42
[    1.811549]   #43
[    1.825139] masked ExtINT on CPU#43
[    1.832246]   #44
[    1.845786] masked ExtINT on CPU#44
[    1.852908]   #45
[    1.866434] masked ExtINT on CPU#45
[    1.873590]   #46
[    1.887017] masked ExtINT on CPU#46
[    1.894148]   #47
[    1.907772] masked ExtINT on CPU#47
[    1.914949]   #48
[    1.928614] masked ExtINT on CPU#48
[    1.935810]   #49
[    1.949348] masked ExtINT on CPU#49
[    1.956537]   #50
[    1.970056] masked ExtINT on CPU#50
[    1.977199]   #51
[    1.990833] masked ExtINT on CPU#51
[    1.998003]   #52
[    2.011659] masked ExtINT on CPU#52
[    2.018842]   #53
[    2.032459] masked ExtINT on CPU#53
[    2.039672]=20
[    2.041344] .... node  #1, CPUs:    #54
[    2.057025] masked ExtINT on CPU#54
[    2.064103]   #55
[    2.077783] masked ExtINT on CPU#55
[    2.084827]   #56
[    2.098356] masked ExtINT on CPU#56
[    2.105409]   #57
[    2.118981] masked ExtINT on CPU#57
[    2.126043]   #58
[    2.139555] masked ExtINT on CPU#58
[    2.146651]   #59
[    2.160324] masked ExtINT on CPU#59
[    2.167381]   #60
[    2.181016] masked ExtINT on CPU#60
[    2.188064]   #61
[    2.201631] masked ExtINT on CPU#61
[    2.208674]   #62
[    2.222208] masked ExtINT on CPU#62
[    2.229271]   #63
[    2.242784] masked ExtINT on CPU#63
[    2.249873]   #64
[    2.263395] masked ExtINT on CPU#64
[    2.270467]   #65
[    2.284085] masked ExtINT on CPU#65
[    2.291180]   #66
[    2.304829] masked ExtINT on CPU#66
[    2.311966]   #67
[    2.325591] masked ExtINT on CPU#67
[    2.332711]   #68
[    2.346226] masked ExtINT on CPU#68
[    2.353299]   #69
[    2.366930] masked ExtINT on CPU#69
[    2.374025]   #70
[    2.387678] masked ExtINT on CPU#70
[    2.394805]   #71
[    2.408417] masked ExtINT on CPU#71
[    2.415452] x86: Booted up 2 nodes, 72 CPUs
[    2.420137] smpboot: Total of 72 processors activated (330811.27 BogoMIP=
S)
[    2.682977] devtmpfs: initialized
[    2.686758] Using 2GB memory block size for large-memory system
[    2.695202] evm: security.selinux
[    2.698909] evm: security.ima
[    2.702219] evm: security.capability
[    2.706367] PM: Registering ACPI NVS region [mem 0x7accf000-0x7b6fefff] =
(10682368 bytes)
[    2.715790] clocksource: jiffies: mask: 0xffffffff max_cycles: 0xfffffff=
f, max_idle_ns: 1911260446275000 ns
[    2.727116] atomic64_test: passed for x86-64 platform with CX8 and with =
SSE
[    2.734888] pinctrl core: initialized pinctrl subsystem
[    2.741597] NET: Registered protocol family 16
[    2.750411] cpuidle: using governor menu
[    2.754990] ACPI FADT declares the system doesn't support PCIe ASPM, so =
disable it
[    2.763450] ACPI: bus type PCI registered
[    2.767932] acpiphp: ACPI Hot Plug PCI Controller Driver version: 0.5
[    2.775285] PCI: MMCONFIG for domain 0000 [bus 00-ff] at [mem 0x80000000=
-0x8fffffff] (base 0x80000000)
[    2.785683] PCI: MMCONFIG at [mem 0x80000000-0x8fffffff] reserved in E820
[    2.793275] PCI: Using configuration type 1 for base access
[    2.801132] perf_event_intel: PMU erratum BJ122, BV98, HSD29 worked arou=
nd, HT is on
[    2.815702] ACPI: Added _OSI(Module Device)
[    2.820380] ACPI: Added _OSI(Processor Device)
[    2.825347] ACPI: Added _OSI(3.0 _SCP Extensions)
[    2.830597] ACPI: Added _OSI(Processor Aggregator Device)
[    2.855398] ACPI: Executed 1 blocks of module-level executable AML code
[    3.012053] [Firmware Bug]: ACPI: BIOS _OSI(Linux) query ignored
[    3.022004] ACPI: Dynamic OEM Table Load:
[    3.026509] ACPI: PRAD 0x0000000000000000 000102 (v02 INTEL  SpsPrAgg 00=
000002 INTL 20130328)
[    3.068703] ACPI: Interpreter enabled
[    3.072805] ACPI Exception: AE_NOT_FOUND, While evaluating Sleep State [=
\_S1_] (20150930/hwxface-580)
[    3.083128] ACPI Exception: AE_NOT_FOUND, While evaluating Sleep State [=
\_S2_] (20150930/hwxface-580)
[    3.093443] ACPI Exception: AE_NOT_FOUND, While evaluating Sleep State [=
\_S3_] (20150930/hwxface-580)
[    3.103757] ACPI Exception: AE_NOT_FOUND, While evaluating Sleep State [=
\_S4_] (20150930/hwxface-580)
[    3.114084] ACPI: (supports S0 S5)
[    3.117887] ACPI: Using IOAPIC for interrupt routing
[    3.123470] HEST: Table parsing has been initialized.
[    3.129118] PCI: Using host bridge windows from ACPI; if necessary, use =
"pci=3Dnocrs" and report a bug
[    3.176796] ACPI: PCI Root Bridge [UNC1] (domain 0000 [bus ff])
[    3.183417] acpi PNP0A03:02: _OSC: OS supports [ExtendedConfig ASPM Cloc=
kPM Segments MSI]
[    3.192557] acpi PNP0A03:02: _OSC failed (AE_NOT_FOUND); disabling ASPM
[    3.199987] PCI host bridge to bus 0000:ff
[    3.204567] pci_bus 0000:ff: root bus resource [bus ff]
[    3.210412] pci 0000:ff:08.0: [8086:2f80] type 00 class 0x088000
[    3.217175] pci 0000:ff:08.2: [8086:2f32] type 00 class 0x110100
[    3.223927] pci 0000:ff:08.3: [8086:2f83] type 00 class 0x088000
[    3.230683] pci 0000:ff:09.0: [8086:2f90] type 00 class 0x088000
[    3.237435] pci 0000:ff:09.2: [8086:2f33] type 00 class 0x110100
[    3.244186] pci 0000:ff:09.3: [8086:2f93] type 00 class 0x088000
[    3.250940] pci 0000:ff:0b.0: [8086:2f81] type 00 class 0x088000
[    3.257688] pci 0000:ff:0b.1: [8086:2f36] type 00 class 0x110100
[    3.264436] pci 0000:ff:0b.2: [8086:2f37] type 00 class 0x110100
[    3.271188] pci 0000:ff:0c.0: [8086:2fe0] type 00 class 0x088000
[    3.277935] pci 0000:ff:0c.1: [8086:2fe1] type 00 class 0x088000
[    3.284687] pci 0000:ff:0c.2: [8086:2fe2] type 00 class 0x088000
[    3.291436] pci 0000:ff:0c.3: [8086:2fe3] type 00 class 0x088000
[    3.298177] pci 0000:ff:0c.4: [8086:2fe4] type 00 class 0x088000
[    3.304915] pci 0000:ff:0c.5: [8086:2fe5] type 00 class 0x088000
[    3.311664] pci 0000:ff:0c.6: [8086:2fe6] type 00 class 0x088000
[    3.318408] pci 0000:ff:0c.7: [8086:2fe7] type 00 class 0x088000
[    3.325159] pci 0000:ff:0d.0: [8086:2fe8] type 00 class 0x088000
[    3.331908] pci 0000:ff:0d.1: [8086:2fe9] type 00 class 0x088000
[    3.338652] pci 0000:ff:0d.2: [8086:2fea] type 00 class 0x088000
[    3.345398] pci 0000:ff:0d.3: [8086:2feb] type 00 class 0x088000
[    3.352147] pci 0000:ff:0d.4: [8086:2fec] type 00 class 0x088000
[    3.358887] pci 0000:ff:0d.5: [8086:2fed] type 00 class 0x088000
[    3.365635] pci 0000:ff:0d.6: [8086:2fee] type 00 class 0x088000
[    3.372374] pci 0000:ff:0d.7: [8086:2fef] type 00 class 0x088000
[    3.379125] pci 0000:ff:0e.0: [8086:2ff0] type 00 class 0x088000
[    3.385873] pci 0000:ff:0e.1: [8086:2ff1] type 00 class 0x088000
[    3.392630] pci 0000:ff:0f.0: [8086:2ff8] type 00 class 0x088000
[    3.399378] pci 0000:ff:0f.1: [8086:2ff9] type 00 class 0x088000
[    3.406126] pci 0000:ff:0f.2: [8086:2ffa] type 00 class 0x088000
[    3.412873] pci 0000:ff:0f.3: [8086:2ffb] type 00 class 0x088000
[    3.419621] pci 0000:ff:0f.4: [8086:2ffc] type 00 class 0x088000
[    3.426369] pci 0000:ff:0f.5: [8086:2ffd] type 00 class 0x088000
[    3.433121] pci 0000:ff:0f.6: [8086:2ffe] type 00 class 0x088000
[    3.439871] pci 0000:ff:10.0: [8086:2f1d] type 00 class 0x088000
[    3.446612] pci 0000:ff:10.1: [8086:2f34] type 00 class 0x110100
[    3.453362] pci 0000:ff:10.5: [8086:2f1e] type 00 class 0x088000
[    3.460111] pci 0000:ff:10.6: [8086:2f7d] type 00 class 0x110100
[    3.466850] pci 0000:ff:10.7: [8086:2f1f] type 00 class 0x088000
[    3.473600] pci 0000:ff:12.0: [8086:2fa0] type 00 class 0x088000
[    3.480351] pci 0000:ff:12.1: [8086:2f30] type 00 class 0x110100
[    3.487105] pci 0000:ff:12.4: [8086:2f60] type 00 class 0x088000
[    3.493855] pci 0000:ff:12.5: [8086:2f38] type 00 class 0x110100
[    3.500607] pci 0000:ff:13.0: [8086:2fa8] type 00 class 0x088000
[    3.507358] pci 0000:ff:13.1: [8086:2f71] type 00 class 0x088000
[    3.514111] pci 0000:ff:13.2: [8086:2faa] type 00 class 0x088000
[    3.520860] pci 0000:ff:13.3: [8086:2fab] type 00 class 0x088000
[    3.527612] pci 0000:ff:13.6: [8086:2fae] type 00 class 0x088000
[    3.534361] pci 0000:ff:13.7: [8086:2faf] type 00 class 0x088000
[    3.541109] pci 0000:ff:14.0: [8086:2fb0] type 00 class 0x088000
[    3.547859] pci 0000:ff:14.1: [8086:2fb1] type 00 class 0x088000
[    3.554613] pci 0000:ff:14.2: [8086:2fb2] type 00 class 0x088000
[    3.561363] pci 0000:ff:14.3: [8086:2fb3] type 00 class 0x088000
[    3.568115] pci 0000:ff:14.4: [8086:2fbc] type 00 class 0x088000
[    3.574864] pci 0000:ff:14.5: [8086:2fbd] type 00 class 0x088000
[    3.581613] pci 0000:ff:14.6: [8086:2fbe] type 00 class 0x088000
[    3.588364] pci 0000:ff:14.7: [8086:2fbf] type 00 class 0x088000
[    3.595114] pci 0000:ff:16.0: [8086:2f68] type 00 class 0x088000
[    3.601866] pci 0000:ff:16.1: [8086:2f79] type 00 class 0x088000
[    3.608619] pci 0000:ff:16.2: [8086:2f6a] type 00 class 0x088000
[    3.615368] pci 0000:ff:16.3: [8086:2f6b] type 00 class 0x088000
[    3.622122] pci 0000:ff:16.6: [8086:2f6e] type 00 class 0x088000
[    3.628869] pci 0000:ff:16.7: [8086:2f6f] type 00 class 0x088000
[    3.635619] pci 0000:ff:17.0: [8086:2fd0] type 00 class 0x088000
[    3.642370] pci 0000:ff:17.1: [8086:2fd1] type 00 class 0x088000
[    3.649116] pci 0000:ff:17.2: [8086:2fd2] type 00 class 0x088000
[    3.655868] pci 0000:ff:17.3: [8086:2fd3] type 00 class 0x088000
[    3.662623] pci 0000:ff:17.4: [8086:2fb8] type 00 class 0x088000
[    3.669373] pci 0000:ff:17.5: [8086:2fb9] type 00 class 0x088000
[    3.676125] pci 0000:ff:17.6: [8086:2fba] type 00 class 0x088000
[    3.682875] pci 0000:ff:17.7: [8086:2fbb] type 00 class 0x088000
[    3.689637] pci 0000:ff:1e.0: [8086:2f98] type 00 class 0x088000
[    3.696389] pci 0000:ff:1e.1: [8086:2f99] type 00 class 0x088000
[    3.703139] pci 0000:ff:1e.2: [8086:2f9a] type 00 class 0x088000
[    3.709890] pci 0000:ff:1e.3: [8086:2fc0] type 00 class 0x088000
[    3.716605] pci 0000:ff:1e.3: [Firmware Bug]: reg 0x10: invalid BAR (can=
't size)
[    3.724907] pci 0000:ff:1e.4: [8086:2f9c] type 00 class 0x088000
[    3.731662] pci 0000:ff:1f.0: [8086:2f88] type 00 class 0x088000
[    3.738416] pci 0000:ff:1f.2: [8086:2f8a] type 00 class 0x088000
[    3.745237] ACPI: PCI Root Bridge [UNC0] (domain 0000 [bus 7f])
[    3.751857] acpi PNP0A03:03: _OSC: OS supports [ExtendedConfig ASPM Cloc=
kPM Segments MSI]
[    3.760998] acpi PNP0A03:03: _OSC failed (AE_NOT_FOUND); disabling ASPM
[    3.768425] PCI host bridge to bus 0000:7f
[    3.773005] pci_bus 0000:7f: root bus resource [bus 7f]
[    3.778850] pci 0000:7f:08.0: [8086:2f80] type 00 class 0x088000
[    3.785606] pci 0000:7f:08.2: [8086:2f32] type 00 class 0x110100
[    3.792361] pci 0000:7f:08.3: [8086:2f83] type 00 class 0x088000
[    3.799119] pci 0000:7f:09.0: [8086:2f90] type 00 class 0x088000
[    3.805866] pci 0000:7f:09.2: [8086:2f33] type 00 class 0x110100
[    3.812619] pci 0000:7f:09.3: [8086:2f93] type 00 class 0x088000
[    3.819378] pci 0000:7f:0b.0: [8086:2f81] type 00 class 0x088000
[    3.826129] pci 0000:7f:0b.1: [8086:2f36] type 00 class 0x110100
[    3.832880] pci 0000:7f:0b.2: [8086:2f37] type 00 class 0x110100
[    3.839633] pci 0000:7f:0c.0: [8086:2fe0] type 00 class 0x088000
[    3.846383] pci 0000:7f:0c.1: [8086:2fe1] type 00 class 0x088000
[    3.853135] pci 0000:7f:0c.2: [8086:2fe2] type 00 class 0x088000
[    3.859886] pci 0000:7f:0c.3: [8086:2fe3] type 00 class 0x088000
[    3.866638] pci 0000:7f:0c.4: [8086:2fe4] type 00 class 0x088000
[    3.873391] pci 0000:7f:0c.5: [8086:2fe5] type 00 class 0x088000
[    3.880141] pci 0000:7f:0c.6: [8086:2fe6] type 00 class 0x088000
[    3.886891] pci 0000:7f:0c.7: [8086:2fe7] type 00 class 0x088000
[    3.893641] pci 0000:7f:0d.0: [8086:2fe8] type 00 class 0x088000
[    3.900384] pci 0000:7f:0d.1: [8086:2fe9] type 00 class 0x088000
[    3.907134] pci 0000:7f:0d.2: [8086:2fea] type 00 class 0x088000
[    3.913888] pci 0000:7f:0d.3: [8086:2feb] type 00 class 0x088000
[    3.920639] pci 0000:7f:0d.4: [8086:2fec] type 00 class 0x088000
[    3.927393] pci 0000:7f:0d.5: [8086:2fed] type 00 class 0x088000
[    3.934144] pci 0000:7f:0d.6: [8086:2fee] type 00 class 0x088000
[    3.940898] pci 0000:7f:0d.7: [8086:2fef] type 00 class 0x088000
[    3.947649] pci 0000:7f:0e.0: [8086:2ff0] type 00 class 0x088000
[    3.954403] pci 0000:7f:0e.1: [8086:2ff1] type 00 class 0x088000
[    3.961157] pci 0000:7f:0f.0: [8086:2ff8] type 00 class 0x088000
[    3.967909] pci 0000:7f:0f.1: [8086:2ff9] type 00 class 0x088000
[    3.974662] pci 0000:7f:0f.2: [8086:2ffa] type 00 class 0x088000
[    3.981416] pci 0000:7f:0f.3: [8086:2ffb] type 00 class 0x088000
[    3.988166] pci 0000:7f:0f.4: [8086:2ffc] type 00 class 0x088000
[    3.994916] pci 0000:7f:0f.5: [8086:2ffd] type 00 class 0x088000
[    4.001665] pci 0000:7f:0f.6: [8086:2ffe] type 00 class 0x088000
[    4.008420] pci 0000:7f:10.0: [8086:2f1d] type 00 class 0x088000
[    4.015171] pci 0000:7f:10.1: [8086:2f34] type 00 class 0x110100
[    4.021924] pci 0000:7f:10.5: [8086:2f1e] type 00 class 0x088000
[    4.028676] pci 0000:7f:10.6: [8086:2f7d] type 00 class 0x110100
[    4.035428] pci 0000:7f:10.7: [8086:2f1f] type 00 class 0x088000
[    4.042179] pci 0000:7f:12.0: [8086:2fa0] type 00 class 0x088000
[    4.048934] pci 0000:7f:12.1: [8086:2f30] type 00 class 0x110100
[    4.055688] pci 0000:7f:12.4: [8086:2f60] type 00 class 0x088000
[    4.062442] pci 0000:7f:12.5: [8086:2f38] type 00 class 0x110100
[    4.069198] pci 0000:7f:13.0: [8086:2fa8] type 00 class 0x088000
[    4.075955] pci 0000:7f:13.1: [8086:2f71] type 00 class 0x088000
[    4.082711] pci 0000:7f:13.2: [8086:2faa] type 00 class 0x088000
[    4.089467] pci 0000:7f:13.3: [8086:2fab] type 00 class 0x088000
[    4.096224] pci 0000:7f:13.6: [8086:2fae] type 00 class 0x088000
[    4.102977] pci 0000:7f:13.7: [8086:2faf] type 00 class 0x088000
[    4.109730] pci 0000:7f:14.0: [8086:2fb0] type 00 class 0x088000
[    4.116487] pci 0000:7f:14.1: [8086:2fb1] type 00 class 0x088000
[    4.123241] pci 0000:7f:14.2: [8086:2fb2] type 00 class 0x088000
[    4.129998] pci 0000:7f:14.3: [8086:2fb3] type 00 class 0x088000
[    4.136750] pci 0000:7f:14.4: [8086:2fbc] type 00 class 0x088000
[    4.143506] pci 0000:7f:14.5: [8086:2fbd] type 00 class 0x088000
[    4.150260] pci 0000:7f:14.6: [8086:2fbe] type 00 class 0x088000
[    4.157015] pci 0000:7f:14.7: [8086:2fbf] type 00 class 0x088000
[    4.163769] pci 0000:7f:16.0: [8086:2f68] type 00 class 0x088000
[    4.170524] pci 0000:7f:16.1: [8086:2f79] type 00 class 0x088000
[    4.177280] pci 0000:7f:16.2: [8086:2f6a] type 00 class 0x088000
[    4.184038] pci 0000:7f:16.3: [8086:2f6b] type 00 class 0x088000
[    4.190797] pci 0000:7f:16.6: [8086:2f6e] type 00 class 0x088000
[    4.197552] pci 0000:7f:16.7: [8086:2f6f] type 00 class 0x088000
[    4.204304] pci 0000:7f:17.0: [8086:2fd0] type 00 class 0x088000
[    4.211061] pci 0000:7f:17.1: [8086:2fd1] type 00 class 0x088000
[    4.217818] pci 0000:7f:17.2: [8086:2fd2] type 00 class 0x088000
[    4.224567] pci 0000:7f:17.3: [8086:2fd3] type 00 class 0x088000
[    4.231322] pci 0000:7f:17.4: [8086:2fb8] type 00 class 0x088000
[    4.238077] pci 0000:7f:17.5: [8086:2fb9] type 00 class 0x088000
[    4.244831] pci 0000:7f:17.6: [8086:2fba] type 00 class 0x088000
[    4.251587] pci 0000:7f:17.7: [8086:2fbb] type 00 class 0x088000
[    4.258350] pci 0000:7f:1e.0: [8086:2f98] type 00 class 0x088000
[    4.265104] pci 0000:7f:1e.1: [8086:2f99] type 00 class 0x088000
[    4.271855] pci 0000:7f:1e.2: [8086:2f9a] type 00 class 0x088000
[    4.278609] pci 0000:7f:1e.3: [8086:2fc0] type 00 class 0x088000
[    4.285325] pci 0000:7f:1e.3: [Firmware Bug]: reg 0x10: invalid BAR (can=
't size)
[    4.293627] pci 0000:7f:1e.4: [8086:2f9c] type 00 class 0x088000
[    4.300388] pci 0000:7f:1f.0: [8086:2f88] type 00 class 0x088000
[    4.307144] pci 0000:7f:1f.2: [8086:2f8a] type 00 class 0x088000
[    4.332927] ACPI: PCI Root Bridge [PCI0] (domain 0000 [bus 00-7e])
[    4.339838] acpi PNP0A08:00: _OSC: OS supports [ExtendedConfig ASPM Cloc=
kPM Segments MSI]
[    4.350995] acpi PNP0A08:00: _OSC: platform does not support [AER]
[    4.358935] acpi PNP0A08:00: _OSC: OS now controls [PCIeHotplug PME PCIe=
Capability]
[    4.367491] acpi PNP0A08:00: FADT indicates ASPM is unsupported, using B=
IOS configuration
[    4.376860] acpi PNP0A08:00: ignoring host bridge window [mem 0x000c4000=
-0x000cbfff window] (conflicts with Video ROM [mem 0x000c0000-0x000c7fff])
[    4.391815] PCI host bridge to bus 0000:00
[    4.396395] pci_bus 0000:00: root bus resource [io  0x0000-0x0cf7 window]
[    4.403978] pci_bus 0000:00: root bus resource [io  0x1000-0x7fff window]
[    4.411562] pci_bus 0000:00: root bus resource [mem 0x000a0000-0x000bfff=
f window]
[    4.419925] pci_bus 0000:00: root bus resource [mem 0x90000000-0xc7ffbff=
f window]
[    4.428279] pci_bus 0000:00: root bus resource [mem 0x380000000000-0x383=
fffffffff window]
[    4.437406] pci_bus 0000:00: root bus resource [bus 00-7e]
[    4.443532] pci 0000:00:00.0: [8086:2f00] type 00 class 0x060000
[    4.450371] pci 0000:00:01.0: [8086:2f02] type 01 class 0x060400
[    4.457125] pci 0000:00:01.0: PME# supported from D0 D3hot D3cold
[    4.464004] pci 0000:00:01.0: System wakeup disabled by ACPI
[    4.470359] pci 0000:00:02.0: [8086:2f04] type 01 class 0x060400
[    4.477112] pci 0000:00:02.0: PME# supported from D0 D3hot D3cold
[    4.483989] pci 0000:00:02.0: System wakeup disabled by ACPI
[    4.490341] pci 0000:00:02.2: [8086:2f06] type 01 class 0x060400
[    4.497085] pci 0000:00:02.2: PME# supported from D0 D3hot D3cold
[    4.503967] pci 0000:00:02.2: System wakeup disabled by ACPI
[    4.510324] pci 0000:00:03.0: [8086:2f08] type 01 class 0x060400
[    4.517074] pci 0000:00:03.0: PME# supported from D0 D3hot D3cold
[    4.523950] pci 0000:00:03.0: System wakeup disabled by ACPI
[    4.530306] pci 0000:00:03.2: [8086:2f0a] type 01 class 0x060400
[    4.537059] pci 0000:00:03.2: PME# supported from D0 D3hot D3cold
[    4.543937] pci 0000:00:03.2: System wakeup disabled by ACPI
[    4.550291] pci 0000:00:04.0: [8086:2f20] type 00 class 0x088000
[    4.557016] pci 0000:00:04.0: reg 0x10: [mem 0x383ffff2c000-0x383ffff2ff=
ff 64bit]
[    4.565491] pci 0000:00:04.1: [8086:2f21] type 00 class 0x088000
[    4.572215] pci 0000:00:04.1: reg 0x10: [mem 0x383ffff28000-0x383ffff2bf=
ff 64bit]
[    4.580688] pci 0000:00:04.2: [8086:2f22] type 00 class 0x088000
[    4.587413] pci 0000:00:04.2: reg 0x10: [mem 0x383ffff24000-0x383ffff27f=
ff 64bit]
[    4.595889] pci 0000:00:04.3: [8086:2f23] type 00 class 0x088000
[    4.602613] pci 0000:00:04.3: reg 0x10: [mem 0x383ffff20000-0x383ffff23f=
ff 64bit]
[    4.611085] pci 0000:00:04.4: [8086:2f24] type 00 class 0x088000
[    4.617811] pci 0000:00:04.4: reg 0x10: [mem 0x383ffff1c000-0x383ffff1ff=
ff 64bit]
[    4.626282] pci 0000:00:04.5: [8086:2f25] type 00 class 0x088000
[    4.633008] pci 0000:00:04.5: reg 0x10: [mem 0x383ffff18000-0x383ffff1bf=
ff 64bit]
[    4.641482] pci 0000:00:04.6: [8086:2f26] type 00 class 0x088000
[    4.648207] pci 0000:00:04.6: reg 0x10: [mem 0x383ffff14000-0x383ffff17f=
ff 64bit]
[    4.656678] pci 0000:00:04.7: [8086:2f27] type 00 class 0x088000
[    4.663402] pci 0000:00:04.7: reg 0x10: [mem 0x383ffff10000-0x383ffff13f=
ff 64bit]
[    4.671874] pci 0000:00:05.0: [8086:2f28] type 00 class 0x088000
[    4.678698] pci 0000:00:05.1: [8086:2f29] type 00 class 0x088000
[    4.685530] pci 0000:00:05.2: [8086:2f2a] type 00 class 0x088000
[    4.692350] pci 0000:00:05.4: [8086:2f2c] type 00 class 0x080020
[    4.699072] pci 0000:00:05.4: reg 0x10: [mem 0x91d06000-0x91d06fff]
[    4.706204] pci 0000:00:11.0: [8086:8d7c] type 00 class 0xff0000
[    4.713094] pci 0000:00:11.1: [8086:8d7d] type 00 class 0x0c0500
[    4.719825] pci 0000:00:11.1: reg 0x10: [mem 0x91d05000-0x91d05fff]
[    4.726849] pci 0000:00:11.1: reg 0x20: [io  0x3060-0x307f]
[    4.733211] pci 0000:00:11.4: [8086:8d62] type 00 class 0x010601
[    4.739939] pci 0000:00:11.4: reg 0x10: [io  0x3098-0x309f]
[    4.746165] pci 0000:00:11.4: reg 0x14: [io  0x30cc-0x30cf]
[    4.752390] pci 0000:00:11.4: reg 0x18: [io  0x3090-0x3097]
[    4.758616] pci 0000:00:11.4: reg 0x1c: [io  0x30c8-0x30cb]
[    4.764841] pci 0000:00:11.4: reg 0x20: [io  0x3020-0x303f]
[    4.771067] pci 0000:00:11.4: reg 0x24: [mem 0x91d00000-0x91d007ff]
[    4.778092] pci 0000:00:11.4: PME# supported from D3hot
[    4.784027] pci 0000:00:14.0: [8086:8d31] type 00 class 0x0c0330
[    4.790751] pci 0000:00:14.0: reg 0x10: [mem 0x383ffff00000-0x383ffff0ff=
ff 64bit]
[    4.799148] pci 0000:00:14.0: PME# supported from D3hot D3cold
[    4.805747] pci 0000:00:14.0: System wakeup disabled by ACPI
[    4.812113] pci 0000:00:16.0: [8086:8d3a] type 00 class 0x078000
[    4.818842] pci 0000:00:16.0: reg 0x10: [mem 0x383ffff33000-0x383ffff330=
0f 64bit]
[    4.827251] pci 0000:00:16.0: PME# supported from D0 D3hot D3cold
[    4.834156] pci 0000:00:16.1: [8086:8d3b] type 00 class 0x078000
[    4.840884] pci 0000:00:16.1: reg 0x10: [mem 0x383ffff32000-0x383ffff320=
0f 64bit]
[    4.849285] pci 0000:00:16.1: PME# supported from D0 D3hot D3cold
[    4.856193] pci 0000:00:1a.0: [8086:8d2d] type 00 class 0x0c0320
[    4.862922] pci 0000:00:1a.0: reg 0x10: [mem 0x91d02000-0x91d023ff]
[    4.869983] pci 0000:00:1a.0: PME# supported from D0 D3hot D3cold
[    4.876873] pci 0000:00:1a.0: System wakeup disabled by ACPI
[    4.883240] pci 0000:00:1c.0: [8086:8d16] type 01 class 0x060400
[    4.890007] pci 0000:00:1c.0: PME# supported from D0 D3hot D3cold
[    4.896867] pci 0000:00:1c.0: System wakeup disabled by ACPI
[    4.903241] pci 0000:00:1d.0: [8086:8d26] type 00 class 0x0c0320
[    4.909971] pci 0000:00:1d.0: reg 0x10: [mem 0x91d01000-0x91d013ff]
[    4.917032] pci 0000:00:1d.0: PME# supported from D0 D3hot D3cold
[    4.923917] pci 0000:00:1d.0: System wakeup disabled by ACPI
[    4.930284] pci 0000:00:1f.0: [8086:8d44] type 00 class 0x060100
[    4.937183] pci 0000:00:1f.2: [8086:8d02] type 00 class 0x010601
[    4.943906] pci 0000:00:1f.2: reg 0x10: [io  0x30c0-0x30c7]
[    4.950121] pci 0000:00:1f.2: reg 0x14: [io  0x30dc-0x30df]
[    4.956346] pci 0000:00:1f.2: reg 0x18: [io  0x30b8-0x30bf]
[    4.962571] pci 0000:00:1f.2: reg 0x1c: [io  0x30d8-0x30db]
[    4.968796] pci 0000:00:1f.2: reg 0x20: [io  0x3040-0x305f]
[    4.975020] pci 0000:00:1f.2: reg 0x24: [mem 0x91d04000-0x91d047ff]
[    4.982040] pci 0000:00:1f.2: PME# supported from D3hot
[    4.987970] pci 0000:00:1f.3: [8086:8d22] type 00 class 0x0c0500
[    4.994687] pci 0000:00:1f.3: reg 0x10: [mem 0x383ffff31000-0x383ffff310=
ff 64bit]
[    5.003065] pci 0000:00:1f.3: reg 0x20: [io  0x3000-0x301f]
[    5.009563] pci 0000:00:01.0: PCI bridge to [bus 01]
[    5.015286] pci 0000:00:02.0: PCI bridge to [bus 02]
[    5.021019] pci 0000:03:00.0: [8086:1528] type 00 class 0x020000
[    5.027754] pci 0000:03:00.0: reg 0x10: [mem 0x383fffc00000-0x383fffdfff=
ff 64bit pref]
[    5.036604] pci 0000:03:00.0: reg 0x18: [io  0x2020-0x203f]
[    5.042843] pci 0000:03:00.0: reg 0x20: [mem 0x383fffe04000-0x383fffe07f=
ff 64bit pref]
[    5.051731] pci 0000:03:00.0: PME# supported from D0 D3hot D3cold
[    5.058563] pci 0000:03:00.0: reg 0x184: [mem 0x91900000-0x91903fff 64bi=
t]
[    5.066246] pci 0000:03:00.0: VF(n) BAR0 space: [mem 0x91900000-0x919fff=
ff 64bit] (contains BAR0 for 64 VFs)
[    5.077236] pci 0000:03:00.0: reg 0x190: [mem 0x91a00000-0x91a03fff 64bi=
t]
[    5.084909] pci 0000:03:00.0: VF(n) BAR3 space: [mem 0x91a00000-0x91afff=
ff 64bit] (contains BAR3 for 64 VFs)
[    5.096073] pci 0000:03:00.1: [8086:1528] type 00 class 0x020000
[    5.102807] pci 0000:03:00.1: reg 0x10: [mem 0x383fffa00000-0x383fffbfff=
ff 64bit pref]
[    5.111657] pci 0000:03:00.1: reg 0x18: [io  0x2000-0x201f]
[    5.117897] pci 0000:03:00.1: reg 0x20: [mem 0x383fffe00000-0x383fffe03f=
ff 64bit pref]
[    5.126782] pci 0000:03:00.1: PME# supported from D0 D3hot D3cold
[    5.133610] pci 0000:03:00.1: reg 0x184: [mem 0x91b00000-0x91b03fff 64bi=
t]
[    5.141292] pci 0000:03:00.1: VF(n) BAR0 space: [mem 0x91b00000-0x91bfff=
ff 64bit] (contains BAR0 for 64 VFs)
[    5.152282] pci 0000:03:00.1: reg 0x190: [mem 0x91c00000-0x91c03fff 64bi=
t]
[    5.159964] pci 0000:03:00.1: VF(n) BAR3 space: [mem 0x91c00000-0x91cfff=
ff 64bit] (contains BAR3 for 64 VFs)
[    5.171644] pci 0000:00:02.2: PCI bridge to [bus 03-04]
