Return-Path: <owner-linux-mm@kvack.org>
Received: from mail-pd0-f170.google.com (mail-pd0-f170.google.com [209.85.192.170])
	by kanga.kvack.org (Postfix) with ESMTP id DE5AF6B0069
	for <linux-mm@kvack.org>; Tue,  2 Dec 2014 00:04:42 -0500 (EST)
Received: by mail-pd0-f170.google.com with SMTP id fp1so12367499pdb.15
        for <linux-mm@kvack.org>; Mon, 01 Dec 2014 21:04:42 -0800 (PST)
Received: from mga11.intel.com (mga11.intel.com. [192.55.52.93])
        by mx.google.com with ESMTP id yc4si29168510pbb.87.2014.12.01.21.04.39
        for <linux-mm@kvack.org>;
        Mon, 01 Dec 2014 21:04:40 -0800 (PST)
Date: Mon, 1 Dec 2014 21:04:17 -0800
From: Fengguang Wu <fengguang.wu@intel.com>
Subject: Re: [mm] BUG: unable to handle kernel paging request at c2446ffc
Message-ID: <20141202050417.GA10296@wfg-t540p.sh.intel.com>
MIME-Version: 1.0
Content-Type: multipart/mixed; boundary="RnlQjJ0d97Da+TV1"
Content-Disposition: inline
In-Reply-To: <20141202043638.GB6268@js1304-P5Q-DELUXE>
Sender: owner-linux-mm@kvack.org
List-ID: <linux-mm.kvack.org>
To: Joonsoo Kim <iamjoonsoo.kim@lge.com>
Cc: LKP <lkp@01.org>, linux-kernel@vger.kernel.org, linux-mm@kvack.org


--RnlQjJ0d97Da+TV1
Content-Type: text/plain; charset=us-ascii
Content-Disposition: inline

Hi Joonsoo,

On Tue, Dec 02, 2014 at 01:36:38PM +0900, Joonsoo Kim wrote:
> On Fri, Nov 28, 2014 at 02:10:00AM -0800, Fengguang Wu wrote:
> > Greetings,
> > 
> > 0day kernel testing robot got the below dmesg and the first bad commit is
> > 
> > git://git.kernel.org/pub/scm/linux/kernel/git/next/linux-next.git master
> > 
> > commit 1e491e9be4c97229a3a88763aada9582e37c7eaf
> > Author:     Joonsoo Kim <iamjoonsoo.kim@lge.com>
> > AuthorDate: Thu Nov 27 11:09:34 2014 +1100
> > Commit:     Stephen Rothwell <sfr@canb.auug.org.au>
> > CommitDate: Thu Nov 27 11:09:34 2014 +1100
> > 
> >     mm/debug-pagealloc: prepare boottime configurable on/off
> >     
> >     Until now, debug-pagealloc needs extra flags in struct page, so we need to
> >     recompile whole source code when we decide to use it.  This is really
> >     painful, because it takes some time to recompile and sometimes rebuild is
> >     not possible due to third party module depending on struct page.  So, we
> >     can't use this good feature in many cases.
> >     
> >     Now, we have the page extension feature that allows us to insert extra
> >     flags to outside of struct page.  This gets rid of third party module
> >     issue mentioned above.  And, this allows us to determine if we need extra
> >     memory for this page extension in boottime.  With these property, we can
> >     avoid using debug-pagealloc in boottime with low computational overhead in
> >     the kernel built with CONFIG_DEBUG_PAGEALLOC.  This will help our
> >     development process greatly.
> >     
> >     This patch is the preparation step to achive above goal.  debug-pagealloc
> >     originally uses extra field of struct page, but, after this patch, it will
> >     use field of struct page_ext.  Because memory for page_ext is allocated
> >     later than initialization of page allocator in CONFIG_SPARSEMEM, we should
> >     disable debug-pagealloc feature temporarily until initialization of
> >     page_ext.  This patch implements this.
> >     
> >     Signed-off-by: Joonsoo Kim <iamjoonsoo.kim@lge.com>
> >     Cc: Mel Gorman <mgorman@suse.de>
> >     Cc: Johannes Weiner <hannes@cmpxchg.org>
> >     Cc: Minchan Kim <minchan@kernel.org>
> >     Cc: Dave Hansen <dave@sr71.net>
> >     Cc: Michal Nazarewicz <mina86@mina86.com>
> >     Cc: Jungsoo Son <jungsoo.son@lge.com>
> >     Cc: Ingo Molnar <mingo@redhat.com>
> >     Cc: Joonsoo Kim <iamjoonsoo.kim@lge.com>
> >     Signed-off-by: Andrew Morton <akpm@linux-foundation.org>
> > 
> > Attached dmesg for the parent commit, too, to help confirm whether it is a noise error.
> > 
> > +-------------------------------------------------+------------+------------+---------------+
> > |                                                 | 34bf7903e1 | 1e491e9be4 | next-20141127 |
> > +-------------------------------------------------+------------+------------+---------------+
> > | boot_successes                                  | 95         | 26         | 11            |
> > | boot_failures                                   | 10         | 9          | 3             |
> > | BUG:kernel_early_hang_without_any_printk_output | 10         | 8          |               |
> > | BUG:unable_to_handle_kernel                     | 0          | 1          | 3             |
> > | Oops                                            | 0          | 1          | 3             |
> > | EIP_is_at__free_pages_ok                        | 0          | 1          | 3             |
> > | Kernel_panic-not_syncing:Fatal_exception        | 0          | 1          | 3             |
> > | backtrace:put_tty_driver                        | 0          | 1          | 3             |
> > | backtrace:rp_init                               | 0          | 1          | 3             |
> > | backtrace:kernel_init_freeable                  | 0          | 1          | 3             |
> > +-------------------------------------------------+------------+------------+---------------+
> > 
> > [   13.206984] RocketPort device driver module, version 2.09, 12-June-2003
> > [   13.208641] No rocketport ports found; unloading driver
> > [   13.208641] No rocketport ports found; unloading driver
> > [   13.213422] BUG: unable to handle kernel 
> > [   13.213422] BUG: unable to handle kernel paging requestpaging request at c2446ffc
> >  at c2446ffc
> > [   13.214380] IP:
> > [   13.214380] IP: [<b11ab6fe>] __free_pages_ok+0x376/0x62c
> >  [<b11ab6fe>] __free_pages_ok+0x376/0x62c
> > [   13.214380] *pde = 123ca067 
> > [   13.214380] *pde = 123ca067 *pte = 12446060 *pte = 12446060 
> > 
> > [   13.214380] Oops: 0000 [#1] 
> > [   13.214380] Oops: 0000 [#1] SMP SMP DEBUG_PAGEALLOCDEBUG_PAGEALLOC
> > 
> > [   13.214380] CPU: 0 PID: 1 Comm: swapper/0 Not tainted 3.18.0-rc6-00201-g1e491e9 #14
> > [   13.214380] CPU: 0 PID: 1 Comm: swapper/0 Not tainted 3.18.0-rc6-00201-g1e491e9 #14
> > [   13.214380] task: c1c40000 ti: c1c48000 task.ti: c1c48000
> > [   13.214380] task: c1c40000 ti: c1c48000 task.ti: c1c48000
> > [   13.214380] EIP: 0060:[<b11ab6fe>] EFLAGS: 00010097 CPU: 0
> > [   13.214380] EIP: 0060:[<b11ab6fe>] EFLAGS: 00010097 CPU: 0
> > [   13.214380] EIP is at __free_pages_ok+0x376/0x62c
> > [   13.214380] EIP is at __free_pages_ok+0x376/0x62c
> > [   13.214380] EAX: c2446ffc EBX: c2513200 ECX: 00000004 EDX: c2447000
> > [   13.214380] EAX: c2446ffc EBX: c2513200 ECX: 00000004 EDX: c2447000
> > [   13.214380] ESI: c2513300 EDI: 00000004 EBP: c1c49e94 ESP: c1c49e64
> > [   13.214380] ESI: c2513300 EDI: 00000004 EBP: c1c49e94 ESP: c1c49e64
> > [   13.214380]  DS: 007b ES: 007b FS: 00d8 GS: 0000 SS: 0068
> > [   13.214380]  DS: 007b ES: 007b FS: 00d8 GS: 0000 SS: 0068
> > [   13.214380] CR0: 8005003b CR2: c2446ffc CR3: 02729000 CR4: 00000690
> > [   13.214380] CR0: 8005003b CR2: c2446ffc CR3: 02729000 CR4: 00000690
> > [   13.214380] Stack:
> > [   13.214380] Stack:
> > [   13.214380]  00000008
> > [   13.214380]  00000008 b26054ec b26054ec b2605440 b2605440 00000246 00000246 00000010 00000010 00000000 00000000 c2513000 c2513000 00000000 00000000
> > 
> > [   13.214380]  00000003
> > [   13.214380]  00000003 00000000 00000000 c2513300 c2513300 00000000 00000000 c1c49e9c c1c49e9c b11aba32 b11aba32 c1c49ea4 c1c49ea4 b11abc52 b11abc52
> > 
> > [   13.214380]  c1c49ec4
> > [   13.214380]  c1c49ec4 b1204fb5 b1204fb5 c1c49ebc c1c49ebc b10deca7 b10deca7 b0018000 b0018000 bbf20984 bbf20984 00000100 00000100 bbf20980 bbf20980
> > 
> > [   13.214380] Call Trace:
> > [   13.214380] Call Trace:
> > [   13.214380]  [<b11aba32>] __free_pages+0x7e/0x8e
> > [   13.214380]  [<b11aba32>] __free_pages+0x7e/0x8e
> > [   13.214380]  [<b11abc52>] __free_kmem_pages+0x16/0x26
> > [   13.214380]  [<b11abc52>] __free_kmem_pages+0x16/0x26
> > [   13.214380]  [<b1204fb5>] kfree+0x292/0x4e1
> > [   13.214380]  [<b1204fb5>] kfree+0x292/0x4e1
> > [   13.214380]  [<b10deca7>] ? debug_mutex_unlock+0x2f3/0x398
> > [   13.214380]  [<b10deca7>] ? debug_mutex_unlock+0x2f3/0x398
> > [   13.214380]  [<b14f5c36>] destruct_tty_driver+0xee/0x158
> > [   13.214380]  [<b14f5c36>] destruct_tty_driver+0xee/0x158
> > [   13.214380]  [<b14f5fe5>] tty_driver_kref_put+0xb4/0xc6
> > [   13.214380]  [<b14f5fe5>] tty_driver_kref_put+0xb4/0xc6
> > [   13.214380]  [<b14f6121>] put_tty_driver+0x16/0x26
> > [   13.214380]  [<b14f6121>] put_tty_driver+0x16/0x26
> > [   13.214380]  [<b26aa177>] rp_init+0xc04/0xc23
> > [   13.214380]  [<b26aa177>] rp_init+0xc04/0xc23
> > [   13.214380]  [<b12050e9>] ? kfree+0x3c6/0x4e1
> > [   13.214380]  [<b12050e9>] ? kfree+0x3c6/0x4e1
> > [   13.214380]  [<b26a9573>] ? register_PCI+0x1091/0x1091
> > [   13.214380]  [<b26a9573>] ? register_PCI+0x1091/0x1091
> > [   13.214380]  [<b26469d2>] do_one_initcall+0x1ed/0x356
> > [   13.214380]  [<b26469d2>] do_one_initcall+0x1ed/0x356
> > [   13.214380]  [<b2646d8b>] kernel_init_freeable+0x250/0x3ab
> > [   13.214380]  [<b2646d8b>] kernel_init_freeable+0x250/0x3ab
> > [   13.214380]  [<b1d95dd0>] kernel_init+0x16/0x1e7
> > [   13.214380]  [<b1d95dd0>] kernel_init+0x16/0x1e7
> > [   13.214380]  [<b1dcdd01>] ret_from_kernel_thread+0x21/0x30
> > [   13.214380]  [<b1dcdd01>] ret_from_kernel_thread+0x21/0x30
> > [   13.214380]  [<b1d95dba>] ? rest_init+0x15b/0x15b
> > [   13.214380]  [<b1d95dba>] ? rest_init+0x15b/0x15b
> > [   13.214380] Code:
> > [   13.214380] Code: 31 31 d0 d0 29 29 d0 d0 c1 c1 e0 e0 05 05 80 80 3d 3d 00 00 30 30 64 64 b2 b2 00 00 8d 8d 14 14 03 03 74 74 71 71 83 83 05 05 28 28 90 90 da da b2 b2 01 01 89 89 d0 d0 89 89 55 55 e8 e8 83 83 15 15 2c 2c 90 90 da da b2 b2 00 00 e8 e8 67 67 d9 d9 05 05 00 00 <8b> <8b> 00 00 83 83 05 05 30 30 90 90 da da b2 b2 01 01 83 83 15 15 34 34 90 90 da da b2 b2 00 00 a8 a8 02 02 8b 8b 55 55 e8 e8
> > 
> > [   13.214380] EIP: [<b11ab6fe>] 
> > [   13.214380] EIP: [<b11ab6fe>] __free_pages_ok+0x376/0x62c__free_pages_ok+0x376/0x62c SS:ESP 0068:c1c49e64
> >  SS:ESP 0068:c1c49e64
> > [   13.214380] CR2: 00000000c2446ffc
> > [   13.214380] CR2: 00000000c2446ffc
> > [   13.214380] ---[ end trace fe261d43ae421f43 ]---
> > [   13.214380] ---[ end trace fe261d43ae421f43 ]---
> > 
> > git bisect start 3bcf494d225fd193d02e8cb2e2c3fe3cc476ff3f 5d01410fe4d92081f349b013a2e7a95429e4f2c9 --
> > git bisect good 14692f2c9f01c7f21f83d41a8cb99fea1e4f803f  # 10:20     35+      0  Merge remote-tracking branch 'dlm/next'
> > git bisect good 17623427488fe306376e18e0ee63c2c1bcbf5612  # 10:42     35+      0  Merge remote-tracking branch 'edac-amd/for-next'
> > git bisect good 6acfd0c5752274ad5099152d9a00c99f81c273b5  # 10:54     35+      0  Merge remote-tracking branch 'char-misc/char-misc-next'
> > git bisect good 574733068e280900745b7241a51f26815f25ca64  # 11:24     35+      5  Merge remote-tracking branch 'userns/for-next'
> > git bisect good d3d6c2b2574a1700a33c3f40a8adcd11db728926  # 11:36     35+     11  Merge remote-tracking branch 'llvmlinux/for-next'
> > git bisect good 749230afd0fa54770f95063071b1bdfb6dee9bc2  # 11:45     35+     13  Merge remote-tracking branch 'y2038/y2038'
> > git bisect  bad 35cc8c3f978f75a04ac96b3cb72b8f7630ea04f4  # 11:50      0-      1  Merge branch 'akpm-current/current'
> > git bisect  bad 6aab9099af555bf5a464f318d312ba5baa5cf516  # 11:59      0-      1  stacktrace: introduce snprint_stack_trace for buffer output
> > git bisect good 15c2416b0e6f21f17152e0ba32202bb1354394e3  # 12:10     35+     18  mm-compaction-more-focused-lru-and-pcplists-draining-fix
> > git bisect good c5c825302103a196aa94efa121c011121ffff14b  # 12:17     35+      2  uprobes: share the i_mmap_rwsem
> > git bisect good b225ec73923a04a6d00dd28c6372c167780921b8  # 12:24     35+      0  hugetlb: hugetlb_register_all_nodes(): add __init marker
> > git bisect good 4fb10ba778d4c4ccefee3ce833e487a6695068b1  # 12:32     35+      1  mm: support madvise(MADV_FREE)
> > git bisect good 0aba43a2670028ec26cfeb59d3c2610ab0ee140b  # 12:42     35+      4  arm64: add pmd_[dirty|mkclean] for THP
> > git bisect  bad 1e491e9be4c97229a3a88763aada9582e37c7eaf  # 12:51      0-      1  mm/debug-pagealloc: prepare boottime configurable on/off
> > git bisect good 34bf7903e195347898a225220357f3a49dd65e7e  # 12:57     35+      0  mm/page_ext: resurrect struct page extending code for debugging
> > # first bad commit: [1e491e9be4c97229a3a88763aada9582e37c7eaf] mm/debug-pagealloc: prepare boottime configurable on/off
> > git bisect good 34bf7903e195347898a225220357f3a49dd65e7e  # 13:01    105+     10  mm/page_ext: resurrect struct page extending code for debugging
> > # extra tests on HEAD of next/master
> > git bisect  bad 3bcf494d225fd193d02e8cb2e2c3fe3cc476ff3f  # 13:01      0-      3  Add linux-next specific files for 20141127
> > # extra tests on tree/branch next/master
> > git bisect  bad 3bcf494d225fd193d02e8cb2e2c3fe3cc476ff3f  # 13:01      0-      3  Add linux-next specific files for 20141127
> > # extra tests on tree/branch linus/master
> > git bisect good 98e8d2e094de67315f786cd81b1dccb4ac040cc2  # 13:11    105+     21  Merge branch 'upstream' of git://git.linux-mips.org/pub/scm/ralf/upstream-linus
> > # extra tests on tree/branch next/master
> > git bisect  bad 3bcf494d225fd193d02e8cb2e2c3fe3cc476ff3f  # 13:11      0-      3  Add linux-next specific files for 20141127
> 
> Hello, Fengguang.
> 
> First of all, thanks for reporting!
> It always helps me a lot.
> 
> But, in this time, I can't reproduce this failure with your attached

Judging from the bisect log, it showed up once per 26 boots, so may
not be easy to reproduce. The other bisect below looks easier to
reproduce.

> configuration. Instead of this failure, sometimes, OOM happens in my
> testing with your configuration. I don't know why it happens. :)

Yes, it's not really obvious how the change will be related to this BUG. 

> Could you have another configuration to trigger this bug?

Sure. Below is another bisect result.

> Anyway, this calltrace is really suspicious, because it looks like
> failure of tty driver initialization. Why it is failed in this early
> phase? Maybe, it is also related to OOM mentioned above.
> 
> Thanks.

Thanks,
Fengguang

PS. one more bisect report.

+-------------------------------------------------+------------+------------+---------------+
|                                                 | 34bf7903e1 | 1e491e9be4 | next-20141127 |
+-------------------------------------------------+------------+------------+---------------+
| boot_successes                                  | 194        | 0          | 0             |
| boot_failures                                   | 46         | 80         | 12            |
| BUG:kernel_early_hang_without_any_printk_output | 46         | 31         |               |
| BUG:unable_to_handle_kernel                     | 0          | 49         | 12            |
| Oops                                            | 0          | 49         | 12            |
| EIP_is_at_free_one_page                         | 0          | 49         | 12            |
| Kernel_panic-not_syncing:Fatal_exception        | 0          | 49         | 12            |
| backtrace:rhashtable_expand                     | 0          | 49         | 6             |
| backtrace:test_rht_init                         | 0          | 49         | 12            |
| backtrace:kernel_init_freeable                  | 0          | 49         | 12            |
| backtrace:rhashtable_shrink                     | 0          | 0          | 6             |
+-------------------------------------------------+------------+------------+---------------+

[    0.466754]   Verifying lookups...
[    0.467836]   Table expansion iteration 3...
[    0.467836]   Table expansion iteration 3...
[    0.480155] BUG: unable to handle kernel 
[    0.480155] BUG: unable to handle kernel paging requestpaging request at d26bdffc
 at d26bdffc
[    0.481566] IP:
[    0.481566] IP: [<c110bc7a>] free_one_page+0x31a/0x3e0
 [<c110bc7a>] free_one_page+0x31a/0x3e0
[    0.482801] *pdpt = 0000000001866001 
[    0.482801] *pdpt = 0000000001866001 *pde = 0000000012584067 *pde = 0000000012584067 *pte = 80000000126bd060 *pte = 80000000126bd060 

[    0.483333] Oops: 0000 [#1] 
[    0.483333] Oops: 0000 [#1] SMP SMP DEBUG_PAGEALLOCDEBUG_PAGEALLOC

[    0.483333] Modules linked in:
[    0.483333] Modules linked in:

[    0.483333] CPU: 0 PID: 1 Comm: swapper/0 Not tainted 3.18.0-rc6-00201-g1e491e9 #11
[    0.483333] CPU: 0 PID: 1 Comm: swapper/0 Not tainted 3.18.0-rc6-00201-g1e491e9 #11
[    0.483333] Hardware name: QEMU Standard PC (i440FX + PIIX, 1996), BIOS 1.7.5-20140531_083030-gandalf 04/01/2014
[    0.483333] Hardware name: QEMU Standard PC (i440FX + PIIX, 1996), BIOS 1.7.5-20140531_083030-gandalf 04/01/2014
[    0.483333] task: c0016430 ti: c0040000 task.ti: c0040000
[    0.483333] task: c0016430 ti: c0040000 task.ti: c0040000
[    0.483333] EIP: 0060:[<c110bc7a>] EFLAGS: 00010086 CPU: 0
[    0.483333] EIP: 0060:[<c110bc7a>] EFLAGS: 00010086 CPU: 0
[    0.483333] EIP is at free_one_page+0x31a/0x3e0
[    0.483333] EIP is at free_one_page+0x31a/0x3e0
[    0.483333] EAX: d26bdffc EBX: d22f8000 ECX: 00000008 EDX: d26be000
[    0.483333] EAX: d26bdffc EBX: d22f8000 ECX: 00000008 EDX: d26be000
[    0.483333] ESI: 00000007 EDI: d22fb000 EBP: c0041e08 ESP: c0041de0
[    0.483333] ESI: 00000007 EDI: d22fb000 EBP: c0041e08 ESP: c0041de0
[    0.483333]  DS: 007b ES: 007b FS: 00d8 GS: 00e0 SS: 0068
[    0.483333]  DS: 007b ES: 007b FS: 00d8 GS: 00e0 SS: 0068
[    0.483333] CR0: 8005003b CR2: d26bdffc CR3: 01869000 CR4: 000006b0
[    0.483333] CR0: 8005003b CR2: d26bdffc CR3: 01869000 CR4: 000006b0
[    0.483333] Stack:
[    0.483333] Stack:
[    0.483333]  00000040
[    0.483333]  00000040 d3fdb060 d3fdb060 d22fa000 d22fa000 d3fdb000 d3fdb000 00000080 00000080 00000008 00000008 d22fa000 d22fa000 d22fb800 d22fb800

[    0.483333]  00000000
[    0.483333]  00000000 00000006 00000006 c0041e2c c0041e2c c110bdec c110bdec 00000006 00000006 00000000 00000000 000001c0 000001c0 00000246 00000246

[    0.483333]  c014acb8
[    0.483333]  c014acb8 c01c0000 c01c0000 c01c0000 c01c0000 c0041e34 c0041e34 c110c769 c110c769 c0041e4c c0041e4c c1144ca5 c1144ca5 c111b595 c111b595

[    0.483333] Call Trace:
[    0.483333] Call Trace:
[    0.483333]  [<c110bdec>] __free_pages_ok+0xac/0xf0
[    0.483333]  [<c110bdec>] __free_pages_ok+0xac/0xf0
[    0.483333]  [<c110c769>] __free_pages+0x19/0x30
[    0.483333]  [<c110c769>] __free_pages+0x19/0x30
[    0.483333]  [<c1144ca5>] kfree+0x75/0xf0
[    0.483333]  [<c1144ca5>] kfree+0x75/0xf0
[    0.483333]  [<c111b595>] ? kvfree+0x45/0x50
[    0.483333]  [<c111b595>] ? kvfree+0x45/0x50
[    0.483333]  [<c111b595>] kvfree+0x45/0x50
[    0.483333]  [<c111b595>] kvfree+0x45/0x50
[    0.483333]  [<c134bb73>] rhashtable_expand+0x1b3/0x1e0
[    0.483333]  [<c134bb73>] rhashtable_expand+0x1b3/0x1e0
[    0.483333]  [<c17fc9f9>] test_rht_init+0x173/0x2e8
[    0.483333]  [<c17fc9f9>] test_rht_init+0x173/0x2e8
[    0.483333]  [<c134b750>] ? jhash2+0xe0/0xe0
[    0.483333]  [<c134b750>] ? jhash2+0xe0/0xe0
[    0.483333]  [<c134b790>] ? rhashtable_hashfn+0x20/0x20
[    0.483333]  [<c134b790>] ? rhashtable_hashfn+0x20/0x20
[    0.483333]  [<c134b7b0>] ? rht_grow_above_75+0x20/0x20
[    0.483333]  [<c134b7b0>] ? rht_grow_above_75+0x20/0x20
[    0.483333]  [<c134b7d0>] ? rht_shrink_below_30+0x20/0x20
[    0.483333]  [<c134b7d0>] ? rht_shrink_below_30+0x20/0x20
[    0.483333]  [<c134b750>] ? jhash2+0xe0/0xe0
[    0.483333]  [<c134b750>] ? jhash2+0xe0/0xe0
[    0.483333]  [<c134b790>] ? rhashtable_hashfn+0x20/0x20
[    0.483333]  [<c134b790>] ? rhashtable_hashfn+0x20/0x20
[    0.483333]  [<c134b7b0>] ? rht_grow_above_75+0x20/0x20
[    0.483333]  [<c134b7b0>] ? rht_grow_above_75+0x20/0x20
[    0.483333]  [<c134b7d0>] ? rht_shrink_below_30+0x20/0x20
[    0.483333]  [<c134b7d0>] ? rht_shrink_below_30+0x20/0x20
[    0.483333]  [<c17fc886>] ? test_rht_lookup+0x8f/0x8f
[    0.483333]  [<c17fc886>] ? test_rht_lookup+0x8f/0x8f
[    0.483333]  [<c1000486>] do_one_initcall+0xc6/0x210
[    0.483333]  [<c1000486>] do_one_initcall+0xc6/0x210
[    0.483333]  [<c17fc886>] ? test_rht_lookup+0x8f/0x8f
[    0.483333]  [<c17fc886>] ? test_rht_lookup+0x8f/0x8f
[    0.483333]  [<c17d0505>] ? repair_env_string+0x12/0x54
[    0.483333]  [<c17d0505>] ? repair_env_string+0x12/0x54
[    0.483333]  [<c17d0cf3>] kernel_init_freeable+0x193/0x213
[    0.483333]  [<c17d0cf3>] kernel_init_freeable+0x193/0x213
[    0.483333]  [<c1512500>] kernel_init+0x10/0xf0
[    0.483333]  [<c1512500>] kernel_init+0x10/0xf0
[    0.483333]  [<c151c5c1>] ret_from_kernel_thread+0x21/0x30
[    0.483333]  [<c151c5c1>] ret_from_kernel_thread+0x21/0x30
[    0.483333]  [<c15124f0>] ? rest_init+0xb0/0xb0
[    0.483333]  [<c15124f0>] ? rest_init+0xb0/0xb0
[    0.483333] Code:
[    0.483333] Code: 85 85 b1 b1 00 00 00 00 00 00 83 83 7d 7d 0c 0c 05 05 0f 0f 85 85 5c 5c fd fd ff ff ff ff e9 e9 79 79 fd fd ff ff ff ff 8d 8d b6 b6 00 00 00 00 00 00 00 00 8d 8d bc bc 27 27 00 00 00 00 00 00 00 00 89 89 4d 4d ec ec 89 89 d8 d8 e8 e8 16 16 4d 4d 04 04 00 00 <8b> <8b> 00 00 a8 a8 02 02 8b 8b 4d 4d ec ec 0f 0f 84 84 93 93 fe fe ff ff ff ff 3b 3b 4b 4b 1c 1c 74 74 11 11 8b 8b 43 43 0c 0c

[    0.483333] EIP: [<c110bc7a>] 
[    0.483333] EIP: [<c110bc7a>] free_one_page+0x31a/0x3e0free_one_page+0x31a/0x3e0 SS:ESP 0068:c0041de0
 SS:ESP 0068:c0041de0
[    0.483333] CR2: 00000000d26bdffc
[    0.483333] CR2: 00000000d26bdffc
[    0.483333] ---[ end trace 7648e12f817ef2ad ]---
[    0.483333] ---[ end trace 7648e12f817ef2ad ]---

git bisect start 3bcf494d225fd193d02e8cb2e2c3fe3cc476ff3f 5d01410fe4d92081f349b013a2e7a95429e4f2c9 --
git bisect good 14692f2c9f01c7f21f83d41a8cb99fea1e4f803f  # 16:17     60+     10  Merge remote-tracking branch 'dlm/next'
git bisect good 17623427488fe306376e18e0ee63c2c1bcbf5612  # 16:19     60+     80  Merge remote-tracking branch 'edac-amd/for-next'
git bisect good 6acfd0c5752274ad5099152d9a00c99f81c273b5  # 16:22     60+     80  Merge remote-tracking branch 'char-misc/char-misc-next'
git bisect good 574733068e280900745b7241a51f26815f25ca64  # 16:25     60+     80  Merge remote-tracking branch 'userns/for-next'
git bisect good d3d6c2b2574a1700a33c3f40a8adcd11db728926  # 16:28     60+     80  Merge remote-tracking branch 'llvmlinux/for-next'
git bisect good 749230afd0fa54770f95063071b1bdfb6dee9bc2  # 16:31     60+     80  Merge remote-tracking branch 'y2038/y2038'
git bisect  bad 35cc8c3f978f75a04ac96b3cb72b8f7630ea04f4  # 16:31      0-     20  Merge branch 'akpm-current/current'
git bisect  bad 6aab9099af555bf5a464f318d312ba5baa5cf516  # 16:31      0-     20  stacktrace: introduce snprint_stack_trace for buffer output
git bisect good 15c2416b0e6f21f17152e0ba32202bb1354394e3  # 16:33     60+     21  mm-compaction-more-focused-lru-and-pcplists-draining-fix
git bisect good c5c825302103a196aa94efa121c011121ffff14b  # 16:35     60+     19  uprobes: share the i_mmap_rwsem
git bisect good b225ec73923a04a6d00dd28c6372c167780921b8  # 16:37     60+     21  hugetlb: hugetlb_register_all_nodes(): add __init marker
git bisect good 4fb10ba778d4c4ccefee3ce833e487a6695068b1  # 16:39     60+     21  mm: support madvise(MADV_FREE)
git bisect good 0aba43a2670028ec26cfeb59d3c2610ab0ee140b  # 16:43     60+     24  arm64: add pmd_[dirty|mkclean] for THP
git bisect  bad 1e491e9be4c97229a3a88763aada9582e37c7eaf  # 16:43      0-     80  mm/debug-pagealloc: prepare boottime configurable on/off
git bisect good 34bf7903e195347898a225220357f3a49dd65e7e  # 16:50     60+     15  mm/page_ext: resurrect struct page extending code for debugging
# first bad commit: [1e491e9be4c97229a3a88763aada9582e37c7eaf] mm/debug-pagealloc: prepare boottime configurable on/off
git bisect good 34bf7903e195347898a225220357f3a49dd65e7e  # 16:55    180+     46  mm/page_ext: resurrect struct page extending code for debugging
# extra tests on HEAD of next/master
git bisect  bad 3bcf494d225fd193d02e8cb2e2c3fe3cc476ff3f  # 16:55      0-     12  Add linux-next specific files for 20141127
# extra tests on tree/branch next/master
git bisect  bad 29340b8ee0b4def844aa8d6b09babcede80993d2  # 17:01      0-     61  Add linux-next specific files for 20141128
# extra tests on tree/branch linus/master
git bisect good 98e8d2e094de67315f786cd81b1dccb4ac040cc2  # 17:07    180+     26  Merge branch 'upstream' of git://git.linux-mips.org/pub/scm/ralf/upstream-linus
# extra tests on tree/branch next/master
git bisect  bad 29340b8ee0b4def844aa8d6b09babcede80993d2  # 17:07      0-    180  Add linux-next specific files for 20141128


This script may reproduce the error.

----------------------------------------------------------------------------
#!/bin/bash

kernel=$1
initrd=quantal-core-i386.cgz

wget --no-clobber https://github.com/fengguang/reproduce-kernel-bug/raw/master/initrd/$initrd

kvm=(
	qemu-system-x86_64
	-cpu kvm64
	-enable-kvm
	-kernel $kernel
        -initrd $initrd
	-m 320
	-smp 2
	-net nic,vlan=1,model=e1000
	-net user,vlan=1
	-boot order=nc
	-no-reboot
	-watchdog i6300esb
	-rtc base=localtime
	-serial stdio
	-display none
	-monitor null 
)

append=(
	hung_task_panic=1
	earlyprintk=ttyS0,115200
	debug
	apic=debug
	sysrq_always_enabled
	rcupdate.rcu_cpu_stall_timeout=100
	panic=-1
	softlockup_panic=1
	nmi_watchdog=panic
	oops=panic
	load_ramdisk=2
	prompt_ramdisk=0
	console=ttyS0,115200
	console=tty0
	vga=normal
	root=/dev/ram0
	rw
	drbd.minor_count=8
)

"${kvm[@]}" --append "${append[*]}"
----------------------------------------------------------------------------

Thanks,
Fengguang

--RnlQjJ0d97Da+TV1
Content-Type: text/plain; charset=us-ascii
Content-Disposition: attachment; filename="dmesg-quantal-client7-9:20141128161237:i386-randconfig-ib0-11281331:3.18.0-rc6-00201-g1e491e9:11"
Content-Transfer-Encoding: quoted-printable

early console in setup code
early console in decompress_kernel

Decompressing Linux... Parsing ELF... No relocation needed... done.
Booting the kernel.
[    0.000000] Initializing cgroup subsys cpuset
[    0.000000] Initializing cgroup subsys cpu
[    0.000000] Linux version 3.18.0-rc6-00201-g1e491e9 (kbuild@lkp-ib03) (g=
cc version 4.9.1 (Debian 4.9.1-19) ) #11 SMP Fri Nov 28 15:55:08 CST 2014
[    0.000000] KERNEL supported cpus:
[    0.000000]   NSC Geode by NSC
[    0.000000]   Cyrix CyrixInstead
[    0.000000]   Centaur CentaurHauls
[    0.000000] CPU: vendor_id 'GenuineIntel' unknown, using generic init.
[    0.000000] CPU: Your system may be unstable.
[    0.000000] e820: BIOS-provided physical RAM map:
[    0.000000] BIOS-e820: [mem 0x0000000000000000-0x000000000009fbff] usable
[    0.000000] BIOS-e820: [mem 0x000000000009fc00-0x000000000009ffff] reser=
ved
[    0.000000] BIOS-e820: [mem 0x00000000000f0000-0x00000000000fffff] reser=
ved
[    0.000000] BIOS-e820: [mem 0x0000000000100000-0x0000000013fdffff] usable
[    0.000000] BIOS-e820: [mem 0x0000000013fe0000-0x0000000013ffffff] reser=
ved
[    0.000000] BIOS-e820: [mem 0x00000000feffc000-0x00000000feffffff] reser=
ved
[    0.000000] BIOS-e820: [mem 0x00000000fffc0000-0x00000000ffffffff] reser=
ved
[    0.000000] bootconsole [earlyser0] enabled
[    0.000000] NX (Execute Disable) protection: active
[    0.000000] SMBIOS 2.8 present.
[    0.000000] DMI: QEMU Standard PC (i440FX + PIIX, 1996), BIOS 1.7.5-2014=
0531_083030-gandalf 04/01/2014
[    0.000000] Hypervisor detected: KVM
[    0.000000] e820: update [mem 0x00000000-0x00000fff] usable =3D=3D> rese=
rved
[    0.000000] e820: remove [mem 0x000a0000-0x000fffff] usable
[    0.000000] e820: last_pfn =3D 0x13fe0 max_arch_pfn =3D 0x1000000
[    0.000000] MTRR default type: write-back
[    0.000000] MTRR fixed ranges enabled:
[    0.000000]   00000-9FFFF write-back
[    0.000000]   A0000-BFFFF uncachable
[    0.000000]   C0000-FFFFF write-protect
[    0.000000] MTRR variable ranges enabled:
[    0.000000]   0 base 0080000000 mask FF80000000 uncachable
[    0.000000]   1 disabled
[    0.000000]   2 disabled
[    0.000000]   3 disabled
[    0.000000]   4 disabled
[    0.000000]   5 disabled
[    0.000000]   6 disabled
[    0.000000]   7 disabled
[    0.000000] Scan for SMP in [mem 0x00000000-0x000003ff]
[    0.000000] Scan for SMP in [mem 0x0009fc00-0x0009ffff]
[    0.000000] Scan for SMP in [mem 0x000f0000-0x000fffff]
[    0.000000] found SMP MP-table at [mem 0x000f0eb0-0x000f0ebf] mapped at =
[c00f0eb0]
[    0.000000]   mpc: f0ec0-f0fa4
[    0.000000] initial memory mapped: [mem 0x00000000-0x023fffff]
[    0.000000] Base memory trampoline at [c009b000] 9b000 size 16384
[    0.000000] init_memory_mapping: [mem 0x00000000-0x000fffff]
[    0.000000]  [mem 0x00000000-0x000fffff] page 4k
[    0.000000] init_memory_mapping: [mem 0x12400000-0x125fffff]
[    0.000000]  [mem 0x12400000-0x125fffff] page 4k
[    0.000000] BRK [0x01e59000, 0x01e59fff] PGTABLE
[    0.000000] init_memory_mapping: [mem 0x10000000-0x123fffff]
[    0.000000]  [mem 0x10000000-0x123fffff] page 4k
[    0.000000] BRK [0x01e5a000, 0x01e5afff] PGTABLE
[    0.000000] BRK [0x01e5b000, 0x01e5bfff] PGTABLE
[    0.000000] BRK [0x01e5c000, 0x01e5cfff] PGTABLE
[    0.000000] BRK [0x01e5d000, 0x01e5dfff] PGTABLE
[    0.000000] BRK [0x01e5e000, 0x01e5efff] PGTABLE
[    0.000000] init_memory_mapping: [mem 0x00100000-0x0fffffff]
[    0.000000]  [mem 0x00100000-0x0fffffff] page 4k
[    0.000000] init_memory_mapping: [mem 0x12600000-0x13fdffff]
[    0.000000]  [mem 0x12600000-0x13fdffff] page 4k
[    0.000000] RAMDISK: [mem 0x12793000-0x13fd7fff]
[    0.000000] ACPI: Early table checksum verification disabled
[    0.000000] ACPI: RSDP 0x000F0C90 000014 (v00 BOCHS )
[    0.000000] ACPI: RSDT 0x13FE18BD 000034 (v01 BOCHS  BXPCRSDT 00000001 B=
XPC 00000001)
[    0.000000] ACPI: FACP 0x13FE0B37 000074 (v01 BOCHS  BXPCFACP 00000001 B=
XPC 00000001)
[    0.000000] ACPI: DSDT 0x13FE0040 000AF7 (v01 BOCHS  BXPCDSDT 00000001 B=
XPC 00000001)
[    0.000000] ACPI: FACS 0x13FE0000 000040
[    0.000000] ACPI: SSDT 0x13FE0BAB 000C5A (v01 BOCHS  BXPCSSDT 00000001 B=
XPC 00000001)
[    0.000000] ACPI: APIC 0x13FE1805 000080 (v01 BOCHS  BXPCAPIC 00000001 B=
XPC 00000001)
[    0.000000] ACPI: HPET 0x13FE1885 000038 (v01 BOCHS  BXPCHPET 00000001 B=
XPC 00000001)
[    0.000000] ACPI: Local APIC address 0xfee00000
[    0.000000] mapped APIC to         ffffc000 (        fee00000)
[    0.000000] No NUMA configuration found
[    0.000000] Faking a node at [mem 0x0000000000000000-0x0000000013fdffff]
[    0.000000] NODE_DATA(0) allocated [mem 0x13fdb000-0x13fdbfff]
[    0.000000] 0MB HIGHMEM available.
[    0.000000] 319MB LOWMEM available.
[    0.000000] max_low_pfn =3D 13fe0, highstart_pfn =3D 13fe0
[    0.000000] Low memory ends at vaddr d3fe0000
[    0.000000] High memory starts at vaddr d3fe0000
[    0.000000]   mapped low ram: 0 - 13fe0000
[    0.000000]   low ram: 0 - 13fe0000
[    0.000000] kvm-clock: Using msrs 4b564d01 and 4b564d00
[    0.000000] kvm-clock: cpu 0, msr 0:13fda001, primary cpu clock
[    0.000000] Node: 0, start_pfn: 1, end_pfn: 9f
[    0.000000]   Setting physnode_map array to node 0 for pfns:
[    0.000000]   0=20
[    0.000000] Node: 0, start_pfn: 100, end_pfn: 13fe0
[    0.000000]   Setting physnode_map array to node 0 for pfns:
[    0.000000]   0 4000 8000 c000 10000=20
[    0.000000] Zone ranges:
[    0.000000]   Normal   [mem 0x00001000-0x13fdffff]
[    0.000000]   HighMem  empty
[    0.000000] Movable zone start for each node
[    0.000000] Early memory node ranges
[    0.000000]   node   0: [mem 0x00001000-0x0009efff]
[    0.000000]   node   0: [mem 0x00100000-0x13fdffff]
[    0.000000] Initmem setup node 0 [mem 0x00001000-0x13fdffff]
[    0.000000] On node 0 totalpages: 81790
[    0.000000] free_area_init_node: node 0, pgdat d3fdb000, node_mem_map d2=
2f8020
[    0.000000]   Normal zone: 640 pages used for memmap
[    0.000000]   Normal zone: 0 pages reserved
[    0.000000]   Normal zone: 81790 pages, LIFO batch:15
[    0.000000] Using APIC driver default
[    0.000000] ACPI: PM-Timer IO Port: 0x608
[    0.000000] ACPI: Local APIC address 0xfee00000
[    0.000000] mapped APIC to         ffffc000 (        fee00000)
[    0.000000] ACPI: LAPIC (acpi_id[0x00] lapic_id[0x00] enabled)
[    0.000000] ACPI: LAPIC (acpi_id[0x01] lapic_id[0x01] enabled)
[    0.000000] ACPI: LAPIC_NMI (acpi_id[0xff] dfl dfl lint[0x1])
[    0.000000] ACPI: IOAPIC (id[0x00] address[0xfec00000] gsi_base[0])
[    0.000000] IOAPIC[0]: apic_id 0, version 17, address 0xfec00000, GSI 0-=
23
[    0.000000] ACPI: INT_SRC_OVR (bus 0 bus_irq 0 global_irq 2 dfl dfl)
[    0.000000] Int: type 0, pol 0, trig 0, bus 00, IRQ 00, APIC ID 0, APIC =
INT 02
[    0.000000] ACPI: INT_SRC_OVR (bus 0 bus_irq 5 global_irq 5 high level)
[    0.000000] Int: type 0, pol 1, trig 3, bus 00, IRQ 05, APIC ID 0, APIC =
INT 05
[    0.000000] ACPI: INT_SRC_OVR (bus 0 bus_irq 9 global_irq 9 high level)
[    0.000000] Int: type 0, pol 1, trig 3, bus 00, IRQ 09, APIC ID 0, APIC =
INT 09
[    0.000000] ACPI: INT_SRC_OVR (bus 0 bus_irq 10 global_irq 10 high level)
[    0.000000] Int: type 0, pol 1, trig 3, bus 00, IRQ 0a, APIC ID 0, APIC =
INT 0a
[    0.000000] ACPI: INT_SRC_OVR (bus 0 bus_irq 11 global_irq 11 high level)
[    0.000000] Int: type 0, pol 1, trig 3, bus 00, IRQ 0b, APIC ID 0, APIC =
INT 0b
[    0.000000] ACPI: IRQ0 used by override.
[    0.000000] Int: type 0, pol 0, trig 0, bus 00, IRQ 01, APIC ID 0, APIC =
INT 01
[    0.000000] Int: type 0, pol 0, trig 0, bus 00, IRQ 03, APIC ID 0, APIC =
INT 03
[    0.000000] Int: type 0, pol 0, trig 0, bus 00, IRQ 04, APIC ID 0, APIC =
INT 04
[    0.000000] ACPI: IRQ5 used by override.
[    0.000000] Int: type 0, pol 0, trig 0, bus 00, IRQ 06, APIC ID 0, APIC =
INT 06
[    0.000000] Int: type 0, pol 0, trig 0, bus 00, IRQ 07, APIC ID 0, APIC =
INT 07
[    0.000000] Int: type 0, pol 0, trig 0, bus 00, IRQ 08, APIC ID 0, APIC =
INT 08
[    0.000000] ACPI: IRQ9 used by override.
[    0.000000] ACPI: IRQ10 used by override.
[    0.000000] ACPI: IRQ11 used by override.
[    0.000000] Int: type 0, pol 0, trig 0, bus 00, IRQ 0c, APIC ID 0, APIC =
INT 0c
[    0.000000] Int: type 0, pol 0, trig 0, bus 00, IRQ 0d, APIC ID 0, APIC =
INT 0d
[    0.000000] Int: type 0, pol 0, trig 0, bus 00, IRQ 0e, APIC ID 0, APIC =
INT 0e
[    0.000000] Int: type 0, pol 0, trig 0, bus 00, IRQ 0f, APIC ID 0, APIC =
INT 0f
[    0.000000] Using ACPI (MADT) for SMP configuration information
[    0.000000] ACPI: HPET id: 0x8086a201 base: 0xfed00000
[    0.000000] smpboot: Allowing 2 CPUs, 0 hotplug CPUs
[    0.000000] mapped IOAPIC to ffffb000 (fec00000)
[    0.000000] e820: [mem 0x14000000-0xfeffbfff] available for PCI devices
[    0.000000] Booting paravirtualized kernel on KVM
[    0.000000] setup_percpu: NR_CPUS:32 nr_cpumask_bits:32 nr_cpu_ids:2 nr_=
node_ids:1
[    0.000000] PERCPU: Embedded 15 pages/cpu @d276e000 s31152 r0 d30288 u61=
440
[    0.000000] pcpu-alloc: s31152 r0 d30288 u61440 alloc=3D15*4096
[    0.000000] pcpu-alloc: [0] 0 [0] 1=20
[    0.000000] KVM setup async PF for cpu 0
[    0.000000] kvm-stealtime: cpu 0, msr 12770900
[    0.000000] Built 1 zonelists in Zone order, mobility grouping on.  Tota=
l pages: 81150
[    0.000000] Policy zone: Normal
[    0.000000] Kernel command line: hung_task_panic=3D1 earlyprintk=3DttyS0=
,115200 debug apic=3Ddebug sysrq_always_enabled rcupdate.rcu_cpu_stall_time=
out=3D100 panic=3D-1 softlockup_panic=3D1 nmi_watchdog=3Dpanic oops=3Dpanic=
 load_ramdisk=3D2 prompt_ramdisk=3D0 console=3DttyS0,115200 console=3Dtty0 =
vga=3Dnormal  root=3D/dev/ram0 rw link=3D/kbuild-tests/run-queue/kvm/i386-r=
andconfig-ib0-11281331/next:master:1e491e9be4c97229a3a88763aada9582e37c7eaf=
:bisect-linux-9/.vmlinuz-1e491e9be4c97229a3a88763aada9582e37c7eaf-201411281=
60952-56-client7 branch=3Dnext/master BOOT_IMAGE=3D/kernel/i386-randconfig-=
ib0-11281331/1e491e9be4c97229a3a88763aada9582e37c7eaf/vmlinuz-3.18.0-rc6-00=
201-g1e491e9 drbd.minor_count=3D8
[    0.000000] PID hash table entries: 2048 (order: 1, 8192 bytes)
[    0.000000] Dentry cache hash table entries: 65536 (order: 6, 262144 byt=
es)
[    0.000000] Inode-cache hash table entries: 32768 (order: 5, 131072 byte=
s)
[    0.000000] Initializing CPU#0
[    0.000000] allocated 327548 bytes of page_ext
[    0.000000] Initializing HighMem for node 0 (00000000:00000000)
[    0.000000] Memory: 283528K/327160K available (5239K kernel code, 390K r=
wdata, 2360K rodata, 580K init, 6016K bss, 43632K reserved, 0K highmem)
[    0.000000] virtual kernel memory layout:
[    0.000000]     fixmap  : 0xffd36000 - 0xfffff000   (2852 kB)
[    0.000000]     pkmap   : 0xff600000 - 0xff800000   (2048 kB)
[    0.000000]     vmalloc : 0xd47e0000 - 0xff5fe000   ( 686 MB)
[    0.000000]     lowmem  : 0xc0000000 - 0xd3fe0000   ( 319 MB)
[    0.000000]       .init : 0xc17d0000 - 0xc1861000   ( 580 kB)
[    0.000000]       .data : 0xc151e20b - 0xc17ce8a0   (2753 kB)
[    0.000000]       .text : 0xc1000000 - 0xc151e20b   (5240 kB)
[    0.000000] Checking if this processor honours the WP bit even in superv=
isor mode...Ok.
[    0.000000] Hierarchical RCU implementation.
[    0.000000] RCU: Adjusting geometry for rcu_fanout_leaf=3D16, nr_cpu_ids=
=3D2
[    0.000000] NR_IRQS:2304 nr_irqs:440 0
[    0.000000] CPU 0 irqstacks, hard=3Dc0090000 soft=3Dc0092000
[    0.000000] Initializing cgroup subsys cpuset
[    0.000000] Initializing cgroup subsys cpu
[    0.000000] Linux version 3.18.0-rc6-00201-g1e491e9 (kbuild@lkp-ib03) (g=
cc version 4.9.1 (Debian 4.9.1-19) ) #11 SMP Fri Nov 28 15:55:08 CST 2014
[    0.000000] KERNEL supported cpus:
[    0.000000]   NSC Geode by NSC
[    0.000000]   Cyrix CyrixInstead
[    0.000000]   Centaur CentaurHauls
[    0.000000] CPU: vendor_id 'GenuineIntel' unknown, using generic init.
[    0.000000] CPU: Your system may be unstable.
[    0.000000] e820: BIOS-provided physical RAM map:
[    0.000000] BIOS-e820: [mem 0x0000000000000000-0x000000000009fbff] usable
[    0.000000] BIOS-e820: [mem 0x000000000009fc00-0x000000000009ffff] reser=
ved
[    0.000000] BIOS-e820: [mem 0x00000000000f0000-0x00000000000fffff] reser=
ved
[    0.000000] BIOS-e820: [mem 0x0000000000100000-0x0000000013fdffff] usable
[    0.000000] BIOS-e820: [mem 0x0000000013fe0000-0x0000000013ffffff] reser=
ved
[    0.000000] BIOS-e820: [mem 0x00000000feffc000-0x00000000feffffff] reser=
ved
[    0.000000] BIOS-e820: [mem 0x00000000fffc0000-0x00000000ffffffff] reser=
ved
[    0.000000] bootconsole [earlyser0] enabled
[    0.000000] NX (Execute Disable) protection: active
[    0.000000] SMBIOS 2.8 present.
[    0.000000] DMI: QEMU Standard PC (i440FX + PIIX, 1996), BIOS 1.7.5-2014=
0531_083030-gandalf 04/01/2014
[    0.000000] Hypervisor detected: KVM
[    0.000000] e820: update [mem 0x00000000-0x00000fff] usable =3D=3D> rese=
rved
[    0.000000] e820: remove [mem 0x000a0000-0x000fffff] usable
[    0.000000] e820: last_pfn =3D 0x13fe0 max_arch_pfn =3D 0x1000000
[    0.000000] MTRR default type: write-back
[    0.000000] MTRR fixed ranges enabled:
[    0.000000]   00000-9FFFF write-back
[    0.000000]   A0000-BFFFF uncachable
[    0.000000]   C0000-FFFFF write-protect
[    0.000000] MTRR variable ranges enabled:
[    0.000000]   0 base 0080000000 mask FF80000000 uncachable
[    0.000000]   1 disabled
[    0.000000]   2 disabled
[    0.000000]   3 disabled
[    0.000000]   4 disabled
[    0.000000]   5 disabled
[    0.000000]   6 disabled
[    0.000000]   7 disabled
[    0.000000] Scan for SMP in [mem 0x00000000-0x000003ff]
[    0.000000] Scan for SMP in [mem 0x0009fc00-0x0009ffff]
[    0.000000] Scan for SMP in [mem 0x000f0000-0x000fffff]
[    0.000000] found SMP MP-table at [mem 0x000f0eb0-0x000f0ebf] mapped at =
[c00f0eb0]
[    0.000000]   mpc: f0ec0-f0fa4
[    0.000000] initial memory mapped: [mem 0x00000000-0x023fffff]
[    0.000000] Base memory trampoline at [c009b000] 9b000 size 16384
[    0.000000] init_memory_mapping: [mem 0x00000000-0x000fffff]
[    0.000000]  [mem 0x00000000-0x000fffff] page 4k
[    0.000000] init_memory_mapping: [mem 0x12400000-0x125fffff]
[    0.000000]  [mem 0x12400000-0x125fffff] page 4k
[    0.000000] BRK [0x01e59000, 0x01e59fff] PGTABLE
[    0.000000] init_memory_mapping: [mem 0x10000000-0x123fffff]
[    0.000000]  [mem 0x10000000-0x123fffff] page 4k
[    0.000000] BRK [0x01e5a000, 0x01e5afff] PGTABLE
[    0.000000] BRK [0x01e5b000, 0x01e5bfff] PGTABLE
[    0.000000] BRK [0x01e5c000, 0x01e5cfff] PGTABLE
[    0.000000] BRK [0x01e5d000, 0x01e5dfff] PGTABLE
[    0.000000] BRK [0x01e5e000, 0x01e5efff] PGTABLE
[    0.000000] init_memory_mapping: [mem 0x00100000-0x0fffffff]
[    0.000000]  [mem 0x00100000-0x0fffffff] page 4k
[    0.000000] init_memory_mapping: [mem 0x12600000-0x13fdffff]
[    0.000000]  [mem 0x12600000-0x13fdffff] page 4k
[    0.000000] RAMDISK: [mem 0x12793000-0x13fd7fff]
[    0.000000] ACPI: Early table checksum verification disabled
[    0.000000] ACPI: RSDP 0x000F0C90 000014 (v00 BOCHS )
[    0.000000] ACPI: RSDT 0x13FE18BD 000034 (v01 BOCHS  BXPCRSDT 00000001 B=
XPC 00000001)
[    0.000000] ACPI: FACP 0x13FE0B37 000074 (v01 BOCHS  BXPCFACP 00000001 B=
XPC 00000001)
[    0.000000] ACPI: DSDT 0x13FE0040 000AF7 (v01 BOCHS  BXPCDSDT 00000001 B=
XPC 00000001)
[    0.000000] ACPI: FACS 0x13FE0000 000040
[    0.000000] ACPI: SSDT 0x13FE0BAB 000C5A (v01 BOCHS  BXPCSSDT 00000001 B=
XPC 00000001)
[    0.000000] ACPI: APIC 0x13FE1805 000080 (v01 BOCHS  BXPCAPIC 00000001 B=
XPC 00000001)
[    0.000000] ACPI: HPET 0x13FE1885 000038 (v01 BOCHS  BXPCHPET 00000001 B=
XPC 00000001)
[    0.000000] ACPI: Local APIC address 0xfee00000
[    0.000000] mapped APIC to         ffffc000 (        fee00000)
[    0.000000] No NUMA configuration found
[    0.000000] Faking a node at [mem 0x0000000000000000-0x0000000013fdffff]
[    0.000000] NODE_DATA(0) allocated [mem 0x13fdb000-0x13fdbfff]
[    0.000000] 0MB HIGHMEM available.
[    0.000000] 319MB LOWMEM available.
[    0.000000] max_low_pfn =3D 13fe0, highstart_pfn =3D 13fe0
[    0.000000] Low memory ends at vaddr d3fe0000
[    0.000000] High memory starts at vaddr d3fe0000
[    0.000000]   mapped low ram: 0 - 13fe0000
[    0.000000]   low ram: 0 - 13fe0000
[    0.000000] kvm-clock: Using msrs 4b564d01 and 4b564d00
[    0.000000] kvm-clock: cpu 0, msr 0:13fda001, primary cpu clock
[    0.000000] Node: 0, start_pfn: 1, end_pfn: 9f
[    0.000000]   Setting physnode_map array to node 0 for pfns:
[    0.000000]   0=20
[    0.000000] Node: 0, start_pfn: 100, end_pfn: 13fe0
[    0.000000]   Setting physnode_map array to node 0 for pfns:
[    0.000000]   0 4000 8000 c000 10000=20
[    0.000000] Zone ranges:
[    0.000000]   Normal   [mem 0x00001000-0x13fdffff]
[    0.000000]   HighMem  empty
[    0.000000] Movable zone start for each node
[    0.000000] Early memory node ranges
[    0.000000]   node   0: [mem 0x00001000-0x0009efff]
[    0.000000]   node   0: [mem 0x00100000-0x13fdffff]
[    0.000000] Initmem setup node 0 [mem 0x00001000-0x13fdffff]
[    0.000000] On node 0 totalpages: 81790
[    0.000000] free_area_init_node: node 0, pgdat d3fdb000, node_mem_map d2=
2f8020
[    0.000000]   Normal zone: 640 pages used for memmap
[    0.000000]   Normal zone: 0 pages reserved
[    0.000000]   Normal zone: 81790 pages, LIFO batch:15
[    0.000000] Using APIC driver default
[    0.000000] ACPI: PM-Timer IO Port: 0x608
[    0.000000] ACPI: Local APIC address 0xfee00000
[    0.000000] mapped APIC to         ffffc000 (        fee00000)
[    0.000000] ACPI: LAPIC (acpi_id[0x00] lapic_id[0x00] enabled)
[    0.000000] ACPI: LAPIC (acpi_id[0x01] lapic_id[0x01] enabled)
[    0.000000] ACPI: LAPIC_NMI (acpi_id[0xff] dfl dfl lint[0x1])
[    0.000000] ACPI: IOAPIC (id[0x00] address[0xfec00000] gsi_base[0])
[    0.000000] IOAPIC[0]: apic_id 0, version 17, address 0xfec00000, GSI 0-=
23
[    0.000000] ACPI: INT_SRC_OVR (bus 0 bus_irq 0 global_irq 2 dfl dfl)
[    0.000000] Int: type 0, pol 0, trig 0, bus 00, IRQ 00, APIC ID 0, APIC =
INT 02
[    0.000000] ACPI: INT_SRC_OVR (bus 0 bus_irq 5 global_irq 5 high level)
[    0.000000] Int: type 0, pol 1, trig 3, bus 00, IRQ 05, APIC ID 0, APIC =
INT 05
[    0.000000] ACPI: INT_SRC_OVR (bus 0 bus_irq 9 global_irq 9 high level)
[    0.000000] Int: type 0, pol 1, trig 3, bus 00, IRQ 09, APIC ID 0, APIC =
INT 09
[    0.000000] ACPI: INT_SRC_OVR (bus 0 bus_irq 10 global_irq 10 high level)
[    0.000000] Int: type 0, pol 1, trig 3, bus 00, IRQ 0a, APIC ID 0, APIC =
INT 0a
[    0.000000] ACPI: INT_SRC_OVR (bus 0 bus_irq 11 global_irq 11 high level)
[    0.000000] Int: type 0, pol 1, trig 3, bus 00, IRQ 0b, APIC ID 0, APIC =
INT 0b
[    0.000000] ACPI: IRQ0 used by override.
[    0.000000] Int: type 0, pol 0, trig 0, bus 00, IRQ 01, APIC ID 0, APIC =
INT 01
[    0.000000] Int: type 0, pol 0, trig 0, bus 00, IRQ 03, APIC ID 0, APIC =
INT 03
[    0.000000] Int: type 0, pol 0, trig 0, bus 00, IRQ 04, APIC ID 0, APIC =
INT 04
[    0.000000] ACPI: IRQ5 used by override.
[    0.000000] Int: type 0, pol 0, trig 0, bus 00, IRQ 06, APIC ID 0, APIC =
INT 06
[    0.000000] Int: type 0, pol 0, trig 0, bus 00, IRQ 07, APIC ID 0, APIC =
INT 07
[    0.000000] Int: type 0, pol 0, trig 0, bus 00, IRQ 08, APIC ID 0, APIC =
INT 08
[    0.000000] ACPI: IRQ9 used by override.
[    0.000000] ACPI: IRQ10 used by override.
[    0.000000] ACPI: IRQ11 used by override.
[    0.000000] Int: type 0, pol 0, trig 0, bus 00, IRQ 0c, APIC ID 0, APIC =
INT 0c
[    0.000000] Int: type 0, pol 0, trig 0, bus 00, IRQ 0d, APIC ID 0, APIC =
INT 0d
[    0.000000] Int: type 0, pol 0, trig 0, bus 00, IRQ 0e, APIC ID 0, APIC =
INT 0e
[    0.000000] Int: type 0, pol 0, trig 0, bus 00, IRQ 0f, APIC ID 0, APIC =
INT 0f
[    0.000000] Using ACPI (MADT) for SMP configuration information
[    0.000000] ACPI: HPET id: 0x8086a201 base: 0xfed00000
[    0.000000] smpboot: Allowing 2 CPUs, 0 hotplug CPUs
[    0.000000] mapped IOAPIC to ffffb000 (fec00000)
[    0.000000] e820: [mem 0x14000000-0xfeffbfff] available for PCI devices
[    0.000000] Booting paravirtualized kernel on KVM
[    0.000000] setup_percpu: NR_CPUS:32 nr_cpumask_bits:32 nr_cpu_ids:2 nr_=
node_ids:1
[    0.000000] PERCPU: Embedded 15 pages/cpu @d276e000 s31152 r0 d30288 u61=
440
[    0.000000] pcpu-alloc: s31152 r0 d30288 u61440 alloc=3D15*4096
[    0.000000] pcpu-alloc: [0] 0 [0] 1=20
[    0.000000] KVM setup async PF for cpu 0
[    0.000000] kvm-stealtime: cpu 0, msr 12770900
[    0.000000] Built 1 zonelists in Zone order, mobility grouping on.  Tota=
l pages: 81150
[    0.000000] Policy zone: Normal
[    0.000000] Kernel command line: hung_task_panic=3D1 earlyprintk=3DttyS0=
,115200 debug apic=3Ddebug sysrq_always_enabled rcupdate.rcu_cpu_stall_time=
out=3D100 panic=3D-1 softlockup_panic=3D1 nmi_watchdog=3Dpanic oops=3Dpanic=
 load_ramdisk=3D2 prompt_ramdisk=3D0 console=3DttyS0,115200 console=3Dtty0 =
vga=3Dnormal  root=3D/dev/ram0 rw link=3D/kbuild-tests/run-queue/kvm/i386-r=
andconfig-ib0-11281331/next:master:1e491e9be4c97229a3a88763aada9582e37c7eaf=
:bisect-linux-9/.vmlinuz-1e491e9be4c97229a3a88763aada9582e37c7eaf-201411281=
60952-56-client7 branch=3Dnext/master BOOT_IMAGE=3D/kernel/i386-randconfig-=
ib0-11281331/1e491e9be4c97229a3a88763aada9582e37c7eaf/vmlinuz-3.18.0-rc6-00=
201-g1e491e9 drbd.minor_count=3D8
[    0.000000] PID hash table entries: 2048 (order: 1, 8192 bytes)
[    0.000000] Dentry cache hash table entries: 65536 (order: 6, 262144 byt=
es)
[    0.000000] Inode-cache hash table entries: 32768 (order: 5, 131072 byte=
s)
[    0.000000] Initializing CPU#0
[    0.000000] allocated 327548 bytes of page_ext
[    0.000000] Initializing HighMem for node 0 (00000000:00000000)
[    0.000000] Memory: 283528K/327160K available (5239K kernel code, 390K r=
wdata, 2360K rodata, 580K init, 6016K bss, 43632K reserved, 0K highmem)
[    0.000000] virtual kernel memory layout:
[    0.000000]     fixmap  : 0xffd36000 - 0xfffff000   (2852 kB)
[    0.000000]     pkmap   : 0xff600000 - 0xff800000   (2048 kB)
[    0.000000]     vmalloc : 0xd47e0000 - 0xff5fe000   ( 686 MB)
[    0.000000]     lowmem  : 0xc0000000 - 0xd3fe0000   ( 319 MB)
[    0.000000]       .init : 0xc17d0000 - 0xc1861000   ( 580 kB)
[    0.000000]       .data : 0xc151e20b - 0xc17ce8a0   (2753 kB)
[    0.000000]       .text : 0xc1000000 - 0xc151e20b   (5240 kB)
[    0.000000] Checking if this processor honours the WP bit even in superv=
isor mode...Ok.
[    0.000000] Hierarchical RCU implementation.
[    0.000000] RCU: Adjusting geometry for rcu_fanout_leaf=3D16, nr_cpu_ids=
=3D2
[    0.000000] NR_IRQS:2304 nr_irqs:440 0
[    0.000000] CPU 0 irqstacks, hard=3Dc0090000 soft=3Dc0092000
[    0.000000] console [ttyS0] enabled
[    0.000000] console [ttyS0] enabled
[    0.000000] Lock dependency validator: Copyright (c) 2006 Red Hat, Inc.,=
 Ingo Molnar
[    0.000000] Lock dependency validator: Copyright (c) 2006 Red Hat, Inc.,=
 Ingo Molnar
[    0.000000] ... MAX_LOCKDEP_SUBCLASSES:  8
[    0.000000] ... MAX_LOCKDEP_SUBCLASSES:  8
[    0.000000] ... MAX_LOCK_DEPTH:          48
[    0.000000] ... MAX_LOCK_DEPTH:          48
[    0.000000] ... MAX_LOCKDEP_KEYS:        8191
[    0.000000] ... MAX_LOCKDEP_KEYS:        8191
[    0.000000] ... CLASSHASH_SIZE:          4096
[    0.000000] ... CLASSHASH_SIZE:          4096
[    0.000000] ... MAX_LOCKDEP_ENTRIES:     32768
[    0.000000] ... MAX_LOCKDEP_ENTRIES:     32768
[    0.000000] ... MAX_LOCKDEP_CHAINS:      65536
[    0.000000] ... MAX_LOCKDEP_CHAINS:      65536
[    0.000000] ... CHAINHASH_SIZE:          32768
[    0.000000] ... CHAINHASH_SIZE:          32768
[    0.000000]  memory used by lock dependency info: 4895 kB
[    0.000000]  memory used by lock dependency info: 4895 kB
[    0.000000]  per task-struct memory footprint: 1152 bytes
[    0.000000]  per task-struct memory footprint: 1152 bytes
[    0.000000] hpet clockevent registered
[    0.000000] hpet clockevent registered
[    0.000000] tsc: Detected 2925.998 MHz processor
[    0.000000] tsc: Detected 2925.998 MHz processor
[    0.000000] tsc: Marking TSC unstable due to TSCs unsynchronized
[    0.000000] tsc: Marking TSC unstable due to TSCs unsynchronized
[    0.009999] Calibrating delay loop (skipped) preset value..=20
[    0.009999] Calibrating delay loop (skipped) preset value.. 5854.82 Bogo=
MIPS (lpj=3D9753326)
5854.82 BogoMIPS (lpj=3D9753326)
[    0.010008] pid_max: default: 4096 minimum: 301
[    0.010008] pid_max: default: 4096 minimum: 301
[    0.011190] ACPI: Core revision 20140926
[    0.011190] ACPI: Core revision 20140926
[    0.019241] ACPI:=20
[    0.019241] ACPI: All ACPI Tables successfully acquiredAll ACPI Tables s=
uccessfully acquired

[    0.020136] Security Framework initialized
[    0.020136] Security Framework initialized
[    0.021293] Yama: becoming mindful.
[    0.021293] Yama: becoming mindful.
[    0.022352] Mount-cache hash table entries: 1024 (order: 0, 4096 bytes)
[    0.022352] Mount-cache hash table entries: 1024 (order: 0, 4096 bytes)
[    0.023346] Mountpoint-cache hash table entries: 1024 (order: 0, 4096 by=
tes)
[    0.023346] Mountpoint-cache hash table entries: 1024 (order: 0, 4096 by=
tes)
[    0.027047] Initializing cgroup subsys debug
[    0.027047] Initializing cgroup subsys debug
[    0.028326] mce: CPU supports 10 MCE banks
[    0.028326] mce: CPU supports 10 MCE banks
[    0.030017] mce: unknown CPU type - not enabling MCE support
[    0.030017] mce: unknown CPU type - not enabling MCE support
[    0.031500] numa_add_cpu cpu 0 node 0: mask now 0
[    0.031500] numa_add_cpu cpu 0 node 0: mask now 0
[    0.032823] Last level iTLB entries: 4KB 0, 2MB 0, 4MB 0
[    0.032823] Last level dTLB entries: 4KB 0, 2MB 0, 4MB 0, 1GB 0
[    0.032823] Last level iTLB entries: 4KB 0, 2MB 0, 4MB 0
[    0.032823] Last level dTLB entries: 4KB 0, 2MB 0, 4MB 0, 1GB 0
[    0.033713] debug: unmapping init [mem 0xc1861000-0xc1865fff]
[    0.033713] debug: unmapping init [mem 0xc1861000-0xc1865fff]
[    0.042139] ftrace: allocating 19133 entries in 38 pages
[    0.042139] ftrace: allocating 19133 entries in 38 pages
[    0.050168] Getting VERSION: 1050014
[    0.050168] Getting VERSION: 1050014
[    0.053347] Getting VERSION: 1050014
[    0.053347] Getting VERSION: 1050014
[    0.054278] Getting ID: 0
[    0.054278] Getting ID: 0
[    0.055010] Getting ID: f000000
[    0.055010] Getting ID: f000000
[    0.055997] Getting LVT0: 8700
[    0.055997] Getting LVT0: 8700
[    0.056678] Getting LVT1: 8400
[    0.056678] Getting LVT1: 8400
[    0.057520] Enabling APIC mode:  Flat.  Using 1 I/O APICs
[    0.057520] Enabling APIC mode:  Flat.  Using 1 I/O APICs
[    0.059143] enabled ExtINT on CPU#0
[    0.059143] enabled ExtINT on CPU#0
[    0.061294] ENABLING IO-APIC IRQs
[    0.061294] ENABLING IO-APIC IRQs
[    0.062285] init IO_APIC IRQs
[    0.062285] init IO_APIC IRQs
[    0.063340]  apic 0 pin 0 not connected
[    0.063340]  apic 0 pin 0 not connected
[    0.064365] IOAPIC[0]: Set routing entry (0-1 -> 0x31 -> IRQ 1 Mode:0 Ac=
tive:0 Dest:1)
[    0.064365] IOAPIC[0]: Set routing entry (0-1 -> 0x31 -> IRQ 1 Mode:0 Ac=
tive:0 Dest:1)
[    0.066702] IOAPIC[0]: Set routing entry (0-2 -> 0x30 -> IRQ 0 Mode:0 Ac=
tive:0 Dest:1)
[    0.066702] IOAPIC[0]: Set routing entry (0-2 -> 0x30 -> IRQ 0 Mode:0 Ac=
tive:0 Dest:1)
[    0.068894] IOAPIC[0]: Set routing entry (0-2 -> 0x30 -> IRQ 0 Mode:0 Ac=
tive:0 Dest:1)
[    0.068894] IOAPIC[0]: Set routing entry (0-2 -> 0x30 -> IRQ 0 Mode:0 Ac=
tive:0 Dest:1)
[    0.070030] IOAPIC[0]: Set routing entry (0-3 -> 0x33 -> IRQ 3 Mode:0 Ac=
tive:0 Dest:1)
[    0.070030] IOAPIC[0]: Set routing entry (0-3 -> 0x33 -> IRQ 3 Mode:0 Ac=
tive:0 Dest:1)
[    0.073364] IOAPIC[0]: Set routing entry (0-4 -> 0x34 -> IRQ 4 Mode:0 Ac=
tive:0 Dest:1)
[    0.073364] IOAPIC[0]: Set routing entry (0-4 -> 0x34 -> IRQ 4 Mode:0 Ac=
tive:0 Dest:1)
[    0.075750] IOAPIC[0]: Set routing entry (0-5 -> 0x35 -> IRQ 5 Mode:1 Ac=
tive:0 Dest:1)
[    0.075750] IOAPIC[0]: Set routing entry (0-5 -> 0x35 -> IRQ 5 Mode:1 Ac=
tive:0 Dest:1)
[    0.076696] IOAPIC[0]: Set routing entry (0-6 -> 0x36 -> IRQ 6 Mode:0 Ac=
tive:0 Dest:1)
[    0.076696] IOAPIC[0]: Set routing entry (0-6 -> 0x36 -> IRQ 6 Mode:0 Ac=
tive:0 Dest:1)
[    0.080030] IOAPIC[0]: Set routing entry (0-7 -> 0x37 -> IRQ 7 Mode:0 Ac=
tive:0 Dest:1)
[    0.080030] IOAPIC[0]: Set routing entry (0-7 -> 0x37 -> IRQ 7 Mode:0 Ac=
tive:0 Dest:1)
[    0.083364] IOAPIC[0]: Set routing entry (0-8 -> 0x38 -> IRQ 8 Mode:0 Ac=
tive:0 Dest:1)
[    0.083364] IOAPIC[0]: Set routing entry (0-8 -> 0x38 -> IRQ 8 Mode:0 Ac=
tive:0 Dest:1)
[    0.085625] IOAPIC[0]: Set routing entry (0-9 -> 0x39 -> IRQ 9 Mode:1 Ac=
tive:0 Dest:1)
[    0.085625] IOAPIC[0]: Set routing entry (0-9 -> 0x39 -> IRQ 9 Mode:1 Ac=
tive:0 Dest:1)
[    0.086696] IOAPIC[0]: Set routing entry (0-10 -> 0x3a -> IRQ 10 Mode:1 =
Active:0 Dest:1)
[    0.086696] IOAPIC[0]: Set routing entry (0-10 -> 0x3a -> IRQ 10 Mode:1 =
Active:0 Dest:1)
[    0.090030] IOAPIC[0]: Set routing entry (0-11 -> 0x3b -> IRQ 11 Mode:1 =
Active:0 Dest:1)
[    0.090030] IOAPIC[0]: Set routing entry (0-11 -> 0x3b -> IRQ 11 Mode:1 =
Active:0 Dest:1)
[    0.092283] IOAPIC[0]: Set routing entry (0-12 -> 0x3c -> IRQ 12 Mode:0 =
Active:0 Dest:1)
[    0.092283] IOAPIC[0]: Set routing entry (0-12 -> 0x3c -> IRQ 12 Mode:0 =
Active:0 Dest:1)
[    0.093370] IOAPIC[0]: Set routing entry (0-13 -> 0x3d -> IRQ 13 Mode:0 =
Active:0 Dest:1)
[    0.093370] IOAPIC[0]: Set routing entry (0-13 -> 0x3d -> IRQ 13 Mode:0 =
Active:0 Dest:1)
[    0.096697] IOAPIC[0]: Set routing entry (0-14 -> 0x3e -> IRQ 14 Mode:0 =
Active:0 Dest:1)
[    0.096697] IOAPIC[0]: Set routing entry (0-14 -> 0x3e -> IRQ 14 Mode:0 =
Active:0 Dest:1)
[    0.100033] IOAPIC[0]: Set routing entry (0-15 -> 0x3f -> IRQ 15 Mode:0 =
Active:0 Dest:1)
[    0.100033] IOAPIC[0]: Set routing entry (0-15 -> 0x3f -> IRQ 15 Mode:0 =
Active:0 Dest:1)
[    0.102294]  apic 0 pin 16 not connected
[    0.102294]  apic 0 pin 16 not connected
[    0.103338]  apic 0 pin 17 not connected
[    0.103338]  apic 0 pin 17 not connected
[    0.104298]  apic 0 pin 18 not connected
[    0.104298]  apic 0 pin 18 not connected
[    0.105346]  apic 0 pin 19 not connected
[    0.105346]  apic 0 pin 19 not connected
[    0.106426]  apic 0 pin 20 not connected
[    0.106426]  apic 0 pin 20 not connected
[    0.106671]  apic 0 pin 21 not connected
[    0.106671]  apic 0 pin 21 not connected
[    0.107608]  apic 0 pin 22 not connected
[    0.107608]  apic 0 pin 22 not connected
[    0.110004]  apic 0 pin 23 not connected
[    0.110004]  apic 0 pin 23 not connected
[    0.111078] ..TIMER: vector=3D0x30 apic1=3D0 pin1=3D2 apic2=3D-1 pin2=3D=
-1
[    0.111078] ..TIMER: vector=3D0x30 apic1=3D0 pin1=3D2 apic2=3D-1 pin2=3D=
-1
[    0.113138] smpboot: CPU0:=20
[    0.113138] smpboot: CPU0: GenuineIntel GenuineIntel Common KVM processo=
rCommon KVM processor (fam: 0f, model: 06 (fam: 0f, model: 06, stepping: 01)
, stepping: 01)
[    0.116676] Using local APIC timer interrupts.
[    0.116676] calibrating APIC timer ...
[    0.116676] Using local APIC timer interrupts.
[    0.116676] calibrating APIC timer ...
[    0.123333] ... lapic delta =3D 6249846
[    0.123333] ... lapic delta =3D 6249846
[    0.123333] ... PM-Timer delta =3D 357947
[    0.123333] ... PM-Timer delta =3D 357947
[    0.123333] ... PM-Timer result ok
[    0.123333] ... PM-Timer result ok
[    0.123333] ..... delta 6249846
[    0.123333] ..... delta 6249846
[    0.123333] ..... mult: 268428868
[    0.123333] ..... mult: 268428868
[    0.123333] ..... calibration result: 3333251
[    0.123333] ..... calibration result: 3333251
[    0.123333] ..... CPU clock speed is 2926.0845 MHz.
[    0.123333] ..... CPU clock speed is 2926.0845 MHz.
[    0.123333] ..... host bus clock speed is 1000.0251 MHz.
[    0.123333] ..... host bus clock speed is 1000.0251 MHz.
[    0.123451] Performance Events:=20
[    0.123451] Performance Events: no PMU driver, software events only.
no PMU driver, software events only.
[    0.137828] CPU 1 irqstacks, hard=3Dc0128000 soft=3Dc012a000
[    0.137828] CPU 1 irqstacks, hard=3Dc0128000 soft=3Dc012a000
[    0.140008] x86: Booting SMP configuration:
[    0.140008] x86: Booting SMP configuration:
[    0.143340] .... node  #0, CPUs: =20
[    0.143340] .... node  #0, CPUs:         #1 #1
[    0.006666] Initializing CPU#1
[    0.009999] kvm-clock: cpu 1, msr 0:13fda021, secondary cpu clock
[    0.009999] masked ExtINT on CPU#1
[    0.009999] numa_add_cpu cpu 1 node 0: mask now 0-1
[    0.173430] x86: Booted up 1 node, 2 CPUs
[    0.173430] x86: Booted up 1 node, 2 CPUs
[    0.176677] ----------------
[    0.176677] ----------------
[    0.173366] KVM setup async PF for cpu 1
[    0.173366] KVM setup async PF for cpu 1
[    0.173366] kvm-stealtime: cpu 1, msr 1277f900
[    0.173366] kvm-stealtime: cpu 1, msr 1277f900
[    0.180004] | NMI testsuite:
[    0.180004] | NMI testsuite:
[    0.180736] --------------------
[    0.180736] --------------------
[    0.181563]   remote IPI:
[    0.181563]   remote IPI:  ok  |  ok  |

[    0.190273]    local IPI:
[    0.190273]    local IPI:  ok  |  ok  |

[    0.203356] --------------------
[    0.203356] --------------------
[    0.204182] Good, all   2 testcases passed! |
[    0.204182] Good, all   2 testcases passed! |
[    0.205320] ---------------------------------
[    0.205320] ---------------------------------
[    0.206485] smpboot: Total of 2 processors activated (11708.65 BogoMIPS)
[    0.206485] smpboot: Total of 2 processors activated (11708.65 BogoMIPS)
[    0.207717] evm: security.capability
[    0.207717] evm: security.capability
[    0.210991] prandom: seed boundary self test passed
[    0.210991] prandom: seed boundary self test passed
[    0.213114] prandom: 100 self tests passed
[    0.213114] prandom: 100 self tests passed
[    0.213730] regulator-dummy: no parameters
[    0.213730] regulator-dummy: no parameters
[    0.215020] NET: Registered protocol family 16
[    0.215020] NET: Registered protocol family 16
[    0.223364] cpuidle: using governor ladder
[    0.223364] cpuidle: using governor ladder
[    0.230045] cpuidle: using governor menu
[    0.230045] cpuidle: using governor menu
[    0.231369] ACPI: bus type PCI registered
[    0.231369] ACPI: bus type PCI registered
[    0.232812] PCI : PCI BIOS area is rw and x. Use pci=3Dnobios if you wan=
t it NX.
[    0.232812] PCI : PCI BIOS area is rw and x. Use pci=3Dnobios if you wan=
t it NX.
[    0.233366] PCI: PCI BIOS revision 2.10 entry at 0xfd456, last bus=3D0
[    0.233366] PCI: PCI BIOS revision 2.10 entry at 0xfd456, last bus=3D0
[    0.234967] PCI: Using configuration type 1 for base access
[    0.234967] PCI: Using configuration type 1 for base access
[    0.250389] Running resizable hashtable tests...
[    0.250389] Running resizable hashtable tests...
[    0.251485]   Adding 2048 keys
[    0.251485]   Adding 2048 keys
[    0.403960]   Traversal complete: counted=3D2048, nelems=3D2048, entries=
=3D2048
[    0.403960]   Traversal complete: counted=3D2048, nelems=3D2048, entries=
=3D2048
[    0.405546]   Table expansion iteration 0...
[    0.405546]   Table expansion iteration 0...
[    0.426714]   Verifying lookups...
[    0.426714]   Verifying lookups...
[    0.427733]   Table expansion iteration 1...
[    0.427733]   Table expansion iteration 1...
[    0.446721]   Verifying lookups...
[    0.446721]   Verifying lookups...
[    0.447740]   Table expansion iteration 2...
[    0.447740]   Table expansion iteration 2...
[    0.466754]   Verifying lookups...
[    0.466754]   Verifying lookups...
[    0.467836]   Table expansion iteration 3...
[    0.467836]   Table expansion iteration 3...
[    0.480155] BUG: unable to handle kernel=20
[    0.480155] BUG: unable to handle kernel paging requestpaging request at=
 d26bdffc
 at d26bdffc
[    0.481566] IP:
[    0.481566] IP: [<c110bc7a>] free_one_page+0x31a/0x3e0
 [<c110bc7a>] free_one_page+0x31a/0x3e0
[    0.482801] *pdpt =3D 0000000001866001=20
[    0.482801] *pdpt =3D 0000000001866001 *pde =3D 0000000012584067 *pde =
=3D 0000000012584067 *pte =3D 80000000126bd060 *pte =3D 80000000126bd060=20

[    0.483333] Oops: 0000 [#1]=20
[    0.483333] Oops: 0000 [#1] SMP SMP DEBUG_PAGEALLOCDEBUG_PAGEALLOC

[    0.483333] Modules linked in:
[    0.483333] Modules linked in:

[    0.483333] CPU: 0 PID: 1 Comm: swapper/0 Not tainted 3.18.0-rc6-00201-g=
1e491e9 #11
[    0.483333] CPU: 0 PID: 1 Comm: swapper/0 Not tainted 3.18.0-rc6-00201-g=
1e491e9 #11
[    0.483333] Hardware name: QEMU Standard PC (i440FX + PIIX, 1996), BIOS =
1.7.5-20140531_083030-gandalf 04/01/2014
[    0.483333] Hardware name: QEMU Standard PC (i440FX + PIIX, 1996), BIOS =
1.7.5-20140531_083030-gandalf 04/01/2014
[    0.483333] task: c0016430 ti: c0040000 task.ti: c0040000
[    0.483333] task: c0016430 ti: c0040000 task.ti: c0040000
[    0.483333] EIP: 0060:[<c110bc7a>] EFLAGS: 00010086 CPU: 0
[    0.483333] EIP: 0060:[<c110bc7a>] EFLAGS: 00010086 CPU: 0
[    0.483333] EIP is at free_one_page+0x31a/0x3e0
[    0.483333] EIP is at free_one_page+0x31a/0x3e0
[    0.483333] EAX: d26bdffc EBX: d22f8000 ECX: 00000008 EDX: d26be000
[    0.483333] EAX: d26bdffc EBX: d22f8000 ECX: 00000008 EDX: d26be000
[    0.483333] ESI: 00000007 EDI: d22fb000 EBP: c0041e08 ESP: c0041de0
[    0.483333] ESI: 00000007 EDI: d22fb000 EBP: c0041e08 ESP: c0041de0
[    0.483333]  DS: 007b ES: 007b FS: 00d8 GS: 00e0 SS: 0068
[    0.483333]  DS: 007b ES: 007b FS: 00d8 GS: 00e0 SS: 0068
[    0.483333] CR0: 8005003b CR2: d26bdffc CR3: 01869000 CR4: 000006b0
[    0.483333] CR0: 8005003b CR2: d26bdffc CR3: 01869000 CR4: 000006b0
[    0.483333] Stack:
[    0.483333] Stack:
[    0.483333]  00000040
[    0.483333]  00000040 d3fdb060 d3fdb060 d22fa000 d22fa000 d3fdb000 d3fdb=
000 00000080 00000080 00000008 00000008 d22fa000 d22fa000 d22fb800 d22fb800

[    0.483333]  00000000
[    0.483333]  00000000 00000006 00000006 c0041e2c c0041e2c c110bdec c110b=
dec 00000006 00000006 00000000 00000000 000001c0 000001c0 00000246 00000246

[    0.483333]  c014acb8
[    0.483333]  c014acb8 c01c0000 c01c0000 c01c0000 c01c0000 c0041e34 c0041=
e34 c110c769 c110c769 c0041e4c c0041e4c c1144ca5 c1144ca5 c111b595 c111b595

[    0.483333] Call Trace:
[    0.483333] Call Trace:
[    0.483333]  [<c110bdec>] __free_pages_ok+0xac/0xf0
[    0.483333]  [<c110bdec>] __free_pages_ok+0xac/0xf0
[    0.483333]  [<c110c769>] __free_pages+0x19/0x30
[    0.483333]  [<c110c769>] __free_pages+0x19/0x30
[    0.483333]  [<c1144ca5>] kfree+0x75/0xf0
[    0.483333]  [<c1144ca5>] kfree+0x75/0xf0
[    0.483333]  [<c111b595>] ? kvfree+0x45/0x50
[    0.483333]  [<c111b595>] ? kvfree+0x45/0x50
[    0.483333]  [<c111b595>] kvfree+0x45/0x50
[    0.483333]  [<c111b595>] kvfree+0x45/0x50
[    0.483333]  [<c134bb73>] rhashtable_expand+0x1b3/0x1e0
[    0.483333]  [<c134bb73>] rhashtable_expand+0x1b3/0x1e0
[    0.483333]  [<c17fc9f9>] test_rht_init+0x173/0x2e8
[    0.483333]  [<c17fc9f9>] test_rht_init+0x173/0x2e8
[    0.483333]  [<c134b750>] ? jhash2+0xe0/0xe0
[    0.483333]  [<c134b750>] ? jhash2+0xe0/0xe0
[    0.483333]  [<c134b790>] ? rhashtable_hashfn+0x20/0x20
[    0.483333]  [<c134b790>] ? rhashtable_hashfn+0x20/0x20
[    0.483333]  [<c134b7b0>] ? rht_grow_above_75+0x20/0x20
[    0.483333]  [<c134b7b0>] ? rht_grow_above_75+0x20/0x20
[    0.483333]  [<c134b7d0>] ? rht_shrink_below_30+0x20/0x20
[    0.483333]  [<c134b7d0>] ? rht_shrink_below_30+0x20/0x20
[    0.483333]  [<c134b750>] ? jhash2+0xe0/0xe0
[    0.483333]  [<c134b750>] ? jhash2+0xe0/0xe0
[    0.483333]  [<c134b790>] ? rhashtable_hashfn+0x20/0x20
[    0.483333]  [<c134b790>] ? rhashtable_hashfn+0x20/0x20
[    0.483333]  [<c134b7b0>] ? rht_grow_above_75+0x20/0x20
[    0.483333]  [<c134b7b0>] ? rht_grow_above_75+0x20/0x20
[    0.483333]  [<c134b7d0>] ? rht_shrink_below_30+0x20/0x20
[    0.483333]  [<c134b7d0>] ? rht_shrink_below_30+0x20/0x20
[    0.483333]  [<c17fc886>] ? test_rht_lookup+0x8f/0x8f
[    0.483333]  [<c17fc886>] ? test_rht_lookup+0x8f/0x8f
[    0.483333]  [<c1000486>] do_one_initcall+0xc6/0x210
[    0.483333]  [<c1000486>] do_one_initcall+0xc6/0x210
[    0.483333]  [<c17fc886>] ? test_rht_lookup+0x8f/0x8f
[    0.483333]  [<c17fc886>] ? test_rht_lookup+0x8f/0x8f
[    0.483333]  [<c17d0505>] ? repair_env_string+0x12/0x54
[    0.483333]  [<c17d0505>] ? repair_env_string+0x12/0x54
[    0.483333]  [<c17d0cf3>] kernel_init_freeable+0x193/0x213
[    0.483333]  [<c17d0cf3>] kernel_init_freeable+0x193/0x213
[    0.483333]  [<c1512500>] kernel_init+0x10/0xf0
[    0.483333]  [<c1512500>] kernel_init+0x10/0xf0
[    0.483333]  [<c151c5c1>] ret_from_kernel_thread+0x21/0x30
[    0.483333]  [<c151c5c1>] ret_from_kernel_thread+0x21/0x30
[    0.483333]  [<c15124f0>] ? rest_init+0xb0/0xb0
[    0.483333]  [<c15124f0>] ? rest_init+0xb0/0xb0
[    0.483333] Code:
[    0.483333] Code: 85 85 b1 b1 00 00 00 00 00 00 83 83 7d 7d 0c 0c 05 05 =
0f 0f 85 85 5c 5c fd fd ff ff ff ff e9 e9 79 79 fd fd ff ff ff ff 8d 8d b6 =
b6 00 00 00 00 00 00 00 00 8d 8d bc bc 27 27 00 00 00 00 00 00 00 00 89 89 =
4d 4d ec ec 89 89 d8 d8 e8 e8 16 16 4d 4d 04 04 00 00 <8b> <8b> 00 00 a8 a8=
 02 02 8b 8b 4d 4d ec ec 0f 0f 84 84 93 93 fe fe ff ff ff ff 3b 3b 4b 4b 1c=
 1c 74 74 11 11 8b 8b 43 43 0c 0c

[    0.483333] EIP: [<c110bc7a>]=20
[    0.483333] EIP: [<c110bc7a>] free_one_page+0x31a/0x3e0free_one_page+0x3=
1a/0x3e0 SS:ESP 0068:c0041de0
 SS:ESP 0068:c0041de0
[    0.483333] CR2: 00000000d26bdffc
[    0.483333] CR2: 00000000d26bdffc
[    0.483333] ---[ end trace 7648e12f817ef2ad ]---
[    0.483333] ---[ end trace 7648e12f817ef2ad ]---
[    0.483333] Kernel panic - not syncing: Fatal exception
[    0.483333] Kernel panic - not syncing: Fatal exception

Elapsed time: 10
qemu-system-x86_64 -cpu kvm64 -enable-kvm -kernel /kernel/i386-randconfig-i=
b0-11281331/1e491e9be4c97229a3a88763aada9582e37c7eaf/vmlinuz-3.18.0-rc6-002=
01-g1e491e9 -append 'hung_task_panic=3D1 earlyprintk=3DttyS0,115200 debug a=
pic=3Ddebug sysrq_always_enabled rcupdate.rcu_cpu_stall_timeout=3D100 panic=
=3D-1 softlockup_panic=3D1 nmi_watchdog=3Dpanic oops=3Dpanic load_ramdisk=
=3D2 prompt_ramdisk=3D0 console=3DttyS0,115200 console=3Dtty0 vga=3Dnormal =
 root=3D/dev/ram0 rw link=3D/kbuild-tests/run-queue/kvm/i386-randconfig-ib0=
-11281331/next:master:1e491e9be4c97229a3a88763aada9582e37c7eaf:bisect-linux=
-9/.vmlinuz-1e491e9be4c97229a3a88763aada9582e37c7eaf-20141128160952-56-clie=
nt7 branch=3Dnext/master BOOT_IMAGE=3D/kernel/i386-randconfig-ib0-11281331/=
1e491e9be4c97229a3a88763aada9582e37c7eaf/vmlinuz-3.18.0-rc6-00201-g1e491e9 =
drbd.minor_count=3D8'  -initrd /kernel-tests/initrd/quantal-core-i386.cgz -=
m 320 -smp 2 -net nic,vlan=3D1,model=3De1000 -net user,vlan=3D1 -boot order=
=3Dnc -no-reboot -watchdog i6300esb -rtc base=3Dlocaltime -pidfile /dev/shm=
/kboot/pid-quantal-client7-9 -serial file:/dev/shm/kboot/serial-quantal-cli=
ent7-9 -daemonize -display none -monitor null=20

--RnlQjJ0d97Da+TV1
Content-Type: text/plain; charset=us-ascii
Content-Disposition: attachment; filename="config-3.18.0-rc6-00201-g1e491e9"

#
# Automatically generated file; DO NOT EDIT.
# Linux/i386 3.18.0-rc6 Kernel Configuration
#
# CONFIG_64BIT is not set
CONFIG_X86_32=y
CONFIG_X86=y
CONFIG_INSTRUCTION_DECODER=y
CONFIG_OUTPUT_FORMAT="elf32-i386"
CONFIG_ARCH_DEFCONFIG="arch/x86/configs/i386_defconfig"
CONFIG_LOCKDEP_SUPPORT=y
CONFIG_STACKTRACE_SUPPORT=y
CONFIG_HAVE_LATENCYTOP_SUPPORT=y
CONFIG_MMU=y
CONFIG_NEED_SG_DMA_LENGTH=y
CONFIG_GENERIC_ISA_DMA=y
CONFIG_GENERIC_BUG=y
CONFIG_GENERIC_HWEIGHT=y
CONFIG_ARCH_MAY_HAVE_PC_FDC=y
CONFIG_RWSEM_XCHGADD_ALGORITHM=y
CONFIG_GENERIC_CALIBRATE_DELAY=y
CONFIG_ARCH_HAS_CPU_RELAX=y
CONFIG_ARCH_HAS_CACHE_LINE_SIZE=y
CONFIG_HAVE_SETUP_PER_CPU_AREA=y
CONFIG_NEED_PER_CPU_EMBED_FIRST_CHUNK=y
CONFIG_NEED_PER_CPU_PAGE_FIRST_CHUNK=y
CONFIG_ARCH_HIBERNATION_POSSIBLE=y
CONFIG_ARCH_SUSPEND_POSSIBLE=y
CONFIG_ARCH_WANT_HUGE_PMD_SHARE=y
CONFIG_ARCH_WANT_GENERAL_HUGETLB=y
# CONFIG_ZONE_DMA32 is not set
# CONFIG_AUDIT_ARCH is not set
CONFIG_ARCH_SUPPORTS_OPTIMIZED_INLINING=y
CONFIG_ARCH_SUPPORTS_DEBUG_PAGEALLOC=y
CONFIG_X86_32_SMP=y
CONFIG_X86_HT=y
CONFIG_ARCH_HWEIGHT_CFLAGS="-fcall-saved-ecx -fcall-saved-edx"
CONFIG_ARCH_SUPPORTS_UPROBES=y
CONFIG_FIX_EARLYCON_MEM=y
CONFIG_DEFCONFIG_LIST="/lib/modules/$UNAME_RELEASE/.config"
CONFIG_IRQ_WORK=y
CONFIG_BUILDTIME_EXTABLE_SORT=y

#
# General setup
#
CONFIG_INIT_ENV_ARG_LIMIT=32
CONFIG_CROSS_COMPILE=""
# CONFIG_COMPILE_TEST is not set
CONFIG_LOCALVERSION=""
CONFIG_LOCALVERSION_AUTO=y
CONFIG_HAVE_KERNEL_GZIP=y
CONFIG_HAVE_KERNEL_BZIP2=y
CONFIG_HAVE_KERNEL_LZMA=y
CONFIG_HAVE_KERNEL_XZ=y
CONFIG_HAVE_KERNEL_LZO=y
CONFIG_HAVE_KERNEL_LZ4=y
CONFIG_KERNEL_GZIP=y
# CONFIG_KERNEL_BZIP2 is not set
# CONFIG_KERNEL_LZMA is not set
# CONFIG_KERNEL_XZ is not set
# CONFIG_KERNEL_LZO is not set
# CONFIG_KERNEL_LZ4 is not set
CONFIG_DEFAULT_HOSTNAME="(none)"
CONFIG_SWAP=y
# CONFIG_SYSVIPC is not set
# CONFIG_POSIX_MQUEUE is not set
CONFIG_CROSS_MEMORY_ATTACH=y
# CONFIG_FHANDLE is not set
# CONFIG_USELIB is not set
# CONFIG_AUDIT is not set
CONFIG_HAVE_ARCH_AUDITSYSCALL=y

#
# IRQ subsystem
#
CONFIG_GENERIC_IRQ_PROBE=y
CONFIG_GENERIC_IRQ_SHOW=y
CONFIG_GENERIC_IRQ_LEGACY_ALLOC_HWIRQ=y
CONFIG_GENERIC_PENDING_IRQ=y
CONFIG_GENERIC_IRQ_CHIP=y
CONFIG_IRQ_DOMAIN=y
CONFIG_IRQ_DOMAIN_DEBUG=y
CONFIG_IRQ_FORCED_THREADING=y
CONFIG_SPARSE_IRQ=y
CONFIG_CLOCKSOURCE_WATCHDOG=y
CONFIG_ARCH_CLOCKSOURCE_DATA=y
CONFIG_CLOCKSOURCE_VALIDATE_LAST_CYCLE=y
CONFIG_GENERIC_TIME_VSYSCALL=y
CONFIG_GENERIC_CLOCKEVENTS=y
CONFIG_GENERIC_CLOCKEVENTS_BUILD=y
CONFIG_GENERIC_CLOCKEVENTS_BROADCAST=y
CONFIG_GENERIC_CLOCKEVENTS_MIN_ADJUST=y
CONFIG_GENERIC_CMOS_UPDATE=y

#
# Timers subsystem
#
CONFIG_HZ_PERIODIC=y
# CONFIG_NO_HZ_IDLE is not set
# CONFIG_NO_HZ is not set
# CONFIG_HIGH_RES_TIMERS is not set

#
# CPU/Task time and stats accounting
#
CONFIG_TICK_CPU_ACCOUNTING=y
# CONFIG_IRQ_TIME_ACCOUNTING is not set
CONFIG_BSD_PROCESS_ACCT=y
CONFIG_BSD_PROCESS_ACCT_V3=y
# CONFIG_TASKSTATS is not set

#
# RCU Subsystem
#
CONFIG_TREE_RCU=y
# CONFIG_PREEMPT_RCU is not set
# CONFIG_TASKS_RCU is not set
CONFIG_RCU_STALL_COMMON=y
CONFIG_RCU_FANOUT=32
CONFIG_RCU_FANOUT_LEAF=16
# CONFIG_RCU_FANOUT_EXACT is not set
CONFIG_TREE_RCU_TRACE=y
CONFIG_RCU_NOCB_CPU=y
# CONFIG_RCU_NOCB_CPU_NONE is not set
# CONFIG_RCU_NOCB_CPU_ZERO is not set
CONFIG_RCU_NOCB_CPU_ALL=y
CONFIG_BUILD_BIN2C=y
CONFIG_IKCONFIG=y
CONFIG_LOG_BUF_SHIFT=17
CONFIG_LOG_CPU_MAX_BUF_SHIFT=12
CONFIG_HAVE_UNSTABLE_SCHED_CLOCK=y
CONFIG_CGROUPS=y
CONFIG_CGROUP_DEBUG=y
# CONFIG_CGROUP_FREEZER is not set
# CONFIG_CGROUP_DEVICE is not set
CONFIG_CPUSETS=y
# CONFIG_PROC_PID_CPUSET is not set
# CONFIG_CGROUP_CPUACCT is not set
# CONFIG_MEMCG is not set
# CONFIG_CGROUP_PERF is not set
CONFIG_CGROUP_SCHED=y
CONFIG_FAIR_GROUP_SCHED=y
# CONFIG_CFS_BANDWIDTH is not set
# CONFIG_RT_GROUP_SCHED is not set
# CONFIG_BLK_CGROUP is not set
CONFIG_CHECKPOINT_RESTORE=y
CONFIG_NAMESPACES=y
# CONFIG_UTS_NS is not set
# CONFIG_USER_NS is not set
CONFIG_PID_NS=y
CONFIG_NET_NS=y
CONFIG_SCHED_AUTOGROUP=y
# CONFIG_SYSFS_DEPRECATED is not set
CONFIG_RELAY=y
CONFIG_BLK_DEV_INITRD=y
CONFIG_INITRAMFS_SOURCE=""
CONFIG_RD_GZIP=y
# CONFIG_RD_BZIP2 is not set
# CONFIG_RD_LZMA is not set
# CONFIG_RD_XZ is not set
# CONFIG_RD_LZO is not set
# CONFIG_RD_LZ4 is not set
# CONFIG_CC_OPTIMIZE_FOR_SIZE is not set
CONFIG_ANON_INODES=y
CONFIG_HAVE_UID16=y
CONFIG_SYSCTL_EXCEPTION_TRACE=y
CONFIG_HAVE_PCSPKR_PLATFORM=y
CONFIG_BPF=y
CONFIG_EXPERT=y
# CONFIG_UID16 is not set
CONFIG_SGETMASK_SYSCALL=y
CONFIG_SYSFS_SYSCALL=y
CONFIG_KALLSYMS=y
CONFIG_KALLSYMS_ALL=y
CONFIG_PRINTK=y
CONFIG_BUG=y
CONFIG_PCSPKR_PLATFORM=y
# CONFIG_BASE_FULL is not set
CONFIG_FUTEX=y
CONFIG_EPOLL=y
# CONFIG_SIGNALFD is not set
CONFIG_TIMERFD=y
# CONFIG_EVENTFD is not set
CONFIG_BPF_SYSCALL=y
# CONFIG_SHMEM is not set
CONFIG_AIO=y
CONFIG_ADVISE_SYSCALLS=y
CONFIG_PCI_QUIRKS=y
CONFIG_EMBEDDED=y
CONFIG_HAVE_PERF_EVENTS=y

#
# Kernel Performance Events And Counters
#
CONFIG_PERF_EVENTS=y
# CONFIG_DEBUG_PERF_USE_VMALLOC is not set
# CONFIG_VM_EVENT_COUNTERS is not set
# CONFIG_COMPAT_BRK is not set
# CONFIG_SLAB is not set
# CONFIG_SLUB is not set
CONFIG_SLOB=y
# CONFIG_SYSTEM_TRUSTED_KEYRING is not set
# CONFIG_PROFILING is not set
CONFIG_TRACEPOINTS=y
CONFIG_HAVE_OPROFILE=y
CONFIG_OPROFILE_NMI_TIMER=y
CONFIG_KPROBES=y
CONFIG_JUMP_LABEL=y
CONFIG_OPTPROBES=y
CONFIG_KPROBES_ON_FTRACE=y
CONFIG_UPROBES=y
# CONFIG_HAVE_64BIT_ALIGNED_ACCESS is not set
CONFIG_HAVE_EFFICIENT_UNALIGNED_ACCESS=y
CONFIG_ARCH_USE_BUILTIN_BSWAP=y
CONFIG_KRETPROBES=y
CONFIG_HAVE_IOREMAP_PROT=y
CONFIG_HAVE_KPROBES=y
CONFIG_HAVE_KRETPROBES=y
CONFIG_HAVE_OPTPROBES=y
CONFIG_HAVE_KPROBES_ON_FTRACE=y
CONFIG_HAVE_ARCH_TRACEHOOK=y
CONFIG_HAVE_DMA_ATTRS=y
CONFIG_HAVE_DMA_CONTIGUOUS=y
CONFIG_GENERIC_SMP_IDLE_THREAD=y
CONFIG_HAVE_REGS_AND_STACK_ACCESS_API=y
CONFIG_HAVE_DMA_API_DEBUG=y
CONFIG_HAVE_HW_BREAKPOINT=y
CONFIG_HAVE_MIXED_BREAKPOINTS_REGS=y
CONFIG_HAVE_USER_RETURN_NOTIFIER=y
CONFIG_HAVE_PERF_EVENTS_NMI=y
CONFIG_HAVE_PERF_REGS=y
CONFIG_HAVE_PERF_USER_STACK_DUMP=y
CONFIG_HAVE_ARCH_JUMP_LABEL=y
CONFIG_ARCH_HAVE_NMI_SAFE_CMPXCHG=y
CONFIG_HAVE_CMPXCHG_LOCAL=y
CONFIG_HAVE_CMPXCHG_DOUBLE=y
CONFIG_ARCH_WANT_IPC_PARSE_VERSION=y
CONFIG_HAVE_ARCH_SECCOMP_FILTER=y
CONFIG_SECCOMP_FILTER=y
CONFIG_HAVE_CC_STACKPROTECTOR=y
CONFIG_CC_STACKPROTECTOR=y
# CONFIG_CC_STACKPROTECTOR_NONE is not set
CONFIG_CC_STACKPROTECTOR_REGULAR=y
# CONFIG_CC_STACKPROTECTOR_STRONG is not set
CONFIG_HAVE_IRQ_TIME_ACCOUNTING=y
CONFIG_HAVE_ARCH_TRANSPARENT_HUGEPAGE=y
CONFIG_MODULES_USE_ELF_REL=y
CONFIG_CLONE_BACKWARDS=y
CONFIG_OLD_SIGSUSPEND3=y
CONFIG_OLD_SIGACTION=y

#
# GCOV-based kernel profiling
#
# CONFIG_GCOV_KERNEL is not set
CONFIG_HAVE_GENERIC_DMA_COHERENT=y
CONFIG_RT_MUTEXES=y
CONFIG_BASE_SMALL=1
CONFIG_MODULES=y
# CONFIG_MODULE_FORCE_LOAD is not set
# CONFIG_MODULE_UNLOAD is not set
CONFIG_MODVERSIONS=y
CONFIG_MODULE_SRCVERSION_ALL=y
# CONFIG_MODULE_SIG is not set
CONFIG_MODULE_COMPRESS=y
CONFIG_MODULE_COMPRESS_GZIP=y
# CONFIG_MODULE_COMPRESS_XZ is not set
CONFIG_BLOCK=y
# CONFIG_LBDAF is not set
CONFIG_BLK_DEV_BSG=y
# CONFIG_BLK_DEV_BSGLIB is not set
CONFIG_BLK_DEV_INTEGRITY=y
CONFIG_BLK_CMDLINE_PARSER=y

#
# Partition Types
#
# CONFIG_PARTITION_ADVANCED is not set
CONFIG_AMIGA_PARTITION=y
CONFIG_MSDOS_PARTITION=y
CONFIG_EFI_PARTITION=y

#
# IO Schedulers
#
CONFIG_IOSCHED_NOOP=y
# CONFIG_IOSCHED_DEADLINE is not set
CONFIG_IOSCHED_CFQ=y
# CONFIG_DEFAULT_CFQ is not set
CONFIG_DEFAULT_NOOP=y
CONFIG_DEFAULT_IOSCHED="noop"
CONFIG_PADATA=y
CONFIG_UNINLINE_SPIN_UNLOCK=y
CONFIG_ARCH_SUPPORTS_ATOMIC_RMW=y
CONFIG_RWSEM_SPIN_ON_OWNER=y
CONFIG_ARCH_USE_QUEUE_RWLOCK=y
CONFIG_QUEUE_RWLOCK=y
# CONFIG_FREEZER is not set

#
# Processor type and features
#
# CONFIG_ZONE_DMA is not set
CONFIG_SMP=y
# CONFIG_X86_FEATURE_NAMES is not set
CONFIG_X86_MPPARSE=y
CONFIG_X86_BIGSMP=y
# CONFIG_X86_EXTENDED_PLATFORM is not set
# CONFIG_X86_INTEL_LPSS is not set
# CONFIG_IOSF_MBI is not set
CONFIG_X86_SUPPORTS_MEMORY_FAILURE=y
CONFIG_X86_32_IRIS=y
# CONFIG_SCHED_OMIT_FRAME_POINTER is not set
CONFIG_HYPERVISOR_GUEST=y
CONFIG_PARAVIRT=y
# CONFIG_PARAVIRT_DEBUG is not set
# CONFIG_PARAVIRT_SPINLOCKS is not set
CONFIG_KVM_GUEST=y
# CONFIG_KVM_DEBUG_FS is not set
# CONFIG_LGUEST_GUEST is not set
# CONFIG_PARAVIRT_TIME_ACCOUNTING is not set
CONFIG_PARAVIRT_CLOCK=y
CONFIG_NO_BOOTMEM=y
CONFIG_MEMTEST=y
# CONFIG_M486 is not set
# CONFIG_M586 is not set
# CONFIG_M586TSC is not set
# CONFIG_M586MMX is not set
# CONFIG_M686 is not set
# CONFIG_MPENTIUMII is not set
# CONFIG_MPENTIUMIII is not set
# CONFIG_MPENTIUMM is not set
# CONFIG_MPENTIUM4 is not set
# CONFIG_MK6 is not set
# CONFIG_MK7 is not set
# CONFIG_MK8 is not set
# CONFIG_MCRUSOE is not set
# CONFIG_MEFFICEON is not set
# CONFIG_MWINCHIPC6 is not set
# CONFIG_MWINCHIP3D is not set
CONFIG_MELAN=y
# CONFIG_MGEODEGX1 is not set
# CONFIG_MGEODE_LX is not set
# CONFIG_MCYRIXIII is not set
# CONFIG_MVIAC3_2 is not set
# CONFIG_MVIAC7 is not set
# CONFIG_MCORE2 is not set
# CONFIG_MATOM is not set
# CONFIG_X86_GENERIC is not set
CONFIG_X86_INTERNODE_CACHE_SHIFT=4
CONFIG_X86_L1_CACHE_SHIFT=4
CONFIG_X86_ALIGNMENT_16=y
CONFIG_X86_CMPXCHG64=y
CONFIG_X86_MINIMUM_CPU_FAMILY=5
CONFIG_X86_DEBUGCTLMSR=y
CONFIG_PROCESSOR_SELECT=y
# CONFIG_CPU_SUP_INTEL is not set
CONFIG_CPU_SUP_CYRIX_32=y
# CONFIG_CPU_SUP_AMD is not set
CONFIG_CPU_SUP_CENTAUR=y
# CONFIG_CPU_SUP_TRANSMETA_32 is not set
# CONFIG_CPU_SUP_UMC_32 is not set
CONFIG_HPET_TIMER=y
CONFIG_HPET_EMULATE_RTC=y
CONFIG_DMI=y
CONFIG_NR_CPUS=32
CONFIG_SCHED_SMT=y
CONFIG_SCHED_MC=y
# CONFIG_PREEMPT_NONE is not set
CONFIG_PREEMPT_VOLUNTARY=y
# CONFIG_PREEMPT is not set
CONFIG_PREEMPT_COUNT=y
CONFIG_X86_LOCAL_APIC=y
CONFIG_X86_IO_APIC=y
CONFIG_X86_REROUTE_FOR_BROKEN_BOOT_IRQS=y
CONFIG_X86_MCE=y
CONFIG_X86_MCE_INTEL=y
CONFIG_X86_MCE_AMD=y
# CONFIG_X86_ANCIENT_MCE is not set
CONFIG_X86_MCE_THRESHOLD=y
# CONFIG_X86_MCE_INJECT is not set
CONFIG_X86_THERMAL_VECTOR=y
CONFIG_VM86=y
# CONFIG_X86_16BIT is not set
# CONFIG_TOSHIBA is not set
CONFIG_I8K=m
CONFIG_X86_REBOOTFIXUPS=y
# CONFIG_MICROCODE_INTEL_EARLY is not set
# CONFIG_MICROCODE_AMD_EARLY is not set
# CONFIG_X86_MSR is not set
CONFIG_X86_CPUID=y
# CONFIG_NOHIGHMEM is not set
# CONFIG_HIGHMEM4G is not set
CONFIG_HIGHMEM64G=y
CONFIG_VMSPLIT_3G=y
# CONFIG_VMSPLIT_2G is not set
# CONFIG_VMSPLIT_1G is not set
CONFIG_PAGE_OFFSET=0xC0000000
CONFIG_HIGHMEM=y
CONFIG_X86_PAE=y
CONFIG_ARCH_PHYS_ADDR_T_64BIT=y
CONFIG_ARCH_DMA_ADDR_T_64BIT=y
CONFIG_NUMA=y
CONFIG_NUMA_EMU=y
CONFIG_NODES_SHIFT=3
CONFIG_ARCH_HAVE_MEMORY_PRESENT=y
CONFIG_NEED_NODE_MEMMAP_SIZE=y
CONFIG_ARCH_DISCONTIGMEM_ENABLE=y
CONFIG_ARCH_DISCONTIGMEM_DEFAULT=y
CONFIG_ARCH_SPARSEMEM_ENABLE=y
CONFIG_ARCH_SELECT_MEMORY_MODEL=y
CONFIG_ILLEGAL_POINTER_VALUE=0
CONFIG_SELECT_MEMORY_MODEL=y
CONFIG_DISCONTIGMEM_MANUAL=y
# CONFIG_SPARSEMEM_MANUAL is not set
CONFIG_DISCONTIGMEM=y
CONFIG_FLAT_NODE_MEM_MAP=y
CONFIG_NEED_MULTIPLE_NODES=y
CONFIG_HAVE_MEMORY_PRESENT=y
CONFIG_SPARSEMEM_STATIC=y
CONFIG_HAVE_MEMBLOCK=y
CONFIG_HAVE_MEMBLOCK_NODE_MAP=y
CONFIG_ARCH_DISCARD_MEMBLOCK=y
CONFIG_MEMORY_ISOLATION=y
# CONFIG_HAVE_BOOTMEM_INFO_NODE is not set
CONFIG_PAGEFLAGS_EXTENDED=y
CONFIG_SPLIT_PTLOCK_CPUS=4
CONFIG_ARCH_ENABLE_SPLIT_PMD_PTLOCK=y
CONFIG_MEMORY_BALLOON=y
CONFIG_BALLOON_COMPACTION=y
CONFIG_COMPACTION=y
CONFIG_MIGRATION=y
CONFIG_PHYS_ADDR_T_64BIT=y
CONFIG_ZONE_DMA_FLAG=0
CONFIG_BOUNCE=y
CONFIG_VIRT_TO_BUS=y
CONFIG_KSM=y
CONFIG_DEFAULT_MMAP_MIN_ADDR=4096
CONFIG_ARCH_SUPPORTS_MEMORY_FAILURE=y
CONFIG_MEMORY_FAILURE=y
CONFIG_TRANSPARENT_HUGEPAGE=y
CONFIG_TRANSPARENT_HUGEPAGE_ALWAYS=y
# CONFIG_TRANSPARENT_HUGEPAGE_MADVISE is not set
# CONFIG_CLEANCACHE is not set
# CONFIG_FRONTSWAP is not set
CONFIG_CMA=y
CONFIG_CMA_DEBUG=y
CONFIG_CMA_AREAS=7
CONFIG_ZPOOL=m
CONFIG_ZBUD=m
CONFIG_ZSMALLOC=m
# CONFIG_PGTABLE_MAPPING is not set
CONFIG_GENERIC_EARLY_IOREMAP=y
CONFIG_HIGHPTE=y
CONFIG_X86_CHECK_BIOS_CORRUPTION=y
# CONFIG_X86_BOOTPARAM_MEMORY_CORRUPTION_CHECK is not set
CONFIG_X86_RESERVE_LOW=64
# CONFIG_MATH_EMULATION is not set
CONFIG_MTRR=y
CONFIG_MTRR_SANITIZER=y
CONFIG_MTRR_SANITIZER_ENABLE_DEFAULT=0
CONFIG_MTRR_SANITIZER_SPARE_REG_NR_DEFAULT=1
# CONFIG_X86_PAT is not set
CONFIG_ARCH_RANDOM=y
CONFIG_X86_SMAP=y
# CONFIG_EFI is not set
CONFIG_SECCOMP=y
# CONFIG_HZ_100 is not set
# CONFIG_HZ_250 is not set
CONFIG_HZ_300=y
# CONFIG_HZ_1000 is not set
CONFIG_HZ=300
# CONFIG_SCHED_HRTICK is not set
# CONFIG_KEXEC is not set
CONFIG_CRASH_DUMP=y
CONFIG_PHYSICAL_START=0x1000000
CONFIG_RELOCATABLE=y
# CONFIG_RANDOMIZE_BASE is not set
CONFIG_X86_NEED_RELOCS=y
CONFIG_PHYSICAL_ALIGN=0x200000
# CONFIG_HOTPLUG_CPU is not set
# CONFIG_COMPAT_VDSO is not set
# CONFIG_CMDLINE_BOOL is not set
CONFIG_ARCH_ENABLE_MEMORY_HOTPLUG=y
CONFIG_USE_PERCPU_NUMA_NODE_ID=y

#
# Power management and ACPI options
#
# CONFIG_SUSPEND is not set
# CONFIG_HIBERNATION is not set
CONFIG_PM_RUNTIME=y
CONFIG_PM=y
# CONFIG_PM_DEBUG is not set
CONFIG_WQ_POWER_EFFICIENT_DEFAULT=y
CONFIG_ACPI=y
CONFIG_ACPI_LEGACY_TABLES_LOOKUP=y
CONFIG_ARCH_MIGHT_HAVE_ACPI_PDC=y
# CONFIG_ACPI_EC_DEBUGFS is not set
CONFIG_ACPI_AC=y
CONFIG_ACPI_BATTERY=y
CONFIG_ACPI_BUTTON=y
CONFIG_ACPI_FAN=y
# CONFIG_ACPI_DOCK is not set
CONFIG_ACPI_PROCESSOR=y
# CONFIG_ACPI_PROCESSOR_AGGREGATOR is not set
CONFIG_ACPI_THERMAL=y
# CONFIG_ACPI_NUMA is not set
CONFIG_ACPI_CUSTOM_DSDT_FILE=""
# CONFIG_ACPI_CUSTOM_DSDT is not set
# CONFIG_ACPI_INITRD_TABLE_OVERRIDE is not set
# CONFIG_ACPI_DEBUG is not set
# CONFIG_ACPI_PCI_SLOT is not set
CONFIG_X86_PM_TIMER=y
# CONFIG_ACPI_CONTAINER is not set
# CONFIG_ACPI_SBS is not set
# CONFIG_ACPI_HED is not set
# CONFIG_ACPI_CUSTOM_METHOD is not set
# CONFIG_ACPI_REDUCED_HARDWARE_ONLY is not set
CONFIG_HAVE_ACPI_APEI=y
CONFIG_HAVE_ACPI_APEI_NMI=y
# CONFIG_ACPI_APEI is not set
# CONFIG_ACPI_EXTLOG is not set
# CONFIG_SFI is not set

#
# CPU Frequency scaling
#
CONFIG_CPU_FREQ=y
CONFIG_CPU_FREQ_STAT=m
CONFIG_CPU_FREQ_STAT_DETAILS=y
# CONFIG_CPU_FREQ_DEFAULT_GOV_PERFORMANCE is not set
# CONFIG_CPU_FREQ_DEFAULT_GOV_POWERSAVE is not set
CONFIG_CPU_FREQ_DEFAULT_GOV_USERSPACE=y
# CONFIG_CPU_FREQ_DEFAULT_GOV_ONDEMAND is not set
# CONFIG_CPU_FREQ_DEFAULT_GOV_CONSERVATIVE is not set
CONFIG_CPU_FREQ_GOV_PERFORMANCE=y
CONFIG_CPU_FREQ_GOV_POWERSAVE=m
CONFIG_CPU_FREQ_GOV_USERSPACE=y
# CONFIG_CPU_FREQ_GOV_ONDEMAND is not set
# CONFIG_CPU_FREQ_GOV_CONSERVATIVE is not set

#
# x86 CPU frequency scaling drivers
#
CONFIG_X86_INTEL_PSTATE=y
# CONFIG_X86_PCC_CPUFREQ is not set
# CONFIG_X86_ACPI_CPUFREQ is not set
CONFIG_ELAN_CPUFREQ=m
CONFIG_SC520_CPUFREQ=m
CONFIG_X86_POWERNOW_K6=m
CONFIG_X86_POWERNOW_K7=y
CONFIG_X86_POWERNOW_K7_ACPI=y
# CONFIG_X86_GX_SUSPMOD is not set
CONFIG_X86_SPEEDSTEP_CENTRINO=m
CONFIG_X86_SPEEDSTEP_CENTRINO_TABLE=y
CONFIG_X86_SPEEDSTEP_ICH=y
CONFIG_X86_SPEEDSTEP_SMI=y
CONFIG_X86_P4_CLOCKMOD=y
CONFIG_X86_CPUFREQ_NFORCE2=y
CONFIG_X86_LONGRUN=y
# CONFIG_X86_LONGHAUL is not set
# CONFIG_X86_E_POWERSAVER is not set

#
# shared options
#
CONFIG_X86_SPEEDSTEP_LIB=y
CONFIG_X86_SPEEDSTEP_RELAXED_CAP_CHECK=y

#
# CPU Idle
#
CONFIG_CPU_IDLE=y
CONFIG_CPU_IDLE_GOV_LADDER=y
CONFIG_CPU_IDLE_GOV_MENU=y
# CONFIG_ARCH_NEEDS_CPU_IDLE_COUPLED is not set

#
# Bus options (PCI etc.)
#
CONFIG_PCI=y
# CONFIG_PCI_GOBIOS is not set
# CONFIG_PCI_GOMMCONFIG is not set
# CONFIG_PCI_GODIRECT is not set
CONFIG_PCI_GOANY=y
CONFIG_PCI_BIOS=y
CONFIG_PCI_DIRECT=y
CONFIG_PCI_MMCONFIG=y
CONFIG_PCI_DOMAINS=y
# CONFIG_PCI_CNB20LE_QUIRK is not set
# CONFIG_PCIEPORTBUS is not set
# CONFIG_PCI_MSI is not set
# CONFIG_PCI_DEBUG is not set
# CONFIG_PCI_REALLOC_ENABLE_AUTO is not set
# CONFIG_PCI_STUB is not set
CONFIG_HT_IRQ=y
# CONFIG_PCI_IOV is not set
# CONFIG_PCI_PRI is not set
# CONFIG_PCI_PASID is not set
# CONFIG_PCI_IOAPIC is not set
CONFIG_PCI_LABEL=y

#
# PCI host controller drivers
#
CONFIG_ISA_DMA_API=y
# CONFIG_ISA is not set
CONFIG_SCx200=y
CONFIG_SCx200HR_TIMER=y
CONFIG_ALIX=y
# CONFIG_NET5501 is not set
CONFIG_GEOS=y
# CONFIG_TS5500 is not set
# CONFIG_PCCARD is not set
# CONFIG_HOTPLUG_PCI is not set
# CONFIG_RAPIDIO is not set
CONFIG_X86_SYSFB=y

#
# Executable file formats / Emulations
#
CONFIG_BINFMT_ELF=y
CONFIG_ARCH_BINFMT_ELF_RANDOMIZE_PIE=y
CONFIG_BINFMT_SCRIPT=y
CONFIG_HAVE_AOUT=y
# CONFIG_BINFMT_AOUT is not set
CONFIG_BINFMT_MISC=y
# CONFIG_COREDUMP is not set
CONFIG_HAVE_ATOMIC_IOMAP=y
CONFIG_PMC_ATOM=y
CONFIG_NET=y

#
# Networking options
#
# CONFIG_PACKET is not set
CONFIG_UNIX=y
# CONFIG_UNIX_DIAG is not set
# CONFIG_NET_KEY is not set
# CONFIG_INET is not set
# CONFIG_NETWORK_SECMARK is not set
# CONFIG_NET_PTP_CLASSIFY is not set
# CONFIG_NETWORK_PHY_TIMESTAMPING is not set
# CONFIG_NETFILTER is not set
# CONFIG_ATM is not set
# CONFIG_BRIDGE is not set
# CONFIG_VLAN_8021Q is not set
# CONFIG_DECNET is not set
# CONFIG_LLC2 is not set
# CONFIG_IPX is not set
# CONFIG_ATALK is not set
# CONFIG_X25 is not set
# CONFIG_LAPB is not set
# CONFIG_PHONET is not set
# CONFIG_IEEE802154 is not set
# CONFIG_NET_SCHED is not set
# CONFIG_DCB is not set
# CONFIG_DNS_RESOLVER is not set
# CONFIG_BATMAN_ADV is not set
# CONFIG_OPENVSWITCH is not set
# CONFIG_VSOCKETS is not set
# CONFIG_NETLINK_MMAP is not set
# CONFIG_NETLINK_DIAG is not set
# CONFIG_NET_MPLS_GSO is not set
# CONFIG_HSR is not set
CONFIG_RPS=y
CONFIG_RFS_ACCEL=y
CONFIG_XPS=y
# CONFIG_CGROUP_NET_PRIO is not set
# CONFIG_CGROUP_NET_CLASSID is not set
CONFIG_NET_RX_BUSY_POLL=y
CONFIG_BQL=y
CONFIG_NET_FLOW_LIMIT=y

#
# Network testing
#
# CONFIG_HAMRADIO is not set
# CONFIG_CAN is not set
# CONFIG_IRDA is not set
# CONFIG_BT is not set
CONFIG_WIRELESS=y
# CONFIG_CFG80211 is not set
# CONFIG_LIB80211 is not set

#
# CFG80211 needs to be enabled for MAC80211
#
# CONFIG_WIMAX is not set
# CONFIG_RFKILL is not set
# CONFIG_RFKILL_REGULATOR is not set
# CONFIG_NET_9P is not set
# CONFIG_CAIF is not set
# CONFIG_NFC is not set

#
# Device Drivers
#

#
# Generic Driver Options
#
# CONFIG_UEVENT_HELPER is not set
# CONFIG_DEVTMPFS is not set
# CONFIG_STANDALONE is not set
CONFIG_PREVENT_FIRMWARE_BUILD=y
CONFIG_FW_LOADER=y
# CONFIG_FIRMWARE_IN_KERNEL is not set
CONFIG_EXTRA_FIRMWARE=""
CONFIG_FW_LOADER_USER_HELPER=y
# CONFIG_FW_LOADER_USER_HELPER_FALLBACK is not set
CONFIG_ALLOW_DEV_COREDUMP=y
# CONFIG_DEBUG_DRIVER is not set
CONFIG_DEBUG_DEVRES=y
# CONFIG_SYS_HYPERVISOR is not set
# CONFIG_GENERIC_CPU_DEVICES is not set
CONFIG_GENERIC_CPU_AUTOPROBE=y
CONFIG_REGMAP=y
CONFIG_REGMAP_I2C=y
CONFIG_REGMAP_MMIO=m
CONFIG_REGMAP_IRQ=y
CONFIG_DMA_SHARED_BUFFER=y
# CONFIG_FENCE_TRACE is not set
# CONFIG_DMA_CMA is not set

#
# Bus devices
#
# CONFIG_CONNECTOR is not set
# CONFIG_MTD is not set
CONFIG_ARCH_MIGHT_HAVE_PC_PARPORT=y
# CONFIG_PARPORT is not set
CONFIG_PNP=y
CONFIG_PNP_DEBUG_MESSAGES=y

#
# Protocols
#
CONFIG_PNPACPI=y
CONFIG_BLK_DEV=y
CONFIG_BLK_DEV_NULL_BLK=y
CONFIG_BLK_DEV_FD=m
# CONFIG_BLK_DEV_PCIESSD_MTIP32XX is not set
# CONFIG_ZRAM is not set
# CONFIG_BLK_CPQ_CISS_DA is not set
# CONFIG_BLK_DEV_DAC960 is not set
# CONFIG_BLK_DEV_UMEM is not set
# CONFIG_BLK_DEV_COW_COMMON is not set
CONFIG_BLK_DEV_LOOP=m
CONFIG_BLK_DEV_LOOP_MIN_COUNT=8
# CONFIG_BLK_DEV_CRYPTOLOOP is not set

#
# DRBD disabled because PROC_FS or INET not selected
#
# CONFIG_BLK_DEV_NBD is not set
# CONFIG_BLK_DEV_NVME is not set
CONFIG_BLK_DEV_OSD=m
# CONFIG_BLK_DEV_SX8 is not set
CONFIG_BLK_DEV_RAM=y
CONFIG_BLK_DEV_RAM_COUNT=16
CONFIG_BLK_DEV_RAM_SIZE=4096
CONFIG_BLK_DEV_XIP=y
CONFIG_CDROM_PKTCDVD=m
CONFIG_CDROM_PKTCDVD_BUFFERS=8
CONFIG_CDROM_PKTCDVD_WCACHE=y
# CONFIG_ATA_OVER_ETH is not set
CONFIG_VIRTIO_BLK=m
# CONFIG_BLK_DEV_HD is not set
# CONFIG_BLK_DEV_RSXX is not set

#
# Misc devices
#
# CONFIG_SENSORS_LIS3LV02D is not set
# CONFIG_AD525X_DPOT is not set
CONFIG_DUMMY_IRQ=y
# CONFIG_IBM_ASM is not set
# CONFIG_PHANTOM is not set
# CONFIG_SGI_IOC4 is not set
# CONFIG_TIFM_CORE is not set
CONFIG_ICS932S401=y
CONFIG_ENCLOSURE_SERVICES=m
# CONFIG_HP_ILO is not set
CONFIG_APDS9802ALS=m
# CONFIG_ISL29003 is not set
CONFIG_ISL29020=y
CONFIG_SENSORS_TSL2550=m
CONFIG_SENSORS_BH1780=m
CONFIG_SENSORS_BH1770=y
CONFIG_SENSORS_APDS990X=m
CONFIG_HMC6352=m
CONFIG_DS1682=y
CONFIG_VMWARE_BALLOON=y
# CONFIG_BMP085_I2C is not set
# CONFIG_PCH_PHUB is not set
# CONFIG_USB_SWITCH_FSA9480 is not set
# CONFIG_SRAM is not set
CONFIG_C2PORT=m
CONFIG_C2PORT_DURAMAR_2150=m

#
# EEPROM support
#
CONFIG_EEPROM_AT24=m
# CONFIG_EEPROM_LEGACY is not set
# CONFIG_EEPROM_MAX6875 is not set
# CONFIG_EEPROM_93CX6 is not set
# CONFIG_CB710_CORE is not set

#
# Texas Instruments shared transport line discipline
#
# CONFIG_TI_ST is not set
# CONFIG_SENSORS_LIS3_I2C is not set

#
# Altera FPGA firmware download module
#
CONFIG_ALTERA_STAPL=y
# CONFIG_VMWARE_VMCI is not set

#
# Intel MIC Bus Driver
#

#
# Intel MIC Host Driver
#

#
# Intel MIC Card Driver
#
CONFIG_ECHO=m
# CONFIG_CXL_BASE is not set
CONFIG_HAVE_IDE=y
CONFIG_IDE=y

#
# Please see Documentation/ide/ide.txt for help/info on IDE drives
#
CONFIG_IDE_XFER_MODE=y
CONFIG_IDE_TIMINGS=y
CONFIG_IDE_ATAPI=y
CONFIG_BLK_DEV_IDE_SATA=y
CONFIG_IDE_GD=m
CONFIG_IDE_GD_ATA=y
# CONFIG_IDE_GD_ATAPI is not set
CONFIG_BLK_DEV_IDECD=m
CONFIG_BLK_DEV_IDECD_VERBOSE_ERRORS=y
CONFIG_BLK_DEV_IDETAPE=y
# CONFIG_BLK_DEV_IDEACPI is not set
CONFIG_IDE_TASK_IOCTL=y

#
# IDE chipset support/bugfixes
#
# CONFIG_IDE_GENERIC is not set
CONFIG_BLK_DEV_PLATFORM=m
CONFIG_BLK_DEV_CMD640=m
CONFIG_BLK_DEV_CMD640_ENHANCED=y
# CONFIG_BLK_DEV_IDEPNP is not set

#
# PCI IDE chipsets support
#
# CONFIG_BLK_DEV_GENERIC is not set
# CONFIG_BLK_DEV_OPTI621 is not set
# CONFIG_BLK_DEV_RZ1000 is not set
# CONFIG_BLK_DEV_AEC62XX is not set
# CONFIG_BLK_DEV_ALI15X3 is not set
# CONFIG_BLK_DEV_AMD74XX is not set
# CONFIG_BLK_DEV_ATIIXP is not set
# CONFIG_BLK_DEV_CMD64X is not set
# CONFIG_BLK_DEV_TRIFLEX is not set
# CONFIG_BLK_DEV_CS5520 is not set
# CONFIG_BLK_DEV_CS5530 is not set
# CONFIG_BLK_DEV_CS5535 is not set
# CONFIG_BLK_DEV_CS5536 is not set
# CONFIG_BLK_DEV_HPT366 is not set
# CONFIG_BLK_DEV_JMICRON is not set
# CONFIG_BLK_DEV_SC1200 is not set
# CONFIG_BLK_DEV_PIIX is not set
# CONFIG_BLK_DEV_IT8172 is not set
# CONFIG_BLK_DEV_IT8213 is not set
# CONFIG_BLK_DEV_IT821X is not set
# CONFIG_BLK_DEV_NS87415 is not set
# CONFIG_BLK_DEV_PDC202XX_OLD is not set
# CONFIG_BLK_DEV_PDC202XX_NEW is not set
# CONFIG_BLK_DEV_SVWKS is not set
# CONFIG_BLK_DEV_SIIMAGE is not set
# CONFIG_BLK_DEV_SIS5513 is not set
# CONFIG_BLK_DEV_SLC90E66 is not set
# CONFIG_BLK_DEV_TRM290 is not set
# CONFIG_BLK_DEV_VIA82CXXX is not set
# CONFIG_BLK_DEV_TC86C001 is not set
# CONFIG_BLK_DEV_IDEDMA is not set

#
# SCSI device support
#
CONFIG_SCSI_MOD=y
CONFIG_RAID_ATTRS=m
CONFIG_SCSI=y
CONFIG_SCSI_DMA=y
# CONFIG_SCSI_NETLINK is not set
# CONFIG_SCSI_MQ_DEFAULT is not set

#
# SCSI support type (disk, tape, CD-ROM)
#
# CONFIG_BLK_DEV_SD is not set
CONFIG_CHR_DEV_ST=y
CONFIG_CHR_DEV_OSST=m
# CONFIG_BLK_DEV_SR is not set
CONFIG_CHR_DEV_SG=y
# CONFIG_CHR_DEV_SCH is not set
# CONFIG_SCSI_ENCLOSURE is not set
# CONFIG_SCSI_CONSTANTS is not set
# CONFIG_SCSI_LOGGING is not set
CONFIG_SCSI_SCAN_ASYNC=y

#
# SCSI Transports
#
CONFIG_SCSI_SPI_ATTRS=m
# CONFIG_SCSI_FC_ATTRS is not set
# CONFIG_SCSI_ISCSI_ATTRS is not set
CONFIG_SCSI_SAS_ATTRS=m
CONFIG_SCSI_SAS_LIBSAS=m
# CONFIG_SCSI_SAS_ATA is not set
# CONFIG_SCSI_SAS_HOST_SMP is not set
# CONFIG_SCSI_SRP_ATTRS is not set
CONFIG_SCSI_LOWLEVEL=y
CONFIG_ISCSI_BOOT_SYSFS=y
# CONFIG_SCSI_BNX2_ISCSI is not set
# CONFIG_BE2ISCSI is not set
# CONFIG_BLK_DEV_3W_XXXX_RAID is not set
# CONFIG_SCSI_HPSA is not set
# CONFIG_SCSI_3W_9XXX is not set
# CONFIG_SCSI_3W_SAS is not set
# CONFIG_SCSI_ACARD is not set
# CONFIG_SCSI_AACRAID is not set
# CONFIG_SCSI_AIC7XXX is not set
# CONFIG_SCSI_AIC79XX is not set
# CONFIG_SCSI_AIC94XX is not set
# CONFIG_SCSI_MVSAS is not set
# CONFIG_SCSI_MVUMI is not set
# CONFIG_SCSI_DPT_I2O is not set
# CONFIG_SCSI_ADVANSYS is not set
# CONFIG_SCSI_ARCMSR is not set
# CONFIG_SCSI_ESAS2R is not set
# CONFIG_MEGARAID_NEWGEN is not set
# CONFIG_MEGARAID_LEGACY is not set
# CONFIG_MEGARAID_SAS is not set
# CONFIG_SCSI_MPT2SAS is not set
# CONFIG_SCSI_MPT3SAS is not set
CONFIG_SCSI_UFSHCD=m
# CONFIG_SCSI_UFSHCD_PCI is not set
CONFIG_SCSI_UFSHCD_PLATFORM=m
# CONFIG_SCSI_HPTIOP is not set
# CONFIG_SCSI_BUSLOGIC is not set
# CONFIG_VMWARE_PVSCSI is not set
# CONFIG_SCSI_DMX3191D is not set
# CONFIG_SCSI_EATA is not set
# CONFIG_SCSI_FUTURE_DOMAIN is not set
# CONFIG_SCSI_GDTH is not set
# CONFIG_SCSI_ISCI is not set
# CONFIG_SCSI_IPS is not set
# CONFIG_SCSI_INITIO is not set
# CONFIG_SCSI_INIA100 is not set
# CONFIG_SCSI_STEX is not set
# CONFIG_SCSI_SYM53C8XX_2 is not set
# CONFIG_SCSI_IPR is not set
# CONFIG_SCSI_QLOGIC_1280 is not set
# CONFIG_SCSI_QLA_ISCSI is not set
# CONFIG_SCSI_DC395x is not set
# CONFIG_SCSI_DC390T is not set
# CONFIG_SCSI_NSP32 is not set
CONFIG_SCSI_DEBUG=m
# CONFIG_SCSI_PMCRAID is not set
# CONFIG_SCSI_PM8001 is not set
CONFIG_SCSI_VIRTIO=m
# CONFIG_SCSI_DH is not set
CONFIG_SCSI_OSD_INITIATOR=y
CONFIG_SCSI_OSD_ULD=m
CONFIG_SCSI_OSD_DPRINT_SENSE=1
CONFIG_SCSI_OSD_DEBUG=y
CONFIG_ATA=m
# CONFIG_ATA_NONSTANDARD is not set
# CONFIG_ATA_VERBOSE_ERROR is not set
CONFIG_ATA_ACPI=y
# CONFIG_SATA_ZPODD is not set
CONFIG_SATA_PMP=y

#
# Controllers with non-SFF native interface
#
# CONFIG_SATA_AHCI is not set
CONFIG_SATA_AHCI_PLATFORM=m
# CONFIG_SATA_INIC162X is not set
# CONFIG_SATA_ACARD_AHCI is not set
# CONFIG_SATA_SIL24 is not set
# CONFIG_ATA_SFF is not set
CONFIG_MD=y
CONFIG_BLK_DEV_MD=m
CONFIG_MD_LINEAR=m
CONFIG_MD_RAID0=m
CONFIG_MD_RAID1=m
CONFIG_MD_RAID10=m
CONFIG_MD_RAID456=m
# CONFIG_MD_MULTIPATH is not set
# CONFIG_MD_FAULTY is not set
CONFIG_BCACHE=m
# CONFIG_BCACHE_DEBUG is not set
# CONFIG_BCACHE_CLOSURES_DEBUG is not set
# CONFIG_BLK_DEV_DM is not set
CONFIG_TARGET_CORE=m
CONFIG_TCM_IBLOCK=m
CONFIG_TCM_FILEIO=m
CONFIG_TCM_PSCSI=m
CONFIG_LOOPBACK_TARGET=m
# CONFIG_ISCSI_TARGET is not set
# CONFIG_SBP_TARGET is not set
# CONFIG_FUSION is not set

#
# IEEE 1394 (FireWire) support
#
CONFIG_FIREWIRE=y
# CONFIG_FIREWIRE_OHCI is not set
CONFIG_FIREWIRE_SBP2=m
# CONFIG_FIREWIRE_NOSY is not set
# CONFIG_I2O is not set
CONFIG_MACINTOSH_DRIVERS=y
# CONFIG_NETDEVICES is not set

#
# Input device support
#
CONFIG_INPUT=y
CONFIG_INPUT_FF_MEMLESS=m
CONFIG_INPUT_POLLDEV=y
CONFIG_INPUT_SPARSEKMAP=y
CONFIG_INPUT_MATRIXKMAP=m

#
# Userland interfaces
#
CONFIG_INPUT_MOUSEDEV=y
# CONFIG_INPUT_MOUSEDEV_PSAUX is not set
CONFIG_INPUT_MOUSEDEV_SCREEN_X=1024
CONFIG_INPUT_MOUSEDEV_SCREEN_Y=768
# CONFIG_INPUT_JOYDEV is not set
CONFIG_INPUT_EVDEV=y
CONFIG_INPUT_EVBUG=y

#
# Input Device Drivers
#
CONFIG_INPUT_KEYBOARD=y
# CONFIG_KEYBOARD_ADP5520 is not set
# CONFIG_KEYBOARD_ADP5588 is not set
# CONFIG_KEYBOARD_ADP5589 is not set
CONFIG_KEYBOARD_ATKBD=y
# CONFIG_KEYBOARD_QT1070 is not set
# CONFIG_KEYBOARD_QT2160 is not set
# CONFIG_KEYBOARD_LKKBD is not set
# CONFIG_KEYBOARD_GPIO is not set
# CONFIG_KEYBOARD_GPIO_POLLED is not set
# CONFIG_KEYBOARD_TCA6416 is not set
# CONFIG_KEYBOARD_TCA8418 is not set
# CONFIG_KEYBOARD_MATRIX is not set
# CONFIG_KEYBOARD_LM8323 is not set
# CONFIG_KEYBOARD_LM8333 is not set
# CONFIG_KEYBOARD_MAX7359 is not set
# CONFIG_KEYBOARD_MCS is not set
# CONFIG_KEYBOARD_MPR121 is not set
# CONFIG_KEYBOARD_NEWTON is not set
# CONFIG_KEYBOARD_OPENCORES is not set
# CONFIG_KEYBOARD_STOWAWAY is not set
# CONFIG_KEYBOARD_SUNKBD is not set
# CONFIG_KEYBOARD_TC3589X is not set
# CONFIG_KEYBOARD_TWL4030 is not set
# CONFIG_KEYBOARD_XTKBD is not set
CONFIG_INPUT_MOUSE=y
CONFIG_MOUSE_PS2=m
CONFIG_MOUSE_PS2_ALPS=y
CONFIG_MOUSE_PS2_LOGIPS2PP=y
# CONFIG_MOUSE_PS2_SYNAPTICS is not set
CONFIG_MOUSE_PS2_CYPRESS=y
# CONFIG_MOUSE_PS2_LIFEBOOK is not set
# CONFIG_MOUSE_PS2_TRACKPOINT is not set
CONFIG_MOUSE_PS2_ELANTECH=y
# CONFIG_MOUSE_PS2_SENTELIC is not set
# CONFIG_MOUSE_PS2_TOUCHKIT is not set
# CONFIG_MOUSE_SERIAL is not set
# CONFIG_MOUSE_APPLETOUCH is not set
# CONFIG_MOUSE_BCM5974 is not set
CONFIG_MOUSE_CYAPA=m
CONFIG_MOUSE_VSXXXAA=y
CONFIG_MOUSE_GPIO=y
CONFIG_MOUSE_SYNAPTICS_I2C=y
# CONFIG_MOUSE_SYNAPTICS_USB is not set
CONFIG_INPUT_JOYSTICK=y
# CONFIG_JOYSTICK_ANALOG is not set
CONFIG_JOYSTICK_A3D=y
CONFIG_JOYSTICK_ADI=y
CONFIG_JOYSTICK_COBRA=m
# CONFIG_JOYSTICK_GF2K is not set
CONFIG_JOYSTICK_GRIP=m
CONFIG_JOYSTICK_GRIP_MP=m
CONFIG_JOYSTICK_GUILLEMOT=m
# CONFIG_JOYSTICK_INTERACT is not set
# CONFIG_JOYSTICK_SIDEWINDER is not set
CONFIG_JOYSTICK_TMDC=y
CONFIG_JOYSTICK_IFORCE=m
# CONFIG_JOYSTICK_IFORCE_232 is not set
CONFIG_JOYSTICK_WARRIOR=y
# CONFIG_JOYSTICK_MAGELLAN is not set
# CONFIG_JOYSTICK_SPACEORB is not set
# CONFIG_JOYSTICK_SPACEBALL is not set
# CONFIG_JOYSTICK_STINGER is not set
CONFIG_JOYSTICK_TWIDJOY=m
CONFIG_JOYSTICK_ZHENHUA=y
CONFIG_JOYSTICK_AS5011=m
# CONFIG_JOYSTICK_JOYDUMP is not set
# CONFIG_JOYSTICK_XPAD is not set
# CONFIG_INPUT_TABLET is not set
# CONFIG_INPUT_TOUCHSCREEN is not set
# CONFIG_INPUT_MISC is not set

#
# Hardware I/O ports
#
CONFIG_SERIO=y
CONFIG_ARCH_MIGHT_HAVE_PC_SERIO=y
CONFIG_SERIO_I8042=y
CONFIG_SERIO_SERPORT=y
# CONFIG_SERIO_CT82C710 is not set
# CONFIG_SERIO_PCIPS2 is not set
CONFIG_SERIO_LIBPS2=y
# CONFIG_SERIO_RAW is not set
# CONFIG_SERIO_ALTERA_PS2 is not set
# CONFIG_SERIO_PS2MULT is not set
# CONFIG_SERIO_ARC_PS2 is not set
CONFIG_GAMEPORT=y
CONFIG_GAMEPORT_NS558=m
CONFIG_GAMEPORT_L4=m
# CONFIG_GAMEPORT_EMU10K1 is not set
# CONFIG_GAMEPORT_FM801 is not set

#
# Character devices
#
CONFIG_TTY=y
# CONFIG_VT is not set
CONFIG_UNIX98_PTYS=y
# CONFIG_DEVPTS_MULTIPLE_INSTANCES is not set
CONFIG_LEGACY_PTYS=y
CONFIG_LEGACY_PTY_COUNT=256
# CONFIG_SERIAL_NONSTANDARD is not set
# CONFIG_NOZOMI is not set
# CONFIG_N_GSM is not set
# CONFIG_TRACE_SINK is not set
# CONFIG_DEVKMEM is not set

#
# Serial drivers
#
CONFIG_SERIAL_EARLYCON=y
CONFIG_SERIAL_8250=y
CONFIG_SERIAL_8250_DEPRECATED_OPTIONS=y
CONFIG_SERIAL_8250_PNP=y
CONFIG_SERIAL_8250_CONSOLE=y
CONFIG_SERIAL_8250_DMA=y
CONFIG_SERIAL_8250_PCI=y
CONFIG_SERIAL_8250_NR_UARTS=4
CONFIG_SERIAL_8250_RUNTIME_UARTS=4
# CONFIG_SERIAL_8250_EXTENDED is not set
# CONFIG_SERIAL_8250_DW is not set
# CONFIG_SERIAL_8250_FINTEK is not set

#
# Non-8250 serial port support
#
# CONFIG_SERIAL_MFD_HSU is not set
CONFIG_SERIAL_CORE=y
CONFIG_SERIAL_CORE_CONSOLE=y
# CONFIG_SERIAL_JSM is not set
# CONFIG_SERIAL_SCCNXP is not set
# CONFIG_SERIAL_SC16IS7XX is not set
# CONFIG_SERIAL_TIMBERDALE is not set
# CONFIG_SERIAL_ALTERA_JTAGUART is not set
# CONFIG_SERIAL_ALTERA_UART is not set
# CONFIG_SERIAL_PCH_UART is not set
# CONFIG_SERIAL_ARC is not set
# CONFIG_SERIAL_RP2 is not set
# CONFIG_SERIAL_FSL_LPUART is not set
# CONFIG_SERIAL_MEN_Z135 is not set
# CONFIG_TTY_PRINTK is not set
# CONFIG_VIRTIO_CONSOLE is not set
CONFIG_IPMI_HANDLER=y
# CONFIG_IPMI_PANIC_EVENT is not set
CONFIG_IPMI_DEVICE_INTERFACE=m
# CONFIG_IPMI_SI is not set
# CONFIG_IPMI_WATCHDOG is not set
