Return-Path: <owner-linux-mm@kvack.org>
Received: from mail-pb0-f45.google.com (mail-pb0-f45.google.com [209.85.160.45])
	by kanga.kvack.org (Postfix) with ESMTP id 9F8B06B0031
	for <linux-mm@kvack.org>; Wed,  5 Feb 2014 02:26:07 -0500 (EST)
Received: by mail-pb0-f45.google.com with SMTP id un15so15374pbc.4
        for <linux-mm@kvack.org>; Tue, 04 Feb 2014 23:26:07 -0800 (PST)
Received: from mga03.intel.com (mga03.intel.com. [143.182.124.21])
        by mx.google.com with ESMTP id ez5si27824252pab.106.2014.02.04.23.26.04
        for <linux-mm@kvack.org>;
        Tue, 04 Feb 2014 23:26:06 -0800 (PST)
Date: Wed, 5 Feb 2014 15:25:58 +0800
From: Fengguang Wu <fengguang.wu@intel.com>
Subject: [slub] WARNING: CPU: 1 PID: 1 at mm/slub.c:992 deactivate_slab()
Message-ID: <20140205072558.GC9379@localhost>
MIME-Version: 1.0
Content-Type: multipart/mixed; boundary="HG+GLK89HZ1zG0kk"
Content-Disposition: inline
Sender: owner-linux-mm@kvack.org
List-ID: <linux-mm.kvack.org>
To: Peter Zijlstra <peterz@infradead.org>
Cc: Pekka Enberg <penberg@kernel.org>, linux-mm@kvack.org, linux-kernel@vger.kernel.org


--HG+GLK89HZ1zG0kk
Content-Type: text/plain; charset=us-ascii
Content-Disposition: inline

Greetings,

I got the below dmesg and the first bad commit is in upstream 

commit c65c1877bd6826ce0d9713d76e30a7bed8e49f38
Author:     Peter Zijlstra <peterz@infradead.org>
AuthorDate: Fri Jan 10 13:23:49 2014 +0100
Commit:     Pekka Enberg <penberg@kernel.org>
CommitDate: Mon Jan 13 21:34:39 2014 +0200

    slub: use lockdep_assert_held
    
    Instead of using comments in an attempt at getting the locking right,
    use proper assertions that actively warn you if you got it wrong.
    
    Also add extra braces in a few sites to comply with coding-style.
    
    Signed-off-by: Peter Zijlstra <peterz@infradead.org>
    Signed-off-by: Pekka Enberg <penberg@kernel.org>

===================================================
PARENT COMMIT NOT CLEAN. LOOK OUT FOR WRONG BISECT!
===================================================

+---------------------------------------------------------+--------------+--------------+
|                                                         | 8afb1474db47 | 1738cc0ecc54 |
+---------------------------------------------------------+--------------+--------------+
| boot_successes                                          | 166          | 6            |
| boot_failures                                           | 10           | 13           |
| BUG:kernel_test_crashed                                 | 9            | 1            |
| WARNING:CPU:PID:at_arch/x86/kernel/cpu/amd.c:init_amd() | 1            |              |
| WARNING:CPU:PID:at_mm/slub.c:deactivate_slab()          | 0            | 12           |
+---------------------------------------------------------+--------------+--------------+

[1868680.126265] netconsole: network logging started
[1868680.135018] Unregister pv shared memory for cpu 0
[1868680.523086] ------------[ cut here ]------------
[1868680.526909] WARNING: CPU: 1 PID: 1 at mm/slub.c:992 deactivate_slab+0x4ce/0xa70()
[1868680.537875] Modules linked in:
[1868680.541340] CPU: 1 PID: 1 Comm: swapper/0 Not tainted 3.13.0-02621-g1738cc0 #8
[1868680.555880] Hardware name: Bochs Bochs, BIOS Bochs 01/01/2011
[1868680.565937]  ffffffff ce04dd64 c1a6323f 00000000 00000000 000003e0 ce04dd94 c106fbe1
[1868680.572881]  c1efb154 00000001 00000001 c1f09c28 000003e0 c11c2d0e c11c2d0e 00000001
[1868680.582142]  ce5db280 ce000640 ce04dda4 c106fc7d 00000009 00000000 ce04de0c c11c2d0e
[1868680.589099] Call Trace:
[1868680.591109]  [<c1a6323f>] dump_stack+0x7a/0xdb
[1868680.593887]  [<c106fbe1>] warn_slowpath_common+0x91/0xb0
[1868680.597430]  [<c11c2d0e>] ? deactivate_slab+0x4ce/0xa70
[1868680.600510]  [<c11c2d0e>] ? deactivate_slab+0x4ce/0xa70
[1868680.603588]  [<c106fc7d>] warn_slowpath_null+0x1d/0x20
[1868680.606728]  [<c11c2d0e>] deactivate_slab+0x4ce/0xa70
[1868680.609897]  [<c11c3406>] slab_cpuup_callback+0xc6/0x130
[1868680.612916]  [<c1a87125>] notifier_call_chain+0x35/0x90
[1868680.616031]  [<c10a48b9>] __raw_notifier_call_chain+0x19/0x20
[1868680.622321]  [<c106fe63>] cpu_notify+0x23/0x50
[1868680.625212]  [<c106fe9b>] cpu_notify_nofail+0xb/0x40
[1868680.628399]  [<c1a4a7e1>] _cpu_down+0x231/0x500
[1868680.631201]  [<c1a4aaed>] cpu_down+0x3d/0x60
[1868680.633906]  [<c1a49a47>] _debug_hotplug_cpu+0x57/0x1b0
[1868680.639361]  [<c236ee70>] ? topology_init+0xef/0xef
[1868680.642330]  [<c236ee7c>] debug_hotplug_cpu+0xc/0x10
[1868680.645364]  [<c100050a>] do_one_initcall+0x13a/0x240
[1868680.648547]  [<c23675b6>] ? repair_env_string+0x2a/0x99
[1868680.651627]  [<c109c2e6>] ? parse_args+0x476/0x6b0
[1868680.654519]  [<c1a8158b>] ? _raw_spin_unlock_irqrestore+0x5b/0x90
[1868680.658379]  [<c2367f3a>] kernel_init_freeable+0xe3/0x1cd
[1868680.661538]  [<c236758c>] ? do_early_param+0xb5/0xb5
[1868680.664527]  [<c1a4971c>] kernel_init+0xc/0x170
[1868680.667513]  [<c1a8ab37>] ret_from_kernel_thread+0x1b/0x28
[1868680.670702]  [<c1a49710>] ? rest_init+0xc0/0xc0
[1868680.673483] ---[ end trace 7127297b7d66962f ]---
[1868680.685733] CPU 0 is now offline

git bisect start 1738cc0ecc5433003591548e25622768f5978d0b d8ec26d7f8287f5788a494f56e8814210f0e64be --
git bisect good 3951d8b98c5c552325621b7f98a442d6e849570c  # 21:42     25+      0  Merge 'regmap/topic/core' into devel-hourly-2014013119
git bisect good 6c3b6491f658d8d31188b9f5e49f45f83820505e  # 22:02     25+      2  Merge 'dhowells-fs/rxrpc' into devel-hourly-2014013119
git bisect good fb2390407d07c6a5ba5c37947d481316b623a1b1  # 22:07     25+      0  Merge 'asoc/topic/rcar' into devel-hourly-2014013119
git bisect good 434522ceec7c33e57599488891139b2cedd43e68  # 22:13     25+      1  Merge 'rcu/rcu/timers' into devel-hourly-2014013119
git bisect  bad ef1ea6fd64f9dfb33c6324241b54a9de4162db40  # 22:21     12-      7  Merge 'slab/slab/next' into devel-hourly-2014013119
git bisect  bad c65c1877bd6826ce0d9713d76e30a7bed8e49f38  # 22:37      0-      1  slub: use lockdep_assert_held
git bisect good 8afb1474db4701d1ab80cd8251137a3260e6913e  # 22:52     44+      4  slub: Fix calculation of cpu slabs
# first bad commit: [c65c1877bd6826ce0d9713d76e30a7bed8e49f38] slub: use lockdep_assert_held
git bisect good 8afb1474db4701d1ab80cd8251137a3260e6913e  # 22:55    132+     10  slub: Fix calculation of cpu slabs
git bisect  bad 1738cc0ecc5433003591548e25622768f5978d0b  # 22:55      0-     13  0day head guard for 'devel-hourly-2014013119'
git bisect good fda1ecf23aad418180c6f24e81a1818b94a0a7ef  # 23:09    132+      8  Revert "slub: use lockdep_assert_held"
git bisect  bad 38dbfb59d1175ef458d006556061adeaa8751b72  # 23:16      0-      2  Linus 3.14-rc1
git bisect  bad cdd263faccc2184e685573968dae5dd34758e322  # 23:34      1-      3  Add linux-next specific files for 20140204

Thanks,
Fengguang

--HG+GLK89HZ1zG0kk
Content-Type: text/plain; charset=us-ascii
Content-Disposition: attachment; filename="dmesg-quantal-jaketown-23:20140201032445:i386-randconfig-c2-02010204:3.13.0-02621-g1738cc0:8"
Content-Transfer-Encoding: quoted-printable

early console in setup code
early console in decompress_kernel

Decompressing Linux... Parsing ELF... done.
Booting the kernel.
[    0.000000] Linux version 3.13.0-02621-g1738cc0 (kbuild@cairo) (gcc vers=
ion 4.8.1 (Debian 4.8.1-8) ) #8 SMP PREEMPT Sat Feb 1 03:21:55 CST 2014
[    0.000000] e820: BIOS-provided physical RAM map:
[    0.000000] BIOS-e820: [mem 0x0000000000000000-0x000000000009fbff] usable
[    0.000000] BIOS-e820: [mem 0x000000000009fc00-0x000000000009ffff] reser=
ved
[    0.000000] BIOS-e820: [mem 0x00000000000f0000-0x00000000000fffff] reser=
ved
[    0.000000] BIOS-e820: [mem 0x0000000000100000-0x000000000fffdfff] usable
[    0.000000] BIOS-e820: [mem 0x000000000fffe000-0x000000000fffffff] reser=
ved
[    0.000000] BIOS-e820: [mem 0x00000000feffc000-0x00000000feffffff] reser=
ved
[    0.000000] BIOS-e820: [mem 0x00000000fffc0000-0x00000000ffffffff] reser=
ved
[    0.000000] bootconsole [earlyser0] enabled
[    0.000000] Notice: NX (Execute Disable) protection cannot be enabled: n=
on-PAE kernel!
[    0.000000] SMBIOS 2.4 present.
[    0.000000] DMI: Bochs Bochs, BIOS Bochs 01/01/2011
[    0.000000] Hypervisor detected: KVM
[    0.000000] e820: update [mem 0x00000000-0x00000fff] usable =3D=3D> rese=
rved
[    0.000000] e820: remove [mem 0x000a0000-0x000fffff] usable
[    0.000000] e820: last_pfn =3D 0xfffe max_arch_pfn =3D 0x100000
[    0.000000] MTRR default type: write-back
[    0.000000] MTRR fixed ranges enabled:
[    0.000000]   00000-9FFFF write-back
[    0.000000]   A0000-BFFFF uncachable
[    0.000000]   C0000-FFFFF write-protect
[    0.000000] MTRR variable ranges enabled:
[    0.000000]   0 base 0080000000 mask FF80000000 uncachable
[    0.000000]   1 disabled
[    0.000000]   2 disabled
[    0.000000]   3 disabled
[    0.000000]   4 disabled
[    0.000000]   5 disabled
[    0.000000]   6 disabled
[    0.000000]   7 disabled
[    0.000000] x86 PAT enabled: cpu 0, old 0x70406, new 0x7010600070106
[    0.000000] Scanning 1 areas for low memory corruption
[    0.000000] initial memory mapped: [mem 0x00000000-0x02bfffff]
[    0.000000] Base memory trampoline at [c009b000] 9b000 size 16384
[    0.000000] init_memory_mapping: [mem 0x00000000-0x000fffff]
[    0.000000]  [mem 0x00000000-0x000fffff] page 4k
[    0.000000] init_memory_mapping: [mem 0x0e000000-0x0e3fffff]
[    0.000000]  [mem 0x0e000000-0x0e3fffff] page 2M
[    0.000000] init_memory_mapping: [mem 0x08000000-0x0dffffff]
[    0.000000]  [mem 0x08000000-0x0dffffff] page 2M
[    0.000000] init_memory_mapping: [mem 0x00100000-0x07ffffff]
[    0.000000]  [mem 0x00100000-0x003fffff] page 4k
[    0.000000]  [mem 0x00400000-0x07ffffff] page 2M
[    0.000000] init_memory_mapping: [mem 0x0e400000-0x0fffdfff]
[    0.000000]  [mem 0x0e400000-0x0fbfffff] page 2M
[    0.000000]  [mem 0x0fc00000-0x0fffdfff] page 4k
[    0.000000] BRK [0x0288d000, 0x0288dfff] PGTABLE
[    0.000000] RAMDISK: [mem 0x0e7ab000-0x0ffeffff]
[    0.000000] ACPI: RSDP 000fd950 000014 (v00 BOCHS )
[    0.000000] ACPI: RSDT 0fffe450 000034 (v01 BOCHS  BXPCRSDT 00000001 BXP=
C 00000001)
[    0.000000] ACPI: FACP 0fffff80 000074 (v01 BOCHS  BXPCFACP 00000001 BXP=
C 00000001)
[    0.000000] ACPI: DSDT 0fffe490 0011A9 (v01   BXPC   BXDSDT 00000001 INT=
L 20100528)
[    0.000000] ACPI: FACS 0fffff40 000040
[    0.000000] ACPI: SSDT 0ffff7a0 000796 (v01 BOCHS  BXPCSSDT 00000001 BXP=
C 00000001)
[    0.000000] ACPI: APIC 0ffff680 000080 (v01 BOCHS  BXPCAPIC 00000001 BXP=
C 00000001)
[    0.000000] ACPI: HPET 0ffff640 000038 (v01 BOCHS  BXPCHPET 00000001 BXP=
C 00000001)
[    0.000000] ACPI: Local APIC address 0xfee00000
[    0.000000] mapped APIC to         ffffb000 (        fee00000)
[    0.000000] 255MB LOWMEM available.
[    0.000000]   mapped low ram: 0 - 0fffe000
[    0.000000]   low ram: 0 - 0fffe000
[    0.000000] kvm-clock: Using msrs 4b564d01 and 4b564d00
[    0.000000] kvm-clock: cpu 0, msr 0:fffd001, boot clock
[1868670.393086] Zone ranges:
[1868670.393983]   DMA      [mem 0x00001000-0x00ffffff]
[1868670.395673]   Normal   [mem 0x01000000-0x0fffdfff]
[1868670.397338] Movable zone start for each node
[1868670.398770] Early memory node ranges
[1868670.400060]   node   0: [mem 0x00001000-0x0009efff]
[1868670.401613]   node   0: [mem 0x00100000-0x0fffdfff]
[1868670.403629] On node 0 totalpages: 65436
[1868670.404874]   DMA zone: 32 pages used for memmap
[1868670.406359]   DMA zone: 0 pages reserved
[1868670.407667]   DMA zone: 3998 pages, LIFO batch:0
[1868670.410148]   Normal zone: 480 pages used for memmap
[1868670.412429]   Normal zone: 61438 pages, LIFO batch:15
[1868670.426368] Using APIC driver default
[1868670.428609] ACPI: PM-Timer IO Port: 0xb008
[1868670.430126] ACPI: Local APIC address 0xfee00000
[1868670.431627] mapped APIC to         ffffb000 (        fee00000)
[1868670.434001] ACPI: LAPIC (acpi_id[0x00] lapic_id[0x00] enabled)
[1868670.435900] ACPI: LAPIC (acpi_id[0x01] lapic_id[0x01] enabled)
[1868670.437845] ACPI: LAPIC_NMI (acpi_id[0xff] dfl dfl lint[0x1])
[1868670.439888] ACPI: IOAPIC (id[0x00] address[0xfec00000] gsi_base[0])
[1868670.442219] IOAPIC[0]: apic_id 0, version 17, address 0xfec00000, GSI =
0-23
[1868670.444649] ACPI: INT_SRC_OVR (bus 0 bus_irq 0 global_irq 2 dfl dfl)
[1868670.446898] Int: type 0, pol 0, trig 0, bus 00, IRQ 00, APIC ID 0, API=
C INT 02
[1868670.449382] ACPI: INT_SRC_OVR (bus 0 bus_irq 5 global_irq 5 high level)
[1868670.451524] Int: type 0, pol 1, trig 3, bus 00, IRQ 05, APIC ID 0, API=
C INT 05
[1868670.454344] ACPI: INT_SRC_OVR (bus 0 bus_irq 9 global_irq 9 high level)
[1868670.456705] Int: type 0, pol 1, trig 3, bus 00, IRQ 09, APIC ID 0, API=
C INT 09
[1868670.459321] ACPI: INT_SRC_OVR (bus 0 bus_irq 10 global_irq 10 high lev=
el)
[1868670.461492] Int: type 0, pol 1, trig 3, bus 00, IRQ 0a, APIC ID 0, API=
C INT 0a
[1868670.464239] ACPI: INT_SRC_OVR (bus 0 bus_irq 11 global_irq 11 high lev=
el)
[1868670.466599] Int: type 0, pol 1, trig 3, bus 00, IRQ 0b, APIC ID 0, API=
C INT 0b
[1868670.468969] ACPI: IRQ0 used by override.
[1868670.470233] Int: type 0, pol 0, trig 0, bus 00, IRQ 01, APIC ID 0, API=
C INT 01
[1868670.472892] ACPI: IRQ2 used by override.
[1868670.474294] Int: type 0, pol 0, trig 0, bus 00, IRQ 03, APIC ID 0, API=
C INT 03
[1868670.476611] Int: type 0, pol 0, trig 0, bus 00, IRQ 04, APIC ID 0, API=
C INT 04
[1868670.479015] ACPI: IRQ5 used by override.
[1868670.480368] Int: type 0, pol 0, trig 0, bus 00, IRQ 06, APIC ID 0, API=
C INT 06
[1868670.483117] Int: type 0, pol 0, trig 0, bus 00, IRQ 07, APIC ID 0, API=
C INT 07
[1868670.485459] Int: type 0, pol 0, trig 0, bus 00, IRQ 08, APIC ID 0, API=
C INT 08
[1868670.487885] ACPI: IRQ9 used by override.
[1868670.489308] ACPI: IRQ10 used by override.
[1868670.490641] ACPI: IRQ11 used by override.
[1868670.492140] Int: type 0, pol 0, trig 0, bus 00, IRQ 0c, APIC ID 0, API=
C INT 0c
[1868670.494634] Int: type 0, pol 0, trig 0, bus 00, IRQ 0d, APIC ID 0, API=
C INT 0d
[1868670.497129] Int: type 0, pol 0, trig 0, bus 00, IRQ 0e, APIC ID 0, API=
C INT 0e
[1868670.499619] Int: type 0, pol 0, trig 0, bus 00, IRQ 0f, APIC ID 0, API=
C INT 0f
[1868670.502098] Using ACPI (MADT) for SMP configuration information
[1868670.504259] ACPI: HPET id: 0x8086a201 base: 0xfed00000
[1868670.506083] smpboot: Allowing 2 CPUs, 0 hotplug CPUs
[1868670.507731] mapped IOAPIC to ffffa000 (fec00000)
[1868670.509369] nr_irqs_gsi: 40
[1868670.510450] e820: [mem 0x10000000-0xfeffbfff] available for PCI devices
[1868670.513435] Booting paravirtualized kernel on KVM
[1868670.515037] setup_percpu: NR_CPUS:32 nr_cpumask_bits:2 nr_cpu_ids:2 nr=
_node_ids:1
[1868670.517756] PERCPU: Embedded 13 pages/cpu @ce591000 s32384 r0 d20864 u=
53248
[1868670.520210] pcpu-alloc: s32384 r0 d20864 u53248 alloc=3D13*4096
[1868670.522373] pcpu-alloc: [0] 0 [0] 1=20
[1868670.523761] kvm-clock: cpu 0, msr 0:fffd001, primary cpu clock
[1868670.525775] KVM setup async PF for cpu 0
[1868670.527138] kvm-stealtime: cpu 0, msr e5939c0
[1868670.528596] Built 1 zonelists in Zone order, mobility grouping on.  To=
tal pages: 64924
[1868670.531122] Kernel command line: hung_task_panic=3D1 earlyprintk=3Dtty=
S0,115200 debug apic=3Ddebug sysrq_always_enabled panic=3D10 softlockup_pan=
ic=3D1 nmi_watchdog=3Dpanic  prompt_ramdisk=3D0 console=3DttyS0,115200 cons=
ole=3Dtty0 vga=3Dnormal  root=3D/dev/ram0 rw link=3D/kernel-tests/run-queue=
/kvm/i386-randconfig-c2-02010204/linux-devel:devel-hourly-2014013119/.vmlin=
uz-1738cc0ecc5433003591548e25622768f5978d0b-20140201032321-4-jaketown branc=
h=3Dlinux-devel/devel-hourly-2014013119 BOOT_IMAGE=3D/kernel/i386-randconfi=
g-c2-02010204/1738cc0ecc5433003591548e25622768f5978d0b/vmlinuz-3.13.0-02621=
-g1738cc0
[1868670.549210] PID hash table entries: 1024 (order: 0, 4096 bytes)
[1868670.551657] Dentry cache hash table entries: 32768 (order: 5, 131072 b=
ytes)
[1868670.554490] Inode-cache hash table entries: 16384 (order: 4, 65536 byt=
es)
[1868670.556962] Initializing CPU#0
[1868670.560024] Memory: 209280K/261744K available (10798K kernel code, 337=
8K rwdata, 5684K rodata, 716K init, 4484K bss, 52464K reserved)
[1868670.564103] virtual kernel memory layout:
[1868670.564103]     fixmap  : 0xffd36000 - 0xfffff000   (2852 kB)
[1868670.564103]     vmalloc : 0xd07fe000 - 0xffd34000   ( 757 MB)
[1868670.564103]     lowmem  : 0xc0000000 - 0xcfffe000   ( 255 MB)
[1868670.564103]       .init : 0xc2367000 - 0xc241a000   ( 716 kB)
[1868670.564103]       .data : 0xc1a8bbf5 - 0xc23669c0   (9067 kB)
[1868670.564103]       .text : 0xc1000000 - 0xc1a8bbf5   (10798 kB)
[1868670.579011] Checking if this processor honours the WP bit even in supe=
rvisor mode...Ok.
[1868670.583265] SLUB: HWalign=3D128, Order=3D0-3, MinObjects=3D0, CPUs=3D2=
, Nodes=3D1
[1868670.586280] Preemptible hierarchical RCU implementation.
[1868670.588498]=20
[1868670.590451]=20
[1868670.593007]=20
[1868670.595145]=20
[1868670.597611] RCU: Adjusting geometry for rcu_fanout_leaf=3D16, nr_cpu_i=
ds=3D2
[1868670.600484] NR_IRQS:2304 nr_irqs:512 16
[1868670.602892] CPU 0 irqstacks, hard=3Dce00a000 soft=3Dce00c000
[1868670.647493] Console: colour VGA+ 80x25
[1868670.648913] console [tty0] enabled
[1868670.650966] bootconsole [earlyser0] disabled
[    0.000000] Linux version 3.13.0-02621-g1738cc0 (kbuild@cairo) (gcc vers=
ion 4.8.1 (Debian 4.8.1-8) ) #8 SMP PREEMPT Sat Feb 1 03:21:55 CST 2014
[    0.000000] e820: BIOS-provided physical RAM map:
[    0.000000] BIOS-e820: [mem 0x0000000000000000-0x000000000009fbff] usable
[    0.000000] BIOS-e820: [mem 0x000000000009fc00-0x000000000009ffff] reser=
ved
[    0.000000] BIOS-e820: [mem 0x00000000000f0000-0x00000000000fffff] reser=
ved
[    0.000000] BIOS-e820: [mem 0x0000000000100000-0x000000000fffdfff] usable
[    0.000000] BIOS-e820: [mem 0x000000000fffe000-0x000000000fffffff] reser=
ved
[    0.000000] BIOS-e820: [mem 0x00000000feffc000-0x00000000feffffff] reser=
ved
[    0.000000] BIOS-e820: [mem 0x00000000fffc0000-0x00000000ffffffff] reser=
ved
[    0.000000] bootconsole [earlyser0] enabled
[    0.000000] Notice: NX (Execute Disable) protection cannot be enabled: n=
on-PAE kernel!
[    0.000000] SMBIOS 2.4 present.
[    0.000000] DMI: Bochs Bochs, BIOS Bochs 01/01/2011
[    0.000000] Hypervisor detected: KVM
[    0.000000] e820: update [mem 0x00000000-0x00000fff] usable =3D=3D> rese=
rved
[    0.000000] e820: remove [mem 0x000a0000-0x000fffff] usable
[    0.000000] e820: last_pfn =3D 0xfffe max_arch_pfn =3D 0x100000
[    0.000000] MTRR default type: write-back
[    0.000000] MTRR fixed ranges enabled:
[    0.000000]   00000-9FFFF write-back
[    0.000000]   A0000-BFFFF uncachable
[    0.000000]   C0000-FFFFF write-protect
[    0.000000] MTRR variable ranges enabled:
[    0.000000]   0 base 0080000000 mask FF80000000 uncachable
[    0.000000]   1 disabled
[    0.000000]   2 disabled
[    0.000000]   3 disabled
[    0.000000]   4 disabled
[    0.000000]   5 disabled
[    0.000000]   6 disabled
[    0.000000]   7 disabled
[    0.000000] x86 PAT enabled: cpu 0, old 0x70406, new 0x7010600070106
[    0.000000] Scanning 1 areas for low memory corruption
[    0.000000] initial memory mapped: [mem 0x00000000-0x02bfffff]
[    0.000000] Base memory trampoline at [c009b000] 9b000 size 16384
[    0.000000] init_memory_mapping: [mem 0x00000000-0x000fffff]
[    0.000000]  [mem 0x00000000-0x000fffff] page 4k
[    0.000000] init_memory_mapping: [mem 0x0e000000-0x0e3fffff]
[    0.000000]  [mem 0x0e000000-0x0e3fffff] page 2M
[    0.000000] init_memory_mapping: [mem 0x08000000-0x0dffffff]
[    0.000000]  [mem 0x08000000-0x0dffffff] page 2M
[    0.000000] init_memory_mapping: [mem 0x00100000-0x07ffffff]
[    0.000000]  [mem 0x00100000-0x003fffff] page 4k
[    0.000000]  [mem 0x00400000-0x07ffffff] page 2M
[    0.000000] init_memory_mapping: [mem 0x0e400000-0x0fffdfff]
[    0.000000]  [mem 0x0e400000-0x0fbfffff] page 2M
[    0.000000]  [mem 0x0fc00000-0x0fffdfff] page 4k
[    0.000000] BRK [0x0288d000, 0x0288dfff] PGTABLE
[    0.000000] RAMDISK: [mem 0x0e7ab000-0x0ffeffff]
[    0.000000] ACPI: RSDP 000fd950 000014 (v00 BOCHS )
[    0.000000] ACPI: RSDT 0fffe450 000034 (v01 BOCHS  BXPCRSDT 00000001 BXP=
C 00000001)
[    0.000000] ACPI: FACP 0fffff80 000074 (v01 BOCHS  BXPCFACP 00000001 BXP=
C 00000001)
[    0.000000] ACPI: DSDT 0fffe490 0011A9 (v01   BXPC   BXDSDT 00000001 INT=
L 20100528)
[    0.000000] ACPI: FACS 0fffff40 000040
[    0.000000] ACPI: SSDT 0ffff7a0 000796 (v01 BOCHS  BXPCSSDT 00000001 BXP=
C 00000001)
[    0.000000] ACPI: APIC 0ffff680 000080 (v01 BOCHS  BXPCAPIC 00000001 BXP=
C 00000001)
[    0.000000] ACPI: HPET 0ffff640 000038 (v01 BOCHS  BXPCHPET 00000001 BXP=
C 00000001)
[    0.000000] ACPI: Local APIC address 0xfee00000
[    0.000000] mapped APIC to         ffffb000 (        fee00000)
[    0.000000] 255MB LOWMEM available.
[    0.000000]   mapped low ram: 0 - 0fffe000
[    0.000000]   low ram: 0 - 0fffe000
[    0.000000] kvm-clock: Using msrs 4b564d01 and 4b564d00
[    0.000000] kvm-clock: cpu 0, msr 0:fffd001, boot clock
[1868670.393086] Zone ranges:
[1868670.393983]   DMA      [mem 0x00001000-0x00ffffff]
[1868670.395673]   Normal   [mem 0x01000000-0x0fffdfff]
[1868670.397338] Movable zone start for each node
[1868670.398770] Early memory node ranges
[1868670.400060]   node   0: [mem 0x00001000-0x0009efff]
[1868670.401613]   node   0: [mem 0x00100000-0x0fffdfff]
[1868670.403629] On node 0 totalpages: 65436
[1868670.404874]   DMA zone: 32 pages used for memmap
[1868670.406359]   DMA zone: 0 pages reserved
[1868670.407667]   DMA zone: 3998 pages, LIFO batch:0
[1868670.410148]   Normal zone: 480 pages used for memmap
[1868670.412429]   Normal zone: 61438 pages, LIFO batch:15
[1868670.426368] Using APIC driver default
[1868670.428609] ACPI: PM-Timer IO Port: 0xb008
[1868670.430126] ACPI: Local APIC address 0xfee00000
[1868670.431627] mapped APIC to         ffffb000 (        fee00000)
[1868670.434001] ACPI: LAPIC (acpi_id[0x00] lapic_id[0x00] enabled)
[1868670.435900] ACPI: LAPIC (acpi_id[0x01] lapic_id[0x01] enabled)
[1868670.437845] ACPI: LAPIC_NMI (acpi_id[0xff] dfl dfl lint[0x1])
[1868670.439888] ACPI: IOAPIC (id[0x00] address[0xfec00000] gsi_base[0])
[1868670.442219] IOAPIC[0]: apic_id 0, version 17, address 0xfec00000, GSI =
0-23
[1868670.444649] ACPI: INT_SRC_OVR (bus 0 bus_irq 0 global_irq 2 dfl dfl)
[1868670.446898] Int: type 0, pol 0, trig 0, bus 00, IRQ 00, APIC ID 0, API=
C INT 02
[1868670.449382] ACPI: INT_SRC_OVR (bus 0 bus_irq 5 global_irq 5 high level)
[1868670.451524] Int: type 0, pol 1, trig 3, bus 00, IRQ 05, APIC ID 0, API=
C INT 05
[1868670.454344] ACPI: INT_SRC_OVR (bus 0 bus_irq 9 global_irq 9 high level)
[1868670.456705] Int: type 0, pol 1, trig 3, bus 00, IRQ 09, APIC ID 0, API=
C INT 09
[1868670.459321] ACPI: INT_SRC_OVR (bus 0 bus_irq 10 global_irq 10 high lev=
el)
[1868670.461492] Int: type 0, pol 1, trig 3, bus 00, IRQ 0a, APIC ID 0, API=
C INT 0a
[1868670.464239] ACPI: INT_SRC_OVR (bus 0 bus_irq 11 global_irq 11 high lev=
el)
[1868670.466599] Int: type 0, pol 1, trig 3, bus 00, IRQ 0b, APIC ID 0, API=
C INT 0b
[1868670.468969] ACPI: IRQ0 used by override.
[1868670.470233] Int: type 0, pol 0, trig 0, bus 00, IRQ 01, APIC ID 0, API=
C INT 01
[1868670.472892] ACPI: IRQ2 used by override.
[1868670.474294] Int: type 0, pol 0, trig 0, bus 00, IRQ 03, APIC ID 0, API=
C INT 03
[1868670.476611] Int: type 0, pol 0, trig 0, bus 00, IRQ 04, APIC ID 0, API=
C INT 04
[1868670.479015] ACPI: IRQ5 used by override.
[1868670.480368] Int: type 0, pol 0, trig 0, bus 00, IRQ 06, APIC ID 0, API=
C INT 06
[1868670.483117] Int: type 0, pol 0, trig 0, bus 00, IRQ 07, APIC ID 0, API=
C INT 07
[1868670.485459] Int: type 0, pol 0, trig 0, bus 00, IRQ 08, APIC ID 0, API=
C INT 08
[1868670.487885] ACPI: IRQ9 used by override.
[1868670.489308] ACPI: IRQ10 used by override.
[1868670.490641] ACPI: IRQ11 used by override.
[1868670.492140] Int: type 0, pol 0, trig 0, bus 00, IRQ 0c, APIC ID 0, API=
C INT 0c
[1868670.494634] Int: type 0, pol 0, trig 0, bus 00, IRQ 0d, APIC ID 0, API=
C INT 0d
[1868670.497129] Int: type 0, pol 0, trig 0, bus 00, IRQ 0e, APIC ID 0, API=
C INT 0e
[1868670.499619] Int: type 0, pol 0, trig 0, bus 00, IRQ 0f, APIC ID 0, API=
C INT 0f
[1868670.502098] Using ACPI (MADT) for SMP configuration information
[1868670.504259] ACPI: HPET id: 0x8086a201 base: 0xfed00000
[1868670.506083] smpboot: Allowing 2 CPUs, 0 hotplug CPUs
[1868670.507731] mapped IOAPIC to ffffa000 (fec00000)
[1868670.509369] nr_irqs_gsi: 40
[1868670.510450] e820: [mem 0x10000000-0xfeffbfff] available for PCI devices
[1868670.513435] Booting paravirtualized kernel on KVM
[1868670.515037] setup_percpu: NR_CPUS:32 nr_cpumask_bits:2 nr_cpu_ids:2 nr=
_node_ids:1
[1868670.517756] PERCPU: Embedded 13 pages/cpu @ce591000 s32384 r0 d20864 u=
53248
[1868670.520210] pcpu-alloc: s32384 r0 d20864 u53248 alloc=3D13*4096
[1868670.522373] pcpu-alloc: [0] 0 [0] 1=20
[1868670.523761] kvm-clock: cpu 0, msr 0:fffd001, primary cpu clock
[1868670.525775] KVM setup async PF for cpu 0
[1868670.527138] kvm-stealtime: cpu 0, msr e5939c0
[1868670.528596] Built 1 zonelists in Zone order, mobility grouping on.  To=
tal pages: 64924
[1868670.531122] Kernel command line: hung_task_panic=3D1 earlyprintk=3Dtty=
S0,115200 debug apic=3Ddebug sysrq_always_enabled panic=3D10 softlockup_pan=
ic=3D1 nmi_watchdog=3Dpanic  prompt_ramdisk=3D0 console=3DttyS0,115200 cons=
ole=3Dtty0 vga=3Dnormal  root=3D/dev/ram0 rw link=3D/kernel-tests/run-queue=
/kvm/i386-randconfig-c2-02010204/linux-devel:devel-hourly-2014013119/.vmlin=
uz-1738cc0ecc5433003591548e25622768f5978d0b-20140201032321-4-jaketown branc=
h=3Dlinux-devel/devel-hourly-2014013119 BOOT_IMAGE=3D/kernel/i386-randconfi=
g-c2-02010204/1738cc0ecc5433003591548e25622768f5978d0b/vmlinuz-3.13.0-02621=
-g1738cc0
[1868670.549210] PID hash table entries: 1024 (order: 0, 4096 bytes)
[1868670.551657] Dentry cache hash table entries: 32768 (order: 5, 131072 b=
ytes)
[1868670.554490] Inode-cache hash table entries: 16384 (order: 4, 65536 byt=
es)
[1868670.556962] Initializing CPU#0
[1868670.560024] Memory: 209280K/261744K available (10798K kernel code, 337=
8K rwdata, 5684K rodata, 716K init, 4484K bss, 52464K reserved)
[1868670.564103] virtual kernel memory layout:
[1868670.564103]     fixmap  : 0xffd36000 - 0xfffff000   (2852 kB)
[1868670.564103]     vmalloc : 0xd07fe000 - 0xffd34000   ( 757 MB)
[1868670.564103]     lowmem  : 0xc0000000 - 0xcfffe000   ( 255 MB)
[1868670.564103]       .init : 0xc2367000 - 0xc241a000   ( 716 kB)
[1868670.564103]       .data : 0xc1a8bbf5 - 0xc23669c0   (9067 kB)
[1868670.564103]       .text : 0xc1000000 - 0xc1a8bbf5   (10798 kB)
[1868670.579011] Checking if this processor honours the WP bit even in supe=
rvisor mode...Ok.
[1868670.583265] SLUB: HWalign=3D128, Order=3D0-3, MinObjects=3D0, CPUs=3D2=
, Nodes=3D1
[1868670.586280] Preemptible hierarchical RCU implementation.
[1868670.588498]=20
[1868670.590451]=20
[1868670.593007]=20
[1868670.595145]=20
[1868670.597611] RCU: Adjusting geometry for rcu_fanout_leaf=3D16, nr_cpu_i=
ds=3D2
[1868670.600484] NR_IRQS:2304 nr_irqs:512 16
[1868670.602892] CPU 0 irqstacks, hard=3Dce00a000 soft=3Dce00c000
[1868670.647493] Console: colour VGA+ 80x25
[1868670.648913] console [tty0] enabled
[1868670.650966] bootconsole [earlyser0] disabled
[1868671.000712] console [ttyS0] enabled
[1868671.002980] Lock dependency validator: Copyright (c) 2006 Red Hat, Inc=
=2E, Ingo Molnar
[1868671.006818] ... MAX_LOCKDEP_SUBCLASSES:  8
[1868671.008967] ... MAX_LOCK_DEPTH:          48
[1868671.011547] ... MAX_LOCKDEP_KEYS:        8191
[1868671.014182] ... CLASSHASH_SIZE:          4096
[1868671.016454] ... MAX_LOCKDEP_ENTRIES:     16384
[1868671.018772] ... MAX_LOCKDEP_CHAINS:      32768
[1868671.021228] ... CHAINHASH_SIZE:          16384
[1868671.023845]  memory used by lock dependency info: 3551 kB
[1868671.027272]  per task-struct memory footprint: 1152 bytes
[1868671.032906] hpet clockevent registered
[1868671.080520] tsc: Detected 1600.064 MHz processor
[1868671.084203] Calibrating delay loop (skipped) preset value.. 3201.46 Bo=
goMIPS (lpj=3D5333546)
[1868671.090237] pid_max: default: 32768 minimum: 301
[1868671.094098] Mount-cache hash table entries: 512
[1868671.099563] mce: CPU supports 10 MCE banks
[1868671.102927] Last level iTLB entries: 4KB 0, 2MB 0, 4MB 0
[1868671.102927] Last level dTLB entries: 4KB 0, 2MB 0, 4MB 0, 1GB 0
[1868671.102927] tlb_flushall_shift: 6
[1868671.114946] Freeing SMP alternatives memory: 24K (c241a000 - c2420000)
[1868671.130525] ACPI: Core revision 20131115
[1868671.141508] ACPI: All ACPI Tables successfully acquired
[1868671.147044] Getting VERSION: 50014
[1868671.149540] Getting VERSION: 50014
[1868671.152295] Getting ID: 0
[1868671.154628] Getting ID: f000000
[1868671.157158] Getting LVT0: 8700
[1868671.159499] Getting LVT1: 8400
[1868671.162047] Enabling APIC mode:  Flat.  Using 1 I/O APICs
[1868671.165928] enabled ExtINT on CPU#0
[1868671.171767] ENABLING IO-APIC IRQs
[1868671.174647] init IO_APIC IRQs
[1868671.177079]  apic 0 pin 0 not connected
[1868671.180003] IOAPIC[0]: Set routing entry (0-1 -> 0x31 -> IRQ 1 Mode:0 =
Active:0 Dest:1)
[1868671.185519] IOAPIC[0]: Set routing entry (0-2 -> 0x30 -> IRQ 0 Mode:0 =
Active:0 Dest:1)
[1868671.190908] IOAPIC[0]: Set routing entry (0-3 -> 0x33 -> IRQ 3 Mode:0 =
Active:0 Dest:1)
[1868671.196744] IOAPIC[0]: Set routing entry (0-4 -> 0x34 -> IRQ 4 Mode:0 =
Active:0 Dest:1)
[1868671.202215] IOAPIC[0]: Set routing entry (0-5 -> 0x35 -> IRQ 5 Mode:1 =
Active:0 Dest:1)
[1868671.207754] IOAPIC[0]: Set routing entry (0-6 -> 0x36 -> IRQ 6 Mode:0 =
Active:0 Dest:1)
[1868671.213860] IOAPIC[0]: Set routing entry (0-7 -> 0x37 -> IRQ 7 Mode:0 =
Active:0 Dest:1)
[1868671.219215] IOAPIC[0]: Set routing entry (0-8 -> 0x38 -> IRQ 8 Mode:0 =
Active:0 Dest:1)
[1868671.225148] IOAPIC[0]: Set routing entry (0-9 -> 0x39 -> IRQ 9 Mode:1 =
Active:0 Dest:1)
[1868671.230594] IOAPIC[0]: Set routing entry (0-10 -> 0x3a -> IRQ 10 Mode:=
1 Active:0 Dest:1)
[1868671.236371] IOAPIC[0]: Set routing entry (0-11 -> 0x3b -> IRQ 11 Mode:=
1 Active:0 Dest:1)
[1868671.241959] IOAPIC[0]: Set routing entry (0-12 -> 0x3c -> IRQ 12 Mode:=
0 Active:0 Dest:1)
[1868671.247667] IOAPIC[0]: Set routing entry (0-13 -> 0x3d -> IRQ 13 Mode:=
0 Active:0 Dest:1)
[1868671.253476] IOAPIC[0]: Set routing entry (0-14 -> 0x3e -> IRQ 14 Mode:=
0 Active:0 Dest:1)
[1868671.258894] IOAPIC[0]: Set routing entry (0-15 -> 0x3f -> IRQ 15 Mode:=
0 Active:0 Dest:1)
[1868671.264717]  apic 0 pin 16 not connected
[1868671.267546]  apic 0 pin 17 not connected
[1868671.270381]  apic 0 pin 18 not connected
[1868671.273733]  apic 0 pin 19 not connected
[1868671.276609]  apic 0 pin 20 not connected
[1868671.279251]  apic 0 pin 21 not connected
[1868671.282260]  apic 0 pin 22 not connected
[1868671.285152]  apic 0 pin 23 not connected
[1868671.291182] ..TIMER: vector=3D0x30 apic1=3D0 pin1=3D2 apic2=3D-1 pin2=
=3D-1
[1868671.296665] smpboot: CPU0: Intel Common KVM processor (fam: 0f, model:=
 06, stepping: 01)
[1868671.305206] Using local APIC timer interrupts.
[1868671.305206] calibrating APIC timer ...
[1868671.419691] ... lapic delta =3D 6249678
[1868671.423661] ... PM-Timer delta =3D 357935
[1868671.427301] ... PM-Timer result ok
[1868671.430688] ..... delta 6249678
[1868671.434213] ..... mult: 268421653
[1868671.437512] ..... calibration result: 3333161
[1868671.441516] ..... CPU clock speed is 1600.0001 MHz.
[1868671.446082] ..... host bus clock speed is 1000.0161 MHz.
[1868671.450956] Performance Events: unsupported Netburst CPU model 6 no PM=
U driver, software events only.
[1868671.467761] ftrace: Allocated trace_printk buffers
[1868671.516140] CPU 1 irqstacks, hard=3Dce378000 soft=3Dce37a000
[1868671.522612] x86: Booting SMP configuration:
[1868671.528193] .... node  #0, CPUs:      #1
[    0.000000] Initializing CPU#1
[1868671.546660] kvm-clock: cpu 1, msr 0:fffd041, secondary cpu clock
[1868671.560766] masked ExtINT on CPU#1

[1868671.587794] x86: Booted up 1 node, 2 CPUs
[1868671.588004] KVM setup async PF for cpu 1
[1868671.588020] kvm-stealtime: cpu 1, msr e5a09c0
[1868671.610307] smpboot: Total of 2 processors activated (6402.93 BogoMIPS)
[1868671.669071] atomic64 test passed for i586+ platform with CX8 and with =
SSE
[1868671.674545] regulator-dummy: no parameters
[1868671.677877] NET: Registered protocol family 16
[1868671.692262] cpuidle: using governor ladder
[1868671.695334] cpuidle: using governor menu
[1868671.700162] ACPI: bus type PCI registered
[1868671.709055] PCI: Using configuration type 1 for base access
[1868671.742085] bio: create slab <bio-0> at 0
[1868671.750503] ACPI: Added _OSI(Module Device)
[1868671.753748] ACPI: Added _OSI(Processor Device)
[1868671.756627] ACPI: Added _OSI(3.0 _SCP Extensions)
[1868671.759761] ACPI: Added _OSI(Processor Aggregator Device)
[1868671.785119] ACPI: Interpreter enabled
[1868671.787833] ACPI Exception: AE_NOT_FOUND, While evaluating Sleep State=
 [\_S1_] (20131115/hwxface-580)
[1868671.794073] ACPI Exception: AE_NOT_FOUND, While evaluating Sleep State=
 [\_S2_] (20131115/hwxface-580)
[1868671.800142] ACPI: (supports S0 S3 S5)
[1868671.802755] ACPI: Using IOAPIC for interrupt routing
[1868671.806230] PCI: Using host bridge windows from ACPI; if necessary, us=
e "pci=3Dnocrs" and report a bug
[1868671.844907] ACPI: PCI Root Bridge [PCI0] (domain 0000 [bus 00-ff])
[1868671.849048] acpi PNP0A03:00: _OSC: OS supports [Segments MSI]
[1868671.852734] acpi PNP0A03:00: _OSC failed (AE_NOT_FOUND); disabling ASPM
[1868671.858066] PCI host bridge to bus 0000:00
[1868671.860913] pci_bus 0000:00: root bus resource [bus 00-ff]
[1868671.864312] pci_bus 0000:00: root bus resource [io  0x0000-0x0cf7]
[1868671.868297] pci_bus 0000:00: root bus resource [io  0x0d00-0xffff]
[1868671.872131] pci_bus 0000:00: root bus resource [mem 0x000a0000-0x000bf=
fff]
[1868671.875908] pci_bus 0000:00: root bus resource [mem 0x80000000-0xfebff=
fff]
[1868671.879874] pci 0000:00:00.0: [8086:1237] type 00 class 0x060000
[1868671.885567] pci 0000:00:01.0: [8086:7000] type 00 class 0x060100
[1868671.891562] pci 0000:00:01.1: [8086:7010] type 00 class 0x010180
[1868671.903700] pci 0000:00:01.1: reg 0x20: [io  0xc040-0xc04f]
[1868671.912073] pci 0000:00:01.3: [8086:7113] type 00 class 0x068000
[1868671.916740] pci 0000:00:01.3: quirk: [io  0xb000-0xb03f] claimed by PI=
IX4 ACPI
[1868671.921539] pci 0000:00:01.3: quirk: [io  0xb100-0xb10f] claimed by PI=
IX4 SMB
[1868671.927587] pci 0000:00:02.0: [1013:00b8] type 00 class 0x030000
[1868671.941697] pci 0000:00:02.0: reg 0x10: [mem 0xfc000000-0xfdffffff pre=
f]
[1868671.950631] pci 0000:00:02.0: reg 0x14: [mem 0xfebf0000-0xfebf0fff]
[1868671.976960] pci 0000:00:02.0: reg 0x30: [mem 0xfebe0000-0xfebeffff pre=
f]
[1868671.983766] pci 0000:00:03.0: [8086:100e] type 00 class 0x020000
[1868671.990686] pci 0000:00:03.0: reg 0x10: [mem 0xfeba0000-0xfebbffff]
[1868671.997647] pci 0000:00:03.0: reg 0x14: [io  0xc000-0xc03f]
[1868672.017599] pci 0000:00:03.0: reg 0x30: [mem 0xfebc0000-0xfebdffff pre=
f]
[1868672.023279] pci 0000:00:04.0: [8086:25ab] type 00 class 0x088000
[1868672.028525] pci 0000:00:04.0: reg 0x10: [mem 0xfebf1000-0xfebf100f]
[1868672.046139] pci_bus 0000:00: on NUMA node 0
[1868672.053581] ACPI: PCI Interrupt Link [LNKA] (IRQs 5 *10 11)
[1868672.058978] ACPI: PCI Interrupt Link [LNKB] (IRQs 5 *10 11)
[1868672.064430] ACPI: PCI Interrupt Link [LNKC] (IRQs 5 10 *11)
[1868672.070200] ACPI: PCI Interrupt Link [LNKD] (IRQs 5 10 *11)
[1868672.075356] ACPI: PCI Interrupt Link [LNKS] (IRQs *9)
[1868672.082028] ACPI: Enabled 16 GPEs in block 00 to 0F
[1868672.085587] ACPI: \_SB_.PCI0: notify handler is installed
[1868672.089130] Found 1 acpi root devices
[1868672.093860] vgaarb: device added: PCI:0000:00:02.0,decodes=3Dio+mem,ow=
ns=3Dio+mem,locks=3Dnone
[1868672.098980] vgaarb: loaded
[1868672.101101] vgaarb: bridge control possible 0000:00:02.0
[1868672.104563] sta2x11_scr_init
[1868672.106756] sta2x11_apb_soc_regs_init
[1868672.109276] sta2x11_sctl_init
[1868672.111672] sta2x11_apbreg_init
[1868672.116031] SCSI subsystem initialized
[1868672.119853] libata version 3.00 loaded.
[1868672.122838] ACPI: bus type USB registered
[1868672.125915] usbcore: registered new interface driver usbfs
[1868672.129275] usbcore: registered new interface driver hub
[1868672.133125] usbcore: registered new device driver usb
[1868672.136580] pps_core: LinuxPPS API ver. 1 registered
[1868672.140506] pps_core: Software ver. 5.3.6 - Copyright 2005-2007 Rodolf=
o Giometti <giometti@linux.it>
[1868672.148640] PTP clock support registered
[1868672.152393] PCI: Using ACPI for IRQ routing
[1868672.156191] PCI: pci_cache_line_size set to 64 bytes
[1868672.160886] e820: reserve RAM buffer [mem 0x0009fc00-0x0009ffff]
[1868672.166300] e820: reserve RAM buffer [mem 0x0fffe000-0x0fffffff]
[1868672.175278] HPET: 3 timers in total, 0 timers will be used for per-cpu=
 timer
[1868672.195656] Switched to clocksource kvm-clock
[1868672.200735] Warning: could not register all branches stats
[1868672.203993] Warning: could not register annotated branches stats
[1868672.350530] FS-Cache: Loaded
[1868672.353215] CacheFiles: Loaded
[1868672.355625] pnp: PnP ACPI init
[1868672.357953] ACPI: bus type PNP registered
[1868672.360970] IOAPIC[0]: Set routing entry (0-8 -> 0x38 -> IRQ 8 Mode:0 =
Active:0 Dest:3)
[1868672.366254] pnp 00:00: Plug and Play ACPI device, IDs PNP0b00 (active)
[1868672.370520] IOAPIC[0]: Set routing entry (0-1 -> 0x31 -> IRQ 1 Mode:0 =
Active:0 Dest:3)
[1868672.383956] pnp 00:01: Plug and Play ACPI device, IDs PNP0303 (active)
[1868672.387929] IOAPIC[0]: Set routing entry (0-12 -> 0x3c -> IRQ 12 Mode:=
0 Active:0 Dest:3)
[1868672.393025] pnp 00:02: Plug and Play ACPI device, IDs PNP0f13 (active)
[1868672.396930] IOAPIC[0]: Set routing entry (0-6 -> 0x36 -> IRQ 6 Mode:0 =
Active:0 Dest:3)
[1868672.402037] pnp 00:03: [dma 2]
[1868672.404495] pnp 00:03: Plug and Play ACPI device, IDs PNP0700 (active)
[1868672.408433] IOAPIC[0]: Set routing entry (0-7 -> 0x37 -> IRQ 7 Mode:0 =
Active:0 Dest:3)
[1868672.413675] pnp 00:04: Plug and Play ACPI device, IDs PNP0400 (active)
[1868672.417578] IOAPIC[0]: Set routing entry (0-4 -> 0x34 -> IRQ 4 Mode:0 =
Active:0 Dest:3)
[1868672.422717] pnp 00:05: Plug and Play ACPI device, IDs PNP0501 (active)
[1868672.427894] pnp 00:06: Plug and Play ACPI device, IDs PNP0103 (active)
[1868672.432546] pnp: PnP ACPI: found 7 devices
[1868672.435184] ACPI: bus type PNP unregistered
[1868672.483116] pci_bus 0000:00: resource 4 [io  0x0000-0x0cf7]
[1868672.486384] pci_bus 0000:00: resource 5 [io  0x0d00-0xffff]
[1868672.489693] pci_bus 0000:00: resource 6 [mem 0x000a0000-0x000bffff]
[1868672.493214] pci_bus 0000:00: resource 7 [mem 0x80000000-0xfebfffff]
[1868672.496921] NET: Registered protocol family 1
[1868672.499885] pci 0000:00:00.0: Limiting direct PCI/PCI transfers
[1868672.503316] pci 0000:00:01.0: PIIX3: Enabling Passive Release
[1868672.506698] pci 0000:00:01.0: Activating ISA DMA hang workarounds
[1868672.510375] pci 0000:00:02.0: Boot video device
[1868672.513374] PCI: CLS 0 bytes, default 64
[1868672.517058] Unpacking initramfs...
[1868676.499683] Freeing initrd memory: 24852K (ce7ab000 - cfff0000)
[1868676.503530] sta2x11_mfd_init
[1868676.508885] Machine check injector initialized
[1868676.512163] Scanning for low memory corruption every 60 seconds
[1868676.547316] The force parameter has not been set to 1. The Iris powero=
ff handler will not be installed.
[1868676.568135] NatSemi SCx200 Driver
[1868676.577879] Initializing RT-Tester: OK
[1868676.588091] futex hash table entries: 512 (order: 3, 32768 bytes)
[1868676.765115] bounce pool size: 64 pages
[1868676.768481] HugeTLB registered 4 MB page size, pre-allocated 0 pages
[1868676.796083] VFS: Disk quotas dquot_6.5.2
[1868676.799899] Dquot-cache hash table entries: 1024 (order 0, 4096 bytes)
[1868676.808042] NILFS version 2 loaded
[1868676.810573] msgmni has been set to 457
[1868676.814065] Key type big_key registered
[1868676.844353] alg: No test for crc32 (crc32-table)
[1868676.876131] alg: No test for lz4hc (lz4hc-generic)
[1868676.883548] alg: No test for stdrng (krng)
[1868676.890557] NET: Registered protocol family 38
[1868676.897359] Block layer SCSI generic (bsg) driver version 0.4 loaded (=
major 251)
[1868676.910117] io scheduler noop registered (default)
[1868676.948723] ipmi message handler version 39.2
[1868676.957669] IPMI System Interface driver.
[1868676.960548] ipmi_si: Adding default-specified kcs state machine
[1868676.964453] ipmi_si: Trying default-specified kcs state machine at i/o=
 address 0xca2, slave address 0x0, irq 0
[1868676.970080] ipmi_si: Interface detection failed
[1868677.566815] tsc: Refined TSC clocksource calibration: 1599.926 MHz
[1868677.573322] ipmi_si: Adding default-specified smic state machine
[1868677.577673] ipmi_si: Trying default-specified smic state machine at i/=
o address 0xca9, slave address 0x0, irq 0
[1868677.584108] ipmi_si: Interface detection failed
[1868678.353187] ipmi_si: Adding default-specified bt state machine
[1868678.357102] ipmi_si: Trying default-specified bt state machine at i/o =
address 0xe4, slave address 0x0, irq 0
[1868678.363019] ipmi_si: Interface detection failed
[1868678.593608] ipmi_si: Unable to find any System Interface(s)
[1868678.597797] input: Power Button as /devices/LNXSYSTM:00/LNXPWRBN:00/in=
put/input0
[1868678.602813] ACPI: Power Button [PWRF]
[1868678.609337] r3964: Philips r3964 Driver $Revision: 1.10 $
[1868678.612857] Serial: 8250/16550 driver, 4 ports, IRQ sharing disabled
[1868678.644553] 00:05: ttyS0 at I/O 0x3f8 (irq =3D 4, base_baud =3D 115200=
) is a 16550A
[1868678.652015] Initializing Nozomi driver 2.1d
[1868678.655236] RocketPort device driver module, version 2.09, 12-June-2003
[1868678.659218] No rocketport ports found; unloading driver
[1868678.662995] Applicom driver: $Id: ac.c,v 1.30 2000/03/22 16:03:57 dwmw=
2 Exp $
[1868678.667973] ac.o: No PCI boards found.
[1868678.670667] ac.o: For an ISA board you must supply memory and irq para=
meters.
[1868678.675725] Non-volatile memory driver v1.3
[1868678.678638] scx200_gpio: no SCx200 gpio present
[1868678.681791] nsc_gpio initializing
[1868678.684311] Hangcheck: starting hangcheck timer 0.9.1 (tick is 180 sec=
onds, margin is 60 seconds).
[1868678.689832] Hangcheck: Using getrawmonotonic().
[1868678.696080] usbcore: registered new interface driver viperboard
[1868678.699781] Uniform Multi-Platform E-IDE driver
[1868678.705158] SCSI Media Changer driver v0.25=20
[1868678.714342] L440GX flash mapping: failed to find PIIX4 ISA bridge, can=
not continue
[1868678.722248] libphy: Fixed MDIO Bus: probed
[1868678.725495] tun: Universal TUN/TAP device driver, 1.6
[1868678.728621] tun: (C) 1999-2004 Max Krasnyansky <maxk@qualcomm.com>
[1868678.732739] vcan: Virtual CAN interface driver
[1868678.736197] sky2: driver version 1.30
[1868678.741293] pch_gbe: EG20T PCH Gigabit Ethernet Driver - version 1.01
[1868678.745629] QLogic 1/10 GbE Converged/Intelligent Ethernet Driver v5.3=
=2E52
[1868678.750353] mkiss: AX.25 Multikiss, Hans Albas PE1AYX
[1868678.753735] YAM driver version 0.8 by F1OAT/F6FBB
[1868678.759566] baycom_ser_fdx: (C) 1996-2000 Thomas Sailer, HB9JNX/AE4WA
[1868678.759566] baycom_ser_fdx: version 0.10
[1868678.768488] hdlcdrv: (C) 1996-2000 Thomas Sailer HB9JNX/AE4WA
[1868678.772516] hdlcdrv: version 0.8
[1868678.775122] SLIP: version 0.8.4-NET3.019-NEWTTY (dynamic channels, max=
=3D256) (6 bit encapsulation enabled).
[1868678.781192] SLIP linefill/keepalive option.
[1868678.784292] Loaded prism54 driver, version 1.2
[1868678.787642] usbcore: registered new interface driver catc
[1868678.791350] usbcore: registered new interface driver kaweth
[1868678.795093] usbcore: registered new interface driver r8152
[1868678.799098] Fusion MPT base driver 3.04.20
[1868678.802090] Copyright (c) 1999-2008 LSI Corporation
[1868678.805477] Fusion MPT SPI Host driver 3.04.20
[1868678.808743] Fusion MPT SAS Host driver 3.04.20
[1868678.812947] ehci_hcd: USB 2.0 'Enhanced' Host Controller (EHCI) Driver
[1868678.816994] ehci-pci: EHCI PCI platform driver
[1868678.820169] ehci-platform: EHCI generic platform driver
[1868678.823823] uhci_hcd: USB Universal Host Controller Interface driver
[1868678.828084] usbcore: registered new interface driver usblp
[1868678.831847] usbcore: registered new interface driver usbtmc
[1868678.835521] usbcore: registered new interface driver usb-storage
[1868678.839363] usbcore: registered new interface driver ums-cypress
[1868678.843300] usbcore: registered new interface driver ums-freecom
[1868678.847107] usbcore: registered new interface driver ums-isd200
[1868678.851016] usbcore: registered new interface driver idmouse
[1868678.854856] usbcore: registered new interface driver iowarrior
[1868678.858802] usbcore: registered new interface driver usblcd
[1868678.863497] usbcore: registered new interface driver usbtest
[1868678.867188] usbcore: registered new interface driver trancevibrator
[1868678.871529] usbcore: registered new interface driver sisusb
[1868678.875780] i8042: PNP: PS/2 Controller [PNP0303:KBD,PNP0f13:MOU] at 0=
x60,0x64 irq 1,12
[1868678.883980] serio: i8042 KBD port at 0x60,0x64 irq 1
[1868678.887917] serio: i8042 AUX port at 0x60,0x64 irq 12
[1868678.893602] input: AT Translated Set 2 keyboard as /devices/platform/i=
8042/serio0/input/input1
[1868678.902510] scx200_i2c: no SCx200 gpio pins available
[1868678.906690] pps_ldisc: PPS line discipline registered
[1868678.910374] Driver for 1-wire Dallas network protocol.
[1868678.914322] 1-Wire driver for the DS2760 battery monitor  chip  - (c) =
2004-2005, Szabolcs Gyurko
[1868678.921226] applesmc: supported laptop not found!
[1868678.924556] applesmc: driver init failed (ret=3D-19)!
[1868678.928267] f71882fg: Not a Fintek device
[1868678.931330] f71882fg: Not a Fintek device
[1868678.936106] sch56xx_common: Unsupported device id: 0xff
[1868678.939611] sch56xx_common: Unsupported device id: 0xff
[1868678.944125] acquirewdt: WDT driver for Acquire single board computer i=
nitialising
[1868678.949520] acquirewdt: I/O address 0x0043 already in use
[1868678.953200] acquirewdt: probe of acquirewdt failed with error -5
[1868678.957300] i6300esb: Intel 6300ESB WatchDog Timer Driver v0.05
[1868678.961986] i6300esb: initialized (0xd0870000). heartbeat=3D30 sec (no=
wayout=3D0)
[1868678.967201] pc87413_wdt: Version 1.1 at io 0x2E
[1868678.970470] pc87413_wdt: cannot register miscdev on minor=3D130 (err=
=3D-16)
[1868678.980941] w83627hf_wdt: WDT driver for the Winbond(TM) W83627HF/THF/=
HG/DHG Super I/O chip initialising
[1868678.987467] w83627hf_wdt: Watchdog already running. Resetting timeout =
to 60 sec
[1868679.017349] watchdog: W83627HF Watchdog: cannot register miscdev on mi=
nor=3D130 (err=3D-16).
[1868679.029938] watchdog: W83627HF Watchdog: a legacy watchdog module is p=
robably present.
[1868679.042677] w83627hf_wdt: initialized. timeout=3D60 sec (nowayout=3D0)
[1868679.050321] watchdog: Software Watchdog: cannot register miscdev on mi=
nor=3D130 (err=3D-16).
[1868679.063506] watchdog: Software Watchdog: a legacy watchdog module is p=
robably present.
[1868679.076424] softdog: Software Watchdog Timer: 0.08 initialized. soft_n=
oboot=3D0 soft_margin=3D60 sec soft_panic=3D0 (nowayout=3D0)
[1868679.090883] lguest: mapped switcher at ffd30000
[1868679.102483] ledtrig-cpu: registered to indicate activity on CPUs
[1868679.110988] hidraw: raw HID events driver (C) Jiri Kosina
[1868679.130017] usbcore: registered new interface driver usbhid
[1868679.138108] usbhid: USB HID core driver
[1868679.152830] usbip_core: usbip_core_init:805: USB/IP Core v1.0.0
[1868679.157321] usbcore: registered new interface driver r8712u
[1868679.161586] usbcore: registered new interface driver tranzport
[1868679.166159] usbcore: registered new interface driver alphatrack
[1868679.171089] input: Speakup as /devices/virtual/input/input3
[1868679.175786] initialized device: /dev/synth, node (MAJOR 10, MINOR 25)
[1868679.180945] speakup 3.1.6: initialized
[1868679.184505] synth name on entry is: (null)
[1868679.353983] ashmem: initialized
[1868679.357153] logger: created 256K log 'log_main'
[1868679.363317] logger: created 256K log 'log_events'
[1868679.367177] logger: created 256K log 'log_radio'
[1868679.371149] logger: created 256K log 'log_system'
[1868679.375588] usbcore: registered new interface driver gdm_wimax
[1868679.380255] dgap: dgap-1.3-16, Digi International Part Number 40002347=
_C
[1868679.385478] dgap: For the tools package or updated drivers please visi=
t http://www.digi.com
[1868679.393164] goldfish_pdev_bus goldfish_pdev_bus: unable to reserve Gol=
dfish MMIO.
[1868679.405934] goldfish_pdev_bus: probe of goldfish_pdev_bus failed with =
error -16
[1868679.416114] NET: Registered protocol family 26
[1868679.419853] NET: Registered protocol family 17
[1868679.427058] NET: Registered protocol family 5
[1868679.440823] NET: Registered protocol family 11
[1868679.448069] NET: Registered protocol family 3
[1868679.455606] can: controller area network core (rev 20120528 abi 9)
[1868679.460454] NET: Registered protocol family 29
[1868679.467780] can: broadcast manager protocol (rev 20120528 t)
[1868679.475745] NET: Registered protocol family 37
[1868679.479415] Key type dns_resolver registered
[1868679.485578]=20
[1868679.485578] printing PIC contents
[1868679.489950] ... PIC  IMR: ffff
[1868679.492819] ... PIC  IRR: 1013
[1868679.495619] ... PIC  ISR: 0000
[1868679.498343] ... PIC ELCR: 0c00
[1868679.501322] printing local APIC contents on CPU#0/0:
[1868679.505023] ... APIC ID:      00000000 (0)
[1868679.508233] ... APIC VERSION: 00050014
[1868679.511258] ... APIC TASKPRI: 00000000 (00)
[1868679.514498] ... APIC PROCPRI: 00000000
[1868679.517491] ... APIC LDR: 01000000
[1868679.520352] ... APIC DFR: ffffffff
[1868679.523207] ... APIC SPIV: 000001ff
[1868679.526071] ... APIC ISR field:
[1868679.528762] 0000000000000000000000000000000000000000000000000000000000=
000000
[1868679.536756] ... APIC TMR field:
[1868679.539443] 0000000002000000000000000000000000000000000000000000000000=
000000
[1868679.547457] ... APIC IRR field:
[1868679.550092] 0000000000000000000000000000000000000000000000000000000000=
008000
[1868679.557856] ... APIC ESR: 00000000
[1868679.560530] ... APIC ICR: 000008fd
[1868679.563375] ... APIC ICR2: 02000000
[1868679.566263] ... APIC LVTT: 000200ef
[1868679.569156] ... APIC LVTPC: 00010000
[1868679.572067] ... APIC LVT0: 00010700
[1868679.574959] ... APIC LVT1: 00000400
[1868679.577834] ... APIC LVTERR: 000000fe
[1868679.580780] ... APIC TMICT: 00032dc2
[1868679.584061] ... APIC TMCCT: 00023e87
[1868679.587005] ... APIC TDCR: 00000003
[1868679.589889]=20
[1868679.591786] number of MP IRQ sources: 15.
[1868679.605598] number of IO-APIC #0 registers: 24.
[1868679.609201] testing the IO APIC.......................
[1868679.613058] IO APIC #0......
[1868679.615653] .... register #00: 00000000
[1868679.618834] .......    : physical APIC id: 00
[1868679.622190] .......    : Delivery Type: 0
[1868679.625238] .......    : LTS          : 0
[1868679.628428] .... register #01: 00170011
[1868679.631553] .......     : max redirection entries: 17
[1868679.635602] .......     : PRQ implemented: 0
[1868679.638968] .......     : IO APIC version: 11
[1868679.642278] .... register #02: 00000000
[1868679.644988] .......     : arbitration: 00
[1868679.647854] .... IRQ redirection table:
[1868679.650810] 1    0    0   0   0    0    0    00
[1868679.654653] 0    0    0   0   0    1    1    31
[1868679.664008] 0    0    0   0   0    1    1    30
[1868679.670874] 0    0    0   0   0    1    1    33
[1868679.674104] 1    0    0   0   0    1    1    34
[1868679.677011] 1    1    0   0   0    1    1    35
[1868679.679942] 0    0    0   0   0    1    1    36
[1868679.683106] 0    0    0   0   0    1    1    37
[1868679.685982] 0    0    0   0   0    1    1    38
[1868679.688903] 0    1    0   0   0    1    1    39
[1868679.692162] 1    1    0   0   0    1    1    3A
[1868679.695578] 1    1    0   0   0    1    1    3B
[1868679.698918] 0    0    0   0   0    1    1    3C
[1868679.701668] 0    0    0   0   0    1    1    3D
[1868679.704580] 0    0    0   0   0    1    1    3E
[1868679.707519] 0    0    0   0   0    1    1    3F
[1868679.710410] 1    0    0   0   0    0    0    00
[1868679.713425] 1    0    0   0   0    0    0    00
[1868679.716872] 1    0    0   0   0    0    0    00
[1868679.720335] 1    0    0   0   0    0    0    00
[1868679.723473] 1    0    0   0   0    0    0    00
[1868679.726408] 1    0    0   0   0    0    0    00
[1868679.729833] 1    0    0   0   0    0    0    00
[1868679.733045] 1    0    0   0   0    0    0    00
[1868679.735836] IRQ to pin mappings:
[1868679.738055] IRQ0 -> 0:2
[1868679.740654] IRQ1 -> 0:1
[1868679.743178] IRQ3 -> 0:3
[1868679.745715] IRQ4 -> 0:4
[1868679.748092] IRQ5 -> 0:5
[1868679.750615] IRQ6 -> 0:6
[1868679.753554] IRQ7 -> 0:7
[1868679.756023] IRQ8 -> 0:8
[1868679.758447] IRQ9 -> 0:9
[1868679.760998] IRQ10 -> 0:10
[1868679.763597] IRQ11 -> 0:11
[1868679.766382] IRQ12 -> 0:12
[1868679.768944] IRQ13 -> 0:13
[1868679.771422] IRQ14 -> 0:14
[1868679.774075] IRQ15 -> 0:15
[1868679.776649] .................................... done.
[1868679.779809] Using IPI No-Shortcut mode
[1868679.794354] Key type encrypted registered
[1868680.120591] console [netcon0] enabled
[1868680.126265] netconsole: network logging started
[1868680.135018] Unregister pv shared memory for cpu 0
[1868680.523086] ------------[ cut here ]------------
[1868680.526909] WARNING: CPU: 1 PID: 1 at mm/slub.c:992 deactivate_slab+0x=
4ce/0xa70()
[1868680.537875] Modules linked in:
[1868680.541340] CPU: 1 PID: 1 Comm: swapper/0 Not tainted 3.13.0-02621-g17=
38cc0 #8
[1868680.555880] Hardware name: Bochs Bochs, BIOS Bochs 01/01/2011
[1868680.565937]  ffffffff ce04dd64 c1a6323f 00000000 00000000 000003e0 ce0=
4dd94 c106fbe1
[1868680.572881]  c1efb154 00000001 00000001 c1f09c28 000003e0 c11c2d0e c11=
c2d0e 00000001
[1868680.582142]  ce5db280 ce000640 ce04dda4 c106fc7d 00000009 00000000 ce0=
4de0c c11c2d0e
[1868680.589099] Call Trace:
[1868680.591109]  [<c1a6323f>] dump_stack+0x7a/0xdb
[1868680.593887]  [<c106fbe1>] warn_slowpath_common+0x91/0xb0
[1868680.597430]  [<c11c2d0e>] ? deactivate_slab+0x4ce/0xa70
[1868680.600510]  [<c11c2d0e>] ? deactivate_slab+0x4ce/0xa70
[1868680.603588]  [<c106fc7d>] warn_slowpath_null+0x1d/0x20
[1868680.606728]  [<c11c2d0e>] deactivate_slab+0x4ce/0xa70
[1868680.609897]  [<c11c3406>] slab_cpuup_callback+0xc6/0x130
[1868680.612916]  [<c1a87125>] notifier_call_chain+0x35/0x90
[1868680.616031]  [<c10a48b9>] __raw_notifier_call_chain+0x19/0x20
[1868680.622321]  [<c106fe63>] cpu_notify+0x23/0x50
[1868680.625212]  [<c106fe9b>] cpu_notify_nofail+0xb/0x40
[1868680.628399]  [<c1a4a7e1>] _cpu_down+0x231/0x500
[1868680.631201]  [<c1a4aaed>] cpu_down+0x3d/0x60
[1868680.633906]  [<c1a49a47>] _debug_hotplug_cpu+0x57/0x1b0
[1868680.639361]  [<c236ee70>] ? topology_init+0xef/0xef
[1868680.642330]  [<c236ee7c>] debug_hotplug_cpu+0xc/0x10
[1868680.645364]  [<c100050a>] do_one_initcall+0x13a/0x240
[1868680.648547]  [<c23675b6>] ? repair_env_string+0x2a/0x99
[1868680.651627]  [<c109c2e6>] ? parse_args+0x476/0x6b0
[1868680.654519]  [<c1a8158b>] ? _raw_spin_unlock_irqrestore+0x5b/0x90
[1868680.658379]  [<c2367f3a>] kernel_init_freeable+0xe3/0x1cd
[1868680.661538]  [<c236758c>] ? do_early_param+0xb5/0xb5
[1868680.664527]  [<c1a4971c>] kernel_init+0xc/0x170
[1868680.667513]  [<c1a8ab37>] ret_from_kernel_thread+0x1b/0x28
[1868680.670702]  [<c1a49710>] ? rest_init+0xc0/0xc0
[1868680.673483] ---[ end trace 7127297b7d66962f ]---
[1868680.685733] CPU 0 is now offline
[1868680.690615] Freeing unused kernel memory: 716K (c2367000 - c241a000)
[1868680.720158] random: init urandom read with 2 bits of entropy available
[1868691.246134] can: request_module (can-proto-4) failed.
[1868691.441599] can: request_module (can-proto-6) failed.
[1868691.642554] can: request_module (can-proto-5) failed.
[1868691.844874] can: request_module (can-proto-4) failed.
[1868692.039485] can: request_module (can-proto-0) failed.
[1868692.236243] can: request_module (can-proto-6) failed.
[1868692.436793] can: request_module (can-proto-4) failed.
[1868692.644891] can: request_module (can-proto-4) failed.
[1868693.044715] can: request_module (can-proto-0) failed.
[1868693.235331] can: request_module (can-proto-3) failed.
[1868695.254612] sock: process `trinity-main' is using obsolete setsockopt =
SO_BSDCOMPAT
[1868696.374178] can_create: 13 callbacks suppressed
[1868696.378491] can: request_module (can-proto-0) failed.
[1868696.914081] can: request_module (can-proto-4) failed.
[1868697.414040] can: request_module (can-proto-4) failed.
[1868698.351623] init: Failed to create pty - disabling logging for job
[1868698.543853] can: request_module (can-proto-4) failed.
[1868698.719416] init: Failed to create pty - disabling logging for job
[1868699.346124] init: Failed to create pty - disabling logging for job
[1868699.420434] can: request_module (can-proto-5) failed.
[1868699.574360] init: Failed to create pty - disabling logging for job
[1868699.619451] init: Failed to create pty - disabling logging for job
[1868699.742839] init: Failed to create pty - disabling logging for job
[1868699.844756] init: Failed to create pty - disabling logging for job
[1868700.428933] can: request_module (can-proto-3) failed.
[1868700.464562] init: Failed to create pty - disabling logging for job
[1868700.483675] init: Failed to create pty - disabling logging for job
[1868700.518277] init: Failed to create pty - disabling logging for job
[1868700.552095] init: Failed to create pty - disabling logging for job
[1868700.593754] init: Failed to create pty - disabling logging for job
Kernel tests: Boot OK!
[1868700.827734] can: request_module (can-proto-6) failed.
[1868700.927966] can: request_module (can-proto-6) failed.
[1868700.947735] can: request_module (can-proto-1) failed.
[1868700.967344] can: request_module (can-proto-6) failed.
[1868711.002810] can: request_module (can-proto-0) failed.
[1868711.051188] can: request_module (can-proto-4) failed.
[1868711.087133] can: request_module (can-proto-1) failed.
[1868711.117551] can: request_module (can-proto-6) failed.
[1868711.177691] can: request_module (can-proto-4) failed.
[1868711.219951] can: request_module (can-proto-3) failed.
[1868711.246541] can: request_module (can-proto-5) failed.
[1868711.271447] can: request_module (can-proto-5) failed.
[1868711.300106] can: request_module (can-proto-5) failed.
[1868711.332184] can: request_module (can-proto-6) failed.
[1868740.937996] init: Failed to create pty - disabling logging for job
[1868741.788432] reboot: Restarting system
Elapsed time: 80
qemu-system-x86_64 -cpu kvm64 -enable-kvm -kernel /kernel/i386-randconfig-c=
2-02010204/1738cc0ecc5433003591548e25622768f5978d0b/vmlinuz-3.13.0-02621-g1=
738cc0 -append 'hung_task_panic=3D1 earlyprintk=3DttyS0,115200 debug apic=
=3Ddebug sysrq_always_enabled panic=3D10 softlockup_panic=3D1 nmi_watchdog=
=3Dpanic  prompt_ramdisk=3D0 console=3DttyS0,115200 console=3Dtty0 vga=3Dno=
rmal  root=3D/dev/ram0 rw link=3D/kernel-tests/run-queue/kvm/i386-randconfi=
g-c2-02010204/linux-devel:devel-hourly-2014013119/.vmlinuz-1738cc0ecc543300=
3591548e25622768f5978d0b-20140201032321-4-jaketown branch=3Dlinux-devel/dev=
el-hourly-2014013119 BOOT_IMAGE=3D/kernel/i386-randconfig-c2-02010204/1738c=
c0ecc5433003591548e25622768f5978d0b/vmlinuz-3.13.0-02621-g1738cc0'  -initrd=
 /kernel-tests/initrd/quantal-core-i386.cgz -m 256M -smp 2 -net nic,vlan=3D=
1,model=3De1000 -net user,vlan=3D1,hostfwd=3Dtcp::12908-:22 -boot order=3Dn=
c -no-reboot -watchdog i6300esb -rtc base=3Dlocaltime -pidfile /dev/shm/kbo=
ot/pid-quantal-jaketown-23 -serial file:/dev/shm/kboot/serial-quantal-jaket=
own-23 -daemonize -display none -monitor null=20

--HG+GLK89HZ1zG0kk
Content-Type: text/plain; charset=us-ascii
Content-Disposition: attachment; filename="config-3.13.0-02621-g1738cc0"

#
# Automatically generated file; DO NOT EDIT.
# Linux/i386 3.13.0 Kernel Configuration
#
# CONFIG_64BIT is not set
CONFIG_X86_32=y
CONFIG_X86=y
CONFIG_INSTRUCTION_DECODER=y
CONFIG_OUTPUT_FORMAT="elf32-i386"
CONFIG_ARCH_DEFCONFIG="arch/x86/configs/i386_defconfig"
CONFIG_LOCKDEP_SUPPORT=y
CONFIG_STACKTRACE_SUPPORT=y
CONFIG_HAVE_LATENCYTOP_SUPPORT=y
CONFIG_MMU=y
CONFIG_NEED_SG_DMA_LENGTH=y
CONFIG_GENERIC_ISA_DMA=y
CONFIG_GENERIC_BUG=y
CONFIG_GENERIC_HWEIGHT=y
CONFIG_ARCH_MAY_HAVE_PC_FDC=y
CONFIG_RWSEM_XCHGADD_ALGORITHM=y
CONFIG_GENERIC_CALIBRATE_DELAY=y
CONFIG_ARCH_HAS_CPU_RELAX=y
CONFIG_ARCH_HAS_CACHE_LINE_SIZE=y
CONFIG_ARCH_HAS_CPU_AUTOPROBE=y
CONFIG_HAVE_SETUP_PER_CPU_AREA=y
CONFIG_NEED_PER_CPU_EMBED_FIRST_CHUNK=y
CONFIG_NEED_PER_CPU_PAGE_FIRST_CHUNK=y
CONFIG_ARCH_HIBERNATION_POSSIBLE=y
CONFIG_ARCH_SUSPEND_POSSIBLE=y
CONFIG_ARCH_WANT_HUGE_PMD_SHARE=y
CONFIG_ARCH_WANT_GENERAL_HUGETLB=y
# CONFIG_ZONE_DMA32 is not set
# CONFIG_AUDIT_ARCH is not set
CONFIG_ARCH_SUPPORTS_OPTIMIZED_INLINING=y
CONFIG_ARCH_SUPPORTS_DEBUG_PAGEALLOC=y
CONFIG_X86_32_SMP=y
CONFIG_X86_HT=y
CONFIG_X86_32_LAZY_GS=y
CONFIG_ARCH_HWEIGHT_CFLAGS="-fcall-saved-ecx -fcall-saved-edx"
CONFIG_ARCH_SUPPORTS_UPROBES=y
CONFIG_DEFCONFIG_LIST="/lib/modules/$UNAME_RELEASE/.config"
CONFIG_IRQ_WORK=y
CONFIG_BUILDTIME_EXTABLE_SORT=y

#
# General setup
#
CONFIG_INIT_ENV_ARG_LIMIT=32
CONFIG_CROSS_COMPILE=""
# CONFIG_COMPILE_TEST is not set
CONFIG_LOCALVERSION=""
CONFIG_LOCALVERSION_AUTO=y
CONFIG_HAVE_KERNEL_GZIP=y
CONFIG_HAVE_KERNEL_BZIP2=y
CONFIG_HAVE_KERNEL_LZMA=y
CONFIG_HAVE_KERNEL_XZ=y
CONFIG_HAVE_KERNEL_LZO=y
CONFIG_HAVE_KERNEL_LZ4=y
# CONFIG_KERNEL_GZIP is not set
# CONFIG_KERNEL_BZIP2 is not set
# CONFIG_KERNEL_LZMA is not set
# CONFIG_KERNEL_XZ is not set
# CONFIG_KERNEL_LZO is not set
CONFIG_KERNEL_LZ4=y
CONFIG_DEFAULT_HOSTNAME="(none)"
# CONFIG_SWAP is not set
CONFIG_SYSVIPC=y
CONFIG_SYSVIPC_SYSCTL=y
CONFIG_POSIX_MQUEUE=y
CONFIG_POSIX_MQUEUE_SYSCTL=y
CONFIG_FHANDLE=y
# CONFIG_AUDIT is not set

#
# IRQ subsystem
#
CONFIG_GENERIC_IRQ_PROBE=y
CONFIG_GENERIC_IRQ_SHOW=y
CONFIG_GENERIC_PENDING_IRQ=y
CONFIG_GENERIC_IRQ_CHIP=y
CONFIG_IRQ_DOMAIN=y
CONFIG_IRQ_DOMAIN_DEBUG=y
CONFIG_IRQ_FORCED_THREADING=y
CONFIG_SPARSE_IRQ=y
CONFIG_CLOCKSOURCE_WATCHDOG=y
CONFIG_KTIME_SCALAR=y
CONFIG_GENERIC_CLOCKEVENTS=y
CONFIG_GENERIC_CLOCKEVENTS_BUILD=y
CONFIG_GENERIC_CLOCKEVENTS_BROADCAST=y
CONFIG_GENERIC_CLOCKEVENTS_MIN_ADJUST=y
CONFIG_GENERIC_CMOS_UPDATE=y

#
# Timers subsystem
#
CONFIG_HZ_PERIODIC=y
# CONFIG_NO_HZ_IDLE is not set
# CONFIG_NO_HZ is not set
# CONFIG_HIGH_RES_TIMERS is not set

#
# CPU/Task time and stats accounting
#
# CONFIG_TICK_CPU_ACCOUNTING is not set
CONFIG_IRQ_TIME_ACCOUNTING=y
# CONFIG_BSD_PROCESS_ACCT is not set
# CONFIG_TASKSTATS is not set

#
# RCU Subsystem
#
CONFIG_TREE_PREEMPT_RCU=y
CONFIG_PREEMPT_RCU=y
CONFIG_RCU_STALL_COMMON=y
CONFIG_RCU_FANOUT=32
CONFIG_RCU_FANOUT_LEAF=16
CONFIG_RCU_FANOUT_EXACT=y
CONFIG_TREE_RCU_TRACE=y
# CONFIG_RCU_BOOST is not set
# CONFIG_RCU_NOCB_CPU is not set
CONFIG_IKCONFIG=y
CONFIG_IKCONFIG_PROC=y
CONFIG_LOG_BUF_SHIFT=17
CONFIG_HAVE_UNSTABLE_SCHED_CLOCK=y
CONFIG_ARCH_SUPPORTS_NUMA_BALANCING=y
CONFIG_ARCH_WANTS_PROT_NUMA_PROT_NONE=y
CONFIG_CGROUPS=y
# CONFIG_CGROUP_DEBUG is not set
# CONFIG_CGROUP_FREEZER is not set
# CONFIG_CGROUP_DEVICE is not set
# CONFIG_CPUSETS is not set
# CONFIG_CGROUP_CPUACCT is not set
# CONFIG_RESOURCE_COUNTERS is not set
# CONFIG_CGROUP_PERF is not set
# CONFIG_CGROUP_SCHED is not set
# CONFIG_BLK_CGROUP is not set
# CONFIG_CHECKPOINT_RESTORE is not set
CONFIG_NAMESPACES=y
# CONFIG_UTS_NS is not set
CONFIG_IPC_NS=y
# CONFIG_USER_NS is not set
CONFIG_PID_NS=y
# CONFIG_NET_NS is not set
# CONFIG_UIDGID_STRICT_TYPE_CHECKS is not set
# CONFIG_SCHED_AUTOGROUP is not set
# CONFIG_SYSFS_DEPRECATED is not set
CONFIG_RELAY=y
CONFIG_BLK_DEV_INITRD=y
CONFIG_INITRAMFS_SOURCE=""
CONFIG_RD_GZIP=y
CONFIG_RD_BZIP2=y
CONFIG_RD_LZMA=y
CONFIG_RD_XZ=y
CONFIG_RD_LZO=y
CONFIG_RD_LZ4=y
# CONFIG_CC_OPTIMIZE_FOR_SIZE is not set
CONFIG_SYSCTL=y
CONFIG_ANON_INODES=y
CONFIG_HAVE_UID16=y
CONFIG_SYSCTL_EXCEPTION_TRACE=y
CONFIG_HAVE_PCSPKR_PLATFORM=y
# CONFIG_EXPERT is not set
CONFIG_UID16=y
# CONFIG_SYSCTL_SYSCALL is not set
CONFIG_KALLSYMS=y
CONFIG_KALLSYMS_ALL=y
CONFIG_PRINTK=y
CONFIG_BUG=y
CONFIG_ELF_CORE=y
CONFIG_PCSPKR_PLATFORM=y
CONFIG_BASE_FULL=y
CONFIG_FUTEX=y
CONFIG_EPOLL=y
CONFIG_SIGNALFD=y
CONFIG_TIMERFD=y
CONFIG_EVENTFD=y
CONFIG_SHMEM=y
CONFIG_AIO=y
CONFIG_PCI_QUIRKS=y
# CONFIG_EMBEDDED is not set
CONFIG_HAVE_PERF_EVENTS=y

#
# Kernel Performance Events And Counters
#
CONFIG_PERF_EVENTS=y
# CONFIG_DEBUG_PERF_USE_VMALLOC is not set
CONFIG_VM_EVENT_COUNTERS=y
CONFIG_SLUB_DEBUG=y
# CONFIG_COMPAT_BRK is not set
# CONFIG_SLAB is not set
CONFIG_SLUB=y
CONFIG_SLUB_CPU_PARTIAL=y
CONFIG_PROFILING=y
CONFIG_TRACEPOINTS=y
CONFIG_OPROFILE=m
# CONFIG_OPROFILE_EVENT_MULTIPLEX is not set
CONFIG_HAVE_OPROFILE=y
CONFIG_OPROFILE_NMI_TIMER=y
CONFIG_KPROBES=y
# CONFIG_JUMP_LABEL is not set
CONFIG_UPROBES=y
# CONFIG_HAVE_64BIT_ALIGNED_ACCESS is not set
CONFIG_HAVE_EFFICIENT_UNALIGNED_ACCESS=y
CONFIG_ARCH_USE_BUILTIN_BSWAP=y
CONFIG_KRETPROBES=y
CONFIG_HAVE_IOREMAP_PROT=y
CONFIG_HAVE_KPROBES=y
CONFIG_HAVE_KRETPROBES=y
CONFIG_HAVE_OPTPROBES=y
CONFIG_HAVE_KPROBES_ON_FTRACE=y
CONFIG_HAVE_ARCH_TRACEHOOK=y
CONFIG_HAVE_DMA_ATTRS=y
CONFIG_GENERIC_SMP_IDLE_THREAD=y
CONFIG_HAVE_REGS_AND_STACK_ACCESS_API=y
CONFIG_HAVE_DMA_API_DEBUG=y
CONFIG_HAVE_HW_BREAKPOINT=y
CONFIG_HAVE_MIXED_BREAKPOINTS_REGS=y
CONFIG_HAVE_USER_RETURN_NOTIFIER=y
CONFIG_HAVE_PERF_EVENTS_NMI=y
CONFIG_HAVE_PERF_REGS=y
CONFIG_HAVE_PERF_USER_STACK_DUMP=y
CONFIG_HAVE_ARCH_JUMP_LABEL=y
CONFIG_ARCH_HAVE_NMI_SAFE_CMPXCHG=y
CONFIG_HAVE_ALIGNED_STRUCT_PAGE=y
CONFIG_HAVE_CMPXCHG_LOCAL=y
CONFIG_HAVE_CMPXCHG_DOUBLE=y
CONFIG_ARCH_WANT_IPC_PARSE_VERSION=y
CONFIG_HAVE_ARCH_SECCOMP_FILTER=y
CONFIG_SECCOMP_FILTER=y
CONFIG_HAVE_CC_STACKPROTECTOR=y
# CONFIG_CC_STACKPROTECTOR is not set
CONFIG_CC_STACKPROTECTOR_NONE=y
# CONFIG_CC_STACKPROTECTOR_REGULAR is not set
# CONFIG_CC_STACKPROTECTOR_STRONG is not set
CONFIG_HAVE_IRQ_TIME_ACCOUNTING=y
CONFIG_HAVE_ARCH_TRANSPARENT_HUGEPAGE=y
CONFIG_HAVE_ARCH_SOFT_DIRTY=y
CONFIG_MODULES_USE_ELF_REL=y
CONFIG_CLONE_BACKWARDS=y
CONFIG_OLD_SIGSUSPEND3=y
CONFIG_OLD_SIGACTION=y

#
# GCOV-based kernel profiling
#
# CONFIG_GCOV_KERNEL is not set
CONFIG_HAVE_GENERIC_DMA_COHERENT=y
CONFIG_SLABINFO=y
CONFIG_RT_MUTEXES=y
CONFIG_BASE_SMALL=0
# CONFIG_SYSTEM_TRUSTED_KEYRING is not set
CONFIG_MODULES=y
# CONFIG_MODULE_FORCE_LOAD is not set
# CONFIG_MODULE_UNLOAD is not set
CONFIG_MODVERSIONS=y
# CONFIG_MODULE_SRCVERSION_ALL is not set
# CONFIG_MODULE_SIG is not set
CONFIG_STOP_MACHINE=y
CONFIG_BLOCK=y
CONFIG_LBDAF=y
CONFIG_BLK_DEV_BSG=y
# CONFIG_BLK_DEV_BSGLIB is not set
CONFIG_BLK_DEV_INTEGRITY=y
CONFIG_BLK_CMDLINE_PARSER=y

#
# Partition Types
#
# CONFIG_PARTITION_ADVANCED is not set
CONFIG_MSDOS_PARTITION=y
CONFIG_EFI_PARTITION=y

#
# IO Schedulers
#
CONFIG_IOSCHED_NOOP=y
CONFIG_IOSCHED_DEADLINE=m
# CONFIG_IOSCHED_CFQ is not set
CONFIG_DEFAULT_NOOP=y
CONFIG_DEFAULT_IOSCHED="noop"
CONFIG_PADATA=y
CONFIG_UNINLINE_SPIN_UNLOCK=y
CONFIG_FREEZER=y

#
# Processor type and features
#
CONFIG_ZONE_DMA=y
CONFIG_SMP=y
# CONFIG_X86_MPPARSE is not set
CONFIG_X86_BIGSMP=y
CONFIG_GOLDFISH=y
CONFIG_X86_EXTENDED_PLATFORM=y
CONFIG_X86_GOLDFISH=y
CONFIG_X86_INTEL_CE=y
# CONFIG_X86_INTEL_LPSS is not set
CONFIG_X86_RDC321X=y
CONFIG_X86_32_NON_STANDARD=y
# CONFIG_X86_NUMAQ is not set
CONFIG_STA2X11=y
# CONFIG_X86_SUMMIT is not set
CONFIG_X86_ES7000=y
CONFIG_X86_32_IRIS=y
# CONFIG_SCHED_OMIT_FRAME_POINTER is not set
CONFIG_HYPERVISOR_GUEST=y
CONFIG_PARAVIRT=y
# CONFIG_PARAVIRT_DEBUG is not set
# CONFIG_PARAVIRT_SPINLOCKS is not set
# CONFIG_XEN_PRIVILEGED_GUEST is not set
CONFIG_KVM_GUEST=y
# CONFIG_KVM_DEBUG_FS is not set
# CONFIG_LGUEST_GUEST is not set
# CONFIG_PARAVIRT_TIME_ACCOUNTING is not set
CONFIG_PARAVIRT_CLOCK=y
CONFIG_NO_BOOTMEM=y
# CONFIG_MEMTEST is not set
# CONFIG_M486 is not set
# CONFIG_M586 is not set
# CONFIG_M586TSC is not set
# CONFIG_M586MMX is not set
CONFIG_M686=y
# CONFIG_MPENTIUMII is not set
# CONFIG_MPENTIUMIII is not set
# CONFIG_MPENTIUMM is not set
# CONFIG_MPENTIUM4 is not set
# CONFIG_MK6 is not set
# CONFIG_MK7 is not set
# CONFIG_MK8 is not set
# CONFIG_MCRUSOE is not set
# CONFIG_MEFFICEON is not set
# CONFIG_MWINCHIPC6 is not set
# CONFIG_MWINCHIP3D is not set
# CONFIG_MELAN is not set
# CONFIG_MGEODEGX1 is not set
# CONFIG_MGEODE_LX is not set
# CONFIG_MCYRIXIII is not set
# CONFIG_MVIAC3_2 is not set
# CONFIG_MVIAC7 is not set
# CONFIG_MCORE2 is not set
# CONFIG_MATOM is not set
CONFIG_X86_GENERIC=y
CONFIG_X86_INTERNODE_CACHE_SHIFT=6
CONFIG_X86_L1_CACHE_SHIFT=6
# CONFIG_X86_PPRO_FENCE is not set
CONFIG_X86_INTEL_USERCOPY=y
CONFIG_X86_USE_PPRO_CHECKSUM=y
CONFIG_X86_TSC=y
CONFIG_X86_CMPXCHG64=y
CONFIG_X86_CMOV=y
CONFIG_X86_MINIMUM_CPU_FAMILY=5
CONFIG_X86_DEBUGCTLMSR=y
CONFIG_CPU_SUP_INTEL=y
CONFIG_CPU_SUP_AMD=y
CONFIG_CPU_SUP_CENTAUR=y
CONFIG_CPU_SUP_TRANSMETA_32=y
CONFIG_HPET_TIMER=y
CONFIG_DMI=y
CONFIG_SWIOTLB=y
CONFIG_IOMMU_HELPER=y
CONFIG_NR_CPUS=32
# CONFIG_SCHED_SMT is not set
# CONFIG_SCHED_MC is not set
# CONFIG_PREEMPT_NONE is not set
# CONFIG_PREEMPT_VOLUNTARY is not set
CONFIG_PREEMPT=y
CONFIG_PREEMPT_COUNT=y
CONFIG_X86_LOCAL_APIC=y
CONFIG_X86_IO_APIC=y
# CONFIG_X86_REROUTE_FOR_BROKEN_BOOT_IRQS is not set
CONFIG_X86_MCE=y
CONFIG_X86_MCE_INTEL=y
# CONFIG_X86_MCE_AMD is not set
CONFIG_X86_ANCIENT_MCE=y
CONFIG_X86_MCE_THRESHOLD=y
CONFIG_X86_MCE_INJECT=y
CONFIG_X86_THERMAL_VECTOR=y
CONFIG_VM86=y
CONFIG_TOSHIBA=m
CONFIG_I8K=y
CONFIG_X86_REBOOTFIXUPS=y
CONFIG_MICROCODE=y
# CONFIG_MICROCODE_INTEL is not set
CONFIG_MICROCODE_AMD=y
CONFIG_MICROCODE_OLD_INTERFACE=y
# CONFIG_MICROCODE_INTEL_EARLY is not set
CONFIG_MICROCODE_AMD_EARLY=y
CONFIG_MICROCODE_EARLY=y
CONFIG_X86_MSR=m
# CONFIG_X86_CPUID is not set
CONFIG_NOHIGHMEM=y
# CONFIG_HIGHMEM4G is not set
# CONFIG_HIGHMEM64G is not set
CONFIG_PAGE_OFFSET=0xC0000000
# CONFIG_X86_PAE is not set
CONFIG_NEED_NODE_MEMMAP_SIZE=y
CONFIG_ARCH_FLATMEM_ENABLE=y
CONFIG_ARCH_SPARSEMEM_ENABLE=y
CONFIG_ARCH_SELECT_MEMORY_MODEL=y
CONFIG_ILLEGAL_POINTER_VALUE=0
CONFIG_SELECT_MEMORY_MODEL=y
# CONFIG_FLATMEM_MANUAL is not set
CONFIG_SPARSEMEM_MANUAL=y
CONFIG_SPARSEMEM=y
CONFIG_HAVE_MEMORY_PRESENT=y
CONFIG_SPARSEMEM_STATIC=y
CONFIG_HAVE_MEMBLOCK=y
CONFIG_HAVE_MEMBLOCK_NODE_MAP=y
CONFIG_ARCH_DISCARD_MEMBLOCK=y
CONFIG_MEMORY_ISOLATION=y
# CONFIG_HAVE_BOOTMEM_INFO_NODE is not set
CONFIG_SPLIT_PTLOCK_CPUS=4
CONFIG_COMPACTION=y
CONFIG_MIGRATION=y
# CONFIG_PHYS_ADDR_T_64BIT is not set
CONFIG_ZONE_DMA_FLAG=1
CONFIG_BOUNCE=y
CONFIG_NEED_BOUNCE_POOL=y
CONFIG_VIRT_TO_BUS=y
CONFIG_KSM=y
CONFIG_DEFAULT_MMAP_MIN_ADDR=4096
CONFIG_TRANSPARENT_HUGEPAGE=y
CONFIG_TRANSPARENT_HUGEPAGE_ALWAYS=y
# CONFIG_TRANSPARENT_HUGEPAGE_MADVISE is not set
# CONFIG_CROSS_MEMORY_ATTACH is not set
CONFIG_CLEANCACHE=y
CONFIG_CMA=y
CONFIG_CMA_DEBUG=y
# CONFIG_ZBUD is not set
CONFIG_X86_CHECK_BIOS_CORRUPTION=y
CONFIG_X86_BOOTPARAM_MEMORY_CORRUPTION_CHECK=y
CONFIG_X86_RESERVE_LOW=64
CONFIG_MATH_EMULATION=y
CONFIG_MTRR=y
# CONFIG_MTRR_SANITIZER is not set
CONFIG_X86_PAT=y
CONFIG_ARCH_USES_PG_UNCACHED=y
CONFIG_ARCH_RANDOM=y
CONFIG_X86_SMAP=y
# CONFIG_EFI is not set
CONFIG_SECCOMP=y
# CONFIG_HZ_100 is not set
# CONFIG_HZ_250 is not set
CONFIG_HZ_300=y
# CONFIG_HZ_1000 is not set
CONFIG_HZ=300
# CONFIG_SCHED_HRTICK is not set
CONFIG_KEXEC=y
CONFIG_PHYSICAL_START=0x1000000
# CONFIG_RELOCATABLE is not set
CONFIG_PHYSICAL_ALIGN=0x200000
CONFIG_HOTPLUG_CPU=y
CONFIG_BOOTPARAM_HOTPLUG_CPU0=y
CONFIG_DEBUG_HOTPLUG_CPU0=y
CONFIG_COMPAT_VDSO=y
# CONFIG_CMDLINE_BOOL is not set

#
# Power management and ACPI options
#
CONFIG_SUSPEND=y
CONFIG_SUSPEND_FREEZER=y
CONFIG_PM_SLEEP=y
CONFIG_PM_SLEEP_SMP=y
CONFIG_PM_AUTOSLEEP=y
CONFIG_PM_WAKELOCKS=y
CONFIG_PM_WAKELOCKS_LIMIT=100
# CONFIG_PM_WAKELOCKS_GC is not set
CONFIG_PM_RUNTIME=y
CONFIG_PM=y
# CONFIG_PM_DEBUG is not set
# CONFIG_WQ_POWER_EFFICIENT_DEFAULT is not set
CONFIG_ACPI=y
CONFIG_ACPI_SLEEP=y
# CONFIG_ACPI_PROCFS is not set
# CONFIG_ACPI_EC_DEBUGFS is not set
CONFIG_ACPI_AC=y
CONFIG_ACPI_BATTERY=y
CONFIG_ACPI_BUTTON=y
CONFIG_ACPI_FAN=y
# CONFIG_ACPI_DOCK is not set
CONFIG_ACPI_PROCESSOR=y
# CONFIG_ACPI_IPMI is not set
CONFIG_ACPI_HOTPLUG_CPU=y
# CONFIG_ACPI_PROCESSOR_AGGREGATOR is not set
CONFIG_ACPI_THERMAL=y
# CONFIG_ACPI_CUSTOM_DSDT is not set
# CONFIG_ACPI_INITRD_TABLE_OVERRIDE is not set
# CONFIG_ACPI_DEBUG is not set
# CONFIG_ACPI_PCI_SLOT is not set
CONFIG_X86_PM_TIMER=y
CONFIG_ACPI_CONTAINER=y
# CONFIG_ACPI_SBS is not set
# CONFIG_ACPI_HED is not set
# CONFIG_ACPI_CUSTOM_METHOD is not set
# CONFIG_ACPI_APEI is not set
# CONFIG_ACPI_EXTLOG is not set
CONFIG_SFI=y
# CONFIG_APM is not set

#
# CPU Frequency scaling
#
# CONFIG_CPU_FREQ is not set

#
# CPU Idle
#
CONFIG_CPU_IDLE=y
# CONFIG_CPU_IDLE_MULTIPLE_DRIVERS is not set
CONFIG_CPU_IDLE_GOV_LADDER=y
CONFIG_CPU_IDLE_GOV_MENU=y
# CONFIG_ARCH_NEEDS_CPU_IDLE_COUPLED is not set
# CONFIG_INTEL_IDLE is not set

#
# Bus options (PCI etc.)
#
CONFIG_PCI=y
# CONFIG_PCI_GOBIOS is not set
# CONFIG_PCI_GOMMCONFIG is not set
CONFIG_PCI_GODIRECT=y
# CONFIG_PCI_GOOLPC is not set
# CONFIG_PCI_GOANY is not set
CONFIG_PCI_DIRECT=y
CONFIG_PCI_DOMAINS=y
# CONFIG_PCIEPORTBUS is not set
CONFIG_PCI_MSI=y
# CONFIG_PCI_DEBUG is not set
# CONFIG_PCI_REALLOC_ENABLE_AUTO is not set
CONFIG_PCI_STUB=m
CONFIG_HT_IRQ=y
CONFIG_PCI_ATS=y
# CONFIG_PCI_IOV is not set
CONFIG_PCI_PRI=y
# CONFIG_PCI_PASID is not set
# CONFIG_PCI_IOAPIC is not set
CONFIG_PCI_LABEL=y

#
# PCI host controller drivers
#
CONFIG_ISA_DMA_API=y
# CONFIG_ISA is not set
CONFIG_SCx200=y
# CONFIG_SCx200HR_TIMER is not set
CONFIG_OLPC=y
# CONFIG_OLPC_XO15_SCI is not set
# CONFIG_ALIX is not set
CONFIG_NET5501=y
CONFIG_GEOS=y
CONFIG_AMD_NB=y
# CONFIG_PCCARD is not set
# CONFIG_HOTPLUG_PCI is not set
# CONFIG_RAPIDIO is not set
CONFIG_X86_SYSFB=y

#
# Executable file formats / Emulations
#
CONFIG_BINFMT_ELF=y
CONFIG_ARCH_BINFMT_ELF_RANDOMIZE_PIE=y
CONFIG_CORE_DUMP_DEFAULT_ELF_HEADERS=y
CONFIG_BINFMT_SCRIPT=y
CONFIG_HAVE_AOUT=y
CONFIG_BINFMT_AOUT=m
CONFIG_BINFMT_MISC=m
CONFIG_COREDUMP=y
CONFIG_HAVE_ATOMIC_IOMAP=y
CONFIG_X86_DEV_DMA_OPS=y
CONFIG_X86_DMA_REMAP=y
CONFIG_NET=y

#
# Networking options
#
CONFIG_PACKET=y
CONFIG_PACKET_DIAG=m
CONFIG_UNIX=y
# CONFIG_UNIX_DIAG is not set
# CONFIG_NET_KEY is not set
# CONFIG_INET is not set
# CONFIG_NETWORK_SECMARK is not set
CONFIG_NETWORK_PHY_TIMESTAMPING=y
# CONFIG_NETFILTER is not set
# CONFIG_ATM is not set
CONFIG_STP=y
CONFIG_BRIDGE=y
CONFIG_HAVE_NET_DSA=y
CONFIG_NET_DSA=y
CONFIG_NET_DSA_TAG_DSA=y
CONFIG_NET_DSA_TAG_EDSA=y
CONFIG_NET_DSA_TAG_TRAILER=y
# CONFIG_VLAN_8021Q is not set
# CONFIG_DECNET is not set
CONFIG_LLC=y
CONFIG_LLC2=y
CONFIG_IPX=m
CONFIG_IPX_INTERN=y
CONFIG_ATALK=y
CONFIG_DEV_APPLETALK=m
CONFIG_IPDDP=m
# CONFIG_IPDDP_ENCAP is not set
# CONFIG_X25 is not set
CONFIG_LAPB=m
# CONFIG_PHONET is not set
# CONFIG_IEEE802154 is not set
CONFIG_NET_SCHED=y

#
# Queueing/Scheduling
#
CONFIG_NET_SCH_CBQ=m
CONFIG_NET_SCH_HTB=y
CONFIG_NET_SCH_HFSC=m
CONFIG_NET_SCH_PRIO=m
# CONFIG_NET_SCH_MULTIQ is not set
CONFIG_NET_SCH_RED=m
CONFIG_NET_SCH_SFB=m
CONFIG_NET_SCH_SFQ=y
CONFIG_NET_SCH_TEQL=m
CONFIG_NET_SCH_TBF=m
CONFIG_NET_SCH_GRED=y
# CONFIG_NET_SCH_DSMARK is not set
CONFIG_NET_SCH_NETEM=m
# CONFIG_NET_SCH_DRR is not set
CONFIG_NET_SCH_MQPRIO=y
CONFIG_NET_SCH_CHOKE=m
CONFIG_NET_SCH_QFQ=y
CONFIG_NET_SCH_CODEL=y
# CONFIG_NET_SCH_FQ_CODEL is not set
# CONFIG_NET_SCH_FQ is not set
CONFIG_NET_SCH_PLUG=y

#
# Classification
#
CONFIG_NET_CLS=y
CONFIG_NET_CLS_BASIC=y
# CONFIG_NET_CLS_TCINDEX is not set
CONFIG_NET_CLS_FW=y
CONFIG_NET_CLS_U32=m
CONFIG_CLS_U32_PERF=y
# CONFIG_CLS_U32_MARK is not set
CONFIG_NET_CLS_RSVP=m
CONFIG_NET_CLS_RSVP6=m
# CONFIG_NET_CLS_FLOW is not set
CONFIG_NET_CLS_CGROUP=m
CONFIG_NET_CLS_BPF=m
CONFIG_NET_EMATCH=y
CONFIG_NET_EMATCH_STACK=32
# CONFIG_NET_EMATCH_CMP is not set
CONFIG_NET_EMATCH_NBYTE=m
CONFIG_NET_EMATCH_U32=m
CONFIG_NET_EMATCH_META=y
CONFIG_NET_EMATCH_TEXT=m
CONFIG_NET_EMATCH_CANID=y
# CONFIG_NET_CLS_ACT is not set
CONFIG_NET_CLS_IND=y
CONFIG_NET_SCH_FIFO=y
# CONFIG_DCB is not set
CONFIG_DNS_RESOLVER=y
# CONFIG_BATMAN_ADV is not set
CONFIG_OPENVSWITCH=m
CONFIG_VSOCKETS=y
# CONFIG_VMWARE_VMCI_VSOCKETS is not set
# CONFIG_NETLINK_MMAP is not set
CONFIG_NETLINK_DIAG=m
CONFIG_NET_MPLS_GSO=m
# CONFIG_HSR is not set
CONFIG_RPS=y
CONFIG_RFS_ACCEL=y
CONFIG_XPS=y
# CONFIG_NETPRIO_CGROUP is not set
CONFIG_NET_RX_BUSY_POLL=y
CONFIG_BQL=y
CONFIG_NET_FLOW_LIMIT=y

#
# Network testing
#
CONFIG_HAMRADIO=y

#
# Packet Radio protocols
#
CONFIG_AX25=y
CONFIG_AX25_DAMA_SLAVE=y
CONFIG_NETROM=m
CONFIG_ROSE=y

#
# AX.25 network device drivers
#
CONFIG_MKISS=y
# CONFIG_6PACK is not set
CONFIG_BPQETHER=m
CONFIG_BAYCOM_SER_FDX=y
# CONFIG_BAYCOM_SER_HDX is not set
CONFIG_YAM=y
CONFIG_CAN=y
CONFIG_CAN_RAW=m
CONFIG_CAN_BCM=y
# CONFIG_CAN_GW is not set

#
# CAN Device Drivers
#
CONFIG_CAN_VCAN=y
# CONFIG_CAN_SLCAN is not set
# CONFIG_CAN_DEV is not set
# CONFIG_CAN_DEBUG_DEVICES is not set
CONFIG_IRDA=m

#
# IrDA protocols
#
CONFIG_IRLAN=m
CONFIG_IRNET=m
CONFIG_IRCOMM=m
# CONFIG_IRDA_ULTRA is not set

#
# IrDA options
#
CONFIG_IRDA_CACHE_LAST_LSAP=y
# CONFIG_IRDA_FAST_RR is not set
# CONFIG_IRDA_DEBUG is not set

#
# Infrared-port device drivers
#

#
# SIR device drivers
#
# CONFIG_IRTTY_SIR is not set

#
# Dongle support
#
CONFIG_KINGSUN_DONGLE=m
CONFIG_KSDAZZLE_DONGLE=m
CONFIG_KS959_DONGLE=m

#
# FIR device drivers
#
# CONFIG_USB_IRDA is not set
CONFIG_SIGMATEL_FIR=m
# CONFIG_NSC_FIR is not set
# CONFIG_WINBOND_FIR is not set
# CONFIG_TOSHIBA_FIR is not set
CONFIG_SMC_IRCC_FIR=m
CONFIG_ALI_FIR=m
# CONFIG_VLSI_FIR is not set
CONFIG_VIA_FIR=m
CONFIG_MCS_FIR=m
# CONFIG_BT is not set
CONFIG_WIRELESS=y
CONFIG_WIRELESS_EXT=y
CONFIG_WEXT_CORE=y
CONFIG_WEXT_PROC=y
CONFIG_WEXT_SPY=y
CONFIG_WEXT_PRIV=y
CONFIG_CFG80211=m
CONFIG_NL80211_TESTMODE=y
# CONFIG_CFG80211_DEVELOPER_WARNINGS is not set
CONFIG_CFG80211_REG_DEBUG=y
# CONFIG_CFG80211_DEFAULT_PS is not set
CONFIG_CFG80211_DEBUGFS=y
# CONFIG_CFG80211_INTERNAL_REGDB is not set
CONFIG_CFG80211_WEXT=y
CONFIG_LIB80211=m
CONFIG_LIB80211_CRYPT_WEP=m
CONFIG_LIB80211_CRYPT_CCMP=m
CONFIG_LIB80211_CRYPT_TKIP=m
# CONFIG_LIB80211_DEBUG is not set
CONFIG_MAC80211=m
CONFIG_MAC80211_HAS_RC=y
CONFIG_MAC80211_RC_MINSTREL=y
CONFIG_MAC80211_RC_MINSTREL_HT=y
CONFIG_MAC80211_RC_DEFAULT_MINSTREL=y
CONFIG_MAC80211_RC_DEFAULT="minstrel_ht"
# CONFIG_MAC80211_MESH is not set
CONFIG_MAC80211_LEDS=y
# CONFIG_MAC80211_DEBUGFS is not set
# CONFIG_MAC80211_MESSAGE_TRACING is not set
# CONFIG_MAC80211_DEBUG_MENU is not set
CONFIG_WIMAX=m
CONFIG_WIMAX_DEBUG_LEVEL=8
CONFIG_RFKILL=m
CONFIG_RFKILL_LEDS=y
CONFIG_RFKILL_INPUT=y
# CONFIG_RFKILL_REGULATOR is not set
# CONFIG_RFKILL_GPIO is not set
# CONFIG_NET_9P is not set
CONFIG_CAIF=y
# CONFIG_CAIF_DEBUG is not set
# CONFIG_CAIF_NETDEV is not set
CONFIG_CAIF_USB=m
# CONFIG_NFC is not set

#
# Device Drivers
#

#
# Generic Driver Options
#
CONFIG_UEVENT_HELPER_PATH=""
# CONFIG_DEVTMPFS is not set
CONFIG_STANDALONE=y
CONFIG_PREVENT_FIRMWARE_BUILD=y
CONFIG_FW_LOADER=y
CONFIG_FIRMWARE_IN_KERNEL=y
CONFIG_EXTRA_FIRMWARE=""
CONFIG_FW_LOADER_USER_HELPER=y
# CONFIG_DEBUG_DRIVER is not set
CONFIG_DEBUG_DEVRES=y
# CONFIG_SYS_HYPERVISOR is not set
# CONFIG_GENERIC_CPU_DEVICES is not set
CONFIG_REGMAP=y
CONFIG_REGMAP_I2C=y
CONFIG_REGMAP_SPI=y
CONFIG_REGMAP_MMIO=y
CONFIG_REGMAP_IRQ=y
CONFIG_DMA_SHARED_BUFFER=y

#
# Bus devices
#
CONFIG_CONNECTOR=m
CONFIG_MTD=y
# CONFIG_MTD_TESTS is not set
CONFIG_MTD_REDBOOT_PARTS=m
CONFIG_MTD_REDBOOT_DIRECTORY_BLOCK=-1
# CONFIG_MTD_REDBOOT_PARTS_UNALLOCATED is not set
CONFIG_MTD_REDBOOT_PARTS_READONLY=y
CONFIG_MTD_CMDLINE_PARTS=y
CONFIG_MTD_OF_PARTS=m
CONFIG_MTD_AR7_PARTS=y

#
# User Modules And Translation Layers
#
CONFIG_MTD_BLKDEVS=y
CONFIG_MTD_BLOCK=y
# CONFIG_FTL is not set
# CONFIG_NFTL is not set
# CONFIG_INFTL is not set
CONFIG_RFD_FTL=y
CONFIG_SSFDC=m
# CONFIG_SM_FTL is not set
CONFIG_MTD_OOPS=m

#
# RAM/ROM/Flash chip drivers
#
CONFIG_MTD_CFI=m
CONFIG_MTD_JEDECPROBE=y
CONFIG_MTD_GEN_PROBE=y
# CONFIG_MTD_CFI_ADV_OPTIONS is not set
CONFIG_MTD_MAP_BANK_WIDTH_1=y
CONFIG_MTD_MAP_BANK_WIDTH_2=y
CONFIG_MTD_MAP_BANK_WIDTH_4=y
# CONFIG_MTD_MAP_BANK_WIDTH_8 is not set
# CONFIG_MTD_MAP_BANK_WIDTH_16 is not set
# CONFIG_MTD_MAP_BANK_WIDTH_32 is not set
CONFIG_MTD_CFI_I1=y
CONFIG_MTD_CFI_I2=y
# CONFIG_MTD_CFI_I4 is not set
# CONFIG_MTD_CFI_I8 is not set
CONFIG_MTD_CFI_INTELEXT=y
CONFIG_MTD_CFI_AMDSTD=m
# CONFIG_MTD_CFI_STAA is not set
CONFIG_MTD_CFI_UTIL=y
CONFIG_MTD_RAM=m
CONFIG_MTD_ROM=m
CONFIG_MTD_ABSENT=m

#
# Mapping drivers for chip access
#
# CONFIG_MTD_COMPLEX_MAPPINGS is not set
CONFIG_MTD_PHYSMAP=m
# CONFIG_MTD_PHYSMAP_COMPAT is not set
CONFIG_MTD_PHYSMAP_OF=y
CONFIG_MTD_SC520CDP=m
# CONFIG_MTD_NETSC520 is not set
# CONFIG_MTD_TS5500 is not set
# CONFIG_MTD_SCx200_DOCFLASH is not set
CONFIG_MTD_AMD76XROM=m
CONFIG_MTD_ICHXROM=y
CONFIG_MTD_ESB2ROM=m
CONFIG_MTD_CK804XROM=y
CONFIG_MTD_SCB2_FLASH=m
CONFIG_MTD_NETtel=m
CONFIG_MTD_L440GX=y
CONFIG_MTD_INTEL_VR_NOR=y
CONFIG_MTD_PLATRAM=m

#
# Self-contained MTD device drivers
#
CONFIG_MTD_PMC551=m
CONFIG_MTD_PMC551_BUGFIX=y
CONFIG_MTD_PMC551_DEBUG=y
CONFIG_MTD_DATAFLASH=m
# CONFIG_MTD_DATAFLASH_WRITE_VERIFY is not set
CONFIG_MTD_DATAFLASH_OTP=y
# CONFIG_MTD_M25P80 is not set
# CONFIG_MTD_SST25L is not set
# CONFIG_MTD_SLRAM is not set
# CONFIG_MTD_PHRAM is not set
CONFIG_MTD_MTDRAM=m
CONFIG_MTDRAM_TOTAL_SIZE=4096
CONFIG_MTDRAM_ERASE_SIZE=128
CONFIG_MTD_BLOCK2MTD=y

#
# Disk-On-Chip Device Drivers
#
# CONFIG_MTD_DOCG3 is not set
# CONFIG_MTD_NAND is not set
CONFIG_MTD_ONENAND=y
# CONFIG_MTD_ONENAND_VERIFY_WRITE is not set
# CONFIG_MTD_ONENAND_GENERIC is not set
CONFIG_MTD_ONENAND_OTP=y
CONFIG_MTD_ONENAND_2X_PROGRAM=y

#
# LPDDR flash memory drivers
#
CONFIG_MTD_LPDDR=m
CONFIG_MTD_QINFO_PROBE=m
CONFIG_MTD_UBI=y
CONFIG_MTD_UBI_WL_THRESHOLD=4096
CONFIG_MTD_UBI_BEB_LIMIT=20
# CONFIG_MTD_UBI_FASTMAP is not set
CONFIG_MTD_UBI_GLUEBI=y
CONFIG_DTC=y
CONFIG_OF=y

#
# Device Tree and Open Firmware support
#
# CONFIG_PROC_DEVICETREE is not set
# CONFIG_OF_SELFTEST is not set
CONFIG_OF_FLATTREE=y
CONFIG_OF_EARLY_FLATTREE=y
CONFIG_OF_PROMTREE=y
CONFIG_OF_ADDRESS=y
CONFIG_OF_IRQ=y
CONFIG_OF_NET=y
CONFIG_OF_MDIO=y
CONFIG_OF_PCI=y
CONFIG_OF_PCI_IRQ=y
CONFIG_OF_MTD=y
# CONFIG_PARPORT is not set
CONFIG_ARCH_MIGHT_HAVE_PC_PARPORT=y
CONFIG_PNP=y
CONFIG_PNP_DEBUG_MESSAGES=y

#
# Protocols
#
CONFIG_PNPACPI=y
CONFIG_BLK_DEV=y
# CONFIG_BLK_DEV_NULL_BLK is not set
# CONFIG_BLK_DEV_FD is not set
# CONFIG_BLK_DEV_PCIESSD_MTIP32XX is not set
# CONFIG_BLK_CPQ_CISS_DA is not set
# CONFIG_BLK_DEV_DAC960 is not set
# CONFIG_BLK_DEV_UMEM is not set
# CONFIG_BLK_DEV_COW_COMMON is not set
# CONFIG_BLK_DEV_LOOP is not set

#
# DRBD disabled because PROC_FS or INET not selected
#
# CONFIG_BLK_DEV_NBD is not set
# CONFIG_BLK_DEV_NVME is not set
# CONFIG_BLK_DEV_OSD is not set
# CONFIG_BLK_DEV_SX8 is not set
# CONFIG_BLK_DEV_RAM is not set
# CONFIG_CDROM_PKTCDVD is not set
# CONFIG_ATA_OVER_ETH is not set
# CONFIG_VIRTIO_BLK is not set
# CONFIG_BLK_DEV_HD is not set
# CONFIG_BLK_DEV_RSXX is not set

#
# Misc devices
#
CONFIG_SENSORS_LIS3LV02D=y
CONFIG_AD525X_DPOT=m
# CONFIG_AD525X_DPOT_I2C is not set
# CONFIG_AD525X_DPOT_SPI is not set
# CONFIG_DUMMY_IRQ is not set
CONFIG_IBM_ASM=m
# CONFIG_PHANTOM is not set
CONFIG_SGI_IOC4=m
# CONFIG_TIFM_CORE is not set
CONFIG_ICS932S401=m
CONFIG_ATMEL_SSC=m
# CONFIG_ENCLOSURE_SERVICES is not set
CONFIG_HP_ILO=y
CONFIG_APDS9802ALS=y
# CONFIG_ISL29003 is not set
# CONFIG_ISL29020 is not set
# CONFIG_SENSORS_TSL2550 is not set
CONFIG_SENSORS_BH1780=m
CONFIG_SENSORS_BH1770=y
CONFIG_SENSORS_APDS990X=y
CONFIG_HMC6352=y
CONFIG_DS1682=y
# CONFIG_TI_DAC7512 is not set
# CONFIG_VMWARE_BALLOON is not set
CONFIG_BMP085=y
CONFIG_BMP085_I2C=y
CONFIG_BMP085_SPI=y
CONFIG_PCH_PHUB=y
CONFIG_USB_SWITCH_FSA9480=m
CONFIG_LATTICE_ECP3_CONFIG=m
# CONFIG_SRAM is not set
# CONFIG_C2PORT is not set

#
# EEPROM support
#
# CONFIG_EEPROM_AT24 is not set
CONFIG_EEPROM_AT25=y
CONFIG_EEPROM_LEGACY=y
CONFIG_EEPROM_MAX6875=m
CONFIG_EEPROM_93CX6=y
CONFIG_EEPROM_93XX46=y
CONFIG_CB710_CORE=y
# CONFIG_CB710_DEBUG is not set
CONFIG_CB710_DEBUG_ASSUMPTIONS=y

#
# Texas Instruments shared transport line discipline
#
CONFIG_TI_ST=m
CONFIG_SENSORS_LIS3_I2C=y

#
# Altera FPGA firmware download module
#
# CONFIG_ALTERA_STAPL is not set
# CONFIG_INTEL_MEI is not set
# CONFIG_INTEL_MEI_ME is not set
CONFIG_VMWARE_VMCI=m

#
# Intel MIC Host Driver
#

#
# Intel MIC Card Driver
#
CONFIG_HAVE_IDE=y
CONFIG_IDE=y

#
# Please see Documentation/ide/ide.txt for help/info on IDE drives
#
CONFIG_IDE_XFER_MODE=y
CONFIG_IDE_TIMINGS=y
CONFIG_IDE_ATAPI=y
# CONFIG_BLK_DEV_IDE_SATA is not set
CONFIG_IDE_GD=m
CONFIG_IDE_GD_ATA=y
# CONFIG_IDE_GD_ATAPI is not set
# CONFIG_BLK_DEV_IDECD is not set
CONFIG_BLK_DEV_IDETAPE=y
# CONFIG_BLK_DEV_IDEACPI is not set
# CONFIG_IDE_TASK_IOCTL is not set
# CONFIG_IDE_PROC_FS is not set

#
# IDE chipset support/bugfixes
#
CONFIG_IDE_GENERIC=m
# CONFIG_BLK_DEV_PLATFORM is not set
CONFIG_BLK_DEV_CMD640=m
CONFIG_BLK_DEV_CMD640_ENHANCED=y
# CONFIG_BLK_DEV_IDEPNP is not set
CONFIG_BLK_DEV_IDEDMA_SFF=y

#
# PCI IDE chipsets support
#
CONFIG_BLK_DEV_IDEPCI=y
# CONFIG_IDEPCI_PCIBUS_ORDER is not set
CONFIG_BLK_DEV_OFFBOARD=y
CONFIG_BLK_DEV_GENERIC=y
CONFIG_BLK_DEV_OPTI621=m
CONFIG_BLK_DEV_RZ1000=y
CONFIG_BLK_DEV_IDEDMA_PCI=y
CONFIG_BLK_DEV_AEC62XX=y
CONFIG_BLK_DEV_ALI15X3=m
CONFIG_BLK_DEV_AMD74XX=m
CONFIG_BLK_DEV_ATIIXP=m
CONFIG_BLK_DEV_CMD64X=y
CONFIG_BLK_DEV_TRIFLEX=m
CONFIG_BLK_DEV_CS5520=y
# CONFIG_BLK_DEV_CS5530 is not set
# CONFIG_BLK_DEV_CS5535 is not set
CONFIG_BLK_DEV_CS5536=m
CONFIG_BLK_DEV_HPT366=y
CONFIG_BLK_DEV_JMICRON=m
CONFIG_BLK_DEV_SC1200=m
# CONFIG_BLK_DEV_PIIX is not set
CONFIG_BLK_DEV_IT8172=y
# CONFIG_BLK_DEV_IT8213 is not set
CONFIG_BLK_DEV_IT821X=y
CONFIG_BLK_DEV_NS87415=y
# CONFIG_BLK_DEV_PDC202XX_OLD is not set
# CONFIG_BLK_DEV_PDC202XX_NEW is not set
CONFIG_BLK_DEV_SVWKS=m
CONFIG_BLK_DEV_SIIMAGE=y
CONFIG_BLK_DEV_SIS5513=y
# CONFIG_BLK_DEV_SLC90E66 is not set
CONFIG_BLK_DEV_TRM290=y
CONFIG_BLK_DEV_VIA82CXXX=y
# CONFIG_BLK_DEV_TC86C001 is not set
CONFIG_BLK_DEV_IDEDMA=y

#
# SCSI device support
#
CONFIG_SCSI_MOD=y
CONFIG_RAID_ATTRS=m
CONFIG_SCSI=y
CONFIG_SCSI_DMA=y
CONFIG_SCSI_TGT=m
CONFIG_SCSI_NETLINK=y
# CONFIG_SCSI_PROC_FS is not set

#
# SCSI support type (disk, tape, CD-ROM)
#
CONFIG_BLK_DEV_SD=y
CONFIG_CHR_DEV_ST=m
# CONFIG_CHR_DEV_OSST is not set
CONFIG_BLK_DEV_SR=m
CONFIG_BLK_DEV_SR_VENDOR=y
CONFIG_CHR_DEV_SG=y
CONFIG_CHR_DEV_SCH=y
CONFIG_SCSI_MULTI_LUN=y
CONFIG_SCSI_CONSTANTS=y
CONFIG_SCSI_LOGGING=y
# CONFIG_SCSI_SCAN_ASYNC is not set

#
# SCSI Transports
#
CONFIG_SCSI_SPI_ATTRS=y
CONFIG_SCSI_FC_ATTRS=y
# CONFIG_SCSI_ISCSI_ATTRS is not set
CONFIG_SCSI_SAS_ATTRS=y
CONFIG_SCSI_SAS_LIBSAS=m
CONFIG_SCSI_SAS_ATA=y
CONFIG_SCSI_SAS_HOST_SMP=y
CONFIG_SCSI_SRP_ATTRS=m
CONFIG_SCSI_SRP_TGT_ATTRS=y
# CONFIG_SCSI_LOWLEVEL is not set
CONFIG_SCSI_DH=m
# CONFIG_SCSI_DH_RDAC is not set
# CONFIG_SCSI_DH_HP_SW is not set
CONFIG_SCSI_DH_EMC=m
CONFIG_SCSI_DH_ALUA=m
CONFIG_SCSI_OSD_INITIATOR=y
CONFIG_SCSI_OSD_ULD=m
CONFIG_SCSI_OSD_DPRINT_SENSE=1
# CONFIG_SCSI_OSD_DEBUG is not set
CONFIG_ATA=y
# CONFIG_ATA_NONSTANDARD is not set
# CONFIG_ATA_VERBOSE_ERROR is not set
CONFIG_ATA_ACPI=y
# CONFIG_SATA_ZPODD is not set
CONFIG_SATA_PMP=y

#
# Controllers with non-SFF native interface
#
# CONFIG_SATA_AHCI is not set
# CONFIG_SATA_AHCI_PLATFORM is not set
CONFIG_SATA_INIC162X=y
# CONFIG_SATA_ACARD_AHCI is not set
# CONFIG_SATA_SIL24 is not set
CONFIG_ATA_SFF=y

#
# SFF controllers with custom DMA interface
#
# CONFIG_PDC_ADMA is not set
CONFIG_SATA_QSTOR=y
CONFIG_SATA_SX4=y
CONFIG_ATA_BMDMA=y

#
# SATA SFF controllers with BMDMA
#
CONFIG_ATA_PIIX=m
CONFIG_SATA_HIGHBANK=m
# CONFIG_SATA_MV is not set
CONFIG_SATA_NV=y
CONFIG_SATA_PROMISE=m
# CONFIG_SATA_RCAR is not set
CONFIG_SATA_SIL=y
# CONFIG_SATA_SIS is not set
CONFIG_SATA_SVW=m
CONFIG_SATA_ULI=y
# CONFIG_SATA_VIA is not set
CONFIG_SATA_VITESSE=m

#
# PATA SFF controllers with BMDMA
#
CONFIG_PATA_ALI=y
CONFIG_PATA_AMD=m
# CONFIG_PATA_ARTOP is not set
CONFIG_PATA_ATIIXP=m
# CONFIG_PATA_ATP867X is not set
CONFIG_PATA_CMD64X=m
# CONFIG_PATA_CS5520 is not set
# CONFIG_PATA_CS5530 is not set
CONFIG_PATA_CS5535=y
CONFIG_PATA_CS5536=y
CONFIG_PATA_CYPRESS=y
CONFIG_PATA_EFAR=m
# CONFIG_PATA_HPT366 is not set
# CONFIG_PATA_HPT37X is not set
CONFIG_PATA_HPT3X2N=m
CONFIG_PATA_HPT3X3=y
# CONFIG_PATA_HPT3X3_DMA is not set
# CONFIG_PATA_IT8213 is not set
CONFIG_PATA_IT821X=y
CONFIG_PATA_JMICRON=y
# CONFIG_PATA_MARVELL is not set
CONFIG_PATA_NETCELL=y
# CONFIG_PATA_NINJA32 is not set
# CONFIG_PATA_NS87415 is not set
CONFIG_PATA_OLDPIIX=m
# CONFIG_PATA_OPTIDMA is not set
CONFIG_PATA_PDC2027X=y
# CONFIG_PATA_PDC_OLD is not set
# CONFIG_PATA_RADISYS is not set
# CONFIG_PATA_RDC is not set
# CONFIG_PATA_SC1200 is not set
CONFIG_PATA_SCH=m
# CONFIG_PATA_SERVERWORKS is not set
CONFIG_PATA_SIL680=y
# CONFIG_PATA_SIS is not set
# CONFIG_PATA_TOSHIBA is not set
CONFIG_PATA_TRIFLEX=y
# CONFIG_PATA_VIA is not set
CONFIG_PATA_WINBOND=y

#
# PIO-only SFF controllers
#
CONFIG_PATA_CMD640_PCI=m
CONFIG_PATA_MPIIX=m
CONFIG_PATA_NS87410=y
CONFIG_PATA_OPTI=m
CONFIG_PATA_RZ1000=y

#
# Generic fallback / legacy drivers
#
# CONFIG_PATA_ACPI is not set
# CONFIG_ATA_GENERIC is not set
CONFIG_PATA_LEGACY=y
# CONFIG_MD is not set
# CONFIG_TARGET_CORE is not set
CONFIG_FUSION=y
CONFIG_FUSION_SPI=y
CONFIG_FUSION_FC=m
CONFIG_FUSION_SAS=y
CONFIG_FUSION_MAX_SGE=128
CONFIG_FUSION_CTL=m
# CONFIG_FUSION_LOGGING is not set

#
# IEEE 1394 (FireWire) support
#
# CONFIG_FIREWIRE is not set
CONFIG_FIREWIRE_NOSY=y
# CONFIG_I2O is not set
# CONFIG_MACINTOSH_DRIVERS is not set
CONFIG_NETDEVICES=y
CONFIG_MII=y
CONFIG_NET_CORE=y
CONFIG_DUMMY=m
# CONFIG_EQUALIZER is not set
# CONFIG_NET_FC is not set
CONFIG_NET_TEAM=y
# CONFIG_NET_TEAM_MODE_BROADCAST is not set
# CONFIG_NET_TEAM_MODE_ROUNDROBIN is not set
CONFIG_NET_TEAM_MODE_RANDOM=m
# CONFIG_NET_TEAM_MODE_ACTIVEBACKUP is not set
# CONFIG_NET_TEAM_MODE_LOADBALANCE is not set
CONFIG_MACVLAN=m
CONFIG_MACVTAP=m
CONFIG_NETCONSOLE=y
CONFIG_NETPOLL=y
CONFIG_NETPOLL_TRAP=y
CONFIG_NET_POLL_CONTROLLER=y
CONFIG_TUN=y
CONFIG_VETH=y
CONFIG_VIRTIO_NET=y
CONFIG_NLMON=y
CONFIG_SUNGEM_PHY=m
CONFIG_ARCNET=m
CONFIG_ARCNET_1201=m
CONFIG_ARCNET_1051=m
CONFIG_ARCNET_RAW=m
CONFIG_ARCNET_CAP=m
# CONFIG_ARCNET_COM90xx is not set
CONFIG_ARCNET_COM90xxIO=m
CONFIG_ARCNET_RIM_I=m
# CONFIG_ARCNET_COM20020 is not set

#
# CAIF transport drivers
#
CONFIG_CAIF_TTY=y
# CONFIG_CAIF_SPI_SLAVE is not set
CONFIG_CAIF_HSI=y
CONFIG_CAIF_VIRTIO=m
CONFIG_VHOST_NET=m
CONFIG_VHOST_RING=m
CONFIG_VHOST=m

#
# Distributed Switch Architecture drivers
#
CONFIG_NET_DSA_MV88E6XXX=m
CONFIG_NET_DSA_MV88E6060=y
CONFIG_NET_DSA_MV88E6XXX_NEED_PPU=y
CONFIG_NET_DSA_MV88E6131=m
CONFIG_NET_DSA_MV88E6123_61_65=m
CONFIG_ETHERNET=y
CONFIG_MDIO=m
# CONFIG_NET_VENDOR_3COM is not set
# CONFIG_NET_VENDOR_ADAPTEC is not set
CONFIG_NET_VENDOR_ALTEON=y
# CONFIG_ACENIC is not set
# CONFIG_NET_VENDOR_AMD is not set
# CONFIG_NET_VENDOR_ARC is not set
CONFIG_NET_VENDOR_ATHEROS=y
# CONFIG_ATL2 is not set
CONFIG_ATL1=m
CONFIG_ATL1E=m
CONFIG_ATL1C=y
CONFIG_ALX=m
# CONFIG_NET_CADENCE is not set
# CONFIG_NET_VENDOR_BROADCOM is not set
CONFIG_NET_VENDOR_BROCADE=y
# CONFIG_BNA is not set
CONFIG_NET_CALXEDA_XGMAC=y
# CONFIG_NET_VENDOR_CHELSIO is not set
# CONFIG_NET_VENDOR_CISCO is not set
CONFIG_DNET=m
CONFIG_NET_VENDOR_DEC=y
# CONFIG_NET_TULIP is not set
# CONFIG_NET_VENDOR_DLINK is not set
# CONFIG_NET_VENDOR_EMULEX is not set
# CONFIG_NET_VENDOR_EXAR is not set
# CONFIG_NET_VENDOR_HP is not set
CONFIG_NET_VENDOR_INTEL=y
# CONFIG_E100 is not set
# CONFIG_E1000 is not set
CONFIG_E1000E=m
CONFIG_IGB=m
CONFIG_IGB_HWMON=y
CONFIG_IGBVF=m
# CONFIG_IXGB is not set
CONFIG_IXGBE=m
# CONFIG_IXGBE_HWMON is not set
# CONFIG_IXGBEVF is not set
CONFIG_I40E=m
# CONFIG_NET_VENDOR_I825XX is not set
CONFIG_IP1000=y
# CONFIG_JME is not set
CONFIG_NET_VENDOR_MARVELL=y
CONFIG_MVMDIO=m
# CONFIG_SKGE is not set
CONFIG_SKY2=y
CONFIG_SKY2_DEBUG=y
CONFIG_NET_VENDOR_MELLANOX=y
CONFIG_MLX4_EN=y
CONFIG_MLX4_CORE=y
CONFIG_MLX4_DEBUG=y
# CONFIG_MLX5_CORE is not set
# CONFIG_NET_VENDOR_MICREL is not set
CONFIG_NET_VENDOR_MICROCHIP=y
CONFIG_ENC28J60=y
# CONFIG_ENC28J60_WRITEVERIFY is not set
CONFIG_FEALNX=y
# CONFIG_NET_VENDOR_NATSEMI is not set
# CONFIG_NET_VENDOR_NVIDIA is not set
CONFIG_NET_VENDOR_OKI=y
CONFIG_PCH_GBE=y
CONFIG_ETHOC=y
# CONFIG_NET_PACKET_ENGINE is not set
CONFIG_NET_VENDOR_QLOGIC=y
# CONFIG_QLA3XXX is not set
CONFIG_QLCNIC=y
CONFIG_QLGE=y
# CONFIG_NETXEN_NIC is not set
# CONFIG_NET_VENDOR_REALTEK is not set
CONFIG_SH_ETH=m
# CONFIG_NET_VENDOR_RDC is not set
# CONFIG_NET_VENDOR_SEEQ is not set
# CONFIG_NET_VENDOR_SILAN is not set
CONFIG_NET_VENDOR_SIS=y
CONFIG_SIS900=m
CONFIG_SIS190=m
# CONFIG_SFC is not set
CONFIG_NET_VENDOR_SMSC=y
CONFIG_EPIC100=y
# CONFIG_SMSC911X is not set
CONFIG_SMSC9420=m
# CONFIG_NET_VENDOR_STMICRO is not set
CONFIG_NET_VENDOR_SUN=y
# CONFIG_HAPPYMEAL is not set
CONFIG_SUNGEM=m
# CONFIG_CASSINI is not set
CONFIG_NIU=y
# CONFIG_NET_VENDOR_TEHUTI is not set
CONFIG_NET_VENDOR_TI=y
CONFIG_TLAN=m
CONFIG_NET_VENDOR_VIA=y
# CONFIG_VIA_RHINE is not set
# CONFIG_VIA_VELOCITY is not set
CONFIG_NET_VENDOR_WIZNET=y
# CONFIG_WIZNET_W5100 is not set
CONFIG_WIZNET_W5300=y
# CONFIG_WIZNET_BUS_DIRECT is not set
# CONFIG_WIZNET_BUS_INDIRECT is not set
CONFIG_WIZNET_BUS_ANY=y
CONFIG_FDDI=m
# CONFIG_DEFXX is not set
CONFIG_SKFP=m
# CONFIG_NET_SB1000 is not set
CONFIG_PHYLIB=y

#
# MII PHY device drivers
#
CONFIG_AT803X_PHY=y
CONFIG_AMD_PHY=y
# CONFIG_MARVELL_PHY is not set
CONFIG_DAVICOM_PHY=m
# CONFIG_QSEMI_PHY is not set
# CONFIG_LXT_PHY is not set
# CONFIG_CICADA_PHY is not set
# CONFIG_VITESSE_PHY is not set
CONFIG_SMSC_PHY=m
CONFIG_BROADCOM_PHY=y
CONFIG_BCM87XX_PHY=y
# CONFIG_ICPLUS_PHY is not set
CONFIG_REALTEK_PHY=y
CONFIG_NATIONAL_PHY=y
# CONFIG_STE10XP is not set
CONFIG_LSI_ET1011C_PHY=m
# CONFIG_MICREL_PHY is not set
CONFIG_FIXED_PHY=y
CONFIG_MDIO_BITBANG=y
# CONFIG_MDIO_GPIO is not set
CONFIG_MDIO_BUS_MUX=m
# CONFIG_MDIO_BUS_MUX_GPIO is not set
CONFIG_MDIO_BUS_MUX_MMIOREG=m
# CONFIG_MICREL_KS8995MA is not set
CONFIG_PPP=m
# CONFIG_PPP_BSDCOMP is not set
CONFIG_PPP_DEFLATE=m
CONFIG_PPP_FILTER=y
# CONFIG_PPP_MPPE is not set
CONFIG_PPP_MULTILINK=y
CONFIG_PPPOE=m
CONFIG_PPP_ASYNC=m
CONFIG_PPP_SYNC_TTY=m
CONFIG_SLIP=y
CONFIG_SLHC=m
# CONFIG_SLIP_COMPRESSED is not set
CONFIG_SLIP_SMART=y
CONFIG_SLIP_MODE_SLIP6=y

#
# USB Network Adapters
#
CONFIG_USB_CATC=y
CONFIG_USB_KAWETH=y
# CONFIG_USB_PEGASUS is not set
CONFIG_USB_RTL8150=m
CONFIG_USB_RTL8152=y
CONFIG_USB_USBNET=m
CONFIG_USB_NET_AX8817X=m
CONFIG_USB_NET_AX88179_178A=m
CONFIG_USB_NET_CDCETHER=m
CONFIG_USB_NET_CDC_EEM=m
CONFIG_USB_NET_CDC_NCM=m
CONFIG_USB_NET_HUAWEI_CDC_NCM=m
CONFIG_USB_NET_CDC_MBIM=m
# CONFIG_USB_NET_DM9601 is not set
CONFIG_USB_NET_SR9700=m
# CONFIG_USB_NET_SMSC75XX is not set
CONFIG_USB_NET_SMSC95XX=m
CONFIG_USB_NET_GL620A=m
# CONFIG_USB_NET_NET1080 is not set
CONFIG_USB_NET_PLUSB=m
# CONFIG_USB_NET_MCS7830 is not set
CONFIG_USB_NET_RNDIS_HOST=m
CONFIG_USB_NET_CDC_SUBSET=m
# CONFIG_USB_ALI_M5632 is not set
CONFIG_USB_AN2720=y
CONFIG_USB_BELKIN=y
# CONFIG_USB_ARMLINUX is not set
CONFIG_USB_EPSON2888=y
CONFIG_USB_KC2190=y
CONFIG_USB_NET_ZAURUS=m
CONFIG_USB_NET_CX82310_ETH=m
# CONFIG_USB_NET_KALMIA is not set
CONFIG_USB_NET_QMI_WWAN=m
# CONFIG_USB_HSO is not set
CONFIG_USB_NET_INT51X1=m
CONFIG_USB_IPHETH=m
# CONFIG_USB_SIERRA_NET is not set
# CONFIG_USB_VL600 is not set
CONFIG_WLAN=y
# CONFIG_LIBERTAS_THINFIRM is not set
CONFIG_AIRO=m
# CONFIG_ATMEL is not set
CONFIG_AT76C50X_USB=m
CONFIG_PRISM54=y
CONFIG_USB_ZD1201=m
CONFIG_USB_NET_RNDIS_WLAN=m
CONFIG_RTL8180=m
CONFIG_RTL8187=m
CONFIG_RTL8187_LEDS=y
CONFIG_ADM8211=m
CONFIG_MAC80211_HWSIM=m
CONFIG_MWL8K=m
CONFIG_ATH_COMMON=m
CONFIG_ATH_CARDS=m
CONFIG_ATH_DEBUG=y
CONFIG_ATH5K=m
CONFIG_ATH5K_DEBUG=y
# CONFIG_ATH5K_TRACER is not set
CONFIG_ATH5K_PCI=y
CONFIG_ATH9K_HW=m
CONFIG_ATH9K_COMMON=m
CONFIG_ATH9K_BTCOEX_SUPPORT=y
CONFIG_ATH9K=m
CONFIG_ATH9K_PCI=y
CONFIG_ATH9K_AHB=y
# CONFIG_ATH9K_DEBUGFS is not set
CONFIG_ATH9K_LEGACY_RATE_CONTROL=y
CONFIG_ATH9K_RFKILL=y
CONFIG_ATH9K_HTC=m
CONFIG_ATH9K_HTC_DEBUGFS=y
CONFIG_CARL9170=m
# CONFIG_CARL9170_LEDS is not set
CONFIG_CARL9170_WPC=y
CONFIG_CARL9170_HWRNG=y
# CONFIG_ATH6KL is not set
CONFIG_AR5523=m
# CONFIG_WIL6210 is not set
CONFIG_ATH10K=m
CONFIG_ATH10K_PCI=m
CONFIG_ATH10K_DEBUG=y
CONFIG_ATH10K_DEBUGFS=y
# CONFIG_ATH10K_TRACING is not set
CONFIG_WCN36XX=m
# CONFIG_WCN36XX_DEBUGFS is not set
CONFIG_B43=m
# CONFIG_B43_BCMA is not set
CONFIG_B43_SSB=y
CONFIG_B43_PCI_AUTOSELECT=y
CONFIG_B43_PCICORE_AUTOSELECT=y
CONFIG_B43_PIO=y
CONFIG_B43_PHY_N=y
CONFIG_B43_PHY_LP=y
CONFIG_B43_LEDS=y
CONFIG_B43_HWRNG=y
# CONFIG_B43_DEBUG is not set
CONFIG_B43LEGACY=m
CONFIG_B43LEGACY_PCI_AUTOSELECT=y
CONFIG_B43LEGACY_PCICORE_AUTOSELECT=y
CONFIG_B43LEGACY_LEDS=y
CONFIG_B43LEGACY_HWRNG=y
CONFIG_B43LEGACY_DEBUG=y
CONFIG_B43LEGACY_DMA=y
CONFIG_B43LEGACY_PIO=y
CONFIG_B43LEGACY_DMA_AND_PIO_MODE=y
# CONFIG_B43LEGACY_DMA_MODE is not set
# CONFIG_B43LEGACY_PIO_MODE is not set
CONFIG_BRCMUTIL=m
CONFIG_BRCMSMAC=m
CONFIG_BRCMFMAC=m
# CONFIG_BRCMFMAC_USB is not set
# CONFIG_BRCM_TRACING is not set
# CONFIG_BRCMDBG is not set
# CONFIG_HOSTAP is not set
# CONFIG_IPW2100 is not set
CONFIG_IPW2200=m
CONFIG_IPW2200_MONITOR=y
CONFIG_IPW2200_RADIOTAP=y
CONFIG_IPW2200_PROMISCUOUS=y
CONFIG_IPW2200_QOS=y
CONFIG_IPW2200_DEBUG=y
CONFIG_LIBIPW=m
CONFIG_LIBIPW_DEBUG=y
CONFIG_IWLWIFI=m
# CONFIG_IWLDVM is not set
CONFIG_IWLMVM=m
CONFIG_IWLWIFI_OPMODE_MODULAR=y

#
# Debugging Options
#
# CONFIG_IWLWIFI_DEBUG is not set
# CONFIG_IWLWIFI_DEVICE_TRACING is not set
CONFIG_IWLEGACY=m
CONFIG_IWL4965=m
# CONFIG_IWL3945 is not set

#
# iwl3945 / iwl4965 Debugging Options
#
CONFIG_IWLEGACY_DEBUG=y
CONFIG_LIBERTAS=m
CONFIG_LIBERTAS_USB=m
# CONFIG_LIBERTAS_SPI is not set
CONFIG_LIBERTAS_DEBUG=y
CONFIG_LIBERTAS_MESH=y
CONFIG_HERMES=m
CONFIG_HERMES_PRISM=y
CONFIG_HERMES_CACHE_FW_ON_INIT=y
# CONFIG_PLX_HERMES is not set
# CONFIG_TMD_HERMES is not set
CONFIG_NORTEL_HERMES=m
CONFIG_PCI_HERMES=m
CONFIG_ORINOCO_USB=m
CONFIG_P54_COMMON=m
CONFIG_P54_USB=m
CONFIG_P54_PCI=m
CONFIG_P54_SPI=m
CONFIG_P54_SPI_DEFAULT_EEPROM=y
CONFIG_P54_LEDS=y
CONFIG_RT2X00=m
CONFIG_RT2400PCI=m
CONFIG_RT2500PCI=m
CONFIG_RT61PCI=m
CONFIG_RT2800PCI=m
CONFIG_RT2800PCI_RT33XX=y
# CONFIG_RT2800PCI_RT35XX is not set
# CONFIG_RT2800PCI_RT53XX is not set
# CONFIG_RT2800PCI_RT3290 is not set
CONFIG_RT2500USB=m
# CONFIG_RT73USB is not set
CONFIG_RT2800USB=m
# CONFIG_RT2800USB_RT33XX is not set
CONFIG_RT2800USB_RT35XX=y
# CONFIG_RT2800USB_RT3573 is not set
# CONFIG_RT2800USB_RT53XX is not set
# CONFIG_RT2800USB_RT55XX is not set
# CONFIG_RT2800USB_UNKNOWN is not set
CONFIG_RT2800_LIB=m
CONFIG_RT2800_LIB_MMIO=m
CONFIG_RT2X00_LIB_MMIO=m
CONFIG_RT2X00_LIB_PCI=m
CONFIG_RT2X00_LIB_USB=m
CONFIG_RT2X00_LIB=m
CONFIG_RT2X00_LIB_FIRMWARE=y
CONFIG_RT2X00_LIB_CRYPTO=y
CONFIG_RT2X00_LIB_LEDS=y
CONFIG_RT2X00_DEBUG=y
CONFIG_RTL_CARDS=m
CONFIG_RTL8192CE=m
CONFIG_RTL8192SE=m
CONFIG_RTL8192DE=m
CONFIG_RTL8723AE=m
# CONFIG_RTL8188EE is not set
CONFIG_RTL8192CU=m
CONFIG_RTLWIFI=m
CONFIG_RTLWIFI_PCI=m
CONFIG_RTLWIFI_USB=m
CONFIG_RTLWIFI_DEBUG=y
CONFIG_RTL8192C_COMMON=m
CONFIG_WL_TI=y
CONFIG_WL1251=m
CONFIG_WL1251_SPI=m
CONFIG_WL12XX=m
CONFIG_WL18XX=m
CONFIG_WLCORE=m
CONFIG_WLCORE_SPI=m
CONFIG_ZD1211RW=m
# CONFIG_ZD1211RW_DEBUG is not set
CONFIG_MWIFIEX=m
CONFIG_MWIFIEX_PCIE=m
# CONFIG_MWIFIEX_USB is not set
CONFIG_CW1200=m
CONFIG_CW1200_WLAN_SPI=m

#
# WiMAX Wireless Broadband devices
#
CONFIG_WIMAX_I2400M=m
CONFIG_WIMAX_I2400M_USB=m
CONFIG_WIMAX_I2400M_DEBUG_LEVEL=8
