Return-Path: <owner-linux-mm@kvack.org>
Received: from mail-pa0-f46.google.com (mail-pa0-f46.google.com [209.85.220.46])
	by kanga.kvack.org (Postfix) with ESMTP id 9C3826B0035
	for <linux-mm@kvack.org>; Fri, 20 Jun 2014 06:27:16 -0400 (EDT)
Received: by mail-pa0-f46.google.com with SMTP id eu11so2953172pac.19
        for <linux-mm@kvack.org>; Fri, 20 Jun 2014 03:27:16 -0700 (PDT)
Received: from mga14.intel.com (mga14.intel.com. [192.55.52.115])
        by mx.google.com with ESMTP id au5si9165916pbc.93.2014.06.20.03.27.13
        for <linux-mm@kvack.org>;
        Fri, 20 Jun 2014 03:27:15 -0700 (PDT)
Date: Fri, 20 Jun 2014 18:27:04 +0800
From: Fengguang Wu <fengguang.wu@intel.com>
Subject: [memcontrol] WARNING: CPU: 0 PID: 1 at kernel/res_counter.c:28
 res_counter_uncharge_locked()
Message-ID: <20140620102704.GA8912@localhost>
MIME-Version: 1.0
Content-Type: multipart/mixed; boundary="yrj/dFKFPuw6o+aM"
Content-Disposition: inline
Sender: owner-linux-mm@kvack.org
List-ID: <linux-mm.kvack.org>
To: Johannes Weiner <hannes@cmpxchg.org>
Cc: Jet Chen <jet.chen@intel.com>, Yuanhan Liu <yuanhan.liu@intel.com>, LKP <lkp@01.org>, cgroups@vger.kernel.org, linux-doc@vger.kernel.org, linux-kernel@vger.kernel.org, linux-mm@kvack.org


--yrj/dFKFPuw6o+aM
Content-Type: text/plain; charset=us-ascii
Content-Disposition: inline

Greetings,

0day kernel testing robot got the below dmesg and the first bad commit is

git://git.kernel.org/pub/scm/linux/kernel/git/next/linux-next.git master

commit ddc5bfec501f4be3f9e89084c2db270c0c45d1d6
Author:     Johannes Weiner <hannes@cmpxchg.org>
AuthorDate: Fri Jun 20 10:27:58 2014 +1000
Commit:     Stephen Rothwell <sfr@canb.auug.org.au>
CommitDate: Fri Jun 20 10:27:58 2014 +1000

    mm: memcontrol: rewrite uncharge API
    
    The memcg uncharging code that is involved towards the end of a page's
    lifetime - truncation, reclaim, swapout, migration - is impressively
    complicated and fragile.
    
    Because anonymous and file pages were always charged before they had their
    page->mapping established, uncharges had to happen when the page type
    could still be known from the context; as in unmap for anonymous, page
    cache removal for file and shmem pages, and swap cache truncation for swap
    pages.  However, these operations happen well before the page is actually
    freed, and so a lot of synchronization is necessary:
    
    - Charging, uncharging, page migration, and charge migration all need
      to take a per-page bit spinlock as they could race with uncharging.
    
    - Swap cache truncation happens during both swap-in and swap-out, and
      possibly repeatedly before the page is actually freed.  This means
      that the memcg swapout code is called from many contexts that make
      no sense and it has to figure out the direction from page state to
      make sure memory and memory+swap are always correctly charged.
    
    - On page migration, the old page might be unmapped but then reused,
      so memcg code has to prevent untimely uncharging in that case.
      Because this code - which should be a simple charge transfer - is so
      special-cased, it is not reusable for replace_page_cache().
    
    But now that charged pages always have a page->mapping, introduce
    mem_cgroup_uncharge(), which is called after the final put_page(), when we
    know for sure that nobody is looking at the page anymore.
    
    For page migration, introduce mem_cgroup_migrate(), which is called after
    the migration is successful and the new page is fully rmapped.  Because
    the old page is no longer uncharged after migration, prevent double
    charges by decoupling the page's memcg association (PCG_USED and
    pc->mem_cgroup) from the page holding an actual charge.  The new bits
    PCG_MEM and PCG_MEMSW represent the respective charges and are transferred
    to the new page during migration.
    
    mem_cgroup_migrate() is suitable for replace_page_cache() as well, which
    gets rid of mem_cgroup_replace_page_cache().
    
    Swap accounting is massively simplified: because the page is no longer
    uncharged as early as swap cache deletion, a new mem_cgroup_swapout() can
    transfer the page's memory+swap charge (PCG_MEMSW) to the swap entry
    before the final put_page() in page reclaim.
    
    Finally, page_cgroup changes are now protected by whatever protection the
    page itself offers: anonymous pages are charged under the page table lock,
    whereas page cache insertions, swapin, and migration hold the page lock.
    Uncharging happens under full exclusion with no outstanding references.
    Charging and uncharging also ensure that the page is off-LRU, which
    serializes against charge migration.  Remove the very costly page_cgroup
    lock and set pc->flags non-atomically.
    
    Signed-off-by: Johannes Weiner <hannes@cmpxchg.org>
    Cc: Michal Hocko <mhocko@suse.cz>
    Cc: Hugh Dickins <hughd@google.com>
    Cc: Tejun Heo <tj@kernel.org>
    Cc: Vladimir Davydov <vdavydov@parallels.com>
    Signed-off-by: Andrew Morton <akpm@linux-foundation.org>

+-----------------------------------------------------------------------+------------+------------+---------------+
|                                                                       | 5b647620c6 | ddc5bfec50 | next-20140620 |
+-----------------------------------------------------------------------+------------+------------+---------------+
| boot_successes                                                        | 60         | 0          | 0             |
| boot_failures                                                         | 0          | 20         | 13            |
| WARNING:CPU:PID:at_kernel/res_counter.c:res_counter_uncharge_locked() | 0          | 20         | 13            |
| backtrace:vm_munmap                                                   | 0          | 20         | 13            |
| backtrace:SyS_munmap                                                  | 0          | 20         | 13            |
| backtrace:do_sys_open                                                 | 0          | 20         | 13            |
| backtrace:SyS_open                                                    | 0          | 20         | 13            |
| backtrace:do_execve                                                   | 0          | 20         | 13            |
| backtrace:SyS_execve                                                  | 0          | 20         | 13            |
| backtrace:do_group_exit                                               | 0          | 20         | 13            |
| backtrace:SyS_exit_group                                              | 0          | 20         | 13            |
| backtrace:SYSC_renameat2                                              | 0          | 11         | 8             |
| backtrace:SyS_rename                                                  | 0          | 11         | 8             |
| backtrace:do_munmap                                                   | 0          | 11         | 8             |
| backtrace:SyS_brk                                                     | 0          | 11         | 8             |
| Out_of_memory:Kill_process                                            | 0          | 1          |               |
| backtrace:do_unlinkat                                                 | 0          | 9          | 5             |
| backtrace:SyS_unlink                                                  | 0          | 9          | 5             |
| backtrace:SYSC_umount                                                 | 0          | 9          |               |
| backtrace:SyS_umount                                                  | 0          | 9          |               |
| backtrace:cleanup_mnt_work                                            | 0          | 0          | 5             |
+-----------------------------------------------------------------------+------------+------------+---------------+

[    2.747397] debug: unmapping init [mem 0xffff880001a3a000-0xffff880001bfffff]
[    2.748630] debug: unmapping init [mem 0xffff8800021ad000-0xffff8800021fffff]
[    2.752857] ------------[ cut here ]------------
[    2.753355] WARNING: CPU: 0 PID: 1 at kernel/res_counter.c:28 res_counter_uncharge_locked+0x48/0x74()
[    2.753355] CPU: 0 PID: 1 Comm: init Not tainted 3.16.0-rc1-00238-gddc5bfe #1
[    2.753355] Hardware name: Bochs Bochs, BIOS Bochs 01/01/2011
[    2.753355]  0000000000000000 ffff880012073c50 ffffffff81a23b9d ffff880012073c88
[    2.753355]  ffffffff810bc765 ffffffff8111fac8 0000000000001000 ffff88001200fa50
[    2.753355]  0000000000000001 ffff88001200fa01 ffff880012073c98 ffffffff810bc84b
[    2.753355] Call Trace:
[    2.753355]  [<ffffffff81a23b9d>] dump_stack+0x19/0x1b
[    2.753355]  [<ffffffff810bc765>] warn_slowpath_common+0x73/0x8c
[    2.753355]  [<ffffffff8111fac8>] ? res_counter_uncharge_locked+0x48/0x74
[    2.753355]  [<ffffffff810bc84b>] warn_slowpath_null+0x1a/0x1c
[    2.753355]  [<ffffffff8111fac8>] res_counter_uncharge_locked+0x48/0x74
[    2.753355]  [<ffffffff8111fd02>] res_counter_uncharge_until+0x4e/0xa9
[    2.753355]  [<ffffffff8111fd70>] res_counter_uncharge+0x13/0x15
[    2.753355]  [<ffffffff8119499c>] mem_cgroup_uncharge_end+0x73/0x8d
[    2.753355]  [<ffffffff8115735e>] release_pages+0x1f2/0x20d
[    2.753355]  [<ffffffff8116cc3a>] tlb_flush_mmu_free+0x28/0x43
[    2.753355]  [<ffffffff8116d5e5>] tlb_flush_mmu+0x20/0x23
[    2.753355]  [<ffffffff8116d5fc>] tlb_finish_mmu+0x14/0x39
[    2.753355]  [<ffffffff811730c1>] unmap_region+0xcd/0xdf
[    2.753355]  [<ffffffff81172b0e>] ? vma_gap_callbacks_propagate+0x18/0x33
[    2.753355]  [<ffffffff81174bf1>] do_munmap+0x252/0x2e0
[    2.753355]  [<ffffffff81174cc3>] vm_munmap+0x44/0x5c
[    2.753355]  [<ffffffff81174cfe>] SyS_munmap+0x23/0x29
[    2.753355]  [<ffffffff81a31567>] system_call_fastpath+0x16/0x1b
[    2.753355] ---[ end trace cfeb07101f6fbdfb ]---
[    2.780913] ------------[ cut here ]------------

git bisect start 633594bb2d3890711a887897f2003f41735f0dfa 71d273fa769ea21f2422a18482e002a07ab9f8f3 --
git bisect  bad df2c04c68831d13d505c127b5aa172361a17c7e3  # 14:51      0-      4  Revert "mm, CMA: change cma_declare_contiguous() to obey coding convention"
git bisect  bad dc8a26d69d2039a81985549b00fc7e7e2bd34dd4  # 14:58      0-      2  Merge branch 'akpm/master'
git bisect  bad fe297b4d6987d04e8b3878b3ee47efd26b95114d  # 15:16      0-      8  Merge branch 'akpm-current/current'
git bisect good 6b11d02e25c79a8961983a966b7fafcdc36c7a91  # 15:24     20+      0  slab: do not keep free objects/slabs on dead memcg caches
git bisect  bad 11709212b3a5479fcc63dda3160f4f4b0251f914  # 16:02      0-      4  mm/util.c: add kstrimdup()
git bisect good d070bd175fccaab0616d8aec75acbde480531fee  # 16:11     20+      0  mm: memcontrol: catch root bypass in move precharge
git bisect  bad e77f4c327c7aa19d2c9ea28ebeb3a7166db418ad  # 16:27      0-     12  m68k: call find_vma with the mmap_sem held in sys_cacheflush()
git bisect  bad ddc5bfec501f4be3f9e89084c2db270c0c45d1d6  # 16:48      0-      1  mm: memcontrol: rewrite uncharge API
git bisect good 737f5b9367a254a3b3149b3abae65470f5ed941e  # 17:10     20+      0  mm: memcontrol: do not acquire page_cgroup lock for kmem pages
git bisect good 5b647620c6cae14cc27782c3491c2da0f1cf245c  # 17:40     20+      0  mm-memcontrol-rewrite-charge-api-fix
# first bad commit: [ddc5bfec501f4be3f9e89084c2db270c0c45d1d6] mm: memcontrol: rewrite uncharge API
git bisect good 5b647620c6cae14cc27782c3491c2da0f1cf245c  # 17:43     60+      0  mm-memcontrol-rewrite-charge-api-fix
git bisect  bad 633594bb2d3890711a887897f2003f41735f0dfa  # 17:43      0-     13  Add linux-next specific files for 20140620
git bisect good 3c8fb50445833b93f69b6b703a29aae3523cad0c  # 18:06     60+      0  Merge tag 'pm+acpi-3.16-rc2' of git://git.kernel.org/pub/scm/linux/kernel/git/rafael/linux-pm
git bisect  bad 633594bb2d3890711a887897f2003f41735f0dfa  # 18:06      0-     13  Add linux-next specific files for 20140620


This script may reproduce the error.

-----------------------------------------------------------------------------
#!/bin/bash

kernel=$1
initrd=quantal-core-x86_64.cgz

wget --no-clobber https://github.com/fengguang/reproduce-kernel-bug/blob/master/initrd/$initrd

kvm=(
	qemu-system-x86_64 -cpu kvm64 -enable-kvm 
	-kernel $kernel
	-initrd $initrd
	-smp 2
	-m 256M
	-net nic,vlan=0,macaddr=00:00:00:00:00:00,model=virtio
	-net user,vlan=0
	-net nic,vlan=1,model=e1000
	-net user,vlan=1
	-boot order=nc
	-no-reboot
	-watchdog i6300esb
	-serial stdio
	-display none
	-monitor null
)

append=(
	debug
	sched_debug
	apic=debug
	ignore_loglevel
	sysrq_always_enabled
	panic=10
	prompt_ramdisk=0
	earlyprintk=ttyS0,115200
	console=ttyS0,115200
	console=tty0
	vga=normal
	root=/dev/ram0
	rw
)

"${kvm[@]}" --append "${append[*]}"
-----------------------------------------------------------------------------

Thanks,
Fengguang

--yrj/dFKFPuw6o+aM
Content-Type: text/plain; charset=us-ascii
Content-Disposition: attachment; filename="dmesg-quantal-ivb44-77:20140620164934:x86_64-randconfig-wa0-06201428:3.16.0-rc1-00238-gddc5bfe:1"
Content-Transfer-Encoding: quoted-printable

early console in setup code
Probing EDD (edd=3Doff to disable)... ok
early console in decompress_kernel

Decompressing Linux... Parsing ELF... done.
Booting the kernel.
[    0.000000] Initializing cgroup subsys cpu
[    0.000000] Linux version 3.16.0-rc1-00238-gddc5bfe (kbuild@waimea) (gcc=
 version 4.8.2 (Debian 4.8.2-18) ) #1 Fri Jun 20 16:47:43 CST 2014
[    0.000000] Command line: hung_task_panic=3D1 earlyprintk=3DttyS0,115200=
 debug apic=3Ddebug sysrq_always_enabled rcupdate.rcu_cpu_stall_timeout=3D1=
00 panic=3D10 softlockup_panic=3D1 nmi_watchdog=3Dpanic  prompt_ramdisk=3D0=
 console=3DttyS0,115200 console=3Dtty0 vga=3Dnormal  root=3D/dev/ram0 rw li=
nk=3D/kbuild-tests/run-queue/kvm/x86_64-randconfig-wa0-06201428/next:master=
:ddc5bfec501f4be3f9e89084c2db270c0c45d1d6:bisect-linux/.vmlinuz-ddc5bfec501=
f4be3f9e89084c2db270c0c45d1d6-20140620164751-3-ivb44 branch=3Dnext/master B=
OOT_IMAGE=3D/kernel/x86_64-randconfig-wa0-06201428/ddc5bfec501f4be3f9e89084=
c2db270c0c45d1d6/vmlinuz-3.16.0-rc1-00238-gddc5bfe drbd.minor_count=3D8
[    0.000000] e820: BIOS-provided physical RAM map:
[    0.000000] BIOS-e820: [mem 0x0000000000000000-0x000000000009fbff] usable
[    0.000000] BIOS-e820: [mem 0x000000000009fc00-0x000000000009ffff] reser=
ved
[    0.000000] BIOS-e820: [mem 0x00000000000f0000-0x00000000000fffff] reser=
ved
[    0.000000] BIOS-e820: [mem 0x0000000000100000-0x0000000013ffdfff] usable
[    0.000000] BIOS-e820: [mem 0x0000000013ffe000-0x0000000013ffffff] reser=
ved
[    0.000000] BIOS-e820: [mem 0x00000000feffc000-0x00000000feffffff] reser=
ved
[    0.000000] BIOS-e820: [mem 0x00000000fffc0000-0x00000000ffffffff] reser=
ved
[    0.000000] bootconsole [earlyser0] enabled
[    0.000000] NX (Execute Disable) protection: active
[    0.000000] SMBIOS 2.4 present.
[    0.000000] DMI: Bochs Bochs, BIOS Bochs 01/01/2011
[    0.000000] Hypervisor detected: KVM
[    0.000000] e820: update [mem 0x00000000-0x00000fff] usable =3D=3D> rese=
rved
[    0.000000] e820: remove [mem 0x000a0000-0x000fffff] usable
[    0.000000] e820: last_pfn =3D 0x13ffe max_arch_pfn =3D 0x400000000
[    0.000000] MTRR default type: write-back
[    0.000000] MTRR fixed ranges enabled:
[    0.000000]   00000-9FFFF write-back
[    0.000000]   A0000-BFFFF uncachable
[    0.000000]   C0000-FFFFF write-protect
[    0.000000] MTRR variable ranges enabled:
[    0.000000]   0 base 0080000000 mask FF80000000 uncachable
[    0.000000]   1 disabled
[    0.000000]   2 disabled
[    0.000000]   3 disabled
[    0.000000]   4 disabled
[    0.000000]   5 disabled
[    0.000000]   6 disabled
[    0.000000]   7 disabled
[    0.000000] x86 PAT enabled: cpu 0, old 0x70406, new 0x7010600070106
[    0.000000] Scan for SMP in [mem 0x00000000-0x000003ff]
[    0.000000] Scan for SMP in [mem 0x0009fc00-0x0009ffff]
[    0.000000] Scan for SMP in [mem 0x000f0000-0x000fffff]
[    0.000000] found SMP MP-table at [mem 0x000fdae0-0x000fdaef] mapped at =
[ffff8800000fdae0]
[    0.000000]   mpc: fdaf0-fdbe4
[    0.000000] Base memory trampoline at [ffff880000099000] 99000 size 24576
[    0.000000] init_memory_mapping: [mem 0x00000000-0x000fffff]
[    0.000000]  [mem 0x00000000-0x000fffff] page 4k
[    0.000000] BRK [0x0348c000, 0x0348cfff] PGTABLE
[    0.000000] BRK [0x0348d000, 0x0348dfff] PGTABLE
[    0.000000] BRK [0x0348e000, 0x0348efff] PGTABLE
[    0.000000] init_memory_mapping: [mem 0x12600000-0x127fffff]
[    0.000000]  [mem 0x12600000-0x127fffff] page 4k
[    0.000000] BRK [0x0348f000, 0x0348ffff] PGTABLE
[    0.000000] init_memory_mapping: [mem 0x10000000-0x125fffff]
[    0.000000]  [mem 0x10000000-0x125fffff] page 4k
[    0.000000] BRK [0x03490000, 0x03490fff] PGTABLE
[    0.000000] BRK [0x03491000, 0x03491fff] PGTABLE
[    0.000000] init_memory_mapping: [mem 0x00100000-0x0fffffff]
[    0.000000]  [mem 0x00100000-0x0fffffff] page 4k
[    0.000000] init_memory_mapping: [mem 0x12800000-0x13ffdfff]
[    0.000000]  [mem 0x12800000-0x13ffdfff] page 4k
[    0.000000] RAMDISK: [mem 0x1293d000-0x13feffff]
[    0.000000] ACPI: Early table checksum verification disabled
[    0.000000] ACPI: RSDP 0x00000000000FD950 000014 (v00 BOCHS )
[    0.000000] ACPI: RSDT 0x0000000013FFE450 000034 (v01 BOCHS  BXPCRSDT 00=
000001 BXPC 00000001)
[    0.000000] ACPI: FACP 0x0000000013FFFF80 000074 (v01 BOCHS  BXPCFACP 00=
000001 BXPC 00000001)
[    0.000000] ACPI: DSDT 0x0000000013FFE490 0011A9 (v01 BXPC   BXDSDT   00=
000001 INTL 20100528)
[    0.000000] ACPI: FACS 0x0000000013FFFF40 000040
[    0.000000] ACPI: SSDT 0x0000000013FFF7A0 000796 (v01 BOCHS  BXPCSSDT 00=
000001 BXPC 00000001)
[    0.000000] ACPI: APIC 0x0000000013FFF680 000080 (v01 BOCHS  BXPCAPIC 00=
000001 BXPC 00000001)
[    0.000000] ACPI: HPET 0x0000000013FFF640 000038 (v01 BOCHS  BXPCHPET 00=
000001 BXPC 00000001)
[    0.000000] ACPI: Local APIC address 0xfee00000
[    0.000000] mapped APIC to ffffffffff5fc000 (        fee00000)
[    0.000000] kvm-clock: Using msrs 4b564d01 and 4b564d00
[    0.000000] kvm-clock: cpu 0, msr 0:13ffd001, primary cpu clock
[    0.000000]  [ffffea0000000000-ffffea00005fffff] PMD -> [ffff88001180000=
0-ffff880011dfffff] on node 0
[    0.000000] Zone ranges:
[    0.000000]   DMA      [mem 0x00001000-0x00ffffff]
[    0.000000]   DMA32    [mem 0x01000000-0xffffffff]
[    0.000000]   Normal   empty
[    0.000000] Movable zone start for each node
[    0.000000] Early memory node ranges
[    0.000000]   node   0: [mem 0x00001000-0x0009efff]
[    0.000000]   node   0: [mem 0x00100000-0x13ffdfff]
[    0.000000] On node 0 totalpages: 81820
[    0.000000]   DMA zone: 64 pages used for memmap
[    0.000000]   DMA zone: 21 pages reserved
[    0.000000]   DMA zone: 3998 pages, LIFO batch:0
[    0.000000]   DMA32 zone: 1216 pages used for memmap
[    0.000000]   DMA32 zone: 77822 pages, LIFO batch:15
[    0.000000] ACPI: PM-Timer IO Port: 0xb008
[    0.000000] ACPI: Local APIC address 0xfee00000
[    0.000000] mapped APIC to ffffffffff5fc000 (        fee00000)
[    0.000000] ACPI: LAPIC (acpi_id[0x00] lapic_id[0x00] enabled)
[    0.000000] ACPI: LAPIC (acpi_id[0x01] lapic_id[0x01] enabled)
[    0.000000] ACPI: NR_CPUS/possible_cpus limit of 1 reached.  Processor 1=
/0x1 ignored.
[    0.000000] ACPI: LAPIC_NMI (acpi_id[0xff] dfl dfl lint[0x1])
[    0.000000] ACPI: IOAPIC (id[0x00] address[0xfec00000] gsi_base[0])
[    0.000000] IOAPIC[0]: apic_id 0, version 17, address 0xfec00000, GSI 0-=
23
[    0.000000] ACPI: INT_SRC_OVR (bus 0 bus_irq 0 global_irq 2 dfl dfl)
[    0.000000] Int: type 0, pol 0, trig 0, bus 00, IRQ 00, APIC ID 0, APIC =
INT 02
[    0.000000] ACPI: INT_SRC_OVR (bus 0 bus_irq 5 global_irq 5 high level)
[    0.000000] Int: type 0, pol 1, trig 3, bus 00, IRQ 05, APIC ID 0, APIC =
INT 05
[    0.000000] ACPI: INT_SRC_OVR (bus 0 bus_irq 9 global_irq 9 high level)
[    0.000000] Int: type 0, pol 1, trig 3, bus 00, IRQ 09, APIC ID 0, APIC =
INT 09
[    0.000000] ACPI: INT_SRC_OVR (bus 0 bus_irq 10 global_irq 10 high level)
[    0.000000] Int: type 0, pol 1, trig 3, bus 00, IRQ 0a, APIC ID 0, APIC =
INT 0a
[    0.000000] ACPI: INT_SRC_OVR (bus 0 bus_irq 11 global_irq 11 high level)
[    0.000000] Int: type 0, pol 1, trig 3, bus 00, IRQ 0b, APIC ID 0, APIC =
INT 0b
[    0.000000] ACPI: IRQ0 used by override.
[    0.000000] Int: type 0, pol 0, trig 0, bus 00, IRQ 01, APIC ID 0, APIC =
INT 01
[    0.000000] ACPI: IRQ2 used by override.
[    0.000000] Int: type 0, pol 0, trig 0, bus 00, IRQ 03, APIC ID 0, APIC =
INT 03
[    0.000000] Int: type 0, pol 0, trig 0, bus 00, IRQ 04, APIC ID 0, APIC =
INT 04
[    0.000000] ACPI: IRQ5 used by override.
[    0.000000] Int: type 0, pol 0, trig 0, bus 00, IRQ 06, APIC ID 0, APIC =
INT 06
[    0.000000] Int: type 0, pol 0, trig 0, bus 00, IRQ 07, APIC ID 0, APIC =
INT 07
[    0.000000] Int: type 0, pol 0, trig 0, bus 00, IRQ 08, APIC ID 0, APIC =
INT 08
[    0.000000] ACPI: IRQ9 used by override.
[    0.000000] ACPI: IRQ10 used by override.
[    0.000000] ACPI: IRQ11 used by override.
[    0.000000] Int: type 0, pol 0, trig 0, bus 00, IRQ 0c, APIC ID 0, APIC =
INT 0c
[    0.000000] Int: type 0, pol 0, trig 0, bus 00, IRQ 0d, APIC ID 0, APIC =
INT 0d
[    0.000000] Int: type 0, pol 0, trig 0, bus 00, IRQ 0e, APIC ID 0, APIC =
INT 0e
[    0.000000] Int: type 0, pol 0, trig 0, bus 00, IRQ 0f, APIC ID 0, APIC =
INT 0f
[    0.000000] Using ACPI (MADT) for SMP configuration information
[    0.000000] ACPI: HPET id: 0x8086a201 base: 0xfed00000
[    0.000000] mapped IOAPIC to ffffffffff5fb000 (fec00000)
[    0.000000] nr_irqs_gsi: 40
[    0.000000] KVM setup async PF for cpu 0
[    0.000000] kvm-stealtime: cpu 0, msr 223b600
[    0.000000] e820: [mem 0x14000000-0xfeffbfff] available for PCI devices
[    0.000000] Booting paravirtualized kernel on KVM
[    0.000000] pcpu-alloc: s0 r0 d32768 u32768 alloc=3D1*32768
[    0.000000] pcpu-alloc: [0] 0=20
[    0.000000] Built 1 zonelists in Zone order, mobility grouping on.  Tota=
l pages: 80519
[    0.000000] Kernel command line: hung_task_panic=3D1 earlyprintk=3DttyS0=
,115200 debug apic=3Ddebug sysrq_always_enabled rcupdate.rcu_cpu_stall_time=
out=3D100 panic=3D10 softlockup_panic=3D1 nmi_watchdog=3Dpanic  prompt_ramd=
isk=3D0 console=3DttyS0,115200 console=3Dtty0 vga=3Dnormal  root=3D/dev/ram=
0 rw link=3D/kbuild-tests/run-queue/kvm/x86_64-randconfig-wa0-06201428/next=
:master:ddc5bfec501f4be3f9e89084c2db270c0c45d1d6:bisect-linux/.vmlinuz-ddc5=
bfec501f4be3f9e89084c2db270c0c45d1d6-20140620164751-3-ivb44 branch=3Dnext/m=
aster BOOT_IMAGE=3D/kernel/x86_64-randconfig-wa0-06201428/ddc5bfec501f4be3f=
9e89084c2db270c0c45d1d6/vmlinuz-3.16.0-rc1-00238-gddc5bfe drbd.minor_count=
=3D8
[    0.000000] sysrq: sysrq always enabled.
[    0.000000] PID hash table entries: 2048 (order: 2, 16384 bytes)
[    0.000000] Dentry cache hash table entries: 65536 (order: 7, 524288 byt=
es)
[    0.000000] Inode-cache hash table entries: 32768 (order: 6, 262144 byte=
s)
[    0.000000] Memory: 258312K/327280K available (10460K kernel code, 2530K=
 rwdata, 5812K rodata, 1348K init, 15104K bss, 68968K reserved)
[    0.000000] SLUB: HWalign=3D64, Order=3D0-3, MinObjects=3D0, CPUs=3D1, N=
odes=3D1
[    0.000000] NR_IRQS:4352 nr_irqs:256 16
[    0.000000] Console: colour VGA+ 80x25
[    0.000000] console [tty0] enabled
[    0.000000] bootconsole [earlyser0] disabled
[    0.000000] Initializing cgroup subsys cpu
[    0.000000] Linux version 3.16.0-rc1-00238-gddc5bfe (kbuild@waimea) (gcc=
 version 4.8.2 (Debian 4.8.2-18) ) #1 Fri Jun 20 16:47:43 CST 2014
[    0.000000] Command line: hung_task_panic=3D1 earlyprintk=3DttyS0,115200=
 debug apic=3Ddebug sysrq_always_enabled rcupdate.rcu_cpu_stall_timeout=3D1=
00 panic=3D10 softlockup_panic=3D1 nmi_watchdog=3Dpanic  prompt_ramdisk=3D0=
 console=3DttyS0,115200 console=3Dtty0 vga=3Dnormal  root=3D/dev/ram0 rw li=
nk=3D/kbuild-tests/run-queue/kvm/x86_64-randconfig-wa0-06201428/next:master=
:ddc5bfec501f4be3f9e89084c2db270c0c45d1d6:bisect-linux/.vmlinuz-ddc5bfec501=
f4be3f9e89084c2db270c0c45d1d6-20140620164751-3-ivb44 branch=3Dnext/master B=
OOT_IMAGE=3D/kernel/x86_64-randconfig-wa0-06201428/ddc5bfec501f4be3f9e89084=
c2db270c0c45d1d6/vmlinuz-3.16.0-rc1-00238-gddc5bfe drbd.minor_count=3D8
[    0.000000] e820: BIOS-provided physical RAM map:
[    0.000000] BIOS-e820: [mem 0x0000000000000000-0x000000000009fbff] usable
[    0.000000] BIOS-e820: [mem 0x000000000009fc00-0x000000000009ffff] reser=
ved
[    0.000000] BIOS-e820: [mem 0x00000000000f0000-0x00000000000fffff] reser=
ved
[    0.000000] BIOS-e820: [mem 0x0000000000100000-0x0000000013ffdfff] usable
[    0.000000] BIOS-e820: [mem 0x0000000013ffe000-0x0000000013ffffff] reser=
ved
[    0.000000] BIOS-e820: [mem 0x00000000feffc000-0x00000000feffffff] reser=
ved
[    0.000000] BIOS-e820: [mem 0x00000000fffc0000-0x00000000ffffffff] reser=
ved
[    0.000000] bootconsole [earlyser0] enabled
[    0.000000] NX (Execute Disable) protection: active
[    0.000000] SMBIOS 2.4 present.
[    0.000000] DMI: Bochs Bochs, BIOS Bochs 01/01/2011
[    0.000000] Hypervisor detected: KVM
[    0.000000] e820: update [mem 0x00000000-0x00000fff] usable =3D=3D> rese=
rved
[    0.000000] e820: remove [mem 0x000a0000-0x000fffff] usable
[    0.000000] e820: last_pfn =3D 0x13ffe max_arch_pfn =3D 0x400000000
[    0.000000] MTRR default type: write-back
[    0.000000] MTRR fixed ranges enabled:
[    0.000000]   00000-9FFFF write-back
[    0.000000]   A0000-BFFFF uncachable
[    0.000000]   C0000-FFFFF write-protect
[    0.000000] MTRR variable ranges enabled:
[    0.000000]   0 base 0080000000 mask FF80000000 uncachable
[    0.000000]   1 disabled
[    0.000000]   2 disabled
[    0.000000]   3 disabled
[    0.000000]   4 disabled
[    0.000000]   5 disabled
[    0.000000]   6 disabled
[    0.000000]   7 disabled
[    0.000000] x86 PAT enabled: cpu 0, old 0x70406, new 0x7010600070106
[    0.000000] Scan for SMP in [mem 0x00000000-0x000003ff]
[    0.000000] Scan for SMP in [mem 0x0009fc00-0x0009ffff]
[    0.000000] Scan for SMP in [mem 0x000f0000-0x000fffff]
[    0.000000] found SMP MP-table at [mem 0x000fdae0-0x000fdaef] mapped at =
[ffff8800000fdae0]
[    0.000000]   mpc: fdaf0-fdbe4
[    0.000000] Base memory trampoline at [ffff880000099000] 99000 size 24576
[    0.000000] init_memory_mapping: [mem 0x00000000-0x000fffff]
[    0.000000]  [mem 0x00000000-0x000fffff] page 4k
[    0.000000] BRK [0x0348c000, 0x0348cfff] PGTABLE
[    0.000000] BRK [0x0348d000, 0x0348dfff] PGTABLE
[    0.000000] BRK [0x0348e000, 0x0348efff] PGTABLE
[    0.000000] init_memory_mapping: [mem 0x12600000-0x127fffff]
[    0.000000]  [mem 0x12600000-0x127fffff] page 4k
[    0.000000] BRK [0x0348f000, 0x0348ffff] PGTABLE
[    0.000000] init_memory_mapping: [mem 0x10000000-0x125fffff]
[    0.000000]  [mem 0x10000000-0x125fffff] page 4k
[    0.000000] BRK [0x03490000, 0x03490fff] PGTABLE
[    0.000000] BRK [0x03491000, 0x03491fff] PGTABLE
[    0.000000] init_memory_mapping: [mem 0x00100000-0x0fffffff]
[    0.000000]  [mem 0x00100000-0x0fffffff] page 4k
[    0.000000] init_memory_mapping: [mem 0x12800000-0x13ffdfff]
[    0.000000]  [mem 0x12800000-0x13ffdfff] page 4k
[    0.000000] RAMDISK: [mem 0x1293d000-0x13feffff]
[    0.000000] ACPI: Early table checksum verification disabled
[    0.000000] ACPI: RSDP 0x00000000000FD950 000014 (v00 BOCHS )
[    0.000000] ACPI: RSDT 0x0000000013FFE450 000034 (v01 BOCHS  BXPCRSDT 00=
000001 BXPC 00000001)
[    0.000000] ACPI: FACP 0x0000000013FFFF80 000074 (v01 BOCHS  BXPCFACP 00=
000001 BXPC 00000001)
[    0.000000] ACPI: DSDT 0x0000000013FFE490 0011A9 (v01 BXPC   BXDSDT   00=
000001 INTL 20100528)
[    0.000000] ACPI: FACS 0x0000000013FFFF40 000040
[    0.000000] ACPI: SSDT 0x0000000013FFF7A0 000796 (v01 BOCHS  BXPCSSDT 00=
000001 BXPC 00000001)
[    0.000000] ACPI: APIC 0x0000000013FFF680 000080 (v01 BOCHS  BXPCAPIC 00=
000001 BXPC 00000001)
[    0.000000] ACPI: HPET 0x0000000013FFF640 000038 (v01 BOCHS  BXPCHPET 00=
000001 BXPC 00000001)
[    0.000000] ACPI: Local APIC address 0xfee00000
[    0.000000] mapped APIC to ffffffffff5fc000 (        fee00000)
[    0.000000] kvm-clock: Using msrs 4b564d01 and 4b564d00
[    0.000000] kvm-clock: cpu 0, msr 0:13ffd001, primary cpu clock
[    0.000000]  [ffffea0000000000-ffffea00005fffff] PMD -> [ffff88001180000=
0-ffff880011dfffff] on node 0
[    0.000000] Zone ranges:
[    0.000000]   DMA      [mem 0x00001000-0x00ffffff]
[    0.000000]   DMA32    [mem 0x01000000-0xffffffff]
[    0.000000]   Normal   empty
[    0.000000] Movable zone start for each node
[    0.000000] Early memory node ranges
[    0.000000]   node   0: [mem 0x00001000-0x0009efff]
[    0.000000]   node   0: [mem 0x00100000-0x13ffdfff]
[    0.000000] On node 0 totalpages: 81820
[    0.000000]   DMA zone: 64 pages used for memmap
[    0.000000]   DMA zone: 21 pages reserved
[    0.000000]   DMA zone: 3998 pages, LIFO batch:0
[    0.000000]   DMA32 zone: 1216 pages used for memmap
[    0.000000]   DMA32 zone: 77822 pages, LIFO batch:15
[    0.000000] ACPI: PM-Timer IO Port: 0xb008
[    0.000000] ACPI: Local APIC address 0xfee00000
[    0.000000] mapped APIC to ffffffffff5fc000 (        fee00000)
[    0.000000] ACPI: LAPIC (acpi_id[0x00] lapic_id[0x00] enabled)
[    0.000000] ACPI: LAPIC (acpi_id[0x01] lapic_id[0x01] enabled)
[    0.000000] ACPI: NR_CPUS/possible_cpus limit of 1 reached.  Processor 1=
/0x1 ignored.
[    0.000000] ACPI: LAPIC_NMI (acpi_id[0xff] dfl dfl lint[0x1])
[    0.000000] ACPI: IOAPIC (id[0x00] address[0xfec00000] gsi_base[0])
[    0.000000] IOAPIC[0]: apic_id 0, version 17, address 0xfec00000, GSI 0-=
23
[    0.000000] ACPI: INT_SRC_OVR (bus 0 bus_irq 0 global_irq 2 dfl dfl)
[    0.000000] Int: type 0, pol 0, trig 0, bus 00, IRQ 00, APIC ID 0, APIC =
INT 02
[    0.000000] ACPI: INT_SRC_OVR (bus 0 bus_irq 5 global_irq 5 high level)
[    0.000000] Int: type 0, pol 1, trig 3, bus 00, IRQ 05, APIC ID 0, APIC =
INT 05
[    0.000000] ACPI: INT_SRC_OVR (bus 0 bus_irq 9 global_irq 9 high level)
[    0.000000] Int: type 0, pol 1, trig 3, bus 00, IRQ 09, APIC ID 0, APIC =
INT 09
[    0.000000] ACPI: INT_SRC_OVR (bus 0 bus_irq 10 global_irq 10 high level)
[    0.000000] Int: type 0, pol 1, trig 3, bus 00, IRQ 0a, APIC ID 0, APIC =
INT 0a
[    0.000000] ACPI: INT_SRC_OVR (bus 0 bus_irq 11 global_irq 11 high level)
[    0.000000] Int: type 0, pol 1, trig 3, bus 00, IRQ 0b, APIC ID 0, APIC =
INT 0b
[    0.000000] ACPI: IRQ0 used by override.
[    0.000000] Int: type 0, pol 0, trig 0, bus 00, IRQ 01, APIC ID 0, APIC =
INT 01
[    0.000000] ACPI: IRQ2 used by override.
[    0.000000] Int: type 0, pol 0, trig 0, bus 00, IRQ 03, APIC ID 0, APIC =
INT 03
[    0.000000] Int: type 0, pol 0, trig 0, bus 00, IRQ 04, APIC ID 0, APIC =
INT 04
[    0.000000] ACPI: IRQ5 used by override.
[    0.000000] Int: type 0, pol 0, trig 0, bus 00, IRQ 06, APIC ID 0, APIC =
INT 06
[    0.000000] Int: type 0, pol 0, trig 0, bus 00, IRQ 07, APIC ID 0, APIC =
INT 07
[    0.000000] Int: type 0, pol 0, trig 0, bus 00, IRQ 08, APIC ID 0, APIC =
INT 08
[    0.000000] ACPI: IRQ9 used by override.
[    0.000000] ACPI: IRQ10 used by override.
[    0.000000] ACPI: IRQ11 used by override.
[    0.000000] Int: type 0, pol 0, trig 0, bus 00, IRQ 0c, APIC ID 0, APIC =
INT 0c
[    0.000000] Int: type 0, pol 0, trig 0, bus 00, IRQ 0d, APIC ID 0, APIC =
INT 0d
[    0.000000] Int: type 0, pol 0, trig 0, bus 00, IRQ 0e, APIC ID 0, APIC =
INT 0e
[    0.000000] Int: type 0, pol 0, trig 0, bus 00, IRQ 0f, APIC ID 0, APIC =
INT 0f
[    0.000000] Using ACPI (MADT) for SMP configuration information
[    0.000000] ACPI: HPET id: 0x8086a201 base: 0xfed00000
[    0.000000] mapped IOAPIC to ffffffffff5fb000 (fec00000)
[    0.000000] nr_irqs_gsi: 40
[    0.000000] KVM setup async PF for cpu 0
[    0.000000] kvm-stealtime: cpu 0, msr 223b600
[    0.000000] e820: [mem 0x14000000-0xfeffbfff] available for PCI devices
[    0.000000] Booting paravirtualized kernel on KVM
[    0.000000] pcpu-alloc: s0 r0 d32768 u32768 alloc=3D1*32768
[    0.000000] pcpu-alloc: [0] 0=20
[    0.000000] Built 1 zonelists in Zone order, mobility grouping on.  Tota=
l pages: 80519
[    0.000000] Kernel command line: hung_task_panic=3D1 earlyprintk=3DttyS0=
,115200 debug apic=3Ddebug sysrq_always_enabled rcupdate.rcu_cpu_stall_time=
out=3D100 panic=3D10 softlockup_panic=3D1 nmi_watchdog=3Dpanic  prompt_ramd=
isk=3D0 console=3DttyS0,115200 console=3Dtty0 vga=3Dnormal  root=3D/dev/ram=
0 rw link=3D/kbuild-tests/run-queue/kvm/x86_64-randconfig-wa0-06201428/next=
:master:ddc5bfec501f4be3f9e89084c2db270c0c45d1d6:bisect-linux/.vmlinuz-ddc5=
bfec501f4be3f9e89084c2db270c0c45d1d6-20140620164751-3-ivb44 branch=3Dnext/m=
aster BOOT_IMAGE=3D/kernel/x86_64-randconfig-wa0-06201428/ddc5bfec501f4be3f=
9e89084c2db270c0c45d1d6/vmlinuz-3.16.0-rc1-00238-gddc5bfe drbd.minor_count=
=3D8
[    0.000000] sysrq: sysrq always enabled.
[    0.000000] PID hash table entries: 2048 (order: 2, 16384 bytes)
[    0.000000] Dentry cache hash table entries: 65536 (order: 7, 524288 byt=
es)
[    0.000000] Inode-cache hash table entries: 32768 (order: 6, 262144 byte=
s)
[    0.000000] Memory: 258312K/327280K available (10460K kernel code, 2530K=
 rwdata, 5812K rodata, 1348K init, 15104K bss, 68968K reserved)
[    0.000000] SLUB: HWalign=3D64, Order=3D0-3, MinObjects=3D0, CPUs=3D1, N=
odes=3D1
[    0.000000] NR_IRQS:4352 nr_irqs:256 16
[    0.000000] Console: colour VGA+ 80x25
[    0.000000] console [tty0] enabled
[    0.000000] bootconsole [earlyser0] disabled
[    0.000000] console [ttyS0] enabled
[    0.000000] Lock dependency validator: Copyright (c) 2006 Red Hat, Inc.,=
 Ingo Molnar
[    0.000000] ... MAX_LOCKDEP_SUBCLASSES:  8
[    0.000000] ... MAX_LOCK_DEPTH:          48
[    0.000000] ... MAX_LOCKDEP_KEYS:        8191
[    0.000000] ... CLASSHASH_SIZE:          4096
[    0.000000] ... MAX_LOCKDEP_ENTRIES:     32768
[    0.000000] ... MAX_LOCKDEP_CHAINS:      65536
[    0.000000] ... CHAINHASH_SIZE:          32768
[    0.000000]  memory used by lock dependency info: 8159 kB
[    0.000000]  per task-struct memory footprint: 1920 bytes
[    0.000000] allocated 1572864 bytes of page_cgroup
[    0.000000] please try 'cgroup_disable=3Dmemory' option if you don't wan=
t memory cgroups
[    0.000000] ODEBUG: selftest passed
[    0.000000] hpet clockevent registered
[    0.000000] tsc: Detected 2693.456 MHz processor
[    0.006666] Calibrating delay loop (skipped) preset value.. 5389.36 Bogo=
MIPS (lpj=3D8978186)
[    0.006666] pid_max: default: 32768 minimum: 301
[    0.006699] ACPI: Core revision 20140424
[    0.010824] ACPI: All ACPI Tables successfully acquired
[    0.011870] Security Framework initialized
[    0.012542] Yama: becoming mindful.
[    0.013194] Mount-cache hash table entries: 1024 (order: 1, 8192 bytes)
[    0.013345] Mountpoint-cache hash table entries: 1024 (order: 1, 8192 by=
tes)
[    0.014941] Initializing cgroup subsys memory
[    0.015710] Initializing cgroup subsys devices
[    0.016700] Initializing cgroup subsys freezer
[    0.017434] Initializing cgroup subsys net_prio
[    0.018180] Initializing cgroup subsys hugetlb
[    0.018899] Initializing cgroup subsys debug
[    0.020114] Last level iTLB entries: 4KB 0, 2MB 0, 4MB 0
[    0.020114] Last level dTLB entries: 4KB 0, 2MB 0, 4MB 0, 1GB 0
[    0.020114] tlb_flushall_shift: 6
[    0.022227] CPU: Intel Common KVM processor (fam: 0f, model: 06, steppin=
g: 01)
[    0.025177] ftrace: allocating 41916 entries in 164 pages
[    0.033595] Performance Events: unsupported Netburst CPU model 6 no PMU =
driver, software events only.
[    0.037926] Getting VERSION: 50014
[    0.038529] Getting VERSION: 50014
[    0.039123] Getting ID: 0
[    0.039627] Getting ID: ff000000
[    0.040011] Getting LVT0: 8700
[    0.040563] Getting LVT1: 8400
[    0.041137] enabled ExtINT on CPU#0
[    0.042395] ENABLING IO-APIC IRQs
[    0.042976] init IO_APIC IRQs
[    0.043340]  apic 0 pin 0 not connected
[    0.043992] IOAPIC[0]: Set routing entry (0-1 -> 0x31 -> IRQ 1 Mode:0 Ac=
tive:0 Dest:1)
[    0.045234] IOAPIC[0]: Set routing entry (0-2 -> 0x30 -> IRQ 0 Mode:0 Ac=
tive:0 Dest:1)
[    0.046688] IOAPIC[0]: Set routing entry (0-3 -> 0x33 -> IRQ 3 Mode:0 Ac=
tive:0 Dest:1)
[    0.047936] IOAPIC[0]: Set routing entry (0-4 -> 0x34 -> IRQ 4 Mode:0 Ac=
tive:0 Dest:1)
[    0.049171] IOAPIC[0]: Set routing entry (0-5 -> 0x35 -> IRQ 5 Mode:1 Ac=
tive:0 Dest:1)
[    0.050020] IOAPIC[0]: Set routing entry (0-6 -> 0x36 -> IRQ 6 Mode:0 Ac=
tive:0 Dest:1)
[    0.051263] IOAPIC[0]: Set routing entry (0-7 -> 0x37 -> IRQ 7 Mode:0 Ac=
tive:0 Dest:1)
[    0.052503] IOAPIC[0]: Set routing entry (0-8 -> 0x38 -> IRQ 8 Mode:0 Ac=
tive:0 Dest:1)
[    0.053353] IOAPIC[0]: Set routing entry (0-9 -> 0x39 -> IRQ 9 Mode:1 Ac=
tive:0 Dest:1)
[    0.054592] IOAPIC[0]: Set routing entry (0-10 -> 0x3a -> IRQ 10 Mode:1 =
Active:0 Dest:1)
[    0.056687] IOAPIC[0]: Set routing entry (0-11 -> 0x3b -> IRQ 11 Mode:1 =
Active:0 Dest:1)
[    0.057949] IOAPIC[0]: Set routing entry (0-12 -> 0x3c -> IRQ 12 Mode:0 =
Active:0 Dest:1)
[    0.059214] IOAPIC[0]: Set routing entry (0-13 -> 0x3d -> IRQ 13 Mode:0 =
Active:0 Dest:1)
[    0.060020] IOAPIC[0]: Set routing entry (0-14 -> 0x3e -> IRQ 14 Mode:0 =
Active:0 Dest:1)
[    0.061288] IOAPIC[0]: Set routing entry (0-15 -> 0x3f -> IRQ 15 Mode:0 =
Active:0 Dest:1)
[    0.063337]  apic 0 pin 16 not connected
[    0.063989]  apic 0 pin 17 not connected
[    0.064631]  apic 0 pin 18 not connected
[    0.065274]  apic 0 pin 19 not connected
[    0.065921]  apic 0 pin 20 not connected
[    0.066563]  apic 0 pin 21 not connected
[    0.066671]  apic 0 pin 22 not connected
[    0.067314]  apic 0 pin 23 not connected
[    0.068106] ..TIMER: vector=3D0x30 apic1=3D0 pin1=3D2 apic2=3D-1 pin2=3D=
-1
[    0.069089] Using local APIC timer interrupts.
[    0.069089] calibrating APIC timer ...
[    0.073333] ... lapic delta =3D 6249967
[    0.073333] ... PM-Timer delta =3D 357952
[    0.073333] ... PM-Timer result ok
[    0.073333] ..... delta 6249967
[    0.073333] ..... mult: 268434065
[    0.073333] ..... calibration result: 3333315
[    0.073333] ..... CPU clock speed is 2693.2326 MHz.
[    0.073333] ..... host bus clock speed is 1000.0315 MHz.
[    0.073844] devtmpfs: initialized
[    0.080483] xor: measuring software checksum speed
[    0.113336]    prefetch64-sse: 11086.800 MB/sec
[    0.146671]    generic_sse:  9229.200 MB/sec
[    0.147452] xor: using function: prefetch64-sse (11086.800 MB/sec)
[    0.148881] regulator-dummy: no parameters
[    0.149893] NET: Registered protocol family 16
[    0.150780] cpuidle: using governor ladder
[    0.151535] cpuidle: using governor menu
[    0.153371] ACPI: bus type PCI registered
[    0.154227] PCI: Using configuration type 1 for base access
[    0.220004] raid6: sse2x1    7795 MB/s
[    0.276676] raid6: sse2x2    9570 MB/s
[    0.333337] raid6: sse2x4   11073 MB/s
[    0.334036] raid6: using algorithm sse2x4 (11073 MB/s)
[    0.334898] raid6: using intx1 recovery algorithm
[    0.335782] ACPI: Added _OSI(Module Device)
[    0.336532] ACPI: Added _OSI(Processor Device)
[    0.336672] ACPI: Added _OSI(3.0 _SCP Extensions)
[    0.337481] ACPI: Added _OSI(Processor Aggregator Device)
[    0.344789] ACPI: Interpreter enabled
[    0.345488] ACPI Exception: AE_NOT_FOUND, While evaluating Sleep State [=
\_S1_] (20140424/hwxface-580)
[    0.347167] ACPI Exception: AE_NOT_FOUND, While evaluating Sleep State [=
\_S2_] (20140424/hwxface-580)
[    0.348865] ACPI: (supports S0 S3 S5)
[    0.349543] ACPI: Using IOAPIC for interrupt routing
[    0.350052] PCI: Using host bridge windows from ACPI; if necessary, use =
"pci=3Dnocrs" and report a bug
[    0.359838] ACPI: PCI Root Bridge [PCI0] (domain 0000 [bus 00-ff])
[    0.360013] acpi PNP0A03:00: _OSC: OS supports [Segments]
[    0.360957] acpi PNP0A03:00: _OSC failed (AE_NOT_FOUND); disabling ASPM
[    0.363390] PCI host bridge to bus 0000:00
[    0.364142] pci_bus 0000:00: root bus resource [bus 00-ff]
[    0.365052] pci_bus 0000:00: root bus resource [io  0x0000-0x0cf7]
[    0.366051] pci_bus 0000:00: root bus resource [io  0x0d00-0xffff]
[    0.366673] pci_bus 0000:00: root bus resource [mem 0x000a0000-0x000bfff=
f]
[    0.367762] pci_bus 0000:00: root bus resource [mem 0x80000000-0xfebffff=
f]
[    0.368901] pci 0000:00:00.0: [8086:1237] type 00 class 0x060000
[    0.370530] pci 0000:00:01.0: [8086:7000] type 00 class 0x060100
[    0.372143] pci 0000:00:01.1: [8086:7010] type 00 class 0x010180
[    0.375624] pci 0000:00:01.1: reg 0x20: [io  0xc040-0xc04f]
[    0.377352] pci 0000:00:01.1: legacy IDE quirk: reg 0x10: [io  0x01f0-0x=
01f7]
[    0.378474] pci 0000:00:01.1: legacy IDE quirk: reg 0x14: [io  0x03f6]
[    0.379518] pci 0000:00:01.1: legacy IDE quirk: reg 0x18: [io  0x0170-0x=
0177]
[    0.380006] pci 0000:00:01.1: legacy IDE quirk: reg 0x1c: [io  0x0376]
[    0.381336] pci 0000:00:01.3: [8086:7113] type 00 class 0x068000
[    0.383458] pci 0000:00:01.3: quirk: [io  0xb000-0xb03f] claimed by PIIX=
4 ACPI
[    0.384734] pci 0000:00:01.3: quirk: [io  0xb100-0xb10f] claimed by PIIX=
4 SMB
[    0.386199] pci 0000:00:02.0: [1013:00b8] type 00 class 0x030000
[    0.390588] pci 0000:00:02.0: reg 0x10: [mem 0xfc000000-0xfdffffff pref]
[    0.392874] pci 0000:00:02.0: reg 0x14: [mem 0xfebf0000-0xfebf0fff]
[    0.399409] pci 0000:00:02.0: reg 0x30: [mem 0xfebe0000-0xfebeffff pref]
[    0.400694] pci 0000:00:03.0: [8086:100e] type 00 class 0x020000
[    0.403339] pci 0000:00:03.0: reg 0x10: [mem 0xfeba0000-0xfebbffff]
[    0.405170] pci 0000:00:03.0: reg 0x14: [io  0xc000-0xc03f]
[    0.410005] pci 0000:00:03.0: reg 0x30: [mem 0xfebc0000-0xfebdffff pref]
[    0.411400] pci 0000:00:04.0: [8086:25ab] type 00 class 0x088000
[    0.412828] pci 0000:00:04.0: reg 0x10: [mem 0xfebf1000-0xfebf100f]
[    0.417153] pci_bus 0000:00: on NUMA node 0
[    0.418868] ACPI: PCI Interrupt Link [LNKA] (IRQs 5 *10 11)
[    0.420531] ACPI: PCI Interrupt Link [LNKB] (IRQs 5 *10 11)
[    0.422043] ACPI: PCI Interrupt Link [LNKC] (IRQs 5 10 *11)
[    0.423535] ACPI: PCI Interrupt Link [LNKD] (IRQs 5 10 *11)
[    0.424949] ACPI: PCI Interrupt Link [LNKS] (IRQs *9)
[    0.426666] ACPI: Enabled 16 GPEs in block 00 to 0F
[    0.427863] vgaarb: device added: PCI:0000:00:02.0,decodes=3Dio+mem,owns=
=3Dio+mem,locks=3Dnone
[    0.430005] vgaarb: loaded
[    0.430571] vgaarb: bridge control possible 0000:00:02.0
[    0.432271] SCSI subsystem initialized
[    0.433400] libata version 3.00 loaded.
[    0.434292] pps_core: LinuxPPS API ver. 1 registered
[    0.435138] pps_core: Software ver. 5.3.6 - Copyright 2005-2007 Rodolfo =
Giometti <giometti@linux.it>
[    0.436691] PTP clock support registered
[    0.437636] Advanced Linux Sound Architecture Driver Initialized.
[    0.438666] PCI: Using ACPI for IRQ routing
[    0.439409] PCI: pci_cache_line_size set to 64 bytes
[    0.440115] e820: reserve RAM buffer [mem 0x0009fc00-0x0009ffff]
[    0.441098] e820: reserve RAM buffer [mem 0x13ffe000-0x13ffffff]
[    0.442700] irda_init()
[    0.443411] NET: Registered protocol family 23
[    0.444260] Bluetooth: Core ver 2.19
[    0.444964] NET: Registered protocol family 31
[    0.445749] Bluetooth: HCI device and connection manager initialized
[    0.446691] Bluetooth: HCI socket layer initialized
[    0.447536] Bluetooth: L2CAP socket layer initialized
[    0.450049] Bluetooth: SCO socket layer initialized
[    0.450906] NetLabel: Initializing
[    0.451551] NetLabel:  domain hash size =3D 128
[    0.453337] NetLabel:  protocols =3D UNLABELED CIPSOv4
[    0.454251] NetLabel:  unlabeled traffic allowed by default
[    0.455868] Switched to clocksource kvm-clock
[    0.455868] Warning: could not register annotated branches stats
[    0.492483] FS-Cache: Loaded
[    0.493197] CacheFiles: Loaded
[    0.493902] pnp: PnP ACPI init
[    0.494530] ACPI: bus type PNP registered
[    0.495319] IOAPIC[0]: Set routing entry (0-8 -> 0x38 -> IRQ 8 Mode:0 Ac=
tive:0 Dest:1)
[    0.496795] pnp 00:00: Plug and Play ACPI device, IDs PNP0b00 (active)
[    0.497882] IOAPIC[0]: Set routing entry (0-1 -> 0x31 -> IRQ 1 Mode:0 Ac=
tive:0 Dest:1)
[    0.499305] pnp 00:01: Plug and Play ACPI device, IDs PNP0303 (active)
[    0.500399] IOAPIC[0]: Set routing entry (0-12 -> 0x3c -> IRQ 12 Mode:0 =
Active:0 Dest:1)
[    0.501865] pnp 00:02: Plug and Play ACPI device, IDs PNP0f13 (active)
[    0.502972] IOAPIC[0]: Set routing entry (0-6 -> 0x36 -> IRQ 6 Mode:0 Ac=
tive:0 Dest:1)
[    0.504365] pnp 00:03: [dma 2]
[    0.505020] pnp 00:03: Plug and Play ACPI device, IDs PNP0700 (active)
[    0.506132] IOAPIC[0]: Set routing entry (0-7 -> 0x37 -> IRQ 7 Mode:0 Ac=
tive:0 Dest:1)
[    0.507560] pnp 00:04: Plug and Play ACPI device, IDs PNP0400 (active)
[    0.508668] IOAPIC[0]: Set routing entry (0-4 -> 0x34 -> IRQ 4 Mode:0 Ac=
tive:0 Dest:1)
[    0.510122] pnp 00:05: Plug and Play ACPI device, IDs PNP0501 (active)
[    0.511252] IOAPIC[0]: Set routing entry (0-3 -> 0x33 -> IRQ 3 Mode:0 Ac=
tive:0 Dest:1)
[    0.512671] pnp 00:06: Plug and Play ACPI device, IDs PNP0501 (active)
[    0.514139] pnp: PnP ACPI: found 7 devices
[    0.514875] ACPI: bus type PNP unregistered
[    0.524948] pci_bus 0000:00: resource 4 [io  0x0000-0x0cf7]
[    0.525897] pci_bus 0000:00: resource 5 [io  0x0d00-0xffff]
[    0.526831] pci_bus 0000:00: resource 6 [mem 0x000a0000-0x000bffff]
[    0.527840] pci_bus 0000:00: resource 7 [mem 0x80000000-0xfebfffff]
[    0.528946] NET: Registered protocol family 2
[    0.530162] TCP established hash table entries: 4096 (order: 3, 32768 by=
tes)
[    0.531356] TCP bind hash table entries: 4096 (order: 6, 262144 bytes)
[    0.532777] TCP: Hash tables configured (established 4096 bind 4096)
[    0.533905] TCP: reno registered
[    0.534565] UDP hash table entries: 256 (order: 3, 40960 bytes)
[    0.535620] UDP-Lite hash table entries: 256 (order: 3, 40960 bytes)
[    0.536941] NET: Registered protocol family 1
[    0.537752] pci 0000:00:00.0: Limiting direct PCI/PCI transfers
[    0.538730] pci 0000:00:01.0: PIIX3: Enabling Passive Release
[    0.539678] pci 0000:00:01.0: Activating ISA DMA hang workarounds
[    0.540713] pci 0000:00:02.0: Boot video device
[    0.541525] PCI: CLS 0 bytes, default 64
[    0.542512] Unpacking initramfs...
[    1.235239] debug: unmapping init [mem 0xffff88001293d000-0xffff880013fe=
ffff]
[    1.237437] kvm: no hardware support
[    1.238126] has_svm: not amd
[    1.238692] kvm: no hardware support
[    1.240199] cryptomgr_test (19) used greatest stack depth: 14520 bytes l=
eft
[    1.241293] camellia-x86_64: performance on this CPU would be suboptimal=
: disabling camellia-x86_64.
[    1.242786] blowfish-x86_64: performance on this CPU would be suboptimal=
: disabling blowfish-x86_64.
[    1.244529] twofish-x86_64-3way: performance on this CPU would be subopt=
imal: disabling twofish-x86_64-3way.
[    1.246181] sha1_ssse3: Neither AVX nor AVX2 nor SSSE3 is available/usab=
le.
[    1.247298] sha256_ssse3: Neither AVX nor SSSE3 is available/usable.
[    1.248307] sha512_ssse3: Neither AVX nor SSSE3 is available/usable.
[    1.249306] AVX or AES-NI instructions are not detected.
[    1.250188] AVX instructions are not detected.
[    1.250951] AVX instructions are not detected.
[    1.251699] AVX instructions are not detected.
[    1.252453] AVX instructions are not detected.
[    1.253671] futex hash table entries: 256 (order: 2, 20480 bytes)
[    1.255208] HugeTLB registered 2 MB page size, pre-allocated 0 pages
[    1.271348] VFS: Disk quotas dquot_6.5.2
[    1.272322] Dquot-cache hash table entries: 512 (order 0, 4096 bytes)
[    1.274381] DLM installed
[    1.281244] ntfs: driver 2.1.30 [Flags: R/W].
[    1.283139] QNX4 filesystem 0.2.3 registered.
[    1.284135] QNX6 filesystem 1.0.0 registered.
[    1.285241] fuse init (API version 7.23)
[    1.287286] JFS: nTxBlock =3D 2018, nTxLock =3D 16144
[    1.290486] SGI XFS with ACLs, security attributes, large block/inode nu=
mbers, no debug enabled
[    1.294442] NILFS version 2 loaded
[    1.296762] gfs2: GFS2 installed
[    1.297629] msgmni has been set to 504
[    1.298692] Key type big_key registered
[    1.299979] cryptomgr_test (38) used greatest stack depth: 13832 bytes l=
eft
[    1.306415] cryptomgr_test (66) used greatest stack depth: 13632 bytes l=
eft
[    1.309208] cryptomgr_test (73) used greatest stack depth: 13560 bytes l=
eft
[    1.310694] alg: No test for crc32 (crc32-table)
[    1.311853] alg: No test for lz4 (lz4-generic)
[    1.312680] alg: No test for lz4hc (lz4hc-generic)
[    1.313569] alg: No test for stdrng (krng)
[    1.314515] NET: Registered protocol family 38
[    1.315531] Block layer SCSI generic (bsg) driver version 0.4 loaded (ma=
jor 250)
[    1.316864] io scheduler noop registered
[    1.317558] io scheduler deadline registered
[    1.318524] io scheduler cfq registered (default)
[    1.319344] test_string_helpers: Running tests...
[    1.320369] rbtree testing -> 8770 cycles
[    1.701676] augmented rbtree testing -> 12943 cycles
[    2.257144] no IO addresses supplied
[    2.257949] hgafb: HGA card not detected.
[    2.258664] hgafb: probe of hgafb.0 failed with error -22
[    2.259846] tsc: Refined TSC clocksource calibration: 2693.449 MHz
[    2.261110] uvesafb: failed to execute /sbin/v86d
[    2.261922] uvesafb: make sure that the v86d helper is installed and exe=
cutable
[    2.263181] uvesafb: Getting VBE info block failed (eax=3D0x4f00, err=3D=
-2)
[    2.264241] uvesafb: vbe_init() failed with -22
[    2.265035] uvesafb: probe of uvesafb.0 failed with error -22
[    2.265999] ipmi message handler version 39.2
[    2.266780] ipmi device interface
[    2.267462] IPMI System Interface driver.
[    2.268257] ipmi_si: Adding default-specified kcs state machine
[    2.269296] ipmi_si: Trying default-specified kcs state machine at i/o a=
ddress 0xca2, slave address 0x0, irq 0
[    2.270894] ipmi_si: Interface detection failed
[    2.271663] ipmi_si: Adding default-specified smic state machine
[    2.272684] ipmi_si: Trying default-specified smic state machine at i/o =
address 0xca9, slave address 0x0, irq 0
[    2.274292] ipmi_si: Interface detection failed
[    2.275079] ipmi_si: Adding default-specified bt state machine
[    2.276096] ipmi_si: Trying default-specified bt state machine at i/o ad=
dress 0xe4, slave address 0x0, irq 0
[    2.277671] ipmi_si: Interface detection failed
[    2.278567] ipmi_si: Unable to find any System Interface(s)
[    2.279460] Copyright (C) 2004 MontaVista Software - IPMI Powerdown via =
sys_reboot.
[    2.281001] input: Power Button as /devices/LNXSYSTM:00/LNXPWRBN:00/inpu=
t/input0
[    2.282297] ACPI: Power Button [PWRF]
[    2.310672] r3964: Philips r3964 Driver $Revision: 1.10 $
[    2.311570] Serial: 8250/16550 driver, 4 ports, IRQ sharing enabled
[    2.338307] 00:05: ttyS0 at I/O 0x3f8 (irq =3D 4, base_baud =3D 115200) =
is a 16550A
[    2.341017] serial: Freescale lpuart driver
[    2.341982] lp: driver loaded but no devices found
[    2.342834] ppdev: user-space parallel port driver
[    2.343698] telclk_interrupt =3D 0xf non-mcpbl0010 hw.
[    2.344589] smapi::smapi_init, ERROR invalid usSmapiID
[    2.345457] mwave: tp3780i::tp3780I_InitializeBoardData: Error: SMAPI is=
 not available on this machine
[    2.346995] mwave: mwavedd::mwave_init: Error: Failed to initialize boar=
d data
[    2.348256] mwave: mwavedd::mwave_init: Error: Failed to initialize
[    2.349305] Hangcheck: starting hangcheck timer 0.9.1 (tick is 180 secon=
ds, margin is 60 seconds).
[    2.350815] Hangcheck: Using getrawmonotonic().
[    2.351640] [drm] Initialized drm 1.1.0 20060810
[    2.352527] parport_pc 00:04: reported by Plug and Play ACPI
[    2.353549] parport0: PC-style at 0x378, irq 7 [PCSPP(,...)]
[    2.355305] lp0: using parport0 (interrupt-driven).
[    2.356158] lp0: console ready
[    2.357359] dummy-irq: no IRQ given.  Use irq=3DN
[    2.358191] lkdtm: No crash points registered, enable through debugfs
[    2.359337] Silicon Labs C2 port support v. 0.51.0 - (C) 2007 Rodolfo Gi=
ometti
[    2.360739] mic_init not running on X100 ret -19
[    2.361761] Uniform Multi-Platform E-IDE driver
[    2.362993] ide_generic: please use "probe_mask=3D0x3f" module parameter=
 for probing all legacy ISA IDE ports
[    2.364806] rdac: device handler registered
[    2.365646] hp_sw: device handler registered
[    2.366415] emc: device handler registered
[    2.367170] alua: device handler registered
[    2.367924] st: Version 20101219, fixed bufsize 32768, s/g segs 256
[    2.369098] SCSI Media Changer driver v0.25=20
[    2.369945] osd: LOADED open-osd 0.2.1
[    2.370677] HSI/SSI char device loaded
[    2.371384] slcan: serial line CAN interface driver
[    2.372211] slcan: 10 dynamic interface channels.
[    2.373025] mkiss: AX.25 Multikiss, Hans Albas PE1AYX
[    2.373899] AX.25: 6pack driver, Revision: 0.3.0
[    2.374694] YAM driver version 0.8 by F1OAT/F6FBB
[    2.376631] AX.25: bpqether driver version 004
[    2.377439] baycom_ser_fdx: (C) 1996-2000 Thomas Sailer, HB9JNX/AE4WA
[    2.377439] baycom_ser_fdx: version 0.10
[    2.385902] hdlcdrv: (C) 1996-2000 Thomas Sailer HB9JNX/AE4WA
[    2.386871] hdlcdrv: version 0.8
[    2.387496] baycom_ser_hdx: (C) 1996-2000 Thomas Sailer, HB9JNX/AE4WA
[    2.387496] baycom_ser_hdx: version 0.10
[    2.390231] baycom_par: (C) 1996-2000 Thomas Sailer, HB9JNX/AE4WA
[    2.390231] baycom_par: version 0.9
[    2.393468] i8042: PNP: PS/2 Controller [PNP0303:KBD,PNP0f13:MOU] at 0x6=
0,0x64 irq 1,12
[    2.395572] serio: i8042 KBD port at 0x60,0x64 irq 1
[    2.396450] serio: i8042 AUX port at 0x60,0x64 irq 12
[    2.398006] mousedev: PS/2 mouse device common for all mice
[    2.400020] input: AT Translated Set 2 keyboard as /devices/platform/i80=
42/serio0/input/input1
[    2.402937] parport0: cannot grant exclusive access for device walkera07=
01
[    2.404056] walkera0701: failed to register parport device
[    2.405815] rtc (null): invalid alarm value: 1900-1-20 0:0:0
[    2.406832] rtc-test rtc-test.0: rtc core: registered test as rtc0
[    2.407931] rtc (null): invalid alarm value: 1900-1-20 0:0:0
[    2.408944] rtc-test rtc-test.1: rtc core: registered test as rtc1
[    2.410061] i2c /dev entries driver
[    2.410818] i2c-parport: adapter type unspecified
[    2.411632] i2c-parport-light: adapter type unspecified
[    2.414315] pps pps0: new PPS source ktimer
[    2.415075] pps pps0: ktimer PPS source registered
[    2.415901] pps_ldisc: PPS line discipline registered
[    2.416783] pps_parport: parallel port PPS client
[    2.417600] parport0: cannot grant exclusive access for device pps_parpo=
rt
[    2.418686] pps_parport: couldn't register with parport0
[    2.419580] Driver for 1-wire Dallas network protocol.
[    2.420557] DS1WM w1 busmaster driver - (c) 2004 Szabolcs Gyurko
[    2.421614] 1-Wire driver for the DS2760 battery monitor  chip  - (c) 20=
04-2005, Szabolcs Gyurko
[    2.423257] power_supply test_ac: uevent
[    2.423990] power_supply test_ac: POWER_SUPPLY_NAME=3Dtest_ac
[    2.424923] power_supply test_ac: prop ONLINE=3D1
[    2.425751] power_supply test_ac: power_supply_changed
[    2.426801] power_supply test_battery: uevent
[    2.427571] power_supply test_battery: POWER_SUPPLY_NAME=3Dtest_battery
[    2.428607] power_supply test_battery: prop STATUS=3DDischarging
[    2.429569] power_supply test_battery: prop CHARGE_TYPE=3DFast
[    2.430520] power_supply test_battery: prop HEALTH=3DGood
[    2.431400] power_supply test_battery: prop PRESENT=3D1
[    2.432250] power_supply test_battery: prop TECHNOLOGY=3DLi-ion
[    2.433185] power_supply test_battery: prop CHARGE_FULL_DESIGN=3D100
[    2.434196] power_supply test_battery: prop CHARGE_FULL=3D100
[    2.435119] power_supply test_battery: prop CHARGE_NOW=3D50
[    2.436018] power_supply test_battery: prop CAPACITY=3D50
[    2.436907] power_supply test_battery: prop CAPACITY_LEVEL=3DNormal
[    2.437889] power_supply test_battery: prop TIME_TO_EMPTY_AVG=3D3600
[    2.438881] power_supply test_battery: prop TIME_TO_FULL_NOW=3D3600
[    2.439860] power_supply test_battery: prop MODEL_NAME=3DTest battery
[    2.440877] power_supply test_battery: prop MANUFACTURER=3DLinux
[    2.441835] power_supply test_battery: prop SERIAL_NUMBER=3D3.16.0-rc1-0=
0238-gddc5bfe
[    2.443153] power_supply test_battery: prop TEMP=3D26
[    2.443995] power_supply test_battery: prop VOLTAGE_NOW=3D3300
[    2.445091] power_supply test_battery: power_supply_changed
[    2.446086] power_supply test_usb: uevent
[    2.446831] power_supply test_usb: POWER_SUPPLY_NAME=3Dtest_usb
[    2.447783] power_supply test_usb: prop ONLINE=3D1
[    2.448593] power_supply test_usb: power_supply_changed
[    2.449975] applesmc: supported laptop not found!
[    2.450800] applesmc: driver init failed (ret=3D-19)!
[    2.452463] pc87360: PC8736x not detected, module not inserted
[    2.453511] sch56xx_common: Unsupported device id: 0xff
[    2.454398] sch56xx_common: Unsupported device id: 0xff
[    2.455834] it87_wdt: no device
[    2.456473] sc1200wdt: build 20020303
[    2.457208] sc1200wdt: io parameter must be specified
[    2.458088] pc87413_wdt: Version 1.1 at io 0x2E
[    2.458929] power_supply test_ac: power_supply_changed_work
[    2.459877] power_supply test_ac: power_supply_update_gen_leds 1
[    2.460875] power_supply test_ac: uevent
[    2.461589] power_supply test_ac: POWER_SUPPLY_NAME=3Dtest_ac
[    2.462517] power_supply test_ac: prop ONLINE=3D1
[    2.463389] pc87413_wdt: initialized. timeout=3D1 min
[    2.464275] pc87413_wdt: cannot request SWC region at 0xffff
[    2.465445] cpu5wdt: init success
[    2.466144] smsc37b787_wdt: SMsC 37B787 watchdog component driver 1.1 in=
itialising...
[    2.468571] smsc37b787_wdt: Unable to register miscdev on minor 130
[    2.469631] w83877f_wdt: cannot register miscdev on minor=3D130 (err=3D-=
16)
[    2.470710] sbc_epx_c3: cannot register miscdev on minor=3D130 (err=3D-1=
6)
[    2.471873] watchdog: Software Watchdog: cannot register miscdev on mino=
r=3D130 (err=3D-16).
[    2.473261] watchdog: Software Watchdog: a legacy watchdog module is pro=
bably present.
[    2.474715] softdog: Software Watchdog Timer: 0.08 initialized. soft_nob=
oot=3D0 soft_margin=3D60 sec soft_panic=3D0 (nowayout=3D0)
[    2.476475] Bluetooth: Virtual HCI driver ver 1.4
[    2.477379] Bluetooth: HCI UART driver ver 2.2
[    2.478173] Bluetooth: HCI BCSP protocol initialized
[    2.479021] Bluetooth: HCILL protocol initialized
[    2.479835] Bluetooth: HCIATH3K protocol initialized
[    2.481624] dcdbas dcdbas: Dell Systems Management Base Driver (version =
5.6.0-3.2)
[    2.484092] power_supply test_battery: power_supply_changed_work
[    2.485090] power_supply test_battery: power_supply_update_bat_leds 2
[    2.486126] power_supply test_battery: uevent
[    2.486914] power_supply test_battery: POWER_SUPPLY_NAME=3Dtest_battery
[    2.487962] power_supply test_battery: prop STATUS=3DDischarging
[    2.488925] power_supply test_battery: prop CHARGE_TYPE=3DFast
[    2.489867] power_supply test_battery: prop HEALTH=3DGood
[    2.490760] power_supply test_battery: prop PRESENT=3D1
[    2.491617] power_supply test_battery: prop TECHNOLOGY=3DLi-ion
[    2.492562] power_supply test_battery: prop CHARGE_FULL_DESIGN=3D100
[    2.493572] power_supply test_battery: prop CHARGE_FULL=3D100
[    2.494501] power_supply test_battery: prop CHARGE_NOW=3D50
[    2.495402] power_supply test_battery: prop CAPACITY=3D50
[    2.496278] power_supply test_battery: prop CAPACITY_LEVEL=3DNormal
[    2.497275] power_supply test_battery: prop TIME_TO_EMPTY_AVG=3D3600
[    2.498275] power_supply test_battery: prop TIME_TO_FULL_NOW=3D3600
[    2.499261] power_supply test_battery: prop MODEL_NAME=3DTest battery
[    2.500287] power_supply test_battery: prop MANUFACTURER=3DLinux
[    2.501243] power_supply test_battery: prop SERIAL_NUMBER=3D3.16.0-rc1-0=
0238-gddc5bfe
[    2.502553] power_supply test_battery: prop TEMP=3D26
[    2.503406] power_supply test_battery: prop VOLTAGE_NOW=3D3300
[    2.504582] power_supply test_usb: power_supply_changed_work
[    2.505518] power_supply test_usb: power_supply_update_gen_leds 1
[    2.506509] power_supply test_usb: uevent
[    2.507245] power_supply test_usb: POWER_SUPPLY_NAME=3Dtest_usb
[    2.508194] power_supply test_usb: prop ONLINE=3D1
[    2.587068] panel: driver version 0.9.5 registered on parport0 (io=3D0x3=
78).
[    2.589086] logger: created 256K log 'log_main'
[    2.590133] logger: created 256K log 'log_events'
[    2.591154] logger: created 256K log 'log_radio'
[    2.592181] logger: created 256K log 'log_system'
[    2.593167] FPGA DOWNLOAD --->
[    2.593799] FPGA image file name: xlinx_fpga_firmware.bit
[    2.594759] GPIO INIT FAIL!!
[    2.596527] Audio Excel DSP 16 init driver Copyright (C) Riccardo Facche=
tti 1995-98
[    2.597870] aedsp16: I/O, IRQ and DMA are mandatory
[    2.598707] pss: mss_io, mss_dma, mss_irq and pss_io must be set.
[    2.599696] ad1848/cs4248 codec driver Copyright (C) by Hannu Savolainen=
 1993-1996
[    2.601021] ad1848: No ISAPnP cards found, trying standard ones...
[    2.602020] Pro Audio Spectrum driver Copyright (C) by Hannu Savolainen =
1993-1996
[    2.603321] I/O, IRQ, DMA and type are mandatory
[    2.604135] sb: Init: Starting Probe...
[    2.604866] sb: Init: Done
[    2.605450] uart6850: irq and io must be set.
[    2.606220] YM3812 and OPL-3 driver Copyright (C) by Hannu Savolainen, R=
ob Hooft 1993-1996
[    2.607683] MIDI Loopback device driver
[    2.610278] snd_dummy snd_dummy.0: unable to register OSS PCM device 0:0
[    2.612600] no UART detected at 0x1
[    2.613595] MTVAP port 0x378 is busy
[    2.614344] snd_mtpav: probe of snd_mtpav failed with error -16
[    2.616391] oprofile: using NMI interrupt.
[    2.617190] drop_monitor: Initializing network drop monitor service
[    2.618319] NET: Registered protocol family 26
[    2.619149] GACT probability NOT on
[    2.619825] Mirror/redirect action on
[    2.620548] netem: version 1.3
[    2.621198] u32 classifier
[    2.621767]     Performance counters on
[    2.622473]     Actions configured
[    2.623246] ipip: IPv4 over IPv4 tunneling driver
[    2.624500] TCP: cubic registered
[    2.625184] Initializing XFRM netlink socket
[    2.626895] NET: Registered protocol family 10
[    2.629002] mip6: Mobile IPv6
[    2.630343] NET: Registered protocol family 17
[    2.631181] NET: Registered protocol family 15
[    2.632045] NET: Registered protocol family 5
[    2.632875] NET: Registered protocol family 9
[    2.633661] X25: Linux Version 0.2
[    2.634348] NET: Registered protocol family 3
[    2.635145] can: controller area network core (rev 20120528 abi 9)
[    2.636218] NET: Registered protocol family 29
[    2.637030] can: broadcast manager protocol (rev 20120528 t)
[    2.637996] can: netlink gateway (rev 20130117) max_hops=3D1
[    2.639722] Bluetooth: RFCOMM TTY layer initialized
[    2.640587] Bluetooth: RFCOMM socket layer initialized
[    2.641478] Bluetooth: RFCOMM ver 1.11
[    2.642185] Bluetooth: HIDP (Human Interface Emulation) ver 1.2
[    2.648970] Bluetooth: HIDP socket layer initialized
[    2.650089] NET: Registered protocol family 33
[    2.650876] Key type rxrpc registered
[    2.651553] Key type rxrpc_s registered
[    2.652296] l2tp_core: L2TP core driver, V2.0
[    2.653093] l2tp_debugfs: L2TP debugfs support
[    2.653897] NET4: DECnet for Linux: V.2.5.68s (C) 1995-2003 Linux DECnet=
 Project Team
[    2.655581] DECnet: Routing cache hash table of 256 buckets, 16Kbytes
[    2.656648] NET: Registered protocol family 12
[    2.657490] NET: Registered protocol family 35
[    2.658325] 8021q: 802.1Q VLAN Support v1.8
[    2.659550] DCCP: Activated CCID 2 (TCP-like)
[    2.660366] DCCP: Activated CCID 3 (TCP-Friendly Rate Control)
[    2.662531] sctp: Hash tables configured (established 1170 bind 1024)
[    2.663791] 9pnet: Installing 9P2000 support
[    2.664651] NET: Registered protocol family 37
[    2.665522] Key type dns_resolver registered
[    2.666307] Key type ceph registered
[    2.667478] libceph: loaded (mon/osd proto 15/24)
[    2.668302] openvswitch: Open vSwitch switching datapath
[    2.669304] mpls_gso: MPLS GSO support
[    2.670466]=20
[    2.670466] printing PIC contents
[    2.671433] ... PIC  IMR: ffff
[    2.672055] ... PIC  IRR: 1013
[    2.672658] ... PIC  ISR: 0000
[    2.673267] ... PIC ELCR: 0c00
[    2.673883] printing local APIC contents on CPU#0/0:
[    2.674733] ... APIC ID:      00000000 (0)
[    2.675463] ... APIC VERSION: 00050014
[    2.676153] ... APIC TASKPRI: 00000000 (00)
[    2.676900] ... APIC PROCPRI: 00000000
[    2.677206] ... APIC LDR: 01000000
[    2.677206] ... APIC DFR: ffffffff
[    2.677206] ... APIC SPIV: 000001ff
[    2.677206] ... APIC ISR field:
[    2.677206] 000000000000000000000000000000000000000000000000000000000000=
0000
[    2.677206] ... APIC TMR field:
[    2.677206] 000000000200000000000000000000000000000000000000000000000000=
0000
[    2.677206] ... APIC IRR field:
[    2.677206] 000000000000000000000000000000000000000000000000000000000000=
8000
[    2.677206] ... APIC ESR: 00000000
[    2.677206] ... APIC ICR: 00000831
[    2.677206] ... APIC ICR2: 01000000
[    2.677206] ... APIC LVTT: 000000ef
[    2.677206] ... APIC LVTPC: 00010000
[    2.677206] ... APIC LVT0: 00010700
[    2.677206] ... APIC LVT1: 00000400
[    2.677206] ... APIC LVTERR: 000000fe
[    2.677206] ... APIC TMICT: 0002a981
[    2.677206] ... APIC TMCCT: 00000000
[    2.677206] ... APIC TDCR: 00000003
[    2.677206]=20
[    2.694188] number of MP IRQ sources: 15.
[    2.694911] number of IO-APIC #0 registers: 24.
[    2.695688] testing the IO APIC.......................
[    2.696558] IO APIC #0......
[    2.697149] .... register #00: 00000000
[    2.697849] .......    : physical APIC id: 00
[    2.698604] .......    : Delivery Type: 0
[    2.699321] .......    : LTS          : 0
[    2.700052] .... register #01: 00170011
[    2.700756] .......     : max redirection entries: 17
[    2.701601] .......     : PRQ implemented: 0
[    2.702357] .......     : IO APIC version: 11
[    2.703128] .... register #02: 00000000
[    2.703842] .......     : arbitration: 00
[    2.704559] .... IRQ redirection table:
[    2.705265] 1    0    0   0   0    0    0    00
[    2.706060] 0    0    0   0   0    1    1    31
[    2.706871] 0    0    0   0   0    1    1    30
[    2.707660] 0    0    0   0   0    1    1    33
[    2.708453] 1    0    0   0   0    1    1    34
[    2.709244] 1    1    0   0   0    1    1    35
[    2.710049] 0    0    0   0   0    1    1    36
[    2.710846] 0    0    0   0   0    1    1    37
[    2.711631] 0    0    0   0   0    1    1    38
[    2.712428] 0    1    0   0   0    1    1    39
[    2.713217] 1    1    0   0   0    1    1    3A
[    2.714049] 1    1    0   0   0    1    1    3B
[    2.714847] 0    0    0   0   0    1    1    3C
[    2.715634] 0    0    0   0   0    1    1    3D
[    2.716429] 0    0    0   0   0    1    1    3E
[    2.717230] 0    0    0   0   0    1    1    3F
[    2.718027] 1    0    0   0   0    0    0    00
[    2.718817] 1    0    0   0   0    0    0    00
[    2.719600] 1    0    0   0   0    0    0    00
[    2.720399] 1    0    0   0   0    0    0    00
[    2.721191] 1    0    0   0   0    0    0    00
[    2.721982] 1    0    0   0   0    0    0    00
[    2.722777] 1    0    0   0   0    0    0    00
[    2.723579] 1    0    0   0   0    0    0    00
[    2.724365] IRQ to pin mappings:
[    2.724987] IRQ0 -> 0:2
[    2.725663] IRQ1 -> 0:1
[    2.726340] IRQ3 -> 0:3
[    2.727033] IRQ4 -> 0:4
[    2.727711] IRQ5 -> 0:5
[    2.728384] IRQ6 -> 0:6
[    2.729063] IRQ7 -> 0:7
[    2.729744] IRQ8 -> 0:8
[    2.730431] IRQ9 -> 0:9
[    2.731109] IRQ10 -> 0:10
[    2.731810] IRQ11 -> 0:11
[    2.732506] IRQ12 -> 0:12
[    2.733206] IRQ13 -> 0:13
[    2.733951] IRQ14 -> 0:14
[    2.734644] IRQ15 -> 0:15
[    2.735344] .................................... done.
[    2.736610] registered taskstats version 1
[    2.737965] Key type encrypted registered
[    2.739245] rtc-test rtc-test.0: setting system clock to 2014-06-20 08:4=
8:24 UTC (1403254104)
[    2.740787] BIOS EDD facility v0.16 2004-Jun-25, 0 devices found
[    2.741766] EDD information not available.
[    2.742600] ALSA device list:
[    2.743202]   #0: Dummy 1
[    2.743766]   #1: Loopback 1
[    2.744578] debug: unmapping init [mem 0xffffffff8247a000-0xffffffff825c=
afff]
[    2.745810] Write protecting the kernel read-only data: 18432k
[    2.747397] debug: unmapping init [mem 0xffff880001a3a000-0xffff880001bf=
ffff]
[    2.748630] debug: unmapping init [mem 0xffff8800021ad000-0xffff8800021f=
ffff]
[    2.752857] ------------[ cut here ]------------
[    2.753355] WARNING: CPU: 0 PID: 1 at kernel/res_counter.c:28 res_counte=
r_uncharge_locked+0x48/0x74()
[    2.753355] CPU: 0 PID: 1 Comm: init Not tainted 3.16.0-rc1-00238-gddc5b=
fe #1
[    2.753355] Hardware name: Bochs Bochs, BIOS Bochs 01/01/2011
[    2.753355]  0000000000000000 ffff880012073c50 ffffffff81a23b9d ffff8800=
12073c88
[    2.753355]  ffffffff810bc765 ffffffff8111fac8 0000000000001000 ffff8800=
1200fa50
[    2.753355]  0000000000000001 ffff88001200fa01 ffff880012073c98 ffffffff=
810bc84b
[    2.753355] Call Trace:
[    2.753355]  [<ffffffff81a23b9d>] dump_stack+0x19/0x1b
[    2.753355]  [<ffffffff810bc765>] warn_slowpath_common+0x73/0x8c
[    2.753355]  [<ffffffff8111fac8>] ? res_counter_uncharge_locked+0x48/0x74
[    2.753355]  [<ffffffff810bc84b>] warn_slowpath_null+0x1a/0x1c
[    2.753355]  [<ffffffff8111fac8>] res_counter_uncharge_locked+0x48/0x74
[    2.753355]  [<ffffffff8111fd02>] res_counter_uncharge_until+0x4e/0xa9
[    2.753355]  [<ffffffff8111fd70>] res_counter_uncharge+0x13/0x15
[    2.753355]  [<ffffffff8119499c>] mem_cgroup_uncharge_end+0x73/0x8d
[    2.753355]  [<ffffffff8115735e>] release_pages+0x1f2/0x20d
[    2.753355]  [<ffffffff8116cc3a>] tlb_flush_mmu_free+0x28/0x43
[    2.753355]  [<ffffffff8116d5e5>] tlb_flush_mmu+0x20/0x23
[    2.753355]  [<ffffffff8116d5fc>] tlb_finish_mmu+0x14/0x39
[    2.753355]  [<ffffffff811730c1>] unmap_region+0xcd/0xdf
[    2.753355]  [<ffffffff81172b0e>] ? vma_gap_callbacks_propagate+0x18/0x33
[    2.753355]  [<ffffffff81174bf1>] do_munmap+0x252/0x2e0
[    2.753355]  [<ffffffff81174cc3>] vm_munmap+0x44/0x5c
[    2.753355]  [<ffffffff81174cfe>] SyS_munmap+0x23/0x29
[    2.753355]  [<ffffffff81a31567>] system_call_fastpath+0x16/0x1b
[    2.753355] ---[ end trace cfeb07101f6fbdfb ]---
[    2.780913] ------------[ cut here ]------------
[    2.781724] WARNING: CPU: 0 PID: 1 at kernel/res_counter.c:28 res_counte=
r_uncharge_locked+0x48/0x74()
[    2.783432] CPU: 0 PID: 1 Comm: init Tainted: G        W     3.16.0-rc1-=
00238-gddc5bfe #1
[    2.783976] Hardware name: Bochs Bochs, BIOS Bochs 01/01/2011
[    2.783976]  0000000000000000 ffff880012073c50 ffffffff81a23b9d ffff8800=
12073c88
[    2.783976]  ffffffff810bc765 ffffffff8111fac8 0000000000001000 ffff8800=
1200fa50
[    2.783976]  0000000000000001 ffff88001200fa01 ffff880012073c98 ffffffff=
810bc84b
[    2.783976] Call Trace:
[    2.783976]  [<ffffffff81a23b9d>] dump_stack+0x19/0x1b
[    2.783976]  [<ffffffff810bc765>] warn_slowpath_common+0x73/0x8c
[    2.783976]  [<ffffffff8111fac8>] ? res_counter_uncharge_locked+0x48/0x74
[    2.783976]  [<ffffffff810bc84b>] warn_slowpath_null+0x1a/0x1c
[    2.783976]  [<ffffffff8111fac8>] res_counter_uncharge_locked+0x48/0x74
[    2.783976]  [<ffffffff8111fd02>] res_counter_uncharge_until+0x4e/0xa9
[    2.783976]  [<ffffffff8111fd70>] res_counter_uncharge+0x13/0x15
[    2.783976]  [<ffffffff8119499c>] mem_cgroup_uncharge_end+0x73/0x8d
[    2.783976]  [<ffffffff8115735e>] release_pages+0x1f2/0x20d
[    2.783976]  [<ffffffff8116cc3a>] tlb_flush_mmu_free+0x28/0x43
[    2.783976]  [<ffffffff8116d5e5>] tlb_flush_mmu+0x20/0x23
[    2.783976]  [<ffffffff8116d5fc>] tlb_finish_mmu+0x14/0x39
[    2.783976]  [<ffffffff811730c1>] unmap_region+0xcd/0xdf
[    2.783976]  [<ffffffff81172b0e>] ? vma_gap_callbacks_propagate+0x18/0x33
[    2.783976]  [<ffffffff81174bf1>] do_munmap+0x252/0x2e0
[    2.783976]  [<ffffffff81174cc3>] vm_munmap+0x44/0x5c
[    2.783976]  [<ffffffff81174cfe>] SyS_munmap+0x23/0x29
[    2.783976]  [<ffffffff81a31567>] system_call_fastpath+0x16/0x1b
[    2.783976] ---[ end trace cfeb07101f6fbdfc ]---
[    2.814881] ------------[ cut here ]------------
[    2.815688] WARNING: CPU: 0 PID: 1 at kernel/res_counter.c:28 res_counte=
r_uncharge_locked+0x48/0x74()
[    2.817398] CPU: 0 PID: 1 Comm: init Tainted: G        W     3.16.0-rc1-=
00238-gddc5bfe #1
[    2.818033] Hardware name: Bochs Bochs, BIOS Bochs 01/01/2011
[    2.818033]  0000000000000000 ffff880012073c50 ffffffff81a23b9d ffff8800=
12073c88
[    2.818033]  ffffffff810bc765 ffffffff8111fac8 0000000000001000 ffff8800=
1200fa50
[    2.818033]  0000000000000001 ffff88001200fa01 ffff880012073c98 ffffffff=
810bc84b
[    2.818033] Call Trace:
[    2.818033]  [<ffffffff81a23b9d>] dump_stack+0x19/0x1b
[    2.818033]  [<ffffffff810bc765>] warn_slowpath_common+0x73/0x8c
[    2.818033]  [<ffffffff8111fac8>] ? res_counter_uncharge_locked+0x48/0x74
[    2.818033]  [<ffffffff810bc84b>] warn_slowpath_null+0x1a/0x1c
[    2.818033]  [<ffffffff8111fac8>] res_counter_uncharge_locked+0x48/0x74
[    2.818033]  [<ffffffff8111fd02>] res_counter_uncharge_until+0x4e/0xa9
[    2.818033]  [<ffffffff8111fd70>] res_counter_uncharge+0x13/0x15
[    2.818033]  [<ffffffff8119499c>] mem_cgroup_uncharge_end+0x73/0x8d
[    2.818033]  [<ffffffff8115735e>] release_pages+0x1f2/0x20d
[    2.818033]  [<ffffffff8116cc3a>] tlb_flush_mmu_free+0x28/0x43
[    2.818033]  [<ffffffff8116d5e5>] tlb_flush_mmu+0x20/0x23
[    2.818033]  [<ffffffff8116d5fc>] tlb_finish_mmu+0x14/0x39
[    2.818033]  [<ffffffff811730c1>] unmap_region+0xcd/0xdf
[    2.818033]  [<ffffffff81172b0e>] ? vma_gap_callbacks_propagate+0x18/0x33
[    2.818033]  [<ffffffff81174bf1>] do_munmap+0x252/0x2e0
[    2.818033]  [<ffffffff81174cc3>] vm_munmap+0x44/0x5c
[    2.818033]  [<ffffffff81174cfe>] SyS_munmap+0x23/0x29
[    2.818033]  [<ffffffff81a31567>] system_call_fastpath+0x16/0x1b
[    2.818033] ---[ end trace cfeb07101f6fbdfd ]---
[    2.843564] ------------[ cut here ]------------
[    2.844375] WARNING: CPU: 0 PID: 1 at kernel/res_counter.c:28 res_counte=
r_uncharge_locked+0x48/0x74()
[    2.846079] CPU: 0 PID: 1 Comm: init Tainted: G        W     3.16.0-rc1-=
00238-gddc5bfe #1
[    2.846681] Hardware name: Bochs Bochs, BIOS Bochs 01/01/2011
[    2.846681]  0000000000000000 ffff880012073c50 ffffffff81a23b9d ffff8800=
12073c88
[    2.846681]  ffffffff810bc765 ffffffff8111fac8 0000000000001000 ffff8800=
1200fa50
[    2.846681]  0000000000000001 ffff88001200fa01 ffff880012073c98 ffffffff=
810bc84b
[    2.846681] Call Trace:
[    2.846681]  [<ffffffff81a23b9d>] dump_stack+0x19/0x1b
[    2.846681]  [<ffffffff810bc765>] warn_slowpath_common+0x73/0x8c
[    2.846681]  [<ffffffff8111fac8>] ? res_counter_uncharge_locked+0x48/0x74
[    2.846681]  [<ffffffff810bc84b>] warn_slowpath_null+0x1a/0x1c
[    2.846681]  [<ffffffff8111fac8>] res_counter_uncharge_locked+0x48/0x74
[    2.846681]  [<ffffffff8111fd02>] res_counter_uncharge_until+0x4e/0xa9
[    2.846681]  [<ffffffff8111fd70>] res_counter_uncharge+0x13/0x15
[    2.846681]  [<ffffffff8119499c>] mem_cgroup_uncharge_end+0x73/0x8d
[    2.846681]  [<ffffffff8115735e>] release_pages+0x1f2/0x20d
[    2.846681]  [<ffffffff8116cc3a>] tlb_flush_mmu_free+0x28/0x43
[    2.846681]  [<ffffffff8116d5e5>] tlb_flush_mmu+0x20/0x23
[    2.846681]  [<ffffffff8116d5fc>] tlb_finish_mmu+0x14/0x39
[    2.846681]  [<ffffffff811730c1>] unmap_region+0xcd/0xdf
[    2.846681]  [<ffffffff81172b0e>] ? vma_gap_callbacks_propagate+0x18/0x33
[    2.846681]  [<ffffffff81174bf1>] do_munmap+0x252/0x2e0
[    2.846681]  [<ffffffff81174cc3>] vm_munmap+0x44/0x5c
[    2.846681]  [<ffffffff81174cfe>] SyS_munmap+0x23/0x29
[    2.846681]  [<ffffffff81a31567>] system_call_fastpath+0x16/0x1b
[    2.846681] ---[ end trace cfeb07101f6fbdfe ]---
[    2.871615] ------------[ cut here ]------------
[    2.872429] WARNING: CPU: 0 PID: 1 at kernel/res_counter.c:28 res_counte=
r_uncharge_locked+0x48/0x74()
[    2.874145] CPU: 0 PID: 1 Comm: init Tainted: G        W     3.16.0-rc1-=
00238-gddc5bfe #1
[    2.874766] Hardware name: Bochs Bochs, BIOS Bochs 01/01/2011
[    2.874766]  0000000000000000 ffff880012073c50 ffffffff81a23b9d ffff8800=
12073c88
[    2.874766]  ffffffff810bc765 ffffffff8111fac8 0000000000001000 ffff8800=
1200fa50
[    2.874766]  0000000000000001 ffff88001200fa01 ffff880012073c98 ffffffff=
810bc84b
[    2.874766] Call Trace:
[    2.874766]  [<ffffffff81a23b9d>] dump_stack+0x19/0x1b
[    2.874766]  [<ffffffff810bc765>] warn_slowpath_common+0x73/0x8c
[    2.874766]  [<ffffffff8111fac8>] ? res_counter_uncharge_locked+0x48/0x74
[    2.874766]  [<ffffffff810bc84b>] warn_slowpath_null+0x1a/0x1c
[    2.874766]  [<ffffffff8111fac8>] res_counter_uncharge_locked+0x48/0x74
[    2.874766]  [<ffffffff8111fd02>] res_counter_uncharge_until+0x4e/0xa9
[    2.874766]  [<ffffffff8111fd70>] res_counter_uncharge+0x13/0x15
[    2.874766]  [<ffffffff8119499c>] mem_cgroup_uncharge_end+0x73/0x8d
[    2.874766]  [<ffffffff8115735e>] release_pages+0x1f2/0x20d
[    2.874766]  [<ffffffff8116cc3a>] tlb_flush_mmu_free+0x28/0x43
[    2.874766]  [<ffffffff8116d5e5>] tlb_flush_mmu+0x20/0x23
[    2.874766]  [<ffffffff8116d5fc>] tlb_finish_mmu+0x14/0x39
[    2.874766]  [<ffffffff811730c1>] unmap_region+0xcd/0xdf
[    2.874766]  [<ffffffff81172b0e>] ? vma_gap_callbacks_propagate+0x18/0x33
[    2.874766]  [<ffffffff81174bf1>] do_munmap+0x252/0x2e0
[    2.874766]  [<ffffffff81174cc3>] vm_munmap+0x44/0x5c
[    2.874766]  [<ffffffff81174cfe>] SyS_munmap+0x23/0x29
[    2.874766]  [<ffffffff81a31567>] system_call_fastpath+0x16/0x1b
[    2.874766] ---[ end trace cfeb07101f6fbdff ]---
[    2.899720] ------------[ cut here ]------------
[    2.900527] WARNING: CPU: 0 PID: 1 at kernel/res_counter.c:28 res_counte=
r_uncharge_locked+0x48/0x74()
[    2.902230] CPU: 0 PID: 1 Comm: init Tainted: G        W     3.16.0-rc1-=
00238-gddc5bfe #1
[    2.902899] Hardware name: Bochs Bochs, BIOS Bochs 01/01/2011
[    2.902899]  0000000000000000 ffff880012073c50 ffffffff81a23b9d ffff8800=
12073c88
[    2.902899]  ffffffff810bc765 ffffffff8111fac8 0000000000001000 ffff8800=
1200fa50
[    2.902899]  0000000000000001 ffff88001200fa01 ffff880012073c98 ffffffff=
810bc84b
[    2.902899] Call Trace:
[    2.902899]  [<ffffffff81a23b9d>] dump_stack+0x19/0x1b
[    2.902899]  [<ffffffff810bc765>] warn_slowpath_common+0x73/0x8c
[    2.902899]  [<ffffffff8111fac8>] ? res_counter_uncharge_locked+0x48/0x74
[    2.902899]  [<ffffffff810bc84b>] warn_slowpath_null+0x1a/0x1c
[    2.902899]  [<ffffffff8111fac8>] res_counter_uncharge_locked+0x48/0x74
[    2.902899]  [<ffffffff8111fd02>] res_counter_uncharge_until+0x4e/0xa9
[    2.902899]  [<ffffffff8111fd70>] res_counter_uncharge+0x13/0x15
[    2.902899]  [<ffffffff8119499c>] mem_cgroup_uncharge_end+0x73/0x8d
[    2.902899]  [<ffffffff8115735e>] release_pages+0x1f2/0x20d
[    2.902899]  [<ffffffff8116cc3a>] tlb_flush_mmu_free+0x28/0x43
[    2.902899]  [<ffffffff8116d5e5>] tlb_flush_mmu+0x20/0x23
[    2.902899]  [<ffffffff8116d5fc>] tlb_finish_mmu+0x14/0x39
[    2.902899]  [<ffffffff811730c1>] unmap_region+0xcd/0xdf
[    2.902899]  [<ffffffff81172b0e>] ? vma_gap_callbacks_propagate+0x18/0x33
[    2.902899]  [<ffffffff81174bf1>] do_munmap+0x252/0x2e0
[    2.902899]  [<ffffffff81174cc3>] vm_munmap+0x44/0x5c
[    2.902899]  [<ffffffff81174cfe>] SyS_munmap+0x23/0x29
[    2.902899]  [<ffffffff81a31567>] system_call_fastpath+0x16/0x1b
[    2.902899] ---[ end trace cfeb07101f6fbe00 ]---
[    2.927802] ------------[ cut here ]------------
[    2.928610] WARNING: CPU: 0 PID: 1 at kernel/res_counter.c:28 res_counte=
r_uncharge_locked+0x48/0x74()
[    2.930322] CPU: 0 PID: 1 Comm: init Tainted: G        W     3.16.0-rc1-=
00238-gddc5bfe #1
[    2.930985] Hardware name: Bochs Bochs, BIOS Bochs 01/01/2011
[    2.930985]  0000000000000000 ffff880012073c50 ffffffff81a23b9d ffff8800=
12073c88
[    2.930985]  ffffffff810bc765 ffffffff8111fac8 0000000000001000 ffff8800=
1200fa50
[    2.930985]  0000000000000001 ffff88001200fa01 ffff880012073c98 ffffffff=
810bc84b
[    2.930985] Call Trace:
[    2.930985]  [<ffffffff81a23b9d>] dump_stack+0x19/0x1b
[    2.930985]  [<ffffffff810bc765>] warn_slowpath_common+0x73/0x8c
[    2.930985]  [<ffffffff8111fac8>] ? res_counter_uncharge_locked+0x48/0x74
[    2.930985]  [<ffffffff810bc84b>] warn_slowpath_null+0x1a/0x1c
[    2.930985]  [<ffffffff8111fac8>] res_counter_uncharge_locked+0x48/0x74
[    2.930985]  [<ffffffff8111fd02>] res_counter_uncharge_until+0x4e/0xa9
[    2.930985]  [<ffffffff8111fd70>] res_counter_uncharge+0x13/0x15
[    2.930985]  [<ffffffff8119499c>] mem_cgroup_uncharge_end+0x73/0x8d
[    2.930985]  [<ffffffff8115735e>] release_pages+0x1f2/0x20d
[    2.930985]  [<ffffffff8116cc3a>] tlb_flush_mmu_free+0x28/0x43
[    2.930985]  [<ffffffff8116d5e5>] tlb_flush_mmu+0x20/0x23
[    2.930985]  [<ffffffff8116d5fc>] tlb_finish_mmu+0x14/0x39
[    2.930985]  [<ffffffff811730c1>] unmap_region+0xcd/0xdf
[    2.930985]  [<ffffffff81172b0e>] ? vma_gap_callbacks_propagate+0x18/0x33
[    2.930985]  [<ffffffff81174bf1>] do_munmap+0x252/0x2e0
[    2.930985]  [<ffffffff81174cc3>] vm_munmap+0x44/0x5c
[    2.930985]  [<ffffffff81174cfe>] SyS_munmap+0x23/0x29
[    2.930985]  [<ffffffff81a31567>] system_call_fastpath+0x16/0x1b
[    2.930985] ---[ end trace cfeb07101f6fbe01 ]---
[    2.955638] ------------[ cut here ]------------
[    2.956426] WARNING: CPU: 0 PID: 1 at kernel/res_counter.c:28 res_counte=
r_uncharge_locked+0x48/0x74()
[    2.958090] CPU: 0 PID: 1 Comm: init Tainted: G        W     3.16.0-rc1-=
00238-gddc5bfe #1
[    2.958753] Hardware name: Bochs Bochs, BIOS Bochs 01/01/2011
[    2.958753]  0000000000000000 ffff880012073c50 ffffffff81a23b9d ffff8800=
12073c88
[    2.958753]  ffffffff810bc765 ffffffff8111fac8 0000000000001000 ffff8800=
1200fa50
[    2.958753]  0000000000000001 ffff88001200fa01 ffff880012073c98 ffffffff=
810bc84b
[    2.958753] Call Trace:
[    2.958753]  [<ffffffff81a23b9d>] dump_stack+0x19/0x1b
[    2.958753]  [<ffffffff810bc765>] warn_slowpath_common+0x73/0x8c
[    2.958753]  [<ffffffff8111fac8>] ? res_counter_uncharge_locked+0x48/0x74
[    2.958753]  [<ffffffff810bc84b>] warn_slowpath_null+0x1a/0x1c
[    2.958753]  [<ffffffff8111fac8>] res_counter_uncharge_locked+0x48/0x74
[    2.958753]  [<ffffffff8111fd02>] res_counter_uncharge_until+0x4e/0xa9
[    2.958753]  [<ffffffff8111fd70>] res_counter_uncharge+0x13/0x15
[    2.958753]  [<ffffffff8119499c>] mem_cgroup_uncharge_end+0x73/0x8d
[    2.958753]  [<ffffffff8115735e>] release_pages+0x1f2/0x20d
[    2.958753]  [<ffffffff8116cc3a>] tlb_flush_mmu_free+0x28/0x43
[    2.958753]  [<ffffffff8116d5e5>] tlb_flush_mmu+0x20/0x23
[    2.958753]  [<ffffffff8116d5fc>] tlb_finish_mmu+0x14/0x39
[    2.958753]  [<ffffffff811730c1>] unmap_region+0xcd/0xdf
[    2.958753]  [<ffffffff81172b0e>] ? vma_gap_callbacks_propagate+0x18/0x33
[    2.958753]  [<ffffffff81174bf1>] do_munmap+0x252/0x2e0
[    2.958753]  [<ffffffff81174cc3>] vm_munmap+0x44/0x5c
[    2.958753]  [<ffffffff81174cfe>] SyS_munmap+0x23/0x29
[    2.958753]  [<ffffffff81a31567>] system_call_fastpath+0x16/0x1b
[    2.958753] ---[ end trace cfeb07101f6fbe02 ]---
[    2.988339] ------------[ cut here ]------------
[    2.989133] WARNING: CPU: 0 PID: 1 at kernel/res_counter.c:28 res_counte=
r_uncharge_locked+0x48/0x74()
[    2.990816] CPU: 0 PID: 1 Comm: init Tainted: G        W     3.16.0-rc1-=
00238-gddc5bfe #1
[    2.991536] Hardware name: Bochs Bochs, BIOS Bochs 01/01/2011
[    2.991536]  0000000000000000 ffff880012073c50 ffffffff81a23b9d ffff8800=
12073c88
[    2.991536]  ffffffff810bc765 ffffffff8111fac8 0000000000001000 ffff8800=
1200fa50
[    2.991536]  0000000000000001 ffff88001200fa01 ffff880012073c98 ffffffff=
810bc84b
[    2.991536] Call Trace:
[    2.991536]  [<ffffffff81a23b9d>] dump_stack+0x19/0x1b
[    2.991536]  [<ffffffff810bc765>] warn_slowpath_common+0x73/0x8c
[    2.991536]  [<ffffffff8111fac8>] ? res_counter_uncharge_locked+0x48/0x74
[    2.991536]  [<ffffffff810bc84b>] warn_slowpath_null+0x1a/0x1c
[    2.991536]  [<ffffffff8111fac8>] res_counter_uncharge_locked+0x48/0x74
[    2.991536]  [<ffffffff8111fd02>] res_counter_uncharge_until+0x4e/0xa9
[    2.991536]  [<ffffffff8111fd70>] res_counter_uncharge+0x13/0x15
[    2.991536]  [<ffffffff8119499c>] mem_cgroup_uncharge_end+0x73/0x8d
[    2.991536]  [<ffffffff8115735e>] release_pages+0x1f2/0x20d
[    2.991536]  [<ffffffff8116cc3a>] tlb_flush_mmu_free+0x28/0x43
[    2.991536]  [<ffffffff8116d5e5>] tlb_flush_mmu+0x20/0x23
[    2.991536]  [<ffffffff8116d5fc>] tlb_finish_mmu+0x14/0x39
[    2.991536]  [<ffffffff811730c1>] unmap_region+0xcd/0xdf
[    2.991536]  [<ffffffff81172b0e>] ? vma_gap_callbacks_propagate+0x18/0x33
[    2.991536]  [<ffffffff81174bf1>] do_munmap+0x252/0x2e0
[    2.991536]  [<ffffffff81174cc3>] vm_munmap+0x44/0x5c
[    2.991536]  [<ffffffff81174cfe>] SyS_munmap+0x23/0x29
[    2.991536]  [<ffffffff81a31567>] system_call_fastpath+0x16/0x1b
[    2.991536] ---[ end trace cfeb07101f6fbe03 ]---
[    3.015645] ------------[ cut here ]------------
[    3.016435] WARNING: CPU: 0 PID: 1 at kernel/res_counter.c:28 res_counte=
r_uncharge_locked+0x48/0x74()
[    3.018100] CPU: 0 PID: 1 Comm: init Tainted: G        W     3.16.0-rc1-=
00238-gddc5bfe #1
[    3.018833] Hardware name: Bochs Bochs, BIOS Bochs 01/01/2011
[    3.018833]  0000000000000000 ffff880012073c50 ffffffff81a23b9d ffff8800=
12073c88
[    3.018833]  ffffffff810bc765 ffffffff8111fac8 0000000000001000 ffff8800=
1200fa50
[    3.018833]  0000000000000001 ffff88001200fa01 ffff880012073c98 ffffffff=
810bc84b
[    3.018833] Call Trace:
[    3.018833]  [<ffffffff81a23b9d>] dump_stack+0x19/0x1b
[    3.018833]  [<ffffffff810bc765>] warn_slowpath_common+0x73/0x8c
[    3.018833]  [<ffffffff8111fac8>] ? res_counter_uncharge_locked+0x48/0x74
[    3.018833]  [<ffffffff810bc84b>] warn_slowpath_null+0x1a/0x1c
[    3.018833]  [<ffffffff8111fac8>] res_counter_uncharge_locked+0x48/0x74
[    3.018833]  [<ffffffff8111fd02>] res_counter_uncharge_until+0x4e/0xa9
[    3.018833]  [<ffffffff8111fd70>] res_counter_uncharge+0x13/0x15
[    3.018833]  [<ffffffff8119499c>] mem_cgroup_uncharge_end+0x73/0x8d
[    3.018833]  [<ffffffff8115735e>] release_pages+0x1f2/0x20d
[    3.018833]  [<ffffffff8116cc3a>] tlb_flush_mmu_free+0x28/0x43
[    3.018833]  [<ffffffff8116d5e5>] tlb_flush_mmu+0x20/0x23
[    3.018833]  [<ffffffff8116d5fc>] tlb_finish_mmu+0x14/0x39
[    3.018833]  [<ffffffff811730c1>] unmap_region+0xcd/0xdf
[    3.018833]  [<ffffffff81172b0e>] ? vma_gap_callbacks_propagate+0x18/0x33
[    3.018833]  [<ffffffff81174bf1>] do_munmap+0x252/0x2e0
[    3.018833]  [<ffffffff81174cc3>] vm_munmap+0x44/0x5c
[    3.018833]  [<ffffffff81174cfe>] SyS_munmap+0x23/0x29
[    3.018833]  [<ffffffff81a31567>] system_call_fastpath+0x16/0x1b
[    3.018833] ---[ end trace cfeb07101f6fbe04 ]---
[    3.042898] ------------[ cut here ]------------
[    3.043683] WARNING: CPU: 0 PID: 1 at kernel/res_counter.c:28 res_counte=
r_uncharge_locked+0x48/0x74()
[    3.045340] CPU: 0 PID: 1 Comm: init Tainted: G        W     3.16.0-rc1-=
00238-gddc5bfe #1
[    3.046094] Hardware name: Bochs Bochs, BIOS Bochs 01/01/2011
[    3.046094]  0000000000000000 ffff880012073c50 ffffffff81a23b9d ffff8800=
12073c88
[    3.046094]  ffffffff810bc765 ffffffff8111fac8 0000000000001000 ffff8800=
1200fa50
[    3.046094]  0000000000000001 ffff88001200fa01 ffff880012073c98 ffffffff=
810bc84b
[    3.046094] Call Trace:
[    3.046094]  [<ffffffff81a23b9d>] dump_stack+0x19/0x1b
[    3.046094]  [<ffffffff810bc765>] warn_slowpath_common+0x73/0x8c
[    3.046094]  [<ffffffff8111fac8>] ? res_counter_uncharge_locked+0x48/0x74
[    3.046094]  [<ffffffff810bc84b>] warn_slowpath_null+0x1a/0x1c
[    3.046094]  [<ffffffff8111fac8>] res_counter_uncharge_locked+0x48/0x74
[    3.046094]  [<ffffffff8111fd02>] res_counter_uncharge_until+0x4e/0xa9
[    3.046094]  [<ffffffff8111fd70>] res_counter_uncharge+0x13/0x15
[    3.046094]  [<ffffffff8119499c>] mem_cgroup_uncharge_end+0x73/0x8d
[    3.046094]  [<ffffffff8115735e>] release_pages+0x1f2/0x20d
[    3.046094]  [<ffffffff8116cc3a>] tlb_flush_mmu_free+0x28/0x43
[    3.046094]  [<ffffffff8116d5e5>] tlb_flush_mmu+0x20/0x23
[    3.046094]  [<ffffffff8116d5fc>] tlb_finish_mmu+0x14/0x39
[    3.046094]  [<ffffffff811730c1>] unmap_region+0xcd/0xdf
[    3.046094]  [<ffffffff81172b0e>] ? vma_gap_callbacks_propagate+0x18/0x33
[    3.046094]  [<ffffffff81174bf1>] do_munmap+0x252/0x2e0
[    3.046094]  [<ffffffff81174cc3>] vm_munmap+0x44/0x5c
[    3.046094]  [<ffffffff81174cfe>] SyS_munmap+0x23/0x29
[    3.046094]  [<ffffffff81a31567>] system_call_fastpath+0x16/0x1b
[    3.046094] ---[ end trace cfeb07101f6fbe05 ]---
[    3.070308] ------------[ cut here ]------------
[    3.071104] WARNING: CPU: 0 PID: 1 at kernel/res_counter.c:28 res_counte=
r_uncharge_locked+0x48/0x74()
[    3.072758] CPU: 0 PID: 1 Comm: init Tainted: G        W     3.16.0-rc1-=
00238-gddc5bfe #1
[    3.073338] Hardware name: Bochs Bochs, BIOS Bochs 01/01/2011
[    3.073338]  0000000000000000 ffff880012073c50 ffffffff81a23b9d ffff8800=
12073c88
[    3.073338]  ffffffff810bc765 ffffffff8111fac8 0000000000001000 ffff8800=
1200fa50
[    3.073338]  0000000000000001 ffff88001200fa01 ffff880012073c98 ffffffff=
810bc84b
[    3.073338] Call Trace:
[    3.073338]  [<ffffffff81a23b9d>] dump_stack+0x19/0x1b
[    3.073338]  [<ffffffff810bc765>] warn_slowpath_common+0x73/0x8c
[    3.073338]  [<ffffffff8111fac8>] ? res_counter_uncharge_locked+0x48/0x74
[    3.073338]  [<ffffffff810bc84b>] warn_slowpath_null+0x1a/0x1c
[    3.073338]  [<ffffffff8111fac8>] res_counter_uncharge_locked+0x48/0x74
[    3.073338]  [<ffffffff8111fd02>] res_counter_uncharge_until+0x4e/0xa9
[    3.073338]  [<ffffffff8111fd70>] res_counter_uncharge+0x13/0x15
[    3.073338]  [<ffffffff8119499c>] mem_cgroup_uncharge_end+0x73/0x8d
[    3.073338]  [<ffffffff8115735e>] release_pages+0x1f2/0x20d
[    3.073338]  [<ffffffff8116cc3a>] tlb_flush_mmu_free+0x28/0x43
[    3.073338]  [<ffffffff8116d5e5>] tlb_flush_mmu+0x20/0x23
[    3.073338]  [<ffffffff8116d5fc>] tlb_finish_mmu+0x14/0x39
[    3.073338]  [<ffffffff811730c1>] unmap_region+0xcd/0xdf
[    3.073338]  [<ffffffff81172b0e>] ? vma_gap_callbacks_propagate+0x18/0x33
[    3.073338]  [<ffffffff81174bf1>] do_munmap+0x252/0x2e0
[    3.073338]  [<ffffffff81174cc3>] vm_munmap+0x44/0x5c
[    3.073338]  [<ffffffff81174cfe>] SyS_munmap+0x23/0x29
[    3.073338]  [<ffffffff81a31567>] system_call_fastpath+0x16/0x1b
[    3.073338] ---[ end trace cfeb07101f6fbe06 ]---
[    3.097558] ------------[ cut here ]------------
[    3.098345] WARNING: CPU: 0 PID: 1 at kernel/res_counter.c:28 res_counte=
r_uncharge_locked+0x48/0x74()
[    3.100019] CPU: 0 PID: 1 Comm: init Tainted: G        W     3.16.0-rc1-=
00238-gddc5bfe #1
[    3.100740] Hardware name: Bochs Bochs, BIOS Bochs 01/01/2011
[    3.100740]  0000000000000000 ffff880012073c50 ffffffff81a23b9d ffff8800=
12073c88
[    3.100740]  ffffffff810bc765 ffffffff8111fac8 0000000000001000 ffff8800=
1200fa50
[    3.100740]  0000000000000001 ffff88001200fa01 ffff880012073c98 ffffffff=
810bc84b
[    3.100740] Call Trace:
[    3.100740]  [<ffffffff81a23b9d>] dump_stack+0x19/0x1b
[    3.100740]  [<ffffffff810bc765>] warn_slowpath_common+0x73/0x8c
[    3.100740]  [<ffffffff8111fac8>] ? res_counter_uncharge_locked+0x48/0x74
[    3.100740]  [<ffffffff810bc84b>] warn_slowpath_null+0x1a/0x1c
[    3.100740]  [<ffffffff8111fac8>] res_counter_uncharge_locked+0x48/0x74
[    3.100740]  [<ffffffff8111fd02>] res_counter_uncharge_until+0x4e/0xa9
[    3.100740]  [<ffffffff8111fd70>] res_counter_uncharge+0x13/0x15
[    3.100740]  [<ffffffff8119499c>] mem_cgroup_uncharge_end+0x73/0x8d
[    3.100740]  [<ffffffff8115735e>] release_pages+0x1f2/0x20d
[    3.100740]  [<ffffffff8116cc3a>] tlb_flush_mmu_free+0x28/0x43
[    3.100740]  [<ffffffff8116d5e5>] tlb_flush_mmu+0x20/0x23
[    3.100740]  [<ffffffff8116d5fc>] tlb_finish_mmu+0x14/0x39
[    3.100740]  [<ffffffff811730c1>] unmap_region+0xcd/0xdf
[    3.100740]  [<ffffffff81172b0e>] ? vma_gap_callbacks_propagate+0x18/0x33
[    3.100740]  [<ffffffff81174bf1>] do_munmap+0x252/0x2e0
[    3.100740]  [<ffffffff81174cc3>] vm_munmap+0x44/0x5c
[    3.100740]  [<ffffffff81174cfe>] SyS_munmap+0x23/0x29
[    3.100740]  [<ffffffff81a31567>] system_call_fastpath+0x16/0x1b
[    3.100740] ---[ end trace cfeb07101f6fbe07 ]---
[    3.125050] ------------[ cut here ]------------
[    3.125842] WARNING: CPU: 0 PID: 1 at kernel/res_counter.c:28 res_counte=
r_uncharge_locked+0x48/0x74()
[    3.128105] CPU: 0 PID: 1 Comm: init Tainted: G        W     3.16.0-rc1-=
00238-gddc5bfe #1
[    3.128105] Hardware name: Bochs Bochs, BIOS Bochs 01/01/2011
[    3.128105]  0000000000000000 ffff880012073c50 ffffffff81a23b9d ffff8800=
12073c88
[    3.128105]  ffffffff810bc765 ffffffff8111fac8 0000000000001000 ffff8800=
1200fa50
[    3.128105]  0000000000000001 ffff88001200fa01 ffff880012073c98 ffffffff=
810bc84b
[    3.128105] Call Trace:
[    3.128105]  [<ffffffff81a23b9d>] dump_stack+0x19/0x1b
[    3.128105]  [<ffffffff810bc765>] warn_slowpath_common+0x73/0x8c
[    3.128105]  [<ffffffff8111fac8>] ? res_counter_uncharge_locked+0x48/0x74
[    3.128105]  [<ffffffff810bc84b>] warn_slowpath_null+0x1a/0x1c
[    3.128105]  [<ffffffff8111fac8>] res_counter_uncharge_locked+0x48/0x74
[    3.128105]  [<ffffffff8111fd02>] res_counter_uncharge_until+0x4e/0xa9
[    3.128105]  [<ffffffff8111fd70>] res_counter_uncharge+0x13/0x15
[    3.128105]  [<ffffffff8119499c>] mem_cgroup_uncharge_end+0x73/0x8d
[    3.128105]  [<ffffffff8115735e>] release_pages+0x1f2/0x20d
[    3.128105]  [<ffffffff8116cc3a>] tlb_flush_mmu_free+0x28/0x43
[    3.128105]  [<ffffffff8116d5e5>] tlb_flush_mmu+0x20/0x23
[    3.128105]  [<ffffffff8116d5fc>] tlb_finish_mmu+0x14/0x39
[    3.128105]  [<ffffffff811730c1>] unmap_region+0xcd/0xdf
[    3.128105]  [<ffffffff81172b0e>] ? vma_gap_callbacks_propagate+0x18/0x33
[    3.128105]  [<ffffffff81174bf1>] do_munmap+0x252/0x2e0
[    3.128105]  [<ffffffff81174cc3>] vm_munmap+0x44/0x5c
[    3.128105]  [<ffffffff81174cfe>] SyS_munmap+0x23/0x29
[    3.128105]  [<ffffffff81a31567>] system_call_fastpath+0x16/0x1b
[    3.128105] ---[ end trace cfeb07101f6fbe08 ]---
[    3.157699] ------------[ cut here ]------------
[    3.158490] WARNING: CPU: 0 PID: 1 at kernel/res_counter.c:28 res_counte=
r_uncharge_locked+0x48/0x74()
[    3.160166] CPU: 0 PID: 1 Comm: init Tainted: G        W     3.16.0-rc1-=
00238-gddc5bfe #1
[    3.160865] Hardware name: Bochs Bochs, BIOS Bochs 01/01/2011
[    3.160865]  0000000000000000 ffff880012073c50 ffffffff81a23b9d ffff8800=
12073c88
[    3.160865]  ffffffff810bc765 ffffffff8111fac8 0000000000001000 ffff8800=
1200fa50
[    3.160865]  0000000000000001 ffff88001200fa01 ffff880012073c98 ffffffff=
810bc84b
[    3.160865] Call Trace:
[    3.160865]  [<ffffffff81a23b9d>] dump_stack+0x19/0x1b
[    3.160865]  [<ffffffff810bc765>] warn_slowpath_common+0x73/0x8c
[    3.160865]  [<ffffffff8111fac8>] ? res_counter_uncharge_locked+0x48/0x74
[    3.160865]  [<ffffffff810bc84b>] warn_slowpath_null+0x1a/0x1c
[    3.160865]  [<ffffffff8111fac8>] res_counter_uncharge_locked+0x48/0x74
[    3.160865]  [<ffffffff8111fd02>] res_counter_uncharge_until+0x4e/0xa9
[    3.160865]  [<ffffffff8111fd70>] res_counter_uncharge+0x13/0x15
[    3.160865]  [<ffffffff8119499c>] mem_cgroup_uncharge_end+0x73/0x8d
[    3.160865]  [<ffffffff8115735e>] release_pages+0x1f2/0x20d
[    3.160865]  [<ffffffff8116cc3a>] tlb_flush_mmu_free+0x28/0x43
[    3.160865]  [<ffffffff8116d5e5>] tlb_flush_mmu+0x20/0x23
[    3.160865]  [<ffffffff8116d5fc>] tlb_finish_mmu+0x14/0x39
[    3.160865]  [<ffffffff811730c1>] unmap_region+0xcd/0xdf
[    3.160865]  [<ffffffff81172b0e>] ? vma_gap_callbacks_propagate+0x18/0x33
[    3.160865]  [<ffffffff81174bf1>] do_munmap+0x252/0x2e0
[    3.160865]  [<ffffffff81174cc3>] vm_munmap+0x44/0x5c
[    3.160865]  [<ffffffff81174cfe>] SyS_munmap+0x23/0x29
[    3.160865]  [<ffffffff81a31567>] system_call_fastpath+0x16/0x1b
[    3.160865] ---[ end trace cfeb07101f6fbe09 ]---
[    3.185128] ------------[ cut here ]------------
[    3.185921] WARNING: CPU: 0 PID: 1 at kernel/res_counter.c:28 res_counte=
r_uncharge_locked+0x48/0x74()
[    3.187593] CPU: 0 PID: 1 Comm: init Tainted: G        W     3.16.0-rc1-=
00238-gddc5bfe #1
[    3.188312] Hardware name: Bochs Bochs, BIOS Bochs 01/01/2011
[    3.188312]  0000000000000000 ffff880012073c50 ffffffff81a23b9d ffff8800=
12073c88
[    3.188312]  ffffffff810bc765 ffffffff8111fac8 0000000000001000 ffff8800=
1200fa50
[    3.188312]  0000000000000001 ffff88001200fa01 ffff880012073c98 ffffffff=
810bc84b
[    3.188312] Call Trace:
[    3.188312]  [<ffffffff81a23b9d>] dump_stack+0x19/0x1b
[    3.188312]  [<ffffffff810bc765>] warn_slowpath_common+0x73/0x8c
[    3.188312]  [<ffffffff8111fac8>] ? res_counter_uncharge_locked+0x48/0x74
[    3.188312]  [<ffffffff810bc84b>] warn_slowpath_null+0x1a/0x1c
[    3.188312]  [<ffffffff8111fac8>] res_counter_uncharge_locked+0x48/0x74
[    3.188312]  [<ffffffff8111fd02>] res_counter_uncharge_until+0x4e/0xa9
[    3.188312]  [<ffffffff8111fd70>] res_counter_uncharge+0x13/0x15
[    3.188312]  [<ffffffff8119499c>] mem_cgroup_uncharge_end+0x73/0x8d
[    3.188312]  [<ffffffff8115735e>] release_pages+0x1f2/0x20d
[    3.188312]  [<ffffffff8116cc3a>] tlb_flush_mmu_free+0x28/0x43
[    3.188312]  [<ffffffff8116d5e5>] tlb_flush_mmu+0x20/0x23
[    3.188312]  [<ffffffff8116d5fc>] tlb_finish_mmu+0x14/0x39
[    3.188312]  [<ffffffff811730c1>] unmap_region+0xcd/0xdf
[    3.188312]  [<ffffffff81172b0e>] ? vma_gap_callbacks_propagate+0x18/0x33
[    3.188312]  [<ffffffff81174bf1>] do_munmap+0x252/0x2e0
[    3.188312]  [<ffffffff81174cc3>] vm_munmap+0x44/0x5c
[    3.188312]  [<ffffffff81174cfe>] SyS_munmap+0x23/0x29
[    3.188312]  [<ffffffff81a31567>] system_call_fastpath+0x16/0x1b
[    3.188312] ---[ end trace cfeb07101f6fbe0a ]---
[    3.212448] ------------[ cut here ]------------
[    3.213246] WARNING: CPU: 0 PID: 1 at kernel/res_counter.c:28 res_counte=
r_uncharge_locked+0x48/0x74()
[    3.214902] CPU: 0 PID: 1 Comm: init Tainted: G        W     3.16.0-rc1-=
00238-gddc5bfe #1
[    3.215650] Hardware name: Bochs Bochs, BIOS Bochs 01/01/2011
[    3.215650]  0000000000000000 ffff880012073c50 ffffffff81a23b9d ffff8800=
12073c88
[    3.215650]  ffffffff810bc765 ffffffff8111fac8 0000000000001000 ffff8800=
1200fa50
[    3.215650]  0000000000000001 ffff88001200fa01 ffff880012073c98 ffffffff=
810bc84b
[    3.215650] Call Trace:
[    3.215650]  [<ffffffff81a23b9d>] dump_stack+0x19/0x1b
[    3.215650]  [<ffffffff810bc765>] warn_slowpath_common+0x73/0x8c
[    3.215650]  [<ffffffff8111fac8>] ? res_counter_uncharge_locked+0x48/0x74
[    3.215650]  [<ffffffff810bc84b>] warn_slowpath_null+0x1a/0x1c
[    3.215650]  [<ffffffff8111fac8>] res_counter_uncharge_locked+0x48/0x74
[    3.215650]  [<ffffffff8111fd02>] res_counter_uncharge_until+0x4e/0xa9
[    3.215650]  [<ffffffff8111fd70>] res_counter_uncharge+0x13/0x15
[    3.215650]  [<ffffffff8119499c>] mem_cgroup_uncharge_end+0x73/0x8d
[    3.215650]  [<ffffffff8115735e>] release_pages+0x1f2/0x20d
[    3.215650]  [<ffffffff8116cc3a>] tlb_flush_mmu_free+0x28/0x43
[    3.215650]  [<ffffffff8116d5e5>] tlb_flush_mmu+0x20/0x23
[    3.215650]  [<ffffffff8116d5fc>] tlb_finish_mmu+0x14/0x39
