Return-Path: <owner-linux-mm@kvack.org>
Received: from mail-pb0-f51.google.com (mail-pb0-f51.google.com [209.85.160.51])
	by kanga.kvack.org (Postfix) with ESMTP id B47756B0031
	for <linux-mm@kvack.org>; Wed,  9 Oct 2013 10:12:56 -0400 (EDT)
Received: by mail-pb0-f51.google.com with SMTP id jt11so955835pbb.24
        for <linux-mm@kvack.org>; Wed, 09 Oct 2013 07:12:56 -0700 (PDT)
Date: Wed, 9 Oct 2013 22:12:17 +0800
From: Fengguang Wu <fengguang.wu@intel.com>
Subject: 6e543d5780e fixed a boot hang
Message-ID: <20131009141217.GA24846@localhost>
MIME-Version: 1.0
Content-Type: multipart/mixed; boundary="8t9RHnE3ZwKMSgU+"
Content-Disposition: inline
Sender: owner-linux-mm@kvack.org
List-ID: <linux-mm.kvack.org>
To: Lisa Du <cldu@marvell.com>
Cc: KOSAKI Motohiro <kosaki.motohiro@jp.fujitsu.com>, linux-mm@kvack.org, linux-kernel@vger.kernel.org


--8t9RHnE3ZwKMSgU+
Content-Type: text/plain; charset=us-ascii
Content-Disposition: inline

Greetings,

FYI, this commit seem to fix a boot hang problem here.

commit 6e543d5780e36ff5ee56c44d7e2e30db3457a7ed
Author: Lisa Du <cldu@marvell.com>
Date:   Wed Sep 11 14:22:36 2013 -0700

    mm: vmscan: fix do_try_to_free_pages() livelock


        [    1.394871] pci 0000:00:02.0: Boot video device
        [    1.395883] PCI: CLS 0 bytes, default 64

In parent commit, it will hang right here.

With this commit, it will continue to emit the below OOM messages
(which is not a surprise to me because the boot test runs in a small
memory KVM and the kconfig builds in lots of drivers).

        [    1.631892] swapper/0 invoked oom-killer: gfp_mask=0x2000d0, order=1, oom_score_adj=0
        [    1.633549] swapper/0 cpuset=/ mems_allowed=0
        [    1.634443] CPU: 1 PID: 1 Comm: swapper/0 Not tainted 3.12.0-rc4-00019-g8b5ede6 #126
        [    1.635982] Hardware name: Bochs Bochs, BIOS Bochs 01/01/2011
        [    1.637088]  0000000000000002 ffff88001dd41b28 ffffffff82c8d78f ffff88001ef7c040
        [    1.638955]  ffff88001dd41ba8 ffffffff82c8395f ffffffff83c54680 ffff88001dd41b60
        [    1.640830]  ffffffff810f3f06 0000000000001eb4 0000000000000246 ffff88001dd41b98
        [    1.642687] Call Trace:
        [    1.643313]  [<ffffffff82c8d78f>] dump_stack+0x54/0x74
        [    1.644331]  [<ffffffff82c8395f>] dump_header.isra.10+0x7a/0x1ba
        [    1.645443]  [<ffffffff810f3f06>] ? lock_release_holdtime.part.27+0x4c/0x50
        [    1.646685]  [<ffffffff810f795a>] ? lock_release+0x189/0x1d1
        [    1.647744]  [<ffffffff811530a8>] out_of_memory+0x39e/0x3ee
        [    1.648882]  [<ffffffff811579f5>] __alloc_pages_nodemask+0x668/0x7de
        [    1.650385]  [<ffffffff8118eb53>] kmem_getpages+0x75/0x16c
        [    1.651429]  [<ffffffff81190d20>] fallback_alloc+0x12c/0x1ea
        [    1.652528]  [<ffffffff810f38e8>] ? trace_hardirqs_off+0xd/0xf
        [    1.653627]  [<ffffffff81190be5>] ____cache_alloc_node+0x14a/0x159
        [    1.654783]  [<ffffffff817059fb>] ? dma_debug_init+0x1ef/0x29a
        [    1.655928]  [<ffffffff8119162c>] kmem_cache_alloc_trace+0x83/0x11a
        [    1.657108]  [<ffffffff817059fb>] dma_debug_init+0x1ef/0x29a
        [    1.658182]  [<ffffffff841ac38b>] pci_iommu_init+0x16/0x52
        [    1.659263]  [<ffffffff841ac375>] ? iommu_setup+0x27d/0x27d
        [    1.660342]  [<ffffffff810020d2>] do_one_initcall+0x93/0x137
        [    1.661415]  [<ffffffff810bd300>] ? param_set_charp+0x92/0xd8
        [    1.662503]  [<ffffffff810bd52e>] ? parse_args+0x189/0x247
        [    1.663555]  [<ffffffff8419fed1>] kernel_init_freeable+0x15e/0x1df
        [    1.664724]  [<ffffffff8419f729>] ? do_early_param+0x88/0x88
        [    1.665814]  [<ffffffff82c77867>] ? rest_init+0xdb/0xdb
        [    1.666824]  [<ffffffff82c77875>] kernel_init+0xe/0xdb
        [    1.667824]  [<ffffffff82cbc57c>] ret_from_fork+0x7c/0xb0
        [    1.668911]  [<ffffffff82c77867>] ? rest_init+0xdb/0xdb
        [    1.669925] Mem-Info:
        [    1.670508] Node 0 DMA per-cpu:

Thanks,
Fengguang

--8t9RHnE3ZwKMSgU+
Content-Type: text/plain; charset=us-ascii
Content-Disposition: attachment; filename="dmesg-nfsroot-snb-22:20131008110042:x86_64-allyesdebian:3.12.0-rc4-00019-g8b5ede6:126"
Content-Transfer-Encoding: quoted-printable

[    0.000000] Initializing cgroup subsys cpuset
[    0.000000] Initializing cgroup subsys cpu
[    0.000000] Linux version 3.12.0-rc4-00019-g8b5ede6 (kbuild@inn) (gcc ve=
rsion 4.8.1 (Debian 4.8.1-8) ) #126 SMP Tue Oct 8 11:00:08 CST 2013
[    0.000000] Command line: hung_task_panic=3D1 rcutree.rcu_cpu_stall_time=
out=3D100 log_buf_len=3D8M ignore_loglevel debug sched_debug apic=3Ddebug d=
ynamic_printk sysrq_always_enabled panic=3D10 load_ramdisk=3D2 prompt_ramdi=
sk=3D0 console=3DttyS0,115200 console=3Dtty0 vga=3Dnormal ip=3D::::nfsroot-=
snb-22::dhcp nfsroot=3D192.168.1.1:/nfsroot/wfg,tcp,v3,nocto,actimeo=3D600,=
nolock,rsize=3D524288,wsize=3D524288 rw link=3D/kernel-tests/run-queue/kvm/=
x86_64-allyesdebian/linus:master/.vmlinuz-8b5ede69d24db939f52b47effff2f6fe1=
e83e08b-20131008110028-9-snb branch=3Dlinus/master BOOT_IMAGE=3D/kernel/x86=
_64-allyesdebian/8b5ede69d24db939f52b47effff2f6fe1e83e08b/vmlinuz-3.12.0-rc=
4-00019-g8b5ede6
[    0.000000] e820: BIOS-provided physical RAM map:
[    0.000000] BIOS-e820: [mem 0x0000000000000000-0x000000000009fbff] usable
[    0.000000] BIOS-e820: [mem 0x000000000009fc00-0x000000000009ffff] reser=
ved
[    0.000000] BIOS-e820: [mem 0x00000000000f0000-0x00000000000fffff] reser=
ved
[    0.000000] BIOS-e820: [mem 0x0000000000100000-0x000000001fffdfff] usable
[    0.000000] BIOS-e820: [mem 0x000000001fffe000-0x000000001fffffff] reser=
ved
[    0.000000] BIOS-e820: [mem 0x00000000feffc000-0x00000000feffffff] reser=
ved
[    0.000000] BIOS-e820: [mem 0x00000000fffc0000-0x00000000ffffffff] reser=
ved
[    0.000000] debug: ignoring loglevel setting.
[    0.000000] NX (Execute Disable) protection: active
[    0.000000] SMBIOS 2.4 present.
[    0.000000] DMI: Bochs Bochs, BIOS Bochs 01/01/2011
[    0.000000] Hypervisor detected: KVM
[    0.000000] e820: update [mem 0x00000000-0x00000fff] usable =3D=3D> rese=
rved
[    0.000000] e820: remove [mem 0x000a0000-0x000fffff] usable
[    0.000000] No AGP bridge found
[    0.000000] e820: last_pfn =3D 0x1fffe max_arch_pfn =3D 0x400000000
[    0.000000] MTRR default type: write-back
[    0.000000] MTRR fixed ranges enabled:
[    0.000000]   00000-9FFFF write-back
[    0.000000]   A0000-BFFFF uncachable
[    0.000000]   C0000-FFFFF write-protect
[    0.000000] MTRR variable ranges enabled:
[    0.000000]   0 base 0080000000 mask FF80000000 uncachable
[    0.000000]   1 disabled
[    0.000000]   2 disabled
[    0.000000]   3 disabled
[    0.000000]   4 disabled
[    0.000000]   5 disabled
[    0.000000]   6 disabled
[    0.000000]   7 disabled
[    0.000000] x86 PAT enabled: cpu 0, old 0x70406, new 0x7010600070106
[    0.000000] Scan for SMP in [mem 0x00000000-0x000003ff]
[    0.000000] Scan for SMP in [mem 0x0009fc00-0x0009ffff]
[    0.000000] Scan for SMP in [mem 0x000f0000-0x000fffff]
[    0.000000] found SMP MP-table at [mem 0x000fdab0-0x000fdabf] mapped at =
[ffff8800000fdab0]
[    0.000000]   mpc: fdac0-fdbe4
[    0.000000] Base memory trampoline at [ffff880000099000] 99000 size 24576
[    0.000000] init_memory_mapping: [mem 0x00000000-0x000fffff]
[    0.000000]  [mem 0x00000000-0x000fffff] page 4k
[    0.000000] BRK [0x050be000, 0x050befff] PGTABLE
[    0.000000] BRK [0x050bf000, 0x050bffff] PGTABLE
[    0.000000] BRK [0x050c0000, 0x050c0fff] PGTABLE
[    0.000000] init_memory_mapping: [mem 0x1fc00000-0x1fdfffff]
[    0.000000]  [mem 0x1fc00000-0x1fdfffff] page 4k
[    0.000000] BRK [0x050c1000, 0x050c1fff] PGTABLE
[    0.000000] init_memory_mapping: [mem 0x1c000000-0x1fbfffff]
[    0.000000]  [mem 0x1c000000-0x1fbfffff] page 4k
[    0.000000] BRK [0x050c2000, 0x050c2fff] PGTABLE
[    0.000000] BRK [0x050c3000, 0x050c3fff] PGTABLE
[    0.000000] init_memory_mapping: [mem 0x00100000-0x1bffffff]
[    0.000000]  [mem 0x00100000-0x1bffffff] page 4k
[    0.000000] init_memory_mapping: [mem 0x1fe00000-0x1fffdfff]
[    0.000000]  [mem 0x1fe00000-0x1fffdfff] page 4k
[    0.000000] log_buf_len: 8388608
[    0.000000] early log buf free: 127192(97%)
[    0.000000] ACPI: RSDP 00000000000fd920 00014 (v00 BOCHS )
[    0.000000] ACPI: RSDT 000000001fffe450 00034 (v01 BOCHS  BXPCRSDT 00000=
001 BXPC 00000001)
[    0.000000] ACPI: FACP 000000001fffff80 00074 (v01 BOCHS  BXPCFACP 00000=
001 BXPC 00000001)
[    0.000000] ACPI: DSDT 000000001fffe490 011A9 (v01   BXPC   BXDSDT 00000=
001 INTL 20100528)
[    0.000000] ACPI: FACS 000000001fffff40 00040
[    0.000000] ACPI: SSDT 000000001ffff7a0 00796 (v01 BOCHS  BXPCSSDT 00000=
001 BXPC 00000001)
[    0.000000] ACPI: APIC 000000001ffff680 00080 (v01 BOCHS  BXPCAPIC 00000=
001 BXPC 00000001)
[    0.000000] ACPI: HPET 000000001ffff640 00038 (v01 BOCHS  BXPCHPET 00000=
001 BXPC 00000001)
[    0.000000] ACPI: Local APIC address 0xfee00000
[    0.000000] mapped APIC to ffffffffff5f3000 (        fee00000)
[    0.000000] No NUMA configuration found
[    0.000000] Faking a node at [mem 0x0000000000000000-0x000000001fffdfff]
[    0.000000] Initmem setup node 0 [mem 0x00000000-0x1fffdfff]
[    0.000000]   NODE_DATA [mem 0x1fff9000-0x1fffdfff]
[    0.000000] kvm-clock: Using msrs 4b564d01 and 4b564d00
[    0.000000] kvm-clock: cpu 0, msr 0:1fff1001, boot clock
[    0.000000]  [ffffea0000000000-ffffea00007fffff] PMD -> [ffff88001e40000=
0-ffff88001ebfffff] on node 0
[    0.000000] Zone ranges:
[    0.000000]   DMA      [mem 0x00001000-0x00ffffff]
[    0.000000]   DMA32    [mem 0x01000000-0xffffffff]
[    0.000000]   Normal   empty
[    0.000000] Movable zone start for each node
[    0.000000] Early memory node ranges
[    0.000000]   node   0: [mem 0x00001000-0x0009efff]
[    0.000000]   node   0: [mem 0x00100000-0x1fffdfff]
[    0.000000] On node 0 totalpages: 130972
[    0.000000]   DMA zone: 64 pages used for memmap
[    0.000000]   DMA zone: 21 pages reserved
[    0.000000]   DMA zone: 3998 pages, LIFO batch:0
[    0.000000]   DMA32 zone: 1984 pages used for memmap
[    0.000000]   DMA32 zone: 126974 pages, LIFO batch:31
[    0.000000] ACPI: PM-Timer IO Port: 0xb008
[    0.000000] ACPI: Local APIC address 0xfee00000
[    0.000000] mapped APIC to ffffffffff5f3000 (        fee00000)
[    0.000000] ACPI: LAPIC (acpi_id[0x00] lapic_id[0x00] enabled)
[    0.000000] ACPI: LAPIC (acpi_id[0x01] lapic_id[0x01] enabled)
[    0.000000] ACPI: LAPIC_NMI (acpi_id[0xff] dfl dfl lint[0x1])
[    0.000000] ACPI: IOAPIC (id[0x00] address[0xfec00000] gsi_base[0])
[    0.000000] IOAPIC[0]: apic_id 0, version 17, address 0xfec00000, GSI 0-=
23
[    0.000000] ACPI: INT_SRC_OVR (bus 0 bus_irq 0 global_irq 2 dfl dfl)
[    0.000000] Int: type 0, pol 0, trig 0, bus 00, IRQ 00, APIC ID 0, APIC =
INT 02
[    0.000000] ACPI: INT_SRC_OVR (bus 0 bus_irq 5 global_irq 5 high level)
[    0.000000] Int: type 0, pol 1, trig 3, bus 00, IRQ 05, APIC ID 0, APIC =
INT 05
[    0.000000] ACPI: INT_SRC_OVR (bus 0 bus_irq 9 global_irq 9 high level)
[    0.000000] Int: type 0, pol 1, trig 3, bus 00, IRQ 09, APIC ID 0, APIC =
INT 09
[    0.000000] ACPI: INT_SRC_OVR (bus 0 bus_irq 10 global_irq 10 high level)
[    0.000000] Int: type 0, pol 1, trig 3, bus 00, IRQ 0a, APIC ID 0, APIC =
INT 0a
[    0.000000] ACPI: INT_SRC_OVR (bus 0 bus_irq 11 global_irq 11 high level)
[    0.000000] Int: type 0, pol 1, trig 3, bus 00, IRQ 0b, APIC ID 0, APIC =
INT 0b
[    0.000000] ACPI: IRQ0 used by override.
[    0.000000] Int: type 0, pol 0, trig 0, bus 00, IRQ 01, APIC ID 0, APIC =
INT 01
[    0.000000] ACPI: IRQ2 used by override.
[    0.000000] Int: type 0, pol 0, trig 0, bus 00, IRQ 03, APIC ID 0, APIC =
INT 03
[    0.000000] Int: type 0, pol 0, trig 0, bus 00, IRQ 04, APIC ID 0, APIC =
INT 04
[    0.000000] ACPI: IRQ5 used by override.
[    0.000000] Int: type 0, pol 0, trig 0, bus 00, IRQ 06, APIC ID 0, APIC =
INT 06
[    0.000000] Int: type 0, pol 0, trig 0, bus 00, IRQ 07, APIC ID 0, APIC =
INT 07
[    0.000000] Int: type 0, pol 0, trig 0, bus 00, IRQ 08, APIC ID 0, APIC =
INT 08
[    0.000000] ACPI: IRQ9 used by override.
[    0.000000] ACPI: IRQ10 used by override.
[    0.000000] ACPI: IRQ11 used by override.
[    0.000000] Int: type 0, pol 0, trig 0, bus 00, IRQ 0c, APIC ID 0, APIC =
INT 0c
[    0.000000] Int: type 0, pol 0, trig 0, bus 00, IRQ 0d, APIC ID 0, APIC =
INT 0d
[    0.000000] Int: type 0, pol 0, trig 0, bus 00, IRQ 0e, APIC ID 0, APIC =
INT 0e
[    0.000000] Int: type 0, pol 0, trig 0, bus 00, IRQ 0f, APIC ID 0, APIC =
INT 0f
[    0.000000] Using ACPI (MADT) for SMP configuration information
[    0.000000] ACPI: HPET id: 0x8086a201 base: 0xfed00000
[    0.000000] smpboot: Allowing 2 CPUs, 0 hotplug CPUs
[    0.000000] mapped IOAPIC to ffffffffff5f2000 (fec00000)
[    0.000000] nr_irqs_gsi: 40
[    0.000000] PM: Registered nosave memory: [mem 0x0009f000-0x0009ffff]
[    0.000000] PM: Registered nosave memory: [mem 0x000a0000-0x000effff]
[    0.000000] PM: Registered nosave memory: [mem 0x000f0000-0x000fffff]
[    0.000000] e820: [mem 0x20000000-0xfeffbfff] available for PCI devices
[    0.000000] Booting paravirtualized kernel on KVM
[    0.000000] setup_percpu: NR_CPUS:512 nr_cpumask_bits:512 nr_cpu_ids:2 n=
r_node_ids:1
[    0.000000] PERCPU: Embedded 478 pages/cpu @ffff88001f000000 s1928536 r8=
192 d21160 u2097152
[    0.000000] pcpu-alloc: s1928536 r8192 d21160 u2097152 alloc=3D1*2097152
[    0.000000] pcpu-alloc: [0] 0 [0] 1=20
[    0.000000] kvm-clock: cpu 0, msr 0:1fff1001, primary cpu clock
[    0.000000] KVM setup async PF for cpu 0
[    0.000000] kvm-stealtime: cpu 0, msr 1f00e240
[    0.000000] Built 1 zonelists in Node order, mobility grouping on.  Tota=
l pages: 128903
[    0.000000] Policy zone: DMA32
[    0.000000] Kernel command line: hung_task_panic=3D1 rcutree.rcu_cpu_sta=
ll_timeout=3D100 log_buf_len=3D8M ignore_loglevel debug sched_debug apic=3D=
debug dynamic_printk sysrq_always_enabled panic=3D10 load_ramdisk=3D2 promp=
t_ramdisk=3D0 console=3DttyS0,115200 console=3Dtty0 vga=3Dnormal ip=3D::::n=
fsroot-snb-22::dhcp nfsroot=3D192.168.1.1:/nfsroot/wfg,tcp,v3,nocto,actimeo=
=3D600,nolock,rsize=3D524288,wsize=3D524288 rw link=3D/kernel-tests/run-que=
ue/kvm/x86_64-allyesdebian/linus:master/.vmlinuz-8b5ede69d24db939f52b47efff=
f2f6fe1e83e08b-20131008110028-9-snb branch=3Dlinus/master BOOT_IMAGE=3D/ker=
nel/x86_64-allyesdebian/8b5ede69d24db939f52b47effff2f6fe1e83e08b/vmlinuz-3.=
12.0-rc4-00019-g8b5ede6
[    0.000000] sysrq: sysrq always enabled.
[    0.000000] PID hash table entries: 2048 (order: 2, 16384 bytes)
[    0.000000] Checking aperture...
[    0.000000] No AGP bridge found
[    0.000000] Calgary: detecting Calgary via BIOS EBDA area
[    0.000000] Calgary: Unable to locate Rio Grande table in EBDA - bailing!
[    0.000000] Memory: 435476K/523888K available (29449K kernel code, 3864K=
 rwdata, 14028K rodata, 4400K init, 12908K bss, 88412K reserved)
[    0.000000] Hierarchical RCU implementation.
[    0.000000]=20
[    0.000000]=20
[    0.000000]=20
[    0.000000]=20
[    0.000000] NR_IRQS:33024 nr_irqs:512 16
[    0.000000] Console: colour VGA+ 80x25
[    0.000000] console [tty0] enabled
[    0.000000] console [ttyS0] enabled
[    0.000000] Lock dependency validator: Copyright (c) 2006 Red Hat, Inc.,=
 Ingo Molnar
[    0.000000] ... MAX_LOCKDEP_SUBCLASSES:  8
[    0.000000] ... MAX_LOCK_DEPTH:          48
[    0.000000] ... MAX_LOCKDEP_KEYS:        8191
[    0.000000] ... CLASSHASH_SIZE:          4096
[    0.000000] ... MAX_LOCKDEP_ENTRIES:     16384
[    0.000000] ... MAX_LOCKDEP_CHAINS:      32768
[    0.000000] ... CHAINHASH_SIZE:          16384
[    0.000000]  memory used by lock dependency info: 6367 kB
[    0.000000]  per task-struct memory footprint: 2688 bytes
[    0.000000] ------------------------
[    0.000000] | Locking API testsuite:
[    0.000000] ------------------------------------------------------------=
----------------
[    0.000000]                                  | spin |wlock |rlock |mutex=
 | wsem | rsem |
[    0.000000]   ----------------------------------------------------------=
----------------
[    0.000000]                      A-A deadlock:  ok  |  ok  |  ok  |  ok =
 |  ok  |  ok  |
[    0.000000]                  A-B-B-A deadlock:  ok  |  ok  |  ok  |  ok =
 |  ok  |  ok  |
[    0.000000]              A-B-B-C-C-A deadlock:  ok  |  ok  |  ok  |  ok =
 |  ok  |  ok  |
[    0.000000]              A-B-C-A-B-C deadlock:  ok  |  ok  |  ok  |  ok =
 |  ok  |  ok  |
[    0.000000]          A-B-B-C-C-D-D-A deadlock:  ok  |  ok  |  ok  |  ok =
 |  ok  |  ok  |
[    0.000000]          A-B-C-D-B-D-D-A deadlock:  ok  |  ok  |  ok  |  ok =
 |  ok  |  ok  |
[    0.000000]          A-B-C-D-B-C-D-A deadlock:  ok  |  ok  |  ok  |  ok =
 |  ok  |  ok  |
[    0.000000]                     double unlock:  ok  |  ok  |  ok  |  ok =
 |  ok  |  ok  |
[    0.000000]                   initialize held:  ok  |  ok  |  ok  |  ok =
 |  ok  |  ok  |
[    0.000000]                  bad unlock order:  ok  |  ok  |  ok  |  ok =
 |  ok  |  ok  |
[    0.000000]   ----------------------------------------------------------=
----------------
[    0.000000]               recursive read-lock:             |  ok  |     =
        |  ok  |
[    0.000000]            recursive read-lock #2:             |  ok  |     =
        |  ok  |
[    0.000000]             mixed read-write-lock:             |  ok  |     =
        |  ok  |
[    0.000000]             mixed write-read-lock:             |  ok  |     =
        |  ok  |
[    0.000000]   ----------------------------------------------------------=
----------------
[    0.000000]      hard-irqs-on + irq-safe-A/12:  ok  |  ok  |  ok  |
[    0.000000]      soft-irqs-on + irq-safe-A/12:  ok  |  ok  |  ok  |
[    0.000000]      hard-irqs-on + irq-safe-A/21:  ok  |  ok  |  ok  |
[    0.000000]      soft-irqs-on + irq-safe-A/21:  ok  |  ok  |  ok  |
[    0.000000]        sirq-safe-A =3D> hirqs-on/12:  ok  |  ok  |  ok  |
[    0.000000]        sirq-safe-A =3D> hirqs-on/21:  ok  |  ok  |  ok  |
[    0.000000]          hard-safe-A + irqs-on/12:  ok  |  ok  |  ok  |
[    0.000000]          soft-safe-A + irqs-on/12:  ok  |  ok  |  ok  |
[    0.000000]          hard-safe-A + irqs-on/21:  ok  |  ok  |  ok  |
[    0.000000]          soft-safe-A + irqs-on/21:  ok  |  ok  |  ok  |
[    0.000000]     hard-safe-A + unsafe-B #1/123:  ok  |  ok  |  ok  |
[    0.000000]     soft-safe-A + unsafe-B #1/123:  ok  |  ok  |  ok  |
[    0.000000]     hard-safe-A + unsafe-B #1/132:  ok  |  ok  |  ok  |
[    0.000000]     soft-safe-A + unsafe-B #1/132:  ok  |  ok  |  ok  |
[    0.000000]     hard-safe-A + unsafe-B #1/213:  ok  |  ok  |  ok  |
[    0.000000]     soft-safe-A + unsafe-B #1/213:  ok  |  ok  |  ok  |
[    0.000000]     hard-safe-A + unsafe-B #1/231:  ok  |  ok  |  ok  |
[    0.000000]     soft-safe-A + unsafe-B #1/231:  ok  |  ok  |  ok  |
[    0.000000]     hard-safe-A + unsafe-B #1/312:  ok  |  ok  |  ok  |
[    0.000000]     soft-safe-A + unsafe-B #1/312:  ok  |  ok  |  ok  |
[    0.000000]     hard-safe-A + unsafe-B #1/321:  ok  |  ok  |  ok  |
[    0.000000]     soft-safe-A + unsafe-B #1/321:  ok  |  ok  |  ok  |
[    0.000000]     hard-safe-A + unsafe-B #2/123:  ok  |  ok  |  ok  |
[    0.000000]     soft-safe-A + unsafe-B #2/123:  ok  |  ok  |  ok  |
[    0.000000]     hard-safe-A + unsafe-B #2/132:  ok  |  ok  |  ok  |
[    0.000000]     soft-safe-A + unsafe-B #2/132:  ok  |  ok  |  ok  |
[    0.000000]     hard-safe-A + unsafe-B #2/213:  ok  |  ok  |  ok  |
[    0.000000]     soft-safe-A + unsafe-B #2/213:  ok  |  ok  |  ok  |
[    0.000000]     hard-safe-A + unsafe-B #2/231:  ok  |  ok  |  ok  |
[    0.000000]     soft-safe-A + unsafe-B #2/231:  ok  |  ok  |  ok  |
[    0.000000]     hard-safe-A + unsafe-B #2/312:  ok  |  ok  |  ok  |
[    0.000000]     soft-safe-A + unsafe-B #2/312:  ok  |  ok  |  ok  |
[    0.000000]     hard-safe-A + unsafe-B #2/321:  ok  |  ok  |  ok  |
[    0.000000]     soft-safe-A + unsafe-B #2/321:  ok  |  ok  |  ok  |
[    0.000000]       hard-irq lock-inversion/123:  ok  |  ok  |  ok  |
[    0.000000]       soft-irq lock-inversion/123:  ok  |  ok  |  ok  |
[    0.000000]       hard-irq lock-inversion/132:  ok  |  ok  |  ok  |
[    0.000000]       soft-irq lock-inversion/132:  ok  |  ok  |  ok  |
[    0.000000]       hard-irq lock-inversion/213:  ok  |  ok  |  ok  |
[    0.000000]       soft-irq lock-inversion/213:  ok  |  ok  |  ok  |
[    0.000000]       hard-irq lock-inversion/231:  ok  |  ok  |  ok  |
[    0.000000]       soft-irq lock-inversion/231:  ok  |  ok  |  ok  |
[    0.000000]       hard-irq lock-inversion/312:  ok  |  ok  |  ok  |
[    0.000000]       soft-irq lock-inversion/312:  ok  |  ok  |  ok  |
[    0.000000]       hard-irq lock-inversion/321:  ok  |  ok  |  ok  |
[    0.000000]       soft-irq lock-inversion/321:  ok  |  ok  |  ok  |
[    0.000000]       hard-irq read-recursion/123:  ok  |
[    0.000000]       soft-irq read-recursion/123:  ok  |
[    0.000000]       hard-irq read-recursion/132:  ok  |
[    0.000000]       soft-irq read-recursion/132:  ok  |
[    0.000000]       hard-irq read-recursion/213:  ok  |
[    0.000000]       soft-irq read-recursion/213:  ok  |
[    0.000000]       hard-irq read-recursion/231:  ok  |
[    0.000000]       soft-irq read-recursion/231:  ok  |
[    0.000000]       hard-irq read-recursion/312:  ok  |
[    0.000000]       soft-irq read-recursion/312:  ok  |
[    0.000000]       hard-irq read-recursion/321:  ok  |
[    0.000000]       soft-irq read-recursion/321:  ok  |
[    0.000000]   ----------------------------------------------------------=
----------------
[    0.000000]   | Wound/wait tests |
[    0.000000]   ---------------------
[    0.000000]                   ww api failures:  ok  |  ok  |  ok  |
[    0.000000]                ww contexts mixing:  ok  |  ok  |
[    0.000000]              finishing ww context:  ok  |  ok  |  ok  |  ok =
 |
[    0.000000]                locking mismatches:  ok  |  ok  |  ok  |
[    0.000000]                  EDEADLK handling:  ok  |  ok  |  ok  |  ok =
 |  ok  |  ok  |  ok  |  ok  |  ok  |  ok  |
[    0.000000]            spinlock nest unlocked:  ok  |
[    0.000000]   -----------------------------------------------------
[    0.000000]                                  |block | try  |context|
[    0.000000]   -----------------------------------------------------
[    0.000000]                           context:  ok  |  ok  |  ok  |
[    0.000000]                               try:  ok  |  ok  |  ok  |
[    0.000000]                             block:  ok  |  ok  |  ok  |
[    0.000000]                          spinlock:  ok  |  ok  |  ok  |
[    0.000000] -------------------------------------------------------
[    0.000000] Good, all 253 testcases passed! |
[    0.000000] ---------------------------------
[    0.000000] ODEBUG: 0 of 0 active objects replaced
[    0.000000] hpet clockevent registered
[    0.000000] tsc: Detected 2299.862 MHz processor
[    0.008000] Calibrating delay loop (skipped) preset value.. 4599.72 Bogo=
MIPS (lpj=3D9199448)
[    0.008000] pid_max: default: 32768 minimum: 301
[    0.008445] Security Framework initialized
[    0.009342] AppArmor: AppArmor disabled by boot time parameter
[    0.010744] Dentry cache hash table entries: 65536 (order: 7, 524288 byt=
es)
[    0.012228] Inode-cache hash table entries: 32768 (order: 6, 262144 byte=
s)
[    0.013641] Mount-cache hash table entries: 256
[    0.017325] Initializing cgroup subsys devices
[    0.018307] Initializing cgroup subsys freezer
[    0.019274] Initializing cgroup subsys net_cls
[    0.020029] Initializing cgroup subsys blkio
[    0.021176] mce: CPU supports 10 MCE banks
[    0.022108] numa_add_cpu cpu 0 node 0: mask now 0
[    0.023085] Last level iTLB entries: 4KB 0, 2MB 0, 4MB 0
[    0.023085] Last level dTLB entries: 4KB 0, 2MB 0, 4MB 0
[    0.023085] tlb_flushall_shift: 6
[    0.024045] debug: unmapping init [mem 0xffffffff84414000-0xffffffff8442=
0fff]
[    0.029722] ACPI: Core revision 20130725
[    0.034764] ACPI: All ACPI Tables successfully acquired
[    0.036039] ftrace: allocating 115943 entries in 453 pages
[    0.068510] Getting VERSION: 50014
[    0.072015] Getting VERSION: 50014
[    0.072803] Getting ID: 0
[    0.073468] Getting ID: ff000000
[    0.074236] Getting LVT0: 8700
[    0.074967] Getting LVT1: 8400
[    0.076074] enabled ExtINT on CPU#0
[    0.080991] ENABLING IO-APIC IRQs
[    0.081764] init IO_APIC IRQs
[    0.082469]  apic 0 pin 0 not connected
[    0.084029] IOAPIC[0]: Set routing entry (0-1 -> 0x31 -> IRQ 1 Mode:0 Ac=
tive:0 Dest:1)
[    0.085689] IOAPIC[0]: Set routing entry (0-2 -> 0x30 -> IRQ 0 Mode:0 Ac=
tive:0 Dest:1)
[    0.087328] IOAPIC[0]: Set routing entry (0-3 -> 0x33 -> IRQ 3 Mode:0 Ac=
tive:0 Dest:1)
[    0.088029] IOAPIC[0]: Set routing entry (0-4 -> 0x34 -> IRQ 4 Mode:0 Ac=
tive:0 Dest:1)
[    0.089667] IOAPIC[0]: Set routing entry (0-5 -> 0x35 -> IRQ 5 Mode:1 Ac=
tive:0 Dest:1)
[    0.092029] IOAPIC[0]: Set routing entry (0-6 -> 0x36 -> IRQ 6 Mode:0 Ac=
tive:0 Dest:1)
[    0.093634] IOAPIC[0]: Set routing entry (0-7 -> 0x37 -> IRQ 7 Mode:0 Ac=
tive:0 Dest:1)
[    0.095237] IOAPIC[0]: Set routing entry (0-8 -> 0x38 -> IRQ 8 Mode:0 Ac=
tive:0 Dest:1)
[    0.096028] IOAPIC[0]: Set routing entry (0-9 -> 0x39 -> IRQ 9 Mode:1 Ac=
tive:0 Dest:1)
[    0.097653] IOAPIC[0]: Set routing entry (0-10 -> 0x3a -> IRQ 10 Mode:1 =
Active:0 Dest:1)
[    0.100029] IOAPIC[0]: Set routing entry (0-11 -> 0x3b -> IRQ 11 Mode:1 =
Active:0 Dest:1)
[    0.101654] IOAPIC[0]: Set routing entry (0-12 -> 0x3c -> IRQ 12 Mode:0 =
Active:0 Dest:1)
[    0.104029] IOAPIC[0]: Set routing entry (0-13 -> 0x3d -> IRQ 13 Mode:0 =
Active:0 Dest:1)
[    0.105658] IOAPIC[0]: Set routing entry (0-14 -> 0x3e -> IRQ 14 Mode:0 =
Active:0 Dest:1)
[    0.107418] IOAPIC[0]: Set routing entry (0-15 -> 0x3f -> IRQ 15 Mode:0 =
Active:0 Dest:1)
[    0.108025]  apic 0 pin 16 not connected
[    0.108860]  apic 0 pin 17 not connected
[    0.109759]  apic 0 pin 18 not connected
[    0.110592]  apic 0 pin 19 not connected
[    0.112006]  apic 0 pin 20 not connected
[    0.112842]  apic 0 pin 21 not connected
[    0.113701]  apic 0 pin 22 not connected
[    0.114631]  apic 0 pin 23 not connected
[    0.116157] ..TIMER: vector=3D0x30 apic1=3D0 pin1=3D2 apic2=3D-1 pin2=3D=
-1
[    0.117435] smpboot: CPU0: Intel Common KVM processor (fam: 0f, model: 0=
6, stepping: 01)
[    0.119688] Using local APIC timer interrupts.
[    0.119688] calibrating APIC timer ...
[    0.124000] ... lapic delta =3D 6250126
[    0.124000] ... PM-Timer delta =3D 357969
[    0.124000] ... PM-Timer result ok
[    0.124000] ..... delta 6250126
[    0.124000] ..... mult: 268440867
[    0.124000] ..... calibration result: 4000080
[    0.124000] ..... CPU clock speed is 2300.0230 MHz.
[    0.124000] ..... host bus clock speed is 1000.0080 MHz.
[    0.124087] Performance Events: unsupported Netburst CPU model 6 no PMU =
driver, software events only.
[    0.129440] NMI watchdog: disabled (cpu0): hardware events not enabled
[    0.132439] SMP alternatives: lockdep: fixing up alternatives
[    0.133745] smpboot: Booting Node   0, Processors  #   1 OK
[    0.008000] kvm-clock: cpu 1, msr 0:1fff1041, secondary cpu clock
[    0.008000] masked ExtINT on CPU#1
[    0.008000] numa_add_cpu cpu 1 node 0: mask now 0-1
[    0.152116] Brought up 2 CPUs
[    0.152108] KVM setup async PF for cpu 1
[    0.152113] kvm-stealtime: cpu 1, msr 1f20e240
[    0.156013] ----------------
[    0.156686] | NMI testsuite:
[    0.157371] --------------------
[    0.160004]   remote IPI:  ok  |
[    0.172517]    local IPI:  ok  |
[    0.196019] --------------------
[    0.197096] Good, all   2 testcases passed! |
[    0.197994] ---------------------------------
[    0.198883] smpboot: Total of 2 processors activated (9199.44 BogoMIPS)
[    0.200459] CPU0 attaching sched-domain:
[    0.201058]  domain 0: span 0-1 level CPU
[    0.202000]   groups: 0 (cpu_power =3D 1023) 1
[    0.203270] CPU1 attaching sched-domain:
[    0.204033]  domain 0: span 0-1 level CPU
[    0.204963]   groups: 1 0 (cpu_power =3D 1023)
[    0.208032] devtmpfs: initialized
[    0.228111] xor: measuring software checksum speed
[    0.268008]    prefetch64-sse:  9427.000 MB/sec
[    0.308005]    generic_sse:  7831.000 MB/sec
[    0.308889] xor: using function: prefetch64-sse (9427.000 MB/sec)
[    0.310025] atomic64 test passed for x86-64 platform with CX8 and with S=
SE
[    0.312385] regulator-dummy: no parameters
[    0.314011] NET: Registered protocol family 16
[    0.318734] cpuidle: using governor ladder
[    0.319597] cpuidle: using governor menu
[    0.322558] ACPI: bus type PCI registered
[    0.323415] acpiphp: ACPI Hot Plug PCI Controller Driver version: 0.5
[    0.324359] dca service started, version 1.12.1
[    0.325434] PCI: Using configuration type 1 for base access
[    0.484667] bio: create slab <bio-0> at 0
[    0.552009] raid6: sse2x1    6136 MB/s
[    0.620012] raid6: sse2x2    7735 MB/s
[    0.688010] raid6: sse2x4    8975 MB/s
[    0.688833] raid6: using algorithm sse2x4 (8975 MB/s)
[    0.689820] raid6: using intx1 recovery algorithm
[    0.691078] ACPI: Added _OSI(Module Device)
[    0.691945] ACPI: Added _OSI(Processor Device)
[    0.692006] ACPI: Added _OSI(3.0 _SCP Extensions)
[    0.692946] ACPI: Added _OSI(Processor Aggregator Device)
[    0.697704] ACPI: EC: Look up EC in DSDT
[    0.708046] ACPI: Interpreter enabled
[    0.708861] ACPI Exception: AE_NOT_FOUND, While evaluating Sleep State [=
\_S1_] (20130725/hwxface-571)
[    0.710814] ACPI Exception: AE_NOT_FOUND, While evaluating Sleep State [=
\_S2_] (20130725/hwxface-571)
[    0.712643] ACPI: (supports S0 S3 S4 S5)
[    0.713471] ACPI: Using IOAPIC for interrupt routing
[    0.714556] PCI: Using host bridge windows from ACPI; if necessary, use =
"pci=3Dnocrs" and report a bug
[    0.718103] ACPI: No dock devices found.
[    0.744365] ACPI: PCI Root Bridge [PCI0] (domain 0000 [bus 00-ff])
[    0.745551] acpi PNP0A03:00: ACPI _OSC support notification failed, disa=
bling PCIe ASPM
[    0.747168] acpi PNP0A03:00: Unable to request _OSC control (_OSC suppor=
t mask: 0x08)
[    0.748665] acpi PNP0A03:00: fail to add MMCONFIG information, can't acc=
ess extended PCI configuration space under this bridge.
[    0.754758] acpiphp: Slot [3] registered
[    0.755727] acpiphp: Slot [4] registered
[    0.756135] acpiphp: Slot [5] registered
[    0.757130] acpiphp: Slot [6] registered
[    0.758090] acpiphp: Slot [7] registered
[    0.759055] acpiphp: Slot [8] registered
[    0.760134] acpiphp: Slot [9] registered
[    0.761098] acpiphp: Slot [10] registered
[    0.762084] acpiphp: Slot [11] registered
[    0.763153] acpiphp: Slot [12] registered
[    0.764135] acpiphp: Slot [13] registered
[    0.765153] acpiphp: Slot [14] registered
[    0.766142] acpiphp: Slot [15] registered
[    0.767138] acpiphp: Slot [16] registered
[    0.768136] acpiphp: Slot [17] registered
[    0.769110] acpiphp: Slot [18] registered
[    0.770099] acpiphp: Slot [19] registered
[    0.771084] acpiphp: Slot [20] registered
[    0.772145] acpiphp: Slot [21] registered
[    0.773116] acpiphp: Slot [22] registered
[    0.774093] acpiphp: Slot [23] registered
[    0.775072] acpiphp: Slot [24] registered
[    0.776136] acpiphp: Slot [25] registered
[    0.777127] acpiphp: Slot [26] registered
[    0.778117] acpiphp: Slot [27] registered
[    0.779093] acpiphp: Slot [28] registered
[    0.780143] acpiphp: Slot [29] registered
[    0.781129] acpiphp: Slot [30] registered
[    0.782109] acpiphp: Slot [31] registered
[    0.782974] PCI host bridge to bus 0000:00
[    0.784010] pci_bus 0000:00: root bus resource [bus 00-ff]
[    0.785064] pci_bus 0000:00: root bus resource [io  0x0000-0x0cf7]
[    0.786216] pci_bus 0000:00: root bus resource [io  0x0d00-0xffff]
[    0.787378] pci_bus 0000:00: root bus resource [mem 0x000a0000-0x000bfff=
f]
[    0.788007] pci_bus 0000:00: root bus resource [mem 0x80000000-0xfebffff=
f]
[    0.789300] pci 0000:00:00.0: [8086:1237] type 00 class 0x060000
[    0.792333] pci 0000:00:01.0: [8086:7000] type 00 class 0x060100
[    0.794649] pci 0000:00:01.1: [8086:7010] type 00 class 0x010180
[    0.799224] pci 0000:00:01.1: reg 0x20: [io  0xc1e0-0xc1ef]
[    0.802672] pci 0000:00:01.3: [8086:7113] type 00 class 0x068000
[    0.804470] pci 0000:00:01.3: quirk: [io  0xb000-0xb03f] claimed by PIIX=
4 ACPI
[    0.805959] pci 0000:00:01.3: quirk: [io  0xb100-0xb10f] claimed by PIIX=
4 SMB
[    0.808475] pci 0000:00:02.0: [1013:00b8] type 00 class 0x030000
[    0.812021] pci 0000:00:02.0: reg 0x10: [mem 0xfc000000-0xfdffffff pref]
[    0.814813] pci 0000:00:02.0: reg 0x14: [mem 0xfebe0000-0xfebe0fff]
[    0.823098] pci 0000:00:02.0: reg 0x30: [mem 0xfebc0000-0xfebcffff pref]
[    0.824870] pci 0000:00:03.0: [1af4:1000] type 00 class 0x020000
[    0.828007] pci 0000:00:03.0: reg 0x10: [io  0xc1c0-0xc1df]
[    0.830403] pci 0000:00:03.0: reg 0x14: [mem 0xfebe1000-0xfebe1fff]
[    0.838018] pci 0000:00:03.0: reg 0x30: [mem 0xfebd0000-0xfebdffff pref]
[    0.840801] pci 0000:00:04.0: [8086:100e] type 00 class 0x020000
[    0.843388] pci 0000:00:04.0: reg 0x10: [mem 0xfeb80000-0xfeb9ffff]
[    0.845352] pci 0000:00:04.0: reg 0x14: [io  0xc000-0xc03f]
[    0.853340] pci 0000:00:04.0: reg 0x30: [mem 0xfeba0000-0xfebbffff pref]
[    0.855391] pci 0000:00:05.0: [1af4:1001] type 00 class 0x010000
[    0.857425] pci 0000:00:05.0: reg 0x10: [io  0xc040-0xc07f]
[    0.860698] pci 0000:00:05.0: reg 0x14: [mem 0xfebe2000-0xfebe2fff]
[    0.869679] pci 0000:00:06.0: [1af4:1001] type 00 class 0x010000
[    0.872007] pci 0000:00:06.0: reg 0x10: [io  0xc080-0xc0bf]
[    0.874433] pci 0000:00:06.0: reg 0x14: [mem 0xfebe3000-0xfebe3fff]
[    0.880000] pci 0000:00:07.0: [1af4:1001] type 00 class 0x010000
[    0.885418] pci 0000:00:07.0: reg 0x10: [io  0xc0c0-0xc0ff]
[    0.887835] pci 0000:00:07.0: reg 0x14: [mem 0xfebe4000-0xfebe4fff]
[    0.896774] pci 0000:00:08.0: [1af4:1001] type 00 class 0x010000
[    0.899310] pci 0000:00:08.0: reg 0x10: [io  0xc100-0xc13f]
[    0.901353] pci 0000:00:08.0: reg 0x14: [mem 0xfebe5000-0xfebe5fff]
[    0.910352] pci 0000:00:09.0: [1af4:1001] type 00 class 0x010000
[    0.912700] pci 0000:00:09.0: reg 0x10: [io  0xc140-0xc17f]
[    0.915100] pci 0000:00:09.0: reg 0x14: [mem 0xfebe6000-0xfebe6fff]
[    0.924554] pci 0000:00:0a.0: [1af4:1001] type 00 class 0x010000
[    0.927089] pci 0000:00:0a.0: reg 0x10: [io  0xc180-0xc1bf]
[    0.929364] pci 0000:00:0a.0: reg 0x14: [mem 0xfebe7000-0xfebe7fff]
[    0.938313] pci 0000:00:0b.0: [8086:25ab] type 00 class 0x088000
[    0.940007] pci 0000:00:0b.0: reg 0x10: [mem 0xfebe8000-0xfebe800f]
[    0.948390] ACPI: PCI Interrupt Link [LNKA] (IRQs 5 *10 11)
[    0.950277] ACPI: PCI Interrupt Link [LNKB] (IRQs 5 *10 11)
[    0.952153] ACPI: PCI Interrupt Link [LNKC] (IRQs 5 10 *11)
[    0.954017] ACPI: PCI Interrupt Link [LNKD] (IRQs 5 10 *11)
[    0.955717] ACPI: PCI Interrupt Link [LNKS] (IRQs *9)
[    0.957979] ACPI: Enabled 16 GPEs in block 00 to 0F
[    0.959154] ACPI: \_SB_.PCI0: notify handler is installed
[    0.960168] Found 1 acpi root devices
[    0.962476] vgaarb: device added: PCI:0000:00:02.0,decodes=3Dio+mem,owns=
=3Dio+mem,locks=3Dnone
[    0.964015] vgaarb: loaded
[    0.964671] vgaarb: bridge control possible 0000:00:02.0
[    0.965969] tps65010: version 2 May 2005
[    1.000071] tps65010: no chip?
[    1.001607] SCSI subsystem initialized
[    1.002587] libata version 3.00 loaded.
[    1.002587] ACPI: bus type USB registered
[    1.004312] usbcore: registered new interface driver usbfs
[    1.005485] usbcore: registered new interface driver hub
[    1.006614] usbcore: registered new device driver usb
[    1.008415] pps_core: LinuxPPS API ver. 1 registered
[    1.009394] pps_core: Software ver. 5.3.6 - Copyright 2005-2007 Rodolfo =
Giometti <giometti@linux.it>
[    1.011166] PTP clock support registered
[    1.012258] EDAC MC: Ver: 3.0.0
[    1.013634] wmi: Mapper loaded
[    1.013634] Advanced Linux Sound Architecture Driver Initialized.
[    1.016598] PCI: Using ACPI for IRQ routing
[    1.017474] PCI: pci_cache_line_size set to 64 bytes
[    1.018725] e820: reserve RAM buffer [mem 0x0009fc00-0x0009ffff]
[    1.020014] e820: reserve RAM buffer [mem 0x1fffe000-0x1fffffff]
[    1.022569] NET: Registered protocol family 23
[    1.024162] Bluetooth: Core ver 2.16
[    1.025008] NET: Registered protocol family 31
[    1.025914] Bluetooth: HCI device and connection manager initialized
[    1.027116] Bluetooth: HCI socket layer initialized
[    1.028024] Bluetooth: L2CAP socket layer initialized
[    1.029094] Bluetooth: SCO socket layer initialized
[    1.030065] NET: Registered protocol family 8
[    1.030957] NET: Registered protocol family 20
[    1.032817] cfg80211: Calling CRDA to update world regulatory domain
[    1.034165] nfc: nfc_init: NFC Core ver 0.1
[    1.036115] NET: Registered protocol family 39
[    1.039242] HPET: 3 timers in total, 0 timers will be used for per-cpu t=
imer
[    1.039242] hpet0: at MMIO 0xfed00000, IRQs 2, 8, 0
[    1.039242] hpet0: 3 comparators, 64-bit 100.000000 MHz counter
[    1.044206] Switched to clocksource kvm-clock
[    1.317994] FS-Cache: Loaded
[    1.319075] CacheFiles: Loaded
[    1.319896] pnp: PnP ACPI init
[    1.320761] ACPI: bus type PNP registered
[    1.321700] IOAPIC[0]: Set routing entry (0-8 -> 0x38 -> IRQ 8 Mode:0 Ac=
tive:0 Dest:3)
[    1.323551] pnp 00:00: Plug and Play ACPI device, IDs PNP0b00 (active)
[    1.324880] IOAPIC[0]: Set routing entry (0-1 -> 0x31 -> IRQ 1 Mode:0 Ac=
tive:0 Dest:3)
[    1.326684] pnp 00:01: Plug and Play ACPI device, IDs PNP0303 (active)
[    1.327962] IOAPIC[0]: Set routing entry (0-12 -> 0x3c -> IRQ 12 Mode:0 =
Active:0 Dest:3)
[    1.329829] pnp 00:02: Plug and Play ACPI device, IDs PNP0f13 (active)
[    1.331148] IOAPIC[0]: Set routing entry (0-6 -> 0x36 -> IRQ 6 Mode:0 Ac=
tive:0 Dest:3)
[    1.332787] pnp 00:03: [dma 2]
[    1.333695] pnp 00:03: Plug and Play ACPI device, IDs PNP0700 (active)
[    1.335019] IOAPIC[0]: Set routing entry (0-7 -> 0x37 -> IRQ 7 Mode:0 Ac=
tive:0 Dest:3)
[    1.336853] pnp 00:04: Plug and Play ACPI device, IDs PNP0400 (active)
[    1.338168] IOAPIC[0]: Set routing entry (0-4 -> 0x34 -> IRQ 4 Mode:0 Ac=
tive:0 Dest:3)
[    1.340028] pnp 00:05: Plug and Play ACPI device, IDs PNP0501 (active)
[    1.341974] pnp 00:06: Plug and Play ACPI device, IDs PNP0103 (active)
[    1.343575] pnp: PnP ACPI: found 7 devices
[    1.344457] ACPI: bus type PNP unregistered
[    1.369685] pci_bus 0000:00: resource 4 [io  0x0000-0x0cf7]
[    1.370776] pci_bus 0000:00: resource 5 [io  0x0d00-0xffff]
[    1.371836] pci_bus 0000:00: resource 6 [mem 0x000a0000-0x000bffff]
[    1.373011] pci_bus 0000:00: resource 7 [mem 0x80000000-0xfebfffff]
[    1.374588] NET: Registered protocol family 2
[    1.376853] TCP established hash table entries: 4096 (order: 4, 65536 by=
tes)
[    1.378300] TCP bind hash table entries: 4096 (order: 6, 327680 bytes)
[    1.379839] TCP: Hash tables configured (established 4096 bind 4096)
[    1.381122] TCP: reno registered
[    1.381890] UDP hash table entries: 256 (order: 3, 49152 bytes)
[    1.383066] UDP-Lite hash table entries: 256 (order: 3, 49152 bytes)
[    1.384920] NET: Registered protocol family 1
[    1.387190] RPC: Registered named UNIX socket transport module.
[    1.388341] RPC: Registered udp transport module.
[    1.389295] RPC: Registered tcp transport module.
[    1.390233] RPC: Registered tcp NFSv4.1 backchannel transport module.
[    1.391417] pci 0000:00:00.0: Limiting direct PCI/PCI transfers
[    1.392576] pci 0000:00:01.0: PIIX3: Enabling Passive Release
[    1.393690] pci 0000:00:01.0: Activating ISA DMA hang workarounds
[    1.394871] pci 0000:00:02.0: Boot video device
[    1.395883] PCI: CLS 0 bytes, default 64
[    1.631892] swapper/0 invoked oom-killer: gfp_mask=3D0x2000d0, order=3D1=
, oom_score_adj=3D0
[    1.633549] swapper/0 cpuset=3D/ mems_allowed=3D0
[    1.634443] CPU: 1 PID: 1 Comm: swapper/0 Not tainted 3.12.0-rc4-00019-g=
8b5ede6 #126
[    1.635982] Hardware name: Bochs Bochs, BIOS Bochs 01/01/2011
[    1.637088]  0000000000000002 ffff88001dd41b28 ffffffff82c8d78f ffff8800=
1ef7c040
[    1.638955]  ffff88001dd41ba8 ffffffff82c8395f ffffffff83c54680 ffff8800=
1dd41b60
[    1.640830]  ffffffff810f3f06 0000000000001eb4 0000000000000246 ffff8800=
1dd41b98
[    1.642687] Call Trace:
[    1.643313]  [<ffffffff82c8d78f>] dump_stack+0x54/0x74
[    1.644331]  [<ffffffff82c8395f>] dump_header.isra.10+0x7a/0x1ba
[    1.645443]  [<ffffffff810f3f06>] ? lock_release_holdtime.part.27+0x4c/0=
x50
[    1.646685]  [<ffffffff810f795a>] ? lock_release+0x189/0x1d1
[    1.647744]  [<ffffffff811530a8>] out_of_memory+0x39e/0x3ee
[    1.648882]  [<ffffffff811579f5>] __alloc_pages_nodemask+0x668/0x7de
[    1.650385]  [<ffffffff8118eb53>] kmem_getpages+0x75/0x16c
[    1.651429]  [<ffffffff81190d20>] fallback_alloc+0x12c/0x1ea
[    1.652528]  [<ffffffff810f38e8>] ? trace_hardirqs_off+0xd/0xf
[    1.653627]  [<ffffffff81190be5>] ____cache_alloc_node+0x14a/0x159
[    1.654783]  [<ffffffff817059fb>] ? dma_debug_init+0x1ef/0x29a
[    1.655928]  [<ffffffff8119162c>] kmem_cache_alloc_trace+0x83/0x11a
[    1.657108]  [<ffffffff817059fb>] dma_debug_init+0x1ef/0x29a
[    1.658182]  [<ffffffff841ac38b>] pci_iommu_init+0x16/0x52
[    1.659263]  [<ffffffff841ac375>] ? iommu_setup+0x27d/0x27d
[    1.660342]  [<ffffffff810020d2>] do_one_initcall+0x93/0x137
[    1.661415]  [<ffffffff810bd300>] ? param_set_charp+0x92/0xd8
[    1.662503]  [<ffffffff810bd52e>] ? parse_args+0x189/0x247
[    1.663555]  [<ffffffff8419fed1>] kernel_init_freeable+0x15e/0x1df
[    1.664724]  [<ffffffff8419f729>] ? do_early_param+0x88/0x88
[    1.665814]  [<ffffffff82c77867>] ? rest_init+0xdb/0xdb
[    1.666824]  [<ffffffff82c77875>] kernel_init+0xe/0xdb
[    1.667824]  [<ffffffff82cbc57c>] ret_from_fork+0x7c/0xb0
[    1.668911]  [<ffffffff82c77867>] ? rest_init+0xdb/0xdb
[    1.669925] Mem-Info:
[    1.670508] Node 0 DMA per-cpu:
[    1.671318] CPU    0: hi:    0, btch:   1 usd:   0
[    1.672288] CPU    1: hi:    0, btch:   1 usd:   0
[    1.673232] Node 0 DMA32 per-cpu:
[    1.674060] CPU    0: hi:  186, btch:  31 usd:  56
[    1.675008] CPU    1: hi:  186, btch:  31 usd:  25
[    1.675955] active_anon:0 inactive_anon:0 isolated_anon:0
[    1.675955]  active_file:0 inactive_file:0 isolated_file:0
[    1.675955]  unevictable:0 dirty:0 writeback:0 unstable:0
[    1.675955]  free:1 slab_reclaimable:22546 slab_unreclaimable:85387
[    1.675955]  mapped:0 shmem:0 pagetables:0 bounce:0
[    1.675955]  free_cma:0
[    1.681419] Node 0 DMA free:4kB min:0kB low:0kB high:0kB active_anon:0kB=
 inactive_anon:0kB active_file:0kB inactive_file:0kB unevictable:0kB isolat=
ed(anon):0kB isolated(file):0kB present:15992kB managed:15908kB mlocked:0kB=
 dirty:0kB writeback:0kB mapped:0kB shmem:0kB slab_reclaimable:0kB slab_unr=
eclaimable:15904kB kernel_stack:0kB pagetables:0kB unstable:0kB bounce:0kB =
free_cma:0kB writeback_tmp:0kB pages_scanned:0 all_unreclaimable? yes
[    1.688220] lowmem_reserve[]: 0 0 0 0
[    1.689482] Node 0 DMA32 free:0kB min:0kB low:0kB high:0kB active_anon:0=
kB inactive_anon:0kB active_file:0kB inactive_file:0kB unevictable:0kB isol=
ated(anon):0kB isolated(file):0kB present:507896kB managed:419568kB mlocked=
:0kB dirty:0kB writeback:0kB mapped:0kB shmem:0kB slab_reclaimable:90184kB =
slab_unreclaimable:325644kB kernel_stack:256kB pagetables:0kB unstable:0kB =
bounce:0kB free_cma:0kB writeback_tmp:0kB pages_scanned:0 all_unreclaimable=
? yes
[    1.696420] lowmem_reserve[]: 0 0 0 0
[    1.697661] Node 0 DMA: 1*4kB (U) 0*8kB 0*16kB 0*32kB 0*64kB 0*128kB 0*2=
56kB 0*512kB 0*1024kB 0*2048kB 0*4096kB =3D 4kB
[    1.700927] Node 0 DMA32: 0*4kB 0*8kB 0*16kB 0*32kB 0*64kB 0*128kB 0*256=
kB 0*512kB 0*1024kB 0*2048kB 0*4096kB =3D 0kB
[    1.704057] 0 total pagecache pages
[    1.704817] 0 pages in swap cache
[    1.705548] Swap cache stats: add 0, delete 0, find 0/0
[    1.706552] Free swap  =3D 0kB
[    1.714382] Total swap =3D 0kB
[    1.716512] 131069 pages RAM
[    1.717205] 22200 pages reserved
[    1.717937] 0 pages shared
[    1.718585] 71319 pages non-shared
[    1.719361] [ pid ]   uid  tgid total_vm      rss nr_ptes swapents oom_s=
core_adj name
[    1.720990] Kernel panic - not syncing: Out of memory and no killable pr=
ocesses...
[    1.720990]=20
[    1.722898] CPU: 1 PID: 1 Comm: swapper/0 Not tainted 3.12.0-rc4-00019-g=
8b5ede6 #126
[    1.724453] Hardware name: Bochs Bochs, BIOS Bochs 01/01/2011
[    1.724954]  0000000000000002 ffff88001dd41b30 ffffffff82c8d78f ffffffff=
837a2587
[    1.724954]  ffff88001dd41ba8 ffffffff82c81e9a ffff880000000008 ffff8800=
1dd41bb8
[    1.724954]  ffff88001dd41b58 0000000000000246 0000000000001694 8c6318c6=
318c6320
[    1.724954] Call Trace:
[    1.724954]  [<ffffffff82c8d78f>] dump_stack+0x54/0x74
[    1.724954]  [<ffffffff82c81e9a>] panic+0xd0/0x1e3
[    1.724954]  [<ffffffff811530b6>] out_of_memory+0x3ac/0x3ee
[    1.724954]  [<ffffffff811579f5>] __alloc_pages_nodemask+0x668/0x7de
[    1.724954]  [<ffffffff8118eb53>] kmem_getpages+0x75/0x16c
[    1.724954]  [<ffffffff81190d20>] fallback_alloc+0x12c/0x1ea
[    1.724954]  [<ffffffff810f38e8>] ? trace_hardirqs_off+0xd/0xf
[    1.724954]  [<ffffffff81190be5>] ____cache_alloc_node+0x14a/0x159
[    1.724954]  [<ffffffff817059fb>] ? dma_debug_init+0x1ef/0x29a
[    1.724954]  [<ffffffff8119162c>] kmem_cache_alloc_trace+0x83/0x11a
[    1.724954]  [<ffffffff817059fb>] dma_debug_init+0x1ef/0x29a
[    1.724954]  [<ffffffff841ac38b>] pci_iommu_init+0x16/0x52
[    1.724954]  [<ffffffff841ac375>] ? iommu_setup+0x27d/0x27d
[    1.724954]  [<ffffffff810020d2>] do_one_initcall+0x93/0x137
[    1.724954]  [<ffffffff810bd300>] ? param_set_charp+0x92/0xd8
[    1.724954]  [<ffffffff810bd52e>] ? parse_args+0x189/0x247
[    1.724954]  [<ffffffff8419fed1>] kernel_init_freeable+0x15e/0x1df
[    1.724954]  [<ffffffff8419f729>] ? do_early_param+0x88/0x88
[    1.724954]  [<ffffffff82c77867>] ? rest_init+0xdb/0xdb
[    1.724954]  [<ffffffff82c77875>] kernel_init+0xe/0xdb
[    1.724954]  [<ffffffff82cbc57c>] ret_from_fork+0x7c/0xb0
[    1.724954]  [<ffffffff82c77867>] ? rest_init+0xdb/0xdb

BUG: kernel boot oops
Elapsed time: 5
qemu-system-x86_64 -cpu kvm64 -enable-kvm -kernel /kernel/x86_64-allyesdebi=
an/8b5ede69d24db939f52b47effff2f6fe1e83e08b/vmlinuz-3.12.0-rc4-00019-g8b5ed=
e6 -append 'hung_task_panic=3D1 rcutree.rcu_cpu_stall_timeout=3D100 log_buf=
_len=3D8M ignore_loglevel debug sched_debug apic=3Ddebug dynamic_printk sys=
rq_always_enabled panic=3D10 load_ramdisk=3D2 prompt_ramdisk=3D0 console=3D=
ttyS0,115200 console=3Dtty0 vga=3Dnormal ip=3D::::nfsroot-snb-22::dhcp nfsr=
oot=3D192.168.1.1:/nfsroot/wfg,tcp,v3,nocto,actimeo=3D600,nolock,rsize=3D52=
4288,wsize=3D524288 rw link=3D/kernel-tests/run-queue/kvm/x86_64-allyesdebi=
an/linus:master/.vmlinuz-8b5ede69d24db939f52b47effff2f6fe1e83e08b-201310081=
10028-9-snb branch=3Dlinus/master BOOT_IMAGE=3D/kernel/x86_64-allyesdebian/=
8b5ede69d24db939f52b47effff2f6fe1e83e08b/vmlinuz-3.12.0-rc4-00019-g8b5ede6'=
  -m 512M -smp 2 -net nic,vlan=3D0,macaddr=3D00:00:00:00:00:00,model=3Dvirt=
io -net user,vlan=3D0,hostfwd=3Dtcp::6647-:22 -net nic,vlan=3D1,model=3De10=
00 -net user,vlan=3D1 -boot order=3Dnc -no-reboot -watchdog i6300esb -drive=
 file=3D/fs/LABEL=3DKVM/disk0-nfsroot-snb-22,media=3Ddisk,if=3Dvirtio -driv=
e file=3D/fs/LABEL=3DKVM/disk1-nfsroot-snb-22,media=3Ddisk,if=3Dvirtio -dri=
ve file=3D/fs/LABEL=3DKVM/disk2-nfsroot-snb-22,media=3Ddisk,if=3Dvirtio -dr=
ive file=3D/fs/LABEL=3DKVM/disk3-nfsroot-snb-22,media=3Ddisk,if=3Dvirtio -d=
rive file=3D/fs/LABEL=3DKVM/disk4-nfsroot-snb-22,media=3Ddisk,if=3Dvirtio -=
drive file=3D/fs/LABEL=3DKVM/disk5-nfsroot-snb-22,media=3Ddisk,if=3Dvirtio =
-pidfile /dev/shm/kboot/pid-nfsroot-snb-22 -serial file:/dev/shm/kboot/seri=
al-nfsroot-snb-22 -daemonize -display none -monitor null=20

--8t9RHnE3ZwKMSgU+
Content-Type: application/octet-stream
Content-Disposition: attachment; filename="bisect-8b5ede69d24db939f52b47effff2f6fe1e83e08b-x86_64-allyesdebian-Kernel-panic---not-syncing:-Out-of-memory-and-no-killable-processes----58404.log"
Content-Transfer-Encoding: base64

Z2l0IGNoZWNrb3V0IDg3NGRiNGQ4MDAyZjg5ZTE0OTRiZTlkNWMzMmYyOThjZWM2MjEyNTEK
UHJldmlvdXMgSEVBRCBwb3NpdGlvbiB3YXMgOGI1ZWRlNi4uLiBwb3dlcnBjL2lycTogRG9u
J3Qgc3dpdGNoIHRvIGlycSBzdGFjayBmcm9tIHNvZnRpcnEgc3RhY2sKSEVBRCBpcyBub3cg
YXQgODc0ZGI0ZC4uLiBNZXJnZSBicmFuY2ggJ2ZpeGVzJyBvZiBnaXQ6Ly9naXQubGluYXJv
Lm9yZy9wZW9wbGUvcm1rL2xpbnV4LWFybQpscyAtYSAva2VybmVsLXRlc3RzL3J1bi1xdWV1
ZS9rdm0veDg2XzY0LWFsbHllc2RlYmlhbi9saW51czptYXN0ZXI6ODc0ZGI0ZDgwMDJmODll
MTQ5NGJlOWQ1YzMyZjI5OGNlYzYyMTI1MTpiaXNlY3QtbW0KCjIwMTMtMTAtMDgtMTQ6MTg6
MTAgODc0ZGI0ZDgwMDJmODllMTQ5NGJlOWQ1YzMyZjI5OGNlYzYyMTI1MSBjb21waWxpbmcK
MTU2MiByZWFsICA0OTkxIHVzZXIgIDQyNSBzeXMgIDM0Ni43OCUgY3B1IAl4ODZfNjQtYWxs
eWVzZGViaWFuCgoyMDEzLTEwLTA4LTE0OjQ1OjUzIGRldGVjdGluZyBib290IHN0YXRlIDMu
MTIuMC1yYzItMDAxMTMtZzg3NGRiNGQuIFRFU1QgRkFJTFVSRQpbICAgIDEuMjUzNjc0XSBw
Y2kgMDAwMDowMDowMi4wOiBCb290IHZpZGVvIGRldmljZQpbICAgIDEuMjU0ODc5XSBQQ0k6
IENMUyAwIGJ5dGVzLCBkZWZhdWx0IDY0ClsgICAgMS40MTgxMjBdIHN3YXBwZXIvMCBpbnZv
a2VkIG9vbS1raWxsZXI6IGdmcF9tYXNrPTB4MjAwMGQwLCBvcmRlcj0xLCBvb21fc2NvcmVf
YWRqPTAKWyAgICAxLjQxOTQ5M10gc3dhcHBlci8wIGNwdXNldD0vIG1lbXNfYWxsb3dlZD0w
ClsgICAgMS40MjAyODBdIENQVTogMSBQSUQ6IDEgQ29tbTogc3dhcHBlci8wIE5vdCB0YWlu
dGVkIDMuMTIuMC1yYzItMDAxMTMtZzg3NGRiNGQgIzQxNgpbICAgIDEuNDIxNjIyXSBIYXJk
d2FyZSBuYW1lOiBCb2NocyBCb2NocywgQklPUyBCb2NocyAwMS8wMS8yMDExClsgICAgMS40
MjI1NzddICAwMDAwMDAwMDAwMDAwMDAyIGZmZmY4ODAwMWVmN2JiMjggZmZmZmZmZmY4MmM2
MTk1MiBmZmZmODgwMDFlZjdjMDQwClsgICAgMS40MjQyMzVdICBmZmZmODgwMDFlZjdiYmE4
IGZmZmZmZmZmODJjNTdiMjIgZmZmZmZmZmY4M2M1NDY4MCBmZmZmODgwMDFlZjdiYjYwClsg
ICAgMS40MjU4NzldICBmZmZmZmZmZjgxMGYzZTZlIDAwMDAwMDAwMDAwMDE0M2EgMDAwMDAw
MDAwMDAwMDI0NiBmZmZmODgwMDFlZjdiYjk4ClsgICAgMS40Mjc1MTRdIENhbGwgVHJhY2U6
ClsgICAgMS40MjgwNTldICBbPGZmZmZmZmZmODJjNjE5NTI+XSBkdW1wX3N0YWNrKzB4NTQv
MHg3NApbICAgIDEuNDI4OTQ2XSAgWzxmZmZmZmZmZjgyYzU3YjIyPl0gZHVtcF9oZWFkZXIu
aXNyYS4xMCsweDdhLzB4MWJhClsgICAgMS40Mjk5MzZdICBbPGZmZmZmZmZmODEwZjNlNmU+
XSA/IGxvY2tfcmVsZWFzZV9ob2xkdGltZS5wYXJ0LjI3KzB4NGMvMHg1MApbICAgIDEuNDMx
MDQwXSAgWzxmZmZmZmZmZjgxMGY3OGM1Pl0gPyBsb2NrX3JlbGVhc2UrMHgxODkvMHgxZDEK
WyAgICAxLjQzMTk4NV0gIFs8ZmZmZmZmZmY4MTE1MzA4NT5dIG91dF9vZl9tZW1vcnkrMHgz
OWUvMHgzZWUKWyAgICAxLjQzMjkyOF0gIFs8ZmZmZmZmZmY4MTE1NzlkMj5dIF9fYWxsb2Nf
cGFnZXNfbm9kZW1hc2srMHg2NjgvMHg3ZGUKWyAgICAxLjQzMzk1OV0gIFs8ZmZmZmZmZmY4
MTE4ZWE2Mz5dIGttZW1fZ2V0cGFnZXMrMHg3NS8weDE2YwpbICAgIDEuNDM0ODY3XSAgWzxm
ZmZmZmZmZjgxMTkwYzMwPl0gZmFsbGJhY2tfYWxsb2MrMHgxMmMvMHgxZWEKWyAgICAxLjQz
NTc5OF0gIFs8ZmZmZmZmZmY4MTBmMzg1MD5dID8gdHJhY2VfaGFyZGlycXNfb2ZmKzB4ZC8w
eGYKWyAgICAxLjQzNjc2NV0gIFs8ZmZmZmZmZmY4MTE5MGFmNT5dIF9fX19jYWNoZV9hbGxv
Y19ub2RlKzB4MTRhLzB4MTU5ClsgICAgMS40Mzc3NTRdICBbPGZmZmZmZmZmODE3MDVhMmY+
XSA/IGRtYV9kZWJ1Z19pbml0KzB4MWVmLzB4MjlhClsgICAgMS40Mzg3MDJdICBbPGZmZmZm
ZmZmODExOTE1M2M+XSBrbWVtX2NhY2hlX2FsbG9jX3RyYWNlKzB4ODMvMHgxMWEKWyAgICAx
LjQzOTcwNF0gIFs8ZmZmZmZmZmY4MTcwNWEyZj5dIGRtYV9kZWJ1Z19pbml0KzB4MWVmLzB4
MjlhClsgICAgMS40NDA2NjddICBbPGZmZmZmZmZmODQxOTczOGE+XSBwY2lfaW9tbXVfaW5p
dCsweDE2LzB4NTIKWyAgICAxLjQ0MTU4OV0gIFs8ZmZmZmZmZmY4NDE5NzM3ND5dID8gaW9t
bXVfc2V0dXArMHgyN2QvMHgyN2QKWyAgICAxLjQ0MjUzMl0gIFs8ZmZmZmZmZmY4MTAwMjBk
Mj5dIGRvX29uZV9pbml0Y2FsbCsweDkzLzB4MTM3ClsgICAgMS40NDM0ODhdICBbPGZmZmZm
ZmZmODEwYmQzMDA+XSA/IHBhcmFtZXFuKzB4MjgvMHgzYgpbICAgIDEuNDQ0MzcxXSAgWzxm
ZmZmZmZmZjgxMGJkNGMwPl0gPyBwYXJzZV9hcmdzKzB4MTg5LzB4MjQ3ClsgICAgMS40NDUy
NzVdICBbPGZmZmZmZmZmODQxOGFlZDE+XSBrZXJuZWxfaW5pdF9mcmVlYWJsZSsweDE1ZS8w
eDFkZgpbICAgIDEuNDQ2MjczXSAgWzxmZmZmZmZmZjg0MThhNzI5Pl0gPyBkb19lYXJseV9w
YXJhbSsweDg4LzB4ODgKWyAgICAxLjQ0NzE4Nl0gIFs8ZmZmZmZmZmY4MmM0YmEyNz5dID8g
cmVzdF9pbml0KzB4ZGIvMHhkYgpbICAgIDEuNDQ4MDg1XSAgWzxmZmZmZmZmZjgyYzRiYTM1
Pl0ga2VybmVsX2luaXQrMHhlLzB4ZGIKWyAgICAxLjQ0ODk2OF0gIFs8ZmZmZmZmZmY4MmM5
MDc3Yz5dIHJldF9mcm9tX2ZvcmsrMHg3Yy8weGIwClsgICAgMS40NDk4ODJdICBbPGZmZmZm
ZmZmODJjNGJhMjc+XSA/IHJlc3RfaW5pdCsweGRiLzB4ZGIKWyAgICAxLjQ1MDc4NF0gTWVt
LUluZm86ClsgICAgMS40NTEyOTFdIE5vZGUgMCBETUEgcGVyLWNwdToKL2tlcm5lbC94ODZf
NjQtYWxseWVzZGViaWFuLzg3NGRiNGQ4MDAyZjg5ZTE0OTRiZTlkNWMzMmYyOThjZWM2MjEy
NTEvZG1lc2cteW9jdG8td2FpbWVhLTEzOjIwMTMxMDA4MjI0MzAxOng4Nl82NC1hbGx5ZXNk
ZWJpYW46My4xMi4wLXJjMi0wMDExMy1nODc0ZGI0ZDo0MTYKL2tlcm5lbC94ODZfNjQtYWxs
eWVzZGViaWFuLzg3NGRiNGQ4MDAyZjg5ZTE0OTRiZTlkNWMzMmYyOThjZWM2MjEyNTEvZG1l
c2cteW9jdG8td2FpbWVhLTk6MjAxMzEwMDgyMjQzMDM6eDg2XzY0LWFsbHllc2RlYmlhbjoz
LjEyLjAtcmMyLTAwMTEzLWc4NzRkYjRkOjQxNgova2VybmVsL3g4Nl82NC1hbGx5ZXNkZWJp
YW4vODc0ZGI0ZDgwMDJmODllMTQ5NGJlOWQ1YzMyZjI5OGNlYzYyMTI1MS9kbWVzZy1xdWFu
dGFsLWxrcC1zdDAxLTEwOjIwMTMxMDA4MTQ0NjExOng4Nl82NC1hbGx5ZXNkZWJpYW46My4x
Mi4wLXJjMi0wMDExMy1nODc0ZGI0ZDo0MTYKL2tlcm5lbC94ODZfNjQtYWxseWVzZGViaWFu
Lzg3NGRiNGQ4MDAyZjg5ZTE0OTRiZTlkNWMzMmYyOThjZWM2MjEyNTEvZG1lc2ctcXVhbnRh
bC14cHMtNzoyMDEzMTAwODIyNDIzNzp4ODZfNjQtYWxseWVzZGViaWFuOjMuMTIuMC1yYzIt
MDAxMTMtZzg3NGRiNGQ6NDE2Ci9rZXJuZWwveDg2XzY0LWFsbHllc2RlYmlhbi84NzRkYjRk
ODAwMmY4OWUxNDk0YmU5ZDVjMzJmMjk4Y2VjNjIxMjUxL2RtZXNnLW5mc3Jvb3Qtd2FpbWVh
LTEyOjIwMTMxMDA4MjI0MzE4Ong4Nl82NC1hbGx5ZXNkZWJpYW46My4xMi4wLXJjMi0wMDEx
My1nODc0ZGI0ZDo0MTYKL2tlcm5lbC94ODZfNjQtYWxseWVzZGViaWFuLzg3NGRiNGQ4MDAy
Zjg5ZTE0OTRiZTlkNWMzMmYyOThjZWM2MjEyNTEvZG1lc2ctbmZzcm9vdC13YWltZWEtOToy
MDEzMTAwODIyNDMxODp4ODZfNjQtYWxseWVzZGViaWFuOjMuMTIuMC1yYzItMDAxMTMtZzg3
NGRiNGQ6NDE2Ci9rZXJuZWwveDg2XzY0LWFsbHllc2RlYmlhbi84NzRkYjRkODAwMmY4OWUx
NDk0YmU5ZDVjMzJmMjk4Y2VjNjIxMjUxL2RtZXNnLXF1YW50YWwtbGtwLXN0MDEtOToyMDEz
MTAwODE0NDYyMDp4ODZfNjQtYWxseWVzZGViaWFuOjMuMTIuMC1yYzItMDAxMTMtZzg3NGRi
NGQ6NDE2Ci9rZXJuZWwveDg2XzY0LWFsbHllc2RlYmlhbi84NzRkYjRkODAwMmY4OWUxNDk0
YmU5ZDVjMzJmMjk4Y2VjNjIxMjUxL2RtZXNnLXF1YW50YWwtbGtwLXR0MDItMTM6MjAxMzEw
MDgwNTE3MTI6eDg2XzY0LWFsbHllc2RlYmlhbjozLjEyLjAtcmMyLTAwMTEzLWc4NzRkYjRk
OjQxNgova2VybmVsL3g4Nl82NC1hbGx5ZXNkZWJpYW4vODc0ZGI0ZDgwMDJmODllMTQ5NGJl
OWQ1YzMyZjI5OGNlYzYyMTI1MS9kbWVzZy15b2N0by1sa3Atc3QwMS01OjIwMTMxMDA4MTQ0
NjE3Ong4Nl82NC1hbGx5ZXNkZWJpYW46My4xMi4wLXJjMi0wMDExMy1nODc0ZGI0ZDo0MTYK
MDo5OjUgYWxsX2dvb2Q6YmFkOmFsbF9iYWQgYm9vdHMKCmJpc2VjdDogYmFkIGNvbW1pdCA4
NzRkYjRkODAwMmY4OWUxNDk0YmU5ZDVjMzJmMjk4Y2VjNjIxMjUxCmdpdCBjaGVja291dCB2
My4xMQpQcmV2aW91cyBIRUFEIHBvc2l0aW9uIHdhcyA4NzRkYjRkLi4uIE1lcmdlIGJyYW5j
aCAnZml4ZXMnIG9mIGdpdDovL2dpdC5saW5hcm8ub3JnL3Blb3BsZS9ybWsvbGludXgtYXJt
CkhFQUQgaXMgbm93IGF0IDZlNDY2NDUuLi4gTGludXggMy4xMQpscyAtYSAva2VybmVsLXRl
c3RzL3J1bi1xdWV1ZS9rdm0veDg2XzY0LWFsbHllc2RlYmlhbi9saW51czptYXN0ZXI6NmU0
NjY0NTI1YjFkYjI4ZjhjNGUxMTMwOTU3ZjcwYTk0YzE5MjEzZTpiaXNlY3QtbW0KCjIwMTMt
MTAtMDgtMTQ6NDY6MjkgNmU0NjY0NTI1YjFkYjI4ZjhjNGUxMTMwOTU3ZjcwYTk0YzE5MjEz
ZSBjb21waWxpbmcKMTEzOSByZWFsICA0ODgzIHVzZXIgIDQyNCBzeXMgIDQ2NS45OCUgY3B1
IAl4ODZfNjQtYWxseWVzZGViaWFuCgoyMDEzLTEwLTA4LTE1OjA1OjUxIGRldGVjdGluZyBi
b290IHN0YXRlIDMuMTEuMC4uLi4uLi4uLi4uLi4uLi4uLi4uCTExCTIwIFNVQ0NFU1MKCmJp
c2VjdDogZ29vZCBjb21taXQgdjMuMTEKZ2l0IGJpc2VjdCBzdGFydCA4NzRkYjRkODAwMmY4
OWUxNDk0YmU5ZDVjMzJmMjk4Y2VjNjIxMjUxIHYzLjExIC0tClByZXZpb3VzIEhFQUQgcG9z
aXRpb24gd2FzIDZlNDY2NDUuLi4gTGludXggMy4xMQpIRUFEIGlzIG5vdyBhdCAzYzBlZWUz
Li4uIExpbnV4IDIuNi4zNwpCaXNlY3Rpbmc6IDU2MDAgcmV2aXNpb25zIGxlZnQgdG8gdGVz
dCBhZnRlciB0aGlzIChyb3VnaGx5IDEyIHN0ZXBzKQpbNTdkNzMwOTI0ZDVjYzJjM2UyODBh
ZjE2YTkzMDY1ODdjM2E1MTFkYl0gTWVyZ2UgYnJhbmNoICd0aW1lcnMtdXJnZW50LWZvci1s
aW51cycgb2YgZ2l0Oi8vZ2l0Lmtlcm5lbC5vcmcvcHViL3NjbS9saW51eC9rZXJuZWwvZ2l0
L3RpcC90aXAKZ2l0IGJpc2VjdCBydW4gL2Mva2VybmVsLXRlc3RzL2Jpc2VjdC10ZXN0LWJv
b3QtZmFpbHVyZS5zaCAvaG9tZS93ZmcvbW0vb2JqLWJpc2VjdApydW5uaW5nIC9jL2tlcm5l
bC10ZXN0cy9iaXNlY3QtdGVzdC1ib290LWZhaWx1cmUuc2ggL2hvbWUvd2ZnL21tL29iai1i
aXNlY3QKbHMgLWEgL2tlcm5lbC10ZXN0cy9ydW4tcXVldWUva3ZtL3g4Nl82NC1hbGx5ZXNk
ZWJpYW4vbGludXM6bWFzdGVyOjU3ZDczMDkyNGQ1Y2MyYzNlMjgwYWYxNmE5MzA2NTg3YzNh
NTExZGI6YmlzZWN0LW1tCgoyMDEzLTEwLTA4LTE1OjE3OjI2IDU3ZDczMDkyNGQ1Y2MyYzNl
MjgwYWYxNmE5MzA2NTg3YzNhNTExZGIgY29tcGlsaW5nCjEwNTYgcmVhbCAgNDkxNSB1c2Vy
ICA0Mzggc3lzICA1MDYuOTklIGNwdSAJeDg2XzY0LWFsbHllc2RlYmlhbgoKMjAxMy0xMC0w
OC0xNTozNTo1MyBkZXRlY3RpbmcgYm9vdCBzdGF0ZSAzLjExLjAtMDQ2OTQtZzU3ZDczMDku
Li4uLi4uLi4uLi4uLi4uLi4uLgkxNwkxOAkyMCBTVUNDRVNTCgpCaXNlY3Rpbmc6IDI3OTEg
cmV2aXNpb25zIGxlZnQgdG8gdGVzdCBhZnRlciB0aGlzIChyb3VnaGx5IDEyIHN0ZXBzKQpb
YzRjMTcyNTIyODNhMTNjMGQ2M2E4ZDlkZjgyOGRhMTA5YzExNjQxMV0gTWVyZ2UgdGFnICdu
dGItMy4xMicgb2YgZ2l0Oi8vZ2l0aHViLmNvbS9qb25tYXNvbi9udGIKcnVubmluZyAvYy9r
ZXJuZWwtdGVzdHMvYmlzZWN0LXRlc3QtYm9vdC1mYWlsdXJlLnNoIC9ob21lL3dmZy9tbS9v
YmotYmlzZWN0CmxzIC1hIC9rZXJuZWwtdGVzdHMvcnVuLXF1ZXVlL2t2bS94ODZfNjQtYWxs
eWVzZGViaWFuL2xpbnVzOm1hc3RlcjpjNGMxNzI1MjI4M2ExM2MwZDYzYThkOWRmODI4ZGEx
MDljMTE2NDExOmJpc2VjdC1tbQoKMjAxMy0xMC0wOC0xNTo0NzoyNiBjNGMxNzI1MjI4M2Ex
M2MwZDYzYThkOWRmODI4ZGExMDljMTE2NDExIGNvbXBpbGluZwoxMzAxIHJlYWwgIDQ5NDAg
dXNlciAgNDQzIHN5cyAgNDEzLjUzJSBjcHUgCXg4Nl82NC1hbGx5ZXNkZWJpYW4KCjIwMTMt
MTAtMDgtMTY6MDk6NDQgZGV0ZWN0aW5nIGJvb3Qgc3RhdGUgMy4xMS4wLTA3NTAzLWdjNGMx
NzI1Li4uLi4uLi4uLi4uLi4uLi4uLi4JMTMJMjAgU1VDQ0VTUwoKQmlzZWN0aW5nOiAxMzk1
IHJldmlzaW9ucyBsZWZ0IHRvIHRlc3QgYWZ0ZXIgdGhpcyAocm91Z2hseSAxMSBzdGVwcykK
W2ZmYmJiOTZkZDc1NzBiOWFhZmQ0MjZjZDc3YTdlZTAzZDIyNGNhYmZdIGZpcm13YXJlL2Rt
aV9zY2FuOiBjb25zdGlmeSBzdHJpbmdzCnJ1bm5pbmcgL2Mva2VybmVsLXRlc3RzL2Jpc2Vj
dC10ZXN0LWJvb3QtZmFpbHVyZS5zaCAvaG9tZS93ZmcvbW0vb2JqLWJpc2VjdApscyAtYSAv
a2VybmVsLXRlc3RzL3J1bi1xdWV1ZS9rdm0veDg2XzY0LWFsbHllc2RlYmlhbi9saW51czpt
YXN0ZXI6ZmZiYmI5NmRkNzU3MGI5YWFmZDQyNmNkNzdhN2VlMDNkMjI0Y2FiZjpiaXNlY3Qt
bW0KCjIwMTMtMTAtMDgtMTY6MjA6NDkgZmZiYmI5NmRkNzU3MGI5YWFmZDQyNmNkNzdhN2Vl
MDNkMjI0Y2FiZiBjb21waWxpbmcKMTA4NSByZWFsICA0OTI5IHVzZXIgIDQzMiBzeXMgIDQ5
My44NCUgY3B1IAl4ODZfNjQtYWxseWVzZGViaWFuCgoyMDEzLTEwLTA4LTE2OjQxOjA3IGRl
dGVjdGluZyBib290IHN0YXRlIDMuMTEuMC0wOTI3NS1nZmZiYmI5Ni4gVEVTVCBGQUlMVVJF
ClsgICAgMS40NjIzNDddIHBjaSAwMDAwOjAwOjAyLjA6IEJvb3QgdmlkZW8gZGV2aWNlClsg
ICAgMS40NjMyNzJdIFBDSTogQ0xTIDAgYnl0ZXMsIGRlZmF1bHQgNjQKWyAgICAxLjk0MDg5
Ml0gc3dhcHBlci8wIGludm9rZWQgb29tLWtpbGxlcjogZ2ZwX21hc2s9MHgyMDAwZDAsIG9y
ZGVyPTEsIG9vbV9zY29yZV9hZGo9MApbICAgIDEuOTQyMzkwXSBzd2FwcGVyLzAgY3B1c2V0
PS8gbWVtc19hbGxvd2VkPTAKWyAgICAxLjk0MzIwMV0gQ1BVOiAxIFBJRDogMSBDb21tOiBz
d2FwcGVyLzAgTm90IHRhaW50ZWQgMy4xMS4wLTA5Mjc1LWdmZmJiYjk2ICM0MjAKWyAgICAx
Ljk0NDYwNF0gSGFyZHdhcmUgbmFtZTogQm9jaHMgQm9jaHMsIEJJT1MgQm9jaHMgMDEvMDEv
MjAxMQpbICAgIDEuOTQ1NTkwXSAgMDAwMDAwMDAwMDAwMDAwMiBmZmZmODgwMDFlZjc5YjE4
IGZmZmZmZmZmODJjNTVhY2YgZmZmZjg4MDAxZWY3NDA0MApbICAgIDEuOTQ3MjgxXSAgZmZm
Zjg4MDAxZWY3OWI5OCBmZmZmZmZmZjgyYzRkZTU2IGZmZmZmZmZmODNjNTQ1ODAgZmZmZjg4
MDAxZWY3OWI1MApbICAgIDEuOTQ4OTkzXSAgZmZmZmZmZmY4MTBlZTA3NyAwMDAwMDAwMDAw
MDA3YWIxIDAwMDAwMDAwMDAwMDAyNDYgZmZmZjg4MDAxZWY3OWI4OApbICAgIDEuOTUwNjg0
XSBDYWxsIFRyYWNlOgpbICAgIDEuOTUxMjUzXSAgWzxmZmZmZmZmZjgyYzU1YWNmPl0gZHVt
cF9zdGFjaysweDU0LzB4NzQKWyAgICAxLjk1MjE3N10gIFs8ZmZmZmZmZmY4MmM0ZGU1Nj5d
IGR1bXBfaGVhZGVyLmlzcmEuMTArMHg3YS8weDFiYQpbICAgIDEuOTUzMjA1XSAgWzxmZmZm
ZmZmZjgxMGVlMDc3Pl0gPyBsb2NrX3JlbGVhc2VfaG9sZHRpbWUucGFydC4yNysweDRjLzB4
NTAKWyAgICAxLjk1NDM3M10gIFs8ZmZmZmZmZmY4MTBmMWFjZT5dID8gbG9ja19yZWxlYXNl
KzB4MTg5LzB4MWQxClsgICAgMS45NTUzNTJdICBbPGZmZmZmZmZmODExNTJlMDI+XSBvdXRf
b2ZfbWVtb3J5KzB4MzllLzB4M2VlClsgICAgMS45NTYzMzZdICBbPGZmZmZmZmZmODExNTc3
NGY+XSBfX2FsbG9jX3BhZ2VzX25vZGVtYXNrKzB4NjY4LzB4N2RlClsgICAgMS45NTc0MjBd
ICBbPGZmZmZmZmZmODExOGUwNjY+XSBrbWVtX2dldHBhZ2VzKzB4NzUvMHgxNmMKWyAgICAx
Ljk1ODM2N10gIFs8ZmZmZmZmZmY4MTE5MDIzMz5dIGZhbGxiYWNrX2FsbG9jKzB4MTJjLzB4
MWVhClsgICAgMS45NTkzNDBdICBbPGZmZmZmZmZmODEwZWRhNTk+XSA/IHRyYWNlX2hhcmRp
cnFzX29mZisweGQvMHhmClsgICAgMS45NjAzNjhdICBbPGZmZmZmZmZmODExOTAwZjg+XSBf
X19fY2FjaGVfYWxsb2Nfbm9kZSsweDE0YS8weDE1OQpbICAgIDEuOTYxNDEwXSAgWzxmZmZm
ZmZmZjgxMTkwYTI0Pl0gX19rbWFsbG9jKzB4OTUvMHgxMmQKWyAgICAxLjk2MjMxN10gIFs8
ZmZmZmZmZmY4MTcwMTk5OD5dID8ga3phbGxvYy5jb25zdHByb3AuMTYrMHhlLzB4MTAKWyAg
ICAxLjk2MzMzN10gIFs8ZmZmZmZmZmY4MTcwMTk5OD5dIGt6YWxsb2MuY29uc3Rwcm9wLjE2
KzB4ZS8weDEwClsgICAgMS45NjQzNzVdICBbPGZmZmZmZmZmODE3MDMxMGI+XSBkbWFfZGVi
dWdfaW5pdCsweDFlMy8weDI4ZQpbICAgIDEuOTY1MzUyXSAgWzxmZmZmZmZmZjg0MTk3MzI5
Pl0gcGNpX2lvbW11X2luaXQrMHgxNi8weDUyClsgICAgMS45NjYzMDRdICBbPGZmZmZmZmZm
ODQxOTczMTM+XSA/IGlvbW11X3NldHVwKzB4MjdkLzB4MjdkClsgICAgMS45NjcyNjhdICBb
PGZmZmZmZmZmODEwMDIwZDI+XSBkb19vbmVfaW5pdGNhbGwrMHg5My8weDEzNwpbICAgIDEu
OTY4MjU0XSAgWzxmZmZmZmZmZjgxMGJkMzAwPl0gPyBwYXJhbWVxKzB4NC8weDI0ClsgICAg
MS45NjkxMzddICBbPGZmZmZmZmZmODEwYmQ0YTk+XSA/IHBhcnNlX2FyZ3MrMHgxODkvMHgy
NDcKWyAgICAxLjk3MDA5M10gIFs8ZmZmZmZmZmY4NDE4YWVkMT5dIGtlcm5lbF9pbml0X2Zy
ZWVhYmxlKzB4MTVlLzB4MWRmClsgICAgMS45NzExMzFdICBbPGZmZmZmZmZmODQxOGE3Mjk+
XSA/IGRvX2Vhcmx5X3BhcmFtKzB4ODgvMHg4OApbICAgIDEuOTcyMTE5XSAgWzxmZmZmZmZm
ZjgyYzQxZDA3Pl0gPyByZXN0X2luaXQrMHhkYi8weGRiClsgICAgMS45NzMwMzNdICBbPGZm
ZmZmZmZmODJjNDFkMTU+XSBrZXJuZWxfaW5pdCsweGUvMHhkYgpbICAgIDEuOTczOTMwXSAg
WzxmZmZmZmZmZjgyYzgzMTZjPl0gcmV0X2Zyb21fZm9yaysweDdjLzB4YjAKWyAgICAxLjk3
NDg5M10gIFs8ZmZmZmZmZmY4MmM0MWQwNz5dID8gcmVzdF9pbml0KzB4ZGIvMHhkYgpbICAg
IDEuOTc1ODAwXSBNZW0tSW5mbzoKWyAgICAxLjk3NjM3NV0gTm9kZSAwIERNQSBwZXItY3B1
Ogova2VybmVsL3g4Nl82NC1hbGx5ZXNkZWJpYW4vZmZiYmI5NmRkNzU3MGI5YWFmZDQyNmNk
NzdhN2VlMDNkMjI0Y2FiZi9kbWVzZy1uZnNyb290LWF0aGVucy0yMzoyMDEzMTAwODE2NDEx
OTp4ODZfNjQtYWxseWVzZGViaWFuOjMuMTEuMC0wOTI3NS1nZmZiYmI5Njo0MjAKL2tlcm5l
bC94ODZfNjQtYWxseWVzZGViaWFuL2ZmYmJiOTZkZDc1NzBiOWFhZmQ0MjZjZDc3YTdlZTAz
ZDIyNGNhYmYvZG1lc2ctbmZzcm9vdC1jYWlyby0xOToyMDEzMTAwODE2NDExNjp4ODZfNjQt
YWxseWVzZGViaWFuOjMuMTEuMC0wOTI3NS1nZmZiYmI5Njo0MjAKL2tlcm5lbC94ODZfNjQt
YWxseWVzZGViaWFuL2ZmYmJiOTZkZDc1NzBiOWFhZmQ0MjZjZDc3YTdlZTAzZDIyNGNhYmYv
ZG1lc2ctbmZzcm9vdC1jYWlyby03OjIwMTMxMDA4MTY0MTE2Ong4Nl82NC1hbGx5ZXNkZWJp
YW46My4xMS4wLTA5Mjc1LWdmZmJiYjk2OjQyMAova2VybmVsL3g4Nl82NC1hbGx5ZXNkZWJp
YW4vZmZiYmI5NmRkNzU3MGI5YWFmZDQyNmNkNzdhN2VlMDNkMjI0Y2FiZi9kbWVzZy1uZnNy
b290LXJvYW0tMTQ6MjAxMzEwMDgxNjQxMTU6eDg2XzY0LWFsbHllc2RlYmlhbjozLjExLjAt
MDkyNzUtZ2ZmYmJiOTY6NDIwCi9rZXJuZWwveDg2XzY0LWFsbHllc2RlYmlhbi9mZmJiYjk2
ZGQ3NTcwYjlhYWZkNDI2Y2Q3N2E3ZWUwM2QyMjRjYWJmL2RtZXNnLXF1YW50YWwtYXRoZW5z
LTQ0OjIwMTMxMDA4MTY0MTE2Ong4Nl82NC1hbGx5ZXNkZWJpYW46My4xMS4wLTA5Mjc1LWdm
ZmJiYjk2OjQyMAova2VybmVsL3g4Nl82NC1hbGx5ZXNkZWJpYW4vZmZiYmI5NmRkNzU3MGI5
YWFmZDQyNmNkNzdhN2VlMDNkMjI0Y2FiZi9kbWVzZy1xdWFudGFsLWNhaXJvLTE2OjIwMTMx
MDA4MTY0MTE1Ong4Nl82NC1hbGx5ZXNkZWJpYW46My4xMS4wLTA5Mjc1LWdmZmJiYjk2OjQy
MAova2VybmVsL3g4Nl82NC1hbGx5ZXNkZWJpYW4vZmZiYmI5NmRkNzU3MGI5YWFmZDQyNmNk
NzdhN2VlMDNkMjI0Y2FiZi9kbWVzZy1xdWFudGFsLWlubi0xNDoyMDEzMTAwODE2NDExNjp4
ODZfNjQtYWxseWVzZGViaWFuOjMuMTEuMC0wOTI3NS1nZmZiYmI5Njo0MjAKL2tlcm5lbC94
ODZfNjQtYWxseWVzZGViaWFuL2ZmYmJiOTZkZDc1NzBiOWFhZmQ0MjZjZDc3YTdlZTAzZDIy
NGNhYmYvZG1lc2ctcXVhbnRhbC1pbm4tMzY6MjAxMzEwMDgxNjQxMTg6eDg2XzY0LWFsbHll
c2RlYmlhbjozLjExLjAtMDkyNzUtZ2ZmYmJiOTY6NDIwCi9rZXJuZWwveDg2XzY0LWFsbHll
c2RlYmlhbi9mZmJiYjk2ZGQ3NTcwYjlhYWZkNDI2Y2Q3N2E3ZWUwM2QyMjRjYWJmL2RtZXNn
LXlvY3RvLWF0aGVucy0zNToyMDEzMTAwODE2NDExNTp4ODZfNjQtYWxseWVzZGViaWFuOjMu
MTEuMC0wOTI3NS1nZmZiYmI5Njo0MjAKL2tlcm5lbC94ODZfNjQtYWxseWVzZGViaWFuL2Zm
YmJiOTZkZDc1NzBiOWFhZmQ0MjZjZDc3YTdlZTAzZDIyNGNhYmYvZG1lc2cteW9jdG8tYXRo
ZW5zLTM3OjIwMTMxMDA4MTY0MTE1Ong4Nl82NC1hbGx5ZXNkZWJpYW46My4xMS4wLTA5Mjc1
LWdmZmJiYjk2OjQyMAova2VybmVsL3g4Nl82NC1hbGx5ZXNkZWJpYW4vZmZiYmI5NmRkNzU3
MGI5YWFmZDQyNmNkNzdhN2VlMDNkMjI0Y2FiZi9kbWVzZy15b2N0by1jYWlyby0xNDoyMDEz
MTAwODE2NDExNjp4ODZfNjQtYWxseWVzZGViaWFuOjMuMTEuMC0wOTI3NS1nZmZiYmI5Njo0
MjAKL2tlcm5lbC94ODZfNjQtYWxseWVzZGViaWFuL2ZmYmJiOTZkZDc1NzBiOWFhZmQ0MjZj
ZDc3YTdlZTAzZDIyNGNhYmYvZG1lc2cteW9jdG8tY2Fpcm8tNDA6MjAxMzEwMDgxNjQxMTU6
eDg2XzY0LWFsbHllc2RlYmlhbjozLjExLjAtMDkyNzUtZ2ZmYmJiOTY6NDIwCi9rZXJuZWwv
eDg2XzY0LWFsbHllc2RlYmlhbi9mZmJiYjk2ZGQ3NTcwYjlhYWZkNDI2Y2Q3N2E3ZWUwM2Qy
MjRjYWJmL2RtZXNnLXlvY3RvLWlubi0zNToyMDEzMTAwODE2NDExNjp4ODZfNjQtYWxseWVz
ZGViaWFuOjMuMTEuMC0wOTI3NS1nZmZiYmI5Njo0MjAKL2tlcm5lbC94ODZfNjQtYWxseWVz
ZGViaWFuL2ZmYmJiOTZkZDc1NzBiOWFhZmQ0MjZjZDc3YTdlZTAzZDIyNGNhYmYvZG1lc2ct
eW9jdG8tcm9hbS0yMToyMDEzMTAwODE2NDExNTp4ODZfNjQtYWxseWVzZGViaWFuOjMuMTEu
MC0wOTI3NS1nZmZiYmI5Njo0MjAKL2tlcm5lbC94ODZfNjQtYWxseWVzZGViaWFuL2ZmYmJi
OTZkZDc1NzBiOWFhZmQ0MjZjZDc3YTdlZTAzZDIyNGNhYmYvZG1lc2cteW9jdG8td2FpbWVh
LTE1OjIwMTMxMDA5MDAzODE0Ong4Nl82NC1hbGx5ZXNkZWJpYW46My4xMS4wLTA5Mjc1LWdm
ZmJiYjk2OjQyMAova2VybmVsL3g4Nl82NC1hbGx5ZXNkZWJpYW4vZmZiYmI5NmRkNzU3MGI5
YWFmZDQyNmNkNzdhN2VlMDNkMjI0Y2FiZi9kbWVzZy15b2N0by13YWltZWEtNjoyMDEzMTAw
OTAwMzgxMzp4ODZfNjQtYWxseWVzZGViaWFuOjMuMTEuMC0wOTI3NS1nZmZiYmI5Njo0MjAK
L2tlcm5lbC94ODZfNjQtYWxseWVzZGViaWFuL2ZmYmJiOTZkZDc1NzBiOWFhZmQ0MjZjZDc3
YTdlZTAzZDIyNGNhYmYvZG1lc2cteW9jdG8td2FpbWVhLTc6MjAxMzEwMDkwMDM4MTM6eDg2
XzY0LWFsbHllc2RlYmlhbjozLjExLjAtMDkyNzUtZ2ZmYmJiOTY6NDIwCi9rZXJuZWwveDg2
XzY0LWFsbHllc2RlYmlhbi9mZmJiYjk2ZGQ3NTcwYjlhYWZkNDI2Y2Q3N2E3ZWUwM2QyMjRj
YWJmL2RtZXNnLXF1YW50YWwtbGtwLXN0MDEtNjoyMDEzMTAwODE2NDEyNTp4ODZfNjQtYWxs
eWVzZGViaWFuOjMuMTEuMC0wOTI3NS1nZmZiYmI5Njo0MjAKL2tlcm5lbC94ODZfNjQtYWxs
eWVzZGViaWFuL2ZmYmJiOTZkZDc1NzBiOWFhZmQ0MjZjZDc3YTdlZTAzZDIyNGNhYmYvZG1l
c2cteW9jdG8tbGtwLXR0MDItMTY6MjAxMzEwMDgwNzEyMjE6eDg2XzY0LWFsbHllc2RlYmlh
bjozLjExLjAtMDkyNzUtZ2ZmYmJiOTY6NDIwCi9rZXJuZWwveDg2XzY0LWFsbHllc2RlYmlh
bi9mZmJiYjk2ZGQ3NTcwYjlhYWZkNDI2Y2Q3N2E3ZWUwM2QyMjRjYWJmL2RtZXNnLXlvY3Rv
LXN0b2FrbGV5LTI6MjAxMzEwMDgxNjQxMjU6eDg2XzY0LWFsbHllc2RlYmlhbjozLjExLjAt
MDkyNzUtZ2ZmYmJiOTY6NDIwCjA6MjA6MjAgYWxsX2dvb2Q6YmFkOmFsbF9iYWQgYm9vdHMK
G1sxOzM1bVJFUEVBVCBDT1VOVDogMjAgICMgL2NjL3dmZy9tbS1iaXNlY3QvLnJlcGVhdBtb
MG0KCkJpc2VjdGluZzogNzA3IHJldmlzaW9ucyBsZWZ0IHRvIHRlc3QgYWZ0ZXIgdGhpcyAo
cm91Z2hseSAxMCBzdGVwcykKW2EzNWM2MzIyZTUyYzU1MGI2MWEwNGE0NGRmMjdkMjIzOTRl
ZTBhMmNdIE1lcmdlIHRhZyAnZHJpdmVycy1mb3ItbGludXMnIG9mIGdpdDovL2dpdC5rZXJu
ZWwub3JnL3B1Yi9zY20vbGludXgva2VybmVsL2dpdC9hcm0vYXJtLXNvYwpydW5uaW5nIC9j
L2tlcm5lbC10ZXN0cy9iaXNlY3QtdGVzdC1ib290LWZhaWx1cmUuc2ggL2hvbWUvd2ZnL21t
L29iai1iaXNlY3QKbHMgLWEgL2tlcm5lbC10ZXN0cy9ydW4tcXVldWUva3ZtL3g4Nl82NC1h
bGx5ZXNkZWJpYW4vbGludXM6bWFzdGVyOmEzNWM2MzIyZTUyYzU1MGI2MWEwNGE0NGRmMjdk
MjIzOTRlZTBhMmM6YmlzZWN0LW1tCgoyMDEzLTEwLTA4LTE2OjQxOjQwIGEzNWM2MzIyZTUy
YzU1MGI2MWEwNGE0NGRmMjdkMjIzOTRlZTBhMmMgY29tcGlsaW5nCjExMDMgcmVhbCAgNDg2
NyB1c2VyICA0MTcgc3lzICA0NzguOTglIGNwdSAJeDg2XzY0LWFsbHllc2RlYmlhbgoKMjAx
My0xMC0wOC0xNzowMDo0MiBkZXRlY3RpbmcgYm9vdCBzdGF0ZSAzLjExLjAtMDg1NjctZ2Ez
NWM2MzIuLi4uLi4uLi4uLi4uLi4uLi4uLgkyMCBTVUNDRVNTCgpCaXNlY3Rpbmc6IDM0NyBy
ZXZpc2lvbnMgbGVmdCB0byB0ZXN0IGFmdGVyIHRoaXMgKHJvdWdobHkgOSBzdGVwcykKW2Vj
NWIxMDNlY2ZkZTkyOTAwNGI2OTFmMjkxODMyNTVhZWVhZGVjZDVdIE1lcmdlIGJyYW5jaCAn
Zm9yLWxpbnVzJyBvZiBnaXQ6Ly9naXQuaW5mcmFkZWFkLm9yZy91c2Vycy92a291bC9zbGF2
ZS1kbWEKcnVubmluZyAvYy9rZXJuZWwtdGVzdHMvYmlzZWN0LXRlc3QtYm9vdC1mYWlsdXJl
LnNoIC9ob21lL3dmZy9tbS9vYmotYmlzZWN0CmxzIC1hIC9rZXJuZWwtdGVzdHMvcnVuLXF1
ZXVlL2t2bS94ODZfNjQtYWxseWVzZGViaWFuL2xpbnVzOm1hc3RlcjplYzViMTAzZWNmZGU5
MjkwMDRiNjkxZjI5MTgzMjU1YWVlYWRlY2Q1OmJpc2VjdC1tbQoKMjAxMy0xMC0wOC0xNzox
MToxNCBlYzViMTAzZWNmZGU5MjkwMDRiNjkxZjI5MTgzMjU1YWVlYWRlY2Q1IGNvbXBpbGlu
Zwo2OTggcmVhbCAgNDk3MiB1c2VyICA0Mzggc3lzICA3NzQuNzYlIGNwdSAJeDg2XzY0LWFs
bHllc2RlYmlhbgoKMjAxMy0xMC0wOC0xNzoyMzoxMCBkZXRlY3RpbmcgYm9vdCBzdGF0ZSAz
LjExLjAtMDg5MjctZ2VjNWIxMDMuLi4uLi4uLi4uLi4uLi4uLi4uLgk0CTIwIFNVQ0NFU1MK
CkJpc2VjdGluZzogMTczIHJldmlzaW9ucyBsZWZ0IHRvIHRlc3QgYWZ0ZXIgdGhpcyAocm91
Z2hseSA4IHN0ZXBzKQpbZTE0MDNiOGVkZjY2OWZmNDliYmRmNjAyY2M5N2ZlZmEyNzYwY2Ix
NV0gaW5jbHVkZS9saW51eC9zY2hlZC5oOiBkb24ndCB1c2UgdGFzay0+cGlkL3RnaWQgaW4g
c2FtZV90aHJlYWRfZ3JvdXAvaGFzX2dyb3VwX2xlYWRlcl9waWQKcnVubmluZyAvYy9rZXJu
ZWwtdGVzdHMvYmlzZWN0LXRlc3QtYm9vdC1mYWlsdXJlLnNoIC9ob21lL3dmZy9tbS9vYmot
YmlzZWN0CmxzIC1hIC9rZXJuZWwtdGVzdHMvcnVuLXF1ZXVlL2t2bS94ODZfNjQtYWxseWVz
ZGViaWFuL2xpbnVzOm1hc3RlcjplMTQwM2I4ZWRmNjY5ZmY0OWJiZGY2MDJjYzk3ZmVmYTI3
NjBjYjE1OmJpc2VjdC1tbQoKMjAxMy0xMC0wOC0xNzozNDoxMiBlMTQwM2I4ZWRmNjY5ZmY0
OWJiZGY2MDJjYzk3ZmVmYTI3NjBjYjE1IGNvbXBpbGluZwo3NDYgcmVhbCAgNDkyNyB1c2Vy
ICA0Mjkgc3lzICA3MTcuMjIlIGNwdSAJeDg2XzY0LWFsbHllc2RlYmlhbgoKMjAxMy0xMC0w
OC0xNzo0Njo1OCBkZXRlY3RpbmcgYm9vdCBzdGF0ZSAzLjExLjAtMDkxMDEtZ2UxNDAzYjgu
Li4uLi4uLi4uLi4uLi4uLi4uLgkyCTE2CTIwIFNVQ0NFU1MKCkJpc2VjdGluZzogODYgcmV2
aXNpb25zIGxlZnQgdG8gdGVzdCBhZnRlciB0aGlzIChyb3VnaGx5IDcgc3RlcHMpCls3MjI1
NTIyYmI0MjlhMmY3ZGFlNjY2N2U1MzNlMmQ3MzViNDg4MmQwXSBtbTogbXVubG9jazogYmF0
Y2ggbm9uLVRIUCBwYWdlIGlzb2xhdGlvbiBhbmQgbXVubG9jaytwdXRiYWNrIHVzaW5nIHBh
Z2V2ZWMKcnVubmluZyAvYy9rZXJuZWwtdGVzdHMvYmlzZWN0LXRlc3QtYm9vdC1mYWlsdXJl
LnNoIC9ob21lL3dmZy9tbS9vYmotYmlzZWN0CmxzIC1hIC9rZXJuZWwtdGVzdHMvcnVuLXF1
ZXVlL2t2bS94ODZfNjQtYWxseWVzZGViaWFuL2xpbnVzOm1hc3Rlcjo3MjI1NTIyYmI0Mjlh
MmY3ZGFlNjY2N2U1MzNlMmQ3MzViNDg4MmQwOmJpc2VjdC1tbQoKMjAxMy0xMC0wOC0xNzo1
ODoyOCA3MjI1NTIyYmI0MjlhMmY3ZGFlNjY2N2U1MzNlMmQ3MzViNDg4MmQwIGNvbXBpbGlu
Zwo3MzEgcmVhbCAgNDkyNyB1c2VyICA0MjMgc3lzICA3MzIuMDAlIGNwdSAJeDg2XzY0LWFs
bHllc2RlYmlhbgoKMjAxMy0xMC0wOC0xODoxMDo1NyBkZXRlY3RpbmcgYm9vdCBzdGF0ZSAz
LjExLjAtMDkxODgtZzcyMjU1MjIuLi4uLi4uLi4uLi4uLi4uLi4uLgk3CTE3CTIwIFNVQ0NF
U1MKCkJpc2VjdGluZzogNDMgcmV2aXNpb25zIGxlZnQgdG8gdGVzdCBhZnRlciB0aGlzIChy
b3VnaGx5IDYgc3RlcHMpCltmYTY4ODIwN2M5ZGI0OGI2NGFiNjUzOGFiYzNmY2RmMjYxMTBi
OWVjXSBzbXA6IHF1aXQgdW5jb25kaXRpb25hbGx5IGVuYWJsaW5nIGlycSBpbiBvbl9lYWNo
X2NwdV9tYXNrIGFuZCBvbl9lYWNoX2NwdV9jb25kCnJ1bm5pbmcgL2Mva2VybmVsLXRlc3Rz
L2Jpc2VjdC10ZXN0LWJvb3QtZmFpbHVyZS5zaCAvaG9tZS93ZmcvbW0vb2JqLWJpc2VjdAps
cyAtYSAva2VybmVsLXRlc3RzL3J1bi1xdWV1ZS9rdm0veDg2XzY0LWFsbHllc2RlYmlhbi9s
aW51czptYXN0ZXI6ZmE2ODgyMDdjOWRiNDhiNjRhYjY1MzhhYmMzZmNkZjI2MTEwYjllYzpi
aXNlY3QtbW0KCjIwMTMtMTAtMDgtMTg6MjI6MjggZmE2ODgyMDdjOWRiNDhiNjRhYjY1Mzhh
YmMzZmNkZjI2MTEwYjllYyBjb21waWxpbmcKNzI0IHJlYWwgIDQ5NjAgdXNlciAgNDM0IHN5
cyAgNzQ1LjAzJSBjcHUgCXg4Nl82NC1hbGx5ZXNkZWJpYW4KCjIwMTMtMTAtMDgtMTg6MzQ6
NDcgZGV0ZWN0aW5nIGJvb3Qgc3RhdGUgMy4xMS4wLTA5MjMxLWdmYTY4ODIwLiBURVNUIEZB
SUxVUkUKWyAgICAxLjgwMjAyNV0gcGNpIDAwMDA6MDA6MDIuMDogQm9vdCB2aWRlbyBkZXZp
Y2UKWyAgICAxLjgwMzUzMV0gUENJOiBDTFMgMCBieXRlcywgZGVmYXVsdCA2NApbICAgIDIu
MTEwOTgyXSBzd2FwcGVyLzAgaW52b2tlZCBvb20ta2lsbGVyOiBnZnBfbWFzaz0weDIwMDBk
MCwgb3JkZXI9MSwgb29tX3Njb3JlX2Fkaj0wClsgICAgMi4xMTM0OTJdIHN3YXBwZXIvMCBj
cHVzZXQ9LyBtZW1zX2FsbG93ZWQ9MApbICAgIDIuMTE0ODM0XSBDUFU6IDEgUElEOiAxIENv
bW06IHN3YXBwZXIvMCBOb3QgdGFpbnRlZCAzLjExLjAtMDkyMzEtZ2ZhNjg4MjAgIzQyNQpb
ICAgIDIuMTE3MDY0XSBIYXJkd2FyZSBuYW1lOiBCb2NocyBCb2NocywgQklPUyBCb2NocyAw
MS8wMS8yMDExClsgICAgMi4xMTg2OTBdICAwMDAwMDAwMDAwMDAwMDAyIGZmZmY4ODAwMWVm
NzliMTggZmZmZmZmZmY4MmM1NWE4ZiBmZmZmODgwMDFlZjc0MDQwClsgICAgMi4xMjE0Nzld
ICBmZmZmODgwMDFlZjc5Yjk4IGZmZmZmZmZmODJjNGRlMTYgZmZmZmZmZmY4M2M1NDU4MCBm
ZmZmODgwMDFlZjc5YjUwClsgICAgMi4xMjQyNzhdICBmZmZmZmZmZjgxMGVlMDc3IDAwMDAw
MDAwMDAwMDFiZTEgMDAwMDAwMDAwMDAwMDI0NiBmZmZmODgwMDFlZjc5Yjg4ClsgICAgMi4x
MjY5NDNdIENhbGwgVHJhY2U6ClsgICAgMi4xMjc5MDJdICBbPGZmZmZmZmZmODJjNTVhOGY+
XSBkdW1wX3N0YWNrKzB4NTQvMHg3NApbICAgIDIuMTI5NDUwXSAgWzxmZmZmZmZmZjgyYzRk
ZTE2Pl0gZHVtcF9oZWFkZXIuaXNyYS4xMCsweDdhLzB4MWJhClsgICAgMi4xMzExMjBdICBb
PGZmZmZmZmZmODEwZWUwNzc+XSA/IGxvY2tfcmVsZWFzZV9ob2xkdGltZS5wYXJ0LjI3KzB4
NGMvMHg1MApbICAgIDIuMTMzMDEyXSAgWzxmZmZmZmZmZjgxMGYxYWNlPl0gPyBsb2NrX3Jl
bGVhc2UrMHgxODkvMHgxZDEKWyAgICAyLjEzNDU4Nl0gIFs8ZmZmZmZmZmY4MTE1MmRlNT5d
IG91dF9vZl9tZW1vcnkrMHgzOWUvMHgzZWUKWyAgICAyLjEzNjIyM10gIFs8ZmZmZmZmZmY4
MTE1NzczMj5dIF9fYWxsb2NfcGFnZXNfbm9kZW1hc2srMHg2NjgvMHg3ZGUKWyAgICAyLjEz
ODA4MV0gIFs8ZmZmZmZmZmY4MTE4ZTA0OT5dIGttZW1fZ2V0cGFnZXMrMHg3NS8weDE2Ywpb
ICAgIDIuMTM5NTg1XSAgWzxmZmZmZmZmZjgxMTkwMjE2Pl0gZmFsbGJhY2tfYWxsb2MrMHgx
MmMvMHgxZWEKWyAgICAyLjE0MTIzMV0gIFs8ZmZmZmZmZmY4MTBlZGE1OT5dID8gdHJhY2Vf
aGFyZGlycXNfb2ZmKzB4ZC8weGYKWyAgICAyLjE0Mjc5NF0gIFs8ZmZmZmZmZmY4MTE5MDBk
Yj5dIF9fX19jYWNoZV9hbGxvY19ub2RlKzB4MTRhLzB4MTU5ClsgICAgMi4xNDQ1MDZdICBb
PGZmZmZmZmZmODExOTBhMDc+XSBfX2ttYWxsb2MrMHg5NS8weDEyZApbICAgIDIuMTQ1OTg3
XSAgWzxmZmZmZmZmZjgxNzAxOTU4Pl0gPyBremFsbG9jLmNvbnN0cHJvcC4xNisweGUvMHgx
MApbICAgIDIuMTQ3NjMzXSAgWzxmZmZmZmZmZjgxNzAxOTU4Pl0ga3phbGxvYy5jb25zdHBy
b3AuMTYrMHhlLzB4MTAKWyAgICAyLjE0OTM3NF0gIFs8ZmZmZmZmZmY4MTcwMzBjYj5dIGRt
YV9kZWJ1Z19pbml0KzB4MWUzLzB4MjhlClsgICAgMi4xNTA5NjNdICBbPGZmZmZmZmZmODQx
OTczMjk+XSBwY2lfaW9tbXVfaW5pdCsweDE2LzB4NTIKWyAgICAyLjE1MjU1MF0gIFs8ZmZm
ZmZmZmY4NDE5NzMxMz5dID8gaW9tbXVfc2V0dXArMHgyN2QvMHgyN2QKWyAgICAyLjE1NDA3
OF0gIFs8ZmZmZmZmZmY4MTAwMjBkMj5dIGRvX29uZV9pbml0Y2FsbCsweDkzLzB4MTM3Clsg
ICAgMi4xNTU2NTRdICBbPGZmZmZmZmZmODEwYmQzMDA+XSA/IHBhcmFtZXErMHg0LzB4MjQK
WyAgICAyLjE1NzExOV0gIFs8ZmZmZmZmZmY4MTBiZDRhOT5dID8gcGFyc2VfYXJncysweDE4
OS8weDI0NwpbICAgIDIuMTU4Njk4XSAgWzxmZmZmZmZmZjg0MThhZWQxPl0ga2VybmVsX2lu
aXRfZnJlZWFibGUrMHgxNWUvMHgxZGYKWyAgICAyLjE2MDQzN10gIFs8ZmZmZmZmZmY4NDE4
YTcyOT5dID8gZG9fZWFybHlfcGFyYW0rMHg4OC8weDg4ClsgICAgMi4xNjE5ODddICBbPGZm
ZmZmZmZmODJjNDFjYzc+XSA/IHJlc3RfaW5pdCsweGRiLzB4ZGIKWyAgICAyLjE2MzM5MV0g
IFs8ZmZmZmZmZmY4MmM0MWNkNT5dIGtlcm5lbF9pbml0KzB4ZS8weGRiClsgICAgMi4xNjQ4
NzVdICBbPGZmZmZmZmZmODJjODMxMmM+XSByZXRfZnJvbV9mb3JrKzB4N2MvMHhiMApbICAg
IDIuMTY2MzU4XSAgWzxmZmZmZmZmZjgyYzQxY2M3Pl0gPyByZXN0X2luaXQrMHhkYi8weGRi
ClsgICAgMi4xNjc5MThdIE1lbS1JbmZvOgpbICAgIDIuMTY4ODQ3XSBOb2RlIDAgRE1BIHBl
ci1jcHU6Ci9rZXJuZWwveDg2XzY0LWFsbHllc2RlYmlhbi9mYTY4ODIwN2M5ZGI0OGI2NGFi
NjUzOGFiYzNmY2RmMjYxMTBiOWVjL2RtZXNnLW5mc3Jvb3QtaW5uLTk6MjAxMzEwMDgxODM1
MDM6eDg2XzY0LWFsbHllc2RlYmlhbjozLjExLjAtMDkyMzEtZ2ZhNjg4MjA6NDI1Ci9rZXJu
ZWwveDg2XzY0LWFsbHllc2RlYmlhbi9mYTY4ODIwN2M5ZGI0OGI2NGFiNjUzOGFiYzNmY2Rm
MjYxMTBiOWVjL2RtZXNnLW5mc3Jvb3QteGlhbi0zMDoyMDEzMTAwODE4MzUwMTp4ODZfNjQt
YWxseWVzZGViaWFuOjMuMTEuMC0wOTIzMS1nZmE2ODgyMDo0MjUKL2tlcm5lbC94ODZfNjQt
YWxseWVzZGViaWFuL2ZhNjg4MjA3YzlkYjQ4YjY0YWI2NTM4YWJjM2ZjZGYyNjExMGI5ZWMv
ZG1lc2ctbmZzcm9vdC1jYWlyby0xOToyMDEzMTAwODE4MzUxMjp4ODZfNjQtYWxseWVzZGVi
aWFuOjMuMTEuMC0wOTIzMS1nZmE2ODgyMDo0MjUKL2tlcm5lbC94ODZfNjQtYWxseWVzZGVi
aWFuL2ZhNjg4MjA3YzlkYjQ4YjY0YWI2NTM4YWJjM2ZjZGYyNjExMGI5ZWMvZG1lc2ctbmZz
cm9vdC13YWltZWEtMjoyMDEzMTAwOTAyMzIwNDp4ODZfNjQtYWxseWVzZGViaWFuOjMuMTEu
MC0wOTIzMS1nZmE2ODgyMDo0MjUKL2tlcm5lbC94ODZfNjQtYWxseWVzZGViaWFuL2ZhNjg4
MjA3YzlkYjQ4YjY0YWI2NTM4YWJjM2ZjZGYyNjExMGI5ZWMvZG1lc2ctbmZzcm9vdC14aWFu
LTY6MjAxMzEwMDgxODM1MTI6eDg2XzY0LWFsbHllc2RlYmlhbjozLjExLjAtMDkyMzEtZ2Zh
Njg4MjA6NDI1Ci9rZXJuZWwveDg2XzY0LWFsbHllc2RlYmlhbi9mYTY4ODIwN2M5ZGI0OGI2
NGFiNjUzOGFiYzNmY2RmMjYxMTBiOWVjL2RtZXNnLW5mc3Jvb3QtY2Fpcm8tMjg6MjAxMzEw
MDgxODM1MTM6eDg2XzY0LWFsbHllc2RlYmlhbjozLjExLjAtMDkyMzEtZ2ZhNjg4MjA6NDI1
Ci9rZXJuZWwveDg2XzY0LWFsbHllc2RlYmlhbi9mYTY4ODIwN2M5ZGI0OGI2NGFiNjUzOGFi
YzNmY2RmMjYxMTBiOWVjL2RtZXNnLW5mc3Jvb3QtY2Fpcm8tMzE6MjAxMzEwMDgxODM1MTM6
eDg2XzY0LWFsbHllc2RlYmlhbjozLjExLjAtMDkyMzEtZ2ZhNjg4MjA6NDI1Ci9rZXJuZWwv
eDg2XzY0LWFsbHllc2RlYmlhbi9mYTY4ODIwN2M5ZGI0OGI2NGFiNjUzOGFiYzNmY2RmMjYx
MTBiOWVjL2RtZXNnLXlvY3RvLXNuYi00OjIwMTMxMDA4MTgzNTEzOng4Nl82NC1hbGx5ZXNk
ZWJpYW46My4xMS4wLTA5MjMxLWdmYTY4ODIwOjQyNQova2VybmVsL3g4Nl82NC1hbGx5ZXNk
ZWJpYW4vZmE2ODgyMDdjOWRiNDhiNjRhYjY1MzhhYmMzZmNkZjI2MTEwYjllYy9kbWVzZy1u
ZnNyb290LXdhaW1lYS0xMDoyMDEzMTAwOTAyMzIxMTp4ODZfNjQtYWxseWVzZGViaWFuOjMu
MTEuMC0wOTIzMS1nZmE2ODgyMDo0MjUKL2tlcm5lbC94ODZfNjQtYWxseWVzZGViaWFuL2Zh
Njg4MjA3YzlkYjQ4YjY0YWI2NTM4YWJjM2ZjZGYyNjExMGI5ZWMvZG1lc2ctcXVhbnRhbC1i
YXktMToyMDEzMTAwODE4MzUxNjp4ODZfNjQtYWxseWVzZGViaWFuOjMuMTEuMC0wOTIzMS1n
ZmE2ODgyMDo0MjUKMDoxMDo3IGFsbF9nb29kOmJhZDphbGxfYmFkIGJvb3RzCgpCaXNlY3Rp
bmc6IDIxIHJldmlzaW9ucyBsZWZ0IHRvIHRlc3QgYWZ0ZXIgdGhpcyAocm91Z2hseSA1IHN0
ZXBzKQpbYjE5NGI4Y2RiODNkYWFmZDI0MDVmYjkwMjE5M2I4ZTkwNDEwNzYxNF0gbW0vaHdw
b2lzb246IGFkZCAnIycgdG8gbWFkdmlzZV9od3BvaXNvbgpydW5uaW5nIC9jL2tlcm5lbC10
ZXN0cy9iaXNlY3QtdGVzdC1ib290LWZhaWx1cmUuc2ggL2hvbWUvd2ZnL21tL29iai1iaXNl
Y3QKbHMgLWEgL2tlcm5lbC10ZXN0cy9ydW4tcXVldWUva3ZtL3g4Nl82NC1hbGx5ZXNkZWJp
YW4vbGludXM6bWFzdGVyOmIxOTRiOGNkYjgzZGFhZmQyNDA1ZmI5MDIxOTNiOGU5MDQxMDc2
MTQ6YmlzZWN0LW1tCgoyMDEzLTEwLTA4LTE4OjM1OjIwIGIxOTRiOGNkYjgzZGFhZmQyNDA1
ZmI5MDIxOTNiOGU5MDQxMDc2MTQgY29tcGlsaW5nCjczMSByZWFsICA0OTU0IHVzZXIgIDQy
MyBzeXMgIDczNS4xNSUgY3B1IAl4ODZfNjQtYWxseWVzZGViaWFuCgoyMDEzLTEwLTA4LTE4
OjQ3OjQ1IGRldGVjdGluZyBib290IHN0YXRlIDMuMTEuMC0wOTIwOS1nYjE5NGI4Yy4uLiBU
RVNUIEZBSUxVUkUKWyAgICAxLjkxMzQyNF0gcGNpIDAwMDA6MDA6MDIuMDogQm9vdCB2aWRl
byBkZXZpY2UKWyAgICAxLjkxNDU4OV0gUENJOiBDTFMgMCBieXRlcywgZGVmYXVsdCA2NApb
ICAgIDIuMTkwNzc1XSBzd2FwcGVyLzAgaW52b2tlZCBvb20ta2lsbGVyOiBnZnBfbWFzaz0w
eDIwMDBkMCwgb3JkZXI9MSwgb29tX3Njb3JlX2Fkaj0wClsgICAgMi4xOTI4NTNdIHN3YXBw
ZXIvMCBjcHVzZXQ9LyBtZW1zX2FsbG93ZWQ9MApbICAgIDIuMTkzOTk5XSBDUFU6IDEgUElE
OiAxIENvbW06IHN3YXBwZXIvMCBOb3QgdGFpbnRlZCAzLjExLjAtMDkyMDktZ2IxOTRiOGMg
IzQyNgpbICAgIDIuMTk1ODc5XSBIYXJkd2FyZSBuYW1lOiBCb2NocyBCb2NocywgQklPUyBC
b2NocyAwMS8wMS8yMDExClsgICAgMi4xOTc0MzRdICAwMDAwMDAwMDAwMDAwMDAyIGZmZmY4
ODAwMWVmNzliMTggZmZmZmZmZmY4MmM1NTlhZiBmZmZmODgwMDFlZjc0MDQwClsgICAgMi4x
OTk5NTFdICBmZmZmODgwMDFlZjc5Yjk4IGZmZmZmZmZmODJjNGRkMzYgZmZmZmZmZmY4M2M1
NDU4MCBmZmZmODgwMDFlZjc5YjUwClsgICAgMi4yMDI1MTJdICBmZmZmZmZmZjgxMGVlMDZl
IDAwMDAwMDAwMDAwMDI0YzEgMDAwMDAwMDAwMDAwMDI0NiBmZmZmODgwMDFlZjc5Yjg4Clsg
ICAgMi4yMDUxMjBdIENhbGwgVHJhY2U6ClsgICAgMi4yMDU5NzRdICBbPGZmZmZmZmZmODJj
NTU5YWY+XSBkdW1wX3N0YWNrKzB4NTQvMHg3NApbICAgIDIuMjA3NDIyXSAgWzxmZmZmZmZm
ZjgyYzRkZDM2Pl0gZHVtcF9oZWFkZXIuaXNyYS4xMCsweDdhLzB4MWJhClsgICAgMi4yMDg4
OTVdICBbPGZmZmZmZmZmODEwZWUwNmU+XSA/IGxvY2tfcmVsZWFzZV9ob2xkdGltZS5wYXJ0
LjI3KzB4NGMvMHg1MApbICAgIDIuMjEwNDU5XSAgWzxmZmZmZmZmZjgxMGYxYWM1Pl0gPyBs
b2NrX3JlbGVhc2UrMHgxODkvMHgxZDEKWyAgICAyLjIxMTgyMl0gIFs8ZmZmZmZmZmY4MTE1
MmRkZD5dIG91dF9vZl9tZW1vcnkrMHgzOWUvMHgzZWUKWyAgICAyLjIxMzIxOF0gIFs8ZmZm
ZmZmZmY4MTE1NzcyYT5dIF9fYWxsb2NfcGFnZXNfbm9kZW1hc2srMHg2NjgvMHg3ZGUKWyAg
ICAyLjIxNDY4MV0gIFs8ZmZmZmZmZmY4MTE4ZTAzMj5dIGttZW1fZ2V0cGFnZXMrMHg3NS8w
eDE2YwpbICAgIDIuMjE1OTg2XSAgWzxmZmZmZmZmZjgxMTkwMWZmPl0gZmFsbGJhY2tfYWxs
b2MrMHgxMmMvMHgxZWEKWyAgICAyLjIxNzUyNl0gIFs8ZmZmZmZmZmY4MTBlZGE1MD5dID8g
dHJhY2VfaGFyZGlycXNfb2ZmKzB4ZC8weGYKWyAgICAyLjIxOTAxMV0gIFs8ZmZmZmZmZmY4
MTE5MDBjND5dIF9fX19jYWNoZV9hbGxvY19ub2RlKzB4MTRhLzB4MTU5ClsgICAgMi4yMjA2
MDZdICBbPGZmZmZmZmZmODExOTA5ZjA+XSBfX2ttYWxsb2MrMHg5NS8weDEyZApbICAgIDIu
MjIxOTU5XSAgWzxmZmZmZmZmZjgxNzAxOTE4Pl0gPyBremFsbG9jLmNvbnN0cHJvcC4xNisw
eGUvMHgxMApbICAgIDIuMjIzNTAwXSAgWzxmZmZmZmZmZjgxNzAxOTE4Pl0ga3phbGxvYy5j
b25zdHByb3AuMTYrMHhlLzB4MTAKWyAgICAyLjIyNTA0OF0gIFs8ZmZmZmZmZmY4MTcwMzA4
Yj5dIGRtYV9kZWJ1Z19pbml0KzB4MWUzLzB4MjhlClsgICAgMi4yMjY0NTldICBbPGZmZmZm
ZmZmODQxOTczMjk+XSBwY2lfaW9tbXVfaW5pdCsweDE2LzB4NTIKWyAgICAyLjIyNzc2N10g
IFs8ZmZmZmZmZmY4NDE5NzMxMz5dID8gaW9tbXVfc2V0dXArMHgyN2QvMHgyN2QKWyAgICAy
LjIyOTE3MF0gIFs8ZmZmZmZmZmY4MTAwMjBkMj5dIGRvX29uZV9pbml0Y2FsbCsweDkzLzB4
MTM3ClsgICAgMi4yMzA1MzBdICBbPGZmZmZmZmZmODEwYmQzMDA+XSA/IHBhcmFtZXErMHhk
LzB4MjQKWyAgICAyLjIzMTc1OF0gIFs8ZmZmZmZmZmY4MTBiZDRhMD5dID8gcGFyc2VfYXJn
cysweDE4OS8weDI0NwpbICAgIDIuMjMzMDk1XSAgWzxmZmZmZmZmZjg0MThhZWQxPl0ga2Vy
bmVsX2luaXRfZnJlZWFibGUrMHgxNWUvMHgxZGYKWyAgICAyLjIzNDUxMl0gIFs8ZmZmZmZm
ZmY4NDE4YTcyOT5dID8gZG9fZWFybHlfcGFyYW0rMHg4OC8weDg4ClsgICAgMi4yMzU4NzRd
ICBbPGZmZmZmZmZmODJjNDFiZTc+XSA/IHJlc3RfaW5pdCsweGRiLzB4ZGIKWyAgICAyLjIz
NzMxNV0gIFs8ZmZmZmZmZmY4MmM0MWJmNT5dIGtlcm5lbF9pbml0KzB4ZS8weGRiClsgICAg
Mi4yMzg2NjldICBbPGZmZmZmZmZmODJjODMwMmM+XSByZXRfZnJvbV9mb3JrKzB4N2MvMHhi
MApbICAgIDIuMjQwMTA1XSAgWzxmZmZmZmZmZjgyYzQxYmU3Pl0gPyByZXN0X2luaXQrMHhk
Yi8weGRiClsgICAgMi4yNDE0NzJdIE1lbS1JbmZvOgpbICAgIDIuMjQyMjg2XSBOb2RlIDAg
RE1BIHBlci1jcHU6Ci9rZXJuZWwveDg2XzY0LWFsbHllc2RlYmlhbi9iMTk0YjhjZGI4M2Rh
YWZkMjQwNWZiOTAyMTkzYjhlOTA0MTA3NjE0L2RtZXNnLW5mc3Jvb3QtaW5uLTE5OjIwMTMx
MDA4MTg0ODAxOng4Nl82NC1hbGx5ZXNkZWJpYW46My4xMS4wLTA5MjA5LWdiMTk0YjhjOjQy
Ngova2VybmVsL3g4Nl82NC1hbGx5ZXNkZWJpYW4vYjE5NGI4Y2RiODNkYWFmZDI0MDVmYjkw
MjE5M2I4ZTkwNDEwNzYxNC9kbWVzZy1uZnNyb290LWlubi0yMDoyMDEzMTAwODE4NDgwMDp4
ODZfNjQtYWxseWVzZGViaWFuOjMuMTEuMC0wOTIwOS1nYjE5NGI4Yzo0MjYKL2tlcm5lbC94
ODZfNjQtYWxseWVzZGViaWFuL2IxOTRiOGNkYjgzZGFhZmQyNDA1ZmI5MDIxOTNiOGU5MDQx
MDc2MTQvZG1lc2ctbmZzcm9vdC1sa3AtdHQwMi0xMDoyMDEzMTAwODA5MTkwNTp4ODZfNjQt
YWxseWVzZGViaWFuOjMuMTEuMC0wOTIwOS1nYjE5NGI4Yzo0MjYKL2tlcm5lbC94ODZfNjQt
YWxseWVzZGViaWFuL2IxOTRiOGNkYjgzZGFhZmQyNDA1ZmI5MDIxOTNiOGU5MDQxMDc2MTQv
ZG1lc2ctbmZzcm9vdC1yb2FtLTMwOjIwMTMxMDA4MTg0ODA1Ong4Nl82NC1hbGx5ZXNkZWJp
YW46My4xMS4wLTA5MjA5LWdiMTk0YjhjOjQyNgova2VybmVsL3g4Nl82NC1hbGx5ZXNkZWJp
YW4vYjE5NGI4Y2RiODNkYWFmZDI0MDVmYjkwMjE5M2I4ZTkwNDEwNzYxNC9kbWVzZy1uZnNy
b290LXdhaW1lYS01OjIwMTMxMDA5MDI0NDUzOng4Nl82NC1hbGx5ZXNkZWJpYW46My4xMS4w
LTA5MjA5LWdiMTk0YjhjOjQyNgova2VybmVsL3g4Nl82NC1hbGx5ZXNkZWJpYW4vYjE5NGI4
Y2RiODNkYWFmZDI0MDVmYjkwMjE5M2I4ZTkwNDEwNzYxNC9kbWVzZy1xdWFudGFsLWlubi0x
NToyMDEzMTAwODE4NDgwMjp4ODZfNjQtYWxseWVzZGViaWFuOjMuMTEuMC0wOTIwOS1nYjE5
NGI4Yzo0MjYKL2tlcm5lbC94ODZfNjQtYWxseWVzZGViaWFuL2IxOTRiOGNkYjgzZGFhZmQy
NDA1ZmI5MDIxOTNiOGU5MDQxMDc2MTQvZG1lc2ctcXVhbnRhbC1pbm4tMjQ6MjAxMzEwMDgx
ODQ4MDA6eDg2XzY0LWFsbHllc2RlYmlhbjozLjExLjAtMDkyMDktZ2IxOTRiOGM6NDI2Ci9r
ZXJuZWwveDg2XzY0LWFsbHllc2RlYmlhbi9iMTk0YjhjZGI4M2RhYWZkMjQwNWZiOTAyMTkz
YjhlOTA0MTA3NjE0L2RtZXNnLXF1YW50YWwtaW5uLTI4OjIwMTMxMDA4MTg0NzU0Ong4Nl82
NC1hbGx5ZXNkZWJpYW46My4xMS4wLTA5MjA5LWdiMTk0YjhjOjQyNgova2VybmVsL3g4Nl82
NC1hbGx5ZXNkZWJpYW4vYjE5NGI4Y2RiODNkYWFmZDI0MDVmYjkwMjE5M2I4ZTkwNDEwNzYx
NC9kbWVzZy1xdWFudGFsLWlubi0yOToyMDEzMTAwODE4NDc1NDp4ODZfNjQtYWxseWVzZGVi
aWFuOjMuMTEuMC0wOTIwOS1nYjE5NGI4Yzo0MjYKL2tlcm5lbC94ODZfNjQtYWxseWVzZGVi
aWFuL2IxOTRiOGNkYjgzZGFhZmQyNDA1ZmI5MDIxOTNiOGU5MDQxMDc2MTQvZG1lc2ctcXVh
bnRhbC1pbm4tNDc6MjAxMzEwMDgxODQ3NTU6eDg2XzY0LWFsbHllc2RlYmlhbjozLjExLjAt
MDkyMDktZ2IxOTRiOGM6NDI2Ci9rZXJuZWwveDg2XzY0LWFsbHllc2RlYmlhbi9iMTk0Yjhj
ZGI4M2RhYWZkMjQwNWZiOTAyMTkzYjhlOTA0MTA3NjE0L2RtZXNnLXF1YW50YWwtamFrZXRv
d24tNjoyMDEzMTAwODE4NDgwOTp4ODZfNjQtYWxseWVzZGViaWFuOjMuMTEuMC0wOTIwOS1n
YjE5NGI4Yzo0MjYKL2tlcm5lbC94ODZfNjQtYWxseWVzZGViaWFuL2IxOTRiOGNkYjgzZGFh
ZmQyNDA1ZmI5MDIxOTNiOGU5MDQxMDc2MTQvZG1lc2ctcXVhbnRhbC1zdG9ha2xleS00OjIw
MTMxMDA4MTg0ODAzOng4Nl82NC1hbGx5ZXNkZWJpYW46My4xMS4wLTA5MjA5LWdiMTk0Yjhj
OjQyNgova2VybmVsL3g4Nl82NC1hbGx5ZXNkZWJpYW4vYjE5NGI4Y2RiODNkYWFmZDI0MDVm
YjkwMjE5M2I4ZTkwNDEwNzYxNC9kbWVzZy15b2N0by1pbm4tMjM6MjAxMzEwMDgxODQ4MDA6
eDg2XzY0LWFsbHllc2RlYmlhbjozLjExLjAtMDkyMDktZ2IxOTRiOGM6NDI2Ci9rZXJuZWwv
eDg2XzY0LWFsbHllc2RlYmlhbi9iMTk0YjhjZGI4M2RhYWZkMjQwNWZiOTAyMTkzYjhlOTA0
MTA3NjE0L2RtZXNnLXlvY3RvLWlubi0zOjIwMTMxMDA4MTg0ODAxOng4Nl82NC1hbGx5ZXNk
ZWJpYW46My4xMS4wLTA5MjA5LWdiMTk0YjhjOjQyNgova2VybmVsL3g4Nl82NC1hbGx5ZXNk
ZWJpYW4vYjE5NGI4Y2RiODNkYWFmZDI0MDVmYjkwMjE5M2I4ZTkwNDEwNzYxNC9kbWVzZy15
b2N0by1qYWtldG93bi0yMzoyMDEzMTAwODE4NDgxMDp4ODZfNjQtYWxseWVzZGViaWFuOjMu
MTEuMC0wOTIwOS1nYjE5NGI4Yzo0MjYKL2tlcm5lbC94ODZfNjQtYWxseWVzZGViaWFuL2Ix
OTRiOGNkYjgzZGFhZmQyNDA1ZmI5MDIxOTNiOGU5MDQxMDc2MTQvZG1lc2cteW9jdG8tamFr
ZXRvd24tMjY6MjAxMzEwMDgxODQ4MDY6eDg2XzY0LWFsbHllc2RlYmlhbjozLjExLjAtMDky
MDktZ2IxOTRiOGM6NDI2Ci9rZXJuZWwveDg2XzY0LWFsbHllc2RlYmlhbi9iMTk0YjhjZGI4
M2RhYWZkMjQwNWZiOTAyMTkzYjhlOTA0MTA3NjE0L2RtZXNnLXlvY3RvLWpha2V0b3duLTI4
OjIwMTMxMDA4MTg0ODA3Ong4Nl82NC1hbGx5ZXNkZWJpYW46My4xMS4wLTA5MjA5LWdiMTk0
YjhjOjQyNgova2VybmVsL3g4Nl82NC1hbGx5ZXNkZWJpYW4vYjE5NGI4Y2RiODNkYWFmZDI0
MDVmYjkwMjE5M2I4ZTkwNDEwNzYxNC9kbWVzZy15b2N0by1sa3AtdHQwMi00OjIwMTMxMDA4
MDkxOTAzOng4Nl82NC1hbGx5ZXNkZWJpYW46My4xMS4wLTA5MjA5LWdiMTk0YjhjOjQyNgov
a2VybmVsL3g4Nl82NC1hbGx5ZXNkZWJpYW4vYjE5NGI4Y2RiODNkYWFmZDI0MDVmYjkwMjE5
M2I4ZTkwNDEwNzYxNC9kbWVzZy15b2N0by1sa3AtdHQwMi01OjIwMTMxMDA4MDkxOTEwOng4
Nl82NC1hbGx5ZXNkZWJpYW46My4xMS4wLTA5MjA5LWdiMTk0YjhjOjQyNgova2VybmVsL3g4
Nl82NC1hbGx5ZXNkZWJpYW4vYjE5NGI4Y2RiODNkYWFmZDI0MDVmYjkwMjE5M2I4ZTkwNDEw
NzYxNC9kbWVzZy15b2N0by1sa3AtdHQwMi04OjIwMTMxMDA4MDkxOTA0Ong4Nl82NC1hbGx5
ZXNkZWJpYW46My4xMS4wLTA5MjA5LWdiMTk0YjhjOjQyNgowOjIwOjE3IGFsbF9nb29kOmJh
ZDphbGxfYmFkIGJvb3RzCgpCaXNlY3Rpbmc6IDEwIHJldmlzaW9ucyBsZWZ0IHRvIHRlc3Qg
YWZ0ZXIgdGhpcyAocm91Z2hseSAzIHN0ZXBzKQpbNGMzYmZmYzI3Mjc1NWM5ODcyOGMyYjU4
YjFhODE0OGNmOWU5ZmQxZl0gbW0vYmFja2luZy1kZXYuYzogY2hlY2sgdXNlciBidWZmZXIg
bGVuZ3RoIGJlZm9yZSBjb3B5aW5nIGRhdGEgdG8gdGhlIHJlbGF0ZWQgdXNlciBidWZmZXIK
cnVubmluZyAvYy9rZXJuZWwtdGVzdHMvYmlzZWN0LXRlc3QtYm9vdC1mYWlsdXJlLnNoIC9o
b21lL3dmZy9tbS9vYmotYmlzZWN0CmxzIC1hIC9rZXJuZWwtdGVzdHMvcnVuLXF1ZXVlL2t2
bS94ODZfNjQtYWxseWVzZGViaWFuL2xpbnVzOm1hc3Rlcjo0YzNiZmZjMjcyNzU1Yzk4NzI4
YzJiNThiMWE4MTQ4Y2Y5ZTlmZDFmOmJpc2VjdC1tbQoKMjAxMy0xMC0wOC0xODo0OToxOCA0
YzNiZmZjMjcyNzU1Yzk4NzI4YzJiNThiMWE4MTQ4Y2Y5ZTlmZDFmIGNvbXBpbGluZwo3NTQg
cmVhbCAgNDk0NSB1c2VyICA0MzUgc3lzICA3MTMuNjMlIGNwdSAJeDg2XzY0LWFsbHllc2Rl
YmlhbgoKMjAxMy0xMC0wOC0xOTowMjoxOCBkZXRlY3RpbmcgYm9vdCBzdGF0ZSAzLjExLjAt
MDkxOTgtZzRjM2JmZmMuIFRFU1QgRkFJTFVSRQpbICAgIDEuNzQ1MzQ1XSBwY2kgMDAwMDow
MDowMi4wOiBCb290IHZpZGVvIGRldmljZQpbICAgIDEuNzQ3Mjc4XSBQQ0k6IENMUyAwIGJ5
dGVzLCBkZWZhdWx0IDY0ClsgICAgMi4wODg5ODFdIHN3YXBwZXIvMCBpbnZva2VkIG9vbS1r
aWxsZXI6IGdmcF9tYXNrPTB4MjAwMGQwLCBvcmRlcj0xLCBvb21fc2NvcmVfYWRqPTAKWyAg
ICAyLjA5MTM0Nl0gc3dhcHBlci8wIGNwdXNldD0vIG1lbXNfYWxsb3dlZD0wClsgICAgMi4w
OTI2MjddIENQVTogMSBQSUQ6IDEgQ29tbTogc3dhcHBlci8wIE5vdCB0YWludGVkIDMuMTEu
MC0wOTE5OC1nNGMzYmZmYyAjNDI3ClsgICAgMi4wOTQ3ODBdIEhhcmR3YXJlIG5hbWU6IEJv
Y2hzIEJvY2hzLCBCSU9TIEJvY2hzIDAxLzAxLzIwMTEKWyAgICAyLjA5NjMyNl0gIDAwMDAw
MDAwMDAwMDAwMDIgZmZmZjg4MDAxZWY3OWIxOCBmZmZmZmZmZjgyYzU1ODJkIGZmZmY4ODAw
MWVmNzQwNDAKWyAgICAyLjA5OTAwOV0gIGZmZmY4ODAwMWVmNzliOTggZmZmZmZmZmY4MmM0
ZGNiNiBmZmZmZmZmZjgzYzU0NTgwIGZmZmY4ODAwMWVmNzliNTAKWyAgICAyLjEwMTc2Ml0g
IGZmZmZmZmZmODEwZWUwNmUgMDAwMDAwMDAwMDAwMjgyMSAwMDAwMDAwMDAwMDAwMjQ2IGZm
ZmY4ODAwMWVmNzliODgKWyAgICAyLjEwNDQyN10gQ2FsbCBUcmFjZToKWyAgICAyLjEwNTM2
Ml0gIFs8ZmZmZmZmZmY4MmM1NTgyZD5dIGR1bXBfc3RhY2srMHg1NC8weDc0ClsgICAgMi4x
MDY3NDBdICBbPGZmZmZmZmZmODJjNGRjYjY+XSBkdW1wX2hlYWRlci5pc3JhLjEwKzB4N2Ev
MHgxYmEKWyAgICAyLjEwODM1N10gIFs8ZmZmZmZmZmY4MTBlZTA2ZT5dID8gbG9ja19yZWxl
YXNlX2hvbGR0aW1lLnBhcnQuMjcrMHg0Yy8weDUwClsgICAgMi4xMTAxOTddICBbPGZmZmZm
ZmZmODEwZjFhYzU+XSA/IGxvY2tfcmVsZWFzZSsweDE4OS8weDFkMQpbICAgIDIuMTExNzE5
XSAgWzxmZmZmZmZmZjgxMTUyZGRkPl0gb3V0X29mX21lbW9yeSsweDM5ZS8weDNlZQpbICAg
IDIuMTEzMzAyXSAgWzxmZmZmZmZmZjgxMTU3NzJhPl0gX19hbGxvY19wYWdlc19ub2RlbWFz
aysweDY2OC8weDdkZQpbICAgIDIuMTE0OTkwXSAgWzxmZmZmZmZmZjgxMThkZWRmPl0ga21l
bV9nZXRwYWdlcysweDc1LzB4MTZjClsgICAgMi4xMTY1MTRdICBbPGZmZmZmZmZmODExOTAw
YWM+XSBmYWxsYmFja19hbGxvYysweDEyYy8weDFlYQpbICAgIDIuMTE4MDQzXSAgWzxmZmZm
ZmZmZjgxMGVkYTUwPl0gPyB0cmFjZV9oYXJkaXJxc19vZmYrMHhkLzB4ZgpbICAgIDIuMTE5
NDUyXSAgWzxmZmZmZmZmZjgxMThmZjcxPl0gX19fX2NhY2hlX2FsbG9jX25vZGUrMHgxNGEv
MHgxNTkKWyAgICAyLjEyMTE2OF0gIFs8ZmZmZmZmZmY4MTE5MDg5ZD5dIF9fa21hbGxvYysw
eDk1LzB4MTJkClsgICAgMi4xMjI1MzldICBbPGZmZmZmZmZmODE3MDE4OTg+XSA/IGt6YWxs
b2MuY29uc3Rwcm9wLjE2KzB4ZS8weDEwClsgICAgMi4xMjQyMDRdICBbPGZmZmZmZmZmODE3
MDE4OTg+XSBremFsbG9jLmNvbnN0cHJvcC4xNisweGUvMHgxMApbICAgIDIuMTI1NzU1XSAg
WzxmZmZmZmZmZjgxNzAzMDBiPl0gZG1hX2RlYnVnX2luaXQrMHgxZTMvMHgyOGUKWyAgICAy
LjEyNzI1OV0gIFs8ZmZmZmZmZmY4NDE5NzMyOT5dIHBjaV9pb21tdV9pbml0KzB4MTYvMHg1
MgpbICAgIDIuMTI4ODE1XSAgWzxmZmZmZmZmZjg0MTk3MzEzPl0gPyBpb21tdV9zZXR1cCsw
eDI3ZC8weDI3ZApbICAgIDIuMTMwMzQ0XSAgWzxmZmZmZmZmZjgxMDAyMGQyPl0gZG9fb25l
X2luaXRjYWxsKzB4OTMvMHgxMzcKWyAgICAyLjEzMTg1OV0gIFs8ZmZmZmZmZmY4MTBiZDMw
MD5dID8gcGFyYW1lcSsweGQvMHgyNApbICAgIDIuMTMzMjQ1XSAgWzxmZmZmZmZmZjgxMGJk
NGEwPl0gPyBwYXJzZV9hcmdzKzB4MTg5LzB4MjQ3ClsgICAgMi4xMzQ3MTRdICBbPGZmZmZm
ZmZmODQxOGFlZDE+XSBrZXJuZWxfaW5pdF9mcmVlYWJsZSsweDE1ZS8weDFkZgpbICAgIDIu
MTM2MzMzXSAgWzxmZmZmZmZmZjg0MThhNzI5Pl0gPyBkb19lYXJseV9wYXJhbSsweDg4LzB4
ODgKWyAgICAyLjEzNzc3MF0gIFs8ZmZmZmZmZmY4MmM0MWI2Nz5dID8gcmVzdF9pbml0KzB4
ZGIvMHhkYgpbICAgIDIuMTM5MTY2XSAgWzxmZmZmZmZmZjgyYzQxYjc1Pl0ga2VybmVsX2lu
aXQrMHhlLzB4ZGIKWyAgICAyLjE0MDcxOF0gIFs8ZmZmZmZmZmY4MmM4MmVhYz5dIHJldF9m
cm9tX2ZvcmsrMHg3Yy8weGIwClsgICAgMi4xNDIxNzJdICBbPGZmZmZmZmZmODJjNDFiNjc+
XSA/IHJlc3RfaW5pdCsweGRiLzB4ZGIKWyAgICAyLjE0MzYwNl0gTWVtLUluZm86ClsgICAg
Mi4xNDQ1MDRdIE5vZGUgMCBETUEgcGVyLWNwdToKL2tlcm5lbC94ODZfNjQtYWxseWVzZGVi
aWFuLzRjM2JmZmMyNzI3NTVjOTg3MjhjMmI1OGIxYTgxNDhjZjllOWZkMWYvZG1lc2ctbmZz
cm9vdC13YWltZWEtMToyMDEzMTAwOTAyNTkyNDp4ODZfNjQtYWxseWVzZGViaWFuOjMuMTEu
MC0wOTE5OC1nNGMzYmZmYzo0MjcKL2tlcm5lbC94ODZfNjQtYWxseWVzZGViaWFuLzRjM2Jm
ZmMyNzI3NTVjOTg3MjhjMmI1OGIxYTgxNDhjZjllOWZkMWYvZG1lc2ctbmZzcm9vdC13YWlt
ZWEtNDoyMDEzMTAwOTAyNTkyMTp4ODZfNjQtYWxseWVzZGViaWFuOjMuMTEuMC0wOTE5OC1n
NGMzYmZmYzo0MjcKL2tlcm5lbC94ODZfNjQtYWxseWVzZGViaWFuLzRjM2JmZmMyNzI3NTVj
OTg3MjhjMmI1OGIxYTgxNDhjZjllOWZkMWYvZG1lc2ctcXVhbnRhbC14cHMtMjoyMDEzMTAw
OTAyNTg1MDp4ODZfNjQtYWxseWVzZGViaWFuOjMuMTEuMC0wOTE5OC1nNGMzYmZmYzo0MjcK
L2tlcm5lbC94ODZfNjQtYWxseWVzZGViaWFuLzRjM2JmZmMyNzI3NTVjOTg3MjhjMmI1OGIx
YTgxNDhjZjllOWZkMWYvZG1lc2ctbmZzcm9vdC1pbm4tMToyMDEzMTAwODE5MDIzMTp4ODZf
NjQtYWxseWVzZGViaWFuOjMuMTEuMC0wOTE5OC1nNGMzYmZmYzo0MjcKL2tlcm5lbC94ODZf
NjQtYWxseWVzZGViaWFuLzRjM2JmZmMyNzI3NTVjOTg3MjhjMmI1OGIxYTgxNDhjZjllOWZk
MWYvZG1lc2ctbmZzcm9vdC13YWltZWEtNDoyMDEzMTAwOTAyNTkzMTp4ODZfNjQtYWxseWVz
ZGViaWFuOjMuMTEuMC0wOTE5OC1nNGMzYmZmYzo0MjcKL2tlcm5lbC94ODZfNjQtYWxseWVz
ZGViaWFuLzRjM2JmZmMyNzI3NTVjOTg3MjhjMmI1OGIxYTgxNDhjZjllOWZkMWYvZG1lc2ct
bmZzcm9vdC13YWltZWEtOToyMDEzMTAwOTAyNTkyOTp4ODZfNjQtYWxseWVzZGViaWFuOjMu
MTEuMC0wOTE5OC1nNGMzYmZmYzo0MjcKL2tlcm5lbC94ODZfNjQtYWxseWVzZGViaWFuLzRj
M2JmZmMyNzI3NTVjOTg3MjhjMmI1OGIxYTgxNDhjZjllOWZkMWYvZG1lc2ctcXVhbnRhbC1j
YWlyby00MDoyMDEzMTAwODE5MDIzNjp4ODZfNjQtYWxseWVzZGViaWFuOjMuMTEuMC0wOTE5
OC1nNGMzYmZmYzo0MjcKL2tlcm5lbC94ODZfNjQtYWxseWVzZGViaWFuLzRjM2JmZmMyNzI3
NTVjOTg3MjhjMmI1OGIxYTgxNDhjZjllOWZkMWYvZG1lc2ctcXVhbnRhbC1pbm4tMjU6MjAx
MzEwMDgxOTAyMzM6eDg2XzY0LWFsbHllc2RlYmlhbjozLjExLjAtMDkxOTgtZzRjM2JmZmM6
NDI3Ci9rZXJuZWwveDg2XzY0LWFsbHllc2RlYmlhbi80YzNiZmZjMjcyNzU1Yzk4NzI4YzJi
NThiMWE4MTQ4Y2Y5ZTlmZDFmL2RtZXNnLXF1YW50YWwtbGtwLXN0MDEtMzoyMDEzMTAwODE5
MDIzNDp4ODZfNjQtYWxseWVzZGViaWFuOjMuMTEuMC0wOTE5OC1nNGMzYmZmYzo0MjcKL2tl
cm5lbC94ODZfNjQtYWxseWVzZGViaWFuLzRjM2JmZmMyNzI3NTVjOTg3MjhjMmI1OGIxYTgx
NDhjZjllOWZkMWYvZG1lc2ctcXVhbnRhbC1sa3AtdHQwMi0yMToyMDEzMTAwODA5MzMzNjp4
ODZfNjQtYWxseWVzZGViaWFuOjMuMTEuMC0wOTE5OC1nNGMzYmZmYzo0MjcKL2tlcm5lbC94
ODZfNjQtYWxseWVzZGViaWFuLzRjM2JmZmMyNzI3NTVjOTg3MjhjMmI1OGIxYTgxNDhjZjll
OWZkMWYvZG1lc2cteW9jdG8tYmVucy0xOjIwMTMxMDA4MTkwMjM2Ong4Nl82NC1hbGx5ZXNk
ZWJpYW46My4xMS4wLTA5MTk4LWc0YzNiZmZjOjQyNwova2VybmVsL3g4Nl82NC1hbGx5ZXNk
ZWJpYW4vNGMzYmZmYzI3Mjc1NWM5ODcyOGMyYjU4YjFhODE0OGNmOWU5ZmQxZi9kbWVzZy15
b2N0by1jYWlyby00ODoyMDEzMTAwODE5MDIzNjp4ODZfNjQtYWxseWVzZGViaWFuOjMuMTEu
MC0wOTE5OC1nNGMzYmZmYzo0MjcKL2tlcm5lbC94ODZfNjQtYWxseWVzZGViaWFuLzRjM2Jm
ZmMyNzI3NTVjOTg3MjhjMmI1OGIxYTgxNDhjZjllOWZkMWYvZG1lc2cteW9jdG8tbGtwLXR0
MDItMjE6MjAxMzEwMDgwOTMzMzY6eDg2XzY0LWFsbHllc2RlYmlhbjozLjExLjAtMDkxOTgt
ZzRjM2JmZmM6NDI3Ci9rZXJuZWwveDg2XzY0LWFsbHllc2RlYmlhbi80YzNiZmZjMjcyNzU1
Yzk4NzI4YzJiNThiMWE4MTQ4Y2Y5ZTlmZDFmL2RtZXNnLW5mc3Jvb3Qtd2FpbWVhLTE6MjAx
MzEwMDkwMjU5MzM6eDg2XzY0LWFsbHllc2RlYmlhbjozLjExLjAtMDkxOTgtZzRjM2JmZmM6
NDI3Ci9rZXJuZWwveDg2XzY0LWFsbHllc2RlYmlhbi80YzNiZmZjMjcyNzU1Yzk4NzI4YzJi
NThiMWE4MTQ4Y2Y5ZTlmZDFmL2RtZXNnLXlvY3RvLXN0b2FrbGV5LTI6MjAxMzEwMDgxOTAy
NDA6eDg2XzY0LWFsbHllc2RlYmlhbjozLjExLjAtMDkxOTgtZzRjM2JmZmM6NDI3Ci9rZXJu
ZWwveDg2XzY0LWFsbHllc2RlYmlhbi80YzNiZmZjMjcyNzU1Yzk4NzI4YzJiNThiMWE4MTQ4
Y2Y5ZTlmZDFmL2RtZXNnLXlvY3RvLWxrcC1zdDAxLTk6MjAxMzEwMDgxOTAyNDE6eDg2XzY0
LWFsbHllc2RlYmlhbjozLjExLjAtMDkxOTgtZzRjM2JmZmM6NDI3Ci9rZXJuZWwveDg2XzY0
LWFsbHllc2RlYmlhbi80YzNiZmZjMjcyNzU1Yzk4NzI4YzJiNThiMWE4MTQ4Y2Y5ZTlmZDFm
L2RtZXNnLXlvY3RvLWlubi0xNzoyMDEzMTAwODE5MDI0NDp4ODZfNjQtYWxseWVzZGViaWFu
OjMuMTEuMC0wOTE5OC1nNGMzYmZmYzo0MjcKMDoxNzoxNyBhbGxfZ29vZDpiYWQ6YWxsX2Jh
ZCBib290cwobWzE7MzVtUkVQRUFUIENPVU5UOiAyMCAgIyAvY2Mvd2ZnL21tLWJpc2VjdC8u
cmVwZWF0G1swbQoKQmlzZWN0aW5nOiA0IHJldmlzaW9ucyBsZWZ0IHRvIHRlc3QgYWZ0ZXIg
dGhpcyAocm91Z2hseSAyIHN0ZXBzKQpbNmU1NDNkNTc4MGUzNmZmNWVlNTZjNDRkN2UyZTMw
ZGIzNDU3YTdlZF0gbW06IHZtc2NhbjogZml4IGRvX3RyeV90b19mcmVlX3BhZ2VzKCkgbGl2
ZWxvY2sKcnVubmluZyAvYy9rZXJuZWwtdGVzdHMvYmlzZWN0LXRlc3QtYm9vdC1mYWlsdXJl
LnNoIC9ob21lL3dmZy9tbS9vYmotYmlzZWN0CmxzIC1hIC9rZXJuZWwtdGVzdHMvcnVuLXF1
ZXVlL2t2bS94ODZfNjQtYWxseWVzZGViaWFuL2xpbnVzOm1hc3Rlcjo2ZTU0M2Q1NzgwZTM2
ZmY1ZWU1NmM0NGQ3ZTJlMzBkYjM0NTdhN2VkOmJpc2VjdC1tbQoKMjAxMy0xMC0wOC0xOTow
Mjo1MyA2ZTU0M2Q1NzgwZTM2ZmY1ZWU1NmM0NGQ3ZTJlMzBkYjM0NTdhN2VkIGNvbXBpbGlu
ZwoyMDcgcmVhbCAgMTEzMSB1c2VyICA5MCBzeXMgIDU4OC4wOCUgY3B1IAl4ODZfNjQtYWxs
eWVzZGViaWFuCgoyMDEzLTEwLTA4LTE5OjA4OjQyIGRldGVjdGluZyBib290IHN0YXRlIDMu
MTEuMC0wOTE5My1nNmU1NDNkNS4gVEVTVCBGQUlMVVJFClsgICAgNC40NjUzNDddIHBjaSAw
MDAwOjAwOjAyLjA6IEJvb3QgdmlkZW8gZGV2aWNlClsgICAgNC40NjY4NDFdIFBDSTogQ0xT
IDAgYnl0ZXMsIGRlZmF1bHQgNjQKWyAgICA1LjAxMDIwMl0gc3dhcHBlci8wIGludm9rZWQg
b29tLWtpbGxlcjogZ2ZwX21hc2s9MHgyMDAwZDAsIG9yZGVyPTEsIG9vbV9zY29yZV9hZGo9
MApbICAgIDUuMDEyNzUzXSBzd2FwcGVyLzAgY3B1c2V0PS8gbWVtc19hbGxvd2VkPTAKWyAg
ICA1LjAxNDEyMV0gQ1BVOiAxIFBJRDogMSBDb21tOiBzd2FwcGVyLzAgTm90IHRhaW50ZWQg
My4xMS4wLTA5MTkzLWc2ZTU0M2Q1ICM0MjgKWyAgICA1LjAxNjUwNF0gSGFyZHdhcmUgbmFt
ZTogQm9jaHMgQm9jaHMsIEJJT1MgQm9jaHMgMDEvMDEvMjAxMQpbICAgIDUuMDE4MTg0XSAg
MDAwMDAwMDAwMDAwMDAwMiBmZmZmODgwMDFlZjc5YjE4IGZmZmZmZmZmODJjNTU4MmQgZmZm
Zjg4MDAxZWY3NDA0MApbICAgIDUuMDIxMTI0XSAgZmZmZjg4MDAxZWY3OWI5OCBmZmZmZmZm
ZjgyYzRkY2I2IGZmZmZmZmZmODNjNTQ1ODAgZmZmZjg4MDAxZWY3OWI1MApbICAgIDUuMDI0
MTUzXSAgZmZmZmZmZmY4MTBlZTA2ZSAwMDAwMDAwMDAwMDAxYTNhIDAwMDAwMDAwMDAwMDAy
NDYgZmZmZjg4MDAxZWY3OWI4OApbICAgIDUuMDI3MDEyXSBDYWxsIFRyYWNlOgpbICAgIDUu
MDI3OTgwXSAgWzxmZmZmZmZmZjgyYzU1ODJkPl0gZHVtcF9zdGFjaysweDU0LzB4NzQKWyAg
ICA1LjAyOTU0NF0gIFs8ZmZmZmZmZmY4MmM0ZGNiNj5dIGR1bXBfaGVhZGVyLmlzcmEuMTAr
MHg3YS8weDFiYQpbICAgIDUuMDMxMjY3XSAgWzxmZmZmZmZmZjgxMGVlMDZlPl0gPyBsb2Nr
X3JlbGVhc2VfaG9sZHRpbWUucGFydC4yNysweDRjLzB4NTAKWyAgICA1LjAzNDAxOV0gIFs8
ZmZmZmZmZmY4MTBmMWFjNT5dID8gbG9ja19yZWxlYXNlKzB4MTg5LzB4MWQxClsgICAgNS4w
MzU2NDRdICBbPGZmZmZmZmZmODExNTJkZGQ+XSBvdXRfb2ZfbWVtb3J5KzB4MzllLzB4M2Vl
ClsgICAgNS4wMzczMjVdICBbPGZmZmZmZmZmODExNTc3MmE+XSBfX2FsbG9jX3BhZ2VzX25v
ZGVtYXNrKzB4NjY4LzB4N2RlClsgICAgNS4wMzkxMTddICBbPGZmZmZmZmZmODExOGRlYzQ+
XSBrbWVtX2dldHBhZ2VzKzB4NzUvMHgxNmMKWyAgICA1LjA0MDc2MF0gIFs8ZmZmZmZmZmY4
MTE5MDA5MT5dIGZhbGxiYWNrX2FsbG9jKzB4MTJjLzB4MWVhClsgICAgNS4wNDI0OTFdICBb
PGZmZmZmZmZmODEwZWRhNTA+XSA/IHRyYWNlX2hhcmRpcnFzX29mZisweGQvMHhmClsgICAg
NS4wNDQyNThdICBbPGZmZmZmZmZmODExOGZmNTY+XSBfX19fY2FjaGVfYWxsb2Nfbm9kZSsw
eDE0YS8weDE1OQpbICAgIDUuMDQ2MDYzXSAgWzxmZmZmZmZmZjgxMTkwODgyPl0gX19rbWFs
bG9jKzB4OTUvMHgxMmQKWyAgICA1LjA0NzU3N10gIFs8ZmZmZmZmZmY4MTcwMTg5OD5dID8g
a3phbGxvYy5jb25zdHByb3AuMTYrMHhlLzB4MTAKWyAgICA1LjA0OTM2OV0gIFs8ZmZmZmZm
ZmY4MTcwMTg5OD5dIGt6YWxsb2MuY29uc3Rwcm9wLjE2KzB4ZS8weDEwClsgICAgNS4wNTEw
NTNdICBbPGZmZmZmZmZmODE3MDMwMGI+XSBkbWFfZGVidWdfaW5pdCsweDFlMy8weDI4ZQpb
ICAgIDUuMDUyNzY5XSAgWzxmZmZmZmZmZjg0MTk3MzI5Pl0gcGNpX2lvbW11X2luaXQrMHgx
Ni8weDUyClsgICAgNS4wNTQzNzBdICBbPGZmZmZmZmZmODQxOTczMTM+XSA/IGlvbW11X3Nl
dHVwKzB4MjdkLzB4MjdkClsgICAgNS4wNTU5ODZdICBbPGZmZmZmZmZmODEwMDIwZDI+XSBk
b19vbmVfaW5pdGNhbGwrMHg5My8weDEzNwpbICAgIDUuMDU3NjYyXSAgWzxmZmZmZmZmZjgx
MGJkMzAwPl0gPyBwYXJhbWVxKzB4ZC8weDI0ClsgICAgNS4wNTkxNTVdICBbPGZmZmZmZmZm
ODEwYmQ0YTA+XSA/IHBhcnNlX2FyZ3MrMHgxODkvMHgyNDcKWyAgICA1LjA2MDgyOV0gIFs8
ZmZmZmZmZmY4NDE4YWVkMT5dIGtlcm5lbF9pbml0X2ZyZWVhYmxlKzB4MTVlLzB4MWRmClsg
ICAgNS4wNjI2MTBdICBbPGZmZmZmZmZmODQxOGE3Mjk+XSA/IGRvX2Vhcmx5X3BhcmFtKzB4
ODgvMHg4OApbICAgIDUuMDY0Mjc0XSAgWzxmZmZmZmZmZjgyYzQxYjY3Pl0gPyByZXN0X2lu
aXQrMHhkYi8weGRiClsgICAgNS4wNjU4MTRdICBbPGZmZmZmZmZmODJjNDFiNzU+XSBrZXJu
ZWxfaW5pdCsweGUvMHhkYgpbICAgIDUuMDY3MzU2XSAgWzxmZmZmZmZmZjgyYzgyZWFjPl0g
cmV0X2Zyb21fZm9yaysweDdjLzB4YjAKWyAgICA1LjA2ODk5Ml0gIFs8ZmZmZmZmZmY4MmM0
MWI2Nz5dID8gcmVzdF9pbml0KzB4ZGIvMHhkYgpbICAgIDUuMDcwNTU2XSBNZW0tSW5mbzoK
WyAgICA1LjA3MTQ2N10gTm9kZSAwIERNQSBwZXItY3B1Ogova2VybmVsL3g4Nl82NC1hbGx5
ZXNkZWJpYW4vNmU1NDNkNTc4MGUzNmZmNWVlNTZjNDRkN2UyZTMwZGIzNDU3YTdlZC9kbWVz
Zy1uZnNyb290LXdhaW1lYS05OjIwMTMxMDA5MDMwNTM5Ong4Nl82NC1hbGx5ZXNkZWJpYW46
My4xMS4wLTA5MTkzLWc2ZTU0M2Q1OjQyOAova2VybmVsL3g4Nl82NC1hbGx5ZXNkZWJpYW4v
NmU1NDNkNTc4MGUzNmZmNWVlNTZjNDRkN2UyZTMwZGIzNDU3YTdlZC9kbWVzZy1xdWFudGFs
LXdhaW1lYS0xMToyMDEzMTAwOTAzMDU0Mjp4ODZfNjQtYWxseWVzZGViaWFuOjMuMTEuMC0w
OTE5My1nNmU1NDNkNTo0MjgKL2tlcm5lbC94ODZfNjQtYWxseWVzZGViaWFuLzZlNTQzZDU3
ODBlMzZmZjVlZTU2YzQ0ZDdlMmUzMGRiMzQ1N2E3ZWQvZG1lc2cteW9jdG8td2FpbWVhLTM6
MjAxMzEwMDkwMzA1NDI6eDg2XzY0LWFsbHllc2RlYmlhbjozLjExLjAtMDkxOTMtZzZlNTQz
ZDU6NDI4Ci9rZXJuZWwveDg2XzY0LWFsbHllc2RlYmlhbi82ZTU0M2Q1NzgwZTM2ZmY1ZWU1
NmM0NGQ3ZTJlMzBkYjM0NTdhN2VkL2RtZXNnLXF1YW50YWwtd2FpbWVhLTEzOjIwMTMxMDA5
MDMwNTQ1Ong4Nl82NC1hbGx5ZXNkZWJpYW46My4xMS4wLTA5MTkzLWc2ZTU0M2Q1OjQyOAov
a2VybmVsL3g4Nl82NC1hbGx5ZXNkZWJpYW4vNmU1NDNkNTc4MGUzNmZmNWVlNTZjNDRkN2Uy
ZTMwZGIzNDU3YTdlZC9kbWVzZy15b2N0by1uaG00LTM6MjAxMzEwMDgxMTEzNTE6eDg2XzY0
LWFsbHllc2RlYmlhbjozLjExLjAtMDkxOTMtZzZlNTQzZDU6NDI4Ci9rZXJuZWwveDg2XzY0
LWFsbHllc2RlYmlhbi82ZTU0M2Q1NzgwZTM2ZmY1ZWU1NmM0NGQ3ZTJlMzBkYjM0NTdhN2Vk
L2RtZXNnLXlvY3RvLXNuYi0zODoyMDEzMTAwODE5MDg1Mzp4ODZfNjQtYWxseWVzZGViaWFu
OjMuMTEuMC0wOTE5My1nNmU1NDNkNTo0MjgKL2tlcm5lbC94ODZfNjQtYWxseWVzZGViaWFu
LzZlNTQzZDU3ODBlMzZmZjVlZTU2YzQ0ZDdlMmUzMGRiMzQ1N2E3ZWQvZG1lc2ctbmZzcm9v
dC1yb2FtLTEyOjIwMTMxMDA4MTkwODU4Ong4Nl82NC1hbGx5ZXNkZWJpYW46My4xMS4wLTA5
MTkzLWc2ZTU0M2Q1OjQyOAova2VybmVsL3g4Nl82NC1hbGx5ZXNkZWJpYW4vNmU1NDNkNTc4
MGUzNmZmNWVlNTZjNDRkN2UyZTMwZGIzNDU3YTdlZC9kbWVzZy1uZnNyb290LXdhaW1lYS05
OjIwMTMxMDA5MDMwNTQ4Ong4Nl82NC1hbGx5ZXNkZWJpYW46My4xMS4wLTA5MTkzLWc2ZTU0
M2Q1OjQyOAova2VybmVsL3g4Nl82NC1hbGx5ZXNkZWJpYW4vNmU1NDNkNTc4MGUzNmZmNWVl
NTZjNDRkN2UyZTMwZGIzNDU3YTdlZC9kbWVzZy1xdWFudGFsLXdhaW1lYS0xMToyMDEzMTAw
OTAzMDU1NDp4ODZfNjQtYWxseWVzZGViaWFuOjMuMTEuMC0wOTE5My1nNmU1NDNkNTo0MjgK
L2tlcm5lbC94ODZfNjQtYWxseWVzZGViaWFuLzZlNTQzZDU3ODBlMzZmZjVlZTU2YzQ0ZDdl
MmUzMGRiMzQ1N2E3ZWQvZG1lc2ctcXVhbnRhbC14cHMtMzoyMDEzMTAwOTAzMDUxNjp4ODZf
NjQtYWxseWVzZGViaWFuOjMuMTEuMC0wOTE5My1nNmU1NDNkNTo0MjgKL2tlcm5lbC94ODZf
NjQtYWxseWVzZGViaWFuLzZlNTQzZDU3ODBlMzZmZjVlZTU2YzQ0ZDdlMmUzMGRiMzQ1N2E3
ZWQvZG1lc2cteW9jdG8teHBzLTE6MjAxMzEwMDkwMzA1MTc6eDg2XzY0LWFsbHllc2RlYmlh
bjozLjExLjAtMDkxOTMtZzZlNTQzZDU6NDI4Ci9rZXJuZWwveDg2XzY0LWFsbHllc2RlYmlh
bi82ZTU0M2Q1NzgwZTM2ZmY1ZWU1NmM0NGQ3ZTJlMzBkYjM0NTdhN2VkL2RtZXNnLXF1YW50
YWwtYmVucy0zOjIwMTMxMDA4MTkwOTAyOng4Nl82NC1hbGx5ZXNkZWJpYW46My4xMS4wLTA5
MTkzLWc2ZTU0M2Q1OjQyOAova2VybmVsL3g4Nl82NC1hbGx5ZXNkZWJpYW4vNmU1NDNkNTc4
MGUzNmZmNWVlNTZjNDRkN2UyZTMwZGIzNDU3YTdlZC9kbWVzZy1xdWFudGFsLWxrcC1zdDAx
LTE6MjAxMzEwMDgxOTA5MDE6eDg2XzY0LWFsbHllc2RlYmlhbjozLjExLjAtMDkxOTMtZzZl
NTQzZDU6NDI4Ci9rZXJuZWwveDg2XzY0LWFsbHllc2RlYmlhbi82ZTU0M2Q1NzgwZTM2ZmY1
ZWU1NmM0NGQ3ZTJlMzBkYjM0NTdhN2VkL2RtZXNnLXF1YW50YWwtbGtwLXR0MDItMjQ6MjAx
MzEwMDgwOTQwMDI6eDg2XzY0LWFsbHllc2RlYmlhbjozLjExLjAtMDkxOTMtZzZlNTQzZDU6
NDI4CjA6MTQ6MTQgYWxsX2dvb2Q6YmFkOmFsbF9iYWQgYm9vdHMKG1sxOzM1bVJFUEVBVCBD
T1VOVDogMjAgICMgL2NjL3dmZy9tbS1iaXNlY3QvLnJlcGVhdBtbMG0KCkJpc2VjdGluZzog
MiByZXZpc2lvbnMgbGVmdCB0byB0ZXN0IGFmdGVyIHRoaXMgKHJvdWdobHkgMSBzdGVwKQpb
NTZhZmU0NzdkZjNjYmJjZDY1NjY4MmQwMzU1ZWY3ZDllYjhiZGQ4MV0gbW06IG11bmxvY2s6
IGJ5cGFzcyBwZXItY3B1IHB2ZWMgZm9yIHB1dGJhY2tfbHJ1X3BhZ2UKcnVubmluZyAvYy9r
ZXJuZWwtdGVzdHMvYmlzZWN0LXRlc3QtYm9vdC1mYWlsdXJlLnNoIC9ob21lL3dmZy9tbS9v
YmotYmlzZWN0CmxzIC1hIC9rZXJuZWwtdGVzdHMvcnVuLXF1ZXVlL2t2bS94ODZfNjQtYWxs
eWVzZGViaWFuL2xpbnVzOm1hc3Rlcjo1NmFmZTQ3N2RmM2NiYmNkNjU2NjgyZDAzNTVlZjdk
OWViOGJkZDgxOmJpc2VjdC1tbQoKMjAxMy0xMC0wOC0xOTowOToyMCA1NmFmZTQ3N2RmM2Ni
YmNkNjU2NjgyZDAzNTVlZjdkOWViOGJkZDgxIGNvbXBpbGluZwo4OTcgcmVhbCAgNDkwMiB1
c2VyICA0MjYgc3lzICA1OTMuODklIGNwdSAJeDg2XzY0LWFsbHllc2RlYmlhbgoKMjAxMy0x
MC0wOC0xOToyNTozNSBkZXRlY3RpbmcgYm9vdCBzdGF0ZSAzLjExLjAtMDkxOTAtZzU2YWZl
NDcuLi4uLi4uLi4uLi4uLi4uLi4uLgkzCTIwIFNVQ0NFU1MKCkJpc2VjdGluZzogMCByZXZp
c2lvbnMgbGVmdCB0byB0ZXN0IGFmdGVyIHRoaXMgKHJvdWdobHkgMSBzdGVwKQpbN2E4MDEw
Y2QzNjI3M2ZmNWY2ZmVhNTIwMWVmOTIzMmYzMGNlYmJkOV0gbW06IG11bmxvY2s6IG1hbnVh
bCBwdGUgd2FsayBpbiBmYXN0IHBhdGggaW5zdGVhZCBvZiBmb2xsb3dfcGFnZV9tYXNrKCkK
cnVubmluZyAvYy9rZXJuZWwtdGVzdHMvYmlzZWN0LXRlc3QtYm9vdC1mYWlsdXJlLnNoIC9o
b21lL3dmZy9tbS9vYmotYmlzZWN0CmxzIC1hIC9rZXJuZWwtdGVzdHMvcnVuLXF1ZXVlL2t2
bS94ODZfNjQtYWxseWVzZGViaWFuL2xpbnVzOm1hc3Rlcjo3YTgwMTBjZDM2MjczZmY1ZjZm
ZWE1MjAxZWY5MjMyZjMwY2ViYmQ5OmJpc2VjdC1tbQoKMjAxMy0xMC0wOC0xOTozNjozNyA3
YTgwMTBjZDM2MjczZmY1ZjZmZWE1MjAxZWY5MjMyZjMwY2ViYmQ5IGNvbXBpbGluZwo5MTYg
cmVhbCAgNDMzNiB1c2VyICAzNjggc3lzICA1MTMuNDklIGNwdSAJeDg2XzY0LWFsbHllc2Rl
YmlhbgoKMjAxMy0xMC0wOC0xOTo1MjoyNSBkZXRlY3RpbmcgYm9vdCBzdGF0ZSAzLjExLjAt
MDkxOTItZzdhODAxMGMuLi4uLi4uLi4uLi4uLi4uLi4uLgkxNQkxOQkyMCBTVUNDRVNTCgo2
ZTU0M2Q1NzgwZTM2ZmY1ZWU1NmM0NGQ3ZTJlMzBkYjM0NTdhN2VkIGlzIHRoZSBmaXJzdCBi
YWQgY29tbWl0CmNvbW1pdCA2ZTU0M2Q1NzgwZTM2ZmY1ZWU1NmM0NGQ3ZTJlMzBkYjM0NTdh
N2VkCkF1dGhvcjogTGlzYSBEdSA8Y2xkdUBtYXJ2ZWxsLmNvbT4KRGF0ZTogICBXZWQgU2Vw
IDExIDE0OjIyOjM2IDIwMTMgLTA3MDAKCiAgICBtbTogdm1zY2FuOiBmaXggZG9fdHJ5X3Rv
X2ZyZWVfcGFnZXMoKSBsaXZlbG9jawogICAgCiAgICBUaGlzIHBhdGNoIGlzIGJhc2VkIG9u
IEtPU0FLSSdzIHdvcmsgYW5kIEkgYWRkIGEgbGl0dGxlIG1vcmUgZGVzY3JpcHRpb24sCiAg
ICBwbGVhc2UgcmVmZXIgaHR0cHM6Ly9sa21sLm9yZy9sa21sLzIwMTIvNi8xNC83NC4KICAg
IAogICAgQ3VycmVudGx5LCBJIGZvdW5kIHN5c3RlbSBjYW4gZW50ZXIgYSBzdGF0ZSB0aGF0
IHRoZXJlIGFyZSBsb3RzIG9mIGZyZWUKICAgIHBhZ2VzIGluIGEgem9uZSBidXQgb25seSBv
cmRlci0wIGFuZCBvcmRlci0xIHBhZ2VzIHdoaWNoIG1lYW5zIHRoZSB6b25lIGlzCiAgICBo
ZWF2aWx5IGZyYWdtZW50ZWQsIHRoZW4gaGlnaCBvcmRlciBhbGxvY2F0aW9uIGNvdWxkIG1h
a2UgZGlyZWN0IHJlY2xhaW0KICAgIHBhdGgncyBsb25nIHN0YWxsKGV4LCA2MCBzZWNvbmRz
KSBlc3BlY2lhbGx5IGluIG5vIHN3YXAgYW5kIG5vIGNvbXBhY2l0b24KICAgIGVudmlyb21l
bnQuICBUaGlzIHByb2JsZW0gaGFwcGVuZWQgb24gdjMuNCwgYnV0IGl0IHNlZW1zIGlzc3Vl
IHN0aWxsIGxpdmVzCiAgICBpbiBjdXJyZW50IHRyZWUsIHRoZSByZWFzb24gaXMgZG9fdHJ5
X3RvX2ZyZWVfcGFnZXMgZW50ZXIgbGl2ZSBsb2NrOgogICAgCiAgICBrc3dhcGQgd2lsbCBn
byB0byBzbGVlcCBpZiB0aGUgem9uZXMgaGF2ZSBiZWVuIGZ1bGx5IHNjYW5uZWQgYW5kIGFy
