Return-Path: <owner-linux-mm@kvack.org>
Received: from psmtp.com (na3sys010amx130.postini.com [74.125.245.130])
	by kanga.kvack.org (Postfix) with SMTP id 2ACB16B0007
	for <linux-mm@kvack.org>; Sun, 27 Jan 2013 19:04:13 -0500 (EST)
Date: Mon, 28 Jan 2013 08:04:04 +0800
From: Fengguang Wu <fengguang.wu@intel.com>
Subject: [swap lock] INFO: trying to register non-static key.
Message-ID: <20130128000404.GB2911@localhost>
MIME-Version: 1.0
Content-Type: multipart/mixed; boundary="opJtzjQTFsWo+cga"
Content-Disposition: inline
Sender: owner-linux-mm@kvack.org
List-ID: <linux-mm.kvack.org>
To: Shaohua Li <shli@kernel.org>
Cc: Hugh Dickins <hughd@google.com>, Linux Memory Management List <linux-mm@kvack.org>


--opJtzjQTFsWo+cga
Content-Type: text/plain; charset=us-ascii
Content-Disposition: inline

Shaohua,

First bad commit is

commit 51a65898ca3ce5435c809c5046cc949b28690a17
Author: Shaohua Li <shli@kernel.org>
Date:   Thu Jan 24 13:13:50 2013 +1100

    swap: add per-partition lock for swapfile
    
    swap_lock is heavily contended when I test swap to 3 fast SSD (even
    slightly slower than swap to 2 such SSD).  The main contention comes from
    swap_info_get().  This patch tries to fix the gap with adding a new
    per-partition lock.
    
    Global data like nr_swapfiles, total_swap_pages, least_priority and
    swap_list are still protected by swap_lock.
    
    nr_swap_pages is an atomic now, it can be changed without swap_lock.  In
    theory, it's possible get_swap_page() finds no swap pages but actually
    there are free swap pages.  But sounds not a big problem.
    
    Accessing partition specific data (like scan_swap_map and so on) is only
    protected by swap_info_struct.lock.
    
    Changing swap_info_struct.flags need hold swap_lock and
    swap_info_struct.lock, because scan_scan_map() will check it.  read the
    flags is ok with either the locks hold.
    
    If both swap_lock and swap_info_struct.lock must be hold, we always hold
    the former first to avoid deadlock.
    
    swap_entry_free() can change swap_list.  To delete that code, we add a new
    highest_priority_index.  Whenever get_swap_page() is called, we check it.
    If it's valid, we use it.
    
    It's a pity get_swap_page() still holds swap_lock().  But in practice,
    swap_lock() isn't heavily contended in my test with this patch (or I can
    say there are other much more heavier bottlenecks like TLB flush).  And
    BTW, looks get_swap_page() doesn't really need the lock.  We never free
    swap_info[] and we check SWAP_WRITEOK flag.  The only risk without the
    lock is we could swapout to some low priority swap, but we can quickly
    recover after several rounds of swap, so sounds not a big deal to me.  But
    I'd prefer to fix this if it's a real problem.
    
    "swap: make each swap partition have one address_space" improved the
    swapout speed from 1.7G/s to 2G/s.  This patch further improves the speed
    to 2.3G/s, so around 15% improvement.  It's a multi-process test, so TLB
    flush isn't the biggest bottleneck before the patches.
    
    Signed-off-by: Shaohua Li <shli@fusionio.com>
    Cc: Hugh Dickins <hughd@google.com>
    Cc: Rik van Riel <riel@redhat.com>
    Cc: Minchan Kim <minchan.kim@gmail.com>
    Cc: Greg Kroah-Hartman <gregkh@linuxfoundation.org>
    Cc: Seth Jennings <sjenning@linux.vnet.ibm.com>
    Cc: Konrad Rzeszutek Wilk <konrad.wilk@oracle.com>
    Cc: Xiao Guangrong <xiaoguangrong@linux.vnet.ibm.com>
    Cc: Dan Magenheimer <dan.magenheimer@oracle.com>
    Signed-off-by: Andrew Morton <akpm@linux-foundation.org>

[   22.837321] rpc.nfsd (2145) used greatest stack depth: 2704 bytes left
Kernel tests: Boot OK!
[   24.697006] INFO: trying to register non-static key.
[   24.698629] the code is fine but needs lockdep annotation.
[   24.699858] turning off the locking correctness validator.
[   24.700936] Pid: 2301, comm: swapon Not tainted 3.8.0-rc4-07150-gd1b44b0 #505
[   24.700936] Call Trace:
[   24.700936]  [<ffffffff81088e86>] __lock_acquire+0x823/0x8fd
[   24.700936]  [<ffffffff81089b8d>] ? mark_held_locks+0xbe/0xea
[   24.700936]  [<ffffffff81802fa1>] ? mutex_lock_nested+0x2de/0x310
[   24.700936]  [<ffffffff8108949e>] lock_acquire+0xeb/0x13e
[   24.700936]  [<ffffffff8110bbfc>] ? sys_swapon+0x618/0x8d2
[   24.700936]  [<ffffffff81804f35>] _raw_spin_lock+0x45/0x78
[   24.700936]  [<ffffffff8110bbfc>] ? sys_swapon+0x618/0x8d2
[   24.700936]  [<ffffffff8110bbfc>] sys_swapon+0x618/0x8d2
[   24.700936]  [<ffffffff81805f18>] ? retint_swapgs+0x13/0x1b
[   24.700936]  [<ffffffff8180d159>] system_call_fastpath+0x16/0x1b
[   24.714377] Adding 307196k swap on /dev/vda.  Priority:-1 extents:1 across:307196k 
[   24.753049] Unregister pv shared memory for cpu 1

Thanks,
Fengguang

--opJtzjQTFsWo+cga
Content-Type: text/plain; charset=us-ascii
Content-Disposition: attachment; filename="dmesg-kvm-fat-8578-2013-01-24-15-57-01-3.8.0-rc4-07150-gd1b44b0-505"

[    0.000000] Initializing cgroup subsys cpuset
[    0.000000] Initializing cgroup subsys cpu
[    0.000000] Linux version 3.8.0-rc4-07150-gd1b44b0 (kbuild@bee) (gcc version 4.7.2 (Debian 4.7.2-4) ) #505 SMP Thu Jan 24 15:54:58 CST 2013
[    0.000000] Command line: hung_task_panic=1 rcutree.rcu_cpu_stall_timeout=100 branch=next/akpm log_buf_len=8M ignore_loglevel debug sched_debug apic=debug dynamic_printk sysrq_always_enabled panic=10 load_ramdisk=2 prompt_ramdisk=0 console=ttyS0,115200 console=tty0 vga=normal ip=::::kvm::dhcp nfsroot=10.239.97.14:/nfsroot/wfg,tcp,v3,nocto,actimeo=600,nolock,rsize=524288,wsize=524288 rw link=vmlinuz-2013-01-24-15-55-30-next:akpm:d1b44b0-d1b44b0-x86_64-lkp-8-fat BOOT_IMAGE=kernel-tests/kernels/x86_64-lkp/d1b44b0/vmlinuz-3.8.0-rc4-07150-gd1b44b0
[    0.000000] e820: BIOS-provided physical RAM map:
[    0.000000] BIOS-e820: [mem 0x0000000000000000-0x0000000000093bff] usable
[    0.000000] BIOS-e820: [mem 0x0000000000093c00-0x000000000009ffff] reserved
[    0.000000] BIOS-e820: [mem 0x00000000000f0000-0x00000000000fffff] reserved
[    0.000000] BIOS-e820: [mem 0x0000000000100000-0x000000001fffdfff] usable
[    0.000000] BIOS-e820: [mem 0x000000001fffe000-0x000000001fffffff] reserved
[    0.000000] BIOS-e820: [mem 0x00000000feffc000-0x00000000feffffff] reserved
[    0.000000] BIOS-e820: [mem 0x00000000fffc0000-0x00000000ffffffff] reserved
[    0.000000] debug: ignoring loglevel setting.
[    0.000000] NX (Execute Disable) protection: active
[    0.000000] SMBIOS 2.4 present.
[    0.000000] DMI: Bochs Bochs, BIOS Bochs 01/01/2007
[    0.000000] Hypervisor detected: KVM
[    0.000000] e820: update [mem 0x00000000-0x0000ffff] usable ==> reserved
[    0.000000] e820: remove [mem 0x000a0000-0x000fffff] usable
[    0.000000] No AGP bridge found
[    0.000000] e820: last_pfn = 0x1fffe max_arch_pfn = 0x400000000
[    0.000000] MTRR default type: write-back
[    0.000000] MTRR fixed ranges enabled:
[    0.000000]   00000-9FFFF write-back
[    0.000000]   A0000-BFFFF uncachable
[    0.000000]   C0000-FFFFF write-protect
[    0.000000] MTRR variable ranges enabled:
[    0.000000]   0 base 00E0000000 mask FFE0000000 uncachable
[    0.000000]   1 disabled
[    0.000000]   2 disabled
[    0.000000]   3 disabled
[    0.000000]   4 disabled
[    0.000000]   5 disabled
[    0.000000]   6 disabled
[    0.000000]   7 disabled
[    0.000000] x86 PAT enabled: cpu 0, old 0x70406, new 0x7010600070106
[    0.000000] Scan for SMP in [mem 0x00000000-0x000003ff]
[    0.000000] Scan for SMP in [mem 0x0009fc00-0x0009ffff]
[    0.000000] Scan for SMP in [mem 0x000f0000-0x000fffff]
[    0.000000] found SMP MP-table at [mem 0x000fdab0-0x000fdabf] mapped at [ffff8800000fdab0]
[    0.000000]   mpc: fdac0-fdbe4
[    0.000000] initial memory mapped: [mem 0x00000000-0x1fffffff]
[    0.000000] Base memory trampoline at [ffff88000008d000] 8d000 size 24576
[    0.000000] init_memory_mapping: [mem 0x00000000-0x1fffdfff]
[    0.000000]  [mem 0x00000000-0x1fffdfff] page 4k
[    0.000000] kernel direct mapping tables up to 0x1fffdfff @ [mem 0x1fefc000-0x1fffdfff]
[    0.000000] log_buf_len: 8388608
[    0.000000] early log buf free: 127912(97%)
[    0.000000] ACPI: RSDP 00000000000fd920 00014 (v00 BOCHS )
[    0.000000] ACPI: RSDT 000000001fffe550 00038 (v01 BOCHS  BXPCRSDT 00000001 BXPC 00000001)
[    0.000000] ACPI: FACP 000000001fffff80 00074 (v01 BOCHS  BXPCFACP 00000001 BXPC 00000001)
[    0.000000] ACPI: DSDT 000000001fffe590 01121 (v01   BXPC   BXDSDT 00000001 INTL 20100528)
[    0.000000] ACPI: FACS 000000001fffff40 00040
[    0.000000] ACPI: SSDT 000000001ffffe40 000FF (v01 BOCHS  BXPCSSDT 00000001 BXPC 00000001)
[    0.000000] ACPI: APIC 000000001ffffd50 00080 (v01 BOCHS  BXPCAPIC 00000001 BXPC 00000001)
[    0.000000] ACPI: HPET 000000001ffffd10 00038 (v01 BOCHS  BXPCHPET 00000001 BXPC 00000001)
[    0.000000] ACPI: SSDT 000000001ffff6c0 00644 (v01   BXPC BXSSDTPC 00000001 INTL 20100528)
[    0.000000] ACPI: Local APIC address 0xfee00000
[    0.000000] mapped APIC to ffffffffff5fa000 (        fee00000)
[    0.000000] kvm-clock: Using msrs 4b564d01 and 4b564d00
[    0.000000] kvm-clock: cpu 0, msr 0:1fffd001, boot clock
[    0.000000]  [ffffea0000000000-ffffea00007fffff] PMD -> [ffff88001e600000-ffff88001edfffff] on node 0
[    0.000000] Zone ranges:
[    0.000000]   DMA      [mem 0x00010000-0x00ffffff]
[    0.000000]   DMA32    [mem 0x01000000-0xffffffff]
[    0.000000]   Normal   empty
[    0.000000] Movable zone start for each node
[    0.000000] Early memory node ranges
[    0.000000]   node   0: [mem 0x00010000-0x00092fff]
[    0.000000]   node   0: [mem 0x00100000-0x1fffdfff]
[    0.000000] On node 0 totalpages: 130945
[    0.000000]   DMA zone: 64 pages used for memmap
[    0.000000]   DMA zone: 6 pages reserved
[    0.000000]   DMA zone: 3971 pages, LIFO batch:0
[    0.000000]   DMA32 zone: 1984 pages used for memmap
[    0.000000]   DMA32 zone: 126974 pages, LIFO batch:31
[    0.000000] ACPI: PM-Timer IO Port: 0xb008
[    0.000000] ACPI: Local APIC address 0xfee00000
[    0.000000] mapped APIC to ffffffffff5fa000 (        fee00000)
[    0.000000] ACPI: LAPIC (acpi_id[0x00] lapic_id[0x00] enabled)
[    0.000000] ACPI: LAPIC (acpi_id[0x01] lapic_id[0x01] enabled)
[    0.000000] ACPI: LAPIC_NMI (acpi_id[0xff] dfl dfl lint[0x1])
[    0.000000] ACPI: IOAPIC (id[0x02] address[0xfec00000] gsi_base[0])
[    0.000000] IOAPIC[0]: apic_id 2, version 17, address 0xfec00000, GSI 0-23
[    0.000000] ACPI: INT_SRC_OVR (bus 0 bus_irq 0 global_irq 2 dfl dfl)
[    0.000000] Int: type 0, pol 0, trig 0, bus 00, IRQ 00, APIC ID 2, APIC INT 02
[    0.000000] ACPI: INT_SRC_OVR (bus 0 bus_irq 5 global_irq 5 high level)
[    0.000000] Int: type 0, pol 1, trig 3, bus 00, IRQ 05, APIC ID 2, APIC INT 05
[    0.000000] ACPI: INT_SRC_OVR (bus 0 bus_irq 9 global_irq 9 high level)
[    0.000000] Int: type 0, pol 1, trig 3, bus 00, IRQ 09, APIC ID 2, APIC INT 09
[    0.000000] ACPI: INT_SRC_OVR (bus 0 bus_irq 10 global_irq 10 high level)
[    0.000000] Int: type 0, pol 1, trig 3, bus 00, IRQ 0a, APIC ID 2, APIC INT 0a
[    0.000000] ACPI: INT_SRC_OVR (bus 0 bus_irq 11 global_irq 11 high level)
[    0.000000] Int: type 0, pol 1, trig 3, bus 00, IRQ 0b, APIC ID 2, APIC INT 0b
[    0.000000] ACPI: IRQ0 used by override.
[    0.000000] Int: type 0, pol 0, trig 0, bus 00, IRQ 01, APIC ID 2, APIC INT 01
[    0.000000] ACPI: IRQ2 used by override.
[    0.000000] Int: type 0, pol 0, trig 0, bus 00, IRQ 03, APIC ID 2, APIC INT 03
[    0.000000] Int: type 0, pol 0, trig 0, bus 00, IRQ 04, APIC ID 2, APIC INT 04
[    0.000000] ACPI: IRQ5 used by override.
[    0.000000] Int: type 0, pol 0, trig 0, bus 00, IRQ 06, APIC ID 2, APIC INT 06
[    0.000000] Int: type 0, pol 0, trig 0, bus 00, IRQ 07, APIC ID 2, APIC INT 07
[    0.000000] Int: type 0, pol 0, trig 0, bus 00, IRQ 08, APIC ID 2, APIC INT 08
[    0.000000] ACPI: IRQ9 used by override.
[    0.000000] ACPI: IRQ10 used by override.
[    0.000000] ACPI: IRQ11 used by override.
[    0.000000] Int: type 0, pol 0, trig 0, bus 00, IRQ 0c, APIC ID 2, APIC INT 0c
[    0.000000] Int: type 0, pol 0, trig 0, bus 00, IRQ 0d, APIC ID 2, APIC INT 0d
[    0.000000] Int: type 0, pol 0, trig 0, bus 00, IRQ 0e, APIC ID 2, APIC INT 0e
[    0.000000] Int: type 0, pol 0, trig 0, bus 00, IRQ 0f, APIC ID 2, APIC INT 0f
[    0.000000] Using ACPI (MADT) for SMP configuration information
[    0.000000] ACPI: HPET id: 0x8086a201 base: 0xfed00000
[    0.000000] smpboot: Allowing 2 CPUs, 0 hotplug CPUs
[    0.000000] mapped IOAPIC to ffffffffff5f9000 (fec00000)
[    0.000000] nr_irqs_gsi: 40
[    0.000000] PM: Registered nosave memory: 0000000000093000 - 0000000000094000
[    0.000000] PM: Registered nosave memory: 0000000000094000 - 00000000000a0000
[    0.000000] PM: Registered nosave memory: 00000000000a0000 - 00000000000f0000
[    0.000000] PM: Registered nosave memory: 00000000000f0000 - 0000000000100000
[    0.000000] e820: [mem 0x20000000-0xfeffbfff] available for PCI devices
[    0.000000] Booting paravirtualized kernel on KVM
[    0.000000] setup_percpu: NR_CPUS:32 nr_cpumask_bits:32 nr_cpu_ids:2 nr_node_ids:1
[    0.000000] PERCPU: Embedded 476 pages/cpu @ffff88001e200000 s1917760 r8192 d23744 u2097152
[    0.000000] pcpu-alloc: s1917760 r8192 d23744 u2097152 alloc=1*2097152
[    0.000000] pcpu-alloc: [0] 0 [0] 1 
[    0.000000] kvm-clock: cpu 0, msr 0:1fffd001, primary cpu clock
[    0.000000] KVM setup async PF for cpu 0
[    0.000000] kvm-stealtime: cpu 0, msr 1e20d140
[    0.000000] Built 1 zonelists in Zone order, mobility grouping on.  Total pages: 128891
[    0.000000] Kernel command line: hung_task_panic=1 rcutree.rcu_cpu_stall_timeout=100 branch=next/akpm log_buf_len=8M ignore_loglevel debug sched_debug apic=debug dynamic_printk sysrq_always_enabled panic=10 load_ramdisk=2 prompt_ramdisk=0 console=ttyS0,115200 console=tty0 vga=normal ip=::::kvm::dhcp nfsroot=10.239.97.14:/nfsroot/wfg,tcp,v3,nocto,actimeo=600,nolock,rsize=524288,wsize=524288 rw link=vmlinuz-2013-01-24-15-55-30-next:akpm:d1b44b0-d1b44b0-x86_64-lkp-8-fat BOOT_IMAGE=kernel-tests/kernels/x86_64-lkp/d1b44b0/vmlinuz-3.8.0-rc4-07150-gd1b44b0
[    0.000000] sysrq: sysrq always enabled.
[    0.000000] PID hash table entries: 2048 (order: 2, 16384 bytes)
[    0.000000] Dentry cache hash table entries: 65536 (order: 7, 524288 bytes)
[    0.000000] Inode-cache hash table entries: 32768 (order: 6, 262144 bytes)
[    0.000000] __ex_table already sorted, skipping sort
[    0.000000] Checking aperture...
[    0.000000] No AGP bridge found
[    0.000000] Memory: 474408k/524280k available (8260k kernel code, 500k absent, 49372k reserved, 5251k data, 2768k init)
[    0.000000] SLUB: Genslabs=15, HWalign=64, Order=0-3, MinObjects=0, CPUs=2, Nodes=1
[    0.000000] Hierarchical RCU implementation.
[    0.000000] 
[    0.000000] 
[    0.000000] 
[    0.000000] NR_IRQS:4352 nr_irqs:512 16
[    0.000000] Console: colour VGA+ 80x25
[    0.000000] console [tty0] enabled
[    0.000000] console [ttyS0] enabled
[    0.000000] Lock dependency validator: Copyright (c) 2006 Red Hat, Inc., Ingo Molnar
[    0.000000] ... MAX_LOCKDEP_SUBCLASSES:  8
[    0.000000] ... MAX_LOCK_DEPTH:          48
[    0.000000] ... MAX_LOCKDEP_KEYS:        8191
[    0.000000] ... CLASSHASH_SIZE:          4096
[    0.000000] ... MAX_LOCKDEP_ENTRIES:     16384
[    0.000000] ... MAX_LOCKDEP_CHAINS:      32768
[    0.000000] ... CHAINHASH_SIZE:          16384
[    0.000000]  memory used by lock dependency info: 6367 kB
[    0.000000]  per task-struct memory footprint: 2688 bytes
[    0.000000] ------------------------
[    0.000000] | Locking API testsuite:
[    0.000000] ----------------------------------------------------------------------------
[    0.000000]                                  | spin |wlock |rlock |mutex | wsem | rsem |
[    0.000000]   --------------------------------------------------------------------------
[    0.000000]                      A-A deadlock:  ok  |  ok  |  ok  |  ok  |  ok  |  ok  |
[    0.000000]                  A-B-B-A deadlock:  ok  |  ok  |  ok  |  ok  |  ok  |  ok  |
[    0.000000]              A-B-B-C-C-A deadlock:  ok  |  ok  |  ok  |  ok  |  ok  |  ok  |
[    0.000000]              A-B-C-A-B-C deadlock:  ok  |  ok  |  ok  |  ok  |  ok  |  ok  |
[    0.000000]          A-B-B-C-C-D-D-A deadlock:  ok  |  ok  |  ok  |  ok  |  ok  |  ok  |
[    0.000000]          A-B-C-D-B-D-D-A deadlock:  ok  |  ok  |  ok  |  ok  |  ok  |  ok  |
[    0.000000]          A-B-C-D-B-C-D-A deadlock:  ok  |  ok  |  ok  |  ok  |  ok  |  ok  |
[    0.000000]                     double unlock:  ok  |  ok  |  ok  |  ok  |  ok  |  ok  |
[    0.000000]                   initialize held:  ok  |  ok  |  ok  |  ok  |  ok  |  ok  |
[    0.000000]                  bad unlock order:  ok  |  ok  |  ok  |  ok  |  ok  |  ok  |
[    0.000000]   --------------------------------------------------------------------------
[    0.000000]               recursive read-lock:             |  ok  |             |  ok  |
[    0.000000]            recursive read-lock #2:             |  ok  |             |  ok  |
[    0.000000]             mixed read-write-lock:             |  ok  |             |  ok  |
[    0.000000]             mixed write-read-lock:             |  ok  |             |  ok  |
[    0.000000]   --------------------------------------------------------------------------
[    0.000000]      hard-irqs-on + irq-safe-A/12:  ok  |  ok  |  ok  |
[    0.000000]      soft-irqs-on + irq-safe-A/12:  ok  |  ok  |  ok  |
[    0.000000]      hard-irqs-on + irq-safe-A/21:  ok  |  ok  |  ok  |
[    0.000000]      soft-irqs-on + irq-safe-A/21:  ok  |  ok  |  ok  |
[    0.000000]        sirq-safe-A => hirqs-on/12:  ok  |  ok  |  ok  |
[    0.000000]        sirq-safe-A => hirqs-on/21:  ok  |  ok  |  ok  |
[    0.000000]          hard-safe-A + irqs-on/12:  ok  |  ok  |  ok  |
[    0.000000]          soft-safe-A + irqs-on/12:  ok  |  ok  |  ok  |
[    0.000000]          hard-safe-A + irqs-on/21:  ok  |  ok  |  ok  |
[    0.000000]          soft-safe-A + irqs-on/21:  ok  |  ok  |  ok  |
[    0.000000]     hard-safe-A + unsafe-B #1/123:  ok  |  ok  |  ok  |
[    0.000000]     soft-safe-A + unsafe-B #1/123:  ok  |  ok  |  ok  |
[    0.000000]     hard-safe-A + unsafe-B #1/132:  ok  |  ok  |  ok  |
[    0.000000]     soft-safe-A + unsafe-B #1/132:  ok  |  ok  |  ok  |
[    0.000000]     hard-safe-A + unsafe-B #1/213:  ok  |  ok  |  ok  |
[    0.000000]     soft-safe-A + unsafe-B #1/213:  ok  |  ok  |  ok  |
[    0.000000]     hard-safe-A + unsafe-B #1/231:  ok  |  ok  |  ok  |
[    0.000000]     soft-safe-A + unsafe-B #1/231:  ok  |  ok  |  ok  |
[    0.000000]     hard-safe-A + unsafe-B #1/312:  ok  |  ok  |  ok  |
[    0.000000]     soft-safe-A + unsafe-B #1/312:  ok  |  ok  |  ok  |
[    0.000000]     hard-safe-A + unsafe-B #1/321:  ok  |  ok  |  ok  |
[    0.000000]     soft-safe-A + unsafe-B #1/321:  ok  |  ok  |  ok  |
[    0.000000]     hard-safe-A + unsafe-B #2/123:  ok  |  ok  |  ok  |
[    0.000000]     soft-safe-A + unsafe-B #2/123:  ok  |  ok  |  ok  |
[    0.000000]     hard-safe-A + unsafe-B #2/132:  ok  |  ok  |  ok  |
[    0.000000]     soft-safe-A + unsafe-B #2/132:  ok  |  ok  |  ok  |
[    0.000000]     hard-safe-A + unsafe-B #2/213:  ok  |  ok  |  ok  |
[    0.000000]     soft-safe-A + unsafe-B #2/213:  ok  |  ok  |  ok  |
[    0.000000]     hard-safe-A + unsafe-B #2/231:  ok  |  ok  |  ok  |
[    0.000000]     soft-safe-A + unsafe-B #2/231:  ok  |  ok  |  ok  |
[    0.000000]     hard-safe-A + unsafe-B #2/312:  ok  |  ok  |  ok  |
[    0.000000]     soft-safe-A + unsafe-B #2/312:  ok  |  ok  |  ok  |
[    0.000000]     hard-safe-A + unsafe-B #2/321:  ok  |  ok  |  ok  |
[    0.000000]     soft-safe-A + unsafe-B #2/321:  ok  |  ok  |  ok  |
[    0.000000]       hard-irq lock-inversion/123:  ok  |  ok  |  ok  |
[    0.000000]       soft-irq lock-inversion/123:  ok  |  ok  |  ok  |
[    0.000000]       hard-irq lock-inversion/132:  ok  |  ok  |  ok  |
[    0.000000]       soft-irq lock-inversion/132:  ok  |  ok  |  ok  |
[    0.000000]       hard-irq lock-inversion/213:  ok  |  ok  |  ok  |
[    0.000000]       soft-irq lock-inversion/213:  ok  |  ok  |  ok  |
[    0.000000]       hard-irq lock-inversion/231:  ok  |  ok  |  ok  |
[    0.000000]       soft-irq lock-inversion/231:  ok  |  ok  |  ok  |
[    0.000000]       hard-irq lock-inversion/312:  ok  |  ok  |  ok  |
[    0.000000]       soft-irq lock-inversion/312:  ok  |  ok  |  ok  |
[    0.000000]       hard-irq lock-inversion/321:  ok  |  ok  |  ok  |
[    0.000000]       soft-irq lock-inversion/321:  ok  |  ok  |  ok  |
[    0.000000]       hard-irq read-recursion/123:  ok  |
[    0.000000]       soft-irq read-recursion/123:  ok  |
[    0.000000]       hard-irq read-recursion/132:  ok  |
[    0.000000]       soft-irq read-recursion/132:  ok  |
[    0.000000]       hard-irq read-recursion/213:  ok  |
[    0.000000]       soft-irq read-recursion/213:  ok  |
[    0.000000]       hard-irq read-recursion/231:  ok  |
[    0.000000]       soft-irq read-recursion/231:  ok  |
[    0.000000]       hard-irq read-recursion/312:  ok  |
[    0.000000]       soft-irq read-recursion/312:  ok  |
[    0.000000]       hard-irq read-recursion/321:  ok  |
[    0.000000]       soft-irq read-recursion/321:  ok  |
[    0.000000] -------------------------------------------------------
[    0.000000] Good, all 218 testcases passed! |
[    0.000000] ---------------------------------
[    0.000000] ODEBUG: 0 of 0 active objects replaced
[    0.000000] hpet clockevent registered
[    0.000000] tsc: Detected 3199.986 MHz processor
[    0.008000] Calibrating delay loop (skipped) preset value.. 6399.97 BogoMIPS (lpj=12799944)
[    0.008000] pid_max: default: 32768 minimum: 301
[    0.008413] Mount-cache hash table entries: 256
[    0.012484] mce: CPU supports 10 MCE banks
[    0.013471] Last level iTLB entries: 4KB 0, 2MB 0, 4MB 0
[    0.013471] Last level dTLB entries: 4KB 0, 2MB 0, 4MB 0
[    0.013471] tlb_flushall_shift: 6
[    0.016036] debug: unmapping init [mem 0xffffffff81fe7000-0xffffffff81feefff]
[    0.020950] ACPI: Core revision 20121220
[    0.052963] ACPI: All ACPI Tables successfully acquired
[    0.054216] ftrace: allocating 32597 entries in 128 pages
[    0.068290] Getting VERSION: 50014
[    0.069183] Getting VERSION: 50014
[    0.070046] Getting ID: 0
[    0.070814] Getting ID: ff000000
[    0.071657] Getting LVT0: 8700
[    0.072009] Getting LVT1: 8400
[    0.072868] enabled ExtINT on CPU#0
[    0.074450] ENABLING IO-APIC IRQs
[    0.075294] init IO_APIC IRQs
[    0.076006]  apic 2 pin 0 not connected
[    0.076965] IOAPIC[0]: Set routing entry (2-1 -> 0x31 -> IRQ 1 Mode:0 Active:0 Dest:1)
[    0.078793] IOAPIC[0]: Set routing entry (2-2 -> 0x30 -> IRQ 0 Mode:0 Active:0 Dest:1)
[    0.080027] IOAPIC[0]: Set routing entry (2-3 -> 0x33 -> IRQ 3 Mode:0 Active:0 Dest:1)
[    0.081812] IOAPIC[0]: Set routing entry (2-4 -> 0x34 -> IRQ 4 Mode:0 Active:0 Dest:1)
[    0.084025] IOAPIC[0]: Set routing entry (2-5 -> 0x35 -> IRQ 5 Mode:1 Active:0 Dest:1)
[    0.085797] IOAPIC[0]: Set routing entry (2-6 -> 0x36 -> IRQ 6 Mode:0 Active:0 Dest:1)
[    0.088026] IOAPIC[0]: Set routing entry (2-7 -> 0x37 -> IRQ 7 Mode:0 Active:0 Dest:1)
[    0.089800] IOAPIC[0]: Set routing entry (2-8 -> 0x38 -> IRQ 8 Mode:0 Active:0 Dest:1)
[    0.091564] IOAPIC[0]: Set routing entry (2-9 -> 0x39 -> IRQ 9 Mode:1 Active:0 Dest:1)
[    0.092026] IOAPIC[0]: Set routing entry (2-10 -> 0x3a -> IRQ 10 Mode:1 Active:0 Dest:1)
[    0.093817] IOAPIC[0]: Set routing entry (2-11 -> 0x3b -> IRQ 11 Mode:1 Active:0 Dest:1)
[    0.096025] IOAPIC[0]: Set routing entry (2-12 -> 0x3c -> IRQ 12 Mode:0 Active:0 Dest:1)
[    0.097818] IOAPIC[0]: Set routing entry (2-13 -> 0x3d -> IRQ 13 Mode:0 Active:0 Dest:1)
[    0.100025] IOAPIC[0]: Set routing entry (2-14 -> 0x3e -> IRQ 14 Mode:0 Active:0 Dest:1)
[    0.101831] IOAPIC[0]: Set routing entry (2-15 -> 0x3f -> IRQ 15 Mode:0 Active:0 Dest:1)
[    0.104019]  apic 2 pin 16 not connected
[    0.104926]  apic 2 pin 17 not connected
[    0.105832]  apic 2 pin 18 not connected
[    0.106736]  apic 2 pin 19 not connected
[    0.108004]  apic 2 pin 20 not connected
[    0.108913]  apic 2 pin 21 not connected
[    0.109818]  apic 2 pin 22 not connected
[    0.110723]  apic 2 pin 23 not connected
[    0.111769] ..TIMER: vector=0x30 apic1=0 pin1=2 apic2=-1 pin2=-1
[    0.112005] smpboot: CPU0: Intel Common KVM processor (fam: 0f, model: 06, stepping: 01)
[    0.114209] Using local APIC timer interrupts.
[    0.114209] calibrating APIC timer ...
[    0.120000] ... lapic delta = 6249976
[    0.120000] ... PM-Timer delta = 357953
[    0.120000] ... PM-Timer result ok
[    0.120000] ..... delta 6249976
[    0.120000] ..... mult: 268434425
[    0.120000] ..... calibration result: 3999984
[    0.120000] ..... CPU clock speed is 3200.0385 MHz.
[    0.120000] ..... host bus clock speed is 999.3984 MHz.
[    0.120053] Performance Events: unsupported Netburst CPU model 6 no PMU driver, software events only.
[    0.124691] SMP alternatives: lockdep: fixing up alternatives
[    0.125928] smpboot: Booting Node   0, Processors  #1 OK
[    0.008000] kvm-clock: cpu 1, msr 0:1fffd041, secondary cpu clock
[    0.008000] masked ExtINT on CPU#1
[    0.144101] Brought up 2 CPUs
[    0.144048] KVM setup async PF for cpu 1
[    0.144048] kvm-stealtime: cpu 1, msr 1e40d140
[    0.148009] ----------------
[    0.148799] | NMI testsuite:
[    0.149583] --------------------
[    0.152003]   remote IPI:  ok  |
[    0.164675]    local IPI:  ok  |
[    0.188014] --------------------
[    0.188866] Good, all   2 testcases passed! |
[    0.189827] ---------------------------------
[    0.190777] smpboot: Total of 2 processors activated (12799.94 BogoMIPS)
[    0.192335] CPU0 attaching sched-domain:
[    0.193050]  domain 0: span 0-1 level CPU
[    0.194051]   groups: 0 1
[    0.195045] CPU1 attaching sched-domain:
[    0.196011]  domain 0: span 0-1 level CPU
[    0.197006]   groups: 1 0
[    0.198282] devtmpfs: initialized
[    0.205764] xor: automatically using best checksumming function:
[    0.244021]    generic_sse:   258.000 MB/sec
[    0.244997] atomic64 test passed for x86-64 platform with CX8 and with SSE
[    0.246455] kworker/u:0 (18) used greatest stack depth: 5440 bytes left
[    0.246455] NET: Registered protocol family 16
[    0.250877] kworker/u:0 (22) used greatest stack depth: 5040 bytes left
[    0.253665] ACPI: bus type pci registered
[    0.254736] PCI: Using configuration type 1 for base access
[    0.372526] bio: create slab <bio-0> at 0
[    0.440013] raid6: sse2x1    8133 MB/s
[    0.508008] raid6: sse2x2    9462 MB/s
[    0.576009] raid6: sse2x4   11107 MB/s
[    0.576921] raid6: using algorithm sse2x4 (11107 MB/s)
[    0.577957] raid6: using intx1 recovery algorithm
[    0.579195] ACPI: Added _OSI(Module Device)
[    0.580030] ACPI: Added _OSI(Processor Device)
[    0.580996] ACPI: Added _OSI(3.0 _SCP Extensions)
[    0.581992] ACPI: Added _OSI(Processor Aggregator Device)
[    0.585731] ACPI: EC: Look up EC in DSDT
[    0.628120] ACPI: Interpreter enabled
[    0.629033] ACPI: (supports S0 S3 S4 S5)
[    0.630392] ACPI: Using IOAPIC for interrupt routing
[    0.631616] PCI: Ignoring host bridge windows from ACPI; if necessary, use "pci=use_crs" and report a bug
[    0.705065] ACPI: PCI Root Bridge [PCI0] (domain 0000 [bus 00-ff])
[    0.705716] ACPI: PCI Interrupt Routing Table [\_SB_.PCI0._PRT]
[    0.716936] pci_root PNP0A03:00: ACPI _OSC support notification failed, disabling PCIe ASPM
[    0.718746] pci_root PNP0A03:00: Unable to request _OSC control (_OSC support mask: 0x08)
[    0.720186] pci_root PNP0A03:00: host bridge window [io  0x0000-0x0cf7] (ignored)
[    0.721885] pci_root PNP0A03:00: host bridge window [io  0x0d00-0xffff] (ignored)
[    0.724006] pci_root PNP0A03:00: host bridge window [mem 0x000a0000-0x000bffff] (ignored)
[    0.725775] pci_root PNP0A03:00: host bridge window [mem 0xe0000000-0xfebfffff] (ignored)
[    0.727659] PCI: root bus 00: using default resources
[    0.728044] pci_root PNP0A03:00: fail to add MMCONFIG information, can't access extended PCI configuration space under this bridge.
[    0.732070] PCI host bridge to bus 0000:00
[    0.733019] pci_bus 0000:00: root bus resource [bus 00-ff]
[    0.734103] pci_bus 0000:00: root bus resource [io  0x0000-0xffff]
[    0.735263] pci_bus 0000:00: root bus resource [mem 0x00000000-0xffffffffff]
[    0.736092] pci 0000:00:00.0: [8086:1237] type 00 class 0x060000
[    0.737586] pci 0000:00:01.0: [8086:7000] type 00 class 0x060100
[    0.739308] pci 0000:00:01.1: [8086:7010] type 00 class 0x010180
[    0.741800] pci 0000:00:01.1: reg 20: [io  0xc1c0-0xc1cf]
[    0.744658] pci 0000:00:01.3: [8086:7113] type 00 class 0x068000
[    0.746173] pci 0000:00:01.3: quirk: [io  0xb000-0xb03f] claimed by PIIX4 ACPI
[    0.748017] pci 0000:00:01.3: quirk: [io  0xb100-0xb10f] claimed by PIIX4 SMB
[    0.749439] pci 0000:00:02.0: [1013:00b8] type 00 class 0x030000
[    0.752426] pci 0000:00:02.0: reg 10: [mem 0xfc000000-0xfdffffff pref]
[    0.754647] pci 0000:00:02.0: reg 14: [mem 0xfebf4000-0xfebf4fff]
[    0.760888] pci 0000:00:02.0: reg 30: [mem 0xfebe0000-0xfebeffff pref]
[    0.762372] pci 0000:00:03.0: [8086:100e] type 00 class 0x020000
[    0.764335] pci 0000:00:03.0: reg 10: [mem 0xfeba0000-0xfebbffff]
[    0.766105] pci 0000:00:03.0: reg 14: [io  0xc000-0xc03f]
[    0.770190] pci 0000:00:03.0: reg 30: [mem 0xfebc0000-0xfebdffff pref]
[    0.771680] pci 0000:00:04.0: [8086:2668] type 00 class 0x040300
[    0.772395] pci 0000:00:04.0: reg 10: [mem 0xfebf0000-0xfebf3fff]
[    0.776992] pci 0000:00:05.0: [1af4:1001] type 00 class 0x010000
[    0.778924] pci 0000:00:05.0: reg 10: [io  0xc040-0xc07f]
[    0.780638] pci 0000:00:05.0: reg 14: [mem 0xfebf5000-0xfebf5fff]
[    0.785243] pci 0000:00:06.0: [1af4:1001] type 00 class 0x010000
[    0.787184] pci 0000:00:06.0: reg 10: [io  0xc080-0xc0bf]
[    0.788645] pci 0000:00:06.0: reg 14: [mem 0xfebf6000-0xfebf6fff]
[    0.793552] pci 0000:00:07.0: [1af4:1001] type 00 class 0x010000
[    0.795470] pci 0000:00:07.0: reg 10: [io  0xc0c0-0xc0ff]
[    0.796644] pci 0000:00:07.0: reg 14: [mem 0xfebf7000-0xfebf7fff]
[    0.801869] pci 0000:00:08.0: [1af4:1001] type 00 class 0x010000
[    0.803809] pci 0000:00:08.0: reg 10: [io  0xc100-0xc13f]
[    0.804686] pci 0000:00:08.0: reg 14: [mem 0xfebf8000-0xfebf8fff]
[    0.810220] pci 0000:00:09.0: [1af4:1001] type 00 class 0x010000
[    0.812006] pci 0000:00:09.0: reg 10: [io  0xc140-0xc17f]
[    0.813754] pci 0000:00:09.0: reg 14: [mem 0xfebf9000-0xfebf9fff]
[    0.818585] pci 0000:00:0a.0: [1af4:1001] type 00 class 0x010000
[    0.820335] pci 0000:00:0a.0: reg 10: [io  0xc180-0xc1bf]
[    0.822036] pci 0000:00:0a.0: reg 14: [mem 0xfebfa000-0xfebfafff]
[    0.826913] pci 0000:00:0b.0: [8086:25ab] type 00 class 0x088000
[    0.828362] pci 0000:00:0b.0: reg 10: [mem 0xfebfb000-0xfebfb00f]
[    0.831752] pci_bus 0000:00: on NUMA node 0
[    0.832011] ACPI _OSC control for PCIe not granted, disabling ASPM
[    0.862084] ACPI: Enabled 16 GPEs in block 00 to 0F
[    0.875742] ACPI: No dock devices found.
[    0.877044] ACPI: PCI Interrupt Link [LNKA] (IRQs 5 *10 11)
[    0.880409] ACPI: PCI Interrupt Link [LNKB] (IRQs 5 *10 11)
[    0.883157] ACPI: PCI Interrupt Link [LNKC] (IRQs 5 10 *11)
[    0.885768] ACPI: PCI Interrupt Link [LNKD] (IRQs 5 10 *11)
[    0.888508] ACPI: PCI Interrupt Link [LNKS] (IRQs 9) *0
[    0.890253] vgaarb: device added: PCI:0000:00:02.0,decodes=io+mem,owns=io+mem,locks=none
[    0.892014] vgaarb: loaded
[    0.892800] vgaarb: bridge control possible 0000:00:02.0
[    0.896913] SCSI subsystem initialized
[    0.897067] ACPI: bus type scsi registered
[    0.900294] libata version 3.00 loaded.
[    0.901182] ACPI: bus type usb registered
[    0.904362] usbcore: registered new interface driver usbfs
[    0.905405] usbcore: registered new interface driver hub
[    0.905405] usbcore: registered new device driver usb
[    0.908328] pps_core: LinuxPPS API ver. 1 registered
[    0.909068] pps_core: Software ver. 5.3.6 - Copyright 2005-2007 Rodolfo Giometti <giometti@linux.it>
[    0.912129] PTP clock support registered
[    0.913146] PCI: Using ACPI for IRQ routing
[    0.913146] PCI: pci_cache_line_size set to 64 bytes
[    0.916272] e820: reserve RAM buffer [mem 0x00093c00-0x0009ffff]
[    0.917420] e820: reserve RAM buffer [mem 0x1fffe000-0x1fffffff]
[    0.920744] HPET: 3 timers in total, 0 timers will be used for per-cpu timer
[    0.922143] hpet0: at MMIO 0xfed00000, IRQs 2, 8, 0
[    0.924709] hpet0: 3 comparators, 64-bit 100.000000 MHz counter
[    0.928165] Switching to clocksource kvm-clock
[    1.036895] pnp: PnP ACPI init
[    1.037858] ACPI: bus type pnp registered
[    1.039013] IOAPIC[0]: Set routing entry (2-8 -> 0x38 -> IRQ 8 Mode:0 Active:0 Dest:3)
[    1.041384] pnp 00:00: Plug and Play ACPI device, IDs PNP0b00 (active)
[    1.043086] IOAPIC[0]: Set routing entry (2-1 -> 0x31 -> IRQ 1 Mode:0 Active:0 Dest:3)
[    1.045446] pnp 00:01: Plug and Play ACPI device, IDs PNP0303 (active)
[    1.047120] IOAPIC[0]: Set routing entry (2-12 -> 0x3c -> IRQ 12 Mode:0 Active:0 Dest:3)
[    1.049407] pnp 00:02: Plug and Play ACPI device, IDs PNP0f13 (active)
[    1.051074] IOAPIC[0]: Set routing entry (2-6 -> 0x36 -> IRQ 6 Mode:0 Active:0 Dest:3)
[    1.052865] pnp 00:03: [dma 2]
[    1.054155] pnp 00:03: Plug and Play ACPI device, IDs PNP0700 (active)
[    1.056234] IOAPIC[0]: Set routing entry (2-7 -> 0x37 -> IRQ 7 Mode:0 Active:0 Dest:3)
[    1.058477] pnp 00:04: Plug and Play ACPI device, IDs PNP0400 (active)
[    1.060714] IOAPIC[0]: Set routing entry (2-4 -> 0x34 -> IRQ 4 Mode:0 Active:0 Dest:3)
[    1.062962] pnp 00:05: Plug and Play ACPI device, IDs PNP0501 (active)
[    1.067187] pnp 00:06: Plug and Play ACPI device, IDs PNP0103 (active)
[    1.070597] pnp: PnP ACPI: found 7 devices
[    1.071519] ACPI: ACPI bus type pnp unregistered
[    1.118884] pci_bus 0000:00: resource 4 [io  0x0000-0xffff]
[    1.120032] pci_bus 0000:00: resource 5 [mem 0x00000000-0xffffffffff]
[    1.121453] NET: Registered protocol family 2
[    1.123265] TCP established hash table entries: 4096 (order: 4, 65536 bytes)
[    1.125498] TCP bind hash table entries: 4096 (order: 6, 327680 bytes)
[    1.127079] TCP: Hash tables configured (established 4096 bind 4096)
[    1.128391] TCP: reno registered
[    1.129277] UDP hash table entries: 256 (order: 3, 49152 bytes)
[    1.130458] UDP-Lite hash table entries: 256 (order: 3, 49152 bytes)
[    1.132128] NET: Registered protocol family 1
[    1.141025] RPC: Registered named UNIX socket transport module.
[    1.142157] RPC: Registered udp transport module.
[    1.143143] RPC: Registered tcp transport module.
[    1.144181] RPC: Registered tcp NFSv4.1 backchannel transport module.
[    1.145389] pci 0000:00:00.0: Limiting direct PCI/PCI transfers
[    1.146526] pci 0000:00:01.0: PIIX3: Enabling Passive Release
[    1.147652] pci 0000:00:01.0: Activating ISA DMA hang workarounds
[    1.148933] pci 0000:00:02.0: Boot video device
[    1.149992] PCI: CLS 0 bytes, default 64
[    1.270722] DMA-API: preallocated 32768 debug entries
[    1.271772] DMA-API: debugging enabled by kernel config
[    1.281083] Initializing RT-Tester: OK
[    1.307023] Kprobe smoke test started
[    1.472173] Kprobe smoke test passed successfully
[    1.477511] HugeTLB registered 2 MB page size, pre-allocated 0 pages
[    1.548919] VFS: Disk quotas dquot_6.5.2
[    1.551131] Dquot-cache hash table entries: 512 (order 0, 4096 bytes)
[    1.573633] NFS: Registering the id_resolver key type
[    1.574796] Key type id_resolver registered
[    1.575739] Key type id_legacy registered
[    1.576758] Installing knfsd (copyright (C) 1996 okir@monad.swb.de).
[    1.586977] ROMFS MTD (C) 2007 Red Hat, Inc.
[    1.588989] fuse init (API version 7.20)
[    1.591913] msgmni has been set to 926
[    1.596650] Block layer SCSI generic (bsg) driver version 0.4 loaded (major 250)
[    1.598371] io scheduler noop registered
[    1.599284] io scheduler deadline registered
[    1.601297] io scheduler cfq registered (default)
[    1.603544] list_sort_test: start testing list_sort()
[    1.610645] pci_hotplug: PCI Hot Plug PCI Core version: 0.5
[    1.612622] pciehp: PCI Express Hot Plug Controller Driver version: 0.4
[    1.613826] acpiphp: ACPI Hot Plug PCI Controller Driver version: 0.5
[    1.616484] acpiphp: Slot [3] registered
[    1.617952] acpiphp: Slot [4] registered
[    1.619378] acpiphp: Slot [5] registered
[    1.620876] acpiphp: Slot [6] registered
[    1.622308] acpiphp: Slot [7] registered
[    1.623749] acpiphp: Slot [8] registered
[    1.625210] acpiphp: Slot [9] registered
[    1.626671] acpiphp: Slot [10] registered
[    1.628178] acpiphp: Slot [11] registered
[    1.629630] acpiphp: Slot [12] registered
[    1.631072] acpiphp: Slot [13] registered
[    1.632596] acpiphp: Slot [14] registered
[    1.634042] acpiphp: Slot [15] registered
[    1.635487] acpiphp: Slot [16] registered
[    1.636975] acpiphp: Slot [17] registered
[    1.638436] acpiphp: Slot [18] registered
[    1.639901] acpiphp: Slot [19] registered
[    1.641379] acpiphp: Slot [20] registered
[    1.642837] acpiphp: Slot [21] registered
[    1.644342] acpiphp: Slot [22] registered
[    1.645807] acpiphp: Slot [23] registered
[    1.647247] acpiphp: Slot [24] registered
[    1.648756] acpiphp: Slot [25] registered
[    1.650225] acpiphp: Slot [26] registered
[    1.651679] acpiphp: Slot [27] registered
[    1.653166] acpiphp: Slot [28] registered
[    1.654617] acpiphp: Slot [29] registered
[    1.656527] acpiphp: Slot [30] registered
[    1.657979] acpiphp: Slot [31] registered
[    1.664097] input: Power Button as /devices/LNXSYSTM:00/LNXPWRBN:00/input/input0
[    1.665844] ACPI: Power Button [PWRF]
[    1.723940] ACPI: PCI Interrupt Link [LNKA] enabled at IRQ 10
[    1.725102] IOAPIC[0]: Set routing entry (2-10 -> 0x3a -> IRQ 10 Mode:1 Active:0 Dest:3)
[    1.726952] virtio-pci 0000:00:05.0: setting latency timer to 64
[    1.730966] ACPI: PCI Interrupt Link [LNKB] enabled at IRQ 11
[    1.732111] IOAPIC[0]: Set routing entry (2-11 -> 0x3b -> IRQ 11 Mode:1 Active:0 Dest:3)
[    1.733946] virtio-pci 0000:00:06.0: setting latency timer to 64
[    1.737794] ACPI: PCI Interrupt Link [LNKC] enabled at IRQ 11
[    1.738948] virtio-pci 0000:00:07.0: setting latency timer to 64
[    1.742775] ACPI: PCI Interrupt Link [LNKD] enabled at IRQ 10
[    1.743931] virtio-pci 0000:00:08.0: setting latency timer to 64
[    1.745959] virtio-pci 0000:00:09.0: setting latency timer to 64
[    1.747904] virtio-pci 0000:00:0a.0: setting latency timer to 64
[    1.751080] Serial: 8250/16550 driver, 4 ports, IRQ sharing enabled
[    1.774065] 00:05: ttyS0 at I/O 0x3f8 (irq = 4) is a 16550A
[    1.783152] Non-volatile memory driver v1.3
[    1.784664] Linux agpgart interface v0.103
[    1.788179] [drm] Initialized drm 1.1.0 20060810
[    1.813391] brd: module loaded
[    1.826136] loop: module loaded
[    1.827422] virtio-pci 0000:00:05.0: irq 40 for MSI/MSI-X
[    1.828571] virtio-pci 0000:00:05.0: irq 41 for MSI/MSI-X
[    1.841926]  vda: unknown partition table
[    1.844069] virtio-pci 0000:00:06.0: irq 42 for MSI/MSI-X
[    1.845168] virtio-pci 0000:00:06.0: irq 43 for MSI/MSI-X
[    1.858303]  vdb: unknown partition table
[    1.860482] virtio-pci 0000:00:07.0: irq 44 for MSI/MSI-X
[    1.861583] virtio-pci 0000:00:07.0: irq 45 for MSI/MSI-X
[    1.874104]  vdc: unknown partition table
[    1.876309] virtio-pci 0000:00:08.0: irq 46 for MSI/MSI-X
[    1.877408] virtio-pci 0000:00:08.0: irq 47 for MSI/MSI-X
[    1.894133]  vdd: unknown partition table
[    1.896194] virtio-pci 0000:00:09.0: irq 48 for MSI/MSI-X
[    1.897302] virtio-pci 0000:00:09.0: irq 49 for MSI/MSI-X
[    1.910429]  vde: unknown partition table
[    1.912502] virtio-pci 0000:00:0a.0: irq 50 for MSI/MSI-X
[    1.913607] virtio-pci 0000:00:0a.0: irq 51 for MSI/MSI-X
[    1.926263]  vdf: unknown partition table
[    1.928437] lkdtm: No crash points registered, enable through debugfs
[    1.929925] Uniform Multi-Platform E-IDE driver
[    1.931490] piix 0000:00:01.1: IDE controller (0x8086:0x7010 rev 0x00)
[    1.932956] piix 0000:00:01.1: not 100% native mode: will probe irqs later
[    1.934231] pci 0000:00:01.1: setting latency timer to 64
[    1.935305]     ide0: BM-DMA at 0xc1c0-0xc1c7
[    1.936348]     ide1: BM-DMA at 0xc1c8-0xc1cf
[    1.937307] Probing IDE interface ide0...
[    2.272196] tsc: Refined TSC clocksource calibration: 3200.106 MHz
[    2.505131] Probing IDE interface ide1...
[    3.240256] hdc: QEMU DVD-ROM, ATAPI CD/DVD-ROM drive
[    3.912703] hdc: host max PIO4 wanted PIO255(auto-tune) selected PIO0
[    3.913955] hdc: MWDMA2 mode selected
[    3.915049] ide0 at 0x1f0-0x1f7,0x3f6 on irq 14
[    3.916261] ide1 at 0x170-0x177,0x376 on irq 15
[    3.924402] ide_generic: please use "probe_mask=0x3f" module parameter for probing all legacy ISA IDE ports
[    3.926653] ide-gd driver 1.18
[    3.927789] ide-cd driver 5.00
[    3.929250] ide-cd: hdc: ATAPI 4X DVD-ROM drive, 512kB Cache
[    3.930644] cdrom: Uniform CD-ROM driver Revision: 3.20
[    3.937234] Loading iSCSI transport class v2.0-870.
[    3.943504] Adaptec aacraid driver 1.2-0[29801]-ms
[    3.945186] aic94xx: Adaptec aic94xx SAS/SATA driver version 1.0.3 loaded
[    3.948970] qla2xxx [0000:00:00.0]-0005: : QLogic Fibre Channel HBA Driver: 8.04.00.08-k.
[    3.951522] megaraid cmm: 2.20.2.7 (Release Date: Sun Jul 16 00:01:03 EST 2006)
[    3.953766] megaraid: 2.20.5.1 (Release Date: Thu Nov 16 15:32:35 EST 2006)
[    3.955349] megasas: 06.504.01.00-rc1 Mon. Oct. 1 17:00:00 PDT 2012
[    3.957777] GDT-HA: Storage RAID Controller Driver. Version: 3.05
[    3.959252] RocketRAID 3xxx/4xxx Controller driver v1.8
[    3.965638] pcnet32: pcnet32.c:v1.35 21.Apr.2008 tsbogend@alpha.franken.de
[    3.967517] Atheros(R) L2 Ethernet Driver - version 2.2.3
[    3.968686] Copyright (c) 2007 Atheros Corporation.
[    3.971435] dmfe: Davicom DM9xxx net driver, version 1.36.4 (2002-01-17)
[    3.973099] v1.01-e (2.4 port) Sep-11-2006  Donald Becker <becker@scyld.com>
[    3.973099]   http://www.scyld.com/network/drivers.html
[    3.976434] uli526x: ULi M5261/M5263 net driver, version 0.9.3 (2005-7-29)
[    3.978328] e100: Intel(R) PRO/100 Network Driver, 3.5.24-k2-NAPI
[    3.979477] e100: Copyright(c) 1999-2006 Intel Corporation
[    3.980972] e1000: Intel(R) PRO/1000 Network Driver - version 7.3.21-k8-NAPI
[    3.982256] e1000: Copyright (c) 1999-2006 Intel Corporation.
[    3.983486] e1000 0000:00:03.0: setting latency timer to 64
[    4.322263] e1000 0000:00:03.0 eth0: (PCI:33MHz:32-bit) 52:54:00:12:34:56
[    4.323546] e1000 0000:00:03.0 eth0: Intel(R) PRO/1000 Network Connection
[    4.325328] e1000e: Intel(R) PRO/1000 Network Driver - 2.1.4-k
[    4.326488] e1000e: Copyright(c) 1999 - 2012 Intel Corporation.
[    4.328269] igb: Intel(R) Gigabit Ethernet Network Driver - version 4.1.2-k
[    4.329538] igb: Copyright (c) 2007-2013 Intel Corporation.
[    4.331073] ixgb: Intel(R) PRO/10GbE Network Driver - version 1.0.135-k2-NAPI
[    4.332403] ixgb: Copyright (c) 1999-2008 Intel Corporation.
[    4.334223] sky2: driver version 1.30
[    4.338081] usbcore: registered new interface driver catc
[    4.339437] usbcore: registered new interface driver kaweth
[    4.340609] pegasus: v0.6.14 (2006/09/27), Pegasus/Pegasus II USB Ethernet driver
[    4.342585] usbcore: registered new interface driver pegasus
[    4.343972] usbcore: registered new interface driver rtl8150
[    4.345453] usbcore: registered new interface driver asix
[    4.346826] usbcore: registered new interface driver cdc_ether
[    4.349068] usbcore: registered new interface driver cdc_eem
[    4.350446] usbcore: registered new interface driver dm9601
[    4.351885] usbcore: registered new interface driver smsc75xx
[    4.353375] usbcore: registered new interface driver smsc95xx
[    4.354778] usbcore: registered new interface driver gl620a
[    4.356332] usbcore: registered new interface driver net1080
[    4.357732] usbcore: registered new interface driver plusb
[    4.359111] usbcore: registered new interface driver rndis_host
[    4.360595] usbcore: registered new interface driver cdc_subset
[    4.361981] usbcore: registered new interface driver zaurus
[    4.363418] usbcore: registered new interface driver MOSCHIP usb-ethernet driver
[    4.365725] usbcore: registered new interface driver int51x1
[    4.367349] usbcore: registered new interface driver ipheth
[    4.369017] usbcore: registered new interface driver sierra_net
[    4.379105] usbcore: registered new interface driver cdc_ncm
[    4.380400] Fusion MPT base driver 3.04.20
[    4.381464] Copyright (c) 1999-2008 LSI Corporation
[    4.382721] Fusion MPT SPI Host driver 3.04.20
[    4.384592] Fusion MPT FC Host driver 3.04.20
[    4.386143] Fusion MPT SAS Host driver 3.04.20
[    4.387686] Fusion MPT misc device (ioctl) driver 3.04.20
[    4.389515] mptctl: Registered with Fusion MPT base driver
[    4.390794] mptctl: /dev/mptctl @ (major,minor=10,220)
[    4.393668] ehci_hcd: USB 2.0 'Enhanced' Host Controller (EHCI) Driver
[    4.395081] ehci-pci: EHCI PCI platform driver
[    4.396645] ohci_hcd: USB 1.1 'Open' Host Controller (OHCI) Driver
[    4.398351] uhci_hcd: USB Universal Host Controller Interface driver
[    4.400834] Initializing USB Mass Storage driver...
[    4.402418] usbcore: registered new interface driver usb-storage
[    4.403835] USB Mass Storage support registered.
[    4.405754] usbcore: registered new interface driver ums-alauda
[    4.407273] usbcore: registered new interface driver ums-datafab
[    4.408734] usbcore: registered new interface driver ums-freecom
[    4.410138] usbcore: registered new interface driver ums-isd200
[    4.411581] usbcore: registered new interface driver ums-jumpshot
[    4.413036] usbcore: registered new interface driver ums-sddr09
[    4.414471] usbcore: registered new interface driver ums-sddr55
[    4.415969] usbcore: registered new interface driver ums-usbat
[    4.417441] usbcore: registered new interface driver usbtest
[    4.419156] i8042: PNP: PS/2 Controller [PNP0303:KBD,PNP0f13:MOU] at 0x60,0x64 irq 1,12
[    4.422261] serio: i8042 KBD port at 0x60,0x64 irq 1
[    4.423430] serio: i8042 AUX port at 0x60,0x64 irq 12
[    4.426104] mousedev: PS/2 mouse device common for all mice
[    4.432890] input: AT Translated Set 2 keyboard as /devices/platform/i8042/serio0/input/input1
[    4.433688] rtc-test rtc-test.0: rtc core: registered test as rtc0
[    4.434567] rtc-test rtc-test.1: rtc core: registered test as rtc1
[    4.434649] i6300esb: Intel 6300ESB WatchDog Timer Driver v0.05
[    4.435401] i6300esb: initialized (0xffffc90000022000). heartbeat=30 sec (nowayout=0)
[    4.435632] iTCO_wdt: Intel TCO WatchDog Timer Driver v1.10
[    4.435847] iTCO_vendor_support: vendor-support=0
[    4.435963] watchdog: Software Watchdog: cannot register miscdev on minor=130 (err=-16).
[    4.435964] watchdog: Software Watchdog: a legacy watchdog module is probably present.
[    4.436512] softdog: Software Watchdog Timer: 0.08 initialized. soft_noboot=0 soft_margin=60 sec soft_panic=0 (nowayout=0)
[    4.436537] md: linear personality registered for level -1
[    4.436539] md: raid0 personality registered for level 0
[    4.436541] md: raid1 personality registered for level 1
[    4.436543] md: raid10 personality registered for level 10
[    4.436543] md: raid6 personality registered for level 6
[    4.436544] md: raid5 personality registered for level 5
[    4.436545] md: raid4 personality registered for level 4
[    4.436546] md: multipath personality registered for level -4
[    4.436547] md: faulty personality registered for level -5
[    4.439134] device-mapper: ioctl: 4.24.0-ioctl (2013-01-15) initialised: dm-devel@redhat.com
[    4.464060] device-mapper: multipath: version 1.5.0 loaded
[    4.465305] device-mapper: multipath round-robin: version 1.0.0 loaded
[    4.468576] EDAC MC: Ver: 3.0.0
[    4.473519] cpuidle: using governor ladder
[    4.474454] cpuidle: using governor menu
[    4.476577] dcdbas dcdbas: Dell Systems Management Base Driver (version 5.6.0-3.2)
[    4.486825] usbcore: registered new interface driver usbhid
[    4.487958] usbhid: USB HID core driver
[    4.489142] oprofile: using NMI interrupt.
[    4.490705] TCP: bic registered
[    4.491559] Initializing XFRM netlink socket
[    4.495728] NET: Registered protocol family 10
[    4.498744] sit: IPv6 over IPv4 tunneling driver
[    4.501663] NET: Registered protocol family 17
[    4.502838] 8021q: 802.1Q VLAN Support v1.8
[    4.505164] sctp: Hash tables configured (established 1638 bind 1638)
[    4.507595] Key type dns_resolver registered
[    4.510890] 
[    4.510890] printing PIC contents
[    4.512472] ... PIC  IMR: ffff
[    4.513303] ... PIC  IRR: 9013
[    4.514112] ... PIC  ISR: 0000
[    4.514925] ... PIC ELCR: 0c00
[    4.515774] printing local APIC contents on CPU#0/0:
[    4.517155] ... APIC ID:      00000000 (0)
[    4.518348] ... APIC VERSION: 00050014
[    4.519532] ... APIC TASKPRI: 00000000 (00)
[    4.519771] ... APIC PROCPRI: 00000000
[    4.519771] ... APIC LDR: 01000000
[    4.519771] ... APIC DFR: ffffffff
[    4.519771] ... APIC SPIV: 000001ff
[    4.519771] ... APIC ISR field:
[    4.519771] 0000000000000000000000000000000000000000000000000000000000000000
[    4.519771] ... APIC TMR field:
[    4.519771] 0000000000000000000000000000000000000000000000000000000000000000
[    4.519771] ... APIC IRR field:
[    4.519771] 0000000000000000000000000000000000000000000000000000000000008000
[    4.519771] ... APIC ESR: 00000000
[    4.519771] ... APIC ICR: 000008fd
[    4.519771] ... APIC ICR2: 02000000
[    4.519771] ... APIC LVTT: 000000ef
[    4.519771] ... APIC LVTPC: 00010000
[    4.519771] ... APIC LVT0: 00010700
[    4.519771] ... APIC LVT1: 00000400
[    4.519771] ... APIC LVTERR: 000000fe
[    4.519771] ... APIC TMICT: 0003cac7
[    4.519771] ... APIC TMCCT: 00000000
[    4.519771] ... APIC TDCR: 00000003
[    4.519771] 
[    4.549450] number of MP IRQ sources: 15.
[    4.550550] number of IO-APIC #2 registers: 24.
[    4.551544] testing the IO APIC.......................
[    4.552640] IO APIC #2......
[    4.553419] .... register #00: 00000000
[    4.554315] .......    : physical APIC id: 00
[    4.555290] .......    : Delivery Type: 0
[    4.556276] .......    : LTS          : 0
[    4.557192] .... register #01: 00170011
[    4.558091] .......     : max redirection entries: 17
[    4.559148] .......     : PRQ implemented: 0
[    4.560139] .......     : IO APIC version: 11
[    4.561091] .... register #02: 00000000
[    4.562002] .......     : arbitration: 00
[    4.563136] .... IRQ redirection table:
[    4.564186]  NR Dst Mask Trig IRR Pol Stat Dmod Deli Vect:
[    4.565525]  00 00  1    0    0   0   0    0    0    00
[    4.566903]  01 03  0    0    0   0   0    1    1    31
[    4.568348]  02 03  0    0    0   0   0    1    1    30
[    4.569477]  03 03  0    0    0   0   0    1    1    33
[    4.570650]  04 03  1    0    0   0   0    1    1    34
[    4.571792]  05 03  1    1    0   0   0    1    1    35
[    4.572992]  06 03  0    0    0   0   0    1    1    36
[    4.574128]  07 03  0    0    0   0   0    1    1    37
[    4.575253]  08 03  0    0    0   0   0    1    1    38
[    4.576439]  09 03  0    1    0   0   0    1    1    39
[    4.577582]  0a 03  1    1    0   0   0    1    1    3A
[    4.578713]  0b 03  1    1    0   0   0    1    1    3B
[    4.579860]  0c 03  0    0    0   0   0    1    1    3C
[    4.581055]  0d 03  0    0    0   0   0    1    1    3D
[    4.582191]  0e 03  0    0    0   0   0    1    1    3E
[    4.583357]  0f 03  0    0    0   0   0    1    1    3F
[    4.584573]  10 00  1    0    0   0   0    0    0    00
[    4.585702]  11 00  1    0    0   0   0    0    0    00
[    4.586834]  12 00  1    0    0   0   0    0    0    00
[    4.587998]  13 00  1    0    0   0   0    0    0    00
[    4.589163]  14 00  1    0    0   0   0    0    0    00
[    4.590284]  15 00  1    0    0   0   0    0    0    00
[    4.591418]  16 00  1    0    0   0   0    0    0    00
[    4.592604]  17 00  1    0    0   0   0    0    0    00
[    4.593746] IRQ to pin mappings:
[    4.594580] IRQ0 -> 0:2
[    4.595462] IRQ1 -> 0:1
[    4.596424] IRQ3 -> 0:3
[    4.597313] IRQ4 -> 0:4
[    4.598201] IRQ5 -> 0:5
[    4.599094] IRQ6 -> 0:6
[    4.599984] IRQ7 -> 0:7
[    4.600927] IRQ8 -> 0:8
[    4.601817] IRQ9 -> 0:9
[    4.602709] IRQ10 -> 0:10
[    4.603626] IRQ11 -> 0:11
[    4.604602] IRQ12 -> 0:12
[    4.605505] IRQ13 -> 0:13
[    4.606412] IRQ14 -> 0:14
[    4.607326] IRQ15 -> 0:15
[    4.608287] .................................... done.
[    4.610750] PM: Hibernation image not present or could not be loaded.
[    4.612151] registered taskstats version 1
[    4.614895] rtc-test rtc-test.0: setting system clock to 2013-01-24 07:56:25 UTC (1359014185)
[    4.617240] BIOS EDD facility v0.16 2004-Jun-25, 6 devices found
[    4.628194] IPv6: ADDRCONF(NETDEV_UP): eth0: link is not ready
[    4.629312] 8021q: adding VLAN 0 to HW filter on device eth0
[    4.874782] input: ImExPS/2 Generic Explorer Mouse as /devices/platform/i8042/serio1/input/input2
[    6.632578] e1000: eth0 NIC Link is Up 1000 Mbps Full Duplex, Flow Control: RX
[    6.636046] IPv6: ADDRCONF(NETDEV_CHANGE): eth0: link becomes ready
[    6.652042] Sending DHCP requests ., OK
[    6.676039] IP-Config: Got DHCP answer from 10.0.2.2, my address is 10.0.2.15
[    6.678372] IP-Config: Complete:
[    6.679210]      device=eth0, hwaddr=52:54:00:12:34:56, ipaddr=10.0.2.15, mask=255.255.255.0, gw=10.0.2.2
[    6.688259]      host=kvm, domain=, nis-domain=(none)
[    6.689281]      bootserver=10.0.2.2, rootserver=10.239.97.14, rootpath=
[    6.690112]      nameserver0=10.0.2.3[    6.691588] md: Waiting for all devices to be available before autodetect
[    6.693239] md: If you don't use raid, use raid=noautodetect
[    6.696962] md: Autodetecting RAID arrays.
[    6.697898] md: Scanned 0 and added 0 devices.
[    6.698850] md: autorun ...
[    6.699625] md: ... autorun DONE.
[   10.651228] VFS: Mounted root (nfs filesystem) on device 0:13.
[   10.652463] debug: unmapping init [mem 0xffffffff81d33000-0xffffffff81fe6fff]
[   10.832913] modprobe (1209) used greatest stack depth: 3432 bytes left
[   11.625674] write_dev_root_ (1308) used greatest stack depth: 2960 bytes left
[   12.394614] hdparm (1411) used greatest stack depth: 2768 bytes left
[   22.830587] NFSD: Using /var/lib/nfs/v4recovery as the NFSv4 state recovery directory
[   22.833909] NFSD: starting 90-second grace period (net ffffffff81d110c0)
[   22.837321] rpc.nfsd (2145) used greatest stack depth: 2704 bytes left
Kernel tests: Boot OK!
[   24.697006] INFO: trying to register non-static key.
[   24.698629] the code is fine but needs lockdep annotation.
[   24.699858] turning off the locking correctness validator.
[   24.700936] Pid: 2301, comm: swapon Not tainted 3.8.0-rc4-07150-gd1b44b0 #505
[   24.700936] Call Trace:
[   24.700936]  [<ffffffff81088e86>] __lock_acquire+0x823/0x8fd
[   24.700936]  [<ffffffff81089b8d>] ? mark_held_locks+0xbe/0xea
[   24.700936]  [<ffffffff81802fa1>] ? mutex_lock_nested+0x2de/0x310
[   24.700936]  [<ffffffff8108949e>] lock_acquire+0xeb/0x13e
[   24.700936]  [<ffffffff8110bbfc>] ? sys_swapon+0x618/0x8d2
[   24.700936]  [<ffffffff81804f35>] _raw_spin_lock+0x45/0x78
[   24.700936]  [<ffffffff8110bbfc>] ? sys_swapon+0x618/0x8d2
[   24.700936]  [<ffffffff8110bbfc>] sys_swapon+0x618/0x8d2
[   24.700936]  [<ffffffff81805f18>] ? retint_swapgs+0x13/0x1b
[   24.700936]  [<ffffffff8180d159>] system_call_fastpath+0x16/0x1b
[   24.714377] Adding 307196k swap on /dev/vda.  Priority:-1 extents:1 across:307196k 
[   24.753049] Unregister pv shared memory for cpu 1
[   24.757249] CPU0 attaching NULL sched-domain.
[   24.758219] CPU1 attaching NULL sched-domain.
[   24.759286] CPU0 attaching NULL sched-domain.
[   24.842119] smpboot: CPU 1 is now offline

--opJtzjQTFsWo+cga
Content-Type: text/plain; charset=us-ascii
Content-Disposition: attachment; filename="d1b44b0-bisect.log"

git checkout 874afd6987b02a0d69a4c5b95efd8f2f8de1ed7e
Previous HEAD position was d1b44b0... kfifo: fix kfifo_alloc() and kfifo_init()
HEAD is now at 874afd6... Merge remote-tracking branch 'lzo-update/lzo-update'

2013-01-27-11:49:52 874afd6987b02a0d69a4c5b95efd8f2f8de1ed7e compiling
usage: git diff [--no-index] <path> <path>
/home/wfg/mm

2013-01-27-12:05:37 detecting boot state 3.8.0-rc4-bisect3-06767-g874afd6 #20 \t9.\t10 SUCCESS
bisect: good commit 874afd6987b02a0d69a4c5b95efd8f2f8de1ed7e
git bisect start d1b44b0de60d4f59c1235be5641321f3b170434d 874afd6987b02a0d69a4c5b95efd8f2f8de1ed7e --
Previous HEAD position was 874afd6... Merge remote-tracking branch 'lzo-update/lzo-update'
HEAD is now at 3c0eee3f... Linux 2.6.37
Bisecting: 188 revisions left to test after this (roughly 8 steps)
[bdae153c611f7504caf77c2db82b9639c17339c7] memcg: debugging facility to access dangling memcgs
git bisect run /c/kernel-tests/bisect-test-boot-failure.sh obj-bisect-x86_64
running /c/kernel-tests/bisect-test-boot-failure.sh obj-bisect-x86_64

2013-01-27-12:10:15 bdae153c611f7504caf77c2db82b9639c17339c7 compiling
usage: git diff [--no-index] <path> <path>
/home/wfg/mm

2013-01-27-12:13:12 detecting boot state 3.8.0-rc4-bisect3-06956-gbdae153 #21 .\t8 TEST FAILURE
Bisecting: 94 revisions left to test after this (roughly 7 steps)
[c38342d0a65d59f5b424ac29c0f9f22c01bd353e] mm-remove-flags-argument-to-mmap_region-fix
running /c/kernel-tests/bisect-test-boot-failure.sh obj-bisect-x86_64

2013-01-27-12:16:14 c38342d0a65d59f5b424ac29c0f9f22c01bd353e compiling
usage: git diff [--no-index] <path> <path>
/home/wfg/mm

2013-01-27-12:19:01 detecting boot state 3.8.0-rc4-bisect3-06861-gc38342d #22 \t5.\t10 SUCCESS
Bisecting: 47 revisions left to test after this (roughly 6 steps)
[477e4a399fd5839b01b662b2b8e684ec4474c030] x86: get pg_data_t's memory from other node
running /c/kernel-tests/bisect-test-boot-failure.sh obj-bisect-x86_64

2013-01-27-12:23:03 477e4a399fd5839b01b662b2b8e684ec4474c030 compiling
usage: git diff [--no-index] <path> <path>
/home/wfg/mm

2013-01-27-12:25:49 detecting boot state 3.8.0-rc4-bisect3-06908-g477e4a3 #23 .\t1\t9\t10\t12 SUCCESS
Bisecting: 23 revisions left to test after this (roughly 5 steps)
[97e5569bc77b89a5ec5799e1f3cc599167c6fe81] usb: forbid memory allocation with I/O during bus reset
running /c/kernel-tests/bisect-test-boot-failure.sh obj-bisect-x86_64

2013-01-27-12:31:51 97e5569bc77b89a5ec5799e1f3cc599167c6fe81 compiling
usage: git diff [--no-index] <path> <path>
/home/wfg/mm

2013-01-27-12:34:40 detecting boot state 3.8.0-rc4-bisect3-06932-g97e5569 #24 \t1\t2\t10\t11\t13 SUCCESS
Bisecting: 11 revisions left to test after this (roughly 4 steps)
[a35e277ffa80164bc918f6c40f1b74fa37270e39] mm/rmap: rename anon_vma_unlock() => anon_vma_unlock_write()
running /c/kernel-tests/bisect-test-boot-failure.sh obj-bisect-x86_64

2013-01-27-12:40:43 a35e277ffa80164bc918f6c40f1b74fa37270e39 compiling
usage: git diff [--no-index] <path> <path>
/home/wfg/mm

2013-01-27-12:43:34 detecting boot state 3.8.0-rc4-bisect3-06944-ga35e277 #25  TEST FAILURE
Bisecting: 5 revisions left to test after this (roughly 3 steps)
[205713fcdba336b8777690e336623012cfec4611] mm: Fold page->_last_nid into page->flags where possible
running /c/kernel-tests/bisect-test-boot-failure.sh obj-bisect-x86_64

2013-01-27-12:44:36 205713fcdba336b8777690e336623012cfec4611 compiling
usage: git diff [--no-index] <path> <path>
/home/wfg/mm

2013-01-27-12:47:16 detecting boot state 3.8.0-rc4-bisect3-06938-g205713f #26 \t7.\t8 SUCCESS
Bisecting: 2 revisions left to test after this (roughly 2 steps)
[1163966c83a0f8281eae5a8090463e9db5f994c1] swap: make each swap partition have one address_space
running /c/kernel-tests/bisect-test-boot-failure.sh obj-bisect-x86_64

2013-01-27-12:51:18 1163966c83a0f8281eae5a8090463e9db5f994c1 compiling
usage: git diff [--no-index] <path> <path>
/home/wfg/mm

2013-01-27-12:53:51 detecting boot state 3.8.0-rc4-bisect3-06941-g1163966 #27 \t2.\t7............................................................................\t10\t12. SUCCESS
Bisecting: 0 revisions left to test after this (roughly 1 step)
[51a65898ca3ce5435c809c5046cc949b28690a17] swap: add per-partition lock for swapfile
running /c/kernel-tests/bisect-test-boot-failure.sh obj-bisect-x86_64

2013-01-27-14:17:13 51a65898ca3ce5435c809c5046cc949b28690a17 compiling
usage: git diff [--no-index] <path> <path>
/home/wfg/mm

2013-01-27-14:18:51 detecting boot state 3.8.0-rc4-bisect3-06943-g51a6589 #28 ........................................................................... TEST FAILURE
Bisecting: 0 revisions left to test after this (roughly 0 steps)
[36e20dddc77e51bab6404e906a25eaa01cd47784] swap-make-each-swap-partition-have-one-address_space-fix
running /c/kernel-tests/bisect-test-boot-failure.sh obj-bisect-x86_64

2013-01-27-15:35:10 36e20dddc77e51bab6404e906a25eaa01cd47784 compiling
usage: git diff [--no-index] <path> <path>
/home/wfg/mm

2013-01-27-15:36:53 detecting boot state 3.8.0-rc4-bisect3-06942-g36e20dd #29 \t7..............................\t17............................................................................... SUCCESS
51a65898ca3ce5435c809c5046cc949b28690a17 is the first bad commit
commit 51a65898ca3ce5435c809c5046cc949b28690a17
Author: Shaohua Li <shli@kernel.org>
Date:   Thu Jan 24 13:13:50 2013 +1100

    swap: add per-partition lock for swapfile
    
    swap_lock is heavily contended when I test swap to 3 fast SSD (even
    slightly slower than swap to 2 such SSD).  The main contention comes from
    swap_info_get().  This patch tries to fix the gap with adding a new
    per-partition lock.
    
    Global data like nr_swapfiles, total_swap_pages, least_priority and
    swap_list are still protected by swap_lock.
    
    nr_swap_pages is an atomic now, it can be changed without swap_lock.  In
    theory, it's possible get_swap_page() finds no swap pages but actually
    there are free swap pages.  But sounds not a big problem.
    
    Accessing partition specific data (like scan_swap_map and so on) is only
    protected by swap_info_struct.lock.
    
    Changing swap_info_struct.flags need hold swap_lock and
    swap_info_struct.lock, because scan_scan_map() will check it.  read the
    flags is ok with either the locks hold.
    
    If both swap_lock and swap_info_struct.lock must be hold, we always hold
    the former first to avoid deadlock.
    
    swap_entry_free() can change swap_list.  To delete that code, we add a new
    highest_priority_index.  Whenever get_swap_page() is called, we check it.
    If it's valid, we use it.
    
    It's a pity get_swap_page() still holds swap_lock().  But in practice,
    swap_lock() isn't heavily contended in my test with this patch (or I can
    say there are other much more heavier bottlenecks like TLB flush).  And
    BTW, looks get_swap_page() doesn't really need the lock.  We never free
    swap_info[] and we check SWAP_WRITEOK flag.  The only risk without the
    lock is we could swapout to some low priority swap, but we can quickly
    recover after several rounds of swap, so sounds not a big deal to me.  But
    I'd prefer to fix this if it's a real problem.
    
    "swap: make each swap partition have one address_space" improved the
    swapout speed from 1.7G/s to 2G/s.  This patch further improves the speed
    to 2.3G/s, so around 15% improvement.  It's a multi-process test, so TLB
    flush isn't the biggest bottleneck before the patches.
    
    Signed-off-by: Shaohua Li <shli@fusionio.com>
    Cc: Hugh Dickins <hughd@google.com>
    Cc: Rik van Riel <riel@redhat.com>
    Cc: Minchan Kim <minchan.kim@gmail.com>
    Cc: Greg Kroah-Hartman <gregkh@linuxfoundation.org>
    Cc: Seth Jennings <sjenning@linux.vnet.ibm.com>
    Cc: Konrad Rzeszutek Wilk <konrad.wilk@oracle.com>
    Cc: Xiao Guangrong <xiaoguangrong@linux.vnet.ibm.com>
    Cc: Dan Magenheimer <dan.magenheimer@oracle.com>
    Signed-off-by: Andrew Morton <akpm@linux-foundation.org>

:040000 040000 3fe3d57e6f3b8e2bea9675edf45169a52043e657 572b7e9a4d6cdae2a41b2374c2ec4629022b7a0a M	include
:040000 040000 c46a38cc5c639cd285ed808ce56c8dfcbfb68b74 11e38bc499ad6c869e6fb03b459554891a506360 M	mm
bisect run success

2013-01-27-17:29:24 36e20dddc77e51bab6404e906a25eaa01cd47784 compiling
/home/wfg/mm

2013-01-27-17:29:52 detecting boot state 3.8.0-rc4-bisect3-06942-g36e20dd #29 ............................................................................................................................................................	10..............................................................................................................................................................	19	20.............................................................................................................................................................	28 SUCCESS

========= linux-next =========

2013-01-27-21:29:58 1587f71ebbf5aedf754062baa11fcc9e9b49ecf0 compiling
/home/wfg/mm

2013-01-27-21:32:26 detecting boot state 3.8.0-rc4-bisect3-next-20130125 #30 ........................................................................................................................................................	8	10 TEST FAILURE
ERROR# 1: /c/kernel-tests/bisect:59: main: $BISECT_TEST $KBUILD_OUTPUT

--opJtzjQTFsWo+cga
Content-Type: text/plain; charset=us-ascii
Content-Disposition: attachment; filename=".config-bisect"

#
# Automatically generated file; DO NOT EDIT.
# Linux/x86_64 3.8.0-rc4 Kernel Configuration
#
CONFIG_64BIT=y
CONFIG_X86_64=y
CONFIG_X86=y
CONFIG_INSTRUCTION_DECODER=y
CONFIG_OUTPUT_FORMAT="elf64-x86-64"
CONFIG_ARCH_DEFCONFIG="arch/x86/configs/x86_64_defconfig"
CONFIG_LOCKDEP_SUPPORT=y
CONFIG_STACKTRACE_SUPPORT=y
CONFIG_HAVE_LATENCYTOP_SUPPORT=y
CONFIG_MMU=y
CONFIG_NEED_DMA_MAP_STATE=y
CONFIG_NEED_SG_DMA_LENGTH=y
CONFIG_GENERIC_ISA_DMA=y
CONFIG_GENERIC_BUG=y
CONFIG_GENERIC_BUG_RELATIVE_POINTERS=y
CONFIG_GENERIC_HWEIGHT=y
CONFIG_ARCH_MAY_HAVE_PC_FDC=y
CONFIG_RWSEM_XCHGADD_ALGORITHM=y
CONFIG_GENERIC_CALIBRATE_DELAY=y
CONFIG_ARCH_HAS_CPU_RELAX=y
CONFIG_ARCH_HAS_DEFAULT_IDLE=y
CONFIG_ARCH_HAS_CACHE_LINE_SIZE=y
CONFIG_ARCH_HAS_CPU_AUTOPROBE=y
CONFIG_HAVE_SETUP_PER_CPU_AREA=y
CONFIG_NEED_PER_CPU_EMBED_FIRST_CHUNK=y
CONFIG_NEED_PER_CPU_PAGE_FIRST_CHUNK=y
CONFIG_ARCH_HIBERNATION_POSSIBLE=y
CONFIG_ARCH_SUSPEND_POSSIBLE=y
CONFIG_ZONE_DMA32=y
CONFIG_AUDIT_ARCH=y
CONFIG_ARCH_SUPPORTS_OPTIMIZED_INLINING=y
CONFIG_ARCH_SUPPORTS_DEBUG_PAGEALLOC=y
CONFIG_X86_64_SMP=y
CONFIG_X86_HT=y
CONFIG_ARCH_HWEIGHT_CFLAGS="-fcall-saved-rdi -fcall-saved-rsi -fcall-saved-rdx -fcall-saved-rcx -fcall-saved-r8 -fcall-saved-r9 -fcall-saved-r10 -fcall-saved-r11"
CONFIG_ARCH_CPU_PROBE_RELEASE=y
CONFIG_ARCH_SUPPORTS_UPROBES=y
CONFIG_DEFCONFIG_LIST="/lib/modules/$UNAME_RELEASE/.config"
CONFIG_IRQ_WORK=y
CONFIG_BUILDTIME_EXTABLE_SORT=y

#
# General setup
#
CONFIG_EXPERIMENTAL=y
CONFIG_INIT_ENV_ARG_LIMIT=32
CONFIG_CROSS_COMPILE=""
CONFIG_LOCALVERSION=""
CONFIG_LOCALVERSION_AUTO=y
CONFIG_HAVE_KERNEL_GZIP=y
CONFIG_HAVE_KERNEL_BZIP2=y
CONFIG_HAVE_KERNEL_LZMA=y
CONFIG_HAVE_KERNEL_XZ=y
CONFIG_HAVE_KERNEL_LZO=y
CONFIG_KERNEL_GZIP=y
# CONFIG_KERNEL_BZIP2 is not set
# CONFIG_KERNEL_LZMA is not set
# CONFIG_KERNEL_XZ is not set
# CONFIG_KERNEL_LZO is not set
CONFIG_DEFAULT_HOSTNAME="(none)"
CONFIG_SWAP=y
CONFIG_SYSVIPC=y
CONFIG_SYSVIPC_SYSCTL=y
CONFIG_POSIX_MQUEUE=y
CONFIG_POSIX_MQUEUE_SYSCTL=y
# CONFIG_FHANDLE is not set
# CONFIG_AUDIT is not set
CONFIG_HAVE_GENERIC_HARDIRQS=y

#
# IRQ subsystem
#
CONFIG_GENERIC_HARDIRQS=y
CONFIG_GENERIC_IRQ_PROBE=y
CONFIG_GENERIC_IRQ_SHOW=y
CONFIG_GENERIC_PENDING_IRQ=y
CONFIG_IRQ_DOMAIN=y
# CONFIG_IRQ_DOMAIN_DEBUG is not set
CONFIG_IRQ_FORCED_THREADING=y
CONFIG_SPARSE_IRQ=y
CONFIG_CLOCKSOURCE_WATCHDOG=y
CONFIG_ARCH_CLOCKSOURCE_DATA=y
CONFIG_GENERIC_TIME_VSYSCALL=y
CONFIG_GENERIC_CLOCKEVENTS=y
CONFIG_GENERIC_CLOCKEVENTS_BUILD=y
CONFIG_GENERIC_CLOCKEVENTS_BROADCAST=y
CONFIG_GENERIC_CLOCKEVENTS_MIN_ADJUST=y
CONFIG_GENERIC_CMOS_UPDATE=y

#
# Timers subsystem
#
CONFIG_TICK_ONESHOT=y
CONFIG_NO_HZ=y
CONFIG_HIGH_RES_TIMERS=y

#
# CPU/Task time and stats accounting
#
CONFIG_TICK_CPU_ACCOUNTING=y
# CONFIG_IRQ_TIME_ACCOUNTING is not set
CONFIG_BSD_PROCESS_ACCT=y
# CONFIG_BSD_PROCESS_ACCT_V3 is not set
CONFIG_TASKSTATS=y
CONFIG_TASK_DELAY_ACCT=y
# CONFIG_TASK_XACCT is not set

#
# RCU Subsystem
#
CONFIG_TREE_RCU=y
# CONFIG_PREEMPT_RCU is not set
CONFIG_RCU_STALL_COMMON=y
# CONFIG_RCU_USER_QS is not set
CONFIG_RCU_FANOUT=64
CONFIG_RCU_FANOUT_LEAF=16
# CONFIG_RCU_FANOUT_EXACT is not set
# CONFIG_RCU_FAST_NO_HZ is not set
CONFIG_TREE_RCU_TRACE=y
# CONFIG_RCU_NOCB_CPU is not set
CONFIG_IKCONFIG=y
# CONFIG_IKCONFIG_PROC is not set
CONFIG_LOG_BUF_SHIFT=17
CONFIG_HAVE_UNSTABLE_SCHED_CLOCK=y
CONFIG_ARCH_SUPPORTS_NUMA_BALANCING=y
CONFIG_ARCH_WANTS_PROT_NUMA_PROT_NONE=y
CONFIG_CGROUPS=y
# CONFIG_CGROUP_DEBUG is not set
# CONFIG_CGROUP_FREEZER is not set
# CONFIG_CGROUP_DEVICE is not set
CONFIG_CPUSETS=y
CONFIG_PROC_PID_CPUSET=y
# CONFIG_CGROUP_CPUACCT is not set
CONFIG_RESOURCE_COUNTERS=y
# CONFIG_MEMCG is not set
# CONFIG_CGROUP_HUGETLB is not set
# CONFIG_CGROUP_PERF is not set
CONFIG_CGROUP_SCHED=y
CONFIG_FAIR_GROUP_SCHED=y
# CONFIG_CFS_BANDWIDTH is not set
# CONFIG_RT_GROUP_SCHED is not set
# CONFIG_BLK_CGROUP is not set
# CONFIG_CHECKPOINT_RESTORE is not set
CONFIG_NAMESPACES=y
# CONFIG_UTS_NS is not set
# CONFIG_IPC_NS is not set
# CONFIG_PID_NS is not set
# CONFIG_NET_NS is not set
# CONFIG_SCHED_AUTOGROUP is not set
# CONFIG_SYSFS_DEPRECATED is not set
CONFIG_RELAY=y
CONFIG_BLK_DEV_INITRD=y
CONFIG_INITRAMFS_SOURCE=""
CONFIG_RD_GZIP=y
CONFIG_RD_BZIP2=y
CONFIG_RD_LZMA=y
CONFIG_RD_XZ=y
CONFIG_RD_LZO=y
CONFIG_CC_OPTIMIZE_FOR_SIZE=y
CONFIG_SYSCTL=y
CONFIG_ANON_INODES=y
# CONFIG_EXPERT is not set
CONFIG_HAVE_UID16=y
CONFIG_UID16=y
# CONFIG_SYSCTL_SYSCALL is not set
CONFIG_SYSCTL_EXCEPTION_TRACE=y
CONFIG_KALLSYMS=y
CONFIG_KALLSYMS_ALL=y
CONFIG_HOTPLUG=y
CONFIG_PRINTK=y
CONFIG_BUG=y
CONFIG_ELF_CORE=y
CONFIG_PCSPKR_PLATFORM=y
CONFIG_HAVE_PCSPKR_PLATFORM=y
CONFIG_BASE_FULL=y
CONFIG_FUTEX=y
CONFIG_EPOLL=y
CONFIG_SIGNALFD=y
CONFIG_TIMERFD=y
CONFIG_EVENTFD=y
CONFIG_SHMEM=y
CONFIG_AIO=y
# CONFIG_EMBEDDED is not set
CONFIG_HAVE_PERF_EVENTS=y

#
# Kernel Performance Events And Counters
#
CONFIG_PERF_EVENTS=y
# CONFIG_DEBUG_PERF_USE_VMALLOC is not set
CONFIG_VM_EVENT_COUNTERS=y
CONFIG_PCI_QUIRKS=y
CONFIG_SLUB_DEBUG=y
CONFIG_COMPAT_BRK=y
# CONFIG_SLAB is not set
CONFIG_SLUB=y
CONFIG_PROFILING=y
CONFIG_TRACEPOINTS=y
CONFIG_OPROFILE=y
# CONFIG_OPROFILE_EVENT_MULTIPLEX is not set
CONFIG_HAVE_OPROFILE=y
CONFIG_OPROFILE_NMI_TIMER=y
CONFIG_KPROBES=y
# CONFIG_JUMP_LABEL is not set
CONFIG_OPTPROBES=y
CONFIG_KPROBES_ON_FTRACE=y
CONFIG_HAVE_EFFICIENT_UNALIGNED_ACCESS=y
CONFIG_ARCH_USE_BUILTIN_BSWAP=y
CONFIG_KRETPROBES=y
CONFIG_HAVE_IOREMAP_PROT=y
CONFIG_HAVE_KPROBES=y
CONFIG_HAVE_KRETPROBES=y
CONFIG_HAVE_OPTPROBES=y
CONFIG_HAVE_KPROBES_ON_FTRACE=y
CONFIG_HAVE_ARCH_TRACEHOOK=y
CONFIG_HAVE_DMA_ATTRS=y
CONFIG_USE_GENERIC_SMP_HELPERS=y
CONFIG_GENERIC_SMP_IDLE_THREAD=y
CONFIG_HAVE_REGS_AND_STACK_ACCESS_API=y
CONFIG_HAVE_DMA_API_DEBUG=y
CONFIG_HAVE_HW_BREAKPOINT=y
CONFIG_HAVE_MIXED_BREAKPOINTS_REGS=y
CONFIG_HAVE_USER_RETURN_NOTIFIER=y
CONFIG_HAVE_PERF_EVENTS_NMI=y
CONFIG_HAVE_PERF_REGS=y
CONFIG_HAVE_PERF_USER_STACK_DUMP=y
CONFIG_HAVE_ARCH_JUMP_LABEL=y
CONFIG_ARCH_HAVE_NMI_SAFE_CMPXCHG=y
CONFIG_HAVE_ALIGNED_STRUCT_PAGE=y
CONFIG_HAVE_CMPXCHG_LOCAL=y
CONFIG_HAVE_CMPXCHG_DOUBLE=y
CONFIG_ARCH_WANT_COMPAT_IPC_PARSE_VERSION=y
CONFIG_ARCH_WANT_OLD_COMPAT_IPC=y
CONFIG_HAVE_ARCH_SECCOMP_FILTER=y
CONFIG_HAVE_CONTEXT_TRACKING=y
CONFIG_HAVE_IRQ_TIME_ACCOUNTING=y
CONFIG_HAVE_ARCH_TRANSPARENT_HUGEPAGE=y
CONFIG_MODULES_USE_ELF_RELA=y
CONFIG_OLD_SIGSUSPEND3=y
CONFIG_COMPAT_OLD_SIGACTION=y

#
# GCOV-based kernel profiling
#
# CONFIG_GCOV_KERNEL is not set
# CONFIG_HAVE_GENERIC_DMA_COHERENT is not set
CONFIG_SLABINFO=y
CONFIG_RT_MUTEXES=y
CONFIG_BASE_SMALL=0
# CONFIG_SYSTEM_TRUSTED_KEYRING is not set
CONFIG_MODULES=y
# CONFIG_MODULE_FORCE_LOAD is not set
CONFIG_MODULE_UNLOAD=y
# CONFIG_MODULE_FORCE_UNLOAD is not set
CONFIG_MODVERSIONS=y
CONFIG_MODULE_SRCVERSION_ALL=y
# CONFIG_MODULE_SIG is not set
CONFIG_STOP_MACHINE=y
CONFIG_BLOCK=y
CONFIG_BLK_DEV_BSG=y
CONFIG_BLK_DEV_BSGLIB=y
# CONFIG_BLK_DEV_INTEGRITY is not set

#
# Partition Types
#
CONFIG_PARTITION_ADVANCED=y
# CONFIG_ACORN_PARTITION is not set
CONFIG_OSF_PARTITION=y
CONFIG_AMIGA_PARTITION=y
# CONFIG_ATARI_PARTITION is not set
CONFIG_MAC_PARTITION=y
CONFIG_MSDOS_PARTITION=y
CONFIG_BSD_DISKLABEL=y
CONFIG_MINIX_SUBPARTITION=y
CONFIG_SOLARIS_X86_PARTITION=y
CONFIG_UNIXWARE_DISKLABEL=y
# CONFIG_LDM_PARTITION is not set
CONFIG_SGI_PARTITION=y
# CONFIG_ULTRIX_PARTITION is not set
CONFIG_SUN_PARTITION=y
CONFIG_KARMA_PARTITION=y
CONFIG_EFI_PARTITION=y
# CONFIG_SYSV68_PARTITION is not set
CONFIG_BLOCK_COMPAT=y

#
# IO Schedulers
#
CONFIG_IOSCHED_NOOP=y
CONFIG_IOSCHED_DEADLINE=y
CONFIG_IOSCHED_CFQ=y
# CONFIG_DEFAULT_DEADLINE is not set
CONFIG_DEFAULT_CFQ=y
# CONFIG_DEFAULT_NOOP is not set
CONFIG_DEFAULT_IOSCHED="cfq"
CONFIG_UNINLINE_SPIN_UNLOCK=y
CONFIG_FREEZER=y

#
# Processor type and features
#
CONFIG_ZONE_DMA=y
CONFIG_SMP=y
CONFIG_X86_MPPARSE=y
CONFIG_X86_EXTENDED_PLATFORM=y
# CONFIG_X86_VSMP is not set
# CONFIG_X86_INTEL_LPSS is not set
CONFIG_X86_SUPPORTS_MEMORY_FAILURE=y
# CONFIG_SCHED_OMIT_FRAME_POINTER is not set
# CONFIG_KVMTOOL_TEST_ENABLE is not set
CONFIG_PARAVIRT_GUEST=y
# CONFIG_PARAVIRT_TIME_ACCOUNTING is not set
# CONFIG_XEN is not set
# CONFIG_XEN_PRIVILEGED_GUEST is not set
CONFIG_KVM_GUEST=y
CONFIG_PARAVIRT=y
# CONFIG_PARAVIRT_SPINLOCKS is not set
CONFIG_PARAVIRT_CLOCK=y
# CONFIG_PARAVIRT_DEBUG is not set
CONFIG_NO_BOOTMEM=y
# CONFIG_MEMTEST is not set
# CONFIG_MK8 is not set
# CONFIG_MPSC is not set
# CONFIG_MCORE2 is not set
# CONFIG_MATOM is not set
CONFIG_GENERIC_CPU=y
CONFIG_X86_INTERNODE_CACHE_SHIFT=6
CONFIG_X86_L1_CACHE_SHIFT=6
CONFIG_X86_TSC=y
CONFIG_X86_CMPXCHG64=y
CONFIG_X86_CMOV=y
CONFIG_X86_MINIMUM_CPU_FAMILY=64
CONFIG_X86_DEBUGCTLMSR=y
CONFIG_CPU_SUP_INTEL=y
CONFIG_CPU_SUP_AMD=y
CONFIG_CPU_SUP_CENTAUR=y
CONFIG_HPET_TIMER=y
CONFIG_DMI=y
CONFIG_GART_IOMMU=y
# CONFIG_CALGARY_IOMMU is not set
CONFIG_SWIOTLB=y
CONFIG_IOMMU_HELPER=y
# CONFIG_MAXSMP is not set
CONFIG_NR_CPUS=32
CONFIG_SCHED_SMT=y
CONFIG_SCHED_MC=y
CONFIG_PREEMPT_NONE=y
# CONFIG_PREEMPT_VOLUNTARY is not set
# CONFIG_PREEMPT is not set
CONFIG_PREEMPT_COUNT=y
CONFIG_X86_LOCAL_APIC=y
CONFIG_X86_IO_APIC=y
# CONFIG_X86_REROUTE_FOR_BROKEN_BOOT_IRQS is not set
CONFIG_X86_MCE=y
CONFIG_X86_MCE_INTEL=y
CONFIG_X86_MCE_AMD=y
CONFIG_X86_MCE_THRESHOLD=y
# CONFIG_X86_MCE_INJECT is not set
CONFIG_X86_THERMAL_VECTOR=y
# CONFIG_I8K is not set
# CONFIG_MICROCODE is not set
# CONFIG_X86_MSR is not set
# CONFIG_X86_CPUID is not set
CONFIG_ARCH_PHYS_ADDR_T_64BIT=y
CONFIG_ARCH_DMA_ADDR_T_64BIT=y
CONFIG_DIRECT_GBPAGES=y
# CONFIG_NUMA is not set
CONFIG_ARCH_SPARSEMEM_ENABLE=y
CONFIG_ARCH_SPARSEMEM_DEFAULT=y
CONFIG_ARCH_SELECT_MEMORY_MODEL=y
CONFIG_ARCH_PROC_KCORE_TEXT=y
CONFIG_ILLEGAL_POINTER_VALUE=0xdead000000000000
CONFIG_SELECT_MEMORY_MODEL=y
CONFIG_SPARSEMEM_MANUAL=y
CONFIG_SPARSEMEM=y
CONFIG_HAVE_MEMORY_PRESENT=y
CONFIG_SPARSEMEM_EXTREME=y
CONFIG_SPARSEMEM_VMEMMAP_ENABLE=y
CONFIG_SPARSEMEM_ALLOC_MEM_MAP_TOGETHER=y
CONFIG_SPARSEMEM_VMEMMAP=y
CONFIG_HAVE_MEMBLOCK=y
CONFIG_HAVE_MEMBLOCK_NODE_MAP=y
CONFIG_ARCH_DISCARD_MEMBLOCK=y
# CONFIG_HAVE_BOOTMEM_INFO_NODE is not set
# CONFIG_MEMORY_HOTPLUG is not set
CONFIG_PAGEFLAGS_EXTENDED=y
CONFIG_SPLIT_PTLOCK_CPUS=999999
CONFIG_BALLOON_COMPACTION=y
CONFIG_COMPACTION=y
CONFIG_MIGRATION=y
CONFIG_PHYS_ADDR_T_64BIT=y
CONFIG_ZONE_DMA_FLAG=1
CONFIG_BOUNCE=y
CONFIG_VIRT_TO_BUS=y
# CONFIG_KSM is not set
CONFIG_DEFAULT_MMAP_MIN_ADDR=4096
CONFIG_ARCH_SUPPORTS_MEMORY_FAILURE=y
# CONFIG_MEMORY_FAILURE is not set
CONFIG_TRANSPARENT_HUGEPAGE=y
CONFIG_TRANSPARENT_HUGEPAGE_ALWAYS=y
# CONFIG_TRANSPARENT_HUGEPAGE_MADVISE is not set
CONFIG_CROSS_MEMORY_ATTACH=y
# CONFIG_CLEANCACHE is not set
# CONFIG_FRONTSWAP is not set
# CONFIG_X86_CHECK_BIOS_CORRUPTION is not set
CONFIG_X86_RESERVE_LOW=64
CONFIG_MTRR=y
# CONFIG_MTRR_SANITIZER is not set
CONFIG_X86_PAT=y
CONFIG_ARCH_USES_PG_UNCACHED=y
CONFIG_ARCH_RANDOM=y
CONFIG_X86_SMAP=y
# CONFIG_EFI is not set
# CONFIG_SECCOMP is not set
# CONFIG_CC_STACKPROTECTOR is not set
# CONFIG_HZ_100 is not set
CONFIG_HZ_250=y
# CONFIG_HZ_300 is not set
# CONFIG_HZ_1000 is not set
CONFIG_HZ=250
CONFIG_SCHED_HRTICK=y
CONFIG_KEXEC=y
# CONFIG_CRASH_DUMP is not set
# CONFIG_KEXEC_JUMP is not set
CONFIG_PHYSICAL_START=0x1000000
CONFIG_RELOCATABLE=y
CONFIG_PHYSICAL_ALIGN=0x1000000
CONFIG_HOTPLUG_CPU=y
# CONFIG_BOOTPARAM_HOTPLUG_CPU0 is not set
# CONFIG_DEBUG_HOTPLUG_CPU0 is not set
CONFIG_COMPAT_VDSO=y
# CONFIG_CMDLINE_BOOL is not set
CONFIG_ARCH_ENABLE_MEMORY_HOTPLUG=y

#
# Power management and ACPI options
#
CONFIG_ARCH_HIBERNATION_HEADER=y
CONFIG_SUSPEND=y
CONFIG_SUSPEND_FREEZER=y
CONFIG_HIBERNATE_CALLBACKS=y
CONFIG_HIBERNATION=y
CONFIG_PM_STD_PARTITION=""
CONFIG_PM_SLEEP=y
CONFIG_PM_SLEEP_SMP=y
# CONFIG_PM_AUTOSLEEP is not set
# CONFIG_PM_WAKELOCKS is not set
CONFIG_PM_RUNTIME=y
CONFIG_PM=y
CONFIG_PM_DEBUG=y
CONFIG_PM_ADVANCED_DEBUG=y
CONFIG_PM_TEST_SUSPEND=y
CONFIG_PM_SLEEP_DEBUG=y
# CONFIG_PM_TRACE_RTC is not set
CONFIG_ACPI=y
CONFIG_ACPI_SLEEP=y
CONFIG_ACPI_PROCFS=y
CONFIG_ACPI_PROCFS_POWER=y
# CONFIG_ACPI_EC_DEBUGFS is not set
CONFIG_ACPI_PROC_EVENT=y
CONFIG_ACPI_AC=y
CONFIG_ACPI_BATTERY=y
CONFIG_ACPI_BUTTON=y
CONFIG_ACPI_VIDEO=m
CONFIG_ACPI_FAN=y
CONFIG_ACPI_DOCK=y
CONFIG_ACPI_I2C=y
CONFIG_ACPI_PROCESSOR=y
CONFIG_ACPI_HOTPLUG_CPU=y
# CONFIG_ACPI_PROCESSOR_AGGREGATOR is not set
CONFIG_ACPI_THERMAL=y
# CONFIG_ACPI_CUSTOM_DSDT is not set
# CONFIG_ACPI_INITRD_TABLE_OVERRIDE is not set
CONFIG_ACPI_BLACKLIST_YEAR=0
# CONFIG_ACPI_DEBUG is not set
# CONFIG_ACPI_PCI_SLOT is not set
CONFIG_X86_PM_TIMER=y
CONFIG_ACPI_CONTAINER=y
# CONFIG_ACPI_SBS is not set
# CONFIG_ACPI_HED is not set
# CONFIG_ACPI_CUSTOM_METHOD is not set
# CONFIG_ACPI_APEI is not set
# CONFIG_SFI is not set

#
# CPU Frequency scaling
#
CONFIG_CPU_FREQ=y
CONFIG_CPU_FREQ_TABLE=y
CONFIG_CPU_FREQ_GOV_COMMON=y
CONFIG_CPU_FREQ_STAT=y
CONFIG_CPU_FREQ_STAT_DETAILS=y
# CONFIG_CPU_FREQ_DEFAULT_GOV_PERFORMANCE is not set
CONFIG_CPU_FREQ_DEFAULT_GOV_USERSPACE=y
# CONFIG_CPU_FREQ_DEFAULT_GOV_ONDEMAND is not set
# CONFIG_CPU_FREQ_DEFAULT_GOV_CONSERVATIVE is not set
CONFIG_CPU_FREQ_GOV_PERFORMANCE=y
CONFIG_CPU_FREQ_GOV_POWERSAVE=y
CONFIG_CPU_FREQ_GOV_USERSPACE=y
CONFIG_CPU_FREQ_GOV_ONDEMAND=y
CONFIG_CPU_FREQ_GOV_CONSERVATIVE=y

#
# x86 CPU frequency scaling drivers
#
# CONFIG_X86_PCC_CPUFREQ is not set
CONFIG_X86_ACPI_CPUFREQ=y
CONFIG_X86_ACPI_CPUFREQ_CPB=y
CONFIG_X86_POWERNOW_K8=y
CONFIG_X86_SPEEDSTEP_CENTRINO=y
# CONFIG_X86_P4_CLOCKMOD is not set

#
# shared options
#
# CONFIG_X86_SPEEDSTEP_LIB is not set
CONFIG_CPU_IDLE=y
# CONFIG_CPU_IDLE_MULTIPLE_DRIVERS is not set
CONFIG_CPU_IDLE_GOV_LADDER=y
CONFIG_CPU_IDLE_GOV_MENU=y
# CONFIG_ARCH_NEEDS_CPU_IDLE_COUPLED is not set
# CONFIG_INTEL_IDLE is not set

#
# Memory power savings
#
# CONFIG_I7300_IDLE is not set

#
# Bus options (PCI etc.)
#
CONFIG_PCI=y
CONFIG_PCI_DIRECT=y
CONFIG_PCI_MMCONFIG=y
CONFIG_PCI_DOMAINS=y
CONFIG_PCIEPORTBUS=y
CONFIG_HOTPLUG_PCI_PCIE=y
CONFIG_PCIEAER=y
# CONFIG_PCIE_ECRC is not set
# CONFIG_PCIEAER_INJECT is not set
CONFIG_PCIEASPM=y
CONFIG_PCIEASPM_DEBUG=y
CONFIG_PCIEASPM_DEFAULT=y
# CONFIG_PCIEASPM_POWERSAVE is not set
# CONFIG_PCIEASPM_PERFORMANCE is not set
CONFIG_PCIE_PME=y
CONFIG_ARCH_SUPPORTS_MSI=y
CONFIG_PCI_MSI=y
# CONFIG_PCI_DEBUG is not set
# CONFIG_PCI_REALLOC_ENABLE_AUTO is not set
# CONFIG_PCI_STUB is not set
CONFIG_HT_IRQ=y
# CONFIG_PCI_IOV is not set
# CONFIG_PCI_PRI is not set
# CONFIG_PCI_PASID is not set
CONFIG_PCI_IOAPIC=y
CONFIG_PCI_LABEL=y
CONFIG_ISA_DMA_API=y
CONFIG_AMD_NB=y
CONFIG_PCCARD=y
CONFIG_PCMCIA=y
CONFIG_PCMCIA_LOAD_CIS=y
CONFIG_CARDBUS=y

#
# PC-card bridges
#
CONFIG_YENTA=y
CONFIG_YENTA_O2=y
CONFIG_YENTA_RICOH=y
CONFIG_YENTA_TI=y
CONFIG_YENTA_ENE_TUNE=y
CONFIG_YENTA_TOSHIBA=y
# CONFIG_PD6729 is not set
# CONFIG_I82092 is not set
CONFIG_PCCARD_NONSTATIC=y
CONFIG_HOTPLUG_PCI=y
CONFIG_HOTPLUG_PCI_ACPI=y
# CONFIG_HOTPLUG_PCI_ACPI_IBM is not set
# CONFIG_HOTPLUG_PCI_CPCI is not set
# CONFIG_HOTPLUG_PCI_SHPC is not set
# CONFIG_RAPIDIO is not set

#
# Executable file formats / Emulations
#
CONFIG_BINFMT_ELF=y
CONFIG_COMPAT_BINFMT_ELF=y
CONFIG_ARCH_BINFMT_ELF_RANDOMIZE_PIE=y
# CONFIG_CORE_DUMP_DEFAULT_ELF_HEADERS is not set
# CONFIG_HAVE_AOUT is not set
CONFIG_BINFMT_MISC=y
CONFIG_COREDUMP=y
CONFIG_IA32_EMULATION=y
CONFIG_IA32_AOUT=y
# CONFIG_X86_X32 is not set
CONFIG_COMPAT=y
CONFIG_COMPAT_FOR_U64_ALIGNMENT=y
CONFIG_SYSVIPC_COMPAT=y
CONFIG_KEYS_COMPAT=y
CONFIG_HAVE_TEXT_POKE_SMP=y
CONFIG_X86_DEV_DMA_OPS=y
CONFIG_NET=y

#
# Networking options
#
CONFIG_PACKET=y
# CONFIG_PACKET_DIAG is not set
CONFIG_UNIX=y
# CONFIG_UNIX_DIAG is not set
CONFIG_XFRM=y
CONFIG_XFRM_ALGO=y
CONFIG_XFRM_USER=y
# CONFIG_XFRM_SUB_POLICY is not set
# CONFIG_XFRM_MIGRATE is not set
# CONFIG_XFRM_STATISTICS is not set
# CONFIG_NET_KEY is not set
CONFIG_INET=y
CONFIG_IP_MULTICAST=y
CONFIG_IP_ADVANCED_ROUTER=y
# CONFIG_IP_FIB_TRIE_STATS is not set
CONFIG_IP_MULTIPLE_TABLES=y
CONFIG_IP_ROUTE_MULTIPATH=y
CONFIG_IP_ROUTE_VERBOSE=y
CONFIG_IP_PNP=y
CONFIG_IP_PNP_DHCP=y
CONFIG_IP_PNP_BOOTP=y
CONFIG_IP_PNP_RARP=y
# CONFIG_NET_IPIP is not set
# CONFIG_NET_IPGRE_DEMUX is not set
CONFIG_IP_MROUTE=y
# CONFIG_IP_MROUTE_MULTIPLE_TABLES is not set
CONFIG_IP_PIMSM_V1=y
CONFIG_IP_PIMSM_V2=y
# CONFIG_ARPD is not set
CONFIG_SYN_COOKIES=y
# CONFIG_INET_AH is not set
# CONFIG_INET_ESP is not set
# CONFIG_INET_IPCOMP is not set
# CONFIG_INET_XFRM_TUNNEL is not set
CONFIG_INET_TUNNEL=y
# CONFIG_INET_XFRM_MODE_TRANSPORT is not set
# CONFIG_INET_XFRM_MODE_TUNNEL is not set
CONFIG_INET_XFRM_MODE_BEET=y
# CONFIG_INET_LRO is not set
# CONFIG_INET_DIAG is not set
CONFIG_TCP_CONG_ADVANCED=y
CONFIG_TCP_CONG_BIC=y
# CONFIG_TCP_CONG_CUBIC is not set
# CONFIG_TCP_CONG_WESTWOOD is not set
# CONFIG_TCP_CONG_HTCP is not set
# CONFIG_TCP_CONG_HSTCP is not set
# CONFIG_TCP_CONG_HYBLA is not set
# CONFIG_TCP_CONG_VEGAS is not set
# CONFIG_TCP_CONG_SCALABLE is not set
# CONFIG_TCP_CONG_LP is not set
# CONFIG_TCP_CONG_VENO is not set
# CONFIG_TCP_CONG_YEAH is not set
# CONFIG_TCP_CONG_ILLINOIS is not set
CONFIG_DEFAULT_BIC=y
# CONFIG_DEFAULT_RENO is not set
CONFIG_DEFAULT_TCP_CONG="bic"
# CONFIG_TCP_MD5SIG is not set
CONFIG_IPV6=y
# CONFIG_IPV6_PRIVACY is not set
# CONFIG_IPV6_ROUTER_PREF is not set
# CONFIG_IPV6_OPTIMISTIC_DAD is not set
# CONFIG_INET6_AH is not set
# CONFIG_INET6_ESP is not set
# CONFIG_INET6_IPCOMP is not set
# CONFIG_IPV6_MIP6 is not set
# CONFIG_INET6_XFRM_TUNNEL is not set
# CONFIG_INET6_TUNNEL is not set
CONFIG_INET6_XFRM_MODE_TRANSPORT=y
CONFIG_INET6_XFRM_MODE_TUNNEL=y
CONFIG_INET6_XFRM_MODE_BEET=y
# CONFIG_INET6_XFRM_MODE_ROUTEOPTIMIZATION is not set
CONFIG_IPV6_SIT=y
# CONFIG_IPV6_SIT_6RD is not set
CONFIG_IPV6_NDISC_NODETYPE=y
# CONFIG_IPV6_TUNNEL is not set
# CONFIG_IPV6_GRE is not set
# CONFIG_IPV6_MULTIPLE_TABLES is not set
# CONFIG_IPV6_MROUTE is not set
CONFIG_NETWORK_SECMARK=y
# CONFIG_NETWORK_PHY_TIMESTAMPING is not set
# CONFIG_NETFILTER is not set
# CONFIG_IP_DCCP is not set
CONFIG_IP_SCTP=y
# CONFIG_NET_SCTPPROBE is not set
# CONFIG_SCTP_DBG_MSG is not set
# CONFIG_SCTP_DBG_OBJCNT is not set
CONFIG_SCTP_DEFAULT_COOKIE_HMAC_MD5=y
# CONFIG_SCTP_DEFAULT_COOKIE_HMAC_SHA1 is not set
# CONFIG_SCTP_DEFAULT_COOKIE_HMAC_NONE is not set
CONFIG_SCTP_COOKIE_HMAC_MD5=y
# CONFIG_SCTP_COOKIE_HMAC_SHA1 is not set
# CONFIG_RDS is not set
# CONFIG_TIPC is not set
# CONFIG_ATM is not set
# CONFIG_L2TP is not set
# CONFIG_BRIDGE is not set
CONFIG_HAVE_NET_DSA=y
CONFIG_VLAN_8021Q=y
# CONFIG_VLAN_8021Q_GVRP is not set
# CONFIG_DECNET is not set
# CONFIG_LLC2 is not set
# CONFIG_IPX is not set
# CONFIG_ATALK is not set
# CONFIG_X25 is not set
# CONFIG_LAPB is not set
# CONFIG_WAN_ROUTER is not set
# CONFIG_PHONET is not set
# CONFIG_IEEE802154 is not set
# CONFIG_NET_SCHED is not set
# CONFIG_DCB is not set
CONFIG_DNS_RESOLVER=y
# CONFIG_BATMAN_ADV is not set
# CONFIG_OPENVSWITCH is not set
CONFIG_RPS=y
CONFIG_RFS_ACCEL=y
CONFIG_XPS=y
# CONFIG_NETPRIO_CGROUP is not set
CONFIG_BQL=y
# CONFIG_BPF_JIT is not set

#
# Network testing
#
# CONFIG_NET_PKTGEN is not set
# CONFIG_NET_TCPPROBE is not set
# CONFIG_NET_DROP_MONITOR is not set
# CONFIG_HAMRADIO is not set
# CONFIG_CAN is not set
# CONFIG_IRDA is not set
# CONFIG_BT is not set
# CONFIG_AF_RXRPC is not set
CONFIG_FIB_RULES=y
CONFIG_WIRELESS=y
# CONFIG_CFG80211 is not set
# CONFIG_LIB80211 is not set

#
# CFG80211 needs to be enabled for MAC80211
#
# CONFIG_WIMAX is not set
# CONFIG_RFKILL is not set
# CONFIG_NET_9P is not set
# CONFIG_CAIF is not set
# CONFIG_CEPH_LIB is not set
# CONFIG_NFC is not set
CONFIG_HAVE_BPF_JIT=y

#
# Device Drivers
#

#
# Generic Driver Options
#
CONFIG_UEVENT_HELPER_PATH="/sbin/hotplug"
CONFIG_DEVTMPFS=y
# CONFIG_DEVTMPFS_MOUNT is not set
CONFIG_STANDALONE=y
CONFIG_PREVENT_FIRMWARE_BUILD=y
CONFIG_FW_LOADER=y
CONFIG_FIRMWARE_IN_KERNEL=y
CONFIG_EXTRA_FIRMWARE=""
# CONFIG_DEBUG_DRIVER is not set
# CONFIG_DEBUG_DEVRES is not set
# CONFIG_SYS_HYPERVISOR is not set
# CONFIG_GENERIC_CPU_DEVICES is not set
CONFIG_DMA_SHARED_BUFFER=y

#
# Bus devices
#
CONFIG_CONNECTOR=y
CONFIG_PROC_EVENTS=y
# CONFIG_MTD is not set
# CONFIG_PARPORT is not set
CONFIG_PNP=y
CONFIG_PNP_DEBUG_MESSAGES=y

#
# Protocols
#
CONFIG_PNPACPI=y
CONFIG_BLK_DEV=y
# CONFIG_BLK_DEV_FD is not set
# CONFIG_BLK_DEV_PCIESSD_MTIP32XX is not set
# CONFIG_BLK_CPQ_DA is not set
# CONFIG_BLK_CPQ_CISS_DA is not set
# CONFIG_BLK_DEV_DAC960 is not set
# CONFIG_BLK_DEV_UMEM is not set
# CONFIG_BLK_DEV_COW_COMMON is not set
CONFIG_BLK_DEV_LOOP=y
CONFIG_BLK_DEV_LOOP_MIN_COUNT=8
# CONFIG_BLK_DEV_CRYPTOLOOP is not set
# CONFIG_BLK_DEV_DRBD is not set
# CONFIG_BLK_DEV_NBD is not set
# CONFIG_BLK_DEV_NVME is not set
# CONFIG_BLK_DEV_SX8 is not set
CONFIG_BLK_DEV_RAM=y
CONFIG_BLK_DEV_RAM_COUNT=16
CONFIG_BLK_DEV_RAM_SIZE=16384
# CONFIG_BLK_DEV_XIP is not set
# CONFIG_CDROM_PKTCDVD is not set
# CONFIG_ATA_OVER_ETH is not set
CONFIG_VIRTIO_BLK=y
# CONFIG_BLK_DEV_HD is not set
# CONFIG_BLK_DEV_RBD is not set

#
# Misc devices
#
# CONFIG_SENSORS_LIS3LV02D is not set
# CONFIG_AD525X_DPOT is not set
# CONFIG_IBM_ASM is not set
# CONFIG_PHANTOM is not set
# CONFIG_INTEL_MID_PTI is not set
# CONFIG_SGI_IOC4 is not set
# CONFIG_TIFM_CORE is not set
# CONFIG_ICS932S401 is not set
# CONFIG_ATMEL_SSC is not set
# CONFIG_ENCLOSURE_SERVICES is not set
# CONFIG_HP_ILO is not set
# CONFIG_APDS9802ALS is not set
# CONFIG_ISL29003 is not set
# CONFIG_ISL29020 is not set
# CONFIG_SENSORS_TSL2550 is not set
# CONFIG_SENSORS_BH1780 is not set
# CONFIG_SENSORS_BH1770 is not set
# CONFIG_SENSORS_APDS990X is not set
# CONFIG_HMC6352 is not set
# CONFIG_DS1682 is not set
# CONFIG_VMWARE_BALLOON is not set
# CONFIG_BMP085_I2C is not set
# CONFIG_PCH_PHUB is not set
# CONFIG_USB_SWITCH_FSA9480 is not set
# CONFIG_C2PORT is not set

#
# EEPROM support
#
# CONFIG_EEPROM_AT24 is not set
# CONFIG_EEPROM_LEGACY is not set
# CONFIG_EEPROM_MAX6875 is not set
# CONFIG_EEPROM_93CX6 is not set
# CONFIG_CB710_CORE is not set

#
# Texas Instruments shared transport line discipline
#
# CONFIG_SENSORS_LIS3_I2C is not set

#
# Altera FPGA firmware download module
#
# CONFIG_ALTERA_STAPL is not set
# CONFIG_INTEL_MEI is not set
# CONFIG_VMWARE_VMCI is not set
CONFIG_HAVE_IDE=y
CONFIG_IDE=y

#
# Please see Documentation/ide/ide.txt for help/info on IDE drives
#
CONFIG_IDE_XFER_MODE=y
CONFIG_IDE_TIMINGS=y
CONFIG_IDE_ATAPI=y
# CONFIG_BLK_DEV_IDE_SATA is not set
CONFIG_IDE_GD=y
CONFIG_IDE_GD_ATA=y
# CONFIG_IDE_GD_ATAPI is not set
# CONFIG_BLK_DEV_IDECS is not set
# CONFIG_BLK_DEV_DELKIN is not set
CONFIG_BLK_DEV_IDECD=y
CONFIG_BLK_DEV_IDECD_VERBOSE_ERRORS=y
# CONFIG_BLK_DEV_IDETAPE is not set
# CONFIG_BLK_DEV_IDEACPI is not set
CONFIG_IDE_TASK_IOCTL=y
CONFIG_IDE_PROC_FS=y

#
# IDE chipset support/bugfixes
#
CONFIG_IDE_GENERIC=y
# CONFIG_BLK_DEV_PLATFORM is not set
CONFIG_BLK_DEV_CMD640=y
CONFIG_BLK_DEV_CMD640_ENHANCED=y
CONFIG_BLK_DEV_IDEPNP=y
CONFIG_BLK_DEV_IDEDMA_SFF=y

#
# PCI IDE chipsets support
#
CONFIG_BLK_DEV_IDEPCI=y
CONFIG_IDEPCI_PCIBUS_ORDER=y
# CONFIG_BLK_DEV_OFFBOARD is not set
CONFIG_BLK_DEV_GENERIC=y
# CONFIG_BLK_DEV_OPTI621 is not set
CONFIG_BLK_DEV_RZ1000=y
CONFIG_BLK_DEV_IDEDMA_PCI=y
CONFIG_BLK_DEV_AEC62XX=y
CONFIG_BLK_DEV_ALI15X3=y
CONFIG_BLK_DEV_AMD74XX=y
CONFIG_BLK_DEV_ATIIXP=y
CONFIG_BLK_DEV_CMD64X=y
CONFIG_BLK_DEV_TRIFLEX=y
CONFIG_BLK_DEV_CS5520=y
CONFIG_BLK_DEV_CS5530=y
CONFIG_BLK_DEV_HPT366=y
# CONFIG_BLK_DEV_JMICRON is not set
# CONFIG_BLK_DEV_SC1200 is not set
CONFIG_BLK_DEV_PIIX=y
# CONFIG_BLK_DEV_IT8172 is not set
# CONFIG_BLK_DEV_IT8213 is not set
CONFIG_BLK_DEV_IT821X=y
# CONFIG_BLK_DEV_NS87415 is not set
CONFIG_BLK_DEV_PDC202XX_OLD=y
CONFIG_BLK_DEV_PDC202XX_NEW=y
CONFIG_BLK_DEV_SVWKS=y
CONFIG_BLK_DEV_SIIMAGE=y
CONFIG_BLK_DEV_SIS5513=y
# CONFIG_BLK_DEV_SLC90E66 is not set
# CONFIG_BLK_DEV_TRM290 is not set
CONFIG_BLK_DEV_VIA82CXXX=y
# CONFIG_BLK_DEV_TC86C001 is not set
CONFIG_BLK_DEV_IDEDMA=y

#
# SCSI device support
#
CONFIG_SCSI_MOD=y
CONFIG_RAID_ATTRS=y
CONFIG_SCSI=y
CONFIG_SCSI_DMA=y
# CONFIG_SCSI_TGT is not set
CONFIG_SCSI_NETLINK=y
CONFIG_SCSI_PROC_FS=y

#
# SCSI support type (disk, tape, CD-ROM)
#
CONFIG_BLK_DEV_SD=y
# CONFIG_CHR_DEV_ST is not set
# CONFIG_CHR_DEV_OSST is not set
CONFIG_BLK_DEV_SR=y
CONFIG_BLK_DEV_SR_VENDOR=y
CONFIG_CHR_DEV_SG=y
# CONFIG_CHR_DEV_SCH is not set
CONFIG_SCSI_MULTI_LUN=y
CONFIG_SCSI_CONSTANTS=y
CONFIG_SCSI_LOGGING=y
# CONFIG_SCSI_SCAN_ASYNC is not set

#
# SCSI Transports
#
CONFIG_SCSI_SPI_ATTRS=y
CONFIG_SCSI_FC_ATTRS=y
CONFIG_SCSI_ISCSI_ATTRS=y
CONFIG_SCSI_SAS_ATTRS=y
CONFIG_SCSI_SAS_LIBSAS=y
# CONFIG_SCSI_SAS_ATA is not set
CONFIG_SCSI_SAS_HOST_SMP=y
# CONFIG_SCSI_SRP_ATTRS is not set
CONFIG_SCSI_LOWLEVEL=y
# CONFIG_ISCSI_TCP is not set
# CONFIG_ISCSI_BOOT_SYSFS is not set
# CONFIG_SCSI_CXGB3_ISCSI is not set
# CONFIG_SCSI_CXGB4_ISCSI is not set
# CONFIG_SCSI_BNX2_ISCSI is not set
# CONFIG_SCSI_BNX2X_FCOE is not set
# CONFIG_BE2ISCSI is not set
# CONFIG_BLK_DEV_3W_XXXX_RAID is not set
# CONFIG_SCSI_HPSA is not set
# CONFIG_SCSI_3W_9XXX is not set
# CONFIG_SCSI_3W_SAS is not set
CONFIG_SCSI_ACARD=y
CONFIG_SCSI_AACRAID=y
CONFIG_SCSI_AIC7XXX=y
CONFIG_AIC7XXX_CMDS_PER_DEVICE=4
CONFIG_AIC7XXX_RESET_DELAY_MS=15000
# CONFIG_AIC7XXX_DEBUG_ENABLE is not set
CONFIG_AIC7XXX_DEBUG_MASK=0
# CONFIG_AIC7XXX_REG_PRETTY_PRINT is not set
CONFIG_SCSI_AIC7XXX_OLD=y
CONFIG_SCSI_AIC79XX=y
CONFIG_AIC79XX_CMDS_PER_DEVICE=4
CONFIG_AIC79XX_RESET_DELAY_MS=15000
# CONFIG_AIC79XX_DEBUG_ENABLE is not set
CONFIG_AIC79XX_DEBUG_MASK=0
# CONFIG_AIC79XX_REG_PRETTY_PRINT is not set
CONFIG_SCSI_AIC94XX=y
# CONFIG_AIC94XX_DEBUG is not set
# CONFIG_SCSI_MVSAS is not set
# CONFIG_SCSI_MVUMI is not set
# CONFIG_SCSI_DPT_I2O is not set
# CONFIG_SCSI_ADVANSYS is not set
# CONFIG_SCSI_ARCMSR is not set
CONFIG_MEGARAID_NEWGEN=y
CONFIG_MEGARAID_MM=y
CONFIG_MEGARAID_MAILBOX=y
CONFIG_MEGARAID_LEGACY=y
CONFIG_MEGARAID_SAS=y
# CONFIG_SCSI_MPT2SAS is not set
# CONFIG_SCSI_MPT3SAS is not set
# CONFIG_SCSI_UFSHCD is not set
CONFIG_SCSI_HPTIOP=y
CONFIG_SCSI_BUSLOGIC=y
# CONFIG_VMWARE_PVSCSI is not set
# CONFIG_LIBFC is not set
# CONFIG_LIBFCOE is not set
# CONFIG_FCOE is not set
# CONFIG_FCOE_FNIC is not set
# CONFIG_SCSI_DMX3191D is not set
# CONFIG_SCSI_EATA is not set
# CONFIG_SCSI_FUTURE_DOMAIN is not set
CONFIG_SCSI_GDTH=y
# CONFIG_SCSI_ISCI is not set
# CONFIG_SCSI_IPS is not set
# CONFIG_SCSI_INITIO is not set
# CONFIG_SCSI_INIA100 is not set
# CONFIG_SCSI_STEX is not set
# CONFIG_SCSI_SYM53C8XX_2 is not set
# CONFIG_SCSI_IPR is not set
CONFIG_SCSI_QLOGIC_1280=y
CONFIG_SCSI_QLA_FC=y
# CONFIG_SCSI_QLA_ISCSI is not set
# CONFIG_SCSI_LPFC is not set
# CONFIG_SCSI_DC395x is not set
# CONFIG_SCSI_DC390T is not set
# CONFIG_SCSI_DEBUG is not set
# CONFIG_SCSI_PMCRAID is not set
# CONFIG_SCSI_PM8001 is not set
# CONFIG_SCSI_SRP is not set
# CONFIG_SCSI_BFA_FC is not set
CONFIG_SCSI_VIRTIO=y
# CONFIG_SCSI_CHELSIO_FCOE is not set
# CONFIG_SCSI_LOWLEVEL_PCMCIA is not set
# CONFIG_SCSI_DH is not set
# CONFIG_SCSI_OSD_INITIATOR is not set
CONFIG_ATA=y
# CONFIG_ATA_NONSTANDARD is not set
CONFIG_ATA_VERBOSE_ERROR=y
CONFIG_ATA_ACPI=y
# CONFIG_SATA_ZPODD is not set
CONFIG_SATA_PMP=y

#
# Controllers with non-SFF native interface
#
CONFIG_SATA_AHCI=y
# CONFIG_SATA_AHCI_PLATFORM is not set
# CONFIG_SATA_INIC162X is not set
# CONFIG_SATA_ACARD_AHCI is not set
# CONFIG_SATA_SIL24 is not set
# CONFIG_ATA_SFF is not set

#
# SFF controllers with custom DMA interface
#
# CONFIG_PDC_ADMA is not set
# CONFIG_SATA_QSTOR is not set
# CONFIG_SATA_SX4 is not set
CONFIG_ATA_BMDMA=y

#
# SATA SFF controllers with BMDMA
#
CONFIG_ATA_PIIX=y
# CONFIG_SATA_HIGHBANK is not set
# CONFIG_SATA_MV is not set
# CONFIG_SATA_NV is not set
# CONFIG_SATA_PROMISE is not set
# CONFIG_SATA_SIL is not set
# CONFIG_SATA_SIS is not set
# CONFIG_SATA_SVW is not set
# CONFIG_SATA_ULI is not set
# CONFIG_SATA_VIA is not set
# CONFIG_SATA_VITESSE is not set

#
# PATA SFF controllers with BMDMA
#
# CONFIG_PATA_ALI is not set
# CONFIG_PATA_AMD is not set
# CONFIG_PATA_ARTOP is not set
# CONFIG_PATA_ATIIXP is not set
# CONFIG_PATA_ATP867X is not set
# CONFIG_PATA_CMD64X is not set
# CONFIG_PATA_CS5520 is not set
# CONFIG_PATA_CS5530 is not set
# CONFIG_PATA_CS5536 is not set
# CONFIG_PATA_CYPRESS is not set
# CONFIG_PATA_EFAR is not set
# CONFIG_PATA_HPT366 is not set
# CONFIG_PATA_HPT37X is not set
# CONFIG_PATA_HPT3X2N is not set
# CONFIG_PATA_HPT3X3 is not set
# CONFIG_PATA_IT8213 is not set
# CONFIG_PATA_IT821X is not set
# CONFIG_PATA_JMICRON is not set
# CONFIG_PATA_MARVELL is not set
# CONFIG_PATA_NETCELL is not set
# CONFIG_PATA_NINJA32 is not set
# CONFIG_PATA_NS87415 is not set
# CONFIG_PATA_OLDPIIX is not set
# CONFIG_PATA_OPTIDMA is not set
# CONFIG_PATA_PDC2027X is not set
# CONFIG_PATA_PDC_OLD is not set
# CONFIG_PATA_RADISYS is not set
# CONFIG_PATA_RDC is not set
# CONFIG_PATA_SC1200 is not set
# CONFIG_PATA_SCH is not set
# CONFIG_PATA_SERVERWORKS is not set
# CONFIG_PATA_SIL680 is not set
# CONFIG_PATA_SIS is not set
# CONFIG_PATA_TOSHIBA is not set
# CONFIG_PATA_TRIFLEX is not set
# CONFIG_PATA_VIA is not set
# CONFIG_PATA_WINBOND is not set

#
# PIO-only SFF controllers
#
# CONFIG_PATA_CMD640_PCI is not set
# CONFIG_PATA_MPIIX is not set
# CONFIG_PATA_NS87410 is not set
# CONFIG_PATA_OPTI is not set
# CONFIG_PATA_PCMCIA is not set
# CONFIG_PATA_RZ1000 is not set

#
# Generic fallback / legacy drivers
#
# CONFIG_PATA_ACPI is not set
# CONFIG_ATA_GENERIC is not set
# CONFIG_PATA_LEGACY is not set
CONFIG_MD=y
CONFIG_BLK_DEV_MD=y
CONFIG_MD_AUTODETECT=y
CONFIG_MD_LINEAR=y
CONFIG_MD_RAID0=y
CONFIG_MD_RAID1=y
CONFIG_MD_RAID10=y
CONFIG_MD_RAID456=y
# CONFIG_MULTICORE_RAID456 is not set
CONFIG_MD_MULTIPATH=y
CONFIG_MD_FAULTY=y
CONFIG_BLK_DEV_DM=y
# CONFIG_DM_DEBUG is not set
CONFIG_DM_CRYPT=y
CONFIG_DM_SNAPSHOT=y
# CONFIG_DM_THIN_PROVISIONING is not set
CONFIG_DM_MIRROR=y
# CONFIG_DM_RAID is not set
# CONFIG_DM_LOG_USERSPACE is not set
CONFIG_DM_ZERO=y
CONFIG_DM_MULTIPATH=y
# CONFIG_DM_MULTIPATH_QL is not set
# CONFIG_DM_MULTIPATH_ST is not set
# CONFIG_DM_DELAY is not set
# CONFIG_DM_UEVENT is not set
# CONFIG_DM_FLAKEY is not set
# CONFIG_DM_VERITY is not set
# CONFIG_TARGET_CORE is not set
CONFIG_FUSION=y
CONFIG_FUSION_SPI=y
CONFIG_FUSION_FC=y
CONFIG_FUSION_SAS=y
CONFIG_FUSION_MAX_SGE=40
CONFIG_FUSION_CTL=y
# CONFIG_FUSION_LOGGING is not set

#
# IEEE 1394 (FireWire) support
#
# CONFIG_FIREWIRE is not set
# CONFIG_FIREWIRE_NOSY is not set
# CONFIG_I2O is not set
# CONFIG_MACINTOSH_DRIVERS is not set
CONFIG_NETDEVICES=y
CONFIG_NET_CORE=y
# CONFIG_BONDING is not set
# CONFIG_DUMMY is not set
# CONFIG_EQUALIZER is not set
# CONFIG_NET_FC is not set
CONFIG_MII=y
# CONFIG_NET_TEAM is not set
# CONFIG_MACVLAN is not set
# CONFIG_VXLAN is not set
# CONFIG_NETCONSOLE is not set
# CONFIG_NETPOLL is not set
# CONFIG_NET_POLL_CONTROLLER is not set
# CONFIG_TUN is not set
# CONFIG_VETH is not set
CONFIG_VIRTIO_NET=y
# CONFIG_ARCNET is not set

#
# CAIF transport drivers
#

#
# Distributed Switch Architecture drivers
#
# CONFIG_NET_DSA_MV88E6XXX is not set
# CONFIG_NET_DSA_MV88E6060 is not set
# CONFIG_NET_DSA_MV88E6XXX_NEED_PPU is not set
# CONFIG_NET_DSA_MV88E6131 is not set
# CONFIG_NET_DSA_MV88E6123_61_65 is not set
CONFIG_ETHERNET=y
# CONFIG_NET_VENDOR_3COM is not set
CONFIG_NET_VENDOR_ADAPTEC=y
# CONFIG_ADAPTEC_STARFIRE is not set
CONFIG_NET_VENDOR_ALTEON=y
CONFIG_ACENIC=y
# CONFIG_ACENIC_OMIT_TIGON_I is not set
CONFIG_NET_VENDOR_AMD=y
CONFIG_AMD8111_ETH=y
CONFIG_PCNET32=y
# CONFIG_PCMCIA_NMCLAN is not set
CONFIG_NET_VENDOR_ATHEROS=y
CONFIG_ATL2=y
CONFIG_ATL1=y
CONFIG_ATL1E=y
CONFIG_ATL1C=y
CONFIG_NET_CADENCE=y
# CONFIG_ARM_AT91_ETHER is not set
# CONFIG_MACB is not set
CONFIG_NET_VENDOR_BROADCOM=y
# CONFIG_B44 is not set
CONFIG_BNX2=y
# CONFIG_CNIC is not set
CONFIG_TIGON3=y
# CONFIG_BNX2X is not set
CONFIG_NET_VENDOR_BROCADE=y
# CONFIG_BNA is not set
# CONFIG_NET_CALXEDA_XGMAC is not set
CONFIG_NET_VENDOR_CHELSIO=y
# CONFIG_CHELSIO_T1 is not set
# CONFIG_CHELSIO_T3 is not set
# CONFIG_CHELSIO_T4 is not set
# CONFIG_CHELSIO_T4VF is not set
CONFIG_NET_VENDOR_CISCO=y
# CONFIG_ENIC is not set
# CONFIG_DNET is not set
CONFIG_NET_VENDOR_DEC=y
CONFIG_NET_TULIP=y
# CONFIG_DE2104X is not set
CONFIG_TULIP=y
# CONFIG_TULIP_MWI is not set
# CONFIG_TULIP_MMIO is not set
# CONFIG_TULIP_NAPI is not set
CONFIG_DE4X5=y
CONFIG_WINBOND_840=y
CONFIG_DM9102=y
CONFIG_ULI526X=y
# CONFIG_PCMCIA_XIRCOM is not set
CONFIG_NET_VENDOR_DLINK=y
CONFIG_DL2K=y
# CONFIG_SUNDANCE is not set
CONFIG_NET_VENDOR_EMULEX=y
# CONFIG_BE2NET is not set
CONFIG_NET_VENDOR_EXAR=y
# CONFIG_S2IO is not set
# CONFIG_VXGE is not set
CONFIG_NET_VENDOR_FUJITSU=y
# CONFIG_PCMCIA_FMVJ18X is not set
CONFIG_NET_VENDOR_HP=y
# CONFIG_HP100 is not set
CONFIG_NET_VENDOR_INTEL=y
CONFIG_E100=y
CONFIG_E1000=y
CONFIG_E1000E=y
CONFIG_IGB=y
CONFIG_IGB_HWMON=y
# CONFIG_IGBVF is not set
CONFIG_IXGB=y
# CONFIG_IXGBE is not set
# CONFIG_IXGBEVF is not set
CONFIG_NET_VENDOR_I825XX=y
# CONFIG_IP1000 is not set
# CONFIG_JME is not set
CONFIG_NET_VENDOR_MARVELL=y
# CONFIG_MVMDIO is not set
CONFIG_SKGE=y
CONFIG_SKGE_DEBUG=y
# CONFIG_SKGE_GENESIS is not set
CONFIG_SKY2=y
CONFIG_SKY2_DEBUG=y
CONFIG_NET_VENDOR_MELLANOX=y
# CONFIG_MLX4_EN is not set
# CONFIG_MLX4_CORE is not set
CONFIG_NET_VENDOR_MICREL=y
# CONFIG_KS8851_MLL is not set
# CONFIG_KSZ884X_PCI is not set
CONFIG_NET_VENDOR_MYRI=y
# CONFIG_MYRI10GE is not set
# CONFIG_FEALNX is not set
CONFIG_NET_VENDOR_NATSEMI=y
# CONFIG_NATSEMI is not set
# CONFIG_NS83820 is not set
CONFIG_NET_VENDOR_8390=y
# CONFIG_PCMCIA_AXNET is not set
CONFIG_NE2K_PCI=y
# CONFIG_PCMCIA_PCNET is not set
CONFIG_NET_VENDOR_NVIDIA=y
CONFIG_FORCEDETH=y
CONFIG_NET_VENDOR_OKI=y
# CONFIG_PCH_GBE is not set
# CONFIG_ETHOC is not set
# CONFIG_NET_PACKET_ENGINE is not set
CONFIG_NET_VENDOR_QLOGIC=y
# CONFIG_QLA3XXX is not set
# CONFIG_QLCNIC is not set
# CONFIG_QLGE is not set
# CONFIG_NETXEN_NIC is not set
CONFIG_NET_VENDOR_REALTEK=y
CONFIG_8139CP=y
CONFIG_8139TOO=y
CONFIG_8139TOO_PIO=y
# CONFIG_8139TOO_TUNE_TWISTER is not set
# CONFIG_8139TOO_8129 is not set
# CONFIG_8139_OLD_RX_RESET is not set
CONFIG_R8169=y
CONFIG_NET_VENDOR_RDC=y
# CONFIG_R6040 is not set
CONFIG_NET_VENDOR_SEEQ=y
CONFIG_NET_VENDOR_SILAN=y
# CONFIG_SC92031 is not set
CONFIG_NET_VENDOR_SIS=y
