Return-Path: <owner-linux-mm@kvack.org>
Received: from mail-pd0-f181.google.com (mail-pd0-f181.google.com [209.85.192.181])
	by kanga.kvack.org (Postfix) with ESMTP id 4BD876B0038
	for <linux-mm@kvack.org>; Thu, 16 Apr 2015 14:21:04 -0400 (EDT)
Received: by pdea3 with SMTP id a3so100520354pde.3
        for <linux-mm@kvack.org>; Thu, 16 Apr 2015 11:21:04 -0700 (PDT)
Received: from g1t5424.austin.hp.com (g1t5424.austin.hp.com. [15.216.225.54])
        by mx.google.com with ESMTPS id co1si13232461pad.63.2015.04.16.11.21.01
        for <linux-mm@kvack.org>
        (version=TLSv1.2 cipher=ECDHE-RSA-AES128-GCM-SHA256 bits=128/128);
        Thu, 16 Apr 2015 11:21:03 -0700 (PDT)
Message-ID: <552FFD83.5030901@hp.com>
Date: Thu, 16 Apr 2015 14:20:51 -0400
From: Waiman Long <waiman.long@hp.com>
MIME-Version: 1.0
Subject: Re: [RFC PATCH 0/14] Parallel memory initialisation
References: <1428920226-18147-1-git-send-email-mgorman@suse.de> <552E6486.6070705@hp.com> <20150415133826.GF14842@suse.de>
In-Reply-To: <20150415133826.GF14842@suse.de>
Content-Type: multipart/mixed;
 boundary="------------000903060906050605050501"
Sender: owner-linux-mm@kvack.org
List-ID: <linux-mm.kvack.org>
To: Mel Gorman <mgorman@suse.de>
Cc: Linux-MM <linux-mm@kvack.org>, Nathan Zimmer <nzimmer@sgi.com>, Daniel Rahn <drahn@suse.com>, Davidlohr Bueso <dbueso@suse.com>, Dave Hansen <dave.hansen@intel.com>, Tom Vaden <tom.vaden@hp.com>, Scott Norton <scott.norton@hp.com>, LKML <linux-kernel@vger.kernel.org>

This is a multi-part message in MIME format.
--------------000903060906050605050501
Content-Type: text/plain; charset=ISO-8859-15; format=flowed
Content-Transfer-Encoding: 7bit

On 04/15/2015 09:38 AM, Mel Gorman wrote:
>> However, there were 2 bootup problems in the dmesg log that needed
>> to be addressed.
>> 1. There were 2 vmalloc allocation failures:
>> [    2.284686] vmalloc: allocation failure, allocated 16578404352 of
>> 17179873280 bytes
>> [   10.399938] vmalloc: allocation failure, allocated 7970922496 of
>> 8589938688 bytes
>>
>> 2. There were 2 soft lockup warnings:
>> [   57.319453] NMI watchdog: BUG: soft lockup - CPU#1 stuck for 23s!
>> [swapper/0:1]
>> [   85.409263] NMI watchdog: BUG: soft lockup - CPU#1 stuck for 22s!
>> [swapper/0:1]
>>
>> Once those problems are fixed, the patch should be in a pretty good
>> shape. I have attached the dmesg log for your reference.
>>
> The obvious conclusion is that initialising 1G per node is not enough for
> really large machines. Can you try this on top? It's untested but should
> work. The low value was chosen because it happened to work and I wanted
> to get test coverage on common hardware but broke is broke.
>
> diff --git a/mm/page_alloc.c b/mm/page_alloc.c
> index f2c96d02662f..6b3bec304e35 100644
> --- a/mm/page_alloc.c
> +++ b/mm/page_alloc.c
> @@ -276,9 +276,9 @@ static inline bool update_defer_init(pg_data_t *pgdat,
>   	if (pgdat->first_deferred_pfn != ULONG_MAX)
>   		return false;
>
> -	/* Initialise at least 1G per zone */
> +	/* Initialise at least 32G per node */
>   	(*nr_initialised)++;
> -	if (*nr_initialised>  (1UL<<  (30 - PAGE_SHIFT))&&
> +	if (*nr_initialised>  (32UL<<  (30 - PAGE_SHIFT))&&
>   	(pfn&  (PAGES_PER_SECTION - 1)) == 0) {
>   		pgdat->first_deferred_pfn = pfn;
>   		return false;
>
>
I applied the patch and the boot time was 299s instead of 298s, so 
practically the same. The two issues that I discussed about previously 
were both gone. Attached is the new dmesg log for your reference.

Cheers,
Longman

--------------000903060906050605050501
Content-Type: text/plain;
 name="dmesg-4.0-Mel-mm-patch-2.txt"
Content-Transfer-Encoding: 7bit
Content-Disposition: attachment;
 filename="dmesg-4.0-Mel-mm-patch-2.txt"

[    0.000000] Initializing cgroup subsys cpuset
[    0.000000] Initializing cgroup subsys cpu
[    0.000000] Initializing cgroup subsys cpuacct
[    0.000000] Linux version 4.0.0-mm-0.47.50.1.8286.5.PTF-bigsmp (root@hawk041os1) (gcc version 4.3.4 [gcc-4_3-branch revision 152973] (SUSE Linux) ) #2 SMP Thu Apr 16 09:56:50 MDT 2015
[    0.000000] Command line: BOOT_IMAGE=dev000:\efi\SuSE\vmlinuz-4.0.0-mm-0.47.50.1.8286.5.PTF-bigsmp root=/dev/disk/by-id/scsi-3600c0ff0001a841e1d12f65401000000-part3  noresume resume=/dev/disk/by-id/scsi-3600c0ff0001a841e1d12f65401000000-part2 splash=silent crashkernel=1536M-:768M showopts intel_idle.max_cstate=1 selinux=0 console=ttyS0,115200
[    0.000000] e820: BIOS-provided physical RAM map:
[    0.000000] BIOS-e820: [mem 0x0000000000000000-0x000000000008dfff] usable
[    0.000000] BIOS-e820: [mem 0x000000000008e000-0x000000000008ffff] reserved
[    0.000000] BIOS-e820: [mem 0x0000000000090000-0x000000000009ffff] usable
[    0.000000] BIOS-e820: [mem 0x0000000000100000-0x000000006d00bfff] usable
[    0.000000] BIOS-e820: [mem 0x000000006d00c000-0x000000006d017fff] reserved
[    0.000000] BIOS-e820: [mem 0x000000006d018000-0x000000006f3fbfff] usable
[    0.000000] BIOS-e820: [mem 0x000000006f3fc000-0x000000006f3fefff] reserved
[    0.000000] BIOS-e820: [mem 0x000000006f3ff000-0x0000000078bfefff] usable
[    0.000000] BIOS-e820: [mem 0x0000000078bff000-0x00000000790fefff] reserved
[    0.000000] BIOS-e820: [mem 0x00000000790ff000-0x00000000798fefff] unusable
[    0.000000] BIOS-e820: [mem 0x00000000798ff000-0x00000000799fefff] reserved
[    0.000000] BIOS-e820: [mem 0x00000000799ff000-0x000000007bdfefff] ACPI NVS
[    0.000000] BIOS-e820: [mem 0x000000007bdff000-0x000000007bffefff] ACPI data
[    0.000000] BIOS-e820: [mem 0x000000007bfff000-0x000000007bffffff] usable
[    0.000000] BIOS-e820: [mem 0x0000000080000000-0x000000008fffffff] reserved
[    0.000000] BIOS-e820: [mem 0x00000000fed1c000-0x00000000fed1ffff] reserved
[    0.000000] BIOS-e820: [mem 0x00000000ff000000-0x00000000ff1fffff] reserved
[    0.000000] BIOS-e820: [mem 0x0000000100000000-0x0000000100000fff] ACPI NVS
[    0.000000] BIOS-e820: [mem 0x0000000100001000-0x000000c07fffffff] usable
[    0.000000] BIOS-e820: [mem 0x000000e000000000-0x000000e000000fff] ACPI NVS
[    0.000000] BIOS-e820: [mem 0x000000e000001000-0x00000c1fffffffff] usable
[    0.000000] BIOS-e820: [mem 0x00000fdfe0000000-0x00000fdfffffffff] reserved
[    0.000000] BIOS-e820: [mem 0x00000fe060000000-0x00000fe07fffffff] reserved
[    0.000000] BIOS-e820: [mem 0x00000fe0e0000000-0x00000fe0ffffffff] reserved
[    0.000000] BIOS-e820: [mem 0x00000fe160000000-0x00000fe17fffffff] reserved
[    0.000000] BIOS-e820: [mem 0x00000fe1e0000000-0x00000fe1ffffffff] reserved
[    0.000000] BIOS-e820: [mem 0x00000fe260000000-0x00000fe27fffffff] reserved
[    0.000000] BIOS-e820: [mem 0x00000fe2e0000000-0x00000fe2ffffffff] reserved
[    0.000000] BIOS-e820: [mem 0x00000fe360000000-0x00000fe37fffffff] reserved
[    0.000000] BIOS-e820: [mem 0x00000fe3e0000000-0x00000fe3ffffffff] reserved
[    0.000000] BIOS-e820: [mem 0x00000fe460000000-0x00000fe47fffffff] reserved
[    0.000000] BIOS-e820: [mem 0x00000fe4e0000000-0x00000fe4ffffffff] reserved
[    0.000000] BIOS-e820: [mem 0x00000fe560000000-0x00000fe57fffffff] reserved
[    0.000000] BIOS-e820: [mem 0x00000fe5e0000000-0x00000fe5ffffffff] reserved
[    0.000000] BIOS-e820: [mem 0x00000fe660000000-0x00000fe67fffffff] reserved
[    0.000000] BIOS-e820: [mem 0x00000fe6e0000000-0x00000fe6ffffffff] reserved
[    0.000000] BIOS-e820: [mem 0x00000fe760000000-0x00000fe77fffffff] reserved
[    0.000000] BIOS-e820: [mem 0x00000fe7e0000000-0x00000fe7ffffffff] reserved
[    0.000000] NX (Execute Disable) protection: active
[    0.000000] efi: EFI v2.31 by HP
[    0.000000] efi:  ACPI=0x7bffe000  ACPI 2.0=0x7bffe014  SMBIOS=0x799f8000 
[    0.000000] efi: mem00: [Boot Code          |   |  |  |  |   |WB|WT|WC|UC] range=[0x0000000000000000-0x0000000000001000) (0MB)
[    0.000000] efi: mem01: [Conventional Memory|   |  |  |  |   |WB|WT|WC|UC] range=[0x0000000000001000-0x000000000008e000) (0MB)
[    0.000000] efi: mem02: [Reserved           |   |  |  |  |   |WB|WT|WC|UC] range=[0x000000000008e000-0x0000000000090000) (0MB)
[    0.000000] efi: mem03: [Conventional Memory|   |  |  |  |   |WB|WT|WC|UC] range=[0x0000000000090000-0x00000000000a0000) (0MB)
[    0.000000] efi: mem04: [Loader Data        |   |  |  |  |   |WB|WT|WC|UC] range=[0x0000000000100000-0x0000000000900000) (8MB)
[    0.000000] efi: mem05: [Conventional Memory|   |  |  |  |   |WB|WT|WC|UC] range=[0x0000000000900000-0x000000005c800000) (1471MB)
[    0.000000] efi: mem06: [Boot Data          |   |  |  |  |   |WB|WT|WC|UC] range=[0x000000005c800000-0x000000005cc00000) (4MB)
[    0.000000] efi: mem07: [Conventional Memory|   |  |  |  |   |WB|WT|WC|UC] range=[0x000000005cc00000-0x000000006b309000) (231MB)
[    0.000000] efi: mem08: [Loader Data        |   |  |  |  |   |WB|WT|WC|UC] range=[0x000000006b309000-0x000000006d00c000) (29MB)
[    0.000000] efi: mem09: [Reserved           |   |  |  |  |   |WB|WT|WC|UC] range=[0x000000006d00c000-0x000000006d018000) (0MB)
[    0.000000] efi: mem10: [Boot Data          |   |  |  |  |   |WB|WT|WC|UC] range=[0x000000006d018000-0x000000006f3fc000) (35MB)
[    0.000000] efi: mem11: [Reserved           |   |  |  |  |   |WB|WT|WC|UC] range=[0x000000006f3fc000-0x000000006f3ff000) (0MB)
[    0.000000] efi: mem12: [Conventional Memory|   |  |  |  |   |WB|WT|WC|UC] range=[0x000000006f3ff000-0x0000000072496000) (48MB)
[    0.000000] efi: mem13: [Boot Data          |   |  |  |  |   |WB|WT|WC|UC] range=[0x0000000072496000-0x00000000729d3000) (5MB)
[    0.000000] efi: mem14: [Conventional Memory|   |  |  |  |   |WB|WT|WC|UC] range=[0x00000000729d3000-0x00000000729e2000) (0MB)
[    0.000000] efi: mem15: [Boot Data          |   |  |  |  |   |WB|WT|WC|UC] range=[0x00000000729e2000-0x00000000729e5000) (0MB)
[    0.000000] efi: mem16: [Conventional Memory|   |  |  |  |   |WB|WT|WC|UC] range=[0x00000000729e5000-0x00000000729e6000) (0MB)
[    0.000000] efi: mem17: [Boot Data          |   |  |  |  |   |WB|WT|WC|UC] range=[0x00000000729e6000-0x00000000729f2000) (0MB)
[    0.000000] efi: mem18: [Conventional Memory|   |  |  |  |   |WB|WT|WC|UC] range=[0x00000000729f2000-0x00000000729f3000) (0MB)
[    0.000000] efi: mem19: [Boot Data          |   |  |  |  |   |WB|WT|WC|UC] range=[0x00000000729f3000-0x0000000073221000) (8MB)
[    0.000000] efi: mem20: [Conventional Memory|   |  |  |  |   |WB|WT|WC|UC] range=[0x0000000073221000-0x0000000073223000) (0MB)
[    0.000000] efi: mem21: [Boot Data          |   |  |  |  |   |WB|WT|WC|UC] range=[0x0000000073223000-0x0000000073e72000) (12MB)
[    0.000000] efi: mem22: [Conventional Memory|   |  |  |  |   |WB|WT|WC|UC] range=[0x0000000073e72000-0x0000000073eb3000) (0MB)
[    0.000000] efi: mem23: [Boot Data          |   |  |  |  |   |WB|WT|WC|UC] range=[0x0000000073eb3000-0x0000000073ee2000) (0MB)
[    0.000000] efi: mem24: [Conventional Memory|   |  |  |  |   |WB|WT|WC|UC] range=[0x0000000073ee2000-0x0000000073efc000) (0MB)
[    0.000000] efi: mem25: [Boot Data          |   |  |  |  |   |WB|WT|WC|UC] range=[0x0000000073efc000-0x0000000073f23000) (0MB)
[    0.000000] efi: mem26: [Conventional Memory|   |  |  |  |   |WB|WT|WC|UC] range=[0x0000000073f23000-0x0000000073f2f000) (0MB)
[    0.000000] efi: mem27: [Boot Data          |   |  |  |  |   |WB|WT|WC|UC] range=[0x0000000073f2f000-0x0000000073f30000) (0MB)
[    0.000000] efi: mem28: [Conventional Memory|   |  |  |  |   |WB|WT|WC|UC] range=[0x0000000073f30000-0x0000000073f33000) (0MB)
[    0.000000] efi: mem29: [Boot Data          |   |  |  |  |   |WB|WT|WC|UC] range=[0x0000000073f33000-0x0000000073f52000) (0MB)
[    0.000000] efi: mem30: [Conventional Memory|   |  |  |  |   |WB|WT|WC|UC] range=[0x0000000073f52000-0x0000000073f6a000) (0MB)
[    0.000000] efi: mem31: [Boot Data          |   |  |  |  |   |WB|WT|WC|UC] range=[0x0000000073f6a000-0x000000007415a000) (1MB)
[    0.000000] efi: mem32: [Conventional Memory|   |  |  |  |   |WB|WT|WC|UC] range=[0x000000007415a000-0x000000007416e000) (0MB)
[    0.000000] efi: mem33: [Boot Data          |   |  |  |  |   |WB|WT|WC|UC] range=[0x000000007416e000-0x00000000773ff000) (50MB)
[    0.000000] efi: mem34: [Conventional Memory|   |  |  |  |   |WB|WT|WC|UC] range=[0x00000000773ff000-0x00000000777de000) (3MB)
[    0.000000] efi: mem35: [Loader Data        |   |  |  |  |   |WB|WT|WC|UC] range=[0x00000000777de000-0x00000000777ff000) (0MB)
[    0.000000] efi: mem36: [Conventional Memory|   |  |  |  |   |WB|WT|WC|UC] range=[0x00000000777ff000-0x0000000077bbf000) (3MB)
[    0.000000] efi: mem37: [Loader Code        |   |  |  |  |   |WB|WT|WC|UC] range=[0x0000000077bbf000-0x0000000077bff000) (0MB)
[    0.000000] efi: mem38: [Conventional Memory|   |  |  |  |   |WB|WT|WC|UC] range=[0x0000000077bff000-0x000000007823c000) (6MB)
[    0.000000] efi: mem39: [Boot Code          |   |  |  |  |   |WB|WT|WC|UC] range=[0x000000007823c000-0x0000000078bff000) (9MB)
[    0.000000] efi: mem40: [Runtime Data       |RUN|  |  |  |   |WB|WT|WC|UC] range=[0x0000000078bff000-0x00000000790ff000) (5MB)
[    0.000000] efi: mem41: [Runtime Code       |RUN|  |  |  |   |WB|WT|WC|UC] range=[0x00000000790ff000-0x00000000798ff000) (8MB)
[    0.000000] efi: mem42: [Reserved           |   |  |  |  |   |WB|WT|WC|UC] range=[0x00000000798ff000-0x00000000799ff000) (1MB)
[    0.000000] efi: mem43: [ACPI Memory NVS    |   |  |  |  |   |WB|WT|WC|UC] range=[0x00000000799ff000-0x000000007bdff000) (36MB)
[    0.000000] efi: mem44: [ACPI Reclaim Memory|   |  |  |  |   |WB|WT|WC|UC] range=[0x000000007bdff000-0x000000007bfff000) (2MB)
[    0.000000] efi: mem45: [Boot Data          |   |  |  |  |   |WB|WT|WC|UC] range=[0x000000007bfff000-0x000000007c000000) (0MB)
[    0.000000] efi: mem46: [ACPI Memory NVS    |   |  |  |  |   |WB|WT|WC|UC] range=[0x0000000100000000-0x0000000100001000) (0MB)
[    0.000000] efi: mem47: [Conventional Memory|   |  |  |  |   |WB|WT|WC|UC] range=[0x0000000100001000-0x000000c080000000) (784383MB)
[    0.000000] efi: mem48: [ACPI Memory NVS    |   |  |  |  |   |WB|WT|WC|UC] range=[0x000000e000000000-0x000000e000001000) (0MB)
[    0.000000] efi: mem49: [Conventional Memory|   |  |  |  |   |WB|WT|WC|UC] range=[0x000000e000001000-0x00000c2000000000) (11796479MB)
[    0.000000] efi: mem50: [Memory Mapped I/O  |RUN|  |  |  |   |  |  |  |UC] range=[0x0000000080000000-0x0000000090000000) (256MB)
[    0.000000] efi: mem51: [Memory Mapped I/O  |RUN|  |  |  |   |  |  |  |UC] range=[0x00000000fed1c000-0x00000000fed20000) (0MB)
[    0.000000] efi: mem52: [Memory Mapped I/O  |RUN|  |  |  |   |  |  |  |UC] range=[0x00000000ff000000-0x00000000ff200000) (2MB)
[    0.000000] efi: mem53: [Memory Mapped I/O  |RUN|  |  |  |   |  |  |  |UC] range=[0x00000fdfe0000000-0x00000fe000000000) (512MB)
[    0.000000] efi: mem54: [Memory Mapped I/O  |RUN|  |  |  |   |  |  |  |UC] range=[0x00000fe060000000-0x00000fe080000000) (512MB)
[    0.000000] efi: mem55: [Memory Mapped I/O  |RUN|  |  |  |   |  |  |  |UC] range=[0x00000fe0e0000000-0x00000fe100000000) (512MB)
[    0.000000] efi: mem56: [Memory Mapped I/O  |RUN|  |  |  |   |  |  |  |UC] range=[0x00000fe160000000-0x00000fe180000000) (512MB)
[    0.000000] efi: mem57: [Memory Mapped I/O  |RUN|  |  |  |   |  |  |  |UC] range=[0x00000fe1e0000000-0x00000fe200000000) (512MB)
[    0.000000] efi: mem58: [Memory Mapped I/O  |RUN|  |  |  |   |  |  |  |UC] range=[0x00000fe260000000-0x00000fe280000000) (512MB)
[    0.000000] efi: mem59: [Memory Mapped I/O  |RUN|  |  |  |   |  |  |  |UC] range=[0x00000fe2e0000000-0x00000fe300000000) (512MB)
[    0.000000] efi: mem60: [Memory Mapped I/O  |RUN|  |  |  |   |  |  |  |UC] range=[0x00000fe360000000-0x00000fe380000000) (512MB)
[    0.000000] efi: mem61: [Memory Mapped I/O  |RUN|  |  |  |   |  |  |  |UC] range=[0x00000fe3e0000000-0x00000fe400000000) (512MB)
[    0.000000] efi: mem62: [Memory Mapped I/O  |RUN|  |  |  |   |  |  |  |UC] range=[0x00000fe460000000-0x00000fe480000000) (512MB)
[    0.000000] efi: mem63: [Memory Mapped I/O  |RUN|  |  |  |   |  |  |  |UC] range=[0x00000fe4e0000000-0x00000fe500000000) (512MB)
[    0.000000] efi: mem64: [Memory Mapped I/O  |RUN|  |  |  |   |  |  |  |UC] range=[0x00000fe560000000-0x00000fe580000000) (512MB)
[    0.000000] efi: mem65: [Memory Mapped I/O  |RUN|  |  |  |   |  |  |  |UC] range=[0x00000fe5e0000000-0x00000fe600000000) (512MB)
[    0.000000] efi: mem66: [Memory Mapped I/O  |RUN|  |  |  |   |  |  |  |UC] range=[0x00000fe660000000-0x00000fe680000000) (512MB)
[    0.000000] efi: mem67: [Memory Mapped I/O  |RUN|  |  |  |   |  |  |  |UC] range=[0x00000fe6e0000000-0x00000fe700000000) (512MB)
[    0.000000] efi: mem68: [Memory Mapped I/O  |RUN|  |  |  |   |  |  |  |UC] range=[0x00000fe760000000-0x00000fe780000000) (512MB)
[    0.000000] efi: mem69: [Memory Mapped I/O  |RUN|  |  |  |   |  |  |  |UC] range=[0x00000fe7e0000000-0x00000fe800000000) (512MB)
[    0.000000] SMBIOS 2.7 present.
[    0.000000] DMI: HP Superdome2 16s x86, BIOS Bundle: 006.000.042 SFW: 015.099.000 04/01/2015
[    0.000000] e820: update [mem 0x00000000-0x00000fff] usable ==> reserved
[    0.000000] e820: remove [mem 0x000a0000-0x000fffff] usable
[    0.000000] AGP: No AGP bridge found
[    0.000000] e820: last_pfn = 0xc2000000 max_arch_pfn = 0x400000000
[    0.000000] MTRR default type: write-back
[    0.000000] MTRR fixed ranges enabled:
[    0.000000]   00000-9FFFF write-back
[    0.000000]   A0000-BFFFF uncachable
[    0.000000]   C0000-DFFFF write-protect
[    0.000000]   E0000-FFFFF uncachable
[    0.000000] MTRR variable ranges enabled:
[    0.000000]   0 base 000080000000 mask 3FFF80000000 uncachable
[    0.000000]   1 base 0F0000000000 mask 3F8000000000 uncachable
[    0.000000]   2 base 0F8000000000 mask 3FC000000000 uncachable
[    0.000000]   3 base 0FC000000000 mask 3FE000000000 uncachable
[    0.000000]   4 base 0FE000000000 mask 3FF000000000 uncachable
[    0.000000]   5 base 0000FF000000 mask 3FFFFFE00000 uncachable
[    0.000000]   6 base 0FDF80000000 mask 3FFF80000000 uncachable
[    0.000000]   7 base 0FE000000000 mask 3FF800000000 uncachable
[    0.000000]   8 disabled
[    0.000000]   9 disabled
[    0.000000] PAT configuration [0-7]: WB  WC  UC- UC  WB  WC  UC- UC  
[    0.000000] x2apic: enabled by BIOS, switching to x2apic ops
[    0.000000] e820: last_pfn = 0x7c000 max_arch_pfn = 0x400000000
[    0.000000] Scanning 1 areas for low memory corruption
[    0.000000] Base memory trampoline at [ffff880000098000] 98000 size 28672
[    0.000000] Using GB pages for direct mapping
[    0.000000] init_memory_mapping: [mem 0x00000000-0x000fffff]
[    0.000000]  [mem 0x00000000-0x000fffff] page 4k
[    0.000000] BRK [0x01e1f000, 0x01e1ffff] PGTABLE
[    0.000000] BRK [0x01e20000, 0x01e20fff] PGTABLE
[    0.000000] BRK [0x01e21000, 0x01e21fff] PGTABLE
[    0.000000] init_memory_mapping: [mem 0xc1fffe00000-0xc1fffffffff]
[    0.000000]  [mem 0xc1fffe00000-0xc1fffffffff] page 1G
[    0.000000] BRK [0x01e22000, 0x01e22fff] PGTABLE
[    0.000000] init_memory_mapping: [mem 0xc1fe0000000-0xc1fffdfffff]
[    0.000000]  [mem 0xc1fe0000000-0xc1fffdfffff] page 1G
[    0.000000] init_memory_mapping: [mem 0xc0000000000-0xc1fdfffffff]
[    0.000000]  [mem 0xc0000000000-0xc1fdfffffff] page 1G
[    0.000000] init_memory_mapping: [mem 0x00100000-0x6d00bfff]
[    0.000000]  [mem 0x00100000-0x001fffff] page 4k
[    0.000000]  [mem 0x00200000-0x6cffffff] page 2M
[    0.000000]  [mem 0x6d000000-0x6d00bfff] page 4k
[    0.000000] init_memory_mapping: [mem 0x6d018000-0x6f3fbfff]
[    0.000000]  [mem 0x6d018000-0x6d1fffff] page 4k
[    0.000000]  [mem 0x6d200000-0x6f1fffff] page 2M
[    0.000000]  [mem 0x6f200000-0x6f3fbfff] page 4k
[    0.000000] BRK [0x01e23000, 0x01e23fff] PGTABLE
[    0.000000] init_memory_mapping: [mem 0x6f3ff000-0x78bfefff]
[    0.000000]  [mem 0x6f3ff000-0x6f3fffff] page 4k
[    0.000000]  [mem 0x6f400000-0x789fffff] page 2M
[    0.000000]  [mem 0x78a00000-0x78bfefff] page 4k
[    0.000000] BRK [0x01e24000, 0x01e24fff] PGTABLE
[    0.000000] init_memory_mapping: [mem 0x7bfff000-0x7bffffff]
[    0.000000]  [mem 0x7bfff000-0x7bffffff] page 4k
[    0.000000] init_memory_mapping: [mem 0x100001000-0xc07fffffff]
[    0.000000]  [mem 0x100001000-0x1001fffff] page 4k
[    0.000000]  [mem 0x100200000-0x13fffffff] page 2M
[    0.000000]  [mem 0x140000000-0xc07fffffff] page 1G
[    0.000000] init_memory_mapping: [mem 0xe000001000-0xbffffffffff]
[    0.000000]  [mem 0xe000001000-0xe0001fffff] page 4k
[    0.000000]  [mem 0xe000200000-0xe03fffffff] page 2M
[    0.000000]  [mem 0xe040000000-0xbffffffffff] page 1G
[    0.000000] RAMDISK: [mem 0x6b309000-0x6d00bfff]
[    0.000000] ACPI: Early table checksum verification disabled
[    0.000000] ACPI: RSDP 0x000000007BFFE014 000024 (v02 HP    )
[    0.000000] ACPI: XSDT 0x000000007BF18188 0000DC (v01 HP     03010201 00000002 MSFT 01000013)
[    0.000000] ACPI: FACP 0x000000007BFFB000 00010C (v05 HP     03010201 00000002 HPAG 00020000)
[    0.000000] ACPI: DSDT 0x000000007BFEC000 000814 (v02 HP     CORE     00000002 HPAG 00020000)
[    0.000000] ACPI: FACS 0x000000007BDF1000 000040
[    0.000000] ACPI: MCEJ 0x000000007BFFC000 000130 (v01 HP     03010201 00000002 HPAG 00020000)
[    0.000000] ACPI: HPET 0x000000007BFFA000 000038 (v01 HP     03010201 00000002 HPAG 00020000)
[    0.000000] ACPI: MCFG 0x000000007BFF9000 00003C (v01 HP     03010201 00000002 HPAG 00020000)
[    0.000000] ACPI: SLIT 0x000000007BFF8000 00012C (v01 HP     03010201 00000002 HPAG 00020000)
[    0.000000] ACPI: APIC 0x000000007BFF4000 0035E0 (v03 HP     03010201 00000002 HPAG 00020000)
[    0.000000] ACPI: SRAT 0x000000007BFF1000 002FD8 (v02 HP     03010201 00000002 HPAG 00020000)
[    0.000000] ACPI: SPMI 0x000000007BFF0000 000040 (v05 HP     03010201 00000002 HPAG 00020000)
[    0.000000] ACPI: SPCR 0x000000007BFEF000 000050 (v01 HP     03010201 00000002 HPAG 00020000)
[    0.000000] ACPI: DBGP 0x000000007BFEE000 000034 (v01 HP     03010201 00000002 HPAG 00020000)
[    0.000000] ACPI: RASF 0x000000007BFED000 000030 (v01 HP     03010201 00000002 HPAG 00020000)
[    0.000000] ACPI: SSDT 0x000000007BFD2000 019FB9 (v02 HP     BLADE000 00000002 HPAG 00020000)
[    0.000000] ACPI: SSDT 0x000000007BFB8000 0196F0 (v02 HP     BLADE001 00000002 HPAG 00020000)
[    0.000000] ACPI: SSDT 0x000000007BF9E000 0196D9 (v02 HP     BLADE002 00000002 HPAG 00020000)
[    0.000000] ACPI: SSDT 0x000000007BF84000 0196D9 (v02 HP     BLADE003 00000002 HPAG 00020000)
[    0.000000] ACPI: SSDT 0x000000007BF6A000 0196D9 (v02 HP     BLADE004 00000002 HPAG 00020000)
[    0.000000] ACPI: SSDT 0x000000007BF50000 0196D9 (v02 HP     BLADE005 00000002 HPAG 00020000)
[    0.000000] ACPI: SSDT 0x000000007BF36000 0196D9 (v02 HP     BLADE006 00000002 HPAG 00020000)
[    0.000000] ACPI: SSDT 0x000000007BF1C000 0196D9 (v02 HP     BLADE007 00000002 HPAG 00020000)
[    0.000000] ACPI: DMAR 0x000000007BF1A000 000CF8 (v01 HP     03010201 00000002 HPAG 00020000)
[    0.000000] ACPI: HEST 0x000000007BF19000 000184 (v01 INTEL           00000001 INTL 00000001)
[    0.000000] ACPI: BERT 0x000000007BFFD000 000030 (v01 INTEL           00000001 INTL 00000001)
[    0.000000] ACPI: EINJ 0x000000007BF17000 000150 (v01 INTEL           00000001 INTL 00000001)
[    0.000000] ACPI: Local APIC address 0xfee00000
[    0.000000] System requires x2apic physical mode
[    0.000000] Setting APIC routing to physical x2apic.
[    0.000000] SRAT: PXM 0 -> APIC 0x0000 -> Node 0
[    0.000000] SRAT: PXM 0 -> APIC 0x0001 -> Node 0
[    0.000000] SRAT: PXM 0 -> APIC 0x0002 -> Node 0
[    0.000000] SRAT: PXM 0 -> APIC 0x0003 -> Node 0
[    0.000000] SRAT: PXM 0 -> APIC 0x0004 -> Node 0
[    0.000000] SRAT: PXM 0 -> APIC 0x0005 -> Node 0
[    0.000000] SRAT: PXM 0 -> APIC 0x0006 -> Node 0
[    0.000000] SRAT: PXM 0 -> APIC 0x0007 -> Node 0
[    0.000000] SRAT: PXM 0 -> APIC 0x0008 -> Node 0
[    0.000000] SRAT: PXM 0 -> APIC 0x0009 -> Node 0
[    0.000000] SRAT: PXM 0 -> APIC 0x000a -> Node 0
[    0.000000] SRAT: PXM 0 -> APIC 0x000b -> Node 0
[    0.000000] SRAT: PXM 0 -> APIC 0x000c -> Node 0
[    0.000000] SRAT: PXM 0 -> APIC 0x000d -> Node 0
[    0.000000] SRAT: PXM 0 -> APIC 0x000e -> Node 0
[    0.000000] SRAT: PXM 0 -> APIC 0x000f -> Node 0
[    0.000000] SRAT: PXM 0 -> APIC 0x0010 -> Node 0
[    0.000000] SRAT: PXM 0 -> APIC 0x0011 -> Node 0
[    0.000000] SRAT: PXM 0 -> APIC 0x0012 -> Node 0
[    0.000000] SRAT: PXM 0 -> APIC 0x0013 -> Node 0
[    0.000000] SRAT: PXM 0 -> APIC 0x0014 -> Node 0
[    0.000000] SRAT: PXM 0 -> APIC 0x0015 -> Node 0
[    0.000000] SRAT: PXM 0 -> APIC 0x0016 -> Node 0
[    0.000000] SRAT: PXM 0 -> APIC 0x0017 -> Node 0
[    0.000000] SRAT: PXM 0 -> APIC 0x0018 -> Node 0
[    0.000000] SRAT: PXM 0 -> APIC 0x0019 -> Node 0
[    0.000000] SRAT: PXM 0 -> APIC 0x001a -> Node 0
[    0.000000] SRAT: PXM 0 -> APIC 0x001b -> Node 0
[    0.000000] SRAT: PXM 0 -> APIC 0x001c -> Node 0
[    0.000000] SRAT: PXM 0 -> APIC 0x001d -> Node 0
[    0.000000] SRAT: PXM 1 -> APIC 0x0020 -> Node 1
[    0.000000] SRAT: PXM 1 -> APIC 0x0021 -> Node 1
[    0.000000] SRAT: PXM 1 -> APIC 0x0022 -> Node 1
[    0.000000] SRAT: PXM 1 -> APIC 0x0023 -> Node 1
[    0.000000] SRAT: PXM 1 -> APIC 0x0024 -> Node 1
[    0.000000] SRAT: PXM 1 -> APIC 0x0025 -> Node 1
[    0.000000] SRAT: PXM 1 -> APIC 0x0026 -> Node 1
[    0.000000] SRAT: PXM 1 -> APIC 0x0027 -> Node 1
[    0.000000] SRAT: PXM 1 -> APIC 0x0028 -> Node 1
[    0.000000] SRAT: PXM 1 -> APIC 0x0029 -> Node 1
[    0.000000] SRAT: PXM 1 -> APIC 0x002a -> Node 1
[    0.000000] SRAT: PXM 1 -> APIC 0x002b -> Node 1
[    0.000000] SRAT: PXM 1 -> APIC 0x002c -> Node 1
[    0.000000] SRAT: PXM 1 -> APIC 0x002d -> Node 1
[    0.000000] SRAT: PXM 1 -> APIC 0x002e -> Node 1
[    0.000000] SRAT: PXM 1 -> APIC 0x002f -> Node 1
[    0.000000] SRAT: PXM 1 -> APIC 0x0030 -> Node 1
[    0.000000] SRAT: PXM 1 -> APIC 0x0031 -> Node 1
[    0.000000] SRAT: PXM 1 -> APIC 0x0032 -> Node 1
[    0.000000] SRAT: PXM 1 -> APIC 0x0033 -> Node 1
[    0.000000] SRAT: PXM 1 -> APIC 0x0034 -> Node 1
[    0.000000] SRAT: PXM 1 -> APIC 0x0035 -> Node 1
[    0.000000] SRAT: PXM 1 -> APIC 0x0036 -> Node 1
[    0.000000] SRAT: PXM 1 -> APIC 0x0037 -> Node 1
[    0.000000] SRAT: PXM 1 -> APIC 0x0038 -> Node 1
[    0.000000] SRAT: PXM 1 -> APIC 0x0039 -> Node 1
[    0.000000] SRAT: PXM 1 -> APIC 0x003a -> Node 1
[    0.000000] SRAT: PXM 1 -> APIC 0x003b -> Node 1
[    0.000000] SRAT: PXM 1 -> APIC 0x003c -> Node 1
[    0.000000] SRAT: PXM 1 -> APIC 0x003d -> Node 1
[    0.000000] SRAT: PXM 2 -> APIC 0x0040 -> Node 2
[    0.000000] SRAT: PXM 2 -> APIC 0x0041 -> Node 2
[    0.000000] SRAT: PXM 2 -> APIC 0x0042 -> Node 2
[    0.000000] SRAT: PXM 2 -> APIC 0x0043 -> Node 2
[    0.000000] SRAT: PXM 2 -> APIC 0x0044 -> Node 2
[    0.000000] SRAT: PXM 2 -> APIC 0x0045 -> Node 2
[    0.000000] SRAT: PXM 2 -> APIC 0x0046 -> Node 2
[    0.000000] SRAT: PXM 2 -> APIC 0x0047 -> Node 2
[    0.000000] SRAT: PXM 2 -> APIC 0x0048 -> Node 2
[    0.000000] SRAT: PXM 2 -> APIC 0x0049 -> Node 2
[    0.000000] SRAT: PXM 2 -> APIC 0x004a -> Node 2
[    0.000000] SRAT: PXM 2 -> APIC 0x004b -> Node 2
[    0.000000] SRAT: PXM 2 -> APIC 0x004c -> Node 2
[    0.000000] SRAT: PXM 2 -> APIC 0x004d -> Node 2
[    0.000000] SRAT: PXM 2 -> APIC 0x004e -> Node 2
[    0.000000] SRAT: PXM 2 -> APIC 0x004f -> Node 2
[    0.000000] SRAT: PXM 2 -> APIC 0x0050 -> Node 2
[    0.000000] SRAT: PXM 2 -> APIC 0x0051 -> Node 2
[    0.000000] SRAT: PXM 2 -> APIC 0x0052 -> Node 2
[    0.000000] SRAT: PXM 2 -> APIC 0x0053 -> Node 2
[    0.000000] SRAT: PXM 2 -> APIC 0x0054 -> Node 2
[    0.000000] SRAT: PXM 2 -> APIC 0x0055 -> Node 2
[    0.000000] SRAT: PXM 2 -> APIC 0x0056 -> Node 2
[    0.000000] SRAT: PXM 2 -> APIC 0x0057 -> Node 2
[    0.000000] SRAT: PXM 2 -> APIC 0x0058 -> Node 2
[    0.000000] SRAT: PXM 2 -> APIC 0x0059 -> Node 2
[    0.000000] SRAT: PXM 2 -> APIC 0x005a -> Node 2
[    0.000000] SRAT: PXM 2 -> APIC 0x005b -> Node 2
[    0.000000] SRAT: PXM 2 -> APIC 0x005c -> Node 2
[    0.000000] SRAT: PXM 2 -> APIC 0x005d -> Node 2
[    0.000000] SRAT: PXM 3 -> APIC 0x0060 -> Node 3
[    0.000000] SRAT: PXM 3 -> APIC 0x0061 -> Node 3
[    0.000000] SRAT: PXM 3 -> APIC 0x0062 -> Node 3
[    0.000000] SRAT: PXM 3 -> APIC 0x0063 -> Node 3
[    0.000000] SRAT: PXM 3 -> APIC 0x0064 -> Node 3
[    0.000000] SRAT: PXM 3 -> APIC 0x0065 -> Node 3
[    0.000000] SRAT: PXM 3 -> APIC 0x0066 -> Node 3
[    0.000000] SRAT: PXM 3 -> APIC 0x0067 -> Node 3
[    0.000000] SRAT: PXM 3 -> APIC 0x0068 -> Node 3
[    0.000000] SRAT: PXM 3 -> APIC 0x0069 -> Node 3
[    0.000000] SRAT: PXM 3 -> APIC 0x006a -> Node 3
[    0.000000] SRAT: PXM 3 -> APIC 0x006b -> Node 3
[    0.000000] SRAT: PXM 3 -> APIC 0x006c -> Node 3
[    0.000000] SRAT: PXM 3 -> APIC 0x006d -> Node 3
[    0.000000] SRAT: PXM 3 -> APIC 0x006e -> Node 3
[    0.000000] SRAT: PXM 3 -> APIC 0x006f -> Node 3
[    0.000000] SRAT: PXM 3 -> APIC 0x0070 -> Node 3
[    0.000000] SRAT: PXM 3 -> APIC 0x0071 -> Node 3
[    0.000000] SRAT: PXM 3 -> APIC 0x0072 -> Node 3
[    0.000000] SRAT: PXM 3 -> APIC 0x0073 -> Node 3
[    0.000000] SRAT: PXM 3 -> APIC 0x0074 -> Node 3
[    0.000000] SRAT: PXM 3 -> APIC 0x0075 -> Node 3
[    0.000000] SRAT: PXM 3 -> APIC 0x0076 -> Node 3
[    0.000000] SRAT: PXM 3 -> APIC 0x0077 -> Node 3
[    0.000000] SRAT: PXM 3 -> APIC 0x0078 -> Node 3
[    0.000000] SRAT: PXM 3 -> APIC 0x0079 -> Node 3
[    0.000000] SRAT: PXM 3 -> APIC 0x007a -> Node 3
[    0.000000] SRAT: PXM 3 -> APIC 0x007b -> Node 3
[    0.000000] SRAT: PXM 3 -> APIC 0x007c -> Node 3
[    0.000000] SRAT: PXM 3 -> APIC 0x007d -> Node 3
[    0.000000] SRAT: PXM 4 -> APIC 0x0080 -> Node 4
[    0.000000] SRAT: PXM 4 -> APIC 0x0081 -> Node 4
[    0.000000] SRAT: PXM 4 -> APIC 0x0082 -> Node 4
[    0.000000] SRAT: PXM 4 -> APIC 0x0083 -> Node 4
[    0.000000] SRAT: PXM 4 -> APIC 0x0084 -> Node 4
[    0.000000] SRAT: PXM 4 -> APIC 0x0085 -> Node 4
[    0.000000] SRAT: PXM 4 -> APIC 0x0086 -> Node 4
[    0.000000] SRAT: PXM 4 -> APIC 0x0087 -> Node 4
[    0.000000] SRAT: PXM 4 -> APIC 0x0088 -> Node 4
[    0.000000] SRAT: PXM 4 -> APIC 0x0089 -> Node 4
[    0.000000] SRAT: PXM 4 -> APIC 0x008a -> Node 4
[    0.000000] SRAT: PXM 4 -> APIC 0x008b -> Node 4
[    0.000000] SRAT: PXM 4 -> APIC 0x008c -> Node 4
[    0.000000] SRAT: PXM 4 -> APIC 0x008d -> Node 4
[    0.000000] SRAT: PXM 4 -> APIC 0x008e -> Node 4
[    0.000000] SRAT: PXM 4 -> APIC 0x008f -> Node 4
[    0.000000] SRAT: PXM 4 -> APIC 0x0090 -> Node 4
[    0.000000] SRAT: PXM 4 -> APIC 0x0091 -> Node 4
[    0.000000] SRAT: PXM 4 -> APIC 0x0092 -> Node 4
[    0.000000] SRAT: PXM 4 -> APIC 0x0093 -> Node 4
[    0.000000] SRAT: PXM 4 -> APIC 0x0094 -> Node 4
[    0.000000] SRAT: PXM 4 -> APIC 0x0095 -> Node 4
[    0.000000] SRAT: PXM 4 -> APIC 0x0096 -> Node 4
[    0.000000] SRAT: PXM 4 -> APIC 0x0097 -> Node 4
[    0.000000] SRAT: PXM 4 -> APIC 0x0098 -> Node 4
[    0.000000] SRAT: PXM 4 -> APIC 0x0099 -> Node 4
[    0.000000] SRAT: PXM 4 -> APIC 0x009a -> Node 4
[    0.000000] SRAT: PXM 4 -> APIC 0x009b -> Node 4
[    0.000000] SRAT: PXM 4 -> APIC 0x009c -> Node 4
[    0.000000] SRAT: PXM 4 -> APIC 0x009d -> Node 4
[    0.000000] SRAT: PXM 5 -> APIC 0x00a0 -> Node 5
[    0.000000] SRAT: PXM 5 -> APIC 0x00a1 -> Node 5
[    0.000000] SRAT: PXM 5 -> APIC 0x00a2 -> Node 5
[    0.000000] SRAT: PXM 5 -> APIC 0x00a3 -> Node 5
[    0.000000] SRAT: PXM 5 -> APIC 0x00a4 -> Node 5
[    0.000000] SRAT: PXM 5 -> APIC 0x00a5 -> Node 5
[    0.000000] SRAT: PXM 5 -> APIC 0x00a6 -> Node 5
[    0.000000] SRAT: PXM 5 -> APIC 0x00a7 -> Node 5
[    0.000000] SRAT: PXM 5 -> APIC 0x00a8 -> Node 5
[    0.000000] SRAT: PXM 5 -> APIC 0x00a9 -> Node 5
[    0.000000] SRAT: PXM 5 -> APIC 0x00aa -> Node 5
[    0.000000] SRAT: PXM 5 -> APIC 0x00ab -> Node 5
[    0.000000] SRAT: PXM 5 -> APIC 0x00ac -> Node 5
[    0.000000] SRAT: PXM 5 -> APIC 0x00ad -> Node 5
[    0.000000] SRAT: PXM 5 -> APIC 0x00ae -> Node 5
[    0.000000] SRAT: PXM 5 -> APIC 0x00af -> Node 5
[    0.000000] SRAT: PXM 5 -> APIC 0x00b0 -> Node 5
[    0.000000] SRAT: PXM 5 -> APIC 0x00b1 -> Node 5
[    0.000000] SRAT: PXM 5 -> APIC 0x00b2 -> Node 5
[    0.000000] SRAT: PXM 5 -> APIC 0x00b3 -> Node 5
[    0.000000] SRAT: PXM 5 -> APIC 0x00b4 -> Node 5
[    0.000000] SRAT: PXM 5 -> APIC 0x00b5 -> Node 5
[    0.000000] SRAT: PXM 5 -> APIC 0x00b6 -> Node 5
[    0.000000] SRAT: PXM 5 -> APIC 0x00b7 -> Node 5
[    0.000000] SRAT: PXM 5 -> APIC 0x00b8 -> Node 5
[    0.000000] SRAT: PXM 5 -> APIC 0x00b9 -> Node 5
[    0.000000] SRAT: PXM 5 -> APIC 0x00ba -> Node 5
[    0.000000] SRAT: PXM 5 -> APIC 0x00bb -> Node 5
[    0.000000] SRAT: PXM 5 -> APIC 0x00bc -> Node 5
[    0.000000] SRAT: PXM 5 -> APIC 0x00bd -> Node 5
[    0.000000] SRAT: PXM 6 -> APIC 0x00c0 -> Node 6
[    0.000000] SRAT: PXM 6 -> APIC 0x00c1 -> Node 6
[    0.000000] SRAT: PXM 6 -> APIC 0x00c2 -> Node 6
[    0.000000] SRAT: PXM 6 -> APIC 0x00c3 -> Node 6
[    0.000000] SRAT: PXM 6 -> APIC 0x00c4 -> Node 6
[    0.000000] SRAT: PXM 6 -> APIC 0x00c5 -> Node 6
[    0.000000] SRAT: PXM 6 -> APIC 0x00c6 -> Node 6
[    0.000000] SRAT: PXM 6 -> APIC 0x00c7 -> Node 6
[    0.000000] SRAT: PXM 6 -> APIC 0x00c8 -> Node 6
[    0.000000] SRAT: PXM 6 -> APIC 0x00c9 -> Node 6
[    0.000000] SRAT: PXM 6 -> APIC 0x00ca -> Node 6
[    0.000000] SRAT: PXM 6 -> APIC 0x00cb -> Node 6
[    0.000000] SRAT: PXM 6 -> APIC 0x00cc -> Node 6
[    0.000000] SRAT: PXM 6 -> APIC 0x00cd -> Node 6
[    0.000000] SRAT: PXM 6 -> APIC 0x00ce -> Node 6
[    0.000000] SRAT: PXM 6 -> APIC 0x00cf -> Node 6
[    0.000000] SRAT: PXM 6 -> APIC 0x00d0 -> Node 6
[    0.000000] SRAT: PXM 6 -> APIC 0x00d1 -> Node 6
[    0.000000] SRAT: PXM 6 -> APIC 0x00d2 -> Node 6
[    0.000000] SRAT: PXM 6 -> APIC 0x00d3 -> Node 6
[    0.000000] SRAT: PXM 6 -> APIC 0x00d4 -> Node 6
[    0.000000] SRAT: PXM 6 -> APIC 0x00d5 -> Node 6
[    0.000000] SRAT: PXM 6 -> APIC 0x00d6 -> Node 6
[    0.000000] SRAT: PXM 6 -> APIC 0x00d7 -> Node 6
[    0.000000] SRAT: PXM 6 -> APIC 0x00d8 -> Node 6
[    0.000000] SRAT: PXM 6 -> APIC 0x00d9 -> Node 6
[    0.000000] SRAT: PXM 6 -> APIC 0x00da -> Node 6
[    0.000000] SRAT: PXM 6 -> APIC 0x00db -> Node 6
[    0.000000] SRAT: PXM 6 -> APIC 0x00dc -> Node 6
[    0.000000] SRAT: PXM 6 -> APIC 0x00dd -> Node 6
[    0.000000] SRAT: PXM 7 -> APIC 0x00e0 -> Node 7
[    0.000000] SRAT: PXM 7 -> APIC 0x00e1 -> Node 7
[    0.000000] SRAT: PXM 7 -> APIC 0x00e2 -> Node 7
[    0.000000] SRAT: PXM 7 -> APIC 0x00e3 -> Node 7
[    0.000000] SRAT: PXM 7 -> APIC 0x00e4 -> Node 7
[    0.000000] SRAT: PXM 7 -> APIC 0x00e5 -> Node 7
[    0.000000] SRAT: PXM 7 -> APIC 0x00e6 -> Node 7
[    0.000000] SRAT: PXM 7 -> APIC 0x00e7 -> Node 7
[    0.000000] SRAT: PXM 7 -> APIC 0x00e8 -> Node 7
[    0.000000] SRAT: PXM 7 -> APIC 0x00e9 -> Node 7
[    0.000000] SRAT: PXM 7 -> APIC 0x00ea -> Node 7
[    0.000000] SRAT: PXM 7 -> APIC 0x00eb -> Node 7
[    0.000000] SRAT: PXM 7 -> APIC 0x00ec -> Node 7
[    0.000000] SRAT: PXM 7 -> APIC 0x00ed -> Node 7
[    0.000000] SRAT: PXM 7 -> APIC 0x00ee -> Node 7
[    0.000000] SRAT: PXM 7 -> APIC 0x00ef -> Node 7
[    0.000000] SRAT: PXM 7 -> APIC 0x00f0 -> Node 7
[    0.000000] SRAT: PXM 7 -> APIC 0x00f1 -> Node 7
[    0.000000] SRAT: PXM 7 -> APIC 0x00f2 -> Node 7
[    0.000000] SRAT: PXM 7 -> APIC 0x00f3 -> Node 7
[    0.000000] SRAT: PXM 7 -> APIC 0x00f4 -> Node 7
[    0.000000] SRAT: PXM 7 -> APIC 0x00f5 -> Node 7
[    0.000000] SRAT: PXM 7 -> APIC 0x00f6 -> Node 7
[    0.000000] SRAT: PXM 7 -> APIC 0x00f7 -> Node 7
[    0.000000] SRAT: PXM 7 -> APIC 0x00f8 -> Node 7
[    0.000000] SRAT: PXM 7 -> APIC 0x00f9 -> Node 7
[    0.000000] SRAT: PXM 7 -> APIC 0x00fa -> Node 7
[    0.000000] SRAT: PXM 7 -> APIC 0x00fb -> Node 7
[    0.000000] SRAT: PXM 7 -> APIC 0x00fc -> Node 7
[    0.000000] SRAT: PXM 7 -> APIC 0x00fd -> Node 7
[    0.000000] SRAT: PXM 8 -> APIC 0x0100 -> Node 8
[    0.000000] SRAT: PXM 8 -> APIC 0x0101 -> Node 8
[    0.000000] SRAT: PXM 8 -> APIC 0x0102 -> Node 8
[    0.000000] SRAT: PXM 8 -> APIC 0x0103 -> Node 8
[    0.000000] SRAT: PXM 8 -> APIC 0x0104 -> Node 8
[    0.000000] SRAT: PXM 8 -> APIC 0x0105 -> Node 8
[    0.000000] SRAT: PXM 8 -> APIC 0x0106 -> Node 8
[    0.000000] SRAT: PXM 8 -> APIC 0x0107 -> Node 8
[    0.000000] SRAT: PXM 8 -> APIC 0x0108 -> Node 8
[    0.000000] SRAT: PXM 8 -> APIC 0x0109 -> Node 8
[    0.000000] SRAT: PXM 8 -> APIC 0x010a -> Node 8
[    0.000000] SRAT: PXM 8 -> APIC 0x010b -> Node 8
[    0.000000] SRAT: PXM 8 -> APIC 0x010c -> Node 8
[    0.000000] SRAT: PXM 8 -> APIC 0x010d -> Node 8
[    0.000000] SRAT: PXM 8 -> APIC 0x010e -> Node 8
[    0.000000] SRAT: PXM 8 -> APIC 0x010f -> Node 8
[    0.000000] SRAT: PXM 8 -> APIC 0x0110 -> Node 8
[    0.000000] SRAT: PXM 8 -> APIC 0x0111 -> Node 8
[    0.000000] SRAT: PXM 8 -> APIC 0x0112 -> Node 8
[    0.000000] SRAT: PXM 8 -> APIC 0x0113 -> Node 8
[    0.000000] SRAT: PXM 8 -> APIC 0x0114 -> Node 8
[    0.000000] SRAT: PXM 8 -> APIC 0x0115 -> Node 8
[    0.000000] SRAT: PXM 8 -> APIC 0x0116 -> Node 8
[    0.000000] SRAT: PXM 8 -> APIC 0x0117 -> Node 8
[    0.000000] SRAT: PXM 8 -> APIC 0x0118 -> Node 8
[    0.000000] SRAT: PXM 8 -> APIC 0x0119 -> Node 8
[    0.000000] SRAT: PXM 8 -> APIC 0x011a -> Node 8
[    0.000000] SRAT: PXM 8 -> APIC 0x011b -> Node 8
[    0.000000] SRAT: PXM 8 -> APIC 0x011c -> Node 8
[    0.000000] SRAT: PXM 8 -> APIC 0x011d -> Node 8
[    0.000000] SRAT: PXM 9 -> APIC 0x0120 -> Node 9
[    0.000000] SRAT: PXM 9 -> APIC 0x0121 -> Node 9
[    0.000000] SRAT: PXM 9 -> APIC 0x0122 -> Node 9
[    0.000000] SRAT: PXM 9 -> APIC 0x0123 -> Node 9
[    0.000000] SRAT: PXM 9 -> APIC 0x0124 -> Node 9
[    0.000000] SRAT: PXM 9 -> APIC 0x0125 -> Node 9
[    0.000000] SRAT: PXM 9 -> APIC 0x0126 -> Node 9
[    0.000000] SRAT: PXM 9 -> APIC 0x0127 -> Node 9
[    0.000000] SRAT: PXM 9 -> APIC 0x0128 -> Node 9
[    0.000000] SRAT: PXM 9 -> APIC 0x0129 -> Node 9
[    0.000000] SRAT: PXM 9 -> APIC 0x012a -> Node 9
[    0.000000] SRAT: PXM 9 -> APIC 0x012b -> Node 9
[    0.000000] SRAT: PXM 9 -> APIC 0x012c -> Node 9
[    0.000000] SRAT: PXM 9 -> APIC 0x012d -> Node 9
[    0.000000] SRAT: PXM 9 -> APIC 0x012e -> Node 9
[    0.000000] SRAT: PXM 9 -> APIC 0x012f -> Node 9
[    0.000000] SRAT: PXM 9 -> APIC 0x0130 -> Node 9
[    0.000000] SRAT: PXM 9 -> APIC 0x0131 -> Node 9
[    0.000000] SRAT: PXM 9 -> APIC 0x0132 -> Node 9
[    0.000000] SRAT: PXM 9 -> APIC 0x0133 -> Node 9
[    0.000000] SRAT: PXM 9 -> APIC 0x0134 -> Node 9
[    0.000000] SRAT: PXM 9 -> APIC 0x0135 -> Node 9
[    0.000000] SRAT: PXM 9 -> APIC 0x0136 -> Node 9
[    0.000000] SRAT: PXM 9 -> APIC 0x0137 -> Node 9
[    0.000000] SRAT: PXM 9 -> APIC 0x0138 -> Node 9
[    0.000000] SRAT: PXM 9 -> APIC 0x0139 -> Node 9
[    0.000000] SRAT: PXM 9 -> APIC 0x013a -> Node 9
[    0.000000] SRAT: PXM 9 -> APIC 0x013b -> Node 9
[    0.000000] SRAT: PXM 9 -> APIC 0x013c -> Node 9
[    0.000000] SRAT: PXM 9 -> APIC 0x013d -> Node 9
[    0.000000] SRAT: PXM 10 -> APIC 0x0140 -> Node 10
[    0.000000] SRAT: PXM 10 -> APIC 0x0141 -> Node 10
[    0.000000] SRAT: PXM 10 -> APIC 0x0142 -> Node 10
[    0.000000] SRAT: PXM 10 -> APIC 0x0143 -> Node 10
[    0.000000] SRAT: PXM 10 -> APIC 0x0144 -> Node 10
[    0.000000] SRAT: PXM 10 -> APIC 0x0145 -> Node 10
[    0.000000] SRAT: PXM 10 -> APIC 0x0146 -> Node 10
[    0.000000] SRAT: PXM 10 -> APIC 0x0147 -> Node 10
[    0.000000] SRAT: PXM 10 -> APIC 0x0148 -> Node 10
[    0.000000] SRAT: PXM 10 -> APIC 0x0149 -> Node 10
[    0.000000] SRAT: PXM 10 -> APIC 0x014a -> Node 10
[    0.000000] SRAT: PXM 10 -> APIC 0x014b -> Node 10
[    0.000000] SRAT: PXM 10 -> APIC 0x014c -> Node 10
[    0.000000] SRAT: PXM 10 -> APIC 0x014d -> Node 10
[    0.000000] SRAT: PXM 10 -> APIC 0x014e -> Node 10
[    0.000000] SRAT: PXM 10 -> APIC 0x014f -> Node 10
[    0.000000] SRAT: PXM 10 -> APIC 0x0150 -> Node 10
[    0.000000] SRAT: PXM 10 -> APIC 0x0151 -> Node 10
[    0.000000] SRAT: PXM 10 -> APIC 0x0152 -> Node 10
[    0.000000] SRAT: PXM 10 -> APIC 0x0153 -> Node 10
[    0.000000] SRAT: PXM 10 -> APIC 0x0154 -> Node 10
[    0.000000] SRAT: PXM 10 -> APIC 0x0155 -> Node 10
[    0.000000] SRAT: PXM 10 -> APIC 0x0156 -> Node 10
[    0.000000] SRAT: PXM 10 -> APIC 0x0157 -> Node 10
[    0.000000] SRAT: PXM 10 -> APIC 0x0158 -> Node 10
[    0.000000] SRAT: PXM 10 -> APIC 0x0159 -> Node 10
[    0.000000] SRAT: PXM 10 -> APIC 0x015a -> Node 10
[    0.000000] SRAT: PXM 10 -> APIC 0x015b -> Node 10
[    0.000000] SRAT: PXM 10 -> APIC 0x015c -> Node 10
[    0.000000] SRAT: PXM 10 -> APIC 0x015d -> Node 10
[    0.000000] SRAT: PXM 11 -> APIC 0x0160 -> Node 11
[    0.000000] SRAT: PXM 11 -> APIC 0x0161 -> Node 11
[    0.000000] SRAT: PXM 11 -> APIC 0x0162 -> Node 11
[    0.000000] SRAT: PXM 11 -> APIC 0x0163 -> Node 11
[    0.000000] SRAT: PXM 11 -> APIC 0x0164 -> Node 11
[    0.000000] SRAT: PXM 11 -> APIC 0x0165 -> Node 11
[    0.000000] SRAT: PXM 11 -> APIC 0x0166 -> Node 11
[    0.000000] SRAT: PXM 11 -> APIC 0x0167 -> Node 11
[    0.000000] SRAT: PXM 11 -> APIC 0x0168 -> Node 11
[    0.000000] SRAT: PXM 11 -> APIC 0x0169 -> Node 11
[    0.000000] SRAT: PXM 11 -> APIC 0x016a -> Node 11
[    0.000000] SRAT: PXM 11 -> APIC 0x016b -> Node 11
[    0.000000] SRAT: PXM 11 -> APIC 0x016c -> Node 11
[    0.000000] SRAT: PXM 11 -> APIC 0x016d -> Node 11
[    0.000000] SRAT: PXM 11 -> APIC 0x016e -> Node 11
[    0.000000] SRAT: PXM 11 -> APIC 0x016f -> Node 11
[    0.000000] SRAT: PXM 11 -> APIC 0x0170 -> Node 11
[    0.000000] SRAT: PXM 11 -> APIC 0x0171 -> Node 11
[    0.000000] SRAT: PXM 11 -> APIC 0x0172 -> Node 11
[    0.000000] SRAT: PXM 11 -> APIC 0x0173 -> Node 11
[    0.000000] SRAT: PXM 11 -> APIC 0x0174 -> Node 11
[    0.000000] SRAT: PXM 11 -> APIC 0x0175 -> Node 11
[    0.000000] SRAT: PXM 11 -> APIC 0x0176 -> Node 11
[    0.000000] SRAT: PXM 11 -> APIC 0x0177 -> Node 11
[    0.000000] SRAT: PXM 11 -> APIC 0x0178 -> Node 11
[    0.000000] SRAT: PXM 11 -> APIC 0x0179 -> Node 11
[    0.000000] SRAT: PXM 11 -> APIC 0x017a -> Node 11
[    0.000000] SRAT: PXM 11 -> APIC 0x017b -> Node 11
[    0.000000] SRAT: PXM 11 -> APIC 0x017c -> Node 11
[    0.000000] SRAT: PXM 11 -> APIC 0x017d -> Node 11
[    0.000000] SRAT: PXM 12 -> APIC 0x0180 -> Node 12
[    0.000000] SRAT: PXM 12 -> APIC 0x0181 -> Node 12
[    0.000000] SRAT: PXM 12 -> APIC 0x0182 -> Node 12
[    0.000000] SRAT: PXM 12 -> APIC 0x0183 -> Node 12
[    0.000000] SRAT: PXM 12 -> APIC 0x0184 -> Node 12
[    0.000000] SRAT: PXM 12 -> APIC 0x0185 -> Node 12
[    0.000000] SRAT: PXM 12 -> APIC 0x0186 -> Node 12
[    0.000000] SRAT: PXM 12 -> APIC 0x0187 -> Node 12
[    0.000000] SRAT: PXM 12 -> APIC 0x0188 -> Node 12
[    0.000000] SRAT: PXM 12 -> APIC 0x0189 -> Node 12
[    0.000000] SRAT: PXM 12 -> APIC 0x018a -> Node 12
[    0.000000] SRAT: PXM 12 -> APIC 0x018b -> Node 12
[    0.000000] SRAT: PXM 12 -> APIC 0x018c -> Node 12
[    0.000000] SRAT: PXM 12 -> APIC 0x018d -> Node 12
[    0.000000] SRAT: PXM 12 -> APIC 0x018e -> Node 12
[    0.000000] SRAT: PXM 12 -> APIC 0x018f -> Node 12
[    0.000000] SRAT: PXM 12 -> APIC 0x0190 -> Node 12
[    0.000000] SRAT: PXM 12 -> APIC 0x0191 -> Node 12
[    0.000000] SRAT: PXM 12 -> APIC 0x0192 -> Node 12
[    0.000000] SRAT: PXM 12 -> APIC 0x0193 -> Node 12
[    0.000000] SRAT: PXM 12 -> APIC 0x0194 -> Node 12
[    0.000000] SRAT: PXM 12 -> APIC 0x0195 -> Node 12
[    0.000000] SRAT: PXM 12 -> APIC 0x0196 -> Node 12
[    0.000000] SRAT: PXM 12 -> APIC 0x0197 -> Node 12
[    0.000000] SRAT: PXM 12 -> APIC 0x0198 -> Node 12
[    0.000000] SRAT: PXM 12 -> APIC 0x0199 -> Node 12
[    0.000000] SRAT: PXM 12 -> APIC 0x019a -> Node 12
[    0.000000] SRAT: PXM 12 -> APIC 0x019b -> Node 12
[    0.000000] SRAT: PXM 12 -> APIC 0x019c -> Node 12
[    0.000000] SRAT: PXM 12 -> APIC 0x019d -> Node 12
[    0.000000] SRAT: PXM 13 -> APIC 0x01a0 -> Node 13
[    0.000000] SRAT: PXM 13 -> APIC 0x01a1 -> Node 13
[    0.000000] SRAT: PXM 13 -> APIC 0x01a2 -> Node 13
[    0.000000] SRAT: PXM 13 -> APIC 0x01a3 -> Node 13
[    0.000000] SRAT: PXM 13 -> APIC 0x01a4 -> Node 13
[    0.000000] SRAT: PXM 13 -> APIC 0x01a5 -> Node 13
[    0.000000] SRAT: PXM 13 -> APIC 0x01a6 -> Node 13
[    0.000000] SRAT: PXM 13 -> APIC 0x01a7 -> Node 13
[    0.000000] SRAT: PXM 13 -> APIC 0x01a8 -> Node 13
[    0.000000] SRAT: PXM 13 -> APIC 0x01a9 -> Node 13
[    0.000000] SRAT: PXM 13 -> APIC 0x01aa -> Node 13
[    0.000000] SRAT: PXM 13 -> APIC 0x01ab -> Node 13
[    0.000000] SRAT: PXM 13 -> APIC 0x01ac -> Node 13
[    0.000000] SRAT: PXM 13 -> APIC 0x01ad -> Node 13
[    0.000000] SRAT: PXM 13 -> APIC 0x01ae -> Node 13
[    0.000000] SRAT: PXM 13 -> APIC 0x01af -> Node 13
[    0.000000] SRAT: PXM 13 -> APIC 0x01b0 -> Node 13
[    0.000000] SRAT: PXM 13 -> APIC 0x01b1 -> Node 13
[    0.000000] SRAT: PXM 13 -> APIC 0x01b2 -> Node 13
[    0.000000] SRAT: PXM 13 -> APIC 0x01b3 -> Node 13
[    0.000000] SRAT: PXM 13 -> APIC 0x01b4 -> Node 13
[    0.000000] SRAT: PXM 13 -> APIC 0x01b5 -> Node 13
[    0.000000] SRAT: PXM 13 -> APIC 0x01b6 -> Node 13
[    0.000000] SRAT: PXM 13 -> APIC 0x01b7 -> Node 13
[    0.000000] SRAT: PXM 13 -> APIC 0x01b8 -> Node 13
[    0.000000] SRAT: PXM 13 -> APIC 0x01b9 -> Node 13
[    0.000000] SRAT: PXM 13 -> APIC 0x01ba -> Node 13
[    0.000000] SRAT: PXM 13 -> APIC 0x01bb -> Node 13
[    0.000000] SRAT: PXM 13 -> APIC 0x01bc -> Node 13
[    0.000000] SRAT: PXM 13 -> APIC 0x01bd -> Node 13
[    0.000000] SRAT: PXM 14 -> APIC 0x01c0 -> Node 14
[    0.000000] SRAT: PXM 14 -> APIC 0x01c1 -> Node 14
[    0.000000] SRAT: PXM 14 -> APIC 0x01c2 -> Node 14
[    0.000000] SRAT: PXM 14 -> APIC 0x01c3 -> Node 14
[    0.000000] SRAT: PXM 14 -> APIC 0x01c4 -> Node 14
[    0.000000] SRAT: PXM 14 -> APIC 0x01c5 -> Node 14
[    0.000000] SRAT: PXM 14 -> APIC 0x01c6 -> Node 14
[    0.000000] SRAT: PXM 14 -> APIC 0x01c7 -> Node 14
[    0.000000] SRAT: PXM 14 -> APIC 0x01c8 -> Node 14
[    0.000000] SRAT: PXM 14 -> APIC 0x01c9 -> Node 14
[    0.000000] SRAT: PXM 14 -> APIC 0x01ca -> Node 14
[    0.000000] SRAT: PXM 14 -> APIC 0x01cb -> Node 14
[    0.000000] SRAT: PXM 14 -> APIC 0x01cc -> Node 14
[    0.000000] SRAT: PXM 14 -> APIC 0x01cd -> Node 14
[    0.000000] SRAT: PXM 14 -> APIC 0x01ce -> Node 14
[    0.000000] SRAT: PXM 14 -> APIC 0x01cf -> Node 14
[    0.000000] SRAT: PXM 14 -> APIC 0x01d0 -> Node 14
[    0.000000] SRAT: PXM 14 -> APIC 0x01d1 -> Node 14
[    0.000000] SRAT: PXM 14 -> APIC 0x01d2 -> Node 14
[    0.000000] SRAT: PXM 14 -> APIC 0x01d3 -> Node 14
[    0.000000] SRAT: PXM 14 -> APIC 0x01d4 -> Node 14
[    0.000000] SRAT: PXM 14 -> APIC 0x01d5 -> Node 14
[    0.000000] SRAT: PXM 14 -> APIC 0x01d6 -> Node 14
[    0.000000] SRAT: PXM 14 -> APIC 0x01d7 -> Node 14
[    0.000000] SRAT: PXM 14 -> APIC 0x01d8 -> Node 14
[    0.000000] SRAT: PXM 14 -> APIC 0x01d9 -> Node 14
[    0.000000] SRAT: PXM 14 -> APIC 0x01da -> Node 14
[    0.000000] SRAT: PXM 14 -> APIC 0x01db -> Node 14
[    0.000000] SRAT: PXM 14 -> APIC 0x01dc -> Node 14
[    0.000000] SRAT: PXM 14 -> APIC 0x01dd -> Node 14
[    0.000000] SRAT: PXM 15 -> APIC 0x01e0 -> Node 15
[    0.000000] SRAT: PXM 15 -> APIC 0x01e1 -> Node 15
[    0.000000] SRAT: PXM 15 -> APIC 0x01e2 -> Node 15
[    0.000000] SRAT: PXM 15 -> APIC 0x01e3 -> Node 15
[    0.000000] SRAT: PXM 15 -> APIC 0x01e4 -> Node 15
[    0.000000] SRAT: PXM 15 -> APIC 0x01e5 -> Node 15
[    0.000000] SRAT: PXM 15 -> APIC 0x01e6 -> Node 15
[    0.000000] SRAT: PXM 15 -> APIC 0x01e7 -> Node 15
[    0.000000] SRAT: PXM 15 -> APIC 0x01e8 -> Node 15
[    0.000000] SRAT: PXM 15 -> APIC 0x01e9 -> Node 15
[    0.000000] SRAT: PXM 15 -> APIC 0x01ea -> Node 15
[    0.000000] SRAT: PXM 15 -> APIC 0x01eb -> Node 15
[    0.000000] SRAT: PXM 15 -> APIC 0x01ec -> Node 15
[    0.000000] SRAT: PXM 15 -> APIC 0x01ed -> Node 15
[    0.000000] SRAT: PXM 15 -> APIC 0x01ee -> Node 15
[    0.000000] SRAT: PXM 15 -> APIC 0x01ef -> Node 15
[    0.000000] SRAT: PXM 15 -> APIC 0x01f0 -> Node 15
[    0.000000] SRAT: PXM 15 -> APIC 0x01f1 -> Node 15
[    0.000000] SRAT: PXM 15 -> APIC 0x01f2 -> Node 15
[    0.000000] SRAT: PXM 15 -> APIC 0x01f3 -> Node 15
[    0.000000] SRAT: PXM 15 -> APIC 0x01f4 -> Node 15
[    0.000000] SRAT: PXM 15 -> APIC 0x01f5 -> Node 15
[    0.000000] SRAT: PXM 15 -> APIC 0x01f6 -> Node 15
[    0.000000] SRAT: PXM 15 -> APIC 0x01f7 -> Node 15
[    0.000000] SRAT: PXM 15 -> APIC 0x01f8 -> Node 15
[    0.000000] SRAT: PXM 15 -> APIC 0x01f9 -> Node 15
[    0.000000] SRAT: PXM 15 -> APIC 0x01fa -> Node 15
[    0.000000] SRAT: PXM 15 -> APIC 0x01fb -> Node 15
[    0.000000] SRAT: PXM 15 -> APIC 0x01fc -> Node 15
[    0.000000] SRAT: PXM 15 -> APIC 0x01fd -> Node 15
[    0.000000] SRAT: Node 0 PXM 0 [mem 0x00000000-0x7fffffff]
[    0.000000] SRAT: Node 0 PXM 0 [mem 0x100000000-0xc07fffffff]
[    0.000000] SRAT: Node 1 PXM 1 [mem 0xe000000000-0x19fffffffff]
[    0.000000] SRAT: Node 2 PXM 2 [mem 0x1a000000000-0x25fffffffff]
[    0.000000] SRAT: Node 3 PXM 3 [mem 0x26000000000-0x31fffffffff]
[    0.000000] SRAT: Node 4 PXM 4 [mem 0x32000000000-0x3dfffffffff]
[    0.000000] SRAT: Node 5 PXM 5 [mem 0x3e000000000-0x49fffffffff]
[    0.000000] SRAT: Node 6 PXM 6 [mem 0x4a000000000-0x55fffffffff]
[    0.000000] SRAT: Node 7 PXM 7 [mem 0x56000000000-0x61fffffffff]
[    0.000000] SRAT: Node 8 PXM 8 [mem 0x62000000000-0x6dfffffffff]
[    0.000000] SRAT: Node 9 PXM 9 [mem 0x6e000000000-0x79fffffffff]
[    0.000000] SRAT: Node 10 PXM 10 [mem 0x7a000000000-0x85fffffffff]
[    0.000000] SRAT: Node 11 PXM 11 [mem 0x86000000000-0x91fffffffff]
[    0.000000] SRAT: Node 12 PXM 12 [mem 0x92000000000-0x9dfffffffff]
[    0.000000] SRAT: Node 13 PXM 13 [mem 0x9e000000000-0xa9fffffffff]
[    0.000000] SRAT: Node 14 PXM 14 [mem 0xaa000000000-0xb5fffffffff]
[    0.000000] SRAT: Node 15 PXM 15 [mem 0xb6000000000-0xc1fffffffff]
[    0.000000] NUMA: Initialized distance table, cnt=16
[    0.000000] NUMA: Node 0 [mem 0x00000000-0x7fffffff] + [mem 0x100000000-0xc07fffffff] -> [mem 0x00000000-0xc07fffffff]
[    0.000000] NODE_DATA(0) allocated [mem 0xc07ffda000-0xc07fffffff]
[    0.000000] NODE_DATA(1) allocated [mem 0x19ffffda000-0x19fffffffff]
[    0.000000] NODE_DATA(2) allocated [mem 0x25ffffda000-0x25fffffffff]
[    0.000000] NODE_DATA(3) allocated [mem 0x31ffffda000-0x31fffffffff]
[    0.000000] NODE_DATA(4) allocated [mem 0x3dffffda000-0x3dfffffffff]
[    0.000000] NODE_DATA(5) allocated [mem 0x49ffffda000-0x49fffffffff]
[    0.000000] NODE_DATA(6) allocated [mem 0x55ffffda000-0x55fffffffff]
[    0.000000] NODE_DATA(7) allocated [mem 0x61ffffda000-0x61fffffffff]
[    0.000000] NODE_DATA(8) allocated [mem 0x6dffffda000-0x6dfffffffff]
[    0.000000] NODE_DATA(9) allocated [mem 0x79ffffda000-0x79fffffffff]
[    0.000000] NODE_DATA(10) allocated [mem 0x85ffffda000-0x85fffffffff]
[    0.000000] NODE_DATA(11) allocated [mem 0x91ffffda000-0x91fffffffff]
[    0.000000] NODE_DATA(12) allocated [mem 0x9dffffda000-0x9dfffffffff]
[    0.000000] NODE_DATA(13) allocated [mem 0xa9ffffda000-0xa9fffffffff]
[    0.000000] NODE_DATA(14) allocated [mem 0xb5ffffda000-0xb5fffffffff]
[    0.000000] NODE_DATA(15) allocated [mem 0xc1ffffbb000-0xc1ffffe0fff]
[    0.000000] Reserving 768MB of memory at 128MB for crashkernel (System RAM: 12582795MB)
[    0.000000]  [ffffea0000000000-ffffea02a1bfffff] PMD -> [ffff88bd7fe00000-ffff88c01fdfffff] on node 0
[    0.000000]  [ffffea0310000000-ffffea05afffffff] PMD -> [ffff899cffe00000-ffff899f9fdfffff] on node 1
[    0.000000]  [ffffea05b0000000-ffffea084fffffff] PMD -> [ffff8a5cffe00000-ffff8a5f9fdfffff] on node 2
[    0.000000]  [ffffea0850000000-ffffea0aefffffff] PMD -> [ffff8b1cffe00000-ffff8b1f9fdfffff] on node 3
[    0.000000]  [ffffea0af0000000-ffffea0d8fffffff] PMD -> [ffff8bdcffe00000-ffff8bdf9fdfffff] on node 4
[    0.000000]  [ffffea0d90000000-ffffea102fffffff] PMD -> [ffff8c9cffe00000-ffff8c9f9fdfffff] on node 5
[    0.000000]  [ffffea1030000000-ffffea12cfffffff] PMD -> [ffff8d5cffe00000-ffff8d5f9fdfffff] on node 6
[    0.000000]  [ffffea12d0000000-ffffea156fffffff] PMD -> [ffff8e1cffe00000-ffff8e1f9fdfffff] on node 7
[    0.000000]  [ffffea1570000000-ffffea180fffffff] PMD -> [ffff8edcffe00000-ffff8edf9fdfffff] on node 8
[    0.000000]  [ffffea1810000000-ffffea1aafffffff] PMD -> [ffff8f9cffe00000-ffff8f9f9fdfffff] on node 9
[    0.000000]  [ffffea1ab0000000-ffffea1d4fffffff] PMD -> [ffff905cffe00000-ffff905f9fdfffff] on node 10
[    0.000000]  [ffffea1d50000000-ffffea1fefffffff] PMD -> [ffff911cffe00000-ffff911f9fdfffff] on node 11
[    0.000000]  [ffffea1ff0000000-ffffea228fffffff] PMD -> [ffff91dcffe00000-ffff91df9fdfffff] on node 12
[    0.000000]  [ffffea2290000000-ffffea252fffffff] PMD -> [ffff929cffe00000-ffff929f9fdfffff] on node 13
[    0.000000]  [ffffea2530000000-ffffea27cfffffff] PMD -> [ffff935cffe00000-ffff935f9fdfffff] on node 14
[    0.000000]  [ffffea27d0000000-ffffea2a6fffffff] PMD -> [ffff941cff600000-ffff941f9f5fffff] on node 15
[    0.000000] Zone ranges:
[    0.000000]   DMA      [mem 0x0000000000001000-0x0000000000ffffff]
[    0.000000]   DMA32    [mem 0x0000000001000000-0x00000000ffffffff]
[    0.000000]   Normal   [mem 0x0000000100000000-0x00000c1fffffffff]
[    0.000000] Movable zone start for each node
[    0.000000] Early memory node ranges
[    0.000000]   node   0: [mem 0x0000000000001000-0x000000000008dfff]
[    0.000000]   node   0: [mem 0x0000000000090000-0x000000000009ffff]
[    0.000000]   node   0: [mem 0x0000000000100000-0x000000006d00bfff]
[    0.000000]   node   0: [mem 0x000000006d018000-0x000000006f3fbfff]
[    0.000000]   node   0: [mem 0x000000006f3ff000-0x0000000078bfefff]
[    0.000000]   node   0: [mem 0x000000007bfff000-0x000000007bffffff]
[    0.000000]   node   0: [mem 0x0000000100001000-0x000000c07fffffff]
[    0.000000]   node   1: [mem 0x000000e000001000-0x0000019fffffffff]
[    0.000000]   node   2: [mem 0x000001a000000000-0x0000025fffffffff]
[    0.000000]   node   3: [mem 0x0000026000000000-0x0000031fffffffff]
[    0.000000]   node   4: [mem 0x0000032000000000-0x000003dfffffffff]
[    0.000000]   node   5: [mem 0x000003e000000000-0x0000049fffffffff]
[    0.000000]   node   6: [mem 0x000004a000000000-0x0000055fffffffff]
[    0.000000]   node   7: [mem 0x0000056000000000-0x0000061fffffffff]
[    0.000000]   node   8: [mem 0x0000062000000000-0x000006dfffffffff]
[    0.000000]   node   9: [mem 0x000006e000000000-0x0000079fffffffff]
[    0.000000]   node  10: [mem 0x000007a000000000-0x0000085fffffffff]
[    0.000000]   node  11: [mem 0x0000086000000000-0x0000091fffffffff]
[    0.000000]   node  12: [mem 0x0000092000000000-0x000009dfffffffff]
[    0.000000]   node  13: [mem 0x000009e000000000-0x00000a9fffffffff]
[    0.000000]   node  14: [mem 0x00000aa000000000-0x00000b5fffffffff]
[    0.000000]   node  15: [mem 0x00000b6000000000-0x00000c1fffffffff]
[    0.000000] Initmem setup node 0 [mem 0x0000000000001000-0x000000c07fffffff]
[    0.000000] On node 0 totalpages: 201296781
[    0.000000]   DMA zone: 56 pages used for memmap
[    0.000000]   DMA zone: 23 pages reserved
[    0.000000]   DMA zone: 3997 pages, LIFO batch:0
[    0.000000]   DMA32 zone: 6706 pages used for memmap
[    0.000000]   DMA32 zone: 490481 pages, LIFO batch:31
[    0.000000]   Normal zone: 2745344 pages used for memmap
[    0.000000]   Normal zone: 200802303 pages, LIFO batch:31
[    0.000000] Initmem setup node 1 [mem 0x000000e000001000-0x0000019fffffffff]
[    0.000000] On node 1 totalpages: 201326591
[    0.000000]   Normal zone: 2752512 pages used for memmap
[    0.000000]   Normal zone: 201326591 pages, LIFO batch:31
[    0.000000] Initmem setup node 2 [mem 0x000001a000000000-0x0000025fffffffff]
[    0.000000] On node 2 totalpages: 201326592
[    0.000000]   Normal zone: 2752512 pages used for memmap
[    0.000000]   Normal zone: 201326592 pages, LIFO batch:31
[    0.000000] Initmem setup node 3 [mem 0x0000026000000000-0x0000031fffffffff]
[    0.000000] On node 3 totalpages: 201326592
[    0.000000]   Normal zone: 2752512 pages used for memmap
[    0.000000]   Normal zone: 201326592 pages, LIFO batch:31
[    0.000000] Initmem setup node 4 [mem 0x0000032000000000-0x000003dfffffffff]
[    0.000000] On node 4 totalpages: 201326592
[    0.000000]   Normal zone: 2752512 pages used for memmap
[    0.000000]   Normal zone: 201326592 pages, LIFO batch:31
[    0.000000] Initmem setup node 5 [mem 0x000003e000000000-0x0000049fffffffff]
[    0.000000] On node 5 totalpages: 201326592
[    0.000000]   Normal zone: 2752512 pages used for memmap
[    0.000000]   Normal zone: 201326592 pages, LIFO batch:31
[    0.000000] Initmem setup node 6 [mem 0x000004a000000000-0x0000055fffffffff]
[    0.000000] On node 6 totalpages: 201326592
[    0.000000]   Normal zone: 2752512 pages used for memmap
[    0.000000]   Normal zone: 201326592 pages, LIFO batch:31
[    0.000000] Initmem setup node 7 [mem 0x0000056000000000-0x0000061fffffffff]
[    0.000000] On node 7 totalpages: 201326592
[    0.000000]   Normal zone: 2752512 pages used for memmap
[    0.000000]   Normal zone: 201326592 pages, LIFO batch:31
[    0.000000] Initmem setup node 8 [mem 0x0000062000000000-0x000006dfffffffff]
[    0.000000] On node 8 totalpages: 201326592
[    0.000000]   Normal zone: 2752512 pages used for memmap
[    0.000000]   Normal zone: 201326592 pages, LIFO batch:31
[    0.000000] Initmem setup node 9 [mem 0x000006e000000000-0x0000079fffffffff]
[    0.000000] On node 9 totalpages: 201326592
[    0.000000]   Normal zone: 2752512 pages used for memmap
[    0.000000]   Normal zone: 201326592 pages, LIFO batch:31
[    0.000000] Initmem setup node 10 [mem 0x000007a000000000-0x0000085fffffffff]
[    0.000000] On node 10 totalpages: 201326592
[    0.000000]   Normal zone: 2752512 pages used for memmap
[    0.000000]   Normal zone: 201326592 pages, LIFO batch:31
[    0.000000] Initmem setup node 11 [mem 0x0000086000000000-0x0000091fffffffff]
[    0.000000] On node 11 totalpages: 201326592
[    0.000000]   Normal zone: 2752512 pages used for memmap
[    0.000000]   Normal zone: 201326592 pages, LIFO batch:31
[    0.000000] Initmem setup node 12 [mem 0x0000092000000000-0x000009dfffffffff]
[    0.000000] On node 12 totalpages: 201326592
[    0.000000]   Normal zone: 2752512 pages used for memmap
[    0.000000]   Normal zone: 201326592 pages, LIFO batch:31
[    0.000000] Initmem setup node 13 [mem 0x000009e000000000-0x00000a9fffffffff]
[    0.000000] On node 13 totalpages: 201326592
[    0.000000]   Normal zone: 2752512 pages used for memmap
[    0.000000]   Normal zone: 201326592 pages, LIFO batch:31
[    0.000000] Initmem setup node 14 [mem 0x00000aa000000000-0x00000b5fffffffff]
[    0.000000] On node 14 totalpages: 201326592
[    0.000000]   Normal zone: 2752512 pages used for memmap
[    0.000000]   Normal zone: 201326592 pages, LIFO batch:31
[    0.000000] Initmem setup node 15 [mem 0x00000b6000000000-0x00000c1fffffffff]
[    0.000000] On node 15 totalpages: 201326592
[    0.000000]   Normal zone: 2752512 pages used for memmap
[    0.000000]   Normal zone: 201326592 pages, LIFO batch:31
[    0.000000] ACPI: Local APIC address 0xfee00000
[    0.000000] System requires x2apic physical mode
[    0.000000] ACPI: X2APIC (apic_id[0x00] uid[0x00] enabled)
[    0.000000] ACPI: X2APIC (apic_id[0x02] uid[0x02] enabled)
[    0.000000] ACPI: X2APIC (apic_id[0x04] uid[0x04] enabled)
[    0.000000] ACPI: X2APIC (apic_id[0x06] uid[0x06] enabled)
[    0.000000] ACPI: X2APIC (apic_id[0x08] uid[0x08] enabled)
[    0.000000] ACPI: X2APIC (apic_id[0x0a] uid[0x0a] enabled)
[    0.000000] ACPI: X2APIC (apic_id[0x0c] uid[0x0c] enabled)
[    0.000000] ACPI: X2APIC (apic_id[0x0e] uid[0x0e] enabled)
[    0.000000] ACPI: X2APIC (apic_id[0x10] uid[0x10] enabled)
[    0.000000] ACPI: X2APIC (apic_id[0x12] uid[0x12] enabled)
[    0.000000] ACPI: X2APIC (apic_id[0x14] uid[0x14] enabled)
[    0.000000] ACPI: X2APIC (apic_id[0x16] uid[0x16] enabled)
[    0.000000] ACPI: X2APIC (apic_id[0x18] uid[0x18] enabled)
[    0.000000] ACPI: X2APIC (apic_id[0x1a] uid[0x1a] enabled)
[    0.000000] ACPI: X2APIC (apic_id[0x1c] uid[0x1c] enabled)
[    0.000000] ACPI: X2APIC (apic_id[0x20] uid[0x24] enabled)
[    0.000000] ACPI: X2APIC (apic_id[0x22] uid[0x26] enabled)
[    0.000000] ACPI: X2APIC (apic_id[0x24] uid[0x28] enabled)
[    0.000000] ACPI: X2APIC (apic_id[0x26] uid[0x2a] enabled)
[    0.000000] ACPI: X2APIC (apic_id[0x28] uid[0x2c] enabled)
[    0.000000] ACPI: X2APIC (apic_id[0x2a] uid[0x2e] enabled)
[    0.000000] ACPI: X2APIC (apic_id[0x2c] uid[0x30] enabled)
[    0.000000] ACPI: X2APIC (apic_id[0x2e] uid[0x32] enabled)
[    0.000000] ACPI: X2APIC (apic_id[0x30] uid[0x34] enabled)
[    0.000000] ACPI: X2APIC (apic_id[0x32] uid[0x36] enabled)
[    0.000000] ACPI: X2APIC (apic_id[0x34] uid[0x38] enabled)
[    0.000000] ACPI: X2APIC (apic_id[0x36] uid[0x3a] enabled)
[    0.000000] ACPI: X2APIC (apic_id[0x38] uid[0x3c] enabled)
[    0.000000] ACPI: X2APIC (apic_id[0x3a] uid[0x3e] enabled)
[    0.000000] ACPI: X2APIC (apic_id[0x3c] uid[0x40] enabled)
[    0.000000] ACPI: X2APIC (apic_id[0x40] uid[0x48] enabled)
[    0.000000] ACPI: X2APIC (apic_id[0x42] uid[0x4a] enabled)
[    0.000000] ACPI: X2APIC (apic_id[0x44] uid[0x4c] enabled)
[    0.000000] ACPI: X2APIC (apic_id[0x46] uid[0x4e] enabled)
[    0.000000] ACPI: X2APIC (apic_id[0x48] uid[0x50] enabled)
[    0.000000] ACPI: X2APIC (apic_id[0x4a] uid[0x52] enabled)
[    0.000000] ACPI: X2APIC (apic_id[0x4c] uid[0x54] enabled)
[    0.000000] ACPI: X2APIC (apic_id[0x4e] uid[0x56] enabled)
[    0.000000] ACPI: X2APIC (apic_id[0x50] uid[0x58] enabled)
[    0.000000] ACPI: X2APIC (apic_id[0x52] uid[0x5a] enabled)
[    0.000000] ACPI: X2APIC (apic_id[0x54] uid[0x5c] enabled)
[    0.000000] ACPI: X2APIC (apic_id[0x56] uid[0x5e] enabled)
[    0.000000] ACPI: X2APIC (apic_id[0x58] uid[0x60] enabled)
[    0.000000] ACPI: X2APIC (apic_id[0x5a] uid[0x62] enabled)
[    0.000000] ACPI: X2APIC (apic_id[0x5c] uid[0x64] enabled)
[    0.000000] ACPI: X2APIC (apic_id[0x60] uid[0x6c] enabled)
[    0.000000] ACPI: X2APIC (apic_id[0x62] uid[0x6e] enabled)
[    0.000000] ACPI: X2APIC (apic_id[0x64] uid[0x70] enabled)
[    0.000000] ACPI: X2APIC (apic_id[0x66] uid[0x72] enabled)
[    0.000000] ACPI: X2APIC (apic_id[0x68] uid[0x74] enabled)
[    0.000000] ACPI: X2APIC (apic_id[0x6a] uid[0x76] enabled)
[    0.000000] ACPI: X2APIC (apic_id[0x6c] uid[0x78] enabled)
[    0.000000] ACPI: X2APIC (apic_id[0x6e] uid[0x7a] enabled)
[    0.000000] ACPI: X2APIC (apic_id[0x70] uid[0x7c] enabled)
[    0.000000] ACPI: X2APIC (apic_id[0x72] uid[0x7e] enabled)
[    0.000000] ACPI: X2APIC (apic_id[0x74] uid[0x80] enabled)
[    0.000000] ACPI: X2APIC (apic_id[0x76] uid[0x82] enabled)
[    0.000000] ACPI: X2APIC (apic_id[0x78] uid[0x84] enabled)
[    0.000000] ACPI: X2APIC (apic_id[0x7a] uid[0x86] enabled)
[    0.000000] ACPI: X2APIC (apic_id[0x7c] uid[0x88] enabled)
[    0.000000] ACPI: X2APIC (apic_id[0x80] uid[0x90] enabled)
[    0.000000] ACPI: X2APIC (apic_id[0x82] uid[0x92] enabled)
[    0.000000] ACPI: X2APIC (apic_id[0x84] uid[0x94] enabled)
[    0.000000] ACPI: X2APIC (apic_id[0x86] uid[0x96] enabled)
[    0.000000] ACPI: X2APIC (apic_id[0x88] uid[0x98] enabled)
[    0.000000] ACPI: X2APIC (apic_id[0x8a] uid[0x9a] enabled)
[    0.000000] ACPI: X2APIC (apic_id[0x8c] uid[0x9c] enabled)
[    0.000000] ACPI: X2APIC (apic_id[0x8e] uid[0x9e] enabled)
[    0.000000] ACPI: X2APIC (apic_id[0x90] uid[0xa0] enabled)
[    0.000000] ACPI: X2APIC (apic_id[0x92] uid[0xa2] enabled)
[    0.000000] ACPI: X2APIC (apic_id[0x94] uid[0xa4] enabled)
[    0.000000] ACPI: X2APIC (apic_id[0x96] uid[0xa6] enabled)
[    0.000000] ACPI: X2APIC (apic_id[0x98] uid[0xa8] enabled)
[    0.000000] ACPI: X2APIC (apic_id[0x9a] uid[0xaa] enabled)
[    0.000000] ACPI: X2APIC (apic_id[0x9c] uid[0xac] enabled)
[    0.000000] ACPI: X2APIC (apic_id[0xa0] uid[0xb4] enabled)
[    0.000000] ACPI: X2APIC (apic_id[0xa2] uid[0xb6] enabled)
[    0.000000] ACPI: X2APIC (apic_id[0xa4] uid[0xb8] enabled)
[    0.000000] ACPI: X2APIC (apic_id[0xa6] uid[0xba] enabled)
[    0.000000] ACPI: X2APIC (apic_id[0xa8] uid[0xbc] enabled)
[    0.000000] ACPI: X2APIC (apic_id[0xaa] uid[0xbe] enabled)
[    0.000000] ACPI: X2APIC (apic_id[0xac] uid[0xc0] enabled)
[    0.000000] ACPI: X2APIC (apic_id[0xae] uid[0xc2] enabled)
[    0.000000] ACPI: X2APIC (apic_id[0xb0] uid[0xc4] enabled)
[    0.000000] ACPI: X2APIC (apic_id[0xb2] uid[0xc6] enabled)
[    0.000000] ACPI: X2APIC (apic_id[0xb4] uid[0xc8] enabled)
[    0.000000] ACPI: X2APIC (apic_id[0xb6] uid[0xca] enabled)
[    0.000000] ACPI: X2APIC (apic_id[0xb8] uid[0xcc] enabled)
[    0.000000] ACPI: X2APIC (apic_id[0xba] uid[0xce] enabled)
[    0.000000] ACPI: X2APIC (apic_id[0xbc] uid[0xd0] enabled)
[    0.000000] ACPI: X2APIC (apic_id[0xc0] uid[0xd8] enabled)
[    0.000000] ACPI: X2APIC (apic_id[0xc2] uid[0xda] enabled)
[    0.000000] ACPI: X2APIC (apic_id[0xc4] uid[0xdc] enabled)
[    0.000000] ACPI: X2APIC (apic_id[0xc6] uid[0xde] enabled)
[    0.000000] ACPI: X2APIC (apic_id[0xc8] uid[0xe0] enabled)
[    0.000000] ACPI: X2APIC (apic_id[0xca] uid[0xe2] enabled)
[    0.000000] ACPI: X2APIC (apic_id[0xcc] uid[0xe4] enabled)
[    0.000000] ACPI: X2APIC (apic_id[0xce] uid[0xe6] enabled)
[    0.000000] ACPI: X2APIC (apic_id[0xd0] uid[0xe8] enabled)
[    0.000000] ACPI: X2APIC (apic_id[0xd2] uid[0xea] enabled)
[    0.000000] ACPI: X2APIC (apic_id[0xd4] uid[0xec] enabled)
[    0.000000] ACPI: X2APIC (apic_id[0xd6] uid[0xee] enabled)
[    0.000000] ACPI: X2APIC (apic_id[0xd8] uid[0xf0] enabled)
[    0.000000] ACPI: X2APIC (apic_id[0xda] uid[0xf2] enabled)
[    0.000000] ACPI: X2APIC (apic_id[0xdc] uid[0xf4] enabled)
[    0.000000] ACPI: X2APIC (apic_id[0xe0] uid[0xfc] enabled)
[    0.000000] ACPI: X2APIC (apic_id[0xe2] uid[0xfe] enabled)
[    0.000000] ACPI: X2APIC (apic_id[0xe4] uid[0x100] enabled)
[    0.000000] ACPI: X2APIC (apic_id[0xe6] uid[0x102] enabled)
[    0.000000] ACPI: X2APIC (apic_id[0xe8] uid[0x104] enabled)
[    0.000000] ACPI: X2APIC (apic_id[0xea] uid[0x106] enabled)
[    0.000000] ACPI: X2APIC (apic_id[0xec] uid[0x108] enabled)
[    0.000000] ACPI: X2APIC (apic_id[0xee] uid[0x10a] enabled)
[    0.000000] ACPI: X2APIC (apic_id[0xf0] uid[0x10c] enabled)
[    0.000000] ACPI: X2APIC (apic_id[0xf2] uid[0x10e] enabled)
[    0.000000] ACPI: X2APIC (apic_id[0xf4] uid[0x110] enabled)
[    0.000000] ACPI: X2APIC (apic_id[0xf6] uid[0x112] enabled)
[    0.000000] ACPI: X2APIC (apic_id[0xf8] uid[0x114] enabled)
[    0.000000] ACPI: X2APIC (apic_id[0xfa] uid[0x116] enabled)
[    0.000000] ACPI: X2APIC (apic_id[0xfc] uid[0x118] enabled)
[    0.000000] ACPI: X2APIC (apic_id[0x100] uid[0x120] enabled)
[    0.000000] ACPI: X2APIC (apic_id[0x102] uid[0x122] enabled)
[    0.000000] ACPI: X2APIC (apic_id[0x104] uid[0x124] enabled)
[    0.000000] ACPI: X2APIC (apic_id[0x106] uid[0x126] enabled)
[    0.000000] ACPI: X2APIC (apic_id[0x108] uid[0x128] enabled)
[    0.000000] ACPI: X2APIC (apic_id[0x10a] uid[0x12a] enabled)
[    0.000000] ACPI: X2APIC (apic_id[0x10c] uid[0x12c] enabled)
[    0.000000] ACPI: X2APIC (apic_id[0x10e] uid[0x12e] enabled)
[    0.000000] ACPI: X2APIC (apic_id[0x110] uid[0x130] enabled)
[    0.000000] ACPI: X2APIC (apic_id[0x112] uid[0x132] enabled)
[    0.000000] ACPI: X2APIC (apic_id[0x114] uid[0x134] enabled)
[    0.000000] ACPI: X2APIC (apic_id[0x116] uid[0x136] enabled)
[    0.000000] ACPI: X2APIC (apic_id[0x118] uid[0x138] enabled)
[    0.000000] ACPI: X2APIC (apic_id[0x11a] uid[0x13a] enabled)
[    0.000000] ACPI: X2APIC (apic_id[0x11c] uid[0x13c] enabled)
[    0.000000] ACPI: X2APIC (apic_id[0x120] uid[0x144] enabled)
[    0.000000] ACPI: X2APIC (apic_id[0x122] uid[0x146] enabled)
[    0.000000] ACPI: X2APIC (apic_id[0x124] uid[0x148] enabled)
[    0.000000] ACPI: X2APIC (apic_id[0x126] uid[0x14a] enabled)
[    0.000000] ACPI: X2APIC (apic_id[0x128] uid[0x14c] enabled)
[    0.000000] ACPI: X2APIC (apic_id[0x12a] uid[0x14e] enabled)
[    0.000000] ACPI: X2APIC (apic_id[0x12c] uid[0x150] enabled)
[    0.000000] ACPI: X2APIC (apic_id[0x12e] uid[0x152] enabled)
[    0.000000] ACPI: X2APIC (apic_id[0x130] uid[0x154] enabled)
[    0.000000] ACPI: X2APIC (apic_id[0x132] uid[0x156] enabled)
[    0.000000] ACPI: X2APIC (apic_id[0x134] uid[0x158] enabled)
[    0.000000] ACPI: X2APIC (apic_id[0x136] uid[0x15a] enabled)
[    0.000000] ACPI: X2APIC (apic_id[0x138] uid[0x15c] enabled)
[    0.000000] ACPI: X2APIC (apic_id[0x13a] uid[0x15e] enabled)
[    0.000000] ACPI: X2APIC (apic_id[0x13c] uid[0x160] enabled)
[    0.000000] ACPI: X2APIC (apic_id[0x140] uid[0x168] enabled)
[    0.000000] ACPI: X2APIC (apic_id[0x142] uid[0x16a] enabled)
[    0.000000] ACPI: X2APIC (apic_id[0x144] uid[0x16c] enabled)
[    0.000000] ACPI: X2APIC (apic_id[0x146] uid[0x16e] enabled)
[    0.000000] ACPI: X2APIC (apic_id[0x148] uid[0x170] enabled)
[    0.000000] ACPI: X2APIC (apic_id[0x14a] uid[0x172] enabled)
[    0.000000] ACPI: X2APIC (apic_id[0x14c] uid[0x174] enabled)
[    0.000000] ACPI: X2APIC (apic_id[0x14e] uid[0x176] enabled)
[    0.000000] ACPI: X2APIC (apic_id[0x150] uid[0x178] enabled)
[    0.000000] ACPI: X2APIC (apic_id[0x152] uid[0x17a] enabled)
[    0.000000] ACPI: X2APIC (apic_id[0x154] uid[0x17c] enabled)
[    0.000000] ACPI: X2APIC (apic_id[0x156] uid[0x17e] enabled)
[    0.000000] ACPI: X2APIC (apic_id[0x158] uid[0x180] enabled)
[    0.000000] ACPI: X2APIC (apic_id[0x15a] uid[0x182] enabled)
[    0.000000] ACPI: X2APIC (apic_id[0x15c] uid[0x184] enabled)
[    0.000000] ACPI: X2APIC (apic_id[0x160] uid[0x18c] enabled)
[    0.000000] ACPI: X2APIC (apic_id[0x162] uid[0x18e] enabled)
[    0.000000] ACPI: X2APIC (apic_id[0x164] uid[0x190] enabled)
[    0.000000] ACPI: X2APIC (apic_id[0x166] uid[0x192] enabled)
[    0.000000] ACPI: X2APIC (apic_id[0x168] uid[0x194] enabled)
[    0.000000] ACPI: X2APIC (apic_id[0x16a] uid[0x196] enabled)
[    0.000000] ACPI: X2APIC (apic_id[0x16c] uid[0x198] enabled)
[    0.000000] ACPI: X2APIC (apic_id[0x16e] uid[0x19a] enabled)
[    0.000000] ACPI: X2APIC (apic_id[0x170] uid[0x19c] enabled)
[    0.000000] ACPI: X2APIC (apic_id[0x172] uid[0x19e] enabled)
[    0.000000] ACPI: X2APIC (apic_id[0x174] uid[0x1a0] enabled)
[    0.000000] ACPI: X2APIC (apic_id[0x176] uid[0x1a2] enabled)
[    0.000000] ACPI: X2APIC (apic_id[0x178] uid[0x1a4] enabled)
[    0.000000] ACPI: X2APIC (apic_id[0x17a] uid[0x1a6] enabled)
[    0.000000] ACPI: X2APIC (apic_id[0x17c] uid[0x1a8] enabled)
[    0.000000] ACPI: X2APIC (apic_id[0x180] uid[0x1b0] enabled)
[    0.000000] ACPI: X2APIC (apic_id[0x182] uid[0x1b2] enabled)
[    0.000000] ACPI: X2APIC (apic_id[0x184] uid[0x1b4] enabled)
[    0.000000] ACPI: X2APIC (apic_id[0x186] uid[0x1b6] enabled)
[    0.000000] ACPI: X2APIC (apic_id[0x188] uid[0x1b8] enabled)
[    0.000000] ACPI: X2APIC (apic_id[0x18a] uid[0x1ba] enabled)
[    0.000000] ACPI: X2APIC (apic_id[0x18c] uid[0x1bc] enabled)
[    0.000000] ACPI: X2APIC (apic_id[0x18e] uid[0x1be] enabled)
[    0.000000] ACPI: X2APIC (apic_id[0x190] uid[0x1c0] enabled)
[    0.000000] ACPI: X2APIC (apic_id[0x192] uid[0x1c2] enabled)
[    0.000000] ACPI: X2APIC (apic_id[0x194] uid[0x1c4] enabled)
[    0.000000] ACPI: X2APIC (apic_id[0x196] uid[0x1c6] enabled)
[    0.000000] ACPI: X2APIC (apic_id[0x198] uid[0x1c8] enabled)
[    0.000000] ACPI: X2APIC (apic_id[0x19a] uid[0x1ca] enabled)
[    0.000000] ACPI: X2APIC (apic_id[0x19c] uid[0x1cc] enabled)
[    0.000000] ACPI: X2APIC (apic_id[0x1a0] uid[0x1d4] enabled)
[    0.000000] ACPI: X2APIC (apic_id[0x1a2] uid[0x1d6] enabled)
[    0.000000] ACPI: X2APIC (apic_id[0x1a4] uid[0x1d8] enabled)
[    0.000000] ACPI: X2APIC (apic_id[0x1a6] uid[0x1da] enabled)
[    0.000000] ACPI: X2APIC (apic_id[0x1a8] uid[0x1dc] enabled)
[    0.000000] ACPI: X2APIC (apic_id[0x1aa] uid[0x1de] enabled)
[    0.000000] ACPI: X2APIC (apic_id[0x1ac] uid[0x1e0] enabled)
[    0.000000] ACPI: X2APIC (apic_id[0x1ae] uid[0x1e2] enabled)
[    0.000000] ACPI: X2APIC (apic_id[0x1b0] uid[0x1e4] enabled)
[    0.000000] ACPI: X2APIC (apic_id[0x1b2] uid[0x1e6] enabled)
[    0.000000] ACPI: X2APIC (apic_id[0x1b4] uid[0x1e8] enabled)
[    0.000000] ACPI: X2APIC (apic_id[0x1b6] uid[0x1ea] enabled)
[    0.000000] ACPI: X2APIC (apic_id[0x1b8] uid[0x1ec] enabled)
[    0.000000] ACPI: X2APIC (apic_id[0x1ba] uid[0x1ee] enabled)
[    0.000000] ACPI: X2APIC (apic_id[0x1bc] uid[0x1f0] enabled)
[    0.000000] ACPI: X2APIC (apic_id[0x1c0] uid[0x1f8] enabled)
[    0.000000] ACPI: X2APIC (apic_id[0x1c2] uid[0x1fa] enabled)
[    0.000000] ACPI: X2APIC (apic_id[0x1c4] uid[0x1fc] enabled)
[    0.000000] ACPI: X2APIC (apic_id[0x1c6] uid[0x1fe] enabled)
[    0.000000] ACPI: X2APIC (apic_id[0x1c8] uid[0x200] enabled)
[    0.000000] ACPI: X2APIC (apic_id[0x1ca] uid[0x202] enabled)
[    0.000000] ACPI: X2APIC (apic_id[0x1cc] uid[0x204] enabled)
[    0.000000] ACPI: X2APIC (apic_id[0x1ce] uid[0x206] enabled)
[    0.000000] ACPI: X2APIC (apic_id[0x1d0] uid[0x208] enabled)
[    0.000000] ACPI: X2APIC (apic_id[0x1d2] uid[0x20a] enabled)
[    0.000000] ACPI: X2APIC (apic_id[0x1d4] uid[0x20c] enabled)
[    0.000000] ACPI: X2APIC (apic_id[0x1d6] uid[0x20e] enabled)
[    0.000000] ACPI: X2APIC (apic_id[0x1d8] uid[0x210] enabled)
[    0.000000] ACPI: X2APIC (apic_id[0x1da] uid[0x212] enabled)
[    0.000000] ACPI: X2APIC (apic_id[0x1dc] uid[0x214] enabled)
[    0.000000] ACPI: X2APIC (apic_id[0x1e0] uid[0x21c] enabled)
[    0.000000] ACPI: X2APIC (apic_id[0x1e2] uid[0x21e] enabled)
[    0.000000] ACPI: X2APIC (apic_id[0x1e4] uid[0x220] enabled)
[    0.000000] ACPI: X2APIC (apic_id[0x1e6] uid[0x222] enabled)
[    0.000000] ACPI: X2APIC (apic_id[0x1e8] uid[0x224] enabled)
[    0.000000] ACPI: X2APIC (apic_id[0x1ea] uid[0x226] enabled)
[    0.000000] ACPI: X2APIC (apic_id[0x1ec] uid[0x228] enabled)
[    0.000000] ACPI: X2APIC (apic_id[0x1ee] uid[0x22a] enabled)
[    0.000000] ACPI: X2APIC (apic_id[0x1f0] uid[0x22c] enabled)
[    0.000000] ACPI: X2APIC (apic_id[0x1f2] uid[0x22e] enabled)
[    0.000000] ACPI: X2APIC (apic_id[0x1f4] uid[0x230] enabled)
[    0.000000] ACPI: X2APIC (apic_id[0x1f6] uid[0x232] enabled)
[    0.000000] ACPI: X2APIC (apic_id[0x1f8] uid[0x234] enabled)
[    0.000000] ACPI: X2APIC (apic_id[0x1fa] uid[0x236] enabled)
[    0.000000] ACPI: X2APIC (apic_id[0x1fc] uid[0x238] enabled)
[    0.000000] ACPI: X2APIC (apic_id[0x01] uid[0x01] enabled)
[    0.000000] ACPI: X2APIC (apic_id[0x03] uid[0x03] enabled)
[    0.000000] ACPI: X2APIC (apic_id[0x05] uid[0x05] enabled)
[    0.000000] ACPI: X2APIC (apic_id[0x07] uid[0x07] enabled)
[    0.000000] ACPI: X2APIC (apic_id[0x09] uid[0x09] enabled)
[    0.000000] ACPI: X2APIC (apic_id[0x0b] uid[0x0b] enabled)
[    0.000000] ACPI: X2APIC (apic_id[0x0d] uid[0x0d] enabled)
[    0.000000] ACPI: X2APIC (apic_id[0x0f] uid[0x0f] enabled)
[    0.000000] ACPI: X2APIC (apic_id[0x11] uid[0x11] enabled)
[    0.000000] ACPI: X2APIC (apic_id[0x13] uid[0x13] enabled)
[    0.000000] ACPI: X2APIC (apic_id[0x15] uid[0x15] enabled)
[    0.000000] ACPI: X2APIC (apic_id[0x17] uid[0x17] enabled)
[    0.000000] ACPI: X2APIC (apic_id[0x19] uid[0x19] enabled)
[    0.000000] ACPI: X2APIC (apic_id[0x1b] uid[0x1b] enabled)
[    0.000000] ACPI: X2APIC (apic_id[0x1d] uid[0x1d] enabled)
[    0.000000] ACPI: X2APIC (apic_id[0x21] uid[0x25] enabled)
[    0.000000] ACPI: X2APIC (apic_id[0x23] uid[0x27] enabled)
[    0.000000] ACPI: X2APIC (apic_id[0x25] uid[0x29] enabled)
[    0.000000] ACPI: X2APIC (apic_id[0x27] uid[0x2b] enabled)
[    0.000000] ACPI: X2APIC (apic_id[0x29] uid[0x2d] enabled)
[    0.000000] ACPI: X2APIC (apic_id[0x2b] uid[0x2f] enabled)
[    0.000000] ACPI: X2APIC (apic_id[0x2d] uid[0x31] enabled)
[    0.000000] ACPI: X2APIC (apic_id[0x2f] uid[0x33] enabled)
[    0.000000] ACPI: X2APIC (apic_id[0x31] uid[0x35] enabled)
[    0.000000] ACPI: X2APIC (apic_id[0x33] uid[0x37] enabled)
[    0.000000] ACPI: X2APIC (apic_id[0x35] uid[0x39] enabled)
[    0.000000] ACPI: X2APIC (apic_id[0x37] uid[0x3b] enabled)
[    0.000000] ACPI: X2APIC (apic_id[0x39] uid[0x3d] enabled)
[    0.000000] ACPI: X2APIC (apic_id[0x3b] uid[0x3f] enabled)
[    0.000000] ACPI: X2APIC (apic_id[0x3d] uid[0x41] enabled)
[    0.000000] ACPI: X2APIC (apic_id[0x41] uid[0x49] enabled)
[    0.000000] ACPI: X2APIC (apic_id[0x43] uid[0x4b] enabled)
[    0.000000] ACPI: X2APIC (apic_id[0x45] uid[0x4d] enabled)
[    0.000000] ACPI: X2APIC (apic_id[0x47] uid[0x4f] enabled)
[    0.000000] ACPI: X2APIC (apic_id[0x49] uid[0x51] enabled)
[    0.000000] ACPI: X2APIC (apic_id[0x4b] uid[0x53] enabled)
[    0.000000] ACPI: X2APIC (apic_id[0x4d] uid[0x55] enabled)
[    0.000000] ACPI: X2APIC (apic_id[0x4f] uid[0x57] enabled)
[    0.000000] ACPI: X2APIC (apic_id[0x51] uid[0x59] enabled)
[    0.000000] ACPI: X2APIC (apic_id[0x53] uid[0x5b] enabled)
[    0.000000] ACPI: X2APIC (apic_id[0x55] uid[0x5d] enabled)
[    0.000000] ACPI: X2APIC (apic_id[0x57] uid[0x5f] enabled)
[    0.000000] ACPI: X2APIC (apic_id[0x59] uid[0x61] enabled)
[    0.000000] ACPI: X2APIC (apic_id[0x5b] uid[0x63] enabled)
[    0.000000] ACPI: X2APIC (apic_id[0x5d] uid[0x65] enabled)
[    0.000000] ACPI: X2APIC (apic_id[0x61] uid[0x6d] enabled)
[    0.000000] ACPI: X2APIC (apic_id[0x63] uid[0x6f] enabled)
[    0.000000] ACPI: X2APIC (apic_id[0x65] uid[0x71] enabled)
[    0.000000] ACPI: X2APIC (apic_id[0x67] uid[0x73] enabled)
[    0.000000] ACPI: X2APIC (apic_id[0x69] uid[0x75] enabled)
[    0.000000] ACPI: X2APIC (apic_id[0x6b] uid[0x77] enabled)
[    0.000000] ACPI: X2APIC (apic_id[0x6d] uid[0x79] enabled)
[    0.000000] ACPI: X2APIC (apic_id[0x6f] uid[0x7b] enabled)
[    0.000000] ACPI: X2APIC (apic_id[0x71] uid[0x7d] enabled)
[    0.000000] ACPI: X2APIC (apic_id[0x73] uid[0x7f] enabled)
[    0.000000] ACPI: X2APIC (apic_id[0x75] uid[0x81] enabled)
[    0.000000] ACPI: X2APIC (apic_id[0x77] uid[0x83] enabled)
[    0.000000] ACPI: X2APIC (apic_id[0x79] uid[0x85] enabled)
[    0.000000] ACPI: X2APIC (apic_id[0x7b] uid[0x87] enabled)
[    0.000000] ACPI: X2APIC (apic_id[0x7d] uid[0x89] enabled)
[    0.000000] ACPI: X2APIC (apic_id[0x81] uid[0x91] enabled)
[    0.000000] ACPI: X2APIC (apic_id[0x83] uid[0x93] enabled)
[    0.000000] ACPI: X2APIC (apic_id[0x85] uid[0x95] enabled)
[    0.000000] ACPI: X2APIC (apic_id[0x87] uid[0x97] enabled)
[    0.000000] ACPI: X2APIC (apic_id[0x89] uid[0x99] enabled)
[    0.000000] ACPI: X2APIC (apic_id[0x8b] uid[0x9b] enabled)
[    0.000000] ACPI: X2APIC (apic_id[0x8d] uid[0x9d] enabled)
[    0.000000] ACPI: X2APIC (apic_id[0x8f] uid[0x9f] enabled)
[    0.000000] ACPI: X2APIC (apic_id[0x91] uid[0xa1] enabled)
[    0.000000] ACPI: X2APIC (apic_id[0x93] uid[0xa3] enabled)
[    0.000000] ACPI: X2APIC (apic_id[0x95] uid[0xa5] enabled)
[    0.000000] ACPI: X2APIC (apic_id[0x97] uid[0xa7] enabled)
[    0.000000] ACPI: X2APIC (apic_id[0x99] uid[0xa9] enabled)
[    0.000000] ACPI: X2APIC (apic_id[0x9b] uid[0xab] enabled)
[    0.000000] ACPI: X2APIC (apic_id[0x9d] uid[0xad] enabled)
[    0.000000] ACPI: X2APIC (apic_id[0xa1] uid[0xb5] enabled)
[    0.000000] ACPI: X2APIC (apic_id[0xa3] uid[0xb7] enabled)
[    0.000000] ACPI: X2APIC (apic_id[0xa5] uid[0xb9] enabled)
[    0.000000] ACPI: X2APIC (apic_id[0xa7] uid[0xbb] enabled)
[    0.000000] ACPI: X2APIC (apic_id[0xa9] uid[0xbd] enabled)
[    0.000000] ACPI: X2APIC (apic_id[0xab] uid[0xbf] enabled)
[    0.000000] ACPI: X2APIC (apic_id[0xad] uid[0xc1] enabled)
[    0.000000] ACPI: X2APIC (apic_id[0xaf] uid[0xc3] enabled)
[    0.000000] ACPI: X2APIC (apic_id[0xb1] uid[0xc5] enabled)
[    0.000000] ACPI: X2APIC (apic_id[0xb3] uid[0xc7] enabled)
[    0.000000] ACPI: X2APIC (apic_id[0xb5] uid[0xc9] enabled)
[    0.000000] ACPI: X2APIC (apic_id[0xb7] uid[0xcb] enabled)
[    0.000000] ACPI: X2APIC (apic_id[0xb9] uid[0xcd] enabled)
[    0.000000] ACPI: X2APIC (apic_id[0xbb] uid[0xcf] enabled)
[    0.000000] ACPI: X2APIC (apic_id[0xbd] uid[0xd1] enabled)
[    0.000000] ACPI: X2APIC (apic_id[0xc1] uid[0xd9] enabled)
[    0.000000] ACPI: X2APIC (apic_id[0xc3] uid[0xdb] enabled)
[    0.000000] ACPI: X2APIC (apic_id[0xc5] uid[0xdd] enabled)
[    0.000000] ACPI: X2APIC (apic_id[0xc7] uid[0xdf] enabled)
[    0.000000] ACPI: X2APIC (apic_id[0xc9] uid[0xe1] enabled)
[    0.000000] ACPI: X2APIC (apic_id[0xcb] uid[0xe3] enabled)
[    0.000000] ACPI: X2APIC (apic_id[0xcd] uid[0xe5] enabled)
[    0.000000] ACPI: X2APIC (apic_id[0xcf] uid[0xe7] enabled)
[    0.000000] ACPI: X2APIC (apic_id[0xd1] uid[0xe9] enabled)
[    0.000000] ACPI: X2APIC (apic_id[0xd3] uid[0xeb] enabled)
[    0.000000] ACPI: X2APIC (apic_id[0xd5] uid[0xed] enabled)
[    0.000000] ACPI: X2APIC (apic_id[0xd7] uid[0xef] enabled)
[    0.000000] ACPI: X2APIC (apic_id[0xd9] uid[0xf1] enabled)
[    0.000000] ACPI: X2APIC (apic_id[0xdb] uid[0xf3] enabled)
[    0.000000] ACPI: X2APIC (apic_id[0xdd] uid[0xf5] enabled)
[    0.000000] ACPI: X2APIC (apic_id[0xe1] uid[0xfd] enabled)
[    0.000000] ACPI: X2APIC (apic_id[0xe3] uid[0xff] enabled)
[    0.000000] ACPI: X2APIC (apic_id[0xe5] uid[0x101] enabled)
[    0.000000] ACPI: X2APIC (apic_id[0xe7] uid[0x103] enabled)
[    0.000000] ACPI: X2APIC (apic_id[0xe9] uid[0x105] enabled)
[    0.000000] ACPI: X2APIC (apic_id[0xeb] uid[0x107] enabled)
[    0.000000] ACPI: X2APIC (apic_id[0xed] uid[0x109] enabled)
[    0.000000] ACPI: X2APIC (apic_id[0xef] uid[0x10b] enabled)
[    0.000000] ACPI: X2APIC (apic_id[0xf1] uid[0x10d] enabled)
[    0.000000] ACPI: X2APIC (apic_id[0xf3] uid[0x10f] enabled)
[    0.000000] ACPI: X2APIC (apic_id[0xf5] uid[0x111] enabled)
[    0.000000] ACPI: X2APIC (apic_id[0xf7] uid[0x113] enabled)
[    0.000000] ACPI: X2APIC (apic_id[0xf9] uid[0x115] enabled)
[    0.000000] ACPI: X2APIC (apic_id[0xfb] uid[0x117] enabled)
[    0.000000] ACPI: X2APIC (apic_id[0xfd] uid[0x119] enabled)
[    0.000000] ACPI: X2APIC (apic_id[0x101] uid[0x121] enabled)
[    0.000000] ACPI: X2APIC (apic_id[0x103] uid[0x123] enabled)
[    0.000000] ACPI: X2APIC (apic_id[0x105] uid[0x125] enabled)
[    0.000000] ACPI: X2APIC (apic_id[0x107] uid[0x127] enabled)
[    0.000000] ACPI: X2APIC (apic_id[0x109] uid[0x129] enabled)
[    0.000000] ACPI: X2APIC (apic_id[0x10b] uid[0x12b] enabled)
[    0.000000] ACPI: X2APIC (apic_id[0x10d] uid[0x12d] enabled)
[    0.000000] ACPI: X2APIC (apic_id[0x10f] uid[0x12f] enabled)
[    0.000000] ACPI: X2APIC (apic_id[0x111] uid[0x131] enabled)
[    0.000000] ACPI: X2APIC (apic_id[0x113] uid[0x133] enabled)
[    0.000000] ACPI: X2APIC (apic_id[0x115] uid[0x135] enabled)
[    0.000000] ACPI: X2APIC (apic_id[0x117] uid[0x137] enabled)
[    0.000000] ACPI: X2APIC (apic_id[0x119] uid[0x139] enabled)
[    0.000000] ACPI: X2APIC (apic_id[0x11b] uid[0x13b] enabled)
[    0.000000] ACPI: X2APIC (apic_id[0x11d] uid[0x13d] enabled)
[    0.000000] ACPI: X2APIC (apic_id[0x121] uid[0x145] enabled)
[    0.000000] ACPI: X2APIC (apic_id[0x123] uid[0x147] enabled)
[    0.000000] ACPI: X2APIC (apic_id[0x125] uid[0x149] enabled)
[    0.000000] ACPI: X2APIC (apic_id[0x127] uid[0x14b] enabled)
[    0.000000] ACPI: X2APIC (apic_id[0x129] uid[0x14d] enabled)
[    0.000000] ACPI: X2APIC (apic_id[0x12b] uid[0x14f] enabled)
[    0.000000] ACPI: X2APIC (apic_id[0x12d] uid[0x151] enabled)
[    0.000000] ACPI: X2APIC (apic_id[0x12f] uid[0x153] enabled)
[    0.000000] ACPI: X2APIC (apic_id[0x131] uid[0x155] enabled)
[    0.000000] ACPI: X2APIC (apic_id[0x133] uid[0x157] enabled)
[    0.000000] ACPI: X2APIC (apic_id[0x135] uid[0x159] enabled)
[    0.000000] ACPI: X2APIC (apic_id[0x137] uid[0x15b] enabled)
[    0.000000] ACPI: X2APIC (apic_id[0x139] uid[0x15d] enabled)
[    0.000000] ACPI: X2APIC (apic_id[0x13b] uid[0x15f] enabled)
[    0.000000] ACPI: X2APIC (apic_id[0x13d] uid[0x161] enabled)
[    0.000000] ACPI: X2APIC (apic_id[0x141] uid[0x169] enabled)
[    0.000000] ACPI: X2APIC (apic_id[0x143] uid[0x16b] enabled)
[    0.000000] ACPI: X2APIC (apic_id[0x145] uid[0x16d] enabled)
[    0.000000] ACPI: X2APIC (apic_id[0x147] uid[0x16f] enabled)
[    0.000000] ACPI: X2APIC (apic_id[0x149] uid[0x171] enabled)
[    0.000000] ACPI: X2APIC (apic_id[0x14b] uid[0x173] enabled)
[    0.000000] ACPI: X2APIC (apic_id[0x14d] uid[0x175] enabled)
[    0.000000] ACPI: X2APIC (apic_id[0x14f] uid[0x177] enabled)
[    0.000000] ACPI: X2APIC (apic_id[0x151] uid[0x179] enabled)
[    0.000000] ACPI: X2APIC (apic_id[0x153] uid[0x17b] enabled)
[    0.000000] ACPI: X2APIC (apic_id[0x155] uid[0x17d] enabled)
[    0.000000] ACPI: X2APIC (apic_id[0x157] uid[0x17f] enabled)
[    0.000000] ACPI: X2APIC (apic_id[0x159] uid[0x181] enabled)
[    0.000000] ACPI: X2APIC (apic_id[0x15b] uid[0x183] enabled)
[    0.000000] ACPI: X2APIC (apic_id[0x15d] uid[0x185] enabled)
[    0.000000] ACPI: X2APIC (apic_id[0x161] uid[0x18d] enabled)
[    0.000000] ACPI: X2APIC (apic_id[0x163] uid[0x18f] enabled)
[    0.000000] ACPI: X2APIC (apic_id[0x165] uid[0x191] enabled)
[    0.000000] ACPI: X2APIC (apic_id[0x167] uid[0x193] enabled)
[    0.000000] ACPI: X2APIC (apic_id[0x169] uid[0x195] enabled)
[    0.000000] ACPI: X2APIC (apic_id[0x16b] uid[0x197] enabled)
[    0.000000] ACPI: X2APIC (apic_id[0x16d] uid[0x199] enabled)
[    0.000000] ACPI: X2APIC (apic_id[0x16f] uid[0x19b] enabled)
[    0.000000] ACPI: X2APIC (apic_id[0x171] uid[0x19d] enabled)
[    0.000000] ACPI: X2APIC (apic_id[0x173] uid[0x19f] enabled)
[    0.000000] ACPI: X2APIC (apic_id[0x175] uid[0x1a1] enabled)
[    0.000000] ACPI: X2APIC (apic_id[0x177] uid[0x1a3] enabled)
[    0.000000] ACPI: X2APIC (apic_id[0x179] uid[0x1a5] enabled)
[    0.000000] ACPI: X2APIC (apic_id[0x17b] uid[0x1a7] enabled)
[    0.000000] ACPI: X2APIC (apic_id[0x17d] uid[0x1a9] enabled)
[    0.000000] ACPI: X2APIC (apic_id[0x181] uid[0x1b1] enabled)
[    0.000000] ACPI: X2APIC (apic_id[0x183] uid[0x1b3] enabled)
[    0.000000] ACPI: X2APIC (apic_id[0x185] uid[0x1b5] enabled)
[    0.000000] ACPI: X2APIC (apic_id[0x187] uid[0x1b7] enabled)
[    0.000000] ACPI: X2APIC (apic_id[0x189] uid[0x1b9] enabled)
[    0.000000] ACPI: X2APIC (apic_id[0x18b] uid[0x1bb] enabled)
[    0.000000] ACPI: X2APIC (apic_id[0x18d] uid[0x1bd] enabled)
[    0.000000] ACPI: X2APIC (apic_id[0x18f] uid[0x1bf] enabled)
[    0.000000] ACPI: X2APIC (apic_id[0x191] uid[0x1c1] enabled)
[    0.000000] ACPI: X2APIC (apic_id[0x193] uid[0x1c3] enabled)
[    0.000000] ACPI: X2APIC (apic_id[0x195] uid[0x1c5] enabled)
[    0.000000] ACPI: X2APIC (apic_id[0x197] uid[0x1c7] enabled)
[    0.000000] ACPI: X2APIC (apic_id[0x199] uid[0x1c9] enabled)
[    0.000000] ACPI: X2APIC (apic_id[0x19b] uid[0x1cb] enabled)
[    0.000000] ACPI: X2APIC (apic_id[0x19d] uid[0x1cd] enabled)
[    0.000000] ACPI: X2APIC (apic_id[0x1a1] uid[0x1d5] enabled)
[    0.000000] ACPI: X2APIC (apic_id[0x1a3] uid[0x1d7] enabled)
[    0.000000] ACPI: X2APIC (apic_id[0x1a5] uid[0x1d9] enabled)
[    0.000000] ACPI: X2APIC (apic_id[0x1a7] uid[0x1db] enabled)
[    0.000000] ACPI: X2APIC (apic_id[0x1a9] uid[0x1dd] enabled)
[    0.000000] ACPI: X2APIC (apic_id[0x1ab] uid[0x1df] enabled)
[    0.000000] ACPI: X2APIC (apic_id[0x1ad] uid[0x1e1] enabled)
[    0.000000] ACPI: X2APIC (apic_id[0x1af] uid[0x1e3] enabled)
[    0.000000] ACPI: X2APIC (apic_id[0x1b1] uid[0x1e5] enabled)
[    0.000000] ACPI: X2APIC (apic_id[0x1b3] uid[0x1e7] enabled)
[    0.000000] ACPI: X2APIC (apic_id[0x1b5] uid[0x1e9] enabled)
[    0.000000] ACPI: X2APIC (apic_id[0x1b7] uid[0x1eb] enabled)
[    0.000000] ACPI: X2APIC (apic_id[0x1b9] uid[0x1ed] enabled)
[    0.000000] ACPI: X2APIC (apic_id[0x1bb] uid[0x1ef] enabled)
[    0.000000] ACPI: X2APIC (apic_id[0x1bd] uid[0x1f1] enabled)
[    0.000000] ACPI: X2APIC (apic_id[0x1c1] uid[0x1f9] enabled)
[    0.000000] ACPI: X2APIC (apic_id[0x1c3] uid[0x1fb] enabled)
[    0.000000] ACPI: X2APIC (apic_id[0x1c5] uid[0x1fd] enabled)
[    0.000000] ACPI: X2APIC (apic_id[0x1c7] uid[0x1ff] enabled)
[    0.000000] ACPI: X2APIC (apic_id[0x1c9] uid[0x201] enabled)
[    0.000000] ACPI: X2APIC (apic_id[0x1cb] uid[0x203] enabled)
[    0.000000] ACPI: X2APIC (apic_id[0x1cd] uid[0x205] enabled)
[    0.000000] ACPI: X2APIC (apic_id[0x1cf] uid[0x207] enabled)
[    0.000000] ACPI: X2APIC (apic_id[0x1d1] uid[0x209] enabled)
[    0.000000] ACPI: X2APIC (apic_id[0x1d3] uid[0x20b] enabled)
[    0.000000] ACPI: X2APIC (apic_id[0x1d5] uid[0x20d] enabled)
[    0.000000] ACPI: X2APIC (apic_id[0x1d7] uid[0x20f] enabled)
[    0.000000] ACPI: X2APIC (apic_id[0x1d9] uid[0x211] enabled)
[    0.000000] ACPI: X2APIC (apic_id[0x1db] uid[0x213] enabled)
[    0.000000] ACPI: X2APIC (apic_id[0x1dd] uid[0x215] enabled)
[    0.000000] ACPI: X2APIC (apic_id[0x1e1] uid[0x21d] enabled)
[    0.000000] ACPI: X2APIC (apic_id[0x1e3] uid[0x21f] enabled)
[    0.000000] ACPI: X2APIC (apic_id[0x1e5] uid[0x221] enabled)
[    0.000000] ACPI: X2APIC (apic_id[0x1e7] uid[0x223] enabled)
[    0.000000] ACPI: X2APIC (apic_id[0x1e9] uid[0x225] enabled)
[    0.000000] ACPI: X2APIC (apic_id[0x1eb] uid[0x227] enabled)
[    0.000000] ACPI: X2APIC (apic_id[0x1ed] uid[0x229] enabled)
[    0.000000] ACPI: X2APIC (apic_id[0x1ef] uid[0x22b] enabled)
[    0.000000] ACPI: X2APIC (apic_id[0x1f1] uid[0x22d] enabled)
[    0.000000] ACPI: X2APIC (apic_id[0x1f3] uid[0x22f] enabled)
[    0.000000] ACPI: X2APIC (apic_id[0x1f5] uid[0x231] enabled)
[    0.000000] ACPI: X2APIC (apic_id[0x1f7] uid[0x233] enabled)
[    0.000000] ACPI: X2APIC (apic_id[0x1f9] uid[0x235] enabled)
[    0.000000] ACPI: X2APIC (apic_id[0x1fb] uid[0x237] enabled)
[    0.000000] ACPI: X2APIC (apic_id[0x1fd] uid[0x239] enabled)
[    0.000000] ACPI: X2APIC_NMI (uid[0x00] high level lint[0x1])
[    0.000000] ACPI: X2APIC_NMI (uid[0x01] high level lint[0x1])
[    0.000000] ACPI: X2APIC_NMI (uid[0x02] high level lint[0x1])
[    0.000000] ACPI: X2APIC_NMI (uid[0x03] high level lint[0x1])
[    0.000000] ACPI: X2APIC_NMI (uid[0x04] high level lint[0x1])
[    0.000000] ACPI: X2APIC_NMI (uid[0x05] high level lint[0x1])
[    0.000000] ACPI: X2APIC_NMI (uid[0x06] high level lint[0x1])
[    0.000000] ACPI: X2APIC_NMI (uid[0x07] high level lint[0x1])
[    0.000000] ACPI: X2APIC_NMI (uid[0x08] high level lint[0x1])
[    0.000000] ACPI: X2APIC_NMI (uid[0x09] high level lint[0x1])
[    0.000000] ACPI: X2APIC_NMI (uid[0x0a] high level lint[0x1])
[    0.000000] ACPI: X2APIC_NMI (uid[0x0b] high level lint[0x1])
[    0.000000] ACPI: X2APIC_NMI (uid[0x0c] high level lint[0x1])
[    0.000000] ACPI: X2APIC_NMI (uid[0x0d] high level lint[0x1])
[    0.000000] ACPI: X2APIC_NMI (uid[0x0e] high level lint[0x1])
[    0.000000] ACPI: X2APIC_NMI (uid[0x0f] high level lint[0x1])
[    0.000000] ACPI: X2APIC_NMI (uid[0x10] high level lint[0x1])
[    0.000000] ACPI: X2APIC_NMI (uid[0x11] high level lint[0x1])
[    0.000000] ACPI: X2APIC_NMI (uid[0x12] high level lint[0x1])
[    0.000000] ACPI: X2APIC_NMI (uid[0x13] high level lint[0x1])
[    0.000000] ACPI: X2APIC_NMI (uid[0x14] high level lint[0x1])
[    0.000000] ACPI: X2APIC_NMI (uid[0x15] high level lint[0x1])
[    0.000000] ACPI: X2APIC_NMI (uid[0x16] high level lint[0x1])
[    0.000000] ACPI: X2APIC_NMI (uid[0x17] high level lint[0x1])
[    0.000000] ACPI: X2APIC_NMI (uid[0x18] high level lint[0x1])
[    0.000000] ACPI: X2APIC_NMI (uid[0x19] high level lint[0x1])
[    0.000000] ACPI: X2APIC_NMI (uid[0x1a] high level lint[0x1])
[    0.000000] ACPI: X2APIC_NMI (uid[0x1b] high level lint[0x1])
[    0.000000] ACPI: X2APIC_NMI (uid[0x1c] high level lint[0x1])
[    0.000000] ACPI: X2APIC_NMI (uid[0x1d] high level lint[0x1])
[    0.000000] ACPI: X2APIC_NMI (uid[0x24] high level lint[0x1])
[    0.000000] ACPI: X2APIC_NMI (uid[0x25] high level lint[0x1])
[    0.000000] ACPI: X2APIC_NMI (uid[0x26] high level lint[0x1])
[    0.000000] ACPI: X2APIC_NMI (uid[0x27] high level lint[0x1])
[    0.000000] ACPI: X2APIC_NMI (uid[0x28] high level lint[0x1])
[    0.000000] ACPI: X2APIC_NMI (uid[0x29] high level lint[0x1])
[    0.000000] ACPI: X2APIC_NMI (uid[0x2a] high level lint[0x1])
[    0.000000] ACPI: X2APIC_NMI (uid[0x2b] high level lint[0x1])
[    0.000000] ACPI: X2APIC_NMI (uid[0x2c] high level lint[0x1])
[    0.000000] ACPI: X2APIC_NMI (uid[0x2d] high level lint[0x1])
[    0.000000] ACPI: X2APIC_NMI (uid[0x2e] high level lint[0x1])
[    0.000000] ACPI: X2APIC_NMI (uid[0x2f] high level lint[0x1])
[    0.000000] ACPI: X2APIC_NMI (uid[0x30] high level lint[0x1])
[    0.000000] ACPI: X2APIC_NMI (uid[0x31] high level lint[0x1])
[    0.000000] ACPI: X2APIC_NMI (uid[0x32] high level lint[0x1])
[    0.000000] ACPI: X2APIC_NMI (uid[0x33] high level lint[0x1])
[    0.000000] ACPI: X2APIC_NMI (uid[0x34] high level lint[0x1])
[    0.000000] ACPI: X2APIC_NMI (uid[0x35] high level lint[0x1])
[    0.000000] ACPI: X2APIC_NMI (uid[0x36] high level lint[0x1])
[    0.000000] ACPI: X2APIC_NMI (uid[0x37] high level lint[0x1])
[    0.000000] ACPI: X2APIC_NMI (uid[0x38] high level lint[0x1])
[    0.000000] ACPI: X2APIC_NMI (uid[0x39] high level lint[0x1])
[    0.000000] ACPI: X2APIC_NMI (uid[0x3a] high level lint[0x1])
[    0.000000] ACPI: X2APIC_NMI (uid[0x3b] high level lint[0x1])
[    0.000000] ACPI: X2APIC_NMI (uid[0x3c] high level lint[0x1])
[    0.000000] ACPI: X2APIC_NMI (uid[0x3d] high level lint[0x1])
[    0.000000] ACPI: X2APIC_NMI (uid[0x3e] high level lint[0x1])
[    0.000000] ACPI: X2APIC_NMI (uid[0x3f] high level lint[0x1])
[    0.000000] ACPI: X2APIC_NMI (uid[0x40] high level lint[0x1])
[    0.000000] ACPI: X2APIC_NMI (uid[0x41] high level lint[0x1])
[    0.000000] ACPI: X2APIC_NMI (uid[0x48] high level lint[0x1])
[    0.000000] ACPI: X2APIC_NMI (uid[0x49] high level lint[0x1])
[    0.000000] ACPI: X2APIC_NMI (uid[0x4a] high level lint[0x1])
[    0.000000] ACPI: X2APIC_NMI (uid[0x4b] high level lint[0x1])
[    0.000000] ACPI: X2APIC_NMI (uid[0x4c] high level lint[0x1])
[    0.000000] ACPI: X2APIC_NMI (uid[0x4d] high level lint[0x1])
[    0.000000] ACPI: X2APIC_NMI (uid[0x4e] high level lint[0x1])
[    0.000000] ACPI: X2APIC_NMI (uid[0x4f] high level lint[0x1])
[    0.000000] ACPI: X2APIC_NMI (uid[0x50] high level lint[0x1])
[    0.000000] ACPI: X2APIC_NMI (uid[0x51] high level lint[0x1])
[    0.000000] ACPI: X2APIC_NMI (uid[0x52] high level lint[0x1])
[    0.000000] ACPI: X2APIC_NMI (uid[0x53] high level lint[0x1])
[    0.000000] ACPI: X2APIC_NMI (uid[0x54] high level lint[0x1])
[    0.000000] ACPI: X2APIC_NMI (uid[0x55] high level lint[0x1])
[    0.000000] ACPI: X2APIC_NMI (uid[0x56] high level lint[0x1])
[    0.000000] ACPI: X2APIC_NMI (uid[0x57] high level lint[0x1])
[    0.000000] ACPI: X2APIC_NMI (uid[0x58] high level lint[0x1])
[    0.000000] ACPI: X2APIC_NMI (uid[0x59] high level lint[0x1])
[    0.000000] ACPI: X2APIC_NMI (uid[0x5a] high level lint[0x1])
[    0.000000] ACPI: X2APIC_NMI (uid[0x5b] high level lint[0x1])
[    0.000000] ACPI: X2APIC_NMI (uid[0x5c] high level lint[0x1])
[    0.000000] ACPI: X2APIC_NMI (uid[0x5d] high level lint[0x1])
[    0.000000] ACPI: X2APIC_NMI (uid[0x5e] high level lint[0x1])
[    0.000000] ACPI: X2APIC_NMI (uid[0x5f] high level lint[0x1])
[    0.000000] ACPI: X2APIC_NMI (uid[0x60] high level lint[0x1])
[    0.000000] ACPI: X2APIC_NMI (uid[0x61] high level lint[0x1])
[    0.000000] ACPI: X2APIC_NMI (uid[0x62] high level lint[0x1])
[    0.000000] ACPI: X2APIC_NMI (uid[0x63] high level lint[0x1])
[    0.000000] ACPI: X2APIC_NMI (uid[0x64] high level lint[0x1])
[    0.000000] ACPI: X2APIC_NMI (uid[0x65] high level lint[0x1])
[    0.000000] ACPI: X2APIC_NMI (uid[0x6c] high level lint[0x1])
[    0.000000] ACPI: X2APIC_NMI (uid[0x6d] high level lint[0x1])
[    0.000000] ACPI: X2APIC_NMI (uid[0x6e] high level lint[0x1])
[    0.000000] ACPI: X2APIC_NMI (uid[0x6f] high level lint[0x1])
[    0.000000] ACPI: X2APIC_NMI (uid[0x70] high level lint[0x1])
[    0.000000] ACPI: X2APIC_NMI (uid[0x71] high level lint[0x1])
[    0.000000] ACPI: X2APIC_NMI (uid[0x72] high level lint[0x1])
[    0.000000] ACPI: X2APIC_NMI (uid[0x73] high level lint[0x1])
[    0.000000] ACPI: X2APIC_NMI (uid[0x74] high level lint[0x1])
[    0.000000] ACPI: X2APIC_NMI (uid[0x75] high level lint[0x1])
[    0.000000] ACPI: X2APIC_NMI (uid[0x76] high level lint[0x1])
[    0.000000] ACPI: X2APIC_NMI (uid[0x77] high level lint[0x1])
[    0.000000] ACPI: X2APIC_NMI (uid[0x78] high level lint[0x1])
[    0.000000] ACPI: X2APIC_NMI (uid[0x79] high level lint[0x1])
[    0.000000] ACPI: X2APIC_NMI (uid[0x7a] high level lint[0x1])
[    0.000000] ACPI: X2APIC_NMI (uid[0x7b] high level lint[0x1])
[    0.000000] ACPI: X2APIC_NMI (uid[0x7c] high level lint[0x1])
[    0.000000] ACPI: X2APIC_NMI (uid[0x7d] high level lint[0x1])
[    0.000000] ACPI: X2APIC_NMI (uid[0x7e] high level lint[0x1])
[    0.000000] ACPI: X2APIC_NMI (uid[0x7f] high level lint[0x1])
[    0.000000] ACPI: X2APIC_NMI (uid[0x80] high level lint[0x1])
[    0.000000] ACPI: X2APIC_NMI (uid[0x81] high level lint[0x1])
[    0.000000] ACPI: X2APIC_NMI (uid[0x82] high level lint[0x1])
[    0.000000] ACPI: X2APIC_NMI (uid[0x83] high level lint[0x1])
[    0.000000] ACPI: X2APIC_NMI (uid[0x84] high level lint[0x1])
[    0.000000] ACPI: X2APIC_NMI (uid[0x85] high level lint[0x1])
[    0.000000] ACPI: X2APIC_NMI (uid[0x86] high level lint[0x1])
[    0.000000] ACPI: X2APIC_NMI (uid[0x87] high level lint[0x1])
[    0.000000] ACPI: X2APIC_NMI (uid[0x88] high level lint[0x1])
[    0.000000] ACPI: X2APIC_NMI (uid[0x89] high level lint[0x1])
[    0.000000] ACPI: X2APIC_NMI (uid[0x90] high level lint[0x1])
[    0.000000] ACPI: X2APIC_NMI (uid[0x91] high level lint[0x1])
[    0.000000] ACPI: X2APIC_NMI (uid[0x92] high level lint[0x1])
[    0.000000] ACPI: X2APIC_NMI (uid[0x93] high level lint[0x1])
[    0.000000] ACPI: X2APIC_NMI (uid[0x94] high level lint[0x1])
[    0.000000] ACPI: X2APIC_NMI (uid[0x95] high level lint[0x1])
[    0.000000] ACPI: X2APIC_NMI (uid[0x96] high level lint[0x1])
[    0.000000] ACPI: X2APIC_NMI (uid[0x97] high level lint[0x1])
[    0.000000] ACPI: X2APIC_NMI (uid[0x98] high level lint[0x1])
[    0.000000] ACPI: X2APIC_NMI (uid[0x99] high level lint[0x1])
[    0.000000] ACPI: X2APIC_NMI (uid[0x9a] high level lint[0x1])
[    0.000000] ACPI: X2APIC_NMI (uid[0x9b] high level lint[0x1])
[    0.000000] ACPI: X2APIC_NMI (uid[0x9c] high level lint[0x1])
[    0.000000] ACPI: X2APIC_NMI (uid[0x9d] high level lint[0x1])
[    0.000000] ACPI: X2APIC_NMI (uid[0x9e] high level lint[0x1])
[    0.000000] ACPI: X2APIC_NMI (uid[0x9f] high level lint[0x1])
[    0.000000] ACPI: X2APIC_NMI (uid[0xa0] high level lint[0x1])
[    0.000000] ACPI: X2APIC_NMI (uid[0xa1] high level lint[0x1])
[    0.000000] ACPI: X2APIC_NMI (uid[0xa2] high level lint[0x1])
[    0.000000] ACPI: X2APIC_NMI (uid[0xa3] high level lint[0x1])
[    0.000000] ACPI: X2APIC_NMI (uid[0xa4] high level lint[0x1])
[    0.000000] ACPI: X2APIC_NMI (uid[0xa5] high level lint[0x1])
[    0.000000] ACPI: X2APIC_NMI (uid[0xa6] high level lint[0x1])
[    0.000000] ACPI: X2APIC_NMI (uid[0xa7] high level lint[0x1])
[    0.000000] ACPI: X2APIC_NMI (uid[0xa8] high level lint[0x1])
[    0.000000] ACPI: X2APIC_NMI (uid[0xa9] high level lint[0x1])
[    0.000000] ACPI: X2APIC_NMI (uid[0xaa] high level lint[0x1])
[    0.000000] ACPI: X2APIC_NMI (uid[0xab] high level lint[0x1])
[    0.000000] ACPI: X2APIC_NMI (uid[0xac] high level lint[0x1])
[    0.000000] ACPI: X2APIC_NMI (uid[0xad] high level lint[0x1])
[    0.000000] ACPI: X2APIC_NMI (uid[0xb4] high level lint[0x1])
[    0.000000] ACPI: X2APIC_NMI (uid[0xb5] high level lint[0x1])
[    0.000000] ACPI: X2APIC_NMI (uid[0xb6] high level lint[0x1])
[    0.000000] ACPI: X2APIC_NMI (uid[0xb7] high level lint[0x1])
[    0.000000] ACPI: X2APIC_NMI (uid[0xb8] high level lint[0x1])
[    0.000000] ACPI: X2APIC_NMI (uid[0xb9] high level lint[0x1])
[    0.000000] ACPI: X2APIC_NMI (uid[0xba] high level lint[0x1])
[    0.000000] ACPI: X2APIC_NMI (uid[0xbb] high level lint[0x1])
[    0.000000] ACPI: X2APIC_NMI (uid[0xbc] high level lint[0x1])
[    0.000000] ACPI: X2APIC_NMI (uid[0xbd] high level lint[0x1])
[    0.000000] ACPI: X2APIC_NMI (uid[0xbe] high level lint[0x1])
[    0.000000] ACPI: X2APIC_NMI (uid[0xbf] high level lint[0x1])
[    0.000000] ACPI: X2APIC_NMI (uid[0xc0] high level lint[0x1])
