Return-Path: <owner-linux-mm@kvack.org>
Received: from mail-pd0-f169.google.com (mail-pd0-f169.google.com [209.85.192.169])
	by kanga.kvack.org (Postfix) with ESMTP id 3CFDE6B0036
	for <linux-mm@kvack.org>; Tue, 29 Jul 2014 23:52:45 -0400 (EDT)
Received: by mail-pd0-f169.google.com with SMTP id y10so732285pdj.28
        for <linux-mm@kvack.org>; Tue, 29 Jul 2014 20:52:44 -0700 (PDT)
Received: from mga14.intel.com (mga14.intel.com. [192.55.52.115])
        by mx.google.com with ESMTP id sw1si906481pab.131.2014.07.29.20.52.42
        for <linux-mm@kvack.org>;
        Tue, 29 Jul 2014 20:52:44 -0700 (PDT)
Date: Wed, 30 Jul 2014 11:52:31 +0800
From: Fengguang Wu <fengguang.wu@intel.com>
Subject: [vmstat] BUG: using smp_processor_id() in preemptible [00000000]
 code: kworker/0:1/36
Message-ID: <20140730035231.GC16537@localhost>
MIME-Version: 1.0
Content-Type: multipart/mixed; boundary="XvKFcGCOAo53UbWW"
Content-Disposition: inline
In-Reply-To: <20140730035025.GA18672@localhost>
Sender: owner-linux-mm@kvack.org
List-ID: <linux-mm.kvack.org>
To: Christoph Lameter <cl@linux-foundation.org>
Cc: Jet Chen <jet.chen@intel.com>, Su Tao <tao.su@intel.com>, Yuanhan Liu <yuanhan.liu@intel.com>, LKP <lkp@01.org>, linux-mm@kvack.org, linux-kernel@vger.kernel.org


--XvKFcGCOAo53UbWW
Content-Type: text/plain; charset=us-ascii
Content-Disposition: inline
Content-Transfer-Encoding: quoted-printable

Hi Christoph,

This is another BUG message for the same commit.

git://git.kernel.org/pub/scm/linux/kernel/git/next/linux-next.git master
commit 6e0a6b18b63e2c0a45ff47ab633dd6f3ad417453
Author:     Christoph Lameter <cl@gentwo.org>
AuthorDate: Wed Jul 23 09:11:43 2014 +1000
Commit:     Stephen Rothwell <sfr@canb.auug.org.au>
CommitDate: Wed Jul 23 09:11:43 2014 +1000

    vmstat: On demand vmstat workers V8
   =20
    vmstat workers are used for folding counter differentials into the zone,
    per node and global counters at certain time intervals.  They currently
    run at defined intervals on all processors which will cause some holdoff
    for processors that need minimal intrusion by the OS.
   =20
    The current vmstat_update mechanism depends on a deferrable timer firing
    every other second by default which registers a work queue item that ru=
ns
    on the local CPU, with the result that we have 1 interrupt and one
    additional schedulable task on each CPU every 2 seconds If a workload
    indeed causes VM activity or multiple tasks are running on a CPU, then
    there are probably bigger issues to deal with.
   =20
    However, some workloads dedicate a CPU for a single CPU bound task.  Th=
is
    is done in high performance computing, in high frequency financial
    applications, in networking (Intel DPDK, EZchip NPS) and with the advent
    of systems with more and more CPUs over time, this may become more and
    more common to do since when one has enough CPUs one cares less about
    efficiently sharing a CPU with other tasks and more about efficiently
    monopolizing a CPU per task.
   =20
    The difference of having this timer firing and workqueue kernel thread
    scheduled per second can be enormous.  An artificial test measuring the
    worst case time to do a simple "i++" in an endless loop on a bare metal
    system and under Linux on an isolated CPU with dynticks and with and
    without this patch, have Linux match the bare metal performance (~700
    cycles) with this patch and loose by couple of orders of magnitude (~20=
0k
    cycles) without it[*].  The loss occurs for something that just calcula=
tes
    statistics.  For networking applications, for example, this could be the
    difference between dropping packets or sustaining line rate.
   =20
    Statistics are important and useful, but it would be great if there wou=
ld
    be a way to not cause statistics gathering produce a huge performance
    difference.  This patche does just that.
   =20
    This patch creates a vmstat shepherd worker that monitors the per cpu
    differentials on all processors.  If there are differentials on a
    processor then a vmstat worker local to the processors with the
    differentials is created.  That worker will then start folding the diffs
    in regular intervals.  Should the worker find that there is no work to =
be
    done then it will make the shepherd worker monitor the differentials
    again.
   =20
    With this patch it is possible then to have periods longer than
    2 seconds without any OS event on a "cpu" (hardware thread).
   =20
    The patch shows a very minor increased in system performance.
   =20
    hackbench -s 512 -l 2000 -g 15 -f 25 -P
   =20
    Results before the patch:
   =20
    Running in process mode with 15 groups using 50 file descriptors each (=
=3D=3D 750 tasks)
    Each sender will pass 2000 messages of 512 bytes
    Time: 4.992
    Running in process mode with 15 groups using 50 file descriptors each (=
=3D=3D 750 tasks)
    Each sender will pass 2000 messages of 512 bytes
    Time: 4.971
    Running in process mode with 15 groups using 50 file descriptors each (=
=3D=3D 750 tasks)
    Each sender will pass 2000 messages of 512 bytes
    Time: 5.063
   =20
    Hackbench after the patch:
   =20
    Running in process mode with 15 groups using 50 file descriptors each (=
=3D=3D 750 tasks)
    Each sender will pass 2000 messages of 512 bytes
    Time: 4.973
    Running in process mode with 15 groups using 50 file descriptors each (=
=3D=3D 750 tasks)
    Each sender will pass 2000 messages of 512 bytes
    Time: 4.990
    Running in process mode with 15 groups using 50 file descriptors each (=
=3D=3D 750 tasks)
    Each sender will pass 2000 messages of 512 bytes
    Time: 4.993
   =20
    Signed-off-by: Christoph Lameter <cl@linux.com>
    Reviewed-by: Gilad Ben-Yossef <gilad@benyossef.com>
    Cc: Frederic Weisbecker <fweisbec@gmail.com>
    Cc: Thomas Gleixner <tglx@linutronix.de>
    Cc: Tejun Heo <tj@kernel.org>
    Cc: John Stultz <johnstul@us.ibm.com>
    Cc: Mike Frysinger <vapier@gentoo.org>
    Cc: Minchan Kim <minchan.kim@gmail.com>
    Cc: Hakan Akkan <hakanakkan@gmail.com>
    Cc: Max Krasnyansky <maxk@qti.qualcomm.com>
    Cc: "Paul E. McKenney" <paulmck@linux.vnet.ibm.com>
    Cc: Hugh Dickins <hughd@google.com>
    Cc: Viresh Kumar <viresh.kumar@linaro.org>
    Cc: H. Peter Anvin <hpa@zytor.com>
    Cc: Ingo Molnar <mingo@kernel.org>
    Cc: Peter Zijlstra <peterz@infradead.org>
    Signed-off-by: Andrew Morton <akpm@linux-foundation.org>

+---------------------------------------------------------+------------+---=
---------+---------------+
|                                                         | 4020841d46 | 6e=
0a6b18b6 | next-20140725 |
+---------------------------------------------------------+------------+---=
---------+---------------+
| boot_successes                                          | 1012       | 24=
6        | 9             |
| boot_failures                                           | 188        | 54=
         | 2             |
| BUG:kernel_boot_hang                                    | 188        | 42=
         |               |
| BUG:using_smp_processor_id()in_preemptible_code:kworker | 0          | 12=
         | 2             |
| backtrace:vmstat_update                                 | 0          | 12=
         | 2             |
+---------------------------------------------------------+------------+---=
---------+---------------+

[   16.503488] hwclock (152) used greatest stack depth: 6364 bytes left
[   16.507349] plymouthd (151) used greatest stack depth: 6292 bytes left
[   16.697360] chmod (170) used greatest stack depth: 6036 bytes left
[   17.346850] BUG: using smp_processor_id() in preemptible [00000000] code=
: kworker/0:1/36
[   17.347917] caller is debug_smp_processor_id+0x12/0x20
[   17.348597] CPU: 1 PID: 36 Comm: kworker/0:1 Not tainted 3.16.0-rc6-0025=
1-g6e0a6b1 #7
[   17.349662] Hardware name: Bochs Bochs, BIOS Bochs 01/01/2011
[   17.350603] Workqueue: events vmstat_update
[   17.351211]  00000001 914e9e4c 828277f8 00000000 00000001 8305dad3 914e9=
e7c 8176b314
[   17.352422]  8306afe0 83069fba 8305dad3 00000000 914e1924 00000024 83069=
fba 83a99220
[   17.353626]  00000129 914c47e0 914e9e84 8176b342 914e9e98 811aa410 00000=
000 9237d200
[   17.354767] Call Trace:
[   17.355104]  [<828277f8>] dump_stack+0x7f/0xf3
[   17.355734]  [<8176b314>] check_preemption_disabled+0x164/0x180
[   17.356555]  [<8176b342>] debug_smp_processor_id+0x12/0x20
[   17.357404]  [<811aa410>] vmstat_update+0x40/0x80
[   17.358065]  [<8109bad9>] process_one_work+0x3a9/0xa40
[   17.358766]  [<8109bf8c>] ? process_one_work+0x85c/0xa40
[   17.359454]  [<8109c19d>] ? worker_thread+0x2d/0xb40
[   17.360141]  [<8109c72c>] worker_thread+0x5bc/0xb40
[   17.360782]  [<8109c170>] ? process_one_work+0xa40/0xa40
[   17.361473]  [<810a8932>] kthread+0xe2/0xf0
[   17.362036]  [<8109c170>] ? process_one_work+0xa40/0xa40
[   17.362784]  [<810b0000>] ? SyS_setns+0x90/0x160
[   17.363492]  [<82853c01>] ret_from_kernel_thread+0x21/0x30
[   17.364254]  [<810a8850>] ? insert_kthread_work+0x100/0x100

Elapsed time: 25
qemu-system-x86_64 -enable-kvm -cpu Haswell,+smep,+smap -kernel /kernel/i38=
6-randconfig-ib0-07271715/6e0a6b18b63e2c0a45ff47ab633dd6f3ad417453/vmlinuz-=
3.16.0-rc6-00251-g6e0a6b1 -append 'hung_task_panic=3D1 earlyprintk=3DttyS0,=
115200 debug apic=3Ddebug sysrq_always_enabled rcupdate.rcu_cpu_stall_timeo=
ut=3D100 panic=3D10 softlockup_panic=3D1 nmi_watchdog=3Dpanic  prompt_ramdi=
sk=3D0 console=3DttyS0,115200 console=3Dtty0 vga=3Dnormal  root=3D/dev/ram0=
 rw link=3D/kbuild-tests/run-queue/kvm/i386-randconfig-ib0-07271715/next:ma=
ster:6e0a6b18b63e2c0a45ff47ab633dd6f3ad417453:bisect-linux5/.vmlinuz-6e0a6b=
18b63e2c0a45ff47ab633dd6f3ad417453-20140728053554-192-kbuild branch=3Dnext/=
master BOOT_IMAGE=3D/kernel/i386-randconfig-ib0-07271715/6e0a6b18b63e2c0a45=
ff47ab633dd6f3ad417453/vmlinuz-3.16.0-rc6-00251-g6e0a6b1 drbd.minor_count=
=3D8'  -initrd /kernel-tests/initrd/quantal-core-i386.cgz -m 320 -smp 2 -ne=
t nic,vlan=3D1,model=3De1000 -net user,vlan=3D1 -boot order=3Dnc -no-reboot=
 -watchdog i6300esb -rtc base=3Dlocaltime -pidfile /dev/shm/kboot/pid-quant=
al-kbuild-1 -serial file:/dev/shm/kboot/serial-quantal-kbuild-1 -daemonize =
-display none -monitor null=20

git bisect start 5a7439efd1c5c416f768fc550048ca130cf4bf99 9a3c4145af32125c5=
ee39c0272662b47307a8323 --
git bisect good 38efad9af81d145f07f592f618c76c78cf141e5b  # 19:10    300+  =
    0  Merge remote-tracking branch 'libata/for-next'
git bisect good 7ed8accbe1d061e1dfe4ce7a8681495595ebe1da  # 19:19    300+  =
    6  next-20140724/tip
git bisect good 7d3ce0493347c0176b37d877be1bc2204c2314b4  # 19:26    300+  =
   20  Merge remote-tracking branch 'staging/staging-next'
git bisect good 550c5daec4f343ffaf1a1e069e1f47275e12b369  # 19:28    300+  =
   70  Merge remote-tracking branch 'ktest/for-next'
git bisect good dd7314beaded523afff8444fa8d471446fb27172  # 19:32    300+  =
   96  Merge branch 'rd-docs/master'
git bisect good 4d1954347c000af3ee37661dc3acfe0ae8f59348  # 19:53    300+  =
   46  PKCS#7: include linux-err.h for PTR_ERR and IS_ERR
git bisect  bad 590deb1467ccd5b89a40441542eed94a20fde9cd  # 19:54     30-  =
    1  Merge branch 'akpm-current/current'
git bisect  bad a85e2d130331aa9885cbba74ae1a604dce709482  # 20:00      8-  =
    2  include/linux/kernel.h:744:28: note: in expansion of macro 'min'
git bisect good 4ac25431a42651458ee8fe31358d714aa18ee9aa  # 20:45    300+  =
   25  mm: memcontrol: rearrange charging fast path
git bisect good 84334f9696fba65dac01b6896e728ed64f25b0bb  # 20:50    300+  =
   49  mm,hugetlb: simplify error handling in hugetlb_cow()
git bisect  bad de32ada9f1bb4fd7673ed245ba2b1a9103ec50ae  # 20:53     53-  =
   63  slub: remove kmemcg id from create_unique_id
git bisect good e28c951ff01a805eacae2f67a96e0f29e32cebd1  # 21:03    300+  =
   45  mm: pagemap: avoid unnecessary overhead when tracepoints are deactiv=
ated
git bisect good 5860f33b9ac1c224a399736358d83693fe78ce82  # 21:15    300+  =
   82  mm: describe mmap_sem rules for __lock_page_or_retry() and callers
git bisect  bad e7943023cfcac3c9a7fe5a23713aa5723386d83b  # 21:34     13-  =
    4  cpu_stat_off can be static
git bisect  bad 6e0a6b18b63e2c0a45ff47ab633dd6f3ad417453  # 21:36      5-  =
    6  vmstat: On demand vmstat workers V8
git bisect good 4020841d464d689c045ad77f091f6f7fa211663d  # 22:20    300+  =
   48  mm/shmem.c: remove the unused gfp arg to shmem_add_to_page_cache()
# first bad commit: [6e0a6b18b63e2c0a45ff47ab633dd6f3ad417453] vmstat: On d=
emand vmstat workers V8
git bisect good 4020841d464d689c045ad77f091f6f7fa211663d  # 22:34    900+  =
  188  mm/shmem.c: remove the unused gfp arg to shmem_add_to_page_cache()
git bisect  bad 5a7439efd1c5c416f768fc550048ca130cf4bf99  # 22:34      0-  =
    2  Add linux-next specific files for 20140725
git bisect good 2062afb4f804afef61cbe62a30cac9a46e58e067  # 22:47    900+  =
  167  Fix gcc-4.9.0 miscompilation of load_balance()  in scheduler
git bisect  bad 5a7439efd1c5c416f768fc550048ca130cf4bf99  # 22:47      0-  =
    2  Add linux-next specific files for 20140725


This script may reproduce the error.

----------------------------------------------------------------------------
#!/bin/bash

kernel=3D$1
initrd=3Dquantal-core-i386.cgz

wget --no-clobber https://github.com/fengguang/reproduce-kernel-bug/blob/ma=
ster/initrd/$initrd

kvm=3D(
	qemu-system-x86_64
	-enable-kvm
	-cpu Haswell,+smep,+smap
	-kernel $kernel
	-initrd $initrd
	-m 320
	-smp 2
	-net nic,vlan=3D1,model=3De1000
	-net user,vlan=3D1
	-boot order=3Dnc
	-no-reboot
	-watchdog i6300esb
	-rtc base=3Dlocaltime
	-serial stdio
	-display none
	-monitor null=20
)

append=3D(
	hung_task_panic=3D1
	earlyprintk=3DttyS0,115200
	debug
	apic=3Ddebug
	sysrq_always_enabled
	rcupdate.rcu_cpu_stall_timeout=3D100
	panic=3D10
	softlockup_panic=3D1
	nmi_watchdog=3Dpanic
	prompt_ramdisk=3D0
	console=3DttyS0,115200
	console=3Dtty0
	vga=3Dnormal
	root=3D/dev/ram0
	rw
	drbd.minor_count=3D8
)

"${kvm[@]}" --append "${append[*]}"
----------------------------------------------------------------------------

Thanks,
Fengguang

--XvKFcGCOAo53UbWW
Content-Type: text/plain; charset=us-ascii
Content-Disposition: attachment; filename="dmesg-quantal-kbuild-1:20140727214816:i386-randconfig-ib0-07271715:3.16.0-rc6-00251-g6e0a6b1:7"
Content-Transfer-Encoding: quoted-printable

early console in setup code
Probing EDD (edd=3Doff to disable)... ok
[    0.000000] Linux version 3.16.0-rc6-00251-g6e0a6b1 (kbuild@lkp-hsx01) (=
gcc version 4.8.2 (Debian 4.8.2-18) ) #7 SMP PREEMPT Mon Jul 28 05:35:19 CS=
T 2014
[    0.000000] e820: BIOS-provided physical RAM map:
[    0.000000] BIOS-e820: [mem 0x0000000000000000-0x000000000009fbff] usable
[    0.000000] BIOS-e820: [mem 0x000000000009fc00-0x000000000009ffff] reser=
ved
[    0.000000] BIOS-e820: [mem 0x00000000000f0000-0x00000000000fffff] reser=
ved
[    0.000000] BIOS-e820: [mem 0x0000000000100000-0x0000000013ffdfff] usable
[    0.000000] BIOS-e820: [mem 0x0000000013ffe000-0x0000000013ffffff] reser=
ved
[    0.000000] BIOS-e820: [mem 0x00000000feffc000-0x00000000feffffff] reser=
ved
[    0.000000] BIOS-e820: [mem 0x00000000fffc0000-0x00000000ffffffff] reser=
ved
[    0.000000] Notice: NX (Execute Disable) protection cannot be enabled: n=
on-PAE kernel!
[    0.000000] SMBIOS 2.4 present.
[    0.000000] DMI: Bochs Bochs, BIOS Bochs 01/01/2011
[    0.000000] Hypervisor detected: KVM
[    0.000000] e820: update [mem 0x00000000-0x00000fff] usable =3D=3D> rese=
rved
[    0.000000] e820: remove [mem 0x000a0000-0x000fffff] usable
[    0.000000] e820: last_pfn =3D 0x13ffe max_arch_pfn =3D 0x100000
[    0.000000] Scan for SMP in [mem 0x00000000-0x000003ff]
[    0.000000] Scan for SMP in [mem 0x0009fc00-0x0009ffff]
[    0.000000] Scan for SMP in [mem 0x000f0000-0x000fffff]
[    0.000000] found SMP MP-table at [mem 0x000fdae0-0x000fdaef] mapped at =
[800fdae0]
[    0.000000]   mpc: fdaf0-fdbe4
[    0.000000] Scanning 1 areas for low memory corruption
[    0.000000] initial memory mapped: [mem 0x00000000-0x047fffff]
[    0.000000] Base memory trampoline at [8009b000] 9b000 size 16384
[    0.000000] init_memory_mapping: [mem 0x00000000-0x000fffff]
[    0.000000]  [mem 0x00000000-0x000fffff] page 4k
[    0.000000] init_memory_mapping: [mem 0x12000000-0x123fffff]
[    0.000000]  [mem 0x12000000-0x123fffff] page 2M
[    0.000000] init_memory_mapping: [mem 0x10000000-0x11ffffff]
[    0.000000]  [mem 0x10000000-0x11ffffff] page 2M
[    0.000000] init_memory_mapping: [mem 0x00100000-0x0fffffff]
[    0.000000]  [mem 0x00100000-0x003fffff] page 4k
[    0.000000]  [mem 0x00400000-0x0fffffff] page 2M
[    0.000000] init_memory_mapping: [mem 0x12400000-0x13ffdfff]
[    0.000000]  [mem 0x12400000-0x13bfffff] page 2M
[    0.000000]  [mem 0x13c00000-0x13ffdfff] page 4k
[    0.000000] BRK [0x043d4000, 0x043d4fff] PGTABLE
[    0.000000] BRK [0x043d5000, 0x043d6fff] PGTABLE
[    0.000000] RAMDISK: [mem 0x127ab000-0x13feffff]
[    0.000000] ACPI: Early table checksum verification disabled
[    0.000000] ACPI: RSDP 0x000FD950 000014 (v00 BOCHS )
[    0.000000] ACPI: RSDT 0x13FFE450 000034 (v01 BOCHS  BXPCRSDT 00000001 B=
XPC 00000001)
[    0.000000] ACPI: FACP 0x13FFFF80 000074 (v01 BOCHS  BXPCFACP 00000001 B=
XPC 00000001)
[    0.000000] ACPI: DSDT 0x13FFE490 0011A9 (v01 BXPC   BXDSDT   00000001 I=
NTL 20100528)
[    0.000000] ACPI: FACS 0x13FFFF40 000040
[    0.000000] ACPI: SSDT 0x13FFF7A0 000796 (v01 BOCHS  BXPCSSDT 00000001 B=
XPC 00000001)
[    0.000000] ACPI: APIC 0x13FFF680 000080 (v01 BOCHS  BXPCAPIC 00000001 B=
XPC 00000001)
[    0.000000] ACPI: HPET 0x13FFF640 000038 (v01 BOCHS  BXPCHPET 00000001 B=
XPC 00000001)
[    0.000000] ACPI: Local APIC address 0xfee00000
[    0.000000] mapped APIC to         ffffc000 (        fee00000)
[    0.000000] 0MB HIGHMEM available.
[    0.000000] 319MB LOWMEM available.
[    0.000000]   mapped low ram: 0 - 13ffe000
[    0.000000]   low ram: 0 - 13ffe000
[    0.000000] kvm-clock: Using msrs 4b564d01 and 4b564d00
[    0.000000] kvm-clock: cpu 0, msr 0:13ffd001, primary cpu clock
[    0.000000] BRK [0x043d7000, 0x043d7fff] PGTABLE
[    0.000000] Zone ranges:
[    0.000000]   DMA      [mem 0x00001000-0x00ffffff]
[    0.000000]   Normal   [mem 0x01000000-0x13ffdfff]
[    0.000000]   HighMem  empty
[    0.000000] Movable zone start for each node
[    0.000000] Early memory node ranges
[    0.000000]   node   0: [mem 0x00001000-0x0009efff]
[    0.000000]   node   0: [mem 0x00100000-0x13ffdfff]
[    0.000000] Initmem setup node 0 [mem 0x00001000-0x13ffdfff]
[    0.000000] On node 0 totalpages: 81820
[    0.000000]   DMA zone: 32 pages used for memmap
[    0.000000]   DMA zone: 0 pages reserved
[    0.000000]   DMA zone: 3998 pages, LIFO batch:0
[    0.000000]   Normal zone: 608 pages used for memmap
[    0.000000]   Normal zone: 77822 pages, LIFO batch:15
[    0.000000] Using APIC driver default
[    0.000000] ACPI: PM-Timer IO Port: 0xb008
[    0.000000] ACPI: Local APIC address 0xfee00000
[    0.000000] mapped APIC to         ffffc000 (        fee00000)
[    0.000000] ACPI: LAPIC (acpi_id[0x00] lapic_id[0x00] enabled)
[    0.000000] ACPI: LAPIC (acpi_id[0x01] lapic_id[0x01] enabled)
[    0.000000] ACPI: LAPIC_NMI (acpi_id[0xff] dfl dfl lint[0x1])
[    0.000000] ACPI: IOAPIC (id[0x00] address[0xfec00000] gsi_base[0])
[    0.000000] IOAPIC[0]: apic_id 0, version 17, address 0xfec00000, GSI 0-=
23
[    0.000000] ACPI: INT_SRC_OVR (bus 0 bus_irq 0 global_irq 2 dfl dfl)
[    0.000000] Int: type 0, pol 0, trig 0, bus 00, IRQ 00, APIC ID 0, APIC =
INT 02
[    0.000000] ACPI: INT_SRC_OVR (bus 0 bus_irq 5 global_irq 5 high level)
[    0.000000] Int: type 0, pol 1, trig 3, bus 00, IRQ 05, APIC ID 0, APIC =
INT 05
[    0.000000] ACPI: INT_SRC_OVR (bus 0 bus_irq 9 global_irq 9 high level)
[    0.000000] Int: type 0, pol 1, trig 3, bus 00, IRQ 09, APIC ID 0, APIC =
INT 09
[    0.000000] ACPI: INT_SRC_OVR (bus 0 bus_irq 10 global_irq 10 high level)
[    0.000000] Int: type 0, pol 1, trig 3, bus 00, IRQ 0a, APIC ID 0, APIC =
INT 0a
[    0.000000] ACPI: INT_SRC_OVR (bus 0 bus_irq 11 global_irq 11 high level)
[    0.000000] Int: type 0, pol 1, trig 3, bus 00, IRQ 0b, APIC ID 0, APIC =
INT 0b
[    0.000000] ACPI: IRQ0 used by override.
[    0.000000] Int: type 0, pol 0, trig 0, bus 00, IRQ 01, APIC ID 0, APIC =
INT 01
[    0.000000] ACPI: IRQ2 used by override.
[    0.000000] Int: type 0, pol 0, trig 0, bus 00, IRQ 03, APIC ID 0, APIC =
INT 03
[    0.000000] Int: type 0, pol 0, trig 0, bus 00, IRQ 04, APIC ID 0, APIC =
INT 04
[    0.000000] ACPI: IRQ5 used by override.
[    0.000000] Int: type 0, pol 0, trig 0, bus 00, IRQ 06, APIC ID 0, APIC =
INT 06
[    0.000000] Int: type 0, pol 0, trig 0, bus 00, IRQ 07, APIC ID 0, APIC =
INT 07
[    0.000000] Int: type 0, pol 0, trig 0, bus 00, IRQ 08, APIC ID 0, APIC =
INT 08
[    0.000000] ACPI: IRQ9 used by override.
[    0.000000] ACPI: IRQ10 used by override.
[    0.000000] ACPI: IRQ11 used by override.
[    0.000000] Int: type 0, pol 0, trig 0, bus 00, IRQ 0c, APIC ID 0, APIC =
INT 0c
[    0.000000] Int: type 0, pol 0, trig 0, bus 00, IRQ 0d, APIC ID 0, APIC =
INT 0d
[    0.000000] Int: type 0, pol 0, trig 0, bus 00, IRQ 0e, APIC ID 0, APIC =
INT 0e
[    0.000000] Int: type 0, pol 0, trig 0, bus 00, IRQ 0f, APIC ID 0, APIC =
INT 0f
[    0.000000] Using ACPI (MADT) for SMP configuration information
[    0.000000] ACPI: HPET id: 0x8086a201 base: 0xfed00000
[    0.000000] smpboot: Allowing 2 CPUs, 0 hotplug CPUs
[    0.000000] mapped IOAPIC to ffffb000 (fec00000)
[    0.000000] nr_irqs_gsi: 40
[    0.000000] e820: [mem 0x14000000-0xfeffbfff] available for PCI devices
[    0.000000] Booting paravirtualized kernel on KVM
[    0.000000] setup_percpu: NR_CPUS:32 nr_cpumask_bits:32 nr_cpu_ids:2 nr_=
node_ids:1
[    0.000000] PERCPU: Embedded 331 pages/cpu @92235000 s1342048 r0 d13728 =
u1355776
[    0.000000] pcpu-alloc: s1342048 r0 d13728 u1355776 alloc=3D331*4096
[    0.000000] pcpu-alloc: [0] 0 [0] 1=20
[    0.000000] KVM setup async PF for cpu 0
[    0.000000] kvm-stealtime: cpu 0, msr 12237580
[    0.000000] Built 1 zonelists in Zone order, mobility grouping on.  Tota=
l pages: 81180
[    0.000000] Kernel command line: hung_task_panic=3D1 earlyprintk=3DttyS0=
,115200 debug apic=3Ddebug sysrq_always_enabled rcupdate.rcu_cpu_stall_time=
out=3D100 panic=3D10 softlockup_panic=3D1 nmi_watchdog=3Dpanic  prompt_ramd=
isk=3D0 console=3DttyS0,115200 console=3Dtty0 vga=3Dnormal  root=3D/dev/ram=
0 rw link=3D/kbuild-tests/run-queue/kvm/i386-randconfig-ib0-07271715/next:m=
aster:6e0a6b18b63e2c0a45ff47ab633dd6f3ad417453:bisect-linux5/.vmlinuz-6e0a6=
b18b63e2c0a45ff47ab633dd6f3ad417453-20140728053554-192-kbuild branch=3Dnext=
/master BOOT_IMAGE=3D/kernel/i386-randconfig-ib0-07271715/6e0a6b18b63e2c0a4=
5ff47ab633dd6f3ad417453/vmlinuz-3.16.0-rc6-00251-g6e0a6b1 drbd.minor_count=
=3D8
[    0.000000] sysrq: sysrq always enabled.
[    0.000000] PID hash table entries: 2048 (order: 1, 8192 bytes)
[    0.000000] Dentry cache hash table entries: 65536 (order: 6, 262144 byt=
es)
[    0.000000] Inode-cache hash table entries: 32768 (order: 5, 131072 byte=
s)
[    0.000000] Initializing CPU#0
[    0.000000] xsave: enabled xstate_bv 0x7, cntxt size 0x340
[    0.000000] Initializing HighMem for node 0 (00000000:00000000)
[    0.000000] Memory: 243256K/327280K available (24916K kernel code, 6466K=
 rwdata, 9884K rodata, 2356K init, 9316K bss, 84024K reserved, 0K highmem)
[    0.000000] virtual kernel memory layout:
[    0.000000]     fixmap  : 0xffa96000 - 0xfffff000   (5540 kB)
[    0.000000]     pkmap   : 0xff400000 - 0xff800000   (4096 kB)
[    0.000000]     vmalloc : 0x947fe000 - 0xff3fe000   (1708 MB)
[    0.000000]     lowmem  : 0x80000000 - 0x93ffe000   ( 319 MB)
[    0.000000]       .init : 0x83850000 - 0x83a9d000   (2356 kB)
[    0.000000]       .data : 0x828555db - 0x8384eac0   (16357 kB)
[    0.000000]       .text : 0x81000000 - 0x828555db   (24917 kB)
[    0.000000] Checking if this processor honours the WP bit even in superv=
isor mode...Ok.
[    0.000000] SLUB: HWalign=3D64, Order=3D0-3, MinObjects=3D0, CPUs=3D2, N=
odes=3D1
[    0.000000] Preemptible hierarchical RCU implementation.
[    0.000000] RCU: Adjusting geometry for rcu_fanout_leaf=3D16, nr_cpu_ids=
=3D2
[    0.000000] NR_IRQS:2304 nr_irqs:512 16
[    0.000000] CPU 0 irqstacks, hard=3D91c0a000 soft=3D91c0c000
[    0.000000] console [ttyS0] enabled
[    0.000000] Lock dependency validator: Copyright (c) 2006 Red Hat, Inc.,=
 Ingo Molnar
[    0.000000] ... MAX_LOCKDEP_SUBCLASSES:  8
[    0.000000] ... MAX_LOCK_DEPTH:          48
[    0.000000] ... MAX_LOCKDEP_KEYS:        8191
[    0.000000] ... CLASSHASH_SIZE:          4096
[    0.000000] ... MAX_LOCKDEP_ENTRIES:     32768
[    0.000000] ... MAX_LOCKDEP_CHAINS:      65536
[    0.000000] ... CHAINHASH_SIZE:          32768
[    0.000000]  memory used by lock dependency info: 5167 kB
[    0.000000]  per task-struct memory footprint: 1920 bytes
[    0.000000] ODEBUG: selftest passed
[    0.000000] hpet clockevent registered
[    0.000000] tsc: Detected 2693.332 MHz processor
[    0.006666] Calibrating delay loop (skipped) preset value.. 5388.10 Bogo=
MIPS (lpj=3D8977773)
[    0.006666] pid_max: default: 32768 minimum: 301
[    0.006666] ACPI: Core revision 20140424
[    0.011998] ACPI: All ACPI Tables successfully acquired
[    0.012624] Security Framework initialized
[    0.013030] Mount-cache hash table entries: 1024 (order: 0, 4096 bytes)
[    0.013346] Mountpoint-cache hash table entries: 1024 (order: 0, 4096 by=
tes)
[    0.014727] Last level iTLB entries: 4KB 0, 2MB 0, 4MB 0
[    0.014727] Last level dTLB entries: 4KB 0, 2MB 0, 4MB 0, 1GB 0
[    0.014727] tlb_flushall_shift: 6
[    0.018461] Freeing SMP alternatives memory: 44K (83a9d000 - 83aa8000)
[    0.025154] Getting VERSION: 1050014
[    0.025466] Getting VERSION: 1050014
[    0.025785] Getting ID: 0
[    0.026038] Getting ID: f000000
[    0.026413] Getting LVT0: 8700
[    0.026681] Getting LVT1: 8400
[    0.026942] Enabling APIC mode:  Flat.  Using 1 I/O APICs
[    0.027438] enabled ExtINT on CPU#0
[    0.028583] ENABLING IO-APIC IRQs
[    0.028870] init IO_APIC IRQs
[    0.029116]  apic 0 pin 0 not connected
[    0.029549] IOAPIC[0]: Set routing entry (0-1 -> 0x31 -> IRQ 1 Mode:0 Ac=
tive:0 Dest:1)
[    0.030034] IOAPIC[0]: Set routing entry (0-2 -> 0x30 -> IRQ 0 Mode:0 Ac=
tive:0 Dest:1)
[    0.030706] IOAPIC[0]: Set routing entry (0-3 -> 0x33 -> IRQ 3 Mode:0 Ac=
tive:0 Dest:1)
[    0.031374] IOAPIC[0]: Set routing entry (0-4 -> 0x34 -> IRQ 4 Mode:0 Ac=
tive:0 Dest:1)
[    0.032040] IOAPIC[0]: Set routing entry (0-5 -> 0x35 -> IRQ 5 Mode:1 Ac=
tive:0 Dest:1)
[    0.032705] IOAPIC[0]: Set routing entry (0-6 -> 0x36 -> IRQ 6 Mode:0 Ac=
tive:0 Dest:1)
[    0.033363] IOAPIC[0]: Set routing entry (0-7 -> 0x37 -> IRQ 7 Mode:0 Ac=
tive:0 Dest:1)
[    0.034006] IOAPIC[0]: Set routing entry (0-8 -> 0x38 -> IRQ 8 Mode:0 Ac=
tive:0 Dest:1)
[    0.034665] IOAPIC[0]: Set routing entry (0-9 -> 0x39 -> IRQ 9 Mode:1 Ac=
tive:0 Dest:1)
[    0.035323] IOAPIC[0]: Set routing entry (0-10 -> 0x3a -> IRQ 10 Mode:1 =
Active:0 Dest:1)
[    0.036075] IOAPIC[0]: Set routing entry (0-11 -> 0x3b -> IRQ 11 Mode:1 =
Active:0 Dest:1)
[    0.036710] IOAPIC[0]: Set routing entry (0-12 -> 0x3c -> IRQ 12 Mode:0 =
Active:0 Dest:1)
[    0.037906] IOAPIC[0]: Set routing entry (0-13 -> 0x3d -> IRQ 13 Mode:0 =
Active:0 Dest:1)
[    0.038906] IOAPIC[0]: Set routing entry (0-14 -> 0x3e -> IRQ 14 Mode:0 =
Active:0 Dest:1)
[    0.040045] IOAPIC[0]: Set routing entry (0-15 -> 0x3f -> IRQ 15 Mode:0 =
Active:0 Dest:1)
[    0.041004]  apic 0 pin 16 not connected
[    0.041461]  apic 0 pin 17 not connected
[    0.041928]  apic 0 pin 18 not connected
[    0.042398]  apic 0 pin 19 not connected
[    0.043355]  apic 0 pin 20 not connected
[    0.043816]  apic 0 pin 21 not connected
[    0.044276]  apic 0 pin 22 not connected
[    0.044748]  apic 0 pin 23 not connected
[    0.045387] ..TIMER: vector=3D0x30 apic1=3D0 pin1=3D2 apic2=3D-1 pin2=3D=
-1
[    0.046360] smpboot: CPU0: Intel Core Processor (Haswell) (fam: 06, mode=
l: 3c, stepping: 01)
[    0.047760] TSC deadline timer enabled
[    0.048442] Performance Events: unsupported p6 CPU model 60 no PMU drive=
r, software events only.
[    0.063463]=20
[    0.063463] **********************************************************
[    0.064921] **   NOTICE NOTICE NOTICE NOTICE NOTICE NOTICE NOTICE   **
[    0.066032] **                                                      **
[    0.066682] ** trace_printk() being used. Allocating extra memory.  **
[    0.067791] **                                                      **
[    0.068895] ** This means that this is a DEBUG kernel and it is     **
[    0.070014] ** unsafe for produciton use.                           **
[    0.071067] **                                                      **
[    0.071844] ** If you see this message and you are not debugging    **
[    0.072573] ** the kernel, report this immediately to your vendor!  **
[    0.073191] **                                                      **
[    0.073343] **   NOTICE NOTICE NOTICE NOTICE NOTICE NOTICE NOTICE   **
[    0.073977] **********************************************************
[    0.083687] NMI watchdog: disabled (cpu0): hardware events not enabled
[    0.093270] CPU 1 irqstacks, hard=3D91ff4000 soft=3D91ff6000
[    0.093354] x86: Booting SMP configuration:
[    0.094068] .... node  #0, CPUs:      #1
[    0.003333] Initializing CPU#1
[    0.006666] kvm-clock: cpu 1, msr 0:13ffd021, secondary cpu clock
[    0.006666] masked ExtINT on CPU#1
[    0.106874] KVM setup async PF for cpu 1
[    0.106948] x86: Booted up 1 node, 2 CPUs
[    0.106954] smpboot: Total of 2 processors activated (10777.21 BogoMIPS)
[    0.108906] kvm-stealtime: cpu 1, msr 12382580
[    0.114269] xor: automatically using best checksumming function:
[    0.146708]    avx       :    96.000 MB/sec
[    0.147088] prandom: seed boundary self test passed
[    0.147923] prandom: 100 self tests passed
[    0.148926] regulator-dummy: no parameters
[    0.149680] NET: Registered protocol family 16
[    0.151594] EISA bus registered
[    0.151925] cpuidle: using governor ladder
[    0.152436] cpuidle: using governor menu
[    0.171166] ACPI: bus type PCI registered
[    0.172153] PCI: PCI BIOS revision 2.10 entry at 0xfc6d5, last bus=3D0
[    0.172656] PCI: Using configuration type 1 for base access
[    0.296709] raid6: mmxx1     4319 MB/s
[    0.353365] raid6: mmxx2     3939 MB/s
[    0.410042] raid6: sse1x1    3280 MB/s
[    0.466690] raid6: sse1x2    3817 MB/s
[    0.523354] raid6: sse2x1    5007 MB/s
[    0.580023] raid6: sse2x2    8340 MB/s
[    0.580498] raid6: using algorithm sse2x2 (8340 MB/s)
[    0.581316] raid6: using ssse3x1 recovery algorithm
[    0.583080] ACPI: Added _OSI(Module Device)
[    0.583352] ACPI: Added _OSI(Processor Device)
[    0.583914] ACPI: Added _OSI(3.0 _SCP Extensions)
[    0.584431] ACPI: Added _OSI(Processor Aggregator Device)
[    0.608669] ACPI: Interpreter enabled
[    0.609002] ACPI Exception: AE_NOT_FOUND, While evaluating Sleep State [=
\_S1_] (20140424/hwxface-580)
[    0.609770] ACPI Exception: AE_NOT_FOUND, While evaluating Sleep State [=
\_S2_] (20140424/hwxface-580)
[    0.610778] ACPI: (supports S0 S3 S5)
[    0.611270] ACPI: Using IOAPIC for interrupt routing
[    0.612013] PCI: Using host bridge windows from ACPI; if necessary, use =
"pci=3Dnocrs" and report a bug
[    0.637342] ACPI: PCI Root Bridge [PCI0] (domain 0000 [bus 00-ff])
[    0.638061] acpi PNP0A03:00: _OSC: OS supports [Segments MSI]
[    0.638818] acpi PNP0A03:00: _OSC failed (AE_NOT_FOUND); disabling ASPM
[    0.640930] acpi PNP0A03:00: fail to add MMCONFIG information, can't acc=
ess extended PCI configuration space under this bridge.
[    0.646059] PCI host bridge to bus 0000:00
[    0.646688] pci_bus 0000:00: root bus resource [bus 00-ff]
[    0.647478] pci_bus 0000:00: root bus resource [io  0x0000-0x0cf7]
[    0.648236] pci_bus 0000:00: root bus resource [io  0x0d00-0xffff]
[    0.649046] pci_bus 0000:00: root bus resource [mem 0x000a0000-0x000bfff=
f]
[    0.649862] pci_bus 0000:00: root bus resource [mem 0x80000000-0xfebffff=
f]
[    0.650101] pci 0000:00:00.0: [8086:1237] type 00 class 0x060000
[    0.652060] pci 0000:00:01.0: [8086:7000] type 00 class 0x060100
[    0.654487] pci 0000:00:01.1: [8086:7010] type 00 class 0x010180
[    0.658147] pci 0000:00:01.1: reg 0x20: [io  0xc040-0xc04f]
[    0.660052] pci 0000:00:01.1: legacy IDE quirk: reg 0x10: [io  0x01f0-0x=
01f7]
[    0.660948] pci 0000:00:01.1: legacy IDE quirk: reg 0x14: [io  0x03f6]
[    0.661796] pci 0000:00:01.1: legacy IDE quirk: reg 0x18: [io  0x0170-0x=
0177]
[    0.662767] pci 0000:00:01.1: legacy IDE quirk: reg 0x1c: [io  0x0376]
[    0.664616] pci 0000:00:01.3: [8086:7113] type 00 class 0x068000
[    0.666240] pci 0000:00:01.3: quirk: [io  0xb000-0xb03f] claimed by PIIX=
4 ACPI
[    0.666707] pci 0000:00:01.3: quirk: [io  0xb100-0xb10f] claimed by PIIX=
4 SMB
[    0.668800] pci 0000:00:02.0: [1013:00b8] type 00 class 0x030000
[    0.670753] pci 0000:00:02.0: reg 0x10: [mem 0xfc000000-0xfdffffff pref]
[    0.673295] pci 0000:00:02.0: reg 0x14: [mem 0xfebf0000-0xfebf0fff]
[    0.680799] pci 0000:00:02.0: reg 0x30: [mem 0xfebe0000-0xfebeffff pref]
[    0.683533] pci 0000:00:03.0: [8086:100e] type 00 class 0x020000
[    0.685497] pci 0000:00:03.0: reg 0x10: [mem 0xfeba0000-0xfebbffff]
[    0.687281] pci 0000:00:03.0: reg 0x14: [io  0xc000-0xc03f]
[    0.693253] pci 0000:00:03.0: reg 0x30: [mem 0xfebc0000-0xfebdffff pref]
[    0.694308] pci 0000:00:04.0: [8086:25ab] type 00 class 0x088000
[    0.695544] pci 0000:00:04.0: reg 0x10: [mem 0xfebf1000-0xfebf100f]
[    0.701430] pci_bus 0000:00: on NUMA node 0
[    0.704874] ACPI: PCI Interrupt Link [LNKA] (IRQs 5 *10 11)
[    0.706404] ACPI: PCI Interrupt Link [LNKB] (IRQs 5 *10 11)
[    0.707391] ACPI: PCI Interrupt Link [LNKC] (IRQs 5 10 *11)
[    0.708559] ACPI: PCI Interrupt Link [LNKD] (IRQs 5 10 *11)
[    0.709495] ACPI: PCI Interrupt Link [LNKS] (IRQs *9)
[    0.712153] ACPI: Enabled 16 GPEs in block 00 to 0F
[    0.715029] vgaarb: device added: PCI:0000:00:02.0,decodes=3Dio+mem,owns=
=3Dio+mem,locks=3Dnone
[    0.715938] vgaarb: loaded
[    0.716247] vgaarb: bridge control possible 0000:00:02.0
[    0.718697] SCSI subsystem initialized
[    0.719357] libata version 3.00 loaded.
[    0.721058] pps_core: LinuxPPS API ver. 1 registered
[    0.721790] pps_core: Software ver. 5.3.6 - Copyright 2005-2007 Rodolfo =
Giometti <giometti@linux.it>
[    0.722958] PTP clock support registered
[    0.723495] EDAC MC: Ver: 3.0.0
[    0.724544] wmi: Mapper loaded
[    0.725034] PCI: Using ACPI for IRQ routing
[    0.726691] PCI: pci_cache_line_size set to 64 bytes
[    0.727484] e820: reserve RAM buffer [mem 0x0009fc00-0x0009ffff]
[    0.728367] e820: reserve RAM buffer [mem 0x13ffe000-0x13ffffff]
[    0.730791] NET: Registered protocol family 23
[    0.731473] Bluetooth: Core ver 2.19
[    0.732007] NET: Registered protocol family 31
[    0.732546] Bluetooth: HCI device and connection manager initialized
[    0.733397] Bluetooth: HCI socket layer initialized
[    0.734122] Bluetooth: L2CAP socket layer initialized
[    0.734806] Bluetooth: SCO socket layer initialized
[    0.735416] NET: Registered protocol family 8
[    0.736181] NET: Registered protocol family 20
[    0.737087] nfc: nfc_init: NFC Core ver 0.1
[    0.737816] NET: Registered protocol family 39
[    0.740191] HPET: 3 timers in total, 0 timers will be used for per-cpu t=
imer
[    0.741236] hpet0: at MMIO 0xfed00000, IRQs 2, 8, 0
[    0.741968] hpet0: 3 comparators, 64-bit 100.000000 MHz counter
[    0.745114] Switched to clocksource kvm-clock
[    0.745776] Warning: could not register all branches stats
[    0.746529] Warning: could not register annotated branches stats
[    0.906397] FS-Cache: Loaded
[    0.907114] CacheFiles: Loaded
[    0.907680] pnp: PnP ACPI init
[    0.908155] ACPI: bus type PNP registered
[    0.908948] IOAPIC[0]: Set routing entry (0-8 -> 0x38 -> IRQ 8 Mode:0 Ac=
tive:0 Dest:3)
[    0.910254] pnp 00:00: Plug and Play ACPI device, IDs PNP0b00 (active)
[    0.911333] IOAPIC[0]: Set routing entry (0-1 -> 0x31 -> IRQ 1 Mode:0 Ac=
tive:0 Dest:3)
[    0.912597] pnp 00:01: Plug and Play ACPI device, IDs PNP0303 (active)
[    0.913577] IOAPIC[0]: Set routing entry (0-12 -> 0x3c -> IRQ 12 Mode:0 =
Active:0 Dest:3)
[    0.914913] pnp 00:02: Plug and Play ACPI device, IDs PNP0f13 (active)
[    0.915938] IOAPIC[0]: Set routing entry (0-6 -> 0x36 -> IRQ 6 Mode:0 Ac=
tive:0 Dest:3)
[    0.917022] pnp 00:03: [dma 2]
[    0.917624] pnp 00:03: Plug and Play ACPI device, IDs PNP0700 (active)
[    0.918647] IOAPIC[0]: Set routing entry (0-7 -> 0x37 -> IRQ 7 Mode:0 Ac=
tive:0 Dest:3)
[    0.919830] pnp 00:04: Plug and Play ACPI device, IDs PNP0400 (active)
[    0.921001] IOAPIC[0]: Set routing entry (0-4 -> 0x34 -> IRQ 4 Mode:0 Ac=
tive:0 Dest:3)
[    0.922284] pnp 00:05: Plug and Play ACPI device, IDs PNP0501 (active)
[    0.923303] IOAPIC[0]: Set routing entry (0-3 -> 0x33 -> IRQ 3 Mode:0 Ac=
tive:0 Dest:3)
[    0.924664] pnp 00:06: Plug and Play ACPI device, IDs PNP0501 (active)
[    0.927083] pnp: PnP ACPI: found 7 devices
[    0.927777] ACPI: bus type PNP unregistered
[    0.928338] PnPBIOS: Disabled
[    0.965283] pci_bus 0000:00: resource 4 [io  0x0000-0x0cf7]
[    0.965998] pci_bus 0000:00: resource 5 [io  0x0d00-0xffff]
[    0.966751] pci_bus 0000:00: resource 6 [mem 0x000a0000-0x000bffff]
[    0.967574] pci_bus 0000:00: resource 7 [mem 0x80000000-0xfebfffff]
[    0.968426] NET: Registered protocol family 1
[    0.969018] pci 0000:00:00.0: Limiting direct PCI/PCI transfers
[    0.969790] pci 0000:00:01.0: PIIX3: Enabling Passive Release
[    0.970687] pci 0000:00:01.0: Activating ISA DMA hang workarounds
[    0.971535] pci 0000:00:02.0: Boot video device
[    0.972249] PCI: CLS 0 bytes, default 64
[    0.973828] Unpacking initramfs...
[    3.016072] Freeing initrd memory: 24852K (927ab000 - 93ff0000)
[    3.019525] apm: BIOS not found.
[    3.020075] Scanning for low memory corruption every 60 seconds
[    3.022595] cryptomgr_test (38) used greatest stack depth: 6984 bytes le=
ft
[    3.030310] cryptomgr_test (53) used greatest stack depth: 6840 bytes le=
ft
[    3.035107] NatSemi SCx200 Driver
[    3.037884] futex hash table entries: 512 (order: 3, 32768 bytes)
[    3.089831] VFS: Disk quotas dquot_6.5.2
[    3.092152] Dquot-cache hash table entries: 1024 (order 0, 4096 bytes)
[    3.102055] squashfs: version 4.0 (2009/01/31) Phillip Lougher
[    3.117395] efs: 1.0a - http://aeschi.ch.eu.org/efs/
[    3.123646] ROMFS MTD (C) 2007 Red Hat, Inc.
[    3.126643] QNX6 filesystem 1.0.0 registered.
[    3.127746] fuse init (API version 7.23)
[    3.130347] JFS: nTxBlock =3D 2094, nTxLock =3D 16759
[    3.142380] NILFS version 2 loaded
[    3.142822] befs: version: 0.9.3
[    3.145866] msgmni has been set to 523
[    3.146464] Key type big_key registered
[    3.245969] NET: Registered protocol family 38
[    3.246832] Key type asymmetric registered
[    3.247730] bounce: pool size: 64 pages
[    3.249530] Block layer SCSI generic (bsg) driver version 0.4 loaded (ma=
jor 250)
[    3.250744] io scheduler noop registered
[    3.251515] io scheduler cfq registered (default)
[    3.252181] list_sort_test: start testing list_sort()
[    3.254847] test_string_helpers: Running tests...
[    3.256239] xz_dec_test: module loaded
[    3.256911] xz_dec_test: Create a device node with 'mknod xz_dec_test c =
249 0' and write .xz files to it.
[    3.272083] cr_bllcd: INTEL CARILLO RANCH LPC not found.
[    3.274283] cr_bllcd: Carillo Ranch Backlight Driver Initialized.
[    3.277549] nvidiafb_setup START
[    3.280130] vmlfb: initializing
[    3.280910] Could not find Carillo Ranch MCH device.
[    3.282309] no IO addresses supplied
[    3.285043] hv_vmbus: registering driver hyperv_fb
[    3.288578] kworker/u4:0 (115) used greatest stack depth: 6820 bytes left
[    3.289613] uvesafb: failed to execute /sbin/v86d
[    3.290370] uvesafb: make sure that the v86d helper is installed and exe=
cutable
[    3.291402] uvesafb: Getting VBE info block failed (eax=3D0x4f00, err=3D=
-2)
[    3.292315] uvesafb: vbe_init() failed with -22
[    3.293015] uvesafb: probe of uvesafb.0 failed with error -22
[    3.294704] ipmi message handler version 39.2
[    3.295584] IPMI System Interface driver.
[    3.300842] ipmi_si: Unable to find any System Interface(s)
[    3.301647] Copyright (C) 2004 MontaVista Software - IPMI Powerdown via =
sys_reboot.
[    3.302703] IPMI poweroff: Unable to register powercycle sysctl
[    3.305532] input: Power Button as /devices/LNXSYSTM:00/LNXPWRBN:00/inpu=
t/input0
[    3.306576] ACPI: Power Button [PWRF]
[    3.310731] isapnp: Scanning for PnP cards...
[    3.759921] isapnp: No Plug & Play device found
[    3.876775] Serial: 8250/16550 driver, 4 ports, IRQ sharing disabled
[    4.020226] tsc: Refined TSC clocksource calibration: 2693.500 MHz
[    4.201917] serial: Freescale lpuart driver
[    4.202887] MOXA Intellio family driver version 6.0k
[    4.203795] MOXA Smartio/Industio family driver version 2.0.5
[    4.204658] RocketPort device driver module, version 2.09, 12-June-2003
[    4.205475] No rocketport ports found; unloading driver
[    4.206101] SyncLink GT
[    4.206438] SyncLink GT, tty major#244
[    4.207096] SyncLink GT no devices found
[    4.207575] SyncLink MultiPort driver $Revision: 4.38 $
[    4.231642] SyncLink MultiPort driver $Revision: 4.38 $, tty major#243
[    4.232526] lp: driver loaded but no devices found
[    4.233189] DoubleTalk PC - not found
[    4.233686] sonypi: Sony Programmable I/O Controller Driver v1.26.
[    4.234929] toshiba: not a supported Toshiba laptop
[    4.235939] ppdev: user-space parallel port driver
[    4.236867] platform pc8736x_gpio.0: NatSemi pc8736x GPIO Driver Initial=
izing
[    4.237706] platform pc8736x_gpio.0: no device found
[    4.238513] nsc_gpio initializing
[    4.238939] telclk_interrupt =3D 0xf non-mcpbl0010 hw.
[    4.239540] Hangcheck: starting hangcheck timer 0.9.1 (tick is 180 secon=
ds, margin is 60 seconds).
[    4.240606] Hangcheck: Using getrawmonotonic().
[    4.241664] [drm] Initialized drm 1.1.0 20060810
[    4.247086] [TTM] Zone  kernel: Available graphics memory: 134076 kiB
[    4.247844] [TTM] Initializing pool allocator
[    4.250550] [drm] fb mappable at 0xFC000000
[    4.251046] [drm] vram aper at 0xFC000000
[    4.251519] [drm] size 4194304
[    4.251879] [drm] fb depth is 24
[    4.252256] [drm]    pitch is 3072
[    4.253554] cirrus 0000:00:02.0: fb0: cirrusdrmfb frame buffer device
[    4.254297] cirrus 0000:00:02.0: registered panic notifier
[    4.260218] [drm] Initialized cirrus 1.0.0 20110418 for 0000:00:02.0 on =
minor 0
[    4.263779] parport_pc 00:04: reported by Plug and Play ACPI
[    4.264613] parport0: PC-style at 0x378, irq 7 [PCSPP,TRISTATE]
[    4.347505] lp0: using parport0 (interrupt-driven).
[    4.351521] ibmasm: IBM ASM Service Processor Driver version 1.0 loaded
[    4.352529] dummy-irq: no IRQ given.  Use irq=3DN
[    4.353295] lkdtm: No crash points registered, enable through debugfs
[    4.354516] Phantom Linux Driver, version n0.9.8, init OK
[    4.356594] Silicon Labs C2 port support v. 0.51.0 - (C) 2007 Rodolfo Gi=
ometti
[    4.357993] c2port c2port0: C2 port uc added
[    4.358506] c2port c2port0: uc flash has 30 blocks x 512 bytes (15360 by=
tes total)
[    4.360419] Guest personality initialized and is inactive
[    4.361286] VMCI host device registered (name=3Dvmci, major=3D10, minor=
=3D59)
[    4.362050] Initialized host personality
[    4.371410] Uniform Multi-Platform E-IDE driver
[    4.372624] piix 0000:00:01.1: IDE controller (0x8086:0x7010 rev 0x00)
[    4.373615] piix 0000:00:01.1: not 100% native mode: will probe irqs lat=
er
[    4.374974]     ide0: BM-DMA at 0xc040-0xc047
[    4.375524]     ide1: BM-DMA at 0xc048-0xc04f
[    4.376050] Probing IDE interface ide0...
[    4.927157] Probing IDE interface ide1...
[    5.660190] hdc: QEMU DVD-ROM, ATAPI CD/DVD-ROM drive
[    6.300454] hdc: host max PIO4 wanted PIO255(auto-tune) selected PIO0
[    6.301316] hdc: MWDMA2 mode selected
[    6.302067] ide0 at 0x1f0-0x1f7,0x3f6 on irq 14
[    6.302741] ide1 at 0x170-0x177,0x376 on irq 15
[    6.308314] ide-gd driver 1.18
[    6.314021] Loading iSCSI transport class v2.0-870.
[    6.317247] rdac: device handler registered
[    6.320160] hp_sw: device handler registered
[    6.320687] emc: device handler registered
[    6.321182] alua: device handler registered
[    6.350506] fnic: Cisco FCoE HBA Driver, ver 1.6.0.10
[    6.351403] fnic: Successfully Initialized Trace Buffer
[    6.352391] fnic: Successfully Initialized FC_CTLR Trace Buffer
[    6.357367] Loading Adaptec I2O RAID: Version 2.4 Build 5go
[    6.358032] Detecting Adaptec I2O RAID controllers...
[    6.364753] Adaptec aacraid driver 1.2-0[30300]-ms
[    6.365829] isci: Intel(R) C600 SAS Controller Driver - version 1.2.0
[    6.367432] scsi: <fdomain> Detection failed (no card)
[    6.368280] NCR53c406a: no available ports found
[    6.368831] sym53c416.c: Version 1.0.0-ac
[    6.369926] iscsi: registered transport (qla4xxx)
[    6.370735] QLogic iSCSI HBA Driver
[    6.396775] Failed initialization of WD-7000 SCSI card!
[    7.394249] DC390: clustering now enabled by default. If you get problem=
s load
[    7.395203]        with "disable_clustering=3D1" and report to maintaine=
rs
[    7.396304] megaraid cmm: 2.20.2.7 (Release Date: Sun Jul 16 00:01:03 ES=
T 2006)
[    7.397475] megaraid: 2.20.5.1 (Release Date: Thu Nov 16 15:32:35 EST 20=
06)
[    7.398553] mpt2sas version 16.100.00.00 loaded
[    7.399511] mpt3sas version 02.100.00.00 loaded
[    7.401223] GDT-HA: Storage RAID Controller Driver. Version: 3.05
[    7.402650] 3ware Storage Controller device driver for Linux v1.26.02.00=
3.
[    7.403769] 3ware 9000 Storage Controller device driver for Linux v2.26.=
02.014.
[    7.404858] imm: Version 2.05 (for Linux 2.4.0)
[    7.406154] nsp32: loading...
[    7.406763] RocketRAID 3xxx/4xxx Controller driver v1.8
[    7.407878] Broadcom NetXtreme II iSCSI Driver bnx2i v2.7.6.2 (Jun 06, 2=
013)
[    7.409042] iscsi: registered transport (bnx2i)
[    7.413751] iscsi: registered transport (be2iscsi)
[    7.414389] In beiscsi_module_init, tt=3D832b4440
[    7.415453] esas2r: driver will not be loaded because no ATTO esas2r dev=
ices were found
[    7.416817] st: Version 20101219, fixed bufsize 32768, s/g segs 256
[    7.418489] SCSI Media Changer driver v0.25=20
[    7.426799] scsi_debug: host protection
[    7.427320] scsi2 : scsi_debug, version 1.82 [20100324], dev_size_mb=3D8=
, opts=3D0x0
[    7.430480] scsi 2:0:0:0: Direct-Access     Linux    scsi_debug       00=
04 PQ: 0 ANSI: 5
[    7.435640] sd 2:0:0:0: Attached scsi generic sg0 type 0
[    7.436913] sd 2:0:0:0: [sda] 16384 512-byte logical blocks: (8.38 MB/8.=
00 MiB)
[    7.440149] sd 2:0:0:0: [sda] Write Protect is off
[    7.440796] sd 2:0:0:0: [sda] Mode Sense: 73 00 10 08
[    7.442801] SSFDC read-only Flash Translation layer
[    7.443685] mtdoops: mtd device (mtddev=3Dname/number) must be supplied
[    7.444636] L440GX flash mapping: failed to find PIIX4 ISA bridge, canno=
t continue
[    7.445625] device id =3D 2440
[    7.446031] device id =3D 2480
[    7.446435] device id =3D 24c0
[    7.446939] sd 2:0:0:0: [sda] Write cache: enabled, read cache: enabled,=
 supports DPO and FUA
[    7.448138] device id =3D 24d0
[    7.448542] device id =3D 25a1
[    7.448961] device id =3D 2670
[    7.449661] platform physmap-flash.0: failed to claim resource 0
[    7.454182] slram: not enough parameters.
[    7.455270] [nandsim] warning: read_byte: unexpected data output cycle, =
state is STATE_READY return 0x0
[    7.456442] [nandsim] warning: read_byte: unexpected data output cycle, =
state is STATE_READY return 0x0
[    7.457888] [nandsim] warning: read_byte: unexpected data output cycle, =
state is STATE_READY return 0x0
[    7.459084] [nandsim] warning: read_byte: unexpected data output cycle, =
state is STATE_READY return 0x0
[    7.460440] [nandsim] warning: read_byte: unexpected data output cycle, =
state is STATE_READY return 0x0
[    7.461664] [nandsim] warning: read_byte: unexpected data output cycle, =
state is STATE_READY return 0x0
[    7.462858] nand: device found, Manufacturer ID: 0x98, Chip ID: 0x39
[    7.464485] nand: Toshiba NAND 128MiB 1,8V 8-bit
[    7.465081] nand: 128MiB, SLC, page size: 512, OOB size: 16
[    7.465971] flash size: 128 MiB
[    7.466396] page size: 512 bytes
[    7.467191] OOB area size: 16 bytes
[    7.467661] sector size: 16 KiB
[    7.468078] pages number: 262144
[    7.468504] pages per sector: 32
[    7.468937] bus width: 8
[    7.469275] bits in sector size: 14
[    7.469736] bits in page size: 9
[    7.470309]  sda: unknown partition table
[    7.472975] bits in OOB size: 4
[    7.474212] flash size with OOB: 135168 KiB
[    7.474777] page address bytes: 4
[    7.475209] sector address bytes: 3
[    7.475665] options: 0x42
[    7.477752] Scanning device for bad blocks
[    7.483773] sd 2:0:0:0: [sda] Attached SCSI disk
[    7.771300] Creating 1 MTD partitions on "NAND 128MiB 1,8V 8-bit":
[    7.772134] 0x000000000000-0x000008000000 : "NAND simulator partition 0"
[    7.777268] parport0: cannot grant exclusive access for device spi-lm70l=
lp
[    7.778172] spi-lm70llp: spi_lm70llp probe fail, status -12
[    7.779824] HSI/SSI char device loaded
[    7.788439] libphy: Fixed MDIO Bus: probed
[    7.790861] tun: Universal TUN/TAP device driver, 1.6
[    7.791522] tun: (C) 1999-2004 Max Krasnyansky <maxk@qualcomm.com>
[    7.792646] arcnet loaded.
[    7.793022] arcnet: RFC1201 "standard" (`a') encapsulation support loade=
d.
[    7.793988] arcnet: RFC1051 "simple standard" (`s') encapsulation suppor=
t loaded.
[    7.794965] arcnet: cap mode (`c') encapsulation support loaded.
[    7.795754] arcnet: COM90xx chipset support
[    8.098281] S3: No ARCnet cards found.
[    8.098865] arcnet: COM90xx IO-mapped mode support (by David Woodhouse e=
t el.)
[    8.099762] E-mail me if you actually test this driver, please!
[    8.100571]  arc%d: No autoprobe for IO mapped cards; you must specify t=
he base address!
[    8.101698] arcnet: RIM I (entirely mem-mapped) support
[    8.102375] E-mail me if you actually test the RIM I driver, please!
[    8.103214] Given: node 00h, shmem 0h, irq 0
[    8.103831] No autoprobe for RIM I; you must specify the shmem and irq!
[    8.104698] slcan: serial line CAN interface driver
[    8.105327] slcan: 10 dynamic interface channels.
[    8.148390] cnic: Broadcom NetXtreme II CNIC Driver cnic v2.5.20 (March =
14, 2014)
[    8.149764] bnx2x: Broadcom NetXtreme II 5771x/578xx 10/20-Gigabit Ether=
net Driver bnx2x 1.78.19-0 (2014/02/10)
[    8.154197] enic: Cisco VIC Ethernet NIC Driver, ver 2.1.1.50
[    8.156038] e100: Intel(R) PRO/100 Network Driver, 3.5.24-k2-NAPI
[    8.156881] e100: Copyright(c) 1999-2006 Intel Corporation
[    8.157789] e1000: Intel(R) PRO/1000 Network Driver - version 7.3.21-k8-=
NAPI
[    8.158692] e1000: Copyright (c) 1999-2006 Intel Corporation.
[    8.168802] ACPI: PCI Interrupt Link [LNKC] enabled at IRQ 11
[    8.169584] IOAPIC[0]: Set routing entry (0-11 -> 0x3b -> IRQ 11 Mode:1 =
Active:0 Dest:3)
[    8.532572] e1000 0000:00:03.0 eth0: (PCI:33MHz:32-bit) 52:54:00:12:34:56
[    8.534392] e1000 0000:00:03.0 eth0: Intel(R) PRO/1000 Network Connection
[    8.535539] ixgbe: Intel(R) 10 Gigabit PCI Express Network Driver - vers=
ion 3.19.1-k
[    8.536519] ixgbe: Copyright (c) 1999-2014 Intel Corporation.
[    8.537594] ixgbevf: Intel(R) 10 Gigabit PCI Express Virtual Function Ne=
twork Driver - version 2.12.1-k
[    8.538799] ixgbevf: Copyright (c) 2009 - 2012 Intel Corporation.
[    8.539940] i40e: Intel(R) Ethernet Connection XL710 Network Driver - ve=
rsion 0.4.10-k
[    8.541008] i40e: Copyright (c) 2013 - 2014 Intel Corporation.
[    8.541954] jme: JMicron JMC2XX ethernet driver version 1.0.8
[    8.543067] sky2: driver version 1.30
[    8.545681] Solarflare NET driver v4.0
[    8.563117] tlan: ThunderLAN driver v1.17
[    8.563943] tlan: 0 devices installed, PCI: 0  EISA: 0
[    8.565246] AX.25: Z8530 SCC driver version 3.0.dl1bke
[    8.567595] mkiss: AX.25 Multikiss, Hans Albas PE1AYX
[    8.568277] YAM driver version 0.8 by F1OAT/F6FBB
[    8.577934] baycom_ser_fdx: (C) 1996-2000 Thomas Sailer, HB9JNX/AE4WA
[    8.577934] baycom_ser_fdx: version 0.10
[    8.585605] hdlcdrv: (C) 1996-2000 Thomas Sailer HB9JNX/AE4WA
[    8.586349] hdlcdrv: version 0.8
[    8.586887] baycom_ser_hdx: (C) 1996-2000 Thomas Sailer, HB9JNX/AE4WA
[    8.586887] baycom_ser_hdx: version 0.10
[    8.596283] baycom_par: (C) 1996-2000 Thomas Sailer, HB9JNX/AE4WA
[    8.596283] baycom_par: version 0.9
[    8.603920] baycom_epp: (C) 1998-2000 Thomas Sailer, HB9JNX/AE4WA
[    8.603920] baycom_epp: version 0.7
[    8.616950] SLIP: version 0.8.4-NET3.019-NEWTTY (dynamic channels, max=
=3D256).
[    8.617888] SLIP linefill/keepalive option.
[    8.618440] Loaded prism54 driver, version 1.2
[    8.625945] ieee802154hardmac ieee802154hardmac: Added ieee802154 HardMA=
C hardware
[    8.627114] hv_vmbus: registering driver hv_netvsc
[    8.628188] Madge ATM Horizon [Ultra] driver version 1.2.1
[    8.628907] hrz: debug bitmap is 0
[    8.629903] idt77252_init: at 838d314d
[    8.633615] Solos PCI Driver Version 1.04
[    8.637155] i8042: PNP: PS/2 Controller [PNP0303:KBD,PNP0f13:MOU] at 0x6=
0,0x64 irq 1,12
[    8.640389] serio: i8042 KBD port at 0x60,0x64 irq 1
[    8.641172] serio: i8042 AUX port at 0x60,0x64 irq 12
[    8.642830] hv_vmbus: registering driver hyperv_keyboard
[    8.719918] evbug: Connected device: input0 (Power Button at LNXPWRBN/bu=
tton/input0)
[    8.723687] input: AT Translated Set 2 keyboard as /devices/platform/i80=
42/serio0/input/input1
[    8.724843] evbug: Connected device: input1 (AT Translated Set 2 keyboar=
d at isa0060/serio0/input0)
[    8.734193] rtc_cmos 00:00: RTC can wake from S4
[    8.735890] rtc_cmos 00:00: rtc core: registered rtc_cmos as rtc0
[    8.737424] rtc_cmos 00:00: alarms up to one day, 114 bytes nvram, hpet =
irqs
[    8.744644] rtc (null): invalid alarm value: 1900-1-27 0:0:0
[    8.745633] rtc-test rtc-test.0: rtc core: registered test as rtc1
[    8.750509] rtc (null): invalid alarm value: 1900-1-27 0:0:0
[    8.751512] rtc-test rtc-test.1: rtc core: registered test as rtc2
[    8.752693] i2c /dev entries driver
[    8.755206] piix4_smbus 0000:00:01.3: SMBus Host Controller at 0xb100, r=
evision 0
[    8.775201] i2c-parport: adapter type unspecified
[    8.775819] i2c-parport-light: adapter type unspecified
[    8.778220] saa7146: register extension 'budget dvb'
[    8.779004] saa7146: register extension 'budget_ci dvb'
[    8.780962] nGene PCIE bridge driver, Copyright (C) 2005-2007 Micronas
[    8.782037] smssdio: Siano SMS1xxx SDIO driver
[    8.782589] smssdio: Copyright Pierre Ossman
[    8.783669] pps pps0: new PPS source ktimer
[    8.784401] pps pps0: ktimer PPS source registered
[    8.785022] pps_ldisc: PPS line discipline registered
[    8.785699] pps_parport: parallel port PPS client
[    8.786291] parport0: cannot grant exclusive access for device pps_parpo=
rt
[    8.788709] pps_parport: couldn't register with parport0
[    8.789380] Driver for 1-wire Dallas network protocol.
[    8.792972] DS1WM w1 busmaster driver - (c) 2004 Szabolcs Gyurko
[    8.794202] 1-Wire driver for the DS2760 battery monitor  chip  - (c) 20=
04-2005, Szabolcs Gyurko
[    8.933470] w83793: Detection failed at check vendor id
[    8.953463] w83793: Detection failed at check vendor id
[    8.973465] w83793: Detection failed at check vendor id
[    8.993465] w83793: Detection failed at check vendor id
[    9.020187] detect failed, chip not detected!
[    9.046804] detect failed, chip not detected!
[    9.073468] detect failed, chip not detected!
[    9.100158] detect failed, chip not detected!
[    9.126806] detect failed, chip not detected!
[    9.153462] detect failed, chip not detected!
[    9.180142] detect failed, chip not detected!
[    9.206816] detect failed, chip not detected!
[    9.233470] detect failed, chip not detected!
[    9.253471] i2c i2c-0: Detecting device at 0,0x2c with COMPANY: 0xff and=
 VERSTEP: 0xff
[    9.254551] i2c i2c-0: Autodetecting device at 0,0x2c...
[    9.255268] i2c i2c-0: Autodetection failed
[    9.273475] i2c i2c-0: Detecting device at 0,0x2d with COMPANY: 0xff and=
 VERSTEP: 0xff
[    9.274535] i2c i2c-0: Autodetecting device at 0,0x2d...
[    9.275261] i2c i2c-0: Autodetection failed
[    9.293468] i2c i2c-0: Detecting device at 0,0x2e with COMPANY: 0xff and=
 VERSTEP: 0xff
[    9.294558] i2c i2c-0: Autodetecting device at 0,0x2e...
[    9.295277] i2c i2c-0: Autodetection failed
[    9.366808] i2c i2c-0: detect fail: address match, 0x2c
[    9.380156] i2c i2c-0: detect fail: address match, 0x2d
[    9.393466] i2c i2c-0: detect fail: address match, 0x2e
[    9.406811] i2c i2c-0: detect fail: address match, 0x2f
[    9.420146]  (null): Wrong manufacturer ID. Got 255, expected 65
[    9.433478]  (null): Wrong manufacturer ID. Got 255, expected 65
[    9.446805]  (null): Wrong manufacturer ID. Got 255, expected 65
[    9.896880] f71882fg: Not a Fintek device
[    9.897544] f71882fg: Not a Fintek device
[   10.030116]  (null): Unknown chip type, skipping
[   10.043458]  (null): Unknown chip type, skipping
[   10.356804] i2c i2c-0: Unsupported chip (man_id=3D0xFF, chip_id=3D0xFF)
[   10.403486] i2c i2c-0: Unsupported chip (man_id=3D0xFF, chip_id=3D0xFF)
[   10.450106] i2c i2c-0: Unsupported chip (man_id=3D0xFF, chip_id=3D0xFF)
[   15.140186] i2c i2c-0: LM83 detection failed at 0x18
[   15.153546] i2c i2c-0: LM83 detection failed at 0x19
[   15.166899] i2c i2c-0: LM83 detection failed at 0x1a
[   15.180178] i2c i2c-0: LM83 detection failed at 0x29
[   15.193539] i2c i2c-0: LM83 detection failed at 0x2a
[   15.206910] i2c i2c-0: LM83 detection failed at 0x2b
[   15.220184] i2c i2c-0: LM83 detection failed at 0x4c
[   15.233557] i2c i2c-0: LM83 detection failed at 0x4d
[   15.246906] i2c i2c-0: LM83 detection failed at 0x4e
[   15.271014] i2c i2c-0: Detecting device at 0x2c with COMPANY: 0xff and V=
ERSTEP: 0xff
[   15.290227] i2c i2c-0: Detecting device at 0x2d with COMPANY: 0xff and V=
ERSTEP: 0xff
[   15.310315] i2c i2c-0: Detecting device at 0x2e with COMPANY: 0xff and V=
ERSTEP: 0xff
[   15.363494] i2c i2c-0: detect failed, bad manufacturer id 0xff!
[   15.376854] i2c i2c-0: detect failed, bad manufacturer id 0xff!
[   15.390203] i2c i2c-0: detect failed, bad manufacturer id 0xff!
[   15.557384] sch56xx_common: Unsupported device id: 0xff
[   15.557980] sch56xx_common: Unsupported device id: 0xff
[   15.563497] i2c i2c-0: amc6821_detect called.
[   15.576852] i2c i2c-0: amc6821: detection failed at 0x18.
[   15.583485] i2c i2c-0: amc6821_detect called.
[   15.596853] i2c i2c-0: amc6821: detection failed at 0x19.
[   15.603487] i2c i2c-0: amc6821_detect called.
[   15.616854] i2c i2c-0: amc6821: detection failed at 0x1a.
[   15.623469] i2c i2c-0: amc6821_detect called.
[   15.636798] i2c i2c-0: amc6821: detection failed at 0x2c.
[   15.643450] i2c i2c-0: amc6821_detect called.
[   15.656829] i2c i2c-0: amc6821: detection failed at 0x2d.
[   15.663460] i2c i2c-0: amc6821_detect called.
[   15.676812] i2c i2c-0: amc6821: detection failed at 0x2e.
[   15.683459] i2c i2c-0: amc6821_detect called.
[   15.696811] i2c i2c-0: amc6821: detection failed at 0x4c.
[   15.703441] i2c i2c-0: amc6821_detect called.
[   15.716815] i2c i2c-0: amc6821: detection failed at 0x4d.
[   15.723450] i2c i2c-0: amc6821_detect called.
[   15.736805] i2c i2c-0: amc6821: detection failed at 0x4e.
[   15.743452] thmc50: Probing for THMC50 at 0x2C on bus 0
[   15.770119] thmc50: Probing for THMC50 at 0x2D on bus 0
[   15.796792] thmc50: Probing for THMC50 at 0x2E on bus 0
[   15.936813] i2c i2c-0: W83L786NG detection failed at 0x2e
[   15.950168] i2c i2c-0: W83L786NG detection failed at 0x2f
[   15.951544] pcwd: Port 0x0350 unavailable
[   15.952498] mixcomwd: No card detected, or port not available
[   15.953536] acquirewdt: WDT driver for Acquire single board computer ini=
tialising
[   15.954688] acquirewdt: I/O address 0x0043 already in use
[   15.955292] acquirewdt: probe of acquirewdt failed with error -5
[   15.956076] advantechwdt: WDT driver for Advantech single board computer=
 initialising
[   15.957420] advantechwdt: initialized. timeout=3D60 sec (nowayout=3D0)
[   15.958109] alim7101_wdt: Steve Hill <steve@navaho.co.uk>
[   15.958708] alim7101_wdt: ALi M7101 PMU not present - WDT not set
[   15.959723] geodewdt: No timers were available
[   15.960431] ib700wdt: WDT driver for IB700 single board computer initial=
ising
[   15.961507] ib700wdt: START method I/O 443 is not available
[   15.962125] ib700wdt: probe of ib700wdt failed with error -5
[   15.962881] wafer5823wdt: WDT driver for Wafer 5823 single board compute=
r initialising
[   15.969608] wafer5823wdt: I/O address 0x0443 already in use
[   15.970355] i6300esb: Intel 6300ESB WatchDog Timer Driver v0.05
[   15.971197] i6300esb: cannot register miscdev on minor=3D130 (err=3D-16)
[   15.971910] i6300ESB timer: probe of 0000:00:04.0 failed with error -16
[   15.972696] iTCO_wdt: Intel TCO WatchDog Timer Driver v1.11
[   15.973442] iTCO_vendor_support: vendor-support=3D0
[   15.974183] sc1200wdt: build 20020303
[   15.974654] sc1200wdt: io parameter must be specified
[   15.975343] sbc60xxwdt: I/O address 0x0443 already in use
[   15.975937] sbc8360: failed to register misc device
[   15.976480] sbc7240_wdt: I/O address 0x0443 already in use
[   15.983822] smsc37b787_wdt: SMsC 37B787 watchdog component driver 1.1 in=
itialising...
[   15.985771] smsc37b787_wdt: Unable to register miscdev on minor 130
[   15.986650] w83877f_wdt: I/O address 0x0443 already in use
[   15.987281] w83977f_wdt: driver v1.00
[   15.987690] w83977f_wdt: cannot register miscdev on minor=3D130 (err=3D-=
16)
[   15.988402] machzwd: MachZ ZF-Logic Watchdog driver initializing
[   15.993506] machzwd: no ZF-Logic found
[   15.993926] sbc_epx_c3: cannot register miscdev on minor=3D130 (err=3D-1=
6)
[   15.994881] Bluetooth: Virtual HCI driver ver 1.4
[   15.995523] Bluetooth: HCI UART driver ver 2.2
[   15.996010] Bluetooth: HCI H4 protocol initialized
[   15.996537] Bluetooth: HCIATH3K protocol initialized
[   15.997101] Bluetooth: HCI Three-wire UART (H5) protocol initialized
[   15.997785] Bluetooth: Generic Bluetooth SDIO driver ver 0.1
[   15.998466] Modular ISDN core version 1.1.29
[   16.003690] NET: Registered protocol family 34
[   16.004192] DSP module 2.0
[   16.004499] mISDN_dsp: DSP clocks every 80 samples. This equals 3 jiffie=
s.
[   16.013944] mISDN: HFC-multi driver 2.03
[   16.014519] Sedlbauer Speedfax+ Driver Rev. 2.0
[   16.015104] Infineon ISDN Driver Rev. 1.0
[   16.015643] Winbond W6692 PCI driver Rev. 2.0
[   16.016230] mISDNipac module version 2.0
[   16.016668] mISDN: ISAR driver Rev. 2.1
[   16.017129] gigaset: Driver for Gigaset 307x (debug build)
[   16.017722] gigaset: no ISDN subsystem interface
[   16.025287] platform eisa.0: Probing EISA bus 0
[   16.025877] platform eisa.0: EISA: Cannot allocate resource for mainboard
[   16.027032] sdhci: Secure Digital Host Controller Interface driver
[   16.033885] sdhci: Copyright(c) Pierre Ossman
[   16.044782] leds_ss4200: no LED devices found
[   16.047203] Driver for HIFN 795x crypto accelerator chip has been succes=
sfully registered.
[   16.048255] cs5535-clockevt: Could not allocate MFGPT timer
[   16.049067] hidraw: raw HID events driver (C) Jiri Kosina
[   16.050584] hv_vmbus: registering driver hid_hyperv
[   16.055679] compal_laptop: Motherboard not recognized (You could try the=
 module's force-parameter)
[   16.056892] dell_wmi: No known WMI GUID found
[   16.057450] dell_wmi_aio: No known WMI GUID found
[   16.058201] acerhdf: Acer Aspire One Fan driver, v.0.5.26
[   16.058869] acerhdf: unknown (unsupported) BIOS version Bochs/Bochs/Boch=
s, please report, aborting!
[   16.060324] hdaps: supported laptop not found!
[   16.060951] hdaps: driver init failed (ret=3D-19)!
[   16.073544] FUJ02B1: call_fext_func: FUNC interface is not present
[   16.074435] fujitsu_laptop: driver 0.6.0 successfully loaded
[   16.075239] fujitsu_tablet: Unknown (using defaults)
[   16.076951] intel_oaktrail: Platform not recognized (You could try the m=
odule's force-parameter)
[   16.078505] hv_vmbus: registering driver hv_balloon
[   16.142739] intel_rapl: RAPL domain package detection failed
[   16.152910] intel_rapl: RAPL domain core detection failed
[   16.153639] intel_rapl: RAPL domain uncore detection failed
[   16.154296] intel_rapl: RAPL domain dram detection failed
[   16.154916] intel_rapl: no valid rapl domains found in package 0
[   16.155752] NET: Registered protocol family 17
[   16.156452] NET: Registered protocol family 15
[   16.157352] NET: Registered protocol family 4
[   16.157954] NET: Registered protocol family 9
[   16.158478] X25: Linux Version 0.2
[   16.158929] NET: Registered protocol family 3
[   16.159481] can: controller area network core (rev 20120528 abi 9)
[   16.162711] NET: Registered protocol family 29
[   16.163482] can: raw protocol (rev 20120528)
[   16.164104] can: broadcast manager protocol (rev 20120528 t)
[   16.164891] can: netlink gateway (rev 20130117) max_hops=3D1
[   16.167297] IrCOMM protocol (Dag Brattli)
[   16.183401] Bluetooth: RFCOMM TTY layer initialized
[   16.183967] Bluetooth: RFCOMM socket layer initialized
[   16.184563] Bluetooth: RFCOMM ver 1.11
[   16.185000] Bluetooth: BNEP (Ethernet Emulation) ver 1.3
[   16.185587] Bluetooth: BNEP socket layer initialized
[   16.186176] lec:lane_module_init: lec.c: initialized
[   16.186759] NET4: DECnet for Linux: V.2.5.68s (C) 1995-2003 Linux DECnet=
 Project Team
[   16.188116] DECnet: Routing cache hash table of 256 buckets, 11Kbytes
[   16.188857] NET: Registered protocol family 12
[   16.189406] NET: Registered protocol family 35
[   16.189979] 8021q: 802.1Q VLAN Support v1.8
[   16.190761] 9pnet: Installing 9P2000 support
[   16.191392] NET: Registered protocol family 36
[   16.191924] openvswitch: Open vSwitch switching datapath
[   16.193038] NET: Registered protocol family 40
[   16.203650] mpls_gso: MPLS GSO support
[   16.205272]=20
[   16.205272] printing PIC contents
[   16.205834] ... PIC  IMR: ffff
[   16.206177] ... PIC  IRR: 1113
[   16.206517] ... PIC  ISR: 0000
[   16.206895] ... PIC ELCR: 0c00
[   16.207251] printing local APIC contents on CPU#0/0:
[   16.207777] ... APIC ID:      00000000 (0)
[   16.208224] ... APIC VERSION: 01050014
[   16.208622] ... APIC TASKPRI: 00000000 (00)
[   16.209064] ... APIC PROCPRI: 00000000
[   16.209471] ... APIC LDR: 01000000
[   16.209837] ... APIC DFR: ffffffff
[   16.210199] ... APIC SPIV: 000001ff
[   16.210199] ... APIC ISR field:
[   16.210199] 000000000000000000000000000000000000000000000000000000000000=
0000
[   16.210199] ... APIC TMR field:
[   16.210199] 000000000200000000000000000000000000000000000000000000000000=
0000
[   16.210199] ... APIC IRR field:
[   16.210199] 000000000000000000000000000000000000000000000000000000000000=
8000
[   16.210199] ... APIC ESR: 00000000
[   16.210199] ... APIC ICR: 000008fd
[   16.210199] ... APIC ICR2: 02000000
[   16.210199] ... APIC LVTT: 000400ef
[   16.210199] ... APIC LVTPC: 00010000
[   16.210199] ... APIC LVT0: 00010700
[   16.210199] ... APIC LVT1: 00000400
[   16.210199] ... APIC LVTERR: 000000fe
[   16.210199] ... APIC TMICT: 00000000
[   16.210199] ... APIC TMCCT: 00000000
[   16.210199] ... APIC TDCR: 00000000
[   16.210199]=20
[   16.228947] number of MP IRQ sources: 15.
[   16.229385] number of IO-APIC #0 registers: 24.
[   16.229862] testing the IO APIC.......................
[   16.230471] IO APIC #0......
[   16.230787] .... register #00: 00000000
[   16.231205] .......    : physical APIC id: 00
[   16.231665] .......    : Delivery Type: 0
[   16.232102] .......    : LTS          : 0
[   16.232550] .... register #01: 00170011
[   16.232963] .......     : max redirection entries: 17
[   16.243611] .......     : PRQ implemented: 0
[   16.244069] .......     : IO APIC version: 11
[   16.244540] .... register #02: 00000000
[   16.245016] .......     : arbitration: 00
[   16.245489] .... IRQ redirection table:
[   16.245918] 1    0    0   0   0    0    0    00
[   16.246417] 0    0    0   0   0    1    1    31
[   16.246940] 0    0    0   0   0    1    1    30
[   16.247442] 1    0    0   0   0    1    1    33
[   16.247932] 1    0    0   0   0    1    1    34
[   16.248428] 1    1    0   0   0    1    1    35
[   16.248916] 1    0    0   0   0    1    1    36
[   16.249412] 0    0    0   0   0    1    1    37
[   16.249899] 0    0    0   0   0    1    1    38
[   16.250439] 0    1    0   0   0    1    1    39
[   16.250930] 1    1    0   0   0    1    1    3A
[   16.251427] 1    1    0   0   0    1    1    3B
[   16.251917] 0    0    0   0   0    1    1    3C
[   16.252415] 1    0    0   0   0    1    1    3D
[   16.252929] 0    0    0   0   0    1    1    3E
[   16.263562] 0    0    0   0   0    1    1    3F
[   16.264062] 1    0    0   0   0    0    0    00
[   16.264562] 1    0    0   0   0    0    0    00
[   16.265076] 1    0    0   0   0    0    0    00
[   16.265576] 1    0    0   0   0    0    0    00
[   16.266066] 1    0    0   0   0    0    0    00
[   16.266568] 1    0    0   0   0    0    0    00
[   16.267096] 1    0    0   0   0    0    0    00
[   16.267599] 1    0    0   0   0    0    0    00
[   16.268076] IRQ to pin mappings:
[   16.268437] IRQ0 -> 0:2
[   16.268746] IRQ1 -> 0:1
[   16.269053] IRQ3 -> 0:3
[   16.269366] IRQ4 -> 0:4
[   16.269674] IRQ5 -> 0:5
[   16.269980] IRQ6 -> 0:6
[   16.270348] IRQ7 -> 0:7
[   16.270653] IRQ8 -> 0:8
[   16.270956] IRQ9 -> 0:9
[   16.271268] IRQ10 -> 0:10
[   16.271591] IRQ11 -> 0:11
[   16.271912] IRQ12 -> 0:12
[   16.272244] IRQ13 -> 0:13
[   16.272583] IRQ14 -> 0:14
[   16.273006] IRQ15 -> 0:15
[   16.282907] .................................... done.
[   16.284356] Using IPI No-Shortcut mode
[   16.285446] registered taskstats version 1
[   16.299229] Btrfs loaded, debug=3Don
[   16.305239] cryptomgr_probe (145) used greatest stack depth: 6652 bytes =
left
[   16.306097] Key type trusted registered
[   16.306582] ima: No TPM chip found, activating TPM-bypass!
[   16.314303] console [netcon0] enabled
[   16.314751] netconsole: network logging started
[   16.315403] BIOS EDD facility v0.16 2004-Jun-25, 0 devices found
[   16.316102] EDD information not available.
[   16.316788] Unregister pv shared memory for cpu 0
[   16.377762] CPU 0 offline: Remove Rx thread
[   16.378624] CPU 0 is now offline
[   16.384137] Freeing unused kernel memory: 2356K (83850000 - 83a9d000)
[   16.411394] random: init urandom read with 11 bits of entropy available
[   16.448782] hostname (150) used greatest stack depth: 6600 bytes left
[   16.503488] hwclock (152) used greatest stack depth: 6364 bytes left
[   16.507349] plymouthd (151) used greatest stack depth: 6292 bytes left
[   16.697360] chmod (170) used greatest stack depth: 6036 bytes left
[   17.346850] BUG: using smp_processor_id() in preemptible [00000000] code=
: kworker/0:1/36
[   17.347917] caller is debug_smp_processor_id+0x12/0x20
[   17.348597] CPU: 1 PID: 36 Comm: kworker/0:1 Not tainted 3.16.0-rc6-0025=
1-g6e0a6b1 #7
[   17.349662] Hardware name: Bochs Bochs, BIOS Bochs 01/01/2011
[   17.350603] Workqueue: events vmstat_update
[   17.351211]  00000001 914e9e4c 828277f8 00000000 00000001 8305dad3 914e9=
e7c 8176b314
[   17.352422]  8306afe0 83069fba 8305dad3 00000000 914e1924 00000024 83069=
fba 83a99220
[   17.353626]  00000129 914c47e0 914e9e84 8176b342 914e9e98 811aa410 00000=
000 9237d200
[   17.354767] Call Trace:
[   17.355104]  [<828277f8>] dump_stack+0x7f/0xf3
[   17.355734]  [<8176b314>] check_preemption_disabled+0x164/0x180
[   17.356555]  [<8176b342>] debug_smp_processor_id+0x12/0x20
[   17.357404]  [<811aa410>] vmstat_update+0x40/0x80
[   17.358065]  [<8109bad9>] process_one_work+0x3a9/0xa40
[   17.358766]  [<8109bf8c>] ? process_one_work+0x85c/0xa40
[   17.359454]  [<8109c19d>] ? worker_thread+0x2d/0xb40
[   17.360141]  [<8109c72c>] worker_thread+0x5bc/0xb40
[   17.360782]  [<8109c170>] ? process_one_work+0xa40/0xa40
[   17.361473]  [<810a8932>] kthread+0xe2/0xf0
[   17.362036]  [<8109c170>] ? process_one_work+0xa40/0xa40
[   17.362784]  [<810b0000>] ? SyS_setns+0x90/0x160
[   17.363492]  [<82853c01>] ret_from_kernel_thread+0x21/0x30
[   17.364254]  [<810a8850>] ? insert_kthread_work+0x100/0x100

Elapsed time: 25
qemu-system-x86_64 -enable-kvm -cpu Haswell,+smep,+smap -kernel /kernel/i38=
6-randconfig-ib0-07271715/6e0a6b18b63e2c0a45ff47ab633dd6f3ad417453/vmlinuz-=
3.16.0-rc6-00251-g6e0a6b1 -append 'hung_task_panic=3D1 earlyprintk=3DttyS0,=
115200 debug apic=3Ddebug sysrq_always_enabled rcupdate.rcu_cpu_stall_timeo=
ut=3D100 panic=3D10 softlockup_panic=3D1 nmi_watchdog=3Dpanic  prompt_ramdi=
sk=3D0 console=3DttyS0,115200 console=3Dtty0 vga=3Dnormal  root=3D/dev/ram0=
 rw link=3D/kbuild-tests/run-queue/kvm/i386-randconfig-ib0-07271715/next:ma=
ster:6e0a6b18b63e2c0a45ff47ab633dd6f3ad417453:bisect-linux5/.vmlinuz-6e0a6b=
18b63e2c0a45ff47ab633dd6f3ad417453-20140728053554-192-kbuild branch=3Dnext/=
master BOOT_IMAGE=3D/kernel/i386-randconfig-ib0-07271715/6e0a6b18b63e2c0a45=
ff47ab633dd6f3ad417453/vmlinuz-3.16.0-rc6-00251-g6e0a6b1 drbd.minor_count=
=3D8'  -initrd /kernel-tests/initrd/quantal-core-i386.cgz -m 320 -smp 2 -ne=
t nic,vlan=3D1,model=3De1000 -net user,vlan=3D1 -boot order=3Dnc -no-reboot=
 -watchdog i6300esb -rtc base=3Dlocaltime -pidfile /dev/shm/kboot/pid-quant=
al-kbuild-1 -serial file:/dev/shm/kboot/serial-quantal-kbuild-1 -daemonize =
-display none -monitor null=20

--XvKFcGCOAo53UbWW
Content-Type: application/octet-stream
Content-Disposition: attachment; filename="i386-randconfig-ib0-07271715-5a7439efd1c5c416f768fc550048ca130cf4bf99-BUG:-using----in-preemptible----code:-110167.log"
Content-Transfer-Encoding: base64

SEVBRCBpcyBub3cgYXQgNWE3NDM5ZS4uLiBBZGQgbGludXgtbmV4dCBzcGVjaWZpYyBmaWxl
cyBmb3IgMjAxNDA3MjUKZ2l0IGNoZWNrb3V0IDlhM2M0MTQ1YWYzMjEyNWM1ZWUzOWMwMjcy
NjYyYjQ3MzA3YTgzMjMKbHMgLWEgL2tidWlsZC10ZXN0cy9ydW4tcXVldWUva3ZtL2kzODYt
cmFuZGNvbmZpZy1pYjAtMDcyNzE3MTUvbmV4dDptYXN0ZXI6OWEzYzQxNDVhZjMyMTI1YzVl
ZTM5YzAyNzI2NjJiNDczMDdhODMyMzpiaXNlY3QtbGludXg1CgoyMDE0LTA3LTI3LTE3OjMw
OjMzIDlhM2M0MTQ1YWYzMjEyNWM1ZWUzOWMwMjcyNjYyYjQ3MzA3YTgzMjMgY29tcGlsaW5n
ClF1ZXVlZCBidWlsZCB0YXNrIHRvIC9rYnVpbGQtdGVzdHMvYnVpbGQtcXVldWUvaTM4Ni1y
YW5kY29uZmlnLWliMC0wNzI3MTcxNS05YTNjNDE0NWFmMzIxMjVjNWVlMzljMDI3MjY2MmI0
NzMwN2E4MzIzCkNoZWNrIGZvciBrZXJuZWwgaW4gL2tlcm5lbC9pMzg2LXJhbmRjb25maWct
aWIwLTA3MjcxNzE1LzlhM2M0MTQ1YWYzMjEyNWM1ZWUzOWMwMjcyNjYyYjQ3MzA3YTgzMjMK
d2FpdGluZyBmb3IgY29tcGxldGlvbiBvZiAva2J1aWxkLXRlc3RzL2J1aWxkLXF1ZXVlL2kz
ODYtcmFuZGNvbmZpZy1pYjAtMDcyNzE3MTUtOWEzYzQxNDVhZjMyMTI1YzVlZTM5YzAyNzI2
NjJiNDczMDdhODMyMwp3YWl0aW5nIGZvciBjb21wbGV0aW9uIG9mIC9rYnVpbGQtdGVzdHMv
YnVpbGQtcXVldWUvbGtwLWhzeDAxLWNvbnN1bWVyL2kzODYtcmFuZGNvbmZpZy1pYjAtMDcy
NzE3MTUtOWEzYzQxNDVhZjMyMTI1YzVlZTM5YzAyNzI2NjJiNDczMDdhODMyMwprZXJuZWw6
IC9rZXJuZWwvaTM4Ni1yYW5kY29uZmlnLWliMC0wNzI3MTcxNS85YTNjNDE0NWFmMzIxMjVj
NWVlMzljMDI3MjY2MmI0NzMwN2E4MzIzL3ZtbGludXotMy4xNi4wLXJjNgoKMjAxNC0wNy0y
Ny0xNzozMzozNiBkZXRlY3RpbmcgYm9vdCBzdGF0ZSAuLi4JMjMJMzAgU1VDQ0VTUwoKYmlz
ZWN0OiBnb29kIGNvbW1pdCA5YTNjNDE0NWFmMzIxMjVjNWVlMzljMDI3MjY2MmI0NzMwN2E4
MzIzCmdpdCBiaXNlY3Qgc3RhcnQgNWE3NDM5ZWZkMWM1YzQxNmY3NjhmYzU1MDA0OGNhMTMw
Y2Y0YmY5OSA5YTNjNDE0NWFmMzIxMjVjNWVlMzljMDI3MjY2MmI0NzMwN2E4MzIzIC0tCi9j
L2tlcm5lbC10ZXN0cy9saW5lYXItYmlzZWN0OiBbIi1iIiwgIjVhNzQzOWVmZDFjNWM0MTZm
NzY4ZmM1NTAwNDhjYTEzMGNmNGJmOTkiLCAiLWciLCAiOWEzYzQxNDVhZjMyMTI1YzVlZTM5
YzAyNzI2NjJiNDczMDdhODMyMyIsICIvYy9rZXJuZWwtdGVzdHMvYmlzZWN0LXRlc3QtYm9v
dC1mYWlsdXJlLnNoIiwgIi9jL2Jvb3QtYmlzZWN0L2xpbnV4NS9vYmotYmlzZWN0Il0KQmlz
ZWN0aW5nOiA4OTAzIHJldmlzaW9ucyBsZWZ0IHRvIHRlc3QgYWZ0ZXIgdGhpcyAocm91Z2hs
eSAxNCBzdGVwcykKWzM4ZWZhZDlhZjgxZDE0NWYwN2Y1OTJmNjE4Yzc2Yzc4Y2YxNDFlNWJd
IE1lcmdlIHJlbW90ZS10cmFja2luZyBicmFuY2ggJ2xpYmF0YS9mb3ItbmV4dCcKcnVubmlu
ZyAvYy9rZXJuZWwtdGVzdHMvYmlzZWN0LXRlc3QtYm9vdC1mYWlsdXJlLnNoIC9jL2Jvb3Qt
YmlzZWN0L2xpbnV4NS9vYmotYmlzZWN0CmxzIC1hIC9rYnVpbGQtdGVzdHMvcnVuLXF1ZXVl
L2t2bS9pMzg2LXJhbmRjb25maWctaWIwLTA3MjcxNzE1L25leHQ6bWFzdGVyOjM4ZWZhZDlh
ZjgxZDE0NWYwN2Y1OTJmNjE4Yzc2Yzc4Y2YxNDFlNWI6YmlzZWN0LWxpbnV4NQoKMjAxNC0w
Ny0yNy0xNzozNjo1NiAzOGVmYWQ5YWY4MWQxNDVmMDdmNTkyZjYxOGM3NmM3OGNmMTQxZTVi
IGNvbXBpbGluZwpRdWV1ZWQgYnVpbGQgdGFzayB0byAva2J1aWxkLXRlc3RzL2J1aWxkLXF1
ZXVlL2kzODYtcmFuZGNvbmZpZy1pYjAtMDcyNzE3MTUtMzhlZmFkOWFmODFkMTQ1ZjA3ZjU5
MmY2MThjNzZjNzhjZjE0MWU1YgpDaGVjayBmb3Iga2VybmVsIGluIC9rZXJuZWwvaTM4Ni1y
YW5kY29uZmlnLWliMC0wNzI3MTcxNS8zOGVmYWQ5YWY4MWQxNDVmMDdmNTkyZjYxOGM3NmM3
OGNmMTQxZTViCndhaXRpbmcgZm9yIGNvbXBsZXRpb24gb2YgL2tidWlsZC10ZXN0cy9idWls
ZC1xdWV1ZS9pMzg2LXJhbmRjb25maWctaWIwLTA3MjcxNzE1LTM4ZWZhZDlhZjgxZDE0NWYw
N2Y1OTJmNjE4Yzc2Yzc4Y2YxNDFlNWIKa2VybmVsOiAva2VybmVsL2kzODYtcmFuZGNvbmZp
Zy1pYjAtMDcyNzE3MTUvMzhlZmFkOWFmODFkMTQ1ZjA3ZjU5MmY2MThjNzZjNzhjZjE0MWU1
Yi92bWxpbnV6LTMuMTYuMC1yYzYtMDIxNjQtZzM4ZWZhZDkKCjIwMTQtMDctMjctMTc6Mzg6
NTYgZGV0ZWN0aW5nIGJvb3Qgc3RhdGUgLi4uCTE5CTMwIFNVQ0NFU1MKCkJpc2VjdGluZzog
NjczOCByZXZpc2lvbnMgbGVmdCB0byB0ZXN0IGFmdGVyIHRoaXMgKHJvdWdobHkgMTMgc3Rl
cHMpCls3ZWQ4YWNjYmUxZDA2MWUxZGZlNGNlN2E4NjgxNDk1NTk1ZWJlMWRhXSBuZXh0LTIw
MTQwNzI0L3RpcApydW5uaW5nIC9jL2tlcm5lbC10ZXN0cy9iaXNlY3QtdGVzdC1ib290LWZh
aWx1cmUuc2ggL2MvYm9vdC1iaXNlY3QvbGludXg1L29iai1iaXNlY3QKbHMgLWEgL2tidWls
ZC10ZXN0cy9ydW4tcXVldWUva3ZtL2kzODYtcmFuZGNvbmZpZy1pYjAtMDcyNzE3MTUvbmV4
dDptYXN0ZXI6N2VkOGFjY2JlMWQwNjFlMWRmZTRjZTdhODY4MTQ5NTU5NWViZTFkYTpiaXNl
Y3QtbGludXg1CgoyMDE0LTA3LTI3LTE3OjQzOjA1IDdlZDhhY2NiZTFkMDYxZTFkZmU0Y2U3
YTg2ODE0OTU1OTVlYmUxZGEgY29tcGlsaW5nClF1ZXVlZCBidWlsZCB0YXNrIHRvIC9rYnVp
bGQtdGVzdHMvYnVpbGQtcXVldWUvaTM4Ni1yYW5kY29uZmlnLWliMC0wNzI3MTcxNS03ZWQ4
YWNjYmUxZDA2MWUxZGZlNGNlN2E4NjgxNDk1NTk1ZWJlMWRhCkNoZWNrIGZvciBrZXJuZWwg
aW4gL2tlcm5lbC9pMzg2LXJhbmRjb25maWctaWIwLTA3MjcxNzE1LzdlZDhhY2NiZTFkMDYx
ZTFkZmU0Y2U3YTg2ODE0OTU1OTVlYmUxZGEKd2FpdGluZyBmb3IgY29tcGxldGlvbiBvZiAv
a2J1aWxkLXRlc3RzL2J1aWxkLXF1ZXVlL2kzODYtcmFuZGNvbmZpZy1pYjAtMDcyNzE3MTUt
N2VkOGFjY2JlMWQwNjFlMWRmZTRjZTdhODY4MTQ5NTU5NWViZTFkYQprZXJuZWw6IC9rZXJu
ZWwvaTM4Ni1yYW5kY29uZmlnLWliMC0wNzI3MTcxNS83ZWQ4YWNjYmUxZDA2MWUxZGZlNGNl
N2E4NjgxNDk1NTk1ZWJlMWRhL3ZtbGludXotMy4xNi4wLXJjNi0wNTM3My1nN2VkOGFjYwoK
MjAxNC0wNy0yNy0xNzo0NTowNSBkZXRlY3RpbmcgYm9vdCBzdGF0ZSAuLgkyMQkzMCBTVUND
RVNTCgpCaXNlY3Rpbmc6IDM1MjkgcmV2aXNpb25zIGxlZnQgdG8gdGVzdCBhZnRlciB0aGlz
IChyb3VnaGx5IDEyIHN0ZXBzKQpbN2QzY2UwNDkzMzQ3YzAxNzZiMzdkODc3YmUxYmMyMjA0
YzIzMTRiNF0gTWVyZ2UgcmVtb3RlLXRyYWNraW5nIGJyYW5jaCAnc3RhZ2luZy9zdGFnaW5n
LW5leHQnCnJ1bm5pbmcgL2Mva2VybmVsLXRlc3RzL2Jpc2VjdC10ZXN0LWJvb3QtZmFpbHVy
ZS5zaCAvYy9ib290LWJpc2VjdC9saW51eDUvb2JqLWJpc2VjdApscyAtYSAva2J1aWxkLXRl
c3RzL3J1bi1xdWV1ZS9rdm0vaTM4Ni1yYW5kY29uZmlnLWliMC0wNzI3MTcxNS9uZXh0Om1h
c3Rlcjo3ZDNjZTA0OTMzNDdjMDE3NmIzN2Q4NzdiZTFiYzIyMDRjMjMxNGI0OmJpc2VjdC1s
aW51eDUKCjIwMTQtMDctMjctMTc6NDc6MDcgN2QzY2UwNDkzMzQ3YzAxNzZiMzdkODc3YmUx
YmMyMjA0YzIzMTRiNCBjb21waWxpbmcKUXVldWVkIGJ1aWxkIHRhc2sgdG8gL2tidWlsZC10
ZXN0cy9idWlsZC1xdWV1ZS9pMzg2LXJhbmRjb25maWctaWIwLTA3MjcxNzE1LTdkM2NlMDQ5
MzM0N2MwMTc2YjM3ZDg3N2JlMWJjMjIwNGMyMzE0YjQKQ2hlY2sgZm9yIGtlcm5lbCBpbiAv
a2VybmVsL2kzODYtcmFuZGNvbmZpZy1pYjAtMDcyNzE3MTUvN2QzY2UwNDkzMzQ3YzAxNzZi
MzdkODc3YmUxYmMyMjA0YzIzMTRiNAp3YWl0aW5nIGZvciBjb21wbGV0aW9uIG9mIC9rYnVp
bGQtdGVzdHMvYnVpbGQtcXVldWUvaTM4Ni1yYW5kY29uZmlnLWliMC0wNzI3MTcxNS03ZDNj
ZTA0OTMzNDdjMDE3NmIzN2Q4NzdiZTFiYzIyMDRjMjMxNGI0Cmtlcm5lbDogL2tlcm5lbC9p
Mzg2LXJhbmRjb25maWctaWIwLTA3MjcxNzE1LzdkM2NlMDQ5MzM0N2MwMTc2YjM3ZDg3N2Jl
MWJjMjIwNGMyMzE0YjQvdm1saW51ei0zLjE2LjAtcmM2LTA3OTE3LWc3ZDNjZTA0CgoyMDE0
LTA3LTI3LTE3OjQ5OjA3IGRldGVjdGluZyBib290IHN0YXRlIC4uLgkzMCBTVUNDRVNTCgpC
aXNlY3Rpbmc6IDk4NSByZXZpc2lvbnMgbGVmdCB0byB0ZXN0IGFmdGVyIHRoaXMgKHJvdWdo
bHkgMTAgc3RlcHMpCls1NTBjNWRhZWM0ZjM0M2ZmYWYxYTFlMDY5ZTFmNDcyNzVlMTJiMzY5
XSBNZXJnZSByZW1vdGUtdHJhY2tpbmcgYnJhbmNoICdrdGVzdC9mb3ItbmV4dCcKcnVubmlu
ZyAvYy9rZXJuZWwtdGVzdHMvYmlzZWN0LXRlc3QtYm9vdC1mYWlsdXJlLnNoIC9jL2Jvb3Qt
YmlzZWN0L2xpbnV4NS9vYmotYmlzZWN0CmxzIC1hIC9rYnVpbGQtdGVzdHMvcnVuLXF1ZXVl
L2t2bS9pMzg2LXJhbmRjb25maWctaWIwLTA3MjcxNzE1L25leHQ6bWFzdGVyOjU1MGM1ZGFl
YzRmMzQzZmZhZjFhMWUwNjllMWY0NzI3NWUxMmIzNjk6YmlzZWN0LWxpbnV4NQoKMjAxNC0w
Ny0yNy0xNzo1MToyOSA1NTBjNWRhZWM0ZjM0M2ZmYWYxYTFlMDY5ZTFmNDcyNzVlMTJiMzY5
IGNvbXBpbGluZwpRdWV1ZWQgYnVpbGQgdGFzayB0byAva2J1aWxkLXRlc3RzL2J1aWxkLXF1
ZXVlL2kzODYtcmFuZGNvbmZpZy1pYjAtMDcyNzE3MTUtNTUwYzVkYWVjNGYzNDNmZmFmMWEx
ZTA2OWUxZjQ3Mjc1ZTEyYjM2OQpDaGVjayBmb3Iga2VybmVsIGluIC9rZXJuZWwvaTM4Ni1y
YW5kY29uZmlnLWliMC0wNzI3MTcxNS81NTBjNWRhZWM0ZjM0M2ZmYWYxYTFlMDY5ZTFmNDcy
NzVlMTJiMzY5CndhaXRpbmcgZm9yIGNvbXBsZXRpb24gb2YgL2tidWlsZC10ZXN0cy9idWls
ZC1xdWV1ZS9pMzg2LXJhbmRjb25maWctaWIwLTA3MjcxNzE1LTU1MGM1ZGFlYzRmMzQzZmZh
ZjFhMWUwNjllMWY0NzI3NWUxMmIzNjkKd2FpdGluZyBmb3IgY29tcGxldGlvbiBvZiAva2J1
aWxkLXRlc3RzL2J1aWxkLXF1ZXVlL2xrcC1oc3gwMS1jb25zdW1lci9pMzg2LXJhbmRjb25m
aWctaWIwLTA3MjcxNzE1LTU1MGM1ZGFlYzRmMzQzZmZhZjFhMWUwNjllMWY0NzI3NWUxMmIz
NjkKa2VybmVsOiAva2VybmVsL2kzODYtcmFuZGNvbmZpZy1pYjAtMDcyNzE3MTUvNTUwYzVk
YWVjNGYzNDNmZmFmMWExZTA2OWUxZjQ3Mjc1ZTEyYjM2OS92bWxpbnV6LTMuMTYuMC1yYzYt
MDgyODItZzU1MGM1ZGFlCgoyMDE0LTA3LTI3LTE3OjU0OjI5IGRldGVjdGluZyBib290IHN0
YXRlIC4JMzAgU1VDQ0VTUwoKQmlzZWN0aW5nOiA2MjAgcmV2aXNpb25zIGxlZnQgdG8gdGVz
dCBhZnRlciB0aGlzIChyb3VnaGx5IDEwIHN0ZXBzKQpbZGQ3MzE0YmVhZGVkNTIzYWZmZjg0
NDRmYThkNDcxNDQ2ZmIyNzE3Ml0gTWVyZ2UgYnJhbmNoICdyZC1kb2NzL21hc3RlcicKcnVu
bmluZyAvYy9rZXJuZWwtdGVzdHMvYmlzZWN0LXRlc3QtYm9vdC1mYWlsdXJlLnNoIC9jL2Jv
b3QtYmlzZWN0L2xpbnV4NS9vYmotYmlzZWN0CmxzIC1hIC9rYnVpbGQtdGVzdHMvcnVuLXF1
ZXVlL2t2bS9pMzg2LXJhbmRjb25maWctaWIwLTA3MjcxNzE1L25leHQ6bWFzdGVyOmRkNzMx
NGJlYWRlZDUyM2FmZmY4NDQ0ZmE4ZDQ3MTQ0NmZiMjcxNzI6YmlzZWN0LWxpbnV4NQoKMjAx
NC0wNy0yNy0xNzo1NTozMSBkZDczMTRiZWFkZWQ1MjNhZmZmODQ0NGZhOGQ0NzE0NDZmYjI3
MTcyIGNvbXBpbGluZwpRdWV1ZWQgYnVpbGQgdGFzayB0byAva2J1aWxkLXRlc3RzL2J1aWxk
LXF1ZXVlL2kzODYtcmFuZGNvbmZpZy1pYjAtMDcyNzE3MTUtZGQ3MzE0YmVhZGVkNTIzYWZm
Zjg0NDRmYThkNDcxNDQ2ZmIyNzE3MgpDaGVjayBmb3Iga2VybmVsIGluIC9rZXJuZWwvaTM4
Ni1yYW5kY29uZmlnLWliMC0wNzI3MTcxNS9kZDczMTRiZWFkZWQ1MjNhZmZmODQ0NGZhOGQ0
NzE0NDZmYjI3MTcyCndhaXRpbmcgZm9yIGNvbXBsZXRpb24gb2YgL2tidWlsZC10ZXN0cy9i
dWlsZC1xdWV1ZS9pMzg2LXJhbmRjb25maWctaWIwLTA3MjcxNzE1LWRkNzMxNGJlYWRlZDUy
M2FmZmY4NDQ0ZmE4ZDQ3MTQ0NmZiMjcxNzIKd2FpdGluZyBmb3IgY29tcGxldGlvbiBvZiAv
a2J1aWxkLXRlc3RzL2J1aWxkLXF1ZXVlL2pha2V0b3duLWNvbnN1bWVyL2kzODYtcmFuZGNv
bmZpZy1pYjAtMDcyNzE3MTUtZGQ3MzE0YmVhZGVkNTIzYWZmZjg0NDRmYThkNDcxNDQ2ZmIy
NzE3MgprZXJuZWw6IC9rZXJuZWwvaTM4Ni1yYW5kY29uZmlnLWliMC0wNzI3MTcxNS9kZDcz
MTRiZWFkZWQ1MjNhZmZmODQ0NGZhOGQ0NzE0NDZmYjI3MTcyL3ZtbGludXotMy4xNi4wLXJj
Ni0wODM0Mi1nZGQ3MzE0YgoKMjAxNC0wNy0yNy0xODowNjozMSBkZXRlY3RpbmcgYm9vdCBz
dGF0ZSAuLi4uLi4uCTEzCTIzCTMwIFNVQ0NFU1MKCkJpc2VjdGluZzogNTYxIHJldmlzaW9u
cyBsZWZ0IHRvIHRlc3QgYWZ0ZXIgdGhpcyAocm91Z2hseSAxMCBzdGVwcykKWzRkMTk1NDM0
N2MwMDBhZjNlZTM3NjYxZGMzYWNmZTBhZThmNTkzNDhdIFBLQ1MjNzogaW5jbHVkZSBsaW51
eC1lcnIuaCBmb3IgUFRSX0VSUiBhbmQgSVNfRVJSCnJ1bm5pbmcgL2Mva2VybmVsLXRlc3Rz
L2Jpc2VjdC10ZXN0LWJvb3QtZmFpbHVyZS5zaCAvYy9ib290LWJpc2VjdC9saW51eDUvb2Jq
LWJpc2VjdApscyAtYSAva2J1aWxkLXRlc3RzL3J1bi1xdWV1ZS9rdm0vaTM4Ni1yYW5kY29u
ZmlnLWliMC0wNzI3MTcxNS9uZXh0Om1hc3Rlcjo0ZDE5NTQzNDdjMDAwYWYzZWUzNzY2MWRj
M2FjZmUwYWU4ZjU5MzQ4OmJpc2VjdC1saW51eDUKCjIwMTQtMDctMjctMTg6MTE6MzggNGQx
OTU0MzQ3YzAwMGFmM2VlMzc2NjFkYzNhY2ZlMGFlOGY1OTM0OCBjb21waWxpbmcKUXVldWVk
IGJ1aWxkIHRhc2sgdG8gL2tidWlsZC10ZXN0cy9idWlsZC1xdWV1ZS9pMzg2LXJhbmRjb25m
aWctaWIwLTA3MjcxNzE1LTRkMTk1NDM0N2MwMDBhZjNlZTM3NjYxZGMzYWNmZTBhZThmNTkz
NDgKQ2hlY2sgZm9yIGtlcm5lbCBpbiAva2VybmVsL2kzODYtcmFuZGNvbmZpZy1pYjAtMDcy
NzE3MTUvNGQxOTU0MzQ3YzAwMGFmM2VlMzc2NjFkYzNhY2ZlMGFlOGY1OTM0OAp3YWl0aW5n
IGZvciBjb21wbGV0aW9uIG9mIC9rYnVpbGQtdGVzdHMvYnVpbGQtcXVldWUvaTM4Ni1yYW5k
Y29uZmlnLWliMC0wNzI3MTcxNS00ZDE5NTQzNDdjMDAwYWYzZWUzNzY2MWRjM2FjZmUwYWU4
ZjU5MzQ4Cmtlcm5lbDogL2tlcm5lbC9pMzg2LXJhbmRjb25maWctaWIwLTA3MjcxNzE1LzRk
MTk1NDM0N2MwMDBhZjNlZTM3NjYxZGMzYWNmZTBhZThmNTkzNDgvdm1saW51ei0zLjE2LjAt
cmM2LTA4Mzg2LWc0ZDE5NTQzCgoyMDE0LTA3LTI3LTE4OjEzOjM4IGRldGVjdGluZyBib290
IHN0YXRlIC4uLgkzCTMwIFNVQ0NFU1MKCkJpc2VjdGluZzogNTE2IHJldmlzaW9ucyBsZWZ0
IHRvIHRlc3QgYWZ0ZXIgdGhpcyAocm91Z2hseSAxMCBzdGVwcykKWzU5MGRlYjE0NjdjY2Q1
Yjg5YTQwNDQxNTQyZWVkOTRhMjBmZGU5Y2RdIE1lcmdlIGJyYW5jaCAnYWtwbS1jdXJyZW50
L2N1cnJlbnQnCnJ1bm5pbmcgL2Mva2VybmVsLXRlc3RzL2Jpc2VjdC10ZXN0LWJvb3QtZmFp
bHVyZS5zaCAvYy9ib290LWJpc2VjdC9saW51eDUvb2JqLWJpc2VjdApscyAtYSAva2J1aWxk
LXRlc3RzL3J1bi1xdWV1ZS9rdm0vaTM4Ni1yYW5kY29uZmlnLWliMC0wNzI3MTcxNS9uZXh0
Om1hc3Rlcjo1OTBkZWIxNDY3Y2NkNWI4OWE0MDQ0MTU0MmVlZDk0YTIwZmRlOWNkOmJpc2Vj
dC1saW51eDUKCjIwMTQtMDctMjctMTg6MTc6MTUgNTkwZGViMTQ2N2NjZDViODlhNDA0NDE1
NDJlZWQ5NGEyMGZkZTljZCBjb21waWxpbmcKUXVldWVkIGJ1aWxkIHRhc2sgdG8gL2tidWls
ZC10ZXN0cy9idWlsZC1xdWV1ZS9pMzg2LXJhbmRjb25maWctaWIwLTA3MjcxNzE1LTU5MGRl
YjE0NjdjY2Q1Yjg5YTQwNDQxNTQyZWVkOTRhMjBmZGU5Y2QKQ2hlY2sgZm9yIGtlcm5lbCBp
biAva2VybmVsL2kzODYtcmFuZGNvbmZpZy1pYjAtMDcyNzE3MTUvNTkwZGViMTQ2N2NjZDVi
ODlhNDA0NDE1NDJlZWQ5NGEyMGZkZTljZAp3YWl0aW5nIGZvciBjb21wbGV0aW9uIG9mIC9r
YnVpbGQtdGVzdHMvYnVpbGQtcXVldWUvaTM4Ni1yYW5kY29uZmlnLWliMC0wNzI3MTcxNS01
OTBkZWIxNDY3Y2NkNWI4OWE0MDQ0MTU0MmVlZDk0YTIwZmRlOWNkCmtlcm5lbDogL2tlcm5l
bC9pMzg2LXJhbmRjb25maWctaWIwLTA3MjcxNzE1LzU5MGRlYjE0NjdjY2Q1Yjg5YTQwNDQx
NTQyZWVkOTRhMjBmZGU5Y2Qvdm1saW51ei0zLjE2LjAtcmM2LTA4ODA1LWc1OTBkZWIxCgoy
MDE0LTA3LTI3LTE4OjE5OjE1IGRldGVjdGluZyBib290IHN0YXRlIC4uCTIJMzAgU1VDQ0VT
UwoKQmlzZWN0aW5nOiA5NyByZXZpc2lvbnMgbGVmdCB0byB0ZXN0IGFmdGVyIHRoaXMgKHJv
dWdobHkgNyBzdGVwcykKW2ExN2Y1ZWJjMWY2NjVmNzYzMDhkYmY4ZDJhMjk0YmRlY2EyODQ1
MTVdIE1lcmdlIGJyYW5jaCAnYWtwbS9tYXN0ZXInCnJ1bm5pbmcgL2Mva2VybmVsLXRlc3Rz
L2Jpc2VjdC10ZXN0LWJvb3QtZmFpbHVyZS5zaCAvYy9ib290LWJpc2VjdC9saW51eDUvb2Jq
LWJpc2VjdApscyAtYSAva2J1aWxkLXRlc3RzL3J1bi1xdWV1ZS9rdm0vaTM4Ni1yYW5kY29u
ZmlnLWliMC0wNzI3MTcxNS9uZXh0Om1hc3RlcjphMTdmNWViYzFmNjY1Zjc2MzA4ZGJmOGQy
YTI5NGJkZWNhMjg0NTE1OmJpc2VjdC1saW51eDUKCjIwMTQtMDctMjctMTg6MjM6MDEgYTE3
ZjVlYmMxZjY2NWY3NjMwOGRiZjhkMmEyOTRiZGVjYTI4NDUxNSBjb21waWxpbmcKUXVldWVk
IGJ1aWxkIHRhc2sgdG8gL2tidWlsZC10ZXN0cy9idWlsZC1xdWV1ZS9pMzg2LXJhbmRjb25m
aWctaWIwLTA3MjcxNzE1LWExN2Y1ZWJjMWY2NjVmNzYzMDhkYmY4ZDJhMjk0YmRlY2EyODQ1
MTUKQ2hlY2sgZm9yIGtlcm5lbCBpbiAva2VybmVsL2kzODYtcmFuZGNvbmZpZy1pYjAtMDcy
NzE3MTUvYTE3ZjVlYmMxZjY2NWY3NjMwOGRiZjhkMmEyOTRiZGVjYTI4NDUxNQp3YWl0aW5n
IGZvciBjb21wbGV0aW9uIG9mIC9rYnVpbGQtdGVzdHMvYnVpbGQtcXVldWUvaTM4Ni1yYW5k
Y29uZmlnLWliMC0wNzI3MTcxNS1hMTdmNWViYzFmNjY1Zjc2MzA4ZGJmOGQyYTI5NGJkZWNh
Mjg0NTE1CndhaXRpbmcgZm9yIGNvbXBsZXRpb24gb2YgL2tidWlsZC10ZXN0cy9idWlsZC1x
dWV1ZS9sa3AtaHN4MDEtY29uc3VtZXIvaTM4Ni1yYW5kY29uZmlnLWliMC0wNzI3MTcxNS1h
MTdmNWViYzFmNjY1Zjc2MzA4ZGJmOGQyYTI5NGJkZWNhMjg0NTE1Cmtlcm5lbDogL2tlcm5l
bC9pMzg2LXJhbmRjb25maWctaWIwLTA3MjcxNzE1L2ExN2Y1ZWJjMWY2NjVmNzYzMDhkYmY4
ZDJhMjk0YmRlY2EyODQ1MTUvdm1saW51ei0zLjE2LjAtcmM2LTA4OTAxLWdhMTdmNWViCgoy
MDE0LTA3LTI3LTE4OjI2OjAxIGRldGVjdGluZyBib290IHN0YXRlIC4JMwk5CTMwIFNVQ0NF
U1MKCjVhNzQzOWVmZDFjNWM0MTZmNzY4ZmM1NTAwNDhjYTEzMGNmNGJmOTkgaXMgdGhlIGZp
cnN0IGJhZCBjb21taXQKY29tbWl0IDVhNzQzOWVmZDFjNWM0MTZmNzY4ZmM1NTAwNDhjYTEz
MGNmNGJmOTkKQXV0aG9yOiAgICAgU3RlcGhlbiBSb3Rod2VsbCA8c2ZyQGNhbmIuYXV1Zy5v
cmcuYXU+CkF1dGhvckRhdGU6IEZyaSBKdWwgMjUgMjA6MDg6MTMgMjAxNCArMTAwMApDb21t
aXQ6ICAgICBTdGVwaGVuIFJvdGh3ZWxsIDxzZnJAY2FuYi5hdXVnLm9yZy5hdT4KQ29tbWl0
RGF0ZTogRnJpIEp1bCAyNSAyMDowODoxMyAyMDE0ICsxMDAwCgogICAgQWRkIGxpbnV4LW5l
eHQgc3BlY2lmaWMgZmlsZXMgZm9yIDIwMTQwNzI1CiAgICAKICAgIFNpZ25lZC1vZmYtYnk6
IFN0ZXBoZW4gUm90aHdlbGwgPHNmckBjYW5iLmF1dWcub3JnLmF1PgoKIE5leHQvU0hBMXMg
ICAgICAgICAgICB8ICAgMjI3ICsKIE5leHQvVHJlZXMgICAgICAgICAgICB8ICAgMjI5ICsK
IE5leHQvbWVyZ2UubG9nICAgICAgICB8IDEyNzA3ICsrKysrKysrKysrKysrKysrKysrKysr
KysrKysrKysrKysrKysrKysrKysrKysrKwogTmV4dC9xdWlsdC1pbXBvcnQubG9nIHwgICAg
IDQgKwogbG9jYWx2ZXJzaW9uLW5leHQgICAgIHwgICAgIDEgKwogNSBmaWxlcyBjaGFuZ2Vk
LCAxMzE2OCBpbnNlcnRpb25zKCspCkhFQUQgaXMgbm93IGF0IGExN2Y1ZWIuLi4gTWVyZ2Ug
YnJhbmNoICdha3BtL21hc3RlcicKbHMgLWEgL2tidWlsZC10ZXN0cy9ydW4tcXVldWUva3Zt
L2kzODYtcmFuZGNvbmZpZy1pYjAtMDcyNzE3MTUvbmV4dDptYXN0ZXI6YTE3ZjVlYmMxZjY2
NWY3NjMwOGRiZjhkMmEyOTRiZGVjYTI4NDUxNTpiaXNlY3QtbGludXg1CgoyMDE0LTA3LTI3
LTE4OjI4OjAyIGExN2Y1ZWJjMWY2NjVmNzYzMDhkYmY4ZDJhMjk0YmRlY2EyODQ1MTUgcmV1
c2UgL2tlcm5lbC9pMzg2LXJhbmRjb25maWctaWIwLTA3MjcxNzE1L2ExN2Y1ZWJjMWY2NjVm
NzYzMDhkYmY4ZDJhMjk0YmRlY2EyODQ1MTUvdm1saW51ei0zLjE2LjAtcmM2LTA4OTAxLWdh
MTdmNWViCgoyMDE0LTA3LTI3LTE4OjI4OjAyIGRldGVjdGluZyBib290IHN0YXRlIC4uLi4u
Li4uCTMzIFRFU1QgRkFJTFVSRQpbICAgMTYuMDg4Nzg1XSByYW5kb206IGluaXQgdXJhbmRv
bSByZWFkIHdpdGggMTAgYml0cyBvZiBlbnRyb3B5IGF2YWlsYWJsZQpbICAgMTYuMTU1MjUw
XSBod2Nsb2NrICgxNTUpIHVzZWQgZ3JlYXRlc3Qgc3RhY2sgZGVwdGg6IDU5ODggYnl0ZXMg
bGVmdAoKQlVHOiBrZXJuZWwgYm9vdCBoYW5nCkVsYXBzZWQgdGltZTogMzUKcWVtdS1zeXN0
ZW0teDg2XzY0IC1jcHUga3ZtNjQgLWVuYWJsZS1rdm0gLWtlcm5lbCAva2VybmVsL2kzODYt
cmFuZGNvbmZpZy1pYjAtMDcyNzE3MTUvYTE3ZjVlYmMxZjY2NWY3NjMwOGRiZjhkMmEyOTRi
ZGVjYTI4NDUxNS92bWxpbnV6LTMuMTYuMC1yYzYtMDg5MDEtZ2ExN2Y1ZWIgLWFwcGVuZCAn
aHVuZ190YXNrX3BhbmljPTEgZWFybHlwcmludGs9dHR5UzAsMTE1MjAwIGRlYnVnIGFwaWM9
ZGVidWcgc3lzcnFfYWx3YXlzX2VuYWJsZWQgcmN1cGRhdGUucmN1X2NwdV9zdGFsbF90aW1l
b3V0PTEwMCBwYW5pYz0xMCBzb2Z0bG9ja3VwX3BhbmljPTEgbm1pX3dhdGNoZG9nPXBhbmlj
ICBwcm9tcHRfcmFtZGlzaz0wIGNvbnNvbGU9dHR5UzAsMTE1MjAwIGNvbnNvbGU9dHR5MCB2
Z2E9bm9ybWFsICByb290PS9kZXYvcmFtMCBydyBsaW5rPS9rYnVpbGQtdGVzdHMvcnVuLXF1
ZXVlL2t2bS9pMzg2LXJhbmRjb25maWctaWIwLTA3MjcxNzE1L25leHQ6bWFzdGVyOmExN2Y1
ZWJjMWY2NjVmNzYzMDhkYmY4ZDJhMjk0YmRlY2EyODQ1MTU6YmlzZWN0LWxpbnV4NS8udm1s
aW51ei1hMTdmNWViYzFmNjY1Zjc2MzA4ZGJmOGQyYTI5NGJkZWNhMjg0NTE1LTIwMTQwNzI3
MTgyODAyLTE4LWl2YjQzIGJyYW5jaD1uZXh0L21hc3RlciBCT09UX0lNQUdFPS9rZXJuZWwv
aTM4Ni1yYW5kY29uZmlnLWliMC0wNzI3MTcxNS9hMTdmNWViYzFmNjY1Zjc2MzA4ZGJmOGQy
YTI5NGJkZWNhMjg0NTE1L3ZtbGludXotMy4xNi4wLXJjNi0wODkwMS1nYTE3ZjVlYiBkcmJk
Lm1pbm9yX2NvdW50PTgnICAtaW5pdHJkIC9rZXJuZWwtdGVzdHMvaW5pdHJkL3F1YW50YWwt
Y29yZS1pMzg2LmNneiAtbSAzMjAgLXNtcCAyIC1uZXQgbmljLHZsYW49MSxtb2RlbD1lMTAw
MCAtbmV0IHVzZXIsdmxhbj0xIC1ib290IG9yZGVyPW5jIC1uby1yZWJvb3QgLXdhdGNoZG9n
IGk2MzAwZXNiIC1ydGMgYmFzZT1sb2NhbHRpbWUgLXBpZGZpbGUgL2Rldi9zaG0va2Jvb3Qv
cGlkLXF1YW50YWwtaXZiNDMtMzAgLXNlcmlhbCBmaWxlOi9kZXYvc2htL2tib290L3Nlcmlh
bC1xdWFudGFsLWl2YjQzLTMwIC1kYWVtb25pemUgLWRpc3BsYXkgbm9uZSAtbW9uaXRvciBu
dWxsIAova2VybmVsL2kzODYtcmFuZGNvbmZpZy1pYjAtMDcyNzE3MTUvYTE3ZjVlYmMxZjY2
NWY3NjMwOGRiZjhkMmEyOTRiZGVjYTI4NDUxNS9kbWVzZy1xdWFudGFsLWtidWlsZC0yMjoy
MDE0MDcyNzE4MzAwOTppMzg2LXJhbmRjb25maWctaWIwLTA3MjcxNzE1OjMuMTYuMC1yYzYt
MDg5MDEtZ2ExN2Y1ZWI6OAozMDoxOjQgYWxsX2dvb2Q6YmFkOmFsbF9iYWQgYm9vdHMKG1sx
OzM1bTIwMTQtMDctMjcgMTg6MzI6MzMgUkVQRUFUIENPVU5UOiAzMDAgICMgL2MvYm9vdC1i
aXNlY3QvbGludXg1L29iai1iaXNlY3QvLnJlcGVhdBtbMG0KChtbMTszNW0yMDE0LTA3LTI3
IDE4OjMyOjMzIGJhZCBiaXNlY3QsIHJldHJ5IHdpdGggaW5jcmVhc2VkIHJlcGVhdCBjb3Vu
dCA5MBtbMG0KUHJldmlvdXMgSEVBRCBwb3NpdGlvbiB3YXMgYTE3ZjVlYi4uLiBNZXJnZSBi
cmFuY2ggJ2FrcG0vbWFzdGVyJwpIRUFEIGlzIG5vdyBhdCA1YTc0MzllLi4uIEFkZCBsaW51
eC1uZXh0IHNwZWNpZmljIGZpbGVzIGZvciAyMDE0MDcyNQpnaXQgY2hlY2tvdXQgOWEzYzQx
NDVhZjMyMTI1YzVlZTM5YzAyNzI2NjJiNDczMDdhODMyMwpscyAtYSAva2J1aWxkLXRlc3Rz
L3J1bi1xdWV1ZS9rdm0vaTM4Ni1yYW5kY29uZmlnLWliMC0wNzI3MTcxNS9uZXh0Om1hc3Rl
cjo5YTNjNDE0NWFmMzIxMjVjNWVlMzljMDI3MjY2MmI0NzMwN2E4MzIzOmJpc2VjdC1saW51
eDUKCjIwMTQtMDctMjctMTg6MzU6MzQgOWEzYzQxNDVhZjMyMTI1YzVlZTM5YzAyNzI2NjJi
NDczMDdhODMyMyByZXVzZSAva2VybmVsL2kzODYtcmFuZGNvbmZpZy1pYjAtMDcyNzE3MTUv
OWEzYzQxNDVhZjMyMTI1YzVlZTM5YzAyNzI2NjJiNDczMDdhODMyMy92bWxpbnV6LTMuMTYu
MC1yYzYKCjIwMTQtMDctMjctMTg6MzU6MzQgZGV0ZWN0aW5nIGJvb3Qgc3RhdGUgLi4uLi4u
Li4JNDIJNTUJNTgJNjgJNzUJNzgJODkJOTEJOTYJMTExCTExNgkxMTcuLi4JMTIxCTEzMgkx
NDgJMTcwCTE3MwkxOTcJMjA0CTIwNwkyMjgJMjQxCTI0Mi4JMjQzCTI0NC4JMjU5CTI2MC4u
LgkyODEJMjkxLgkzMDAgU1VDQ0VTUwoKYmlzZWN0OiBnb29kIGNvbW1pdCA5YTNjNDE0NWFm
MzIxMjVjNWVlMzljMDI3MjY2MmI0NzMwN2E4MzIzCmdpdCBiaXNlY3Qgc3RhcnQgNWE3NDM5
ZWZkMWM1YzQxNmY3NjhmYzU1MDA0OGNhMTMwY2Y0YmY5OSA5YTNjNDE0NWFmMzIxMjVjNWVl
MzljMDI3MjY2MmI0NzMwN2E4MzIzIC0tCi9jL2tlcm5lbC10ZXN0cy9saW5lYXItYmlzZWN0
OiBbIi1iIiwgIjVhNzQzOWVmZDFjNWM0MTZmNzY4ZmM1NTAwNDhjYTEzMGNmNGJmOTkiLCAi
LWciLCAiOWEzYzQxNDVhZjMyMTI1YzVlZTM5YzAyNzI2NjJiNDczMDdhODMyMyIsICIvYy9r
ZXJuZWwtdGVzdHMvYmlzZWN0LXRlc3QtYm9vdC1mYWlsdXJlLnNoIiwgIi9jL2Jvb3QtYmlz
ZWN0L2xpbnV4NS9vYmotYmlzZWN0Il0KQmlzZWN0aW5nOiA4OTAzIHJldmlzaW9ucyBsZWZ0
IHRvIHRlc3QgYWZ0ZXIgdGhpcyAocm91Z2hseSAxNCBzdGVwcykKWzM4ZWZhZDlhZjgxZDE0
NWYwN2Y1OTJmNjE4Yzc2Yzc4Y2YxNDFlNWJdIE1lcmdlIHJlbW90ZS10cmFja2luZyBicmFu
Y2ggJ2xpYmF0YS9mb3ItbmV4dCcKcnVubmluZyAvYy9rZXJuZWwtdGVzdHMvYmlzZWN0LXRl
c3QtYm9vdC1mYWlsdXJlLnNoIC9jL2Jvb3QtYmlzZWN0L2xpbnV4NS9vYmotYmlzZWN0Cmxz
IC1hIC9rYnVpbGQtdGVzdHMvcnVuLXF1ZXVlL2t2bS9pMzg2LXJhbmRjb25maWctaWIwLTA3
MjcxNzE1L25leHQ6bWFzdGVyOjM4ZWZhZDlhZjgxZDE0NWYwN2Y1OTJmNjE4Yzc2Yzc4Y2Yx
NDFlNWI6YmlzZWN0LWxpbnV4NQoKMjAxNC0wNy0yNy0xOTowMDoyNSAzOGVmYWQ5YWY4MWQx
NDVmMDdmNTkyZjYxOGM3NmM3OGNmMTQxZTViIHJldXNlIC9rZXJuZWwvaTM4Ni1yYW5kY29u
ZmlnLWliMC0wNzI3MTcxNS8zOGVmYWQ5YWY4MWQxNDVmMDdmNTkyZjYxOGM3NmM3OGNmMTQx
ZTViL3ZtbGludXotMy4xNi4wLXJjNi0wMjE2NC1nMzhlZmFkOQoKMjAxNC0wNy0yNy0xOTow
MDoyNSBkZXRlY3RpbmcgYm9vdCBzdGF0ZSAuLi4uLgkzMQk2OQk5NAk5NgkxMjIJMTI5CTE0
OQkxOTgJMjA3CTI1MAkyNTYJMjg1CTMwMCBTVUNDRVNTCgpCaXNlY3Rpbmc6IDY3MzggcmV2
aXNpb25zIGxlZnQgdG8gdGVzdCBhZnRlciB0aGlzIChyb3VnaGx5IDEzIHN0ZXBzKQpbN2Vk
OGFjY2JlMWQwNjFlMWRmZTRjZTdhODY4MTQ5NTU5NWViZTFkYV0gbmV4dC0yMDE0MDcyNC90
aXAKcnVubmluZyAvYy9rZXJuZWwtdGVzdHMvYmlzZWN0LXRlc3QtYm9vdC1mYWlsdXJlLnNo
IC9jL2Jvb3QtYmlzZWN0L2xpbnV4NS9vYmotYmlzZWN0CmxzIC1hIC9rYnVpbGQtdGVzdHMv
cnVuLXF1ZXVlL2t2bS9pMzg2LXJhbmRjb25maWctaWIwLTA3MjcxNzE1L25leHQ6bWFzdGVy
OjdlZDhhY2NiZTFkMDYxZTFkZmU0Y2U3YTg2ODE0OTU1OTVlYmUxZGE6YmlzZWN0LWxpbnV4
NQoKMjAxNC0wNy0yNy0xOToxMjo0NCA3ZWQ4YWNjYmUxZDA2MWUxZGZlNGNlN2E4NjgxNDk1
NTk1ZWJlMWRhIHJldXNlIC9rZXJuZWwvaTM4Ni1yYW5kY29uZmlnLWliMC0wNzI3MTcxNS83
ZWQ4YWNjYmUxZDA2MWUxZGZlNGNlN2E4NjgxNDk1NTk1ZWJlMWRhL3ZtbGludXotMy4xNi4w
LXJjNi0wNTM3My1nN2VkOGFjYwoKMjAxNC0wNy0yNy0xOToxMjo0NCBkZXRlY3RpbmcgYm9v
dCBzdGF0ZSAuLi4JMzYJNDkJNzMJODYJMTA4CTE3NQkyMDkJMjMxCTI5NQkzMDAgU1VDQ0VT
UwoKQmlzZWN0aW5nOiAzNTI5IHJldmlzaW9ucyBsZWZ0IHRvIHRlc3QgYWZ0ZXIgdGhpcyAo
cm91Z2hseSAxMiBzdGVwcykKWzdkM2NlMDQ5MzM0N2MwMTc2YjM3ZDg3N2JlMWJjMjIwNGMy
MzE0YjRdIE1lcmdlIHJlbW90ZS10cmFja2luZyBicmFuY2ggJ3N0YWdpbmcvc3RhZ2luZy1u
ZXh0JwpydW5uaW5nIC9jL2tlcm5lbC10ZXN0cy9iaXNlY3QtdGVzdC1ib290LWZhaWx1cmUu
c2ggL2MvYm9vdC1iaXNlY3QvbGludXg1L29iai1iaXNlY3QKbHMgLWEgL2tidWlsZC10ZXN0
cy9ydW4tcXVldWUva3ZtL2kzODYtcmFuZGNvbmZpZy1pYjAtMDcyNzE3MTUvbmV4dDptYXN0
ZXI6N2QzY2UwNDkzMzQ3YzAxNzZiMzdkODc3YmUxYmMyMjA0YzIzMTRiNDpiaXNlY3QtbGlu
dXg1CgoyMDE0LTA3LTI3LTE5OjIyOjE1IDdkM2NlMDQ5MzM0N2MwMTc2YjM3ZDg3N2JlMWJj
MjIwNGMyMzE0YjQgcmV1c2UgL2tlcm5lbC9pMzg2LXJhbmRjb25maWctaWIwLTA3MjcxNzE1
LzdkM2NlMDQ5MzM0N2MwMTc2YjM3ZDg3N2JlMWJjMjIwNGMyMzE0YjQvdm1saW51ei0zLjE2
LjAtcmM2LTA3OTE3LWc3ZDNjZTA0CgoyMDE0LTA3LTI3LTE5OjIyOjI5IGRldGVjdGluZyBi
b290IHN0YXRlIC4uCTQzCTEzNAkyMTAJMjUwCTMwMCBTVUNDRVNTCgpCaXNlY3Rpbmc6IDk4
NSByZXZpc2lvbnMgbGVmdCB0byB0ZXN0IGFmdGVyIHRoaXMgKHJvdWdobHkgMTAgc3RlcHMp
Cls1NTBjNWRhZWM0ZjM0M2ZmYWYxYTFlMDY5ZTFmNDcyNzVlMTJiMzY5XSBNZXJnZSByZW1v
dGUtdHJhY2tpbmcgYnJhbmNoICdrdGVzdC9mb3ItbmV4dCcKcnVubmluZyAvYy9rZXJuZWwt
dGVzdHMvYmlzZWN0LXRlc3QtYm9vdC1mYWlsdXJlLnNoIC9jL2Jvb3QtYmlzZWN0L2xpbnV4
NS9vYmotYmlzZWN0CmxzIC1hIC9rYnVpbGQtdGVzdHMvcnVuLXF1ZXVlL2t2bS9pMzg2LXJh
bmRjb25maWctaWIwLTA3MjcxNzE1L25leHQ6bWFzdGVyOjU1MGM1ZGFlYzRmMzQzZmZhZjFh
MWUwNjllMWY0NzI3NWUxMmIzNjk6YmlzZWN0LWxpbnV4NQoKMjAxNC0wNy0yNy0xOToyNjow
MiA1NTBjNWRhZWM0ZjM0M2ZmYWYxYTFlMDY5ZTFmNDcyNzVlMTJiMzY5IHJldXNlIC9rZXJu
ZWwvaTM4Ni1yYW5kY29uZmlnLWliMC0wNzI3MTcxNS81NTBjNWRhZWM0ZjM0M2ZmYWYxYTFl
MDY5ZTFmNDcyNzVlMTJiMzY5L3ZtbGludXotMy4xNi4wLXJjNi0wODI4Mi1nNTUwYzVkYWUK
CjIwMTQtMDctMjctMTk6MjY6MDIgZGV0ZWN0aW5nIGJvb3Qgc3RhdGUgLi4JMTYzCTI5Nwkz
MDAgU1VDQ0VTUwoKQmlzZWN0aW5nOiA2MjAgcmV2aXNpb25zIGxlZnQgdG8gdGVzdCBhZnRl
ciB0aGlzIChyb3VnaGx5IDEwIHN0ZXBzKQpbZGQ3MzE0YmVhZGVkNTIzYWZmZjg0NDRmYThk
NDcxNDQ2ZmIyNzE3Ml0gTWVyZ2UgYnJhbmNoICdyZC1kb2NzL21hc3RlcicKcnVubmluZyAv
Yy9rZXJuZWwtdGVzdHMvYmlzZWN0LXRlc3QtYm9vdC1mYWlsdXJlLnNoIC9jL2Jvb3QtYmlz
ZWN0L2xpbnV4NS9vYmotYmlzZWN0CmxzIC1hIC9rYnVpbGQtdGVzdHMvcnVuLXF1ZXVlL2t2
bS9pMzg2LXJhbmRjb25maWctaWIwLTA3MjcxNzE1L25leHQ6bWFzdGVyOmRkNzMxNGJlYWRl
ZDUyM2FmZmY4NDQ0ZmE4ZDQ3MTQ0NmZiMjcxNzI6YmlzZWN0LWxpbnV4NQoKMjAxNC0wNy0y
Ny0xOToyODo0NyBkZDczMTRiZWFkZWQ1MjNhZmZmODQ0NGZhOGQ0NzE0NDZmYjI3MTcyIHJl
dXNlIC9rZXJuZWwvaTM4Ni1yYW5kY29uZmlnLWliMC0wNzI3MTcxNS9kZDczMTRiZWFkZWQ1
MjNhZmZmODQ0NGZhOGQ0NzE0NDZmYjI3MTcyL3ZtbGludXotMy4xNi4wLXJjNi0wODM0Mi1n
ZGQ3MzE0YgoKMjAxNC0wNy0yNy0xOToyODo0NyBkZXRlY3RpbmcgYm9vdCBzdGF0ZSAuCTU5
CTEwMAkxOTgJMjc4CTMwMCBTVUNDRVNTCgpCaXNlY3Rpbmc6IDU2MSByZXZpc2lvbnMgbGVm
dCB0byB0ZXN0IGFmdGVyIHRoaXMgKHJvdWdobHkgMTAgc3RlcHMpCls0ZDE5NTQzNDdjMDAw
YWYzZWUzNzY2MWRjM2FjZmUwYWU4ZjU5MzQ4XSBQS0NTIzc6IGluY2x1ZGUgbGludXgtZXJy
LmggZm9yIFBUUl9FUlIgYW5kIElTX0VSUgpydW5uaW5nIC9jL2tlcm5lbC10ZXN0cy9iaXNl
Y3QtdGVzdC1ib290LWZhaWx1cmUuc2ggL2MvYm9vdC1iaXNlY3QvbGludXg1L29iai1iaXNl
Y3QKbHMgLWEgL2tidWlsZC10ZXN0cy9ydW4tcXVldWUva3ZtL2kzODYtcmFuZGNvbmZpZy1p
YjAtMDcyNzE3MTUvbmV4dDptYXN0ZXI6NGQxOTU0MzQ3YzAwMGFmM2VlMzc2NjFkYzNhY2Zl
MGFlOGY1OTM0ODpiaXNlY3QtbGludXg1CgoyMDE0LTA3LTI3LTE5OjMzOjMyIDRkMTk1NDM0
N2MwMDBhZjNlZTM3NjYxZGMzYWNmZTBhZThmNTkzNDggcmV1c2UgL2tlcm5lbC9pMzg2LXJh
bmRjb25maWctaWIwLTA3MjcxNzE1LzRkMTk1NDM0N2MwMDBhZjNlZTM3NjYxZGMzYWNmZTBh
ZThmNTkzNDgvdm1saW51ei0zLjE2LjAtcmM2LTA4Mzg2LWc0ZDE5NTQzCgoyMDE0LTA3LTI3
LTE5OjMzOjUyIGRldGVjdGluZyBib290IHN0YXRlIC4uCTM0CTYzCTgwCTg1CTkzCTk4CTEw
MgkxMDYJMTE2CTExOQkxMjYJMTMzCTE1MgkxNjAJMTY3CTE3MQkxODQJMTkyCTIwMgkyMDgJ
MjE1CTIxOAkyMzMJMjM1CTIzOQkyNDUJMjUwCTI2MAkyNjMJMjY2CTI3NwkyODQJMjkxCTI5
NgkyOTgJMzAwIFNVQ0NFU1MKCkJpc2VjdGluZzogNTE2IHJldmlzaW9ucyBsZWZ0IHRvIHRl
c3QgYWZ0ZXIgdGhpcyAocm91Z2hseSAxMCBzdGVwcykKWzU5MGRlYjE0NjdjY2Q1Yjg5YTQw
NDQxNTQyZWVkOTRhMjBmZGU5Y2RdIE1lcmdlIGJyYW5jaCAnYWtwbS1jdXJyZW50L2N1cnJl
bnQnCnJ1bm5pbmcgL2Mva2VybmVsLXRlc3RzL2Jpc2VjdC10ZXN0LWJvb3QtZmFpbHVyZS5z
aCAvYy9ib290LWJpc2VjdC9saW51eDUvb2JqLWJpc2VjdApscyAtYSAva2J1aWxkLXRlc3Rz
L3J1bi1xdWV1ZS9rdm0vaTM4Ni1yYW5kY29uZmlnLWliMC0wNzI3MTcxNS9uZXh0Om1hc3Rl
cjo1OTBkZWIxNDY3Y2NkNWI4OWE0MDQ0MTU0MmVlZDk0YTIwZmRlOWNkOmJpc2VjdC1saW51
eDUKCjIwMTQtMDctMjctMTk6NTM6MjggNTkwZGViMTQ2N2NjZDViODlhNDA0NDE1NDJlZWQ5
NGEyMGZkZTljZCByZXVzZSAva2VybmVsL2kzODYtcmFuZGNvbmZpZy1pYjAtMDcyNzE3MTUv
NTkwZGViMTQ2N2NjZDViODlhNDA0NDE1NDJlZWQ5NGEyMGZkZTljZC92bWxpbnV6LTMuMTYu
MC1yYzYtMDg4MDUtZzU5MGRlYjEKCjIwMTQtMDctMjctMTk6NTM6MjggZGV0ZWN0aW5nIGJv
b3Qgc3RhdGUgLi4gVEVTVCBGQUlMVVJFClsgICAxNS4zODM5NDVdIHJhbmRvbTogaW5pdCB1
cmFuZG9tIHJlYWQgd2l0aCAxMSBiaXRzIG9mIGVudHJvcHkgYXZhaWxhYmxlClsgICAxNS40
MzQ3NjddIGh3Y2xvY2sgKDE2OCkgdXNlZCBncmVhdGVzdCBzdGFjayBkZXB0aDogNjM2NCBi
eXRlcyBsZWZ0ClsgICAxNS40NDAxMjNdIHBseW1vdXRoZCAoMTY2KSB1c2VkIGdyZWF0ZXN0
IHN0YWNrIGRlcHRoOiA2MjkyIGJ5dGVzIGxlZnQKWyAgIDE2LjM0MzQ0OF0gQlVHOiB1c2lu
ZyBzbXBfcHJvY2Vzc29yX2lkKCkgaW4gcHJlZW1wdGlibGUgWzAwMDAwMDAwXSBjb2RlOiBr
d29ya2VyLzA6MS8zNgpbICAgMTYuMzQ0MzQ5XSBjYWxsZXIgaXMgZGVidWdfc21wX3Byb2Nl
c3Nvcl9pZCsweDEyLzB4MjAKWyAgIDE2LjM0NDkyNl0gQ1BVOiAxIFBJRDogMzYgQ29tbTog
a3dvcmtlci8wOjEgTm90IHRhaW50ZWQgMy4xNi4wLXJjNi0wODgwNS1nNTkwZGViMSAjNwpb
ICAgMTYuMzQ1NzY3XSBIYXJkd2FyZSBuYW1lOiBCb2NocyBCb2NocywgQklPUyBCb2NocyAw
MS8wMS8yMDExClsgICAxNi4zNDYzOTNdIFdvcmtxdWV1ZTogZXZlbnRzIHZtc3RhdF91cGRh
dGUKWyAgIDE2LjM0NjkxNl0gIDAwMDAwMDAxIDkxNGZkZTQ0IDgyOTE5NjQ2IDAwMDAwMDAw
IDAwMDAwMDAxIDgzMTlkYzc5IDkxNGZkZTc0IDgxNzZjNTY0ClsgICAxNi4zNDc4OTldICA4
MzFhYjc0YyA4MzFhYTdhNyA4MzE5ZGM3OSAwMDAwMDAwMCA5MTRmMTkyNCAwMDAwMDAyNCA4
MzFhYTdhNyA4M2M0NDMyMApbICAgMTYuMzQ4ODc0XSAgMDAwMDAxMjkgOTE0ZGQ4YTAgOTE0
ZmRlN2MgODE3NmM1OTIgOTE0ZmRlOTAgODExYTkyMzAgMDAwMDAwMDAgOTIzNzkzMjAKWyAg
IDE2LjM0OTg0NF0gQ2FsbCBUcmFjZToKWyAgIDE2LjM1MDE3MF0gIFs8ODI5MTk2NDY+XSBk
dW1wX3N0YWNrKzB4N2YvMHhmMwpbICAgMTYuMzUwNjY4XSAgWzw4MTc2YzU2ND5dIGNoZWNr
X3ByZWVtcHRpb25fZGlzYWJsZWQrMHgxNjQvMHgxODAKWyAgIDE2LjM1MTMwNV0gIFs8ODE3
NmM1OTI+XSBkZWJ1Z19zbXBfcHJvY2Vzc29yX2lkKzB4MTIvMHgyMApbICAgMTYuMzUxOTAz
XSAgWzw4MTFhOTIzMD5dIHZtc3RhdF91cGRhdGUrMHg0MC8weDgwClsgICAxNi4zNTI0MzBd
