Return-Path: <owner-linux-mm@kvack.org>
Received: from mail-pg0-f69.google.com (mail-pg0-f69.google.com [74.125.83.69])
	by kanga.kvack.org (Postfix) with ESMTP id 80C236B0007
	for <linux-mm@kvack.org>; Thu, 19 Apr 2018 01:50:21 -0400 (EDT)
Received: by mail-pg0-f69.google.com with SMTP id n5so1068750pgq.3
        for <linux-mm@kvack.org>; Wed, 18 Apr 2018 22:50:21 -0700 (PDT)
Received: from mga11.intel.com (mga11.intel.com. [192.55.52.93])
        by mx.google.com with ESMTPS id d6si2420991pgn.48.2018.04.18.22.50.19
        for <linux-mm@kvack.org>
        (version=TLS1_2 cipher=ECDHE-RSA-AES128-GCM-SHA256 bits=128/128);
        Wed, 18 Apr 2018 22:50:20 -0700 (PDT)
Date: Thu, 19 Apr 2018 13:49:41 +0800
From: Fengguang Wu <fengguang.wu@intel.com>
Subject: WARNING: stack going in the wrong direction?
 ip=__schedule+0x489/0x830
Message-ID: <20180419054941.hpmfbyybqhlscghh@wfg-t540p.sh.intel.com>
MIME-Version: 1.0
Content-Type: multipart/mixed; boundary="55egzavp6tupoytm"
Content-Disposition: inline
Sender: owner-linux-mm@kvack.org
List-ID: <linux-mm.kvack.org>
To: linux-mm@kvack.org
Cc: Ingo Molnar <mingo@redhat.com>, Peter Zijlstra <peterz@infradead.org>, Linus Torvalds <torvalds@linux-foundation.org>, "Paul E. McKenney" <paulmck@linux.vnet.ibm.com>, Luca Abeni <luca.abeni@santannapisa.it>, Nicolas Pitre <nicolas.pitre@linaro.org>, "Steven Rostedt (VMware)" <rostedt@goodmis.org>, Mathieu Desnoyers <mathieu.desnoyers@efficios.com>, linux-kernel@vger.kernel.org, lkp@01.org, Andrew Morton <akpm@linux-foundation.org>, Michal Hocko <mhocko@suse.com>, =?utf-8?B?SsOpcsO0bWU=?= Glisse <jglisse@redhat.com>, Mel Gorman <mgorman@techsingularity.net>, Huang Ying <ying.huang@intel.com>, Ross Zwisler <ross.zwisler@linux.intel.com>, Minchan Kim <minchan@kernel.org>, Hugh Dickins <hughd@google.com>


--55egzavp6tupoytm
Content-Type: text/plain; charset=us-ascii
Content-Disposition: inline

Hello,

FYI this warning dates back to v4.16-rc5 . It's rather rare and often
happen together with other errors. For example,

[  168.976238] perf: interrupt took too long (10016 > 9973), lowering kernel.perf_event_max_sample_rate to 19000
[  171.793224] WARNING: stack going in the wrong direction? ip=__schedule+0x489/0x830
[  225.573912] BUG: Bad page map in process sort  pte:00000002 pmd:1b6303067
[  225.574302] addr:00000000efb51519 vm_flags:00000070 anon_vma:          (null) mapping:00000000c7c7d07a index:12f

[  171.556542] perf: interrupt took too long (9849 > 9811), lowering kernel.perf_event_max_sample_rate to 20000
[  172.667037] WARNING: stack going in the wrong direction? ip=sched_slice+0x51/0xa0
[  350.325279] BUG: Bad page map in process wc  pte:00000002 pmd:167b93067
[  350.325595] addr:0000000006ece489 vm_flags:00000070 anon_vma:          (null) mapping:00000000e8941173 index:1cd

[  133.751073] WARNING: stack going in the wrong direction? ip=__schedule+0x489/0x830
[  134.048965] perf: interrupt took too long (9682 > 9626), lowering kernel.perf_event_max_sample_rate to 20000
[  134.472390] perf: interrupt took too long (12178 > 12102), lowering kernel.perf_event_max_sample_rate to 16000
[  234.324541] 2018-04-17 16:08:50 umount /fs/pmem0
[  234.324546]
[  240.185400] WARNING: CPU: 0 PID: 6954 at kernel/workqueue.c:4142 destroy_workqueue+0x64/0x1e0

[  174.376074] perf: interrupt took too long (7722 > 7721), lowering kernel.perf_event_max_sample_rate to 25000
[  178.761072] WARNING: stack going in the wrong direction? ip=__schedule+0x489/0x830
[  304.683193] usemem invoked oom-killer: gfp_mask=0x15080c0(GFP_KERNEL_ACCOUNT|__GFP_ZERO), nodemask=(null), order=0, oom_score_adj=0

[   43.869050] perf: interrupt took too long (6180 > 6147), lowering kernel.perf_event_max_sample_rate to 32000
[   48.272805] perf: interrupt took too long (7733 > 7725), lowering kernel.perf_event_max_sample_rate to 25000
[   49.568211] WARNING: stack going in the wrong direction? ip=__slab_free+0x14b/0x2c0
[   53.576116] perf: page allocation failure: order:2, mode:0x108c020(GFP_ATOMIC|__GFP_COMP|__GFP_ZERO), nodemask=(null)

[  168.465169] perf: interrupt took too long (5016 > 4992), lowering kernel.perf_event_max_sample_rate to 39000
[  168.529886] perf: interrupt took too long (6301 > 6270), lowering kernel.perf_event_max_sample_rate to 31000
[  168.657802] perf: interrupt took too long (7979 > 7876), lowering kernel.perf_event_max_sample_rate to 25000
[  168.976238] perf: interrupt took too long (10016 > 9973), lowering kernel.perf_event_max_sample_rate to 19000
[  171.793224] WARNING: stack going in the wrong direction? ip=__schedule+0x489/0x830:
						perf_sw_event_sched at include/linux/perf_event.h:1062
						 (inlined by) perf_event_task_sched_out at include/linux/perf_event.h:1100
						 (inlined by) prepare_task_switch at kernel/sched/core.c:2636
						 (inlined by) context_switch at kernel/sched/core.c:2813
						 (inlined by) __schedule at kernel/sched/core.c:3490
[  225.573912] BUG: Bad page map in process sort  pte:00000002 pmd:1b6303067
[  225.574302] addr:00000000efb51519 vm_flags:00000070 anon_vma:          (null) mapping:00000000c7c7d07a index:12f
[  225.574820] file:libpthread-2.23.so fault:filemap_fault mmap:generic_file_mmap readpage:simple_readpage
[  225.575327] CPU: 5 PID: 29228 Comm: sort Not tainted 4.17.0-rc1 #1
[  225.575643] Hardware name: Dell Inc. Studio XPS 8000/0X231R, BIOS A01 08/11/2009
[  225.576038] Call Trace:
[  225.576207]  dump_stack+0x5c/0x7b:
						dump_stack at lib/dump_stack.c:115
[  225.576409]  print_bad_pte+0x1de/0x290:
						print_bad_pte at mm/memory.c:776 (discriminator 12)
[  225.576628]  unmap_page_range+0x803/0xa20:
						zap_pte_range at mm/memory.c:1384
						 (inlined by) zap_pmd_range at mm/memory.c:1441
						 (inlined by) zap_pud_range at mm/memory.c:1470
						 (inlined by) zap_p4d_range at mm/memory.c:1491
						 (inlined by) unmap_page_range at mm/memory.c:1512
[  225.576855]  unmap_vmas+0x4c/0xa0:
						unmap_vmas at mm/memory.c:1586 (discriminator 3)
[  225.577060]  exit_mmap+0x82/0x150:
						constant_test_bit at arch/x86/include/asm/bitops.h:328
						 (inlined by) mm_is_oom_victim at include/linux/oom.h:75
						 (inlined by) exit_mmap at mm/mmap.c:3040
[  225.577263]  mmput+0x67/0x160:
						__mmput at kernel/fork.c:963
						 (inlined by) mmput at kernel/fork.c:983
[  225.577453]  do_exit+0x2a5/0xb80:
						constant_test_bit at arch/x86/include/asm/bitops.h:328
						 (inlined by) test_ti_thread_flag at include/linux/thread_info.h:79
						 (inlined by) exit_mm at kernel/exit.c:545
						 (inlined by) do_exit at kernel/exit.c:852
[  225.577652]  ? __fput+0x18d/0x220:
						__fput at fs/file_table.c:229
[  225.577856]  ? _cond_resched+0x19/0x30:
						_cond_resched at kernel/sched/core.c:4982
[  225.578078]  do_group_exit+0x3a/0xa0:
						__read_once_size at include/linux/compiler.h:188
						 (inlined by) list_empty at include/linux/list.h:203
						 (inlined by) thread_group_empty at include/linux/sched/signal.h:594
						 (inlined by) do_group_exit at kernel/exit.c:953
[  225.578291]  __x64_sys_exit_group+0x14/0x20:
						__x64_sys_exit_group at kernel/exit.c:979
[  225.578528]  do_syscall_64+0x5b/0x180:
						do_syscall_64 at arch/x86/entry/common.c:287
[  225.578745]  entry_SYSCALL_64_after_hwframe+0x44/0xa9:
						entry_SYSCALL_64_after_hwframe at arch/x86/entry/entry_64.S:247
[  225.579017] RIP: 0033:0x7f36a8f501c8
[  225.579230] RSP: 002b:00007ffcf2d32458 EFLAGS: 00000246 ORIG_RAX: 00000000000000e7
[  225.579635] RAX: ffffffffffffffda RBX: 0000000000000000 RCX: 00007f36a8f501c8
[  225.579988] RDX: 0000000000000000 RSI: 000000000000003c RDI: 0000000000000000
[  225.580343] RBP: 00007f36a92308e0 R08: 00000000000000e7 R09: ffffffffffffff98
[  225.580697] R10: 00007f36a9452250 R11: 0000000000000246 R12: 00007f36a92308e0
[  225.581046] R13: 00007f36a9235c40 R14: 0000000000000000 R15: 0000000000000000
[  225.581429] Disabling lock debugging due to kernel taint
[  225.581791] BUG: Bad rss-counter state mm:00000000997e66fa idx:2 val:-1
[  225.602808] general protection fault: 0000 [#1] SMP PTI
[  225.603092] Modules linked in: netconsole sr_mod cdrom sd_mod sg snd_hda_codec_realtek intel_powerclamp snd_hda_codec_generic snd_hda_codec_hdmi coretemp uas snd_hda_intel kvm_intel ata_generic dcdbas pata_acpi snd_hda_codec dell_smm_hwmon snd_hda_core kvm snd_hwdep snd_pcm firewire_ohci irqbypass crc32c_intel usb_storage pcspkr snd_timer serio_raw firewire_core ata_piix crc_itu_t snd i7core_edac soundcore libata shpchp acpi_cpufreq ip_tables broadcom bcm_phy_lib
[  225.604945] CPU: 3 PID: 29384 Comm: tee Tainted: G    B             4.17.0-rc1 #1
[  225.605370] Hardware name: Dell Inc. Studio XPS 8000/0X231R, BIOS A01 08/11/2009
[  225.606395] RIP: 0010:kmem_cache_alloc+0xa0/0x1e0:
						prefetch_freepointer at mm/slub.c:275
						 (inlined by) slab_alloc_node at mm/slub.c:2734
						 (inlined by) slab_alloc at mm/slub.c:2749
						 (inlined by) kmem_cache_alloc at mm/slub.c:2754
[  225.606648] RSP: 0018:ffffc90003f3bc68 EFLAGS: 00010202
[  225.606927] RAX: 0000000000000000 RBX: 0003ffff88018f94 RCX: 00000000004d265b
[  225.607312] RDX: 00000000004d265a RSI: 00000000014080c0 RDI: 0000000000027360
[  225.607665] RBP: ffff88018f94dff2 R08: ffff8801bfce7360 R09: ffff8801b7c44100
[  225.608018] R10: ffffc90003f3bef0 R11: 8080808080808080 R12: 00000000014080c0
[  225.608372] R13: ffffffff813b13f2 R14: ffff8801bf15ac00 R15: ffff8801bf15ac00
[  225.608726] FS:  00007fcfb09a3700(0000) GS:ffff8801bfcc0000(0000) knlGS:0000000000000000
[  225.609151] CS:  0010 DS: 0000 ES: 0000 CR0: 0000000080050033
[  225.609450] CR2: 00007fcfb082a000 CR3: 00000001b7cf6000 CR4: 00000000000006e0
[  225.609803] Call Trace:
[  225.609975]  selinux_file_alloc_security+0x32/0x50:
						file_alloc_security at security/selinux/hooks.c:392
						 (inlined by) selinux_file_alloc_security at security/selinux/hooks.c:3549
[  225.610239]  security_file_alloc+0x22/0x40:
						security_file_alloc at security/security.c:879 (discriminator 19)
[  225.610474]  get_empty_filp+0x8d/0x1b0:
						get_empty_filp at fs/file_table.c:129
[  225.610694]  path_openat+0x2d/0x1710:
						path_openat at fs/namei.c:3478
[  225.610907]  ? page_add_file_rmap+0x13/0x200:
						page_add_file_rmap at mm/rmap.c:1184
[  225.611149]  ? alloc_set_pte+0x25e/0x520:
						set_pte_at at arch/x86/include/asm/paravirt.h:458
						 (inlined by) alloc_set_pte at mm/memory.c:3449
[  225.611376]  ? filemap_map_pages+0x30a/0x320:
						filemap_map_pages at mm/filemap.c:2681
[  225.611616]  do_filp_open+0x8c/0xf0:
						do_filp_open at fs/namei.c:3536
[  225.611825]  ? __handle_mm_fault+0xd69/0x10a0:
						do_fault_around at mm/memory.c:3611
						 (inlined by) do_read_fault at mm/memory.c:3627
						 (inlined by) do_fault at mm/memory.c:3732
						 (inlined by) handle_pte_fault at mm/memory.c:3963
						 (inlined by) __handle_mm_fault at mm/memory.c:4087
[  225.612112]  ? _cond_resched+0x19/0x30:
						_cond_resched at kernel/sched/core.c:4982
[  225.612331]  ? __alloc_fd+0x44/0x180:
						__alloc_fd at fs/file.c:505
[  225.612542]  ? do_sys_open+0x1a6/0x230:
						do_sys_open at fs/open.c:1094
[  225.612758]  do_sys_open+0x1a6/0x230:
						do_sys_open at fs/open.c:1094
[  225.612971]  do_syscall_64+0x5b/0x180:
						do_syscall_64 at arch/x86/entry/common.c:287
[  225.613187]  entry_SYSCALL_64_after_hwframe+0x44/0xa9:
						entry_SYSCALL_64_after_hwframe at arch/x86/entry/entry_64.S:247
[  225.613454] RIP: 0033:0x7fcfb041191c
[  225.613662] RSP: 002b:00007fff8fb09f40 EFLAGS: 00000202 ORIG_RAX: 0000000000000002
[  225.614060] RAX: ffffffffffffffda RBX: 0000000000aca200 RCX: 00007fcfb041191c
[  225.614407] RDX: 0000000000000001 RSI: 0000000000080000 RDI: 0000000000aca1d0
[  225.614756] RBP: 00007fff8fb0a020 R08: 0000000000aca160 R09: 0000000000000300
[  225.615102] R10: 00007fcfb04645b0 R11: 0000000000000202 R12: 0000000000000000
[  225.615449] R13: 0000000000000000 R14: 00007fcfb05512a0 R15: 0000000000000002
[  225.615797] Code: 01 00 00 41 8b 46 20 49 8b 3e 48 8d 4a 01 48 8b 5c 05 00 48 89 e8 65 48 0f c7 0f 0f 94 c0 84 c0 74 ba 48 85 db 74 0b 41 8b 46 20 <48> 8b 04 03 0f 18 08 41 f7 c4 00 80 00 00 0f 85 08 01 00 00 66
[  225.616765] RIP: kmem_cache_alloc+0xa0/0x1e0:
						prefetch_freepointer at mm/slub.c:275
						 (inlined by) slab_alloc_node at mm/slub.c:2734
						 (inlined by) slab_alloc at mm/slub.c:2749
						 (inlined by) kmem_cache_alloc at mm/slub.c:2754 RSP: ffffc90003f3bc68
[  225.617102] ---[ end trace 8032327fef00e4ff ]---
[  225.617353] Kernel panic - not syncing: Fatal exception

Attached the full dmesg and kconfig.

Thanks,
Fengguang

--55egzavp6tupoytm
Content-Type: text/plain; charset=us-ascii
Content-Disposition: attachment; filename="dmesg-nhm-white:20180416174615:x86_64-rhel-7.2:gcc-7:4.17.0-rc1:1"
Content-Transfer-Encoding: quoted-printable

[    0.000000] Command line: ip=3D::::nhm-white::dhcp root=3D/dev/ram0 user=
=3Dlkp job=3D/lkp/scheduled/nhm-white/unixbench-300s-100%-shell1-debian-x86=
_64-2016-08-31.cgz-60cc43fc888428bb2f18f08997432d426a243338-20180416-49036-=
1w11h1c-0.yaml ARCH=3Dx86_64 kconfig=3Dx86_64-rhel-7.2 branch=3Dinternal-de=
vel/devel-hourly-2018041612-internal commit=3D60cc43fc888428bb2f18f08997432=
d426a243338 BOOT_IMAGE=3D/pkg/linux/x86_64-rhel-7.2/gcc-7/60cc43fc888428bb2=
f18f08997432d426a243338/vmlinuz-4.17.0-rc1 max_uptime=3D1500 RESULT_ROOT=3D=
/result/unixbench/300s-100%-shell1/nhm-white/debian-x86_64-2016-08-31.cgz/x=
86_64-rhel-7.2/gcc-7/60cc43fc888428bb2f18f08997432d426a243338/1 LKP_SERVER=
=3Dinn debug apic=3Ddebug sysrq_always_enabled rcupdate.rcu_cpu_stall_timeo=
ut=3D100 net.ifnames=3D0 printk.devkmsg=3Don panic=3D-1 softlockup_panic=3D=
1 nmi_watchdog=3Dpanic oops=3Dpanic load_ramdisk=3D2 prompt_ramdisk=3D0 drb=
d.minor_count=3D8 systemd.log_level=3Derr ignore_loglevel console=3Dtty0 ea=
rlyprintk=3DttyS0,115200 console=3DttyS0,115200 vga=3Dnormal rw
[    0.000000] x86/fpu: x87 FPU will use FXSAVE
[    0.000000] e820: BIOS-provided physical RAM map:
[    0.000000] BIOS-e820: [mem 0x0000000000000100-0x000000000009fbff] usable
[    0.000000] BIOS-e820: [mem 0x000000000009fc00-0x000000000009ffff] reser=
ved
[    0.000000] BIOS-e820: [mem 0x00000000000e6000-0x00000000000fffff] reser=
ved
[    0.000000] BIOS-e820: [mem 0x0000000000100000-0x00000000bf77ffff] usable
[    0.000000] BIOS-e820: [mem 0x00000000bf780000-0x00000000bf78dfff] ACPI =
data
[    0.000000] BIOS-e820: [mem 0x00000000bf78e000-0x00000000bf7cffff] ACPI =
NVS
[    0.000000] BIOS-e820: [mem 0x00000000bf7d0000-0x00000000bf7dffff] reser=
ved
[    0.000000] BIOS-e820: [mem 0x00000000bf7ed000-0x00000000bfffffff] reser=
ved
[    0.000000] BIOS-e820: [mem 0x00000000fee00000-0x00000000fee00fff] reser=
ved
[    0.000000] BIOS-e820: [mem 0x00000000ffb00000-0x00000000ffffffff] reser=
ved
[    0.000000] BIOS-e820: [mem 0x0000000100000000-0x00000001bfffffff] usable
[    0.000000] debug: ignoring loglevel setting.
[    0.000000] bootconsole [earlyser0] enabled
[    0.000000] NX (Execute Disable) protection: active
[    0.000000] random: fast init done
[    0.000000] SMBIOS 2.5 present.
[    0.000000] DMI: Dell Inc. Studio XPS 8000/0X231R, BIOS A01 08/11/2009
[    0.000000] e820: update [mem 0x00000000-0x00000fff] usable =3D=3D> rese=
rved
[    0.000000] e820: remove [mem 0x000a0000-0x000fffff] usable
[    0.000000] e820: last_pfn =3D 0x1c0000 max_arch_pfn =3D 0x400000000
[    0.000000] MTRR default type: uncachable
[    0.000000] MTRR fixed ranges enabled:
[    0.000000]   00000-9FFFF write-back
[    0.000000]   A0000-BFFFF uncachable
[    0.000000]   C0000-CFFFF write-protect
[    0.000000]   D0000-DFFFF uncachable
[    0.000000]   E0000-E3FFF write-protect
[    0.000000]   E4000-EBFFF write-through
[    0.000000]   EC000-FFFFF write-protect
[    0.000000] MTRR variable ranges enabled:
[    0.000000]   0 base 1C0000000 mask FC0000000 uncachable
[    0.000000]   1 base 000000000 mask E00000000 write-back
[    0.000000]   2 base 0C0000000 mask FC0000000 uncachable
[    0.000000]   3 disabled
[    0.000000]   4 disabled
[    0.000000]   5 disabled
[    0.000000]   6 disabled
[    0.000000]   7 disabled
[    0.000000] x86/PAT: Configuration [0-7]: WB  WC  UC- UC  WB  WP  UC- WT=
 =20
[    0.000000] e820: update [mem 0xc0000000-0xffffffff] usable =3D=3D> rese=
rved
[    0.000000] e820: last_pfn =3D 0xbf780 max_arch_pfn =3D 0x400000000
[    0.000000] Scan for SMP in [mem 0x00000000-0x000003ff]
[    0.000000] Scan for SMP in [mem 0x0009fc00-0x0009ffff]
[    0.000000] Scan for SMP in [mem 0x000f0000-0x000fffff]
[    0.000000] found SMP MP-table at [mem 0x000ff780-0x000ff78f] mapped at =
[        (ptrval)]
[    0.000000]   mpc: fc850-fc9dc
[    0.000000] Base memory trampoline at [        (ptrval)] 99000 size 24576
[    0.000000] BRK [0x1bef4b000, 0x1bef4bfff] PGTABLE
[    0.000000] BRK [0x1bef4c000, 0x1bef4cfff] PGTABLE
[    0.000000] BRK [0x1bef4d000, 0x1bef4dfff] PGTABLE
[    0.000000] BRK [0x1bef4e000, 0x1bef4efff] PGTABLE
[    0.000000] BRK [0x1bef4f000, 0x1bef4ffff] PGTABLE
[    0.000000] BRK [0x1bef50000, 0x1bef50fff] PGTABLE
[    0.000000] RAMDISK: [mem 0x1a76f7000-0x1bcffffff]
[    0.000000] ACPI: Early table checksum verification disabled
[    0.000000] ACPI: RSDP 0x00000000000F9860 000024 (v02 ACPIAM)
[    0.000000] ACPI: XSDT 0x00000000BF780100 00006C (v01 DELL   FX09     20=
090811 MSFT 00000097)
[    0.000000] ACPI: FACP 0x00000000BF780290 0000F4 (v04 DELL   FX09     20=
090811 MSFT 00000097)
[    0.000000] ACPI BIOS Warning (bug): 32/64X length mismatch in FADT/Gpe0=
Block: 128/64 (20180313/tbfadt-569)
[    0.000000] ACPI: DSDT 0x00000000BF780660 005B67 (v02 1AAAA  1AAAA000 00=
000000 INTL 20051117)
[    0.000000] ACPI: FACS 0x00000000BF78E000 000040
[    0.000000] ACPI: APIC 0x00000000BF780390 00008C (v02 DELL   FX09     20=
090811 MSFT 00000097)
[    0.000000] ACPI: MCFG 0x00000000BF780420 00003C (v01 DELL   OEMMCFG  20=
090811 MSFT 00000097)
[    0.000000] ACPI: SLIC 0x00000000BF780460 000176 (v01 DELL   FX09     20=
090811 MSFT 00000097)
[    0.000000] ACPI: OSFR 0x00000000BF7805E0 000080 (v01 DELL   FX09     20=
090811 MSFT 00000097)
[    0.000000] ACPI: OEMB 0x00000000BF78E040 000072 (v01 DELL   FX09     20=
090811 MSFT 00000097)
[    0.000000] ACPI: HPET 0x00000000BF78A660 000038 (v01 DELL   OEMHPET  20=
090811 MSFT 00000097)
[    0.000000] ACPI: GSCI 0x00000000BF78E0C0 002024 (v01 DELL   GMCHSCI  20=
090811 MSFT 00000097)
[    0.000000] ACPI: SSDT 0x00000000BF792DD0 000363 (v01 DpgPmm CpuPm    00=
000012 INTL 20051117)
[    0.000000] ACPI: Local APIC address 0xfee00000
[    0.000000] mapped APIC to ffffffffff5fc000 (        fee00000)
[    0.000000] No NUMA configuration found
[    0.000000] Faking a node at [mem 0x0000000000000000-0x00000001bfffffff]
[    0.000000] NODE_DATA(0) allocated [mem 0x1bffd2000-0x1bfffcfff]
[    0.000000] cma: Reserved 200 MiB at 0x000000019ac00000
[    0.000000] tsc: Fast TSC calibration using PIT
[    0.000000] Zone ranges:
[    0.000000]   DMA      [mem 0x0000000000001000-0x0000000000ffffff]
[    0.000000]   DMA32    [mem 0x0000000001000000-0x00000000ffffffff]
[    0.000000]   Normal   [mem 0x0000000100000000-0x00000001bfffffff]
[    0.000000]   Device   empty
[    0.000000] Movable zone start for each node
[    0.000000] Early memory node ranges
[    0.000000]   node   0: [mem 0x0000000000001000-0x000000000009efff]
[    0.000000]   node   0: [mem 0x0000000000100000-0x00000000bf77ffff]
[    0.000000]   node   0: [mem 0x0000000100000000-0x00000001bfffffff]
[    0.000000] Initmem setup node 0 [mem 0x0000000000001000-0x00000001bffff=
fff]
[    0.000000] On node 0 totalpages: 1570590
[    0.000000]   DMA zone: 64 pages used for memmap
[    0.000000]   DMA zone: 21 pages reserved
[    0.000000]   DMA zone: 3998 pages, LIFO batch:0
[    0.000000]   DMA32 zone: 12190 pages used for memmap
[    0.000000]   DMA32 zone: 780160 pages, LIFO batch:31
[    0.000000]   Normal zone: 12288 pages used for memmap
[    0.000000]   Normal zone: 786432 pages, LIFO batch:31
[    0.000000] Reserved but unavailable: 98 pages
[    0.000000] ACPI: PM-Timer IO Port: 0x808
[    0.000000] ACPI: Local APIC address 0xfee00000
[    0.000000] IOAPIC[0]: apic_id 8, version 32, address 0xfec00000, GSI 0-=
23
[    0.000000] ACPI: INT_SRC_OVR (bus 0 bus_irq 0 global_irq 2 dfl dfl)
[    0.000000] Int: type 0, pol 0, trig 0, bus 00, IRQ 00, APIC ID 8, APIC =
INT 02
[    0.000000] ACPI: INT_SRC_OVR (bus 0 bus_irq 9 global_irq 9 high level)
[    0.000000] Int: type 0, pol 1, trig 3, bus 00, IRQ 09, APIC ID 8, APIC =
INT 09
[    0.000000] ACPI: IRQ0 used by override.
[    0.000000] Int: type 0, pol 0, trig 0, bus 00, IRQ 01, APIC ID 8, APIC =
INT 01
[    0.000000] Int: type 0, pol 0, trig 0, bus 00, IRQ 03, APIC ID 8, APIC =
INT 03
[    0.000000] Int: type 0, pol 0, trig 0, bus 00, IRQ 04, APIC ID 8, APIC =
INT 04
[    0.000000] Int: type 0, pol 0, trig 0, bus 00, IRQ 05, APIC ID 8, APIC =
INT 05
[    0.000000] Int: type 0, pol 0, trig 0, bus 00, IRQ 06, APIC ID 8, APIC =
INT 06
[    0.000000] Int: type 0, pol 0, trig 0, bus 00, IRQ 07, APIC ID 8, APIC =
INT 07
[    0.000000] Int: type 0, pol 0, trig 0, bus 00, IRQ 08, APIC ID 8, APIC =
INT 08
[    0.000000] ACPI: IRQ9 used by override.
[    0.000000] Int: type 0, pol 0, trig 0, bus 00, IRQ 0a, APIC ID 8, APIC =
INT 0a
[    0.000000] Int: type 0, pol 0, trig 0, bus 00, IRQ 0b, APIC ID 8, APIC =
INT 0b
[    0.000000] Int: type 0, pol 0, trig 0, bus 00, IRQ 0c, APIC ID 8, APIC =
INT 0c
[    0.000000] Int: type 0, pol 0, trig 0, bus 00, IRQ 0d, APIC ID 8, APIC =
INT 0d
[    0.000000] Int: type 0, pol 0, trig 0, bus 00, IRQ 0e, APIC ID 8, APIC =
INT 0e
[    0.000000] Int: type 0, pol 0, trig 0, bus 00, IRQ 0f, APIC ID 8, APIC =
INT 0f
[    0.000000] Using ACPI (MADT) for SMP configuration information
[    0.000000] ACPI: HPET id: 0xffffffff base: 0xfed00000
[    0.000000] smpboot: Allowing 8 CPUs, 0 hotplug CPUs
[    0.000000] mapped IOAPIC to ffffffffff5fb000 (fec00000)
[    0.000000] PM: Registered nosave memory: [mem 0x00000000-0x00000fff]
[    0.000000] PM: Registered nosave memory: [mem 0x0009f000-0x0009ffff]
[    0.000000] PM: Registered nosave memory: [mem 0x000a0000-0x000e5fff]
[    0.000000] PM: Registered nosave memory: [mem 0x000e6000-0x000fffff]
[    0.000000] PM: Registered nosave memory: [mem 0xbf780000-0xbf78dfff]
[    0.000000] PM: Registered nosave memory: [mem 0xbf78e000-0xbf7cffff]
[    0.000000] PM: Registered nosave memory: [mem 0xbf7d0000-0xbf7dffff]
[    0.000000] PM: Registered nosave memory: [mem 0xbf7e0000-0xbf7ecfff]
[    0.000000] PM: Registered nosave memory: [mem 0xbf7ed000-0xbfffffff]
[    0.000000] PM: Registered nosave memory: [mem 0xc0000000-0xfedfffff]
[    0.000000] PM: Registered nosave memory: [mem 0xfee00000-0xfee00fff]
[    0.000000] PM: Registered nosave memory: [mem 0xfee01000-0xffafffff]
[    0.000000] PM: Registered nosave memory: [mem 0xffb00000-0xffffffff]
[    0.000000] e820: [mem 0xc0000000-0xfedfffff] available for PCI devices
[    0.000000] Booting paravirtualized kernel on bare hardware
[    0.000000] clocksource: refined-jiffies: mask: 0xffffffff max_cycles: 0=
xffffffff, max_idle_ns: 1910969940391419 ns
[    0.000000] setup_percpu: NR_CPUS:8192 nr_cpumask_bits:8 nr_cpu_ids:8 nr=
_node_ids:1
[    0.000000] percpu: Embedded 45 pages/cpu @        (ptrval) s147032 r819=
2 d29096 u262144
[    0.000000] pcpu-alloc: s147032 r8192 d29096 u262144 alloc=3D1*2097152
[    0.000000] pcpu-alloc: [0] 0 1 2 3 4 5 6 7=20
[    0.000000] Built 1 zonelists, mobility grouping on.  Total pages: 15460=
27
[    0.000000] Policy zone: Normal
[    0.000000] Kernel command line: ip=3D::::nhm-white::dhcp root=3D/dev/ra=
m0 user=3Dlkp job=3D/lkp/scheduled/nhm-white/unixbench-300s-100%-shell1-deb=
ian-x86_64-2016-08-31.cgz-60cc43fc888428bb2f18f08997432d426a243338-20180416=
-49036-1w11h1c-0.yaml ARCH=3Dx86_64 kconfig=3Dx86_64-rhel-7.2 branch=3Dinte=
rnal-devel/devel-hourly-2018041612-internal commit=3D60cc43fc888428bb2f18f0=
8997432d426a243338 BOOT_IMAGE=3D/pkg/linux/x86_64-rhel-7.2/gcc-7/60cc43fc88=
8428bb2f18f08997432d426a243338/vmlinuz-4.17.0-rc1 max_uptime=3D1500 RESULT_=
ROOT=3D/result/unixbench/300s-100%-shell1/nhm-white/debian-x86_64-2016-08-3=
1.cgz/x86_64-rhel-7.2/gcc-7/60cc43fc888428bb2f18f08997432d426a243338/1 LKP_=
SERVER=3Dinn debug apic=3Ddebug sysrq_always_enabled rcupdate.rcu_cpu_stall=
_timeout=3D100 net.ifnames=3D0 printk.devkmsg=3Don panic=3D-1 softlockup_pa=
nic=3D1 nmi_watchdog=3Dpanic oops=3Dpanic load_ramdisk=3D2 prompt_ramdisk=
=3D0 drbd.minor_count=3D8 systemd.log_level=3Derr ignore_loglevel console=
=3Dtty0 earlyprintk=3DttyS0,115200 console=3DttyS0,115200 vga=3Dnormal rw
[    0.000000] sysrq: sysrq always enabled.
[    0.000000] Memory: 5526152K/6282360K available (12300K kernel code, 259=
2K rwdata, 4168K rodata, 2384K init, 2472K bss, 551408K reserved, 204800K c=
ma-reserved)
[    0.000000] SLUB: HWalign=3D64, Order=3D0-3, MinObjects=3D0, CPUs=3D8, N=
odes=3D1
[    0.000000] Kernel/User page tables isolation: enabled
[    0.000000] ftrace: allocating 39726 entries in 156 pages
[    0.000000] Hierarchical RCU implementation.
[    0.000000] 	RCU restricting CPUs from NR_CPUS=3D8192 to nr_cpu_ids=3D8.
[    0.000000] 	RCU CPU stall warnings timeout set to 100 (rcu_cpu_stall_ti=
meout).
[    0.000000] 	Tasks RCU enabled.
[    0.000000] RCU: Adjusting geometry for rcu_fanout_leaf=3D16, nr_cpu_ids=
=3D8
[    0.000000] NR_IRQS: 524544, nr_irqs: 488, preallocated irqs: 16
[    0.000000] Console: colour VGA+ 80x25
[    0.000000] console [tty0] enabled
[    0.000000] console [ttyS0] enabled
[    0.000000] bootconsole [earlyser0] disabled
[    0.000000] ACPI: Core revision 20180313
[    0.000000] ACPI BIOS Warning (bug): Incorrect checksum in table [OEMB] =
- 0x42, should be 0x28 (20180313/tbprint-177)
[    0.000000] clocksource: hpet: mask: 0xffffffff max_cycles: 0xffffffff, =
max_idle_ns: 133484882848 ns
[    0.000000] hpet clockevent registered
[    0.000000] APIC: Switch to symmetric I/O mode setup
[    0.000000] masked ExtINT on CPU#0
[    0.000000] ENABLING IO-APIC IRQs
[    0.000000] init IO_APIC IRQs
[    0.000000]  apic 8 pin 0 not connected
[    0.000000] IOAPIC[0]: Set routing entry (8-1 -> 0xef -> IRQ 1 Mode:0 Ac=
tive:0 Dest:1)
[    0.000000] IOAPIC[0]: Set routing entry (8-2 -> 0x30 -> IRQ 0 Mode:0 Ac=
tive:0 Dest:1)
[    0.000000] IOAPIC[0]: Set routing entry (8-3 -> 0xef -> IRQ 3 Mode:0 Ac=
tive:0 Dest:1)
[    0.000000] IOAPIC[0]: Set routing entry (8-4 -> 0xef -> IRQ 4 Mode:0 Ac=
tive:0 Dest:1)
[    0.000000] IOAPIC[0]: Set routing entry (8-5 -> 0xef -> IRQ 5 Mode:0 Ac=
tive:0 Dest:1)
[    0.000000] IOAPIC[0]: Set routing entry (8-6 -> 0xef -> IRQ 6 Mode:0 Ac=
tive:0 Dest:1)
[    0.000000] IOAPIC[0]: Set routing entry (8-7 -> 0xef -> IRQ 7 Mode:0 Ac=
tive:0 Dest:1)
[    0.000000] IOAPIC[0]: Set routing entry (8-8 -> 0xef -> IRQ 8 Mode:0 Ac=
tive:0 Dest:1)
[    0.000000] IOAPIC[0]: Set routing entry (8-9 -> 0xef -> IRQ 9 Mode:1 Ac=
tive:0 Dest:1)
[    0.000000] IOAPIC[0]: Set routing entry (8-10 -> 0xef -> IRQ 10 Mode:0 =
Active:0 Dest:1)
[    0.000000] IOAPIC[0]: Set routing entry (8-11 -> 0xef -> IRQ 11 Mode:0 =
Active:0 Dest:1)
[    0.000000] IOAPIC[0]: Set routing entry (8-12 -> 0xef -> IRQ 12 Mode:0 =
Active:0 Dest:1)
[    0.000000] IOAPIC[0]: Set routing entry (8-13 -> 0xef -> IRQ 13 Mode:0 =
Active:0 Dest:1)
[    0.000000] IOAPIC[0]: Set routing entry (8-14 -> 0xef -> IRQ 14 Mode:0 =
Active:0 Dest:1)
[    0.000000] IOAPIC[0]: Set routing entry (8-15 -> 0xef -> IRQ 15 Mode:0 =
Active:0 Dest:1)
[    0.000000]  apic 8 pin 16 not connected
[    0.000000]  apic 8 pin 17 not connected
[    0.000000]  apic 8 pin 18 not connected
[    0.000000]  apic 8 pin 19 not connected
[    0.000000]  apic 8 pin 20 not connected
[    0.000000]  apic 8 pin 21 not connected
[    0.000000]  apic 8 pin 22 not connected
[    0.000000]  apic 8 pin 23 not connected
[    0.000000] ..TIMER: vector=3D0x30 apic1=3D0 pin1=3D2 apic2=3D-1 pin2=3D=
-1
[    0.005000] tsc: Fast TSC calibration using PIT
[    0.006000] tsc: Detected 2926.047 MHz processor
[    0.007000] clocksource: tsc-early: mask: 0xffffffffffffffff max_cycles:=
 0x2a2d609f064, max_idle_ns: 440795245704 ns
[    0.007000] Calibrating delay loop (skipped), value calculated using tim=
er frequency.. 5852.09 BogoMIPS (lpj=3D2926047)
[    0.008001] pid_max: default: 32768 minimum: 301
[    0.008254] Security Framework initialized
[    0.008471] SELinux:  Initializing.
[    0.008676] SELinux:  Starting in permissive mode
[    0.010831] Dentry cache hash table entries: 1048576 (order: 11, 8388608=
 bytes)
[    0.012502] Inode-cache hash table entries: 524288 (order: 10, 4194304 b=
ytes)
[    0.012883] Mount-cache hash table entries: 16384 (order: 5, 131072 byte=
s)
[    0.013039] Mountpoint-cache hash table entries: 16384 (order: 5, 131072=
 bytes)
[    0.013610] CPU: Physical Processor ID: 0
[    0.014001] CPU: Processor Core ID: 0
[    0.014207] mce: CPU supports 9 MCE banks
[    0.014425] CPU0: Thermal monitoring enabled (TM1)
[    0.014673] process: using mwait in idle threads
[    0.014910] Last level iTLB entries: 4KB 512, 2MB 7, 4MB 7
[    0.015001] Last level dTLB entries: 4KB 512, 2MB 32, 4MB 32, 1GB 0
[    0.015302] Spectre V2 : Mitigation: Full generic retpoline
[    0.015657] Freeing SMP alternatives memory: 40K
[    0.017145] Using local APIC timer interrupts.
[    0.017145] calibrating APIC timer ...
[    0.018000] ... lapic delta =3D 831232
[    0.018000] ... PM-Timer delta =3D 357949
[    0.018000] ... PM-Timer result ok
[    0.018000] ..... delta 831232
[    0.018000] ..... mult: 35701142
[    0.018000] ..... calibration result: 132997
[    0.018000] ..... CPU clock speed is 2925.0936 MHz.
[    0.018000] ..... host bus clock speed is 132.0997 MHz.
[    0.018006] smpboot: CPU0: Intel(R) Core(TM) i7 CPU         870  @ 2.93G=
Hz (family: 0x6, model: 0x1e, stepping: 0x5)
[    0.018573] Performance Events: PEBS fmt1+, Nehalem events, 16-deep LBR,=
 Intel PMU driver.
[    0.018994] core: CPU erratum AAJ80 worked around
[    0.019001] core: CPUID marked event: 'bus cycles' unavailable
[    0.019287] ... version:                3
[    0.019502] ... bit width:              48
[    0.019720] ... generic registers:      4
[    0.020001] ... value mask:             0000ffffffffffff
[    0.020265] ... max period:             000000007fffffff
[    0.020601] ... fixed-purpose events:   3
[    0.020816] ... event mask:             000000070000000f
[    0.021041] Hierarchical SRCU implementation.
[    0.022649] NMI watchdog: Enabled. Permanently consumes one hw-PMU count=
er.
[    0.022993] smp: Bringing up secondary CPUs ...
[    0.023083] x86: Booting SMP configuration:
[    0.023305] .... node  #0, CPUs:      #1
[    0.001000] masked ExtINT on CPU#1
[    0.026035]  #2
[    0.001000] masked ExtINT on CPU#2
[    0.027094]  #3
[    0.001000] masked ExtINT on CPU#3
[    0.029093]  #4
[    0.001000] masked ExtINT on CPU#4
[    0.030103]  #5
[    0.001000] masked ExtINT on CPU#5
[    0.032095]  #6
[    0.001000] masked ExtINT on CPU#6
[    0.034095]  #7
[    0.001000] masked ExtINT on CPU#7
[    0.035024] smp: Brought up 1 node, 8 CPUs
[    0.035224] smpboot: Max logical packages: 1
[    0.036002] smpboot: Total of 8 processors activated (46816.75 BogoMIPS)
[    0.037356] devtmpfs: initialized
[    0.038047] x86/mm: Memory block size: 128MB
[    0.039575] Built 1 zonelists, mobility grouping on.  Total pages: 14327=
48
[    0.039900] Policy zone: Normal
[    0.040156] evm: security.selinux
[    0.040344] evm: security.ima
[    0.040519] evm: security.capability
[    0.040733] PM: Registering ACPI NVS region [mem 0xbf78e000-0xbf7cffff] =
(270336 bytes)
[    0.041055] clocksource: jiffies: mask: 0xffffffff max_cycles: 0xfffffff=
f, max_idle_ns: 1911260446275000 ns
[    0.042002] futex hash table entries: 2048 (order: 5, 131072 bytes)
[    0.042366] pinctrl core: initialized pinctrl subsystem
[    0.042717] NET: Registered protocol family 16
[    0.043154] audit: initializing netlink subsys (disabled)
[    0.043427] audit: type=3D2000 audit(1523885184.043:1): state=3Dinitiali=
zed audit_enabled=3D0 res=3D1
[    0.043427] cpuidle: using governor menu
[    0.044179] ACPI FADT declares the system doesn't support PCIe ASPM, so =
disable it
[    0.044562] ACPI: bus type PCI registered
[    0.044777] acpiphp: ACPI Hot Plug PCI Controller Driver version: 0.5
[    0.045057] PCI: MMCONFIG for domain 0000 [bus 00-ff] at [mem 0xe0000000=
-0xefffffff] (base 0xe0000000)
[    0.045507] PCI: not using MMCONFIG
[    0.045703] PCI: Using configuration type 1 for base access
[    0.047037] HugeTLB registered 2.00 MiB page size, pre-allocated 0 pages
[    0.048060] ACPI: Added _OSI(Module Device)
[    0.048282] ACPI: Added _OSI(Processor Device)
[    0.048282] ACPI: Added _OSI(3.0 _SCP Extensions)
[    0.048282] ACPI: Added _OSI(Processor Aggregator Device)
[    0.048512] ACPI: Added _OSI(Linux-Dell-Video)
[    0.052981] ACPI: 2 ACPI AML tables successfully acquired and loaded
[    0.056105] ACPI: Dynamic OEM Table Load:
[    0.056105] ACPI: SSDT 0xFFFF88019342C000 00265C (v01 DpgPmm P001Ist  00=
000011 INTL 20051117)
[    0.058398] ACPI: Dynamic OEM Table Load:
[    0.058618] ACPI: SSDT 0xFFFF880193940800 000678 (v01 PmRef  P001Cst  00=
003001 INTL 20051117)
[    0.059666] ACPI: Interpreter enabled
[    0.059883] ACPI: (supports S0 S3 S4 S5)
[    0.060002] ACPI: Using IOAPIC for interrupt routing
[    0.060286] PCI: MMCONFIG for domain 0000 [bus 00-ff] at [mem 0xe0000000=
-0xefffffff] (base 0xe0000000)
[    0.062716] PCI: MMCONFIG at [mem 0xe0000000-0xefffffff] reserved in ACP=
I motherboard resources
[    0.063005] pmd_set_huge: Cannot satisfy [mem 0xe0000000-0xe0200000] wit=
h a huge-page mapping due to MTRR override.
[    0.064019] PCI: Using host bridge windows from ACPI; if necessary, use =
"pci=3Dnocrs" and report a bug
[    0.064623] ACPI: Enabled 14 GPEs in block 00 to 3F
[    0.071915] ACPI: PCI Root Bridge [PCI0] (domain 0000 [bus 00-ff])
[    0.072006] acpi PNP0A08:00: _OSC: OS supports [ExtendedConfig ASPM Cloc=
kPM Segments MSI]
[    0.072644] acpi PNP0A08:00: _OSC: platform does not support [PCIeCapabi=
lity]
[    0.073115] acpi PNP0A08:00: _OSC: not requesting control; platform does=
 not support [PCIeCapability]
[    0.073632] acpi PNP0A08:00: _OSC: OS requested [PCIeHotplug PME AER PCI=
eCapability]
[    0.074002] acpi PNP0A08:00: _OSC: platform willing to grant [PCIeHotplu=
g PME AER]
[    0.074384] acpi PNP0A08:00: _OSC failed (AE_SUPPORT); disabling ASPM
[    0.075009] acpi PNP0A08:00: ignoring host bridge window [mem 0x000d0000=
-0x000dffff window] (conflicts with Adapter ROM [mem 0x000cf800-0x000d17ff])
[    0.075831] PCI host bridge to bus 0000:00
[    0.076003] pci_bus 0000:00: root bus resource [io  0x0000-0x0cf7 window]
[    0.076324] pci_bus 0000:00: root bus resource [io  0x0d00-0xffff window]
[    0.076645] pci_bus 0000:00: root bus resource [mem 0x000a0000-0x000bfff=
f window]
[    0.077001] pci_bus 0000:00: root bus resource [mem 0xc0000000-0xdffffff=
f window]
[    0.077379] pci_bus 0000:00: root bus resource [mem 0xf0000000-0xfed8fff=
f window]
[    0.077758] pci_bus 0000:00: root bus resource [bus 00-ff]
[    0.078008] pci 0000:00:00.0: [8086:d131] type 00 class 0x060000
[    0.078419] pci 0000:00:03.0: [8086:d138] type 01 class 0x060400
[    0.078761] pci 0000:00:03.0: PME# supported from D0 D3hot D3cold
[    0.079094] pci 0000:00:08.0: [8086:d155] type 00 class 0x088000
[    0.079498] pci 0000:00:08.1: [8086:d156] type 00 class 0x088000
[    0.080064] pci 0000:00:08.2: [8086:d157] type 00 class 0x088000
[    0.080464] pci 0000:00:08.3: [8086:d158] type 00 class 0x088000
[    0.080855] pci 0000:00:10.0: [8086:d150] type 00 class 0x088000
[    0.081093] pci 0000:00:10.1: [8086:d151] type 00 class 0x088000
[    0.081495] pci 0000:00:1a.0: [8086:3b3c] type 00 class 0x0c0320
[    0.081806] pci 0000:00:1a.0: reg 0x10: [mem 0xfbcfc000-0xfbcfc3ff]
[    0.082076] pci 0000:00:1a.0: PME# supported from D0 D3hot D3cold
[    0.082460] pci 0000:00:1b.0: [8086:3b56] type 00 class 0x040300
[    0.083019] pci 0000:00:1b.0: reg 0x10: [mem 0xfbcf8000-0xfbcfbfff 64bit]
[    0.083405] pci 0000:00:1b.0: PME# supported from D0 D3hot D3cold
[    0.083782] pci 0000:00:1c.0: [8086:3b42] type 01 class 0x060400
[    0.084066] pci 0000:00:1c.0: PME# supported from D0 D3hot D3cold
[    0.084453] pci 0000:00:1c.1: [8086:3b44] type 01 class 0x060400
[    0.084809] pci 0000:00:1c.1: PME# supported from D0 D3hot D3cold
[    0.085093] pci 0000:00:1c.4: [8086:3b4a] type 01 class 0x060400
[    0.085450] pci 0000:00:1c.4: PME# supported from D0 D3hot D3cold
[    0.086025] pci 0000:00:1c.5: [8086:3b4c] type 01 class 0x060400
[    0.086381] pci 0000:00:1c.5: PME# supported from D0 D3hot D3cold
[    0.086769] pci 0000:00:1d.0: [8086:3b34] type 00 class 0x0c0320
[    0.087020] pci 0000:00:1d.0: reg 0x10: [mem 0xfbcf6000-0xfbcf63ff]
[    0.087396] pci 0000:00:1d.0: PME# supported from D0 D3hot D3cold
[    0.087777] pci 0000:00:1e.0: [8086:244e] type 01 class 0x060401
[    0.088122] pci 0000:00:1f.0: [8086:3b02] type 00 class 0x060100
[    0.088590] pci 0000:00:1f.2: [8086:3b20] type 00 class 0x01018f
[    0.089015] pci 0000:00:1f.2: reg 0x10: [io  0xcc00-0xcc07]
[    0.089295] pci 0000:00:1f.2: reg 0x14: [io  0xc880-0xc883]
[    0.089644] pci 0000:00:1f.2: reg 0x18: [io  0xc800-0xc807]
[    0.089924] pci 0000:00:1f.2: reg 0x1c: [io  0xc480-0xc483]
[    0.090006] pci 0000:00:1f.2: reg 0x20: [io  0xc400-0xc40f]
[    0.090286] pci 0000:00:1f.2: reg 0x24: [io  0xc080-0xc08f]
[    0.090665] pci 0000:00:1f.3: [8086:3b30] type 00 class 0x0c0500
[    0.091017] pci 0000:00:1f.3: reg 0x10: [mem 0xfbcff800-0xfbcff8ff 64bit]
[    0.091356] pci 0000:00:1f.3: reg 0x20: [io  0x0400-0x041f]
[    0.091720] pci 0000:00:1f.5: [8086:3b26] type 00 class 0x010185
[    0.092015] pci 0000:00:1f.5: reg 0x10: [io  0xbc00-0xbc07]
[    0.092296] pci 0000:00:1f.5: reg 0x14: [io  0xb880-0xb883]
[    0.092576] pci 0000:00:1f.5: reg 0x18: [io  0xb800-0xb807]
[    0.093006] pci 0000:00:1f.5: reg 0x1c: [io  0xb480-0xb483]
[    0.093286] pci 0000:00:1f.5: reg 0x20: [io  0xb400-0xb40f]
[    0.093567] pci 0000:00:1f.5: reg 0x24: [io  0xb080-0xb08f]
[    0.094015] pci 0000:01:00.0: [1002:954f] type 00 class 0x030000
[    0.094323] pci 0000:01:00.0: reg 0x10: [mem 0xd0000000-0xdfffffff 64bit=
 pref]
[    0.094700] pci 0000:01:00.0: reg 0x18: [mem 0xfbdf0000-0xfbdfffff 64bit]
[    0.095006] pci 0000:01:00.0: reg 0x20: [io  0xd000-0xd0ff]
[    0.095290] pci 0000:01:00.0: reg 0x30: [mem 0xfbdc0000-0xfbddffff pref]
[    0.095642] pci 0000:01:00.0: supports D1 D2
[    0.095906] pci 0000:01:00.1: [1002:aa38] type 00 class 0x040300
[    0.096017] pci 0000:01:00.1: reg 0x10: [mem 0xfbdec000-0xfbdeffff 64bit]
[    0.096395] pci 0000:01:00.1: supports D1 D2
[    0.096669] pci 0000:00:03.0: PCI bridge to [bus 01]
[    0.097003] pci 0000:00:03.0:   bridge window [io  0xd000-0xdfff]
[    0.097299] pci 0000:00:03.0:   bridge window [mem 0xfbd00000-0xfbdfffff]
[    0.097623] pci 0000:00:03.0:   bridge window [mem 0xd0000000-0xdfffffff=
 64bit pref]
[    0.098033] pci 0000:00:1c.0: PCI bridge to [bus 02]
[    0.098287] pci 0000:00:1c.0:   bridge window [io  0x1000-0x1fff]
[    0.098584] pci 0000:00:1c.0:   bridge window [mem 0xc0000000-0xc01fffff]
[    0.099004] pci 0000:00:1c.0:   bridge window [mem 0xc0200000-0xc03fffff=
 64bit pref]
[    0.099440] pci 0000:03:00.0: [1106:3403] type 00 class 0x0c0010
[    0.099762] pci 0000:03:00.0: reg 0x10: [mem 0xfbeff800-0xfbefffff 64bit]
[    0.100011] pci 0000:03:00.0: reg 0x18: [io  0xe800-0xe8ff]
[    0.100384] pci 0000:03:00.0: supports D2
[    0.100600] pci 0000:03:00.0: PME# supported from D2 D3hot D3cold
[    0.104016] pci 0000:00:1c.1: PCI bridge to [bus 03]
[    0.104270] pci 0000:00:1c.1:   bridge window [io  0xe000-0xefff]
[    0.104567] pci 0000:00:1c.1:   bridge window [mem 0xfbe00000-0xfbefffff]
[    0.104891] pci 0000:00:1c.1:   bridge window [mem 0xc0400000-0xc05fffff=
 64bit pref]
[    0.105035] pci 0000:00:1c.4: PCI bridge to [bus 04]
[    0.105358] pci 0000:00:1c.4:   bridge window [io  0x2000-0x2fff]
[    0.105655] pci 0000:00:1c.4:   bridge window [mem 0xc0600000-0xc07fffff]
[    0.106005] pci 0000:00:1c.4:   bridge window [mem 0xc0800000-0xc09fffff=
 64bit pref]
[    0.106443] pci 0000:05:00.0: [14e4:1692] type 00 class 0x020000
[    0.107026] pci 0000:05:00.0: reg 0x10: [mem 0xfbff0000-0xfbffffff 64bit]
[    0.107397] pci 0000:05:00.0: reg 0x30: [mem 0x00000000-0x0000ffff pref]
[    0.107799] pci 0000:05:00.0: PME# supported from D3hot D3cold
[    0.108095] pci 0000:00:1c.5: PCI bridge to [bus 05]
[    0.108350] pci 0000:00:1c.5:   bridge window [mem 0xfbf00000-0xfbffffff]
[    0.108731] pci 0000:00:1e.0: PCI bridge to [bus 06] (subtractive decode)
[    0.109008] pci 0000:00:1e.0:   bridge window [io  0x0000-0x0cf7 window]=
 (subtractive decode)
[    0.109427] pci 0000:00:1e.0:   bridge window [io  0x0d00-0xffff window]=
 (subtractive decode)
[    0.109844] pci 0000:00:1e.0:   bridge window [mem 0x000a0000-0x000bffff=
 window] (subtractive decode)
[    0.110001] pci 0000:00:1e.0:   bridge window [mem 0xc0000000-0xdfffffff=
 window] (subtractive decode)
[    0.110446] pci 0000:00:1e.0:   bridge window [mem 0xf0000000-0xfed8ffff=
 window] (subtractive decode)
[    0.111487] ACPI: PCI Interrupt Link [LNKA] (IRQs 3 4 6 7 *10 11 12 14 1=
5), disabled.
[    0.112062] ACPI: PCI Interrupt Link [LNKB] (IRQs *5), disabled.
[    0.112415] ACPI: PCI Interrupt Link [LNKC] (IRQs *3 4 6 7 10 11 12 14 1=
5), disabled.
[    0.113061] ACPI: PCI Interrupt Link [LNKD] (IRQs 3 4 6 7 10 *11 12 14 1=
5), disabled.
[    0.113516] ACPI: PCI Interrupt Link [LNKE] (IRQs 3 4 6 7 10 11 12 14 15=
) *0, disabled.
[    0.113977] ACPI: PCI Interrupt Link [LNKF] (IRQs 3 4 6 7 10 11 12 14 15=
) *0, disabled.
[    0.114061] ACPI: PCI Interrupt Link [LNKG] (IRQs 3 4 6 7 10 11 12 14 *1=
5), disabled.
[    0.114516] ACPI: PCI Interrupt Link [LNKH] (IRQs 3 4 6 7 10 11 12 *14 1=
5), disabled.
[    0.115106] pci 0000:01:00.0: vgaarb: setting as boot VGA device
[    0.115302] pci 0000:01:00.0: vgaarb: VGA device added: decodes=3Dio+mem=
,owns=3Dio+mem,locks=3Dnone
[    0.116002] pci 0000:01:00.0: vgaarb: bridge control possible
[    0.116283] vgaarb: loaded
[    0.116522] SCSI subsystem initialized
[    0.116743] ACPI: bus type USB registered
[    0.117013] usbcore: registered new interface driver usbfs
[    0.117289] usbcore: registered new interface driver hub
[    0.118003] usbcore: registered new device driver usb
[    0.118003] pps_core: LinuxPPS API ver. 1 registered
[    0.118003] pps_core: Software ver. 5.3.6 - Copyright 2005-2007 Rodolfo =
Giometti <giometti@linux.it>
[    0.118444] PTP clock support registered
[    0.119015] EDAC MC: Ver: 3.0.0
[    0.119070] PCI: Using ACPI for IRQ routing
[    0.124996] PCI: Discovered peer bus ff
[    0.125001] PCI: root bus ff: using default resources
[    0.125255] PCI: Probing PCI hardware (bus ff)
[    0.125504] PCI host bridge to bus 0000:ff
[    0.125724] pci_bus 0000:ff: root bus resource [io  0x0000-0xffff]
[    0.126002] pci_bus 0000:ff: root bus resource [mem 0x00000000-0xfffffff=
ff]
[    0.126330] pci_bus 0000:ff: No busn resource found for root bus, will u=
se [bus ff-ff]
[    0.126725] pci_bus 0000:ff: busn_res: can not insert [bus ff] under dom=
ain [bus 00-ff] (conflicts with (null) [bus 00-ff])
[    0.127005] pci 0000:ff:00.0: [8086:2c51] type 00 class 0x060000
[    0.127331] pci 0000:ff:00.1: [8086:2c81] type 00 class 0x060000
[    0.128035] pci 0000:ff:02.0: [8086:2c90] type 00 class 0x060000
[    0.128357] pci 0000:ff:02.1: [8086:2c91] type 00 class 0x060000
[    0.128682] pci 0000:ff:03.0: [8086:2c98] type 00 class 0x060000
[    0.129032] pci 0000:ff:03.1: [8086:2c99] type 00 class 0x060000
[    0.129355] pci 0000:ff:03.4: [8086:2c9c] type 00 class 0x060000
[    0.129679] pci 0000:ff:04.0: [8086:2ca0] type 00 class 0x060000
[    0.130034] pci 0000:ff:04.1: [8086:2ca1] type 00 class 0x060000
[    0.130356] pci 0000:ff:04.2: [8086:2ca2] type 00 class 0x060000
[    0.130679] pci 0000:ff:04.3: [8086:2ca3] type 00 class 0x060000
[    0.131033] pci 0000:ff:05.0: [8086:2ca8] type 00 class 0x060000
[    0.131990] pci 0000:ff:05.1: [8086:2ca9] type 00 class 0x060000
[    0.132032] pci 0000:ff:05.2: [8086:2caa] type 00 class 0x060000
[    0.132355] pci 0000:ff:05.3: [8086:2cab] type 00 class 0x060000
[    0.132685] pci_bus 0000:ff: busn_res: [bus ff] end is updated to ff
[    0.133002] pci_bus 0000:ff: busn_res: can not insert [bus ff] under dom=
ain [bus 00-ff] (conflicts with (null) [bus 00-ff])
[    0.133522] PCI: pci_cache_line_size set to 64 bytes
[    0.134052] e820: reserve RAM buffer [mem 0x0009fc00-0x0009ffff]
[    0.134345] e820: reserve RAM buffer [mem 0xbf780000-0xbfffffff]
[    0.135000] NetLabel: Initializing
[    0.135000] NetLabel:  domain hash size =3D 128
[    0.135001] NetLabel:  protocols =3D UNLABELED CIPSOv4 CALIPSO
[    0.135292] NetLabel:  unlabeled traffic allowed by default
[    0.136198] HPET: 8 timers in total, 5 timers will be used for per-cpu t=
imer
[    0.136198] hpet0: at MMIO 0xfed00000, IRQs 2, 8, 24, 25, 26, 27, 28, 0
[    0.136325] hpet0: 8 comparators, 64-bit 14.318180 MHz counter
[    0.140002] Spurious HPET timer interrupt on HPET timer 2
[    0.140281] hpet: hpet2 irq 24 for MSI
[    0.141000] Spurious HPET timer interrupt on HPET timer 3
[    0.141209] hpet: hpet3 irq 25 for MSI
[    0.141269] Spurious HPET timer interrupt on HPET timer 4
[    0.141269] hpet: hpet4 irq 26 for MSI
[    0.142007] Spurious HPET timer interrupt on HPET timer 5
[    0.142282] hpet: hpet5 irq 27 for MSI
[    0.142282] Spurious HPET timer interrupt on HPET timer 6
[    0.142282] hpet: hpet6 irq 28 for MSI
[    0.143018] clocksource: Switched to clocksource tsc-early
[    0.154808] VFS: Disk quotas dquot_6.6.0
[    0.155040] VFS: Dquot-cache hash table entries: 512 (order 0, 4096 byte=
s)
[    0.155415] pnp: PnP ACPI init
[    0.155663] system 00:00: [mem 0xfc000000-0xfcffffff] has been reserved
[    0.155979] system 00:00: [mem 0xfd000000-0xfdffffff] has been reserved
[    0.156298] system 00:00: [mem 0xfe000000-0xfebfffff] has been reserved
[    0.156615] system 00:00: [mem 0xfed14000-0xfed19fff] has been reserved
[    0.156934] system 00:00: Plug and Play ACPI device, IDs PNP0c01 (active)
[    0.157312] pnp 00:01: Plug and Play ACPI device, IDs PNP0b00 (active)
[    0.157857] system 00:02: [io  0x0a00-0x0a0f] has been reserved
[    0.158150] system 00:02: [io  0x0a10-0x0a1f] has been reserved
[    0.158438] system 00:02: [io  0x0a20-0x0a2f] has been reserved
[    0.158729] system 00:02: [io  0x0a30-0x0a3f] has been reserved
[    0.159021] system 00:02: Plug and Play ACPI device, IDs PNP0c02 (active)
[    0.159514] system 00:03: [io  0x04d0-0x04d1] has been reserved
[    0.159804] system 00:03: [io  0x0800-0x087f] has been reserved
[    0.160096] system 00:03: [io  0x0500-0x057f] has been reserved
[    0.160385] system 00:03: [mem 0xfed1c000-0xfed1ffff] has been reserved
[    0.160701] system 00:03: [mem 0xfed20000-0xfed3ffff] has been reserved
[    0.161017] system 00:03: [mem 0xfed40000-0xfed8ffff] has been reserved
[    0.161335] system 00:03: Plug and Play ACPI device, IDs PNP0c02 (active)
[    0.161760] system 00:04: [mem 0xffc00000-0xffefffff] has been reserved
[    0.162082] system 00:04: Plug and Play ACPI device, IDs PNP0c02 (active)
[    0.162528] system 00:05: [mem 0xfec00000-0xfec00fff] could not be reser=
ved
[    0.162858] system 00:05: [mem 0xfee00000-0xfee00fff] has been reserved
[    0.163179] system 00:05: Plug and Play ACPI device, IDs PNP0c02 (active)
[    0.163566] system 00:06: [mem 0xe0000000-0xefffffff] has been reserved
[    0.163884] system 00:06: Plug and Play ACPI device, IDs PNP0c02 (active)
[    0.164416] system 00:07: [mem 0x00000000-0x0009ffff] could not be reser=
ved
[    0.164749] system 00:07: [mem 0x000c0000-0x000cffff] could not be reser=
ved
[    0.165080] system 00:07: [mem 0x000e0000-0x000fffff] could not be reser=
ved
[    0.165408] system 00:07: [mem 0x00100000-0xbfffffff] could not be reser=
ved
[    0.165738] system 00:07: [mem 0xfed90000-0xffffffff] could not be reser=
ved
[    0.166071] system 00:07: Plug and Play ACPI device, IDs PNP0c01 (active)
[    0.166533] pnp: PnP ACPI: found 8 devices
[    0.172401] clocksource: acpi_pm: mask: 0xffffff max_cycles: 0xffffff, m=
ax_idle_ns: 2085701024 ns
[    0.172869] pci 0000:00:03.0: PCI bridge to [bus 01]
[    0.173125] pci 0000:00:03.0:   bridge window [io  0xd000-0xdfff]
[    0.173421] pci 0000:00:03.0:   bridge window [mem 0xfbd00000-0xfbdfffff]
[    0.173745] pci 0000:00:03.0:   bridge window [mem 0xd0000000-0xdfffffff=
 64bit pref]
[    0.174139] pci 0000:00:1c.0: PCI bridge to [bus 02]
[    0.174392] pci 0000:00:1c.0:   bridge window [io  0x1000-0x1fff]
[    0.174690] pci 0000:00:1c.0:   bridge window [mem 0xc0000000-0xc01fffff]
[    0.175015] pci 0000:00:1c.0:   bridge window [mem 0xc0200000-0xc03fffff=
 64bit pref]
[    0.175406] pci 0000:00:1c.1: PCI bridge to [bus 03]
[    0.175660] pci 0000:00:1c.1:   bridge window [io  0xe000-0xefff]
[    0.175956] pci 0000:00:1c.1:   bridge window [mem 0xfbe00000-0xfbefffff]
[    0.176283] pci 0000:00:1c.1:   bridge window [mem 0xc0400000-0xc05fffff=
 64bit pref]
[    0.176675] pci 0000:00:1c.4: PCI bridge to [bus 04]
[    0.176928] pci 0000:00:1c.4:   bridge window [io  0x2000-0x2fff]
[    0.177229] pci 0000:00:1c.4:   bridge window [mem 0xc0600000-0xc07fffff]
[    0.177553] pci 0000:00:1c.4:   bridge window [mem 0xc0800000-0xc09fffff=
 64bit pref]
[    0.177946] pci 0000:05:00.0: BAR 6: assigned [mem 0xfbf00000-0xfbf0ffff=
 pref]
[    0.178319] pci 0000:00:1c.5: PCI bridge to [bus 05]
[    0.178575] pci 0000:00:1c.5:   bridge window [mem 0xfbf00000-0xfbffffff]
[    0.178901] pci 0000:00:1e.0: PCI bridge to [bus 06]
[    0.179164] pci_bus 0000:00: resource 4 [io  0x0000-0x0cf7 window]
[    0.179462] pci_bus 0000:00: resource 5 [io  0x0d00-0xffff window]
[    0.179761] pci_bus 0000:00: resource 6 [mem 0x000a0000-0x000bffff windo=
w]
[    0.180089] pci_bus 0000:00: resource 7 [mem 0xc0000000-0xdfffffff windo=
w]
[    0.180413] pci_bus 0000:00: resource 8 [mem 0xf0000000-0xfed8ffff windo=
w]
[    0.180738] pci_bus 0000:01: resource 0 [io  0xd000-0xdfff]
[    0.181015] pci_bus 0000:01: resource 1 [mem 0xfbd00000-0xfbdfffff]
[    0.181317] pci_bus 0000:01: resource 2 [mem 0xd0000000-0xdfffffff 64bit=
 pref]
[    0.181686] pci_bus 0000:02: resource 0 [io  0x1000-0x1fff]
[    0.181961] pci_bus 0000:02: resource 1 [mem 0xc0000000-0xc01fffff]
[    0.182267] pci_bus 0000:02: resource 2 [mem 0xc0200000-0xc03fffff 64bit=
 pref]
[    0.182636] pci_bus 0000:03: resource 0 [io  0xe000-0xefff]
[    0.182911] pci_bus 0000:03: resource 1 [mem 0xfbe00000-0xfbefffff]
[    0.183215] pci_bus 0000:03: resource 2 [mem 0xc0400000-0xc05fffff 64bit=
 pref]
[    0.183584] pci_bus 0000:04: resource 0 [io  0x2000-0x2fff]
[    0.183859] pci_bus 0000:04: resource 1 [mem 0xc0600000-0xc07fffff]
[    0.184165] pci_bus 0000:04: resource 2 [mem 0xc0800000-0xc09fffff 64bit=
 pref]
[    0.184534] pci_bus 0000:05: resource 1 [mem 0xfbf00000-0xfbffffff]
[    0.184836] pci_bus 0000:06: resource 4 [io  0x0000-0x0cf7 window]
[    0.185138] pci_bus 0000:06: resource 5 [io  0x0d00-0xffff window]
[    0.185436] pci_bus 0000:06: resource 6 [mem 0x000a0000-0x000bffff windo=
w]
[    0.185761] pci_bus 0000:06: resource 7 [mem 0xc0000000-0xdfffffff windo=
w]
[    0.186160] pci_bus 0000:06: resource 8 [mem 0xf0000000-0xfed8ffff windo=
w]
[    0.186536] pci_bus 0000:ff: resource 4 [io  0x0000-0xffff]
[    0.186811] pci_bus 0000:ff: resource 5 [mem 0x00000000-0xfffffffff]
[    0.187143] NET: Registered protocol family 2
[    0.187579] tcp_listen_portaddr_hash hash table entries: 4096 (order: 4,=
 65536 bytes)
[    0.188012] TCP established hash table entries: 65536 (order: 7, 524288 =
bytes)
[    0.188575] TCP bind hash table entries: 65536 (order: 8, 1048576 bytes)
[    0.189197] TCP: Hash tables configured (established 65536 bind 65536)
[    0.189556] UDP hash table entries: 4096 (order: 5, 131072 bytes)
[    0.189899] UDP-Lite hash table entries: 4096 (order: 5, 131072 bytes)
[    0.190292] NET: Registered protocol family 1
[    0.190622] RPC: Registered named UNIX socket transport module.
[    0.190911] RPC: Registered udp transport module.
[    0.191155] RPC: Registered tcp transport module.
[    0.191396] RPC: Registered tcp NFSv4.1 backchannel transport module.
[    0.191810] IOAPIC[0]: Set routing entry (8-16 -> 0xef -> IRQ 16 Mode:1 =
Active:1 Dest:1)
[    0.192376] IOAPIC[0]: Set routing entry (8-23 -> 0xef -> IRQ 23 Mode:1 =
Active:1 Dest:1)
[    0.192873] pci 0000:01:00.0: Video device with shadowed ROM at [mem 0x0=
00c0000-0x000dffff]
[    0.193291] pci 0000:01:00.1: Linked as a consumer to 0000:01:00.0
[    0.193614] PCI: CLS 32 bytes, default 64
[    0.193884] Unpacking initramfs...
[    5.230049] Freeing initrd memory: 353316K
[    5.230275] PCI-DMA: Using software bounce buffering for IO (SWIOTLB)
[    5.230584] software IO TLB [mem 0xbb780000-0xbf780000] (64MB) mapped at=
 [00000000644dc069-000000001edba9bd]
[    5.232565] Initialise system trusted keyrings
[    5.232826] workingset: timestamp_bits=3D36 max_order=3D21 bucket_order=
=3D0
[    5.234350] zbud: loaded
[    5.235003] 9p: Installing v9fs 9p2000 file system support
[    5.235291] pstore: using deflate compression
[    5.235565] SELinux:  Registering netfilter hooks
[    5.236671] NET: Registered protocol family 38
[    5.236904] Key type asymmetric registered
[    5.237130] Asymmetric key parser 'x509' registered
[    5.237402] Block layer SCSI generic (bsg) driver version 0.4 loaded (ma=
jor 247)
[    5.237805] io scheduler noop registered
[    5.238020] io scheduler deadline registered (default)
[    5.238314] io scheduler cfq registered
[    5.238523] io scheduler mq-deadline registered (default)
[    5.238791] io scheduler kyber registered
[    5.239047] atomic64_test: passed for x86-64 platform with CX8 and with =
SSE
[    5.239555] IOAPIC[0]: Set routing entry (8-16 -> 0xef -> IRQ 16 Mode:1 =
Active:1 Dest:1)
[    5.240069] IOAPIC[0]: Set routing entry (8-17 -> 0xef -> IRQ 17 Mode:1 =
Active:1 Dest:1)
[    5.240813] intel_idle: MWAIT substates: 0x1120
[    5.241054] intel_idle: v0.4.1 model 0x1E
[    5.241481] intel_idle: lapic_timer_reliable_states 0x2
[    5.241807] input: Power Button as /devices/LNXSYSTM:00/LNXSYBUS:00/PNP0=
C0C:00/input/input0
[    5.242232] ACPI: Power Button [PWRB]
[    5.242463] input: Power Button as /devices/LNXSYSTM:00/LNXPWRBN:00/inpu=
t/input1
[    5.242847] ACPI: Power Button [PWRF]
[    5.243347] ERST DBG: ERST support is disabled.
[    5.243695] Serial: 8250/16550 driver, 4 ports, IRQ sharing enabled
[    5.244691] Non-volatile memory driver v1.3
[    5.244977] Linux agpgart interface v0.103
[    5.246753] rdac: device handler registered
[    5.247736] hp_sw: device handler registered
[    5.247975] emc: device handler registered
[    5.248373] alua: device handler registered
[    5.248606] MACsec IEEE 802.1AE
[    5.248823] libphy: Fixed MDIO Bus: probed
[    5.249148] tg3.c:v3.137 (May 11, 2014)
[    5.252073] libphy: tg3 mdio bus: probed
[    5.314755] Broadcom BCM57780 500:01: attached PHY driver [Broadcom BCM5=
7780] (mii_bus:phy_addr=3D500:01, irq=3DPOLL)
[    5.316431] tg3 0000:05:00.0 eth0: Tigon3 [partno(BCM57780) rev 57780001=
] (PCI Express) MAC address 00:25:64:e8:ea:c9
[    5.316927] tg3 0000:05:00.0 eth0: RXcsums[1] LinkChgREG[0] MIirq[0] ASF=
[0] TSOcap[1]
[    5.317321] tg3 0000:05:00.0 eth0: dma_rwctrl[76180000] dma_mask[64-bit]
[    5.317724] e1000: Intel(R) PRO/1000 Network Driver - version 7.3.21-k8-=
NAPI
[    5.318056] e1000: Copyright (c) 1999-2006 Intel Corporation.
[    5.318346] e1000e: Intel(R) PRO/1000 Network Driver - 3.2.6-k
[    5.318629] e1000e: Copyright(c) 1999 - 2015 Intel Corporation.
[    5.318928] igb: Intel(R) Gigabit Ethernet Network Driver - version 5.4.=
0-k
[    5.319256] igb: Copyright (c) 2007-2014 Intel Corporation.
[    5.319539] ixgbe: Intel(R) 10 Gigabit PCI Express Network Driver - vers=
ion 5.1.0-k
[    5.319922] ixgbe: Copyright (c) 1999-2016 Intel Corporation.
[    5.320407] usbcore: registered new interface driver catc
[    5.320680] usbcore: registered new interface driver kaweth
[    5.320953] pegasus: v0.9.3 (2013/04/25), Pegasus/Pegasus II USB Etherne=
t driver
[    5.321332] usbcore: registered new interface driver pegasus
[    5.321613] usbcore: registered new interface driver rtl8150
[    5.321894] usbcore: registered new interface driver asix
[    5.322165] usbcore: registered new interface driver cdc_ether
[    5.322451] usbcore: registered new interface driver cdc_eem
[    5.322731] usbcore: registered new interface driver dm9601
[    5.323011] usbcore: registered new interface driver smsc75xx
[    5.323296] usbcore: registered new interface driver smsc95xx
[    5.323578] usbcore: registered new interface driver gl620a
[    5.323855] usbcore: registered new interface driver net1080
[    5.324137] usbcore: registered new interface driver plusb
[    5.324410] usbcore: registered new interface driver rndis_host
[    5.324700] usbcore: registered new interface driver cdc_subset
[    5.324989] usbcore: registered new interface driver zaurus
[    5.325268] usbcore: registered new interface driver MOSCHIP usb-etherne=
t driver
[    5.325645] usbcore: registered new interface driver int51x1
[    5.325924] usbcore: registered new interface driver ipheth
[    5.326203] usbcore: registered new interface driver sierra_net
[    5.326595] ehci_hcd: USB 2.0 'Enhanced' Host Controller (EHCI) Driver
[    5.326909] ehci-pci: EHCI PCI platform driver
[    5.327228] ehci-pci 0000:00:1a.0: EHCI Host Controller
[    5.327588] ehci-pci 0000:00:1a.0: new USB bus registered, assigned bus =
number 1
[    5.327973] ehci-pci 0000:00:1a.0: debug port 2
[    5.332330] ehci-pci 0000:00:1a.0: cache line size of 32 is not supported
[    5.332662] ehci-pci 0000:00:1a.0: irq 16, io mem 0xfbcfc000
[    5.339179] ehci-pci 0000:00:1a.0: USB 2.0 started, EHCI 1.00
[    5.339523] usb usb1: New USB device found, idVendor=3D1d6b, idProduct=
=3D0002, bcdDevice=3D 4.17
[    5.339930] usb usb1: New USB device strings: Mfr=3D3, Product=3D2, Seri=
alNumber=3D1
[    5.340300] usb usb1: Product: EHCI Host Controller
[    5.340547] usb usb1: Manufacturer: Linux 4.17.0-rc1 ehci_hcd
[    5.340827] usb usb1: SerialNumber: 0000:00:1a.0
[    5.341406] hub 1-0:1.0: USB hub found
[    5.341626] hub 1-0:1.0: 2 ports detected
[    5.341993] IOAPIC[0]: Set routing entry (8-23 -> 0xef -> IRQ 23 Mode:1 =
Active:1 Dest:1)
[    5.342420] ehci-pci 0000:00:1d.0: EHCI Host Controller
[    5.342804] ehci-pci 0000:00:1d.0: new USB bus registered, assigned bus =
number 2
[    5.343307] ehci-pci 0000:00:1d.0: debug port 2
[    5.347608] ehci-pci 0000:00:1d.0: cache line size of 32 is not supported
[    5.347943] ehci-pci 0000:00:1d.0: irq 23, io mem 0xfbcf6000
[    5.354180] ehci-pci 0000:00:1d.0: USB 2.0 started, EHCI 1.00
[    5.354510] usb usb2: New USB device found, idVendor=3D1d6b, idProduct=
=3D0002, bcdDevice=3D 4.17
[    5.354942] usb usb2: New USB device strings: Mfr=3D3, Product=3D2, Seri=
alNumber=3D1
[    5.355312] usb usb2: Product: EHCI Host Controller
[    5.355560] usb usb2: Manufacturer: Linux 4.17.0-rc1 ehci_hcd
[    5.355840] usb usb2: SerialNumber: 0000:00:1d.0
[    5.356391] hub 2-0:1.0: USB hub found
[    5.356610] hub 2-0:1.0: 2 ports detected
[    5.356902] ohci_hcd: USB 1.1 'Open' Host Controller (OHCI) Driver
[    5.357281] ohci-pci: OHCI PCI platform driver
[    5.357518] uhci_hcd: USB Universal Host Controller Interface driver
[    5.357855] usbcore: registered new interface driver usbserial_generic
[    5.358245] usbserial: USB Serial support registered for generic
[    5.358548] i8042: PNP: No PS/2 controller found.
[    5.358788] i8042: Probing ports directly.
[    5.359554] serio: i8042 KBD port at 0x60,0x64 irq 1
[    5.359818] serio: i8042 AUX port at 0x60,0x64 irq 12
[    5.360481] mousedev: PS/2 mouse device common for all mice
[    5.360903] rtc_cmos 00:01: RTC can wake from S4
[    5.361499] rtc_cmos 00:01: registered as rtc0
[    5.361759] rtc_cmos 00:01: alarms up to one month, y3k, 114 bytes nvram=
, hpet irqs
[    5.362334] IOAPIC[0]: Set routing entry (8-18 -> 0xef -> IRQ 18 Mode:1 =
Active:1 Dest:1)
[    5.362755] i801_smbus 0000:00:1f.3: SMBus using PCI interrupt
[    5.363137] iTCO_wdt: Intel TCO WatchDog Timer Driver v1.11
[    5.363430] iTCO_wdt: Found a P55 TCO device (Version=3D2, TCOBASE=3D0x0=
860)
[    5.363919] iTCO_wdt: initialized. heartbeat=3D30 sec (nowayout=3D0)
[    5.364455] iTCO_vendor_support: vendor-support=3D0
[    5.364814] hidraw: raw HID events driver (C) Jiri Kosina
[    5.365253] usbcore: registered new interface driver usbhid
[    5.365526] usbhid: USB HID core driver
[    5.365791] drop_monitor: Initializing network drop monitor service
[    5.366217] Initializing XFRM netlink socket
[    5.366528] NET: Registered protocol family 10
[    5.367028] Segment Routing with IPv6
[    5.367244] NET: Registered protocol family 17
[    5.367582] 9pnet: Installing 9P2000 support
[    5.368960] microcode: sig=3D0x106e5, pf=3D0x2, revision=3D0x7
[    5.369585] microcode: Microcode Update Driver: v2.2.
[    5.369662] ... APIC ID:      00000000 (0)
[    5.370175] ... APIC VERSION: 00060015
[    5.370397] 000000000000000000000000000000000000000000000000000000000000=
0000
[    5.370658] 000000000000000000000000000000000000000000000000000000000000=
0000
[    5.370658] 000000000001000000000000000000000000000000000000000000002000=
0000
[    5.371480] number of MP IRQ sources: 15.
[    5.371714] number of IO-APIC #8 registers: 24.
[    5.371967] testing the IO APIC.......................
[    5.372304] IO APIC #8......
[    5.372490] .... register #00: 01000000
[    5.372715] .......    : physical APIC id: 01
[    5.372960] .......    : Delivery Type: 0
[    5.373296] .......    : LTS          : 0
[    5.373527] .... register #01: 00170020
[    5.373751] .......     : max redirection entries: 17
[    5.374090] .......     : PRQ implemented: 0
[    5.374332] .......     : IO APIC version: 20
[    5.374577] .... IRQ redirection table:
[    5.374801] IOAPIC 0:
[    5.374968]  pin00, disabled, edge , high, V(00), IRR(0), S(0), physical=
, D(00), M(0)
[    5.375446]  pin01, enabled , edge , high, V(22), IRR(0), S(0), logical =
, D(04), M(0)
[    5.375869]  pin02, enabled , edge , high, V(30), IRR(0), S(0), logical =
, D(01), M(0)
[    5.376399]  pin03, disabled, edge , high, V(00), IRR(0), S(0), physical=
, D(00), M(0)
[    5.376823]  pin04, disabled, edge , high, V(00), IRR(0), S(0), physical=
, D(00), M(0)
[    5.377396]  pin05, disabled, edge , high, V(00), IRR(0), S(0), physical=
, D(00), M(0)
[    5.377820]  pin06, disabled, edge , high, V(00), IRR(0), S(0), physical=
, D(00), M(0)
[    5.378296]  pin07, disabled, edge , high, V(00), IRR(0), S(0), physical=
, D(00), M(0)
[    5.378720]  pin08, enabled , edge , high, V(22), IRR(0), S(0), logical =
, D(08), M(0)
[    5.379198]  pin09, enabled , level, high, V(21), IRR(0), S(0), logical =
, D(02), M(0)
[    5.379621]  pin0a, disabled, edge , high, V(00), IRR(0), S(0), physical=
, D(00), M(0)
[    5.380069]  pin0b, disabled, edge , high, V(00), IRR(0), S(0), physical=
, D(00), M(0)
[    5.380653]  pin0c, enabled , edge , high, V(21), IRR(0), S(0), logical =
, D(80), M(0)
[    5.381081]  pin0d, disabled, edge , high, V(00), IRR(0), S(0), physical=
, D(00), M(0)
[    5.381505]  pin0e, disabled, edge , high, V(00), IRR(0), S(0), physical=
, D(00), M(0)
[    5.381929]  pin0f, disabled, edge , high, V(00), IRR(0), S(0), physical=
, D(00), M(0)
[    5.382406]  pin10, enabled , level, low , V(21), IRR(0), S(0), logical =
, D(20), M(0)
[    5.382830]  pin11, disabled, edge , high, V(00), IRR(0), S(0), physical=
, D(00), M(0)
[    5.383279]  pin12, enabled , level, low , V(22), IRR(0), S(0), logical =
, D(10), M(0)
[    5.383703]  pin13, disabled, edge , high, V(00), IRR(0), S(0), physical=
, D(00), M(0)
[    5.384179]  pin14, disabled, edge , high, V(00), IRR(0), S(0), physical=
, D(00), M(0)
[    5.384603]  pin15, disabled, edge , high, V(00), IRR(0), S(0), physical=
, D(00), M(0)
[    5.385094]  pin16, disabled, edge , high, V(00), IRR(0), S(0), physical=
, D(00), M(0)
[    5.385518]  pin17, enabled , level, low , V(21), IRR(0), S(0), logical =
, D(40), M(0)
[    5.386624] IRQ to pin mappings:
[    5.386824] IRQ0 -> 0:2
[    5.386994] IRQ1 -> 0:1
[    5.387194] IRQ3 -> 0:3
[    5.387364] IRQ4 -> 0:4
[    5.387533] IRQ5 -> 0:5
[    5.387702] IRQ6 -> 0:6
[    5.387871] IRQ7 -> 0:7
[    5.388065] IRQ8 -> 0:8
[    5.388235] IRQ9 -> 0:9
[    5.388404] IRQ10 -> 0:10
[    5.388581] IRQ11 -> 0:11
[    5.388757] IRQ12 -> 0:12
[    5.388933] IRQ13 -> 0:13
[    5.389164] IRQ14 -> 0:14
[    5.389340] IRQ15 -> 0:15
[    5.389517] IRQ16 -> 0:16
[    5.389693] IRQ17 -> 0:17
[    5.389869] IRQ18 -> 0:18
[    5.390112] IRQ23 -> 0:23
[    5.390289] .................................... done.
[    5.390578] sched_clock: Marking stable (5390064964, 0)->(5496656545, -1=
06591581)
[    5.391424] registered taskstats version 1
[    5.391642] Loading compiled-in X.509 certificates
[    5.391901] zswap: loaded using pool lzo/zbud
[    5.394618] Key type big_key registered
[    5.397349] Key type trusted registered
[    5.399998] Key type encrypted registered
[    5.400270] ima: No TPM chip found, activating TPM-bypass! (rc=3D-19)
[    5.400598] ima: Allocated hash algorithm: sha1
[    5.400879] evm: HMAC attrs: 0x1
[    5.401898] rtc_cmos 00:01: setting system clock to 2018-04-16 13:26:29 =
UTC (1523885189)
[    5.433381] IPv6: ADDRCONF(NETDEV_UP): eth0: link is not ready
[    5.665176] usb 1-1: new high-speed USB device number 2 using ehci-pci
[    5.681178] usb 2-1: new high-speed USB device number 2 using ehci-pci
[    5.793627] usb 1-1: New USB device found, idVendor=3D8087, idProduct=3D=
0020, bcdDevice=3D 0.00
[    5.794069] usb 1-1: New USB device strings: Mfr=3D0, Product=3D0, Seria=
lNumber=3D0
[    5.794801] hub 1-1:1.0: USB hub found
[    5.795321] hub 1-1:1.0: 6 ports detected
[    5.809985] usb 2-1: New USB device found, idVendor=3D8087, idProduct=3D=
0020, bcdDevice=3D 0.00
[    5.810410] usb 2-1: New USB device strings: Mfr=3D0, Product=3D0, Seria=
lNumber=3D0
[    5.811318] hub 2-1:1.0: USB hub found
[    5.811710] hub 2-1:1.0: 8 ports detected
[    6.071172] usb 1-1.4: new full-speed USB device number 3 using ehci-pci
[    6.087258] usb 2-1.2: new high-speed USB device number 3 using ehci-pci
[    6.158796] usb 1-1.4: New USB device found, idVendor=3D14dd, idProduct=
=3D1005, bcdDevice=3D 0.00
[    6.159336] usb 1-1.4: New USB device strings: Mfr=3D1, Product=3D2, Ser=
ialNumber=3D3
[    6.159723] usb 1-1.4: Product: D2CIM-VUSB
[    6.159940] usb 1-1.4: Manufacturer: Raritan
[    6.160167] usb 1-1.4: SerialNumber: EFFB212D0A6E2DE
[    6.168114] input: Raritan D2CIM-VUSB as /devices/pci0000:00/0000:00:1a.=
0/usb1/1-1/1-1.4/1-1.4:1.0/0003:14DD:1005.0001/input/input5
[    6.169869] usb 2-1.2: New USB device found, idVendor=3D18e3, idProduct=
=3D9106, bcdDevice=3D 1.00
[    6.170301] usb 2-1.2: New USB device strings: Mfr=3D1, Product=3D2, Ser=
ialNumber=3D3
[    6.170671] usb 2-1.2: Product: Mass Storage Device
[    6.170918] usb 2-1.2: Manufacturer: Generic
[    6.171251] usb 2-1.2: SerialNumber: 18E391066476
[    6.220993] hid-generic 0003:14DD:1005.0001: input,hidraw0: USB HID v1.1=
1 Keyboard [Raritan D2CIM-VUSB] on usb-0000:00:1a.0-1.4/input0
[    6.239156] tsc: Refined TSC clocksource calibration: 2925.981 MHz
[    6.239471] clocksource: tsc: mask: 0xffffffffffffffff max_cycles: 0x2a2=
d228446b, max_idle_ns: 440795275274 ns
[    6.240140] clocksource: Switched to clocksource tsc
[    6.496191] tg3 0000:05:00.0 eth0: Link is down
[    8.544243] tg3 0000:05:00.0 eth0: Link is up at 1000 Mbps, full duplex
[    8.544585] tg3 0000:05:00.0 eth0: Flow control is on for TX and on for =
RX
[    8.547190] IPv6: ADDRCONF(NETDEV_CHANGE): eth0: link becomes ready
[    8.559136] Sending DHCP requests ., OK
[    8.825365] IP-Config: Got DHCP answer from 192.168.1.1, my address is 1=
92.168.1.166
[    8.825751] IP-Config: Complete:
[    8.825935]      device=3Deth0, hwaddr=3D00:25:64:e8:ea:c9, ipaddr=3D192=
=2E168.1.166, mask=3D255.255.255.0, gw=3D192.168.1.1
[    8.826633]      host=3Dnhm-white, domain=3Dlkp.intel.com, nis-domain=3D=
(none)
[    8.826949]      bootserver=3D192.168.1.1, rootserver=3D192.168.1.1, roo=
tpath=3D     nameserver0=3D192.168.1.1
[    8.829874] Freeing unused kernel memory: 2384K
[    8.830114] Write protecting the kernel read-only data: 20480k
[    8.831174] Freeing unused kernel memory: 2012K
[    8.835089] Freeing unused kernel memory: 1976K
[    8.835336] rodata_test: all tests were successful
[    8.838684] systemd[1]: RTC configured in localtime, applying delta of 4=
80 minutes to system time.
[    8.971257] shpchp: Standard Hot Plug PCI Controller Driver version: 0.4
[    8.975523] EDAC MC0: Giving out device to module i7core_edac.c controll=
er i7 core #0: DEV 0000:ff:03.0 (INTERRUPT)
[    8.975773] libata version 3.00 loaded.
[    8.976525] EDAC PCI0: Giving out device to module i7core_edac controlle=
r EDAC PCI controller: DEV 0000:ff:03.0 (POLLED)
[    8.977604] ata_piix 0000:00:1f.2: version 2.13
[    8.978027] IOAPIC[0]: Set routing entry (8-19 -> 0xef -> IRQ 19 Mode:1 =
Active:1 Dest:1)
[    8.978184] EDAC i7core: Driver loaded, 1 memory controller(s) found.
[    8.978447] ata_piix 0000:00:1f.2: MAP [ P0 P2 P1 P3 ]
[    8.987348] scsi host0: ata_piix
[    8.992174] scsi host1: ata_piix
[    8.992616] ata1: SATA max UDMA/133 cmd 0xcc00 ctl 0xc880 bmdma 0xc400 i=
rq 19
[    8.992959] ata2: SATA max UDMA/133 cmd 0xc800 ctl 0xc480 bmdma 0xc408 i=
rq 19
[    8.993873] ata_piix 0000:00:1f.5: MAP [ P0 -- P1 -- ]
[    9.001915] input: PC Speaker as /devices/platform/pcspkr/input/input6
[    9.005857] scsi host2: ata_piix
[    9.006186] scsi host3: ata_piix
[    9.006430] ata3: SATA max UDMA/133 cmd 0xbc00 ctl 0xb880 bmdma 0xb400 i=
rq 19
[    9.006776] ata4: SATA max UDMA/133 cmd 0xb800 ctl 0xb480 bmdma 0xb408 i=
rq 19
[    9.007963] dell_smm_hwmon: broken Dell BIOS detected, disallow fan type=
 call
[    9.011383] Error: Driver 'pcspkr' is already registered, aborting...
[    9.012167] usb-storage 2-1.2:1.0: USB Mass Storage device detected
[    9.016883] IOAPIC[0]: Set routing entry (8-22 -> 0xef -> IRQ 22 Mode:1 =
Active:1 Dest:1)
[    9.017587] snd_hda_intel 0000:01:00.1: Handle vga_switcheroo audio clie=
nt
[    9.018731] scsi host4: usb-storage 2-1.2:1.0
[    9.018969] dcdbas dcdbas: Dell Systems Management Base Driver (version =
5.6.0-3.2)
[    9.019072] usbcore: registered new interface driver usb-storage
[    9.019401] kvm: VM_EXIT_LOAD_IA32_PERF_GLOBAL_CTRL does not work proper=
ly. Using workaround
[    9.020691] usbcore: registered new interface driver uas
[    9.036208] snd_hda_codec_realtek hdaudioC0D0: autoconfig for ALC887: li=
ne_outs=3D4 (0x14/0x15/0x16/0x17/0x0) type:line
[    9.036718] snd_hda_codec_realtek hdaudioC0D0:    speaker_outs=3D0 (0x0/=
0x0/0x0/0x0/0x0)
[    9.037128] snd_hda_codec_realtek hdaudioC0D0:    hp_outs=3D1 (0x1b/0x0/=
0x0/0x0/0x0)
[    9.037514] snd_hda_codec_realtek hdaudioC0D0:    mono: mono_out=3D0x0
[    9.037823] snd_hda_codec_realtek hdaudioC0D0:    dig-out=3D0x11/0x1e
[    9.038135] snd_hda_codec_realtek hdaudioC0D0:    inputs:
[    9.038414] snd_hda_codec_realtek hdaudioC0D0:      Front Mic=3D0x19
[    9.038721] snd_hda_codec_realtek hdaudioC0D0:      Rear Mic=3D0x18
[    9.039039] snd_hda_codec_realtek hdaudioC0D0:      Line=3D0x1a
[    9.046061] firewire_ohci 0000:03:00.0: added OHCI v1.10 device as card =
0, 4 IR + 8 IT contexts, quirks 0x11
[    9.047923] input: HDA ATI HDMI HDMI/DP,pcm=3D3 as /devices/pci0000:00/0=
000:00:03.0/0000:01:00.1/sound/card1/input7
[    9.051864] alloc_contig_range: [19ae40, 19ae60) PFNs busy
[    9.061763] input: HDA Intel MID Front Mic as /devices/pci0000:00/0000:0=
0:1b.0/sound/card0/input8
[    9.062354] input: HDA Intel MID Rear Mic as /devices/pci0000:00/0000:00=
:1b.0/sound/card0/input9
[    9.062903] input: HDA Intel MID Line as /devices/pci0000:00/0000:00:1b.=
0/sound/card0/input10
[    9.063439] input: HDA Intel MID Line Out Front as /devices/pci0000:00/0=
000:00:1b.0/sound/card0/input11
[    9.063983] input: HDA Intel MID Line Out Surround as /devices/pci0000:0=
0/0000:00:1b.0/sound/card0/input12
[    9.064532] input: HDA Intel MID Line Out CLFE as /devices/pci0000:00/00=
00:00:1b.0/sound/card0/input13
[    9.065069] input: HDA Intel MID Line Out Side as /devices/pci0000:00/00=
00:00:1b.0/sound/card0/input14
[    9.065573] input: HDA Intel MID Front Headphone as /devices/pci0000:00/=
0000:00:1b.0/sound/card0/input15
[    9.112276] Kernel tests: Boot OK!
[    9.112280]=20
[    9.122855] install debs round one: dpkg -i --force-confdef --force-depe=
nds /opt/deb/debconf_1.5.66_all.deb
[    9.122858]=20
[    9.124954] /opt/deb/libtext-charwidth-perl_0.04-7.1_amd64.deb
[    9.124956]=20
[    9.126728] /opt/deb/libtext-iconv-perl_1.7-5+b6_amd64.deb
[    9.126730]=20
[    9.128277] /opt/deb/perl-base_5.26.1-5_amd64.deb
[    9.128279]=20
[    9.130192] /opt/deb/liblocale-gettext-perl_1.07-3+b3_amd64.deb
[    9.130194]=20
[    9.132014] /opt/deb/perl-modules-5.26_5.26.1-5_all.deb
[    9.132016]=20
[    9.133420] /opt/deb/mime-support_3.60_all.deb
[    9.133422]=20
[    9.135049] /opt/deb/libgdbm-compat4_1.14.1-6_amd64.deb
[    9.135050]=20
[    9.136588] /opt/deb/libperl5.26_5.26.1-5_amd64.deb
[    9.136590]=20
[    9.138741] /opt/deb/libssl1.1_1.1.0h-2_amd64.deb
[    9.138742]=20
[    9.140145] /opt/deb/sysstat_11.6.1-1_amd64.deb
[    9.140147]=20
[    9.141694] /opt/deb/gawk_1%3a4.1.4+dfsg-1_amd64.deb
[    9.141695]=20
[    9.143134] /opt/deb/sysstat_11.6.0-1_amd64.deb
[    9.143136]=20
[    9.145600] (Reading database ... 2202 files and directories currently i=
nstalled.)
[    9.145601]=20
[    9.148012] Preparing to unpack .../opt/deb/debconf_1.5.66_all.deb ...
[    9.148014]=20
[    9.149860] Unpacking debconf (1.5.66) over (1.5.59) ...
[    9.149862]=20
[    9.152349] Preparing to unpack .../libtext-charwidth-perl_0.04-7.1_amd6=
4.deb ...
[    9.152351]=20
[    9.154713] Unpacking libtext-charwidth-perl (0.04-7.1) over (0.04-7+b4)=
 ...
[    9.154714]=20
[    9.157141] Preparing to unpack .../libtext-iconv-perl_1.7-5+b6_amd64.de=
b ...
[    9.157143]=20
[    9.159352] Unpacking libtext-iconv-perl (1.7-5+b6) over (1.7-5+b3) ...
[    9.159354]=20
[    9.161411] Preparing to unpack .../perl-base_5.26.1-5_amd64.deb ...
[    9.161413]=20
[    9.163390] Unpacking perl-base (5.26.1-5) over (5.22.2-3) ...
[    9.163392]=20
[    9.302924] Preparing to unpack .../liblocale-gettext-perl_1.07-3+b3_amd=
64.deb ...
[    9.302928]=20
[    9.305693] Unpacking liblocale-gettext-perl (1.07-3+b3) over (1.07-3) .=
=2E.
[    9.305695]=20
[    9.320121] Selecting previously unselected package perl-modules-5.26.
[    9.320127]=20
[    9.326184] Preparing to unpack .../perl-modules-5.26_5.26.1-5_all.deb .=
=2E.
[    9.326187]=20
[    9.328743] ata3: SATA link down (SStatus 0 SControl 300)
[    9.329068] Unpacking perl-modules-5.26 (5.26.1-5) ...
[    9.329070]=20
[    9.339950] ata4: SATA link down (SStatus 0 SControl 300)
[    9.551205] firewire_core 0000:03:00.0: created device fw0: GUID 0025648=
000e8eac9, S400
[    9.624747] ata1.00: SATA link down (SStatus 0 SControl 300)
[    9.625059] ata1.01: SATA link down (SStatus 0 SControl 300)
[    9.628169] Selecting previously unselected package mime-support.
[    9.628172]=20
[    9.632461] Preparing to unpack .../deb/mime-support_3.60_all.deb ...
[    9.632465]=20
[    9.634494] Unpacking mime-support (3.60) ...
[    9.634496]=20
[    9.649950] Selecting previously unselected package libgdbm-compat4:amd6=
4.
[    9.649954]=20
[    9.653598] Preparing to unpack .../libgdbm-compat4_1.14.1-6_amd64.deb .=
=2E.
[    9.653600]=20
[    9.656396] Unpacking libgdbm-compat4:amd64 (1.14.1-6) ...
[    9.656398]=20
[    9.670194] Selecting previously unselected package libperl5.26:amd64.
[    9.670200]=20
[    9.676974] Preparing to unpack .../libperl5.26_5.26.1-5_amd64.deb ...
[    9.676979]=20
[    9.679600] Unpacking libperl5.26:amd64 (5.26.1-5) ...
[    9.679602]=20
[    9.767120] ata2.00: SATA link up 1.5 Gbps (SStatus 113 SControl 300)
[    9.767444] ata2.01: SATA link up 3.0 Gbps (SStatus 123 SControl 300)
[    9.789253] ata2.00: ATAPI: HL-DT-ST DVD+/-RW GH50N, B102, max UDMA/100
[    9.789811] ata2.01: ATA-8: Hitachi HDT721050SLA360, ST3OA38E, max UDMA/=
133
[    9.790184] ata2.01: 976773168 sectors, multi 16: LBA48 NCQ (depth 0/32)
[    9.812241] ata2.00: configured for UDMA/100
[    9.816108] random: crng init done
[    9.817475] ata2.01: configured for UDMA/133
[    9.826799] scsi 1:0:0:0: CD-ROM            HL-DT-ST DVD+-RW GH50N    B1=
02 PQ: 0 ANSI: 5
[    9.848140] scsi 1:0:1:0: Direct-Access     ATA      Hitachi HDT72105 A3=
8E PQ: 0 ANSI: 5
[    9.850733] scsi 1:0:0:0: Attached scsi generic sg0 type 5
[    9.851042] scsi 1:0:1:0: Attached scsi generic sg1 type 0
[    9.852720] sd 1:0:1:0: [sda] 976773168 512-byte logical blocks: (500 GB=
/466 GiB)
[    9.853132] sd 1:0:1:0: [sda] Write Protect is off
[    9.853388] sd 1:0:1:0: [sda] Mode Sense: 00 3a 00 00
[    9.883974] sd 1:0:1:0: [sda] Write cache: enabled, read cache: enabled,=
 doesn't support DPO or FUA
[    9.884012] sr 1:0:0:0: [sr0] scsi3-mmc drive: 48x/48x writer dvd-ram cd=
/rw xa/form2 cdda tray
[    9.884847] cdrom: Uniform CD-ROM driver Revision: 3.20
[    9.885217] sr 1:0:0:0: Attached scsi CD-ROM sr0
[    9.934355]  sda: sda1 sda2 < sda5 >
[    9.987185] sd 1:0:1:0: [sda] Attached SCSI disk
[   10.034082] Selecting previously unselected package libssl1.1:amd64.
[   10.034089]=20
[   10.036387] Preparing to unpack .../libssl1.1_1.1.0h-2_amd64.deb ...
[   10.036389]=20
[   10.038138] Unpacking libssl1.1:amd64 (1.1.0h-2) ...
[   10.038139]=20
[   10.080147] scsi 4:0:0:0: Direct-Access     Generic- SD/MMC           1.=
00 PQ: 0 ANSI: 0
[   10.081291] scsi 4:0:0:1: Direct-Access     Generic- Compact Flash    1.=
01 PQ: 0 ANSI: 0
[   10.082405] scsi 4:0:0:2: Direct-Access     Generic- SM/xD-Picture    1.=
02 PQ: 0 ANSI: 0
[   10.083476] scsi 4:0:0:3: Direct-Access     Generic- MS/MS-Pro        1.=
03 PQ: 0 ANSI: 0
[   10.084226] sd 4:0:0:0: Attached scsi generic sg2 type 0
[   10.084703] sd 4:0:0:1: Attached scsi generic sg3 type 0
[   10.085758] sd 4:0:0:2: Attached scsi generic sg4 type 0
[   10.086218] sd 4:0:0:3: Attached scsi generic sg5 type 0
[   10.114964] sd 4:0:0:0: [sdb] Attached SCSI removable disk
[   10.117160] sd 4:0:0:1: [sdc] Attached SCSI removable disk
[   10.117857] sd 4:0:0:2: [sdd] Attached SCSI removable disk
[   10.118590] sd 4:0:0:3: [sde] Attached SCSI removable disk
[   10.135486] Selecting previously unselected package sysstat.
[   10.135489]=20
[   10.137600] Preparing to unpack .../deb/sysstat_11.6.1-1_amd64.deb ...
[   10.137601]=20
[   10.138963] Unpacking sysstat (11.6.1-1) ...
[   10.138965]=20
[   10.181075] Preparing to unpack .../gawk_1%3a4.1.4+dfsg-1_amd64.deb ...
[   10.181079]=20
[   10.184115] Unpacking gawk (1:4.1.4+dfsg-1) over (1:4.1.1+dfsg-1) ...
[   10.184118]=20
[   10.255318] Preparing to unpack .../deb/sysstat_11.6.0-1_amd64.deb ...
[   10.255321]=20
[   10.257141] Unpacking sysstat (11.6.0-1) over (11.6.1-1) ...
[   10.257142]=20
[   10.338474] More than one copy of package sysstat has been unpacked
[   10.338479]=20
[   10.341286]  in this run !  Only configuring it once.
[   10.341288]=20
[   10.343220] Setting up perl-base (5.26.1-5) ...
[   10.343222]=20
[   10.345638] Setting up liblocale-gettext-perl (1.07-3+b3) ...
[   10.345641]=20
[   10.347944] Setting up perl-modules-5.26 (5.26.1-5) ...
[   10.347946]=20
[   10.349998] Setting up mime-support (3.60) ...
[   10.350000]=20
[   10.354573] Setting up debconf (1.5.66) ...
[   10.354575]=20
[   10.548465] Setting up libtext-charwidth-perl (0.04-7.1) ...
[   10.548468]=20
[   10.550088] Setting up libtext-iconv-perl (1.7-5+b6) ...
[   10.550092]=20
[   10.551568] Setting up libssl1.1:amd64 (1.1.0h-2) ...
[   10.551569]=20
[   10.689359] Setting up libgdbm-compat4:amd64 (1.14.1-6) ...
[   10.689364]=20
[   10.692375] Setting up libperl5.26:amd64 (5.26.1-5) ...
[   10.692378]=20
[   10.694361] Setting up sysstat (11.6.0-1) ...
[   10.694364]=20
[   11.299216] Setting up gawk (1:4.1.4+dfsg-1) ...
[   11.299221]=20
[   11.305136] Processing triggers for libc-bin (2.23-5) ...
[   11.305140]=20
[   11.308063] Processing triggers for systemd (231-5) ...
[   11.308065]=20
[   17.427966] 16 Apr 17:28:44 ntpdate[639]: step time server 192.168.1.1 o=
ffset 14522.882175 sec
[   17.427971]=20
[   17.688772] EXT4-fs (sda1): mounted filesystem with ordered data mode. O=
pts: (null)
[   17.751119] netpoll: netconsole: local port 6665
[   17.751380] netpoll: netconsole: local IPv4 address 0.0.0.0
[   17.751674] netpoll: netconsole: interface 'eth0'
[   17.752098] netpoll: netconsole: remote port 6647
[   17.752358] netpoll: netconsole: remote IPv4 address 192.168.1.1
[   17.752670] netpoll: netconsole: remote ethernet address ff:ff:ff:ff:ff:=
ff
[   17.753029] netpoll: netconsole: local IP 192.168.1.166
[   17.763454] console [netcon0] enabled
[   17.763662] netconsole: network logging started
[   17.765425] /lkp/lkp/src/bin/run-lkp
[   17.765427]=20
[   17.793117] RESULT_ROOT=3D/result/unixbench/300s-100%-shell1/nhm-white/d=
ebian-x86_64-2016-08-31.cgz/x86_64-rhel-7.2/gcc-7/60cc43fc888428bb2f18f0899=
7432d426a243338/1
[   17.793120]=20
[   17.805574] job=3D/lkp/scheduled/nhm-white/unixbench-300s-100%-shell1-de=
bian-x86_64-2016-08-31.cgz-60cc43fc888428bb2f18f08997432d426a243338-2018041=
6-49036-1w11h1c-0.yaml
[   17.805577]=20
[   17.808259] mount.nfs: try 1 time...
[   17.808261]=20
[   17.842298] run-job /lkp/scheduled/nhm-white/unixbench-300s-100%-shell1-=
debian-x86_64-2016-08-31.cgz-60cc43fc888428bb2f18f08997432d426a243338-20180=
416-49036-1w11h1c-0.yaml
[   17.842302]=20
[   17.874161] /usr/bin/curl -sSf http://inn:80/~lkp/cgi-bin/lkp-jobfile-ap=
pend-var?job_file=3D/lkp/scheduled/nhm-white/unixbench-300s-100%25-shell1-d=
ebian-x86_64-2016-08-31.cgz-60cc43fc888428bb2f18f08997432d426a243338-201804=
16-49036-1w11h1c-0.yaml&job_state=3Drunning -o /dev/null
[   17.874164]=20
[   18.056171] microcode current_version: 0x7, target_version: 0x7
[   18.056175]=20
[   18.081672] kernel profiling enabled schedstats, disable via kernel.sche=
d_schedstats.
[   18.091609] capability: warning: `turbostat' uses 32-bit capabilities (l=
egacy support in use)
[   18.097435] x86/PAT: bmc-watchdog:962 map pfn expected mapping type unca=
ched-minus for [mem 0xbf780000-0xbf780fff], got write-back
[   18.098041] x86/PAT: bmc-watchdog:962 map pfn expected mapping type unca=
ched-minus for [mem 0xbf780000-0xbf780fff], got write-back
[   18.098826] x86/PAT: bmc-watchdog:962 map pfn expected mapping type unca=
ched-minus for [mem 0xbf780000-0xbf780fff], got write-back
[   18.099416] x86/PAT: bmc-watchdog:962 map pfn expected mapping type unca=
ched-minus for [mem 0xbf780000-0xbf780fff], got write-back
[   18.100176] x86/PAT: bmc-watchdog:962 map pfn expected mapping type unca=
ched-minus for [mem 0xbf780000-0xbf780fff], got write-back
[   18.100739] x86/PAT: bmc-watchdog:962 map pfn expected mapping type unca=
ched-minus for [mem 0xbf780000-0xbf780fff], got write-back
[   18.101485] x86/PAT: bmc-watchdog:962 map pfn expected mapping type unca=
ched-minus for [mem 0xbf780000-0xbf780fff], got write-back
[   18.102057] x86/PAT: bmc-watchdog:962 map pfn expected mapping type unca=
ched-minus for [mem 0xbf780000-0xbf780fff], got write-back
[   18.102787] x86/PAT: bmc-watchdog:962 map pfn expected mapping type unca=
ched-minus for [mem 0xbf780000-0xbf780fff], got write-back
[   18.103346] x86/PAT: bmc-watchdog:962 map pfn expected mapping type unca=
ched-minus for [mem 0xbf780000-0xbf780fff], got write-back
[   18.104225] x86/PAT: bmc-watchdog:962 map pfn expected mapping type unca=
ched-minus for [mem 0xbf780000-0xbf780fff], got write-back
[   18.104850] x86/PAT: bmc-watchdog:962 map pfn expected mapping type unca=
ched-minus for [mem 0xbf780000-0xbf780fff], got write-back
[   18.105579] x86/PAT: bmc-watchdog:962 map pfn expected mapping type unca=
ched-minus for [mem 0xbf780000-0xbf780fff], got write-back
[   18.106145] x86/PAT: bmc-watchdog:962 map pfn expected mapping type unca=
ched-minus for [mem 0xbf780000-0xbf780fff], got write-back
[   18.106848] x86/PAT: bmc-watchdog:962 map pfn expected mapping type unca=
ched-minus for [mem 0xbf780000-0xbf780fff], got write-back
[   18.107413] x86/PAT: bmc-watchdog:962 map pfn expected mapping type unca=
ched-minus for [mem 0xbf780000-0xbf780fff], got write-back
[   18.108127] x86/PAT: bmc-watchdog:962 map pfn expected mapping type unca=
ched-minus for [mem 0xbf780000-0xbf780fff], got write-back
[   18.108678] x86/PAT: bmc-watchdog:962 map pfn expected mapping type unca=
ched-minus for [mem 0xbf780000-0xbf780fff], got write-back
[   18.109404] x86/PAT: bmc-watchdog:962 map pfn expected mapping type unca=
ched-minus for [mem 0xbf780000-0xbf780fff], got write-back
[   18.109954] x86/PAT: bmc-watchdog:962 map pfn expected mapping type unca=
ched-minus for [mem 0xbf780000-0xbf780fff], got write-back
[   18.110828] x86/PAT: bmc-watchdog:962 map pfn expected mapping type unca=
ched-minus for [mem 0xbf780000-0xbf780fff], got write-back
[   18.111394] x86/PAT: bmc-watchdog:962 map pfn expected mapping type unca=
ched-minus for [mem 0xbf780000-0xbf780fff], got write-back
[   18.112109] x86/PAT: bmc-watchdog:962 map pfn expected mapping type unca=
ched-minus for [mem 0xbf780000-0xbf780fff], got write-back
[   18.112660] x86/PAT: bmc-watchdog:962 map pfn expected mapping type unca=
ched-minus for [mem 0xbf780000-0xbf780fff], got write-back
[   18.113385] x86/PAT: bmc-watchdog:962 map pfn expected mapping type unca=
ched-minus for [mem 0xbf780000-0xbf780fff], got write-back
[   18.113935] x86/PAT: bmc-watchdog:962 map pfn expected mapping type unca=
ched-minus for [mem 0xbf780000-0xbf780fff], got write-back
[   18.114660] x86/PAT: bmc-watchdog:962 map pfn expected mapping type unca=
ched-minus for [mem 0xbf780000-0xbf780fff], got write-back
[   18.115224] x86/PAT: bmc-watchdog:962 map pfn expected mapping type unca=
ched-minus for [mem 0xbf780000-0xbf780fff], got write-back
[   18.115927] x86/PAT: bmc-watchdog:962 map pfn expected mapping type unca=
ched-minus for [mem 0xbf780000-0xbf780fff], got write-back
[   18.116493] x86/PAT: bmc-watchdog:962 map pfn expected mapping type unca=
ched-minus for [mem 0xbf780000-0xbf780fff], got write-back
[   18.292726]=20
[   19.102688] 2018-04-16 17:28:46 ./Run shell1 -c 8 -i 30
[   19.102692]=20
[   19.204212]=20
[   19.208275]    #    #  #    #  #  #    #          #####   ######  #    #=
   ####   #    #
[   19.208277]=20
[   19.212849]    #    #  ##   #  #   #  #           #    #  #       ##   #=
  #    #  #    #
[   19.212852]=20
[   19.216882]    #    #  # #  #  #    ##            #####   #####   # #  #=
  #       ######
[   19.216885]=20
[   19.220289]    #    #  #  # #  #    ##            #    #  #       #  # #=
  #       #    #
[   19.220290]=20
[   19.223138]    #    #  #   ##  #   #  #           #    #  #       #   ##=
  #    #  #    #
[   19.223140]=20
[   19.225994]     ####   #    #  #  #    #          #####   ######  #    #=
   ####   #    #
[   19.225996]=20
[   19.226560]=20
[   19.229101]    Version 5.1.3                      Based on the Byte Maga=
zine Unix Benchmark
[   19.229103]=20
[   19.229668]=20
[   19.231787]    Multi-CPU version                  Version 5 revisions by=
 Ian Smith,
[   19.231788]=20
[   19.233969]                                       Sunnyvale, CA, USA
[   19.233970]=20
[   19.236505]    January 13, 2011                   johantheghost at yahoo=
 period com
[   19.236506]=20
[   19.237123]=20
[   19.237263]=20
[   78.123800] 8 x Shell Scripts (1 concurrent)  1IPMI BMC is not supported=
 on this machine, skip bmc-watchdog setup!
[   78.123804]=20
[  168.392964] WARNING: stack recursion on stack type 4
[  168.392971] WARNING: can't dereference registers at 0000000027a5a2b6 for=
 ip error_entry+0x65/0x100
[  168.401010] perf: interrupt took too long (2510 > 2500), lowering kernel=
=2Eperf_event_max_sample_rate to 79000
[  168.417665] perf: interrupt took too long (3175 > 3137), lowering kernel=
=2Eperf_event_max_sample_rate to 63000
[  168.441514] perf: interrupt took too long (3994 > 3968), lowering kernel=
=2Eperf_event_max_sample_rate to 50000
[  168.465169] perf: interrupt took too long (5016 > 4992), lowering kernel=
=2Eperf_event_max_sample_rate to 39000
[  168.529886] perf: interrupt took too long (6301 > 6270), lowering kernel=
=2Eperf_event_max_sample_rate to 31000
[  168.657802] perf: interrupt took too long (7979 > 7876), lowering kernel=
=2Eperf_event_max_sample_rate to 25000
[  168.976238] perf: interrupt took too long (10016 > 9973), lowering kerne=
l.perf_event_max_sample_rate to 19000
[  171.793224] WARNING: stack going in the wrong direction? ip=3D__schedule=
+0x489/0x830
[  225.573912] BUG: Bad page map in process sort  pte:00000002 pmd:1b6303067
[  225.574302] addr:00000000efb51519 vm_flags:00000070 anon_vma:          (=
null) mapping:00000000c7c7d07a index:12f
[  225.574820] file:libpthread-2.23.so fault:filemap_fault mmap:generic_fil=
e_mmap readpage:simple_readpage
[  225.575327] CPU: 5 PID: 29228 Comm: sort Not tainted 4.17.0-rc1 #1
[  225.575643] Hardware name: Dell Inc. Studio XPS 8000/0X231R, BIOS A01 08=
/11/2009
[  225.576038] Call Trace:
[  225.576207]  dump_stack+0x5c/0x7b
[  225.576409]  print_bad_pte+0x1de/0x290
[  225.576628]  unmap_page_range+0x803/0xa20
[  225.576855]  unmap_vmas+0x4c/0xa0
[  225.577060]  exit_mmap+0x82/0x150
[  225.577263]  mmput+0x67/0x160
[  225.577453]  do_exit+0x2a5/0xb80
[  225.577652]  ? __fput+0x18d/0x220
[  225.577856]  ? _cond_resched+0x19/0x30
[  225.578078]  do_group_exit+0x3a/0xa0
[  225.578291]  __x64_sys_exit_group+0x14/0x20
[  225.578528]  do_syscall_64+0x5b/0x180
[  225.578745]  entry_SYSCALL_64_after_hwframe+0x44/0xa9
[  225.579017] RIP: 0033:0x7f36a8f501c8
[  225.579230] RSP: 002b:00007ffcf2d32458 EFLAGS: 00000246 ORIG_RAX: 000000=
00000000e7
[  225.579635] RAX: ffffffffffffffda RBX: 0000000000000000 RCX: 00007f36a8f=
501c8
[  225.579988] RDX: 0000000000000000 RSI: 000000000000003c RDI: 00000000000=
00000
[  225.580343] RBP: 00007f36a92308e0 R08: 00000000000000e7 R09: fffffffffff=
fff98
[  225.580697] R10: 00007f36a9452250 R11: 0000000000000246 R12: 00007f36a92=
308e0
[  225.581046] R13: 00007f36a9235c40 R14: 0000000000000000 R15: 00000000000=
00000
[  225.581429] Disabling lock debugging due to kernel taint
[  225.581791] BUG: Bad rss-counter state mm:00000000997e66fa idx:2 val:-1
[  225.602808] general protection fault: 0000 [#1] SMP PTI
[  225.603092] Modules linked in: netconsole sr_mod cdrom sd_mod sg snd_hda=
_codec_realtek intel_powerclamp snd_hda_codec_generic snd_hda_codec_hdmi co=
retemp uas snd_hda_intel kvm_intel ata_generic dcdbas pata_acpi snd_hda_cod=
ec dell_smm_hwmon snd_hda_core kvm snd_hwdep snd_pcm firewire_ohci irqbypas=
s crc32c_intel usb_storage pcspkr snd_timer serio_raw firewire_core ata_pii=
x crc_itu_t snd i7core_edac soundcore libata shpchp acpi_cpufreq ip_tables =
broadcom bcm_phy_lib
[  225.604945] CPU: 3 PID: 29384 Comm: tee Tainted: G    B             4.17=
=2E0-rc1 #1
[  225.605370] Hardware name: Dell Inc. Studio XPS 8000/0X231R, BIOS A01 08=
/11/2009
[  225.606395] RIP: 0010:kmem_cache_alloc+0xa0/0x1e0
[  225.606648] RSP: 0018:ffffc90003f3bc68 EFLAGS: 00010202
[  225.606927] RAX: 0000000000000000 RBX: 0003ffff88018f94 RCX: 00000000004=
d265b
[  225.607312] RDX: 00000000004d265a RSI: 00000000014080c0 RDI: 00000000000=
27360
[  225.607665] RBP: ffff88018f94dff2 R08: ffff8801bfce7360 R09: ffff8801b7c=
44100
[  225.608018] R10: ffffc90003f3bef0 R11: 8080808080808080 R12: 00000000014=
080c0
[  225.608372] R13: ffffffff813b13f2 R14: ffff8801bf15ac00 R15: ffff8801bf1=
5ac00
[  225.608726] FS:  00007fcfb09a3700(0000) GS:ffff8801bfcc0000(0000) knlGS:=
0000000000000000
[  225.609151] CS:  0010 DS: 0000 ES: 0000 CR0: 0000000080050033
[  225.609450] CR2: 00007fcfb082a000 CR3: 00000001b7cf6000 CR4: 00000000000=
006e0
[  225.609803] Call Trace:
[  225.609975]  selinux_file_alloc_security+0x32/0x50
[  225.610239]  security_file_alloc+0x22/0x40
[  225.610474]  get_empty_filp+0x8d/0x1b0
[  225.610694]  path_openat+0x2d/0x1710
[  225.610907]  ? page_add_file_rmap+0x13/0x200
[  225.611149]  ? alloc_set_pte+0x25e/0x520
[  225.611376]  ? filemap_map_pages+0x30a/0x320
[  225.611616]  do_filp_open+0x8c/0xf0
[  225.611825]  ? __handle_mm_fault+0xd69/0x10a0
[  225.612112]  ? _cond_resched+0x19/0x30
[  225.612331]  ? __alloc_fd+0x44/0x180
[  225.612542]  ? do_sys_open+0x1a6/0x230
[  225.612758]  do_sys_open+0x1a6/0x230
[  225.612971]  do_syscall_64+0x5b/0x180
[  225.613187]  entry_SYSCALL_64_after_hwframe+0x44/0xa9
[  225.613454] RIP: 0033:0x7fcfb041191c
[  225.613662] RSP: 002b:00007fff8fb09f40 EFLAGS: 00000202 ORIG_RAX: 000000=
0000000002
[  225.614060] RAX: ffffffffffffffda RBX: 0000000000aca200 RCX: 00007fcfb04=
1191c
[  225.614407] RDX: 0000000000000001 RSI: 0000000000080000 RDI: 0000000000a=
ca1d0
[  225.614756] RBP: 00007fff8fb0a020 R08: 0000000000aca160 R09: 00000000000=
00300
[  225.615102] R10: 00007fcfb04645b0 R11: 0000000000000202 R12: 00000000000=
00000
[  225.615449] R13: 0000000000000000 R14: 00007fcfb05512a0 R15: 00000000000=
00002
[  225.615797] Code: 01 00 00 41 8b 46 20 49 8b 3e 48 8d 4a 01 48 8b 5c 05 =
00 48 89 e8 65 48 0f c7 0f 0f 94 c0 84 c0 74 ba 48 85 db 74 0b 41 8b 46 20 =
<48> 8b 04 03 0f 18 08 41 f7 c4 00 80 00 00 0f 85 08 01 00 00 66=20
[  225.616765] RIP: kmem_cache_alloc+0xa0/0x1e0 RSP: ffffc90003f3bc68
[  225.617102] ---[ end trace 8032327fef00e4ff ]---
[  225.617353] Kernel panic - not syncing: Fatal exception
[  225.617629] Kernel Offset: disabled

--55egzavp6tupoytm
Content-Type: text/plain; charset=us-ascii
Content-Disposition: attachment; filename=".config"

#
# Automatically generated file; DO NOT EDIT.
# Linux/x86_64 4.17.0-rc1 Kernel Configuration
#
CONFIG_64BIT=y
CONFIG_X86_64=y
CONFIG_X86=y
CONFIG_INSTRUCTION_DECODER=y
CONFIG_OUTPUT_FORMAT="elf64-x86-64"
CONFIG_ARCH_DEFCONFIG="arch/x86/configs/x86_64_defconfig"
CONFIG_LOCKDEP_SUPPORT=y
CONFIG_STACKTRACE_SUPPORT=y
CONFIG_MMU=y
CONFIG_ARCH_MMAP_RND_BITS_MIN=28
CONFIG_ARCH_MMAP_RND_BITS_MAX=32
CONFIG_ARCH_MMAP_RND_COMPAT_BITS_MIN=8
CONFIG_ARCH_MMAP_RND_COMPAT_BITS_MAX=16
CONFIG_NEED_DMA_MAP_STATE=y
CONFIG_NEED_SG_DMA_LENGTH=y
CONFIG_GENERIC_ISA_DMA=y
CONFIG_GENERIC_BUG=y
CONFIG_GENERIC_BUG_RELATIVE_POINTERS=y
CONFIG_GENERIC_HWEIGHT=y
CONFIG_ARCH_MAY_HAVE_PC_FDC=y
CONFIG_RWSEM_XCHGADD_ALGORITHM=y
CONFIG_GENERIC_CALIBRATE_DELAY=y
CONFIG_ARCH_HAS_CPU_RELAX=y
CONFIG_ARCH_HAS_CACHE_LINE_SIZE=y
CONFIG_HAVE_SETUP_PER_CPU_AREA=y
CONFIG_NEED_PER_CPU_EMBED_FIRST_CHUNK=y
CONFIG_NEED_PER_CPU_PAGE_FIRST_CHUNK=y
CONFIG_ARCH_HIBERNATION_POSSIBLE=y
CONFIG_ARCH_SUSPEND_POSSIBLE=y
CONFIG_ARCH_WANT_HUGE_PMD_SHARE=y
CONFIG_ARCH_WANT_GENERAL_HUGETLB=y
CONFIG_ZONE_DMA32=y
CONFIG_AUDIT_ARCH=y
CONFIG_ARCH_SUPPORTS_OPTIMIZED_INLINING=y
CONFIG_ARCH_SUPPORTS_DEBUG_PAGEALLOC=y
CONFIG_HAVE_INTEL_TXT=y
CONFIG_X86_64_SMP=y
CONFIG_ARCH_SUPPORTS_UPROBES=y
CONFIG_FIX_EARLYCON_MEM=y
CONFIG_PGTABLE_LEVELS=4
CONFIG_IRQ_WORK=y
CONFIG_BUILDTIME_EXTABLE_SORT=y
CONFIG_THREAD_INFO_IN_TASK=y

#
# General setup
#
CONFIG_INIT_ENV_ARG_LIMIT=32
CONFIG_CROSS_COMPILE=""
# CONFIG_COMPILE_TEST is not set
CONFIG_LOCALVERSION=""
CONFIG_LOCALVERSION_AUTO=y
CONFIG_HAVE_KERNEL_GZIP=y
CONFIG_HAVE_KERNEL_BZIP2=y
CONFIG_HAVE_KERNEL_LZMA=y
CONFIG_HAVE_KERNEL_XZ=y
CONFIG_HAVE_KERNEL_LZO=y
CONFIG_HAVE_KERNEL_LZ4=y
CONFIG_KERNEL_GZIP=y
# CONFIG_KERNEL_BZIP2 is not set
# CONFIG_KERNEL_LZMA is not set
# CONFIG_KERNEL_XZ is not set
# CONFIG_KERNEL_LZO is not set
# CONFIG_KERNEL_LZ4 is not set
CONFIG_DEFAULT_HOSTNAME="(none)"
CONFIG_SWAP=y
CONFIG_SYSVIPC=y
CONFIG_SYSVIPC_SYSCTL=y
CONFIG_POSIX_MQUEUE=y
CONFIG_POSIX_MQUEUE_SYSCTL=y
CONFIG_CROSS_MEMORY_ATTACH=y
CONFIG_USELIB=y
CONFIG_AUDIT=y
CONFIG_HAVE_ARCH_AUDITSYSCALL=y
CONFIG_AUDITSYSCALL=y
CONFIG_AUDIT_WATCH=y
CONFIG_AUDIT_TREE=y

#
# IRQ subsystem
#
CONFIG_GENERIC_IRQ_PROBE=y
CONFIG_GENERIC_IRQ_SHOW=y
CONFIG_GENERIC_IRQ_EFFECTIVE_AFF_MASK=y
CONFIG_GENERIC_PENDING_IRQ=y
CONFIG_GENERIC_IRQ_MIGRATION=y
CONFIG_IRQ_DOMAIN=y
CONFIG_IRQ_SIM=y
CONFIG_IRQ_DOMAIN_HIERARCHY=y
CONFIG_GENERIC_MSI_IRQ=y
CONFIG_GENERIC_MSI_IRQ_DOMAIN=y
CONFIG_GENERIC_IRQ_MATRIX_ALLOCATOR=y
CONFIG_GENERIC_IRQ_RESERVATION_MODE=y
CONFIG_IRQ_FORCED_THREADING=y
CONFIG_SPARSE_IRQ=y
# CONFIG_GENERIC_IRQ_DEBUGFS is not set
CONFIG_CLOCKSOURCE_WATCHDOG=y
CONFIG_ARCH_CLOCKSOURCE_DATA=y
CONFIG_CLOCKSOURCE_VALIDATE_LAST_CYCLE=y
CONFIG_GENERIC_TIME_VSYSCALL=y
CONFIG_GENERIC_CLOCKEVENTS=y
CONFIG_GENERIC_CLOCKEVENTS_BROADCAST=y
CONFIG_GENERIC_CLOCKEVENTS_MIN_ADJUST=y
CONFIG_GENERIC_CMOS_UPDATE=y

#
# Timers subsystem
#
CONFIG_TICK_ONESHOT=y
CONFIG_NO_HZ_COMMON=y
# CONFIG_HZ_PERIODIC is not set
# CONFIG_NO_HZ_IDLE is not set
CONFIG_NO_HZ_FULL=y
CONFIG_NO_HZ=y
CONFIG_HIGH_RES_TIMERS=y

#
# CPU/Task time and stats accounting
#
CONFIG_VIRT_CPU_ACCOUNTING=y
CONFIG_VIRT_CPU_ACCOUNTING_GEN=y
# CONFIG_IRQ_TIME_ACCOUNTING is not set
CONFIG_BSD_PROCESS_ACCT=y
CONFIG_BSD_PROCESS_ACCT_V3=y
CONFIG_TASKSTATS=y
CONFIG_TASK_DELAY_ACCT=y
CONFIG_TASK_XACCT=y
CONFIG_TASK_IO_ACCOUNTING=y
CONFIG_CPU_ISOLATION=y

#
# RCU Subsystem
#
CONFIG_TREE_RCU=y
# CONFIG_RCU_EXPERT is not set
CONFIG_SRCU=y
CONFIG_TREE_SRCU=y
CONFIG_TASKS_RCU=y
CONFIG_RCU_STALL_COMMON=y
CONFIG_RCU_NEED_SEGCBLIST=y
CONFIG_CONTEXT_TRACKING=y
# CONFIG_CONTEXT_TRACKING_FORCE is not set
CONFIG_RCU_NOCB_CPU=y
CONFIG_BUILD_BIN2C=y
CONFIG_IKCONFIG=y
CONFIG_IKCONFIG_PROC=y
CONFIG_LOG_BUF_SHIFT=20
CONFIG_LOG_CPU_MAX_BUF_SHIFT=12
CONFIG_PRINTK_SAFE_LOG_BUF_SHIFT=13
CONFIG_HAVE_UNSTABLE_SCHED_CLOCK=y
CONFIG_ARCH_SUPPORTS_NUMA_BALANCING=y
CONFIG_ARCH_WANT_BATCHED_UNMAP_TLB_FLUSH=y
CONFIG_ARCH_SUPPORTS_INT128=y
CONFIG_NUMA_BALANCING=y
CONFIG_NUMA_BALANCING_DEFAULT_ENABLED=y
CONFIG_CGROUPS=y
CONFIG_PAGE_COUNTER=y
CONFIG_MEMCG=y
CONFIG_MEMCG_SWAP=y
CONFIG_MEMCG_SWAP_ENABLED=y
CONFIG_BLK_CGROUP=y
# CONFIG_DEBUG_BLK_CGROUP is not set
CONFIG_CGROUP_WRITEBACK=y
CONFIG_CGROUP_SCHED=y
CONFIG_FAIR_GROUP_SCHED=y
CONFIG_CFS_BANDWIDTH=y
CONFIG_RT_GROUP_SCHED=y
CONFIG_CGROUP_PIDS=y
CONFIG_CGROUP_RDMA=y
CONFIG_CGROUP_FREEZER=y
CONFIG_CGROUP_HUGETLB=y
CONFIG_CPUSETS=y
CONFIG_PROC_PID_CPUSET=y
CONFIG_CGROUP_DEVICE=y
# CONFIG_CGROUP_CPUACCT is not set
CONFIG_CGROUP_PERF=y
CONFIG_CGROUP_BPF=y
# CONFIG_CGROUP_DEBUG is not set
CONFIG_SOCK_CGROUP_DATA=y
CONFIG_NAMESPACES=y
CONFIG_UTS_NS=y
CONFIG_IPC_NS=y
CONFIG_USER_NS=y
CONFIG_PID_NS=y
CONFIG_NET_NS=y
CONFIG_SCHED_AUTOGROUP=y
# CONFIG_SYSFS_DEPRECATED is not set
CONFIG_RELAY=y
CONFIG_BLK_DEV_INITRD=y
CONFIG_INITRAMFS_SOURCE=""
CONFIG_RD_GZIP=y
CONFIG_RD_BZIP2=y
CONFIG_RD_LZMA=y
CONFIG_RD_XZ=y
CONFIG_RD_LZO=y
CONFIG_RD_LZ4=y
CONFIG_CC_OPTIMIZE_FOR_PERFORMANCE=y
# CONFIG_CC_OPTIMIZE_FOR_SIZE is not set
CONFIG_SYSCTL=y
CONFIG_ANON_INODES=y
CONFIG_HAVE_UID16=y
CONFIG_SYSCTL_EXCEPTION_TRACE=y
CONFIG_HAVE_PCSPKR_PLATFORM=y
CONFIG_BPF=y
CONFIG_EXPERT=y
CONFIG_UID16=y
CONFIG_MULTIUSER=y
CONFIG_SGETMASK_SYSCALL=y
CONFIG_SYSFS_SYSCALL=y
# CONFIG_SYSCTL_SYSCALL is not set
CONFIG_FHANDLE=y
CONFIG_POSIX_TIMERS=y
CONFIG_PRINTK=y
CONFIG_PRINTK_NMI=y
CONFIG_BUG=y
CONFIG_ELF_CORE=y
CONFIG_PCSPKR_PLATFORM=y
CONFIG_BASE_FULL=y
CONFIG_FUTEX=y
CONFIG_FUTEX_PI=y
