Return-Path: <owner-linux-mm@kvack.org>
Received: from mail-pf0-f200.google.com (mail-pf0-f200.google.com [209.85.192.200])
	by kanga.kvack.org (Postfix) with ESMTP id A7B1A6B0006
	for <linux-mm@kvack.org>; Wed, 18 Apr 2018 09:59:45 -0400 (EDT)
Received: by mail-pf0-f200.google.com with SMTP id f19so1042657pfn.6
        for <linux-mm@kvack.org>; Wed, 18 Apr 2018 06:59:45 -0700 (PDT)
Received: from mga01.intel.com (mga01.intel.com. [192.55.52.88])
        by mx.google.com with ESMTPS id a9si1076162pgu.454.2018.04.18.06.59.43
        for <linux-mm@kvack.org>
        (version=TLS1_2 cipher=ECDHE-RSA-AES128-GCM-SHA256 bits=128/128);
        Wed, 18 Apr 2018 06:59:43 -0700 (PDT)
Date: Wed, 18 Apr 2018 21:59:33 +0800
From: Fengguang Wu <fengguang.wu@intel.com>
Subject: [do_execve] attempted to set unsupported pgprot
Message-ID: <20180418135933.t3dyszi2phhsvaah@wfg-t540p.sh.intel.com>
MIME-Version: 1.0
Content-Type: multipart/mixed; boundary="6dualgudg3s5zr2r"
Content-Disposition: inline
Sender: owner-linux-mm@kvack.org
List-ID: <linux-mm.kvack.org>
To: Linux Memory Management List <linux-mm@kvack.org>
Cc: Alexander Viro <viro@zeniv.linux.org.uk>, Linus Torvalds <torvalds@linux-foundation.org>, Kees Cook <keescook@chromium.org>, Serge Hallyn <serge@hallyn.com>, James Morris <james.l.morris@oracle.com>, Andrew Morton <akpm@linux-foundation.org>, linux-fsdevel@vger.kernel.org, linux-kernel@vger.kernel.org, lkp@01.org


--6dualgudg3s5zr2r
Content-Type: text/plain; charset=us-ascii
Content-Disposition: inline

Hello,

FYI this happens in mainline kernel 4.17.0-rc1.
It looks like a new regression.

It occurs in 4 out of 4 boots.

[   12.345562] Write protecting the kernel text: 14376k
[   12.346649] Write protecting the kernel read-only data: 4740k
[   12.347584] rodata_test: all tests were successful
[   12.348499] ------------[ cut here ]------------
[   12.349193] attempted to set unsupported pgprot: 8000000000000025 bits: 8000000000000000 supported: 7fffffffffffffff
[   12.350792] WARNING: CPU: 0 PID: 1 at arch/x86/include/asm/pgtable.h:540 handle_mm_fault+0xfc1/0xfe0:
						check_pgprot at arch/x86/include/asm/pgtable.h:535
						 (inlined by) pfn_pte at arch/x86/include/asm/pgtable.h:549
						 (inlined by) do_anonymous_page at mm/memory.c:3169
						 (inlined by) handle_pte_fault at mm/memory.c:3961
						 (inlined by) __handle_mm_fault at mm/memory.c:4087
						 (inlined by) handle_mm_fault at mm/memory.c:4124
[   12.352294] CPU: 0 PID: 1 Comm: swapper/0 Not tainted 4.17.0-rc1 #172
[   12.353357] EIP: handle_mm_fault+0xfc1/0xfe0:
						check_pgprot at arch/x86/include/asm/pgtable.h:535
						 (inlined by) pfn_pte at arch/x86/include/asm/pgtable.h:549
						 (inlined by) do_anonymous_page at mm/memory.c:3169
						 (inlined by) handle_pte_fault at mm/memory.c:3961
						 (inlined by) __handle_mm_fault at mm/memory.c:4087
						 (inlined by) handle_mm_fault at mm/memory.c:4124
[   12.354047] EFLAGS: 00210296 CPU: 0
[   12.354581] EAX: 00000068 EBX: 80000000 ECX: 00000002 EDX: 00000038
[   12.362768] ESI: 00000025 EDI: cc679000 EBP: cf02de70 ESP: cf02ddf0
[   12.363657]  DS: 007b ES: 007b FS: 00d8 GS: 00e0 SS: 0068
[   12.364458] CR0: 80050033 CR2: c1e1e110 CR3: 024a6000 CR4: 000006b0
[   12.365413] Call Trace:
[   12.365885]  ? touch_atime+0x5e/0xa0:
						touch_atime at include/linux/fs.h:1502
[   12.366451]  __get_user_pages+0x104/0x3a0:
						faultin_page at mm/gup.c:503
						 (inlined by) __get_user_pages at mm/gup.c:699
[   12.374172]  get_user_pages_remote+0xf3/0x1c0:
						__get_user_pages_locked at mm/gup.c:872
						 (inlined by) get_user_pages_remote at mm/gup.c:1062
[   12.374959]  copy_strings+0x12d/0x380:
						get_arg_page at fs/exec.c:218
						 (inlined by) copy_strings at fs/exec.c:557
[   12.375478]  copy_strings_kernel+0x26/0x40:
						set_fs at arch/x86/include/asm/uaccess.h:32
						 (inlined by) copy_strings_kernel at fs/exec.c:603
[   12.376087]  do_execveat_common+0x486/0x6a0:
						do_execveat_common at fs/exec.c:1803
[   12.376718]  ? rest_init+0x100/0x100:
						kernel_init at init/main.c:1050
[   12.377275]  do_execve+0x14/0x20:
						do_execve at fs/exec.c:1863
[   12.377769]  run_init_process+0x1c/0x20:
						run_init_process at init/main.c:1006
[   12.378364]  kernel_init+0x46/0x100:
						kernel_init at init/main.c:1067
[   12.378876]  ret_from_fork+0x2e/0x40:
						ret_from_fork at arch/x86/entry/entry_32.S:311
[   12.379408] Code: ff c6 05 55 fc 3b c2 01 52 50 8b 5d b0 89 4d a0 31 f3 89 d8 8b 5d b4 31 cb 53 50 ff 75 b4 ff 75 b0 68 18 b0 15 c2 e8 bf cc f0 ff <0f> 0b 8b 4d a0 83 c4 1c 89 75 b0 89 4d b4 e9 ee fa ff ff be 02
[   12.382173] ---[ end trace 0276fe2191187186 ]---
[   12.383485] ------------[ cut here ]------------
[   12.383485] ------------[ cut here ]------------
[   12.384245] attempted to set unsupported pgprot: 8000000000000025 bits: 8000000000000000 supported: 7fffffffffffffff
[   12.391613] WARNING: CPU: 0 PID: 1 at arch/x86/include/asm/pgtable.h:540 change_protection_range+0x721/0x8a0:
						check_pgprot at arch/x86/include/asm/pgtable.h:535
						 (inlined by) pte_modify at arch/x86/include/asm/pgtable.h:573
						 (inlined by) change_pte_range at mm/mprotect.c:114
						 (inlined by) change_pmd_range at mm/mprotect.c:210
						 (inlined by) change_pud_range at mm/mprotect.c:238
						 (inlined by) change_p4d_range at mm/mprotect.c:258
						 (inlined by) change_protection_range at mm/mprotect.c:283
[   12.393324] CPU: 0 PID: 1 Comm: init Tainted: G        W         4.17.0-rc1 #172
[   12.394400] EIP: change_protection_range+0x721/0x8a0:
						check_pgprot at arch/x86/include/asm/pgtable.h:535
						 (inlined by) pte_modify at arch/x86/include/asm/pgtable.h:573
						 (inlined by) change_pte_range at mm/mprotect.c:114
						 (inlined by) change_pmd_range at mm/mprotect.c:210
						 (inlined by) change_pud_range at mm/mprotect.c:238
						 (inlined by) change_p4d_range at mm/mprotect.c:258
						 (inlined by) change_protection_range at mm/mprotect.c:283
[   12.395106] EFLAGS: 00010292 CPU: 0
[   12.395607] EAX: 00000068 EBX: 00000000 ECX: 00000003 EDX: 00000054
[   12.396527] ESI: b7f40000 EDI: cc67ea00 EBP: cf02df10 ESP: cf02de60
[   12.397472]  DS: 007b ES: 007b FS: 00d8 GS: 00e0 SS: 0068
[   12.398286] CR0: 80050033 CR2: b7f40dc4 CR3: 0c698000 CR4: 000006b0
[   12.399207] Call Trace:
[   12.399582]  mprotect_fixup+0xba/0x240:
						mprotect_fixup at mm/mprotect.c:389
[   12.400109]  sys_mprotect+0x13d/0x220:
						do_mprotect_pkey at mm/mprotect.c:507
						 (inlined by) __do_sys_mprotect at mm/mprotect.c:531
						 (inlined by) __se_sys_mprotect at mm/mprotect.c:528
[   12.400637]  do_int80_syscall_32+0x49/0x140:
						do_syscall_32_irqs_on at arch/x86/entry/common.c:331
						 (inlined by) do_int80_syscall_32 at arch/x86/entry/common.c:346
[   12.401250]  entry_INT80_32+0x31/0x31:
						restore_all at arch/x86/entry/entry_32.S:551
[   12.401802] EIP: 0xb7f858fd
[   12.402237] EFLAGS: 00000206 CPU: 0
[   12.402761] EAX: ffffffda EBX: b7f40000 ECX: 00001000 EDX: 00000001
[   12.403681] ESI: b7f7d8b0 EDI: b7f7d8b0 EBP: bff7cd94 ESP: bff7cd88
[   12.404633]  DS: 007b ES: 007b FS: 0000 GS: 0033 SS: 007b
[   12.405416] Code: 89 9d 74 ff ff ff 8b 45 88 89 85 78 ff ff ff ff b5 78 ff ff ff ff b5 74 ff ff ff ff 75 0c ff 75 08 68 18 b0 15 c2 e8 9f 48 f0 ff <0f> 0b 83 c4 1c 8b 85 70 ff ff ff 8b 95 6c ff ff ff e9 27 fe ff
[   12.408185] ---[ end trace 0276fe2191187187 ]---
[   12.422790] init: Console is alive

Attached the full dmesg, kconfig and reproduce scripts.

Thanks,
Fengguang

--6dualgudg3s5zr2r
Content-Type: text/plain; charset=us-ascii
Content-Disposition: attachment; filename="dmesg-vm-intel12-openwrt-i386-8:20180418045844:i386-randconfig-b0-04180440:4.17.0-rc1:172"
Content-Transfer-Encoding: quoted-printable

early console in setup code
Probing EDD (edd=3Doff to disable)... ok
early console in extract_kernel
input_data: 0x0253c080
input_len: 0x00c8db14
output: 0x01000000
output_len: 0x015d9ab4
kernel_total_size: 0x021e0000

Decompressing Linux... Parsing ELF... No relocation needed... done.
Booting the kernel.
[    0.000000] Linux version 4.17.0-rc1 (kbuild@lkp-ib03) (gcc version 4.9.=
4 (Debian 4.9.4-2)) #172 SMP Wed Apr 18 04:51:54 CST 2018
[    0.000000] KERNEL supported cpus:
[    0.000000]   Intel GenuineIntel
[    0.000000]   AMD AuthenticAMD
[    0.000000]   Centaur CentaurHauls
[    0.000000] x86/fpu: x87 FPU will use FXSAVE
[    0.000000] e820: BIOS-provided physical RAM map:
[    0.000000] BIOS-e820: [mem 0x0000000000000000-0x000000000009fbff] usable
[    0.000000] BIOS-e820: [mem 0x000000000009fc00-0x000000000009ffff] reser=
ved
[    0.000000] BIOS-e820: [mem 0x00000000000f0000-0x00000000000fffff] reser=
ved
[    0.000000] BIOS-e820: [mem 0x0000000000100000-0x000000000ffdbfff] usable
[    0.000000] BIOS-e820: [mem 0x000000000ffdc000-0x000000000fffffff] reser=
ved
[    0.000000] BIOS-e820: [mem 0x00000000feffc000-0x00000000feffffff] reser=
ved
[    0.000000] BIOS-e820: [mem 0x00000000fffc0000-0x00000000ffffffff] reser=
ved
[    0.000000] debug: ignoring loglevel setting.
[    0.000000] bootconsole [earlyser0] enabled
[    0.000000] Notice: NX (Execute Disable) protection missing in CPU!
[    0.000000] Hypervisor detected: KVM
[    0.000000] e820: update [mem 0x00000000-0x00000fff] usable =3D=3D> rese=
rved
[    0.000000] e820: remove [mem 0x000a0000-0x000fffff] usable
[    0.000000] e820: last_pfn =3D 0xffdc max_arch_pfn =3D 0x1000000
[    0.000000] x86/PAT: Configuration [0-7]: WB  WT  UC- UC  WB  WT  UC- UC=
 =20
[    0.000000] Scanning 1 areas for low memory corruption
[    0.000000] initial memory mapped: [mem 0x00000000-0x033fffff]
[    0.000000] Base memory trampoline at [(ptrval)] 9b000 size 16384
[    0.000000] BRK [0x02fe0000, 0x02fe0fff] PGTABLE
[    0.000000] BRK [0x02fe1000, 0x02fe1fff] PGTABLE
[    0.000000] BRK [0x02fe2000, 0x02fe2fff] PGTABLE
[    0.000000] RAMDISK: [mem 0x0fb97000-0x0ffcffff]
[    0.000000] ACPI: Early table checksum verification disabled
[    0.000000] ACPI: RSDP 0x00000000000F68C0 000014 (v00 BOCHS )
[    0.000000] ACPI: RSDT 0x000000000FFE15CE 000030 (v01 BOCHS  BXPCRSDT 00=
000001 BXPC 00000001)
[    0.000000] ACPI: FACP 0x000000000FFE142A 000074 (v01 BOCHS  BXPCFACP 00=
000001 BXPC 00000001)
[    0.000000] ACPI: DSDT 0x000000000FFE0040 0013EA (v01 BOCHS  BXPCDSDT 00=
000001 BXPC 00000001)
[    0.000000] ACPI: FACS 0x000000000FFE0000 000040
[    0.000000] ACPI: APIC 0x000000000FFE151E 000078 (v01 BOCHS  BXPCAPIC 00=
000001 BXPC 00000001)
[    0.000000] ACPI: HPET 0x000000000FFE1596 000038 (v01 BOCHS  BXPCHPET 00=
000001 BXPC 00000001)
[    0.000000] ACPI: Local APIC address 0xfee00000
[    0.000000] mapped APIC to         ffffc000 (        fee00000)
[    0.000000] 255MB LOWMEM available.
[    0.000000]   mapped low ram: 0 - 0ffdc000
[    0.000000]   low ram: 0 - 0ffdc000
[    0.000000] kvm-clock: cpu 0, msr 0:ffda001, primary cpu clock
[    0.000000] kvm-clock: Using msrs 4b564d01 and 4b564d00
[    0.000000] kvm-clock: using sched offset of 636357433 cycles
[    0.000000] clocksource: kvm-clock: mask: 0xffffffffffffffff max_cycles:=
 0x1cd42e4dffb, max_idle_ns: 881590591483 ns
[    0.000000] Zone ranges:
[    0.000000]   DMA      [mem 0x0000000000001000-0x0000000000ffffff]
[    0.000000]   Normal   [mem 0x0000000001000000-0x000000000ffdbfff]
[    0.000000] Movable zone start for each node
[    0.000000] Early memory node ranges
[    0.000000]   node   0: [mem 0x0000000000001000-0x000000000009efff]
[    0.000000]   node   0: [mem 0x0000000000100000-0x000000000ffdbfff]
[    0.000000] Initmem setup node 0 [mem 0x0000000000001000-0x000000000ffdb=
fff]
[    0.000000] On node 0 totalpages: 65402
[    0.000000]   DMA zone: 32 pages used for memmap
[    0.000000]   DMA zone: 0 pages reserved
[    0.000000]   DMA zone: 3998 pages, LIFO batch:0
[    0.000000]   Normal zone: 480 pages used for memmap
[    0.000000]   Normal zone: 61404 pages, LIFO batch:15
[    0.000000] Reserved but unavailable: 98 pages
[    0.000000] Using APIC driver default
[    0.000000] ACPI: PM-Timer IO Port: 0x608
[    0.000000] ACPI: Local APIC address 0xfee00000
[    0.000000] ACPI: LAPIC_NMI (acpi_id[0xff] dfl dfl lint[0x1])
[    0.000000] IOAPIC[0]: apic_id 0, version 17, address 0xfec00000, GSI 0-=
23
[    0.000000] ACPI: INT_SRC_OVR (bus 0 bus_irq 0 global_irq 2 dfl dfl)
[    0.000000] Int: type 0, pol 0, trig 0, bus 00, IRQ 00, APIC ID 0, APIC =
INT 02
[    0.000000] ACPI: INT_SRC_OVR (bus 0 bus_irq 5 global_irq 5 high level)
[    0.000000] Int: type 0, pol 1, trig 3, bus 00, IRQ 05, APIC ID 0, APIC =
INT 05
[    0.000000] ACPI: INT_SRC_OVR (bus 0 bus_irq 9 global_irq 9 high level)
[    0.000000] Int: type 0, pol 1, trig 3, bus 00, IRQ 09, APIC ID 0, APIC =
INT 09
[    0.000000] ACPI: INT_SRC_OVR (bus 0 bus_irq 10 global_irq 10 high level)
[    0.000000] Int: type 0, pol 1, trig 3, bus 00, IRQ 0a, APIC ID 0, APIC =
INT 0a
[    0.000000] ACPI: INT_SRC_OVR (bus 0 bus_irq 11 global_irq 11 high level)
[    0.000000] Int: type 0, pol 1, trig 3, bus 00, IRQ 0b, APIC ID 0, APIC =
INT 0b
[    0.000000] ACPI: IRQ0 used by override.
[    0.000000] Int: type 0, pol 0, trig 0, bus 00, IRQ 01, APIC ID 0, APIC =
INT 01
[    0.000000] Int: type 0, pol 0, trig 0, bus 00, IRQ 03, APIC ID 0, APIC =
INT 03
[    0.000000] Int: type 0, pol 0, trig 0, bus 00, IRQ 04, APIC ID 0, APIC =
INT 04
[    0.000000] ACPI: IRQ5 used by override.
[    0.000000] Int: type 0, pol 0, trig 0, bus 00, IRQ 06, APIC ID 0, APIC =
INT 06
[    0.000000] Int: type 0, pol 0, trig 0, bus 00, IRQ 07, APIC ID 0, APIC =
INT 07
[    0.000000] Int: type 0, pol 0, trig 0, bus 00, IRQ 08, APIC ID 0, APIC =
INT 08
[    0.000000] ACPI: IRQ9 used by override.
[    0.000000] ACPI: IRQ10 used by override.
[    0.000000] ACPI: IRQ11 used by override.
[    0.000000] Int: type 0, pol 0, trig 0, bus 00, IRQ 0c, APIC ID 0, APIC =
INT 0c
[    0.000000] Int: type 0, pol 0, trig 0, bus 00, IRQ 0d, APIC ID 0, APIC =
INT 0d
[    0.000000] Int: type 0, pol 0, trig 0, bus 00, IRQ 0e, APIC ID 0, APIC =
INT 0e
[    0.000000] Int: type 0, pol 0, trig 0, bus 00, IRQ 0f, APIC ID 0, APIC =
INT 0f
[    0.000000] Using ACPI (MADT) for SMP configuration information
[    0.000000] ACPI: HPET id: 0x8086a201 base: 0xfed00000
[    0.000000] smpboot: Allowing 1 CPUs, 0 hotplug CPUs
[    0.000000] mapped IOAPIC to ffffb000 (fec00000)
[    0.000000] PM: Registered nosave memory: [mem 0x00000000-0x00000fff]
[    0.000000] PM: Registered nosave memory: [mem 0x0009f000-0x0009ffff]
[    0.000000] PM: Registered nosave memory: [mem 0x000a0000-0x000effff]
[    0.000000] PM: Registered nosave memory: [mem 0x000f0000-0x000fffff]
[    0.000000] e820: [mem 0x10000000-0xfeffbfff] available for PCI devices
[    0.000000] Booting paravirtualized kernel on KVM
[    0.000000] clocksource: refined-jiffies: mask: 0xffffffff max_cycles: 0=
xffffffff, max_idle_ns: 1910969940391419 ns
[    0.000000] random: fast init done
[    0.000000] setup_percpu: NR_CPUS:32 nr_cpumask_bits:32 nr_cpu_ids:1 nr_=
node_ids:1
[    0.000000] percpu: Embedded 26 pages/cpu @(ptrval) s83272 r0 d23224 u10=
6496
[    0.000000] pcpu-alloc: s83272 r0 d23224 u106496 alloc=3D26*4096
[    0.000000] pcpu-alloc: [0] 0=20
[    0.000000] KVM setup async PF for cpu 0
[    0.000000] kvm-stealtime: cpu 0, msr f788a00
[    0.000000] Built 1 zonelists, mobility grouping on.  Total pages: 64890
[    0.000000] Kernel command line: ip=3D::::vm-intel12-openwrt-i386-8::dhc=
p root=3D/dev/ram0 user=3Dlkp job=3D/lkp/scheduled/vm-intel12-openwrt-i386-=
8/trinity-300s-openwrt-i386-2016-03-16.cgz-60cc43fc888428bb2f18f08997432d42=
6a243338-20180418-77711-142asuo-1.yaml ARCH=3Di386 kconfig=3Di386-randconfi=
g-b0-04180440 branch=3Dlinux-devel/devel-hourly-2018041718 commit=3D60cc43f=
c888428bb2f18f08997432d426a243338 BOOT_IMAGE=3D/pkg/linux/i386-randconfig-b=
0-04180440/gcc-4.9/60cc43fc888428bb2f18f08997432d426a243338/vmlinuz-4.17.0-=
rc1 max_uptime=3D1500 RESULT_ROOT=3D/result/trinity/300s/vm-intel12-openwrt=
-i386/openwrt-i386-2016-03-16.cgz/i386-randconfig-b0-04180440/gcc-4.9/60cc4=
3fc888428bb2f18f08997432d426a243338/1 LKP_SERVER=3Dinn debug apic=3Ddebug s=
ysrq_always_enabled rcupdate.rcu_cpu_stall_timeout=3D100 net.ifnames=3D0 pr=
intk.devkmsg=3Don panic=3D-1 softlockup_panic=3D1 nmi_watchdog=3Dpanic oops=
=3Dpanic load_ramdisk=3D2 prompt_ramdisk=3D0 drbd.minor_count=3D8 systemd.l=
og_level=3Derr ignore_loglevel console=3Dtty0 earlyprintk=3DttyS0,115200 co=
nsole=3D
[    0.000000] sysrq: sysrq always enabled.
[    0.000000] Dentry cache hash table entries: 32768 (order: 5, 131072 byt=
es)
[    0.000000] Inode-cache hash table entries: 16384 (order: 4, 65536 bytes)
[    0.000000] BRK [0x02fe3000, 0x02fe3fff] PGTABLE
[    0.000000] BRK [0x02fe4000, 0x02fe4fff] PGTABLE
[    0.000000] Initializing CPU#0
[    0.000000] Memory: 220136K/261608K available (14373K kernel code, 1134K=
 rwdata, 4736K rodata, 656K init, 11404K bss, 41472K reserved, 0K cma-reser=
ved)
[    0.000000] virtual kernel memory layout:
[    0.000000]     fixmap  : 0xffd37000 - 0xfffff000   (2848 kB)
[    0.000000]   cpu_entry : 0xff400000 - 0xff8e1000   (4996 kB)
[    0.000000]     vmalloc : 0xd07dc000 - 0xff3fe000   ( 748 MB)
[    0.000000]     lowmem  : 0xc0000000 - 0xcffdc000   ( 255 MB)
[    0.000000]       .init : 0xc23f4000 - 0xc2498000   ( 656 kB)
[    0.000000]       .data : 0xc1e0945c - 0xc23c6840   (5876 kB)
[    0.000000]       .text : 0xc1000000 - 0xc1e0945c   (14373 kB)
[    0.000000] Checking if this processor honours the WP bit even in superv=
isor mode...Ok.
[    0.000000] SLUB: HWalign=3D32, Order=3D0-3, MinObjects=3D0, CPUs=3D1, N=
odes=3D1
[    0.001000] Hierarchical RCU implementation.
[    0.001000] 	RCU restricting CPUs from NR_CPUS=3D32 to nr_cpu_ids=3D1.
[    0.001000] 	RCU callback double-/use-after-free debug enabled.
[    0.001000] 	RCU CPU stall warnings timeout set to 100 (rcu_cpu_stall_ti=
meout).
[    0.001000] 	Tasks RCU enabled.
[    0.001000] RCU: Adjusting geometry for rcu_fanout_leaf=3D16, nr_cpu_ids=
=3D1
[    0.001000] NR_IRQS: 2304, nr_irqs: 48, preallocated irqs: 16
[    0.001000] CPU 0 irqstacks, hard=3D(ptrval) soft=3D(ptrval)
[    0.001000] 	Offload RCU callbacks from CPUs: (none).
[    0.001000] console [ttyS0] enabled
[    0.001000] bootconsole [earlyser0] disabled
[    0.001000] Lock dependency validator: Copyright (c) 2006 Red Hat, Inc.,=
 Ingo Molnar
[    0.001000] ... MAX_LOCKDEP_SUBCLASSES:  8
[    0.001000] ... MAX_LOCK_DEPTH:          48
[    0.001000] ... MAX_LOCKDEP_KEYS:        8191
[    0.001000] ... CLASSHASH_SIZE:          4096
[    0.001000] ... MAX_LOCKDEP_ENTRIES:     32768
[    0.001000] ... MAX_LOCKDEP_CHAINS:      65536
[    0.001000] ... CHAINHASH_SIZE:          32768
[    0.001000]  memory used by lock dependency info: 4383 kB
[    0.001000]  per task-struct memory footprint: 1344 bytes
[    0.001000] allocated 524288 bytes of page_ext
[    0.001000] ACPI: Core revision 20180313
[    0.001000] clocksource: hpet: mask: 0xffffffff max_cycles: 0xffffffff, =
max_idle_ns: 19112604467 ns
[    0.001000] hpet clockevent registered
[    0.001020] APIC: Switch to symmetric I/O mode setup
[    0.002007] Enabling APIC mode:  Flat.  Using 1 I/O APICs
[    0.003080] enabled ExtINT on CPU#0
[    0.005015] ENABLING IO-APIC IRQs
[    0.005525] init IO_APIC IRQs
[    0.006006]  apic 0 pin 0 not connected
[    0.006650] IOAPIC[0]: Set routing entry (0-1 -> 0xef -> IRQ 1 Mode:0 Ac=
tive:0 Dest:1)
[    0.007018] IOAPIC[0]: Set routing entry (0-2 -> 0x30 -> IRQ 0 Mode:0 Ac=
tive:0 Dest:1)
[    0.008000] IOAPIC[0]: Set routing entry (0-3 -> 0xef -> IRQ 3 Mode:0 Ac=
tive:0 Dest:1)
[    0.008000] IOAPIC[0]: Set routing entry (0-4 -> 0xef -> IRQ 4 Mode:0 Ac=
tive:0 Dest:1)
[    0.008000] IOAPIC[0]: Set routing entry (0-5 -> 0xef -> IRQ 5 Mode:1 Ac=
tive:0 Dest:1)
[    0.008000] IOAPIC[0]: Set routing entry (0-6 -> 0xef -> IRQ 6 Mode:0 Ac=
tive:0 Dest:1)
[    0.008000] IOAPIC[0]: Set routing entry (0-7 -> 0xef -> IRQ 7 Mode:0 Ac=
tive:0 Dest:1)
[    0.008000] IOAPIC[0]: Set routing entry (0-8 -> 0xef -> IRQ 8 Mode:0 Ac=
tive:0 Dest:1)
[    0.008000] IOAPIC[0]: Set routing entry (0-9 -> 0xef -> IRQ 9 Mode:1 Ac=
tive:0 Dest:1)
[    0.008000] IOAPIC[0]: Set routing entry (0-10 -> 0xef -> IRQ 10 Mode:1 =
Active:0 Dest:1)
[    0.008000] IOAPIC[0]: Set routing entry (0-11 -> 0xef -> IRQ 11 Mode:1 =
Active:0 Dest:1)
[    0.008000] IOAPIC[0]: Set routing entry (0-12 -> 0xef -> IRQ 12 Mode:0 =
Active:0 Dest:1)
[    0.008000] IOAPIC[0]: Set routing entry (0-13 -> 0xef -> IRQ 13 Mode:0 =
Active:0 Dest:1)
[    0.008000] IOAPIC[0]: Set routing entry (0-14 -> 0xef -> IRQ 14 Mode:0 =
Active:0 Dest:1)
[    0.008000] IOAPIC[0]: Set routing entry (0-15 -> 0xef -> IRQ 15 Mode:0 =
Active:0 Dest:1)
[    0.008000]  apic 0 pin 16 not connected
[    0.008000]  apic 0 pin 17 not connected
[    0.008000]  apic 0 pin 18 not connected
[    0.008000]  apic 0 pin 19 not connected
[    0.008000]  apic 0 pin 20 not connected
[    0.008000]  apic 0 pin 21 not connected
[    0.008000]  apic 0 pin 22 not connected
[    0.008000]  apic 0 pin 23 not connected
[    0.008000] ..TIMER: vector=3D0x30 apic1=3D0 pin1=3D2 apic2=3D-1 pin2=3D=
-1
[    0.008000] tsc: Detected 2926.328 MHz processor
[    0.008006] clocksource: tsc-early: mask: 0xffffffffffffffff max_cycles:=
 0x2a2e6a714ac, max_idle_ns: 440795306413 ns
[    0.009009] Calibrating delay loop (skipped) preset value.. 5852.65 Bogo=
MIPS (lpj=3D2926328)
[    0.010005] pid_max: default: 4096 minimum: 301
[    0.011026] Mount-cache hash table entries: 1024 (order: 0, 4096 bytes)
[    0.012007] Mountpoint-cache hash table entries: 1024 (order: 0, 4096 by=
tes)
[    0.013402] Last level iTLB entries: 4KB 0, 2MB 0, 4MB 0
[    0.014005] Last level dTLB entries: 4KB 0, 2MB 0, 4MB 0, 1GB 0
[    0.015012] Spectre V2 : Vulnerable: Minimal generic ASM retpoline
[    0.016004] Spectre V2 : Spectre v2 mitigation: Filling RSB on context s=
witch
[    0.029057] Freeing SMP alternatives memory: 44K
[    0.031049] Using local APIC timer interrupts.
[    0.031049] calibrating APIC timer ...
[    0.033000] ... lapic delta =3D 6562418
[    0.033000] ... PM-Timer delta =3D 375848
[    0.033000] APIC calibration not consistent with PM-Timer: 104ms instead=
 of 100ms
[    0.033000] APIC delta adjusted to PM-Timer: 6249983 (6562418)
[    0.033000] TSC delta adjusted to PM-Timer: 292632665 (307261274)
[    0.033000] ..... delta 6249983
[    0.033000] ..... mult: 268434725
[    0.033000] ..... calibration result: 999997
[    0.033000] ..... CPU clock speed is 2926.0326 MHz.
[    0.033000] ..... host bus clock speed is 999.0997 MHz.
[    0.033063] smpboot: CPU0: Intel QEMU Virtual CPU version 2.5+ (family: =
0x6, model: 0x6, stepping: 0x3)
[    0.034229] Performance Events: PMU not available due to virtualization,=
 using software events only.
[    0.036107] Hierarchical SRCU implementation.
[    0.037192] NMI watchdog: Perf event create on CPU 0 failed with -2
[    0.038004] NMI watchdog: Perf NMI watchdog permanently disabled
[    0.039087] smp: Bringing up secondary CPUs ...
[    0.040006] smp: Brought up 1 node, 1 CPU
[    0.040601] smpboot: Max logical packages: 1
[    0.041009] ----------------
[    0.041430] | NMI testsuite:
[    0.042004] --------------------
[    0.042468]   remote IPI:  ok  |
[    0.043004]    local IPI:  ok  |
[    0.043527] --------------------
[    0.044004] Good, all   2 testcases passed! |
[    0.044625] ---------------------------------
[    0.045005] smpboot: Total of 1 processors activated (5852.65 BogoMIPS)
[    0.046259] devtmpfs: initialized
[    0.051331] clocksource: jiffies: mask: 0xffffffff max_cycles: 0xfffffff=
f, max_idle_ns: 1911260446275000 ns
[    0.052009] futex hash table entries: 16 (order: -2, 1024 bytes)
[    0.053060] xor: measuring software checksum speed
[    0.064005]    pIII_sse  :  9056.000 MB/sec
[    0.074006]    prefetch64-sse: 10684.000 MB/sec
[    0.074681] xor: using function: prefetch64-sse (10684.000 MB/sec)
[    0.075011] pinctrl core: initialized pinctrl subsystem
[    0.076511] NET: Registered protocol family 16
[    0.079025] audit: initializing netlink subsys (disabled)
[    0.080205] cpuidle: using governor menu
[    0.081987] ACPI: bus type PCI registered
[    0.083106] PCI: PCI BIOS revision 2.10 entry at 0xfd501, last bus=3D0
[    0.084005] PCI: Using configuration type 1 for base access
[    0.085943] audit: type=3D2000 audit(1523998392.645:1): state=3Dinitiali=
zed audit_enabled=3D0 res=3D1
[    0.096102] cryptd: max_cpu_qlen set to 1000
[    0.113012] raid6: mmxx1    gen()  2519 MB/s
[    0.130009] raid6: mmxx2    gen()  3019 MB/s
[    0.147018] raid6: sse1x1   gen()  2144 MB/s
[    0.164012] raid6: sse1x2   gen()  2617 MB/s
[    0.181021] raid6: sse2x1   gen()  4582 MB/s
[    0.198007] raid6: sse2x1   xor()  3109 MB/s
[    0.215014] raid6: sse2x2   gen()  5335 MB/s
[    0.232015] raid6: sse2x2   xor()  3941 MB/s
[    0.232770] raid6: using algorithm sse2x2 gen() 5335 MB/s
[    0.233007] raid6: .... xor() 3941 MB/s, rmw enabled
[    0.234006] raid6: using intx1 recovery algorithm
[    0.235324] ACPI: Added _OSI(Module Device)
[    0.236025] ACPI: Added _OSI(Processor Device)
[    0.236639] ACPI: Added _OSI(3.0 _SCP Extensions)
[    0.237005] ACPI: Added _OSI(Processor Aggregator Device)
[    0.238028] ACPI: Added _OSI(Linux-Dell-Video)
[    0.241165] ACPI: 1 ACPI AML tables successfully acquired and loaded
[    0.245060] ACPI: Interpreter enabled
[    0.245656] ACPI: (supports S0 S3 S4 S5)
[    0.246011] ACPI: Using IOAPIC for interrupt routing
[    0.246749] PCI: Using host bridge windows from ACPI; if necessary, use =
"pci=3Dnocrs" and report a bug
[    0.247291] ACPI: Enabled 2 GPEs in block 00 to 0F
[    0.256631] ACPI: PCI Root Bridge [PCI0] (domain 0000 [bus 00-ff])
[    0.257010] acpi PNP0A03:00: _OSC: OS supports [Segments]
[    0.258021] acpi PNP0A03:00: _OSC failed (AE_NOT_FOUND); disabling ASPM
[    0.259019] acpi PNP0A03:00: fail to add MMCONFIG information, can't acc=
ess extended PCI configuration space under this bridge.
[    0.261033] PCI host bridge to bus 0000:00
[    0.261649] pci_bus 0000:00: root bus resource [io  0x0000-0x0cf7 window]
[    0.262006] pci_bus 0000:00: root bus resource [io  0x0d00-0xffff window]
[    0.263007] pci_bus 0000:00: root bus resource [mem 0x000a0000-0x000bfff=
f window]
[    0.264007] pci_bus 0000:00: root bus resource [mem 0x10000000-0xfebffff=
f window]
[    0.265007] pci_bus 0000:00: root bus resource [bus 00-ff]
[    0.266065] pci 0000:00:00.0: [8086:1237] type 00 class 0x060000
[    0.268306] pci 0000:00:01.0: [8086:7000] type 00 class 0x060100
[    0.269817] pci 0000:00:01.1: [8086:7010] type 00 class 0x010180
[    0.280009] pci 0000:00:01.1: reg 0x20: [io  0xc0c0-0xc0cf]
[    0.283854] pci 0000:00:01.1: legacy IDE quirk: reg 0x10: [io  0x01f0-0x=
01f7]
[    0.284006] pci 0000:00:01.1: legacy IDE quirk: reg 0x14: [io  0x03f6]
[    0.285006] pci 0000:00:01.1: legacy IDE quirk: reg 0x18: [io  0x0170-0x=
0177]
[    0.286006] pci 0000:00:01.1: legacy IDE quirk: reg 0x1c: [io  0x0376]
[    0.287395] pci 0000:00:01.3: [8086:7113] type 00 class 0x068000
[    0.288521] pci 0000:00:01.3: quirk: [io  0x0600-0x063f] claimed by PIIX=
4 ACPI
[    0.289018] pci 0000:00:01.3: quirk: [io  0x0700-0x070f] claimed by PIIX=
4 SMB
[    0.290436] pci 0000:00:02.0: [1234:1111] type 00 class 0x030000
[    0.293012] pci 0000:00:02.0: reg 0x10: [mem 0xfd000000-0xfdffffff pref]
[    0.298012] pci 0000:00:02.0: reg 0x18: [mem 0xfebf0000-0xfebf0fff]
[    0.307013] pci 0000:00:02.0: reg 0x30: [mem 0xfebe0000-0xfebeffff pref]
[    0.309036] pci 0000:00:03.0: [8086:100e] type 00 class 0x020000
[    0.311005] pci 0000:00:03.0: reg 0x10: [mem 0xfebc0000-0xfebdffff]
[    0.313007] pci 0000:00:03.0: reg 0x14: [io  0xc000-0xc03f]
[    0.324010] pci 0000:00:03.0: reg 0x30: [mem 0xfeb80000-0xfebbffff pref]
[    0.326459] pci 0000:00:04.0: [1af4:1001] type 00 class 0x010000
[    0.329009] pci 0000:00:04.0: reg 0x10: [io  0xc040-0xc07f]
[    0.332007] pci 0000:00:04.0: reg 0x14: [mem 0xfebf1000-0xfebf1fff]
[    0.338016] pci 0000:00:04.0: reg 0x20: [mem 0xfe000000-0xfe003fff 64bit=
 pref]
[    0.342730] pci 0000:00:05.0: [1af4:1001] type 00 class 0x010000
[    0.345008] pci 0000:00:05.0: reg 0x10: [io  0xc080-0xc0bf]
[    0.348009] pci 0000:00:05.0: reg 0x14: [mem 0xfebf2000-0xfebf2fff]
[    0.355009] pci 0000:00:05.0: reg 0x20: [mem 0xfe004000-0xfe007fff 64bit=
 pref]
[    0.359753] pci 0000:00:06.0: [8086:25ab] type 00 class 0x088000
[    0.361598] pci 0000:00:06.0: reg 0x10: [mem 0xfebf3000-0xfebf300f]
[    0.369453] pci_bus 0000:00: on NUMA node 0
[    0.370862] ACPI: PCI Interrupt Link [LNKA] (IRQs 5 *10 11)
[    0.371224] ACPI: PCI Interrupt Link [LNKB] (IRQs 5 *10 11)
[    0.372187] ACPI: PCI Interrupt Link [LNKC] (IRQs 5 10 *11)
[    0.373185] ACPI: PCI Interrupt Link [LNKD] (IRQs 5 10 *11)
[    0.374101] ACPI: PCI Interrupt Link [LNKS] (IRQs *9)
[    0.376198] pci 0000:00:02.0: vgaarb: setting as boot VGA device
[    0.376998] pci 0000:00:02.0: vgaarb: VGA device added: decodes=3Dio+mem=
,owns=3Dio+mem,locks=3Dnone
[    0.377007] pci 0000:00:02.0: vgaarb: bridge control possible
[    0.377788] vgaarb: loaded
[    0.378454] SCSI subsystem initialized
[    0.379093] libata version 3.00 loaded.
[    0.380128] Linux video capture interface: v2.00
[    0.380871] pps_core: LinuxPPS API ver. 1 registered
[    0.381005] pps_core: Software ver. 5.3.6 - Copyright 2005-2007 Rodolfo =
Giometti <giometti@linux.it>
[    0.383066] EDAC MC: Ver: 3.0.0
[    0.383719] EDAC DEBUG: edac_mc_sysfs_init: device mc created
[    0.384159] FPGA manager framework
[    0.385057] Advanced Linux Sound Architecture Driver Initialized.
[    0.386014] PCI: Using ACPI for IRQ routing
[    0.386602] PCI: pci_cache_line_size set to 32 bytes
[    0.387168] e820: reserve RAM buffer [mem 0x0009fc00-0x0009ffff]
[    0.388006] e820: reserve RAM buffer [mem 0x0ffdc000-0x0fffffff]
[    0.389211] Bluetooth: Core ver 2.22
[    0.389711] NET: Registered protocol family 31
[    0.390004] Bluetooth: HCI device and connection manager initialized
[    0.391012] Bluetooth: HCI socket layer initialized
[    0.391676] Bluetooth: L2CAP socket layer initialized
[    0.392025] NET: Registered protocol family 8
[    0.393005] NET: Registered protocol family 20
[    0.393702] nfc: nfc_init: NFC Core ver 0.1
[    0.394036] NET: Registered protocol family 39
[    0.395480] dcdbas dcdbas: Dell Systems Management Base Driver (version =
5.6.0-3.2)
[    0.398045] clocksource: Switched to clocksource kvm-clock
[    0.399215] VFS: Disk quotas dquot_6.6.0
[    0.399829] VFS: Dquot-cache hash table entries: 1024 (order 0, 4096 byt=
es)
[    0.400926] FS-Cache: Loaded
[    0.401431] CacheFiles: Loaded
[    0.401920] pnp: PnP ACPI init
[    0.402522] pnp 00:00: Plug and Play ACPI device, IDs PNP0b00 (active)
[    0.403536] pnp 00:01: Plug and Play ACPI device, IDs PNP0303 (active)
[    0.404444] pnp 00:02: Plug and Play ACPI device, IDs PNP0f13 (active)
[    0.405342] pnp 00:03: [dma 2]
[    0.405807] pnp 00:03: Plug and Play ACPI device, IDs PNP0700 (active)
[    0.406836] pnp 00:04: Plug and Play ACPI device, IDs PNP0400 (active)
[    0.407869] pnp 00:05: Plug and Play ACPI device, IDs PNP0501 (active)
[    0.408840] pnp 00:06: Plug and Play ACPI device, IDs PNP0501 (active)
[    0.410143] pnp: PnP ACPI: found 7 devices
[    0.448110] PM-Timer running at invalid rate: 107% of normal - aborting.
[    0.449146] pci_bus 0000:00: resource 4 [io  0x0000-0x0cf7 window]
[    0.450112] pci_bus 0000:00: resource 5 [io  0x0d00-0xffff window]
[    0.450993] pci_bus 0000:00: resource 6 [mem 0x000a0000-0x000bffff windo=
w]
[    0.452044] pci_bus 0000:00: resource 7 [mem 0x10000000-0xfebfffff windo=
w]
[    0.453324] NET: Registered protocol family 2
[    0.454289] tcp_listen_portaddr_hash hash table entries: 128 (order: 0, =
5120 bytes)
[    0.455409] TCP established hash table entries: 2048 (order: 1, 8192 byt=
es)
[    0.456440] TCP bind hash table entries: 2048 (order: 4, 73728 bytes)
[    0.457530] TCP: Hash tables configured (established 2048 bind 2048)
[    0.458548] UDP hash table entries: 128 (order: 1, 10240 bytes)
[    0.459464] UDP-Lite hash table entries: 128 (order: 1, 10240 bytes)
[    0.460443] NET: Registered protocol family 1
[    0.471395] pci 0000:00:00.0: Limiting direct PCI/PCI transfers
[    0.472327] pci 0000:00:01.0: PIIX3: Enabling Passive Release
[    0.473190] pci 0000:00:01.0: Activating ISA DMA hang workarounds
[    0.474187] pci 0000:00:02.0: Video device with shadowed ROM at [mem 0x0=
00c0000-0x000dffff]
[    0.475443] PCI: CLS 0 bytes, default 32
[    0.476125] Trying to unpack rootfs image as initramfs...
[    0.916608] Freeing initrd memory: 4324K
[    0.918498] Machine check injector initialized
[    0.919421] apm: BIOS version 1.2 Flags 0x03 (Driver version 1.16ac)
[    0.920432] apm: overridden by ACPI.
[    0.920978] Scanning for low memory corruption every 60 seconds
[    0.922265] cryptomgr_test (34) used greatest stack depth: 7456 bytes le=
ft
[    0.923441] NatSemi SCx200 Driver
[    0.924038] cryptomgr_test (32) used greatest stack depth: 7436 bytes le=
ft
[    1.952102] tsc: Refined TSC clocksource calibration: 2926.324 MHz
[    1.953055] clocksource: tsc: mask: 0xffffffffffffffff max_cycles: 0x2a2=
e6688754, max_idle_ns: 440795287735 ns
[    7.498662] rcu-torture:--- Start of test: nreaders=3D1 nfakewriters=3D4=
 stat_interval=3D60 verbose=3D1 test_no_idle_hz=3D1 shuffle_interval=3D3 st=
utter=3D5 irqreader=3D1 fqs_duration=3D0 fqs_holdoff=3D0 fqs_stutter=3D3 te=
st_boost=3D1/0 test_boost_interval=3D7 test_boost_duration=3D4 shutdown_sec=
s=3D0 stall_cpu=3D0 stall_cpu_holdoff=3D10 stall_cpu_irqsoff=3D0 n_barrier_=
cbs=3D0 onoff_interval=3D0 onoff_holdoff=3D0
[    7.504636] rcu-torture: Creating rcu_torture_writer task
[    7.505523] rcu-torture: Creating rcu_torture_fakewriter task
[    7.506426] rcu-torture: Creating rcu_torture_fakewriter task
[    7.507315] rcu-torture: Creating rcu_torture_fakewriter task
[    7.508218] rcu-torture: Creating rcu_torture_fakewriter task
[    7.509220] rcu-torture: Creating rcu_torture_reader task
[    7.510038] rcu-torture: Creating rcu_torture_stats task
[    7.510801] rcu-torture: rcu_torture_reader task started
[    7.511582] rcu-torture: rcu_torture_fakewriter task started
[    7.512436] rcu-torture: rcu_torture_fakewriter task started
[    7.513311] rcu-torture: rcu_torture_fakewriter task started
[    7.514186] rcu-torture: Creating torture_shuffle task
[    7.514973] rcu-torture: rcu_torture_stats task started
[    7.515778] rcu-torture: rcu_torture_fakewriter task started
[    7.516646] rcu-torture: rcu_torture_writer task started
[    7.517444] rcu-torture: GP expediting controlled from boot/sysfs for rc=
u.
[    7.518454] rcu_torture_writer: Testing conditional GPs.
[    7.520236] rcu_torture_writer: Testing expedited GPs.
[    7.520965] rcu_torture_writer: Testing asynchronous GPs.
[    7.521786] rcu_torture_writer: Testing normal GPs.
[    7.523595] rcu-torture: Creating torture_stutter task
[    7.524412] rcu-torture: torture_shuffle task started
[    7.525176] rcu-torture: Creating rcu_torture_cbflood task
[    7.526035] rcu-torture: torture_stutter task started
[    7.527203] Initialise system trusted keyrings
[    7.528036] rcu-torture: rcu_torture_cbflood task started
[    7.529003] workingset: timestamp_bits=3D30 max_order=3D16 bucket_order=
=3D0
[    7.535583] efs: 1.0a - http://aeschi.ch.eu.org/efs/
[    7.536446] romfs: ROMFS MTD (C) 2007 Red Hat, Inc.
[    7.537292] QNX4 filesystem 0.2.3 registered.
[    7.537982] qnx6: QNX6 filesystem 1.0.0 registered.
[    7.538910] fuse init (API version 7.26)
[    7.539722] SGI XFS with security attributes, realtime, scrub, debug ena=
bled
[    7.542247] befs: version: 0.9.3
[    7.543079] OCFS2 User DLM kernel interface loaded
[    7.546185] gfs2: GFS2 installed
[    7.547310] pstore: using deflate compression
[    7.553535] NET: Registered protocol family 38
[    7.554372] async_tx: api initialized (async)
[    7.555199] Key type asymmetric registered
[    7.555806] Asymmetric key parser 'x509' registered
[    7.556639] Block layer SCSI generic (bsg) driver version 0.4 loaded (ma=
jor 246)
[    7.557773] io scheduler noop registered (default)
[    7.558493] io scheduler kyber registered
[    7.559344] io scheduler bfq registered
[    7.913288] String selftests succeeded
[    7.914115] glob: 64 self-tests passed, 0 failed
[    7.915462] gpio_winbond: chip ID at 2e is ffff
[    7.916177] gpio_winbond: not an our chip
[    7.916811] gpio_winbond: chip ID at 4e is ffff
[    7.917513] gpio_winbond: not an our chip
[    7.918597] no IO addresses supplied
[    7.919417] hgafb: HGA card not detected.
[    7.919999] hgafb: probe of hgafb.0 failed with error -22
[    7.920999] ipmi message handler version 39.2
[    7.921684] ipmi device interface
[    7.922240] IPMI System Interface driver.
[    7.922928] ipmi_si: Unable to find any System Interface(s)
[    7.923800] IPMI SSIF Interface driver
[    7.924447] Copyright (C) 2004 MontaVista Software - IPMI Powerdown via =
sys_reboot.
[    7.925752] input: Power Button as /devices/LNXSYSTM:00/LNXPWRBN:00/inpu=
t/input0
[    7.927033] ACPI: Power Button [PWRF]
[    7.950248] Serial: 8250/16550 driver, 4 ports, IRQ sharing disabled
[    7.977836] 00:05: ttyS0 at I/O 0x3f8 (irq =3D 4, base_baud =3D 115200) =
is a 16550A
[    8.005790] 00:06: ttyS1 at I/O 0x2f8 (irq =3D 3, base_baud =3D 115200) =
is a 16550A
[    8.007800] lp: driver loaded but no devices found
[    8.008600] Non-volatile memory driver v1.3
[    8.009381] toshiba: not a supported Toshiba laptop
[    8.010300] scx200_gpio: no SCx200 gpio present
[    8.010964] nsc_gpio initializing
[    8.011504] telclk_interrupt =3D 0xf non-mcpbl0010 hw.
[    8.012285] Hangcheck: starting hangcheck timer 0.9.1 (tick is 180 secon=
ds, margin is 60 seconds).
[    8.014124] parport_pc 00:04: reported by Plug and Play ACPI
[    8.015167] parport0: PC-style at 0x378, irq 7 [PCSPP,TRISTATE]
[    8.106231] lp0: using parport0 (interrupt-driven).
[    8.106941] lp0: console ready
[    8.108807] Floppy drive(s): fd0 is 2.88M AMI BIOS
[    8.114130] brd: module loaded
[    8.121636] FDC 0 is a S82078B
[    8.125209] null: module loaded
[    8.125758] Silicon Labs C2 port support v. 0.51.0 - (C) 2007 Rodolfo Gi=
ometti
[    8.126975] c2port c2port0: C2 port uc added
[    8.127645] c2port c2port0: uc flash has 30 blocks x 512 bytes (15360 by=
tes total)
[    8.129890] hp_sw: device handler registered
[    8.130634] emc: device handler registered
[    8.131346] alua: device handler registered
[    8.132061] st: Version 20160209, fixed bufsize 32768, s/g segs 256
[    8.137192] osst :I: Tape driver with OnStream support version 0.99.4
[    8.137192] osst :I: $Id: osst.c,v 1.73 2005/01/01 21:13:34 wriede Exp $
[    8.139572] SCSI Media Changer driver v0.25=20
[    8.140991] Rounding down aligned max_sectors from 4294967295 to 4294967=
288
[    8.256399] parport0: AVR Butterfly
[    8.257100] parport0: cannot grant exclusive access for device spi-lm70l=
lp
[    8.258253] spi_lm70llp: spi_lm70llp probe fail, status -12
[    8.260090] libphy: Fixed MDIO Bus: probed
[    8.261277] ipddp.c:v0.01 8/28/97 Bradford W. Johnson <johns393@maroon.t=
c.umn.edu>
[    8.262640] ipddp0: Appletalk-IP Encap. mode by Bradford W. Johnson <joh=
ns393@maroon.tc.umn.edu>
[    8.264183] e1000: Intel(R) PRO/1000 Network Driver - version 7.3.21-k8-=
NAPI
[    8.265503] e1000: Copyright (c) 1999-2006 Intel Corporation.
[    8.393256] PCI Interrupt Link [LNKC] enabled at IRQ 11
[    8.982273] e1000 0000:00:03.0 eth0: (PCI:33MHz:32-bit) 52:54:00:12:34:56
[    8.983303] e1000 0000:00:03.0 eth0: Intel(R) PRO/1000 Network Connection
[    8.984400] e1000e: Intel(R) PRO/1000 Network Driver - 3.2.6-k
[    8.985282] e1000e: Copyright(c) 1999 - 2015 Intel Corporation.
[    8.986240] igb: Intel(R) Gigabit Ethernet Network Driver - version 5.4.=
0-k
[    8.987289] igb: Copyright (c) 2007-2014 Intel Corporation.
[    8.988208] ixgbe: Intel(R) 10 Gigabit PCI Express Network Driver - vers=
ion 5.1.0-k
[    8.989304] ixgbe: Copyright (c) 1999-2016 Intel Corporation.
[    8.990457] atp.c:v1.09=3Dac 2002/10/01 Donald Becker <becker@scyld.com>
[    8.991898] NET3 PLIP version 2.4-parport gniibe@mri.co.jp
[    9.002787] plip0: Parallel port at 0x378, using IRQ 7.
[    9.003568] hdlc: HDLC support module revision 1.22
[    9.004354] DLCI driver v0.35, 4 Jan 1997, mike.mclagan@linux.org.
[    9.005296] LAPB Ethernet driver version 0.02
[    9.006650] ieee802154fakelb ieee802154fakelb: added 2 fake ieee802154 h=
ardware devices
[    9.007997] parport0: cannot grant exclusive access for device ks0108
[    9.009031] ks0108: ERROR: parport didn't register new device
[    9.009864] cfag12864b: ERROR: ks0108 is not initialized
[    9.010679] cfag12864bfb: ERROR: cfag12864b is not initialized
[    9.011755] panel: could not claim access to parport0. Aborting.
[    9.012712] panel: panel driver not yet registered
[    9.023608] i8042: PNP: PS/2 Controller [PNP0303:KBD,PNP0f13:MOU] at 0x6=
0,0x64 irq 1,12
[    9.025780] serio: i8042 KBD port at 0x60,0x64 irq 1
[    9.026546] serio: i8042 AUX port at 0x60,0x64 irq 12
[    9.106030] evbug: Connected device: input0 (Power Button at LNXPWRBN/bu=
tton/input0)
[    9.107700] input: AT Translated Set 2 keyboard as /devices/platform/i80=
42/serio0/input/input1
[    9.108893] evbug: Connected device: input1 (AT Translated Set 2 keyboar=
d at isa0060/serio0/input0)
[    9.110873] rtc_cmos 00:00: RTC can wake from S4
[    9.111903] rtc rtc0: alarm rollover: day
[    9.112619] rtc_cmos 00:00: char device (0:0)
[    9.113253] rtc_cmos 00:00: registered as rtc0
[    9.113866] rtc_cmos 00:00: nvmem registration failed
[    9.114571] rtc_cmos 00:00: alarms up to one day, y3k, 114 bytes nvram, =
hpet irqs
[    9.116194] i2c /dev entries driver
[    9.116672] i2c-parport: adapter type unspecified
[    9.117506] IR NEC protocol handler initialized
[    9.118159] IR RC5(x/sz) protocol handler initialized
[    9.118845] IR RC6 protocol handler initialized
[    9.127826] IR Sony protocol handler initialized
[    9.128486] IR SANYO protocol handler initialized
[    9.129193] IR MCE Keyboard/mouse protocol handler initialized
[    9.129949] IR XMP protocol handler initialized
[    9.130546] ir_imon_decoder: IR iMON protocol handler initialized
[    9.131414] Registered IR keymap rc-empty
[    9.131982] rc rc0: rc-core loopback device as /devices/virtual/rc/rc0
[    9.132960] input: rc-core loopback device as /devices/virtual/rc/rc0/in=
put3
[    9.133975] evbug: Connected device: input3 (rc-core loopback device at =
rc-core/virtual)
[    9.135187] input: MCE IR Keyboard/Mouse (rc-loopback) as /devices/virtu=
al/input/input4
[    9.136226] evbug: Connected device: input4 (MCE IR Keyboard/Mouse (rc-l=
oopback) at /input0)
[    9.137396] smssdio: Siano SMS1xxx SDIO driver
[    9.138022] smssdio: Copyright Pierre Ossman
[    9.138734] pps pps0: new PPS source ktimer
[    9.139351] pps pps0: ktimer PPS source registered
[    9.140034] Driver for 1-wire Dallas network protocol.
[    9.140760] w1_f0d_init()
[    9.151802] applesmc: supported laptop not found!
[    9.152440] applesmc: driver init failed (ret=3D-19)!
[    9.153290] f71882fg: Not a Fintek device
[    9.153872] f71882fg: Not a Fintek device
[    9.155170] pc87360: PC8736x not detected, module not inserted
[    9.156000] sch56xx_common: Unsupported device id: 0xff
[    9.156717] sch56xx_common: Unsupported device id: 0xff
[    9.157867] advantechwdt: WDT driver for Advantech single board computer=
 initialising
[    9.159193] advantechwdt: initialized. timeout=3D60 sec (nowayout=3D1)
[    9.160130] ib700wdt: WDT driver for IB700 single board computer initial=
ising
[    9.161222] ib700wdt: START method I/O 443 is not available
[    9.162030] ib700wdt: probe of ib700wdt failed with error -5
[    9.183913] wafer5823wdt: WDT driver for Wafer 5823 single board compute=
r initialising
[    9.184967] wafer5823wdt: I/O address 0x0443 already in use
[    9.185831] it87_wdt: no device
[    9.186332] sc1200wdt: build 20020303
[    9.186834] sc1200wdt: io parameter must be specified
[    9.187563] pc87413_wdt: Version 1.1 at io 0x2E
[    9.188173] pc87413_wdt: cannot register miscdev on minor=3D130 (err=3D-=
16)
[    9.189174] sbc60xxwdt: I/O address 0x0443 already in use
[    9.189971] sbc8360: failed to register misc device
[    9.190786] smsc37b787_wdt: SMsC 37B787 watchdog component driver 1.1 in=
itialising...
[    9.193152] smsc37b787_wdt: Unable to register miscdev on minor 130
[    9.194164] w83877f_wdt: I/O address 0x0443 already in use
[    9.194952] w83977f_wdt: driver v1.00
[    9.195550] w83977f_wdt: cannot register miscdev on minor=3D130 (err=3D-=
16)
[    9.196551] machzwd: MachZ ZF-Logic Watchdog driver initializing
[    9.197483] machzwd: no ZF-Logic found
[    9.198625] device-mapper: ioctl: 4.39.0-ioctl (2018-04-03) initialised:=
 dm-devel@redhat.com
[    9.199929] device-mapper: multipath round-robin: version 1.2.0 loaded
[    9.200938] device-mapper: multipath service-time: version 0.3.0 loaded
[    9.202105] device-mapper: raid: Loading target version 1.13.2
[    9.213289] Bluetooth: Generic Bluetooth SDIO driver ver 0.1
[    9.214182] cpufreq_nforce2: No nForce2 chipset
[    9.216191] hidraw: raw HID events driver (C) Jiri Kosina
[    9.217877] dell_smbios: Unable to run on non-Dell system
[    9.218721] hdaps: supported laptop not found!
[    9.219392] hdaps: driver init failed (ret=3D-19)!
[    9.220788] oprofile: using NMI interrupt.
[    9.221436] NET: Registered protocol family 26
[    9.222483] NET: Registered protocol family 10
[    9.224476] Segment Routing with IPv6
[    9.243633] sit: IPv6, IPv4 and MPLS over IPv4 tunneling driver
[    9.244816] NET: Registered protocol family 17
[    9.245504] NET: Registered protocol family 15
[    9.246134] NET: Registered protocol family 5
[    9.246737] NET: Registered protocol family 9
[    9.247399] X25: Linux Version 0.2
[    9.247887] NET4: DECnet for Linux: V.2.5.68s (C) 1995-2003 Linux DECnet=
 Project Team
[    9.249171] DECnet: Routing cache hash table of 256 buckets, 9Kbytes
[    9.250146] NET: Registered protocol family 12
[    9.250787] 8021q: 802.1Q VLAN Support v1.8
[    9.251460] 9pnet: Installing 9P2000 support
[    9.252105] Key type dns_resolver registered
[    9.252701] mpls_gso: MPLS GSO support
[    9.263344] mce: Unable to init MCE device (rc: -5)
[    9.265153] ... APIC ID:      00000000 (0)
[    9.265750] ... APIC VERSION: 01050014
[    9.266012] 000000000000000000000000000000000000000000000000000000000000=
0000
[    9.266012] 000000000000000000000000000000000000000000000000000000000000=
1000
[    9.269218] number of MP IRQ sources: 15.
[    9.269791] number of IO-APIC #0 registers: 24.
[    9.270429] testing the IO APIC.......................
[    9.271145] IO APIC #0......
[    9.271527] .... register #00: 00000000
[    9.272065] .......    : physical APIC id: 00
[    9.272656] .......    : Delivery Type: 0
[    9.273260] .......    : LTS          : 0
[    9.273833] .... register #01: 00170011
[    9.284415] .......     : max redirection entries: 17
[    9.285150] .......     : PRQ implemented: 0
[    9.285734] .......     : IO APIC version: 11
[    9.286330] .... register #02: 00000000
[    9.286839] .......     : arbitration: 00
[    9.287405] .... IRQ redirection table:
[    9.287939] IOAPIC 0:
[    9.288314]  pin00, disabled, edge , high, V(00), IRR(0), S(0), physical=
, D(00), M(0)
[    9.289425]  pin01, enabled , edge , high, V(25), IRR(0), S(0), logical =
, D(01), M(0)
[    9.290488]  pin02, enabled , edge , high, V(30), IRR(0), S(0), logical =
, D(01), M(0)
[    9.291565]  pin03, disabled, edge , high, V(00), IRR(0), S(0), physical=
, D(00), M(0)
[    9.292689]  pin04, disabled, edge , high, V(00), IRR(0), S(0), physical=
, D(00), M(0)
[    9.293830]  pin05, disabled, edge , high, V(00), IRR(0), S(0), physical=
, D(00), M(0)
[    9.304930]  pin06, enabled , edge , high, V(23), IRR(0), S(0), logical =
, D(01), M(0)
[    9.305973]  pin07, enabled , edge , high, V(22), IRR(0), S(0), logical =
, D(01), M(0)
[    9.307089]  pin08, enabled , edge , high, V(26), IRR(0), S(0), logical =
, D(01), M(0)
[    9.308226]  pin09, enabled , level, high, V(21), IRR(0), S(0), logical =
, D(01), M(0)
[    9.309300]  pin0a, disabled, edge , high, V(00), IRR(0), S(0), physical=
, D(00), M(0)
[    9.310361]  pin0b, disabled, edge , high, V(00), IRR(0), S(0), physical=
, D(00), M(0)
[    9.311462]  pin0c, enabled , edge , high, V(24), IRR(0), S(0), logical =
, D(01), M(0)
[    9.312656]  pin0d, disabled, edge , high, V(00), IRR(0), S(0), physical=
, D(00), M(0)
[    9.313845]  pin0e, disabled, edge , high, V(00), IRR(0), S(0), physical=
, D(00), M(0)
[    9.314950]  pin0f, disabled, edge , high, V(00), IRR(0), S(0), physical=
, D(00), M(0)
[    9.316126]  pin10, disabled, edge , high, V(00), IRR(0), S(0), physical=
, D(00), M(0)
[    9.317336]  pin11, disabled, edge , high, V(00), IRR(0), S(0), physical=
, D(00), M(0)
[    9.318526]  pin12, disabled, edge , high, V(00), IRR(0), S(0), physical=
, D(00), M(0)
[    9.319717]  pin13, disabled, edge , high, V(00), IRR(0), S(0), physical=
, D(00), M(0)
[    9.320849]  pin14, disabled, edge , high, V(00), IRR(0), S(0), physical=
, D(00), M(0)
[    9.322030]  pin15, disabled, edge , high, V(00), IRR(0), S(0), physical=
, D(00), M(0)
[    9.323262]  pin16, disabled, edge , high, V(00), IRR(0), S(0), physical=
, D(00), M(0)
[    9.324457]  pin17, disabled, edge , high, V(00), IRR(0), S(0), physical=
, D(00), M(0)
[    9.325574] IRQ to pin mappings:
[    9.326061] IRQ0 -> 0:2
[    9.326439] IRQ1 -> 0:1
[    9.326806] IRQ3 -> 0:3
[    9.327200] IRQ4 -> 0:4
[    9.327574] IRQ5 -> 0:5
[    9.327969] IRQ6 -> 0:6
[    9.328382] IRQ7 -> 0:7
[    9.328764] IRQ8 -> 0:8
[    9.329169] IRQ9 -> 0:9
[    9.329537] IRQ10 -> 0:10
[    9.329936] IRQ11 -> 0:11
[    9.330326] IRQ12 -> 0:12
[    9.330711] IRQ13 -> 0:13
[    9.331124] IRQ14 -> 0:14
[    9.331502] IRQ15 -> 0:15
[    9.331873] .................................... done.
[    9.332655] Using IPI No-Shortcut mode
[    9.333289] sched_clock: Marking stable (9333235992, 0)->(9721678666, -3=
88442674)
[    9.334654] Loading compiled-in X.509 certificates
[    9.335470] zswap: default zpool zbud not available
[    9.336269] zswap: pool creation failed
[    9.337753] Btrfs loaded, crc32c=3Dcrc32c-generic, ref-verify=3Don
[    9.338749] Key type encrypted registered
[    9.339558] BIOS EDD facility v0.16 2004-Jun-25, 2 devices found
[    9.340494] cryptomgr_probe (167) used greatest stack depth: 7332 bytes =
left
[    9.342075] Duplicate name in testcase-data, renamed to "duplicate-name#=
1"
[    9.343824] ### dt-test ### start of unittest - you will see error messa=
ges
[    9.344993] OF: /testcase-data/phandle-tests/consumer-a: could not get #=
phandle-cells-missing for /testcase-data/phandle-tests/provider1
[    9.346817] OF: /testcase-data/phandle-tests/consumer-a: could not get #=
phandle-cells-missing for /testcase-data/phandle-tests/provider1
[    9.348532] OF: /testcase-data/phandle-tests/consumer-a: could not find =
phandle
[    9.349562] OF: /testcase-data/phandle-tests/consumer-a: could not find =
phandle
[    9.350634] OF: /testcase-data/phandle-tests/consumer-a: arguments longe=
r than property
[    9.351842] OF: /testcase-data/phandle-tests/consumer-a: arguments longe=
r than property
[    9.353125] OF: /testcase-data/phandle-tests/consumer-b: could not get #=
phandle-missing-cells for /testcase-data/phandle-tests/provider1
[    9.354858] OF: /testcase-data/phandle-tests/consumer-b: could not find =
phandle
[    9.356094] OF: /testcase-data/phandle-tests/consumer-b: arguments longe=
r than property
[    9.359033] ### dt-test ### end of unittest - 187 passed, 0 failed
[    9.360158] IP-Config: Failed to open ipddp0
[    9.364866] IPv6: ADDRCONF(NETDEV_UP): eth0: link is not ready
[    9.366651] 8021q: adding VLAN 0 to HW filter on device eth0
[    9.367569] IP-Config: Failed to open plip0
[    9.368199] DHCP/BOOTP: Ignoring device wpan0, MTU 123 too small
[    9.369063] DHCP/BOOTP: Ignoring device wpan1, MTU 123 too small
[    9.381082] Sending DHCP requests .
[   11.424566] e1000: eth0 NIC Link is Up 1000 Mbps Full Duplex, Flow Contr=
ol: RX
[   11.426835] IPv6: ADDRCONF(NETDEV_CHANGE): eth0: link becomes ready
[   12.315194] ., OK
[   12.317341] IP-Config: Got DHCP answer from 10.0.2.2, my address is 10.0=
=2E2.15
[   12.318301] IP-Config: Complete:
[   12.318753]      device=3Deth0, hwaddr=3D52:54:00:12:34:56, ipaddr=3D10.=
0.2.15, mask=3D255.255.255.0, gw=3D10.0.2.2
[   12.320151]      host=3Dvm-intel12-openwrt-i386-8, domain=3D, nis-domain=
=3D(none)
[   12.321069]      bootserver=3D10.0.2.2, rootserver=3D10.0.2.2, rootpath=
=3D     nameserver0=3D10.0.2.3
[   12.322422] Bluetooth: Starting self testing
[   12.327288] Bluetooth: SMP test passed in 4042 usecs
[   12.328000] Bluetooth: Finished self testing
[   12.328658] cfg80211: Loading compiled-in X.509 certificates for regulat=
ory database
[   12.330984] cfg80211: Loaded X.509 cert 'sforshee: 00b28ddf47aef9cea7'
[   12.332089] platform regulatory.0: Direct firmware load for regulatory.d=
b failed with error -2
[   12.333223] platform regulatory.0: Falling back to user helper
[   12.334146] ALSA device list:
[   12.334576]   No soundcards found.
[   12.344813] Freeing unused kernel memory: 656K
[   12.345562] Write protecting the kernel text: 14376k
[   12.346649] Write protecting the kernel read-only data: 4740k
[   12.347584] rodata_test: all tests were successful
[   12.348499] ------------[ cut here ]------------
[   12.349193] attempted to set unsupported pgprot: 8000000000000025 bits: =
8000000000000000 supported: 7fffffffffffffff
[   12.350792] WARNING: CPU: 0 PID: 1 at arch/x86/include/asm/pgtable.h:540=
 handle_mm_fault+0xfc1/0xfe0
[   12.352294] CPU: 0 PID: 1 Comm: swapper/0 Not tainted 4.17.0-rc1 #172
[   12.353357] EIP: handle_mm_fault+0xfc1/0xfe0
[   12.354047] EFLAGS: 00210296 CPU: 0
[   12.354581] EAX: 00000068 EBX: 80000000 ECX: 00000002 EDX: 00000038
[   12.362768] ESI: 00000025 EDI: cc679000 EBP: cf02de70 ESP: cf02ddf0
[   12.363657]  DS: 007b ES: 007b FS: 00d8 GS: 00e0 SS: 0068
[   12.364458] CR0: 80050033 CR2: c1e1e110 CR3: 024a6000 CR4: 000006b0
[   12.365413] Call Trace:
[   12.365885]  ? touch_atime+0x5e/0xa0
[   12.366451]  __get_user_pages+0x104/0x3a0
[   12.374172]  get_user_pages_remote+0xf3/0x1c0
[   12.374959]  copy_strings+0x12d/0x380
[   12.375478]  copy_strings_kernel+0x26/0x40
[   12.376087]  do_execveat_common+0x486/0x6a0
[   12.376718]  ? rest_init+0x100/0x100
[   12.377275]  do_execve+0x14/0x20
[   12.377769]  run_init_process+0x1c/0x20
[   12.378364]  kernel_init+0x46/0x100
[   12.378876]  ret_from_fork+0x2e/0x40
[   12.379408] Code: ff c6 05 55 fc 3b c2 01 52 50 8b 5d b0 89 4d a0 31 f3 =
89 d8 8b 5d b4 31 cb 53 50 ff 75 b4 ff 75 b0 68 18 b0 15 c2 e8 bf cc f0 ff =
<0f> 0b 8b 4d a0 83 c4 1c 89 75 b0 89 4d b4 e9 ee fa ff ff be 02=20
[   12.382173] ---[ end trace 0276fe2191187186 ]---
[   12.383485] ------------[ cut here ]------------
[   12.384245] attempted to set unsupported pgprot: 8000000000000025 bits: =
8000000000000000 supported: 7fffffffffffffff
[   12.391613] WARNING: CPU: 0 PID: 1 at arch/x86/include/asm/pgtable.h:540=
 change_protection_range+0x721/0x8a0
[   12.393324] CPU: 0 PID: 1 Comm: init Tainted: G        W         4.17.0-=
rc1 #172
[   12.394400] EIP: change_protection_range+0x721/0x8a0
[   12.395106] EFLAGS: 00010292 CPU: 0
[   12.395607] EAX: 00000068 EBX: 00000000 ECX: 00000003 EDX: 00000054
[   12.396527] ESI: b7f40000 EDI: cc67ea00 EBP: cf02df10 ESP: cf02de60
[   12.397472]  DS: 007b ES: 007b FS: 00d8 GS: 00e0 SS: 0068
[   12.398286] CR0: 80050033 CR2: b7f40dc4 CR3: 0c698000 CR4: 000006b0
[   12.399207] Call Trace:
[   12.399582]  mprotect_fixup+0xba/0x240
[   12.400109]  sys_mprotect+0x13d/0x220
[   12.400637]  do_int80_syscall_32+0x49/0x140
[   12.401250]  entry_INT80_32+0x31/0x31
[   12.401802] EIP: 0xb7f858fd
[   12.402237] EFLAGS: 00000206 CPU: 0
[   12.402761] EAX: ffffffda EBX: b7f40000 ECX: 00001000 EDX: 00000001
[   12.403681] ESI: b7f7d8b0 EDI: b7f7d8b0 EBP: bff7cd94 ESP: bff7cd88
[   12.404633]  DS: 007b ES: 007b FS: 0000 GS: 0033 SS: 007b
[   12.405416] Code: 89 9d 74 ff ff ff 8b 45 88 89 85 78 ff ff ff ff b5 78 =
ff ff ff ff b5 74 ff ff ff ff 75 0c ff 75 08 68 18 b0 15 c2 e8 9f 48 f0 ff =
<0f> 0b 83 c4 1c 8b 85 70 ff ff ff 8b 95 6c ff ff ff e9 27 fe ff=20
[   12.408185] ---[ end trace 0276fe2191187187 ]---
[   12.422790] init: Console is alive
[   12.423452] init: - watchdog -
[   12.424915] kmodloader (173) used greatest stack depth: 7044 bytes left
[   13.427950] init: - preinit -
[   13.437745] sh (175) used greatest stack depth: 6976 bytes left
[   13.439566] procd: - early -
[   13.440069] procd: - watchdog -
[   13.441086] procd (174) used greatest stack depth: 6964 bytes left
[   13.499056] hotplug-call (181) used greatest stack depth: 6800 bytes left
[   13.533998] hotplug-call (185) used greatest stack depth: 6784 bytes left
[   13.629481] udevtrigger (177) used greatest stack depth: 6632 bytes left
[   14.129767] procd: - ubus -
[   15.140425] procd: - init -
Please press Enter to activate this console.
[   17.062049] IPv6: ADDRCONF(NETDEV_UP): eth0: link is not ready
[   17.070031] 8021q: adding VLAN 0 to HW filter on device eth0
LKP: HOSTNAME vm-intel12-openwrt-i386-8, MAC , kernel 4.17.0-rc1 172, seria=
l console /dev/ttyS0
[   18.360610] Kernel tests: Boot OK!
[   18.360610] LKP: waiting for network...
[   19.104554] e1000: eth0 NIC Link is Up 1000 Mbps Full Duplex, Flow Contr=
ol: RX
[   19.106223] IPv6: ADDRCONF(NETDEV_CHANGE): eth0: link becomes ready
[   19.299780] fw3 (1226) used greatest stack depth: 6584 bytes left
[   19.945755] busybox (1286) used greatest stack depth: 6564 bytes left
[   20.022384] process 1311 (wait) attempted a POSIX timer syscall while CO=
NFIG_POSIX_TIMERS is not set
[   20.363135] /lkp/lkp/src/monitors/heartbeat: line 9: vmstat: not found
[   20.363135] /lkp/lkp/src/monitors/heartbeat: exec: line 23: vmstat: not =
found
[   20.365315] /lkp/lkp/src/bin/run-lkp
[   20.365315] RESULT_ROOT=3D/result/trinity/300s/vm-intel12-openwrt-i386/o=
penwrt-i386-2016-03-16.cgz/i386-randconfig-b0-04180440/gcc-4.9/60cc43fc8884=
28bb2f18f08997432d426a243338/1
[   20.365315] job=3D/lkp/scheduled/vm-intel12-openwrt-i386-8/trinity-300s-=
openwrt-i386-2016-03-16.cgz-60cc43fc888428bb2f18f08997432d426a243338-201804=
18-77711-142asuo-1.yaml
[   20.365315] run-job /lkp/scheduled/vm-intel12-openwrt-i386-8/trinity-300=
s-openwrt-i386-2016-03-16.cgz-60cc43fc888428bb2f18f08997432d426a243338-2018=
0418-77711-142asuo-1.yaml
[   20.365315] /bin/busybox wget -q http://inn:80/~lkp/cgi-bin/lkp-jobfile-=
append-var?job_file=3D/lkp/scheduled/vm-intel12-openwrt-i386-8/trinity-300s=
-openwrt-i386-2016-03-16.cgz-60cc43fc888428bb2f18f08997432d426a243338-20180=
418-77711-142asuo-1.yaml&job_state=3Drunning -O /dev/null
[   20.365315] skip microcode check for virtual machine
[   21.412139] BusyBox v1.23.2 (2016-01-02 14:31:17 CET) multi-call binary.
[   21.412139]=20
[   21.412139] Usage: time [-v] PROG ARGS
[   21.412139]=20
[   21.412139] Run PROG, display resource usage when it exits
[   21.412139]=20
[   21.412139] 	-v	Verbose
[   21.412139]=20
[   21.433155] Seeding trinity based on i386-randconfig-b0-04180440
[   21.433155] 2018-04-17 20:53:33 trinity -q -q -l off -s 657131 -x get_ro=
bust_list -x remap_file_pages -N 999999999 -X
[   21.433155] Trinity 1.8  Dave Jones <davej@codemonkey.org.uk>
[   21.433155] shm:0xb75b5000-0xc3d61e14 (4 pages)
[   21.433155] [main] Marking syscall get_robust_list (312) as to be disabl=
ed.
[   21.433155] [main] Marking syscall remap_file_pages (257) as to be disab=
led.
[   21.433155] Error getting nobody pwent (No such file or directory)
[   70.624036] rcu-torture: rtc: df8aa404 ver: 4443 tfle: 0 rta: 4443 rtaf:=
 0 rtf: 4434 rtmbe: 0 rtbe: 0 rtbke: 0 rtbre: 0 rtbf: 0 rtb: 0 nt: 6202 ono=
ff: 0/0:0/0 -1,0:-1,0 0:0 (HZ=3D1000) barrier: 0/0:0 cbflood: 30
[   70.626631] rcu-torture: Reader Pipe:  11610341 0 0 0 0 0 0 0 0 0 0
[   70.627570] rcu-torture: Reader Batch:  10967365 642976 0 0 0 0 0 0 0 0 0
[   70.628586] rcu-torture: Free-Block Circulation:  4442 4442 4441 4440 44=
39 4438 4437 4436 4435 4434 0
[   74.720305] cfg80211: failed to load regulatory.db
[  132.064050] rcu-torture: rtc: df17c716 ver: 8941 tfle: 0 rta: 8941 rtaf:=
 0 rtf: 8932 rtmbe: 0 rtbe: 0 rtbke: 0 rtbre: 0 rtbf: 0 rtb: 0 nt: 13613 on=
off: 0/0:0/0 -1,0:-1,0 0:0 (HZ=3D1000) barrier: 0/0:0 cbflood: 60
[  132.066768] rcu-torture: Reader Pipe:  25394794 0 0 0 0 0 0 0 0 0 0
[  132.067714] rcu-torture: Reader Batch:  24112882 1281912 0 0 0 0 0 0 0 0=
 0
[  132.068782] rcu-torture: Free-Block Circulation:  8940 8940 8939 8938 89=
37 8936 8935 8934 8933 8932 0
[  193.504060] rcu-torture: rtc: bde43e3f ver: 13604 tfle: 0 rta: 13604 rta=
f: 0 rtf: 13595 rtmbe: 0 rtbe: 0 rtbke: 0 rtbre: 0 rtbf: 0 rtb: 0 nt: 21654=
 onoff: 0/0:0/0 -1,0:-1,0 0:0 (HZ=3D1000) barrier: 0/0:0 cbflood: 90
[  193.507577] rcu-torture: Reader Pipe:  40946703 0 0 0 0 0 0 0 0 0 0
[  193.509477] rcu-torture: Reader Batch:  38946888 1999815 0 0 0 0 0 0 0 0=
 0
[  193.511274] rcu-torture: Free-Block Circulation:  13603 13603 13602 1360=
1 13600 13599 13598 13597 13596 13595 0
[  254.944077] rcu-torture: rtc: 761c2558 ver: 18380 tfle: 0 rta: 18380 rta=
f: 0 rtf: 18371 rtmbe: 0 rtbe: 0 rtbke: 0 rtbre: 0 rtbf: 0 rtb: 0 nt: 29495=
 onoff: 0/0:0/0 -1,0:-1,0 0:0 (HZ=3D1000) barrier: 0/0:0 cbflood: 120
[  254.947058] rcu-torture: Reader Pipe:  56414936 0 0 0 0 0 0 0 0 0 0
[  254.948084] rcu-torture: Reader Batch:  53730445 2684491 0 0 0 0 0 0 0 0=
 0
[  254.949368] rcu-torture: Free-Block Circulation:  18379 18379 18378 1837=
7 18376 18375 18374 18373 18372 18371 0
[  316.384053] rcu-torture: rtc: 4034f3a7 ver: 23297 tfle: 0 rta: 23297 rta=
f: 0 rtf: 23288 rtmbe: 0 rtbe: 0 rtbke: 0 rtbre: 0 rtbf: 0 rtb: 0 nt: 37786=
 onoff: 0/0:0/0 -1,0:-1,0 0:0 (HZ=3D1000) barrier: 0/0:0 cbflood: 150
[  316.386944] rcu-torture: Reader Pipe:  71846882 0 0 0 0 0 0 0 0 0 0
[  316.387869] rcu-torture: Reader Batch:  68474148 3372734 0 0 0 0 0 0 0 0=
 0
[  316.388902] rcu-torture: Free-Block Circulation:  23296 23296 23295 2329=
4 23293 23292 23291 23290 23289 23288 0
[  321.402803] busybox (1383) used greatest stack depth: 6536 bytes left
[  322.089025] sh: can't kill pid 1348: No such process
[  322.089734] /bin/busybox wget -q http://inn:80/~lkp/cgi-bin/lkp-jobfile-=
append-var?job_file=3D/lkp/scheduled/vm-intel12-openwrt-i386-8/trinity-300s=
-openwrt-i386-2016-03-16.cgz-60cc43fc888428bb2f18f08997432d426a243338-20180=
418-77711-142asuo-1.yaml&job_state=3Dpost_run -O /dev/null
[  323.096768] kill 1294 cat /proc/kmsg=20
[  323.096768] wait for background monitors: 1299 oom-killer
[  325.018447] sysrq: SysRq : Emergency Sync
[  325.019221] Emergency Sync complete
[  325.019763] sysrq: SysRq : Resetting

Elapsed time: 330

#!/bin/bash

# To reproduce,
# 1) save job-script and this script (both are attached in 0day report emai=
l)
# 2) run this script with your compiled kernel and optional env $INSTALL_MO=
D_PATH

kernel=3D$1

initrds=3D(
	/osimage/openwrt/openwrt-i386-2016-03-16.cgz
	/lkp/lkp/lkp-i386.cgz
	/osimage/pkg/debian-x86_64-2016-08-31.cgz/trinity-static-i386-x86_64-6ddab=
fd2_2017-11-10.cgz
)

HTTP_PREFIX=3Dhttps://github.com/0day-ci/lkp-qemu/raw/master
wget --timestamping "${initrds[@]/#/$HTTP_PREFIX}"

{
	cat "${initrds[@]//*\//}"
	[[ $INSTALL_MOD_PATH ]] && (
		cd "$INSTALL_MOD_PATH"
		find lib | cpio -o -H newc --quiet | gzip
	)
	echo  job-script | cpio -o -H newc --quiet | gzip
} > initrd.img

qemu-img create -f qcow2 disk-vm-intel12-openwrt-i386-8-0 256G
qemu-img create -f qcow2 disk-vm-intel12-openwrt-i386-8-1 256G

kvm=3D(
	qemu-system-i386
	-enable-kvm
	-kernel $kernel
	-initrd initrd.img
	-m 256
	-smp 1
	-device e1000,netdev=3Dnet0
	-netdev user,id=3Dnet0
	-boot order=3Dnc
	-no-reboot
	-watchdog i6300esb
	-watchdog-action debug
	-rtc base=3Dlocaltime
	-drive file=3Ddisk-vm-intel12-openwrt-i386-8-0,media=3Ddisk,if=3Dvirtio
	-drive file=3Ddisk-vm-intel12-openwrt-i386-8-1,media=3Ddisk,if=3Dvirtio
	-serial stdio
	-display none
	-monitor null
)

append=3D(
	ip=3D::::vm-intel12-openwrt-i386-8::dhcp
	root=3D/dev/ram0
	user=3Dlkp
	job=3D/job-script
	ARCH=3Di386
	kconfig=3Di386-randconfig-b0-04180440
	branch=3Dlinux-devel/devel-hourly-2018041718
	commit=3D60cc43fc888428bb2f18f08997432d426a243338
	BOOT_IMAGE=3D/pkg/linux/i386-randconfig-b0-04180440/gcc-4.9/60cc43fc888428=
bb2f18f08997432d426a243338/vmlinuz-4.17.0-rc1
	max_uptime=3D1500
	RESULT_ROOT=3D/result/trinity/300s/vm-intel12-openwrt-i386/openwrt-i386-20=
16-03-16.cgz/i386-randconfig-b0-04180440/gcc-4.9/60cc43fc888428bb2f18f08997=
432d426a243338/1
	result_service=3Dtmpfs
	debug
	apic=3Ddebug
	sysrq_always_enabled
	rcupdate.rcu_cpu_stall_timeout=3D100
	net.ifnames=3D0
	printk.devkmsg=3Don
	panic=3D-1
	softlockup_panic=3D1
	nmi_watchdog=3Dpanic
	oops=3Dpanic
	load_ramdisk=3D2
	prompt_ramdisk=3D0
	drbd.minor_count=3D8
	systemd.log_level=3Derr
	ignore_loglevel
	console=3Dtty0
	earlyprintk=3DttyS0,115200
	console=3DttyS0,115200
	vga=3Dnormal
	rw
	drbd.minor_count=3D8
	rcuperf.shutdown=3D0
)

"${kvm[@]}" -append "${append[*]}"

--6dualgudg3s5zr2r
Content-Type: text/plain; charset=us-ascii
Content-Disposition: attachment; filename=".config"

#
# Automatically generated file; DO NOT EDIT.
# Linux/i386 4.17.0-rc1 Kernel Configuration
#
CONFIG_X86_32=y
CONFIG_X86=y
CONFIG_INSTRUCTION_DECODER=y
CONFIG_OUTPUT_FORMAT="elf32-i386"
CONFIG_ARCH_DEFCONFIG="arch/x86/configs/i386_defconfig"
CONFIG_LOCKDEP_SUPPORT=y
CONFIG_STACKTRACE_SUPPORT=y
CONFIG_MMU=y
CONFIG_ARCH_MMAP_RND_BITS_MIN=8
CONFIG_ARCH_MMAP_RND_BITS_MAX=16
CONFIG_ARCH_MMAP_RND_COMPAT_BITS_MIN=8
CONFIG_ARCH_MMAP_RND_COMPAT_BITS_MAX=16
CONFIG_NEED_DMA_MAP_STATE=y
CONFIG_NEED_SG_DMA_LENGTH=y
CONFIG_GENERIC_ISA_DMA=y
CONFIG_GENERIC_BUG=y
CONFIG_GENERIC_HWEIGHT=y
CONFIG_ARCH_MAY_HAVE_PC_FDC=y
CONFIG_RWSEM_XCHGADD_ALGORITHM=y
CONFIG_GENERIC_CALIBRATE_DELAY=y
CONFIG_ARCH_HAS_CPU_RELAX=y
CONFIG_ARCH_HAS_CACHE_LINE_SIZE=y
CONFIG_HAVE_SETUP_PER_CPU_AREA=y
CONFIG_NEED_PER_CPU_EMBED_FIRST_CHUNK=y
CONFIG_NEED_PER_CPU_PAGE_FIRST_CHUNK=y
CONFIG_ARCH_HIBERNATION_POSSIBLE=y
CONFIG_ARCH_SUSPEND_POSSIBLE=y
CONFIG_ARCH_WANT_HUGE_PMD_SHARE=y
CONFIG_ARCH_WANT_GENERAL_HUGETLB=y
CONFIG_ARCH_SUPPORTS_OPTIMIZED_INLINING=y
CONFIG_ARCH_SUPPORTS_DEBUG_PAGEALLOC=y
CONFIG_X86_32_SMP=y
CONFIG_ARCH_SUPPORTS_UPROBES=y
CONFIG_FIX_EARLYCON_MEM=y
CONFIG_PGTABLE_LEVELS=3
CONFIG_IRQ_WORK=y
CONFIG_BUILDTIME_EXTABLE_SORT=y
CONFIG_THREAD_INFO_IN_TASK=y

#
# General setup
#
CONFIG_INIT_ENV_ARG_LIMIT=32
CONFIG_CROSS_COMPILE=""
# CONFIG_COMPILE_TEST is not set
CONFIG_LOCALVERSION=""
CONFIG_LOCALVERSION_AUTO=y
CONFIG_HAVE_KERNEL_GZIP=y
CONFIG_HAVE_KERNEL_BZIP2=y
CONFIG_HAVE_KERNEL_LZMA=y
CONFIG_HAVE_KERNEL_XZ=y
CONFIG_HAVE_KERNEL_LZO=y
CONFIG_HAVE_KERNEL_LZ4=y
# CONFIG_KERNEL_GZIP is not set
# CONFIG_KERNEL_BZIP2 is not set
# CONFIG_KERNEL_LZMA is not set
# CONFIG_KERNEL_XZ is not set
# CONFIG_KERNEL_LZO is not set
CONFIG_KERNEL_LZ4=y
CONFIG_DEFAULT_HOSTNAME="(none)"
CONFIG_SWAP=y
# CONFIG_SYSVIPC is not set
# CONFIG_POSIX_MQUEUE is not set
CONFIG_CROSS_MEMORY_ATTACH=y
# CONFIG_USELIB is not set
CONFIG_AUDIT=y
CONFIG_HAVE_ARCH_AUDITSYSCALL=y
CONFIG_AUDITSYSCALL=y
CONFIG_AUDIT_WATCH=y
CONFIG_AUDIT_TREE=y

#
# IRQ subsystem
#
CONFIG_GENERIC_IRQ_PROBE=y
CONFIG_GENERIC_IRQ_SHOW=y
CONFIG_GENERIC_IRQ_EFFECTIVE_AFF_MASK=y
CONFIG_GENERIC_PENDING_IRQ=y
CONFIG_GENERIC_IRQ_MIGRATION=y
CONFIG_GENERIC_IRQ_CHIP=y
CONFIG_IRQ_DOMAIN=y
CONFIG_IRQ_SIM=y
CONFIG_IRQ_DOMAIN_HIERARCHY=y
CONFIG_GENERIC_IRQ_MATRIX_ALLOCATOR=y
CONFIG_GENERIC_IRQ_RESERVATION_MODE=y
CONFIG_IRQ_FORCED_THREADING=y
CONFIG_SPARSE_IRQ=y
CONFIG_GENERIC_IRQ_DEBUGFS=y
CONFIG_CLOCKSOURCE_WATCHDOG=y
CONFIG_ARCH_CLOCKSOURCE_DATA=y
CONFIG_CLOCKSOURCE_VALIDATE_LAST_CYCLE=y
CONFIG_GENERIC_TIME_VSYSCALL=y
CONFIG_GENERIC_CLOCKEVENTS=y
CONFIG_GENERIC_CLOCKEVENTS_BROADCAST=y
CONFIG_GENERIC_CLOCKEVENTS_MIN_ADJUST=y
CONFIG_GENERIC_CMOS_UPDATE=y

#
# Timers subsystem
#
CONFIG_TICK_ONESHOT=y
CONFIG_HZ_PERIODIC=y
# CONFIG_NO_HZ_IDLE is not set
CONFIG_NO_HZ=y
CONFIG_HIGH_RES_TIMERS=y

#
# CPU/Task time and stats accounting
#
CONFIG_TICK_CPU_ACCOUNTING=y
CONFIG_IRQ_TIME_ACCOUNTING=y
# CONFIG_BSD_PROCESS_ACCT is not set
# CONFIG_TASKSTATS is not set
# CONFIG_CPU_ISOLATION is not set

#
# RCU Subsystem
#
CONFIG_TREE_RCU=y
CONFIG_RCU_EXPERT=y
CONFIG_SRCU=y
CONFIG_TREE_SRCU=y
CONFIG_TASKS_RCU=y
CONFIG_RCU_STALL_COMMON=y
CONFIG_RCU_NEED_SEGCBLIST=y
CONFIG_RCU_FANOUT=32
CONFIG_RCU_FANOUT_LEAF=16
CONFIG_RCU_NOCB_CPU=y
CONFIG_BUILD_BIN2C=y
CONFIG_IKCONFIG=y
CONFIG_IKCONFIG_PROC=y
CONFIG_LOG_BUF_SHIFT=20
CONFIG_LOG_CPU_MAX_BUF_SHIFT=12
CONFIG_PRINTK_SAFE_LOG_BUF_SHIFT=13
CONFIG_HAVE_UNSTABLE_SCHED_CLOCK=y
CONFIG_ARCH_WANT_BATCHED_UNMAP_TLB_FLUSH=y
CONFIG_CGROUPS=y
# CONFIG_MEMCG is not set
# CONFIG_BLK_CGROUP is not set
CONFIG_CGROUP_SCHED=y
CONFIG_FAIR_GROUP_SCHED=y
# CONFIG_CFS_BANDWIDTH is not set
# CONFIG_RT_GROUP_SCHED is not set
CONFIG_CGROUP_PIDS=y
# CONFIG_CGROUP_RDMA is not set
# CONFIG_CGROUP_FREEZER is not set
CONFIG_CPUSETS=y
# CONFIG_PROC_PID_CPUSET is not set
CONFIG_CGROUP_DEVICE=y
# CONFIG_CGROUP_CPUACCT is not set
CONFIG_CGROUP_PERF=y
# CONFIG_CGROUP_DEBUG is not set
CONFIG_SOCK_CGROUP_DATA=y
# CONFIG_NAMESPACES is not set
CONFIG_SCHED_AUTOGROUP=y
# CONFIG_SYSFS_DEPRECATED is not set
# CONFIG_RELAY is not set
CONFIG_BLK_DEV_INITRD=y
CONFIG_INITRAMFS_SOURCE=""
CONFIG_RD_GZIP=y
CONFIG_RD_BZIP2=y
# CONFIG_RD_LZMA is not set
CONFIG_RD_XZ=y
# CONFIG_RD_LZO is not set
# CONFIG_RD_LZ4 is not set
CONFIG_CC_OPTIMIZE_FOR_PERFORMANCE=y
# CONFIG_CC_OPTIMIZE_FOR_SIZE is not set
CONFIG_SYSCTL=y
CONFIG_ANON_INODES=y
CONFIG_HAVE_UID16=y
CONFIG_SYSCTL_EXCEPTION_TRACE=y
CONFIG_HAVE_PCSPKR_PLATFORM=y
CONFIG_BPF=y
CONFIG_EXPERT=y
CONFIG_UID16=y
CONFIG_MULTIUSER=y
# CONFIG_SGETMASK_SYSCALL is not set
CONFIG_SYSFS_SYSCALL=y
# CONFIG_SYSCTL_SYSCALL is not set
CONFIG_FHANDLE=y
# CONFIG_POSIX_TIMERS is not set
CONFIG_PRINTK=y
CONFIG_PRINTK_NMI=y
CONFIG_BUG=y
# CONFIG_PCSPKR_PLATFORM is not set
# CONFIG_BASE_FULL is not set
CONFIG_FUTEX=y
CONFIG_FUTEX_PI=y
CONFIG_EPOLL=y
CONFIG_SIGNALFD=y
CONFIG_TIMERFD=y
# CONFIG_EVENTFD is not set
CONFIG_SHMEM=y
CONFIG_AIO=y
# CONFIG_ADVISE_SYSCALLS is not set
CONFIG_MEMBARRIER=y
CONFIG_CHECKPOINT_RESTORE=y
CONFIG_KALLSYMS=y
CONFIG_KALLSYMS_ALL=y
CONFIG_KALLSYMS_BASE_RELATIVE=y
# CONFIG_BPF_SYSCALL is not set
# CONFIG_USERFAULTFD is not set
CONFIG_ARCH_HAS_MEMBARRIER_SYNC_CORE=y
# CONFIG_EMBEDDED is not set
CONFIG_HAVE_PERF_EVENTS=y
CONFIG_PC104=y

#
# Kernel Performance Events And Counters
#
CONFIG_PERF_EVENTS=y
# CONFIG_DEBUG_PERF_USE_VMALLOC is not set
CONFIG_VM_EVENT_COUNTERS=y
# CONFIG_SLUB_DEBUG is not set
# CONFIG_COMPAT_BRK is not set
# CONFIG_SLAB is not set
CONFIG_SLUB=y
# CONFIG_SLOB is not set
# CONFIG_SLAB_MERGE_DEFAULT is not set
# CONFIG_SLAB_FREELIST_RANDOM is not set
# CONFIG_SLAB_FREELIST_HARDENED is not set
# CONFIG_SLUB_CPU_PARTIAL is not set
CONFIG_SYSTEM_DATA_VERIFICATION=y
CONFIG_PROFILING=y
CONFIG_CRASH_CORE=y
CONFIG_KEXEC_CORE=y
CONFIG_OPROFILE=y
# CONFIG_OPROFILE_EVENT_MULTIPLEX is not set
CONFIG_HAVE_OPROFILE=y
CONFIG_OPROFILE_NMI_TIMER=y
# CONFIG_JUMP_LABEL is not set
CONFIG_HAVE_EFFICIENT_UNALIGNED_ACCESS=y
CONFIG_ARCH_USE_BUILTIN_BSWAP=y
CONFIG_HAVE_IOREMAP_PROT=y
CONFIG_HAVE_KPROBES=y
CONFIG_HAVE_KRETPROBES=y
CONFIG_HAVE_OPTPROBES=y
CONFIG_HAVE_KPROBES_ON_FTRACE=y
CONFIG_HAVE_FUNCTION_ERROR_INJECTION=y
CONFIG_HAVE_NMI=y
CONFIG_HAVE_ARCH_TRACEHOOK=y
CONFIG_HAVE_DMA_CONTIGUOUS=y
CONFIG_GENERIC_SMP_IDLE_THREAD=y
CONFIG_ARCH_HAS_FORTIFY_SOURCE=y
CONFIG_ARCH_HAS_SET_MEMORY=y
CONFIG_HAVE_ARCH_THREAD_STRUCT_WHITELIST=y
CONFIG_ARCH_WANTS_DYNAMIC_TASK_STRUCT=y
CONFIG_HAVE_REGS_AND_STACK_ACCESS_API=y
CONFIG_HAVE_CLK=y
CONFIG_HAVE_DMA_API_DEBUG=y
CONFIG_HAVE_HW_BREAKPOINT=y
CONFIG_HAVE_MIXED_BREAKPOINTS_REGS=y
CONFIG_HAVE_USER_RETURN_NOTIFIER=y
CONFIG_HAVE_PERF_EVENTS_NMI=y
CONFIG_HAVE_HARDLOCKUP_DETECTOR_PERF=y
CONFIG_HAVE_PERF_REGS=y
CONFIG_HAVE_PERF_USER_STACK_DUMP=y
CONFIG_HAVE_ARCH_JUMP_LABEL=y
CONFIG_HAVE_RCU_TABLE_FREE=y
CONFIG_ARCH_HAVE_NMI_SAFE_CMPXCHG=y
CONFIG_HAVE_ALIGNED_STRUCT_PAGE=y
CONFIG_HAVE_CMPXCHG_LOCAL=y
CONFIG_HAVE_CMPXCHG_DOUBLE=y
CONFIG_ARCH_WANT_IPC_PARSE_VERSION=y
CONFIG_HAVE_ARCH_SECCOMP_FILTER=y
CONFIG_HAVE_GCC_PLUGINS=y
# CONFIG_GCC_PLUGINS is not set
CONFIG_HAVE_CC_STACKPROTECTOR=y
# CONFIG_CC_STACKPROTECTOR_NONE is not set
CONFIG_CC_STACKPROTECTOR_REGULAR=y
# CONFIG_CC_STACKPROTECTOR_STRONG is not set
# CONFIG_CC_STACKPROTECTOR_AUTO is not set
CONFIG_HAVE_ARCH_WITHIN_STACK_FRAMES=y
CONFIG_HAVE_IRQ_TIME_ACCOUNTING=y
CONFIG_HAVE_ARCH_TRANSPARENT_HUGEPAGE=y
CONFIG_HAVE_ARCH_HUGE_VMAP=y
CONFIG_HAVE_MOD_ARCH_SPECIFIC=y
CONFIG_MODULES_USE_ELF_REL=y
CONFIG_ARCH_HAS_ELF_RANDOMIZE=y
CONFIG_HAVE_ARCH_MMAP_RND_BITS=y
CONFIG_HAVE_EXIT_THREAD=y
CONFIG_ARCH_MMAP_RND_BITS=8
CONFIG_HAVE_COPY_THREAD_TLS=y
CONFIG_ISA_BUS_API=y
CONFIG_CLONE_BACKWARDS=y
CONFIG_OLD_SIGSUSPEND3=y
CONFIG_OLD_SIGACTION=y
CONFIG_ARCH_HAS_STRICT_KERNEL_RWX=y
CONFIG_STRICT_KERNEL_RWX=y
CONFIG_ARCH_HAS_STRICT_MODULE_RWX=y
CONFIG_ARCH_HAS_REFCOUNT=y
CONFIG_REFCOUNT_FULL=y

#
# GCOV-based kernel profiling
#
# CONFIG_GCOV_KERNEL is not set
CONFIG_ARCH_HAS_GCOV_PROFILE_ALL=y
CONFIG_HAVE_GENERIC_DMA_COHERENT=y
CONFIG_RT_MUTEXES=y
CONFIG_BASE_SMALL=1
# CONFIG_MODULES is not set
CONFIG_MODULES_TREE_LOOKUP=y
CONFIG_BLOCK=y
CONFIG_LBDAF=y
CONFIG_BLK_SCSI_REQUEST=y
CONFIG_BLK_DEV_BSG=y
CONFIG_BLK_DEV_BSGLIB=y
CONFIG_BLK_DEV_INTEGRITY=y
CONFIG_BLK_DEV_ZONED=y
CONFIG_BLK_CMDLINE_PARSER=y
# CONFIG_BLK_WBT is not set
CONFIG_BLK_DEBUG_FS=y
CONFIG_BLK_SED_OPAL=y

#
# Partition Types
#
CONFIG_PARTITION_ADVANCED=y
# CONFIG_ACORN_PARTITION is not set
# CONFIG_AIX_PARTITION is not set
CONFIG_OSF_PARTITION=y
CONFIG_AMIGA_PARTITION=y
# CONFIG_ATARI_PARTITION is not set
# CONFIG_MAC_PARTITION is not set
CONFIG_MSDOS_PARTITION=y
# CONFIG_BSD_DISKLABEL is not set
# CONFIG_MINIX_SUBPARTITION is not set
CONFIG_SOLARIS_X86_PARTITION=y
CONFIG_UNIXWARE_DISKLABEL=y
CONFIG_LDM_PARTITION=y
# CONFIG_LDM_DEBUG is not set
# CONFIG_SGI_PARTITION is not set
CONFIG_ULTRIX_PARTITION=y
# CONFIG_SUN_PARTITION is not set
CONFIG_KARMA_PARTITION=y
# CONFIG_EFI_PARTITION is not set
CONFIG_SYSV68_PARTITION=y
CONFIG_CMDLINE_PARTITION=y
CONFIG_BLK_MQ_PCI=y
CONFIG_BLK_MQ_VIRTIO=y

#
# IO Schedulers
#
CONFIG_IOSCHED_NOOP=y
# CONFIG_IOSCHED_DEADLINE is not set
# CONFIG_IOSCHED_CFQ is not set
CONFIG_DEFAULT_NOOP=y
CONFIG_DEFAULT_IOSCHED="noop"
# CONFIG_MQ_IOSCHED_DEADLINE is not set
CONFIG_MQ_IOSCHED_KYBER=y
CONFIG_IOSCHED_BFQ=y
CONFIG_PADATA=y
CONFIG_ASN1=y
CONFIG_UNINLINE_SPIN_UNLOCK=y
CONFIG_ARCH_SUPPORTS_ATOMIC_RMW=y
CONFIG_MUTEX_SPIN_ON_OWNER=y
CONFIG_RWSEM_SPIN_ON_OWNER=y
CONFIG_LOCK_SPIN_ON_OWNER=y
CONFIG_ARCH_USE_QUEUED_SPINLOCKS=y
CONFIG_QUEUED_SPINLOCKS=y
CONFIG_ARCH_USE_QUEUED_RWLOCKS=y
CONFIG_QUEUED_RWLOCKS=y
CONFIG_ARCH_HAS_SYNC_CORE_BEFORE_USERMODE=y
CONFIG_FREEZER=y

#
# Processor type and features
#
CONFIG_ZONE_DMA=y
CONFIG_SMP=y
CONFIG_X86_FEATURE_NAMES=y
# CONFIG_X86_MPPARSE is not set
CONFIG_GOLDFISH=y
CONFIG_RETPOLINE=y
# CONFIG_INTEL_RDT is not set
CONFIG_X86_BIGSMP=y
CONFIG_X86_EXTENDED_PLATFORM=y
# CONFIG_X86_GOLDFISH is not set
# CONFIG_X86_INTEL_MID is not set
# CONFIG_X86_INTEL_QUARK is not set
# CONFIG_X86_INTEL_LPSS is not set
# CONFIG_X86_AMD_PLATFORM_DEVICE is not set
# CONFIG_IOSF_MBI is not set
# CONFIG_X86_RDC321X is not set
# CONFIG_X86_32_NON_STANDARD is not set
# CONFIG_X86_32_IRIS is not set
# CONFIG_SCHED_OMIT_FRAME_POINTER is not set
CONFIG_HYPERVISOR_GUEST=y
CONFIG_PARAVIRT=y
# CONFIG_PARAVIRT_DEBUG is not set
# CONFIG_PARAVIRT_SPINLOCKS is not set
# CONFIG_XEN is not set
CONFIG_KVM_GUEST=y
# CONFIG_KVM_DEBUG_FS is not set
# CONFIG_PARAVIRT_TIME_ACCOUNTING is not set
CONFIG_PARAVIRT_CLOCK=y
CONFIG_NO_BOOTMEM=y
# CONFIG_M486 is not set
# CONFIG_M586 is not set
# CONFIG_M586TSC is not set
# CONFIG_M586MMX is not set
# CONFIG_M686 is not set
# CONFIG_MPENTIUMII is not set
# CONFIG_MPENTIUMIII is not set
# CONFIG_MPENTIUMM is not set
# CONFIG_MPENTIUM4 is not set
CONFIG_MK6=y
# CONFIG_MK7 is not set
# CONFIG_MK8 is not set
# CONFIG_MCRUSOE is not set
# CONFIG_MEFFICEON is not set
# CONFIG_MWINCHIPC6 is not set
# CONFIG_MWINCHIP3D is not set
# CONFIG_MELAN is not set
# CONFIG_MGEODEGX1 is not set
# CONFIG_MGEODE_LX is not set
# CONFIG_MCYRIXIII is not set
# CONFIG_MVIAC3_2 is not set
# CONFIG_MVIAC7 is not set
# CONFIG_MCORE2 is not set
# CONFIG_MATOM is not set
# CONFIG_X86_GENERIC is not set
CONFIG_X86_INTERNODE_CACHE_SHIFT=5
CONFIG_X86_L1_CACHE_SHIFT=5
CONFIG_X86_ALIGNMENT_16=y
CONFIG_X86_USE_PPRO_CHECKSUM=y
CONFIG_X86_TSC=y
CONFIG_X86_CMPXCHG64=y
CONFIG_X86_MINIMUM_CPU_FAMILY=5
CONFIG_PROCESSOR_SELECT=y
CONFIG_CPU_SUP_INTEL=y
# CONFIG_CPU_SUP_CYRIX_32 is not set
CONFIG_CPU_SUP_AMD=y
CONFIG_CPU_SUP_CENTAUR=y
# CONFIG_CPU_SUP_TRANSMETA_32 is not set
# CONFIG_CPU_SUP_UMC_32 is not set
CONFIG_HPET_TIMER=y
CONFIG_HPET_EMULATE_RTC=y
# CONFIG_DMI is not set
CONFIG_SWIOTLB=y
CONFIG_IOMMU_HELPER=y
CONFIG_NR_CPUS_RANGE_BEGIN=2
CONFIG_NR_CPUS_RANGE_END=64
CONFIG_NR_CPUS_DEFAULT=32
CONFIG_NR_CPUS=32
# CONFIG_SCHED_SMT is not set
CONFIG_SCHED_MC=y
CONFIG_SCHED_MC_PRIO=y
# CONFIG_PREEMPT_NONE is not set
CONFIG_PREEMPT_VOLUNTARY=y
# CONFIG_PREEMPT is not set
CONFIG_PREEMPT_COUNT=y
CONFIG_X86_LOCAL_APIC=y
CONFIG_X86_IO_APIC=y
# CONFIG_X86_REROUTE_FOR_BROKEN_BOOT_IRQS is not set
CONFIG_X86_MCE=y
# CONFIG_X86_MCELOG_LEGACY is not set
# CONFIG_X86_MCE_INTEL is not set
CONFIG_X86_MCE_AMD=y
CONFIG_X86_ANCIENT_MCE=y
CONFIG_X86_MCE_THRESHOLD=y
CONFIG_X86_MCE_INJECT=y

#
# Performance monitoring
#
CONFIG_PERF_EVENTS_INTEL_UNCORE=y
CONFIG_PERF_EVENTS_INTEL_RAPL=y
CONFIG_PERF_EVENTS_INTEL_CSTATE=y
CONFIG_PERF_EVENTS_AMD_POWER=y
CONFIG_X86_LEGACY_VM86=y
CONFIG_VM86=y
CONFIG_X86_16BIT=y
CONFIG_X86_ESPFIX32=y
CONFIG_TOSHIBA=y
CONFIG_I8K=y
CONFIG_X86_REBOOTFIXUPS=y
CONFIG_MICROCODE=y
# CONFIG_MICROCODE_INTEL is not set
# CONFIG_MICROCODE_AMD is not set
CONFIG_MICROCODE_OLD_INTERFACE=y
CONFIG_X86_MSR=y
CONFIG_X86_CPUID=y
CONFIG_NOHIGHMEM=y
# CONFIG_HIGHMEM4G is not set
CONFIG_VMSPLIT_3G=y
# CONFIG_VMSPLIT_2G is not set
# CONFIG_VMSPLIT_1G is not set
CONFIG_PAGE_OFFSET=0xC0000000
CONFIG_X86_PAE=y
CONFIG_ARCH_PHYS_ADDR_T_64BIT=y
CONFIG_ARCH_HAS_MEM_ENCRYPT=y
CONFIG_ARCH_FLATMEM_ENABLE=y
CONFIG_ARCH_SPARSEMEM_ENABLE=y
CONFIG_ARCH_SELECT_MEMORY_MODEL=y
CONFIG_ILLEGAL_POINTER_VALUE=0
CONFIG_SELECT_MEMORY_MODEL=y
# CONFIG_FLATMEM_MANUAL is not set
CONFIG_SPARSEMEM_MANUAL=y
CONFIG_SPARSEMEM=y
CONFIG_HAVE_MEMORY_PRESENT=y
CONFIG_SPARSEMEM_STATIC=y
CONFIG_HAVE_MEMBLOCK=y
CONFIG_HAVE_MEMBLOCK_NODE_MAP=y
CONFIG_HAVE_GENERIC_GUP=y
CONFIG_ARCH_DISCARD_MEMBLOCK=y
CONFIG_MEMORY_ISOLATION=y
CONFIG_SPLIT_PTLOCK_CPUS=4
CONFIG_ARCH_ENABLE_SPLIT_PMD_PTLOCK=y
CONFIG_MEMORY_BALLOON=y
# CONFIG_BALLOON_COMPACTION is not set
CONFIG_COMPACTION=y
CONFIG_MIGRATION=y
CONFIG_PHYS_ADDR_T_64BIT=y
# CONFIG_BOUNCE is not set
CONFIG_VIRT_TO_BUS=y
# CONFIG_KSM is not set
CONFIG_DEFAULT_MMAP_MIN_ADDR=4096
CONFIG_TRANSPARENT_HUGEPAGE=y
CONFIG_TRANSPARENT_HUGEPAGE_ALWAYS=y
# CONFIG_TRANSPARENT_HUGEPAGE_MADVISE is not set
CONFIG_TRANSPARENT_HUGE_PAGECACHE=y
# CONFIG_CLEANCACHE is not set
CONFIG_FRONTSWAP=y
CONFIG_CMA=y
# CONFIG_CMA_DEBUG is not set
# CONFIG_CMA_DEBUGFS is not set
CONFIG_CMA_AREAS=7
CONFIG_ZSWAP=y
CONFIG_ZPOOL=y
# CONFIG_ZBUD is not set
CONFIG_Z3FOLD=y
# CONFIG_ZSMALLOC is not set
CONFIG_GENERIC_EARLY_IOREMAP=y
# CONFIG_DEFERRED_STRUCT_PAGE_INIT is not set
CONFIG_IDLE_PAGE_TRACKING=y
CONFIG_FRAME_VECTOR=y
# CONFIG_PERCPU_STATS is not set
# CONFIG_GUP_BENCHMARK is not set
CONFIG_X86_PMEM_LEGACY_DEVICE=y
CONFIG_X86_PMEM_LEGACY=y
CONFIG_X86_CHECK_BIOS_CORRUPTION=y
CONFIG_X86_BOOTPARAM_MEMORY_CORRUPTION_CHECK=y
CONFIG_X86_RESERVE_LOW=64
# CONFIG_MATH_EMULATION is not set
# CONFIG_MTRR is not set
# CONFIG_ARCH_RANDOM is not set
CONFIG_X86_SMAP=y
# CONFIG_X86_INTEL_UMIP is not set
# CONFIG_EFI is not set
# CONFIG_SECCOMP is not set
# CONFIG_HZ_100 is not set
# CONFIG_HZ_250 is not set
# CONFIG_HZ_300 is not set
CONFIG_HZ_1000=y
CONFIG_HZ=1000
CONFIG_SCHED_HRTICK=y
CONFIG_KEXEC=y
CONFIG_KEXEC_JUMP=y
CONFIG_PHYSICAL_START=0x1000000
CONFIG_RELOCATABLE=y
# CONFIG_RANDOMIZE_BASE is not set
CONFIG_X86_NEED_RELOCS=y
CONFIG_PHYSICAL_ALIGN=0x200000
CONFIG_HOTPLUG_CPU=y
# CONFIG_BOOTPARAM_HOTPLUG_CPU0 is not set
CONFIG_DEBUG_HOTPLUG_CPU0=y
# CONFIG_COMPAT_VDSO is not set
# CONFIG_CMDLINE_BOOL is not set
CONFIG_MODIFY_LDT_SYSCALL=y

#
# Power management and ACPI options
#
CONFIG_SUSPEND=y
CONFIG_SUSPEND_FREEZER=y
CONFIG_SUSPEND_SKIP_SYNC=y
CONFIG_HIBERNATE_CALLBACKS=y
CONFIG_HIBERNATION=y
CONFIG_PM_STD_PARTITION=""
CONFIG_PM_SLEEP=y
CONFIG_PM_SLEEP_SMP=y
# CONFIG_PM_AUTOSLEEP is not set
CONFIG_PM_WAKELOCKS=y
CONFIG_PM_WAKELOCKS_LIMIT=100
# CONFIG_PM_WAKELOCKS_GC is not set
CONFIG_PM=y
CONFIG_PM_DEBUG=y
# CONFIG_PM_ADVANCED_DEBUG is not set
# CONFIG_PM_TEST_SUSPEND is not set
CONFIG_PM_SLEEP_DEBUG=y
# CONFIG_DPM_WATCHDOG is not set
# CONFIG_PM_TRACE_RTC is not set
CONFIG_PM_CLK=y
CONFIG_WQ_POWER_EFFICIENT_DEFAULT=y
CONFIG_ACPI=y
CONFIG_ACPI_LEGACY_TABLES_LOOKUP=y
CONFIG_ARCH_MIGHT_HAVE_ACPI_PDC=y
CONFIG_ACPI_SYSTEM_POWER_STATES_SUPPORT=y
# CONFIG_ACPI_DEBUGGER is not set
CONFIG_ACPI_SPCR_TABLE=y
CONFIG_ACPI_SLEEP=y
# CONFIG_ACPI_PROCFS_POWER is not set
CONFIG_ACPI_REV_OVERRIDE_POSSIBLE=y
# CONFIG_ACPI_EC_DEBUGFS is not set
CONFIG_ACPI_AC=y
CONFIG_ACPI_BATTERY=y
CONFIG_ACPI_BUTTON=y
# CONFIG_ACPI_VIDEO is not set
CONFIG_ACPI_FAN=y
# CONFIG_ACPI_TAD is not set
# CONFIG_ACPI_DOCK is not set
CONFIG_ACPI_CPU_FREQ_PSS=y
CONFIG_ACPI_PROCESSOR_CSTATE=y
CONFIG_ACPI_PROCESSOR_IDLE=y
CONFIG_ACPI_PROCESSOR=y
# CONFIG_ACPI_IPMI is not set
CONFIG_ACPI_HOTPLUG_CPU=y
# CONFIG_ACPI_PROCESSOR_AGGREGATOR is not set
CONFIG_ACPI_THERMAL=y
CONFIG_ACPI_CUSTOM_DSDT_FILE=""
CONFIG_ARCH_HAS_ACPI_TABLE_UPGRADE=y
CONFIG_ACPI_TABLE_UPGRADE=y
# CONFIG_ACPI_DEBUG is not set
# CONFIG_ACPI_PCI_SLOT is not set
CONFIG_ACPI_CONTAINER=y
CONFIG_ACPI_HOTPLUG_IOAPIC=y
# CONFIG_ACPI_SBS is not set
# CONFIG_ACPI_HED is not set
# CONFIG_ACPI_CUSTOM_METHOD is not set
# CONFIG_ACPI_REDUCED_HARDWARE_ONLY is not set
CONFIG_HAVE_ACPI_APEI=y
CONFIG_HAVE_ACPI_APEI_NMI=y
# CONFIG_ACPI_APEI is not set
# CONFIG_DPTF_POWER is not set
# CONFIG_ACPI_EXTLOG is not set
# CONFIG_PMIC_OPREGION is not set
# CONFIG_ACPI_CONFIGFS is not set
CONFIG_X86_PM_TIMER=y
CONFIG_SFI=y
CONFIG_X86_APM_BOOT=y
CONFIG_APM=y
CONFIG_APM_IGNORE_USER_SUSPEND=y
# CONFIG_APM_DO_ENABLE is not set
# CONFIG_APM_CPU_IDLE is not set
# CONFIG_APM_DISPLAY_BLANK is not set
# CONFIG_APM_ALLOW_INTS is not set

#
# CPU Frequency scaling
#
CONFIG_CPU_FREQ=y
CONFIG_CPU_FREQ_GOV_ATTR_SET=y
CONFIG_CPU_FREQ_GOV_COMMON=y
# CONFIG_CPU_FREQ_STAT is not set
# CONFIG_CPU_FREQ_DEFAULT_GOV_PERFORMANCE is not set
# CONFIG_CPU_FREQ_DEFAULT_GOV_POWERSAVE is not set
CONFIG_CPU_FREQ_DEFAULT_GOV_USERSPACE=y
# CONFIG_CPU_FREQ_DEFAULT_GOV_ONDEMAND is not set
# CONFIG_CPU_FREQ_DEFAULT_GOV_CONSERVATIVE is not set
# CONFIG_CPU_FREQ_DEFAULT_GOV_SCHEDUTIL is not set
CONFIG_CPU_FREQ_GOV_PERFORMANCE=y
# CONFIG_CPU_FREQ_GOV_POWERSAVE is not set
CONFIG_CPU_FREQ_GOV_USERSPACE=y
CONFIG_CPU_FREQ_GOV_ONDEMAND=y
CONFIG_CPU_FREQ_GOV_CONSERVATIVE=y
# CONFIG_CPU_FREQ_GOV_SCHEDUTIL is not set

#
# CPU frequency scaling drivers
#
# CONFIG_CPUFREQ_DT is not set
CONFIG_X86_INTEL_PSTATE=y
# CONFIG_X86_PCC_CPUFREQ is not set
# CONFIG_X86_ACPI_CPUFREQ is not set
CONFIG_X86_POWERNOW_K6=y
CONFIG_X86_POWERNOW_K7=y
CONFIG_X86_POWERNOW_K7_ACPI=y
# CONFIG_X86_GX_SUSPMOD is not set
CONFIG_X86_SPEEDSTEP_CENTRINO=y
CONFIG_X86_SPEEDSTEP_CENTRINO_TABLE=y
CONFIG_X86_SPEEDSTEP_ICH=y
CONFIG_X86_SPEEDSTEP_SMI=y
CONFIG_X86_P4_CLOCKMOD=y
CONFIG_X86_CPUFREQ_NFORCE2=y
# CONFIG_X86_LONGRUN is not set
# CONFIG_X86_LONGHAUL is not set
# CONFIG_X86_E_POWERSAVER is not set

#
# shared options
#
CONFIG_X86_SPEEDSTEP_LIB=y
CONFIG_X86_SPEEDSTEP_RELAXED_CAP_CHECK=y

#
# CPU Idle
#
CONFIG_CPU_IDLE=y
# CONFIG_CPU_IDLE_GOV_LADDER is not set
CONFIG_CPU_IDLE_GOV_MENU=y
# CONFIG_INTEL_IDLE is not set

#
# Bus options (PCI etc.)
#
CONFIG_PCI=y
# CONFIG_PCI_GOBIOS is not set
# CONFIG_PCI_GOMMCONFIG is not set
# CONFIG_PCI_GODIRECT is not set
CONFIG_PCI_GOANY=y
CONFIG_PCI_BIOS=y
CONFIG_PCI_DIRECT=y
CONFIG_PCI_MMCONFIG=y
CONFIG_PCI_DOMAINS=y
# CONFIG_PCI_CNB20LE_QUIRK is not set
# CONFIG_PCIEPORTBUS is not set
# CONFIG_PCI_MSI is not set
CONFIG_PCI_QUIRKS=y
# CONFIG_PCI_DEBUG is not set
# CONFIG_PCI_STUB is not set
CONFIG_PCI_LOCKLESS_CONFIG=y
# CONFIG_PCI_IOV is not set
# CONFIG_PCI_PRI is not set
# CONFIG_PCI_PASID is not set
CONFIG_PCI_LABEL=y
# CONFIG_HOTPLUG_PCI is not set

#
# Cadence PCIe controllers support
#
# CONFIG_PCIE_CADENCE_HOST is not set

#
# DesignWare PCI Core Support
#

#
# PCI host controller drivers
#

#
# PCI Endpoint
#
# CONFIG_PCI_ENDPOINT is not set

#
# PCI switch controller drivers
#
# CONFIG_PCI_SW_SWITCHTEC is not set
# CONFIG_ISA_BUS is not set
CONFIG_ISA_DMA_API=y
# CONFIG_ISA is not set
CONFIG_SCx200=y
CONFIG_SCx200HR_TIMER=y
# CONFIG_ALIX is not set
CONFIG_NET5501=y
CONFIG_AMD_NB=y
# CONFIG_PCCARD is not set
# CONFIG_RAPIDIO is not set
CONFIG_X86_SYSFB=y

#
# Executable file formats / Emulations
#
CONFIG_BINFMT_ELF=y
CONFIG_ELFCORE=y
CONFIG_BINFMT_SCRIPT=y
CONFIG_HAVE_AOUT=y
CONFIG_BINFMT_AOUT=y
# CONFIG_BINFMT_MISC is not set
# CONFIG_COREDUMP is not set
CONFIG_COMPAT_32=y
CONFIG_HAVE_ATOMIC_IOMAP=y
CONFIG_NET=y
CONFIG_NET_INGRESS=y

#
# Networking options
#
CONFIG_PACKET=y
# CONFIG_PACKET_DIAG is not set
CONFIG_UNIX=y
# CONFIG_UNIX_DIAG is not set
# CONFIG_TLS is not set
CONFIG_XFRM=y
CONFIG_XFRM_ALGO=y
# CONFIG_XFRM_USER is not set
# CONFIG_XFRM_SUB_POLICY is not set
CONFIG_XFRM_MIGRATE=y
# CONFIG_XFRM_STATISTICS is not set
CONFIG_NET_KEY=y
CONFIG_NET_KEY_MIGRATE=y
CONFIG_INET=y
# CONFIG_IP_MULTICAST is not set
# CONFIG_IP_ADVANCED_ROUTER is not set
CONFIG_IP_PNP=y
CONFIG_IP_PNP_DHCP=y
# CONFIG_IP_PNP_BOOTP is not set
# CONFIG_IP_PNP_RARP is not set
# CONFIG_NET_IPIP is not set
# CONFIG_NET_IPGRE_DEMUX is not set
CONFIG_NET_IP_TUNNEL=y
# CONFIG_SYN_COOKIES is not set
# CONFIG_NET_IPVTI is not set
# CONFIG_NET_FOU is not set
# CONFIG_NET_FOU_IP_TUNNELS is not set
# CONFIG_INET_AH is not set
# CONFIG_INET_ESP is not set
# CONFIG_INET_IPCOMP is not set
CONFIG_INET_TUNNEL=y
CONFIG_INET_XFRM_MODE_TRANSPORT=y
CONFIG_INET_XFRM_MODE_TUNNEL=y
CONFIG_INET_XFRM_MODE_BEET=y
CONFIG_INET_DIAG=y
CONFIG_INET_TCP_DIAG=y
# CONFIG_INET_UDP_DIAG is not set
# CONFIG_INET_RAW_DIAG is not set
# CONFIG_INET_DIAG_DESTROY is not set
# CONFIG_TCP_CONG_ADVANCED is not set
CONFIG_TCP_CONG_CUBIC=y
CONFIG_DEFAULT_TCP_CONG="cubic"
# CONFIG_TCP_MD5SIG is not set
CONFIG_IPV6=y
# CONFIG_IPV6_ROUTER_PREF is not set
# CONFIG_IPV6_OPTIMISTIC_DAD is not set
# CONFIG_INET6_AH is not set
# CONFIG_INET6_ESP is not set
# CONFIG_INET6_IPCOMP is not set
# CONFIG_IPV6_MIP6 is not set
# CONFIG_IPV6_ILA is not set
CONFIG_INET6_XFRM_MODE_TRANSPORT=y
CONFIG_INET6_XFRM_MODE_TUNNEL=y
CONFIG_INET6_XFRM_MODE_BEET=y
# CONFIG_INET6_XFRM_MODE_ROUTEOPTIMIZATION is not set
# CONFIG_IPV6_VTI is not set
CONFIG_IPV6_SIT=y
# CONFIG_IPV6_SIT_6RD is not set
CONFIG_IPV6_NDISC_NODETYPE=y
# CONFIG_IPV6_TUNNEL is not set
# CONFIG_IPV6_MULTIPLE_TABLES is not set
# CONFIG_IPV6_MROUTE is not set
# CONFIG_IPV6_SEG6_LWTUNNEL is not set
# CONFIG_IPV6_SEG6_HMAC is not set
# CONFIG_NETWORK_SECMARK is not set
# CONFIG_NETWORK_PHY_TIMESTAMPING is not set
CONFIG_NETFILTER=y
CONFIG_NETFILTER_ADVANCED=y

#
# Core Netfilter Configuration
#
CONFIG_NETFILTER_INGRESS=y
# CONFIG_NETFILTER_NETLINK_ACCT is not set
# CONFIG_NETFILTER_NETLINK_QUEUE is not set
# CONFIG_NETFILTER_NETLINK_LOG is not set
# CONFIG_NF_CONNTRACK is not set
# CONFIG_NF_LOG_NETDEV is not set
# CONFIG_NF_TABLES is not set
# CONFIG_NETFILTER_XTABLES is not set
# CONFIG_IP_SET is not set
# CONFIG_IP_VS is not set

#
# IP: Netfilter Configuration
#
# CONFIG_NF_SOCKET_IPV4 is not set
# CONFIG_NF_DUP_IPV4 is not set
# CONFIG_NF_LOG_ARP is not set
# CONFIG_NF_LOG_IPV4 is not set
# CONFIG_NF_REJECT_IPV4 is not set
# CONFIG_IP_NF_IPTABLES is not set
# CONFIG_IP_NF_ARPTABLES is not set

#
# IPv6: Netfilter Configuration
#
# CONFIG_NF_SOCKET_IPV6 is not set
# CONFIG_NF_DUP_IPV6 is not set
# CONFIG_NF_REJECT_IPV6 is not set
# CONFIG_NF_LOG_IPV6 is not set
# CONFIG_IP6_NF_IPTABLES is not set

#
# DECnet: Netfilter Configuration
#
CONFIG_DECNET_NF_GRABULATOR=y
# CONFIG_IP_DCCP is not set
# CONFIG_IP_SCTP is not set
# CONFIG_RDS is not set
# CONFIG_TIPC is not set
CONFIG_ATM=y
# CONFIG_ATM_CLIP is not set
# CONFIG_ATM_LANE is not set
# CONFIG_ATM_BR2684 is not set
# CONFIG_L2TP is not set
CONFIG_MRP=y
# CONFIG_BRIDGE is not set
CONFIG_HAVE_NET_DSA=y
# CONFIG_NET_DSA is not set
CONFIG_VLAN_8021Q=y
# CONFIG_VLAN_8021Q_GVRP is not set
CONFIG_VLAN_8021Q_MVRP=y
CONFIG_DECNET=y
CONFIG_DECNET_ROUTER=y
CONFIG_LLC=y
CONFIG_LLC2=y
CONFIG_ATALK=y
CONFIG_DEV_APPLETALK=y
CONFIG_IPDDP=y
CONFIG_IPDDP_ENCAP=y
CONFIG_X25=y
CONFIG_LAPB=y
# CONFIG_PHONET is not set
# CONFIG_6LOWPAN is not set
CONFIG_IEEE802154=y
CONFIG_IEEE802154_NL802154_EXPERIMENTAL=y
# CONFIG_IEEE802154_SOCKET is not set
CONFIG_MAC802154=y
# CONFIG_NET_SCHED is not set
# CONFIG_DCB is not set
CONFIG_DNS_RESOLVER=y
# CONFIG_BATMAN_ADV is not set
# CONFIG_OPENVSWITCH is not set
# CONFIG_VSOCKETS is not set
CONFIG_NETLINK_DIAG=y
CONFIG_MPLS=y
CONFIG_NET_MPLS_GSO=y
# CONFIG_MPLS_ROUTING is not set
CONFIG_NET_NSH=y
CONFIG_HSR=y
# CONFIG_NET_SWITCHDEV is not set
# CONFIG_NET_L3_MASTER_DEV is not set
# CONFIG_NET_NCSI is not set
CONFIG_RPS=y
CONFIG_RFS_ACCEL=y
CONFIG_XPS=y
# CONFIG_CGROUP_NET_PRIO is not set
CONFIG_CGROUP_NET_CLASSID=y
CONFIG_NET_RX_BUSY_POLL=y
CONFIG_BQL=y
CONFIG_NET_FLOW_LIMIT=y

#
# Network testing
#
# CONFIG_NET_PKTGEN is not set
# CONFIG_HAMRADIO is not set
# CONFIG_CAN is not set
CONFIG_BT=y
# CONFIG_BT_BREDR is not set
CONFIG_BT_LE=y
# CONFIG_BT_LEDS is not set
CONFIG_BT_SELFTEST=y
# CONFIG_BT_SELFTEST_ECDH is not set
CONFIG_BT_SELFTEST_SMP=y
# CONFIG_BT_DEBUGFS is not set

#
# Bluetooth device drivers
#
CONFIG_BT_HCIBTSDIO=y
# CONFIG_BT_HCIUART is not set
# CONFIG_BT_HCIVHCI is not set
CONFIG_BT_MRVL=y
CONFIG_BT_MRVL_SDIO=y
# CONFIG_AF_RXRPC is not set
# CONFIG_AF_KCM is not set
CONFIG_FIB_RULES=y
CONFIG_WIRELESS=y
CONFIG_CFG80211=y
# CONFIG_NL80211_TESTMODE is not set
# CONFIG_CFG80211_DEVELOPER_WARNINGS is not set
# CONFIG_CFG80211_CERTIFICATION_ONUS is not set
CONFIG_CFG80211_REQUIRE_SIGNED_REGDB=y
CONFIG_CFG80211_USE_KERNEL_REGDB_KEYS=y
# CONFIG_CFG80211_DEFAULT_PS is not set
CONFIG_CFG80211_DEBUGFS=y
# CONFIG_CFG80211_CRDA_SUPPORT is not set
# CONFIG_CFG80211_WEXT is not set
# CONFIG_MAC80211 is not set
CONFIG_MAC80211_STA_HASH_MAX_SIZE=0
CONFIG_WIMAX=y
CONFIG_WIMAX_DEBUG_LEVEL=8
CONFIG_RFKILL=y
# CONFIG_RFKILL_INPUT is not set
CONFIG_RFKILL_GPIO=y
CONFIG_NET_9P=y
CONFIG_NET_9P_VIRTIO=y
CONFIG_NET_9P_DEBUG=y
# CONFIG_CAIF is not set
# CONFIG_CEPH_LIB is not set
CONFIG_NFC=y
# CONFIG_NFC_DIGITAL is not set
CONFIG_NFC_NCI=y
# CONFIG_NFC_NCI_SPI is not set
# CONFIG_NFC_NCI_UART is not set
CONFIG_NFC_HCI=y
CONFIG_NFC_SHDLC=y

#
# Near Field Communication (NFC) devices
#
CONFIG_NFC_FDP=y
CONFIG_NFC_FDP_I2C=y
CONFIG_NFC_PN544=y
CONFIG_NFC_PN544_I2C=y
CONFIG_NFC_PN533=y
CONFIG_NFC_PN533_I2C=y
CONFIG_NFC_MICROREAD=y
CONFIG_NFC_MICROREAD_I2C=y
# CONFIG_NFC_ST21NFCA_I2C is not set
CONFIG_NFC_ST_NCI=y
CONFIG_NFC_ST_NCI_I2C=y
CONFIG_NFC_ST_NCI_SPI=y
CONFIG_NFC_NXP_NCI=y
# CONFIG_NFC_NXP_NCI_I2C is not set
# CONFIG_NFC_S3FWRN5_I2C is not set
# CONFIG_PSAMPLE is not set
CONFIG_NET_IFE=y
CONFIG_LWTUNNEL=y
CONFIG_LWTUNNEL_BPF=y
CONFIG_DST_CACHE=y
CONFIG_GRO_CELLS=y
# CONFIG_NET_DEVLINK is not set
CONFIG_MAY_USE_DEVLINK=y

#
# Device Drivers
#

#
# Generic Driver Options
#
CONFIG_UEVENT_HELPER=y
CONFIG_UEVENT_HELPER_PATH=""
CONFIG_DEVTMPFS=y
# CONFIG_DEVTMPFS_MOUNT is not set
# CONFIG_STANDALONE is not set
CONFIG_PREVENT_FIRMWARE_BUILD=y
CONFIG_FW_LOADER=y
CONFIG_EXTRA_FIRMWARE=""
CONFIG_FW_LOADER_USER_HELPER=y
CONFIG_FW_LOADER_USER_HELPER_FALLBACK=y
CONFIG_WANT_DEV_COREDUMP=y
# CONFIG_ALLOW_DEV_COREDUMP is not set
# CONFIG_DEBUG_DRIVER is not set
# CONFIG_DEBUG_DEVRES is not set
# CONFIG_DEBUG_TEST_DRIVER_REMOVE is not set
CONFIG_GENERIC_CPU_AUTOPROBE=y
CONFIG_GENERIC_CPU_VULNERABILITIES=y
CONFIG_REGMAP=y
CONFIG_REGMAP_I2C=y
CONFIG_REGMAP_SPI=y
CONFIG_REGMAP_MMIO=y
CONFIG_REGMAP_IRQ=y
CONFIG_DMA_SHARED_BUFFER=y
# CONFIG_DMA_FENCE_TRACE is not set
# CONFIG_DMA_CMA is not set

#
# Bus devices
#
CONFIG_SIMPLE_PM_BUS=y
CONFIG_CONNECTOR=y
# CONFIG_PROC_EVENTS is not set
# CONFIG_MTD is not set
CONFIG_DTC=y
CONFIG_OF=y
CONFIG_OF_UNITTEST=y
CONFIG_OF_FLATTREE=y
CONFIG_OF_EARLY_FLATTREE=y
CONFIG_OF_KOBJ=y
CONFIG_OF_DYNAMIC=y
CONFIG_OF_ADDRESS=y
CONFIG_OF_IRQ=y
CONFIG_OF_NET=y
CONFIG_OF_MDIO=y
CONFIG_OF_RESOLVE=y
# CONFIG_OF_OVERLAY is not set
CONFIG_ARCH_MIGHT_HAVE_PC_PARPORT=y
CONFIG_PARPORT=y
CONFIG_PARPORT_PC=y
# CONFIG_PARPORT_SERIAL is not set
# CONFIG_PARPORT_PC_FIFO is not set
# CONFIG_PARPORT_PC_SUPERIO is not set
# CONFIG_PARPORT_AX88796 is not set
CONFIG_PARPORT_1284=y
CONFIG_PNP=y
CONFIG_PNP_DEBUG_MESSAGES=y

#
# Protocols
#
CONFIG_PNPACPI=y
CONFIG_BLK_DEV=y
CONFIG_BLK_DEV_NULL_BLK=y
CONFIG_BLK_DEV_FD=y
CONFIG_CDROM=y
# CONFIG_PARIDE is not set
# CONFIG_BLK_DEV_PCIESSD_MTIP32XX is not set
# CONFIG_BLK_DEV_DAC960 is not set
# CONFIG_BLK_DEV_UMEM is not set
# CONFIG_BLK_DEV_LOOP is not set
# CONFIG_BLK_DEV_DRBD is not set
CONFIG_BLK_DEV_NBD=y
# CONFIG_BLK_DEV_SX8 is not set
CONFIG_BLK_DEV_RAM=y
CONFIG_BLK_DEV_RAM_COUNT=16
CONFIG_BLK_DEV_RAM_SIZE=4096
CONFIG_CDROM_PKTCDVD=y
CONFIG_CDROM_PKTCDVD_BUFFERS=8
CONFIG_CDROM_PKTCDVD_WCACHE=y
# CONFIG_ATA_OVER_ETH is not set
CONFIG_VIRTIO_BLK=y
CONFIG_VIRTIO_BLK_SCSI=y
# CONFIG_BLK_DEV_RBD is not set
# CONFIG_BLK_DEV_RSXX is not set

#
# NVME Support
#
# CONFIG_BLK_DEV_NVME is not set
# CONFIG_NVME_FC is not set
# CONFIG_NVME_TARGET is not set

#
# Misc devices
#
CONFIG_SENSORS_LIS3LV02D=y
CONFIG_AD525X_DPOT=y
# CONFIG_AD525X_DPOT_I2C is not set
CONFIG_AD525X_DPOT_SPI=y
# CONFIG_DUMMY_IRQ is not set
# CONFIG_IBM_ASM is not set
# CONFIG_PHANTOM is not set
# CONFIG_SGI_IOC4 is not set
# CONFIG_TIFM_CORE is not set
CONFIG_ICS932S401=y
# CONFIG_ENCLOSURE_SERVICES is not set
# CONFIG_HP_ILO is not set
CONFIG_APDS9802ALS=y
# CONFIG_ISL29003 is not set
# CONFIG_ISL29020 is not set
CONFIG_SENSORS_TSL2550=y
CONFIG_SENSORS_BH1770=y
CONFIG_SENSORS_APDS990X=y
# CONFIG_HMC6352 is not set
CONFIG_DS1682=y
# CONFIG_PCH_PHUB is not set
CONFIG_USB_SWITCH_FSA9480=y
CONFIG_LATTICE_ECP3_CONFIG=y
CONFIG_SRAM=y
# CONFIG_PCI_ENDPOINT_TEST is not set
CONFIG_C2PORT=y
CONFIG_C2PORT_DURAMAR_2150=y

#
# EEPROM support
#
# CONFIG_EEPROM_AT24 is not set
# CONFIG_EEPROM_AT25 is not set
CONFIG_EEPROM_LEGACY=y
CONFIG_EEPROM_MAX6875=y
CONFIG_EEPROM_93CX6=y
CONFIG_EEPROM_93XX46=y
CONFIG_EEPROM_IDT_89HPESX=y
# CONFIG_CB710_CORE is not set

#
# Texas Instruments shared transport line discipline
#
# CONFIG_TI_ST is not set
CONFIG_SENSORS_LIS3_I2C=y
CONFIG_ALTERA_STAPL=y
# CONFIG_INTEL_MEI is not set
# CONFIG_INTEL_MEI_ME is not set
# CONFIG_INTEL_MEI_TXE is not set
# CONFIG_VMWARE_VMCI is not set

#
# Intel MIC & related support
#

#
# Intel MIC Bus Driver
#

#
# SCIF Bus Driver
#

#
# VOP Bus Driver
#

#
# Intel MIC Host Driver
#

#
# Intel MIC Card Driver
#

#
# SCIF Driver
#

#
# Intel MIC Coprocessor State Management (COSM) Drivers
#

#
# VOP Driver
#
CONFIG_ECHO=y
# CONFIG_MISC_RTSX_PCI is not set
CONFIG_HAVE_IDE=y
# CONFIG_IDE is not set

#
# SCSI device support
#
CONFIG_SCSI_MOD=y
CONFIG_RAID_ATTRS=y
CONFIG_SCSI=y
CONFIG_SCSI_DMA=y
CONFIG_SCSI_NETLINK=y
CONFIG_SCSI_MQ_DEFAULT=y
CONFIG_SCSI_PROC_FS=y

#
# SCSI support type (disk, tape, CD-ROM)
#
CONFIG_BLK_DEV_SD=y
CONFIG_CHR_DEV_ST=y
CONFIG_CHR_DEV_OSST=y
CONFIG_BLK_DEV_SR=y
# CONFIG_BLK_DEV_SR_VENDOR is not set
CONFIG_CHR_DEV_SG=y
CONFIG_CHR_DEV_SCH=y
CONFIG_SCSI_CONSTANTS=y
CONFIG_SCSI_LOGGING=y
CONFIG_SCSI_SCAN_ASYNC=y

#
# SCSI Transports
#
CONFIG_SCSI_SPI_ATTRS=y
CONFIG_SCSI_FC_ATTRS=y
# CONFIG_SCSI_ISCSI_ATTRS is not set
CONFIG_SCSI_SAS_ATTRS=y
CONFIG_SCSI_SAS_LIBSAS=y
# CONFIG_SCSI_SAS_ATA is not set
# CONFIG_SCSI_SAS_HOST_SMP is not set
CONFIG_SCSI_SRP_ATTRS=y
# CONFIG_SCSI_LOWLEVEL is not set
CONFIG_SCSI_DH=y
# CONFIG_SCSI_DH_RDAC is not set
CONFIG_SCSI_DH_HP_SW=y
CONFIG_SCSI_DH_EMC=y
CONFIG_SCSI_DH_ALUA=y
# CONFIG_SCSI_OSD_INITIATOR is not set
CONFIG_ATA=y
CONFIG_ATA_VERBOSE_ERROR=y
CONFIG_ATA_ACPI=y
# CONFIG_SATA_ZPODD is not set
# CONFIG_SATA_PMP is not set

#
# Controllers with non-SFF native interface
#
# CONFIG_SATA_AHCI is not set
# CONFIG_SATA_AHCI_PLATFORM is not set
CONFIG_AHCI_CEVA=y
CONFIG_AHCI_QORIQ=y
# CONFIG_SATA_INIC162X is not set
# CONFIG_SATA_ACARD_AHCI is not set
# CONFIG_SATA_SIL24 is not set
CONFIG_ATA_SFF=y

#
# SFF controllers with custom DMA interface
#
# CONFIG_PDC_ADMA is not set
# CONFIG_SATA_QSTOR is not set
# CONFIG_SATA_SX4 is not set
# CONFIG_ATA_BMDMA is not set

#
# PIO-only SFF controllers
#
# CONFIG_PATA_CMD640_PCI is not set
# CONFIG_PATA_MPIIX is not set
# CONFIG_PATA_NS87410 is not set
# CONFIG_PATA_OPTI is not set
# CONFIG_PATA_PLATFORM is not set
# CONFIG_PATA_RZ1000 is not set

#
# Generic fallback / legacy drivers
#
# CONFIG_PATA_LEGACY is not set
CONFIG_MD=y
CONFIG_BLK_DEV_MD=y
CONFIG_MD_AUTODETECT=y
CONFIG_MD_LINEAR=y
CONFIG_MD_RAID0=y
CONFIG_MD_RAID1=y
CONFIG_MD_RAID10=y
CONFIG_MD_RAID456=y
CONFIG_MD_MULTIPATH=y
CONFIG_MD_FAULTY=y
CONFIG_BCACHE=y
# CONFIG_BCACHE_DEBUG is not set
# CONFIG_BCACHE_CLOSURES_DEBUG is not set
CONFIG_BLK_DEV_DM_BUILTIN=y
CONFIG_BLK_DEV_DM=y
# CONFIG_DM_MQ_DEFAULT is not set
# CONFIG_DM_DEBUG is not set
CONFIG_DM_BUFIO=y
CONFIG_DM_DEBUG_BLOCK_MANAGER_LOCKING=y
CONFIG_DM_DEBUG_BLOCK_STACK_TRACING=y
CONFIG_DM_BIO_PRISON=y
CONFIG_DM_PERSISTENT_DATA=y
# CONFIG_DM_UNSTRIPED is not set
CONFIG_DM_CRYPT=y
# CONFIG_DM_SNAPSHOT is not set
# CONFIG_DM_THIN_PROVISIONING is not set
CONFIG_DM_CACHE=y
# CONFIG_DM_CACHE_SMQ is not set
CONFIG_DM_ERA=y
# CONFIG_DM_MIRROR is not set
CONFIG_DM_RAID=y
# CONFIG_DM_ZERO is not set
CONFIG_DM_MULTIPATH=y
# CONFIG_DM_MULTIPATH_QL is not set
CONFIG_DM_MULTIPATH_ST=y
# CONFIG_DM_DELAY is not set
# CONFIG_DM_UEVENT is not set
CONFIG_DM_FLAKEY=y
# CONFIG_DM_VERITY is not set
# CONFIG_DM_SWITCH is not set
CONFIG_DM_LOG_WRITES=y
CONFIG_DM_INTEGRITY=y
CONFIG_DM_ZONED=y
CONFIG_TARGET_CORE=y
CONFIG_TCM_IBLOCK=y
CONFIG_TCM_FILEIO=y
CONFIG_TCM_PSCSI=y
# CONFIG_TCM_USER2 is not set
# CONFIG_LOOPBACK_TARGET is not set
CONFIG_ISCSI_TARGET=y
# CONFIG_FUSION is not set

#
# IEEE 1394 (FireWire) support
#
# CONFIG_FIREWIRE is not set
# CONFIG_FIREWIRE_NOSY is not set
CONFIG_MACINTOSH_DRIVERS=y
# CONFIG_MAC_EMUMOUSEBTN is not set
CONFIG_NETDEVICES=y
CONFIG_MII=y
# CONFIG_NET_CORE is not set
# CONFIG_ARCNET is not set
# CONFIG_ATM_DRIVERS is not set

#
# CAIF transport drivers
#

#
# Distributed Switch Architecture drivers
#
CONFIG_ETHERNET=y
CONFIG_MDIO=y
CONFIG_NET_VENDOR_3COM=y
# CONFIG_VORTEX is not set
# CONFIG_TYPHOON is not set
CONFIG_NET_VENDOR_ADAPTEC=y
# CONFIG_ADAPTEC_STARFIRE is not set
CONFIG_NET_VENDOR_AGERE=y
# CONFIG_ET131X is not set
# CONFIG_NET_VENDOR_ALACRITECH is not set
CONFIG_NET_VENDOR_ALTEON=y
# CONFIG_ACENIC is not set
CONFIG_ALTERA_TSE=y
CONFIG_NET_VENDOR_AMAZON=y
CONFIG_NET_VENDOR_AMD=y
# CONFIG_AMD8111_ETH is not set
# CONFIG_PCNET32 is not set
# CONFIG_AMD_XGBE is not set
# CONFIG_NET_VENDOR_AQUANTIA is not set
CONFIG_NET_VENDOR_ARC=y
CONFIG_NET_VENDOR_ATHEROS=y
# CONFIG_ATL2 is not set
# CONFIG_ATL1 is not set
# CONFIG_ATL1E is not set
