Return-Path: <owner-linux-mm@kvack.org>
Received: from mail203.messagelabs.com (mail203.messagelabs.com [216.82.254.243])
	by kanga.kvack.org (Postfix) with SMTP id 15E5F6B0047
	for <linux-mm@kvack.org>; Fri, 26 Feb 2010 06:32:37 -0500 (EST)
From: Frans Pop <elendil@planet.nl>
Subject: Memory management woes - order 1 allocation failures
Date: Fri, 26 Feb 2010 12:32:28 +0100
MIME-Version: 1.0
Content-Type: Multipart/Mixed;
  boundary="Boundary-00=_MF7hLxZ6iiOP8lf"
Message-Id: <201002261232.28686.elendil@planet.nl>
Sender: owner-linux-mm@kvack.org
To: linux-kernel@vger.kernel.org
Cc: linux-mm@kvack.org
List-ID: <linux-mm.kvack.org>

--Boundary-00=_MF7hLxZ6iiOP8lf
Content-Type: text/plain;
  charset="us-ascii"
Content-Transfer-Encoding: 7bit
Content-Disposition: inline

Attached a long series of order 1 (!) page allocation failures with .33-rc7 
on an arm NAS box (running Debian unstable).

The first failure occurred while running aptitude (Debian package manager) 
only ~20 minutes after booting the system, and I've seen that happen twice 
before.

The other failures were all 1.5 days later while rsyncing a lot of music 
files (ogg/mp3) from another box to this one.
They occurred when I was trying to also do something in an SSH session. The 
first ones from a simple 'sudo vi /etc/exports', some of the later ones 
while creating a new SSH session from my laptop.

As can be seen from the attached munin graph [1] the system has only 256 MB 
memory, but that's quite normal for a simple NAS system. Only very little 
of that was in use by apps; most was being used for cache.
The errors occurred in the area immediately above the "Thu 12:00" label, 
where the cache increases dramatically.

Isn't it a bit strange that cache claims so much memory that real processes 
get into allocation failures?

Cheers,
FJP

[1] munin was running in the background and may well have contributed to 
some of the allocation failures. During most of the rsync it was the only 
significant other process running. But munin was not yet installed when 
the first allocation failure (for aptitude) occurred.


--Boundary-00=_MF7hLxZ6iiOP8lf
Content-Type: image/png;
  name="thorin.fjphome.nl-memory-day.png"
Content-Transfer-Encoding: base64
Content-Disposition: inline;
	filename="thorin.fjphome.nl-memory-day.png"

iVBORw0KGgoAAAANSUhEUgAAAe8AAAGfCAYAAAB2q1oMAAAABmJLR0QA/wD/AP+gvaeTAAAAB3RJ
TUUH2gIZFRQhUIp4DAAAIABJREFUeJzsnXt8FNX5/9/LRRETQk0IJq4ECCqSiEggxtRCUG4l1gut
FoTKRWm5SG/2+1W+oICAfJXKt6IptWgkWiyi9YqIUAQpoCQk/iwBLbAhBEgI5AYJ10D290fYzV5m
9jKzO7tJnvfrlddkZ85nnmefnd0zzzlnzjF98803VgRBEARBaBacPHmSNqF2QhAEQRAE3zh58iRF
RUW0s+3o1atXKP0RBEEQBMEL7777LoBk3oIgCILQ3JDKWxAEQRCaGVJ5C4IgCEIzo533IoIgCIIg
BJP169cr7h85cqTifsm8BUEwjMjIyFZhUxD8ZeTIkYwcOZIRI0bYX3tCMm9BEARBCAMuXbrE/v37
MZlMnDp1irZt26qWlcxbCCsiIyO58847nfbdeeedkj0JgtCiOXz4MFu3buXMmTP07duXnTt3cv31
16uWl8xbCDtOnjxJQUEB/fv3Jz8/n1OnToXaJUEQhKBy7NgxUlJS6NSpEwBxcXEey0vmLYQdEydO
5I033gDgjTfeYOLEifZjly5dYv78+SQmJhIbG8sjjzxCbW2t/XhkZCQ///nP6dKlC3PmzGHYsGHE
xsbyl7/8BYDTp08zZcoU4uLiiIuL41e/+hVnzpxxsh8ZGclLL73EzTffTNeuXXnppZfsx370ox+x
adMm++tz586RkJDAiRMnfHpvSi0Ijvt27drFPffcQ1xcHNHR0QwaNIiPPvrIqfyaNWvo168fMTEx
ZGZmUlJSYj92/vx5Zs6cSVxcHD169ODPf/6z0/m9xc8IXnnlFbp3705cXBzTpk3j7Nmz9mN643v2
7FmmT59OXFwc3bt35+WXX3Yr4yl+eu0LglYGDhxor7h9QSpvIewYP348H374IceOHeOjjz5i/Pjx
9mN//OMf+eabb/jXv/5FUVERUVFRzJkzx0n/+OOP8/HHH/PSSy8xZ84c1q5da/8RnzNnDufPn2fP
nj0UFhZSV1fHM8884+bD9u3b+fzzz/nPf/7Dxo0b7fsnTpzIypUr7a/Xr1/PwIED6dKlS0De+9ix
Y3nsscewWCyUlpby/PPP8/bbbzuV2bhxI++99x5Hjx5lxIgRTJ8+3X5s4cKFVFZW8u9//5uCggJy
c3OdtL7EL9jk5uaSn5/Pnj17OH36NM8++6z9mN74zp8/n7q6Ovbs2cOuXbv4+uuv3cp4il+wP19B
UGP9+vWKf2qYbAuTyPSoQjgQGRlJbW0t48aN49ixY8TFxfG3v/3Nvr9Pnz58+umn9OjRA4ATJ05w
++23U1RUZNdXVVUBcM0119j/79q1K1VVVfTq1YsvvviCbt26AXDo0CGGDh3K/v37nXz4z3/+Q3x8
vJt/dXV13HzzzRQUFNClSxfGjh3L6NGjefDBB/16f2r7evfuzcMPP8zdd99tz47btFG/xz537hzd
unXj+PHjANx0001s2LCBhIQEAEpKSkhKSrKf31v8gk1kZCR79uyxx7+kpIShQ4eyb98+QH98b7jh
BjZt2uT0+SYnJ6u2LrjGT699QdCL1Wrl888/Z+TIkaxfv95t1LlMjyqENZMmTSI3N5dJkyY57S8r
K6Nv375ERkYSGRlJz549qaiocCrTvn172rdv7/R/fX09ABUVFVx33XX2stddd52bHlCsuAEiIiK4
9957efvtt6mpqWHHjh1kZmbqeq+OfPDBB5SWlvLf//3f3HrrrSQmJvL+++/bj+fl5TFixAi6du1K
ZGQkXbp0cWp2Li8vx2w2O70/R3yJnzdsWq2DCF3j79gkrTe+J06ccDu/I97iF+zPVxA8cenSJf7z
n//4NNpcBqwJYcnQoUMVs6X4+Hh27txJRESEpvNGR0dz9OhRe2Z29OhRoqOj/TrH5MmTeeyxx+jU
qRMjR46kY8eOPmvbtWvHmTNn7Jry8nKn4zfffLO9f/7ixYusXbuW3/72t4wePRqAX/ziF8ydO5d7
7rmHyMhI6urqnAa2dO3alcOHD9O9e3f7+3NEb/wA3X3krvGPjY11Oq4nvrGxsW7nd8Rb/PTaFwSt
HD58mAMHDhAVFeXTaHPJvIVmxYQJE5g5cyaHDx+mvr6e3NxcHnroIZ/1P/nJT3jmmWeorq6mqqqK
OXPm8JOf/MQvH1JSUrjqqqtYuHAh999/v1/a5ORkXnnlFc6cOUN5eTmzZ892On7fffexYcMGTp8+
zYULFzh9+rRT5XH27Fk6d+7MlVdeSUlJCU888YST/qGHHuKpp57ixIkT1NTUMG/ePKfjeuMXCObO
nUtVVRXV1dU888wzbk3SeuL705/+lLlz5zp9vo54i59e+4KgFdto8/79+xMXF8ewYcPo3bu3anmp
vIVmxR/+8Aduvvlme9PnE0884TSgzRsLFiygbdu23HzzzfTp04crrriCBQsW+O3HxIkTqa2tJSMj
wy/dn/70J9577z2uu+46Ro4cyb333ut0fMaMGfzf//0fCQkJ9OzZk9WrVzsNWHv11VeZNWsWXbt2
JTMzk+HDhzvp58yZQ0xMDLfccgu33XYbd9xxh1Ofud74BYLbbruNfv360adPH66++mrFAXNa4/vM
M8/QoUMH+vTpw2233UZqaqrTcW/x02tfELTi72hzGbAmCBp49913ee+993jnnXdC7YpHTpw4QVpa
GhaLJdSu+EWo4xtq+0Lrw9e5zWXAmiBo5Pz582RnZ7tlzeHCY489xqFDhzh9+jTPP/98sxtwFer4
htq+0HqxzW9u+/OEVN6C4CcxMTGYTKawfXzoRz/6EcOGDaNnz56cOHGChQsXhtolvwh1fENtX2id
tG3b1v5UDEB9fb3H0ebSbC4IgiAIISY/P5+OHTtyww03ALB//37Onj1L//79ncrZms3lUTFBEARB
CDFJSUkUFhbyxRdfAI2PtSYlJamWl8pbEARBEEJMhw4dGDBggNM+pRnWbEiftyAIgiA0MyTzFgRB
EIQQ42kREiVafeV9cOtWAHoMGhRiTwRBEITWilLzuKcKvVVX3hfPn+eflx+jmfTJJ7S78soQeyQI
giAI3mnVfd55r7/OqaNHOXX0KHmvvx5qdwRBEATBjqeJWlpt5n3q6FFyX3vN/jr3tddIuu8+Orks
ISgIgiAIwebs2bPs3buXyspKoPFRsT59+nDVVVcplg9J5v3BBx8wcOBArrnmGtLT09m8eTMApaWl
DBs2jOjoaIYNG0ZpaanH/Y5ERkY6rXsMsGzZMtU1hzctWsTF8+ftry+eP8+mRYsC9RYFQRAEwWe+
/fZbOnXqxJAhQxgyZAiRkZF8++23quVDVnnn5ORQWlrKr371KyZNmgTA7NmzSU9P5+jRo6Snp9tX
G1Lb78ry5cuxWq1A49Ryq1evVvXhgT//mSf27OHMmDE8sWcPT+zZwwN//rNbubKyMk3vsf4///Fb
o8WWVv+MsiXxM14DEj89GpD46dGAxE8LJ0+eJDExkfbt29O+fXt69erFyZMnVcuHpPJ+88036dOn
Dx06dGDIkCFcffXVAGzevJkZM2bQoUMHZsyYYZ9pRm2/K/369WPdunUArFmzRnW5P38oLy/XpDv3
9deG2NLqn1G2JH7Ga0Dip0cDEj89GpD4aSEqKgqLxUJ9fT319fUcOHCAqKgo1fIhHbBWXl7O+PHj
WbJkCQDV1dXExMQAje39NTU1Hve7Mn36dJYsWYLVaiUrK4spU6ao2r5UVUVtdjYN1dWwaxcRERGK
24EDB3o8rrbt8tBDfuuSz53z245W/7TojPRP4ifxk/hJ/MI9fh3On6c2O5sLe/fqrg/79u3LqVOn
2Lx5M5s3b6a2tpZbb71VtXzIFibJz8/nkUce4emnn2bMmDEAJCQkkJeXR2xsLMePHyc1NZXi4mLV
/Y5ERkZSW1vL2LFjiYuLo7KykpycHPt+NRYsWMDzzz+vetxisZCYmOj3+6vbupUIP58d12JLq39G
2ZL4Ga8BiZ8eDUj89GigdcWvrq7Ob/t6sC1MEpLKe+XKlTz77LOsWLGCu+++275/4sSJJCQkMGvW
LBYvXsyhQ4dYuXKl6n5HbJX0jh07GDFiBBs3biQtLU135S0IgiAIagSq8vZ1tLmt8g5Js/nMmTM5
ceIE999/P5GRkURGRnL69GkWLlzItm3biI+PZ/v27Sy6PPpbbb8S6enp1NbWkpaWFhBfLRaLJl3d
5Znbgm1Lq39G2ZL4Ga8BiZ8eDUj89GhA4qcFf0ebt/r1vCXzFgRBELQSqMz7888/Z9iwYbRp05hT
NzQ0sHHjRkaMGOFULqSZd3NC7jyN14DET48GJH56NCDx06MBiZ8W/B1tLpm3ZN6CIAiCRgKVeZ85
c4bvvvsuvPu8mxNy52m8BiR+ejQg8dOjAYmfHg1I/LTQsWNHUlJSGD58OMOHDyclJUV1alSQzFsy
b0EQBEEzgcq81Zb/dF2cpNVn3vX19ZSUlFBRUQFAUVGR4nbHjh0ej6tt937yid86i8Xitx2t/mnR
GemfxE/iJ/GT+IV7/Pbt20dJSUnApk4dOXKk258aknlL5i0IgiBoJJCZt6fK2karz7x9Rfp8jNeA
xE+PBiR+ejQg8dOjAYmfEUjmLZm3IAiCoJFQTY8qmbcX5M7TeA1I/PRoQOKnRwMSPz0akPgZgWTe
knkLgiAIGglE5v3ll1/SpUsXYmJiiI6Opm3btqplQ5p52+Yzj4yMdNr/8ccf07dvXzp37swtt9zC
xx9/DEBpaSnDhg0jOjqaYcOGUVpaqnjO999/32nfsmXL3Gz4i9x5Gq8BiZ8eDUj89GhA4qdHAxI/
f+nfvz9XXXUVxcXFfPHFF+Tm5nLw4EGPi2qFNPN2XfHruuuu44033mDw4MFs2bKFRx99lCNHjjBp
0iS6detmX1Xs8OHDZGdnu50rLS2NDRs2YDKZqK+vZ/DgwezevVtWFRMEQRCCQqD7vC9evEhVVRUV
FRWcOHGCwYMHOx0Pyz7vbt26AWAymYDG9b0BNm/ezIwZM+jQoQMzZszgiy++UNT369ePdevWAbBm
zRqGDx+u2ye58zReAxI/PRqQ+OnRgMRPjwYkfnpo164dsbGx9OnTx63idiSsKu+XX36ZSZMmER0d
zeTJk3nppZcAqK6uJiYmBmic77WmpkZRP336dJYsWYLVaiUrK4spU6ao2rpUVUVtdjYN1dXUbdkC
oLhNTEz0eFxtGzFokN+6rocP+21Hq39adEb6J/GT+En8AquT+OnTKfl3sbKS2uxsLuzdi9GEVbN5
v379eOGFF+zN5k899RTffPMNCQkJ5OXlERsby/Hjx0lNTaW4uFjxXGPHjiUuLo7KykpycnLcbLji
rdncYrGQmJjo93ur27qViEGD/NJosaXVP6NsSfyM14DET48GJH56NNC64heqR8XCqvK+/vrref31
18nIyGDz5s1MmTKFkpISJk6cSEJCgr3P+9ChQ6xcuVLxXDt27GDEiBFs3LiRtLQ03ZW3IAiCIKgR
zMpbada1sBht7vr/smXL+N3vfkdsbCxPPPEEL7/8MgALFy5k27ZtxMfHs337dhYtWqR67vT0dGpr
a0lLSwuIr9LnY7wGJH56NCDx06MBiZ8eDUj8jECe85bMWxAEQdCIrCoWpsidp/EakPjp0YDET48G
JH56NCDx04I/K4qBZN6SeQuCIAiaaVV93s0JufM0XgMSPz0akPjp0YDET48GJH6BwlP23Wor7/r6
ekpKSqioqADUF2G3TRjj72Lvx81mv3WJiYl+29Hqnxadkf5J/CR+Ej+JX7jHb9++fZSUlFBWVoZe
zp49S35+Phs2bGDDhg3k5+dz9uxZ1fLSbC7PeYedBiR+ejQg8dOjAYmfHg20rvgFqtn866+/Jjo6
mu7duwNw8OBBqqqq3J6cCovnvMMB6fMWBEEQtBKoyvvzzz9n2LBhtGnT2CDe0NDAxo0bGTFihFM5
6fP2EenzMV4DEj89GpD46dGAxE+PBiR+WoiKisJisVBfX099fT0HDhwgKipKtbxk3pJ5C4IgCBoJ
VOZ95swZvvvuOyorK4HGdTz69OnDVVdd5VROMm8fkTtP4zUg8dOjAYmfHg1I/PRoQOKnhY4dO5KS
ksLw4cMZPnw4KSkpbhW3IyHJvG3ToQJO8443NDTwv//7v6xcuZJjx45htVqpra2ltLSUCRMmUFBQ
QP/+/cnJySE+Pt7tnDk5OYwePdq+b9myZcyePVvmNhcEQRCCQquaYa22tlaxQn3xxRf5xz/+wYcf
fsjJkyftZWbPnk16ejpHjx4lPT2dOXPmKJ53+fLlWK1WoPFRsNWrV+v2Ve48jdeAxE+PBiR+ejQg
8dOjAYmfVmwVddjPsOa64ldSUhJLly51G13XvXt3cnNzvS4JOnXqVDIyMsjMzGTVqlXs37+fF198
UTJvQRAEISgEKvPesGED6enpbN++nfT0dAB27tzJ0KFDncqFZZ/30aNH2bx5M7GxsSQlJfHpp58C
UF1dTUxMDNDYiV9TU6Oonz59OkuWLMFqtZKVlcWUKVNUbV2qqqI2O5uG6mqPi7BbLBZNi73Xbd3q
t65ozRq/7Wj1T4vOSP8kfhI/iV9gdRI/fTol/y5WVlKbnc2FvXvRy/XXX89XX31Fnz59KCgo4Kuv
vuKGG25QLR9WmXf37t159dVXycjIYMuWLUydOpWDBw+SkJBAXl6e18y7traWsWPHEhcXR2VlJTk5
ObKetyAIghA0gjm3uRJhmXnfddddQNPUdbbtkCFDyMrK4ty5c2RlZZGRkaF6jpkzZ7JixQqmTZsW
EJ+kz8d4DUj89GhA4qdHAxI/PRqQ+Glh/fr1in9qhHy0uY3a2lrKysqYPHkyO3fuxGw2s2TJEkaM
GMGRI0eYMGEC33zzjX20+XXXXed2TqUMWzJvQRAEIVi0qszbNtrc8Q8gLi6Ozz77jKqqKv7973/b
B66ZzWY2bdpEVVUV//znP90qbts51WzpQe48jdeAxE+PBiR+ejQg8dOjAYmfEcgMa5J5C4IgCBpp
VZl3c0LuPI3XgMRPjwYkfno0IPHTowGJnxFI5i2ZtyAIgqCRQGXeZ8+eZe/evTK3eaCQO0/jNSDx
06MBiZ8eDUj89GhA4qeFb7/9lk6dOjFkyBCGDBlCZGQk3377rWr5Vlt519fXU1JSQkVFBQBFRUWK
W9vjamrH1bbHzWa/dYmJiX7b0eqfFp2R/kn8JH4SP4lfuMdv3759lJSUUFZWhl5OnjxJYmIi7du3
p3379vTq1YuTJ0+qlpdmcy/N5haLhcTERL/PW7d1KxGDBvml0WJLq39G2ZL4Ga8BiZ8eDUj89Gig
dcUvUM3mX3/9NdHR0XTv3h2AgwcPUlVVRVpamlM5W7O5VN7S5y0IgiBoRNbzDlOkz8d4DUj89GhA
4qdHAxI/PRqQ+GmhWaznHU5I5i0IgiBopVWt592ckDtP4zUg8dOjAYmfHg1I/PRoQOKnFX/W8w5J
5R0ZGWn/U+K5555zOlZaWsqwYcOIjo5m2LBhlJaWKp7z/fffd9q3bNkyVRu+omUwBOD3YA2ttrT6
Z5QtiZ/xGpD46dGAxE+PBiR+RhDSuc2VKCgo4I033nDaN3v2bNLT0zl69Cjp6enMmTNHUbt8+XKs
VivQ+CjY6tWrdfsqd57Ga0Dip0cDEj89GpD46dGAxM8Iwmo973PnzpGRkcELL7xAZmam/Vj37t3J
zc31up731KlTycjIIDMzk1WrVrF//35efPFFWVVMEISgYjLlA2C1poTYE8Fogjm3+fr165tHn/fc
uXMZP348g1yaXKqrq4mJiQEah8/X1NQo6qdPn86SJUuwWq1kZWUxZcoUVVuXqqqozc6mobqaui1b
ABS3FovF43G1bd3WrX7ritas8duOVv+06Iz0T+In8Wtu8Xs8bYdh/rXE+DXH6+9iZSW12dlc2LsX
owmrzLtTp072Zm8btbW1JCQkkJeX5zXzrq2tZezYscTFxVFZWUlOTo6s5y0IQtCwZdw2JPNufcho
c+DUqVNO/eG27ZAhQ8jKyuLcuXNkZWWRkZGheo6ZM2eyYsUKpk2bFhCfpM/HeA1I/PRoQOKnRwON
8TOZ8p3+vJGcXOlTuUD41xziZ4StcI+fP9hGmDv+eSIkmbfSCHDX7NgxYz5y5AgTJkzgm2++oX//
/uTk5HDdddeplvdlvw3JvAWhZeNrduyt4lXS+VpZS0becglVn3e7oFn1gKfKVKmM2Wxm06ZNms7p
iy1PyNy+xmtA4qdHA603fq4Dx265ZQMQrVjGE/eaC/n4SLJfuuTkSgoLoxWPqWk9abTaCqbGFldv
sVCKnxH+ecPmv5HXuh48Zd8yw5pk3oLQInCsUHytZAT/kLg2YYuF9HmHKdLnY7wGJH56NND64ucp
s9XCveZCvzVabGn1zyhbEj91TaBvYJT6vCXz9oBk3oLQ/FHr15YMMbBIXJ2xWlMk8zaa+vp6SkpK
qKioANQXYd+xY4fH42rbvZ984rfOYrH4bUerf1p0Rvon8ZP4+eJfcvIGTKZ8kpIasyLb1nZ81Khi
p/2+bFNT61nx1E4ef/yMX7rk5Eq/ymv1T6suEP7Z4upNN2nwNyHxz+j47du3j5KSEsrKytDLyJEj
ueuuu4iMjKRt27YMGDBAMm9PSOYtCM0XtQzQ3wwxNbWeUaPOu+2vqGjDK6901O5gC0Myb2cCmXlf
uHDBPp9Jly5dyM/PZ+DAgXTq1MmpXKvPvH1F+hyN14DET48GWkf8fH322huOFXd+fnvy89tj+mY/
ADExDcybV8fjj58JiK1AaIy0JX3e+m35Sm5uLl27duWGG26gc+fOJCUlkZ+vfo1L5t1CMm+5ExaE
JnzNEB0r7nXrriQ3t739WFxcAykp9QwYUA/AvHkRQfK2+SCZtzOBzLwPHDjgVg8fOnSIhIQEp32S
eTvgOpOS498tt2zweFzt777rc/zWaLFl0/iL3Llr1xhpS+IXXE2XLg2Ae8V9r7mQsrI2rF17JXl5
7dXkQfcv1Lbk+tNvy1cOHDjA+vXrnf6+++471fKSeS9YwAsvPBRqNwRBCCBWawq5uUf57LMDVFS0
ITe3PaNGnXfrw87MPM/AgfUes2pfyrQWJPN2JtCjzUeOHOk0q1rYzbDmOD2q4wxoH3zwAc899xwW
i4XevXuzaNEihgwZQmlpKRMmTKCgoMA+PWp8fLzbOXNychg9erR937Jly5g9e7bXWdZ2MUD1WGVy
MtGF/t9FXmE2c+HIEb80Wmxp9c8oWxI/4zUg8QMrJ06coV27k8TERNmbxmNiGpy+77v5HYe4z+03
wDF+amX0+addY6Qtd03jwlHeYtF6rj+rYlkjCEmzuePiI4588MEH5OTkUFpayq9+9SsmTZoEwOzZ
s0lPT+fo0aOkp6czZ84cxfMuX77cvipZfX09q1ev1u2rlgsD8PvC1WpLq39G2ZL4Ga8BiV9eXim7
dpVy8WIUCbs+JiH/E79stfb46dGAxM8IwqrP+80336RPnz506NCBIUOGcPXVVwOwefNmZsyYQYcO
HZgxYwZffPGFor5fv36sW7cOgDVr1jB8+HDdPlUm+zc/r40rzGZDbGn1zyhbEj/jNdA641ec+gBr
523hX7/8K2ZzJwYMiCfx279xy9ql3PLJiyTkfeRW/tDA+xTP5Wv8UlYp+5eyyvmYGr7EQek8rjpb
GU92/bFl24bq+vMldq4arbaCqfEHW/O4YzO5p+e8w6rytlFeXs748eNZsmQJANXV1cTExAAQHR1N
TU2Nom769OksWbIEq9VKVlYWU6ZMUbVxqaqK2uxsGqqr7Rea0ja6sNDjcbXthSNH/NbFXX5f/ui0
+qdFZ6R/Ej+Jn6/+nRp8P2vnbeFMWuPN+q3/WUdcXASDrz7KzR+8Zi/X1VSrWH7Q5j95jJ9N569/
dcVmUlbBTYsat0q64bOU42Arn7Kq8Txq8bOdH5q2SuUB0sfW2Ms5nt/22vU8jv45Hq/bssXJT1e9
Y/xcjyttbeVs8XP0w/W8rnaV/HOMn5qfSjpv9lzjd9MiMxcrK6nNzubC3r3oxXWwmu1PjZAOWFNa
rjM/P59HHnmEp59+mjFjxgCQkJBgf3j9+PHjpKamUlxcrHiusWPHEhcXR2VlJTk5OT4tCfrQCy+o
Hpc+R+M1IPHTo4HWE7/i1AcoHPUbABLyPyGyvIjuuR+Qcrn7bMMtt9g1hZm/pXjg/XatY3lXHON3
7P9+x66T93HPvAy3cimrIH+cu39KmaOtnCOds5NJvLLQfsx2Ple9q9amU0PNVs3kQvu5ley4Yjnv
rOHhxrjmm0x2f5Xs3rTYTEQ3364/mx8bFjfGT80nx/dkK2M57xwH1zi6lld7X66xULPlFAuAh60B
XxLUarXy+eefuw1esxHSAWtqrFy5kmeffZYVK1Zw99132/cPGTKErKwsZs2aRVZWFhkZGarnmDlz
JiNGjGDjxo0B8Un6fIzXgMRPjwaCEz/XH0RfNFptedM4VtoAyeteUqyEHTXXF6zDamoDJpNqpW3D
3/g1/qAXKlaanvBUAQdC53wzUAirnI/5YkfLuHJfK25HP4bP8j8WeuLn+L5cY+FYqTvZ8rE5XyuX
Ll1i//79mEwmTp06Rdu2bVXLhqTZPDIy0j7i3PH/mTNncuLECe6//377/tOnT7Nw4UK2bdtGfHw8
27dvZ9GiRarnTk9Pp7a2lrS0tID4Kn2OxmtA4qdHAy0/frVdugON2bNaxe2qiSrbZ+//di3v2ld8
02L/42c5n2w/F+O8j0JOWdWkcd3vqy1fcMwc/cWTxpOfdSXa4+fJnlIGrQXL+WSf+9X12vKVw4cP
s3XrVs6cOUPfvn3ZuXMn119/vWp5nzJvW9Pz/PnzeeWVV3jyySf5wx/+oNlJtWZstf1XX301mzZt
Cug5fSWcMp9AaYy0JfEzXgPNM37ef0zdM9tbPnlRkx1bNup6viYf/I+fW5Y6zgqrTF41znZ9t+UJ
pfNpyVLiY3oMAAAgAElEQVSNyLwdbRmh8UfnGEettnzl2LFjpKSk2Ocyj4uL81je58z77NmzvPrq
q2zatImsrCx9XjYjJPMxXgMSPz0aMD5+tqzI17/O2clu+7xhy5YuZamPErf5ouc9QVPmmLIK+Oc0
nzSBzmyVsMXKCFtaNRCczNuG4+fri0bp2jIyFr6itAiJJ3zKvK+55hreeecdevfuTd++fe3LaLYG
WlPmEy4akPjp0UDw4uf+QxjczEdJc+JCd6Cxn9sbw2cVOg1GchzQ5Li1N3NfzpS9ZY5qma2/WWqw
M8eAaDT08+rOvH1otQBInLzbrZzHG8HLn3MiNOocP3fHrg5X2+OsTRo//AsmPmXeU6dO5cknn2Tq
1KnB9ifsaC6ZT7jakvgZrwHj4qenz1Gv5qe/ce/n9qlP1PYj7aFfuu7JL1WPqVUOdls+9He7aVzx
co6gZY7jrE1/gGXxAb80tpYB1czb4dz215e3bvFz8UXpPJZki/J5vdi163zBFgtHW47bEOFT5j1r
1ixmzZplf623Hznc8Nxkp7Wfw/87T222tPpnlC1ljbdRuZJ5a9eAcfELl8zRqf96nBUebtK4jSr2
dO1d/kGOQPl3wdNvhc1WbupRPht1gJiKjsxw+oF3z9QCFj/XikQhK/SY2apUkImuxx92L6OEPfNW
q+AU9nuMhUqmm1iYqF65K8TbSecJl5YYj7ZChE+Z99dff03//v3t7fGOc5M3V+rr6ykpKbF3ARSd
T1Lc7qgb5fG42nbvkcF+6yznk/22o9U/LbpA+veD7CRSVjlvASqTGrenBg92eu3LtjI52a/yAMWj
RvltR6vOSP+CFb9wuf7atTsJNF0/ReebtgBFRUWNdlZtb9z/nAXGWZuOP2dp2o6zUpTUWN623Tv4
E6dyNnve/KtMSuJEl8Y51Stizrid1zWeO1Ztdz6PzS+b7rJ/rvG3x0/Ff0X/Fh9ofO1YXk1/ebtj
1A7n/UXO70PN7t6/fuzxvEpby+ID7u9f7X2p+Ofql5qfO0btcI+DF3uWZIvb8X379lFSUkJZWRlG
49MkLbfddhtLlizhgQceoLa21uvEJ82JBQsW8Pyt6pO0CKHH32dnheDg74joYPHp8cZJU+bekOF+
0JYZ2RIkE577Nj1xueynmfvZNbBU2R7OE3z84yXn58/nzhvcVA6FvlnXDM+WYbr4aNM69dF7ei9K
/bGuGl9j4Vju8ibfZFJ+JM7xfQQLD37n0+SXU8yC5Y+VgE/S4g2/1vM+dOgQP/rRjwA4c+YMHTp0
CJ5nYUY4jrbUqzHSViDi52nUsiPS591Ea+jz9knj2rfp4494nXmrz2Udn6O2PX/uK4p9rz7YtSRb
fPPPsU/ZVeOrHW/nVqDOvNW7b/7Y8lGjNtlKMGyFGp/6vPv168d7770HwD/+8Q/S09OD6lQ4obVP
qqU85xgKDfgeP+cvp7Y+eS2ZvfR5NxI2159KRaK1nzLiyCDPBRT6RCvP3mB/hG1AXjy7Bpaqym3Z
oFufsgecnjn2tc/W4X+vGgXUNN7GDniNnx+23HB4bz5plPrXAxiLUOFT5r18+XJWrFhBu3bteO21
1/jTn/4UbL/CBsm8jdeAsfHT0hwsmXcjYX/9acyWPGaOKhXtwQs3AzBq3Q0+29Hqn1GZY1DiF0Bb
4R6/YOJT5n3TTTex5fJKMq0NybyN14Dx8fO2EIQrknk3EvLrz0vGqjVbUs0cPdiL4CwAA3Pj+TRz
v092/PbP8TllP9GcbQaj5ULNViA0PvjbajJv19Hlekeb2+Ytdz1PaWkpw4YNIzo6mmHDhlFaWupx
v+s533//fad9y5Yt0+1rc8gctSCZt2eNtxnCJPNuJOyvPwMzxzqu8lvjq39uz6+Ha+Z9+XlqybyD
j9+rih07doyrrvL/InXENlLdtWKdPXs26enpfPLJJyxevJg5c+aQnZ2tut+V5cuX88ADD2Aymaiv
r2f16tW6/ITmkzmGq62WGj8tKyAZ+xy/e/yC0ZoQ9tdfIDNvLxmdLfP2B63+GZU5BrzlIsC2PGk8
PpPfAjJvj5W3Y+Vq+799+/Y89thjQXFm8+bN5Obm0qFDB2bMmEFqaqrH/a7069ePdevWkZmZyZo1
axg+fDi7d+/2btjDl9KSbPH8oblOdHD5dV2J7+vZ2m2d97xGb6A0RtrS6p/ET7sGlOPny9rNLS5+
3r6/KtSZt/pdAWnNvLX4p0VnlAa0xc9I/4y0FSw8NpvX1tbas2Tb/1VVVbzwQnCei66uriYmJgaA
6OhoampqPO53Zfr06SxZsgSr1UpWVhZTpkxRtXWpqora7GwaqqupM28BUNwmFiZ6PM44K3VPbr7c
VNT0OmLW4ab9Pm67PvNy43mLzT5vE68s9Ku8Hl3XshrD/IvodiSs/ZP4hS5+UcdqnY+rfT+3+PD9
VdlGHBlkfx1lyvdc/rIf1x077rS/Z9V3Tq9tXRk3LWry2y//ijXqLm+71hz2Ow6KdrZ41znGz3D/
FOLll84P/y5WVlKbnc2FvXsxGp8maenbty833XQTM2fOZNAg/5tD1HCd7CUhIYG8vDxiY2M5fvw4
qampFBcXq+5XOtfYsWOJi4ujsrKSnJwcrxPKLFiwgOdfeF71eLO98/QyaX5zzByDYSvsM0eJn5vG
aZIWtVazy7stt+j//tonaXGYcMWOw/fsneP/w/cnhzN33mBFjdJEKz5/510mPwlZ5m0L99ueJ3gJ
+e8feJzMJWC2QjhJi0993t9++y1fffUVf//733n++ecZP348P/vZz2jfvn1AnRoyZAhZWVnMmjWL
rKwsMjIyPO5XYubMmYwYMYKNGzcGxKdm2+fjbRSuP0Yu/3BIn7fxtiR+OjUGfn9bVZ+3t/7/UP/+
hZGtYOHTaHOTyUR6ejovv/wyU6ZM4X/+53+YOnUq69ev12TUcaS54/8LFy5k27ZtxMfHs337dhYt
WuRxvxLp6enU1taSlpamyTdX5DlHmlbwWXzAeaUfH/58WpVIgVCPNg8XW811tL4htvTOEOYBb9/f
LXe+xbSlvZhf2a1J40+ft+tKVX5o/NYZrIEW9vun01aw8Cnzbmho4MMPP+RPf/oTAwYMIDc3l5iY
GK699lrKy8v9NqrWjG02m9m0aZPP+305p9452Jtt5h0mtlSfE/XSrC+Zo3YNSPzsmiB9f8uubbwp
PXaxqfWxVWXeXpDfv+DjU+Y9cOBA3nvvPbKzs1m6dCldunTBZDJx5syZYPsXcuTOM0gapUzdgVaR
OQZJAxI/u6aFPOcdCF2ry7y9PEUUUFshwKfM+89//jO333672/6WsrKYJ+TO00CNw5ctArxm5262
WmLmKJm3Pk2Y9Xm7Pq7Xor6/DsjvX/DxKfNWqrhbC836zjMMbOmKn0JG7tFWS8wcJfPWpzHg+zut
PJH5ld2Cm3m7fA+axffXAFvh/vsXTDxW3qtWrSI+Pp5+/frx2Wef0bdvX+Lj43n77beN8i9o1NfX
U1JSQkVFBaC++LvJavJ4XG17PMrsty6xMNFvO1r906Iz0j+n+I2zUvScRXl7Pqmx3PkkEq8sdHrt
y9Z0+dkXI3RG+ne8a1RY+6c3fu3anWzcr3YdFQX2++tq7/w1jX3dEXQHoO7iDeyyrrOXOx1Trnx+
2/tprt/fIvn9c9y/b98+SkpKKCsrw2g8Pud900038Ze//AWAn/70p6xdu5aGhgYmT57Mvn37jPU0
SLTY57zDxFbYxu9yk7w8563PVkif81Z67tpGkJ/z/vvP5rI13bkNPIIeRJyaw9x5g8n61VIKb/oz
ANceT2Tu/35OPib7UqD299Tcvr821730aLWa379wfc67rKyMwYMbL9j6+nruuOMO+/7WgvT5GK8B
A+LnuDqTn33rIH3eejRG2tJz/W258y3eGT2fiDPXE3FxnsfygzqeYuuZg41jNYDaiBL7sWOxjc2t
StPTyvdXny1fNbbP0hdsN1uuumuPJzK483jeGT3fqUyo8NhsbrVaadOmDW3aNBYzmUyYTP7/0DVn
pM/HeA0YHD+VEe8eddLnrVljpC3Ha8L2bLbtb/5TI1R1deat9sfB6joe9slWBD04c8UXTFvai0PX
rQVg8PbG1WDUbMn3V5st22e5aO4vfCpv+yzv/GoM0PhZuWI7ZrvZcq3w62Ib7K+PxVpY/Pv7ffY3
GHgdba60OElroqXceYbKVrOLn60C95KNt8rM22HhHZ81Wm0FSuPw+dp+wG3YfqSVaLz+muaWqIiY
A/zLo606DtKxbXenfek7H+LLH65ys2WrGK49nsjcQv8zuGB9F538+t/PA/b9dctgt413qhht+/64
1P0mRy0TBjgS9RXTlvZyO69N41p+3LsLaWNta+/yGLRjnP3/ce8upG1DW7784Sr7OQHGvD+Psq77
+fKHjeXSdz5Iu0vtiT92o6bYBAqPlXdreBTMG2HbZ6tDY6StZhs/LxPLSJ+3do2RtrxdE44/0o4/
/nccuJH2xwfaj11s47mrcNfJ+4hoX0yDy/5uR5KcKggb9qw+1lnhWnlqfV/+alwruWOxFqYt7YX5
5B3Mnv+WTxpHn/Pufo7szGxF3bFYi1sT9rFYC8V9DgFNGTDAtjtWO934OGbQ2+5YTQQ9qOOg/Rz2
yXMuaxzLm8t6A2CyYteZXL7m6TsfwmqysjW9aVD24G3jKTHv4Vx0O3rs7cHgbeMV35fR+L2edzD5
+OOPmTNnDiUlJVx//fUsWrSIe++9l9LSUiZMmEBBQQH9+/cnJyeH+Ph4J21kZCQ5OTmMHj3avm/Z
smXMnj1b101Is8scw8xWi4qfQ4XupPKxz7zZZ94B0gTLlq0y6XYkmVl8CMDhzjvcsrlBOx52+nG2
VQSOlcpXvfYx6HLlnXD0HnszuKe+0zoO0vHy6POEo5lUR3f2+p7qOMj8p0a4ZaKeWgVA+br1VvF7
0ti486sxNLS5RLtL7dma/rZTZusYV0edY/yUzmfDXNabHsW3sT3tHRpMDWy7Y7WTLzt7rwQaM2Ab
tkx4/lMjnN7TuHcX8qOvxrI97R3ij02g9Nr9bjdIjjie01ZBxx+bQI/i2y7/f+Pl95hEt/eexWQ1
2TNt2/6Jf01SPX8oCKvKe9q0abzxxhsMHjyYLVu28Oijj3Lvvfcye/Zs0tPT+eSTT1i8eDFz5swh
O9v9rm758uU88MADmEwm6uvrWb16tYIV/2i2mWOY2GoV8fOxr9yvteFtGsm8fdbYsqz03J/x5bd/
Y/UX84gY7d63Ofa9Z/nh1z+//MN/I4O3jbdXBLZK5ebjnd0qA9cKq6HNJY7enkf1uR9ysW0pEfSw
Z963fP84uwaWujs5zsqWO9+ynzuCHk4Zo8+xcLmWHH1Tq/g/evB11t+xWPGYLTN1zipNFKTvoI6D
TpkrNMV6zPvzGLxtvL0p2rb//u0/pkP57YpZarf3ngWaKmYbjlm0DcduB8dWEmisUOu/n0BiYSJ/
/9lcxfelhKPO0R9Xu46VOmj/rQgWYVV5d+vWDcA+KC4hIQGAzZs3k5ubS4cOHZgxYwapqamK+n79
+rFu3ToyMzNZs2YNw4cPZ/fu3bp8alGZYwhsSfz80CjcBGj9qYhw3eFD64BPlalLv3e4ZN6OFeLg
beMpidsDYK8MBm8f55ZJOf5oO7527BMd8/48vr59F4C9crRVWACfpv2eXRfu4sqohRyyHoT2zpWP
Eo4VX2PGqKzxlEkrtSio4am1QLnSbsIWP8fM1RE13Yh/vOzVL8cK0paRxx+b4FSm25EkZi39iO1p
7zi1ltgI1vfX9frQYytY+DTDmlG8/PLLTJo0iejoaCZPnsxLL70EQHV1NTExMQBER0dTU1OjqJ8+
fTpLlizBarWSlZXFlClTVG1dqqqiNjubhupqj4uwW5Itfi/aXmfeQp15q9+6orQ1ftvR6p8WnZH+
SfwCHL9xVuqKG0egq22LDqR5PG4/35ObG8/35GYsiw84vfZ1q0VX9PI7AEQdq3V7v2XXHqBPeRRj
3p9HnXkL3WKT+OmVo4igB33Ko0jf+RCjt/3YftxT/Lpcqubm453pUx7F4G3jST5yAcB+/pRiM7mp
R3nr139h18n76Fn1HQD9yxszw0fXTsIE9Kz6jvnzvuRcfLFTHGMaqgFIKTZz/gft6VMexdb0VfQp
j2LQjofpU944wc7uH/4JgGusFXb/ttz5Fi8/mcKno9+kT3kUd341hge2jeTOr8bw6NpJDNoxzq63
vZ/62Dwn/376r1H29zPu3YWkuH6+l7cxDdX2+Dnuz8tZZPfXcb/tdZ/yKJ++v9dwgrHvPUtKsZlu
R5K4/Ugyg7eNVy3n6LftuOP3w9E+QN5dyn4G8vt7sbKS2uxsLuzdi9F4nKTFaPr168cLL7xgbzZ/
6qmn+Oabb0hISCAvL4/Y2FiOHz9OamoqxcXFTtrIyEhqa2sZO3YscXFxVFZWkpOTY9+vhrdJWgRB
CC88TZqy/PeXm5+tUHJ8D9tnNDWN+0qJeY9Tk3qJeQ9v//yvVEd35vn/me/kQ0rUJ3S9sohN52sb
M29g+e8PUBZXR0FKGbsGlHLqqr9xpv1mlndtfCzR0VebrQZTgz0DXv3TuU6tBLZzOr5P1/2ucfj5
+3NVs21bJustLo62HOP69y/msvXbVU4tELaytsF5rn4FAtfPRc1XGzZfHP0MOCGcpCWsMu/Kykqg
qdnc9nrIkCFkZWVx7tw5srKyyMjIUD3HzJkzWbFiBdOmTQuIT+H6nKMejZG2JH7Ga6B1xc+xydyR
brFJpH4/we8f7m5HkvjJ10Ptum5Hkrjl+8fpeOEut7L3xL7IwKgPMGF1enY4riyCzLU3MCDPYWCt
QrdIfecOjH3vWca9u9BuL33nQwza8TBj3p/HoB3jFH28/fsJjHl/ntt+2+hp14o7feeDdk23I0mM
fe9Zr3GxjcpWw5M+GNefkt++XEdKfraEuc3Dqs972bJl/O53v+Po0aOYzWZefrmx32ThwoVMmDCB
+Ph4+2hzNdLT0wP6iJv02RqvAYmfHg20nvg59ucqVWZGxS/mihKKz7s+KOYdJf8c+1vVBmJN/OvT
ivtt/cgNpgb7qHF/Wx5cz+XaD62E7abBPhAvhNef0qN5wbIVSsKq8n7ggQd44IEH3PabzWY2bdqk
oGhCrcLWW5G3itHSYaYBiZ8eDbSe+LmOeg6Uf/7Gr2PbGiK41W20tOMwwfnzvgTg1FWl9tft2p3k
4sUo1fM6lnV8vWjhxx50dzu92pcMW4Z6t6VEu3YD2Hcxii1DvySuNJLb8q5l165SaN/kE0B920Q6
XsjAipX2DWbe/M2rHPxBbw9nVrKlxb9GjS0ugH2Uv21r8zOmoiMzXml8/M/Iaz1YhFXlHY5I5mO8
BiR+ejTQcuOXm3pU8REstcwyUPGzVcKOFZYrrhU3wG0Fcfy799Ucug5S8uMAKLypI4fiba/jPPph
Kxt9bBd7blxu33/rTv8qxkY82/Km6VoegdnciS5druZQTdP7aSqX5qS8xkD/bHEC6HKi8X/bNiU/
jvyUMipizthVknm3AiTzMV4DEj89Gmi58TvRpbFpelTsS4CHVcV0+ucav9sK4rCawOowJVfX8gj4
TZNG6TnluLIIEg5Fceg6uOeTG9ly51sciv8UaHztzb/aKzs3Vt4Vp+DGpke7zDVtQ3P9xUFCQhSH
ahr9V8Po66/uis72yjuhuPF/xzibGkxON32SebcCJPMxXgMSPz0aaLnx+z5hPwCn23/hNmlHoOyA
e/xsA9A8oZR5u+LYzK/FP7XnrX2hJV9/js+Ml167335caRyEXlvhQliNNg9HZLSv8RqQ+OnRQMuP
X9mlK4DGTFTtB1qrHdAWP08js12xNfPL9afPlk2jNoJerTulJYw2b7WVd319PSUlJVRUNE6AUJRU
pLg1WU0ej6ttj0eZ/dYlFib6bUerf1p0Rvon8ZP4Kfl3OqYcgPOXGrPgO/ZOZvC28e7liwyK3/kk
uz91HCTi8tzmruVs+89f096vONjK+6sL1uf78aZstn67SvV9hsv15+qf7bpZtPBjsh7PC1j89u3b
R0lJCWVlnheuCQZhNUlLKPA2SYv0ORqvAYmfHg00xm9vfCKfjfJ9sgw9o339Ra+tG699kK1nOqlP
BnK5a9pyS5Cvv8tTxf69tgsFZxpHm6tNnLL89wfcJpPx9vmqTX4SquuvpHwP23e/Q/w8z4+fhfL7
qzS5jOOkORCYaz2uNJJfvto/ZJO0SJ83nkeQAvAz/1doasTLeQNlS6t/RtmS+BmvAaDxh8t5VLAn
9I1GDr6uUdO1PIIDk31TGNln60uftyu++uf63HKoxlx0i02i293PwlDPulCOuXBd5hOaxiz0z4+j
IKUMq0n/td613G0FAUORyhvPP26nY8q5uqKr3+eMMn3DSettfmm02NLqn1G2JH7Ga6Apfl3LIxiY
G+9dQPNqufC18jay5UdptLk3/PHPsW+/ObT8hCrzVloRzIatEpfR5i0ET488gKdjntCiM0pjpC3x
z3iNNl1zGG0Ol6dDPdMpaHYgOJm30jSu/vjn2EwtTzuoa5RWBAuWrVDSages+UpzGW0ZrrYkfsZr
oGXHz/Vxq0DbgeCMNlfyW64/fbbCPX7BJKwq74aGBp577jluvPFGOnXqRGRkJAClpaUMGzaM6Oho
hg0bRmmp+wxLkZGRvP/++077li1bZj+HVprjnWc42ZL4Ga+B1hE/X+brDqfM24Y/GbRS/60vulBq
oHVcf6EmrCrvF198kX/84x98+OGHnDx50j4v+ezZs0lPT+fo0aOkp6czZ84cRf3y5cuxWhuv9vr6
elavXq3bJ7nzNF4DEj89Gmh58dty51v819JhTFvay+uiE3rs2Aj2c942vPnnuMKYPzottgKlgZZ3
/emxFSzCqs975cqVLF26lD59+jjt37x5M7m5uXTo0IEZM2aQmpqqqO/Xrx/r1q0jMzOTNWvWMHz4
cHbv3q3LJ7nzNF4DEj89Gmh58Su79kBQR3O7Ei6jzdX6b+X6064x2lawCKvM++jRo2zevJnY2FiS
kpL49NPGuWmrq6uJiYkBIDo6mpqaGkX99OnTWbJkCVarlaysLKZMmaJq61JVFbXZ2TRUV1Nn3gKg
uLUkWzweV9vWmbf6rStKW+O3Ha3+adEZ6Z/EL3zil3fXIqYt7cVb00b57d+WO9/i5SdTmLa0l9P2
v5YOU9yvtt2avor+5b0YtGMcfcqjfHtfWwyKX3HjhCT9y3spHo9pqAagInGt3/FT24b0+tviXdda
vr8XKyupzc7mwt69GE1YTdLSvXt3Xn31VTIyMtiyZQtTp07l4MGDJCQkkJeXR2xsLMePHyc1NZXi
4mInbWRkJLW1tYwdO5a4uDgqKyvJycmx71fD2yQtgtDacZz0Qit3fjVGtx/mst6UXrvfbQIORWx9
xSb1IgHBYZIW2wh4tUlaQH3p0maDUXFtLliRSVoA7rrrLgBMJpPTdsiQIWRlZTFr1iyysrLIyMhQ
PcfMmTMZMWIEGzduDIhPzfE5x3CyJfEzXgPBid+gHQ/TYGpw2nf+miu4suqCx/Oay3q7VVhaY+G4
6ISvmnB6zjsQcdCqa+7XX6A0RtsKFmFVeS9atIjJkyczduxYzGYzy5c3rl+7cOFCJkyYQHx8PP37
9ycnJ0f1HOnp6R4zbX+RPh/jNSDx06OB4MRvrJdnZwNpS02T6+cy1s29zzuQuuZ+/QVKY7StYBFW
lXdcXByfffaZ236z2cymTZs8atUqbL0Vuda7rby7nyM7M5trjycy938/91h2y51v8c7o+ZhP3sHs
+W+pHrdhO+eWO9/i09FvavrRiKAHEcfb2H1ztaGm8deWksaXmMidu3YNtNz4GWEHgpd5uyLXnz5b
4R6/YBJWfd6hYMGCBZy69h+hdsMn7vxqDNvucH/8zVN/omN5x3JK5/F2rkCgZtcVXyp4wRhcF9MI
B1+g+fR5r/7pXL78oQ8+Nwekz9sZ6fMOLZ4qLF/69JSIaTjJ8XYRtLvU3q2fUImGNpe4FNWR9tXn
FY/b+g1/9NVYtqe9Yz9nJD259131iZ5t5eOPOa8ClHj8bg522ezkm1LfpCOBuFt19V+JbXes5gdU
Mm2p5xvKa48nMnjbeHuLgZbMR621wxuS+WjX6LFlhB0IbObtaa7tcM8c5frTbytYSOYto83DjhLz
Hp8qeEe0tBiotQJI1u9MOGXePmexYZR5tygk83YmhJl3WD3nbST19fWUlJRQUVEBqC/CvmPUDo/H
1bZ7B3/it86SbPHbjlb/tOiM8q/bkSRuPTGQce8u5I69kxW3Ez96jUE7Hmbg948w5v153LF3Mmnf
TVItr7SdtfQj+h95lDu/GsPA7x/hzq/GEEF3jsVa+K+lQ5m2tJfq9uml4xT3L5r7CwA+evB1t9f/
tXSY1/P6asfb9qW59yv6pfXzjaB7WFx/PSqGMGjHw/z4q//xXL7IoO/v+SQAzl+6oXEciUqcWsz3
t0h+/xz379u3j5KSEsrKyjAaybwl8xYc8Jb1q40hcD2mRrDHFCjh6zgDbzSrjFIy7+Agmbcz0ucd
vkifj/EaCF38vC0naOuzv9rU3W2sgWt/fkObS05jHryNT/DFP19xjJ8v4wzA8/gOc5nyM1py/TUh
o82bkN+/4COZ94IFdHyhY9DOH0MMM5ihejyXXD7jM9VytuOhwpv/ghCWSOYdHCTzdkYy79CSQorq
sdPJp7m68Gq/zxlltvDFkRoqqGA+np+fBqiggkXJi7hYeNEvH7X654sun3wn/9slt1P1Tw1fNa43
CXLnrl0DgY2fpxtMiV8Tknk3Id/f4COZdxD7vMsoo4ACrPbbVWUaaKAtbVXLdaUrAxkYDBc94qv/
esknPyDnkVaC4PApn7KLXQDMZW6IvfERybyDg2Tezkjm7cxzzz3H4sWL7bOjlZaWMmHCBAoKCuzT
o5wpmJ8AACAASURBVMbHxztpIiMjycnJYfTo0fZ9y5YtY/bs2bpmWdNz5xl3ZBCZZAbVVjDvPOOI
c/I/WP6lkOJ2kxBltnDyiO+28smnJrmG+YXeWzkcaZfcjs6Fnf2u9CXz0a4x0pZk3sZrQK4/Iwi7
zLugoICf//znHDt2zF7pTpo0iW7dujFr1iwWL17M4cOHyc7OdtJFRkaSlpbGhg0bMJlM1NfXM3jw
YHbv3i2rirUCtLYSBCrrt9ESs3/HzDuU+BVbybyDg2Tezkjm3ci5c+eYPn06r7/+OpmZTRnf5s2b
yc3NpUOHDsyYMYPU1FRFfb9+/Vi3bh2ZmZmsWbOG4cOHs3v3bl0+yZ2n8RrwP35xxNE7ubfftq5N
vpbywnK/K32lMQOuYwRcCeaYAVd6mKs5eOQHAbU1gAFucQrmmAtHbC0rFPpnJ+jX3zirvQKXzLsJ
+f0LPmE1ScvcuXMZP348gwY5f+jV1dXExMQAEB0dTU1NjaJ++vTpLFmyBKvVSlZWFlOmTFG1damq
itrsbBqqqz0uwp5YmKhpsfeII4P81nWtOey3Ha3+adEZ6Z9R8RtQOIDB5qu5h3vIMEf4vP154c/d
9j9qvpUBDOAucydSSHHbDqrpqLjf0/bWwlv9Km/bXnNkqN86T/6NYpRinJTioDV+nrYDGUi3muPM
Zz4fmuf49vluMej6KzbDP6fRrbzKbzvN8vu7xbuutfz+XayspDY7mwt792I0YdVs3qlTJ6xW5zv7
2tpaEhISyMvLIzY2luPHj5OamkpxcbFTucjISGpraxk7dixxcXFUVlaSk5Nj36+Gt2ZzufM0XgMS
Pz0aaHnxK6OMrclb+b7we6Bx4JxpzbtYH3pQWXD5Z8RyiwHxW2Xi7x88Q0H6Duo46FezebO7/nxs
Nm9p15+qJoTN5mFVeTviWOlOnDiRhIQEe5/3oUOHWLlypWL5HTt2MGLECDZu3EhaWpruylsQhPDB
1v/ua+VtVN+sz6udNXekz9sZmdvcMwsXLmTbtm3Ex8ezfft2Fi1apFo2PT2d2tpa0tLSAmJby0pG
0HjnaYQtrf4ZZUviZ7wGWk/8TGvexbTm3YDaAW3xi6CH02tPftkIdfyCoYHWc/2FkrDNvI1CMm9B
aD7YMu95a/q4HXPKwkOYef/FvFjZp5aAZN7OSOYdvsidp/EakPjp0UDLj9+8h/by+O+cz6GUhVuS
LT5lwI5605p3ue+FJT7rAExW98zbF+T602cr3OMXTCTzlsxbEJoN61hHHnn210oZOID1wcaM1/Su
ewWslA17q6i9ZdAl5j384unnePatH5Px6yt91nnC15sHQ7N7ybydkee8wxcZ7Wu8BiR+ejQQnPgp
VSbJZ89SeNVVfvunRZd89iyVx0yk/PMHDNhYrdmOx4Ful7m3uJiPu3f3WZOwdC/JZ0cweNt4+LXv
GbvWz9fxfSl9LjZfHY/ZNP5U9uF0/QVKY7StYCGZt2TeguAT/jQjB5vM18oYuKFaU+atFU+Vni02
1ocedIqTEZl3oPHUMqElri2u398R6fM2nvr6ekpKSqioqACgKKkIgOQ338K05l2S33wLgB2jdjgd
L0oqcjru+NpxO3nJH910rud3PE/ym29xS86bbuW9bZX8C5bOkmzx207mitdU4+BJt3fwJ4rx0uuf
6/kyV7ym+HmES/y0fr62+Kldn0rbW3Le9HgcIOncOaftqJMnFfd722rRJZ89a38dE2v1WL6oqEiX
f5MOHVI+r8p1ZPPPNU5q162n689TvAMVP09bpe+Ha1z9iV+grj+lraf4KW0D/f3dt28fJSUllJWV
YTSSeS9YwAsDBoTaDUEQ/MCWec9lnn2fac0a+//ByLzBPbNWL/eQm08tgWDF1SgC3gogfd7hi9Y+
Pdc+s2DZMrrP0Sj/JH7aNdA646dUYSafPcvuCRN8qkRteoD7XniBj/77v910nirupj7lh1TLqGn8
Ra4/bRrb5xcoW1ZC1yUgmbdk3oLQ7Mh8/RgDP2+cSzyGCmbwinMB2zTLJvdh0UoVubcK11vl73jj
4HiuYGfeqeurGJV9jIrrruSV/wv+YKrmnnkHGuuDD0rmHa60tDtPo21J/IzXQMuP34rPF/OHqUO4
8S83UkGMqsaSnExiofNSZNaHHvJaqdaZzUQcOeKXxpKc7O0tuKEUB1uF7AnXFeBijp5n3kOeF8fw
tmqc0g2AXH/6bQULybwl8xaEZof1oYdItPbk9um3c9Pym5z6vhsLqGfeWvGWseeSymeMsr+OoYLH
16g/LuWtks4f6tuSrm0uWbnUzoTJv1VtnUj5p/dH70p7duCx39/FZ7/+DGuDDmOX8aW1wDFGRrUu
+INk3pf54IMPeO6557BYLPTu3ZtFixYxZMgQSktLmTBhAgUFBfTv35+cnBzi4+OdtJGRkeTk5DB6
9Gj7vmXLljF79myPC5N4Q+48jddA6OOnlmnZfqwdMzpfm0ZDFT9f+2CVstRgaAJhK9Has3Hn5br5
971/x9Lv/y9g/rlm3q4oxfRgch8ohBTyySeFCmLY+dAfnSp0V9olt2PntZFu+8sTOpA7Qr3yduxf
D8T1t2vYD0j5Z7XbDUBMVysV5Sa7T+Y7zKT8MoVXD3iebSylXTn5F7s673O5QXBtLfDWMqDUuuDP
eveOlb9k3gHmkUce4amnnqJnz5688847zJ07l+LiYiZNmkS3bt3sq4odPnyY7OxsJ21kZCRpaWls
2LABk8lEfX09gwcPZvfu3T6sKvZCsN+aIAgBxFZ5X1NwDfek3ANARfsYXq5/vLGAj5m3a7YMTX3o
pp5WrEXOetc+bUc+JZNdDGRez7lkVnzKwFO7GEAeuxhICvmKmq6UM5Bcjz6GFTpaNMqIo4AUYjmO
mcMUkILVh6naulLuVj6fFPtxtdg64lg+UJT27MCrlidlSVBXSkpK+PGPf8yePXvo3r07ubm5Xtfz
njp1KhkZGWRmZrJq1Sr279/Piy++6LXyfu/591SP97D04GDiQb/9v2trZ74YVOOXRostrf4ZZUvi
Z7wGWlf8HCtwgMqUSpbtWgbALUMtnPnncIoSGzNF18rYVuG62TJXc/DID5xvCLzwTvJEvi/szpvW
N7l9xu3c9Oeb7MfcmvUvE6qWC80aHytvby0Xev2z3Qi0TW7PyMIPfC5vq/zfH3e3vUXBVxxbIQCe
/ucqBlp3yiQtjpSXlzN+/HiWLFkCQHV1NTExjYNSoqOjqalR/lGaPn06S5YswWq1kpWVxZQpU1Rt
XKqqojY7m4bqaoZu6QyguD2YeNDjcbXtF4Nq/NYlHq72245W/7TojPRP4ifx89W//qcaWJu/lo6P
7GX/L/dzzcgi8rLyeKvbb/jZpr8x7/p7mFc0nzcv/Ibf9/4ddWYzAA/03wxAT3MV+6buwzo7z36e
DaMq6GmuIqa+gldTH8PU00qd2Uwuqbxl/jXzmceH5klAY0V1e8xOLtR0svu1/9H9dHxkLynk84B5
s72c6zaxsFBxv7etFl3Xy7+buu1s2eJVF3HkSFD9i6OMweb/x8jCD/wqfw+fkGH+huxVv+Xt75fw
8T9/4/N22Zd/dHp9s7mUi5WV1GZnc2Gv58GCwSDsMu/8/HweeeQRnn76acaMGQNAQkICeXl5XjPv
2tpaxo4dS1xcHJWVleTk5Nj3qyGZd/hpQOKnRwMSv20F2yhYUcBnHT+jpq4xDjf89QbV8m9a33R6
fdfWzvy/iDZOGb0Stoz64WljSfpXEsMLP2aMtcJ+3GIq8qiXzDvA/hlty2qVZnOAlStX8uyzz7Ji
xQruvvtu+/6JEyeSkJBg7/M+dOgQK1eudNLaKukdO3YwYsQINm7cSFpamu7KWxCE5oeFxmbyRJpG
J19TcA03rrgRU4NzxVPdt5rvZ3yveB7XJvkU8ulKOcfpwi4G8qb1TWK6/J1RFZ8BjZW5fTAd3ivv
ZkcQRvE3a0JYeYfVaPOZM2cCcP/999v3HTt2jIULFzJhwgTi4+Pto83VSE9P1zW63BXJfIzXgMRP
jwYkfkqaqv5VfL38a590tvhV9a9ibf5ablxxIwfe+y1zK+YBcE+ntQw8tYver/Qm9XLFfXDZQRJn
9nQ6j60iV6vEPWWApp7qj2Ml97BQeNC/x6YCobGvCOrBN4B7O2/l4xr/VhXT4t+BjreEdctFMAmr
zDsUSOYtCC0Ppcw7kLgOSMt9JVc1e29JBDuuwcY2cDFQWC2yqljY0sPSQ5Purq2dDbGl1T+jbEn8
jNeAxE+PBrzHb/+j+51efz/je4mfA+F6/fW0JNLTksjdG4ba//f1T0kTSiTzlsxbEFocRmSItj70
muSaVpF1Q/PPvAONBYtk3uFKS7vzNNqWxM94DUj89GjAt/jZ+tBtFbfErwm5/oJPq6286+vrKSkp
oaKi8bGOHkU9FLe2CYDUjqttD5p/4LfuYOJBv+1o9U+Lzkj/JH4SPz3+FRUVSfyC4J8trhK/xu2+
ffsoKSmhrKwMo5Fmc3nOO+w0IPHTowGJn615d6hlqMQvgBpfm81bS/xC2WwulfeCBbzQUX3hAEEQ
mhdXxh3ixduG8uvP9hOAxa+Ey0hcnbky7hDnfvmIPOcdSjqlfKl6rPfpdnx/tW+r1jjyY0sVnyVe
45dGiy2t/hllS+JnvAZadvx+udbKkldhnxkGLje5lbui6xHuMI/mlynxFNS9K/ELkMYxrm9b/+5R
1xrid0XXI8AjftsOFJJ5y2hzQWg2PPJKb+bOTHXbb+l9kuHffdT02sfmXbXzKZ3TX9/81fvikxJa
7WhBRps7E8pmc8m8AYtJ/e7JktyORB/Xi3WkzlxNxBH19XgDZUurf0bZkvgZr4GWH793Jx+g/ooG
2jSYGPPXG0j8Psr+PS5MqYRJefDrz9jQZ7JPdlb/0vm57XvWxZD4/Q88/jYo+QcXWf3L/W4++fKe
vPnkyLmIznSoq/HZjjdbvmgc42pp8GwvnK8/S++T/Grtvw3rXw8WzTrzLi0tZcKECRQUFNinTY2P
j/frHAsWLOC2mqNB8lAQhEDzfd9q3nJ4rjqp4BrGrLiRNpfnLP++bzXz7ngNVhSwusG5eXeMwuIk
817JdTqf0jn99U2r3vU83tBrx1+f1OLaXFD6/LVSmFJJ8q5l9sz7gxkzuGvWLKIur2YWLFrEgLVJ
kybRrVs3+4Ilhw8fJjs7269zyGjz8NOAxE+PBiR+aqPNbZVd+wttqL+igX3JNYqVZGuPn5qmuY82
t33+Fzr+gA51/vlna+2w8X3faubN+NReeb+YlES7Dh1IffRRBk6eTLsOHfw6v6+0iMq7e/fu5Obm
elwq1BvS5y0ILQ/pmw0OEldnHPu8X0xKsu+Puv567po1i56DBwfcZovo866uriYmJgaA6Ohoamq8
30nt27ePt99+G+v581wsLmZ3VRX3jr+Dttdey6Vjx9y2Ne3b07m+XvW42tZ69iymq67yS3fywAGi
evXyy45W/7TojPRP4ifx0+PfH679A5eOHWNQ+0ESvwD6Z4vrA9c+IPE7downfjCTi8XFtI2NJcqx
orFam5ZPDRLNuvLu3LkzFRUVxMbGUllZSefO3qfku/HGG5k3b5799YIFC3j66adVyx86dIiEhAS/
fTu3Ywcd0tP90mixpdU/o2xJ/IzXgMRPjwYkfno00DrjZ2s2Hzh5MqmPPhq0ZnMbzXp61CFDhpCV
lcW5c+fIysoiIyMj4Dbi4uL+f3vnHhTFle/xL2ASSWqUYRxB5OFlDcSlRMtnFfLYRNTE/SO7ellS
GxHlBsPLK4lJfICixhiyKjGC4i2IYlFJ+SBZYyp6K66KJOReK+I13riJeDcKIjJEUSHhkRC4f7jT
mUf/zkyPwwxD/z4pK3qm+8yZb5/u09Pd8zkOrffzFfpJUWe+l6Ptc9V7cX6uXwfg/B5kHYDze5B1
AHXmF56QgCVHjiAmO3vAB27Aw795b968GampqQgKCpKeNnc2Dz/8sEPrPfr737vkvRxtn6vei/Nz
/ToA5/cg6wCc34OsA6gzvz/u3u1QWxzFowfv4OBgnDx58oHqWLhwoZNaY47PP+/FM47B+T0YnN+D
wfk9GJzfwOPRl82dwW9/+1t3N2FIotFo3N0ERsVw/2OGOqofvJkHQ6PRWP15UJqbmzFnzhzodDrM
mTMHzc3NwnJnrct4HgPR/6i6/vrXv2L69Onw9/dHTEwMTp8+bbUu9z/GVfDgzTwQHR0d6OjosPr7
g5CXl4eYmBjcuHEDMTExyM/PF5Y7a13G8xiI/kfV89e//hX79+9Hc3MzXnzxRSxdutRqGe5/jKvw
aEkLM3jQaDRmBzyNRoP8/Hzs3LkTw4YNw5tvvok///nPsstZHigp+Q5VblqH0nWZoYEz+589rzU2
NuKZZ57BpUuXuP8xLsUoaeFv3syA4efnh//7v/9DeXk58vLy7F6Pku9Q5aYHWKXrMkMXR/ufLQwG
AxYtWoStW7cC4P7HuAcevJkBIz09Hb6+vpgzZw5u3bpl9XpfX5/sekb5DgAz+Q5V7qx1maGFo/1P
RF1dHZ566ilkZWVh/vz5Vq9z/2NcBQ/ezIDh7W3dvXQ6HU6cOIGuri6UlZXJrkfJd+yR8jzIuszQ
wtH+R1FRUYGkpCTs3LkTzz33nOwy3P8YV8GDN+NS3njjDbzwwgsYP3482tvbZZfZvHkzPv/8cwQF
BaG2thZvvPGGsNz0qWCl6zLqwp7+Z/qkuenfly9fju+//x5/+MMfpPIff/yR+x/jFviBNYZhGIbx
EPiBNYZhGIbxUHjwZhiGYRgPgwdvhmEYhvEwePBmGIZhGA+DB2+GYRiG8TB48GYYhmEYD4MHb4Zh
GIbxMHjwZhhGCM+NzTCDDx68mUHDTz/9hDVr1uBf/uVfMGbMGLz99tvubpIq0Gg0KC4uBgDs3LnT
arB2xjSbjDx///vfodFo8Pe//93dTVENtvq7p8CDNzNo2Lx5M65du4b/+q//wrfffovvv//e3U1S
Dfv370d/fz/279/v7qaoihMnTsDb2xsnTpxwd1NUxVDo7zx4M4OGgwcPorCwEIGBgRg5ciS2bNkC
wPqyrem/NRoN1q9fj4CAAMyaNUt2GcY2/v7+2LZtmzRtpRFTt7dpWWlpKUJDQxESEmJ2AOTclfG3
v/0NixYtwt/+9jepbNasWTh9+jQA4NSpU4iNjQUAnD9/HtOmTYNer0dBQYHVfsDYj1x/N/Z1rVaL
mJgYaRu8/PLLePHFFwEAy5Ytw8qVK83WcRc8eDODBoPBgODgYMXr6fV6XL16FdOnT5fK+FKvMtLT
07F582akp6eblVM5Dhs2DJcvX8bevXtRUFBgc3nGms7OTnz55ZdYt24dvvzyS3R2dgIAUlJSUFlZ
CQCorKxESkoKACA7OxuZmZloaGhAeHi4WV2cuzLk+ntHRwc6Ojpw69YtFBUVYdmyZQCAv/zlL2hp
acErr7wCg8GAt956y2wdd8ETkzCDhsjISHz66acICwszK9doNNJO0tvbC61WK/1bo9Ggra0NDz30
kMvbO1Qwzdfef9+5cwfDhg2TfZ2xj//8z/9EUlKS9O/Dhw/j6aefxp07dzBx4kTU1tZi1qxZ+Prr
r+Hn5wetVovm5mb4+vqiq6sLo0eP5twdgOrfZWVl2LFjB5qamtDX1wcvLy9p5rnz588jISEBZ86c
wZQpU9zVdAA8MQkzCElKSsLq1athMBjQ3t6O/Px8APfnYD558iS6u7tRUVFhtR4P3K7HOHAzjnPi
xAls2rQJHR0d2LRpk3TfW6vVIjExEYsWLcKcOXPg5+cH4P7J7YEDB9DV1YUPPvjAnU0fkqxduxY7
duxAS0sLqqqq0N/fDwDo6upCTk4O5s2bh5ycHHR3d7u5pffhwZsZNKxbtw4hISGYOXMmIiMjodPp
AAAbNmxAamoqIiIi8Msvv9hVF98DfHCoea1trcPYx4kTJzB37lwAwNy5c80eWlu8eDEuXLggXTIH
gF27dqG4uBihoaG4fPkyvL1/PXxz7g/OypUrsXTpUjz++OP45ptvpPKXX34Zv/3tb1FVVYUJEybg
5Zdfll5zZ+582ZxhGMaD6Ovrw7Fjx1BQUIC6ujp3N4dxMcbL5nzti2EYxkPQaDTw8vLCuHHjsGvX
Lnc3h3EjPHgzDMN4CPyAGmOE73kzDMMwjIfBgzfDMAzDeBgODd7GJ0+pPwzjCLb60Pbt2+3qX0eP
HsWMGTOg0+kQHx+P2tpaAEBPTw9Wr16N8PBwqyeph4Lr2FGclfuBAwcwadIk+Pv7IzY2FjU1NVb1
azQa6Xf8nLt87kePHkV0dDT8/PwQHR2Njz/+2O56TPOl9gO15071U+r4QEEtf/36dcyePRs6nQ6z
Z89GU1MTAOfn7vA37/D+cNk/DOMoRsORHBcvXrT7AZ0PP/wQlZWVaG5uxquvvorFixcDAF5//XV8
9tlnOH78ONrb283eayi4jh3FWbl/8skneP/999Hc3IycnBwpd2P9HR0dWLZsGdLS0qR1OHfr3LOy
slBUVASDwYBt27YhMzPTrnos86X2A0DduVP9VHR8kINafu3atYiNjcWNGzcQGxsr+SoA5+bu0svm
lDtWo9EgPz8fer0eU6dOlX7+QJXv2bMHUVFR8PPz42/7KqCnpwfp6el488037Vq+oqICkZGR6Ovr
Q29vryS5OHToEN566y1ERkbCy8vLbB3K7a1mlOZeWVmJqKgoDB8+HHFxcWhvb8fPP/8svX7v3j0c
OnRI0k4CnLscoaGh8Pb2hpeXF3x8fDBu3Di71rPMl9oPAHXnTvVT0fFBDmr5mpoaZGdnY/jw4cjO
zkZ1dbX0mjNzd+ngTbljgfu/M29sbERubi6ys7OF5Rs2bEBaWhrOnj2L27dv8xOYQ5xNmzbhiSee
QHJyst3raDQajB49Grm5uXj33XcBAK2trThx4gQCAgIwYcIEHDlyRFqecnurGUdyB4Dbt2/j+eef
R0ZGhpn9bt++fZg3bx7GjBkjlXHu1hQXFyM1NRU6nQ5LlizBzp077VpPLl+5/QDg3AHrfio6PshB
LX/37l2MGjUKc+fOhU6nw927d6V1nJm7Q5IWjUZDXiL/zus7cjCl3LEajQatra2Ss3fs2LFoa2sj
y48fP469e/fiypUrMBgMyMnJQV5engMfnxmMWLqHR44cib6+PrNl7Dlh6+zsxLFjx7B161acPXsW
ISEhKC8vx5NPPona2losWbIEDQ0NNl3easEZuRutYAsWLEBBQYFkAevt7cXEiRPx3nvvSW5ozv0+
lp97ypQpKCwsREJCAqqrq5GXl4dz584J65DL14jlfsC5y/dT6vhAQS0fFhaGc+fOQa/Xo7W1FTNm
zMC1a9eclrtb3OaUO9bYoK6uLlRVVZmdSMiVP/PMMzh8+DDOnz+PgwcP2n1myngm9+7dM7s/aKvD
Z2Zm4vr16/Dx8YGPjw9u3rwJAIiJiTFbzp5LY2pGae6VlZXIzc1FeXk5Nm7caKbv/OijjxAcHOz2
SR08AYPBAADSZfOWlhab68jlS+0Haofqp0qPD9TycXFx2L17N3p6elBaWoqEhAQntv5XXCppMbpj
AeCVV14xe62+vl6aH3jPnj3CcuM9buPZknHeZ8azkZuf2NaAIXf2GhcXh/nz56OpqQkREREoLy8H
ABQWFiItLQ3PPfccgoKC+KTvnzgr96ysLABAYmKiVNbS0oLHHnsMJSUlWLFihbOaPCSgct+5cyde
euklNDU1ISQkRHpC2bic3LaRy5faD9QO1U9Fxwe53Knlt2zZgtTUVLzzzjuYPHnygD0U6PBlcxFK
LwVQHVKNl3MYhmEYhuKB3OY8oDIMwzCM+xgUhjXqZIBPEhiGYRjGmkExeDMMwzAMYz88eMsgd0+f
9a9DF96m7oFzdw+cu3twdu6qcZs/aLtECklGGSLnspyjWalzmHILU+VqQanz3Yi9bnPOXYxljlQu
1HaiOHr0KKKiouDv74+nnnoKV69eFZarBapfU+54ynlOQW0/pfU4iuPfvMP75f8wjA0o5zLlaFbq
HKbcwiLnsBpwxPmuxG3OudPI5UjlInKSy7F8+XKUlJSgpaUFq1atwpo1a4TlaoHq15Q7nnKeU1Db
T2k9juJytznlMJdznp8/fx7Tpk2DXq9HQUGBdOZUX1+PxMRE+Pv7Y/LkyTbPTE1nj7L8baXc+wLA
+vXrMXr0aLN2UlDtYQe7PCLnMmDtaFbqHKbcwiLnMADcunUL8+fPx3vvveeUzznYUOp8V+o259zl
oXKkcrG1f8hhut2++OILm+XA0M+d6teUO96Wm98SavvZqsdZubv8nrecq5xynmdnZyMzMxMNDQ0I
D/9Vx/rCCy9g2bJluHnzJrZt22bmQpfD1BBl+q1C5FoPDw9HQ0MDcnNzpR/1U1DtYQc7DeVcBqwd
zUqdw5RbWOQcvnz5Mp599lm8+uqreP755538aQcPSpzvSt3mnLs8VI6iXET7hyVFRUXIyMhAcHAw
Pv/8c7S3twvLAXXkTvVrW+54ys1viWj7UfU4M3eXD97Jycnw9fXFv/7rv6K+vh7Afee58d7MnDlz
JD3gt99+iz//+c949NFH8ac//Umq43//93/xb//2bxg1ahT++Mc/4rvvvnOoLdT7WrbzypUrwnqo
9uzbtw///d//jeTkZISFheGNN95wqJ1DkY6ODhgMBmzfvh0vvviiVN7b24v/+I//MDth0mg0iImJ
wfXr17F7926bpi4/Pz/cvn0bn376KW7fvi19c6HKAWDp0qW4efMmAgICnPxJBxdyuVP5lpSU4MMP
PzS7ciWCc5eHylGUC7V/yLFw4UJ8++23aG1txZw5c6QsqXJAHblT/To9PR3vvvsubt26hfLycrMv
bRcuXMDvfvc7JCQkYPPmzcL6RduPqseZubt88JZzlVPO88jISBw4cABdXV344IMPpDomTZqEST7a
mgAAIABJREFUw4cP4/vvv0dHR4fZGSXFww8/jMbGRrMye13rERERUnlgYCAuXLhgVg/VHnawyyNy
Lss5mpU6hym3sMg5/NFHH6G4uBjJyclobW11xsccdCh1vit1m3Pu8lA5Urk44iTv7+9HfX09Vq1a
haSkJJvlasid6teUO17k5peD2n62HP/Oyt2lbnNA3lVOOc937dqF9PR0vPbaa8jIyJBCKCsrQ25u
LlJSUtDd3Q3A9oFl2bJlmDp1Krq7u6Vl7XWtl5WVSeVr167FvHnz0NnZKdVDtYcd7PKInMtyjmal
zmHKLSxyDuv1evz+979HW1sbkpOTcezYMfj6+g7Ex3cbznS+c+4PDpWLaP+Qy914nNHr9UhKSsK6
deuE5cayoZ471a8pd7zIza+kv1P1AM7N3aVuc0dd5X19fTh27BgKCgpsPjzGMAzDMEMVj3GbazQa
eHl5Ydy4ccKfrFAnFPyQGMMwDDPUcOllc0cGUnvX4UGaYRiGUQusR2UYhmEYD4MHbwWwZIVhGIYZ
DKjGbc54Lkr7F7W8yKlufOJ0586d3If/idJ9mspdVM65W6PUbU7lS7m9OXd5qLkVKJS6/J2du8Pf
vPuJPwwzEJh6zx1dXuSM3r9/P/r7+81+xqR2HJmMh9pOVDnnbo1Stzkgn6/IWc+5W0PNrUDhiMvf
mbm79LI55fqOiopCQ0MDAODatWuIiooCQLvHKUc6xVdffYXY2FjpfY1Q9VPLA0Bpaan0+2/jBlDq
WmeUExwcjICAACxcuNBKtmPv8iJntL+/P7Zt24ZRo0YN2GdQA9R2oso5d2sccZvL5SuaE4Bzp7Gc
W4HCEZe/M3N36eBNub7j4+Nx6tQpaDQa1NTUSKYakXtczpFOkZGRgZSUFBgMBrvc5tTyADBs2DBc
vnwZe/fuRUFBAQDlrnVGGR0dHWhqasKlS5cwYcIESazjyPKUMzo9PR2bN29Genr6gH2OoQ6Vu2h7
cO7yKHGbU/mK5gTg3Gks51agcMTl78zcHZa0UJfIvUD/bOv48ePYu3cvrly5AoPBgJycHOTl5eHA
gQP44IMP0NraisDAQCxYsADJyckoKyvDjh070NTUhL6+Pnh5eaG9vR0ajQatra3w9fVFV1cXxo4d
i7a2NrK9Wq0WN27cwKOPPmpWTtVPLa/RaHDnzh0MGzZM+ndHRwe0Wi16e3t/zeCf9TDOp7u7G0FB
QcLtbWv5zs5OHDt2DFu3bsXZs2et5EGOyoSGKo7kQW0n03LOXYxlP7UH03xDQkJQXl6OJ598ErW1
tViyZAkaGho4dwG9vb2YOHEi3nvvPTNFsxxhYWE4d+4c9Ho9WltbMWPGDFy7do0sd1buRkmLS795
U67v+Ph4nDlzBgsXLkR1dTXi4+MB2O8et3XiERkZicrKSvz0009m5SKnutzyAKSB2xRHXOuMcn74
4QcUFxcjOjraoeUdcUYzyqG2k9Ltp1Yc7aeW+SqdE4CRn1uBwhGXvzNxqaSFcn0HBQUhODgYCxYs
wP79+6XLFfa6x42OdIrS0lJkZ2fjtddeQ19fn023ObU8hSOudcZ+jP3mkUcewcyZM80uI4pcz5bL
i5zRjDWWz4cAv/ZrJbmLth9jjaNuc8t8HXHWqx25uRUA57n8nYlL3ebOgi/zMAzDMGrEY9zm9sJu
c4ZhGEYtuHxKUGcgNyDzIM0wDMOoBdajMgzDMIyH4fbB2xGtqrt0fqwRZBiGYQYDbnebO6JgZNSF
Uucw5YY+evQooqKi4O/vj6eeegpXr16V6mfXszWUG5tClHt0dDT8/PwQHR2Njz/+GADnTqG0v7PL
XxnUWKV0DDtw4AAmTZoEf39/xMbGoqamxuz17du3D6jL3/Fv3ocOyf9hGCej1DlMuaGXL1+OkpIS
tLS0YNWqVVizZo20DruerRG5seWgcs/KykJRUREMBgO2bduGzMxMaR3O3Rql/d1yHSPs8peH+sKo
9IvkJ598gvfffx/Nzc3Iyckxy/fixYvYtWuX1TpDzm1OQbnHAWD9+vUYPXo0u81VhL3OYZEb2lRU
8cUXX0h/Z9ezNSI3thxU7qGhofD29oaXlxd8fHwwbtw4aR3Oncbe/g6wy98dVFZWIioqCsOHD0dc
XBza29vx888/o6enB+np6XjzzTet1hlybnMKkds8PDwcDQ0NyM3NRVZWlrAedpsPDex1DgPybuii
oiJkZGQgODgYn3/+uZkJj13P1ojc2BRyuRcXFyM1NRU6nQ5Lliwxk4Vw7jT29nd2+buX27dv4/nn
n0dGRgYeeughbNq0CU888QSSk5Otlh0UbnPyEvmf/qTYbW6s03I9dpszRpQ4h42I3NA1NTVIT0/H
5cuX2fVMQLmxbWGZ+5QpU1BYWIiEhARUV1cjLy8P586d49wFONLfAXb5K4H63EryuHDhAlJSUrBg
wQIUFBTA29sbI0eORF9fn9lyHR0dQ9NtDgCBgYG4cOGC2fL2us0jIiKE78tuc89HiXNY5Ibu7+9H
fX09Vq1ahaSkpIFsssej1I1N5W4wGKT1fXx80NLSMjANHkIo6e9G2OXvWiorK5Gbm4vy8nJs3LgR
3t73h9N79+6Z3T8fqBOjQeE2B+4PpPPmzUNnZ6dN9zhg7jYvKysTvi+7zT0fJc5hyg1t7H96vR5J
SUlYt27dwDfcgxG5sZXkvnPnTrz00ktoampCSEiI9MQtQ6Okv7PLXxmUs1+py994uzYxMVEqa2lp
wWOPPTYwDbfAI93mDMMwDKNG2G3OMAzDMB6KR7rN5eBBmmEYhlELbtejMgzDMAyjDI8cvNWm82MY
hmEYU9zuNmcYI5QD24ilK1hpPSKnsZpdzxRKHduU6/n69euYPXs2dDodZs+ejaamJql+NedOueOV
Hk8pZ7+RgXZsexrU8UGpy1/Ur11xnHH4m3c/8R/DOIrIgU25gpXUI3IXq9n1TKHUsU25nteuXYvY
2FjcuHEDsbGxyM/Pl9ZRc+4id7ycq5xC5Ox3hWPb06COD0pd/lS/dtVxxqWXzdkxzoigHNgiV7CS
ekSw65nGXsc25XquqalBdnY2hg8fjuzsbFRXV0vrqDl3kTtezlUuQs7Z7yrHtqdBHR+UuvxF/ZrC
Y93m7BhnRFAObJErWEk9Itj1TKPEKQ9Yu57v3r2LUaNGYe7cudDpdLh79660rJpzp9zxIle5HJSz
31WObU+DOj4odfmL+jXFoHCbU5fIveBFXjJgxzgjgnJgU65gpfUYseUYVqvrWQ6ljm0513NYWBjO
nTsHvV6P1tZWzJgxA9euXVN97va44+Vc5SJMnf0D7dj2VKjjg1KXP9WvjQzUccYtbnN2jDMiKAe2
Ulcwu7SdhxLHNuV6jouLw+7du9HT04PS0lIkJCQMdLM9AlvueEtXuQg5Z7+rHNueBnV8UOryd3e/
dungXVpaiv3790Ov15vdwzY6xh9//HF88803NpenKCsrQ3FxMUJCQvjJdw/E6MDW6/XIzc21y4Et
t42peuSe6GXElJSUyN5+kssuKysLdXV1SExMlPL98ccfsWXLFlRXV2PMmDE4c+YMNm/e7IqmD3oK
CwtRWFiIgIAA5OTkSJdvjdmNGzcO1dXVZlN5yuWu0WgwYsQIPP3004iPj2dnvw2o4wO1PQD53Kl+
7arjDLvNGYZhGMZDGHJuc4ZhGIZRCx5pWGMYhmEYNcODN8MwDMN4GC4dvB25cb9v3z4EBgZarUuV
MwzDMMxQZ9C7zbds2YJPP/3U6j47Vc4MPZzl2Kb6qdpdzxRHjx7FjBkzoNPpEB8fb9NYaGt5dmyb
I3JgKzmeUv2dcp5z7vLHE1uOeEsot7mrcnfcbf6e/B9nYzAYZH/nSJUzQw9nObYt6zJFza5nig8/
/BCVlZVobm7Gq6++apaj0uXZsW2NyIGtxG1O9XeR85xztz6eiPKSg3Kbuyp3l9/zXr9+PUaPHo2p
U6eirq4OgPXldNPfyPX398t+U5IrF7nNNRoN1q9fj4CAAMyaNQsAsGfPHkRFRUnudLWdgXoaD+rY
BmhntJpdzxQVFRWIjIxEX18fent74efn59Dy7NhWjhK3uai/yznPAc4dkD+eUHnJIXKbuyJ3lw/e
4eHhaGhoQG5uLrKysoTLmpqBLF3ocuW23OZ6vR5Xr17F9OnTAQAbNmxAWloazp49i9u3b/Ml+EHO
gzq2Rc5oNbueRWg0GowePRq5ublmshAly7NjWxlK3eZGLPs75TwHOHfA+ngiyksOym3uqtwdd5sT
l8i9nqd/B67RaNDa2gpfX190dXVh7NixaGtrM3O89vb2QqvVSv+m/K9y5SK3uUajQVtbGx566CHp
9ePHj2Pv3r24cuUKDAYDcnJykJeXZ3cOjOtwhmPbFFNntNpdz7bo7OzEsWPHsHXrVpw9e1bx8uzY
FiP63Pa6zW31d1PnOedu+3himheFLbe5ZT0e7TY3vnFXVxeqqqoQEREBANDpdDh58iS6u7tRUVHh
cN223OamAzcAPPPMMzh8+DDOnz+PgwcP2jX7FOMenOHYNqLEGa1mMjMzcf36dfj4+MDHxwc3b950
aHl2bDuGvf1U1N/lnOcMfTxRkpfIbe6K3B0yrD0I9fX10jzcZWVlAO5fvk5NTYW3t/cDffMtKytD
bm4uUlJS0N3dDUB8oDDe4/b29kZISAi2bNni8HszA0tJSQlWrFhhVS539mq8HZOYmCiVtbS0IDAw
EADwyCOPYObMmXZdBlYzcXFxmD9/PpqamhAREYHy8nLpNbncRcsz1lg+xwP8ekUCkO+njvR3vV6P
pKQkdp6bIHc8MeYul5dc7lu2bEFqaireeecdTJ48WXoITVSPM2G3OcMwDMN4COw2ZxiGYRgPhfWo
DMMwDONh8ODNMAzDMB6GKgdvlrEwDMMwnsygd5szjFLHNuUuFrmk1ex6pqCc2RSU65lzl8cet7k9
iFza1H6g5tx7enqwevVqhIeHm+VM9V8Ke930A5W7w9+8zxF/GMbZKHVsU+5ikStaza5nCpEjXg7K
9cy5y0PlYq/T3Ajl0hbNCaDm3F9//XV89tlnOH78ONrb26Wsqf5LYWv7DXTubp0S1NRhXlpaKv3+
2/L3cpbLU05yym1eV1eHadOmQa/X29wgzOBDqWPbiL0udIBdz3KInNlyiFzPFJy7cxA5ueX2AzXn
fujQIbz11luIjIw0y82R/itioHMfNPe8hw0bhsuXL2Pv3r0oKCgQLks5ySm3eWZmJlasWIHGxkaE
h4cP+GdhnI9SxzagzIXOrmcaS2c2BeV6FsG5Pzi2nNxy+4Gac29tbcWJEycQEBCACRMm4MiRIwAc
678iBjp3hyUt1CXyaRC7zeUc5hqNBnfu3MGwYcPMlqOWp5zklNtcq9WiubkZvr6+6OzsREBAAP9W
3QNR4tgWuYttOYbV6HqmsOXMNsWW65lzl0fJ/A22sHRyy+0Has89JCQE5eXlePLJJ1FbW4slS5ag
oaHBLle5HHL5DWTubnGbixzmxoHbnuUpJznlNo+IiEBVVRW6urpw6NChAft8zMCg1LENKHOhM/LY
csRbInI9MwML5dLm/cCamJgYs38bL507s/+6IneXDt5Gh3lERAR++eUXh5c33ufWarXIysqSnORl
ZWUoLi5GSEiI2b3w4uJivP322wgNDcV33303MB+OGTCMzuzAwEAUFhZaObblKCkpsZoS1rRP8C8j
bJOVlYW6ujokJiZKef34448A5HPfsmULqqurMWbMGJw5cwabN2+WluXcraFyEeUll51Go8GIESPw
9NNPIz4+3sylLbcfqJ3CwkIUFhYiICAAOTk50pc/qv8CdO7UdnJF7uw2ZxiGYRgPgd3mDMMwDOOh
DJqnzRmGYRiGsQ8evBmGYRjGw+DBm2EYhmE8DHabM4Meyt1si+3bt1s9qcuuZ/tR6jY3wrk/GJR7
m8LWsVdue6g5d6VOcgpq/zh69Ciio6Ph5+eH6OhofPzxx1L9g8JtznZzxlVQ7mYRFy9exK5du8zK
2PWsDKVuc4BzdwaUe5tC5EKX2x6AunN3xEkuB7V/ZGVloaioCAaDAdu2bUNmZqa0jse6zSkneVRU
FBoaGgAA165dQ1RUFADz33PHxMTg9OnTUnl+fj70ej2mTp2Kuro6V34Mxg2I3M2W9PT0ID09HW++
+abs6+x6tg+lbnPO3TlQ7m2liLYH505j75wI1P4RGhoKb29veHl5wcfHB+PGjZPW8Vi3OeUkj4+P
x6lTp6DRaFBTUyOZbYxnQbdu3UJRUZFZmOPHj0djYyNyc3NZQjDEseVutmTTpk144oknkJycLPs6
u56VYa/bnHN3DpR7Wymi7cG50yiZEwGw3j+Ki4uRmpoKnU6HJUuWSBIYYJC4zelL5NPISziUk/zA
gQP44IMP0NraisDAQCxYsADJyckoKyvDjh070NTUhL6+PslVrtFo0NraCl9fX3R1dWHs2LFoa2tT
+tkZD8TS3SzHyJEj0dfXZ1Zm6shn17P9KHGbc+7OgXJv28IyP2p7cO73sddJLkJu/5gyZQoKCwuR
kJCA6upq5OXl4dy5c57tNqec5PHx8Thz5gwWLlyI6upqxMfHA7g/v+qOHTvQ0tKCqqoq9Pf3m32A
rq4uVFVVKTrxYDwTyt0sx71798zua5nuIOx6th+lbnPO3TlQ7m2liLYHI4+SfkrtHwaDAQCky+Yt
LS0D0laHDGuOYrzH7e3tjZCQEMlJHhQUhODgYCxYsAD79++XLlesXLkSS5cuBQC88sorZnXV19dL
83/v2bPHhZ+CcTXGfqPX65GUlGTmblZ69lpSUoIVK1Y4vY1DkaysLABAYmKiVNbS0oLHHnuMcx9A
CgsLkZaWhueeew5BQUFml13lcpdzn/NATSPKi+qncrlT+8fOnTvx0ksvoampCSEhIdIT5s7GI93m
ar3MwzAMw6gbdpszDMMwjIfikYY1PnlgGIZh1IxHDt4MwzAMo2Zc+sCaMzC932752L1cuSfA9/AZ
hmEYJXic29yW2o4ZelCuYAqRc1jOka521zOFs3Jnt7kyuL+7B0/L3fGnzTdUy7+44XcuGUSpb6ue
+C3WE9vsSoKDg1FRUYG4uDicOXMGaWlpaGpqIpdPSUnB6tWr8Zvf/AZHjhzB6tWrce3aNYSFhaGi
ogKzZs3C6dOnsW/fPhw4cAAajQaRkZH48ssvMW3aNNTX1/P2gPNyN2XlypUYMWIECgoKOHcC7u/u
wVNyd4ukxfhhAODUqVOIjY0FcH/wSkhIwNKlSzFx4kTpt92U21wpZ8+exfTp06HVajF9+nScPXsW
APDVV18hNjZWcq3bQm4WGoB2ttfX1yMxMRH+/v6YPHkyamtrAQB1dXWYNm0a9Ho98vPzHfpMakLk
CpZD5OSmHOnserbGmbkD7Da3F+7v7sHTcnfp4J2SkoLKykoA9z94SkqK9FppaSmqqqpw8OBBHD9+
HIDYba6E7OxsLF++HM3NzcjOzkZOTg4AICMjAykpKTAYDA905kk521944QUsW7YMN2/exLZt2yQH
e2ZmJlasWIHGxkaEh4c7/L5qQeQKFmHpHBY50tn1bI2zcjfCbnP74P7uHjwtd5deNr9z5w4mTpyI
2tpazJo1C19//bX0bdXUuWv8P+U2N7bB3svmfn5+uHnzJnx9fdHZ2YmxY8fizp070Gq1uHHjBh59
9FG7P7epq1mr1aKjo4N0tmu1WvT29krrG9uv1WrR3NwstScgIIAvWwmgXMEibDm5TR3p7HqWx5m5
s9vcfri/uwdPyd0tl821Wi0SExOxaNEizJkzB35+fsLlRW7zwMBAXLhwwWodufLx48dLLvRDhw5J
JyqRkZGorKzETz/9ZFf7dTodTp48ie7ublRUVEjllLN90qRJOHz4ML7//nt0dHRIJx4RERGoqqqS
2sOIUeoKFjm5lTjS1Y4zc2e3uf1wf3cPnpa7y38qtnjxYjz77LPYuHGjzWVFbvO1a9di3rx56Ozs
NDt7kSsvKSlBTk4O/v3f/x3jx4+XJqcvLS1FdnY2XnvtNfT19dk8C9qwYQNSU1Ph7e2NvLw8qZxy
tpeVlSE3NxcpKSno7u4GcP9WQHFxMTIyMvDyyy+bTdTOyCNyBStxDgcGBgKQd6Qz1jgr98cee4zd
5grg/u4ePC13j3SbMwzDMIwaYbc5AXViMpQ/M8MwDONZeJxhbaDhQZphGIYZ7LDbnGEYhmE8jCE5
eLtK98daQYZhGMYdeJzb3B6o33/LMRjay9ynp6cHq1evRnh4uFlfUuocptzCVP1qdz2LcpFzklNQ
24kqV3vutvLdvn27XZlcv34ds2fPhk6nw+zZsyWlJ3VcVkvu1Jh09OhRzJgxAzqdDvHx8ZL5ksrR
nvotnf2uyN3hb94bNlTL/mEYR3n99dfx2Wef4fjx42hvb5dOwrKyslBUVASDwYBt27bZ/Hnd8uXL
UVJSgpaWFqxatQpr1qwR1g8A+/fvR39/P/bv3z9wH3CQQuViNBx2dHRg2bJlSEtLE9ZDbSfR9lNz
7qJ8L168KP2k1RZr165FbGwsbty4gdjYWDPlsul7mKKG3KnJqj788ENUVlaiubkZr776KhYvXgxA
nKOofrnt54rcXXrZnHKJU+5xkfNcrtz4GuUglzsTkitnJ7l7OHToEN566y1ERkaauYGVOocBebcw
VT+gbtezKBdA3kkuB7WdRNtPzbkbscy3p6cH6enpePPNN+1av6amBtnZ2Rg+fDiys7NRXV0tvRYc
HIyAgAAsXLgQjY2NUrmac6+oqEBkZCT6+vrQ29srycJEOYqQ2z9ckbtLB2/KJU65xwF557monJou
1Ph/09epcnaSu4fW1lacOHECAQEBmDBhAo4cOQJAuXOYcgtT9QPqdj2LcgHkneRyUNtJtP3UnLsR
y3w3bdqEJ554AsnJyXatf/fuXYwaNQpz586FTqfD3bt3Adw/rjU1NeHSpUuYMGGC2Zccteeu0Wgw
evRo5Obm4t133wVA52gLy+3nqtwdlrRQl8g3CNzmlEucco9TznPq/6bts2yDEhc6O8ndQ0hICMrL
y/Hkk0+itrYWS5YsQUNDg0POYSOmbmGqfrW7nqlcAHknOQW1nahytecOyOc7cuRI9PX1mS0nyiUs
LAznzp2DXq9Ha2srZsyYYTUVa3d3N4KCgtDW1qa63KnP19nZiWPHjmHr1q04e/asXTlaYmv/GIjc
3eI2p1zilHvcmTz88MNmly9E5ewkdw8xMTFm/zZewlXqHAbk3cJU/WpHlIsSJzm1nRzZfmpBLt97
9+6ZXQ20dYCPi4vD7t270dPTg9LSUiQkJJi9/sMPP6C4uBjR0dHO/wAeSGZmJq5fvw4fHx/4+Pjg
5s2bAGznKIdo/xjo3F0qaaFc4pR7XCly97ON77Fs2TJMnToV3d3dZjuDXDk7yd1DYWEh0tLS8Nxz
zyEoKEi6vKrUOWzc9pZuYap+tSPKhXKSy+VObSfR9lM7Sp3vcrlv2bIFqampeOeddzB58mTpYSjj
fvDII49g5syZ0uVhtUCNB3FxcZg/fz6ampoQERGB8vJyAHSOxvXlTqLktp+rcme3OcMwDMN4COw2
ZxiGYRgPZUga1hiGYRhmKMODN8MwDMN4GKocvIeqDpBhGIZRB0PSbc4MLSgXsWh5Obe5yEWsBtez
UpyVuxFLVzfnLsZet7lSNz3nLg+VI4VSR/qgcZv3Y4PsH4ZxNpSLmIJym4tcxGpwPSvFWbkDtKub
c5dHidvcETc9526NaO4DORxxpHus21zkKtdoNNBqtYiJicHp06el8vz8fOj1ekydOhV1dXXCcnaS
D00oF7EIObe5ETkXsZpdzxTOyl3k6ubcrVHqNnfETc+5W2MrR0sccaR7rNsckHeSG88Ob926haKi
IrNONn78eDQ2NiI3N1dyjFPl7CQfusi5iCkot7kROVe32l3PFM7IXeTq5tytUeo2d8RNz7lbYytH
OZQ60geF25y6RO6FDeTlBspJXlZWhh07dqCpqQl9fX2SS1yj0aC1tRW+vr7o6urC2LFjJUesXDk7
yYc2li5iezB1mwPyLmK1uZ6V8qC5U65uzl0epW5zpW56zl0eUY4i7HWke7TbnGLt2rXYsWMHWlpa
UFVVhf7+fuk1o/O8qqrK7ARDrpyd5EMTykUsQs5tDihzdasdZ+Wu1NWtdpTm5Sw3vdpROveBMx3p
juBStznFypUrpfvfr7zyitlr9fX1CA0NRUhICPbs2SMsZyf50IRyEQPK3OaAcpe0mnFm7oxzkMvd
ETc9Y40oR7ncHXGkO5NB7TZXMo0nwzAMwwx12G3OMAzDMB7KoLjnTUGdJPDJA8MwDKNmBvXgzTAM
wzCMNR49eLPWj2EYhlEjg95tLqqPL58PLQ4cOIBJkybB398fsbGxqKmpAQDFfcuWk5sd2+ZQ+Sp1
m1Nu6KNHjyI6Ohp+fn6Ijo7Gxx9/LL2vmnOn8nX0eGrZrzl3MZZ5KXWb2+OUN2XQuM03EP8xjKN8
8skneP/999Hc3IycnBzJFWz6m1d7EDm52bFtDZWvUrc55YbOyspCUVERDAYDtm3bZvZzTTXnLsrX
1EtuD3L9mnOnkctLqdvcllNeDo92m8s5zL/66ivExsbCz8/P6huR6XpydZkya9Ysqc5Tp04hNjYW
AO08ZwYXlZWViIqKwvDhwxEXF4f29nb8/PPPiuuhnMPs2FaGUrc55YYODQ2Ft7c3vLy84OPjg3Hj
xkmvqTl3Ub7BwcEICAjAwoUL0djYKKyH6tecuzxUXkrd5kqXBzzYbU45zDMyMpCSkgKDwWB2xiI6
k5E7s0lJSUFlZSWA+wNBSkoKANp5zgxObt++jeeffx4ZGRl46KGHHKpDzjnMjm3lKHGbU27o4uJi
pKamQqfTYcmSJWbyC7XnLpdvR0cHmpqacOnSJUyYMEESWFFQ/Zpzl4fKS6nb3BEX+qDYgGwVAAAJ
DklEQVRwm1OXyDcI3OaUw1yr1eLGjRt49NFHZd/LlivdyJ07dzBx4kTU1tZi1qxZ+Prrr+Hn50c6
z5nBx4ULF5CSkoIFCxagoKAA3t6/nl8qlfNYOofZsS2G+tz2us0pN/SUKVNQWFiIhIQEVFdXIy8v
D+fOnePc/4ko3+7ubgQFBaGtrY1cn+rXnLs8VF5K3ea2lreVs0e5zSmHeWRkJCorK/HTTz9ZrfPw
ww/bvGxkRKvVIjExEYsWLcKcOXOky1CU85wZXFRWViI3Nxfl5eXYuHGj2cCtBMo5zI5tZSh1m1Nu
aIPBIP3bx8cHLS0tA9NgD8NWvj/88AOKi4sRHR0trIfq15y7PFReSt3mSpd3Ni51m1MO89LSUmRn
Z+O1115DX1+f2UF12bJlmDp1Krq7u6VyufvixtcWL16MZ599Fhs3bpSWoZznzOAiKysLAJCYmCiV
tbS0IDAwUPq35fZW4hxm5KH2J6Vuc8oNvXPnTrz00ktoampCSEiI9MSt2qHyNW6DRx55BDNnzjS7
XaHk2xrnrgylbnNqedH45EwGtducYRiGYZhfYbc5wzAMw3goHm1YYxiGYRg1woM3wzAMw3gYbhm8
3aXjU6sGkGEYhhlauMVtPpD3zNmF7rmIXMymf8LCwoT1UI50dj3LQzm2lbrN7dl+pqg9d1subUv3
ttJ6jh49iqioKPj7++Opp57C1atXAXDuVC5K3eaiOQFccZxx+GnzjKLfyL625+V/uHWQVJtwYCgR
HByMiooKxMXF4cyZM0hLS0NTU5PZMitXrsSIESNQUFBA1pOSkoLVq1fjN7/5DY4cOYLVq1fj2rVr
ZP0ajQaRkZH48ssvMW3aNNTX16uqDy1ZsgRr1qzBuHHj8OmnnyI3Nxf/+Mc/yHIKW9tPTlKh5tzz
8/Nx+vRp7N27FxEREWa/E7548SL+8Ic/SG4KR+oJCwtDRUWFpI3et28fDhw4oPrcqVxE20OEZb8e
6OOMWyQtAO0pLy0tRWhoKEJCQiRpO7vQ1YXIxQzclyscOnRI0upSUI50dj3LQzm2lbrNbW0/OdSc
O+XGFjn4ldQDmItDvvjiC+nvas4dkM/FEVe5HK46zrh88KbONIYNG4bLly9j79690rcqdqGrC5GL
GQD27duHefPmYcyYMXbVZ+lIZ9czDeUwV+I2t7X95FBz7pQbW+TgV1JPUVERMjIyEBwcjM8//9zM
LKnm3KlcHHGVy+Gq44xbLpvLXT67c+cOhg0bZvY6u9DVBeViBoDe3l5MnDgR7733HqZMmWKzLjlH
OruexVCObXvd5qLtBwyc69lTodzYlHtbaT2m1NTUID09HZcvX1Z97qaY5qLUbW7EMr+BPs647bI5
hXHgNoVd6OpC5GL+6KOPEBwcbNfATTnS2fUsD+XYVuo253yVQbmxlTr4RY7t/v5+1NfXY9WqVUhK
SnJGs4cEcrk4y1Xuqv3ApW5zpc5XdqGrC5GLuaSkBCtWrLBaR+7slXKks+tZHsqxrdRtTuXrKtez
pyFyaVM44tjW6/VISkrCunXrnP8hPBAqF6Vuc6pfu+o4w25zhmEYhvEQ2G3OMAzDMB7KoLnnzTAM
wzCMffDgzTAMwzAeBg/eDMN4PINV8cnzODADBQ/eDMNIOPOgP9gGkIFsjyNzPAym+qn5AJS+J1UP
Va60nuvXr2P27NnQ6XSYPXu2lT7ZEpF/XM5v7qz2UO+rtP0iePBmGIZ5QCx/lz0QD/Ua6x2I+j/5
5BO8//77aG5uRk5ODhYvXiz7vo7WI6pfST1r165FbGwsbty4gdjYWOTn5wvrodq9fPlylJSUoKWl
BatWrcKaNWuc2h7qfZW2XwQP3gzD2ISaZ2DPnj2IioqS5hkwnV/AdD176pf7t0ajQX5+PvR6PaZO
nYq6ujoAQF1dHaZNmwa9Xm92AKTaSbVHNI+Bs77dUvM2iD6/vYjav379eowePdosNwpqPgDg/kQb
AQEBWLhwoU0BFlWPqH65z04tX1NTg+zsbAwfPhzZ2dmorq6W1lGaIeV9V/K5RO2RQ+nyInjwZhjG
JtQ8Axs2bEBaWhrOnj2L27dvW1nBnPEtcfz48WhsbERubq40z0BmZiZWrFiBxsZGhIeH22wn1R7R
PAbO+nYrN2+DI8hdwha1Pzw8HA0NDcjNzZXERbawnA+go6MDTU1NuHTpEiZMmCBJs5TWIyoX5Wy5
/N27dzFq1CjMnTsXOp0Od+/elZZVsr1E3ncln0vUHjmULi/CIUkLwzBDE8q3TM0zcPz4cezduxdX
rlyBwWBATk4O8vLyhHXZet/e3l5otVp0dHRAo9GgtbUVvr6+6OrqwtixY9HW1gatVovm5mb4+vqi
s7MTAQEBwvkQqPY4ex4De+dtoD6vvfXaaj+Vmwi5+QBM6e7uRlBQkMP12KrfnnrCwsJw7tw56PV6
tLa2YsaMGbh27ZqwHkDcF0395s5uj+X7Otp+Uwad25xhmMELNc/AM888g8OHD+P8+fM4ePCgmVJS
yTwDOp0OJ0+eRHd3NyoqKsxeO3z4MLq6ulBVVSV9yYiIiEBVVRW6urpw6NAhm+2k2uOKeQzk5m0Q
fV4liNpvmltERISwHmo+ACM//PADiouLER0d7VA9tuq3t564uDjs3r0bPT09KC0tRUJCgrAeEUq8
785qjzPbz4M3wzBmyF2eNc4z8Pjjj+Obb76xWlar1SIrKwtbtmyRXjPOM2DPvcgNGzYgNTUVERER
+OWXX8xeq6+vR2hoKN5++22UlJQAuD/t4ttvv43Q0FB899130rJUO6n2lJWVobi4GCEhIVb3wwfy
6XTR51WCqP2mue3atUtYT1ZWFurq6pCYmCjV8+OPP0p/HzduHKqrq21OC0vVQ5UD8jlTy2/ZsgXV
1dUYM2YMzpw5g82bN0vryNVj+RyG6d9HjBiBp59+GvHx8Ta970rbQ72vqP1K4cvmDMMMWtQ8XSXD
yMGXzRmGYRjGQ+HBm2GYQQt/62YYeXjwZhiGYRgPgwdvhmEYhvEwePBmGIZhGA+DB2+GYRiG8TB4
8GYYhmEYD8Prf/7nf/rv3btnJjpgGIZhGGbw4s0DN8MwDMN4Fv8Ppuhydsa4/F8AAAAASUVORK5C
YII=

--Boundary-00=_MF7hLxZ6iiOP8lf
Content-Type: text/x-log;
  charset="us-ascii";
  name="kern.log"
Content-Transfer-Encoding: 7bit
Content-Disposition: inline;
	filename="kern.log"

Feb 23 19:26:05 thorin kernel: klogd 1.5.0#5, log source = /proc/kmsg started.
Feb 23 19:26:05 thorin kernel: Linux version 2.6.33-rc7 (fjp@aragorn) (gcc version 4.1.3 20080704 (prerelease) (Debian 4.1.2-25)) #3 Tue Feb 9 23:12:53 CET
 2010
Feb 23 19:26:05 thorin kernel: CPU: Feroceon [41069260] revision 0 (ARMv5TEJ), cr=a0053177
Feb 23 19:26:05 thorin kernel: CPU: VIVT data cache, VIVT instruction cache
Feb 23 19:26:05 thorin kernel: Machine: QNAP TS-109/TS-209
Feb 23 19:26:05 thorin kernel: Clearing invalid memory bank 0KB@0xffffffff
Feb 23 19:26:05 thorin last message repeated 2 times
Feb 23 19:26:05 thorin kernel: Ignoring unrecognised tag 0x00000000
Feb 23 19:26:05 thorin last message repeated 2 times
Feb 23 19:26:05 thorin kernel: Ignoring unrecognised tag 0x41000403
Feb 23 19:26:05 thorin kernel: Memory policy: ECC disabled, Data cache writeback
Feb 23 19:26:05 thorin kernel: On node 0 totalpages: 32768
Feb 23 19:26:05 thorin kernel: free_area_init_node: node 0, pgdat c03647d4, node_mem_map c0398000
Feb 23 19:26:05 thorin kernel:   Normal zone: 256 pages used for memmap
Feb 23 19:26:05 thorin kernel:   Normal zone: 0 pages reserved
Feb 23 19:26:05 thorin kernel:   Normal zone: 32512 pages, LIFO batch:7
Feb 23 19:26:05 thorin kernel: Built 1 zonelists in Zone order, mobility grouping on.  Total pages: 32512
Feb 23 19:26:05 thorin kernel: Kernel command line: console=ttyS0,115200n8 root=/dev/sda2 ro
Feb 23 19:26:05 thorin kernel: PID hash table entries: 512 (order: -1, 2048 bytes)
Feb 23 19:26:05 thorin kernel: Dentry cache hash table entries: 16384 (order: 4, 65536 bytes)
Feb 23 19:26:05 thorin kernel: Inode-cache hash table entries: 8192 (order: 3, 32768 bytes)
Feb 23 19:26:05 thorin kernel: Memory: 128MB = 128MB total
Feb 23 19:26:05 thorin kernel: Memory: 126108KB available (3092K code, 336K data, 108K init, 0K highmem)
Feb 23 19:26:05 thorin kernel: NR_IRQS:64
[...]
Feb 23 19:59:00 thorin kernel: udev: starting version 151
Feb 23 21:11:20 thorin kernel: eth1: no IPv6 routers present
Feb 23 21:22:51 thorin kernel: aptitude: page allocation failure. order:1, mode:0x20
Feb 23 21:22:51 thorin kernel: [<c0029bcc>] (unwind_backtrace+0x0/0xd4) from [<c007ca18>] (__alloc_pages_nodemask+0x4ac/0x510)
Feb 23 21:22:51 thorin kernel: [<c007ca18>] (__alloc_pages_nodemask+0x4ac/0x510) from [<c0099f84>] (cache_alloc_refill+0x260/0x52c)
Feb 23 21:22:51 thorin kernel: [<c0099f84>] (cache_alloc_refill+0x260/0x52c) from [<c009a2e0>] (__kmalloc+0x90/0xd4)
Feb 23 21:22:51 thorin kernel: [<c009a2e0>] (__kmalloc+0x90/0xd4) from [<c0165640>] (tty_buffer_request_room+0x88/0x128)
Feb 23 21:22:51 thorin kernel: [<c0165640>] (tty_buffer_request_room+0x88/0x128) from [<c0165838>] (tty_insert_flip_string+0x24/0x84)
Feb 23 21:22:51 thorin kernel: [<c0165838>] (tty_insert_flip_string+0x24/0x84) from [<c016652c>] (pty_write+0x30/0x50)
Feb 23 21:22:51 thorin kernel: [<c016652c>] (pty_write+0x30/0x50) from [<c0161d84>] (n_tty_write+0x234/0x394)
Feb 23 21:22:51 thorin kernel: [<c0161d84>] (n_tty_write+0x234/0x394) from [<c015f594>] (tty_write+0x190/0x234)
Feb 23 21:22:51 thorin kernel: [<c015f594>] (tty_write+0x190/0x234) from [<c009d9e0>] (vfs_write+0xb0/0x1a4)
Feb 23 21:22:51 thorin kernel: [<c009d9e0>] (vfs_write+0xb0/0x1a4) from [<c009dfa8>] (sys_write+0x3c/0x68)
Feb 23 21:22:51 thorin kernel: [<c009dfa8>] (sys_write+0x3c/0x68) from [<c0023e00>] (ret_fast_syscall+0x0/0x28)
Feb 23 21:22:51 thorin kernel: Mem-info:
Feb 23 21:22:51 thorin kernel: Normal per-cpu:
Feb 23 21:22:51 thorin kernel: CPU    0: hi:   42, btch:   7 usd:  29
Feb 23 21:22:51 thorin kernel: active_anon:2455 inactive_anon:2471 isolated_anon:0
Feb 23 21:22:51 thorin kernel:  active_file:16088 inactive_file:7021 isolated_file:0
Feb 23 21:22:51 thorin kernel:  unevictable:0 dirty:14 writeback:0 unstable:0
Feb 23 21:22:51 thorin kernel:  free:555 slab_reclaimable:1371 slab_unreclaimable:746
Feb 23 21:22:51 thorin kernel:  mapped:4960 shmem:40 pagetables:102 bounce:0
Feb 23 21:22:51 thorin kernel: Normal free:2220kB min:1440kB low:1800kB high:2160kB active_anon:9820kB inactive_anon:9884kB active_file:64352kB inactive_file:28084kB unevictable:0kB isolated(anon):0kB isolated(file):0kB present:130048kB mlocked:0kB dirty:56kB writeback:0kB mapped:19840kB shmem:160kB slab_reclaimable:5484kB slab_unreclaimable:2984kB kernel_stack:520kB pagetables:408kB unstable:0kB bounce:0kB writeback_tmp:0kB pages_scanned:0 all_unreclaimable? no
Feb 23 21:22:51 thorin kernel: lowmem_reserve[]: 0 0
Feb 23 21:22:51 thorin kernel: Normal: 493*4kB 25*8kB 3*16kB 0*32kB 0*64kB 0*128kB 0*256kB 0*512kB 0*1024kB 0*2048kB 0*4096kB = 2220kB
Feb 23 21:22:51 thorin kernel: 23343 total pagecache pages
Feb 23 21:22:51 thorin kernel: 192 pages in swap cache
Feb 23 21:22:51 thorin kernel: Swap cache stats: add 1968, delete 1776, find 3892/4052
Feb 23 21:22:51 thorin kernel: Free swap  = 978920kB
Feb 23 21:22:51 thorin kernel: Total swap = 979924kB
Feb 23 21:22:51 thorin kernel: 32768 pages of RAM
Feb 23 21:22:51 thorin kernel: 709 free pages
Feb 23 21:22:51 thorin kernel: 1173 reserved pages
Feb 23 21:22:52 thorin kernel: 2117 slab pages
Feb 23 21:22:52 thorin kernel: 13703 pages shared
Feb 23 21:22:52 thorin kernel: 192 pages swap cached

[...]

Feb 25 10:13:49 thorin kernel: vi: page allocation failure. order:1, mode:0x20
Feb 25 10:13:49 thorin kernel: [<c0029bcc>] (unwind_backtrace+0x0/0xd4) from [<c007ca18>] (__alloc_pages_nodemask+0x4ac/0x510)
Feb 25 10:13:49 thorin kernel: [<c007ca18>] (__alloc_pages_nodemask+0x4ac/0x510) from [<c0099f84>] (cache_alloc_refill+0x260/0x52c)
Feb 25 10:13:49 thorin kernel: [<c0099f84>] (cache_alloc_refill+0x260/0x52c) from [<c009a2e0>] (__kmalloc+0x90/0xd4)
Feb 25 10:13:49 thorin kernel: [<c009a2e0>] (__kmalloc+0x90/0xd4) from [<c0165640>] (tty_buffer_request_room+0x88/0x128)
Feb 25 10:13:49 thorin kernel: [<c0165640>] (tty_buffer_request_room+0x88/0x128) from [<c0165838>] (tty_insert_flip_string+0x24/0x84)
Feb 25 10:13:49 thorin kernel: [<c0165838>] (tty_insert_flip_string+0x24/0x84) from [<c016652c>] (pty_write+0x30/0x50)
Feb 25 10:13:49 thorin kernel: [<c016652c>] (pty_write+0x30/0x50) from [<c0161d84>] (n_tty_write+0x234/0x394)
Feb 25 10:13:49 thorin kernel: [<c0161d84>] (n_tty_write+0x234/0x394) from [<c015f594>] (tty_write+0x190/0x234)
Feb 25 10:13:50 thorin kernel: [<c015f594>] (tty_write+0x190/0x234) from [<c009d9e0>] (vfs_write+0xb0/0x1a4)
Feb 25 10:13:50 thorin kernel: [<c009d9e0>] (vfs_write+0xb0/0x1a4) from [<c009dfa8>] (sys_write+0x3c/0x68)
Feb 25 10:13:50 thorin kernel: [<c009dfa8>] (sys_write+0x3c/0x68) from [<c0023e00>] (ret_fast_syscall+0x0/0x28)
Feb 25 10:13:50 thorin kernel: Mem-info:
Feb 25 10:13:50 thorin kernel: Normal per-cpu:
Feb 25 10:13:50 thorin kernel: CPU    0: hi:   42, btch:   7 usd:  29
Feb 25 10:13:50 thorin kernel: active_anon:2050 inactive_anon:3256 isolated_anon:0
Feb 25 10:13:50 thorin kernel:  active_file:8592 inactive_file:13135 isolated_file:0
Feb 25 10:13:50 thorin kernel:  unevictable:0 dirty:0 writeback:0 unstable:0
Feb 25 10:13:50 thorin kernel:  free:1108 slab_reclaimable:1679 slab_unreclaimable:817
Feb 25 10:13:50 thorin kernel:  mapped:1820 shmem:11 pagetables:103 bounce:0
Feb 25 10:13:50 thorin kernel: Normal free:4432kB min:1440kB low:1800kB high:2160kB active_anon:8200kB inactive_anon:13024kB active_file:34368kB inactive_file:52540kB unevictable:0kB isolated(anon):0kB isolated(file):0kB present:130048kB mlocked:0kB dirty:0kB writeback:0kB mapped:7280kB shmem:44kB slab_reclaimable:6716kB slab_unreclaimable:3268kB kernel_stack:536kB pagetables:412kB unstable:0kB bounce:0kB writeback_tmp:0kB pages_scanned:0 all_unreclaimable? no
Feb 25 10:13:50 thorin kernel: lowmem_reserve[]: 0 0
Feb 25 10:13:50 thorin kernel: Normal: 1090*4kB 1*8kB 2*16kB 1*32kB 0*64kB 0*128kB 0*256kB 0*512kB 0*1024kB 0*2048kB 0*4096kB = 4432kB
Feb 25 10:13:50 thorin kernel: 22295 total pagecache pages
Feb 25 10:13:50 thorin kernel: 557 pages in swap cache
Feb 25 10:13:50 thorin kernel: Swap cache stats: add 5949, delete 5392, find 187590/188102
Feb 25 10:13:50 thorin kernel: Free swap  = 976688kB
Feb 25 10:13:50 thorin kernel: Total swap = 979924kB
Feb 25 10:13:50 thorin kernel: 32768 pages of RAM
Feb 25 10:13:50 thorin kernel: 1272 free pages
Feb 25 10:13:50 thorin kernel: 1173 reserved pages
Feb 25 10:13:50 thorin kernel: 2496 slab pages
Feb 25 10:13:50 thorin kernel: 17329 pages shared
Feb 25 10:13:50 thorin kernel: 557 pages swap cached
Feb 25 10:13:50 thorin kernel: vi: page allocation failure. order:1, mode:0x20
Feb 25 10:13:50 thorin kernel: [<c0029bcc>] (unwind_backtrace+0x0/0xd4) from [<c007ca18>] (__alloc_pages_nodemask+0x4ac/0x510)
Feb 25 10:13:50 thorin kernel: [<c007ca18>] (__alloc_pages_nodemask+0x4ac/0x510) from [<c0099f84>] (cache_alloc_refill+0x260/0x52c)
Feb 25 10:13:50 thorin kernel: [<c0099f84>] (cache_alloc_refill+0x260/0x52c) from [<c009a2e0>] (__kmalloc+0x90/0xd4)
Feb 25 10:13:50 thorin kernel: [<c009a2e0>] (__kmalloc+0x90/0xd4) from [<c0165640>] (tty_buffer_request_room+0x88/0x128)
Feb 25 10:13:50 thorin kernel: [<c0165640>] (tty_buffer_request_room+0x88/0x128) from [<c0165838>] (tty_insert_flip_string+0x24/0x84)
Feb 25 10:13:50 thorin kernel: [<c0165838>] (tty_insert_flip_string+0x24/0x84) from [<c016652c>] (pty_write+0x30/0x50)
Feb 25 10:13:50 thorin kernel: [<c016652c>] (pty_write+0x30/0x50) from [<c0161d84>] (n_tty_write+0x234/0x394)
Feb 25 10:13:50 thorin kernel: [<c0161d84>] (n_tty_write+0x234/0x394) from [<c015f594>] (tty_write+0x190/0x234)
Feb 25 10:13:50 thorin kernel: [<c015f594>] (tty_write+0x190/0x234) from [<c009d9e0>] (vfs_write+0xb0/0x1a4)
Feb 25 10:13:50 thorin kernel: [<c009d9e0>] (vfs_write+0xb0/0x1a4) from [<c009dfa8>] (sys_write+0x3c/0x68)
Feb 25 10:13:50 thorin kernel: [<c009dfa8>] (sys_write+0x3c/0x68) from [<c0023e00>] (ret_fast_syscall+0x0/0x28)
Feb 25 10:13:50 thorin kernel: Mem-info:
Feb 25 10:13:50 thorin kernel: Normal per-cpu:
Feb 25 10:13:50 thorin kernel: CPU    0: hi:   42, btch:   7 usd:  29
Feb 25 10:13:50 thorin kernel: active_anon:2050 inactive_anon:3256 isolated_anon:0
Feb 25 10:13:50 thorin kernel:  active_file:8592 inactive_file:13135 isolated_file:0
Feb 25 10:13:50 thorin kernel:  unevictable:0 dirty:0 writeback:0 unstable:0
Feb 25 10:13:50 thorin kernel:  free:1108 slab_reclaimable:1679 slab_unreclaimable:817
Feb 25 10:13:50 thorin kernel:  mapped:1820 shmem:11 pagetables:103 bounce:0
Feb 25 10:13:50 thorin kernel: Normal free:4432kB min:1440kB low:1800kB high:2160kB active_anon:8200kB inactive_anon:13024kB active_file:34368kB inactive_file:52540kB unevictable:0kB isolated(anon):0kB isolated(file):0kB present:130048kB mlocked:0kB dirty:0kB writeback:0kB mapped:7280kB shmem:44kB slab_reclaimable:6716kB slab_unreclaimable:3268kB kernel_stack:536kB pagetables:412kB unstable:0kB bounce:0kB writeback_tmp:0kB pages_scanned:0 all_unreclaimable? no
Feb 25 10:13:50 thorin kernel: lowmem_reserve[]: 0 0
Feb 25 10:13:50 thorin kernel: Normal: 1090*4kB 1*8kB 2*16kB 1*32kB 0*64kB 0*128kB 0*256kB 0*512kB 0*1024kB 0*2048kB 0*4096kB = 4432kB
Feb 25 10:13:50 thorin kernel: 22295 total pagecache pages
Feb 25 10:13:50 thorin kernel: 557 pages in swap cache
Feb 25 10:13:50 thorin kernel: Swap cache stats: add 5949, delete 5392, find 187590/188102
Feb 25 10:13:50 thorin kernel: Free swap  = 976688kB
Feb 25 10:13:50 thorin kernel: Total swap = 979924kB
Feb 25 10:13:50 thorin kernel: 32768 pages of RAM
Feb 25 10:13:50 thorin kernel: 1272 free pages
Feb 25 10:13:50 thorin kernel: 1173 reserved pages
Feb 25 10:13:50 thorin kernel: 2496 slab pages
Feb 25 10:13:50 thorin kernel: 17329 pages shared
Feb 25 10:13:50 thorin kernel: 557 pages swap cached
Feb 25 10:13:50 thorin kernel: vi: page allocation failure. order:1, mode:0x20
Feb 25 10:13:50 thorin kernel: [<c0029bcc>] (unwind_backtrace+0x0/0xd4) from [<c007ca18>] (__alloc_pages_nodemask+0x4ac/0x510)
Feb 25 10:13:50 thorin kernel: [<c007ca18>] (__alloc_pages_nodemask+0x4ac/0x510) from [<c0099f84>] (cache_alloc_refill+0x260/0x52c)
Feb 25 10:13:50 thorin kernel: [<c0099f84>] (cache_alloc_refill+0x260/0x52c) from [<c009a2e0>] (__kmalloc+0x90/0xd4)
Feb 25 10:13:50 thorin kernel: [<c009a2e0>] (__kmalloc+0x90/0xd4) from [<c0165640>] (tty_buffer_request_room+0x88/0x128)
Feb 25 10:13:50 thorin kernel: [<c0165640>] (tty_buffer_request_room+0x88/0x128) from [<c0165838>] (tty_insert_flip_string+0x24/0x84)
Feb 25 10:13:50 thorin kernel: [<c0165838>] (tty_insert_flip_string+0x24/0x84) from [<c016652c>] (pty_write+0x30/0x50)
Feb 25 10:13:50 thorin kernel: [<c016652c>] (pty_write+0x30/0x50) from [<c0161d84>] (n_tty_write+0x234/0x394)
Feb 25 10:13:50 thorin kernel: [<c0161d84>] (n_tty_write+0x234/0x394) from [<c015f594>] (tty_write+0x190/0x234)
Feb 25 10:13:50 thorin kernel: [<c015f594>] (tty_write+0x190/0x234) from [<c009d9e0>] (vfs_write+0xb0/0x1a4)
Feb 25 10:13:50 thorin kernel: [<c009d9e0>] (vfs_write+0xb0/0x1a4) from [<c009dfa8>] (sys_write+0x3c/0x68)
Feb 25 10:13:50 thorin kernel: [<c009dfa8>] (sys_write+0x3c/0x68) from [<c0023e00>] (ret_fast_syscall+0x0/0x28)
Feb 25 10:13:50 thorin kernel: Mem-info:
Feb 25 10:13:50 thorin kernel: Normal per-cpu:
Feb 25 10:13:50 thorin kernel: CPU    0: hi:   42, btch:   7 usd:  29
Feb 25 10:13:50 thorin kernel: active_anon:2050 inactive_anon:3256 isolated_anon:0
Feb 25 10:13:50 thorin kernel:  active_file:8592 inactive_file:13135 isolated_file:0
Feb 25 10:13:50 thorin kernel:  unevictable:0 dirty:0 writeback:0 unstable:0
Feb 25 10:13:50 thorin kernel:  free:1108 slab_reclaimable:1679 slab_unreclaimable:817
Feb 25 10:13:50 thorin kernel:  mapped:1820 shmem:11 pagetables:103 bounce:0
Feb 25 10:13:50 thorin kernel: Normal free:4432kB min:1440kB low:1800kB high:2160kB active_anon:8200kB inactive_anon:13024kB active_file:34368kB inactive_file:52540kB unevictable:0kB isolated(anon):0kB isolated(file):0kB present:130048kB mlocked:0kB dirty:0kB writeback:0kB mapped:7280kB shmem:44kB slab_reclaimable:6716kB slab_unreclaimable:3268kB kernel_stack:536kB pagetables:412kB unstable:0kB bounce:0kB writeback_tmp:0kB pages_scanned:0 all_unreclaimable? no
Feb 25 10:13:50 thorin kernel: lowmem_reserve[]: 0 0
Feb 25 10:13:50 thorin kernel: Normal: 1090*4kB 1*8kB 2*16kB 1*32kB 0*64kB 0*128kB 0*256kB 0*512kB 0*1024kB 0*2048kB 0*4096kB = 4432kB
Feb 25 10:13:50 thorin kernel: 22295 total pagecache pages
Feb 25 10:13:50 thorin kernel: 557 pages in swap cache
Feb 25 10:13:50 thorin kernel: Swap cache stats: add 5949, delete 5392, find 187590/188102
Feb 25 10:13:50 thorin kernel: Free swap  = 976688kB
Feb 25 10:13:50 thorin kernel: Total swap = 979924kB
Feb 25 10:13:50 thorin kernel: 32768 pages of RAM
Feb 25 10:13:50 thorin kernel: 1272 free pages
Feb 25 10:13:50 thorin kernel: 1173 reserved pages
Feb 25 10:13:50 thorin kernel: 2496 slab pages
Feb 25 10:13:50 thorin kernel: 17329 pages shared
Feb 25 10:13:50 thorin kernel: 557 pages swap cached
Feb 25 10:23:14 thorin kernel: sshd: page allocation failure. order:1, mode:0x20
Feb 25 10:23:14 thorin kernel: [<c0029bcc>] (unwind_backtrace+0x0/0xd4) from [<c007ca18>] (__alloc_pages_nodemask+0x4ac/0x510)
Feb 25 10:23:14 thorin kernel: [<c007ca18>] (__alloc_pages_nodemask+0x4ac/0x510) from [<c0099f84>] (cache_alloc_refill+0x260/0x52c)
Feb 25 10:23:14 thorin kernel: [<c0099f84>] (cache_alloc_refill+0x260/0x52c) from [<c009a378>] (kmem_cache_alloc+0x54/0x94)
Feb 25 10:23:14 thorin kernel: [<c009a378>] (kmem_cache_alloc+0x54/0x94) from [<c01db500>] (sk_prot_alloc+0x28/0xfc)
Feb 25 10:23:14 thorin kernel: [<c01db500>] (sk_prot_alloc+0x28/0xfc) from [<c01dbb88>] (sk_clone+0x18/0x1e0)
Feb 25 10:23:14 thorin kernel: [<c01dbb88>] (sk_clone+0x18/0x1e0) from [<c0211608>] (inet_csk_clone+0x14/0x9c)
Feb 25 10:23:14 thorin kernel: [<c0211608>] (inet_csk_clone+0x14/0x9c) from [<c02258b4>] (tcp_create_openreq_child+0x1c/0x3b0)
Feb 25 10:23:14 thorin kernel: [<c02258b4>] (tcp_create_openreq_child+0x1c/0x3b0) from [<c0223df0>] (tcp_v4_syn_recv_sock+0x4c/0x17c)
Feb 25 10:23:14 thorin kernel: [<c0223df0>] (tcp_v4_syn_recv_sock+0x4c/0x17c) from [<c0225738>] (tcp_check_req+0x288/0x3e8)
Feb 25 10:23:14 thorin kernel: [<c0225738>] (tcp_check_req+0x288/0x3e8) from [<c02232a0>] (tcp_v4_do_rcv+0xa4/0x1c4)
Feb 25 10:23:14 thorin kernel: [<c02232a0>] (tcp_v4_do_rcv+0xa4/0x1c4) from [<c0225138>] (tcp_v4_rcv+0x4cc/0x788)
Feb 25 10:23:14 thorin kernel: [<c0225138>] (tcp_v4_rcv+0x4cc/0x788) from [<c0208308>] (ip_local_deliver_finish+0x158/0x220)
Feb 25 10:23:14 thorin kernel: [<c0208308>] (ip_local_deliver_finish+0x158/0x220) from [<c020818c>] (ip_rcv_finish+0x380/0x3a4)
Feb 25 10:23:14 thorin kernel: [<c020818c>] (ip_rcv_finish+0x380/0x3a4) from [<c01e6914>] (netif_receive_skb+0x494/0x4e4)
Feb 25 10:23:14 thorin kernel: [<c01e6914>] (netif_receive_skb+0x494/0x4e4) from [<bf022e78>] (mv643xx_eth_poll+0x458/0x5d0 [mv643xx_eth])
Feb 25 10:23:14 thorin kernel: [<bf022e78>] (mv643xx_eth_poll+0x458/0x5d0 [mv643xx_eth]) from [<c01e963c>] (net_rx_action+0x78/0x184)
Feb 25 10:23:14 thorin kernel: [<c01e963c>] (net_rx_action+0x78/0x184) from [<c0044258>] (__do_softirq+0x78/0x10c)
Feb 25 10:23:14 thorin kernel: [<c0044258>] (__do_softirq+0x78/0x10c) from [<c0023074>] (asm_do_IRQ+0x74/0x94)
Feb 25 10:23:14 thorin kernel: [<c0023074>] (asm_do_IRQ+0x74/0x94) from [<c0023c20>] (__irq_usr+0x40/0x80)
Feb 25 10:23:14 thorin kernel: Exception stack(0xc22ebfb0 to 0xc22ebff8)
Feb 25 10:23:14 thorin kernel: bfa0:                                     0b08609e 2a07f1b8 3ea285e7 4016a094
Feb 25 10:23:14 thorin kernel: bfc0: f141ed11 4016a30c d81533a7 4016a30c 4016a258 4016a430 00000011 6dc729a1
Feb 25 10:23:14 thorin kernel: bfe0: 71a5db23 bee60c88 400cc1dc 400cbe38 20000010 ffffffff
Feb 25 10:23:14 thorin kernel: Mem-info:
Feb 25 10:23:14 thorin kernel: Normal per-cpu:
Feb 25 10:23:14 thorin kernel: CPU    0: hi:   42, btch:   7 usd:  18
Feb 25 10:23:14 thorin kernel: active_anon:2646 inactive_anon:3510 isolated_anon:0
Feb 25 10:23:14 thorin kernel:  active_file:4422 inactive_file:17658 isolated_file:0
Feb 25 10:23:14 thorin kernel:  unevictable:0 dirty:700 writeback:0 unstable:0
Feb 25 10:23:14 thorin kernel:  free:496 slab_reclaimable:962 slab_unreclaimable:895
Feb 25 10:23:14 thorin kernel:  mapped:1512 shmem:11 pagetables:138 bounce:0
Feb 25 10:23:14 thorin kernel: Normal free:1984kB min:1440kB low:1800kB high:2160kB active_anon:10584kB inactive_anon:14040kB active_file:17688kB inactive_file:70632kB unevictable:0kB isolated(anon):0kB isolated(file):0kB present:130048kB mlocked:0kB dirty:2800kB writeback:0kB mapped:6048kB shmem:44kB slab_reclaimable:3848kB slab_unreclaimable:3580kB kernel_stack:552kB pagetables:552kB unstable:0kB bounce:0kB writeback_tmp:0kB pages_scanned:0 all_unreclaimable? no
Feb 25 10:23:14 thorin kernel: lowmem_reserve[]: 0 0
Feb 25 10:23:14 thorin kernel: Normal: 462*4kB 3*8kB 5*16kB 1*32kB 0*64kB 0*128kB 0*256kB 0*512kB 0*1024kB 0*2048kB 0*4096kB = 1984kB
Feb 25 10:23:14 thorin kernel: 23048 total pagecache pages
Feb 25 10:23:14 thorin kernel: 956 pages in swap cache
Feb 25 10:23:14 thorin kernel: Swap cache stats: add 6902, delete 5946, find 190630/191220
Feb 25 10:23:14 thorin kernel: Free swap  = 974116kB
Feb 25 10:23:14 thorin kernel: Total swap = 979924kB
Feb 25 10:23:14 thorin kernel: 32768 pages of RAM
Feb 25 10:23:14 thorin kernel: 660 free pages
Feb 25 10:23:14 thorin kernel: 1173 reserved pages
Feb 25 10:23:14 thorin kernel: 1857 slab pages
Feb 25 10:23:14 thorin kernel: 23999 pages shared
Feb 25 10:23:14 thorin kernel: 956 pages swap cached
Feb 25 10:23:14 thorin kernel: sshd: page allocation failure. order:1, mode:0x20
Feb 25 10:23:14 thorin kernel: [<c0029bcc>] (unwind_backtrace+0x0/0xd4) from [<c007ca18>] (__alloc_pages_nodemask+0x4ac/0x510)
Feb 25 10:23:14 thorin kernel: [<c007ca18>] (__alloc_pages_nodemask+0x4ac/0x510) from [<c0099f84>] (cache_alloc_refill+0x260/0x52c)
Feb 25 10:23:14 thorin kernel: [<c0099f84>] (cache_alloc_refill+0x260/0x52c) from [<c009a378>] (kmem_cache_alloc+0x54/0x94)
Feb 25 10:23:14 thorin kernel: [<c009a378>] (kmem_cache_alloc+0x54/0x94) from [<c01db500>] (sk_prot_alloc+0x28/0xfc)
Feb 25 10:23:14 thorin kernel: [<c01db500>] (sk_prot_alloc+0x28/0xfc) from [<c01dbb88>] (sk_clone+0x18/0x1e0)
Feb 25 10:23:14 thorin kernel: [<c01dbb88>] (sk_clone+0x18/0x1e0) from [<c0211608>] (inet_csk_clone+0x14/0x9c)
Feb 25 10:23:14 thorin kernel: [<c0211608>] (inet_csk_clone+0x14/0x9c) from [<c02258b4>] (tcp_create_openreq_child+0x1c/0x3b0)
Feb 25 10:23:14 thorin kernel: [<c02258b4>] (tcp_create_openreq_child+0x1c/0x3b0) from [<c0223df0>] (tcp_v4_syn_recv_sock+0x4c/0x17c)
Feb 25 10:23:14 thorin kernel: [<c0223df0>] (tcp_v4_syn_recv_sock+0x4c/0x17c) from [<c0225738>] (tcp_check_req+0x288/0x3e8)
Feb 25 10:23:14 thorin kernel: [<c0225738>] (tcp_check_req+0x288/0x3e8) from [<c02232a0>] (tcp_v4_do_rcv+0xa4/0x1c4)
Feb 25 10:23:14 thorin kernel: [<c02232a0>] (tcp_v4_do_rcv+0xa4/0x1c4) from [<c0225138>] (tcp_v4_rcv+0x4cc/0x788)
Feb 25 10:23:14 thorin kernel: [<c0225138>] (tcp_v4_rcv+0x4cc/0x788) from [<c0208308>] (ip_local_deliver_finish+0x158/0x220)
Feb 25 10:23:14 thorin kernel: [<c0208308>] (ip_local_deliver_finish+0x158/0x220) from [<c020818c>] (ip_rcv_finish+0x380/0x3a4)
Feb 25 10:23:14 thorin kernel: [<c020818c>] (ip_rcv_finish+0x380/0x3a4) from [<c01e6914>] (netif_receive_skb+0x494/0x4e4)
Feb 25 10:23:14 thorin kernel: [<c01e6914>] (netif_receive_skb+0x494/0x4e4) from [<bf022e78>] (mv643xx_eth_poll+0x458/0x5d0 [mv643xx_eth])
Feb 25 10:23:14 thorin kernel: [<bf022e78>] (mv643xx_eth_poll+0x458/0x5d0 [mv643xx_eth]) from [<c01e963c>] (net_rx_action+0x78/0x184)
Feb 25 10:23:14 thorin kernel: [<c01e963c>] (net_rx_action+0x78/0x184) from [<c0044258>] (__do_softirq+0x78/0x10c)
Feb 25 10:23:14 thorin kernel: [<c0044258>] (__do_softirq+0x78/0x10c) from [<c0023074>] (asm_do_IRQ+0x74/0x94)
Feb 25 10:23:14 thorin kernel: [<c0023074>] (asm_do_IRQ+0x74/0x94) from [<c0023c20>] (__irq_usr+0x40/0x80)
Feb 25 10:23:14 thorin kernel: Exception stack(0xc22ebfb0 to 0xc22ebff8)
Feb 25 10:23:14 thorin kernel: bfa0:                                     0b08609e 2a07f1b8 3ea285e7 4016a094
Feb 25 10:23:14 thorin kernel: bfc0: f141ed11 4016a30c d81533a7 4016a30c 4016a258 4016a430 00000011 6dc729a1
Feb 25 10:23:14 thorin kernel: bfe0: 71a5db23 bee60c88 400cc1dc 400cbe38 20000010 ffffffff
Feb 25 10:23:14 thorin kernel: Mem-info:
Feb 25 10:23:14 thorin kernel: Normal per-cpu:
Feb 25 10:23:14 thorin kernel: CPU    0: hi:   42, btch:   7 usd:  18
Feb 25 10:23:14 thorin kernel: active_anon:2646 inactive_anon:3510 isolated_anon:0
Feb 25 10:23:14 thorin kernel:  active_file:4422 inactive_file:17658 isolated_file:0
Feb 25 10:23:14 thorin kernel:  unevictable:0 dirty:700 writeback:0 unstable:0
Feb 25 10:23:14 thorin kernel:  free:496 slab_reclaimable:962 slab_unreclaimable:895
Feb 25 10:23:14 thorin kernel:  mapped:1512 shmem:11 pagetables:138 bounce:0
Feb 25 10:23:14 thorin kernel: Normal free:1984kB min:1440kB low:1800kB high:2160kB active_anon:10584kB inactive_anon:14040kB active_file:17688kB inactive_file:70632kB unevictable:0kB isolated(anon):0kB isolated(file):0kB present:130048kB mlocked:0kB dirty:2800kB writeback:0kB mapped:6048kB shmem:44kB slab_reclaimable:3848kB slab_unreclaimable:3580kB kernel_stack:552kB pagetables:552kB unstable:0kB bounce:0kB writeback_tmp:0kB pages_scanned:0 all_unreclaimable? no
Feb 25 10:23:14 thorin kernel: lowmem_reserve[]: 0 0
Feb 25 10:23:14 thorin kernel: Normal: 462*4kB 3*8kB 5*16kB 1*32kB 0*64kB 0*128kB 0*256kB 0*512kB 0*1024kB 0*2048kB 0*4096kB = 1984kB
Feb 25 10:23:14 thorin kernel: 23048 total pagecache pages
Feb 25 10:23:14 thorin kernel: 956 pages in swap cache
Feb 25 10:23:14 thorin kernel: Swap cache stats: add 6902, delete 5946, find 190630/191220
Feb 25 10:23:14 thorin kernel: Free swap  = 974116kB
Feb 25 10:23:14 thorin kernel: Total swap = 979924kB
Feb 25 10:23:14 thorin kernel: 32768 pages of RAM
Feb 25 10:23:14 thorin kernel: 660 free pages
Feb 25 10:23:14 thorin kernel: 1173 reserved pages
Feb 25 10:23:14 thorin kernel: 1857 slab pages
Feb 25 10:23:14 thorin kernel: 23999 pages shared
Feb 25 10:23:14 thorin kernel: 956 pages swap cached
Feb 25 10:23:14 thorin kernel: sshd: page allocation failure. order:1, mode:0x20
Feb 25 10:23:14 thorin kernel: [<c0029bcc>] (unwind_backtrace+0x0/0xd4) from [<c007ca18>] (__alloc_pages_nodemask+0x4ac/0x510)
Feb 25 10:23:14 thorin kernel: [<c007ca18>] (__alloc_pages_nodemask+0x4ac/0x510) from [<c0099f84>] (cache_alloc_refill+0x260/0x52c)
Feb 25 10:23:14 thorin kernel: [<c0099f84>] (cache_alloc_refill+0x260/0x52c) from [<c009a378>] (kmem_cache_alloc+0x54/0x94)
Feb 25 10:23:14 thorin kernel: [<c009a378>] (kmem_cache_alloc+0x54/0x94) from [<c01db500>] (sk_prot_alloc+0x28/0xfc)
Feb 25 10:23:14 thorin kernel: [<c01db500>] (sk_prot_alloc+0x28/0xfc) from [<c01dbb88>] (sk_clone+0x18/0x1e0)
Feb 25 10:23:14 thorin kernel: [<c01dbb88>] (sk_clone+0x18/0x1e0) from [<c0211608>] (inet_csk_clone+0x14/0x9c)
Feb 25 10:23:14 thorin kernel: [<c0211608>] (inet_csk_clone+0x14/0x9c) from [<c02258b4>] (tcp_create_openreq_child+0x1c/0x3b0)
Feb 25 10:23:14 thorin kernel: [<c02258b4>] (tcp_create_openreq_child+0x1c/0x3b0) from [<c0223df0>] (tcp_v4_syn_recv_sock+0x4c/0x17c)
Feb 25 10:23:14 thorin kernel: [<c0223df0>] (tcp_v4_syn_recv_sock+0x4c/0x17c) from [<c0225738>] (tcp_check_req+0x288/0x3e8)
Feb 25 10:23:14 thorin kernel: [<c0225738>] (tcp_check_req+0x288/0x3e8) from [<c02232a0>] (tcp_v4_do_rcv+0xa4/0x1c4)
Feb 25 10:23:14 thorin kernel: [<c02232a0>] (tcp_v4_do_rcv+0xa4/0x1c4) from [<c0225138>] (tcp_v4_rcv+0x4cc/0x788)
Feb 25 10:23:14 thorin kernel: [<c0225138>] (tcp_v4_rcv+0x4cc/0x788) from [<c0208308>] (ip_local_deliver_finish+0x158/0x220)
Feb 25 10:23:14 thorin kernel: [<c0208308>] (ip_local_deliver_finish+0x158/0x220) from [<c020818c>] (ip_rcv_finish+0x380/0x3a4)
Feb 25 10:23:14 thorin kernel: [<c020818c>] (ip_rcv_finish+0x380/0x3a4) from [<c01e6914>] (netif_receive_skb+0x494/0x4e4)
Feb 25 10:23:14 thorin kernel: [<c01e6914>] (netif_receive_skb+0x494/0x4e4) from [<bf022e78>] (mv643xx_eth_poll+0x458/0x5d0 [mv643xx_eth])
Feb 25 10:23:14 thorin kernel: [<bf022e78>] (mv643xx_eth_poll+0x458/0x5d0 [mv643xx_eth]) from [<c01e963c>] (net_rx_action+0x78/0x184)
Feb 25 10:23:14 thorin kernel: [<c01e963c>] (net_rx_action+0x78/0x184) from [<c0044258>] (__do_softirq+0x78/0x10c)
Feb 25 10:23:14 thorin kernel: [<c0044258>] (__do_softirq+0x78/0x10c) from [<c0023074>] (asm_do_IRQ+0x74/0x94)
Feb 25 10:23:14 thorin kernel: [<c0023074>] (asm_do_IRQ+0x74/0x94) from [<c0023c20>] (__irq_usr+0x40/0x80)
Feb 25 10:23:14 thorin kernel: Exception stack(0xc22ebfb0 to 0xc22ebff8)
Feb 25 10:23:14 thorin kernel: bfa0:                                     0b08609e 2a07f1b8 3ea285e7 4016a094
Feb 25 10:23:14 thorin kernel: bfc0: f141ed11 4016a30c d81533a7 4016a30c 4016a258 4016a430 00000011 6dc729a1
Feb 25 10:23:14 thorin kernel: bfe0: 71a5db23 bee60c88 400cc1dc 400cbe38 20000010 ffffffff
Feb 25 10:23:14 thorin kernel: Mem-info:
Feb 25 10:23:14 thorin kernel: Normal per-cpu:
Feb 25 10:23:14 thorin kernel: CPU    0: hi:   42, btch:   7 usd:  18
Feb 25 10:23:14 thorin kernel: active_anon:2646 inactive_anon:3510 isolated_anon:0
Feb 25 10:23:14 thorin kernel:  active_file:4422 inactive_file:17658 isolated_file:0
Feb 25 10:23:14 thorin kernel:  unevictable:0 dirty:700 writeback:0 unstable:0
Feb 25 10:23:14 thorin kernel:  free:496 slab_reclaimable:962 slab_unreclaimable:895
Feb 25 10:23:14 thorin kernel:  mapped:1512 shmem:11 pagetables:138 bounce:0
Feb 25 10:23:14 thorin kernel: Normal free:1984kB min:1440kB low:1800kB high:2160kB active_anon:10584kB inactive_anon:14040kB active_file:17688kB inactive_file:70632kB unevictable:0kB isolated(anon):0kB isolated(file):0kB present:130048kB mlocked:0kB dirty:2800kB writeback:0kB mapped:6048kB shmem:44kB slab_reclaimable:3848kB slab_unreclaimable:3580kB kernel_stack:552kB pagetables:552kB unstable:0kB bounce:0kB writeback_tmp:0kB pages_scanned:0 all_unreclaimable? no
Feb 25 10:23:14 thorin kernel: lowmem_reserve[]: 0 0
Feb 25 10:23:14 thorin kernel: Normal: 462*4kB 3*8kB 5*16kB 1*32kB 0*64kB 0*128kB 0*256kB 0*512kB 0*1024kB 0*2048kB 0*4096kB = 1984kB
Feb 25 10:23:14 thorin kernel: 23048 total pagecache pages
Feb 25 10:23:14 thorin kernel: 956 pages in swap cache
Feb 25 10:23:14 thorin kernel: Swap cache stats: add 6902, delete 5946, find 190630/191220
Feb 25 10:23:14 thorin kernel: Free swap  = 974116kB
Feb 25 10:23:14 thorin kernel: Total swap = 979924kB
Feb 25 10:23:14 thorin kernel: 32768 pages of RAM
Feb 25 10:23:14 thorin kernel: 660 free pages
Feb 25 10:23:14 thorin kernel: 1173 reserved pages
Feb 25 10:23:14 thorin kernel: 1857 slab pages
Feb 25 10:23:14 thorin kernel: 23998 pages shared
Feb 25 10:23:14 thorin kernel: 956 pages swap cached
Feb 25 10:23:14 thorin kernel: sshd: page allocation failure. order:1, mode:0x20
Feb 25 10:23:14 thorin kernel: [<c0029bcc>] (unwind_backtrace+0x0/0xd4) from [<c007ca18>] (__alloc_pages_nodemask+0x4ac/0x510)
Feb 25 10:23:14 thorin kernel: [<c007ca18>] (__alloc_pages_nodemask+0x4ac/0x510) from [<c0099f84>] (cache_alloc_refill+0x260/0x52c)
Feb 25 10:23:14 thorin kernel: [<c0099f84>] (cache_alloc_refill+0x260/0x52c) from [<c009a378>] (kmem_cache_alloc+0x54/0x94)
Feb 25 10:23:14 thorin kernel: [<c009a378>] (kmem_cache_alloc+0x54/0x94) from [<c01db500>] (sk_prot_alloc+0x28/0xfc)
Feb 25 10:23:14 thorin kernel: [<c01db500>] (sk_prot_alloc+0x28/0xfc) from [<c01dbb88>] (sk_clone+0x18/0x1e0)
Feb 25 10:23:14 thorin kernel: [<c01dbb88>] (sk_clone+0x18/0x1e0) from [<c0211608>] (inet_csk_clone+0x14/0x9c)
Feb 25 10:23:14 thorin kernel: [<c0211608>] (inet_csk_clone+0x14/0x9c) from [<c02258b4>] (tcp_create_openreq_child+0x1c/0x3b0)
Feb 25 10:23:14 thorin kernel: [<c02258b4>] (tcp_create_openreq_child+0x1c/0x3b0) from [<c0223df0>] (tcp_v4_syn_recv_sock+0x4c/0x17c)
Feb 25 10:23:14 thorin kernel: [<c0223df0>] (tcp_v4_syn_recv_sock+0x4c/0x17c) from [<c0225738>] (tcp_check_req+0x288/0x3e8)
Feb 25 10:23:14 thorin kernel: [<c0225738>] (tcp_check_req+0x288/0x3e8) from [<c02232a0>] (tcp_v4_do_rcv+0xa4/0x1c4)
Feb 25 10:23:14 thorin kernel: [<c02232a0>] (tcp_v4_do_rcv+0xa4/0x1c4) from [<c0225138>] (tcp_v4_rcv+0x4cc/0x788)
Feb 25 10:23:14 thorin kernel: [<c0225138>] (tcp_v4_rcv+0x4cc/0x788) from [<c0208308>] (ip_local_deliver_finish+0x158/0x220)
Feb 25 10:23:14 thorin kernel: [<c0208308>] (ip_local_deliver_finish+0x158/0x220) from [<c020818c>] (ip_rcv_finish+0x380/0x3a4)
Feb 25 10:23:14 thorin kernel: [<c020818c>] (ip_rcv_finish+0x380/0x3a4) from [<c01e6914>] (netif_receive_skb+0x494/0x4e4)
Feb 25 10:23:14 thorin kernel: [<c01e6914>] (netif_receive_skb+0x494/0x4e4) from [<bf022e78>] (mv643xx_eth_poll+0x458/0x5d0 [mv643xx_eth])
Feb 25 10:23:14 thorin kernel: [<bf022e78>] (mv643xx_eth_poll+0x458/0x5d0 [mv643xx_eth]) from [<c01e963c>] (net_rx_action+0x78/0x184)
Feb 25 10:23:14 thorin kernel: [<c01e963c>] (net_rx_action+0x78/0x184) from [<c0044258>] (__do_softirq+0x78/0x10c)
Feb 25 10:23:14 thorin kernel: [<c0044258>] (__do_softirq+0x78/0x10c) from [<c0023074>] (asm_do_IRQ+0x74/0x94)
Feb 25 10:23:14 thorin kernel: [<c0023074>] (asm_do_IRQ+0x74/0x94) from [<c0023c20>] (__irq_usr+0x40/0x80)
Feb 25 10:23:14 thorin kernel: Exception stack(0xc22ebfb0 to 0xc22ebff8)
Feb 25 10:23:14 thorin kernel: bfa0:                                     0b08609e 2a07f1b8 3ea285e7 4016a094
Feb 25 10:23:14 thorin kernel: bfc0: f141ed11 4016a30c d81533a7 4016a30c 4016a258 4016a430 00000011 6dc729a1
Feb 25 10:23:14 thorin kernel: bfe0: 71a5db23 bee60c88 400cc1dc 400cbe38 20000010 ffffffff
Feb 25 10:23:14 thorin kernel: Mem-info:
Feb 25 10:23:14 thorin kernel: Normal per-cpu:
Feb 25 10:23:14 thorin kernel: CPU    0: hi:   42, btch:   7 usd:  18
Feb 25 10:23:14 thorin kernel: active_anon:2646 inactive_anon:3510 isolated_anon:0
Feb 25 10:23:14 thorin kernel:  active_file:4422 inactive_file:17658 isolated_file:0
Feb 25 10:23:14 thorin kernel:  unevictable:0 dirty:700 writeback:0 unstable:0
Feb 25 10:23:14 thorin kernel:  free:496 slab_reclaimable:962 slab_unreclaimable:895
Feb 25 10:23:14 thorin kernel:  mapped:1512 shmem:11 pagetables:138 bounce:0
Feb 25 10:23:14 thorin kernel: Normal free:1984kB min:1440kB low:1800kB high:2160kB active_anon:10584kB inactive_anon:14040kB active_file:17688kB inactive_file:70632kB unevictable:0kB isolated(anon):0kB isolated(file):0kB present:130048kB mlocked:0kB dirty:2800kB writeback:0kB mapped:6048kB shmem:44kB slab_reclaimable:3848kB slab_unreclaimable:3580kB kernel_stack:552kB pagetables:552kB unstable:0kB bounce:0kB writeback_tmp:0kB pages_scanned:0 all_unreclaimable? no
Feb 25 10:23:14 thorin kernel: lowmem_reserve[]: 0 0
Feb 25 10:23:14 thorin kernel: Normal: 462*4kB 3*8kB 5*16kB 1*32kB 0*64kB 0*128kB 0*256kB 0*512kB 0*1024kB 0*2048kB 0*4096kB = 1984kB
Feb 25 10:23:14 thorin kernel: 23048 total pagecache pages
Feb 25 10:23:14 thorin kernel: 956 pages in swap cache
Feb 25 10:23:14 thorin kernel: Swap cache stats: add 6902, delete 5946, find 190630/191220
Feb 25 10:23:14 thorin kernel: Free swap  = 974116kB
Feb 25 10:23:14 thorin kernel: Total swap = 979924kB
Feb 25 10:23:14 thorin kernel: 32768 pages of RAM
Feb 25 10:23:14 thorin kernel: 660 free pages
Feb 25 10:23:14 thorin kernel: 1173 reserved pages
Feb 25 10:23:14 thorin kernel: 1857 slab pages
Feb 25 10:23:14 thorin kernel: 23998 pages shared
Feb 25 10:23:14 thorin kernel: 956 pages swap cached
Feb 25 10:50:02 thorin kernel: sshd: page allocation failure. order:1, mode:0x20
Feb 25 10:50:02 thorin kernel: [<c0029bcc>] (unwind_backtrace+0x0/0xd4) from [<c007ca18>] (__alloc_pages_nodemask+0x4ac/0x510)
Feb 25 10:50:02 thorin kernel: [<c007ca18>] (__alloc_pages_nodemask+0x4ac/0x510) from [<c0099f84>] (cache_alloc_refill+0x260/0x52c)
Feb 25 10:50:02 thorin kernel: [<c0099f84>] (cache_alloc_refill+0x260/0x52c) from [<c009a378>] (kmem_cache_alloc+0x54/0x94)
Feb 25 10:50:02 thorin kernel: [<c009a378>] (kmem_cache_alloc+0x54/0x94) from [<c01db500>] (sk_prot_alloc+0x28/0xfc)
Feb 25 10:50:02 thorin kernel: [<c01db500>] (sk_prot_alloc+0x28/0xfc) from [<c01dbb88>] (sk_clone+0x18/0x1e0)
Feb 25 10:50:02 thorin kernel: [<c01dbb88>] (sk_clone+0x18/0x1e0) from [<c0211608>] (inet_csk_clone+0x14/0x9c)
Feb 25 10:50:02 thorin kernel: [<c0211608>] (inet_csk_clone+0x14/0x9c) from [<c02258b4>] (tcp_create_openreq_child+0x1c/0x3b0)
Feb 25 10:50:02 thorin kernel: [<c02258b4>] (tcp_create_openreq_child+0x1c/0x3b0) from [<c0223df0>] (tcp_v4_syn_recv_sock+0x4c/0x17c)
Feb 25 10:50:02 thorin kernel: [<c0223df0>] (tcp_v4_syn_recv_sock+0x4c/0x17c) from [<c0225738>] (tcp_check_req+0x288/0x3e8)
Feb 25 10:50:02 thorin kernel: [<c0225738>] (tcp_check_req+0x288/0x3e8) from [<c02232a0>] (tcp_v4_do_rcv+0xa4/0x1c4)
Feb 25 10:50:02 thorin kernel: [<c02232a0>] (tcp_v4_do_rcv+0xa4/0x1c4) from [<c0225138>] (tcp_v4_rcv+0x4cc/0x788)
Feb 25 10:50:02 thorin kernel: [<c0225138>] (tcp_v4_rcv+0x4cc/0x788) from [<c0208308>] (ip_local_deliver_finish+0x158/0x220)
Feb 25 10:50:02 thorin kernel: [<c0208308>] (ip_local_deliver_finish+0x158/0x220) from [<c020818c>] (ip_rcv_finish+0x380/0x3a4)
Feb 25 10:50:02 thorin kernel: [<c020818c>] (ip_rcv_finish+0x380/0x3a4) from [<c01e6914>] (netif_receive_skb+0x494/0x4e4)
Feb 25 10:50:02 thorin kernel: [<c01e6914>] (netif_receive_skb+0x494/0x4e4) from [<bf022e78>] (mv643xx_eth_poll+0x458/0x5d0 [mv643xx_eth])
Feb 25 10:50:02 thorin kernel: [<bf022e78>] (mv643xx_eth_poll+0x458/0x5d0 [mv643xx_eth]) from [<c01e963c>] (net_rx_action+0x78/0x184)
Feb 25 10:50:02 thorin kernel: [<c01e963c>] (net_rx_action+0x78/0x184) from [<c0044258>] (__do_softirq+0x78/0x10c)
Feb 25 10:50:02 thorin kernel: [<c0044258>] (__do_softirq+0x78/0x10c) from [<c0023074>] (asm_do_IRQ+0x74/0x94)
Feb 25 10:50:02 thorin kernel: [<c0023074>] (asm_do_IRQ+0x74/0x94) from [<c0023c20>] (__irq_usr+0x40/0x80)
Feb 25 10:50:02 thorin kernel: Exception stack(0xc22ebfb0 to 0xc22ebff8)
Feb 25 10:50:02 thorin kernel: bfa0:                                     cc3000f4 9293eeba 4facb5a0 4016a094
Feb 25 10:50:02 thorin kernel: bfc0: 81dc136a 2a07f238 929300ba e3d51f2d acb5a000 2a07f198 000000bb 00000093
Feb 25 10:50:02 thorin kernel: bfe0: 93aa28bb bee60c88 400cc1dc 400cc07c 60000010 ffffffff
Feb 25 10:50:02 thorin kernel: Mem-info:
Feb 25 10:50:02 thorin kernel: Normal per-cpu:
Feb 25 10:50:02 thorin kernel: CPU    0: hi:   42, btch:   7 usd:  12
Feb 25 10:50:02 thorin kernel: active_anon:1722 inactive_anon:3610 isolated_anon:0
Feb 25 10:50:02 thorin kernel:  active_file:3366 inactive_file:19599 isolated_file:0
Feb 25 10:50:02 thorin kernel:  unevictable:0 dirty:3524 writeback:0 unstable:0
Feb 25 10:50:02 thorin kernel:  free:484 slab_reclaimable:882 slab_unreclaimable:920
Feb 25 10:50:02 thorin kernel:  mapped:1146 shmem:7 pagetables:140 bounce:0
Feb 25 10:50:02 thorin kernel: Normal free:1936kB min:1440kB low:1800kB high:2160kB active_anon:6888kB inactive_anon:14440kB active_file:13464kB inactive_file:78396kB unevictable:0kB isolated(anon):0kB isolated(file):0kB present:130048kB mlocked:0kB dirty:14096kB writeback:0kB mapped:4584kB shmem:28kB slab_reclaimable:3528kB slab_unreclaimable:3680kB kernel_stack:544kB pagetables:560kB unstable:0kB bounce:0kB writeback_tmp:0kB pages_scanned:0 all_unreclaimable? no
Feb 25 10:50:02 thorin kernel: lowmem_reserve[]: 0 0
Feb 25 10:50:02 thorin kernel: Normal: 420*4kB 10*8kB 9*16kB 1*32kB 0*64kB 0*128kB 0*256kB 0*512kB 0*1024kB 0*2048kB 0*4096kB = 1936kB
Feb 25 10:50:02 thorin kernel: 24504 total pagecache pages
Feb 25 10:50:02 thorin kernel: 1524 pages in swap cache
Feb 25 10:50:02 thorin kernel: Swap cache stats: add 10839, delete 9315, find 212220/213474
Feb 25 10:50:02 thorin kernel: Free swap  = 968244kB
Feb 25 10:50:02 thorin kernel: Total swap = 979924kB
Feb 25 10:50:02 thorin kernel: 32768 pages of RAM
Feb 25 10:50:02 thorin kernel: 641 free pages
Feb 25 10:50:02 thorin kernel: 1173 reserved pages
Feb 25 10:50:02 thorin kernel: 1802 slab pages
Feb 25 10:50:02 thorin kernel: 24664 pages shared
Feb 25 10:50:02 thorin kernel: 1524 pages swap cached
Feb 25 10:50:06 thorin kernel: sshd: page allocation failure. order:1, mode:0x20
Feb 25 10:50:06 thorin kernel: [<c0029bcc>] (unwind_backtrace+0x0/0xd4) from [<c007ca18>] (__alloc_pages_nodemask+0x4ac/0x510)
Feb 25 10:50:06 thorin kernel: [<c007ca18>] (__alloc_pages_nodemask+0x4ac/0x510) from [<c0099f84>] (cache_alloc_refill+0x260/0x52c)
Feb 25 10:50:06 thorin kernel: [<c0099f84>] (cache_alloc_refill+0x260/0x52c) from [<c009a378>] (kmem_cache_alloc+0x54/0x94)
Feb 25 10:50:06 thorin kernel: [<c009a378>] (kmem_cache_alloc+0x54/0x94) from [<c01db500>] (sk_prot_alloc+0x28/0xfc)
Feb 25 10:50:06 thorin kernel: [<c01db500>] (sk_prot_alloc+0x28/0xfc) from [<c01dbb88>] (sk_clone+0x18/0x1e0)
Feb 25 10:50:06 thorin kernel: [<c01dbb88>] (sk_clone+0x18/0x1e0) from [<c0211608>] (inet_csk_clone+0x14/0x9c)
Feb 25 10:50:06 thorin kernel: [<c0211608>] (inet_csk_clone+0x14/0x9c) from [<c02258b4>] (tcp_create_openreq_child+0x1c/0x3b0)
Feb 25 10:50:06 thorin kernel: [<c02258b4>] (tcp_create_openreq_child+0x1c/0x3b0) from [<c0223df0>] (tcp_v4_syn_recv_sock+0x4c/0x17c)
Feb 25 10:50:06 thorin kernel: [<c0223df0>] (tcp_v4_syn_recv_sock+0x4c/0x17c) from [<c0225738>] (tcp_check_req+0x288/0x3e8)
Feb 25 10:50:06 thorin kernel: [<c0225738>] (tcp_check_req+0x288/0x3e8) from [<c02232a0>] (tcp_v4_do_rcv+0xa4/0x1c4)
Feb 25 10:50:06 thorin kernel: [<c02232a0>] (tcp_v4_do_rcv+0xa4/0x1c4) from [<c0225138>] (tcp_v4_rcv+0x4cc/0x788)
Feb 25 10:50:06 thorin kernel: [<c0225138>] (tcp_v4_rcv+0x4cc/0x788) from [<c0208308>] (ip_local_deliver_finish+0x158/0x220)
Feb 25 10:50:06 thorin kernel: [<c0208308>] (ip_local_deliver_finish+0x158/0x220) from [<c020818c>] (ip_rcv_finish+0x380/0x3a4)
Feb 25 10:50:06 thorin kernel: [<c020818c>] (ip_rcv_finish+0x380/0x3a4) from [<c01e6914>] (netif_receive_skb+0x494/0x4e4)
Feb 25 10:50:06 thorin kernel: [<c01e6914>] (netif_receive_skb+0x494/0x4e4) from [<bf022e78>] (mv643xx_eth_poll+0x458/0x5d0 [mv643xx_eth])
Feb 25 10:50:06 thorin kernel: [<bf022e78>] (mv643xx_eth_poll+0x458/0x5d0 [mv643xx_eth]) from [<c01e963c>] (net_rx_action+0x78/0x184)
Feb 25 10:50:06 thorin kernel: [<c01e963c>] (net_rx_action+0x78/0x184) from [<c0044258>] (__do_softirq+0x78/0x10c)
Feb 25 10:50:06 thorin kernel: [<c0044258>] (__do_softirq+0x78/0x10c) from [<c0023074>] (asm_do_IRQ+0x74/0x94)
Feb 25 10:50:06 thorin kernel: [<c0023074>] (asm_do_IRQ+0x74/0x94) from [<c0023c20>] (__irq_usr+0x40/0x80)
Feb 25 10:50:06 thorin kernel: Exception stack(0xc22ebfb0 to 0xc22ebff8)
Feb 25 10:50:06 thorin kernel: bfa0:                                     a2aba137 2a0d987c 5538587c f37c63a9
Feb 25 10:50:06 thorin kernel: bfc0: 8eedc454 56d68c28 24ef36eb 3db4b706 a69cb6e3 0d8b3c57 f3a4ee9f f177343b
Feb 25 10:50:06 thorin kernel: bfe0: a6443bd5 bee60ca8 400b35a0 400b2df4 20000010 ffffffff
Feb 25 10:50:06 thorin kernel: Mem-info:
Feb 25 10:50:06 thorin kernel: Normal per-cpu:
Feb 25 10:50:06 thorin kernel: CPU    0: hi:   42, btch:   7 usd:  17
Feb 25 10:50:06 thorin kernel: active_anon:1723 inactive_anon:3616 isolated_anon:0
Feb 25 10:50:06 thorin kernel:  active_file:3361 inactive_file:19591 isolated_file:0
Feb 25 10:50:06 thorin kernel:  unevictable:0 dirty:769 writeback:0 unstable:0
Feb 25 10:50:06 thorin kernel:  free:498 slab_reclaimable:875 slab_unreclaimable:910
Feb 25 10:50:06 thorin kernel:  mapped:1149 shmem:7 pagetables:140 bounce:0
Feb 25 10:50:06 thorin kernel: Normal free:1992kB min:1440kB low:1800kB high:2160kB active_anon:6892kB inactive_anon:14464kB active_file:13444kB inactive_file:78364kB unevictable:0kB isolated(anon):0kB isolated(file):0kB present:130048kB mlocked:0kB dirty:3076kB writeback:0kB mapped:4596kB shmem:28kB slab_reclaimable:3500kB slab_unreclaimable:3640kB kernel_stack:544kB pagetables:560kB unstable:0kB bounce:0kB writeback_tmp:0kB pages_scanned:0 all_unreclaimable? no
Feb 25 10:50:06 thorin kernel: lowmem_reserve[]: 0 0
Feb 25 10:50:06 thorin kernel: Normal: 460*4kB 11*8kB 2*16kB 1*32kB 0*64kB 0*128kB 0*256kB 0*512kB 0*1024kB 0*2048kB 0*4096kB = 1992kB
Feb 25 10:50:06 thorin kernel: 24498 total pagecache pages
Feb 25 10:50:06 thorin kernel: 1528 pages in swap cache
Feb 25 10:50:06 thorin kernel: Swap cache stats: add 10846, delete 9318, find 212222/213479
Feb 25 10:50:06 thorin kernel: Free swap  = 968256kB
Feb 25 10:50:06 thorin kernel: Total swap = 979924kB
Feb 25 10:50:06 thorin kernel: 32768 pages of RAM
Feb 25 10:50:06 thorin kernel: 660 free pages
Feb 25 10:50:06 thorin kernel: 1173 reserved pages
Feb 25 10:50:06 thorin kernel: 1785 slab pages
Feb 25 10:50:06 thorin kernel: 24666 pages shared
Feb 25 10:50:06 thorin kernel: 1528 pages swap cached
Feb 25 10:50:12 thorin kernel: flush-254:1: page allocation failure. order:1, mode:0x20
Feb 25 10:50:12 thorin kernel: [<c0029bcc>] (unwind_backtrace+0x0/0xd4) from [<c007ca18>] (__alloc_pages_nodemask+0x4ac/0x510)
Feb 25 10:50:12 thorin kernel: [<c007ca18>] (__alloc_pages_nodemask+0x4ac/0x510) from [<c0099f84>] (cache_alloc_refill+0x260/0x52c)
Feb 25 10:50:12 thorin kernel: [<c0099f84>] (cache_alloc_refill+0x260/0x52c) from [<c009a378>] (kmem_cache_alloc+0x54/0x94)
Feb 25 10:50:12 thorin kernel: [<c009a378>] (kmem_cache_alloc+0x54/0x94) from [<c01db500>] (sk_prot_alloc+0x28/0xfc)
Feb 25 10:50:12 thorin kernel: [<c01db500>] (sk_prot_alloc+0x28/0xfc) from [<c01dbb88>] (sk_clone+0x18/0x1e0)
Feb 25 10:50:12 thorin kernel: [<c01dbb88>] (sk_clone+0x18/0x1e0) from [<c0211608>] (inet_csk_clone+0x14/0x9c)
Feb 25 10:50:12 thorin kernel: [<c0211608>] (inet_csk_clone+0x14/0x9c) from [<c02258b4>] (tcp_create_openreq_child+0x1c/0x3b0)
Feb 25 10:50:12 thorin kernel: [<c02258b4>] (tcp_create_openreq_child+0x1c/0x3b0) from [<c0223df0>] (tcp_v4_syn_recv_sock+0x4c/0x17c)
Feb 25 10:50:12 thorin kernel: [<c0223df0>] (tcp_v4_syn_recv_sock+0x4c/0x17c) from [<c0225738>] (tcp_check_req+0x288/0x3e8)
Feb 25 10:50:12 thorin kernel: [<c0225738>] (tcp_check_req+0x288/0x3e8) from [<c02232a0>] (tcp_v4_do_rcv+0xa4/0x1c4)
Feb 25 10:50:12 thorin kernel: [<c02232a0>] (tcp_v4_do_rcv+0xa4/0x1c4) from [<c0225138>] (tcp_v4_rcv+0x4cc/0x788)
Feb 25 10:50:12 thorin kernel: [<c0225138>] (tcp_v4_rcv+0x4cc/0x788) from [<c0208308>] (ip_local_deliver_finish+0x158/0x220)
Feb 25 10:50:12 thorin kernel: [<c0208308>] (ip_local_deliver_finish+0x158/0x220) from [<c020818c>] (ip_rcv_finish+0x380/0x3a4)
Feb 25 10:50:12 thorin kernel: [<c020818c>] (ip_rcv_finish+0x380/0x3a4) from [<c01e6914>] (netif_receive_skb+0x494/0x4e4)
Feb 25 10:50:12 thorin kernel: [<c01e6914>] (netif_receive_skb+0x494/0x4e4) from [<bf022e78>] (mv643xx_eth_poll+0x458/0x5d0 [mv643xx_eth])
Feb 25 10:50:12 thorin kernel: [<bf022e78>] (mv643xx_eth_poll+0x458/0x5d0 [mv643xx_eth]) from [<c01e963c>] (net_rx_action+0x78/0x184)
Feb 25 10:50:12 thorin kernel: [<c01e963c>] (net_rx_action+0x78/0x184) from [<c0044258>] (__do_softirq+0x78/0x10c)
Feb 25 10:50:12 thorin kernel: [<c0044258>] (__do_softirq+0x78/0x10c) from [<c0023074>] (asm_do_IRQ+0x74/0x94)
Feb 25 10:50:12 thorin kernel: [<c0023074>] (asm_do_IRQ+0x74/0x94) from [<c0023a54>] (__irq_svc+0x34/0x80)
Feb 25 10:50:12 thorin kernel: Exception stack(0xc31b9dd0 to 0xc31b9e18)
Feb 25 10:50:12 thorin kernel: 9dc0:                                     00000010 20000013 c03647d4 20000093
Feb 25 10:50:12 thorin kernel: 9de0: c044bd80 c74141a8 c31b9f30 000003e5 00000800 00000000 c74141a8 0000000d
Feb 25 10:50:12 thorin kernel: 9e00: c0498098 c31b9e18 c007d398 c007d3e8 20000013 ffffffff
Feb 25 10:50:12 thorin kernel: [<c0023a54>] (__irq_svc+0x34/0x80) from [<c007d3e8>] (clear_page_dirty_for_io+0xcc/0x174)
Feb 25 10:50:12 thorin kernel: [<c007d3e8>] (clear_page_dirty_for_io+0xcc/0x174) from [<c007d6b8>] (write_cache_pages+0x1d4/0x2ec)
Feb 25 10:50:12 thorin kernel: [<c007d6b8>] (write_cache_pages+0x1d4/0x2ec) from [<c00b7b5c>] (writeback_single_inode+0xb8/0x218)
Feb 25 10:50:12 thorin kernel: [<c00b7b5c>] (writeback_single_inode+0xb8/0x218) from [<c00b8314>] (writeback_inodes_wb+0x2e8/0x35c)
Feb 25 10:50:12 thorin kernel: [<c00b8314>] (writeback_inodes_wb+0x2e8/0x35c) from [<c00b84d4>] (wb_writeback+0x14c/0x1b8)
Feb 25 10:50:12 thorin kernel: [<c00b84d4>] (wb_writeback+0x14c/0x1b8) from [<c00b8658>] (wb_do_writeback+0x5c/0x198)
Feb 25 10:50:12 thorin kernel: [<c00b8658>] (wb_do_writeback+0x5c/0x198) from [<c00b87b0>] (bdi_writeback_task+0x1c/0x98)
Feb 25 10:50:12 thorin kernel: [<c00b87b0>] (bdi_writeback_task+0x1c/0x98) from [<c0088580>] (bdi_start_fn+0x64/0xb0)
Feb 25 10:50:12 thorin kernel: [<c0088580>] (bdi_start_fn+0x64/0xb0) from [<c00529e0>] (kthread+0x78/0x80)
Feb 25 10:50:12 thorin kernel: [<c00529e0>] (kthread+0x78/0x80) from [<c0024dd0>] (kernel_thread_exit+0x0/0x8)
Feb 25 10:50:12 thorin kernel: Mem-info:
Feb 25 10:50:12 thorin kernel: Normal per-cpu:
Feb 25 10:50:12 thorin kernel: CPU    0: hi:   42, btch:   7 usd:  17
Feb 25 10:50:12 thorin kernel: active_anon:1723 inactive_anon:3615 isolated_anon:0
Feb 25 10:50:12 thorin kernel:  active_file:3357 inactive_file:19644 isolated_file:0
Feb 25 10:50:12 thorin kernel:  unevictable:0 dirty:3200 writeback:0 unstable:0
Feb 25 10:50:12 thorin kernel:  free:456 slab_reclaimable:879 slab_unreclaimable:909
Feb 25 10:50:12 thorin kernel:  mapped:1149 shmem:7 pagetables:140 bounce:0
Feb 25 10:50:12 thorin kernel: Normal free:1824kB min:1440kB low:1800kB high:2160kB active_anon:6892kB inactive_anon:14460kB active_file:13428kB inactive_file:78576kB unevictable:0kB isolated(anon):0kB isolated(file):0kB present:130048kB mlocked:0kB dirty:12800kB writeback:0kB mapped:4596kB shmem:28kB slab_reclaimable:3516kB slab_unreclaimable:3636kB kernel_stack:544kB pagetables:560kB unstable:0kB bounce:0kB writeback_tmp:0kB pages_scanned:0 all_unreclaimable? no
Feb 25 10:50:12 thorin kernel: lowmem_reserve[]: 0 0
Feb 25 10:50:12 thorin kernel: Normal: 438*4kB 1*8kB 2*16kB 1*32kB 0*64kB 0*128kB 0*256kB 0*512kB 0*1024kB 0*2048kB 0*4096kB = 1824kB
Feb 25 10:50:12 thorin kernel: 24534 total pagecache pages
Feb 25 10:50:12 thorin kernel: 1526 pages in swap cache
Feb 25 10:50:12 thorin kernel: Swap cache stats: add 10846, delete 9320, find 212223/213480
Feb 25 10:50:12 thorin kernel: Free swap  = 968260kB
Feb 25 10:50:12 thorin kernel: Total swap = 979924kB
Feb 25 10:50:12 thorin kernel: 32768 pages of RAM
Feb 25 10:50:12 thorin kernel: 618 free pages
Feb 25 10:50:12 thorin kernel: 1173 reserved pages
Feb 25 10:50:12 thorin kernel: 1788 slab pages
Feb 25 10:50:12 thorin kernel: 24715 pages shared
Feb 25 10:50:12 thorin kernel: 1526 pages swap cached
Feb 25 10:50:24 thorin kernel: rsync: page allocation failure. order:1, mode:0x20
Feb 25 10:50:24 thorin kernel: [<c0029bcc>] (unwind_backtrace+0x0/0xd4) from [<c007ca18>] (__alloc_pages_nodemask+0x4ac/0x510)
Feb 25 10:50:24 thorin kernel: [<c007ca18>] (__alloc_pages_nodemask+0x4ac/0x510) from [<c0099f84>] (cache_alloc_refill+0x260/0x52c)
Feb 25 10:50:24 thorin kernel: [<c0099f84>] (cache_alloc_refill+0x260/0x52c) from [<c009a378>] (kmem_cache_alloc+0x54/0x94)
Feb 25 10:50:24 thorin kernel: [<c009a378>] (kmem_cache_alloc+0x54/0x94) from [<c01db500>] (sk_prot_alloc+0x28/0xfc)
Feb 25 10:50:24 thorin kernel: [<c01db500>] (sk_prot_alloc+0x28/0xfc) from [<c01dbb88>] (sk_clone+0x18/0x1e0)
Feb 25 10:50:24 thorin kernel: [<c01dbb88>] (sk_clone+0x18/0x1e0) from [<c0211608>] (inet_csk_clone+0x14/0x9c)
Feb 25 10:50:24 thorin kernel: [<c0211608>] (inet_csk_clone+0x14/0x9c) from [<c02258b4>] (tcp_create_openreq_child+0x1c/0x3b0)
Feb 25 10:50:24 thorin kernel: [<c02258b4>] (tcp_create_openreq_child+0x1c/0x3b0) from [<c0223df0>] (tcp_v4_syn_recv_sock+0x4c/0x17c)
Feb 25 10:50:24 thorin kernel: [<c0223df0>] (tcp_v4_syn_recv_sock+0x4c/0x17c) from [<c0225738>] (tcp_check_req+0x288/0x3e8)
Feb 25 10:50:24 thorin kernel: [<c0225738>] (tcp_check_req+0x288/0x3e8) from [<c02232a0>] (tcp_v4_do_rcv+0xa4/0x1c4)
Feb 25 10:50:24 thorin kernel: [<c02232a0>] (tcp_v4_do_rcv+0xa4/0x1c4) from [<c0225138>] (tcp_v4_rcv+0x4cc/0x788)
