Return-Path: <owner-linux-mm@kvack.org>
Received: from mail-pd0-f180.google.com (mail-pd0-f180.google.com [209.85.192.180])
	by kanga.kvack.org (Postfix) with ESMTP id 78E846B0035
	for <linux-mm@kvack.org>; Tue, 30 Sep 2014 03:56:47 -0400 (EDT)
Received: by mail-pd0-f180.google.com with SMTP id fp1so4777697pdb.11
        for <linux-mm@kvack.org>; Tue, 30 Sep 2014 00:56:46 -0700 (PDT)
Received: from mga01.intel.com (mga01.intel.com. [192.55.52.88])
        by mx.google.com with ESMTP id v5si14659906pdo.24.2014.09.30.00.56.44
        for <linux-mm@kvack.org>;
        Tue, 30 Sep 2014 00:56:46 -0700 (PDT)
Date: Tue, 30 Sep 2014 15:56:24 +0800
From: Fengguang Wu <fengguang.wu@intel.com>
Subject: [mm/slab] BUG: unable to handle kernel paging request at 00010023
Message-ID: <20140930075624.GA9561@wfg-t540p.sh.intel.com>
MIME-Version: 1.0
Content-Type: multipart/mixed; boundary="cNdxnHkX5QqsyA0e"
Content-Disposition: inline
Sender: owner-linux-mm@kvack.org
List-ID: <linux-mm.kvack.org>
To: Joonsoo Kim <iamjoonsoo.kim@lge.com>
Cc: Jet Chen <jet.chen@intel.com>, Su Tao <tao.su@intel.com>, Yuanhan Liu <yuanhan.liu@intel.com>, LKP <lkp@01.org>, linux-mm@kvack.org, linux-kernel@vger.kernel.org


--cNdxnHkX5QqsyA0e
Content-Type: text/plain; charset=us-ascii
Content-Disposition: inline

Hi Joonsoo,

0day kernel testing robot got the below dmesg and the first bad commit is

git://git.kernel.org/pub/scm/linux/kernel/git/next/linux-next.git master

commit 36fbfebe776eb5871d61e7a755c9feb1c96cc4aa
Author:     Joonsoo Kim <iamjoonsoo.kim@lge.com>
AuthorDate: Tue Sep 23 11:52:35 2014 +1000
Commit:     Stephen Rothwell <sfr@canb.auug.org.au>
CommitDate: Tue Sep 23 11:52:35 2014 +1000

    mm/slab: support slab merge
    
    Slab merge is good feature to reduce fragmentation.  If new creating slab
    have similar size and property with exsitent slab, this feature reuse it
    rather than creating new one.  As a result, objects are packed into fewer
    slabs so that fragmentation is reduced.
    
    Below is result of my testing.
    
    * After boot, sleep 20; cat /proc/meminfo | grep Slab
    
    <Before>
    Slab: 25136 kB
    
    <After>
    Slab: 24364 kB
    
    We can save 3% memory used by slab.
    
    For supporting this feature in SLAB, we need to implement SLAB specific
    kmem_cache_flag() and __kmem_cache_alias(), because SLUB implements some
    SLUB specific processing related to debug flag and object size change on
    these functions.
    
    Signed-off-by: Joonsoo Kim <iamjoonsoo.kim@lge.com>
    Cc: Christoph Lameter <cl@linux.com>
    Cc: Pekka Enberg <penberg@kernel.org>
    Cc: David Rientjes <rientjes@google.com>
    Signed-off-by: Andrew Morton <akpm@linux-foundation.org>

+----------------------------------------------+------------+------------+---------------+
|                                              | 8c087489b8 | 36fbfebe77 | next-20140923 |
+----------------------------------------------+------------+------------+---------------+
| boot_successes                               | 60         | 0          | 1             |
| boot_failures                                | 0          | 20         | 314           |
| BUG:unable_to_handle_kernel                  | 0          | 20         | 312           |
| Oops                                         | 0          | 20         | 312           |
| EIP_is_at_kernfs_link_sibling                | 0          | 4          | 14            |
| Kernel_panic-not_syncing:Fatal_exception     | 0          | 20         | 312           |
| backtrace:acpi_bus_scan                      | 0          | 4          | 14            |
| backtrace:acpi_scan_init                     | 0          | 20         | 45            |
| backtrace:acpi_init                          | 0          | 20         | 45            |
| backtrace:kernel_init_freeable               | 0          | 20         | 312           |
| EIP_is_at_kernfs_add_one                     | 0          | 16         | 298           |
| backtrace:kobject_add_internal               | 0          | 16         | 31            |
| backtrace:kobject_init_and_add               | 0          | 16         | 31            |
| backtrace:acpi_scan_add_handler_with_hotplug | 0          | 16         | 31            |
| backtrace:acpi_pci_root_init                 | 0          | 16         | 31            |
| backtrace:tty_register_driver                | 0          | 0          | 106           |
| backtrace:pty_init                           | 0          | 0          | 106           |
| backtrace:acpi_bus_register_driver           | 0          | 0          | 1             |
| backtrace:acpi_button_driver_init            | 0          | 0          | 1             |
| BUG:kernel_boot_crashed                      | 0          | 0          | 1             |
| BUG:kernel_test_crashed                      | 0          | 0          | 1             |
| backtrace:subsys_system_register             | 0          | 0          | 160           |
| backtrace:container_dev_init                 | 0          | 0          | 160           |
| backtrace:driver_init                        | 0          | 0          | 160           |
+----------------------------------------------+------------+------------+---------------+

[    0.463788] ACPI: (supports S0 S5)
[    0.464003] ACPI: Using IOAPIC for interrupt routing
[    0.464738] PCI: Using host bridge windows from ACPI; if necessary, use "pci=nocrs" and report a bug
[    0.466034] BUG: unable to handle kernel paging request at 00010023
[    0.466989] IP: [<c117dcf9>] kernfs_add_one+0x89/0x130
[    0.467812] *pdpt = 0000000000000000 *pde = f000ff53f000ff53 
[    0.468000] Oops: 0002 [#1] SMP 
[    0.468000] Modules linked in:
[    0.468000] CPU: 0 PID: 1 Comm: swapper/0 Not tainted 3.17.0-rc6-00089-g36fbfeb #1
[    0.468000] Hardware name: Bochs Bochs, BIOS Bochs 01/01/2011
[    0.468000] task: d303ec90 ti: d3040000 task.ti: d3040000
[    0.468000] EIP: 0060:[<c117dcf9>] EFLAGS: 00010286 CPU: 0
[    0.468000] EIP is at kernfs_add_one+0x89/0x130
[    0.468000] EAX: 542572cb EBX: 00010003 ECX: 00000008 EDX: 2c8de598
[    0.468000] ESI: d311de10 EDI: d311de70 EBP: d3041dd8 ESP: d3041db4
[    0.468000]  DS: 007b ES: 007b FS: 00d8 GS: 0000 SS: 0068
[    0.468000] CR0: 8005003b CR2: 00010023 CR3: 01a8a000 CR4: 000006f0
[    0.468000] Stack:
[    0.468000]  d3006f00 00000202 d311de70 d311de10 d3041dd8 c117dba0 d311de10 c159a5c0
[    0.468000]  c1862a00 d3041df0 c117f0f2 00000000 c18629f4 d311de70 00000000 d3041e2c
[    0.468000]  c117f8b5 00001000 00000000 c159a5c0 c18629f4 00000000 00000001 c1862a00
[    0.468000] Call Trace:
[    0.468000]  [<c117dba0>] ? kernfs_new_node+0x30/0x40
[    0.468000]  [<c117f0f2>] __kernfs_create_file+0x92/0xc0
[    0.468000]  [<c117f8b5>] sysfs_add_file_mode_ns+0x95/0x190
[    0.468000]  [<c117f9d7>] sysfs_create_file_ns+0x27/0x40
[    0.468000]  [<c1252ef6>] kobject_add_internal+0x136/0x2c0
[    0.468000]  [<c125e360>] ? kvasprintf+0x40/0x50
[    0.468000]  [<c1252a92>] ? kobject_set_name_vargs+0x42/0x60
[    0.468000]  [<c12530b5>] kobject_init_and_add+0x35/0x50
[    0.468000]  [<c12ad04f>] acpi_sysfs_add_hotplug_profile+0x24/0x4a
[    0.468000]  [<c12a7280>] acpi_scan_add_handler_with_hotplug+0x21/0x28
[    0.468000]  [<c18df524>] acpi_pci_root_init+0x20/0x22
[    0.468000]  [<c18df0e1>] acpi_scan_init+0x24/0x16d
[    0.468000]  [<c18def73>] acpi_init+0x20c/0x224
[    0.468000]  [<c18ded67>] ? acpi_sleep_init+0xab/0xab
[    0.468000]  [<c100041e>] do_one_initcall+0x7e/0x1b0
[    0.468000]  [<c18ded67>] ? acpi_sleep_init+0xab/0xab
[    0.468000]  [<c18b24ba>] ? repair_env_string+0x12/0x54
[    0.468000]  [<c18b24a8>] ? initcall_blacklist+0x7c/0x7c
[    0.468000]  [<c105e100>] ? parse_args+0x160/0x3f0
[    0.468000]  [<c18b2bd1>] kernel_init_freeable+0xfc/0x179
[    0.468000]  [<c156782b>] kernel_init+0xb/0xd0
[    0.468000]  [<c1574601>] ret_from_kernel_thread+0x21/0x30
[    0.468000]  [<c1567820>] ? rest_init+0xb0/0xb0
[    0.468000] Code: 26 00 83 e1 10 75 5b 8b 46 24 e8 b3 ea ff ff 89 46 38 89 f0 e8 d9 f9 ff ff 85 c0 89 c3 75 ca 8b 5f 5c 85 db 74 11 e8 97 90 f1 ff <89> 43 20 89 53 24 89 43 28 89 53 2c b8 c0 2f 85 c1 e8 d1 36 3f
[    0.468000] EIP: [<c117dcf9>] kernfs_add_one+0x89/0x130 SS:ESP 0068:d3041db4
[    0.468000] CR2: 0000000000010023
[    0.468000] ---[ end trace 4fa173691404b63f ]---
[    0.468000] Kernel panic - not syncing: Fatal exception

git bisect start 55f21306900abf9f9d2a087a127ff49c6d388ad2 0f33be009b89d2268e94194dc4fd01a7851b6d51 --
git bisect good 18c13e2d9b75e2760e6520f2fde00401192956f3  # 17:56     20+      0  Merge remote-tracking branch 'bluetooth/master'
git bisect good abf79495f38ba66f750566b3f0a8da8dd94b4dc3  # 18:03     20+      0  Merge remote-tracking branch 'ftrace/for-next'
git bisect good 0bed22034e26a3c37ee4407fccffa8c095d5e144  # 18:09     20+      0  Merge remote-tracking branch 'pinctrl/for-next'
git bisect good 15c9281a15ed7718868d115d4d00619b0b7a2624  # 18:14     20+      0  Merge remote-tracking branch 'clk/clk-next'
git bisect good 50939531dea1b913b7fa29f9bbc69feafefd090c  # 18:23     20+      0  Merge branch 'rd-docs/master'
git bisect good aa881e3c5e87c8aa23519f40554897d56f32b935  # 18:49     20+      0  Merge remote-tracking branch 'powerpc-mpe/next'
git bisect  bad 81b63d14db32bd7706c955d1e04e65b152b2277a  # 18:57      0-      2  Merge branch 'akpm-current/current'
git bisect  bad f313ca82d72066a3c44fd6c66cee57b25de43aa9  # 19:31      0-      1  introduce-dump_vma-fix
git bisect good 2c5fe9213048c5640b8e46407f5614038c03ad93  # 20:16     20+      0  mm: fix kmemcheck.c build errors
git bisect  bad 69454f8be7f621ac8c3c6c9763bb70e116988942  # 20:35      0-     18  block_dev: implement readpages() to optimize sequential read
git bisect  bad 66a31d528a1e3d483be2b1c993ec1268412f0074  # 20:40      0-      1  memory-hotplug-add-sysfs-zones_online_to-attribute-fix-2
git bisect good 5e8acb68610c077b08cb3f16305aa3cc22e5d2a8  # 21:07     20+      0  kernel/kthread.c: partial revert of 81c98869faa5 ("kthread: ensure locality of task_struct allocations")
git bisect  bad 36fbfebe776eb5871d61e7a755c9feb1c96cc4aa  # 22:06      0-     10  mm/slab: support slab merge
git bisect good 11e57381eced875ef5a6fea4005fdf72b6f68eff  # 22:19     20+      0  mm/slab_common: commonize slab merge logic
git bisect good 8c087489b8a32b9235f7f9417390c62d93aba522  # 22:24     20+      0  mm/slab_common: fix build failure if CONFIG_SLUB
# first bad commit: [36fbfebe776eb5871d61e7a755c9feb1c96cc4aa] mm/slab: support slab merge
git bisect good 8c087489b8a32b9235f7f9417390c62d93aba522  # 22:26     60+      0  mm/slab_common: fix build failure if CONFIG_SLUB
git bisect  bad 55f21306900abf9f9d2a087a127ff49c6d388ad2  # 22:26      0-    314  Add linux-next specific files for 20140923
git bisect good f4cb707e7ad9727a046b463232f2de166e327d3e  # 22:32     60+      0  Merge tag 'pm+acpi-3.17-rc7' of git://git.kernel.org/pub/scm/linux/kernel/git/rafael/linux-pm
git bisect  bad 4d8426f9ac601db2a64fa7be64051d02b9c9fe01  # 22:36      0-     60  Add linux-next specific files for 20140926


This script may reproduce the error.

----------------------------------------------------------------------------
#!/bin/bash

kernel=$1

kvm=(
	qemu-system-x86_64
	-cpu kvm64
	-enable-kvm
	-kernel $kernel
	-m 320
	-smp 1
	-net nic,vlan=1,model=e1000
	-net user,vlan=1
	-boot order=nc
	-no-reboot
	-watchdog i6300esb
	-rtc base=localtime
	-serial stdio
	-display none
	-monitor null 
)

append=(
	hung_task_panic=1
	earlyprintk=ttyS0,115200
	debug
	apic=debug
	sysrq_always_enabled
	rcupdate.rcu_cpu_stall_timeout=100
	panic=-1
	softlockup_panic=1
	nmi_watchdog=panic
	oops=panic
	load_ramdisk=2
	prompt_ramdisk=0
	console=ttyS0,115200
	console=tty0
	vga=normal
	root=/dev/ram0
	rw
	drbd.minor_count=8
)

"${kvm[@]}" --append "${append[*]}"
----------------------------------------------------------------------------

Thanks,
Fengguang

--cNdxnHkX5QqsyA0e
Content-Type: text/plain; charset=us-ascii
Content-Disposition: attachment; filename="dmesg-yocto-vp-27:20140926220610:i386-randconfig-ib1-09232303:3.17.0-rc6-00089-g36fbfeb:1"
Content-Transfer-Encoding: quoted-printable

early console in setup code
early console in decompress_kernel

Decompressing Linux... Parsing ELF... done.
Booting the kernel.
[    0.000000] Linux version 3.17.0-rc6-00089-g36fbfeb (kbuild@lkp-ib03) (g=
cc version 4.9.1 (Debian 4.9.1-11) ) #1 SMP Fri Sep 26 22:04:56 CST 2014
[    0.000000] e820: BIOS-provided physical RAM map:
[    0.000000] BIOS-e820: [mem 0x0000000000000000-0x000000000009fbff] usable
[    0.000000] BIOS-e820: [mem 0x000000000009fc00-0x000000000009ffff] reser=
ved
[    0.000000] BIOS-e820: [mem 0x00000000000f0000-0x00000000000fffff] reser=
ved
[    0.000000] BIOS-e820: [mem 0x0000000000100000-0x0000000013ffdfff] usable
[    0.000000] BIOS-e820: [mem 0x0000000013ffe000-0x0000000013ffffff] reser=
ved
[    0.000000] BIOS-e820: [mem 0x00000000feffc000-0x00000000feffffff] reser=
ved
[    0.000000] BIOS-e820: [mem 0x00000000fffc0000-0x00000000ffffffff] reser=
ved
[    0.000000] bootconsole [earlyser0] enabled
[    0.000000] NX (Execute Disable) protection: active
[    0.000000] SMBIOS 2.4 present.
[    0.000000] DMI: Bochs Bochs, BIOS Bochs 01/01/2011
[    0.000000] Hypervisor detected: KVM
[    0.000000] e820: update [mem 0x00000000-0x00000fff] usable =3D=3D> rese=
rved
[    0.000000] e820: remove [mem 0x000a0000-0x000fffff] usable
[    0.000000] e820: last_pfn =3D 0x13ffe max_arch_pfn =3D 0x1000000
[    0.000000] MTRR default type: write-back
[    0.000000] MTRR fixed ranges enabled:
[    0.000000]   00000-9FFFF write-back
[    0.000000]   A0000-BFFFF uncachable
[    0.000000]   C0000-FFFFF write-protect
[    0.000000] MTRR variable ranges enabled:
[    0.000000]   0 base 0080000000 mask FF80000000 uncachable
[    0.000000]   1 disabled
[    0.000000]   2 disabled
[    0.000000]   3 disabled
[    0.000000]   4 disabled
[    0.000000]   5 disabled
[    0.000000]   6 disabled
[    0.000000]   7 disabled
[    0.000000] x86 PAT enabled: cpu 0, old 0x70406, new 0x7010600070106
[    0.000000] initial memory mapped: [mem 0x00000000-0x025fffff]
[    0.000000] Base memory trampoline at [c009b000] 9b000 size 16384
[    0.000000] init_memory_mapping: [mem 0x00000000-0x000fffff]
[    0.000000]  [mem 0x00000000-0x000fffff] page 4k
[    0.000000] init_memory_mapping: [mem 0x13a00000-0x13bfffff]
[    0.000000]  [mem 0x13a00000-0x13bfffff] page 2M
[    0.000000] init_memory_mapping: [mem 0x10000000-0x139fffff]
[    0.000000]  [mem 0x10000000-0x139fffff] page 2M
[    0.000000] init_memory_mapping: [mem 0x00100000-0x0fffffff]
[    0.000000]  [mem 0x00100000-0x001fffff] page 4k
[    0.000000]  [mem 0x00200000-0x0fffffff] page 2M
[    0.000000] init_memory_mapping: [mem 0x13c00000-0x13ffdfff]
[    0.000000]  [mem 0x13c00000-0x13dfffff] page 2M
[    0.000000]  [mem 0x13e00000-0x13ffdfff] page 4k
[    0.000000] BRK [0x0219a000, 0x0219afff] PGTABLE
[    0.000000] RAMDISK: [mem 0x13cbd000-0x13feffff]
[    0.000000] ACPI: Early table checksum verification disabled
[    0.000000] ACPI: RSDP 0x000FD970 000014 (v00 BOCHS )
[    0.000000] ACPI: RSDT 0x13FFE4B0 000034 (v01 BOCHS  BXPCRSDT 00000001 B=
XPC 00000001)
[    0.000000] ACPI: FACP 0x13FFFF80 000074 (v01 BOCHS  BXPCFACP 00000001 B=
XPC 00000001)
[    0.000000] ACPI: DSDT 0x13FFE4F0 0011A9 (v01 BXPC   BXDSDT   00000001 I=
NTL 20100528)
[    0.000000] ACPI: FACS 0x13FFFF40 000040
[    0.000000] ACPI: SSDT 0x13FFF800 000735 (v01 BOCHS  BXPCSSDT 00000001 B=
XPC 00000001)
[    0.000000] ACPI: APIC 0x13FFF6E0 000078 (v01 BOCHS  BXPCAPIC 00000001 B=
XPC 00000001)
[    0.000000] ACPI: HPET 0x13FFF6A0 000038 (v01 BOCHS  BXPCHPET 00000001 B=
XPC 00000001)
[    0.000000] ACPI: Local APIC address 0xfee00000
[    0.000000] mapped APIC to         ffffc000 (        fee00000)
[    0.000000] 0MB HIGHMEM available.
[    0.000000] 319MB LOWMEM available.
[    0.000000]   mapped low ram: 0 - 13ffe000
[    0.000000]   low ram: 0 - 13ffe000
[    0.000000] kvm-clock: Using msrs 4b564d01 and 4b564d00
[    0.000000] kvm-clock: cpu 0, msr 0:13ffd001, primary cpu clock
[    0.000000] BRK [0x0219b000, 0x0219bfff] PGTABLE
[    0.000000] Zone ranges:
[    0.000000]   DMA      [mem 0x00001000-0x00ffffff]
[    0.000000]   Normal   [mem 0x01000000-0x13ffdfff]
[    0.000000]   HighMem  empty
[    0.000000] Movable zone start for each node
[    0.000000] Early memory node ranges
[    0.000000]   node   0: [mem 0x00001000-0x0009efff]
[    0.000000]   node   0: [mem 0x00100000-0x13ffdfff]
[    0.000000] On node 0 totalpages: 81820
[    0.000000]   DMA zone: 32 pages used for memmap
[    0.000000]   DMA zone: 0 pages reserved
[    0.000000]   DMA zone: 3998 pages, LIFO batch:0
[    0.000000]   Normal zone: 608 pages used for memmap
[    0.000000]   Normal zone: 77822 pages, LIFO batch:15
[    0.000000] Using APIC driver default
[    0.000000] ACPI: PM-Timer IO Port: 0xb008
[    0.000000] ACPI: Local APIC address 0xfee00000
[    0.000000] mapped APIC to         ffffc000 (        fee00000)
[    0.000000] ACPI: LAPIC (acpi_id[0x00] lapic_id[0x00] enabled)
[    0.000000] ACPI: LAPIC_NMI (acpi_id[0xff] dfl dfl lint[0x1])
[    0.000000] ACPI: IOAPIC (id[0x00] address[0xfec00000] gsi_base[0])
[    0.000000] IOAPIC[0]: apic_id 0, version 17, address 0xfec00000, GSI 0-=
23
[    0.000000] ACPI: INT_SRC_OVR (bus 0 bus_irq 0 global_irq 2 dfl dfl)
[    0.000000] Int: type 0, pol 0, trig 0, bus 00, IRQ 00, APIC ID 0, APIC =
INT 02
[    0.000000] ACPI: INT_SRC_OVR (bus 0 bus_irq 5 global_irq 5 high level)
[    0.000000] Int: type 0, pol 1, trig 3, bus 00, IRQ 05, APIC ID 0, APIC =
INT 05
[    0.000000] ACPI: INT_SRC_OVR (bus 0 bus_irq 9 global_irq 9 high level)
[    0.000000] Int: type 0, pol 1, trig 3, bus 00, IRQ 09, APIC ID 0, APIC =
INT 09
[    0.000000] ACPI: INT_SRC_OVR (bus 0 bus_irq 10 global_irq 10 high level)
[    0.000000] Int: type 0, pol 1, trig 3, bus 00, IRQ 0a, APIC ID 0, APIC =
INT 0a
[    0.000000] ACPI: INT_SRC_OVR (bus 0 bus_irq 11 global_irq 11 high level)
[    0.000000] Int: type 0, pol 1, trig 3, bus 00, IRQ 0b, APIC ID 0, APIC =
INT 0b
[    0.000000] ACPI: IRQ0 used by override.
[    0.000000] Int: type 0, pol 0, trig 0, bus 00, IRQ 01, APIC ID 0, APIC =
INT 01
[    0.000000] Int: type 0, pol 0, trig 0, bus 00, IRQ 03, APIC ID 0, APIC =
INT 03
[    0.000000] Int: type 0, pol 0, trig 0, bus 00, IRQ 04, APIC ID 0, APIC =
INT 04
[    0.000000] ACPI: IRQ5 used by override.
[    0.000000] Int: type 0, pol 0, trig 0, bus 00, IRQ 06, APIC ID 0, APIC =
INT 06
[    0.000000] Int: type 0, pol 0, trig 0, bus 00, IRQ 07, APIC ID 0, APIC =
INT 07
[    0.000000] Int: type 0, pol 0, trig 0, bus 00, IRQ 08, APIC ID 0, APIC =
INT 08
[    0.000000] ACPI: IRQ9 used by override.
[    0.000000] ACPI: IRQ10 used by override.
[    0.000000] ACPI: IRQ11 used by override.
[    0.000000] Int: type 0, pol 0, trig 0, bus 00, IRQ 0c, APIC ID 0, APIC =
INT 0c
[    0.000000] Int: type 0, pol 0, trig 0, bus 00, IRQ 0d, APIC ID 0, APIC =
INT 0d
[    0.000000] Int: type 0, pol 0, trig 0, bus 00, IRQ 0e, APIC ID 0, APIC =
INT 0e
[    0.000000] Int: type 0, pol 0, trig 0, bus 00, IRQ 0f, APIC ID 0, APIC =
INT 0f
[    0.000000] Using ACPI (MADT) for SMP configuration information
[    0.000000] ACPI: HPET id: 0x8086a201 base: 0xfed00000
[    0.000000] smpboot: Allowing 1 CPUs, 0 hotplug CPUs
[    0.000000] mapped IOAPIC to ffffb000 (fec00000)
[    0.000000] e820: [mem 0x14000000-0xfeffbfff] available for PCI devices
[    0.000000] Booting paravirtualized kernel on KVM
[    0.000000] setup_percpu: NR_CPUS:8 nr_cpumask_bits:8 nr_cpu_ids:1 nr_no=
de_ids:1
[    0.000000] PERCPU: Embedded 334 pages/cpu @d370f000 s1345088 r0 d22976 =
u1368064
[    0.000000] pcpu-alloc: s1345088 r0 d22976 u1368064 alloc=3D334*4096
[    0.000000] pcpu-alloc: [0] 0=20
[    0.000000] KVM setup async PF for cpu 0
[    0.000000] kvm-stealtime: cpu 0, msr 13711a00
[    0.000000] Built 1 zonelists in Zone order, mobility grouping on.  Tota=
l pages: 81180
[    0.000000] Kernel command line: hung_task_panic=3D1 earlyprintk=3DttyS0=
,115200 debug apic=3Ddebug sysrq_always_enabled rcupdate.rcu_cpu_stall_time=
out=3D100 panic=3D-1 softlockup_panic=3D1 nmi_watchdog=3Dpanic oops=3Dpanic=
 load_ramdisk=3D2 prompt_ramdisk=3D0 console=3DttyS0,115200 console=3Dtty0 =
vga=3Dnormal  root=3D/dev/ram0 rw link=3D/kbuild-tests/run-queue/kvm/i386-r=
andconfig-ib1-09232303/next:master:36fbfebe776eb5871d61e7a755c9feb1c96cc4aa=
:bisect-linux-1/.vmlinuz-36fbfebe776eb5871d61e7a755c9feb1c96cc4aa-201409262=
20514-13-vp branch=3Dnext/master BOOT_IMAGE=3D/kernel/i386-randconfig-ib1-0=
9232303/36fbfebe776eb5871d61e7a755c9feb1c96cc4aa/vmlinuz-3.17.0-rc6-00089-g=
36fbfeb drbd.minor_count=3D8
[    0.000000] PID hash table entries: 2048 (order: 1, 8192 bytes)
[    0.000000] Dentry cache hash table entries: 65536 (order: 6, 262144 byt=
es)
[    0.000000] Inode-cache hash table entries: 32768 (order: 5, 131072 byte=
s)
[    0.000000] Initializing CPU#0
[    0.000000] Initializing HighMem for node 0 (00000000:00000000)
[    0.000000] Memory: 299664K/327280K available (5591K kernel code, 552K r=
wdata, 2744K rodata, 1852K init, 7164K bss, 27616K reserved, 0K highmem)
[    0.000000] virtual kernel memory layout:
[    0.000000]     fixmap  : 0xffe6e000 - 0xfffff000   (1604 kB)
[    0.000000]     pkmap   : 0xffa00000 - 0xffc00000   (2048 kB)
[    0.000000]     vmalloc : 0xd47fe000 - 0xff9fe000   ( 690 MB)
[    0.000000]     lowmem  : 0xc0000000 - 0xd3ffe000   ( 319 MB)
[    0.000000]       .init : 0xc18b2000 - 0xc1a81000   (1852 kB)
[    0.000000]       .data : 0xc15760ec - 0xc18b0300   (3304 kB)
[    0.000000]       .text : 0xc1000000 - 0xc15760ec   (5592 kB)
[    0.000000] Checking if this processor honours the WP bit even in superv=
isor mode...Ok.
[    0.000000] Hierarchical RCU implementation.
[    0.000000] RCU: Adjusting geometry for rcu_fanout_leaf=3D16, nr_cpu_ids=
=3D1
[    0.000000] NR_IRQS:2304 nr_irqs:256 0
[    0.000000] CPU 0 irqstacks, hard=3Dd3008000 soft=3Dd300a000
[    0.000000] Console: colour VGA+ 80x25
[    0.000000] console [tty0] enabled
[    0.000000] bootconsole [earlyser0] disabled
[    0.000000] Linux version 3.17.0-rc6-00089-g36fbfeb (kbuild@lkp-ib03) (g=
cc version 4.9.1 (Debian 4.9.1-11) ) #1 SMP Fri Sep 26 22:04:56 CST 2014
[    0.000000] e820: BIOS-provided physical RAM map:
[    0.000000] BIOS-e820: [mem 0x0000000000000000-0x000000000009fbff] usable
[    0.000000] BIOS-e820: [mem 0x000000000009fc00-0x000000000009ffff] reser=
ved
[    0.000000] BIOS-e820: [mem 0x00000000000f0000-0x00000000000fffff] reser=
ved
[    0.000000] BIOS-e820: [mem 0x0000000000100000-0x0000000013ffdfff] usable
[    0.000000] BIOS-e820: [mem 0x0000000013ffe000-0x0000000013ffffff] reser=
ved
[    0.000000] BIOS-e820: [mem 0x00000000feffc000-0x00000000feffffff] reser=
ved
[    0.000000] BIOS-e820: [mem 0x00000000fffc0000-0x00000000ffffffff] reser=
ved
[    0.000000] bootconsole [earlyser0] enabled
[    0.000000] NX (Execute Disable) protection: active
[    0.000000] SMBIOS 2.4 present.
[    0.000000] DMI: Bochs Bochs, BIOS Bochs 01/01/2011
[    0.000000] Hypervisor detected: KVM
[    0.000000] e820: update [mem 0x00000000-0x00000fff] usable =3D=3D> rese=
rved
[    0.000000] e820: remove [mem 0x000a0000-0x000fffff] usable
[    0.000000] e820: last_pfn =3D 0x13ffe max_arch_pfn =3D 0x1000000
[    0.000000] MTRR default type: write-back
[    0.000000] MTRR fixed ranges enabled:
[    0.000000]   00000-9FFFF write-back
[    0.000000]   A0000-BFFFF uncachable
[    0.000000]   C0000-FFFFF write-protect
[    0.000000] MTRR variable ranges enabled:
[    0.000000]   0 base 0080000000 mask FF80000000 uncachable
[    0.000000]   1 disabled
[    0.000000]   2 disabled
[    0.000000]   3 disabled
[    0.000000]   4 disabled
[    0.000000]   5 disabled
[    0.000000]   6 disabled
[    0.000000]   7 disabled
[    0.000000] x86 PAT enabled: cpu 0, old 0x70406, new 0x7010600070106
[    0.000000] initial memory mapped: [mem 0x00000000-0x025fffff]
[    0.000000] Base memory trampoline at [c009b000] 9b000 size 16384
[    0.000000] init_memory_mapping: [mem 0x00000000-0x000fffff]
[    0.000000]  [mem 0x00000000-0x000fffff] page 4k
[    0.000000] init_memory_mapping: [mem 0x13a00000-0x13bfffff]
[    0.000000]  [mem 0x13a00000-0x13bfffff] page 2M
[    0.000000] init_memory_mapping: [mem 0x10000000-0x139fffff]
[    0.000000]  [mem 0x10000000-0x139fffff] page 2M
[    0.000000] init_memory_mapping: [mem 0x00100000-0x0fffffff]
[    0.000000]  [mem 0x00100000-0x001fffff] page 4k
[    0.000000]  [mem 0x00200000-0x0fffffff] page 2M
[    0.000000] init_memory_mapping: [mem 0x13c00000-0x13ffdfff]
[    0.000000]  [mem 0x13c00000-0x13dfffff] page 2M
[    0.000000]  [mem 0x13e00000-0x13ffdfff] page 4k
[    0.000000] BRK [0x0219a000, 0x0219afff] PGTABLE
[    0.000000] RAMDISK: [mem 0x13cbd000-0x13feffff]
[    0.000000] ACPI: Early table checksum verification disabled
[    0.000000] ACPI: RSDP 0x000FD970 000014 (v00 BOCHS )
[    0.000000] ACPI: RSDT 0x13FFE4B0 000034 (v01 BOCHS  BXPCRSDT 00000001 B=
XPC 00000001)
[    0.000000] ACPI: FACP 0x13FFFF80 000074 (v01 BOCHS  BXPCFACP 00000001 B=
XPC 00000001)
[    0.000000] ACPI: DSDT 0x13FFE4F0 0011A9 (v01 BXPC   BXDSDT   00000001 I=
NTL 20100528)
[    0.000000] ACPI: FACS 0x13FFFF40 000040
[    0.000000] ACPI: SSDT 0x13FFF800 000735 (v01 BOCHS  BXPCSSDT 00000001 B=
XPC 00000001)
[    0.000000] ACPI: APIC 0x13FFF6E0 000078 (v01 BOCHS  BXPCAPIC 00000001 B=
XPC 00000001)
[    0.000000] ACPI: HPET 0x13FFF6A0 000038 (v01 BOCHS  BXPCHPET 00000001 B=
XPC 00000001)
[    0.000000] ACPI: Local APIC address 0xfee00000
[    0.000000] mapped APIC to         ffffc000 (        fee00000)
[    0.000000] 0MB HIGHMEM available.
[    0.000000] 319MB LOWMEM available.
[    0.000000]   mapped low ram: 0 - 13ffe000
[    0.000000]   low ram: 0 - 13ffe000
[    0.000000] kvm-clock: Using msrs 4b564d01 and 4b564d00
[    0.000000] kvm-clock: cpu 0, msr 0:13ffd001, primary cpu clock
[    0.000000] BRK [0x0219b000, 0x0219bfff] PGTABLE
[    0.000000] Zone ranges:
[    0.000000]   DMA      [mem 0x00001000-0x00ffffff]
[    0.000000]   Normal   [mem 0x01000000-0x13ffdfff]
[    0.000000]   HighMem  empty
[    0.000000] Movable zone start for each node
[    0.000000] Early memory node ranges
[    0.000000]   node   0: [mem 0x00001000-0x0009efff]
[    0.000000]   node   0: [mem 0x00100000-0x13ffdfff]
[    0.000000] On node 0 totalpages: 81820
[    0.000000]   DMA zone: 32 pages used for memmap
[    0.000000]   DMA zone: 0 pages reserved
[    0.000000]   DMA zone: 3998 pages, LIFO batch:0
[    0.000000]   Normal zone: 608 pages used for memmap
[    0.000000]   Normal zone: 77822 pages, LIFO batch:15
[    0.000000] Using APIC driver default
[    0.000000] ACPI: PM-Timer IO Port: 0xb008
[    0.000000] ACPI: Local APIC address 0xfee00000
[    0.000000] mapped APIC to         ffffc000 (        fee00000)
[    0.000000] ACPI: LAPIC (acpi_id[0x00] lapic_id[0x00] enabled)
[    0.000000] ACPI: LAPIC_NMI (acpi_id[0xff] dfl dfl lint[0x1])
[    0.000000] ACPI: IOAPIC (id[0x00] address[0xfec00000] gsi_base[0])
[    0.000000] IOAPIC[0]: apic_id 0, version 17, address 0xfec00000, GSI 0-=
23
[    0.000000] ACPI: INT_SRC_OVR (bus 0 bus_irq 0 global_irq 2 dfl dfl)
[    0.000000] Int: type 0, pol 0, trig 0, bus 00, IRQ 00, APIC ID 0, APIC =
INT 02
[    0.000000] ACPI: INT_SRC_OVR (bus 0 bus_irq 5 global_irq 5 high level)
[    0.000000] Int: type 0, pol 1, trig 3, bus 00, IRQ 05, APIC ID 0, APIC =
INT 05
[    0.000000] ACPI: INT_SRC_OVR (bus 0 bus_irq 9 global_irq 9 high level)
[    0.000000] Int: type 0, pol 1, trig 3, bus 00, IRQ 09, APIC ID 0, APIC =
INT 09
[    0.000000] ACPI: INT_SRC_OVR (bus 0 bus_irq 10 global_irq 10 high level)
[    0.000000] Int: type 0, pol 1, trig 3, bus 00, IRQ 0a, APIC ID 0, APIC =
INT 0a
[    0.000000] ACPI: INT_SRC_OVR (bus 0 bus_irq 11 global_irq 11 high level)
[    0.000000] Int: type 0, pol 1, trig 3, bus 00, IRQ 0b, APIC ID 0, APIC =
INT 0b
[    0.000000] ACPI: IRQ0 used by override.
[    0.000000] Int: type 0, pol 0, trig 0, bus 00, IRQ 01, APIC ID 0, APIC =
INT 01
[    0.000000] Int: type 0, pol 0, trig 0, bus 00, IRQ 03, APIC ID 0, APIC =
INT 03
[    0.000000] Int: type 0, pol 0, trig 0, bus 00, IRQ 04, APIC ID 0, APIC =
INT 04
[    0.000000] ACPI: IRQ5 used by override.
[    0.000000] Int: type 0, pol 0, trig 0, bus 00, IRQ 06, APIC ID 0, APIC =
INT 06
[    0.000000] Int: type 0, pol 0, trig 0, bus 00, IRQ 07, APIC ID 0, APIC =
INT 07
[    0.000000] Int: type 0, pol 0, trig 0, bus 00, IRQ 08, APIC ID 0, APIC =
INT 08
[    0.000000] ACPI: IRQ9 used by override.
[    0.000000] ACPI: IRQ10 used by override.
[    0.000000] ACPI: IRQ11 used by override.
[    0.000000] Int: type 0, pol 0, trig 0, bus 00, IRQ 0c, APIC ID 0, APIC =
INT 0c
[    0.000000] Int: type 0, pol 0, trig 0, bus 00, IRQ 0d, APIC ID 0, APIC =
INT 0d
[    0.000000] Int: type 0, pol 0, trig 0, bus 00, IRQ 0e, APIC ID 0, APIC =
INT 0e
[    0.000000] Int: type 0, pol 0, trig 0, bus 00, IRQ 0f, APIC ID 0, APIC =
INT 0f
[    0.000000] Using ACPI (MADT) for SMP configuration information
[    0.000000] ACPI: HPET id: 0x8086a201 base: 0xfed00000
[    0.000000] smpboot: Allowing 1 CPUs, 0 hotplug CPUs
[    0.000000] mapped IOAPIC to ffffb000 (fec00000)
[    0.000000] e820: [mem 0x14000000-0xfeffbfff] available for PCI devices
[    0.000000] Booting paravirtualized kernel on KVM
[    0.000000] setup_percpu: NR_CPUS:8 nr_cpumask_bits:8 nr_cpu_ids:1 nr_no=
de_ids:1
[    0.000000] PERCPU: Embedded 334 pages/cpu @d370f000 s1345088 r0 d22976 =
u1368064
[    0.000000] pcpu-alloc: s1345088 r0 d22976 u1368064 alloc=3D334*4096
[    0.000000] pcpu-alloc: [0] 0=20
[    0.000000] KVM setup async PF for cpu 0
[    0.000000] kvm-stealtime: cpu 0, msr 13711a00
[    0.000000] Built 1 zonelists in Zone order, mobility grouping on.  Tota=
l pages: 81180
[    0.000000] Kernel command line: hung_task_panic=3D1 earlyprintk=3DttyS0=
,115200 debug apic=3Ddebug sysrq_always_enabled rcupdate.rcu_cpu_stall_time=
out=3D100 panic=3D-1 softlockup_panic=3D1 nmi_watchdog=3Dpanic oops=3Dpanic=
 load_ramdisk=3D2 prompt_ramdisk=3D0 console=3DttyS0,115200 console=3Dtty0 =
vga=3Dnormal  root=3D/dev/ram0 rw link=3D/kbuild-tests/run-queue/kvm/i386-r=
andconfig-ib1-09232303/next:master:36fbfebe776eb5871d61e7a755c9feb1c96cc4aa=
:bisect-linux-1/.vmlinuz-36fbfebe776eb5871d61e7a755c9feb1c96cc4aa-201409262=
20514-13-vp branch=3Dnext/master BOOT_IMAGE=3D/kernel/i386-randconfig-ib1-0=
9232303/36fbfebe776eb5871d61e7a755c9feb1c96cc4aa/vmlinuz-3.17.0-rc6-00089-g=
36fbfeb drbd.minor_count=3D8
[    0.000000] PID hash table entries: 2048 (order: 1, 8192 bytes)
[    0.000000] Dentry cache hash table entries: 65536 (order: 6, 262144 byt=
es)
[    0.000000] Inode-cache hash table entries: 32768 (order: 5, 131072 byte=
s)
[    0.000000] Initializing CPU#0
[    0.000000] Initializing HighMem for node 0 (00000000:00000000)
[    0.000000] Memory: 299664K/327280K available (5591K kernel code, 552K r=
wdata, 2744K rodata, 1852K init, 7164K bss, 27616K reserved, 0K highmem)
[    0.000000] virtual kernel memory layout:
[    0.000000]     fixmap  : 0xffe6e000 - 0xfffff000   (1604 kB)
[    0.000000]     pkmap   : 0xffa00000 - 0xffc00000   (2048 kB)
[    0.000000]     vmalloc : 0xd47fe000 - 0xff9fe000   ( 690 MB)
[    0.000000]     lowmem  : 0xc0000000 - 0xd3ffe000   ( 319 MB)
[    0.000000]       .init : 0xc18b2000 - 0xc1a81000   (1852 kB)
[    0.000000]       .data : 0xc15760ec - 0xc18b0300   (3304 kB)
[    0.000000]       .text : 0xc1000000 - 0xc15760ec   (5592 kB)
[    0.000000] Checking if this processor honours the WP bit even in superv=
isor mode...Ok.
[    0.000000] Hierarchical RCU implementation.
[    0.000000] RCU: Adjusting geometry for rcu_fanout_leaf=3D16, nr_cpu_ids=
=3D1
[    0.000000] NR_IRQS:2304 nr_irqs:256 0
[    0.000000] CPU 0 irqstacks, hard=3Dd3008000 soft=3Dd300a000
[    0.000000] Console: colour VGA+ 80x25
[    0.000000] console [tty0] enabled
[    0.000000] bootconsole [earlyser0] disabled
[    0.000000] console [ttyS0] enabled
[    0.000000] Lock dependency validator: Copyright (c) 2006 Red Hat, Inc.,=
 Ingo Molnar
[    0.000000] ... MAX_LOCKDEP_SUBCLASSES:  8
[    0.000000] ... MAX_LOCK_DEPTH:          48
[    0.000000] ... MAX_LOCKDEP_KEYS:        8191
[    0.000000] ... CLASSHASH_SIZE:          4096
[    0.000000] ... MAX_LOCKDEP_ENTRIES:     32768
[    0.000000] ... MAX_LOCKDEP_CHAINS:      65536
[    0.000000] ... CHAINHASH_SIZE:          32768
[    0.000000]  memory used by lock dependency info: 5151 kB
[    0.000000]  per task-struct memory footprint: 1920 bytes
[    0.000000] ------------------------
[    0.000000] | Locking API testsuite:
[    0.000000] ------------------------------------------------------------=
----------------
[    0.000000]                                  | spin |wlock |rlock |mutex=
 | wsem | rsem |
[    0.000000]   ----------------------------------------------------------=
----------------
[    0.000000]                      A-A deadlock:failed|failed|  ok  |faile=
d|failed|failed|
[    0.000000]                  A-B-B-A deadlock:failed|failed|  ok  |faile=
d|failed|failed|
[    0.000000]              A-B-B-C-C-A deadlock:failed|failed|  ok  |faile=
d|failed|failed|
[    0.000000]              A-B-C-A-B-C deadlock:failed|failed|  ok  |faile=
d|failed|failed|
[    0.000000]          A-B-B-C-C-D-D-A deadlock:failed|failed|  ok  |faile=
d|failed|failed|
[    0.000000]          A-B-C-D-B-D-D-A deadlock:failed|failed|  ok  |faile=
d|failed|failed|
[    0.000000]          A-B-C-D-B-C-D-A deadlock:failed|failed|  ok  |faile=
d|failed|failed|
[    0.000000]                     double unlock:  ok  |  ok  |  ok  |  ok =
 |  ok  |  ok  |
[    0.000000]                   initialize held:  ok  |  ok  |  ok  |  ok =
 |  ok  |  ok  |
[    0.000000]                  bad unlock order:  ok  |  ok  |  ok  |  ok =
 |  ok  |  ok  |
[    0.000000]   ----------------------------------------------------------=
----------------
[    0.000000]               recursive read-lock:             |  ok  |     =
        |failed|
[    0.000000]            recursive read-lock #2:             |  ok  |     =
        |failed|
[    0.000000]             mixed read-write-lock:             |failed|     =
        |failed|
[    0.000000]             mixed write-read-lock:             |failed|     =
        |failed|
[    0.000000]   ----------------------------------------------------------=
----------------
[    0.000000]      hard-irqs-on + irq-safe-A/12:failed|failed|  ok  |
[    0.000000]      soft-irqs-on + irq-safe-A/12:failed|failed|  ok  |
[    0.000000]      hard-irqs-on + irq-safe-A/21:failed|failed|  ok  |
[    0.000000]      soft-irqs-on + irq-safe-A/21:failed|failed|  ok  |
[    0.000000]        sirq-safe-A =3D> hirqs-on/12:failed|failed|  ok  |
[    0.000000]        sirq-safe-A =3D> hirqs-on/21:failed|failed|  ok  |
[    0.000000]          hard-safe-A + irqs-on/12:failed|failed|  ok  |
[    0.000000]          soft-safe-A + irqs-on/12:failed|failed|  ok  |
[    0.000000]          hard-safe-A + irqs-on/21:failed|failed|  ok  |
[    0.000000]          soft-safe-A + irqs-on/21:failed|failed|  ok  |
[    0.000000]     hard-safe-A + unsafe-B #1/123:failed|failed|  ok  |
[    0.000000]     soft-safe-A + unsafe-B #1/123:failed|failed|  ok  |
[    0.000000]     hard-safe-A + unsafe-B #1/132:failed|failed|  ok  |
[    0.000000]     soft-safe-A + unsafe-B #1/132:failed|failed|  ok  |
[    0.000000]     hard-safe-A + unsafe-B #1/213:failed|failed|  ok  |
[    0.000000]     soft-safe-A + unsafe-B #1/213:failed|failed|  ok  |
[    0.000000]     hard-safe-A + unsafe-B #1/231:failed|failed|  ok  |
[    0.000000]     soft-safe-A + unsafe-B #1/231:failed|failed|  ok  |
[    0.000000]     hard-safe-A + unsafe-B #1/312:failed|failed|  ok  |
[    0.000000]     soft-safe-A + unsafe-B #1/312:failed|failed|  ok  |
[    0.000000]     hard-safe-A + unsafe-B #1/321:failed|failed|  ok  |
[    0.000000]     soft-safe-A + unsafe-B #1/321:failed|failed|  ok  |
[    0.000000]     hard-safe-A + unsafe-B #2/123:failed|failed|  ok  |
[    0.000000]     soft-safe-A + unsafe-B #2/123:failed|failed|  ok  |
[    0.000000]     hard-safe-A + unsafe-B #2/132:failed|failed|  ok  |
[    0.000000]     soft-safe-A + unsafe-B #2/132:failed|failed|  ok  |
[    0.000000]     hard-safe-A + unsafe-B #2/213:failed|failed|  ok  |
[    0.000000]     soft-safe-A + unsafe-B #2/213:failed|failed|  ok  |
[    0.000000]     hard-safe-A + unsafe-B #2/231:failed|failed|  ok  |
[    0.000000]     soft-safe-A + unsafe-B #2/231:failed|failed|  ok  |
[    0.000000]     hard-safe-A + unsafe-B #2/312:failed|failed|  ok  |
[    0.000000]     soft-safe-A + unsafe-B #2/312:failed|failed|  ok  |
[    0.000000]     hard-safe-A + unsafe-B #2/321:failed|failed|  ok  |
[    0.000000]     soft-safe-A + unsafe-B #2/321:failed|failed|  ok  |
[    0.000000]       hard-irq lock-inversion/123:failed|failed|  ok  |
[    0.000000]       soft-irq lock-inversion/123:failed|failed|  ok  |
[    0.000000]       hard-irq lock-inversion/132:failed|failed|  ok  |
[    0.000000]       soft-irq lock-inversion/132:failed|failed|  ok  |
[    0.000000]       hard-irq lock-inversion/213:failed|failed|  ok  |
[    0.000000]       soft-irq lock-inversion/213:failed|failed|  ok  |
[    0.000000]       hard-irq lock-inversion/231:failed|failed|  ok  |
[    0.000000]       soft-irq lock-inversion/231:failed|failed|  ok  |
[    0.000000]       hard-irq lock-inversion/312:failed|failed|  ok  |
[    0.000000]       soft-irq lock-inversion/312:failed|failed|  ok  |
[    0.000000]       hard-irq lock-inversion/321:failed|failed|  ok  |
[    0.000000]       soft-irq lock-inversion/321:failed|failed|  ok  |
[    0.000000]       hard-irq read-recursion/123:  ok  |
[    0.000000]       soft-irq read-recursion/123:  ok  |
[    0.000000]       hard-irq read-recursion/132:  ok  |
[    0.000000]       soft-irq read-recursion/132:  ok  |
[    0.000000]       hard-irq read-recursion/213:  ok  |
[    0.000000]       soft-irq read-recursion/213:  ok  |
[    0.000000]       hard-irq read-recursion/231:  ok  |
[    0.000000]       soft-irq read-recursion/231:  ok  |
[    0.000000]       hard-irq read-recursion/312:  ok  |
[    0.000000]       soft-irq read-recursion/312:  ok  |
[    0.000000]       hard-irq read-recursion/321:  ok  |
[    0.000000]       soft-irq read-recursion/321:  ok  |
[    0.000000]   ----------------------------------------------------------=
----------------
[    0.000000]   | Wound/wait tests |
[    0.000000]   ---------------------
[    0.000000]                   ww api failures:  ok  |  ok  |  ok  |
[    0.000000]                ww contexts mixing:failed|  ok  |
[    0.000000]              finishing ww context:  ok  |  ok  |  ok  |  ok =
 |
[    0.000000]                locking mismatches:  ok  |  ok  |  ok  |
[    0.000000]                  EDEADLK handling:  ok  |  ok  |  ok  |  ok =
 |  ok  |  ok  |  ok  |  ok  |  ok  |  ok  |
[    0.000000]            spinlock nest unlocked:  ok  |
[    0.000000]   -----------------------------------------------------
[    0.000000]                                  |block | try  |context|
[    0.000000]   -----------------------------------------------------
[    0.000000]                           context:failed|  ok  |  ok  |
[    0.000000]                               try:failed|  ok  |failed|
[    0.000000]                             block:failed|  ok  |failed|
[    0.000000]                          spinlock:failed|  ok  |failed|
[    0.000000] --------------------------------------------------------
[    0.000000] 141 out of 253 testcases failed, as expected. |
[    0.000000] ----------------------------------------------------
[    0.000000] ODEBUG: selftest passed
[    0.000000] hpet clockevent registered
[    0.000000] tsc: Detected 2693.530 MHz processor
[    0.008000] Calibrating delay loop (skipped) preset value.. 5387.06 Bogo=
MIPS (lpj=3D10774120)
[    0.008000] pid_max: default: 32768 minimum: 301
[    0.008000] ACPI: Core revision 20140724
[    0.009602] ACPI: All ACPI Tables successfully acquired
[    0.010574] Security Framework initialized
[    0.011226] Smack:  Initializing.
[    0.011812] Mount-cache hash table entries: 1024 (order: 0, 4096 bytes)
[    0.012008] Mountpoint-cache hash table entries: 1024 (order: 0, 4096 by=
tes)
[    0.014083] mce: CPU supports 10 MCE banks
[    0.016065] Last level iTLB entries: 4KB 0, 2MB 0, 4MB 0
[    0.016065] Last level dTLB entries: 4KB 0, 2MB 0, 4MB 0, 1GB 0
[    0.034963] Freeing SMP alternatives memory: 24K (c1a81000 - c1a87000)
[    0.040683] Getting VERSION: 50014
[    0.041391] Getting VERSION: 50014
[    0.041963] Getting ID: 0
[    0.042488] Getting ID: f000000
[    0.043054] Getting LVT0: 8700
[    0.043590] Getting LVT1: 8400
[    0.044005] Enabling APIC mode:  Flat.  Using 1 I/O APICs
[    0.044851] enabled ExtINT on CPU#0
[    0.046567] ENABLING IO-APIC IRQs
[    0.047162] init IO_APIC IRQs
[    0.047688]  apic 0 pin 0 not connected
[    0.048017] IOAPIC[0]: Set routing entry (0-1 -> 0x31 -> IRQ 1 Mode:0 Ac=
tive:0 Dest:1)
[    0.049245] IOAPIC[0]: Set routing entry (0-2 -> 0x30 -> IRQ 0 Mode:0 Ac=
tive:0 Dest:1)
[    0.050493] IOAPIC[0]: Set routing entry (0-2 -> 0x30 -> IRQ 0 Mode:0 Ac=
tive:0 Dest:1)
[    0.052020] IOAPIC[0]: Set routing entry (0-3 -> 0x33 -> IRQ 3 Mode:0 Ac=
tive:0 Dest:1)
[    0.053217] IOAPIC[0]: Set routing entry (0-4 -> 0x34 -> IRQ 4 Mode:0 Ac=
tive:0 Dest:1)
[    0.054427] IOAPIC[0]: Set routing entry (0-5 -> 0x35 -> IRQ 5 Mode:1 Ac=
tive:0 Dest:1)
[    0.055628] IOAPIC[0]: Set routing entry (0-6 -> 0x36 -> IRQ 6 Mode:0 Ac=
tive:0 Dest:1)
[    0.056019] IOAPIC[0]: Set routing entry (0-7 -> 0x37 -> IRQ 7 Mode:0 Ac=
tive:0 Dest:1)
[    0.057242] IOAPIC[0]: Set routing entry (0-8 -> 0x38 -> IRQ 8 Mode:0 Ac=
tive:0 Dest:1)
[    0.058452] IOAPIC[0]: Set routing entry (0-9 -> 0x39 -> IRQ 9 Mode:1 Ac=
tive:0 Dest:1)
[    0.060019] IOAPIC[0]: Set routing entry (0-10 -> 0x3a -> IRQ 10 Mode:1 =
Active:0 Dest:1)
[    0.061242] IOAPIC[0]: Set routing entry (0-11 -> 0x3b -> IRQ 11 Mode:1 =
Active:0 Dest:1)
[    0.062474] IOAPIC[0]: Set routing entry (0-12 -> 0x3c -> IRQ 12 Mode:0 =
Active:0 Dest:1)
[    0.064020] IOAPIC[0]: Set routing entry (0-13 -> 0x3d -> IRQ 13 Mode:0 =
Active:0 Dest:1)
[    0.065240] IOAPIC[0]: Set routing entry (0-14 -> 0x3e -> IRQ 14 Mode:0 =
Active:0 Dest:1)
[    0.066474] IOAPIC[0]: Set routing entry (0-15 -> 0x3f -> IRQ 15 Mode:0 =
Active:0 Dest:1)
[    0.068019]  apic 0 pin 16 not connected
[    0.068644]  apic 0 pin 17 not connected
[    0.069258]  apic 0 pin 18 not connected
[    0.072003]  apic 0 pin 19 not connected
[    0.072621]  apic 0 pin 20 not connected
[    0.073241]  apic 0 pin 21 not connected
[    0.073877]  apic 0 pin 22 not connected
[    0.074492]  apic 0 pin 23 not connected
[    0.075255] ..TIMER: vector=3D0x30 apic1=3D0 pin1=3D2 apic2=3D-1 pin2=3D=
-1
[    0.076004] smpboot: CPU0: Intel Common KVM processor (fam: 0f, model: 0=
6, stepping: 01)
[    0.077425] Using local APIC timer interrupts.
[    0.077425] calibrating APIC timer ...
[    0.080000] ... lapic delta =3D 6249806
[    0.080000] ... PM-Timer delta =3D 357968
[    0.080000] ... PM-Timer result ok
[    0.080000] ..... delta 6249806
[    0.080000] ..... mult: 268427123
[    0.080000] ..... calibration result: 3999875
[    0.080000] ..... CPU clock speed is 2693.2356 MHz.
[    0.080000] ..... host bus clock speed is 999.3875 MHz.
[    0.080121] Performance Events: unsupported Netburst CPU model 6 no PMU =
driver, software events only.
[    0.083613] Testing tracer nop: PASSED
[    0.084652] x86: Booted up 1 node, 1 CPUs
[    0.085740] ----------------
[    0.086619] | NMI testsuite:
[    0.087504] --------------------
[    0.088003]   remote IPI:  ok  |
[    0.089158]    local IPI:  ok  |
[    0.090324] --------------------
[    0.091261] Good, all   2 testcases passed! |
[    0.092004] ---------------------------------
[    0.093157] smpboot: Total of 1 processors activated (5387.06 BogoMIPS)
[    0.096719] devtmpfs: initialized
[    0.099257] Testing tracer wakeup: ret =3D 0
[    0.204079] ftrace-test (12) used greatest stack depth: 7160 bytes left
[    0.205111] PASSED
[    0.205734] Testing tracer wakeup_rt: ret =3D 0
[    0.308081] PASSED
[    0.308819] Testing tracer wakeup_dl: ret =3D 0
[    0.412065] PASSED
[    0.413017] prandom: seed boundary self test passed
[    0.414583] prandom: 100 self tests passed
[    0.416220] regulator-dummy: no parameters
[    0.417294] NET: Registered protocol family 16
[    0.418797] cpuidle: using governor menu
[    0.419859] ACPI: bus type PCI registered
[    0.420180] PCI : PCI BIOS area is rw and x. Use pci=3Dnobios if you wan=
t it NX.
[    0.421687] PCI: PCI BIOS revision 2.10 entry at 0xfc6d5, last bus=3D0
[    0.422752] PCI: Using configuration type 1 for base access
[    0.432987] Running resizable hashtable tests...
[    0.433884]   Adding 2048 keys
[    0.435463]   Traversal complete: counted=3D2048, nelems=3D2048, entries=
=3D2048
[    0.436159]   Table expansion iteration 0...
[    0.437453]   Verifying lookups...
[    0.438453]   Table expansion iteration 1...
[    0.440379]   Verifying lookups...
[    0.441018]   Table expansion iteration 2...
[    0.442612]   Verifying lookups...
[    0.443554]   Table expansion iteration 3...
[    0.444785]   Verifying lookups...
[    0.445889]   Table shrinkage iteration 0...
[    0.446822]   Verifying lookups...
[    0.448162]   Table shrinkage iteration 1...
[    0.449278]   Verifying lookups...
[    0.449913]   Table shrinkage iteration 2...
[    0.450669]   Verifying lookups...
[    0.451379]   Table shrinkage iteration 3...
[    0.452026]   Verifying lookups...
[    0.452692]   Deleting 2048 keys
[    0.453679] ACPI: Added _OSI(Module Device)
[    0.454393] ACPI: Added _OSI(Processor Device)
[    0.455054] ACPI: Added _OSI(3.0 _SCP Extensions)
[    0.455772] ACPI: Added _OSI(Processor Aggregator Device)
[    0.457697] IOAPIC[0]: Set routing entry (0-9 -> 0x39 -> IRQ 9 Mode:1 Ac=
tive:0 Dest:1)
[    0.463169] ACPI: Interpreter enabled
[    0.463788] ACPI: (supports S0 S5)
[    0.464003] ACPI: Using IOAPIC for interrupt routing
[    0.464738] PCI: Using host bridge windows from ACPI; if necessary, use =
"pci=3Dnocrs" and report a bug
[    0.466034] BUG: unable to handle kernel paging request at 00010023
[    0.466989] IP: [<c117dcf9>] kernfs_add_one+0x89/0x130
[    0.467812] *pdpt =3D 0000000000000000 *pde =3D f000ff53f000ff53=20
[    0.468000] Oops: 0002 [#1] SMP=20
[    0.468000] Modules linked in:
[    0.468000] CPU: 0 PID: 1 Comm: swapper/0 Not tainted 3.17.0-rc6-00089-g=
36fbfeb #1
[    0.468000] Hardware name: Bochs Bochs, BIOS Bochs 01/01/2011
[    0.468000] task: d303ec90 ti: d3040000 task.ti: d3040000
[    0.468000] EIP: 0060:[<c117dcf9>] EFLAGS: 00010286 CPU: 0
[    0.468000] EIP is at kernfs_add_one+0x89/0x130
[    0.468000] EAX: 542572cb EBX: 00010003 ECX: 00000008 EDX: 2c8de598
[    0.468000] ESI: d311de10 EDI: d311de70 EBP: d3041dd8 ESP: d3041db4
[    0.468000]  DS: 007b ES: 007b FS: 00d8 GS: 0000 SS: 0068
[    0.468000] CR0: 8005003b CR2: 00010023 CR3: 01a8a000 CR4: 000006f0
[    0.468000] Stack:
[    0.468000]  d3006f00 00000202 d311de70 d311de10 d3041dd8 c117dba0 d311d=
e10 c159a5c0
[    0.468000]  c1862a00 d3041df0 c117f0f2 00000000 c18629f4 d311de70 00000=
000 d3041e2c
[    0.468000]  c117f8b5 00001000 00000000 c159a5c0 c18629f4 00000000 00000=
001 c1862a00
[    0.468000] Call Trace:
[    0.468000]  [<c117dba0>] ? kernfs_new_node+0x30/0x40
[    0.468000]  [<c117f0f2>] __kernfs_create_file+0x92/0xc0
[    0.468000]  [<c117f8b5>] sysfs_add_file_mode_ns+0x95/0x190
[    0.468000]  [<c117f9d7>] sysfs_create_file_ns+0x27/0x40
[    0.468000]  [<c1252ef6>] kobject_add_internal+0x136/0x2c0
[    0.468000]  [<c125e360>] ? kvasprintf+0x40/0x50
[    0.468000]  [<c1252a92>] ? kobject_set_name_vargs+0x42/0x60
[    0.468000]  [<c12530b5>] kobject_init_and_add+0x35/0x50
[    0.468000]  [<c12ad04f>] acpi_sysfs_add_hotplug_profile+0x24/0x4a
[    0.468000]  [<c12a7280>] acpi_scan_add_handler_with_hotplug+0x21/0x28
[    0.468000]  [<c18df524>] acpi_pci_root_init+0x20/0x22
[    0.468000]  [<c18df0e1>] acpi_scan_init+0x24/0x16d
[    0.468000]  [<c18def73>] acpi_init+0x20c/0x224
[    0.468000]  [<c18ded67>] ? acpi_sleep_init+0xab/0xab
[    0.468000]  [<c100041e>] do_one_initcall+0x7e/0x1b0
[    0.468000]  [<c18ded67>] ? acpi_sleep_init+0xab/0xab
[    0.468000]  [<c18b24ba>] ? repair_env_string+0x12/0x54
[    0.468000]  [<c18b24a8>] ? initcall_blacklist+0x7c/0x7c
[    0.468000]  [<c105e100>] ? parse_args+0x160/0x3f0
[    0.468000]  [<c18b2bd1>] kernel_init_freeable+0xfc/0x179
[    0.468000]  [<c156782b>] kernel_init+0xb/0xd0
[    0.468000]  [<c1574601>] ret_from_kernel_thread+0x21/0x30
[    0.468000]  [<c1567820>] ? rest_init+0xb0/0xb0
[    0.468000] Code: 26 00 83 e1 10 75 5b 8b 46 24 e8 b3 ea ff ff 89 46 38 =
89 f0 e8 d9 f9 ff ff 85 c0 89 c3 75 ca 8b 5f 5c 85 db 74 11 e8 97 90 f1 ff =
<89> 43 20 89 53 24 89 43 28 89 53 2c b8 c0 2f 85 c1 e8 d1 36 3f
[    0.468000] EIP: [<c117dcf9>] kernfs_add_one+0x89/0x130 SS:ESP 0068:d304=
1db4
[    0.468000] CR2: 0000000000010023
[    0.468000] ---[ end trace 4fa173691404b63f ]---
[    0.468000] Kernel panic - not syncing: Fatal exception

Elapsed time: 5
qemu-system-x86_64 -cpu kvm64 -enable-kvm -kernel /kernel/i386-randconfig-i=
b1-09232303/36fbfebe776eb5871d61e7a755c9feb1c96cc4aa/vmlinuz-3.17.0-rc6-000=
89-g36fbfeb -append 'hung_task_panic=3D1 earlyprintk=3DttyS0,115200 debug a=
pic=3Ddebug sysrq_always_enabled rcupdate.rcu_cpu_stall_timeout=3D100 panic=
=3D-1 softlockup_panic=3D1 nmi_watchdog=3Dpanic oops=3Dpanic load_ramdisk=
=3D2 prompt_ramdisk=3D0 console=3DttyS0,115200 console=3Dtty0 vga=3Dnormal =
 root=3D/dev/ram0 rw link=3D/kbuild-tests/run-queue/kvm/i386-randconfig-ib1=
-09232303/next:master:36fbfebe776eb5871d61e7a755c9feb1c96cc4aa:bisect-linux=
-1/.vmlinuz-36fbfebe776eb5871d61e7a755c9feb1c96cc4aa-20140926220514-13-vp b=
ranch=3Dnext/master BOOT_IMAGE=3D/kernel/i386-randconfig-ib1-09232303/36fbf=
ebe776eb5871d61e7a755c9feb1c96cc4aa/vmlinuz-3.17.0-rc6-00089-g36fbfeb drbd.=
minor_count=3D8'  -initrd /kernel-tests/initrd/yocto-minimal-i386.cgz -m 32=
0 -smp 1 -net nic,vlan=3D1,model=3De1000 -net user,vlan=3D1 -boot order=3Dn=
c -no-reboot -watchdog i6300esb -rtc base=3Dlocaltime -drive file=3D/fs/LAB=
EL=3DKVM/disk0-yocto-vp-27,media=3Ddisk,if=3Dvirtio -drive file=3D/fs/LABEL=
=3DKVM/disk1-yocto-vp-27,media=3Ddisk,if=3Dvirtio -drive file=3D/fs/LABEL=
=3DKVM/disk2-yocto-vp-27,media=3Ddisk,if=3Dvirtio -drive file=3D/fs/LABEL=
=3DKVM/disk3-yocto-vp-27,media=3Ddisk,if=3Dvirtio -drive file=3D/fs/LABEL=
=3DKVM/disk4-yocto-vp-27,media=3Ddisk,if=3Dvirtio -drive file=3D/fs/LABEL=
=3DKVM/disk5-yocto-vp-27,media=3Ddisk,if=3Dvirtio -pidfile /dev/shm/kboot/p=
id-yocto-vp-27 -serial file:/dev/shm/kboot/serial-yocto-vp-27 -daemonize -d=
isplay none -monitor null=20

--cNdxnHkX5QqsyA0e
Content-Type: application/octet-stream
Content-Disposition: attachment; filename="i386-randconfig-ib1-09232303-55f21306900abf9f9d2a087a127ff49c6d388ad2-BUG:-unable-to-handle-kernel-108269.log"
Content-Transfer-Encoding: base64

SEVBRCBpcyBub3cgYXQgNTVmMjEzMC4uLiBBZGQgbGludXgtbmV4dCBzcGVjaWZpYyBmaWxl
cyBmb3IgMjAxNDA5MjMKZ2l0IGNoZWNrb3V0IDBmMzNiZTAwOWI4OWQyMjY4ZTk0MTk0ZGM0
ZmQwMWE3ODUxYjZkNTEKbHMgLWEgL2tidWlsZC10ZXN0cy9ydW4tcXVldWUva3ZtL2kzODYt
cmFuZGNvbmZpZy1pYjEtMDkyMzIzMDMvbmV4dDptYXN0ZXI6MGYzM2JlMDA5Yjg5ZDIyNjhl
OTQxOTRkYzRmZDAxYTc4NTFiNmQ1MTpiaXNlY3QtbGludXgtMQoKMjAxNC0wOS0yNiAxNzo0
OTo1MyAwZjMzYmUwMDliODlkMjI2OGU5NDE5NGRjNGZkMDFhNzg1MWI2ZDUxIHJldXNlIC9r
ZXJuZWwvaTM4Ni1yYW5kY29uZmlnLWliMS0wOTIzMjMwMy8wZjMzYmUwMDliODlkMjI2OGU5
NDE5NGRjNGZkMDFhNzg1MWI2ZDUxL3ZtbGludXotMy4xNy4wLXJjNgoKMjAxNC0wOS0yNiAx
Nzo0OTo1MyBkZXRlY3RpbmcgYm9vdCBzdGF0ZSAuLgk3CTIwIFNVQ0NFU1MKCmJpc2VjdDog
Z29vZCBjb21taXQgMGYzM2JlMDA5Yjg5ZDIyNjhlOTQxOTRkYzRmZDAxYTc4NTFiNmQ1MQpn
aXQgYmlzZWN0IHN0YXJ0IDU1ZjIxMzA2OTAwYWJmOWY5ZDJhMDg3YTEyN2ZmNDljNmQzODhh
ZDIgMGYzM2JlMDA5Yjg5ZDIyNjhlOTQxOTRkYzRmZDAxYTc4NTFiNmQ1MSAtLQovYy9rZXJu
ZWwtdGVzdHMvbGluZWFyLWJpc2VjdDogWyItYiIsICI1NWYyMTMwNjkwMGFiZjlmOWQyYTA4
N2ExMjdmZjQ5YzZkMzg4YWQyIiwgIi1nIiwgIjBmMzNiZTAwOWI4OWQyMjY4ZTk0MTk0ZGM0
ZmQwMWE3ODUxYjZkNTEiLCAiL2Mva2VybmVsLXRlc3RzL2Jpc2VjdC10ZXN0LWJvb3QtZmFp
bHVyZS5zaCIsICIvYy9ib290LWJpc2VjdC9saW51eC0xL29iai1iaXNlY3QiXQpCaXNlY3Rp
bmc6IDc0NDYgcmV2aXNpb25zIGxlZnQgdG8gdGVzdCBhZnRlciB0aGlzIChyb3VnaGx5IDEz
IHN0ZXBzKQpbMThjMTNlMmQ5Yjc1ZTI3NjBlNjUyMGYyZmRlMDA0MDExOTI5NTZmM10gTWVy
Z2UgcmVtb3RlLXRyYWNraW5nIGJyYW5jaCAnYmx1ZXRvb3RoL21hc3RlcicKcnVubmluZyAv
Yy9rZXJuZWwtdGVzdHMvYmlzZWN0LXRlc3QtYm9vdC1mYWlsdXJlLnNoIC9jL2Jvb3QtYmlz
ZWN0L2xpbnV4LTEvb2JqLWJpc2VjdApscyAtYSAva2J1aWxkLXRlc3RzL3J1bi1xdWV1ZS9r
dm0vaTM4Ni1yYW5kY29uZmlnLWliMS0wOTIzMjMwMy9uZXh0Om1hc3RlcjoxOGMxM2UyZDli
NzVlMjc2MGU2NTIwZjJmZGUwMDQwMTE5Mjk1NmYzOmJpc2VjdC1saW51eC0xCgoyMDE0LTA5
LTI2IDE3OjUxOjU3IDE4YzEzZTJkOWI3NWUyNzYwZTY1MjBmMmZkZTAwNDAxMTkyOTU2ZjMg
Y29tcGlsaW5nClF1ZXVlZCBidWlsZCB0YXNrIHRvIC9rYnVpbGQtdGVzdHMvYnVpbGQtcXVl
dWUvbGtwLWliMDMvaTM4Ni1yYW5kY29uZmlnLWliMS0wOTIzMjMwMy0xOGMxM2UyZDliNzVl
Mjc2MGU2NTIwZjJmZGUwMDQwMTE5Mjk1NmYzCkNoZWNrIGZvciBrZXJuZWwgaW4gL2tlcm5l
bC9pMzg2LXJhbmRjb25maWctaWIxLTA5MjMyMzAzLzE4YzEzZTJkOWI3NWUyNzYwZTY1MjBm
MmZkZTAwNDAxMTkyOTU2ZjMKd2FpdGluZyBmb3IgY29tcGxldGlvbiBvZiAva2J1aWxkLXRl
c3RzL2J1aWxkLXF1ZXVlL2xrcC1pYjAzLXNtb2tlL2kzODYtcmFuZGNvbmZpZy1pYjEtMDky
MzIzMDMtMThjMTNlMmQ5Yjc1ZTI3NjBlNjUyMGYyZmRlMDA0MDExOTI5NTZmMwprZXJuZWw6
IC9rZXJuZWwvaTM4Ni1yYW5kY29uZmlnLWliMS0wOTIzMjMwMy8xOGMxM2UyZDliNzVlMjc2
MGU2NTIwZjJmZGUwMDQwMTE5Mjk1NmYzL3ZtbGludXotMy4xNy4wLXJjNi0wMzE2Ny1nMThj
MTNlMgoKMjAxNC0wOS0yNiAxNzo1NDo1NyBkZXRlY3RpbmcgYm9vdCBzdGF0ZSAuLi4JMjAg
U1VDQ0VTUwoKQmlzZWN0aW5nOiA0Mjc5IHJldmlzaW9ucyBsZWZ0IHRvIHRlc3QgYWZ0ZXIg
dGhpcyAocm91Z2hseSAxMyBzdGVwcykKW2FiZjc5NDk1ZjM4YmE2NmY3NTA1NjZiM2YwYThk
YThkZDk0YjRkYzNdIE1lcmdlIHJlbW90ZS10cmFja2luZyBicmFuY2ggJ2Z0cmFjZS9mb3It
bmV4dCcKcnVubmluZyAvYy9rZXJuZWwtdGVzdHMvYmlzZWN0LXRlc3QtYm9vdC1mYWlsdXJl
LnNoIC9jL2Jvb3QtYmlzZWN0L2xpbnV4LTEvb2JqLWJpc2VjdApscyAtYSAva2J1aWxkLXRl
c3RzL3J1bi1xdWV1ZS9rdm0vaTM4Ni1yYW5kY29uZmlnLWliMS0wOTIzMjMwMy9uZXh0Om1h
c3RlcjphYmY3OTQ5NWYzOGJhNjZmNzUwNTY2YjNmMGE4ZGE4ZGQ5NGI0ZGMzOmJpc2VjdC1s
aW51eC0xCgoyMDE0LTA5LTI2IDE3OjU3OjAwIGFiZjc5NDk1ZjM4YmE2NmY3NTA1NjZiM2Yw
YThkYThkZDk0YjRkYzMgY29tcGlsaW5nClF1ZXVlZCBidWlsZCB0YXNrIHRvIC9rYnVpbGQt
dGVzdHMvYnVpbGQtcXVldWUvbGtwLWliMDMvaTM4Ni1yYW5kY29uZmlnLWliMS0wOTIzMjMw
My1hYmY3OTQ5NWYzOGJhNjZmNzUwNTY2YjNmMGE4ZGE4ZGQ5NGI0ZGMzCkNoZWNrIGZvciBr
ZXJuZWwgaW4gL2tlcm5lbC9pMzg2LXJhbmRjb25maWctaWIxLTA5MjMyMzAzL2FiZjc5NDk1
ZjM4YmE2NmY3NTA1NjZiM2YwYThkYThkZDk0YjRkYzMKd2FpdGluZyBmb3IgY29tcGxldGlv
biBvZiAva2J1aWxkLXRlc3RzL2J1aWxkLXF1ZXVlL2xrcC1pYjAzL2kzODYtcmFuZGNvbmZp
Zy1pYjEtMDkyMzIzMDMtYWJmNzk0OTVmMzhiYTY2Zjc1MDU2NmIzZjBhOGRhOGRkOTRiNGRj
MwobWzE7MzVtMjAxNC0wOS0yNiAxNzo1OTowMCBObyBidWlsZCBzZXJ2ZWQgZmlsZSAva2J1
aWxkLXRlc3RzL2J1aWxkLXNlcnZlZC9pMzg2LXJhbmRjb25maWctaWIxLTA5MjMyMzAzLWFi
Zjc5NDk1ZjM4YmE2NmY3NTA1NjZiM2YwYThkYThkZDk0YjRkYzMbWzBtClJldHJ5IGJ1aWxk
IC4uCndhaXRpbmcgZm9yIGNvbXBsZXRpb24gb2YgL2tidWlsZC10ZXN0cy9idWlsZC1xdWV1
ZS9sa3AtaWIwMy1zbW9rZS9pMzg2LXJhbmRjb25maWctaWIxLTA5MjMyMzAzLWFiZjc5NDk1
ZjM4YmE2NmY3NTA1NjZiM2YwYThkYThkZDk0YjRkYzMKa2VybmVsOiAva2VybmVsL2kzODYt
cmFuZGNvbmZpZy1pYjEtMDkyMzIzMDMvYWJmNzk0OTVmMzhiYTY2Zjc1MDU2NmIzZjBhOGRh
OGRkOTRiNGRjMy92bWxpbnV6LTMuMTcuMC1yYzYtMDUwMjktZ2FiZjc5NDkKCjIwMTQtMDkt
MjYgMTg6MDI6MDEgZGV0ZWN0aW5nIGJvb3Qgc3RhdGUgLgkyMCBTVUNDRVNTCgpCaXNlY3Rp
bmc6IDI0MTcgcmV2aXNpb25zIGxlZnQgdG8gdGVzdCBhZnRlciB0aGlzIChyb3VnaGx5IDEy
IHN0ZXBzKQpbMGJlZDIyMDM0ZTI2YTNjMzdlZTQ0MDdmY2NmZmE4YzA5NWQ1ZTE0NF0gTWVy
Z2UgcmVtb3RlLXRyYWNraW5nIGJyYW5jaCAncGluY3RybC9mb3ItbmV4dCcKcnVubmluZyAv
Yy9rZXJuZWwtdGVzdHMvYmlzZWN0LXRlc3QtYm9vdC1mYWlsdXJlLnNoIC9jL2Jvb3QtYmlz
ZWN0L2xpbnV4LTEvb2JqLWJpc2VjdApscyAtYSAva2J1aWxkLXRlc3RzL3J1bi1xdWV1ZS9r
dm0vaTM4Ni1yYW5kY29uZmlnLWliMS0wOTIzMjMwMy9uZXh0Om1hc3RlcjowYmVkMjIwMzRl
MjZhM2MzN2VlNDQwN2ZjY2ZmYThjMDk1ZDVlMTQ0OmJpc2VjdC1saW51eC0xCgoyMDE0LTA5
LTI2IDE4OjAzOjAzIDBiZWQyMjAzNGUyNmEzYzM3ZWU0NDA3ZmNjZmZhOGMwOTVkNWUxNDQg
Y29tcGlsaW5nClF1ZXVlZCBidWlsZCB0YXNrIHRvIC9rYnVpbGQtdGVzdHMvYnVpbGQtcXVl
dWUvbGtwLWliMDMvaTM4Ni1yYW5kY29uZmlnLWliMS0wOTIzMjMwMy0wYmVkMjIwMzRlMjZh
M2MzN2VlNDQwN2ZjY2ZmYThjMDk1ZDVlMTQ0CkNoZWNrIGZvciBrZXJuZWwgaW4gL2tlcm5l
bC9pMzg2LXJhbmRjb25maWctaWIxLTA5MjMyMzAzLzBiZWQyMjAzNGUyNmEzYzM3ZWU0NDA3
ZmNjZmZhOGMwOTVkNWUxNDQKd2FpdGluZyBmb3IgY29tcGxldGlvbiBvZiAva2J1aWxkLXRl
c3RzL2J1aWxkLXF1ZXVlL2xrcC1pYjAzL2kzODYtcmFuZGNvbmZpZy1pYjEtMDkyMzIzMDMt
MGJlZDIyMDM0ZTI2YTNjMzdlZTQ0MDdmY2NmZmE4YzA5NWQ1ZTE0NAobWzE7MzVtMjAxNC0w
OS0yNiAxODowNjowMyBObyBidWlsZCBzZXJ2ZWQgZmlsZSAva2J1aWxkLXRlc3RzL2J1aWxk
LXNlcnZlZC9pMzg2LXJhbmRjb25maWctaWIxLTA5MjMyMzAzLTBiZWQyMjAzNGUyNmEzYzM3
ZWU0NDA3ZmNjZmZhOGMwOTVkNWUxNDQbWzBtClJldHJ5IGJ1aWxkIC4uCndhaXRpbmcgZm9y
IGNvbXBsZXRpb24gb2YgL2tidWlsZC10ZXN0cy9idWlsZC1xdWV1ZS9sa3AtaWIwMy1zbW9r
ZS9pMzg2LXJhbmRjb25maWctaWIxLTA5MjMyMzAzLTBiZWQyMjAzNGUyNmEzYzM3ZWU0NDA3
ZmNjZmZhOGMwOTVkNWUxNDQKa2VybmVsOiAva2VybmVsL2kzODYtcmFuZGNvbmZpZy1pYjEt
MDkyMzIzMDMvMGJlZDIyMDM0ZTI2YTNjMzdlZTQ0MDdmY2NmZmE4YzA5NWQ1ZTE0NC92bWxp
bnV6LTMuMTcuMC1yYzYtMDY4NzItZzBiZWQyMjAKCjIwMTQtMDktMjYgMTg6MDg6MDMgZGV0
ZWN0aW5nIGJvb3Qgc3RhdGUgCTEJMjAgU1VDQ0VTUwoKQmlzZWN0aW5nOiA1NzQgcmV2aXNp
b25zIGxlZnQgdG8gdGVzdCBhZnRlciB0aGlzIChyb3VnaGx5IDEwIHN0ZXBzKQpbMTVjOTI4
MWExNWVkNzcxODg2OGQxMTVkNGQwMDYxOWIwYjdhMjYyNF0gTWVyZ2UgcmVtb3RlLXRyYWNr
aW5nIGJyYW5jaCAnY2xrL2Nsay1uZXh0JwpydW5uaW5nIC9jL2tlcm5lbC10ZXN0cy9iaXNl
Y3QtdGVzdC1ib290LWZhaWx1cmUuc2ggL2MvYm9vdC1iaXNlY3QvbGludXgtMS9vYmotYmlz
ZWN0CmxzIC1hIC9rYnVpbGQtdGVzdHMvcnVuLXF1ZXVlL2t2bS9pMzg2LXJhbmRjb25maWct
aWIxLTA5MjMyMzAzL25leHQ6bWFzdGVyOjE1YzkyODFhMTVlZDc3MTg4NjhkMTE1ZDRkMDA2
MTliMGI3YTI2MjQ6YmlzZWN0LWxpbnV4LTEKCjIwMTQtMDktMjYgMTg6MDk6MjkgMTVjOTI4
MWExNWVkNzcxODg2OGQxMTVkNGQwMDYxOWIwYjdhMjYyNCBjb21waWxpbmcKUXVldWVkIGJ1
aWxkIHRhc2sgdG8gL2tidWlsZC10ZXN0cy9idWlsZC1xdWV1ZS9sa3AtaWIwMy9pMzg2LXJh
bmRjb25maWctaWIxLTA5MjMyMzAzLTE1YzkyODFhMTVlZDc3MTg4NjhkMTE1ZDRkMDA2MTli
MGI3YTI2MjQKQ2hlY2sgZm9yIGtlcm5lbCBpbiAva2VybmVsL2kzODYtcmFuZGNvbmZpZy1p
YjEtMDkyMzIzMDMvMTVjOTI4MWExNWVkNzcxODg2OGQxMTVkNGQwMDYxOWIwYjdhMjYyNAp3
YWl0aW5nIGZvciBjb21wbGV0aW9uIG9mIC9rYnVpbGQtdGVzdHMvYnVpbGQtcXVldWUvbGtw
LWliMDMvaTM4Ni1yYW5kY29uZmlnLWliMS0wOTIzMjMwMy0xNWM5MjgxYTE1ZWQ3NzE4ODY4
ZDExNWQ0ZDAwNjE5YjBiN2EyNjI0ChtbMTszNW0yMDE0LTA5LTI2IDE4OjExOjI5IE5vIGJ1
aWxkIHNlcnZlZCBmaWxlIC9rYnVpbGQtdGVzdHMvYnVpbGQtc2VydmVkL2kzODYtcmFuZGNv
bmZpZy1pYjEtMDkyMzIzMDMtMTVjOTI4MWExNWVkNzcxODg2OGQxMTVkNGQwMDYxOWIwYjdh
MjYyNBtbMG0KUmV0cnkgYnVpbGQgLi4Kd2FpdGluZyBmb3IgY29tcGxldGlvbiBvZiAva2J1
aWxkLXRlc3RzL2J1aWxkLXF1ZXVlL2xrcC1pYjAzLXNtb2tlL2kzODYtcmFuZGNvbmZpZy1p
YjEtMDkyMzIzMDMtMTVjOTI4MWExNWVkNzcxODg2OGQxMTVkNGQwMDYxOWIwYjdhMjYyNApr
ZXJuZWw6IC9rZXJuZWwvaTM4Ni1yYW5kY29uZmlnLWliMS0wOTIzMjMwMy8xNWM5MjgxYTE1
ZWQ3NzE4ODY4ZDExNWQ0ZDAwNjE5YjBiN2EyNjI0L3ZtbGludXotMy4xNy4wLXJjNi0wNjk2
My1nMTVjOTI4MQoKMjAxNC0wOS0yNiAxODoxMzoyOSBkZXRlY3RpbmcgYm9vdCBzdGF0ZSAu
LgkyMCBTVUNDRVNTCgpCaXNlY3Rpbmc6IDQ4MyByZXZpc2lvbnMgbGVmdCB0byB0ZXN0IGFm
dGVyIHRoaXMgKHJvdWdobHkgOSBzdGVwcykKWzUwOTM5NTMxZGVhMWI5MTNiN2ZhMjlmOWJi
YzY5ZmVhZmVmZDA5MGNdIE1lcmdlIGJyYW5jaCAncmQtZG9jcy9tYXN0ZXInCnJ1bm5pbmcg
L2Mva2VybmVsLXRlc3RzL2Jpc2VjdC10ZXN0LWJvb3QtZmFpbHVyZS5zaCAvYy9ib290LWJp
c2VjdC9saW51eC0xL29iai1iaXNlY3QKbHMgLWEgL2tidWlsZC10ZXN0cy9ydW4tcXVldWUv
a3ZtL2kzODYtcmFuZGNvbmZpZy1pYjEtMDkyMzIzMDMvbmV4dDptYXN0ZXI6NTA5Mzk1MzFk
ZWExYjkxM2I3ZmEyOWY5YmJjNjlmZWFmZWZkMDkwYzpiaXNlY3QtbGludXgtMQoKMjAxNC0w
OS0yNiAxODoxNTowMSA1MDkzOTUzMWRlYTFiOTEzYjdmYTI5ZjliYmM2OWZlYWZlZmQwOTBj
IGNvbXBpbGluZwpRdWV1ZWQgYnVpbGQgdGFzayB0byAva2J1aWxkLXRlc3RzL2J1aWxkLXF1
ZXVlL2xrcC1pYjAzL2kzODYtcmFuZGNvbmZpZy1pYjEtMDkyMzIzMDMtNTA5Mzk1MzFkZWEx
YjkxM2I3ZmEyOWY5YmJjNjlmZWFmZWZkMDkwYwpDaGVjayBmb3Iga2VybmVsIGluIC9rZXJu
ZWwvaTM4Ni1yYW5kY29uZmlnLWliMS0wOTIzMjMwMy81MDkzOTUzMWRlYTFiOTEzYjdmYTI5
ZjliYmM2OWZlYWZlZmQwOTBjCndhaXRpbmcgZm9yIGNvbXBsZXRpb24gb2YgL2tidWlsZC10
ZXN0cy9idWlsZC1xdWV1ZS9sa3AtaWIwMy9pMzg2LXJhbmRjb25maWctaWIxLTA5MjMyMzAz
LTUwOTM5NTMxZGVhMWI5MTNiN2ZhMjlmOWJiYzY5ZmVhZmVmZDA5MGMKG1sxOzM1bTIwMTQt
MDktMjYgMTg6MTg6MDEgTm8gYnVpbGQgc2VydmVkIGZpbGUgL2tidWlsZC10ZXN0cy9idWls
ZC1zZXJ2ZWQvaTM4Ni1yYW5kY29uZmlnLWliMS0wOTIzMjMwMy01MDkzOTUzMWRlYTFiOTEz
YjdmYTI5ZjliYmM2OWZlYWZlZmQwOTBjG1swbQpSZXRyeSBidWlsZCAuLgp3YWl0aW5nIGZv
ciBjb21wbGV0aW9uIG9mIC9rYnVpbGQtdGVzdHMvYnVpbGQtcXVldWUvbGtwLWliMDMtc21v
a2UvaTM4Ni1yYW5kY29uZmlnLWliMS0wOTIzMjMwMy01MDkzOTUzMWRlYTFiOTEzYjdmYTI5
ZjliYmM2OWZlYWZlZmQwOTBjCmtlcm5lbDogL2tlcm5lbC9pMzg2LXJhbmRjb25maWctaWIx
LTA5MjMyMzAzLzUwOTM5NTMxZGVhMWI5MTNiN2ZhMjlmOWJiYzY5ZmVhZmVmZDA5MGMvdm1s
aW51ei0zLjE3LjAtcmM2LTA2OTk3LWc1MDkzOTUzCgoyMDE0LTA5LTI2IDE4OjIwOjAxIGRl
dGVjdGluZyBib290IHN0YXRlIC4JMgkzLgk3CTE1CTIwIFNVQ0NFU1MKCkJpc2VjdGluZzog
NDQ5IHJldmlzaW9ucyBsZWZ0IHRvIHRlc3QgYWZ0ZXIgdGhpcyAocm91Z2hseSA5IHN0ZXBz
KQpbYWE4ODFlM2M1ZTg3YzhhYTIzNTE5ZjQwNTU0ODk3ZDU2ZjMyYjkzNV0gTWVyZ2UgcmVt
b3RlLXRyYWNraW5nIGJyYW5jaCAncG93ZXJwYy1tcGUvbmV4dCcKcnVubmluZyAvYy9rZXJu
ZWwtdGVzdHMvYmlzZWN0LXRlc3QtYm9vdC1mYWlsdXJlLnNoIC9jL2Jvb3QtYmlzZWN0L2xp
bnV4LTEvb2JqLWJpc2VjdApscyAtYSAva2J1aWxkLXRlc3RzL3J1bi1xdWV1ZS9rdm0vaTM4
Ni1yYW5kY29uZmlnLWliMS0wOTIzMjMwMy9uZXh0Om1hc3RlcjphYTg4MWUzYzVlODdjOGFh
MjM1MTlmNDA1NTQ4OTdkNTZmMzJiOTM1OmJpc2VjdC1saW51eC0xCgoyMDE0LTA5LTI2IDE4
OjIzOjMyIGFhODgxZTNjNWU4N2M4YWEyMzUxOWY0MDU1NDg5N2Q1NmYzMmI5MzUgY29tcGls
aW5nClF1ZXVlZCBidWlsZCB0YXNrIHRvIC9rYnVpbGQtdGVzdHMvYnVpbGQtcXVldWUvbGtw
LWliMDMvaTM4Ni1yYW5kY29uZmlnLWliMS0wOTIzMjMwMy1hYTg4MWUzYzVlODdjOGFhMjM1
MTlmNDA1NTQ4OTdkNTZmMzJiOTM1CkNoZWNrIGZvciBrZXJuZWwgaW4gL2tlcm5lbC9pMzg2
LXJhbmRjb25maWctaWIxLTA5MjMyMzAzL2FhODgxZTNjNWU4N2M4YWEyMzUxOWY0MDU1NDg5
N2Q1NmYzMmI5MzUKd2FpdGluZyBmb3IgY29tcGxldGlvbiBvZiAva2J1aWxkLXRlc3RzL2J1
aWxkLXF1ZXVlL2xrcC1pYjAzLXNtb2tlL2kzODYtcmFuZGNvbmZpZy1pYjEtMDkyMzIzMDMt
YWE4ODFlM2M1ZTg3YzhhYTIzNTE5ZjQwNTU0ODk3ZDU2ZjMyYjkzNQprZXJuZWw6IC9rZXJu
ZWwvaTM4Ni1yYW5kY29uZmlnLWliMS0wOTIzMjMwMy9hYTg4MWUzYzVlODdjOGFhMjM1MTlm
NDA1NTQ4OTdkNTZmMzJiOTM1L3ZtbGludXotMy4xNy4wLXJjNi0wNzA3OS1nYWE4ODFlMwoK
MjAxNC0wOS0yNiAxODoyOTozMiBkZXRlY3RpbmcgYm9vdCBzdGF0ZSAuLi4uCTEuCTMuLi4J
NC4uLi4JNS4uLi4uLi4uLgk4Li4JOS4uLgkxMAkxMgkxNC4JMTcuCTE5CTIwIFNVQ0NFU1MK
CkJpc2VjdGluZzogMzY3IHJldmlzaW9ucyBsZWZ0IHRvIHRlc3QgYWZ0ZXIgdGhpcyAocm91
Z2hseSA5IHN0ZXBzKQpbODFiNjNkMTRkYjMyYmQ3NzA2Yzk1NWQxZTA0ZTY1YjE1MmIyMjc3
YV0gTWVyZ2UgYnJhbmNoICdha3BtLWN1cnJlbnQvY3VycmVudCcKcnVubmluZyAvYy9rZXJu
ZWwtdGVzdHMvYmlzZWN0LXRlc3QtYm9vdC1mYWlsdXJlLnNoIC9jL2Jvb3QtYmlzZWN0L2xp
bnV4LTEvb2JqLWJpc2VjdApscyAtYSAva2J1aWxkLXRlc3RzL3J1bi1xdWV1ZS9rdm0vaTM4
Ni1yYW5kY29uZmlnLWliMS0wOTIzMjMwMy9uZXh0Om1hc3Rlcjo4MWI2M2QxNGRiMzJiZDc3
MDZjOTU1ZDFlMDRlNjViMTUyYjIyNzdhOmJpc2VjdC1saW51eC0xCgoyMDE0LTA5LTI2IDE4
OjUwOjIxIDgxYjYzZDE0ZGIzMmJkNzcwNmM5NTVkMWUwNGU2NWIxNTJiMjI3N2EgY29tcGls
aW5nClF1ZXVlZCBidWlsZCB0YXNrIHRvIC9rYnVpbGQtdGVzdHMvYnVpbGQtcXVldWUvbGtw
LWliMDMvaTM4Ni1yYW5kY29uZmlnLWliMS0wOTIzMjMwMy04MWI2M2QxNGRiMzJiZDc3MDZj
OTU1ZDFlMDRlNjViMTUyYjIyNzdhCkNoZWNrIGZvciBrZXJuZWwgaW4gL2tlcm5lbC9pMzg2
LXJhbmRjb25maWctaWIxLTA5MjMyMzAzLzgxYjYzZDE0ZGIzMmJkNzcwNmM5NTVkMWUwNGU2
NWIxNTJiMjI3N2EKd2FpdGluZyBmb3IgY29tcGxldGlvbiBvZiAva2J1aWxkLXRlc3RzL2J1
aWxkLXF1ZXVlL2xrcC1pYjAzL2kzODYtcmFuZGNvbmZpZy1pYjEtMDkyMzIzMDMtODFiNjNk
MTRkYjMyYmQ3NzA2Yzk1NWQxZTA0ZTY1YjE1MmIyMjc3YQobWzE7MzVtMjAxNC0wOS0yNiAx
ODo1MjoyMiBObyBidWlsZCBzZXJ2ZWQgZmlsZSAva2J1aWxkLXRlc3RzL2J1aWxkLXNlcnZl
ZC9pMzg2LXJhbmRjb25maWctaWIxLTA5MjMyMzAzLTgxYjYzZDE0ZGIzMmJkNzcwNmM5NTVk
MWUwNGU2NWIxNTJiMjI3N2EbWzBtClJldHJ5IGJ1aWxkIC4uCndhaXRpbmcgZm9yIGNvbXBs
ZXRpb24gb2YgL2tidWlsZC10ZXN0cy9idWlsZC1xdWV1ZS9sa3AtaWIwMy1zbW9rZS9pMzg2
LXJhbmRjb25maWctaWIxLTA5MjMyMzAzLTgxYjYzZDE0ZGIzMmJkNzcwNmM5NTVkMWUwNGU2
NWIxNTJiMjI3N2EKa2VybmVsOiAva2VybmVsL2kzODYtcmFuZGNvbmZpZy1pYjEtMDkyMzIz
MDMvODFiNjNkMTRkYjMyYmQ3NzA2Yzk1NWQxZTA0ZTY1YjE1MmIyMjc3YS92bWxpbnV6LTMu
MTcuMC1yYzYtMDczNzItZzgxYjYzZDEKCjIwMTQtMDktMjYgMTg6NTQ6MjIgZGV0ZWN0aW5n
IGJvb3Qgc3RhdGUgLi4uLi4uIFRFU1QgRkFJTFVSRQpbICAgIDAuMzQ0MDA2XSAtLS0tLS0t
LS0tLS0tLS0tLS0tLS0tLS0tLS0tLS0tLS0KWyAgICAwLjM0ODAwNV0gc21wYm9vdDogVG90
YWwgb2YgMSBwcm9jZXNzb3JzIGFjdGl2YXRlZCAoNDUyMS45OSBCb2dvTUlQUykKWyAgICAw
LjM1NjY4MF0gZGV2dG1wZnM6IGluaXRpYWxpemVkClsgICAgMC4zNTgxNDhdIEJVRzogdW5h
YmxlIHRvIGhhbmRsZSBrZXJuZWwgcGFnaW5nIHJlcXVlc3QgYXQgMjRhMDAwMjAKWyAgICAw
LjM2MDAwMF0gSVA6IFs8YzExODBiYzk+XSBrZXJuZnNfYWRkX29uZSsweDg5LzB4MTMwClsg
ICAgMC4zNjAwMDBdICpwZHB0ID0gMDAwMDAwMDAwMDAwMDAwMCAqcGRlID0gMDAwMDAwMDAw
MDAwMDAwMCAKWyAgICAwLjM2MDAwMF0gT29wczogMDAwMiBbIzFdIFNNUCAKWyAgICAwLjM2
MDAwMF0gTW9kdWxlcyBsaW5rZWQgaW46ClsgICAgMC4zNjAwMDBdIENQVTogMCBQSUQ6IDEg
Q29tbTogc3dhcHBlci8wIE5vdCB0YWludGVkIDMuMTcuMC1yYzYtMDczNzItZzgxYjYzZDEg
IzEKWyAgICAwLjM2MDAwMF0gSGFyZHdhcmUgbmFtZTogUUVNVSBTdGFuZGFyZCBQQyAoaTQ0
MEZYICsgUElJWCwgMTk5NiksIEJJT1MgMS43LjUtMjAxNDA1MzFfMDgzMDMwLWdhbmRhbGYg
MDQvMDEvMjAxNApbICAgIDAuMzYwMDAwXSB0YXNrOiBkMzAzYWM5MCB0aTogZDMwM2MwMDAg
dGFzay50aTogZDMwM2MwMDAKWyAgICAwLjM2MDAwMF0gRUlQOiAwMDYwOls8YzExODBiYzk+
XSBFRkxBR1M6IDAwMDEwMjgyIENQVTogMApbICAgIDAuMzYwMDAwXSBFSVAgaXMgYXQga2Vy
bmZzX2FkZF9vbmUrMHg4OS8weDEzMApbICAgIDAuMzYwMDAwXSBFQVg6IDU0MjU0NjY0IEVC
WDogMjRhMDAwMDAgRUNYOiAwMDAwMDAwOCBFRFg6IDFkNDQ2MDRmClsgICAgMC4zNjAwMDBd
IEVTSTogZDMwNjkwMzAgRURJOiBkMzA2OTA5MCBFQlA6IGQzMDNkZTU0IEVTUDogZDMwM2Rl
MzAKWyAgICAwLjM2MDAwMF0gIERTOiAwMDdiIEVTOiAwMDdiIEZTOiAwMGQ4IEdTOiAwMDAw
IFNTOiAwMDY4ClsgICAgMC4zNjAwMDBdIENSMDogODAwNTAwM2IgQ1IyOiAyNGEwMDAyMCBD
UjM6IDAxYTkyMDAwIENSNDogMDAwMDA2ZjAKWyAgICAwLjM2MDAwMF0gU3RhY2s6ClsgICAg
MC4zNjAwMDBdICBkMzAwNmYwMCAwMDAwMDIwMiBkMzA2OTA5MCBkMzA2OTAzMCBkMzAzZGU1
NCBjMTE4MGE3MCBkMzA2OTAzMCBjMTVhMDY4MApbICAgIDAuMzYwMDAwXSAgYzE4N2RhMmMg
ZDMwM2RlNmMgYzExODFmYzIgMDAwMDAwMDAgYzE4N2RhMjAgZDMwNjkwOTAgMDAwMDAwMDAg
ZDMwM2RlYTgKWyAgICAwLjM2MDAwMF0gIGMxMTgyNzg1IDAwMDAxMDAwIDAwMDAwMDAwIGMx
NWEwNjgwIGMxODdkYTIwIDAwMDAwMDAwIDAwMDAwMDAxIGMxODdkYTJjClsgICAgMC4zNjAw
MDBdIENhbGwgVHJhY2U6ClsgICAgMC4zNjAwMDBdICBbPGMxMTgwYTcwPl0gPyBrZXJuZnNf
bmV3X25vZGUrMHgzMC8weDQwClsgICAgMC4zNjAwMDBdICBbPGMxMTgxZmMyPl0gX19rZXJu
ZnNfY3JlYXRlX2ZpbGUrMHg5Mi8weGMwClsgICAgMC4zNjAwMDBdICBbPGMxMTgyNzg1Pl0g
c3lzZnNfYWRkX2ZpbGVfbW9kZV9ucysweDk1LzB4MTkwClsgICAgMC4zNjAwMDBdICBbPGMx
MTgyYTFlPl0gc3lzZnNfYWRkX2ZpbGUrMHgxZS8weDMwClsgICAgMC4zNjAwMDBdICBbPGMx
MTgzMDlhPl0gc3lzZnNfbWVyZ2VfZ3JvdXArMHg0YS8weGMwClsgICAgMC4zNjAwMDBdICBb
PGMxMzI5YTljPl0gZHBtX3N5c2ZzX2FkZCsweDVjLzB4YjAKWyAgICAwLjM2MDAwMF0gIFs8
YzEzMjJjZjY+XSBkZXZpY2VfYWRkKzB4NDQ2LzB4NTgwClsgICAgMC4zNjAwMDBdICBbPGMx
MzJjZTBhPl0gPyBwbV9ydW50aW1lX2luaXQrMHhlYS8weGYwClsgICAgMC4zNjAwMDBdICBb
PGMxMzIyZTQyPl0gZGV2aWNlX3JlZ2lzdGVyKzB4MTIvMHgyMApbICAgIDAuMzYwMDAwXSAg
WzxjMTMyNDVhNz5dIHN1YnN5c19yZWdpc3Rlci5wYXJ0LjYrMHg2Ny8weGIwClsgICAgMC4z
NjAwMDBdICBbPGMxMzI0NjE1Pl0gc3Vic3lzX3N5c3RlbV9yZWdpc3RlcisweDI1LzB4MzAK
WyAgICAwLjM2MDAwMF0gIFs8YzE4ZWUzMzI+XSBjb250YWluZXJfZGV2X2luaXQrMHhmLzB4
MjgKWyAgICAwLjM2MDAwMF0gIFs8YzE4ZWUzMjE+XSBkcml2ZXJfaW5pdCsweDMwLzB4MzIK
WyAgICAwLjM2MDAwMF0gIFs8YzE4YmFiNjE+XSBrZXJuZWxfaW5pdF9mcmVlYWJsZSsweDdk
LzB4MTc5ClsgICAgMC4zNjAwMDBdICBbPGMxNTZlMTRiPl0ga2VybmVsX2luaXQrMHhiLzB4
ZDAKWyAgICAwLjM2MDAwMF0gIFs8YzE1N2FmMDE+XSByZXRfZnJvbV9rZXJuZWxfdGhyZWFk
KzB4MjEvMHgzMApbICAgIDAuMzYwMDAwXSAgWzxjMTU2ZTE0MD5dID8gcmVzdF9pbml0KzB4
YjAvMHhiMApbICAgIDAuMzYwMDAwXSBDb2RlOiAyNiAwMCA4MyBlMSAxMCA3NSA1YiA4YiA0
NiAyNCBlOCBjMyBlYSBmZiBmZiA4OSA0NiAzOCA4OSBmMCBlOCBkOSBmOSBmZiBmZiA4NSBj
MCA4OSBjMyA3NSBjYSA4YiA1ZiA1YyA4NSBkYiA3NCAxMSBlOCA1NyA3NiBmMSBmZiA8ODk+
IDQzIDIwIDg5IDUzIDI0IDg5IDQzIDI4IDg5IDUzIDJjIGI4IGMwIGFlIDg1IGMxIGU4IDAx
IDcxIDNmClsgICAgMC4zNjAwMDBdIEVJUDogWzxjMTE4MGJjOT5dIGtlcm5mc19hZGRfb25l
KzB4ODkvMHgxMzAgU1M6RVNQIDAwNjg6ZDMwM2RlMzAKWyAgICAwLjM2MDAwMF0gQ1IyOiAw
MDAwMDAwMDI0YTAwMDIwClsgICAgMC4zNjAwMDBdIC0tLVsgZW5kIHRyYWNlIGRkMTFhOTU1
OWI1ZTg3ZmYgXS0tLQpbICAgIDAuMzYwMDAwXSBLZXJuZWwgcGFuaWMgLSBub3Qgc3luY2lu
ZzogRmF0YWwgZXhjZXB0aW9uCi9rZXJuZWwvaTM4Ni1yYW5kY29uZmlnLWliMS0wOTIzMjMw
My84MWI2M2QxNGRiMzJiZDc3MDZjOTU1ZDFlMDRlNjViMTUyYjIyNzdhL2RtZXNnLXlvY3Rv
LWxrcC1uZXgwNC02OToyMDE0MDkyNjE4NTY0MzppMzg2LXJhbmRjb25maWctaWIxLTA5MjMy
MzAzOjoKL2tlcm5lbC9pMzg2LXJhbmRjb25maWctaWIxLTA5MjMyMzAzLzgxYjYzZDE0ZGIz
MmJkNzcwNmM5NTVkMWUwNGU2NWIxNTJiMjI3N2EvZG1lc2cteW9jdG8tbGtwLW5leDA0LTcz
OjIwMTQwOTI2MTg1NjUwOmkzODYtcmFuZGNvbmZpZy1pYjEtMDkyMzIzMDM6OgowOjI6MiBh
bGxfZ29vZDpiYWQ6YWxsX2JhZCBib290cwobWzE7MzVtMjAxNC0wOS0yNiAxODo1NzoyMiBS
RVBFQVQgQ09VTlQ6IDIwICAjIC9jL2Jvb3QtYmlzZWN0L2xpbnV4LTEvb2JqLWJpc2VjdC8u
cmVwZWF0G1swbQoKbGluZWFyLWJpc2VjdDogYmFkIGJyYW5jaCBtYXkgYmUgYnJhbmNoICdh
a3BtLWN1cnJlbnQvY3VycmVudCcKbGluZWFyLWJpc2VjdDogaGFuZGxlIG92ZXIgdG8gZ2l0
IGJpc2VjdApsaW5lYXItYmlzZWN0OiBnaXQgYmlzZWN0IHN0YXJ0IDgxYjYzZDE0ZGIzMmJk
NzcwNmM5NTVkMWUwNGU2NWIxNTJiMjI3N2EgYWE4ODFlM2M1ZTg3YzhhYTIzNTE5ZjQwNTU0
ODk3ZDU2ZjMyYjkzNSAtLQpQcmV2aW91cyBIRUFEIHBvc2l0aW9uIHdhcyA4MWI2M2QxLi4u
IE1lcmdlIGJyYW5jaCAnYWtwbS1jdXJyZW50L2N1cnJlbnQnCkhFQUQgaXMgbm93IGF0IGI0
ZDMzMTguLi4gTWVyZ2UgcmVtb3RlLXRyYWNraW5nIGJyYW5jaCAnY3J5cHRvL21hc3RlcicK
QmlzZWN0aW5nOiAxNDYgcmV2aXNpb25zIGxlZnQgdG8gdGVzdCBhZnRlciB0aGlzIChyb3Vn
aGx5IDcgc3RlcHMpCltmMzEzY2E4MmQ3MjA2NmEzYzQ0ZmQ2YzY2Y2VlNTdiMjVkZTQzYWE5
XSBpbnRyb2R1Y2UtZHVtcF92bWEtZml4CmxpbmVhci1iaXNlY3Q6IGdpdCBiaXNlY3QgcnVu
IC9jL2tlcm5lbC10ZXN0cy9iaXNlY3QtdGVzdC1ib290LWZhaWx1cmUuc2ggL2MvYm9vdC1i
aXNlY3QvbGludXgtMS9vYmotYmlzZWN0CnJ1bm5pbmcgL2Mva2VybmVsLXRlc3RzL2Jpc2Vj
dC10ZXN0LWJvb3QtZmFpbHVyZS5zaCAvYy9ib290LWJpc2VjdC9saW51eC0xL29iai1iaXNl
Y3QKbHMgLWEgL2tidWlsZC10ZXN0cy9ydW4tcXVldWUva3ZtL2kzODYtcmFuZGNvbmZpZy1p
YjEtMDkyMzIzMDMvbmV4dDptYXN0ZXI6ZjMxM2NhODJkNzIwNjZhM2M0NGZkNmM2NmNlZTU3
YjI1ZGU0M2FhOTpiaXNlY3QtbGludXgtMQoKMjAxNC0wOS0yNiAxOTowMToyMiBmMzEzY2E4
MmQ3MjA2NmEzYzQ0ZmQ2YzY2Y2VlNTdiMjVkZTQzYWE5IGNvbXBpbGluZwpRdWV1ZWQgYnVp
bGQgdGFzayB0byAva2J1aWxkLXRlc3RzL2J1aWxkLXF1ZXVlL2xrcC1pYjAzL2kzODYtcmFu
ZGNvbmZpZy1pYjEtMDkyMzIzMDMtZjMxM2NhODJkNzIwNjZhM2M0NGZkNmM2NmNlZTU3YjI1
ZGU0M2FhOQpDaGVjayBmb3Iga2VybmVsIGluIC9rZXJuZWwvaTM4Ni1yYW5kY29uZmlnLWli
MS0wOTIzMjMwMy9mMzEzY2E4MmQ3MjA2NmEzYzQ0ZmQ2YzY2Y2VlNTdiMjVkZTQzYWE5Cndh
aXRpbmcgZm9yIGNvbXBsZXRpb24gb2YgL2tidWlsZC10ZXN0cy9idWlsZC1xdWV1ZS9sa3At
aWIwMy9pMzg2LXJhbmRjb25maWctaWIxLTA5MjMyMzAzLWYzMTNjYTgyZDcyMDY2YTNjNDRm
ZDZjNjZjZWU1N2IyNWRlNDNhYTkKG1sxOzM1bTIwMTQtMDktMjYgMTk6Mjg6MjIgTm8gYnVp
bGQgc2VydmVkIGZpbGUgL2tidWlsZC10ZXN0cy9idWlsZC1zZXJ2ZWQvaTM4Ni1yYW5kY29u
ZmlnLWliMS0wOTIzMjMwMy1mMzEzY2E4MmQ3MjA2NmEzYzQ0ZmQ2YzY2Y2VlNTdiMjVkZTQz
YWE5G1swbQpSZXRyeSBidWlsZCAuLgp3YWl0aW5nIGZvciBjb21wbGV0aW9uIG9mIC9rYnVp
bGQtdGVzdHMvYnVpbGQtcXVldWUvbGtwLWliMDMtc21va2UvaTM4Ni1yYW5kY29uZmlnLWli
MS0wOTIzMjMwMy1mMzEzY2E4MmQ3MjA2NmEzYzQ0ZmQ2YzY2Y2VlNTdiMjVkZTQzYWE5Cmtl
cm5lbDogL2tlcm5lbC9pMzg2LXJhbmRjb25maWctaWIxLTA5MjMyMzAzL2YzMTNjYTgyZDcy
MDY2YTNjNDRmZDZjNjZjZWU1N2IyNWRlNDNhYTkvdm1saW51ei0zLjE3LjAtcmM2LTAwMTQ5
LWdmMzEzY2E4CgoyMDE0LTA5LTI2IDE5OjMxOjIyIGRldGVjdGluZyBib290IHN0YXRlIC4g
VEVTVCBGQUlMVVJFClsgICAgMC4xMTIwMDRdIC0tLS0tLS0tLS0tLS0tLS0tLS0tLS0tLS0t
LS0tLS0tLQpbICAgIDAuMTEzMDU3XSBzbXBib290OiBUb3RhbCBvZiAxIHByb2Nlc3NvcnMg
YWN0aXZhdGVkICg1Mzg3LjA2IEJvZ29NSVBTKQpbICAgIDAuMTE1NDYzXSBkZXZ0bXBmczog
aW5pdGlhbGl6ZWQKWyAgICAwLjExNjQwOF0gQlVHOiB1bmFibGUgdG8gaGFuZGxlIGtlcm5l
bCBwYWdpbmcgcmVxdWVzdCBhdCAyNGUwMDAyMApbICAgIDAuMTE4MDA1XSBJUDogWzxjMTE3
ZGU1OT5dIGtlcm5mc19hZGRfb25lKzB4ODkvMHgxMzAKWyAgICAwLjExOTI3OV0gKnBkcHQg
PSAwMDAwMDAwMDAwMDAwMDAwICpwZGUgPSAwMDAwMDAwMDAwMDAwMDAwIApbICAgIDAuMTIw
MDAwXSBPb3BzOiAwMDAyIFsjMV0gU01QIApbICAgIDAuMTIwMDAwXSBNb2R1bGVzIGxpbmtl
ZCBpbjoKWyAgICAwLjEyMDAwMF0gQ1BVOiAwIFBJRDogMSBDb21tOiBzd2FwcGVyLzAgTm90
IHRhaW50ZWQgMy4xNy4wLXJjNi0wMDE0OS1nZjMxM2NhOCAjMQpbICAgIDAuMTIwMDAwXSBI
YXJkd2FyZSBuYW1lOiBCb2NocyBCb2NocywgQklPUyBCb2NocyAwMS8wMS8yMDExClsgICAg
MC4xMjAwMDBdIHRhc2s6IGQzMDNhYzkwIHRpOiBkMzAzYzAwMCB0YXNrLnRpOiBkMzAzYzAw
MApbICAgIDAuMTIwMDAwXSBFSVA6IDAwNjA6WzxjMTE3ZGU1OT5dIEVGTEFHUzogMDAwMTAy
ODIgQ1BVOiAwClsgICAgMC4xMjAwMDBdIEVJUCBpcyBhdCBrZXJuZnNfYWRkX29uZSsweDg5
LzB4MTMwClsgICAgMC4xMjAwMDBdIEVBWDogNTQyNTRlNjMgRUJYOiAyNGUwMDAwMCBFQ1g6
IDAwMDAwMDA4IEVEWDogMmQwNGNiMzgKWyAgICAwLjEyMDAwMF0gRVNJOiBkMzA2OTAzMCBF
REk6IGQzMDY5MDkwIEVCUDogZDMwM2RlNTQgRVNQOiBkMzAzZGUzMApbICAgIDAuMTIwMDAw
XSAgRFM6IDAwN2IgRVM6IDAwN2IgRlM6IDAwZDggR1M6IDAwMDAgU1M6IDAwNjgKWyAgICAw
LjEyMDAwMF0gQ1IwOiA4MDA1MDAzYiBDUjI6IDI0ZTAwMDIwIENSMzogMDFhOGEwMDAgQ1I0
OiAwMDAwMDZmMApbICAgIDAuMTIwMDAwXSBTdGFjazoKWyAgICAwLjEyMDAwMF0gIGQzMDA2
ZjAwIDAwMDAwMjAyIGQzMDY5MDkwIGQzMDY5MDMwIGQzMDNkZTU0IGMxMTdkZDAwIGQzMDY5
MDMwIGMxNTlhNWMwClsgICAgMC4xMjAwMDBdICBjMTg3NTNhYyBkMzAzZGU2YyBjMTE3ZjI1
MiAwMDAwMDAwMCBjMTg3NTNhMCBkMzA2OTA5MCAwMDAwMDAwMCBkMzAzZGVhOApbICAgIDAu
MTIwMDAwXSAgYzExN2ZhMTUgMDAwMDEwMDAgMDAwMDAwMDAgYzE1OWE1YzAgYzE4NzUzYTAg
MDAwMDAwMDAgMDAwMDAwMDEgYzE4NzUzYWMKWyAgICAwLjEyMDAwMF0gQ2FsbCBUcmFjZToK
WyAgICAwLjEyMDAwMF0gIFs8YzExN2RkMDA+XSA/IGtlcm5mc19uZXdfbm9kZSsweDMwLzB4
NDAKWyAgICAwLjEyMDAwMF0gIFs8YzExN2YyNTI+XSBfX2tlcm5mc19jcmVhdGVfZmlsZSsw
eDkyLzB4YzAKWyAgICAwLjEyMDAwMF0gIFs8YzExN2ZhMTU+XSBzeXNmc19hZGRfZmlsZV9t
b2RlX25zKzB4OTUvMHgxOTAKWyAgICAwLjEyMDAwMF0gIFs8YzExN2ZjYWU+XSBzeXNmc19h
ZGRfZmlsZSsweDFlLzB4MzAKWyAgICAwLjEyMDAwMF0gIFs8YzExODAzMmE+XSBzeXNmc19t
ZXJnZV9ncm91cCsweDRhLzB4YzAKWyAgICAwLjEyMDAwMF0gIFs8YzEzMjQ5ZWM+XSBkcG1f
c3lzZnNfYWRkKzB4NWMvMHhiMApbICAgIDAuMTIwMDAwXSAgWzxjMTMxZGM0Nj5dIGRldmlj
ZV9hZGQrMHg0NDYvMHg1ODAKWyAgICAwLjEyMDAwMF0gIFs8YzEzMjdjYWE+XSA/IHBtX3J1
bnRpbWVfaW5pdCsweGVhLzB4ZjAKWyAgICAwLjEyMDAwMF0gIFs8YzEzMWRkOTI+XSBkZXZp
Y2VfcmVnaXN0ZXIrMHgxMi8weDIwClsgICAgMC4xMjAwMDBdICBbPGMxMzFmNGY3Pl0gc3Vi
c3lzX3JlZ2lzdGVyLnBhcnQuNisweDY3LzB4YjAKWyAgICAwLjEyMDAwMF0gIFs8YzEzMWY1
NjU+XSBzdWJzeXNfc3lzdGVtX3JlZ2lzdGVyKzB4MjUvMHgzMApbICAgIDAuMTIwMDAwXSAg
WzxjMThlNWUxMD5dIGNvbnRhaW5lcl9kZXZfaW5pdCsweGYvMHgyOApbICAgIDAuMTIwMDAw
XSAgWzxjMThlNWRmZj5dIGRyaXZlcl9pbml0KzB4MzAvMHgzMgpbICAgIDAuMTIwMDAwXSAg
WzxjMThiMmI1Mj5dIGtlcm5lbF9pbml0X2ZyZWVhYmxlKzB4N2QvMHgxNzkKWyAgICAwLjEy
MDAwMF0gIFs8YzE1NjdiMmI+XSBrZXJuZWxfaW5pdCsweGIvMHhkMApbICAgIDAuMTIwMDAw
XSAgWzxjMTU3NDhjMT5dIHJldF9mcm9tX2tlcm5lbF90aHJlYWQrMHgyMS8weDMwClsgICAg
MC4xMjAwMDBdICBbPGMxNTY3YjIwPl0gPyByZXN0X2luaXQrMHhiMC8weGIwClsgICAgMC4x
MjAwMDBdIENvZGU6IDI2IDAwIDgzIGUxIDEwIDc1IDViIDhiIDQ2IDI0IGU4IGIzIGVhIGZm
IGZmIDg5IDQ2IDM4IDg5IGYwIGU4IGQ5IGY5IGZmIGZmIDg1IGMwIDg5IGMzIDc1IGNhIDhi
IDVmIDVjIDg1IGRiIDc0IDExIGU4IDQ3IDhmIGYxIGZmIDw4OT4gNDMgMjAgODkgNTMgMjQg
ODkgNDMgMjggODkgNTMgMmMgYjggNDAgMmYgODUgYzEgZTggNDEgMzggM2YKWyAgICAwLjEy
MDAwMF0gRUlQOiBbPGMxMTdkZTU5Pl0ga2VybmZzX2FkZF9vbmUrMHg4OS8weDEzMCBTUzpF
U1AgMDA2ODpkMzAzZGUzMApbICAgIDAuMTIwMDAwXSBDUjI6IDAwMDAwMDAwMjRlMDAwMjAK
WyAgICAwLjEyMDAwMF0gLS0tWyBlbmQgdHJhY2UgNjhmZDIxMDZlYjQwZTU1MyBdLS0tClsg
ICAgMC4xMjAwMDBdIEtlcm5lbCBwYW5pYyAtIG5vdCBzeW5jaW5nOiBGYXRhbCBleGNlcHRp
b24KL2tlcm5lbC9pMzg2LXJhbmRjb25maWctaWIxLTA5MjMyMzAzL2YzMTNjYTgyZDcyMDY2
YTNjNDRmZDZjNjZjZWU1N2IyNWRlNDNhYTkvZG1lc2cteW9jdG8tdnAtMzk6MjAxNDA5MjYx
OTMwNTA6aTM4Ni1yYW5kY29uZmlnLWliMS0wOTIzMjMwMzozLjE3LjAtcmM2LTAwMTQ5LWdm
MzEzY2E4OjEKMDoxOjEgYWxsX2dvb2Q6YmFkOmFsbF9iYWQgYm9vdHMKG1sxOzM1bTIwMTQt
MDktMjYgMTk6MzE6NTMgUkVQRUFUIENPVU5UOiAyMCAgIyAvYy9ib290LWJpc2VjdC9saW51
eC0xL29iai1iaXNlY3QvLnJlcGVhdBtbMG0KCkJpc2VjdGluZzogNzIgcmV2aXNpb25zIGxl
ZnQgdG8gdGVzdCBhZnRlciB0aGlzIChyb3VnaGx5IDYgc3RlcHMpClsyYzVmZTkyMTMwNDhj
NTY0MGI4ZTQ2NDA3ZjU2MTQwMzhjMDNhZDkzXSBtbTogZml4IGttZW1jaGVjay5jIGJ1aWxk
IGVycm9ycwpydW5uaW5nIC9jL2tlcm5lbC10ZXN0cy9iaXNlY3QtdGVzdC1ib290LWZhaWx1
cmUuc2ggL2MvYm9vdC1iaXNlY3QvbGludXgtMS9vYmotYmlzZWN0CmxzIC1hIC9rYnVpbGQt
dGVzdHMvcnVuLXF1ZXVlL2t2bS9pMzg2LXJhbmRjb25maWctaWIxLTA5MjMyMzAzL25leHQ6
bWFzdGVyOjJjNWZlOTIxMzA0OGM1NjQwYjhlNDY0MDdmNTYxNDAzOGMwM2FkOTM6YmlzZWN0
LWxpbnV4LTEKCjIwMTQtMDktMjYgMTk6MzE6NTQgMmM1ZmU5MjEzMDQ4YzU2NDBiOGU0NjQw
N2Y1NjE0MDM4YzAzYWQ5MyBjb21waWxpbmcKUXVldWVkIGJ1aWxkIHRhc2sgdG8gL2tidWls
ZC10ZXN0cy9idWlsZC1xdWV1ZS9sa3AtaWIwMy9pMzg2LXJhbmRjb25maWctaWIxLTA5MjMy
MzAzLTJjNWZlOTIxMzA0OGM1NjQwYjhlNDY0MDdmNTYxNDAzOGMwM2FkOTMKQ2hlY2sgZm9y
IGtlcm5lbCBpbiAva2VybmVsL2kzODYtcmFuZGNvbmZpZy1pYjEtMDkyMzIzMDMvMmM1ZmU5
MjEzMDQ4YzU2NDBiOGU0NjQwN2Y1NjE0MDM4YzAzYWQ5Mwp3YWl0aW5nIGZvciBjb21wbGV0
aW9uIG9mIC9rYnVpbGQtdGVzdHMvYnVpbGQtcXVldWUvbGtwLWliMDMvaTM4Ni1yYW5kY29u
ZmlnLWliMS0wOTIzMjMwMy0yYzVmZTkyMTMwNDhjNTY0MGI4ZTQ2NDA3ZjU2MTQwMzhjMDNh
ZDkzChtbMTszNW0yMDE0LTA5LTI2IDE5OjM0OjU0IE5vIGJ1aWxkIHNlcnZlZCBmaWxlIC9r
YnVpbGQtdGVzdHMvYnVpbGQtc2VydmVkL2kzODYtcmFuZGNvbmZpZy1pYjEtMDkyMzIzMDMt
MmM1ZmU5MjEzMDQ4YzU2NDBiOGU0NjQwN2Y1NjE0MDM4YzAzYWQ5MxtbMG0KUmV0cnkgYnVp
bGQgLi4Ka2VybmVsOiAva2VybmVsL2kzODYtcmFuZGNvbmZpZy1pYjEtMDkyMzIzMDMvMmM1
ZmU5MjEzMDQ4YzU2NDBiOGU0NjQwN2Y1NjE0MDM4YzAzYWQ5My92bWxpbnV6LTMuMTcuMC1y
YzYtMDAwNzYtZzJjNWZlOTIKCjIwMTQtMDktMjYgMTk6MzU6NTQgZGV0ZWN0aW5nIGJvb3Qg
c3RhdGUgLi4uLi4uLi4uLi4uLi4uLi4uLi4uLi4uLi4uLi4uLi4uLi4uLi4uLi4uLi4uLi4u
Li4uLi4uLi4uLi4uLi4uLi4uLi4JMS4uLgk0CTUJNwkxMAkxMwkxNAkxNgkxOQkyMCBTVUND
RVNTCgpCaXNlY3Rpbmc6IDM2IHJldmlzaW9ucyBsZWZ0IHRvIHRlc3QgYWZ0ZXIgdGhpcyAo
cm91Z2hseSA1IHN0ZXBzKQpbNjk0NTRmOGJlN2Y2MjFhYzhjM2M2Yzk3NjNiYjcwZTExNjk4
ODk0Ml0gYmxvY2tfZGV2OiBpbXBsZW1lbnQgcmVhZHBhZ2VzKCkgdG8gb3B0aW1pemUgc2Vx
dWVudGlhbCByZWFkCnJ1bm5pbmcgL2Mva2VybmVsLXRlc3RzL2Jpc2VjdC10ZXN0LWJvb3Qt
ZmFpbHVyZS5zaCAvYy9ib290LWJpc2VjdC9saW51eC0xL29iai1iaXNlY3QKbHMgLWEgL2ti
dWlsZC10ZXN0cy9ydW4tcXVldWUva3ZtL2kzODYtcmFuZGNvbmZpZy1pYjEtMDkyMzIzMDMv
bmV4dDptYXN0ZXI6Njk0NTRmOGJlN2Y2MjFhYzhjM2M2Yzk3NjNiYjcwZTExNjk4ODk0Mjpi
aXNlY3QtbGludXgtMQoKMjAxNC0wOS0yNiAyMDoxNjozMCA2OTQ1NGY4YmU3ZjYyMWFjOGMz
YzZjOTc2M2JiNzBlMTE2OTg4OTQyIGNvbXBpbGluZwpRdWV1ZWQgYnVpbGQgdGFzayB0byAv
a2J1aWxkLXRlc3RzL2J1aWxkLXF1ZXVlL2xrcC1pYjAzL2kzODYtcmFuZGNvbmZpZy1pYjEt
MDkyMzIzMDMtNjk0NTRmOGJlN2Y2MjFhYzhjM2M2Yzk3NjNiYjcwZTExNjk4ODk0MgpDaGVj
ayBmb3Iga2VybmVsIGluIC9rZXJuZWwvaTM4Ni1yYW5kY29uZmlnLWliMS0wOTIzMjMwMy82
OTQ1NGY4YmU3ZjYyMWFjOGMzYzZjOTc2M2JiNzBlMTE2OTg4OTQyCndhaXRpbmcgZm9yIGNv
bXBsZXRpb24gb2YgL2tidWlsZC10ZXN0cy9idWlsZC1xdWV1ZS9sa3AtaWIwMy9pMzg2LXJh
bmRjb25maWctaWIxLTA5MjMyMzAzLTY5NDU0ZjhiZTdmNjIxYWM4YzNjNmM5NzYzYmI3MGUx
MTY5ODg5NDIKG1sxOzM1bTIwMTQtMDktMjYgMjA6MTg6MzAgTm8gYnVpbGQgc2VydmVkIGZp
bGUgL2tidWlsZC10ZXN0cy9idWlsZC1zZXJ2ZWQvaTM4Ni1yYW5kY29uZmlnLWliMS0wOTIz
MjMwMy02OTQ1NGY4YmU3ZjYyMWFjOGMzYzZjOTc2M2JiNzBlMTE2OTg4OTQyG1swbQpSZXRy
eSBidWlsZCAuLgp3YWl0aW5nIGZvciBjb21wbGV0aW9uIG9mIC9rYnVpbGQtdGVzdHMvYnVp
bGQtcXVldWUvbGtwLWliMDMtc21va2UvaTM4Ni1yYW5kY29uZmlnLWliMS0wOTIzMjMwMy02
OTQ1NGY4YmU3ZjYyMWFjOGMzYzZjOTc2M2JiNzBlMTE2OTg4OTQyCmtlcm5lbDogL2tlcm5l
bC9pMzg2LXJhbmRjb25maWctaWIxLTA5MjMyMzAzLzY5NDU0ZjhiZTdmNjIxYWM4YzNjNmM5
NzYzYmI3MGUxMTY5ODg5NDIvdm1saW51ei0zLjE3LjAtcmM2LTAwMTEyLWc2OTQ1NGY4Cgoy
MDE0LTA5LTI2IDIwOjM0OjMwIGRldGVjdGluZyBib290IHN0YXRlIC4gVEVTVCBGQUlMVVJF
ClsgICAgNi4zMTgxMTFdIEFDUEk6IFBvd2VyIEJ1dHRvbiBbUFdSRl0KWyAgICA2LjMzODI3
Ml0gaXNhcG5wOiBTY2FubmluZyBmb3IgUG5QIGNhcmRzLi4uClsgICAgNy4yMzIxMTJdIGlz
YXBucDogTm8gUGx1ZyAmIFBsYXkgZGV2aWNlIGZvdW5kClsgICAgNy4yNTkwMTZdIEJVRzog
dW5hYmxlIHRvIGhhbmRsZSBrZXJuZWwgcGFnaW5nIHJlcXVlc3QgYXQgNzA2NjAwMjAKWyAg
ICA3LjI2MDI1MF0gSVA6IFs8YzExN2RkMDk+XSBrZXJuZnNfYWRkX29uZSsweDg5LzB4MTMw
ClsgICAgNy4yNjAyNTBdICpwZHB0ID0gMDAwMDAwMDAwMDAwMDAwMCAqcGRlID0gMDAwMDAw
MDAwMDAwMDAwMCAKWyAgICA3LjI2MDI1MF0gT29wczogMDAwMiBbIzFdIFNNUCAKWyAgICA3
LjI2MDI1MF0gTW9kdWxlcyBsaW5rZWQgaW46ClsgICAgNy4yNjAyNTBdIENQVTogMSBQSUQ6
IDEgQ29tbTogc3dhcHBlci8wIE5vdCB0YWludGVkIDMuMTcuMC1yYzYtMDAxMTItZzY5NDU0
ZjggIzEKWyAgICA3LjI2MDI1MF0gSGFyZHdhcmUgbmFtZTogUUVNVSBTdGFuZGFyZCBQQyAo
aTQ0MEZYICsgUElJWCwgMTk5NiksIEJJT1MgMS43LjUtMjAxNDA1MzFfMDgzMDMwLWdhbmRh
bGYgMDQvMDEvMjAxNApbICAgIDcuMjYwMjUwXSB0YXNrOiBkMWM0NGM5MCB0aTogZDFjNDYw
MDAgdGFzay50aTogZDFjNDYwMDAKWyAgICA3LjI2MDI1MF0gRUlQOiAwMDYwOls8YzExN2Rk
MDk+XSBFRkxBR1M6IDAwMDEwMjg2IENQVTogMQpbICAgIDcuMjYwMjUwXSBFSVAgaXMgYXQg
a2VybmZzX2FkZF9vbmUrMHg4OS8weDEzMApbICAgIDcuMjYwMjUwXSBFQVg6IDU0MjU1ZDU3
IEVCWDogNzA2NjAwMDAgRUNYOiAwMDAwMDAxNyBFRFg6IDA0ZWU5MDlhClsgICAgNy4yNjAy
NTBdIEVTSTogYzAwMTJmMzAgRURJOiBjMDAxMmY5MCBFQlA6IGQxYzQ3ZDk0IEVTUDogZDFj
NDdkNzAKWyAgICA3LjI2MDI1MF0gIERTOiAwMDdiIEVTOiAwMDdiIEZTOiAwMGQ4IEdTOiAw
MDAwIFNTOiAwMDY4ClsgICAgNy4yNjAyNTBdIENSMDogODAwNTAwM2IgQ1IyOiA3MDY2MDAy
MCBDUjM6IDAxYThhMDAwIENSNDogMDAwMDA2ZjAKWyAgICA3LjI2MDI1MF0gU3RhY2s6Clsg
ICAgNy4yNjAyNTBdICBkMWMwNmYwMCAwMDAwMDIwMiBjMDAxMmY5MCBjMDAxMmYzMCBkMWM0
N2Q5NCBjMTE3ZGJiMCBjMDAxMmYzMCBjMTU5YTVjMApbICAgIDcuMjYwMjUwXSAgYzE4NzQ3
MzAgZDFjNDdkYWMgYzExN2YxMDIgMDAwMDAwMDAgYzE4NzQ3MjQgYzAwMTJmOTAgMDAwMDAw
MDAgZDFjNDdkZTgKWyAgICA3LjI2MDI1MF0gIGMxMTdmOGM1IDAwMDAxMDAwIDAwMDAwMDAw
IGMxNTlhNWMwIGMxODc0NzI0IDAwMDAwMDAwIDAwMDAwMDAxIGMxODc0NzMwClsgICAgNy4y
NjAyNTBdIENhbGwgVHJhY2U6ClsgICAgNy4yNjAyNTBdICBbPGMxMTdkYmIwPl0gPyBrZXJu
ZnNfbmV3X25vZGUrMHgzMC8weDQwClsgICAgNy4yNjAyNTBdICBbPGMxMTdmMTAyPl0gX19r
ZXJuZnNfY3JlYXRlX2ZpbGUrMHg5Mi8weGMwClsgICAgNy4yNjAyNTBdICBbPGMxMTdmOGM1
Pl0gc3lzZnNfYWRkX2ZpbGVfbW9kZV9ucysweDk1LzB4MTkwClsgICAgNy4yNjAyNTBdICBb
PGMxMTdmOWU3Pl0gc3lzZnNfY3JlYXRlX2ZpbGVfbnMrMHgyNy8weDQwClsgICAgNy4yNjAy
NTBdICBbPGMxMzFjMjU5Pl0gZGV2aWNlX2NyZWF0ZV9maWxlKzB4MzkvMHhiMApbICAgIDcu
MjYwMjUwXSAgWzxjMTJhNjNhZT5dID8gYWNwaV9wbGF0Zm9ybV9ub3RpZnkrMHgxOS8weDc4
ClsgICAgNy4yNjAyNTBdICBbPGMxMzFkN2FmPl0gZGV2aWNlX2FkZCsweGZmLzB4NTgwClsg
ICAgNy4yNjAyNTBdICBbPGMxMzI3YjVhPl0gPyBwbV9ydW50aW1lX2luaXQrMHhlYS8weGYw
ClsgICAgNy4yNjAyNTBdICBbPGMxMzFkYzQyPl0gZGV2aWNlX3JlZ2lzdGVyKzB4MTIvMHgy
MApbICAgIDcuMjYwMjUwXSAgWzxjMTJkZWY0Nj5dIHR0eV9yZWdpc3Rlcl9kZXZpY2VfYXR0
cisweGI2LzB4MjgwClsgICAgNy4yNjAyNTBdICBbPGMxNTcxNTY4Pl0gPyBtdXRleF91bmxv
Y2srMHg4LzB4MTAKWyAgICA3LjI2MDI1MF0gIFs8YzExMWViZDM+XSA/IGNkZXZfYWRkKzB4
NDMvMHg1MApbICAgIDcuMjYwMjUwXSAgWzxjMTJkZjIyNj5dIHR0eV9yZWdpc3Rlcl9kcml2
ZXIrMHhmNi8weDFiMApbICAgIDcuMjYwMjUwXSAgWzxjMThlMmFkNj5dIHB0eV9pbml0KzB4
MTJlLzB4MzI5ClsgICAgNy4yNjAyNTBdICBbPGMxOGUyOWE4Pl0gPyB0dHlfaW5pdCsweDEx
MC8weDExMApbICAgIDcuMjYwMjUwXSAgWzxjMTAwMDQxZT5dIGRvX29uZV9pbml0Y2FsbCsw
eDdlLzB4MWIwClsgICAgNy4yNjAyNTBdICBbPGMxOGUyOWE4Pl0gPyB0dHlfaW5pdCsweDEx
MC8weDExMApbICAgIDcuMjYwMjUwXSAgWzxjMThiMjRiYT5dID8gcmVwYWlyX2Vudl9zdHJp
bmcrMHgxMi8weDU0ClsgICAgNy4yNjAyNTBdICBbPGMxOGIyNGE4Pl0gPyBpbml0Y2FsbF9i
bGFja2xpc3QrMHg3Yy8weDdjClsgICAgNy4yNjAyNTBdICBbPGMxMDVlMTAwPl0gPyBwYXJz
ZV9hcmdzKzB4MTYwLzB4M2YwClsgICAgNy4yNjAyNTBdICBbPGMxOGIyYmQxPl0ga2VybmVs
X2luaXRfZnJlZWFibGUrMHhmYy8weDE3OQpbICAgIDcuMjYwMjUwXSAgWzxjMTU2NzlkYj5d
IGtlcm5lbF9pbml0KzB4Yi8weGQwClsgICAgNy4yNjAyNTBdICBbPGMxNTc0NzgxPl0gcmV0
X2Zyb21fa2VybmVsX3RocmVhZCsweDIxLzB4MzAKWyAgICA3LjI2MDI1MF0gIFs8YzE1Njc5
ZDA+XSA/IHJlc3RfaW5pdCsweGIwLzB4YjAKWyAgICA3LjI2MDI1MF0gQ29kZTogMjYgMDAg
ODMgZTEgMTAgNzUgNWIgOGIgNDYgMjQgZTggYjMgZWEgZmYgZmYgODkgNDYgMzggODkgZjAg
ZTggZDkgZjkgZmYgZmYgODUgYzAgODkgYzMgNzUgY2EgOGIgNWYgNWMgODUgZGIgNzQgMTEg
ZTggODcgOTAgZjEgZmYgPDg5PiA0MyAyMCA4OSA1MyAyNCA4OSA0MyAyOCA4OSA1MyAyYyBi
OCA4MCAyZiA4NSBjMSBlOCA0MSAzOCAzZgpbICAgIDcuMjYwMjUwXSBFSVA6IFs8YzExN2Rk
MDk+XSBrZXJuZnNfYWRkX29uZSsweDg5LzB4MTMwIFNTOkVTUCAwMDY4OmQxYzQ3ZDcwClsg
ICAgNy4yNjAyNTBdIENSMjogMDAwMDAwMDA3MDY2MDAyMApbICAgIDcuMjYwMjUwXSAtLS1b
IGVuZCB0cmFjZSBjYTYzNGIxNzFkNzE4MmIzIF0tLS0KWyAgICA3LjI2MDI1MF0gS2VybmVs
IHBhbmljIC0gbm90IHN5bmNpbmc6IEZhdGFsIGV4Y2VwdGlvbgova2VybmVsL2kzODYtcmFu
ZGNvbmZpZy1pYjEtMDkyMzIzMDMvNjk0NTRmOGJlN2Y2MjFhYzhjM2M2Yzk3NjNiYjcwZTEx
Njk4ODk0Mi9kbWVzZy1xdWFudGFsLXZwLTE0OjIwMTQwOTI2MjAzNDAyOmkzODYtcmFuZGNv
bmZpZy1pYjEtMDkyMzIzMDM6My4xNy4wLXJjNi0wMDExMi1nNjk0NTRmODoxCi9rZXJuZWwv
aTM4Ni1yYW5kY29uZmlnLWliMS0wOTIzMjMwMy82OTQ1NGY4YmU3ZjYyMWFjOGMzYzZjOTc2
M2JiNzBlMTE2OTg4OTQyL2RtZXNnLXF1YW50YWwtdnAtNToyMDE0MDkyNjIwMzQwMTppMzg2
LXJhbmRjb25maWctaWIxLTA5MjMyMzAzOjMuMTcuMC1yYzYtMDAxMTItZzY5NDU0Zjg6MQov
a2VybmVsL2kzODYtcmFuZGNvbmZpZy1pYjEtMDkyMzIzMDMvNjk0NTRmOGJlN2Y2MjFhYzhj
M2M2Yzk3NjNiYjcwZTExNjk4ODk0Mi9kbWVzZy1xdWFudGFsLXZwLTc6MjAxNDA5MjYyMDM0
MDI6aTM4Ni1yYW5kY29uZmlnLWliMS0wOTIzMjMwMzozLjE3LjAtcmM2LTAwMTEyLWc2OTQ1
NGY4OjEKL2tlcm5lbC9pMzg2LXJhbmRjb25maWctaWIxLTA5MjMyMzAzLzY5NDU0ZjhiZTdm
NjIxYWM4YzNjNmM5NzYzYmI3MGUxMTY5ODg5NDIvZG1lc2cteW9jdG8tdnAtMTg6MjAxNDA5
MjYyMDM0MDM6aTM4Ni1yYW5kY29uZmlnLWliMS0wOTIzMjMwMzozLjE3LjAtcmM2LTAwMTEy
LWc2OTQ1NGY4OjEKL2tlcm5lbC9pMzg2LXJhbmRjb25maWctaWIxLTA5MjMyMzAzLzY5NDU0
ZjhiZTdmNjIxYWM4YzNjNmM5NzYzYmI3MGUxMTY5ODg5NDIvZG1lc2ctcXVhbnRhbC1sa3At
bmV4MDQtMTY3OjIwMTQwOTI2MjAzNDA5OmkzODYtcmFuZGNvbmZpZy1pYjEtMDkyMzIzMDM6
Ogova2VybmVsL2kzODYtcmFuZGNvbmZpZy1pYjEtMDkyMzIzMDMvNjk0NTRmOGJlN2Y2MjFh
YzhjM2M2Yzk3NjNiYjcwZTExNjk4ODk0Mi9kbWVzZy1xdWFudGFsLXZwLTE1OjIwMTQwOTI2
MjAzNDExOmkzODYtcmFuZGNvbmZpZy1pYjEtMDkyMzIzMDM6My4xNy4wLXJjNi0wMDExMi1n
Njk0NTRmODoxCi9rZXJuZWwvaTM4Ni1yYW5kY29uZmlnLWliMS0wOTIzMjMwMy82OTQ1NGY4
YmU3ZjYyMWFjOGMzYzZjOTc2M2JiNzBlMTE2OTg4OTQyL2RtZXNnLXF1YW50YWwtdnAtMjc6
MjAxNDA5MjYyMDM0MDk6aTM4Ni1yYW5kY29uZmlnLWliMS0wOTIzMjMwMzozLjE3LjAtcmM2
LTAwMTEyLWc2OTQ1NGY4OjEKL2tlcm5lbC9pMzg2LXJhbmRjb25maWctaWIxLTA5MjMyMzAz
LzY5NDU0ZjhiZTdmNjIxYWM4YzNjNmM5NzYzYmI3MGUxMTY5ODg5NDIvZG1lc2cteW9jdG8t
bGtwLW5leDA0LTEyNjoyMDE0MDkyNjIwMzQyNTppMzg2LXJhbmRjb25maWctaWIxLTA5MjMy
MzAzOjoKL2tlcm5lbC9pMzg2LXJhbmRjb25maWctaWIxLTA5MjMyMzAzLzY5NDU0ZjhiZTdm
NjIxYWM4YzNjNmM5NzYzYmI3MGUxMTY5ODg5NDIvZG1lc2cteW9jdG8tbGtwLW5leDA0LTE1
NzoyMDE0MDkyNjIwMzQyMzppMzg2LXJhbmRjb25maWctaWIxLTA5MjMyMzAzOjoKL2tlcm5l
bC9pMzg2LXJhbmRjb25maWctaWIxLTA5MjMyMzAzLzY5NDU0ZjhiZTdmNjIxYWM4YzNjNmM5
NzYzYmI3MGUxMTY5ODg5NDIvZG1lc2ctcXVhbnRhbC1sa3AtbmV4MDQtMTA6MjAxNDA5MjYy
MDM0Mzk6aTM4Ni1yYW5kY29uZmlnLWliMS0wOTIzMjMwMzo6Ci9rZXJuZWwvaTM4Ni1yYW5k
Y29uZmlnLWliMS0wOTIzMjMwMy82OTQ1NGY4YmU3ZjYyMWFjOGMzYzZjOTc2M2JiNzBlMTE2
OTg4OTQyL2RtZXNnLXF1YW50YWwtbGtwLW5leDA0LTEzMDoyMDE0MDkyNjIwMzQzOTppMzg2
LXJhbmRjb25maWctaWIxLTA5MjMyMzAzOjoKL2tlcm5lbC9pMzg2LXJhbmRjb25maWctaWIx
LTA5MjMyMzAzLzY5NDU0ZjhiZTdmNjIxYWM4YzNjNmM5NzYzYmI3MGUxMTY5ODg5NDIvZG1l
c2ctcXVhbnRhbC1sa3AtbmV4MDQtMTUwOjIwMTQwOTI2MjAzNDM2OmkzODYtcmFuZGNvbmZp
Zy1pYjEtMDkyMzIzMDM6Ogova2VybmVsL2kzODYtcmFuZGNvbmZpZy1pYjEtMDkyMzIzMDMv
Njk0NTRmOGJlN2Y2MjFhYzhjM2M2Yzk3NjNiYjcwZTExNjk4ODk0Mi9kbWVzZy1xdWFudGFs
LWxrcC1uZXgwNC0xODM6MjAxNDA5MjYyMDM0NDA6aTM4Ni1yYW5kY29uZmlnLWliMS0wOTIz
MjMwMzo6Ci9rZXJuZWwvaTM4Ni1yYW5kY29uZmlnLWliMS0wOTIzMjMwMy82OTQ1NGY4YmU3
ZjYyMWFjOGMzYzZjOTc2M2JiNzBlMTE2OTg4OTQyL2RtZXNnLXF1YW50YWwtbGtwLW5leDA0
LTM2OjIwMTQwOTI2MjAzNDQxOmkzODYtcmFuZGNvbmZpZy1pYjEtMDkyMzIzMDM6Ogova2Vy
bmVsL2kzODYtcmFuZGNvbmZpZy1pYjEtMDkyMzIzMDMvNjk0NTRmOGJlN2Y2MjFhYzhjM2M2
Yzk3NjNiYjcwZTExNjk4ODk0Mi9kbWVzZy1xdWFudGFsLWxrcC1uZXgwNC00MzoyMDE0MDky
NjIwMzQzNjppMzg2LXJhbmRjb25maWctaWIxLTA5MjMyMzAzOjoKL2tlcm5lbC9pMzg2LXJh
bmRjb25maWctaWIxLTA5MjMyMzAzLzY5NDU0ZjhiZTdmNjIxYWM4YzNjNmM5NzYzYmI3MGUx
MTY5ODg5NDIvZG1lc2ctcXVhbnRhbC1sa3AtbmV4MDQtNjk6MjAxNDA5MjYyMDM0Mzk6aTM4
Ni1yYW5kY29uZmlnLWliMS0wOTIzMjMwMzo6Ci9rZXJuZWwvaTM4Ni1yYW5kY29uZmlnLWli
MS0wOTIzMjMwMy82OTQ1NGY4YmU3ZjYyMWFjOGMzYzZjOTc2M2JiNzBlMTE2OTg4OTQyL2Rt
ZXNnLXF1YW50YWwtbGtwLW5leDA0LTc3OjIwMTQwOTI2MjAzNDM3OmkzODYtcmFuZGNvbmZp
Zy1pYjEtMDkyMzIzMDM6Ogova2VybmVsL2kzODYtcmFuZGNvbmZpZy1pYjEtMDkyMzIzMDMv
Njk0NTRmOGJlN2Y2MjFhYzhjM2M2Yzk3NjNiYjcwZTExNjk4ODk0Mi9kbWVzZy1xdWFudGFs
LWxrcC1uZXgwNC00OjIwMTQwOTI2MjAzNDQxOmkzODYtcmFuZGNvbmZpZy1pYjEtMDkyMzIz
MDM6OgowOjE4OjE4IGFsbF9nb29kOmJhZDphbGxfYmFkIGJvb3RzChtbMTszNW0yMDE0LTA5
LTI2IDIwOjM1OjAxIFJFUEVBVCBDT1VOVDogMjAgICMgL2MvYm9vdC1iaXNlY3QvbGludXgt
MS9vYmotYmlzZWN0Ly5yZXBlYXQbWzBtCgpCaXNlY3Rpbmc6IDE3IHJldmlzaW9ucyBsZWZ0
IHRvIHRlc3QgYWZ0ZXIgdGhpcyAocm91Z2hseSA0IHN0ZXBzKQpbNjZhMzFkNTI4YTFlM2Q0
ODNiZTJiMWM5OTNlYzEyNjg0MTJmMDA3NF0gbWVtb3J5LWhvdHBsdWctYWRkLXN5c2ZzLXpv
bmVzX29ubGluZV90by1hdHRyaWJ1dGUtZml4LTIKcnVubmluZyAvYy9rZXJuZWwtdGVzdHMv
YmlzZWN0LXRlc3QtYm9vdC1mYWlsdXJlLnNoIC9jL2Jvb3QtYmlzZWN0L2xpbnV4LTEvb2Jq
LWJpc2VjdApscyAtYSAva2J1aWxkLXRlc3RzL3J1bi1xdWV1ZS9rdm0vaTM4Ni1yYW5kY29u
ZmlnLWliMS0wOTIzMjMwMy9uZXh0Om1hc3Rlcjo2NmEzMWQ1MjhhMWUzZDQ4M2JlMmIxYzk5
M2VjMTI2ODQxMmYwMDc0OmJpc2VjdC1saW51eC0xCgoyMDE0LTA5LTI2IDIwOjM1OjAyIDY2
YTMxZDUyOGExZTNkNDgzYmUyYjFjOTkzZWMxMjY4NDEyZjAwNzQgY29tcGlsaW5nClF1ZXVl
ZCBidWlsZCB0YXNrIHRvIC9rYnVpbGQtdGVzdHMvYnVpbGQtcXVldWUvbGtwLWliMDMvaTM4
Ni1yYW5kY29uZmlnLWliMS0wOTIzMjMwMy02NmEzMWQ1MjhhMWUzZDQ4M2JlMmIxYzk5M2Vj
MTI2ODQxMmYwMDc0CkNoZWNrIGZvciBrZXJuZWwgaW4gL2tlcm5lbC9pMzg2LXJhbmRjb25m
aWctaWIxLTA5MjMyMzAzLzY2YTMxZDUyOGExZTNkNDgzYmUyYjFjOTkzZWMxMjY4NDEyZjAw
NzQKd2FpdGluZyBmb3IgY29tcGxldGlvbiBvZiAva2J1aWxkLXRlc3RzL2J1aWxkLXF1ZXVl
L2xrcC1pYjAzL2kzODYtcmFuZGNvbmZpZy1pYjEtMDkyMzIzMDMtNjZhMzFkNTI4YTFlM2Q0
ODNiZTJiMWM5OTNlYzEyNjg0MTJmMDA3NAobWzE7MzVtMjAxNC0wOS0yNiAyMDozODowMiBO
byBidWlsZCBzZXJ2ZWQgZmlsZSAva2J1aWxkLXRlc3RzL2J1aWxkLXNlcnZlZC9pMzg2LXJh
bmRjb25maWctaWIxLTA5MjMyMzAzLTY2YTMxZDUyOGExZTNkNDgzYmUyYjFjOTkzZWMxMjY4
NDEyZjAwNzQbWzBtClJldHJ5IGJ1aWxkIC4uCndhaXRpbmcgZm9yIGNvbXBsZXRpb24gb2Yg
L2tidWlsZC10ZXN0cy9idWlsZC1xdWV1ZS9sa3AtaWIwMy1zbW9rZS9pMzg2LXJhbmRjb25m
aWctaWIxLTA5MjMyMzAzLTY2YTMxZDUyOGExZTNkNDgzYmUyYjFjOTkzZWMxMjY4NDEyZjAw
NzQKa2VybmVsOiAva2VybmVsL2kzODYtcmFuZGNvbmZpZy1pYjEtMDkyMzIzMDMvNjZhMzFk
NTI4YTFlM2Q0ODNiZTJiMWM5OTNlYzEyNjg0MTJmMDA3NC92bWxpbnV6LTMuMTcuMC1yYzYt
MDAwOTQtZzY2YTMxZDUKCjIwMTQtMDktMjYgMjA6NDA6MDIgZGV0ZWN0aW5nIGJvb3Qgc3Rh
dGUgLiBURVNUIEZBSUxVUkUKWyAgICAwLjE4MDAwM10gLS0tLS0tLS0tLS0tLS0tLS0tLS0t
LS0tLS0tLS0tLS0tClsgICAgMC4xODEyNjhdIHNtcGJvb3Q6IFRvdGFsIG9mIDEgcHJvY2Vz
c29ycyBhY3RpdmF0ZWQgKDQ1MjEuOTkgQm9nb01JUFMpClsgICAgMC4xODUxMjZdIGRldnRt
cGZzOiBpbml0aWFsaXplZApbICAgIDAuMTg4NDY3XSBCVUc6IHVuYWJsZSB0byBoYW5kbGUg
a2VybmVsIHBhZ2luZyByZXF1ZXN0IGF0IDI0YzAwMDIwClsgICAgMC4xOTAzMDJdIElQOiBb
PGMxMTdkYzc5Pl0ga2VybmZzX2FkZF9vbmUrMHg4OS8weDEzMApbICAgIDAuMTkyMDAwXSAq
cGRwdCA9IDAwMDAwMDAwMDAwMDAwMDAgKnBkZSA9IDAwMDAwMDAwMDAwMDAwMDAgClsgICAg
MC4xOTIwMDBdIE9vcHM6IDAwMDIgWyMxXSBTTVAgClsgICAgMC4xOTIwMDBdIE1vZHVsZXMg
bGlua2VkIGluOgpbICAgIDAuMTkyMDAwXSBDUFU6IDAgUElEOiAxIENvbW06IHN3YXBwZXIv
MCBOb3QgdGFpbnRlZCAzLjE3LjAtcmM2LTAwMDk0LWc2NmEzMWQ1ICMyClsgICAgMC4xOTIw
MDBdIEhhcmR3YXJlIG5hbWU6IFFFTVUgU3RhbmRhcmQgUEMgKGk0NDBGWCArIFBJSVgsIDE5
OTYpLCBCSU9TIDEuNy41LTIwMTQwNTMxXzA4MzAzMC1nYW5kYWxmIDA0LzAxLzIwMTQKWyAg
ICAwLjE5MjAwMF0gdGFzazogZDMwM2FjOTAgdGk6IGQzMDNjMDAwIHRhc2sudGk6IGQzMDNj
MDAwClsgICAgMC4xOTIwMDBdIEVJUDogMDA2MDpbPGMxMTdkYzc5Pl0gRUZMQUdTOiAwMDAx
MDI4MiBDUFU6IDAKWyAgICAwLjE5MjAwMF0gRUlQIGlzIGF0IGtlcm5mc19hZGRfb25lKzB4
ODkvMHgxMzAKWyAgICAwLjE5MjAwMF0gRUFYOiA1NDI1NWU5MCBFQlg6IDI0YzAwMDAwIEVD
WDogMDAwMDAwMDggRURYOiAyMWViNzNkMQpbICAgIDAuMTkyMDAwXSBFU0k6IGQzMDY5MDMw
IEVESTogZDMwNjkwOTAgRUJQOiBkMzAzZGU1NCBFU1A6IGQzMDNkZTMwClsgICAgMC4xOTIw
MDBdICBEUzogMDA3YiBFUzogMDA3YiBGUzogMDBkOCBHUzogMDAwMCBTUzogMDA2OApbICAg
IDAuMTkyMDAwXSBDUjA6IDgwMDUwMDNiIENSMjogMjRjMDAwMjAgQ1IzOiAwMWE4YTAwMCBD
UjQ6IDAwMDAwNmYwClsgICAgMC4xOTIwMDBdIFN0YWNrOgpbICAgIDAuMTkyMDAwXSAgZDMw
MDZmMDAgMDAwMDAyMDIgZDMwNjkwOTAgZDMwNjkwMzAgZDMwM2RlNTQgYzExN2RiMjAgZDMw
NjkwMzAgYzE1OWE1YzAKWyAgICAwLjE5MjAwMF0gIGMxODc1M2VjIGQzMDNkZTZjIGMxMTdm
MDcyIDAwMDAwMDAwIGMxODc1M2UwIGQzMDY5MDkwIDAwMDAwMDAwIGQzMDNkZWE4ClsgICAg
MC4xOTIwMDBdICBjMTE3ZjgzNSAwMDAwMTAwMCAwMDAwMDAwMCBjMTU5YTVjMCBjMTg3NTNl
MCAwMDAwMDAwMCAwMDAwMDAwMSBjMTg3NTNlYwpbICAgIDAuMTkyMDAwXSBDYWxsIFRyYWNl
OgpbICAgIDAuMTkyMDAwXSAgWzxjMTE3ZGIyMD5dID8ga2VybmZzX25ld19ub2RlKzB4MzAv
MHg0MApbICAgIDAuMTkyMDAwXSAgWzxjMTE3ZjA3Mj5dIF9fa2VybmZzX2NyZWF0ZV9maWxl
KzB4OTIvMHhjMApbICAgIDAuMTkyMDAwXSAgWzxjMTE3ZjgzNT5dIHN5c2ZzX2FkZF9maWxl
X21vZGVfbnMrMHg5NS8weDE5MApbICAgIDAuMTkyMDAwXSAgWzxjMTE3ZmFjZT5dIHN5c2Zz
X2FkZF9maWxlKzB4MWUvMHgzMApbICAgIDAuMTkyMDAwXSAgWzxjMTE4MDE0YT5dIHN5c2Zz
X21lcmdlX2dyb3VwKzB4NGEvMHhjMApbICAgIDAuMTkyMDAwXSAgWzxjMTMyNDgwYz5dIGRw
bV9zeXNmc19hZGQrMHg1Yy8weGIwClsgICAgMC4xOTIwMDBdICBbPGMxMzFkYTY2Pl0gZGV2
aWNlX2FkZCsweDQ0Ni8weDU4MApbICAgIDAuMTkyMDAwXSAgWzxjMTMyN2FjYT5dID8gcG1f
cnVudGltZV9pbml0KzB4ZWEvMHhmMApbICAgIDAuMTkyMDAwXSAgWzxjMTMxZGJiMj5dIGRl
dmljZV9yZWdpc3RlcisweDEyLzB4MjAKWyAgICAwLjE5MjAwMF0gIFs8YzEzMWYzMTc+XSBz
dWJzeXNfcmVnaXN0ZXIucGFydC42KzB4NjcvMHhiMApbICAgIDAuMTkyMDAwXSAgWzxjMTMx
ZjM4NT5dIHN1YnN5c19zeXN0ZW1fcmVnaXN0ZXIrMHgyNS8weDMwClsgICAgMC4xOTIwMDBd
ICBbPGMxOGU1ZTEwPl0gY29udGFpbmVyX2Rldl9pbml0KzB4Zi8weDI4ClsgICAgMC4xOTIw
MDBdICBbPGMxOGU1ZGZmPl0gZHJpdmVyX2luaXQrMHgzMC8weDMyClsgICAgMC4xOTIwMDBd
ICBbPGMxOGIyYjUyPl0ga2VybmVsX2luaXRfZnJlZWFibGUrMHg3ZC8weDE3OQpbICAgIDAu
MTkyMDAwXSAgWzxjMTU2NzdhYj5dIGtlcm5lbF9pbml0KzB4Yi8weGQwClsgICAgMC4xOTIw
MDBdICBbPGMxNTc0NTQxPl0gcmV0X2Zyb21fa2VybmVsX3RocmVhZCsweDIxLzB4MzAKWyAg
ICAwLjE5MjAwMF0gIFs8YzE1Njc3YTA+XSA/IHJlc3RfaW5pdCsweGIwLzB4YjAKWyAgICAw
LjE5MjAwMF0gQ29kZTogMjYgMDAgODMgZTEgMTAgNzUgNWIgOGIgNDYgMjQgZTggYjMgZWEg
ZmYgZmYgODkgNDYgMzggODkgZjAgZTggZDkgZjkgZmYgZmYgODUgYzAgODkgYzMgNzUgY2Eg
OGIgNWYgNWMgODUgZGIgNzQgMTEgZTggMTcgOTEgZjEgZmYgPDg5PiA0MyAyMCA4OSA1MyAy
NCA4OSA0MyAyOCA4OSA1MyAyYyBiOCA4MCAyZiA4NSBjMSBlOCBhMSAzNiAzZgpbICAgIDAu
MTkyMDAwXSBFSVA6IFs8YzExN2RjNzk+XSBrZXJuZnNfYWRkX29uZSsweDg5LzB4MTMwIFNT
OkVTUCAwMDY4OmQzMDNkZTMwClsgICAgMC4xOTIwMDBdIENSMjogMDAwMDAwMDAyNGMwMDAy
MApbICAgIDAuMTkyMDAwXSAtLS1bIGVuZCB0cmFjZSBjMzU3ODlhNDc4NjYxMzc3IF0tLS0K
WyAgICAwLjE5MjAwMF0gS2VybmVsIHBhbmljIC0gbm90IHN5bmNpbmc6IEZhdGFsIGV4Y2Vw
dGlvbgova2VybmVsL2kzODYtcmFuZGNvbmZpZy1pYjEtMDkyMzIzMDMvNjZhMzFkNTI4YTFl
M2Q0ODNiZTJiMWM5OTNlYzEyNjg0MTJmMDA3NC9kbWVzZy15b2N0by1sa3AtbmV4MDQtMTA6
MjAxNDA5MjYyMDM5NTI6aTM4Ni1yYW5kY29uZmlnLWliMS0wOTIzMjMwMzo6CjA6MToxIGFs
bF9nb29kOmJhZDphbGxfYmFkIGJvb3RzChtbMTszNW0yMDE0LTA5LTI2IDIwOjQwOjMzIFJF
UEVBVCBDT1VOVDogMjAgICMgL2MvYm9vdC1iaXNlY3QvbGludXgtMS9vYmotYmlzZWN0Ly5y
ZXBlYXQbWzBtCgpCaXNlY3Rpbmc6IDggcmV2aXNpb25zIGxlZnQgdG8gdGVzdCBhZnRlciB0
aGlzIChyb3VnaGx5IDMgc3RlcHMpCls1ZThhY2I2ODYxMGMwNzdiMDhjYjNmMTYzMDVhYTNj
YzIyZTVkMmE4XSBrZXJuZWwva3RocmVhZC5jOiBwYXJ0aWFsIHJldmVydCBvZiA4MWM5ODg2
OWZhYTUgKCJrdGhyZWFkOiBlbnN1cmUgbG9jYWxpdHkgb2YgdGFza19zdHJ1Y3QgYWxsb2Nh
dGlvbnMiKQpydW5uaW5nIC9jL2tlcm5lbC10ZXN0cy9iaXNlY3QtdGVzdC1ib290LWZhaWx1
cmUuc2ggL2MvYm9vdC1iaXNlY3QvbGludXgtMS9vYmotYmlzZWN0CmxzIC1hIC9rYnVpbGQt
dGVzdHMvcnVuLXF1ZXVlL2t2bS9pMzg2LXJhbmRjb25maWctaWIxLTA5MjMyMzAzL25leHQ6
bWFzdGVyOjVlOGFjYjY4NjEwYzA3N2IwOGNiM2YxNjMwNWFhM2NjMjJlNWQyYTg6YmlzZWN0
LWxpbnV4LTEKCjIwMTQtMDktMjYgMjA6NDA6MzQgNWU4YWNiNjg2MTBjMDc3YjA4Y2IzZjE2
MzA1YWEzY2MyMmU1ZDJhOCBjb21waWxpbmcKUXVldWVkIGJ1aWxkIHRhc2sgdG8gL2tidWls
ZC10ZXN0cy9idWlsZC1xdWV1ZS9sa3AtaWIwMy9pMzg2LXJhbmRjb25maWctaWIxLTA5MjMy
MzAzLTVlOGFjYjY4NjEwYzA3N2IwOGNiM2YxNjMwNWFhM2NjMjJlNWQyYTgKQ2hlY2sgZm9y
IGtlcm5lbCBpbiAva2VybmVsL2kzODYtcmFuZGNvbmZpZy1pYjEtMDkyMzIzMDMvNWU4YWNi
Njg2MTBjMDc3YjA4Y2IzZjE2MzA1YWEzY2MyMmU1ZDJhOAp3YWl0aW5nIGZvciBjb21wbGV0
aW9uIG9mIC9rYnVpbGQtdGVzdHMvYnVpbGQtcXVldWUvbGtwLWliMDMvaTM4Ni1yYW5kY29u
ZmlnLWliMS0wOTIzMjMwMy01ZThhY2I2ODYxMGMwNzdiMDhjYjNmMTYzMDVhYTNjYzIyZTVk
MmE4ChtbMTszNW0yMDE0LTA5LTI2IDIwOjUxOjM0IE5vIGJ1aWxkIHNlcnZlZCBmaWxlIC9r
YnVpbGQtdGVzdHMvYnVpbGQtc2VydmVkL2kzODYtcmFuZGNvbmZpZy1pYjEtMDkyMzIzMDMt
NWU4YWNiNjg2MTBjMDc3YjA4Y2IzZjE2MzA1YWEzY2MyMmU1ZDJhOBtbMG0KUmV0cnkgYnVp
bGQgLi4Kd2FpdGluZyBmb3IgY29tcGxldGlvbiBvZiAva2J1aWxkLXRlc3RzL2J1aWxkLXF1
ZXVlL2xrcC1pYjAzLXNtb2tlL2kzODYtcmFuZGNvbmZpZy1pYjEtMDkyMzIzMDMtNWU4YWNi
Njg2MTBjMDc3YjA4Y2IzZjE2MzA1YWEzY2MyMmU1ZDJhOAprZXJuZWw6IC9rZXJuZWwvaTM4
Ni1yYW5kY29uZmlnLWliMS0wOTIzMjMwMy81ZThhY2I2ODYxMGMwNzdiMDhjYjNmMTYzMDVh
YTNjYzIyZTVkMmE4L3ZtbGludXotMy4xNy4wLXJjNi0wMDA4NS1nNWU4YWNiNgoKMjAxNC0w
OS0yNiAyMDo1NjozNCBkZXRlY3RpbmcgYm9vdCBzdGF0ZSAuLi4uLi4uCTEuLi4uCTMuLgk0
Lgk1CTcJMTcJMTkJMjAgU1VDQ0VTUwoKQmlzZWN0aW5nOiA0IHJldmlzaW9ucyBsZWZ0IHRv
IHRlc3QgYWZ0ZXIgdGhpcyAocm91Z2hseSAyIHN0ZXBzKQpbMzZmYmZlYmU3NzZlYjU4NzFk
NjFlN2E3NTVjOWZlYjFjOTZjYzRhYV0gbW0vc2xhYjogc3VwcG9ydCBzbGFiIG1lcmdlCnJ1
bm5pbmcgL2Mva2VybmVsLXRlc3RzL2Jpc2VjdC10ZXN0LWJvb3QtZmFpbHVyZS5zaCAvYy9i
b290LWJpc2VjdC9saW51eC0xL29iai1iaXNlY3QKbHMgLWEgL2tidWlsZC10ZXN0cy9ydW4t
cXVldWUva3ZtL2kzODYtcmFuZGNvbmZpZy1pYjEtMDkyMzIzMDMvbmV4dDptYXN0ZXI6MzZm
YmZlYmU3NzZlYjU4NzFkNjFlN2E3NTVjOWZlYjFjOTZjYzRhYTpiaXNlY3QtbGludXgtMQoK
MjAxNC0wOS0yNiAyMTowNzozNiAzNmZiZmViZTc3NmViNTg3MWQ2MWU3YTc1NWM5ZmViMWM5
NmNjNGFhIGNvbXBpbGluZwpRdWV1ZWQgYnVpbGQgdGFzayB0byAva2J1aWxkLXRlc3RzL2J1
aWxkLXF1ZXVlL2xrcC1pYjAzL2kzODYtcmFuZGNvbmZpZy1pYjEtMDkyMzIzMDMtMzZmYmZl
YmU3NzZlYjU4NzFkNjFlN2E3NTVjOWZlYjFjOTZjYzRhYQpDaGVjayBmb3Iga2VybmVsIGlu
IC9rZXJuZWwvaTM4Ni1yYW5kY29uZmlnLWliMS0wOTIzMjMwMy8zNmZiZmViZTc3NmViNTg3
MWQ2MWU3YTc1NWM5ZmViMWM5NmNjNGFhCndhaXRpbmcgZm9yIGNvbXBsZXRpb24gb2YgL2ti
dWlsZC10ZXN0cy9idWlsZC1xdWV1ZS9sa3AtaWIwMy9pMzg2LXJhbmRjb25maWctaWIxLTA5
MjMyMzAzLTM2ZmJmZWJlNzc2ZWI1ODcxZDYxZTdhNzU1YzlmZWIxYzk2Y2M0YWEKG1sxOzM1
bTIwMTQtMDktMjYgMjI6MDM6MzYgTm8gYnVpbGQgc2VydmVkIGZpbGUgL2tidWlsZC10ZXN0
cy9idWlsZC1zZXJ2ZWQvaTM4Ni1yYW5kY29uZmlnLWliMS0wOTIzMjMwMy0zNmZiZmViZTc3
NmViNTg3MWQ2MWU3YTc1NWM5ZmViMWM5NmNjNGFhG1swbQpSZXRyeSBidWlsZCAuLgp3YWl0
aW5nIGZvciBjb21wbGV0aW9uIG9mIC9rYnVpbGQtdGVzdHMvYnVpbGQtcXVldWUvbGtwLWli
MDMtc21va2UvaTM4Ni1yYW5kY29uZmlnLWliMS0wOTIzMjMwMy0zNmZiZmViZTc3NmViNTg3
MWQ2MWU3YTc1NWM5ZmViMWM5NmNjNGFhCmtlcm5lbDogL2tlcm5lbC9pMzg2LXJhbmRjb25m
aWctaWIxLTA5MjMyMzAzLzM2ZmJmZWJlNzc2ZWI1ODcxZDYxZTdhNzU1YzlmZWIxYzk2Y2M0
YWEvdm1saW51ei0zLjE3LjAtcmM2LTAwMDg5LWczNmZiZmViCgoyMDE0LTA5LTI2IDIyOjA1
OjM2IGRldGVjdGluZyBib290IHN0YXRlIC4uIFRFU1QgRkFJTFVSRQpbICAgIDEuNDI4MDEz
XSBBQ1BJOiAoc3VwcG9ydHMgUzAgUzUpClsgICAgMS40Mjg1NzldIEFDUEk6IFVzaW5nIElP
QVBJQyBmb3IgaW50ZXJydXB0IHJvdXRpbmcKWyAgICAxLjQyOTMzOF0gUENJOiBVc2luZyBo
b3N0IGJyaWRnZSB3aW5kb3dzIGZyb20gQUNQSTsgaWYgbmVjZXNzYXJ5LCB1c2UgInBjaT1u
b2NycyIgYW5kIHJlcG9ydCBhIGJ1ZwpbICAgIDEuNDMyMDE0XSBCVUc6IHVuYWJsZSB0byBo
YW5kbGUga2VybmVsIHBhZ2luZyByZXF1ZXN0IGF0IDU0MjU3MmU3ClsgICAgMS40MzYwMDRd
IElQOiBbPGMxMTdkNmUzPl0ga2VybmZzX2xpbmtfc2libGluZysweDIzLzB4YzAKWyAgICAx
LjQzNjAwNF0gKnBkcHQgPSAwMDAwMDAwMDAwMDAwMDAwICpwZGUgPSAwMDAwMDAwMDAwMDAw
MDAwIApbICAgIDEuNDM2MDA0XSBPb3BzOiAwMDAwIFsjMV0gU01QIApbICAgIDEuNDM2MDA0
XSBNb2R1bGVzIGxpbmtlZCBpbjoKWyAgICAxLjQzNjAwNF0gQ1BVOiAxIFBJRDogMSBDb21t
OiBzd2FwcGVyLzAgTm90IHRhaW50ZWQgMy4xNy4wLXJjNi0wMDA4OS1nMzZmYmZlYiAjMQpb
ICAgIDEuNDM2MDA0XSBIYXJkd2FyZSBuYW1lOiBCb2NocyBCb2NocywgQklPUyBCb2NocyAw
MS8wMS8yMDExClsgICAgMS40MzYwMDRdIHRhc2s6IGQxYzQ4YzkwIHRpOiBkMWM0YTAwMCB0
YXNrLnRpOiBkMWM0YTAwMApbICAgIDEuNDM2MDA0XSBFSVA6IDAwNjA6WzxjMTE3ZDZlMz5d
IEVGTEFHUzogMDAwMTAyMDYgQ1BVOiAxClsgICAgMS40MzYwMDRdIEVJUCBpcyBhdCBrZXJu
ZnNfbGlua19zaWJsaW5nKzB4MjMvMHhjMApbICAgIDEuNDM2MDA0XSBFQVg6IGFkOGZkMTMz
IEVCWDogNTQyNTcyZDcgRUNYOiBkMWQ2MDk1OCBFRFg6IDAxYjU0NDBhClsgICAgMS40MzYw
MDRdIEVTSTogZDFkNjA2OTAgRURJOiBjMTc3MmE5OCBFQlA6IGQxYzRiY2QwIEVTUDogZDFj
NGJjYzQKWyAgICAxLjQzNjAwNF0gIERTOiAwMDdiIEVTOiAwMDdiIEZTOiAwMGQ4IEdTOiAw
MDAwIFNTOiAwMDY4ClsgICAgMS40MzYwMDRdIENSMDogODAwNTAwM2IgQ1IyOiA1NDI1NzJl
NyBDUjM6IDAxYThhMDAwIENSNDogMDAwMDA2ZjAKWyAgICAxLjQzNjAwNF0gU3RhY2s6Clsg
ICAgMS40MzYwMDRdICBmZmZmZmZlYSBkMWQ2MDY5MCBkMWQ2MGE1MCBkMWM0YmNmYyBjMTE3
ZGNlNyBkMWMwNmYwMCAwMDAwMDIwMiBkMWQ2MGE1MApbICAgIDEuNDM2MDA0XSAgZDFkNjA2
OTAgZDFjNGJjZmMgYzExN2RiYTAgZDFkNjA2OTAgYzE1OWE1YzAgYzE4NjFjYjQgZDFjNGJk
MTQgYzExN2YwZjIKWyAgICAxLjQzNjAwNF0gIDAwMDAwMDAwIGMxODYxY2E4IGQxZDYwYTUw
IDAwMDAwMDAwIGQxYzRiZDUwIGMxMTdmOGI1IDAwMDAxMDAwIDAwMDAwMDAwClsgICAgMS40
MzYwMDRdIENhbGwgVHJhY2U6ClsgICAgMS40MzYwMDRdICBbPGMxMTdkY2U3Pl0ga2VybmZz
X2FkZF9vbmUrMHg3Ny8weDEzMApbICAgIDEuNDM2MDA0XSAgWzxjMTE3ZGJhMD5dID8ga2Vy
bmZzX25ld19ub2RlKzB4MzAvMHg0MApbICAgIDEuNDM2MDA0XSAgWzxjMTE3ZjBmMj5dIF9f
a2VybmZzX2NyZWF0ZV9maWxlKzB4OTIvMHhjMApbICAgIDEuNDM2MDA0XSAgWzxjMTE3Zjhi
NT5dIHN5c2ZzX2FkZF9maWxlX21vZGVfbnMrMHg5NS8weDE5MApbICAgIDEuNDM2MDA0XSAg
WzxjMTE3ZjlkNz5dIHN5c2ZzX2NyZWF0ZV9maWxlX25zKzB4MjcvMHg0MApbICAgIDEuNDM2
MDA0XSAgWzxjMTMxYzI0OT5dIGRldmljZV9jcmVhdGVfZmlsZSsweDM5LzB4YjAKWyAgICAx
LjQzNjAwNF0gIFs8YzEyYTc1NmM+XSBhY3BpX2RldmljZV9hZGQrMHgyMzgvMHgzZWEKWyAg
ICAxLjQzNjAwNF0gIFs8YzEyYTc4MmI+XSA/IGFjcGlfZnJlZV9wbnBfaWRzKzB4M2MvMHgz
YwpbICAgIDEuNDM2MDA0XSAgWzxjMTJhODA3Nj5dIGFjcGlfYWRkX3NpbmdsZV9vYmplY3Qr
MHg0YzAvMHg1MjAKWyAgICAxLjQzNjAwNF0gIFs8YzEyYTQ5MTE+XSA/IGFjcGlfZXZhbHVh
dGVfaW50ZWdlcisweDI1LzB4NGYKWyAgICAxLjQzNjAwNF0gIFs8YzEyYTQ1Mjc+XSA/IGFj
cGlfb3Nfc2lnbmFsX3NlbWFwaG9yZSsweDFlLzB4MmEKWyAgICAxLjQzNjAwNF0gIFs8YzEy
YTgxOGM+XSBhY3BpX2J1c19jaGVja19hZGQrMHhiNi8weDEzNQpbICAgIDEuNDM2MDA0XSAg
WzxjMTJiZDg2NT5dIGFjcGlfbnNfd2Fsa19uYW1lc3BhY2UrMHhhZi8weDE3MgpbICAgIDEu
NDM2MDA0XSAgWzxjMTJiZGNiZj5dIGFjcGlfd2Fsa19uYW1lc3BhY2UrMHg2ZS8weDk4Clsg
ICAgMS40MzYwMDRdICBbPGMxMmE4MGQ2Pl0gPyBhY3BpX2FkZF9zaW5nbGVfb2JqZWN0KzB4
NTIwLzB4NTIwClsgICAgMS40MzYwMDRdICBbPGMxMmE4MzhjPl0gYWNwaV9idXNfc2Nhbisw
eDM1LzB4NTQKWyAgICAxLjQzNjAwNF0gIFs8YzEyYTgwZDY+XSA/IGFjcGlfYWRkX3Npbmds
ZV9vYmplY3QrMHg1MjAvMHg1MjAKWyAgICAxLjQzNjAwNF0gIFs8YzE4ZGYxMTg+XSBhY3Bp
X3NjYW5faW5pdCsweDViLzB4MTZkClsgICAgMS40MzYwMDRdICBbPGMxOGRlZjczPl0gYWNw
aV9pbml0KzB4MjBjLzB4MjI0ClsgICAgMS40MzYwMDRdICBbPGMxOGRlZDY3Pl0gPyBhY3Bp
X3NsZWVwX2luaXQrMHhhYi8weGFiClsgICAgMS40MzYwMDRdICBbPGMxMDAwNDFlPl0gZG9f
b25lX2luaXRjYWxsKzB4N2UvMHgxYjAKWyAgICAxLjQzNjAwNF0gIFs8YzE4ZGVkNjc+XSA/
IGFjcGlfc2xlZXBfaW5pdCsweGFiLzB4YWIKWyAgICAxLjQzNjAwNF0gIFs8YzE4YjI0YmE+
XSA/IHJlcGFpcl9lbnZfc3RyaW5nKzB4MTIvMHg1NApbICAgIDEuNDM2MDA0XSAgWzxjMThi
MjRhOD5dID8gaW5pdGNhbGxfYmxhY2tsaXN0KzB4N2MvMHg3YwpbICAgIDEuNDM2MDA0XSAg
WzxjMTA1ZTEwMD5dID8gcGFyc2VfYXJncysweDE2MC8weDNmMApbICAgIDEuNDM2MDA0XSAg
WzxjMThiMmJkMT5dIGtlcm5lbF9pbml0X2ZyZWVhYmxlKzB4ZmMvMHgxNzkKWyAgICAxLjQz
NjAwNF0gIFs8YzE1Njc4MmI+XSBrZXJuZWxfaW5pdCsweGIvMHhkMApbICAgIDEuNDM2MDA0
XSAgWzxjMTU3NDYwMT5dIHJldF9mcm9tX2tlcm5lbF90aHJlYWQrMHgyMS8weDMwClsgICAg
MS40MzYwMDRdICBbPGMxNTY3ODIwPl0gPyByZXN0X2luaXQrMHhiMC8weGIwClsgICAgMS40
