Return-Path: <owner-linux-mm@kvack.org>
Received: from mail-pl0-f69.google.com (mail-pl0-f69.google.com [209.85.160.69])
	by kanga.kvack.org (Postfix) with ESMTP id 271C66B0005
	for <linux-mm@kvack.org>; Thu, 19 Apr 2018 01:41:53 -0400 (EDT)
Received: by mail-pl0-f69.google.com with SMTP id ay8-v6so2345594plb.9
        for <linux-mm@kvack.org>; Wed, 18 Apr 2018 22:41:53 -0700 (PDT)
Received: from mga11.intel.com (mga11.intel.com. [192.55.52.93])
        by mx.google.com with ESMTPS id c1-v6si2654523plz.237.2018.04.18.22.41.49
        for <linux-mm@kvack.org>
        (version=TLS1_2 cipher=ECDHE-RSA-AES128-GCM-SHA256 bits=128/128);
        Wed, 18 Apr 2018 22:41:50 -0700 (PDT)
Date: Thu, 19 Apr 2018 13:40:47 +0800
From: Fengguang Wu <fengguang.wu@intel.com>
Subject: BUG: Bad page map in process python2 pte:10000000000 pmd:17e8be067
Message-ID: <20180419054047.xxiljmzaf2u7odc6@wfg-t540p.sh.intel.com>
MIME-Version: 1.0
Content-Type: multipart/mixed; boundary="os3tbuuydpbgu5pd"
Content-Disposition: inline
Sender: owner-linux-mm@kvack.org
List-ID: <linux-mm.kvack.org>
To: linux-mm@kvack.org
Cc: Andrew Morton <akpm@linux-foundation.org>, Michal Hocko <mhocko@suse.com>, =?utf-8?B?SsOpcsO0bWU=?= Glisse <jglisse@redhat.com>, Mel Gorman <mgorman@techsingularity.net>, Huang Ying <ying.huang@intel.com>, Ross Zwisler <ross.zwisler@linux.intel.com>, Minchan Kim <minchan@kernel.org>, Hugh Dickins <hughd@google.com>, linux-kernel@vger.kernel.org, lkp@01.org


--os3tbuuydpbgu5pd
Content-Type: text/plain; charset=us-ascii
Content-Disposition: inline

Hello,

FYI this happens in mainline kernel and dates back at least to
v4.16-rc5 . It's rather rare and beyond bisect.

[  716.494065] PASS concurrent_autogo_5ghz_ht40 4.803608 2018-03-23 09:57:21.586794
[  716.494069]
[  716.496923] passed all 1 test case(s)
[  716.496926]
[  716.511702] swap_info_get: Bad swap file entry 04000000
[  716.512731] BUG: Bad page map in process python2  pte:10000000000 pmd:17e8be067
[  716.513844] addr:00000000860ba23b vm_flags:00000070 anon_vma:          (null) mapping:000000004c76fece index:1e2
[  716.515160] file:libpcre.so.3.13.3 fault:filemap_fault mmap:generic_file_mmap readpage:simple_readpage
[  716.516418] CPU: 2 PID: 8907 Comm: python2 Not tainted 4.16.0-rc5 #1
[  716.517533] Hardware name:  /DH67GD, BIOS BLH6710H.86A.0132.2011.1007.1505 10/07/2011
[  716.518717] Call Trace:
[  716.519647]  dump_stack+0x5c/0x7c:
						dump_stack at lib/dump_stack.c:55
[  716.520619]  print_bad_pte+0x1de/0x290:
						print_bad_pte at mm/memory.c:776 (discriminator 12)
[  716.521609]  ? __swap_info_get+0x8e/0xa0:
						__swap_info_get at mm/swapfile.c:1063
[  716.522596]  unmap_page_range+0x803/0xa20:
						zap_pte_range at mm/memory.c:1384
						 (inlined by) zap_pmd_range at mm/memory.c:1441
						 (inlined by) zap_pud_range at mm/memory.c:1470
						 (inlined by) zap_p4d_range at mm/memory.c:1491
						 (inlined by) unmap_page_range at mm/memory.c:1512
[  716.523578]  unmap_vmas+0x4c/0xa0:
						unmap_vmas at mm/memory.c:1586 (discriminator 3)
[  716.524517]  exit_mmap+0x82/0x150:
						constant_test_bit at arch/x86/include/asm/bitops.h:328
						 (inlined by) mm_is_oom_victim at include/linux/oom.h:75
						 (inlined by) exit_mmap at mm/mmap.c:3022
[  716.525447]  mmput+0x67/0x160:
						__mmput at kernel/fork.c:961
						 (inlined by) mmput at kernel/fork.c:981
[  716.526354]  do_exit+0x2a5/0xb80:
						constant_test_bit at arch/x86/include/asm/bitops.h:328
						 (inlined by) test_ti_thread_flag at include/linux/thread_info.h:79
						 (inlined by) exit_mm at kernel/exit.c:545
						 (inlined by) do_exit at kernel/exit.c:852
[  716.527278]  ? __do_page_fault+0x27e/0x4f0:
						__do_page_fault at arch/x86/mm/fault.c:1449
[  716.528250]  do_group_exit+0x3a/0xa0:
						__read_once_size at include/linux/compiler.h:188
						 (inlined by) list_empty at include/linux/list.h:203
						 (inlined by) thread_group_empty at include/linux/sched/signal.h:594
						 (inlined by) do_group_exit at kernel/exit.c:953
[  716.529199]  SyS_exit_group+0x10/0x10
[  716.530143]  do_syscall_64+0x74/0x190:
						do_syscall_64 at arch/x86/entry/common.c:287
[  716.531089]  entry_SYSCALL_64_after_hwframe+0x3d/0xa2:
						entry_SYSCALL_64_after_hwframe at arch/x86/entry/entry_64.S:246
[  716.532116] RIP: 0033:0x7fde0df8fa38
[  716.533070] RSP: 002b:00007ffccf97ba28 EFLAGS: 00000246 ORIG_RAX: 00000000000000e7
[  716.534235] RAX: ffffffffffffffda RBX: 0000000000000000 RCX: 00007fde0df8fa38
[  716.535373] RDX: 0000000000000000 RSI: 000000000000003c RDI: 0000000000000000
[  716.536522] RBP: 00007fde0e26e8e0 R08: 00000000000000e7 R09: ffffffffffffff98
[  716.537663] R10: 00007fde0816f178 R11: 0000000000000246 R12: 00007fde0e26e8e0
[  716.538799] R13: 00007fde0e273c20 R14: 0000000000000000 R15: 0000000000000000
[  716.539948] Disabling lock debugging due to kernel taint
[  716.548523] 2018-03-23 09:57:21 	./run-tests.py concurrent_autogo_crossconnect
[  716.548526]

Attached the full dmesg and kconfig.

Thanks,
Fengguang

--os3tbuuydpbgu5pd
Content-Type: text/plain; charset=us-ascii
Content-Disposition: attachment; filename="dmesg-snb-black:20180323100014:x86_64-rhel-7.2:gcc-7:4.16.0-rc4-00467-gc8044ed:1"

[    0.000000] Command line: ip=::::snb-black::dhcp root=/dev/ram0 user=lkp job=/lkp/scheduled/snb-black/hwsim-hwsim-04-debian-x86_64-2016-08-31.cgz-CYCLIC_BASE-20180323-83132-wnye8e-0.yaml ARCH=x86_64 kconfig=x86_64-rhel-7.2 branch=linux-devel/devel-hourly-2018031702 commit=0c8efd610b58cb23cefdfa12015799079aef94ae BOOT_IMAGE=/pkg/linux/x86_64-rhel-7.2/gcc-7/0c8efd610b58cb23cefdfa12015799079aef94ae/vmlinuz-4.16.0-rc5 max_uptime=3600 RESULT_ROOT=/result/hwsim/hwsim-04/snb-black/debian-x86_64-2016-08-31.cgz/x86_64-rhel-7.2/gcc-7/0c8efd610b58cb23cefdfa12015799079aef94ae/7 LKP_SERVER=inn debug apic=debug sysrq_always_enabled rcupdate.rcu_cpu_stall_timeout=100 net.ifnames=0 printk.devkmsg=on panic=-1 softlockup_panic=1 nmi_watchdog=panic oops=panic load_ramdisk=2 prompt_ramdisk=0 drbd.minor_count=8 systemd.log_level=err ignore_loglevel console=tty0 earlyprintk=ttyS0,115200 console=ttyS0,115200 vga=normal rw
[    0.000000] x86/fpu: Supporting XSAVE feature 0x001: 'x87 floating point registers'
[    0.000000] x86/fpu: Supporting XSAVE feature 0x002: 'SSE registers'
[    0.000000] x86/fpu: Supporting XSAVE feature 0x004: 'AVX registers'
[    0.000000] x86/fpu: xstate_offset[2]:  576, xstate_sizes[2]:  256
[    0.000000] x86/fpu: Enabled xstate features 0x7, context size is 832 bytes, using 'standard' format.
[    0.000000] e820: BIOS-provided physical RAM map:
[    0.000000] BIOS-e820: [mem 0x0000000000000100-0x000000000009d7ff] usable
[    0.000000] BIOS-e820: [mem 0x000000000009d800-0x000000000009ffff] reserved
[    0.000000] BIOS-e820: [mem 0x00000000000e0000-0x00000000000fffff] reserved
[    0.000000] BIOS-e820: [mem 0x0000000000100000-0x000000001fffffff] usable
[    0.000000] BIOS-e820: [mem 0x0000000020000000-0x00000000201fffff] reserved
[    0.000000] BIOS-e820: [mem 0x0000000020200000-0x000000003fffffff] usable
[    0.000000] BIOS-e820: [mem 0x0000000040000000-0x00000000401fffff] reserved
[    0.000000] BIOS-e820: [mem 0x0000000040200000-0x00000000da850fff] usable
[    0.000000] BIOS-e820: [mem 0x00000000da851000-0x00000000da89ffff] ACPI NVS
[    0.000000] BIOS-e820: [mem 0x00000000da8a0000-0x00000000da8a7fff] ACPI data
[    0.000000] BIOS-e820: [mem 0x00000000da8a8000-0x00000000dabc5fff] reserved
[    0.000000] BIOS-e820: [mem 0x00000000dabc6000-0x00000000dabc6fff] usable
[    0.000000] BIOS-e820: [mem 0x00000000dabc7000-0x00000000dabd6fff] reserved
[    0.000000] BIOS-e820: [mem 0x00000000dabd7000-0x00000000dabe3fff] ACPI NVS
[    0.000000] BIOS-e820: [mem 0x00000000dabe4000-0x00000000dac0bfff] reserved
[    0.000000] BIOS-e820: [mem 0x00000000dac0c000-0x00000000dac4efff] ACPI NVS
[    0.000000] BIOS-e820: [mem 0x00000000dac4f000-0x00000000dae89fff] reserved
[    0.000000] BIOS-e820: [mem 0x00000000dae8a000-0x00000000daffffff] usable
[    0.000000] BIOS-e820: [mem 0x00000000db800000-0x00000000df9fffff] reserved
[    0.000000] BIOS-e820: [mem 0x00000000fed1c000-0x00000000fed1ffff] reserved
[    0.000000] BIOS-e820: [mem 0x00000000ff000000-0x00000000ffffffff] reserved
[    0.000000] BIOS-e820: [mem 0x0000000100000000-0x000000021fdfffff] usable
[    0.000000] debug: ignoring loglevel setting.
[    0.000000] bootconsole [earlyser0] enabled
[    0.000000] NX (Execute Disable) protection: active
[    0.000000] random: fast init done
[    0.000000] SMBIOS 2.7 present.
[    0.000000] DMI:  /DH67GD, BIOS BLH6710H.86A.0132.2011.1007.1505 10/07/2011
[    0.000000] e820: update [mem 0x00000000-0x00000fff] usable ==> reserved
[    0.000000] e820: remove [mem 0x000a0000-0x000fffff] usable
[    0.000000] e820: last_pfn = 0x21fe00 max_arch_pfn = 0x400000000
[    0.000000] MTRR default type: uncachable
[    0.000000] MTRR fixed ranges enabled:
[    0.000000]   00000-9FFFF write-back
[    0.000000]   A0000-BFFFF uncachable
[    0.000000]   C0000-CFFFF write-protect
[    0.000000]   D0000-E7FFF uncachable
[    0.000000]   E8000-FFFFF write-protect
[    0.000000] MTRR variable ranges enabled:
[    0.000000]   0 base 000000000 mask E00000000 write-back
[    0.000000]   1 base 200000000 mask FE0000000 write-back
[    0.000000]   2 base 0DB800000 mask FFF800000 uncachable
[    0.000000]   3 base 0DC000000 mask FFC000000 uncachable
[    0.000000]   4 base 0E0000000 mask FE0000000 uncachable
[    0.000000]   5 base 21FE00000 mask FFFE00000 uncachable
[    0.000000]   6 disabled
[    0.000000]   7 disabled
[    0.000000]   8 disabled
[    0.000000]   9 disabled
[    0.000000] x86/PAT: Configuration [0-7]: WB  WC  UC- UC  WB  WP  UC- WT  
[    0.000000] e820: update [mem 0xdb800000-0xffffffff] usable ==> reserved
[    0.000000] e820: last_pfn = 0xdb000 max_arch_pfn = 0x400000000
[    0.000000] Scan for SMP in [mem 0x00000000-0x000003ff]
[    0.000000] Scan for SMP in [mem 0x0009fc00-0x0009ffff]
[    0.000000] Scan for SMP in [mem 0x000f0000-0x000fffff]
[    0.000000] found SMP MP-table at [mem 0x000fcee0-0x000fceef] mapped at [        (ptrval)]
[    0.000000]   mpc: fcbe0-fce5c
[    0.000000] Base memory trampoline at [        (ptrval)] 97000 size 24576
[    0.000000] reserving inaccessible SNB gfx pages
[    0.000000] BRK [0x21ed36000, 0x21ed36fff] PGTABLE
[    0.000000] BRK [0x21ed37000, 0x21ed37fff] PGTABLE
[    0.000000] BRK [0x21ed38000, 0x21ed38fff] PGTABLE
[    0.000000] BRK [0x21ed39000, 0x21ed39fff] PGTABLE
[    0.000000] BRK [0x21ed3a000, 0x21ed3afff] PGTABLE
[    0.000000] BRK [0x21ed3b000, 0x21ed3bfff] PGTABLE
[    0.000000] RAMDISK: [mem 0x2040c5000-0x21cffffff]
[    0.000000] ACPI: Early table checksum verification disabled
[    0.000000] ACPI: RSDP 0x00000000000F0450 000024 (v02 INTEL )
[    0.000000] ACPI: XSDT 0x00000000DA8A0068 00004C (v01 INTEL  DH67GD   01072009 AMI  00010013)
[    0.000000] ACPI: FACP 0x00000000DA8A7458 0000F4 (v04 INTEL  DH67GD   01072009 AMI  00010013)
[    0.000000] ACPI: DSDT 0x00000000DA8A0140 007316 (v02 INTEL  DH67GD   00000012 INTL 20051117)
[    0.000000] ACPI: FACS 0x00000000DABDBF80 000040
[    0.000000] ACPI: APIC 0x00000000DA8A7550 000092 (v03 INTEL  DH67GD   01072009 AMI  00010013)
[    0.000000] ACPI: SSDT 0x00000000DA8A75E8 0001D6 (v01 INTEL  DH67GD   00000001 MSFT 03000001)
[    0.000000] ACPI: MCFG 0x00000000DA8A77C0 00003C (v01 INTEL  DH67GD   01072009 MSFT 00000097)
[    0.000000] ACPI: HPET 0x00000000DA8A7800 000038 (v01 INTEL  DH67GD   01072009 AMI. 00000004)
[    0.000000] ACPI: Local APIC address 0xfee00000
[    0.000000] mapped APIC to ffffffffff5fc000 (        fee00000)
[    0.000000] No NUMA configuration found
[    0.000000] Faking a node at [mem 0x0000000000000000-0x000000021fdfffff]
[    0.000000] NODE_DATA(0) allocated [mem 0x21fdcd000-0x21fdf7fff]
[    0.000000] cma: Reserved 200 MiB at 0x00000001f7800000
[    0.000000] tsc: Fast TSC calibration using PIT
[    0.000000] Zone ranges:
[    0.000000]   DMA      [mem 0x0000000000001000-0x0000000000ffffff]
[    0.000000]   DMA32    [mem 0x0000000001000000-0x00000000ffffffff]
[    0.000000]   Normal   [mem 0x0000000100000000-0x000000021fdfffff]
[    0.000000]   Device   empty
[    0.000000] Movable zone start for each node
[    0.000000] Early memory node ranges
[    0.000000]   node   0: [mem 0x0000000000001000-0x000000000009cfff]
[    0.000000]   node   0: [mem 0x0000000000100000-0x000000001fffffff]
[    0.000000]   node   0: [mem 0x0000000020200000-0x000000003fffffff]
[    0.000000]   node   0: [mem 0x0000000040200000-0x00000000da850fff]
[    0.000000]   node   0: [mem 0x00000000dabc6000-0x00000000dabc6fff]
[    0.000000]   node   0: [mem 0x00000000dae8a000-0x00000000daffffff]
[    0.000000]   node   0: [mem 0x0000000100000000-0x000000021fdfffff]
[    0.000000] Initmem setup node 0 [mem 0x0000000000001000-0x000000021fdfffff]
[    0.000000] On node 0 totalpages: 2073444
[    0.000000]   DMA zone: 64 pages used for memmap
[    0.000000]   DMA zone: 156 pages reserved
[    0.000000]   DMA zone: 3996 pages, LIFO batch:0
[    0.000000]   DMA32 zone: 13912 pages used for memmap
[    0.000000]   DMA32 zone: 890312 pages, LIFO batch:31
[    0.000000]   Normal zone: 18424 pages used for memmap
[    0.000000]   Normal zone: 1179136 pages, LIFO batch:31
[    0.000000] Reserved but unavailable: 105 pages
[    0.000000] Reserving Intel graphics memory at [mem 0xdba00000-0xdf9fffff]
[    0.000000] ACPI: PM-Timer IO Port: 0x408
[    0.000000] ACPI: Local APIC address 0xfee00000
[    0.000000] ACPI: LAPIC_NMI (acpi_id[0xff] high edge lint[0x1])
[    0.000000] IOAPIC[0]: apic_id 0, version 32, address 0xfec00000, GSI 0-23
[    0.000000] ACPI: INT_SRC_OVR (bus 0 bus_irq 0 global_irq 2 dfl dfl)
[    0.000000] Int: type 0, pol 0, trig 0, bus 00, IRQ 00, APIC ID 0, APIC INT 02
[    0.000000] ACPI: INT_SRC_OVR (bus 0 bus_irq 9 global_irq 9 high level)
[    0.000000] Int: type 0, pol 1, trig 3, bus 00, IRQ 09, APIC ID 0, APIC INT 09
[    0.000000] ACPI: IRQ0 used by override.
[    0.000000] Int: type 0, pol 0, trig 0, bus 00, IRQ 01, APIC ID 0, APIC INT 01
[    0.000000] Int: type 0, pol 0, trig 0, bus 00, IRQ 03, APIC ID 0, APIC INT 03
[    0.000000] Int: type 0, pol 0, trig 0, bus 00, IRQ 04, APIC ID 0, APIC INT 04
[    0.000000] Int: type 0, pol 0, trig 0, bus 00, IRQ 05, APIC ID 0, APIC INT 05
[    0.000000] Int: type 0, pol 0, trig 0, bus 00, IRQ 06, APIC ID 0, APIC INT 06
[    0.000000] Int: type 0, pol 0, trig 0, bus 00, IRQ 07, APIC ID 0, APIC INT 07
[    0.000000] Int: type 0, pol 0, trig 0, bus 00, IRQ 08, APIC ID 0, APIC INT 08
[    0.000000] ACPI: IRQ9 used by override.
[    0.000000] Int: type 0, pol 0, trig 0, bus 00, IRQ 0a, APIC ID 0, APIC INT 0a
[    0.000000] Int: type 0, pol 0, trig 0, bus 00, IRQ 0b, APIC ID 0, APIC INT 0b
[    0.000000] Int: type 0, pol 0, trig 0, bus 00, IRQ 0c, APIC ID 0, APIC INT 0c
[    0.000000] Int: type 0, pol 0, trig 0, bus 00, IRQ 0d, APIC ID 0, APIC INT 0d
[    0.000000] Int: type 0, pol 0, trig 0, bus 00, IRQ 0e, APIC ID 0, APIC INT 0e
[    0.000000] Int: type 0, pol 0, trig 0, bus 00, IRQ 0f, APIC ID 0, APIC INT 0f
[    0.000000] Using ACPI (MADT) for SMP configuration information
[    0.000000] ACPI: HPET id: 0x8086a701 base: 0xfed00000
[    0.000000] smpboot: Allowing 8 CPUs, 0 hotplug CPUs
[    0.000000] mapped IOAPIC to ffffffffff5fb000 (fec00000)
[    0.000000] PM: Registered nosave memory: [mem 0x00000000-0x00000fff]
[    0.000000] PM: Registered nosave memory: [mem 0x0009d000-0x0009dfff]
[    0.000000] PM: Registered nosave memory: [mem 0x0009e000-0x0009ffff]
[    0.000000] PM: Registered nosave memory: [mem 0x000a0000-0x000dffff]
[    0.000000] PM: Registered nosave memory: [mem 0x000e0000-0x000fffff]
[    0.000000] PM: Registered nosave memory: [mem 0x20000000-0x201fffff]
[    0.000000] PM: Registered nosave memory: [mem 0x40000000-0x401fffff]
[    0.000000] PM: Registered nosave memory: [mem 0xda851000-0xda89ffff]
[    0.000000] PM: Registered nosave memory: [mem 0xda8a0000-0xda8a7fff]
[    0.000000] PM: Registered nosave memory: [mem 0xda8a8000-0xdabc5fff]
[    0.000000] PM: Registered nosave memory: [mem 0xdabc7000-0xdabd6fff]
[    0.000000] PM: Registered nosave memory: [mem 0xdabd7000-0xdabe3fff]
[    0.000000] PM: Registered nosave memory: [mem 0xdabe4000-0xdac0bfff]
[    0.000000] PM: Registered nosave memory: [mem 0xdac0c000-0xdac4efff]
[    0.000000] PM: Registered nosave memory: [mem 0xdac4f000-0xdae89fff]
[    0.000000] PM: Registered nosave memory: [mem 0xdb000000-0xdb7fffff]
[    0.000000] PM: Registered nosave memory: [mem 0xdb800000-0xdf9fffff]
[    0.000000] PM: Registered nosave memory: [mem 0xdfa00000-0xfed1bfff]
[    0.000000] PM: Registered nosave memory: [mem 0xfed1c000-0xfed1ffff]
[    0.000000] PM: Registered nosave memory: [mem 0xfed20000-0xfeffffff]
[    0.000000] PM: Registered nosave memory: [mem 0xff000000-0xffffffff]
[    0.000000] e820: [mem 0xdfa00000-0xfed1bfff] available for PCI devices
[    0.000000] Booting paravirtualized kernel on bare hardware
[    0.000000] clocksource: refined-jiffies: mask: 0xffffffff max_cycles: 0xffffffff, max_idle_ns: 1910969940391419 ns
[    0.000000] setup_percpu: NR_CPUS:8192 nr_cpumask_bits:8 nr_cpu_ids:8 nr_node_ids:1
[    0.000000] percpu: Embedded 45 pages/cpu @        (ptrval) s146904 r8192 d29224 u262144
[    0.000000] pcpu-alloc: s146904 r8192 d29224 u262144 alloc=1*2097152
[    0.000000] pcpu-alloc: [0] 0 1 2 3 4 5 6 7 
[    0.000000] Built 1 zonelists, mobility grouping on.  Total pages: 2040888
[    0.000000] Policy zone: Normal
[    0.000000] Kernel command line: ip=::::snb-black::dhcp root=/dev/ram0 user=lkp job=/lkp/scheduled/snb-black/hwsim-hwsim-04-debian-x86_64-2016-08-31.cgz-CYCLIC_BASE-20180323-83132-wnye8e-0.yaml ARCH=x86_64 kconfig=x86_64-rhel-7.2 branch=linux-devel/devel-hourly-2018031702 commit=0c8efd610b58cb23cefdfa12015799079aef94ae BOOT_IMAGE=/pkg/linux/x86_64-rhel-7.2/gcc-7/0c8efd610b58cb23cefdfa12015799079aef94ae/vmlinuz-4.16.0-rc5 max_uptime=3600 RESULT_ROOT=/result/hwsim/hwsim-04/snb-black/debian-x86_64-2016-08-31.cgz/x86_64-rhel-7.2/gcc-7/0c8efd610b58cb23cefdfa12015799079aef94ae/7 LKP_SERVER=inn debug apic=debug sysrq_always_enabled rcupdate.rcu_cpu_stall_timeout=100 net.ifnames=0 printk.devkmsg=on panic=-1 softlockup_panic=1 nmi_watchdog=panic oops=panic load_ramdisk=2 prompt_ramdisk=0 drbd.minor_count=8 systemd.log_level=err ignore_loglevel console=tty0 earlyprintk=ttyS0,115200 console=ttyS0,115200 vga=normal rw
[    0.000000] sysrq: sysrq always enabled.
[    0.000000] Memory: 7450872K/8293776K available (12300K kernel code, 2553K rwdata, 4072K rodata, 2368K init, 2508K bss, 638104K reserved, 204800K cma-reserved)
[    0.000000] SLUB: HWalign=64, Order=0-3, MinObjects=0, CPUs=8, Nodes=1
[    0.000000] Kernel/User page tables isolation: enabled
[    0.000000] ftrace: allocating 38983 entries in 153 pages
[    0.000000] Hierarchical RCU implementation.
[    0.000000] 	RCU restricting CPUs from NR_CPUS=8192 to nr_cpu_ids=8.
[    0.000000] 	RCU CPU stall warnings timeout set to 100 (rcu_cpu_stall_timeout).
[    0.000000] 	Tasks RCU enabled.
[    0.000000] RCU: Adjusting geometry for rcu_fanout_leaf=16, nr_cpu_ids=8
[    0.000000] NR_IRQS: 524544, nr_irqs: 488, preallocated irqs: 16
[    0.000000] 	Offload RCU callbacks from CPUs: .
[    0.000000] Console: colour VGA+ 80x25
[    0.000000] console [tty0] enabled
[    0.000000] console [ttyS0] enabled
[    0.000000] bootconsole [earlyser0] disabled
[    0.000000] ACPI: Core revision 20180105
[    0.000000] ACPI: 2 ACPI AML tables successfully acquired and loaded
[    0.000000] clocksource: hpet: mask: 0xffffffff max_cycles: 0xffffffff, max_idle_ns: 133484882848 ns
[    0.000000] hpet clockevent registered
[    0.000000] APIC: Switch to symmetric I/O mode setup
[    0.000000] masked ExtINT on CPU#0
[    0.000000] ENABLING IO-APIC IRQs
[    0.000000] init IO_APIC IRQs
[    0.000000]  apic 0 pin 0 not connected
[    0.000000] IOAPIC[0]: Set routing entry (0-1 -> 0xef -> IRQ 1 Mode:0 Active:0 Dest:1)
[    0.000000] IOAPIC[0]: Set routing entry (0-2 -> 0x30 -> IRQ 0 Mode:0 Active:0 Dest:1)
[    0.000000] IOAPIC[0]: Set routing entry (0-3 -> 0xef -> IRQ 3 Mode:0 Active:0 Dest:1)
[    0.000000] IOAPIC[0]: Set routing entry (0-4 -> 0xef -> IRQ 4 Mode:0 Active:0 Dest:1)
[    0.000000] IOAPIC[0]: Set routing entry (0-5 -> 0xef -> IRQ 5 Mode:0 Active:0 Dest:1)
[    0.000000] IOAPIC[0]: Set routing entry (0-6 -> 0xef -> IRQ 6 Mode:0 Active:0 Dest:1)
[    0.000000] IOAPIC[0]: Set routing entry (0-7 -> 0xef -> IRQ 7 Mode:0 Active:0 Dest:1)
[    0.000000] IOAPIC[0]: Set routing entry (0-8 -> 0xef -> IRQ 8 Mode:0 Active:0 Dest:1)
[    0.000000] IOAPIC[0]: Set routing entry (0-9 -> 0xef -> IRQ 9 Mode:1 Active:0 Dest:1)
[    0.000000] IOAPIC[0]: Set routing entry (0-10 -> 0xef -> IRQ 10 Mode:0 Active:0 Dest:1)
[    0.000000] IOAPIC[0]: Set routing entry (0-11 -> 0xef -> IRQ 11 Mode:0 Active:0 Dest:1)
[    0.000000] IOAPIC[0]: Set routing entry (0-12 -> 0xef -> IRQ 12 Mode:0 Active:0 Dest:1)
[    0.000000] IOAPIC[0]: Set routing entry (0-13 -> 0xef -> IRQ 13 Mode:0 Active:0 Dest:1)
[    0.000000] IOAPIC[0]: Set routing entry (0-14 -> 0xef -> IRQ 14 Mode:0 Active:0 Dest:1)
[    0.000000] IOAPIC[0]: Set routing entry (0-15 -> 0xef -> IRQ 15 Mode:0 Active:0 Dest:1)
[    0.000000]  apic 0 pin 16 not connected
[    0.000000]  apic 0 pin 17 not connected
[    0.000000]  apic 0 pin 18 not connected
[    0.000000]  apic 0 pin 19 not connected
[    0.000000]  apic 0 pin 20 not connected
[    0.000000]  apic 0 pin 21 not connected
[    0.000000]  apic 0 pin 22 not connected
[    0.000000]  apic 0 pin 23 not connected
[    0.000000] ..TIMER: vector=0x30 apic1=0 pin1=2 apic2=-1 pin2=-1
[    0.005000] tsc: Fast TSC calibration using PIT
[    0.006000] tsc: Detected 3392.335 MHz processor
[    0.006000] clocksource: tsc-early: mask: 0xffffffffffffffff max_cycles: 0x30e605dc2ae, max_idle_ns: 440795337456 ns
[    0.007001] Calibrating delay loop (skipped), value calculated using timer frequency.. 6784.67 BogoMIPS (lpj=3392335)
[    0.007634] pid_max: default: 32768 minimum: 301
[    0.008014] Security Framework initialized
[    0.008291] SELinux:  Initializing.
[    0.008543] SELinux:  Starting in permissive mode
[    0.009878] Dentry cache hash table entries: 1048576 (order: 11, 8388608 bytes)
[    0.010502] Inode-cache hash table entries: 524288 (order: 10, 4194304 bytes)
[    0.011023] Mount-cache hash table entries: 16384 (order: 5, 131072 bytes)
[    0.011455] Mountpoint-cache hash table entries: 16384 (order: 5, 131072 bytes)
[    0.012150] CPU: Physical Processor ID: 0
[    0.012424] CPU: Processor Core ID: 0
[    0.012683] mce: CPU supports 9 MCE banks
[    0.013006] CPU0: Thermal monitoring enabled (TM1)
[    0.013326] process: using mwait in idle threads
[    0.013631] Last level iTLB entries: 4KB 512, 2MB 8, 4MB 8
[    0.014000] Last level dTLB entries: 4KB 512, 2MB 32, 4MB 32, 1GB 0
[    0.014390] Spectre V2 : Mitigation: Full generic retpoline
[    0.014742] Spectre V2 : Spectre v2 mitigation: Enabling Indirect Branch Prediction Barrier
[    0.015000] Spectre V2 : Enabling Restricted Speculation for firmware calls
[    0.015506] Freeing SMP alternatives memory: 40K
[    0.017177] TSC deadline timer enabled
[    0.017440] smpboot: CPU0: Intel(R) Core(TM) i7-2600K CPU @ 3.40GHz (family: 0x6, model: 0x2a, stepping: 0x7)
[    0.018000] Performance Events: PEBS fmt1+, SandyBridge events, 16-deep LBR, full-width counters, Intel PMU driver.
[    0.018003] ... version:                3
[    0.018275] ... bit width:              48
[    0.018551] ... generic registers:      4
[    0.018824] ... value mask:             0000ffffffffffff
[    0.019001] ... max period:             00007fffffffffff
[    0.019339] ... fixed-purpose events:   3
[    0.019612] ... event mask:             000000070000000f
[    0.019981] Hierarchical SRCU implementation.
[    0.020863] NMI watchdog: Enabled. Permanently consumes one hw-PMU counter.
[    0.021017] smp: Bringing up secondary CPUs ...
[    0.021370] x86: Booting SMP configuration:
[    0.021651] .... node  #0, CPUs:      #1
[    0.001000] masked ExtINT on CPU#1
[    0.023076]  #2
[    0.001000] masked ExtINT on CPU#2
[    0.024077]  #3
[    0.001000] masked ExtINT on CPU#3
[    0.025078]  #4
[    0.001000] masked ExtINT on CPU#4
[    0.026087]  #5
[    0.001000] masked ExtINT on CPU#5
[    0.027078]  #6
[    0.001000] masked ExtINT on CPU#6
[    0.028080]  #7
[    0.001000] masked ExtINT on CPU#7
[    0.029022] smp: Brought up 1 node, 8 CPUs
[    0.029282] smpboot: Max logical packages: 1
[    0.029568] smpboot: Total of 8 processors activated (54277.36 BogoMIPS)
[    0.031303] devtmpfs: initialized
[    0.031303] x86/mm: Memory block size: 128MB
[    0.032563] evm: security.selinux
[    0.032801] evm: security.ima
[    0.033001] evm: security.capability
[    0.033262] PM: Registering ACPI NVS region [mem 0xda851000-0xda89ffff] (323584 bytes)
[    0.033653] PM: Registering ACPI NVS region [mem 0xdabd7000-0xdabe3fff] (53248 bytes)
[    0.034003] PM: Registering ACPI NVS region [mem 0xdac0c000-0xdac4efff] (274432 bytes)
[    0.034539] clocksource: jiffies: mask: 0xffffffff max_cycles: 0xffffffff, max_idle_ns: 1911260446275000 ns
[    0.035010] futex hash table entries: 2048 (order: 5, 131072 bytes)
[    0.035861] pinctrl core: initialized pinctrl subsystem
[    0.036079] NET: Registered protocol family 16
[    0.036565] audit: initializing netlink subsys (disabled)
[    0.036915] audit: type=2000 audit(1298055079.036:1): state=initialized audit_enabled=0 res=1
[    0.037003] cpuidle: using governor menu
[    0.037443] ACPI: bus type PCI registered
[    0.037716] acpiphp: ACPI Hot Plug PCI Controller Driver version: 0.5
[    0.038052] PCI: MMCONFIG for domain 0000 [bus 00-3f] at [mem 0xf8000000-0xfbffffff] (base 0xf8000000)
[    0.038619] PCI: not using MMCONFIG
[    0.038865] PCI: Using configuration type 1 for base access
[    0.039153] core: PMU erratum BJ122, BV98, HSD29 worked around, HT is on
[    0.041031] HugeTLB registered 2.00 MiB page size, pre-allocated 0 pages
[    0.042050] ACPI: Added _OSI(Module Device)
[    0.042050] ACPI: Added _OSI(Processor Device)
[    0.042297] ACPI: Added _OSI(3.0 _SCP Extensions)
[    0.042604] ACPI: Added _OSI(Processor Aggregator Device)
[    0.043079] ACPI: Executed 1 blocks of module-level executable AML code
[    0.047131] ACPI: Dynamic OEM Table Load:
[    0.047409] ACPI: SSDT 0xFFFF8801EE492000 0006F4 (v01 AMI    IST      00000001 MSFT 03000001)
[    0.048339] ACPI: Dynamic OEM Table Load:
[    0.048615] ACPI: SSDT 0xFFFF8801EE00A200 0000E4 (v01 AMI    CST      00000001 MSFT 03000001)
[    0.051252] ACPI: Interpreter enabled
[    0.051519] ACPI: (supports S0 S3 S4 S5)
[    0.051788] ACPI: Using IOAPIC for interrupt routing
[    0.052026] PCI: MMCONFIG for domain 0000 [bus 00-3f] at [mem 0xf8000000-0xfbffffff] (base 0xf8000000)
[    0.052658] PCI: MMCONFIG at [mem 0xf8000000-0xfbffffff] reserved in ACPI motherboard resources
[    0.053005] pmd_set_huge: Cannot satisfy [mem 0xf8000000-0xf8200000] with a huge-page mapping due to MTRR override.
[    0.053677] PCI: Using host bridge windows from ACPI; if necessary, use "pci=nocrs" and report a bug
[    0.054226] ACPI: GPE 0x1B active on init
[    0.055001] ACPI: Enabled 8 GPEs in block 00 to 3F
[    0.055081] ACPI: [Firmware Bug]: BIOS _OSI(Linux) query ignored
[    0.061310] ACPI: PCI Root Bridge [PCI0] (domain 0000 [bus 00-ff])
[    0.061699] acpi PNP0A08:00: _OSC: OS supports [ExtendedConfig ASPM ClockPM Segments MSI]
[    0.062216] acpi PNP0A08:00: _OSC: OS now controls [PCIeHotplug PME AER PCIeCapability]
[    0.062722] acpi PNP0A08:00: [Firmware Info]: MMCONFIG for domain 0000 [bus 00-3f] only partially covers this bridge
[    0.064287] PCI host bridge to bus 0000:00
[    0.064566] pci_bus 0000:00: root bus resource [io  0x0000-0x03af window]
[    0.064982] pci_bus 0000:00: root bus resource [io  0x03e0-0x0cf7 window]
[    0.065002] pci_bus 0000:00: root bus resource [io  0x03b0-0x03df window]
[    0.065415] pci_bus 0000:00: root bus resource [io  0x0d00-0xffff window]
[    0.065830] pci_bus 0000:00: root bus resource [mem 0x000a0000-0x000bffff window]
[    0.066001] pci_bus 0000:00: root bus resource [mem 0x000c0000-0x000dffff window]
[    0.066474] pci_bus 0000:00: root bus resource [mem 0xdfa00000-0xffffffff window]
[    0.066947] pci_bus 0000:00: root bus resource [bus 00-ff]
[    0.068006] pci 0000:00:00.0: [8086:0100] type 00 class 0x060000
[    0.068454] pci 0000:00:02.0: [8086:0122] type 00 class 0x030000
[    0.068836] pci 0000:00:02.0: reg 0x10: [mem 0xfe000000-0xfe3fffff 64bit]
[    0.069004] pci 0000:00:02.0: reg 0x18: [mem 0xe0000000-0xefffffff 64bit pref]
[    0.069465] pci 0000:00:02.0: reg 0x20: [io  0xf000-0xf03f]
[    0.069904] pci 0000:00:16.0: [8086:1c3a] type 00 class 0x078000
[    0.070024] pci 0000:00:16.0: reg 0x10: [mem 0xfe629000-0xfe62900f 64bit]
[    0.070508] pci 0000:00:16.0: PME# supported from D0 D3hot D3cold
[    0.070955] pci 0000:00:19.0: [8086:1503] type 00 class 0x020000
[    0.071019] pci 0000:00:19.0: reg 0x10: [mem 0xfe600000-0xfe61ffff]
[    0.071412] pci 0000:00:19.0: reg 0x14: [mem 0xfe628000-0xfe628fff]
[    0.071806] pci 0000:00:19.0: reg 0x18: [io  0xf080-0xf09f]
[    0.073056] pci 0000:00:19.0: PME# supported from D0 D3hot D3cold
[    0.073500] pci 0000:00:1a.0: [8086:1c2d] type 00 class 0x0c0320
[    0.073894] pci 0000:00:1a.0: reg 0x10: [mem 0xfe627000-0xfe6273ff]
[    0.074079] pci 0000:00:1a.0: PME# supported from D0 D3hot D3cold
[    0.074524] pci 0000:00:1b.0: [8086:1c20] type 00 class 0x040300
[    0.074919] pci 0000:00:1b.0: reg 0x10: [mem 0xfe620000-0xfe623fff 64bit]
[    0.075069] pci 0000:00:1b.0: PME# supported from D0 D3hot D3cold
[    0.075514] pci 0000:00:1c.0: [8086:1c10] type 01 class 0x060400
[    0.075967] pci 0000:00:1c.0: PME# supported from D0 D3hot D3cold
[    0.077072] pci 0000:00:1c.3: [8086:1c16] type 01 class 0x060400
[    0.077526] pci 0000:00:1c.3: PME# supported from D0 D3hot D3cold
[    0.077973] pci 0000:00:1c.4: [8086:1c18] type 01 class 0x060400
[    0.078079] pci 0000:00:1c.4: PME# supported from D0 D3hot D3cold
[    0.078529] pci 0000:00:1d.0: [8086:1c26] type 00 class 0x0c0320
[    0.078923] pci 0000:00:1d.0: reg 0x10: [mem 0xfe626000-0xfe6263ff]
[    0.079079] pci 0000:00:1d.0: PME# supported from D0 D3hot D3cold
[    0.079523] pci 0000:00:1f.0: [8086:1c4a] type 00 class 0x060100
[    0.080059] pci 0000:00:1f.2: [8086:1c02] type 00 class 0x010601
[    0.080450] pci 0000:00:1f.2: reg 0x10: [io  0xf0d0-0xf0d7]
[    0.080807] pci 0000:00:1f.2: reg 0x14: [io  0xf0c0-0xf0c3]
[    0.081008] pci 0000:00:1f.2: reg 0x18: [io  0xf0b0-0xf0b7]
[    0.081368] pci 0000:00:1f.2: reg 0x1c: [io  0xf0a0-0xf0a3]
[    0.081725] pci 0000:00:1f.2: reg 0x20: [io  0xf060-0xf07f]
[    0.082007] pci 0000:00:1f.2: reg 0x24: [mem 0xfe625000-0xfe6257ff]
[    0.082430] pci 0000:00:1f.2: PME# supported from D3hot
[    0.082822] pci 0000:00:1f.3: [8086:1c22] type 00 class 0x0c0500
[    0.084018] pci 0000:00:1f.3: reg 0x10: [mem 0xfe624000-0xfe6240ff 64bit]
[    0.084450] pci 0000:00:1f.3: reg 0x20: [io  0xf040-0xf05f]
[    0.084939] pci 0000:01:00.0: [1283:8892] type 01 class 0x060401
[    0.085184] pci 0000:01:00.0: supports D1 D2
[    0.085471] pci 0000:01:00.0: PME# supported from D0 D1 D2 D3hot D3cold
[    0.085920] pci 0000:00:1c.0: PCI bridge to [bus 01-02]
[    0.086164] pci 0000:01:00.0: PCI bridge to [bus 02] (subtractive decode)
[    0.086678] pci 0000:03:00.0: [1033:0194] type 00 class 0x0c0330
[    0.087040] pci 0000:03:00.0: reg 0x10: [mem 0xfe500000-0xfe501fff 64bit]
[    0.087600] pci 0000:03:00.0: PME# supported from D0 D3hot D3cold
[    0.091021] pci 0000:00:1c.3: PCI bridge to [bus 03]
[    0.091347] pci 0000:00:1c.3:   bridge window [mem 0xfe500000-0xfe5fffff]
[    0.091820] pci 0000:04:00.0: [1106:3403] type 00 class 0x0c0010
[    0.092040] pci 0000:04:00.0: reg 0x10: [mem 0xfe400000-0xfe4007ff 64bit]
[    0.092468] pci 0000:04:00.0: reg 0x18: [io  0xe000-0xe0ff]
[    0.092946] pci 0000:04:00.0: supports D2
[    0.094002] pci 0000:04:00.0: PME# supported from D2 D3hot D3cold
[    0.097019] pci 0000:00:1c.4: PCI bridge to [bus 04]
[    0.097342] pci 0000:00:1c.4:   bridge window [io  0xe000-0xefff]
[    0.097724] pci 0000:00:1c.4:   bridge window [mem 0xfe400000-0xfe4fffff]
[    0.098538] ACPI: PCI Interrupt Link [LNKA] (IRQs 3 4 5 6 7 10 *11 12 14 15), disabled.
[    0.099054] ACPI: PCI Interrupt Link [LNKB] (IRQs *3 4 5 6 7 10 11 12 14 15), disabled.
[    0.099606] ACPI: PCI Interrupt Link [LNKC] (IRQs 3 4 5 6 10 *11 12 14 15), disabled.
[    0.100052] ACPI: PCI Interrupt Link [LNKD] (IRQs 3 *4 5 6 10 11 12 14 15), disabled.
[    0.100596] ACPI: PCI Interrupt Link [LNKE] (IRQs 3 4 5 6 7 *10 11 12 14 15), disabled.
[    0.101052] ACPI: PCI Interrupt Link [LNKF] (IRQs 3 4 5 6 7 10 11 12 14 15) *0, disabled.
[    0.101613] ACPI: PCI Interrupt Link [LNKG] (IRQs 3 4 *5 6 7 10 11 12 14 15), disabled.
[    0.102052] ACPI: PCI Interrupt Link [LNKH] (IRQs 3 4 5 6 *7 10 11 12 14 15), disabled.
[    0.103013] pci 0000:00:02.0: vgaarb: setting as boot VGA device
[    0.103380] pci 0000:00:02.0: vgaarb: VGA device added: decodes=io+mem,owns=io+mem,locks=none
[    0.104003] pci 0000:00:02.0: vgaarb: bridge control possible
[    0.104364] vgaarb: loaded
[    0.104624] SCSI subsystem initialized
[    0.104896] ACPI: bus type USB registered
[    0.105011] usbcore: registered new interface driver usbfs
[    0.105363] usbcore: registered new interface driver hub
[    0.106002] usbcore: registered new device driver usb
[    0.106014] pps_core: LinuxPPS API ver. 1 registered
[    0.106336] pps_core: Software ver. 5.3.6 - Copyright 2005-2007 Rodolfo Giometti <giometti@linux.it>
[    0.106895] PTP clock support registered
[    0.107014] EDAC MC: Ver: 3.0.0
[    0.107299] PCI: Using ACPI for IRQ routing
[    0.109092] PCI: pci_cache_line_size set to 64 bytes
[    0.109455] e820: reserve RAM buffer [mem 0x0009d800-0x0009ffff]
[    0.109831] e820: reserve RAM buffer [mem 0xda851000-0xdbffffff]
[    0.110001] e820: reserve RAM buffer [mem 0xdabc7000-0xdbffffff]
[    0.110377] e820: reserve RAM buffer [mem 0xdb000000-0xdbffffff]
[    0.110751] e820: reserve RAM buffer [mem 0x21fe00000-0x21fffffff]
[    0.112000] NetLabel: Initializing
[    0.112000] NetLabel:  domain hash size = 128
[    0.112000] NetLabel:  protocols = UNLABELED CIPSOv4 CALIPSO
[    0.112000] NetLabel:  unlabeled traffic allowed by default
[    0.113168] hpet0: at MMIO 0xfed00000, IRQs 2, 8, 0, 0, 0, 0, 0, 0
[    0.113555] hpet0: 8 comparators, 64-bit 14.318180 MHz counter
[    0.116012] clocksource: Switched to clocksource tsc-early
[    0.127241] VFS: Disk quotas dquot_6.6.0
[    0.127525] VFS: Dquot-cache hash table entries: 512 (order 0, 4096 bytes)
[    0.127990] pnp: PnP ACPI init
[    0.128348] system 00:00: [mem 0xfed10000-0xfed19fff] has been reserved
[    0.128757] system 00:00: [mem 0xf8000000-0xfbffffff] has been reserved
[    0.129165] system 00:00: [mem 0xfed90000-0xfed93fff] has been reserved
[    0.129571] system 00:00: [mem 0xfed20000-0xfed3ffff] has been reserved
[    0.129977] system 00:00: [mem 0xfee00000-0xfee0ffff] has been reserved
[    0.130389] system 00:00: Plug and Play ACPI device, IDs PNP0c01 (active)
[    0.130912] system 00:01: Plug and Play ACPI device, IDs PNP0c02 (active)
[    0.131609] pnp 00:02: Plug and Play ACPI device, IDs PNP0b00 (active)
[    0.132056] system 00:03: [io  0x04d0-0x04d1] has been reserved
[    0.132429] system 00:03: Plug and Play ACPI device, IDs PNP0c02 (active)
[    0.133020] system 00:04: [io  0x0400-0x0453] has been reserved
[    0.133391] system 00:04: [io  0x0458-0x047f] has been reserved
[    0.133763] system 00:04: [io  0x1180-0x119f] has been reserved
[    0.134135] system 00:04: [io  0x0500-0x057f] has been reserved
[    0.134507] system 00:04: [mem 0xfed1c000-0xfed1ffff] has been reserved
[    0.134912] system 00:04: [mem 0xfec00000-0xfecfffff] could not be reserved
[    0.135337] system 00:04: [mem 0xfed08000-0xfed08fff] has been reserved
[    0.135745] system 00:04: [mem 0xff000000-0xffffffff] has been reserved
[    0.136151] system 00:04: Plug and Play ACPI device, IDs PNP0c01 (active)
[    0.136619] system 00:05: [io  0x0454-0x0457] has been reserved
[    0.136992] system 00:05: Plug and Play ACPI device, IDs INT3f0d PNP0c02 (active)
[    0.137648] pnp: PnP ACPI: found 6 devices
[    0.143372] clocksource: acpi_pm: mask: 0xffffff max_cycles: 0xffffff, max_idle_ns: 2085701024 ns
[    0.143961] pci 0000:01:00.0: PCI bridge to [bus 02]
[    0.144312] pci 0000:00:1c.0: PCI bridge to [bus 01-02]
[    0.144655] pci 0000:00:1c.3: PCI bridge to [bus 03]
[    0.144980] pci 0000:00:1c.3:   bridge window [mem 0xfe500000-0xfe5fffff]
[    0.145404] pci 0000:00:1c.4: PCI bridge to [bus 04]
[    0.145727] pci 0000:00:1c.4:   bridge window [io  0xe000-0xefff]
[    0.146112] pci 0000:00:1c.4:   bridge window [mem 0xfe400000-0xfe4fffff]
[    0.146535] pci_bus 0000:00: resource 4 [io  0x0000-0x03af window]
[    0.146920] pci_bus 0000:00: resource 5 [io  0x03e0-0x0cf7 window]
[    0.147305] pci_bus 0000:00: resource 6 [io  0x03b0-0x03df window]
[    0.147687] pci_bus 0000:00: resource 7 [io  0x0d00-0xffff window]
[    0.148534] pci_bus 0000:00: resource 8 [mem 0x000a0000-0x000bffff window]
[    0.148953] pci_bus 0000:00: resource 9 [mem 0x000c0000-0x000dffff window]
[    0.149372] pci_bus 0000:00: resource 10 [mem 0xdfa00000-0xffffffff window]
[    0.149798] pci_bus 0000:03: resource 1 [mem 0xfe500000-0xfe5fffff]
[    0.150186] pci_bus 0000:04: resource 0 [io  0xe000-0xefff]
[    0.150538] pci_bus 0000:04: resource 1 [mem 0xfe400000-0xfe4fffff]
[    0.150987] NET: Registered protocol family 2
[    0.151424] tcp_listen_portaddr_hash hash table entries: 4096 (order: 4, 65536 bytes)
[    0.151937] TCP established hash table entries: 65536 (order: 7, 524288 bytes)
[    0.152494] TCP bind hash table entries: 65536 (order: 8, 1048576 bytes)
[    0.153016] TCP: Hash tables configured (established 65536 bind 65536)
[    0.153444] UDP hash table entries: 4096 (order: 5, 131072 bytes)
[    0.153841] UDP-Lite hash table entries: 4096 (order: 5, 131072 bytes)
[    0.154288] NET: Registered protocol family 1
[    0.154670] RPC: Registered named UNIX socket transport module.
[    0.155044] RPC: Registered udp transport module.
[    0.155352] RPC: Registered tcp transport module.
[    0.155660] RPC: Registered tcp NFSv4.1 backchannel transport module.
[    0.156064] pci 0000:00:02.0: Video device with shadowed ROM at [mem 0x000c0000-0x000dffff]
[    0.156650] IOAPIC[0]: Set routing entry (0-16 -> 0xef -> IRQ 16 Mode:1 Active:1 Dest:1)
[    0.157265] IOAPIC[0]: Set routing entry (0-23 -> 0xef -> IRQ 23 Mode:1 Active:1 Dest:1)
[    0.157873] IOAPIC[0]: Set routing entry (0-19 -> 0xef -> IRQ 19 Mode:1 Active:1 Dest:1)
[    0.158451] PCI: CLS 64 bytes, default 64
[    0.158749] Unpacking initramfs...
[    4.988043] Freeing initrd memory: 408812K
[    4.988327] PCI-DMA: Using software bounce buffering for IO (SWIOTLB)
[    4.988725] software IO TLB [mem 0xd6851000-0xda851000] (64MB) mapped at [00000000ee5b6e7f-00000000307e5ea9]
[    4.989529] RAPL PMU: API unit is 2^-32 Joules, 3 fixed counters, 163840 ms ovfl timer
[    4.990027] RAPL PMU: hw unit of domain pp0-core 2^-16 Joules
[    4.990389] RAPL PMU: hw unit of domain package 2^-16 Joules
[    4.990745] RAPL PMU: hw unit of domain pp1-gpu 2^-16 Joules
[    4.992159] Initialise system trusted keyrings
[    4.992475] workingset: timestamp_bits=36 max_order=21 bucket_order=0
[    4.993777] zbud: loaded
[    4.994376] 9p: Installing v9fs 9p2000 file system support
[    4.994770] SELinux:  Registering netfilter hooks
[    4.995738] NET: Registered protocol family 38
[    4.996037] Key type asymmetric registered
[    4.996314] Asymmetric key parser 'x509' registered
[    4.996653] Block layer SCSI generic (bsg) driver version 0.4 loaded (major 247)
[    4.997144] io scheduler noop registered
[    4.997411] io scheduler deadline registered (default)
[    4.997769] io scheduler cfq registered
[    4.998035] io scheduler mq-deadline registered (default)
[    4.998378] io scheduler kyber registered
[    4.998679] atomic64_test: passed for x86-64 platform with CX8 and with SSE
[    4.999230] IOAPIC[0]: Set routing entry (0-17 -> 0xef -> IRQ 17 Mode:1 Active:1 Dest:1)
[    5.000039] pcieport 0000:00:1c.0: Signaling PME with IRQ 24
[    5.000415] pcieport 0000:00:1c.3: Signaling PME with IRQ 25
[    5.000790] pcieport 0000:00:1c.4: Signaling PME with IRQ 26
[    5.001169] intel_idle: MWAIT substates: 0x1120
[    5.001469] intel_idle: v0.4.1 model 0x2A
[    5.001897] intel_idle: lapic_timer_reliable_states 0xffffffff
[    5.002319] input: Power Button as /devices/LNXSYSTM:00/LNXSYBUS:00/PNP0C0C:00/input/input0
[    5.002845] ACPI: Power Button [PWRB]
[    5.003127] input: Power Button as /devices/LNXSYSTM:00/LNXPWRBN:00/input/input1
[    5.003600] ACPI: Power Button [PWRF]
[    5.004685] ERST DBG: ERST support is disabled.
[    5.005098] Serial: 8250/16550 driver, 4 ports, IRQ sharing enabled
[    5.005874] Non-volatile memory driver v1.3
[    5.006192] Linux agpgart interface v0.103
[    5.006962] IOAPIC[0]: Set routing entry (0-16 -> 0xef -> IRQ 16 Mode:1 Active:1 Dest:1)
[    5.008127] rdac: device handler registered
[    5.008426] hp_sw: device handler registered
[    5.008728] emc: device handler registered
[    5.009058] alua: device handler registered
[    5.009387] MACsec IEEE 802.1AE
[    5.009645] libphy: Fixed MDIO Bus: probed
[    5.009958] e1000: Intel(R) PRO/1000 Network Driver - version 7.3.21-k8-NAPI
[    5.010401] e1000: Copyright (c) 1999-2006 Intel Corporation.
[    5.010770] e1000e: Intel(R) PRO/1000 Network Driver - 3.2.6-k
[    5.011137] e1000e: Copyright(c) 1999 - 2015 Intel Corporation.
[    5.011558] IOAPIC[0]: Set routing entry (0-20 -> 0xef -> IRQ 20 Mode:1 Active:1 Dest:1)
[    5.012099] e1000e 0000:00:19.0: Interrupt Throttling Rate (ints/sec) set to dynamic conservative mode
[    5.154219] e1000e 0000:00:19.0 0000:00:19.0 (uninitialized): registered PHC clock
[    5.278016] e1000e 0000:00:19.0 eth0: (PCI Express:2.5GT/s:Width x1) 38:60:77:7c:67:3d
[    5.278511] e1000e 0000:00:19.0 eth0: Intel(R) PRO/1000 Network Connection
[    5.278965] e1000e 0000:00:19.0 eth0: MAC: 10, PHY: 11, PBA No: FFFFFF-0FF
[    5.279397] igb: Intel(R) Gigabit Ethernet Network Driver - version 5.4.0-k
[    5.279819] igb: Copyright (c) 2007-2014 Intel Corporation.
[    5.280179] ixgbe: Intel(R) 10 Gigabit PCI Express Network Driver - version 5.1.0-k
[    5.280659] ixgbe: Copyright (c) 1999-2016 Intel Corporation.
[    5.281199] usbcore: registered new interface driver catc
[    5.281554] usbcore: registered new interface driver kaweth
[    5.281912] pegasus: v0.9.3 (2013/04/25), Pegasus/Pegasus II USB Ethernet driver
[    5.282397] usbcore: registered new interface driver pegasus
[    5.282762] usbcore: registered new interface driver rtl8150
[    5.283131] usbcore: registered new interface driver asix
[    5.283484] usbcore: registered new interface driver cdc_ether
[    5.283857] usbcore: registered new interface driver cdc_eem
[    5.284226] usbcore: registered new interface driver dm9601
[    5.284589] usbcore: registered new interface driver smsc75xx
[    5.284963] usbcore: registered new interface driver smsc95xx
[    5.285335] usbcore: registered new interface driver gl620a
[    5.285696] usbcore: registered new interface driver net1080
[    5.286064] usbcore: registered new interface driver plusb
[    5.286420] usbcore: registered new interface driver rndis_host
[    5.286797] usbcore: registered new interface driver cdc_subset
[    5.287177] usbcore: registered new interface driver zaurus
[    5.287537] usbcore: registered new interface driver MOSCHIP usb-ethernet driver
[    5.288018] usbcore: registered new interface driver int51x1
[    5.288383] usbcore: registered new interface driver ipheth
[    5.288745] usbcore: registered new interface driver sierra_net
[    5.289230] ehci_hcd: USB 2.0 'Enhanced' Host Controller (EHCI) Driver
[    5.289640] ehci-pci: EHCI PCI platform driver
[    5.290040] ehci-pci 0000:00:1a.0: EHCI Host Controller
[    5.290478] ehci-pci 0000:00:1a.0: new USB bus registered, assigned bus number 1
[    5.290966] ehci-pci 0000:00:1a.0: debug port 2
[    5.295594] ehci-pci 0000:00:1a.0: cache line size of 64 is not supported
[    5.296030] ehci-pci 0000:00:1a.0: irq 16, io mem 0xfe627000
[    5.303058] ehci-pci 0000:00:1a.0: USB 2.0 started, EHCI 1.00
[    5.303477] usb usb1: New USB device found, idVendor=1d6b, idProduct=0002
[    5.303897] usb usb1: New USB device strings: Mfr=3, Product=2, SerialNumber=1
[    5.304368] usb usb1: Product: EHCI Host Controller
[    5.304689] usb usb1: Manufacturer: Linux 4.16.0-rc5 ehci_hcd
[    5.305058] usb usb1: SerialNumber: 0000:00:1a.0
[    5.305533] hub 1-0:1.0: USB hub found
[    5.305805] hub 1-0:1.0: 2 ports detected
[    5.306258] IOAPIC[0]: Set routing entry (0-23 -> 0xef -> IRQ 23 Mode:1 Active:1 Dest:1)
[    5.306785] ehci-pci 0000:00:1d.0: EHCI Host Controller
[    5.307228] ehci-pci 0000:00:1d.0: new USB bus registered, assigned bus number 2
[    5.307717] ehci-pci 0000:00:1d.0: debug port 2
[    5.312133] ehci-pci 0000:00:1d.0: cache line size of 64 is not supported
[    5.312564] ehci-pci 0000:00:1d.0: irq 23, io mem 0xfe626000
[    5.319016] ehci-pci 0000:00:1d.0: USB 2.0 started, EHCI 1.00
[    5.319423] usb usb2: New USB device found, idVendor=1d6b, idProduct=0002
[    5.319841] usb usb2: New USB device strings: Mfr=3, Product=2, SerialNumber=1
[    5.320311] usb usb2: Product: EHCI Host Controller
[    5.320631] usb usb2: Manufacturer: Linux 4.16.0-rc5 ehci_hcd
[    5.320997] usb usb2: SerialNumber: 0000:00:1d.0
[    5.321431] hub 2-0:1.0: USB hub found
[    5.321699] hub 2-0:1.0: 2 ports detected
[    5.322080] ohci_hcd: USB 1.1 'Open' Host Controller (OHCI) Driver
[    5.322468] ohci-pci: OHCI PCI platform driver
[    5.322774] uhci_hcd: USB Universal Host Controller Interface driver
[    5.323249] xhci_hcd 0000:03:00.0: xHCI Host Controller
[    5.323656] xhci_hcd 0000:03:00.0: new USB bus registered, assigned bus number 3
[    5.324328] xhci_hcd 0000:03:00.0: hcc params 0x014042cb hci version 0x96 quirks 0x00000004
[    5.325111] usb usb3: New USB device found, idVendor=1d6b, idProduct=0002
[    5.325532] usb usb3: New USB device strings: Mfr=3, Product=2, SerialNumber=1
[    5.325997] usb usb3: Product: xHCI Host Controller
[    5.326321] usb usb3: Manufacturer: Linux 4.16.0-rc5 xhci-hcd
[    5.326687] usb usb3: SerialNumber: 0000:03:00.0
[    5.327109] hub 3-0:1.0: USB hub found
[    5.327381] hub 3-0:1.0: 2 ports detected
[    5.327742] xhci_hcd 0000:03:00.0: xHCI Host Controller
[    5.328148] xhci_hcd 0000:03:00.0: new USB bus registered, assigned bus number 4
[    5.328650] usb usb4: We don't know the algorithms for LPM for this host, disabling LPM.
[    5.329177] usb usb4: New USB device found, idVendor=1d6b, idProduct=0003
[    5.329595] usb usb4: New USB device strings: Mfr=3, Product=2, SerialNumber=1
[    5.330530] usb usb4: Product: xHCI Host Controller
[    5.330852] usb usb4: Manufacturer: Linux 4.16.0-rc5 xhci-hcd
[    5.331220] usb usb4: SerialNumber: 0000:03:00.0
[    5.331637] hub 4-0:1.0: USB hub found
[    5.331913] hub 4-0:1.0: 2 ports detected
[    5.332318] usbcore: registered new interface driver usbserial_generic
[    5.332727] usbserial: USB Serial support registered for generic
[    5.333124] i8042: PNP: No PS/2 controller found.
[    5.333435] i8042: Probing ports directly.
[    5.336417] serio: i8042 KBD port at 0x60,0x64 irq 1
[    5.336748] serio: i8042 AUX port at 0x60,0x64 irq 12
[    5.337212] mousedev: PS/2 mouse device common for all mice
[    5.337717] rtc_cmos 00:02: RTC can wake from S4
[    5.338183] rtc_cmos 00:02: rtc core: registered rtc_cmos as rtc0
[    5.338592] rtc_cmos 00:02: alarms up to one month, y3k, 114 bytes nvram, hpet irqs
[    5.339167] IOAPIC[0]: Set routing entry (0-18 -> 0xef -> IRQ 18 Mode:1 Active:1 Dest:1)
[    5.339715] i801_smbus 0000:00:1f.3: SMBus using PCI interrupt
[    5.340807] iTCO_wdt: Intel TCO WatchDog Timer Driver v1.11
[    5.341187] iTCO_wdt: Found a Cougar Point TCO device (Version=2, TCOBASE=0x0460)
[    5.341775] iTCO_wdt: initialized. heartbeat=30 sec (nowayout=0)
[    5.342163] iTCO_vendor_support: vendor-support=0
[    5.342480] intel_pstate: Intel P-state driver initializing
[    5.343456] hidraw: raw HID events driver (C) Jiri Kosina
[    5.343944] usbcore: registered new interface driver usbhid
[    5.344331] usbhid: USB HID core driver
[    5.344725] drop_monitor: Initializing network drop monitor service
[    5.345234] Initializing XFRM netlink socket
[    5.345704] NET: Registered protocol family 10
[    5.346430] Segment Routing with IPv6
[    5.346729] NET: Registered protocol family 17
[    5.347201] 9pnet: Installing 9P2000 support
[    5.348723] microcode: sig=0x206a7, pf=0x2, revision=0x2d
[    5.349341] microcode: Microcode Update Driver: v2.2.
[    5.349394] ... APIC ID:      00000000 (0)
[    5.350049] ... APIC VERSION: 01060015
[    5.350330] 0000000000000000000000000000000000000000000000000000000000000000
[    5.350390] 0000000000000006000000000000000000000000000000000000000000000002
[    5.350390] 0000000000000000000000000000000000000000000000000000000000000000
[    5.351724] number of MP IRQ sources: 15.
[    5.352026] number of IO-APIC #0 registers: 24.
[    5.352348] testing the IO APIC.......................
[    5.352709] IO APIC #0......
[    5.352942] .... register #00: 00000000
[    5.353233] .......    : physical APIC id: 00
[    5.353535] .......    : Delivery Type: 0
[    5.353808] .......    : LTS          : 0
[    5.354081] .... register #01: 00170020
[    5.354345] .......     : max redirection entries: 17
[    5.354676] .......     : PRQ implemented: 0
[    5.354960] .......     : IO APIC version: 20
[    5.355265] .... IRQ redirection table:
[    5.355527] IOAPIC 0:
[    5.355714]  pin00, disabled, edge , high, V(00), IRR(0), S(0), physical, D(00), M(0)
[    5.356208]  pin01, enabled , edge , high, V(23), IRR(0), S(0), logical , D(04), M(0)
[    5.356700]  pin02, enabled , edge , high, V(30), IRR(0), S(0), logical , D(01), M(0)
[    5.357194]  pin03, disabled, edge , high, V(00), IRR(0), S(0), physical, D(00), M(0)
[    5.357687]  pin04, disabled, edge , high, V(00), IRR(0), S(0), physical, D(00), M(0)
[    5.358181]  pin05, disabled, edge , high, V(00), IRR(0), S(0), physical, D(00), M(0)
[    5.358675]  pin06, disabled, edge , high, V(00), IRR(0), S(0), physical, D(00), M(0)
[    5.359188]  pin07, disabled, edge , high, V(00), IRR(0), S(0), physical, D(00), M(0)
[    5.359682]  pin08, enabled , edge , high, V(23), IRR(0), S(0), logical , D(08), M(0)
[    5.360177]  pin09, enabled , level, high, V(21), IRR(0), S(0), logical , D(02), M(0)
[    5.360684]  pin0a, disabled, edge , high, V(00), IRR(0), S(0), physical, D(00), M(0)
[    5.361177]  pin0b, disabled, edge , high, V(00), IRR(0), S(0), physical, D(00), M(0)
[    5.361671]  pin0c, enabled , edge , high, V(23), IRR(0), S(0), logical , D(02), M(0)
[    5.362164]  pin0d, disabled, edge , high, V(00), IRR(0), S(0), physical, D(00), M(0)
[    5.362672]  pin0e, disabled, edge , high, V(00), IRR(0), S(0), physical, D(00), M(0)
[    5.363180]  pin0f, disabled, edge , high, V(00), IRR(0), S(0), physical, D(00), M(0)
[    5.363687]  pin10, enabled , level, low , V(21), IRR(0), S(0), logical , D(80), M(0)
[    5.364179]  pin11, disabled, edge , high, V(00), IRR(0), S(0), physical, D(00), M(0)
[    5.364687]  pin12, enabled , level, low , V(23), IRR(0), S(0), logical , D(10), M(0)
[    5.365182]  pin13, disabled, edge , high, V(9B), IRR(0), S(0), remapped, I(81B7),  Z(2)
[    5.365689]  pin14, disabled, edge , high, V(00), IRR(0), S(0), physical, D(00), M(0)
[    5.366185]  pin15, disabled, edge , high, V(00), IRR(0), S(0), physical, D(00), M(0)
[    5.366680]  pin16, disabled, edge , high, V(00), IRR(0), S(0), physical, D(00), M(0)
[    5.367189]  pin17, enabled , level, low , V(21), IRR(0), S(0), logical , D(01), M(0)
[    5.367692] IRQ to pin mappings:
[    5.367924] IRQ0 -> 0:2
[    5.368119] IRQ1 -> 0:1
[    5.368323] IRQ3 -> 0:3
[    5.368515] IRQ4 -> 0:4
[    5.368709] IRQ5 -> 0:5
[    5.368902] IRQ6 -> 0:6
[    5.369096] IRQ7 -> 0:7
[    5.369302] IRQ8 -> 0:8
[    5.369494] IRQ9 -> 0:9
[    5.369687] IRQ10 -> 0:10
[    5.369888] IRQ11 -> 0:11
[    5.370091] IRQ12 -> 0:12
[    5.370309] IRQ13 -> 0:13
[    5.370510] IRQ14 -> 0:14
[    5.370712] IRQ15 -> 0:15
[    5.370915] IRQ16 -> 0:16
[    5.371130] IRQ17 -> 0:17
[    5.371344] IRQ18 -> 0:18
[    5.371546] IRQ19 -> 0:19
[    5.371748] IRQ20 -> 0:20
[    5.371949] IRQ23 -> 0:23
[    5.372153] .................................... done.
[    5.372516] sched_clock: Marking stable (5372500465, 0)->(5384877561, -12377096)
[    5.373294] registered taskstats version 1
[    5.373572] Loading compiled-in X.509 certificates
[    5.373896] zswap: loaded using pool lzo/zbud
[    5.376382] Key type big_key registered
[    5.378633] Key type trusted registered
[    5.380880] Key type encrypted registered
[    5.381197] ima: No TPM chip found, activating TPM-bypass! (rc=-19)
[    5.381654] evm: HMAC attrs: 0x1
[    5.382354] rtc_cmos 00:02: setting system clock to 2011-02-18 18:51:25 UTC (1298055085)
[    5.626056] usb 1-1: new high-speed USB device number 2 using ehci-pci
[    5.640202] IPv6: ADDRCONF(NETDEV_UP): eth0: link is not ready
[    5.642058] usb 2-1: new high-speed USB device number 2 using ehci-pci
[    5.754617] usb 1-1: New USB device found, idVendor=8087, idProduct=0024
[    5.755037] usb 1-1: New USB device strings: Mfr=0, Product=0, SerialNumber=0
[    5.755770] hub 1-1:1.0: USB hub found
[    5.756273] hub 1-1:1.0: 6 ports detected
[    5.770491] usb 2-1: New USB device found, idVendor=8087, idProduct=0024
[    5.770895] usb 2-1: New USB device strings: Mfr=0, Product=0, SerialNumber=0
[    5.771661] hub 2-1:1.0: USB hub found
[    5.772114] hub 2-1:1.0: 8 ports detected
[    6.032054] usb 1-1.5: new low-speed USB device number 3 using ehci-pci
[    6.048031] tsc: Refined TSC clocksource calibration: 3392.291 MHz
[    6.048421] clocksource: tsc: mask: 0xffffffffffffffff max_cycles: 0x30e5dc69f32, max_idle_ns: 440795344672 ns
[    6.049092] clocksource: Switched to clocksource tsc
[    6.118848] usb 1-1.5: New USB device found, idVendor=14dd, idProduct=1007
[    6.119275] usb 1-1.5: New USB device strings: Mfr=1, Product=2, SerialNumber=7
[    6.119738] usb 1-1.5: Product: D2CIM-DVUSB
[    6.120024] usb 1-1.5: Manufacturer: Raritan
[    6.120306] usb 1-1.5: SerialNumber: HUY49006170000007
[    6.128145] input: Raritan D2CIM-DVUSB as /devices/pci0000:00/0000:00:1a.0/usb1/1-1/1-1.5/1-1.5:1.0/0003:14DD:1007.0001/input/input5
[    6.180402] hid-generic 0003:14DD:1007.0001: input,hidraw0: USB HID v1.10 Keyboard [Raritan D2CIM-DVUSB] on usb-0000:00:1a.0-1.5/input0
[    6.186106] input: Raritan D2CIM-DVUSB as /devices/pci0000:00/0000:00:1a.0/usb1/1-1/1-1.5/1-1.5:1.1/0003:14DD:1007.0002/input/input6
[    6.187157] hid-generic 0003:14DD:1007.0002: input,hidraw1: USB HID v1.10 Mouse [Raritan D2CIM-DVUSB] on usb-0000:00:1a.0-1.5/input1
[    6.193024] input: Raritan D2CIM-DVUSB as /devices/pci0000:00/0000:00:1a.0/usb1/1-1/1-1.5/1-1.5:1.2/0003:14DD:1007.0003/input/input7
[    6.194076] hid-generic 0003:14DD:1007.0003: input,hidraw2: USB HID v1.10 Mouse [Raritan D2CIM-DVUSB] on usb-0000:00:1a.0-1.5/input2
[    8.455128] e1000e: eth0 NIC Link is Up 1000 Mbps Full Duplex, Flow Control: Rx/Tx
[    8.457083] IPv6: ADDRCONF(NETDEV_CHANGE): eth0: link becomes ready
[    8.469056] Sending DHCP requests .., OK
[   10.921337] IP-Config: Got DHCP answer from 192.168.1.1, my address is 192.168.1.176
[   10.921861] IP-Config: Complete:
[   10.922610]      device=eth0, hwaddr=38:60:77:7c:67:3d, ipaddr=192.168.1.176, mask=255.255.255.0, gw=192.168.1.1
[   10.923267]      host=snb-black, domain=lkp.intel.com, nis-domain=(none)
[   10.923708]      bootserver=192.168.1.1, rootserver=192.168.1.1, rootpath=     nameserver0=192.168.1.1
[   10.928999] Freeing unused kernel memory: 2368K
[   10.929311] Write protecting the kernel read-only data: 18432k
[   10.930381] Freeing unused kernel memory: 2012K
[   10.930849] Freeing unused kernel memory: 24K
[   10.931156] rodata_test: all tests were successful
[   10.935107] systemd[1]: RTC configured in localtime, applying delta of 480 minutes to system time.
[   10.935719] systemd[1]: System time before build time, advancing clock.
[   11.042353] input: PC Speaker as /devices/platform/pcspkr/input/input8
[   11.043065] shpchp: Standard Hot Plug PCI Controller Driver version: 0.4
[   11.043551] cryptd: max_cpu_qlen set to 1000
[   11.046637] libata version 3.00 loaded.
[   11.051438] ahci 0000:00:1f.2: version 3.0
[   11.052549] AVX version of gcm_enc/dec engaged.
[   11.052855] AES CTR mode by8 optimization enabled
[   11.054162] Error: Driver 'pcspkr' is already registered, aborting...
[   11.062038] ahci 0000:00:1f.2: AHCI 0001.0300 32 slots 6 ports 6 Gbps 0x3f impl SATA mode
[   11.062565] ahci 0000:00:1f.2: flags: 64bit ncq sntf pm led clo pio slum part ems sxs apst 
[   11.109356] scsi host0: ahci
[   11.109698] scsi host1: ahci
[   11.110467] scsi host2: ahci
[   11.111025] scsi host3: ahci
[   11.111802] scsi host4: ahci
[   11.112662] scsi host5: ahci
[   11.112936] ata1: SATA max UDMA/133 abar m2048@0xfe625000 port 0xfe625100 irq 37
[   11.113430] ata2: SATA max UDMA/133 abar m2048@0xfe625000 port 0xfe625180 irq 37
[   11.113900] ata3: SATA max UDMA/133 abar m2048@0xfe625000 port 0xfe625200 irq 37
[   11.114388] ata4: SATA max UDMA/133 abar m2048@0xfe625000 port 0xfe625280 irq 37
[   11.114863] ata5: SATA max UDMA/133 abar m2048@0xfe625000 port 0xfe625300 irq 37
[   11.115343] ata6: SATA max UDMA/133 abar m2048@0xfe625000 port 0xfe625380 irq 37
[   11.116078] IOAPIC[0]: Set routing entry (0-22 -> 0xef -> IRQ 22 Mode:1 Active:1 Dest:1)
[   11.116239] intel_rapl: Found RAPL domain package
[   11.116900] intel_rapl: Found RAPL domain core
[   11.117229] intel_rapl: Found RAPL domain uncore
[   11.117808] [drm] Replacing VGA console driver
[   11.118663] Console: switching to colour dummy device 80x25
[   11.119540] i801_smbus 0000:00:1f.3: BIOS is accessing SMBus registers
[   11.119881] i801_smbus 0000:00:1f.3: Driver SMBus register access inhibited
[   11.120799] firewire_ohci 0000:04:00.0: added OHCI v1.10 device as card 0, 4 IR + 8 IT contexts, quirks 0x10
[   11.121413] [drm] Supports vblank timestamp caching Rev 2 (21.10.2013).
[   11.121753] [drm] Driver supports precise vblank timestamp query.
[   11.122635] i915 0000:00:02.0: vgaarb: changed VGA decodes: olddecodes=io+mem,decodes=io+mem:owns=io+mem
[   11.127078] [drm] Initialized i915 1.6.0 20171222 for 0000:00:02.0 on minor 0
[   11.127612] snd_hda_intel 0000:00:1b.0: bound 0000:00:02.0 (ops i915_audio_component_bind_ops [i915])
[   11.134031] Kernel tests: Boot OK!
[   11.134034] 
[   11.141584] install debs round one: dpkg -i --force-confdef --force-depends /opt/deb/debconf_1.5.65_all.deb
[   11.141587] 
[   11.143504] /opt/deb/libtext-charwidth-perl_0.04-7.1_amd64.deb
[   11.143506] 
[   11.145220] /opt/deb/libtext-iconv-perl_1.7-5+b6_amd64.deb
[   11.145221] 
[   11.146486] /opt/deb/perl-base_5.26.1-3_amd64.deb
[   11.146487] 
[   11.148088] /opt/deb/liblocale-gettext-perl_1.07-3+b3_amd64.deb
[   11.148089] 
[   11.149597] /opt/deb/perl-modules-5.26_5.26.1-3_all.deb
[   11.149599] 
[   11.150954] /opt/deb/libperl5.26_5.26.1-3_amd64.deb
[   11.150963] 
[   11.152248] /opt/deb/perl_5.26.1-3_amd64.deb
[   11.152249] 
[   11.153415] /opt/deb/mime-support_3.60_all.deb
[   11.153416] 
[   11.154736] /opt/deb/libssl1.1_1.1.0g-2_amd64.deb
[   11.154738] 
[   11.155338] snd_hda_codec_realtek hdaudioC0D0: autoconfig for ALC892: line_outs=3 (0x14/0x15/0x16/0x0/0x0) type:line
[   11.155873] snd_hda_codec_realtek hdaudioC0D0:    speaker_outs=0 (0x0/0x0/0x0/0x0/0x0)
[   11.156164] /opt/deb/dbus_1.12.2-1_amd64.deb
[   11.156289] 
[   11.156292] snd_hda_codec_realtek hdaudioC0D0:    hp_outs=1 (0x1b/0x0/0x0/0x0/0x0)
[   11.156999] snd_hda_codec_realtek hdaudioC0D0:    mono: mono_out=0x0
[   11.157334] snd_hda_codec_realtek hdaudioC0D0:    dig-out=0x11/0x1e
[   11.157657] snd_hda_codec_realtek hdaudioC0D0:    inputs:
[   11.157674] /opt/deb/libdbus-1-3_1.12.2-1_amd64.deb
[   11.157939] 
[   11.157941] snd_hda_codec_realtek hdaudioC0D0:      Front Mic=0x19
[   11.158597] snd_hda_codec_realtek hdaudioC0D0:      Rear Mic=0x18
[   11.158911] snd_hda_codec_realtek hdaudioC0D0:      Line=0x1a
[   11.159501] /opt/deb/libatomic1_7.2.0-18_amd64.deb
[   11.159503] 
[   11.160872] /opt/deb/libquadmath0_7.2.0-18_amd64.deb
[   11.160874] 
[   11.162231] /opt/deb/libdpkg-perl_1.19.0.4_all.deb
[   11.162232] 
[   11.163680] /opt/deb/libdbus-1-dev_1.12.2-1_amd64.deb
[   11.163686] 
[   11.165112] /opt/deb/libdbus-glib-1-2_0.108-3_amd64.deb
[   11.165113] 
[   11.166564] /opt/deb/libwireshark-data_2.4.3-1_all.deb
[   11.166565] 
[   11.167833] /opt/deb/openssl_1.1.0g-2_amd64.deb
[   11.167834] 
[   11.169209] /opt/deb/python-dbus_1.2.4-1+b4_amd64.deb
[   11.169210] 
[   11.170611] /opt/deb/python-openssl_17.5.0-1_all.deb
[   11.170612] 
[   11.172026] /opt/deb/gawk_1%3a4.1.4+dfsg-1_amd64.deb
[   11.172027] 
[   11.173247] /opt/deb/sysstat_11.6.0-1_amd64.deb
[   11.173249] 
[   11.174930] input: HDA Intel PCH Front Mic as /devices/pci0000:00/0000:00:1b.0/sound/card0/input9
[   11.175636] (Reading database ... 2202 files and directories currently installed.)
[   11.175638] 
[   11.176144] input: HDA Intel PCH Rear Mic as /devices/pci0000:00/0000:00:1b.0/sound/card0/input10
[   11.176659] input: HDA Intel PCH Line as /devices/pci0000:00/0000:00:1b.0/sound/card0/input11
[   11.177165] input: HDA Intel PCH Line Out Front as /devices/pci0000:00/0000:00:1b.0/sound/card0/input12
[   11.177628] Preparing to unpack .../opt/deb/debconf_1.5.65_all.deb ...
[   11.177643] 
[   11.177695] input: HDA Intel PCH Line Out Surround as /devices/pci0000:00/0000:00:1b.0/sound/card0/input13
[   11.178633] input: HDA Intel PCH Line Out CLFE as /devices/pci0000:00/0000:00:1b.0/sound/card0/input14
[   11.179195] input: HDA Intel PCH Front Headphone as /devices/pci0000:00/0000:00:1b.0/sound/card0/input15
[   11.179390] Unpacking debconf (1.5.65) over (1.5.59) ...
[   11.179677] 
[   11.179729] input: HDA Intel PCH HDMI/DP,pcm=3 as /devices/pci0000:00/0000:00:1b.0/sound/card0/input16
[   11.180604] input: HDA Intel PCH HDMI/DP,pcm=7 as /devices/pci0000:00/0000:00:1b.0/sound/card0/input17
[   11.181944] Preparing to unpack .../libtext-charwidth-perl_0.04-7.1_amd64.deb ...
[   11.181945] 
[   11.183910] Unpacking libtext-charwidth-perl (0.04-7.1) over (0.04-7+b4) ...
[   11.183912] 
[   11.185908] Preparing to unpack .../libtext-iconv-perl_1.7-5+b6_amd64.deb ...
[   11.185909] 
[   11.187842] Unpacking libtext-iconv-perl (1.7-5+b6) over (1.7-5+b3) ...
[   11.187843] 
[   11.189597] Preparing to unpack .../perl-base_5.26.1-3_amd64.deb ...
[   11.189598] 
[   11.191353] Unpacking perl-base (5.26.1-3) over (5.22.2-3) ...
[   11.191355] 
[   11.316656] fbcon: inteldrmfb (fb0) is primary device
[   11.320235] Preparing to unpack .../liblocale-gettext-perl_1.07-3+b3_amd64.deb ...
[   11.320237] 
[   11.321722] Unpacking liblocale-gettext-perl (1.07-3+b3) over (1.07-3) ...
[   11.321723] 
[   11.329305] Selecting previously unselected package perl-modules-5.26.
[   11.329307] 
[   11.331228] Preparing to unpack .../perl-modules-5.26_5.26.1-3_all.deb ...
[   11.331229] 
[   11.332555] Unpacking perl-modules-5.26 (5.26.1-3) ...
[   11.332557] 
[   11.376397] Console: switching to colour frame buffer device 160x64
[   11.397921] i915 0000:00:02.0: fb0: inteldrmfb frame buffer device
[   11.421207] ata1: SATA link up 6.0 Gbps (SStatus 133 SControl 300)
[   11.421578] ata5: SATA link down (SStatus 0 SControl 300)
[   11.421897] ata3: SATA link down (SStatus 0 SControl 300)
[   11.422224] ata6: SATA link down (SStatus 0 SControl 300)
[   11.422550] ata4: SATA link down (SStatus 0 SControl 300)
[   11.422872] ata2: SATA link down (SStatus 0 SControl 300)
[   11.423315] ata1.00: ATA-9: WDC WD20EZRX-00D8PB0, 80.00A80, max UDMA/133
[   11.423673] ata1.00: 3907029168 sectors, multi 16: LBA48 NCQ (depth 31/32), AA
[   11.424585] ata1.00: configured for UDMA/133
[   11.424939] scsi 0:0:0:0: Direct-Access     ATA      WDC WD20EZRX-00D 0A80 PQ: 0 ANSI: 5
[   11.428384] scsi 0:0:0:0: Attached scsi generic sg0 type 0
[   11.429447] sd 0:0:0:0: [sda] 3907029168 512-byte logical blocks: (2.00 TB/1.82 TiB)
[   11.429864] sd 0:0:0:0: [sda] 4096-byte physical blocks
[   11.430166] sd 0:0:0:0: [sda] Write Protect is off
[   11.430442] sd 0:0:0:0: [sda] Mode Sense: 00 3a 00 00
[   11.430751] sd 0:0:0:0: [sda] Write cache: enabled, read cache: enabled, doesn't support DPO or FUA
[   11.585016] Selecting previously unselected package libperl5.26:amd64.
[   11.585020] 
[   11.587399] Preparing to unpack .../libperl5.26_5.26.1-3_amd64.deb ...
[   11.587401] 
[   11.589233] Unpacking libperl5.26:amd64 (5.26.1-3) ...
[   11.589234] 
[   11.624166] firewire_core 0000:04:00.0: created device fw0: GUID e0cb4e0000059872, S400
[   11.901191] Selecting previously unselected package perl.
[   11.901194] 
[   11.903986] Preparing to unpack .../deb/perl_5.26.1-3_amd64.deb ...
[   11.903988] 
[   11.906692] Unpacking perl (5.26.1-3) ...
[   11.906693] 
[   11.934860] Selecting previously unselected package mime-support.
[   11.934863] 
[   11.942851] Preparing to unpack .../deb/mime-support_3.60_all.deb ...
[   11.942854] 
[   11.947073] Unpacking mime-support (3.60) ...
[   11.947075] 
[   11.950560] Selecting previously unselected package libssl1.1:amd64.
[   11.950562] 
[   11.954045] Preparing to unpack .../libssl1.1_1.1.0g-2_amd64.deb ...
[   11.954046] 
[   11.957129] Unpacking libssl1.1:amd64 (1.1.0g-2) ...
[   11.957130] 
[   12.035458] Preparing to unpack .../deb/dbus_1.12.2-1_amd64.deb ...
[   12.035461] 
[   12.048330] Unpacking dbus (1.12.2-1) over (1.10.10-1) ...
[   12.048333] 
[   12.059191]  sda: sda1 sda2
[   12.060536] sd 0:0:0:0: [sda] Attached SCSI disk
[   12.077759] Preparing to unpack .../libdbus-1-3_1.12.2-1_amd64.deb ...
[   12.077763] 
[   12.084976] Unpacking libdbus-1-3:amd64 (1.12.2-1) over (1.10.10-1) ...
[   12.084978] 
[   12.104519] Selecting previously unselected package libatomic1:amd64.
[   12.104523] 
[   12.109661] Preparing to unpack .../libatomic1_7.2.0-18_amd64.deb ...
[   12.109663] 
[   12.114298] Unpacking libatomic1:amd64 (7.2.0-18) ...
[   12.114299] 
[   12.117708] Selecting previously unselected package libquadmath0:amd64.
[   12.117709] 
[   12.121169] Preparing to unpack .../libquadmath0_7.2.0-18_amd64.deb ...
[   12.121170] 
[   12.124271] Unpacking libquadmath0:amd64 (7.2.0-18) ...
[   12.124272] 
[   12.129682] Selecting previously unselected package libdpkg-perl.
[   12.129684] 
[   12.133251] Preparing to unpack .../libdpkg-perl_1.19.0.4_all.deb ...
[   12.133253] 
[   12.136490] Unpacking libdpkg-perl (1.19.0.4) ...
[   12.136492] 
[   12.174116] Selecting previously unselected package libdbus-1-dev:amd64.
[   12.174120] 
[   12.178848] Preparing to unpack .../libdbus-1-dev_1.12.2-1_amd64.deb ...
[   12.178850] 
[   12.182823] Unpacking libdbus-1-dev:amd64 (1.12.2-1) ...
[   12.182825] 
[   12.206206] Selecting previously unselected package libdbus-glib-1-2:amd64.
[   12.206208] 
[   12.210340] Preparing to unpack .../libdbus-glib-1-2_0.108-3_amd64.deb ...
[   12.210342] 
[   12.213868] Unpacking libdbus-glib-1-2:amd64 (0.108-3) ...
[   12.213869] 
[   12.220517] Selecting previously unselected package libwireshark-data.
[   12.220519] 
[   12.224140] Preparing to unpack .../libwireshark-data_2.4.3-1_all.deb ...
[   12.224142] 
[   12.227360] Unpacking libwireshark-data (2.4.3-1) ...
[   12.227361] 
[   12.315092] Selecting previously unselected package openssl.
[   12.315095] 
[   12.322440] Preparing to unpack .../deb/openssl_1.1.0g-2_amd64.deb ...
[   12.322442] 
[   12.326940] Unpacking openssl (1.1.0g-2) ...
[   12.326942] 
[   12.365020] raid6: sse2x1   gen()  9140 MB/s
[   12.372782] Selecting previously unselected package python-dbus.
[   12.372785] 
[   12.378150] Preparing to unpack .../python-dbus_1.2.4-1+b4_amd64.deb ...
[   12.378152] 
[   12.382917] Unpacking python-dbus (1.2.4-1+b4) ...
[   12.382919] 
[   12.383006] raid6: sse2x1   xor()  6400 MB/s
[   12.394926] Selecting previously unselected package python-openssl.
[   12.394928] 
[   12.400372] Preparing to unpack .../python-openssl_17.5.0-1_all.deb ...
[   12.400374] 
[   12.403006] raid6: sse2x2   gen() 10996 MB/s
[   12.403502] Unpacking python-openssl (17.5.0-1) ...
[   12.404107] 
[   12.407780] Preparing to unpack .../gawk_1%3a4.1.4+dfsg-1_amd64.deb ...
[   12.407782] 
[   12.413289] Unpacking gawk (1:4.1.4+dfsg-1) over (1:4.1.1+dfsg-1) ...
[   12.413291] 
[   12.421006] raid6: sse2x2   xor()  7941 MB/s
[   12.439005] raid6: sse2x4   gen() 11796 MB/s
[   12.457028] raid6: sse2x4   xor()  7740 MB/s
[   12.458229] raid6: using algorithm sse2x4 gen() 11796 MB/s
[   12.459392] raid6: .... xor() 7740 MB/s, rmw enabled
[   12.460523] raid6: using ssse3x2 recovery algorithm
[   12.462385] Selecting previously unselected package sysstat.
[   12.462386] 
[   12.467354] xor: automatically using best checksumming function   avx       
[   12.467546] Preparing to unpack .../deb/sysstat_11.6.0-1_amd64.deb ...
[   12.468557] 
[   12.473148] Unpacking sysstat (11.6.0-1) ...
[   12.473152] 
[   12.491147] Btrfs loaded, crc32c=crc32c-intel
[   12.492512] BTRFS: device fsid d170c503-c99d-4a24-937a-0a64d78baaeb devid 1 transid 35288 /dev/sda1
[   12.499831] Setting up perl-base (5.26.1-3) ...
[   12.499833] 
[   12.504247] Setting up liblocale-gettext-perl (1.07-3+b3) ...
[   12.504249] 
[   12.509697] Setting up perl-modules-5.26 (5.26.1-3) ...
[   12.509699] 
[   12.513328] Setting up mime-support (3.60) ...
[   12.513330] 
[   12.516275] Setting up libdbus-1-3:amd64 (1.12.2-1) ...
[   12.516277] 
[   12.518974] Setting up debconf (1.5.65) ...
[   12.518975] 
[   12.643901] Setting up libtext-charwidth-perl (0.04-7.1) ...
[   12.643904] 
[   12.647458] Setting up libtext-iconv-perl (1.7-5+b6) ...
[   12.647460] 
[   12.650722] Setting up libssl1.1:amd64 (1.1.0g-2) ...
[   12.650723] 
[   12.745166] Setting up dbus (1.12.2-1) ...
[   12.745169] 
[   12.910987] Setting up openssl (1.1.0g-2) ...
[   12.910991] 
[   12.915295] Setting up gawk (1:4.1.4+dfsg-1) ...
[   12.915297] 
[   12.919589] Setting up sysstat (11.6.0-1) ...
[   12.919591] 
[   13.380612] Setting up libperl5.26:amd64 (5.26.1-3) ...
[   13.380617] 
[   13.386121] Setting up perl (5.26.1-3) ...
[   13.386124] 
[   13.390293] Setting up libatomic1:amd64 (7.2.0-18) ...
[   13.390294] 
[   13.393510] Setting up libquadmath0:amd64 (7.2.0-18) ...
[   13.393512] 
[   13.396398] Setting up libdpkg-perl (1.19.0.4) ...
[   13.396399] 
[   13.399328] Setting up libdbus-1-dev:amd64 (1.12.2-1) ...
[   13.399329] 
[   13.402366] Setting up libdbus-glib-1-2:amd64 (0.108-3) ...
[   13.402367] 
[   13.405291] Setting up libwireshark-data (2.4.3-1) ...
[   13.405292] 
[   13.408087] Setting up python-dbus (1.2.4-1+b4) ...
[   13.408088] 
[   13.410796] Remove stale byte-compiled files...
[   13.410797] 
[   13.527334] Setting up python-openssl (17.5.0-1) ...
[   13.527338] 
[   13.591691] Processing triggers for libc-bin (2.23-5) ...
[   13.591695] 
[   13.595747] Processing triggers for systemd (231-5) ...
[   13.595749] 
[   19.710696] 23 Mar 09:45:44 ntpdate[836]: step time server 192.168.1.1 offset 52293349.030888 sec
[   19.710699] 
[   19.726878] BTRFS info (device sda1): disk space caching is enabled
[   19.727250] BTRFS info (device sda1): has skinny extents
[   20.040719] random: crng init done
[   20.365690] netpoll: netconsole: local port 6665
[   20.365981] netpoll: netconsole: local IPv4 address 0.0.0.0
[   20.366328] netpoll: netconsole: interface 'eth0'
[   20.366614] netpoll: netconsole: remote port 6646
[   20.366901] netpoll: netconsole: remote IPv4 address 192.168.1.1
[   20.367266] netpoll: netconsole: remote ethernet address ff:ff:ff:ff:ff:ff
[   20.367688] netpoll: netconsole: local IP 192.168.1.176
[   20.377457] console [netcon0] enabled
[   20.377655] netconsole: network logging started
[   20.379563] /lkp/lkp/src/bin/run-lkp
[   20.379567] 
[   20.397290] RESULT_ROOT=/result/hwsim/hwsim-04/snb-black/debian-x86_64-2016-08-31.cgz/x86_64-rhel-7.2/gcc-7/0c8efd610b58cb23cefdfa12015799079aef94ae/7
[   20.397292] 
[   20.402327] job=/lkp/scheduled/snb-black/hwsim-hwsim-04-debian-x86_64-2016-08-31.cgz-CYCLIC_BASE-20180323-83132-wnye8e-0.yaml
[   20.402330] 
[   20.403922] mount.nfs: try 1 time...
[   20.403923] 
[   20.430120] run-job /lkp/scheduled/snb-black/hwsim-hwsim-04-debian-x86_64-2016-08-31.cgz-CYCLIC_BASE-20180323-83132-wnye8e-0.yaml
[   20.430123] 
[   20.450093] /usr/bin/curl -sSf http://inn:80/~lkp/cgi-bin/lkp-jobfile-append-var?job_file=/lkp/scheduled/snb-black/hwsim-hwsim-04-debian-x86_64-2016-08-31.cgz-CYCLIC_BASE-20180323-83132-wnye8e-0.yaml&job_state=running -o /dev/null
[   20.450095] 
[   22.150496] microcode current_version: 0x2d, target_version: 0x2d
[   22.150502] 
[   22.175191] x86/PAT: bmc-watchdog:964 map pfn expected mapping type uncached-minus for [mem 0xda8a0000-0xda8a0fff], got write-back
[   22.175843] x86/PAT: bmc-watchdog:964 map pfn expected mapping type uncached-minus for [mem 0xda8a0000-0xda8a0fff], got write-back
[   22.186296] x86/PAT: bmc-watchdog:964 map pfn expected mapping type uncached-minus for [mem 0xda8a0000-0xda8a0fff], got write-back
[   22.186922] x86/PAT: bmc-watchdog:964 map pfn expected mapping type uncached-minus for [mem 0xda8a0000-0xda8a0fff], got write-back
[   22.197267] x86/PAT: bmc-watchdog:964 map pfn expected mapping type uncached-minus for [mem 0xda8a0000-0xda8a0fff], got write-back
[   22.197900] x86/PAT: bmc-watchdog:964 map pfn expected mapping type uncached-minus for [mem 0xda8a0000-0xda8a0fff], got write-back
[   22.208260] x86/PAT: bmc-watchdog:964 map pfn expected mapping type uncached-minus for [mem 0xda8a0000-0xda8a0fff], got write-back
[   22.208885] x86/PAT: bmc-watchdog:964 map pfn expected mapping type uncached-minus for [mem 0xda8a0000-0xda8a0fff], got write-back
[   22.219227] x86/PAT: bmc-watchdog:964 map pfn expected mapping type uncached-minus for [mem 0xda8a0000-0xda8a0fff], got write-back
[   22.219850] x86/PAT: bmc-watchdog:964 map pfn expected mapping type uncached-minus for [mem 0xda8a0000-0xda8a0fff], got write-back
[   22.230343] x86/PAT: bmc-watchdog:964 map pfn expected mapping type uncached-minus for [mem 0xda8a0000-0xda8a0fff], got write-back
[   22.230977] x86/PAT: bmc-watchdog:964 map pfn expected mapping type uncached-minus for [mem 0xda8a0000-0xda8a0fff], got write-back
[   22.241331] x86/PAT: bmc-watchdog:964 map pfn expected mapping type uncached-minus for [mem 0xda8a0000-0xda8a0fff], got write-back
[   22.241965] x86/PAT: bmc-watchdog:964 map pfn expected mapping type uncached-minus for [mem 0xda8a0000-0xda8a0fff], got write-back
[   22.252275] x86/PAT: bmc-watchdog:964 map pfn expected mapping type uncached-minus for [mem 0xda8a0000-0xda8a0fff], got write-back
[   22.252900] x86/PAT: bmc-watchdog:964 map pfn expected mapping type uncached-minus for [mem 0xda8a0000-0xda8a0fff], got write-back
[   22.263259] x86/PAT: bmc-watchdog:964 map pfn expected mapping type uncached-minus for [mem 0xda8a0000-0xda8a0fff], got write-back
[   22.263889] x86/PAT: bmc-watchdog:964 map pfn expected mapping type uncached-minus for [mem 0xda8a0000-0xda8a0fff], got write-back
[   22.274203] x86/PAT: bmc-watchdog:964 map pfn expected mapping type uncached-minus for [mem 0xda8a0000-0xda8a0fff], got write-back
[   22.274832] x86/PAT: bmc-watchdog:964 map pfn expected mapping type uncached-minus for [mem 0xda8a0000-0xda8a0fff], got write-back
[   22.285295] x86/PAT: bmc-watchdog:964 map pfn expected mapping type uncached-minus for [mem 0xda8a0000-0xda8a0fff], got write-back
[   22.285920] x86/PAT: bmc-watchdog:964 map pfn expected mapping type uncached-minus for [mem 0xda8a0000-0xda8a0fff], got write-back
[   22.296269] x86/PAT: bmc-watchdog:964 map pfn expected mapping type uncached-minus for [mem 0xda8a0000-0xda8a0fff], got write-back
[   22.296899] x86/PAT: bmc-watchdog:964 map pfn expected mapping type uncached-minus for [mem 0xda8a0000-0xda8a0fff], got write-back
[   22.307248] x86/PAT: bmc-watchdog:964 map pfn expected mapping type uncached-minus for [mem 0xda8a0000-0xda8a0fff], got write-back
[   22.307878] x86/PAT: bmc-watchdog:964 map pfn expected mapping type uncached-minus for [mem 0xda8a0000-0xda8a0fff], got write-back
[   22.318178] x86/PAT: bmc-watchdog:964 map pfn expected mapping type uncached-minus for [mem 0xda8a0000-0xda8a0fff], got write-back
[   22.318809] x86/PAT: bmc-watchdog:964 map pfn expected mapping type uncached-minus for [mem 0xda8a0000-0xda8a0fff], got write-back
[   22.329172] x86/PAT: bmc-watchdog:964 map pfn expected mapping type uncached-minus for [mem 0xda8a0000-0xda8a0fff], got write-back
[   22.329803] x86/PAT: bmc-watchdog:964 map pfn expected mapping type uncached-minus for [mem 0xda8a0000-0xda8a0fff], got write-back
[   23.166034] 2018-03-23 09:45:48 export USER=root
[   23.166037] 
[   23.168516] 2018-03-23 09:45:48 ./build.sh
[   23.168517] 
[   23.171661] Building TNC testing tools
[   23.171663] 
[   23.246897] Building wlantest
[   23.246900] 
[   25.746349] Building hostapd
[   25.746352] 
[   28.533122] 
[   28.560680] 
[   28.567116]    os_snprintf(vlan->ifname, sizeof(vlan->ifname), "%s.#",
[   28.567120] 
[   28.572261]                                                    ^~~~~~
[   28.572264] 
[   28.577825] In file included from /lkp/benchmarks/hwsim/src/utils/common.h:12:0,
[   28.577829] 
[   28.582499]                  from ../src/ap/vlan_init.c:13:
[   28.582502] 
[   28.608853] 
[   28.613107]  #define os_snprintf snprintf
[   28.613110] 
[   28.643277] 
[   28.648232]    os_snprintf(vlan->ifname, sizeof(vlan->ifname), "%s.#",
[   28.648235] 
[   28.651319]    ^~~~~~~~~~~
[   28.651322] 
[   28.758643] 
[   28.799391] 
[   28.805269]    os_snprintf(br_name, IFNAMSIZ, "%s%d",
[   28.805272] 
[   28.809410]                                      ^~
[   28.809413] 
[   28.827645] In file included from /lkp/benchmarks/hwsim/src/utils/common.h:12:0,
[   28.827649] 
[   28.832412]                  from ../src/ap/vlan_full.c:17:
[   28.832415] 
[   28.858691] 
[   28.863178]  #define os_snprintf snprintf
[   28.863181] 
[   28.883694] 
[   28.888992]    os_snprintf(br_name, IFNAMSIZ, "%s%d",
[   28.888996] 
[   28.892718]    ^~~~~~~~~~~
[   28.892721] 
[   29.517012] 
[   29.538832] 
[   29.546923]    snprintf(buf, IFNAMSIZ, "mon.%s", drv->first_bss->ifname);
[   29.546928] 
[   29.552021]                                 ^~
[   29.552024] 
[   29.584238] 
[   29.590868]    snprintf(buf, IFNAMSIZ, "mon.%s", drv->first_bss->ifname);
[   29.590872] 
[   29.597164]    ^~~~~~~~~~~~~~~~~~~~~~~~~~~~~~~~~~~~~~~~~~~~~~~~~~~~~~~~~
[   29.597168] 
[   32.140740] 
[   32.183843] 
[   32.192374]   os_snprintf(name, sizeof(name), "%s.sta%d", bss->ifname, aid);
[   32.192378] 
[   32.197835]                                   ^~~~~~~~~~
[   32.197839] 
[   32.204205] In file included from /lkp/benchmarks/hwsim/src/utils/common.h:12:0,
[   32.204209] 
[   32.210303]                  from ../src/drivers/driver_nl80211.c:26:
[   32.210307] 
[   32.228068] 
[   32.233594]  #define os_snprintf snprintf
[   32.233597] 
[   32.267861] 
[   32.274701]   os_snprintf(name, sizeof(name), "%s.sta%d", bss->ifname, aid);
[   32.274704] 
[   32.279430]   ^~~~~~~~~~~
[   32.279433] 
[   35.727282] Building wpa_supplicant
[   35.727285] 
[   49.362638] 
[   49.400396] 
[   49.411819]    snprintf(buf, IFNAMSIZ, "mon.%s", drv->first_bss->ifname);
[   49.411823] 
[   49.417181]                                 ^~
[   49.417184] 
[   49.437871] 
[   49.444886]    snprintf(buf, IFNAMSIZ, "mon.%s", drv->first_bss->ifname);
[   49.444891] 
[   49.451691]    ^~~~~~~~~~~~~~~~~~~~~~~~~~~~~~~~~~~~~~~~~~~~~~~~~~~~~~~~~
[   49.451695] 
[   50.330810] 
[   50.383836] 
[   50.393692]   snprintf(buf, sizeof(buf), "/sys/class/net/%s/device/net/%s/type",
[   50.393696] 
[   50.400762]                                                            ^~
[   50.400766] 
[   50.415965] 
[   50.423320]   snprintf(buf, sizeof(buf), "/sys/class/net/%s/device/net/%s/type",
[   50.423324] 
[   50.430390]   ^~~~~~~~~~~~~~~~~~~~~~~~~~~~~~~~~~~~~~~~~~~~~~~~~~~~~~~~~~~~~~~~~~
[   50.430394] 
[   50.435824]     drv->ifname, ifname);
[   50.435827] 
[   50.440751]     ~~~~~~~~~~~~~~~~~~~~
[   50.440753] 
[   51.102162] 
[   51.121125] 
[   51.126972]   os_snprintf(name, sizeof(name), "%s.sta%d", bss->ifname, aid);
[   51.126974] 
[   51.130694]                                   ^~~~~~~~~~
[   51.130696] 
[   51.134856] In file included from /lkp/benchmarks/hwsim/src/utils/common.h:12:0,
[   51.134859] 
[   51.139464]                  from ../src/drivers/driver_nl80211.c:26:
[   51.139467] 
[   51.149990] 
[   51.153794]  #define os_snprintf snprintf
[   51.153797] 
[   51.169497] 
[   51.173830]   os_snprintf(name, sizeof(name), "%s.sta%d", bss->ifname, aid);
[   51.173832] 
[   51.176765]   ^~~~~~~~~~~
[   51.176767] 
[   51.610057] 2018-03-23 09:46:16 ./start.sh
[   51.610061] 
[   51.696190] cfg80211: Loading compiled-in X.509 certificates for regulatory database
[   51.699612] cfg80211: Loaded X.509 cert 'sforshee: 00b28ddf47aef9cea7'
[   51.701099] platform regulatory.0: Direct firmware load for regulatory.db failed with error -2
[   51.702964] platform regulatory.0: Falling back to user helper
[   51.705513] cfg80211: failed to load regulatory.db
[   51.720601] mac80211_hwsim: initializing netlink
[   51.723568] ieee80211 phy0: Selected rate control algorithm 'minstrel_ht'
[   51.725999] ieee80211 phy0: hwaddr 02:00:00:00:00:00 registered
[   51.728317] ieee80211 phy1: Selected rate control algorithm 'minstrel_ht'
[   51.730366] ieee80211 phy1: hwaddr 02:00:00:00:01:00 registered
[   51.732502] ieee80211 phy2: Selected rate control algorithm 'minstrel_ht'
[   51.735041] ieee80211 phy2: hwaddr 02:00:00:00:02:00 registered
[   51.737126] ieee80211 phy3: Selected rate control algorithm 'minstrel_ht'
[   51.738979] ieee80211 phy3: hwaddr 02:00:00:00:03:00 registered
[   51.741014] ieee80211 phy4: Selected rate control algorithm 'minstrel_ht'
[   51.743144] ieee80211 phy4: hwaddr 02:00:00:00:04:00 registered
[   51.745120] ieee80211 phy5: Selected rate control algorithm 'minstrel_ht'
[   51.746911] ieee80211 phy5: hwaddr 02:00:00:00:05:00 registered
[   51.748685] ieee80211 phy6: Selected rate control algorithm 'minstrel_ht'
[   51.750841] ieee80211 phy6: hwaddr 02:00:00:00:06:00 registered
[   51.769993] ieee80211 phy2: mac80211_hwsim_start
[   51.771397] ieee80211 phy2: mac80211_hwsim_add_interface (type=2 mac_addr=02:00:00:00:02:00)
[   51.772998] ieee80211 phy2: mac80211_hwsim_bss_info_changed(changed=0xe vif->addr=02:00:00:00:02:00)
[   51.774582] ieee80211 phy2:   ERP_CTS_PROT: 0
[   51.775903] ieee80211 phy2:   ERP_PREAMBLE: 0
[   51.777209] ieee80211 phy2:   ERP_SLOT: 0
[   51.778521] ieee80211 phy2: mac80211_hwsim_conf_tx (queue=0 txop=0 cw_min=15 cw_max=1023 aifs=2)
[   51.779935] ieee80211 phy2: mac80211_hwsim_conf_tx (queue=1 txop=0 cw_min=15 cw_max=1023 aifs=2)
[   51.781391] ieee80211 phy2: mac80211_hwsim_conf_tx (queue=2 txop=0 cw_min=15 cw_max=1023 aifs=2)
[   51.782739] ieee80211 phy2: mac80211_hwsim_conf_tx (queue=3 txop=0 cw_min=15 cw_max=1023 aifs=2)
[   51.784169] ieee80211 phy2: mac80211_hwsim_bss_info_changed(changed=0x2000 vif->addr=02:00:00:00:02:00)
[   51.785566] ieee80211 phy2: mac80211_hwsim_config (freq=2412(2412 - 0)/noht idle=1 ps=0 smps=static)
[   51.787013] ieee80211 phy2: mac80211_hwsim_configure_filter
[   51.787063] IPv6: ADDRCONF(NETDEV_UP): wlan2: link is not ready
[   51.788765] ieee80211 phy2: mac80211_hwsim_configure_filter
[   51.791773] ieee80211 phy2: mac80211_hwsim_vendor_cmd_test: test=123
[   51.793791] ieee80211 phy1: mac80211_hwsim_start
[   51.795064] ieee80211 phy1: mac80211_hwsim_add_interface (type=2 mac_addr=02:00:00:00:01:00)
[   51.796432] ieee80211 phy1: mac80211_hwsim_bss_info_changed(changed=0xe vif->addr=02:00:00:00:01:00)
[   51.798277] ieee80211 phy1:   ERP_CTS_PROT: 0
[   51.799651] ieee80211 phy1:   ERP_PREAMBLE: 0
[   51.801105] ieee80211 phy1:   ERP_SLOT: 0
[   51.802396] ieee80211 phy1: mac80211_hwsim_conf_tx (queue=0 txop=0 cw_min=15 cw_max=1023 aifs=2)
[   51.803998] ieee80211 phy1: mac80211_hwsim_conf_tx (queue=1 txop=0 cw_min=15 cw_max=1023 aifs=2)
[   51.805537] ieee80211 phy1: mac80211_hwsim_conf_tx (queue=2 txop=0 cw_min=15 cw_max=1023 aifs=2)
[   51.807119] ieee80211 phy1: mac80211_hwsim_conf_tx (queue=3 txop=0 cw_min=15 cw_max=1023 aifs=2)
[   51.808849] ieee80211 phy1: mac80211_hwsim_bss_info_changed(changed=0x2000 vif->addr=02:00:00:00:01:00)
[   51.810658] ieee80211 phy1: mac80211_hwsim_config (freq=2412(2412 - 0)/noht idle=1 ps=0 smps=static)
[   51.812453] ieee80211 phy1: mac80211_hwsim_configure_filter
[   51.812464] IPv6: ADDRCONF(NETDEV_UP): wlan1: link is not ready
[   51.813564] ieee80211 phy1: mac80211_hwsim_configure_filter
[   51.814838] ieee80211 phy1: mac80211_hwsim_vendor_cmd_test: test=123
[   51.817719] ieee80211 phy0: mac80211_hwsim_start
[   51.818915] ieee80211 phy0: mac80211_hwsim_add_interface (type=2 mac_addr=02:00:00:00:00:00)
[   51.820824] ieee80211 phy0: mac80211_hwsim_bss_info_changed(changed=0xe vif->addr=02:00:00:00:00:00)
[   51.822779] ieee80211 phy0:   ERP_CTS_PROT: 0
[   51.824443] ieee80211 phy0:   ERP_PREAMBLE: 0
[   51.825679] ieee80211 phy0:   ERP_SLOT: 0
[   51.826886] ieee80211 phy0: mac80211_hwsim_conf_tx (queue=0 txop=0 cw_min=15 cw_max=1023 aifs=2)
[   51.828358] ieee80211 phy0: mac80211_hwsim_conf_tx (queue=1 txop=0 cw_min=15 cw_max=1023 aifs=2)
[   51.829817] ieee80211 phy0: mac80211_hwsim_conf_tx (queue=2 txop=0 cw_min=15 cw_max=1023 aifs=2)
[   51.831280] ieee80211 phy0: mac80211_hwsim_conf_tx (queue=3 txop=0 cw_min=15 cw_max=1023 aifs=2)
[   51.832726] ieee80211 phy0: mac80211_hwsim_bss_info_changed(changed=0x2000 vif->addr=02:00:00:00:00:00)
[   51.834220] ieee80211 phy0: mac80211_hwsim_config (freq=2412(2412 - 0)/noht idle=1 ps=0 smps=static)
[   51.835665] IPv6: ADDRCONF(NETDEV_UP): wlan0: link is not ready
[   51.835673] ieee80211 phy0: mac80211_hwsim_configure_filter
[   51.837017] ieee80211 phy0: mac80211_hwsim_vendor_cmd_test: test=123
[   51.884680] 2018-03-23 09:46:16 	./run-tests.py ap_wps_er_cache_ap_settings_oom 
[   51.884683] 
[   52.670516] DEV: wlan0: 02:00:00:00:00:00
[   52.670519] 
[   52.673733] DEV: wlan1: 02:00:00:00:01:00
[   52.673735] 
[   52.675596] running hwsim test case ap_wps_er_cache_ap_settings_oom
[   52.676471] DEV: wlan2: 02:00:00:00:02:00
[   52.676798] 
[   52.677066] TEST-START ap_wps_er_cache_ap_settings_oom @1521769577.772263
[   52.678087] APDEV: wlan3
[   52.679959] 
[   52.681924] APDEV: wlan4
[   52.681926] 
[   52.683405] ieee80211 phy3: mac80211_hwsim_start
[   52.684535] START ap_wps_er_cache_ap_settings_oom 1/1
[   52.684536] 
[   52.685419] Test: WPS ER caching AP settings (OOM)
[   52.685506] ieee80211 phy3: mac80211_hwsim_add_interface (type=3 mac_addr=02:00:00:00:03:00)
[   52.686285] 
[   52.687263] ieee80211 phy3: mac80211_hwsim_configure_filter
[   52.688820] Starting AP wlan3
[   52.689215] ieee80211 phy3: mac80211_hwsim_bss_info_changed(changed=0xe vif->addr=02:00:00:00:03:00)
[   52.690242] 
[   52.691144] ieee80211 phy3:   ERP_CTS_PROT: 0
[   52.694646] ieee80211 phy3:   ERP_PREAMBLE: 0
[   52.695615] ieee80211 phy3:   ERP_SLOT: 0
[   52.696581] ieee80211 phy3: mac80211_hwsim_conf_tx (queue=0 txop=47 cw_min=3 cw_max=7 aifs=2)
[   52.697774] ieee80211 phy3: mac80211_hwsim_conf_tx (queue=1 txop=94 cw_min=7 cw_max=15 aifs=2)
[   52.698994] ieee80211 phy3: mac80211_hwsim_conf_tx (queue=2 txop=0 cw_min=15 cw_max=1023 aifs=3)
[   52.700177] ieee80211 phy3: mac80211_hwsim_conf_tx (queue=3 txop=0 cw_min=15 cw_max=1023 aifs=7)
[   52.701352] ieee80211 phy3: mac80211_hwsim_bss_info_changed(changed=0x2000 vif->addr=02:00:00:00:03:00)
[   52.702615] ieee80211 phy3: mac80211_hwsim_config (freq=2412(2412 - 0)/noht idle=1 ps=0 smps=static)
[   52.703824] ieee80211 phy3: mac80211_hwsim_configure_filter
[   52.703903] IPv6: ADDRCONF(NETDEV_UP): wlan3: link is not ready
[   52.705285] ieee80211 phy3: mac80211_hwsim_configure_filter
[   52.707348] ieee80211 phy3: mac80211_hwsim_vendor_cmd_test: test=123
[   52.715838] ieee80211 phy3: mac80211_hwsim_config (freq=2412(2412 - 0)/noht idle=0 ps=0 smps=static)
[   52.717080] ieee80211 phy3: mac80211_hwsim_config (freq=2412(2412 - 0)/ht20 idle=0 ps=0 smps=off)
[   52.718290] ieee80211 phy3: mac80211_hwsim_bss_info_changed(changed=0x40000 vif->addr=02:00:00:00:03:00)
[   52.719525] ieee80211 phy3:   TX Power: 20 dBm
[   52.720496] ieee80211 phy3: mac80211_hwsim_bss_info_changed(changed=0x4000 vif->addr=02:00:00:00:03:00)
[   52.721766] ieee80211 phy3: mac80211_hwsim_bss_info_changed(changed=0xc8340 vif->addr=02:00:00:00:03:00)
[   52.723024] ieee80211 phy3:   BCN EN: 1 (BI=100)
[   52.724031] ieee80211 phy3:   TX Power: 20 dBm
[   52.725013] IPv6: ADDRCONF(NETDEV_CHANGE): wlan3: link becomes ready
[   52.726165] ieee80211 phy3: mac80211_hwsim_bss_info_changed(changed=0x3e vif->addr=02:00:00:00:03:00)
[   52.727438] ieee80211 phy3:   ERP_CTS_PROT: 0
[   52.728443] ieee80211 phy3:   ERP_PREAMBLE: 0
[   52.729453] ieee80211 phy3:   ERP_SLOT: 1
[   52.730443] ieee80211 phy3:   HT: op_mode=0x0
[   52.731447] ieee80211 phy3:   BASIC_RATES: 0xf
[   52.732454] ieee80211 phy3: mac80211_hwsim_configure_filter
[   52.737017] ieee80211 phy3: mac80211_hwsim_conf_tx (queue=0 txop=47 cw_min=3 cw_max=7 aifs=1)
[   52.738365] ieee80211 phy3: mac80211_hwsim_bss_info_changed(changed=0x2000 vif->addr=02:00:00:00:03:00)
[   52.739766] ieee80211 phy3: mac80211_hwsim_conf_tx (queue=1 txop=94 cw_min=7 cw_max=15 aifs=1)
[   52.741148] ieee80211 phy3: mac80211_hwsim_bss_info_changed(changed=0x2000 vif->addr=02:00:00:00:03:00)
[   52.742579] ieee80211 phy3: mac80211_hwsim_conf_tx (queue=2 txop=0 cw_min=15 cw_max=63 aifs=3)
[   52.743970] ieee80211 phy3: mac80211_hwsim_bss_info_changed(changed=0x2000 vif->addr=02:00:00:00:03:00)
[   52.745413] ieee80211 phy3: mac80211_hwsim_conf_tx (queue=3 txop=0 cw_min=15 cw_max=1023 aifs=7)
[   52.746818] ieee80211 phy3: mac80211_hwsim_bss_info_changed(changed=0x2000 vif->addr=02:00:00:00:03:00)
[   52.750160] ieee80211 phy0: mac80211_hwsim_config (freq=2412(2412 - 0)/noht idle=0 ps=0 smps=static)
[   52.752133] hwsim sw_scan request, prepping stuff
[   52.753871] ieee80211 phy0: mac80211_hwsim_configure_filter
[   52.786042] ieee80211 phy0: mac80211_hwsim_configure_filter
[   52.787633] hwsim sw_scan_complete
[   52.789053] ieee80211 phy0: mac80211_hwsim_config (freq=2412(2412 - 0)/noht idle=1 ps=0 smps=static)
[   52.791743] ieee80211 phy0: mac80211_hwsim_config (freq=2412(2412 - 0)/noht idle=0 ps=0 smps=static)
[   52.793787] hwsim sw_scan request, prepping stuff
[   52.795587] ieee80211 phy0: mac80211_hwsim_configure_filter
[   52.828043] ieee80211 phy0: mac80211_hwsim_configure_filter
[   52.829587] hwsim sw_scan_complete
[   52.829856] wlan0: authenticate with 02:00:00:00:03:00
[   52.831018] ieee80211 phy0: mac80211_hwsim_config (freq=2412(2412 - 0)/noht idle=1 ps=0 smps=static)
[   52.834629] ieee80211 phy0: mac80211_hwsim_config (freq=2412(2412 - 0)/noht idle=0 ps=0 smps=static)
[   52.836753] ieee80211 phy0: mac80211_hwsim_config (freq=2412(2412 - 0)/ht20 idle=0 ps=0 smps=off)
[   52.838838] ieee80211 phy0: mac80211_hwsim_bss_info_changed(changed=0x40000 vif->addr=02:00:00:00:00:00)
[   52.840289] ieee80211 phy0:   TX Power: 20 dBm
[   52.841494] ieee80211 phy0: mac80211_hwsim_bss_info_changed(changed=0x4000 vif->addr=02:00:00:00:00:00)
[   52.842959] ieee80211 phy0: mac80211_hwsim_config (freq=2412(2412 - 0)/ht20 idle=0 ps=0 smps=static)
[   52.844421] ieee80211 phy0: mac80211_hwsim_bss_info_changed(changed=0xe0 vif->addr=02:00:00:00:00:00)
[   52.845927] ieee80211 phy0: mac80211_hwsim_bss_info_changed: BSSID changed: 02:00:00:00:03:00
[   52.847365] ieee80211 phy0:   BASIC_RATES: 0xf
[   52.848614] wlan0: send auth to 02:00:00:00:03:00 (try 1/3)
[   52.850331] wlan0: authenticated
[   52.852009] wlan0: associate with 02:00:00:00:03:00 (try 1/3)
[   52.853660] wlan0: RX AssocResp from 02:00:00:00:03:00 (capab=0x411 status=0 aid=1)
[   52.855375] ieee80211 phy0: mac80211_hwsim_conf_tx (queue=0 txop=47 cw_min=3 cw_max=7 aifs=2)
[   52.856842] ieee80211 phy0: mac80211_hwsim_conf_tx (queue=1 txop=94 cw_min=7 cw_max=15 aifs=2)
[   52.858338] ieee80211 phy0: mac80211_hwsim_conf_tx (queue=2 txop=0 cw_min=15 cw_max=1023 aifs=3)
[   52.859985] ieee80211 phy0: mac80211_hwsim_conf_tx (queue=3 txop=0 cw_min=15 cw_max=1023 aifs=7)
[   52.861609] ieee80211 phy0: mac80211_hwsim_bss_info_changed(changed=0x1002009 vif->addr=02:00:00:00:00:00)
[   52.863296] ieee80211 phy0:   ASSOC: assoc=1 aid=1
[   52.864377] ieee80211 phy0:   ERP_SLOT: 1
[   52.865488] ieee80211 phy0: mac80211_hwsim_config (freq=2412(2412 - 0)/ht20 idle=0 ps=0 smps=off)
[   52.867145] wlan0: associated
[   52.888840] ieee80211 phy0: mac80211_hwsim_bss_info_changed(changed=0x100000 vif->addr=02:00:00:00:00:00)
[   52.895023] wlan0: deauthenticating from 02:00:00:00:03:00 by local choice (Reason: 3=DEAUTH_LEAVING)
[   52.896658] ieee80211 phy0: mac80211_hwsim_bss_info_changed(changed=0x80209f vif->addr=02:00:00:00:00:00)
[   52.898431] ieee80211 phy0: mac80211_hwsim_bss_info_changed: BSSID changed: 00:00:00:00:00:00
[   52.900032] ieee80211 phy0:   ASSOC: assoc=0 aid=1
[   52.901443] ieee80211 phy0:   ERP_CTS_PROT: 0
[   52.902811] ieee80211 phy0:   ERP_PREAMBLE: 0
[   52.904190] ieee80211 phy0:   ERP_SLOT: 0
[   52.905507] ieee80211 phy0:   HT: op_mode=0x0
[   52.906865] ieee80211 phy0: mac80211_hwsim_conf_tx (queue=0 txop=0 cw_min=15 cw_max=1023 aifs=2)
[   52.908478] ieee80211 phy0: mac80211_hwsim_conf_tx (queue=1 txop=0 cw_min=15 cw_max=1023 aifs=2)
[   52.910186] ieee80211 phy0: mac80211_hwsim_conf_tx (queue=2 txop=0 cw_min=15 cw_max=1023 aifs=2)
[   52.911895] ieee80211 phy0: mac80211_hwsim_conf_tx (queue=3 txop=0 cw_min=15 cw_max=1023 aifs=2)
[   52.913571] ieee80211 phy0: mac80211_hwsim_bss_info_changed(changed=0x4000 vif->addr=02:00:00:00:00:00)
[   52.915286] ieee80211 phy0: mac80211_hwsim_config (freq=2412(2412 - 0)/noht idle=0 ps=0 smps=static)
[   52.916983] ieee80211 phy0: mac80211_hwsim_config (freq=2412(2412 - 0)/noht idle=1 ps=0 smps=static)
[   52.930423] wlan0: authenticate with 02:00:00:00:03:00
[   52.931526] ieee80211 phy0: mac80211_hwsim_config (freq=2412(2412 - 0)/noht idle=0 ps=0 smps=static)
[   52.932845] ieee80211 phy0: mac80211_hwsim_config (freq=2412(2412 - 0)/ht20 idle=0 ps=0 smps=off)
[   52.934242] ieee80211 phy0: mac80211_hwsim_bss_info_changed(changed=0x4000 vif->addr=02:00:00:00:00:00)
[   52.935783] ieee80211 phy0: mac80211_hwsim_config (freq=2412(2412 - 0)/ht20 idle=0 ps=0 smps=static)
[   52.937361] ieee80211 phy0: mac80211_hwsim_bss_info_changed(changed=0xe0 vif->addr=02:00:00:00:00:00)
[   52.939235] ieee80211 phy0: mac80211_hwsim_bss_info_changed: BSSID changed: 02:00:00:00:03:00
[   52.940879] ieee80211 phy0:   BASIC_RATES: 0xf
[   52.942462] wlan0: send auth to 02:00:00:00:03:00 (try 1/3)
[   52.944362] wlan0: authenticated
[   52.947039] wlan0: associate with 02:00:00:00:03:00 (try 1/3)
[   52.949068] wlan0: RX AssocResp from 02:00:00:00:03:00 (capab=0x411 status=0 aid=1)
[   52.950790] ieee80211 phy0: mac80211_hwsim_conf_tx (queue=0 txop=47 cw_min=3 cw_max=7 aifs=2)
[   52.952550] ieee80211 phy0: mac80211_hwsim_conf_tx (queue=1 txop=94 cw_min=7 cw_max=15 aifs=2)
[   52.954322] ieee80211 phy0: mac80211_hwsim_conf_tx (queue=2 txop=0 cw_min=15 cw_max=1023 aifs=3)
[   52.955969] ieee80211 phy0: mac80211_hwsim_conf_tx (queue=3 txop=0 cw_min=15 cw_max=1023 aifs=7)
[   52.957619] ieee80211 phy0: mac80211_hwsim_bss_info_changed(changed=0x1102009 vif->addr=02:00:00:00:00:00)
[   52.959293] ieee80211 phy0:   ASSOC: assoc=1 aid=1
[   52.960710] ieee80211 phy0:   ERP_SLOT: 1
[   52.962087] ieee80211 phy0: mac80211_hwsim_config (freq=2412(2412 - 0)/ht20 idle=0 ps=0 smps=off)
[   52.963722] wlan0: associated
[   52.967824] IPv6: ADDRCONF(NETDEV_CHANGE): wlan0: link becomes ready
[   52.969543] ieee80211 phy0: mac80211_hwsim_configure_filter
[   55.102221] wlan0: deauthenticated from 02:00:00:00:03:00 (Reason: 3=DEAUTH_LEAVING)
[   55.102981] ieee80211 phy3: mac80211_hwsim_bss_info_changed(changed=0x100 vif->addr=02:00:00:00:03:00)
[   55.105807] ieee80211 phy3: mac80211_hwsim_bss_info_changed(changed=0x3e vif->addr=02:00:00:00:03:00)
[   55.107641] ieee80211 phy3:   ERP_CTS_PROT: 0
[   55.109201] ieee80211 phy3:   ERP_PREAMBLE: 0
[   55.110747] ieee80211 phy3:   ERP_SLOT: 1
[   55.112264] ieee80211 phy3:   HT: op_mode=0x0
[   55.113773] ieee80211 phy3:   BASIC_RATES: 0xf
[   55.114929] ieee80211 phy0: mac80211_hwsim_bss_info_changed(changed=0x80209f vif->addr=02:00:00:00:00:00)
[   55.117548] ieee80211 phy0: mac80211_hwsim_bss_info_changed: BSSID changed: 00:00:00:00:00:00
[   55.120118] ieee80211 phy0:   ASSOC: assoc=0 aid=1
[   55.122349] ieee80211 phy0:   ERP_CTS_PROT: 0
[   55.124758] ieee80211 phy0:   ERP_PREAMBLE: 0
[   55.126361] ieee80211 phy0:   ERP_SLOT: 0
[   55.127903] ieee80211 phy0:   HT: op_mode=0x0
[   55.129471] ieee80211 phy0: mac80211_hwsim_conf_tx (queue=0 txop=0 cw_min=15 cw_max=1023 aifs=2)
[   55.131279] ieee80211 phy0: mac80211_hwsim_conf_tx (queue=1 txop=0 cw_min=15 cw_max=1023 aifs=2)
[   55.133104] ieee80211 phy0: mac80211_hwsim_conf_tx (queue=2 txop=0 cw_min=15 cw_max=1023 aifs=2)
[   55.134877] ieee80211 phy0: mac80211_hwsim_conf_tx (queue=3 txop=0 cw_min=15 cw_max=1023 aifs=2)
[   55.136189] ieee80211 phy0: mac80211_hwsim_bss_info_changed(changed=0x4000 vif->addr=02:00:00:00:00:00)
[   55.137468] ieee80211 phy0: mac80211_hwsim_config (freq=2412(2412 - 0)/noht idle=0 ps=0 smps=static)
[   55.138745] ieee80211 phy0: mac80211_hwsim_config (freq=2412(2412 - 0)/noht idle=1 ps=0 smps=static)
[   55.140349] ieee80211 phy3: mac80211_hwsim_bss_info_changed(changed=0x200 vif->addr=02:00:00:00:03:00)
[   55.141784] ieee80211 phy3:   BCN EN: 0 (BI=100)
[   55.142923] ieee80211 phy3:   beaconing vifs remaining: 0
[   55.144113] ieee80211 phy3: mac80211_hwsim_bss_info_changed(changed=0x4000 vif->addr=02:00:00:00:03:00)
[   55.145530] ieee80211 phy3: mac80211_hwsim_config (freq=2412(2412 - 0)/noht idle=0 ps=0 smps=static)
[   55.147097] ieee80211 phy3: mac80211_hwsim_config (freq=2412(2412 - 0)/noht idle=1 ps=0 smps=static)
[   55.155275] ieee80211 phy3: mac80211_hwsim_configure_filter
[   55.156631] ieee80211 phy3: mac80211_hwsim_remove_interface (type=3 mac_addr=02:00:00:00:03:00)
[   55.158763] ieee80211 phy3: mac80211_hwsim_stop
[   55.162298] Starting AP wlan3
[   55.162301] 
[   55.166551] ieee80211 phy3: mac80211_hwsim_start
[   55.167837] ieee80211 phy3: mac80211_hwsim_add_interface (type=3 mac_addr=02:00:00:00:03:00)
[   55.169336] ieee80211 phy3: mac80211_hwsim_configure_filter
[   55.170706] ieee80211 phy3: mac80211_hwsim_bss_info_changed(changed=0xe vif->addr=02:00:00:00:03:00)
[   55.172271] ieee80211 phy3:   ERP_CTS_PROT: 0
[   55.173570] ieee80211 phy3:   ERP_PREAMBLE: 0
[   55.174860] ieee80211 phy3:   ERP_SLOT: 0
