Return-Path: <owner-linux-mm@kvack.org>
Received: from mail-pa0-f53.google.com (mail-pa0-f53.google.com [209.85.220.53])
	by kanga.kvack.org (Postfix) with ESMTP id 4812A6B0055
	for <linux-mm@kvack.org>; Wed,  9 Oct 2013 12:50:06 -0400 (EDT)
Received: by mail-pa0-f53.google.com with SMTP id kq14so1332042pab.12
        for <linux-mm@kvack.org>; Wed, 09 Oct 2013 09:50:05 -0700 (PDT)
Date: Thu, 10 Oct 2013 00:49:51 +0800
From: Fengguang Wu <fengguang.wu@intel.com>
Subject: [page->ptl] BUG: unable to handle kernel NULL pointer dereference at
 00000010
Message-ID: <20131009164951.GA29751@localhost>
MIME-Version: 1.0
Content-Type: multipart/mixed; boundary="PEIAKu/WMn1b1Hv9"
Content-Disposition: inline
Sender: owner-linux-mm@kvack.org
List-ID: <linux-mm.kvack.org>
To: "Kirill A. Shutemov" <kirill.shutemov@linux.intel.com>
Cc: linux-kernel@vger.kernel.org, linux-mm@kvack.org


--PEIAKu/WMn1b1Hv9
Content-Type: text/plain; charset=us-ascii
Content-Disposition: inline

Greetings,

I got the below dmesg and the first bad commit is

commit c7727a852968b09a9a5756dc7c85c30287c6ada3
Author: Kirill A. Shutemov <kirill.shutemov@linux.intel.com>
Date:   Wed Oct 9 16:45:45 2013 +0300

    mm: dynamic allocate page->ptl if it cannot be embedded to struct page
    
    Signed-off-by: Kirill A. Shutemov <kirill.shutemov@linux.intel.com>


[    6.954248] ALSA device list:
[    6.954705]   No soundcards found.
[    6.960370] Freeing unused kernel memory: 2016K (c19c1000 - c1bb9000)
[    6.961935] BUG: unable to handle kernel NULL pointer dereference at 00000010
[    6.962703] IP: [<c03018f9>] __lock_acquire+0x79/0x1ef0
[    6.962703] *pdpt = 0000000000000000 *pde = f000ff53f000ff53 
[    6.962703] Oops: 0000 [#1] SMP 
[    6.962703] CPU: 1 PID: 1 Comm: swapper/0 Not tainted 3.12.0-rc2-00044-gc7727a8 #616
[    6.962703] task: c0018000 ti: c001a000 task.ti: c001a000
[    6.962703] EIP: 0060:[<c03018f9>] EFLAGS: 00010046 CPU: 1
[    6.962703] EIP is at __lock_acquire+0x79/0x1ef0
[    6.962703] EAX: 00000046 EBX: 00000010 ECX: 00000000 EDX: 00000000
[    6.962703] ESI: 00000000 EDI: c0018000 EBP: c001bd8c ESP: c001bd38
[    6.962703]  DS: 007b ES: 007b FS: 00d8 GS: 0000 SS: 0068
[    6.962703] CR0: 8005003b CR2: 00000010 CR3: 01bc4000 CR4: 000006b0
[    6.962703] Stack:
[    6.962703]  00000000 00000004 00000000 00000004 c0018000 00000006 c0018000 c0a4d767
[    6.962703]  cd3dfa48 c001bd7c 00000006 00000002 c00184b8 00000246 c17c4cc0 00000000
[    6.962703]  00000000 c001bdb8 00000246 c0018000 00000000 c001bdc0 c030385e 00000000
[    6.962703] Call Trace:
[    6.962703]  [<c0a4d767>] ? __raw_spin_lock_init+0x27/0x80
[    6.962703]  [<c030385e>] lock_acquire+0xee/0x130
[    6.962703]  [<c0383e25>] ? __pte_alloc+0xa5/0x270
[    6.962703]  [<c12403ea>] _raw_spin_lock+0x7a/0x130
[    6.962703]  [<c0383e25>] ? __pte_alloc+0xa5/0x270
[    6.962703]  [<c0383e25>] __pte_alloc+0xa5/0x270
[    6.962703]  [<c038af6c>] handle_mm_fault+0x178c/0x1950
[    6.962703]  [<c0387501>] ? follow_page_mask+0x121/0x8f0
[    6.962703]  [<c03524ab>] ? generic_file_aio_read+0xafb/0xe50
[    6.962703]  [<c038b415>] __get_user_pages+0x185/0xb90
[    6.962703]  [<c038bf37>] get_user_pages+0x87/0xb0
[    6.962703]  [<c03cab43>] get_arg_page+0x53/0x130
[    6.962703]  [<c03cad8a>] copy_strings+0x16a/0x440
[    6.962703]  [<c03cb61a>] copy_strings_kernel+0x2a/0x50
[    6.962703]  [<c03cdd44>] do_execve_common+0x894/0xd00
[    6.962703]  [<c03cd633>] ? do_execve_common+0x183/0xd00
[    6.962703]  [<c03ce1c6>] do_execve+0x16/0x30
[    6.962703]  [<c121e935>] kernel_init+0x95/0x280
[    6.962703]  [<c1243037>] ret_from_kernel_thread+0x1b/0x28
[    6.962703]  [<c121e8a0>] ? rest_init+0x1e0/0x1e0
[    6.962703] Code: 00 00 a1 90 fa c1 c1 83 05 70 03 d0 c1 01 83 15 74 03 d0 c1 00 85 c0 0f 84 a5 02 00 00 83 05 b0 03 d0 c1 01 83 15 b4 03 d0 c1 00 <81> 3b 60 e3 c5 c1 0f 84 53 05 00 00 83 fe 01 0f 86 02 03 00 00
[    6.962703] EIP: [<c03018f9>] __lock_acquire+0x79/0x1ef0 SS:ESP 0068:c001bd38
[    6.962703] CR2: 0000000000000010
[    6.962703] ---[ end trace c26ae1ffa4e19d4f ]---
[    6.962703] Kernel panic - not syncing: Fatal exception

git bisect start c7727a852968b09a9a5756dc7c85c30287c6ada3 4a10c2ac2f368583138b774ca41fac4207911983 --
git bisect good 6c227d806670656b1a267feca6d15751976a45b9  # 22:47     20+      0  arm64: handle pgtable_page_ctor() fail
git bisect good f696457846fe13f23ebf48152b43fdcab051e038  # 22:53     20+      1  powerpc: handle pgtable_page_ctor() fail
git bisect good 91d6e7fd677903c9cc038d5489e1f91a6a41658d  # 22:56     20+      0  tile: handle pgtable_page_ctor() fail
git bisect good 7f692a838f315ce576bdaf2e7f1ff08126afb778  # 22:59     20+      1  x86: handle pgtable_page_ctor() fail
git bisect good cdf8588809f4bedbf92f11d3c59f3d7a16f19d5b  # 23:01     20+      0  iommu/arm-smmu: handle pgtable_page_ctor() fail
git bisect good cdf8588809f4bedbf92f11d3c59f3d7a16f19d5b  # 23:05     60+      3  iommu/arm-smmu: handle pgtable_page_ctor() fail
git bisect  bad c7727a852968b09a9a5756dc7c85c30287c6ada3  # 23:05      0-     19  mm: dynamic allocate page->ptl if it cannot be embedded to struct page
git bisect good a09d1f589443cb8a441a86bf285762b28d13b326  # 23:13     60+      2  Revert "mm: dynamic allocate page->ptl if it cannot be embedded to struct page"
git bisect good 0e7a3ed04f0cd4311096d691888f88569310ee6c  # 23:19     60+      8  Merge branch 'perf-urgent-for-linus' of git://git.kernel.org/pub/scm/linux/kernel/git/tip/tip
git bisect good a0cf1abc25ac197dd97b857c0f6341066a8cb1cf  # 23:30     60+      5  Add linux-next specific files for 20130927

Thanks,
Fengguang

--PEIAKu/WMn1b1Hv9
Content-Type: text/plain; charset=us-ascii
Content-Disposition: attachment; filename="dmesg-yocto-lkp-st01-2:20131009222123:i386-randconfig-i007-1008:3.12.0-rc2-00044-gc7727a8:616"
Content-Transfer-Encoding: quoted-printable

[    0.000000] Initializing cgroup subsys cpu
[    0.000000] Linux version 3.12.0-rc2-00044-gc7727a8 (kbuild@inn) (gcc ve=
rsion 4.8.1 (Debian 4.8.1-8) ) #616 SMP Wed Oct 9 22:19:51 CST 2013
[    0.000000] KERNEL supported cpus:
[    0.000000]   Intel GenuineIntel
[    0.000000] e820: BIOS-provided physical RAM map:
[    0.000000] BIOS-e820: [mem 0x0000000000000000-0x000000000009fbff] usable
[    0.000000] BIOS-e820: [mem 0x000000000009fc00-0x000000000009ffff] reser=
ved
[    0.000000] BIOS-e820: [mem 0x00000000000f0000-0x00000000000fffff] reser=
ved
[    0.000000] BIOS-e820: [mem 0x0000000000100000-0x000000000fffdfff] usable
[    0.000000] BIOS-e820: [mem 0x000000000fffe000-0x000000000fffffff] reser=
ved
[    0.000000] BIOS-e820: [mem 0x00000000feffc000-0x00000000feffffff] reser=
ved
[    0.000000] BIOS-e820: [mem 0x00000000fffc0000-0x00000000ffffffff] reser=
ved
[    0.000000] debug: ignoring loglevel setting.
[    0.000000] NX (Execute Disable) protection: active
[    0.000000] Hypervisor detected: KVM
[    0.000000] e820: update [mem 0x00000000-0x00000fff] usable =3D=3D> rese=
rved
[    0.000000] e820: remove [mem 0x000a0000-0x000fffff] usable
[    0.000000] e820: last_pfn =3D 0xfffe max_arch_pfn =3D 0x1000000
[    0.000000] MTRR default type: write-back
[    0.000000] MTRR fixed ranges enabled:
[    0.000000]   00000-9FFFF write-back
[    0.000000]   A0000-BFFFF uncachable
[    0.000000]   C0000-FFFFF write-protect
[    0.000000] MTRR variable ranges enabled:
[    0.000000]   0 base 0080000000 mask FF80000000 uncachable
[    0.000000]   1 disabled
[    0.000000]   2 disabled
[    0.000000]   3 disabled
[    0.000000]   4 disabled
[    0.000000]   5 disabled
[    0.000000]   6 disabled
[    0.000000]   7 disabled
[    0.000000] x86 PAT enabled: cpu 0, old 0x70406, new 0x7010600070106
[    0.000000] Scan for SMP in [mem 0x00000000-0x000003ff]
[    0.000000] Scan for SMP in [mem 0x0009fc00-0x0009ffff]
[    0.000000] Scan for SMP in [mem 0x000f0000-0x000fffff]
[    0.000000] found SMP MP-table at [mem 0x000fdab0-0x000fdabf] mapped at =
[c00fdab0]
[    0.000000]   mpc: fdac0-fdbe4
[    0.000000] initial memory mapped: [mem 0x00000000-0x02bfffff]
[    0.000000] Base memory trampoline at [c009b000] 9b000 size 16384
[    0.000000] init_memory_mapping: [mem 0x00000000-0x000fffff]
[    0.000000]  [mem 0x00000000-0x000fffff] page 4k
[    0.000000] init_memory_mapping: [mem 0x0fa00000-0x0fbfffff]
[    0.000000]  [mem 0x0fa00000-0x0fbfffff] page 2M
[    0.000000] init_memory_mapping: [mem 0x0c000000-0x0f9fffff]
[    0.000000]  [mem 0x0c000000-0x0f9fffff] page 2M
[    0.000000] init_memory_mapping: [mem 0x00100000-0x0bffffff]
[    0.000000]  [mem 0x00100000-0x001fffff] page 4k
[    0.000000]  [mem 0x00200000-0x0bffffff] page 2M
[    0.000000] init_memory_mapping: [mem 0x0fc00000-0x0fffdfff]
[    0.000000]  [mem 0x0fc00000-0x0fdfffff] page 2M
[    0.000000]  [mem 0x0fe00000-0x0fffdfff] page 4k
[    0.000000] BRK [0x02656000, 0x02656fff] PGTABLE
[    0.000000] log_buf_len: 8388608
[    0.000000] early log buf free: 128060(97%)
[    0.000000] RAMDISK: [mem 0x0fce4000-0x0ffeffff]
[    0.000000] ACPI: RSDP 000fd920 00014 (v00 BOCHS )
[    0.000000] ACPI: RSDT 0fffe450 00034 (v01 BOCHS  BXPCRSDT 00000001 BXPC=
 00000001)
[    0.000000] ACPI: FACP 0fffff80 00074 (v01 BOCHS  BXPCFACP 00000001 BXPC=
 00000001)
[    0.000000] ACPI: DSDT 0fffe490 011A9 (v01   BXPC   BXDSDT 00000001 INTL=
 20100528)
[    0.000000] ACPI: FACS 0fffff40 00040
[    0.000000] ACPI: SSDT 0ffff7a0 00796 (v01 BOCHS  BXPCSSDT 00000001 BXPC=
 00000001)
[    0.000000] ACPI: APIC 0ffff680 00080 (v01 BOCHS  BXPCAPIC 00000001 BXPC=
 00000001)
[    0.000000] ACPI: HPET 0ffff640 00038 (v01 BOCHS  BXPCHPET 00000001 BXPC=
 00000001)
[    0.000000] ACPI: Local APIC address 0xfee00000
[    0.000000] mapped APIC to         ffffb000 (        fee00000)
[    0.000000] 255MB LOWMEM available.
[    0.000000]   mapped low ram: 0 - 0fffe000
[    0.000000]   low ram: 0 - 0fffe000
[    0.000000] kvm-clock: Using msrs 4b564d01 and 4b564d00
[    0.000000] kvm-clock: cpu 0, msr 0:fffd001, boot clock
[    0.000000] Zone ranges:
[    0.000000]   Normal   [mem 0x00001000-0x0fffdfff]
[    0.000000] Movable zone start for each node
[    0.000000] Early memory node ranges
[    0.000000]   node   0: [mem 0x00001000-0x0009efff]
[    0.000000]   node   0: [mem 0x00100000-0x0fffdfff]
[    0.000000] On node 0 totalpages: 65436
[    0.000000]   Normal zone: 512 pages used for memmap
[    0.000000]   Normal zone: 0 pages reserved
[    0.000000]   Normal zone: 65436 pages, LIFO batch:15
[    0.000000] Using APIC driver default
[    0.000000] ACPI: PM-Timer IO Port: 0xb008
[    0.000000] ACPI: Local APIC address 0xfee00000
[    0.000000] mapped APIC to         ffffb000 (        fee00000)
[    0.000000] ACPI: LAPIC (acpi_id[0x00] lapic_id[0x00] enabled)
[    0.000000] ACPI: LAPIC (acpi_id[0x01] lapic_id[0x01] enabled)
[    0.000000] ACPI: LAPIC_NMI (acpi_id[0xff] dfl dfl lint[0x1])
[    0.000000] ACPI: IOAPIC (id[0x00] address[0xfec00000] gsi_base[0])
[    0.000000] IOAPIC[0]: apic_id 0, version 17, address 0xfec00000, GSI 0-=
23
[    0.000000] ACPI: INT_SRC_OVR (bus 0 bus_irq 0 global_irq 2 dfl dfl)
[    0.000000] Int: type 0, pol 0, trig 0, bus 00, IRQ 00, APIC ID 0, APIC =
INT 02
[    0.000000] ACPI: INT_SRC_OVR (bus 0 bus_irq 5 global_irq 5 high level)
[    0.000000] Int: type 0, pol 1, trig 3, bus 00, IRQ 05, APIC ID 0, APIC =
INT 05
[    0.000000] ACPI: INT_SRC_OVR (bus 0 bus_irq 9 global_irq 9 high level)
[    0.000000] Int: type 0, pol 1, trig 3, bus 00, IRQ 09, APIC ID 0, APIC =
INT 09
[    0.000000] ACPI: INT_SRC_OVR (bus 0 bus_irq 10 global_irq 10 high level)
[    0.000000] Int: type 0, pol 1, trig 3, bus 00, IRQ 0a, APIC ID 0, APIC =
INT 0a
[    0.000000] ACPI: INT_SRC_OVR (bus 0 bus_irq 11 global_irq 11 high level)
[    0.000000] Int: type 0, pol 1, trig 3, bus 00, IRQ 0b, APIC ID 0, APIC =
INT 0b
[    0.000000] ACPI: IRQ0 used by override.
[    0.000000] Int: type 0, pol 0, trig 0, bus 00, IRQ 01, APIC ID 0, APIC =
INT 01
[    0.000000] ACPI: IRQ2 used by override.
[    0.000000] Int: type 0, pol 0, trig 0, bus 00, IRQ 03, APIC ID 0, APIC =
INT 03
[    0.000000] Int: type 0, pol 0, trig 0, bus 00, IRQ 04, APIC ID 0, APIC =
INT 04
[    0.000000] ACPI: IRQ5 used by override.
[    0.000000] Int: type 0, pol 0, trig 0, bus 00, IRQ 06, APIC ID 0, APIC =
INT 06
[    0.000000] Int: type 0, pol 0, trig 0, bus 00, IRQ 07, APIC ID 0, APIC =
INT 07
[    0.000000] Int: type 0, pol 0, trig 0, bus 00, IRQ 08, APIC ID 0, APIC =
INT 08
[    0.000000] ACPI: IRQ9 used by override.
[    0.000000] ACPI: IRQ10 used by override.
[    0.000000] ACPI: IRQ11 used by override.
[    0.000000] Int: type 0, pol 0, trig 0, bus 00, IRQ 0c, APIC ID 0, APIC =
INT 0c
[    0.000000] Int: type 0, pol 0, trig 0, bus 00, IRQ 0d, APIC ID 0, APIC =
INT 0d
[    0.000000] Int: type 0, pol 0, trig 0, bus 00, IRQ 0e, APIC ID 0, APIC =
INT 0e
[    0.000000] Int: type 0, pol 0, trig 0, bus 00, IRQ 0f, APIC ID 0, APIC =
INT 0f
[    0.000000] Using ACPI (MADT) for SMP configuration information
[    0.000000] ACPI: HPET id: 0x8086a201 base: 0xfed00000
[    0.000000] smpboot: Allowing 2 CPUs, 0 hotplug CPUs
[    0.000000] mapped IOAPIC to ffffa000 (fec00000)
[    0.000000] nr_irqs_gsi: 40
[    0.000000] e820: [mem 0x10000000-0xfeffbfff] available for PCI devices
[    0.000000] Booting paravirtualized kernel on KVM
[    0.000000] setup_percpu: NR_CPUS:32 nr_cpumask_bits:32 nr_cpu_ids:2 nr_=
node_ids:1
[    0.000000] PERCPU: Embedded 330 pages/cpu @cee50000 s1338752 r0 d12928 =
u1351680
[    0.000000] pcpu-alloc: s1338752 r0 d12928 u1351680 alloc=3D330*4096
[    0.000000] pcpu-alloc: [0] 0 [0] 1=20
[    0.000000] kvm-clock: cpu 0, msr 0:fffd001, primary cpu clock
[    0.000000] KVM setup async PF for cpu 0
[    0.000000] kvm-stealtime: cpu 0, msr ee52540
[    0.000000] Built 1 zonelists in Zone order, mobility grouping on.  Tota=
l pages: 64924
[    0.000000] Kernel command line: hung_task_panic=3D1 rcutree.rcu_cpu_sta=
ll_timeout=3D100 log_buf_len=3D8M ignore_loglevel debug sched_debug apic=3D=
debug dynamic_printk sysrq_always_enabled panic=3D10  prompt_ramdisk=3D0 co=
nsole=3DttyS0,115200 console=3Dtty0 vga=3Dnormal  root=3D/dev/ram0 rw link=
=3D/kernel-tests/run-queue/kvm/i386-randconfig-i007-1008/kas:dynamic_ptl:v1=
/.vmlinuz-c7727a852968b09a9a5756dc7c85c30287c6ada3-20131009222057-6-lkp-st0=
1 branch=3Dkas/dynamic_ptl/v1 BOOT_IMAGE=3D/kernel/i386-randconfig-i007-100=
8/c7727a852968b09a9a5756dc7c85c30287c6ada3/vmlinuz-3.12.0-rc2-00044-gc7727a8
[    0.000000] sysrq: sysrq always enabled.
[    0.000000] PID hash table entries: 1024 (order: 0, 4096 bytes)
[    0.000000] Dentry cache hash table entries: 32768 (order: 5, 131072 byt=
es)
[    0.000000] Inode-cache hash table entries: 16384 (order: 4, 65536 bytes)
[    0.000000] Initializing CPU#0
[    0.000000] Memory: 206168K/261744K available (16655K kernel code, 2367K=
 rwdata, 5244K rodata, 2016K init, 10748K bss, 55576K reserved)
[    0.000000] virtual kernel memory layout:
[    0.000000]     fixmap  : 0xffd35000 - 0xfffff000   (2856 kB)
[    0.000000]     vmalloc : 0xd07fe000 - 0xffd33000   ( 757 MB)
[    0.000000]     lowmem  : 0xc0000000 - 0xcfffe000   ( 255 MB)
[    0.000000]       .init : 0xc19c1000 - 0xc1bb9000   (2016 kB)
[    0.000000]       .data : 0xc1243fc9 - 0xc19bdfc0   (7655 kB)
[    0.000000]       .text : 0xc0200000 - 0xc1243fc9   (16655 kB)
[    0.000000] Checking if this processor honours the WP bit even in superv=
isor mode...Ok.
[    0.000000] Hierarchical RCU implementation.
[    0.000000]=20
[    0.000000]=20
[    0.000000]=20
[    0.000000] NR_IRQS:2304 nr_irqs:512 16
[    0.000000] CPU 0 irqstacks, hard=3Dc0090000 soft=3Dc0092000
[    0.000000] console [ttyS0] enabled
[    0.000000] Lock dependency validator: Copyright (c) 2006 Red Hat, Inc.,=
 Ingo Molnar
[    0.000000] ... MAX_LOCKDEP_SUBCLASSES:  8
[    0.000000] ... MAX_LOCK_DEPTH:          48
[    0.000000] ... MAX_LOCKDEP_KEYS:        8191
[    0.000000] ... CLASSHASH_SIZE:          4096
[    0.000000] ... MAX_LOCKDEP_ENTRIES:     16384
[    0.000000] ... MAX_LOCKDEP_CHAINS:      32768
[    0.000000] ... CHAINHASH_SIZE:          16384
[    0.000000]  memory used by lock dependency info: 3823 kB
[    0.000000]  per task-struct memory footprint: 1920 bytes
[    0.000000] hpet clockevent registered
[    0.000000] tsc: Detected 2660.184 MHz processor
[    0.003000] Calibrating delay loop (skipped) preset value.. 5320.36 Bogo=
MIPS (lpj=3D2660184)
[    0.003489] pid_max: default: 32768 minimum: 301
[    0.004115] Mount-cache hash table entries: 512
[    0.006955] Initializing cgroup subsys devices
[    0.007043] Initializing cgroup subsys blkio
[    0.008013] Initializing cgroup subsys perf_event
[    0.009017] Initializing cgroup subsys net_prio
[    0.010180] Last level iTLB entries: 4KB 0, 2MB 0, 4MB 0
[    0.010180] Last level dTLB entries: 4KB 0, 2MB 0, 4MB 0
[    0.010180] tlb_flushall_shift: 6
[    0.012449] Freeing SMP alternatives memory: 32K (c1bb9000 - c1bc1000)
[    0.017748] ACPI: Core revision 20130725
[    0.028141] ACPI: All ACPI Tables successfully acquired
[    0.029529] Getting VERSION: 50014
[    0.030021] Getting VERSION: 50014
[    0.030599] Getting ID: 0
[    0.031026] Getting ID: f000000
[    0.031569] Getting LVT0: 8700
[    0.032015] Getting LVT1: 8400
[    0.032533] Enabling APIC mode:  Flat.  Using 1 I/O APICs
[    0.033123] enabled ExtINT on CPU#0
[    0.036271] ENABLING IO-APIC IRQs
[    0.036839] init IO_APIC IRQs
[    0.037011]  apic 0 pin 0 not connected
[    0.038037] IOAPIC[0]: Set routing entry (0-1 -> 0x31 -> IRQ 1 Mode:0 Ac=
tive:0 Dest:1)
[    0.039045] IOAPIC[0]: Set routing entry (0-2 -> 0x30 -> IRQ 0 Mode:0 Ac=
tive:0 Dest:1)
[    0.040041] IOAPIC[0]: Set routing entry (0-3 -> 0x33 -> IRQ 3 Mode:0 Ac=
tive:0 Dest:1)
[    0.041039] IOAPIC[0]: Set routing entry (0-4 -> 0x34 -> IRQ 4 Mode:0 Ac=
tive:0 Dest:1)
[    0.042039] IOAPIC[0]: Set routing entry (0-5 -> 0x35 -> IRQ 5 Mode:1 Ac=
tive:0 Dest:1)
[    0.044007] IOAPIC[0]: Set routing entry (0-6 -> 0x36 -> IRQ 6 Mode:0 Ac=
tive:0 Dest:1)
[    0.045039] IOAPIC[0]: Set routing entry (0-7 -> 0x37 -> IRQ 7 Mode:0 Ac=
tive:0 Dest:1)
[    0.046039] IOAPIC[0]: Set routing entry (0-8 -> 0x38 -> IRQ 8 Mode:0 Ac=
tive:0 Dest:1)
[    0.047039] IOAPIC[0]: Set routing entry (0-9 -> 0x39 -> IRQ 9 Mode:1 Ac=
tive:0 Dest:1)
[    0.048039] IOAPIC[0]: Set routing entry (0-10 -> 0x3a -> IRQ 10 Mode:1 =
Active:0 Dest:1)
[    0.049039] IOAPIC[0]: Set routing entry (0-11 -> 0x3b -> IRQ 11 Mode:1 =
Active:0 Dest:1)
[    0.050039] IOAPIC[0]: Set routing entry (0-12 -> 0x3c -> IRQ 12 Mode:0 =
Active:0 Dest:1)
[    0.051039] IOAPIC[0]: Set routing entry (0-13 -> 0x3d -> IRQ 13 Mode:0 =
Active:0 Dest:1)
[    0.052038] IOAPIC[0]: Set routing entry (0-14 -> 0x3e -> IRQ 14 Mode:0 =
Active:0 Dest:1)
[    0.053039] IOAPIC[0]: Set routing entry (0-15 -> 0x3f -> IRQ 15 Mode:0 =
Active:0 Dest:1)
[    0.054033]  apic 0 pin 16 not connected
[    0.055007]  apic 0 pin 17 not connected
[    0.056006]  apic 0 pin 18 not connected
[    0.057007]  apic 0 pin 19 not connected
[    0.057662]  apic 0 pin 20 not connected
[    0.058006]  apic 0 pin 21 not connected
[    0.059007]  apic 0 pin 22 not connected
[    0.059656]  apic 0 pin 23 not connected
[    0.060166] ..TIMER: vector=3D0x30 apic1=3D0 pin1=3D2 apic2=3D-1 pin2=3D=
-1
[    0.061006] smpboot: CPU0: Intel Common KVM processor (fam: 0f, model: 0=
6, stepping: 01)
[    0.063311] Using local APIC timer interrupts.
[    0.063311] calibrating APIC timer ...
[    0.065000] ... lapic delta =3D 6250056
[    0.065000] ... PM-Timer delta =3D 357958
[    0.065000] ... PM-Timer result ok
[    0.065000] ..... delta 6250056
[    0.065000] ..... mult: 268437861
[    0.065000] ..... calibration result: 1000008
[    0.065000] ..... CPU clock speed is 2659.0987 MHz.
[    0.065000] ..... host bus clock speed is 1000.0008 MHz.
[    0.065160] Performance Events: unsupported Netburst CPU model 6 no PMU =
driver, software events only.
[    0.068309] NMI watchdog: disabled (cpu0): hardware events not enabled
[    0.070154] SMP alternatives: lockdep: fixing up alternatives
[    0.071034] CPU 1 irqstacks, hard=3Dc005a000 soft=3Dc005c000
[    0.072006] smpboot: Booting Node   0, Processors  #   1 OK
[    0.002000] Initializing CPU#1
[    0.003000] kvm-clock: cpu 1, msr 0:fffd041, secondary cpu clock
[    0.003000] masked ExtINT on CPU#1
[    0.088574] Brought up 2 CPUs
[    0.088547] KVM setup async PF for cpu 1
[    0.088547] kvm-stealtime: cpu 1, msr ef9c540
[    0.089028] ----------------
[    0.089534] | NMI testsuite:
[    0.090000] --------------------
[    0.090000]   remote IPI:  ok  |
[    0.093232]    local IPI:  ok  |
[    0.101031] --------------------
[    0.101590] Good, all   2 testcases passed! |
[    0.102014] ---------------------------------
[    0.103056] smpboot: Total of 2 processors activated (10640.73 BogoMIPS)
[    0.108101] devtmpfs: initialized
[    0.111460] xor: measuring software checksum speed
[    0.122021]    pIII_sse  :  7288.000 MB/sec
[    0.132019]    prefetch64-sse:  8500.000 MB/sec
[    0.132780] xor: using function: prefetch64-sse (8500.000 MB/sec)
[    0.134709] regulator-dummy: no parameters
[    0.135508] NET: Registered protocol family 16
[    0.137763] cpuidle: using governor ladder
[    0.138014] cpuidle: using governor menu
[    0.140231] ACPI: bus type PCI registered
[    0.141517] PCI : PCI BIOS area is rw and x. Use pci=3Dnobios if you wan=
t it NX.
[    0.142016] PCI: PCI BIOS revision 2.10 entry at 0xfc6d5, last bus=3D0
[    0.143012] PCI: Using configuration type 1 for base access
[    0.163273] bio: create slab <bio-0> at 0
[    0.182094] raid6: mmxx1      441 MB/s
[    0.199043] raid6: mmxx2      507 MB/s
[    0.216043] raid6: sse1x1     398 MB/s
[    0.233022] raid6: sse1x2     511 MB/s
[    0.250024] raid6: sse2x1     781 MB/s
[    0.267037] raid6: sse2x2    1019 MB/s
[    0.267679] raid6: using algorithm sse2x2 (1019 MB/s)
[    0.268013] raid6: using intx1 recovery algorithm
[    0.270582] ACPI: Added _OSI(Module Device)
[    0.271017] ACPI: Added _OSI(Processor Device)
[    0.272008] ACPI: Added _OSI(3.0 _SCP Extensions)
[    0.272812] ACPI: Added _OSI(Processor Aggregator Device)
[    0.279066] ACPI: EC: Look up EC in DSDT
[    0.300479] ACPI: Interpreter enabled
[    0.301047] ACPI: (supports S0 S5)
[    0.301626] ACPI: Using IOAPIC for interrupt routing
[    0.302088] PCI: Using host bridge windows from ACPI; if necessary, use =
"pci=3Dnocrs" and report a bug
[    0.339046] ACPI: PCI Root Bridge [PCI0] (domain 0000 [bus 00-ff])
[    0.340076] acpi PNP0A03:00: Unable to request _OSC control (_OSC suppor=
t mask: 0x08)
[    0.342934] acpi PNP0A03:00: fail to add MMCONFIG information, can't acc=
ess extended PCI configuration space under this bridge.
[    0.344225] PCI host bridge to bus 0000:00
[    0.344914] pci_bus 0000:00: root bus resource [bus 00-ff]
[    0.345016] pci_bus 0000:00: root bus resource [io  0x0000-0x0cf7]
[    0.347009] pci_bus 0000:00: root bus resource [io  0x0d00-0xffff]
[    0.348016] pci_bus 0000:00: root bus resource [mem 0x000a0000-0x000bfff=
f]
[    0.349015] pci_bus 0000:00: root bus resource [mem 0x80000000-0xfebffff=
f]
[    0.350126] pci 0000:00:00.0: [8086:1237] type 00 class 0x060000
[    0.353192] pci 0000:00:01.0: [8086:7000] type 00 class 0x060100
[    0.355890] pci 0000:00:01.1: [8086:7010] type 00 class 0x010180
[    0.360396] pci 0000:00:01.1: reg 0x20: [io  0xc1e0-0xc1ef]
[    0.363923] pci 0000:00:01.3: [8086:7113] type 00 class 0x068000
[    0.365703] pci 0000:00:01.3: quirk: [io  0xb000-0xb03f] claimed by PIIX=
4 ACPI
[    0.366031] pci 0000:00:01.3: quirk: [io  0xb100-0xb10f] claimed by PIIX=
4 SMB
[    0.368316] pci 0000:00:02.0: [1013:00b8] type 00 class 0x030000
[    0.371022] pci 0000:00:02.0: reg 0x10: [mem 0xfc000000-0xfdffffff pref]
[    0.374015] pci 0000:00:02.0: reg 0x14: [mem 0xfebe0000-0xfebe0fff]
[    0.382033] pci 0000:00:02.0: reg 0x30: [mem 0xfebc0000-0xfebcffff pref]
[    0.384893] pci 0000:00:03.0: [1af4:1000] type 00 class 0x020000
[    0.387013] pci 0000:00:03.0: reg 0x10: [io  0xc1c0-0xc1df]
[    0.389014] pci 0000:00:03.0: reg 0x14: [mem 0xfebe1000-0xfebe1fff]
[    0.396014] pci 0000:00:03.0: reg 0x30: [mem 0xfebd0000-0xfebdffff pref]
[    0.398785] pci 0000:00:04.0: [8086:100e] type 00 class 0x020000
[    0.401008] pci 0000:00:04.0: reg 0x10: [mem 0xfeb80000-0xfeb9ffff]
[    0.403014] pci 0000:00:04.0: reg 0x14: [io  0xc000-0xc03f]
[    0.410015] pci 0000:00:04.0: reg 0x30: [mem 0xfeba0000-0xfebbffff pref]
[    0.412675] pci 0000:00:05.0: [1af4:1001] type 00 class 0x010000
[    0.415007] pci 0000:00:05.0: reg 0x10: [io  0xc040-0xc07f]
[    0.417014] pci 0000:00:05.0: reg 0x14: [mem 0xfebe2000-0xfebe2fff]
[    0.425482] pci 0000:00:06.0: [1af4:1001] type 00 class 0x010000
[    0.427599] pci 0000:00:06.0: reg 0x10: [io  0xc080-0xc0bf]
[    0.429599] pci 0000:00:06.0: reg 0x14: [mem 0xfebe3000-0xfebe3fff]
[    0.431000] pci 0000:00:07.0: [1af4:1001] type 00 class 0x010000
[    0.431000] pci 0000:00:07.0: reg 0x10: [io  0xc0c0-0xc0ff]
[    0.431000] pci 0000:00:07.0: reg 0x14: [mem 0xfebe4000-0xfebe4fff]
[    0.438754] pci 0000:00:08.0: [1af4:1001] type 00 class 0x010000
[    0.441007] pci 0000:00:08.0: reg 0x10: [io  0xc100-0xc13f]
[    0.443015] pci 0000:00:08.0: reg 0x14: [mem 0xfebe5000-0xfebe5fff]
[    0.451610] pci 0000:00:09.0: [1af4:1001] type 00 class 0x010000
[    0.453610] pci 0000:00:09.0: reg 0x10: [io  0xc140-0xc17f]
[    0.456016] pci 0000:00:09.0: reg 0x14: [mem 0xfebe6000-0xfebe6fff]
[    0.464514] pci 0000:00:0a.0: [1af4:1001] type 00 class 0x010000
[    0.466608] pci 0000:00:0a.0: reg 0x10: [io  0xc180-0xc1bf]
[    0.469008] pci 0000:00:0a.0: reg 0x14: [mem 0xfebe7000-0xfebe7fff]
[    0.477441] pci 0000:00:0b.0: [8086:25ab] type 00 class 0x088000
[    0.479015] pci 0000:00:0b.0: reg 0x10: [mem 0xfebe8000-0xfebe800f]
[    0.485452] pci_bus 0000:00: on NUMA node 0
[    0.489665] ACPI: PCI Interrupt Link [LNKA] (IRQs 5 *10 11)
[    0.491518] ACPI: PCI Interrupt Link [LNKB] (IRQs 5 *10 11)
[    0.493340] ACPI: PCI Interrupt Link [LNKC] (IRQs 5 10 *11)
[    0.495221] ACPI: PCI Interrupt Link [LNKD] (IRQs 5 10 *11)
[    0.496590] ACPI: PCI Interrupt Link [LNKS] (IRQs *9)
[    0.500000] ACPI: Enabled 16 GPEs in block 00 to 0F
[    0.500033] ACPI: \_SB_.PCI0: notify handler is installed
[    0.502285] Found 1 acpi root devices
[    0.504535] vgaarb: device added: PCI:0000:00:02.0,decodes=3Dio+mem,owns=
=3Dio+mem,locks=3Dnone
[    0.505031] vgaarb: loaded
[    0.505504] vgaarb: bridge control possible 0000:00:02.0
[    0.507195] tps65010: version 2 May 2005
[    0.530146] tps65010: no chip?
[    0.531775] SCSI subsystem initialized
[    0.532331] Linux video capture interface: v2.00
[    0.533125] pps_core: LinuxPPS API ver. 1 registered
[    0.534012] pps_core: Software ver. 5.3.6 - Copyright 2005-2007 Rodolfo =
Giometti <giometti@linux.it>
[    0.535037] PTP clock support registered
[    0.538184] Advanced Linux Sound Architecture Driver Initialized.
[    0.539021] PCI: Using ACPI for IRQ routing
[    0.540022] PCI: pci_cache_line_size set to 64 bytes
[    0.541385] e820: reserve RAM buffer [mem 0x0009fc00-0x0009ffff]
[    0.542027] e820: reserve RAM buffer [mem 0x0fffe000-0x0fffffff]
[    0.544586] NET: Registered protocol family 23
[    0.545143] Bluetooth: Core ver 2.16
[    0.546066] NET: Registered protocol family 31
[    0.547006] Bluetooth: HCI device and connection manager initialized
[    0.548045] Bluetooth: HCI socket layer initialized
[    0.549029] Bluetooth: L2CAP socket layer initialized
[    0.549936] Bluetooth: SCO socket layer initialized
[    0.550023] NET: Registered protocol family 8
[    0.551013] NET: Registered protocol family 20
[    0.553645] Switched to clocksource kvm-clock
[    0.554299] pnp: PnP ACPI init
[    0.554872] ACPI: bus type PNP registered
[    0.555737] IOAPIC[0]: Set routing entry (0-8 -> 0x38 -> IRQ 8 Mode:0 Ac=
tive:0 Dest:3)
[    0.557267] pnp 00:00: Plug and Play ACPI device, IDs PNP0b00 (active)
[    0.558504] IOAPIC[0]: Set routing entry (0-1 -> 0x31 -> IRQ 1 Mode:0 Ac=
tive:0 Dest:3)
[    0.560054] pnp 00:01: Plug and Play ACPI device, IDs PNP0303 (active)
[    0.561277] IOAPIC[0]: Set routing entry (0-12 -> 0x3c -> IRQ 12 Mode:0 =
Active:0 Dest:3)
[    0.562791] pnp 00:02: Plug and Play ACPI device, IDs PNP0f13 (active)
[    0.564130] IOAPIC[0]: Set routing entry (0-6 -> 0x36 -> IRQ 6 Mode:0 Ac=
tive:0 Dest:3)
[    0.565542] pnp 00:03: [dma 2]
[    0.566170] pnp 00:03: Plug and Play ACPI device, IDs PNP0700 (active)
[    0.567564] IOAPIC[0]: Set routing entry (0-7 -> 0x37 -> IRQ 7 Mode:0 Ac=
tive:0 Dest:3)
[    0.569115] pnp 00:04: Plug and Play ACPI device, IDs PNP0400 (active)
[    0.570425] IOAPIC[0]: Set routing entry (0-4 -> 0x34 -> IRQ 4 Mode:0 Ac=
tive:0 Dest:3)
[    0.571925] pnp 00:05: Plug and Play ACPI device, IDs PNP0501 (active)
[    0.574251] pnp 00:06: Plug and Play ACPI device, IDs PNP0103 (active)
[    0.576188] pnp: PnP ACPI: found 7 devices
[    0.576905] ACPI: bus type PNP unregistered
[    0.617351] pci_bus 0000:00: resource 4 [io  0x0000-0x0cf7]
[    0.618337] pci_bus 0000:00: resource 5 [io  0x0d00-0xffff]
[    0.619305] pci_bus 0000:00: resource 6 [mem 0x000a0000-0x000bffff]
[    0.620405] pci_bus 0000:00: resource 7 [mem 0x80000000-0xfebfffff]
[    0.621534] NET: Registered protocol family 1
[    0.622348] pci 0000:00:00.0: Limiting direct PCI/PCI transfers
[    0.623391] pci 0000:00:01.0: PIIX3: Enabling Passive Release
[    0.624441] pci 0000:00:01.0: Activating ISA DMA hang workarounds
[    0.625581] pci 0000:00:02.0: Boot video device
[    0.626556] PCI: CLS 0 bytes, default 64
[    0.627643] Unpacking initramfs...
[    0.825757] Freeing initrd memory: 3120K (cfce4000 - cfff0000)
[    2.490243] DMA-API: preallocated 65536 debug entries
[    2.491157] DMA-API: debugging enabled by kernel config
[    2.498652] microcode: CPU0 sig=3D0xf61, pf=3D0x1, revision=3D0x1
[    2.499676] microcode: CPU1 sig=3D0xf61, pf=3D0x1, revision=3D0x1
[    2.501399] microcode: Microcode Update Driver: v2.00 <tigran@aivazian.f=
snet.co.uk>, Peter Oruba
[    2.505983] NatSemi SCx200 Driver
[    2.526946] Initializing RT-Tester: OK
[    2.531595] HugeTLB registered 2 MB page size, pre-allocated 0 pages
[    2.535838] VFS: Disk quotas dquot_6.5.2
[    2.536763] Dquot-cache hash table entries: 1024 (order 0, 4096 bytes)
[    2.543497] squashfs: version 4.0 (2009/01/31) Phillip Lougher
[    2.544830] NTFS driver 2.1.30 [Flags: R/W DEBUG].
[    2.545650] QNX4 filesystem 0.2.3 registered.
[    2.546542] fuse init (API version 7.22)
[    2.550102] NILFS version 2 loaded
[    2.550686] BeFS version: 0.9.3
[    2.551200] OCFS2 1.5.0
[    2.552571] ocfs2: Registered cluster interface o2cb
[    2.553377] OCFS2 DLMFS 1.5.0
[    2.554533] OCFS2 User DLM kernel interface loaded
[    2.555318] OCFS2 Node Manager 1.5.0
[    2.561683] OCFS2 DLM 1.5.0
[    2.562362] bio: create slab <bio-1> at 1
[    2.566544] Btrfs loaded
[    2.566991] btrfs: selftest: Running btrfs free space cache tests
[    2.567963] btrfs: selftest: Running extent only tests
[    2.568849] btrfs: selftest: Running bitmap only tests
[    2.569694] btrfs: selftest: Running bitmap and extent tests
[    2.570640] btrfs: selftest: Free space cache tests finished
[    2.571616] msgmni has been set to 408
[    2.610599] alg: No test for crc32 (crc32-table)
[    2.613320] alg: No test for lz4 (lz4-generic)
[    2.614630] alg: No test for stdrng (krng)
[    2.632529] NET: Registered protocol family 38
[    2.633360] Key type asymmetric registered
[    2.634106] Asymmetric key parser 'x509' registered
[    2.634931] Block layer SCSI generic (bsg) driver version 0.4 loaded (ma=
jor 251)
[    2.636118] io scheduler noop registered (default)
[    2.636853] io scheduler deadline registered
[    2.637568] io scheduler cfq registered
[    2.641935] xz_dec_test: module loaded
[    2.642570] xz_dec_test: Create a device node with 'mknod xz_dec_test c =
250 0' and write .xz files to it.
[    2.644099] rbtree testing
[    3.495217] tsc: Refined TSC clocksource calibration: 2659.954 MHz
 -> 29392 cycles
[    3.805710] augmented rbtree testing -> 42580 cycles
[    5.491406] no IO addresses supplied
[    5.492320] hgafb: HGA card not detected.
[    5.492964] hgafb: probe of hgafb.0 failed with error -22
[    5.502909] input: Power Button as /devices/LNXSYSTM:00/LNXPWRBN:00/inpu=
t/input0
[    5.504211] ACPI: Power Button [PWRF]
[    5.972226] Serial: 8250/16550 driver, 4 ports, IRQ sharing disabled
[    5.998632] 00:05: ttyS0 at I/O 0x3f8 (irq =3D 4, base_baud =3D 115200) =
is a 16550A
[    6.010745] lp: driver loaded but no devices found
[    6.011919] Non-volatile memory driver v1.3
[    6.012662] toshiba: not a supported Toshiba laptop
[    6.014042] ppdev: user-space parallel port driver
[    6.017640] telclk_interrupt =3D 0xf non-mcpbl0010 hw.
[    6.021678] [drm] Initialized drm 1.1.0 20060810
[    6.025261] parport_pc 00:04: reported by Plug and Play ACPI
[    6.026446] parport0: PC-style at 0x378, irq 7 [PCSPP,TRISTATE]
[    6.114928] lp0: using parport0 (interrupt-driven).
[    6.115766] lp0: console ready
[    6.120487] dummy-irq: no IRQ given.  Use irq=3DN
[    6.121406] lkdtm: No crash points registered, enable through debugfs
[    6.125207] Silicon Labs C2 port support v. 0.51.0 - (C) 2007 Rodolfo Gi=
ometti
[    6.126647] c2port c2port0: C2 port uc added
[    6.127339] c2port c2port0: uc flash has 30 blocks x 512 bytes (15360 by=
tes total)
[    6.136885] Uniform Multi-Platform E-IDE driver
[    6.137782] ide_generic: please use "probe_mask=3D0x3f" module parameter=
 for probing all legacy ISA IDE ports
[    6.139314] ide-gd driver 1.18
[    6.142784] Loading iSCSI transport class v2.0-870.
[    6.144543] hp_sw: device handler registered
[    6.145325] alua: device handler registered
[    6.149775] imm: Version 2.05 (for Linux 2.4.0)
[    6.151269] st: Version 20101219, fixed bufsize 32768, s/g segs 256
[    6.152312] osst :I: Tape driver with OnStream support version 0.99.4
[    6.152312] osst :I: $Id: osst.c,v 1.73 2005/01/01 21:13:34 wriede Exp $
[    6.157139] SCSI Media Changer driver v0.25=20
[    6.159279] Rounding down aligned max_sectors from 4294967295 to 4294967=
288
[    6.271501] parport0: AVR Butterfly
[    6.297594] arcnet loaded.
[    6.298107] arcnet: RFC1201 "standard" (`a') encapsulation support loade=
d.
[    6.299170] arcnet: RFC1051 "simple standard" (`s') encapsulation suppor=
t loaded.
[    6.300319] arcnet: raw mode (`r') encapsulation support loaded.
[    6.301273] arcnet: COM90xx chipset support
[    6.603184] S3: No ARCnet cards found.
[    6.603792] arcnet: RIM I (entirely mem-mapped) support
[    6.604616] E-mail me if you actually test the RIM I driver, please!
[    6.605608] Given: node 00h, shmem 0h, irq 0
[    6.606290] No autoprobe for RIM I; you must specify the shmem and irq!
[    6.607366] CAN device driver interface
[    6.608083] sja1000 CAN netdevice driver
[    6.608687] sja1000_isa: insufficient parameters supplied
[    6.609627] cc770: CAN netdevice driver
[    6.610244] cc770_isa: insufficient parameters supplied
[    6.620628] NET3 PLIP version 2.4-parport gniibe@mri.co.jp
[    6.621557] plip0: Parallel port at 0x378, using IRQ 7.
[    6.622379] PPP generic driver version 2.4.2
[    6.626459] PPP BSD Compression module registered
[    6.627274] PPP Deflate Compression module registered
[    6.628083] PPP MPPE Compression module registered
[    6.628916] parport0: cannot grant exclusive access for device ks0108
[    6.629954] ks0108: ERROR: parport didn't register new device
[    6.630858] cfag12864b: ERROR: ks0108 is not initialized
[    6.631695] cfag12864bfb: ERROR: cfag12864b is not initialized
[    6.632780] i8042: PNP: PS/2 Controller [PNP0303:KBD,PNP0f13:MOU] at 0x6=
0,0x64 irq 1,12
[    6.638278] serio: i8042 KBD port at 0x60,0x64 irq 1
[    6.639220] serio: i8042 AUX port at 0x60,0x64 irq 12
[    6.647784] input: AT Translated Set 2 keyboard as /devices/platform/i80=
42/serio0/input/input1
[    6.666903] input: PC Speaker as /devices/platform/pcspkr/input/input2
[    6.670531] wistron_btns: System unknown
[    6.677791] rtc_cmos 00:00: RTC can wake from S4
[    6.679211] rtc_cmos 00:00: rtc core: registered rtc_cmos as rtc0
[    6.680369] rtc_cmos 00:00: alarms up to one day, 114 bytes nvram, hpet =
irqs
[    6.693615] rtc-test rtc-test.0: rtc core: registered test as rtc1
[    6.697534] rtc-test rtc-test.1: rtc core: registered test as rtc2
[    6.698809] i2c /dev entries driver
[    6.702181] i2c-parport-light: adapter type unspecified
[    6.703210] smssdio: Siano SMS1xxx SDIO driver
[    6.703895] smssdio: Copyright Pierre Ossman
[    6.704680] Driver for 1-wire Dallas network protocol.
[    6.708210] DS1WM w1 busmaster driver - (c) 2004 Szabolcs Gyurko
[    6.720839] applesmc: supported laptop not found!
[    6.721648] applesmc: driver init failed (ret=3D-19)!
[    6.722632] f71882fg: Not a Fintek device
[    6.723316] f71882fg: Not a Fintek device
[    6.735894] pc87360: PC8736x not detected, module not inserted
[    6.736903] sch56xx_common: Unsupported device id: 0xff
[    6.737749] sch56xx_common: Unsupported device id: 0xff
[    6.747689] sc520_wdt: WDT driver for SC520 initialised. timeout=3D30 se=
c (nowayout=3D1)
[    6.748939] ib700wdt: WDT driver for IB700 single board computer initial=
ising
[    6.750327] ib700wdt: failed to register misc device
[    6.751129] ib700wdt: probe of ib700wdt failed with error -16
[    6.752008] wafer5823wdt: WDT driver for Wafer 5823 single board compute=
r initialising
[    6.753240] wafer5823wdt: cannot register miscdev on minor=3D130 (err=3D=
-16)
[    6.754385] it87_wdt: no device
[    6.754877] pc87413_wdt: Version 1.1 at io 0x2E
[    6.755599] pc87413_wdt: cannot register miscdev on minor=3D130 (err=3D-=
16)
[    6.756635] sbc60xxwdt: cannot register miscdev on minor=3D130 (err=3D-1=
6)
[    6.757661] sbc8360: failed to register misc device
[    6.758446] sbc7240_wdt: timeout set to 30 seconds
[    6.759203] sbc7240_wdt: cannot register miscdev on minor=3D130 (err=3D-=
16)
[    6.760226] smsc37b787_wdt: SMsC 37B787 watchdog component driver 1.1 in=
itialising...
[    6.762558] smsc37b787_wdt: Unable to register miscdev on minor 130
[    6.763556] w83627hf_wdt: WDT driver for the Winbond(TM) W83627HF/THF/HG=
/DHG Super I/O chip initialising
[    6.765064] w83627hf_wdt: Watchdog already running. Resetting timeout to=
 60 sec
[    6.766232] w83627hf_wdt: cannot register miscdev on minor=3D130 (err=3D=
-16)
[    6.767272] w83697ug_wdt: WDT driver for the Winbond(TM) W83697UG/UF Sup=
er I/O chip initialising
[    6.768642] w83697ug_wdt: No W83697UG/UF could be found
[    6.769478] w83877f_wdt: cannot register miscdev on minor=3D130 (err=3D-=
16)
[    6.770510] w83977f_wdt: driver v1.00
[    6.771107] w83977f_wdt: cannot register miscdev on minor=3D130 (err=3D-=
16)
[    6.772141] sbc_epx_c3: cannot register miscdev on minor=3D130 (err=3D-1=
6)
[    6.775959] Bluetooth: Generic Bluetooth SDIO driver ver 0.1
[    6.776969] Modular ISDN core version 1.1.29
[    6.778140] NET: Registered protocol family 34
[    6.778818] DSP module 2.0
[    6.779270] mISDN_dsp: DSP clocks every 64 samples. This equals 8 jiffie=
s.
[    6.782985] mISDN: Layer-1-over-IP driver Rev. 2.00
[    6.784113] 0 virtual devices registered
[    6.784740] cpufreq-nforce2: No nForce2 chipset.
[    6.788155] sdhci: Secure Digital Host Controller Interface driver
[    6.789167] sdhci: Copyright(c) Pierre Ossman
[    6.789934] sdhci-pltfm: SDHCI platform and OF driver helper
[    6.800267] dcdbas dcdbas: Dell Systems Management Base Driver (version =
5.6.0-3.2)
[    6.825691] Audio Excel DSP 16 init driver Copyright (C) Riccardo Facche=
tti 1995-98
[    6.826955] aedsp16: I/O, IRQ and DMA are mandatory
[    6.827728] pss: mss_io, mss_dma, mss_irq and pss_io must be set.
[    6.828691] ad1848/cs4248 codec driver Copyright (C) by Hannu Savolainen=
 1993-1996
[    6.829873] ad1848: No ISAPnP cards found, trying standard ones...
[    6.830850] MediaTrix audio driver Copyright (C) by Hannu Savolainen 199=
3-1996
[    6.831966] I/O, IRQ, DMA and type are mandatory
[    6.832696] Pro Audio Spectrum driver Copyright (C) by Hannu Savolainen =
1993-1996
[    6.833859] I/O, IRQ, DMA and type are mandatory
[    6.834593] sb: Init: Starting Probe...
[    6.835258] sb: Init: Done
[    6.835726] Cyrix Kahlua VSA1 XpressAudio support (c) Copyright 2003 Red=
 Hat Inc
[    6.836958] uart6850: irq and io must be set.
[    6.837653] YM3812 and OPL-3 driver Copyright (C) by Hannu Savolainen, R=
ob Hooft 1993-1996
[    6.838947] MIDI Loopback device driver
[    6.847419] NET: Registered protocol family 26
[    6.848238] NET: Registered protocol family 17
[    6.848955] NET: Registered protocol family 15
[    6.849790] NET: Registered protocol family 4
[    6.850573] NET: Registered protocol family 5
[    6.853903] NET: Registered protocol family 9
[    6.854658] X.25 for Linux Version 0.2
[    6.855308] can: controller area network core (rev 20120528 abi 9)
[    6.856356] NET: Registered protocol family 29
[    6.857063] can: raw protocol (rev 20120528)
[    6.857769] can: broadcast manager protocol (rev 20120528 t)
[    6.858673] can: netlink gateway (rev 20130117) max_hops=3D1
[    6.859540] Bluetooth: BNEP (Ethernet Emulation) ver 1.3
[    6.860387] Bluetooth: BNEP socket layer initialized
[    6.861198] lec:lane_module_init: lec.c: initialized
[    6.861979] NET4: DECnet for Linux: V.2.5.68s (C) 1995-2003 Linux DECnet=
 Project Team
[    6.865937] DECnet: Routing cache hash table of 256 buckets, 11Kbytes
[    6.867095] NET: Registered protocol family 12
[    6.867855] NET: Registered protocol family 35
[    6.871180] 8021q: 802.1Q VLAN Support v1.8
[    6.872377] Key type dns_resolver registered
[    6.873580] openvswitch: Open vSwitch switching datapath
[    6.876291]=20
[    6.876291] printing PIC contents
[    6.876484] input: ImExPS/2 Generic Explorer Mouse as /devices/platform/=
i8042/serio1/input/input3
[    6.878424] ... PIC  IMR: ffff
[    6.878908] ... PIC  IRR: 1113
[    6.879522] ... PIC  ISR: 0000
[    6.880142] ... PIC ELCR: 0c00
[    6.880628] printing local APIC contents on CPU#0/0:
[    6.881113] ... APIC ID:      00000000 (0)
[    6.881113] ... APIC VERSION: 00050014
[    6.881113] ... APIC TASKPRI: 00000000 (00)
[    6.881113] ... APIC PROCPRI: 00000000
[    6.881113] ... APIC LDR: 01000000
[    6.881113] ... APIC DFR: ffffffff
[    6.881113] ... APIC SPIV: 000001ff
[    6.881113] ... APIC ISR field:
[    6.881113] 000000000000000000000000000000000000000000000000000000000000=
0000
[    6.881113] ... APIC TMR field:
[    6.881113] 000000000200000000000000000000000000000000000000000000000000=
0000
[    6.881113] ... APIC IRR field:
[    6.881113] 000000000000000000000000000000000000000000000000000000000000=
8000
[    6.881113] ... APIC ESR: 00000000
[    6.881113] ... APIC ICR: 000008fd
[    6.881113] ... APIC ICR2: 02000000
[    6.881113] ... APIC LVTT: 000000ef
[    6.881113] ... APIC LVTPC: 00010000
[    6.881113] ... APIC LVT0: 00010700
[    6.881113] ... APIC LVT1: 00000400
[    6.881113] ... APIC LVTERR: 000000fe
[    6.881113] ... APIC TMICT: 0000d671
[    6.881113] ... APIC TMCCT: 00000000
[    6.881113] ... APIC TDCR: 00000003
[    6.881113]=20
[    6.897210] number of MP IRQ sources: 15.
[    6.897823] number of IO-APIC #0 registers: 24.
[    6.898552] testing the IO APIC.......................
[    6.899386] IO APIC #0......
[    6.899833] .... register #00: 00000000
[    6.900447] .......    : physical APIC id: 00
[    6.901139] .......    : Delivery Type: 0
[    6.901751] .......    : LTS          : 0
[    6.902395] .... register #01: 00170011
[    6.902986] .......     : max redirection entries: 17
[    6.903780] .......     : PRQ implemented: 0
[    6.904459] .......     : IO APIC version: 11
[    6.905149] .... register #02: 00000000
[    6.905735] .......     : arbitration: 00
[    6.906384] .... IRQ redirection table:
[    6.906994] 1    0    0   0   0    0    0    00
[    6.907730] 0    0    0   0   0    1    1    31
[    6.908466] 0    0    0   0   0    1    1    30
[    6.909198] 0    0    0   0   0    1    1    33
[    6.909909] 1    0    0   0   0    1    1    34
[    6.910644] 1    1    0   0   0    1    1    35
[    6.911377] 0    0    0   0   0    1    1    36
[    6.912108] 0    0    0   0   0    1    1    37
[    6.912812] 0    0    0   0   0    1    1    38
[    6.913548] 0    1    0   0   0    1    1    39
[    6.914288] 1    1    0   0   0    1    1    3A
[    6.914997] 1    1    0   0   0    1    1    3B
[    6.915729] 0    0    0   0   0    1    1    3C
[    6.916463] 0    0    0   0   0    1    1    3D
[    6.917193] 0    0    0   0   0    1    1    3E
[    6.917903] 0    0    0   0   0    1    1    3F
[    6.918634] 1    0    0   0   0    0    0    00
[    6.919367] 1    0    0   0   0    0    0    00
[    6.920097] 1    0    0   0   0    0    0    00
[    6.920800] 1    0    0   0   0    0    0    00
[    6.921540] 1    0    0   0   0    0    0    00
[    6.922278] 1    0    0   0   0    0    0    00
[    6.922987] 1    0    0   0   0    0    0    00
[    6.923720] 1    0    0   0   0    0    0    00
[    6.924437] IRQ to pin mappings:
[    6.924941] IRQ0 -> 0:2
[    6.925393] IRQ1 -> 0:1
[    6.925820] IRQ3 -> 0:3
[    6.926277] IRQ4 -> 0:4
[    6.926704] IRQ5 -> 0:5
[    6.927161] IRQ6 -> 0:6
[    6.927588] IRQ7 -> 0:7
[    6.928042] IRQ8 -> 0:8
[    6.928470] IRQ9 -> 0:9
[    6.928903] IRQ10 -> 0:10
[    6.929381] IRQ11 -> 0:11
[    6.929840] IRQ12 -> 0:12
[    6.930324] IRQ13 -> 0:13
[    6.930776] IRQ14 -> 0:14
[    6.931257] IRQ15 -> 0:15
[    6.931710] .................................... done.
[    6.932520] Using IPI Shortcut mode
[    6.938573] Key type trusted registered
[    6.940270] Key type encrypted registered
[    6.950596] rtc_cmos 00:00: setting system clock to 2013-10-09 14:21:16 =
UTC (1381328476)
[    6.952550] BIOS EDD facility v0.16 2004-Jun-25, 0 devices found
[    6.953557] EDD information not available.
[    6.954248] ALSA device list:
[    6.954705]   No soundcards found.
[    6.960370] Freeing unused kernel memory: 2016K (c19c1000 - c1bb9000)
[    6.961935] BUG: unable to handle kernel NULL pointer dereference at 000=
00010
[    6.962703] IP: [<c03018f9>] __lock_acquire+0x79/0x1ef0
[    6.962703] *pdpt =3D 0000000000000000 *pde =3D f000ff53f000ff53=20
[    6.962703] Oops: 0000 [#1] SMP=20
[    6.962703] CPU: 1 PID: 1 Comm: swapper/0 Not tainted 3.12.0-rc2-00044-g=
c7727a8 #616
[    6.962703] task: c0018000 ti: c001a000 task.ti: c001a000
[    6.962703] EIP: 0060:[<c03018f9>] EFLAGS: 00010046 CPU: 1
[    6.962703] EIP is at __lock_acquire+0x79/0x1ef0
[    6.962703] EAX: 00000046 EBX: 00000010 ECX: 00000000 EDX: 00000000
[    6.962703] ESI: 00000000 EDI: c0018000 EBP: c001bd8c ESP: c001bd38
[    6.962703]  DS: 007b ES: 007b FS: 00d8 GS: 0000 SS: 0068
[    6.962703] CR0: 8005003b CR2: 00000010 CR3: 01bc4000 CR4: 000006b0
[    6.962703] Stack:
[    6.962703]  00000000 00000004 00000000 00000004 c0018000 00000006 c0018=
000 c0a4d767
[    6.962703]  cd3dfa48 c001bd7c 00000006 00000002 c00184b8 00000246 c17c4=
cc0 00000000
[    6.962703]  00000000 c001bdb8 00000246 c0018000 00000000 c001bdc0 c0303=
85e 00000000
[    6.962703] Call Trace:
[    6.962703]  [<c0a4d767>] ? __raw_spin_lock_init+0x27/0x80
[    6.962703]  [<c030385e>] lock_acquire+0xee/0x130
[    6.962703]  [<c0383e25>] ? __pte_alloc+0xa5/0x270
[    6.962703]  [<c12403ea>] _raw_spin_lock+0x7a/0x130
[    6.962703]  [<c0383e25>] ? __pte_alloc+0xa5/0x270
[    6.962703]  [<c0383e25>] __pte_alloc+0xa5/0x270
[    6.962703]  [<c038af6c>] handle_mm_fault+0x178c/0x1950
[    6.962703]  [<c0387501>] ? follow_page_mask+0x121/0x8f0
[    6.962703]  [<c03524ab>] ? generic_file_aio_read+0xafb/0xe50
[    6.962703]  [<c038b415>] __get_user_pages+0x185/0xb90
[    6.962703]  [<c038bf37>] get_user_pages+0x87/0xb0
[    6.962703]  [<c03cab43>] get_arg_page+0x53/0x130
[    6.962703]  [<c03cad8a>] copy_strings+0x16a/0x440
[    6.962703]  [<c03cb61a>] copy_strings_kernel+0x2a/0x50
[    6.962703]  [<c03cdd44>] do_execve_common+0x894/0xd00
[    6.962703]  [<c03cd633>] ? do_execve_common+0x183/0xd00
[    6.962703]  [<c03ce1c6>] do_execve+0x16/0x30
[    6.962703]  [<c121e935>] kernel_init+0x95/0x280
[    6.962703]  [<c1243037>] ret_from_kernel_thread+0x1b/0x28
[    6.962703]  [<c121e8a0>] ? rest_init+0x1e0/0x1e0
[    6.962703] Code: 00 00 a1 90 fa c1 c1 83 05 70 03 d0 c1 01 83 15 74 03 =
d0 c1 00 85 c0 0f 84 a5 02 00 00 83 05 b0 03 d0 c1 01 83 15 b4 03 d0 c1 00 =
<81> 3b 60 e3 c5 c1 0f 84 53 05 00 00 83 fe 01 0f 86 02 03 00 00
[    6.962703] EIP: [<c03018f9>] __lock_acquire+0x79/0x1ef0 SS:ESP 0068:c00=
1bd38
[    6.962703] CR2: 0000000000000010
[    6.962703] ---[ end trace c26ae1ffa4e19d4f ]---
[    6.962703] Kernel panic - not syncing: Fatal exception
[    6.962703] Rebooting in 10 seconds..
Elapsed time: 15
qemu-system-x86_64 -cpu kvm64 -enable-kvm -kernel /kernel/i386-randconfig-i=
007-1008/c7727a852968b09a9a5756dc7c85c30287c6ada3/vmlinuz-3.12.0-rc2-00044-=
gc7727a8 -append 'hung_task_panic=3D1 rcutree.rcu_cpu_stall_timeout=3D100 l=
og_buf_len=3D8M ignore_loglevel debug sched_debug apic=3Ddebug dynamic_prin=
tk sysrq_always_enabled panic=3D10  prompt_ramdisk=3D0 console=3DttyS0,1152=
00 console=3Dtty0 vga=3Dnormal  root=3D/dev/ram0 rw link=3D/kernel-tests/ru=
n-queue/kvm/i386-randconfig-i007-1008/kas:dynamic_ptl:v1/.vmlinuz-c7727a852=
968b09a9a5756dc7c85c30287c6ada3-20131009222057-6-lkp-st01 branch=3Dkas/dyna=
mic_ptl/v1 BOOT_IMAGE=3D/kernel/i386-randconfig-i007-1008/c7727a852968b09a9=
a5756dc7c85c30287c6ada3/vmlinuz-3.12.0-rc2-00044-gc7727a8'  -initrd /kernel=
-tests/initrd/yocto-minimal-i386.cgz -m 256M -smp 2 -net nic,vlan=3D0,macad=
dr=3D00:00:00:00:00:00,model=3Dvirtio -net user,vlan=3D0,hostfwd=3Dtcp::206=
61-:22 -net nic,vlan=3D1,model=3De1000 -net user,vlan=3D1 -boot order=3Dnc =
-no-reboot -watchdog i6300esb -drive file=3D/fs/LABEL=3DKVM/disk0-yocto-lkp=
-st01-2,media=3Ddisk,if=3Dvirtio -drive file=3D/fs/LABEL=3DKVM/disk1-yocto-=
lkp-st01-2,media=3Ddisk,if=3Dvirtio -drive file=3D/fs/LABEL=3DKVM/disk2-yoc=
to-lkp-st01-2,media=3Ddisk,if=3Dvirtio -drive file=3D/fs/LABEL=3DKVM/disk3-=
yocto-lkp-st01-2,media=3Ddisk,if=3Dvirtio -drive file=3D/fs/LABEL=3DKVM/dis=
k4-yocto-lkp-st01-2,media=3Ddisk,if=3Dvirtio -drive file=3D/fs/LABEL=3DKVM/=
disk5-yocto-lkp-st01-2,media=3Ddisk,if=3Dvirtio -pidfile /dev/shm/kboot/pid=
-yocto-lkp-st01-2 -serial file:/dev/shm/kboot/serial-yocto-lkp-st01-2 -daem=
onize -display none -monitor null=20

--PEIAKu/WMn1b1Hv9
Content-Type: text/plain; charset=us-ascii
Content-Disposition: attachment; filename="bisect-c7727a852968b09a9a5756dc7c85c30287c6ada3-i386-randconfig-i007-1008-Oops:-26868.log"
Content-Transfer-Encoding: quoted-printable

git checkout 4a10c2ac2f368583138b774ca41fac4207911983
Previous HEAD position was c7727a8... mm: dynamic allocate page->ptl if it =
cannot be embedded to struct page
HEAD is now at 4a10c2a... Linux 3.12-rc2
ls -a /kernel-tests/run-queue/kvm/i386-randconfig-i007-1008/kas:dynamic_ptl=
:v1:4a10c2ac2f368583138b774ca41fac4207911983:bisect-usb

2013-10-09-22:35:18 4a10c2ac2f368583138b774ca41fac4207911983 reuse /kernel/=
i386-randconfig-i007-1008/4a10c2ac2f368583138b774ca41fac4207911983/vmlinuz-=
3.12.0-rc2

2013-10-09-22:35:18 detecting boot state ..	2	17	19	20 SUCCESS

bisect: good commit 4a10c2ac2f368583138b774ca41fac4207911983
git bisect start c7727a852968b09a9a5756dc7c85c30287c6ada3 4a10c2ac2f3685831=
38b774ca41fac4207911983 --
Previous HEAD position was 4a10c2a... Linux 3.12-rc2
HEAD is now at c1be5a5... Linux 3.9
Bisecting: 21 revisions left to test after this (roughly 5 steps)
[6c227d806670656b1a267feca6d15751976a45b9] arm64: handle pgtable_page_ctor(=
) fail
git bisect run /c/kernel-tests/bisect-test-boot-failure.sh /home/wfg/usb/ob=
j-bisect
running /c/kernel-tests/bisect-test-boot-failure.sh /home/wfg/usb/obj-bisect
ls -a /kernel-tests/run-queue/kvm/i386-randconfig-i007-1008/kas:dynamic_ptl=
:v1:6c227d806670656b1a267feca6d15751976a45b9:bisect-usb

2013-10-09-22:38:35 6c227d806670656b1a267feca6d15751976a45b9 compiling
412 real  1590 user  136 sys  418.31% cpu 	i386-randconfig-i007-1008

2013-10-09-22:45:42 detecting boot state 3.12.0-rc2-00022-g6c227d8..	14	20 =
SUCCESS

Bisecting: 10 revisions left to test after this (roughly 4 steps)
[f696457846fe13f23ebf48152b43fdcab051e038] powerpc: handle pgtable_page_cto=
r() fail
running /c/kernel-tests/bisect-test-boot-failure.sh /home/wfg/usb/obj-bisect
ls -a /kernel-tests/run-queue/kvm/i386-randconfig-i007-1008/kas:dynamic_ptl=
:v1:f696457846fe13f23ebf48152b43fdcab051e038:bisect-usb

2013-10-09-22:47:43 f696457846fe13f23ebf48152b43fdcab051e038 compiling
36 real  52 user  15 sys  184.85% cpu 	i386-randconfig-i007-1008

2013-10-09-22:48:30 detecting boot state 3.12.0-rc2-00033-gf696457..	5	19..=
=2E..	20 SUCCESS

Bisecting: 5 revisions left to test after this (roughly 3 steps)
[91d6e7fd677903c9cc038d5489e1f91a6a41658d] tile: handle pgtable_page_ctor()=
 fail
running /c/kernel-tests/bisect-test-boot-failure.sh /home/wfg/usb/obj-bisect
ls -a /kernel-tests/run-queue/kvm/i386-randconfig-i007-1008/kas:dynamic_ptl=
:v1:91d6e7fd677903c9cc038d5489e1f91a6a41658d:bisect-usb

2013-10-09-22:53:31 91d6e7fd677903c9cc038d5489e1f91a6a41658d compiling
37 real  55 user  14 sys  188.27% cpu 	i386-randconfig-i007-1008

2013-10-09-22:54:16 detecting boot state 3.12.0-rc2-00038-g91d6e7f..	3	18	2=
0 SUCCESS

Bisecting: 2 revisions left to test after this (roughly 2 steps)
[7f692a838f315ce576bdaf2e7f1ff08126afb778] x86: handle pgtable_page_ctor() =
fail
running /c/kernel-tests/bisect-test-boot-failure.sh /home/wfg/usb/obj-bisect
ls -a /kernel-tests/run-queue/kvm/i386-randconfig-i007-1008/kas:dynamic_ptl=
:v1:7f692a838f315ce576bdaf2e7f1ff08126afb778:bisect-usb

2013-10-09-22:56:47 7f692a838f315ce576bdaf2e7f1ff08126afb778 compiling
36 real  52 user  14 sys  185.89% cpu 	i386-randconfig-i007-1008

2013-10-09-22:57:32 detecting boot state 3.12.0-rc2-00041-g7f692a8..	6	20 S=
UCCESS

Bisecting: 0 revisions left to test after this (roughly 1 step)
[cdf8588809f4bedbf92f11d3c59f3d7a16f19d5b] iommu/arm-smmu: handle pgtable_p=
age_ctor() fail
running /c/kernel-tests/bisect-test-boot-failure.sh /home/wfg/usb/obj-bisect
ls -a /kernel-tests/run-queue/kvm/i386-randconfig-i007-1008/kas:dynamic_ptl=
:v1:cdf8588809f4bedbf92f11d3c59f3d7a16f19d5b:bisect-usb

2013-10-09-22:59:33 cdf8588809f4bedbf92f11d3c59f3d7a16f19d5b reuse /kernel/=
i386-randconfig-i007-1008/cdf8588809f4bedbf92f11d3c59f3d7a16f19d5b/vmlinuz-=
3.12.0-rc2-00043-gcdf8588

2013-10-09-22:59:33 detecting boot state ..	10	20 SUCCESS

c7727a852968b09a9a5756dc7c85c30287c6ada3 is the first bad commit
commit c7727a852968b09a9a5756dc7c85c30287c6ada3
Author: Kirill A. Shutemov <kirill.shutemov@linux.intel.com>
Date:   Wed Oct 9 16:45:45 2013 +0300

    mm: dynamic allocate page->ptl if it cannot be embedded to struct page
   =20
    Signed-off-by: Kirill A. Shutemov <kirill.shutemov@linux.intel.com>

:040000 040000 17899e0220d995b818586bf7beff7717c754148b e89a24e6e50f42c7e18=
dfab7ec3836ad26fcd701 M	arch
:040000 040000 d957e2d0991054a1c601d088f9fddbd79a97a262 b28decbfc775fc85862=
6c67017d32405f61694d0 M	include
:040000 040000 1908d09dfad8b4c0e1e088f5eecbfd47b446e144 c7799383dab307848bb=
b891cb1f2e1ebbebe7124 M	mm
bisect run success
ls -a /kernel-tests/run-queue/kvm/i386-randconfig-i007-1008/kas:dynamic_ptl=
:v1:cdf8588809f4bedbf92f11d3c59f3d7a16f19d5b:bisect-usb

2013-10-09-23:01:34 cdf8588809f4bedbf92f11d3c59f3d7a16f19d5b reuse /kernel/=
i386-randconfig-i007-1008/cdf8588809f4bedbf92f11d3c59f3d7a16f19d5b/vmlinuz-=
3.12.0-rc2-00043-gcdf8588

2013-10-09-23:01:34 detecting boot state ..	21	29	53	59.	60 SUCCESS

ls -a /kernel-tests/run-queue/kvm/i386-randconfig-i007-1008/kas:dynamic_ptl=
:v1:c7727a852968b09a9a5756dc7c85c30287c6ada3:bisect-usb
 TEST FAILURE
[  343.289746] xz_dec_test: module loaded
[  343.290856] xz_dec_test: Create a device node with 'mknod xz_dec_test c =
250 0' and write .xz files to it.
[  343.294852] rbtree testing
[  369.774368] BUG: soft lockup - CPU#0 stuck for 22s! [swapper/0:1]
[  369.774368] irq event stamp: 3574058
[  369.774368] hardirqs last  enabled at (3574057): [<c12429b6>] restore_al=
l_notrace+0x0/0x18
[  369.774368] hardirqs last disabled at (3574058): [<c1243567>] common_int=
errupt+0x27/0x33
[  369.774368] softirqs last  enabled at (3574056): [<c02703b0>] __do_softi=
rq+0x210/0x290
[  369.774368] softirqs last disabled at (3574051): [<c02707cb>] irq_exit+0=
x18b/0x1a0
[  369.774368] CPU: 0 PID: 1 Comm: swapper/0 Not tainted 3.12.0-rc2-00044-g=
c7727a8 #616
[  369.774368] task: c0018000 ti: c0090000 task.ti: c001a000
[  369.774368] EIP: 0060:[<c1a020b4>] EFLAGS: 00000246 CPU: 0
[  369.774368] EIP is at rbtree_test_init+0x9e/0x455
[  369.774368] EAX: c23bae40 EBX: 0000e312 ECX: c23bb260 EDX: c23bb260
[  369.774368] ESI: c23bb380 EDI: 00000241 EBP: c001bf08 ESP: c001bee4
[  369.774368]  DS: 007b ES: 007b FS: 00d8 GS: 0000 SS: 0068
[  369.774368] CR0: 8005003b CR2: 00000000 CR3: 01bc4000 CR4: 000006b0
[  369.774368] DR0: 00000000 DR1: 00000000 DR2: 00000000 DR3: 00000000
[  369.774368] DR6: 00000000 DR7: 00000000
[  369.774368] Stack:
[  369.774368]  c16be949 c1a01e44 00000241 c001bf00 4a742c20 00000109 00000=
000 c1a02016
[  369.774368]  00000241 c001bf78 c19c2613 c0206d5a c0206d5a 00000005 c137c=
b7d 00000006
[  369.774368]  c1a5bd04 c001a000 c0a40000 00000000 c0018000 00000000 c1242=
9b6 00000006
[  369.774368] Call Trace:
[  369.774368]  [<c1a01e44>] ? percpu_counter_startup+0xc0/0xc0
[  369.774368]  [<c1a02016>] ? dma_debug_entries_cmdline+0x6b/0x6b
[  369.774368]  [<c19c2613>] do_one_initcall+0xf3/0x21f
[  369.774368]  [<c0206d5a>] ? do_IRQ+0x6a/0x130
[  369.774368]  [<c0206d5a>] ? do_IRQ+0x6a/0x130
[  369.774368]  [<c0a40000>] ? memchr+0x50/0x50
[  369.774368]  [<c12429b6>] ? restore_all+0xf/0xf
[  369.774368]  [<c19f742d>] ? init_nls_iso8859_2+0x2b/0x2b
[  369.774368]  [<c19c29ab>] kernel_init_freeable+0x26c/0x3e1
[  369.774368]  [<c19c1717>] ? do_early_param+0x131/0x131
[  369.774368]  [<c121e8b9>] kernel_init+0x19/0x280
[  369.774368]  [<c1243037>] ret_from_kernel_thread+0x1b/0x28
[  369.774368]  [<c121e8a0>] ? rest_init+0x1e0/0x1e0
[  369.774368] Code: 83 05 20 ab 3b c2 01 be 60 ac 3b c2 83 15 24 ab 3b c2 =
00 83 05 f8 aa 3b c2 01 89 f0 83 15 fc aa 3b c2 00 83 c6 18 e8 e1 f4 82 ff =
<81> fe c0 b5 3b c2 75 e0 be 60 ac 3b c2 83 05 08 ab 3b c2 01 89

Elapsed time: 385
qemu-system-x86_64 -kernel /kernel/i386-randconfig-i007-1008/c7727a852968b0=
9a9a5756dc7c85c30287c6ada3/vmlinuz-3.12.0-rc2-00044-gc7727a8 -append 'hung_=
task_panic=3D1 rcutree.rcu_cpu_stall_timeout=3D100 log_buf_len=3D8M ignore_=
loglevel debug sched_debug apic=3Ddebug dynamic_printk sysrq_always_enabled=
 panic=3D10  prompt_ramdisk=3D0 console=3DttyS0,115200 console=3Dtty0 vga=
=3Dnormal  root=3D/dev/ram0 rw link=3D/kernel-tests/run-queue/kvm/i386-rand=
config-i007-1008/kas:dynamic_ptl:v1:c7727a852968b09a9a5756dc7c85c30287c6ada=
3:bisect-usb/.vmlinuz-c7727a852968b09a9a5756dc7c85c30287c6ada3-201310092233=
40-9-ant branch=3Dkas/dynamic_ptl/v1 BOOT_IMAGE=3D/kernel/i386-randconfig-i=
007-1008/c7727a852968b09a9a5756dc7c85c30287c6ada3/vmlinuz-3.12.0-rc2-00044-=
gc7727a8 noapic nolapic nohz=3Doff'  -initrd /kernel-tests/initrd/quantal-c=
ore-i386.cgz -m 256M -smp 2 -net nic,vlan=3D0,macaddr=3D00:00:00:00:00:00,m=
odel=3Dvirtio -net user,vlan=3D0,hostfwd=3Dtcp::25905-:22 -net nic,vlan=3D1=
,model=3De1000 -net user,vlan=3D1 -boot order=3Dnc -no-reboot -watchdog i63=
00esb -drive file=3D/fs/sdc1/disk0-quantal-ant-10,media=3Ddisk,if=3Dvirtio =
-drive file=3D/fs/sdc1/disk1-quantal-ant-10,media=3Ddisk,if=3Dvirtio -drive=
 file=3D/fs/sdc1/disk2-quantal-ant-10,media=3Ddisk,if=3Dvirtio -drive file=
=3D/fs/sdc1/disk3-quantal-ant-10,media=3Ddisk,if=3Dvirtio -drive file=3D/fs=
/sdc1/disk4-quantal-ant-10,media=3Ddisk,if=3Dvirtio -drive file=3D/fs/sdc1/=
disk5-quantal-ant-10,media=3Ddisk,if=3Dvirtio -pidfile /dev/shm/kboot/pid-q=
uantal-ant-10 -serial file:/dev/shm/kboot/serial-quantal-ant-10 -daemonize =
-display none -monitor null=20
/kernel/i386-randconfig-i007-1008/c7727a852968b09a9a5756dc7c85c30287c6ada3/=
dmesg-yocto-athens-14:20131009223408:i386-randconfig-i007-1008:3.12.0-rc2-0=
0044-gc7727a8:616
/kernel/i386-randconfig-i007-1008/c7727a852968b09a9a5756dc7c85c30287c6ada3/=
dmesg-yocto-lkp-st01-2:20131009222123:i386-randconfig-i007-1008:3.12.0-rc2-=
00044-gc7727a8:616
/kernel/i386-randconfig-i007-1008/c7727a852968b09a9a5756dc7c85c30287c6ada3/=
dmesg-quantal-stoakley-7:20131009222118:i386-randconfig-i007-1008:3.12.0-rc=
2-00044-gc7727a8:616
/kernel/i386-randconfig-i007-1008/c7727a852968b09a9a5756dc7c85c30287c6ada3/=
dmesg-yocto-waimea-7:20131010063320:i386-randconfig-i007-1008:3.12.0-rc2-00=
044-gc7727a8:616
/kernel/i386-randconfig-i007-1008/c7727a852968b09a9a5756dc7c85c30287c6ada3/=
dmesg-quantal-snb-7:20131009223422:i386-randconfig-i007-1008:3.12.0-rc2-000=
44-gc7727a8:616
/kernel/i386-randconfig-i007-1008/c7727a852968b09a9a5756dc7c85c30287c6ada3/=
dmesg-yocto-xian-19:20131009223417:i386-randconfig-i007-1008:3.12.0-rc2-000=
44-gc7727a8:616
/kernel/i386-randconfig-i007-1008/c7727a852968b09a9a5756dc7c85c30287c6ada3/=
dmesg-quantal-inn-36:20131009222120:i386-randconfig-i007-1008:3.12.0-rc2-00=
044-gc7727a8:616
/kernel/i386-randconfig-i007-1008/c7727a852968b09a9a5756dc7c85c30287c6ada3/=
dmesg-quantal-xps-5:20131010062939:i386-randconfig-i007-1008:3.12.0-rc2-000=
44-gc7727a8:616
/kernel/i386-randconfig-i007-1008/c7727a852968b09a9a5756dc7c85c30287c6ada3/=
dmesg-yocto-snb-26:20131009222117:i386-randconfig-i007-1008:3.12.0-rc2-0004=
4-gc7727a8:616
/kernel/i386-randconfig-i007-1008/c7727a852968b09a9a5756dc7c85c30287c6ada3/=
dmesg-yocto-xps-7:20131010061649:i386-randconfig-i007-1008:3.12.0-rc2-00044=
-gc7727a8:616
/kernel/i386-randconfig-i007-1008/c7727a852968b09a9a5756dc7c85c30287c6ada3/=
dmesg-quantal-roam-9:20131009223438:i386-randconfig-i007-1008:3.12.0-rc2-00=
044-gc7727a8:616
/kernel/i386-randconfig-i007-1008/c7727a852968b09a9a5756dc7c85c30287c6ada3/=
dmesg-quantal-lkp-tt02-19:20131009125314:i386-randconfig-i007-1008:3.12.0-r=
c2-00044-gc7727a8:616
/kernel/i386-randconfig-i007-1008/c7727a852968b09a9a5756dc7c85c30287c6ada3/=
dmesg-yocto-lkp-tt02-4:20131009125303:i386-randconfig-i007-1008:3.12.0-rc2-=
00044-gc7727a8:616
/kernel/i386-randconfig-i007-1008/c7727a852968b09a9a5756dc7c85c30287c6ada3/=
dmesg-quantal-lkp-st01-7:20131009223405:i386-randconfig-i007-1008:3.12.0-rc=
2-00044-gc7727a8:616
/kernel/i386-randconfig-i007-1008/c7727a852968b09a9a5756dc7c85c30287c6ada3/=
dmesg-yocto-lkp-st01-12:20131009223422:i386-randconfig-i007-1008:3.12.0-rc2=
-00044-gc7727a8:616
/kernel/i386-randconfig-i007-1008/c7727a852968b09a9a5756dc7c85c30287c6ada3/=
dmesg-yocto-lkp-st01-3:20131009222122:i386-randconfig-i007-1008:3.12.0-rc2-=
00044-gc7727a8:616
0:16:19 all_good:bad:all_bad boots

[detached HEAD a09d1f5] Revert "mm: dynamic allocate page->ptl if it cannot=
 be embedded to struct page"
 5 files changed, 22 insertions(+), 74 deletions(-)
ls -a /kernel-tests/run-queue/kvm/i386-randconfig-i007-1008/kas:dynamic_ptl=
:v1:a09d1f589443cb8a441a86bf285762b28d13b326:bisect-usb

2013-10-09-23:05:38 a09d1f589443cb8a441a86bf285762b28d13b326 compiling

2013-10-09-23:09:43 detecting boot state 3.12.0-rc2-00045-ga09d1f5..	2	40	5=
9..	60 SUCCESS


=3D=3D=3D=3D=3D=3D=3D=3D=3D upstream =3D=3D=3D=3D=3D=3D=3D=3D=3D
Fetching linus
ls -a /kernel-tests/run-queue/kvm/i386-randconfig-i007-1008/kas:dynamic_ptl=
:v1:0e7a3ed04f0cd4311096d691888f88569310ee6c:bisect-usb

2013-10-09-23:13:46 0e7a3ed04f0cd4311096d691888f88569310ee6c reuse /kernel/=
i386-randconfig-i007-1008/0e7a3ed04f0cd4311096d691888f88569310ee6c/vmlinuz-=
3.12.0-rc4-00029-g0e7a3ed

2013-10-09-23:13:46 detecting boot state ..	1	25	48	53	57..	59	60 SUCCESS


=3D=3D=3D=3D=3D=3D=3D=3D=3D linux-next =3D=3D=3D=3D=3D=3D=3D=3D=3D
Fetching next
ls -a /kernel-tests/run-queue/kvm/i386-randconfig-i007-1008/kas:dynamic_ptl=
:v1:a0cf1abc25ac197dd97b857c0f6341066a8cb1cf:bisect-usb

2013-10-09-23:19:19 a0cf1abc25ac197dd97b857c0f6341066a8cb1cf compiling

2013-10-09-23:24:02 detecting boot state 3.12.0-rc2-next-20130927-03100-ga0=
cf1ab..	12	43	55	56.	57	58	59.	60 SUCCESS


--PEIAKu/WMn1b1Hv9
Content-Type: text/plain; charset=us-ascii
Content-Disposition: attachment; filename="config-3.12.0-rc2-00044-gc7727a8"

#
# Automatically generated file; DO NOT EDIT.
# Linux/i386 3.12.0-rc2 Kernel Configuration
#
# CONFIG_64BIT is not set
CONFIG_X86_32=y
CONFIG_X86=y
CONFIG_INSTRUCTION_DECODER=y
CONFIG_OUTPUT_FORMAT="elf32-i386"
CONFIG_ARCH_DEFCONFIG="arch/x86/configs/i386_defconfig"
CONFIG_LOCKDEP_SUPPORT=y
CONFIG_STACKTRACE_SUPPORT=y
CONFIG_HAVE_LATENCYTOP_SUPPORT=y
CONFIG_MMU=y
CONFIG_NEED_DMA_MAP_STATE=y
CONFIG_NEED_SG_DMA_LENGTH=y
CONFIG_GENERIC_ISA_DMA=y
CONFIG_GENERIC_BUG=y
CONFIG_GENERIC_HWEIGHT=y
CONFIG_ARCH_MAY_HAVE_PC_FDC=y
CONFIG_RWSEM_XCHGADD_ALGORITHM=y
CONFIG_GENERIC_CALIBRATE_DELAY=y
CONFIG_ARCH_HAS_CPU_RELAX=y
CONFIG_ARCH_HAS_CACHE_LINE_SIZE=y
CONFIG_ARCH_HAS_CPU_AUTOPROBE=y
CONFIG_HAVE_SETUP_PER_CPU_AREA=y
CONFIG_NEED_PER_CPU_EMBED_FIRST_CHUNK=y
CONFIG_NEED_PER_CPU_PAGE_FIRST_CHUNK=y
CONFIG_ARCH_HIBERNATION_POSSIBLE=y
CONFIG_ARCH_SUSPEND_POSSIBLE=y
CONFIG_ARCH_WANT_HUGE_PMD_SHARE=y
CONFIG_ARCH_WANT_GENERAL_HUGETLB=y
# CONFIG_ZONE_DMA32 is not set
# CONFIG_AUDIT_ARCH is not set
CONFIG_ARCH_SUPPORTS_OPTIMIZED_INLINING=y
CONFIG_ARCH_SUPPORTS_DEBUG_PAGEALLOC=y
CONFIG_X86_32_SMP=y
CONFIG_X86_HT=y
CONFIG_X86_32_LAZY_GS=y
CONFIG_ARCH_HWEIGHT_CFLAGS="-fcall-saved-ecx -fcall-saved-edx"
CONFIG_ARCH_SUPPORTS_UPROBES=y
CONFIG_DEFCONFIG_LIST="/lib/modules/$UNAME_RELEASE/.config"
CONFIG_CONSTRUCTORS=y
CONFIG_IRQ_WORK=y
CONFIG_BUILDTIME_EXTABLE_SORT=y

#
# General setup
#
CONFIG_INIT_ENV_ARG_LIMIT=32
CONFIG_CROSS_COMPILE=""
CONFIG_COMPILE_TEST=y
CONFIG_LOCALVERSION=""
CONFIG_LOCALVERSION_AUTO=y
CONFIG_HAVE_KERNEL_GZIP=y
CONFIG_HAVE_KERNEL_BZIP2=y
CONFIG_HAVE_KERNEL_LZMA=y
CONFIG_HAVE_KERNEL_XZ=y
CONFIG_HAVE_KERNEL_LZO=y
CONFIG_HAVE_KERNEL_LZ4=y
CONFIG_KERNEL_GZIP=y
# CONFIG_KERNEL_BZIP2 is not set
# CONFIG_KERNEL_LZMA is not set
# CONFIG_KERNEL_XZ is not set
# CONFIG_KERNEL_LZO is not set
# CONFIG_KERNEL_LZ4 is not set
CONFIG_DEFAULT_HOSTNAME="(none)"
CONFIG_SWAP=y
CONFIG_SYSVIPC=y
CONFIG_SYSVIPC_SYSCTL=y
# CONFIG_POSIX_MQUEUE is not set
CONFIG_FHANDLE=y
# CONFIG_AUDIT is not set

#
# IRQ subsystem
#
CONFIG_GENERIC_IRQ_PROBE=y
CONFIG_GENERIC_IRQ_SHOW=y
CONFIG_GENERIC_PENDING_IRQ=y
CONFIG_IRQ_DOMAIN=y
CONFIG_IRQ_DOMAIN_DEBUG=y
CONFIG_IRQ_FORCED_THREADING=y
CONFIG_SPARSE_IRQ=y
CONFIG_CLOCKSOURCE_WATCHDOG=y
CONFIG_KTIME_SCALAR=y
CONFIG_GENERIC_CLOCKEVENTS=y
CONFIG_GENERIC_CLOCKEVENTS_BUILD=y
CONFIG_GENERIC_CLOCKEVENTS_BROADCAST=y
CONFIG_GENERIC_CLOCKEVENTS_MIN_ADJUST=y
CONFIG_GENERIC_CMOS_UPDATE=y

#
# Timers subsystem
#
CONFIG_TICK_ONESHOT=y
CONFIG_NO_HZ_COMMON=y
# CONFIG_HZ_PERIODIC is not set
CONFIG_NO_HZ_IDLE=y
CONFIG_NO_HZ=y
CONFIG_HIGH_RES_TIMERS=y

#
# CPU/Task time and stats accounting
#
CONFIG_TICK_CPU_ACCOUNTING=y
# CONFIG_IRQ_TIME_ACCOUNTING is not set
# CONFIG_BSD_PROCESS_ACCT is not set
# CONFIG_TASKSTATS is not set

#
# RCU Subsystem
#
CONFIG_TREE_RCU=y
# CONFIG_PREEMPT_RCU is not set
CONFIG_RCU_STALL_COMMON=y
CONFIG_RCU_FANOUT=32
CONFIG_RCU_FANOUT_LEAF=16
CONFIG_RCU_FANOUT_EXACT=y
# CONFIG_RCU_FAST_NO_HZ is not set
# CONFIG_TREE_RCU_TRACE is not set
CONFIG_RCU_NOCB_CPU=y
CONFIG_RCU_NOCB_CPU_NONE=y
# CONFIG_RCU_NOCB_CPU_ZERO is not set
# CONFIG_RCU_NOCB_CPU_ALL is not set
CONFIG_IKCONFIG=y
# CONFIG_IKCONFIG_PROC is not set
CONFIG_LOG_BUF_SHIFT=17
CONFIG_HAVE_UNSTABLE_SCHED_CLOCK=y
CONFIG_ARCH_SUPPORTS_NUMA_BALANCING=y
CONFIG_ARCH_WANTS_PROT_NUMA_PROT_NONE=y
CONFIG_CGROUPS=y
# CONFIG_CGROUP_DEBUG is not set
# CONFIG_CGROUP_FREEZER is not set
CONFIG_CGROUP_DEVICE=y
# CONFIG_CPUSETS is not set
# CONFIG_CGROUP_CPUACCT is not set
# CONFIG_RESOURCE_COUNTERS is not set
CONFIG_CGROUP_PERF=y
CONFIG_CGROUP_SCHED=y
CONFIG_FAIR_GROUP_SCHED=y
CONFIG_CFS_BANDWIDTH=y
# CONFIG_RT_GROUP_SCHED is not set
CONFIG_BLK_CGROUP=y
# CONFIG_DEBUG_BLK_CGROUP is not set
CONFIG_CHECKPOINT_RESTORE=y
CONFIG_NAMESPACES=y
CONFIG_UTS_NS=y
# CONFIG_IPC_NS is not set
CONFIG_USER_NS=y
CONFIG_PID_NS=y
# CONFIG_NET_NS is not set
CONFIG_UIDGID_STRICT_TYPE_CHECKS=y
CONFIG_SCHED_AUTOGROUP=y
# CONFIG_SYSFS_DEPRECATED is not set
CONFIG_RELAY=y
CONFIG_BLK_DEV_INITRD=y
CONFIG_INITRAMFS_SOURCE=""
CONFIG_RD_GZIP=y
# CONFIG_RD_BZIP2 is not set
CONFIG_RD_LZMA=y
# CONFIG_RD_XZ is not set
CONFIG_RD_LZO=y
CONFIG_RD_LZ4=y
# CONFIG_CC_OPTIMIZE_FOR_SIZE is not set
CONFIG_SYSCTL=y
CONFIG_ANON_INODES=y
CONFIG_HAVE_UID16=y
CONFIG_SYSCTL_EXCEPTION_TRACE=y
CONFIG_HAVE_PCSPKR_PLATFORM=y
CONFIG_EXPERT=y
# CONFIG_UID16 is not set
# CONFIG_SYSCTL_SYSCALL is not set
CONFIG_KALLSYMS=y
CONFIG_KALLSYMS_ALL=y
CONFIG_PRINTK=y
CONFIG_BUG=y
CONFIG_ELF_CORE=y
CONFIG_PCSPKR_PLATFORM=y
CONFIG_BASE_FULL=y
CONFIG_FUTEX=y
CONFIG_EPOLL=y
# CONFIG_SIGNALFD is not set
# CONFIG_TIMERFD is not set
CONFIG_EVENTFD=y
CONFIG_SHMEM=y
CONFIG_AIO=y
CONFIG_PCI_QUIRKS=y
# CONFIG_EMBEDDED is not set
CONFIG_HAVE_PERF_EVENTS=y
CONFIG_PERF_USE_VMALLOC=y

#
# Kernel Performance Events And Counters
#
CONFIG_PERF_EVENTS=y
CONFIG_DEBUG_PERF_USE_VMALLOC=y
CONFIG_VM_EVENT_COUNTERS=y
# CONFIG_COMPAT_BRK is not set
# CONFIG_SLAB is not set
# CONFIG_SLUB is not set
CONFIG_SLOB=y
# CONFIG_PROFILING is not set
CONFIG_HAVE_OPROFILE=y
CONFIG_OPROFILE_NMI_TIMER=y
CONFIG_JUMP_LABEL=y
# CONFIG_HAVE_64BIT_ALIGNED_ACCESS is not set
CONFIG_HAVE_EFFICIENT_UNALIGNED_ACCESS=y
CONFIG_ARCH_USE_BUILTIN_BSWAP=y
CONFIG_HAVE_IOREMAP_PROT=y
CONFIG_HAVE_KPROBES=y
CONFIG_HAVE_KRETPROBES=y
CONFIG_HAVE_OPTPROBES=y
CONFIG_HAVE_KPROBES_ON_FTRACE=y
CONFIG_HAVE_ARCH_TRACEHOOK=y
CONFIG_HAVE_DMA_ATTRS=y
CONFIG_HAVE_DMA_CONTIGUOUS=y
CONFIG_USE_GENERIC_SMP_HELPERS=y
CONFIG_GENERIC_SMP_IDLE_THREAD=y
CONFIG_HAVE_REGS_AND_STACK_ACCESS_API=y
CONFIG_HAVE_DMA_API_DEBUG=y
CONFIG_HAVE_HW_BREAKPOINT=y
CONFIG_HAVE_MIXED_BREAKPOINTS_REGS=y
CONFIG_HAVE_USER_RETURN_NOTIFIER=y
CONFIG_HAVE_PERF_EVENTS_NMI=y
CONFIG_HAVE_PERF_REGS=y
CONFIG_HAVE_PERF_USER_STACK_DUMP=y
CONFIG_HAVE_ARCH_JUMP_LABEL=y
CONFIG_ARCH_HAVE_NMI_SAFE_CMPXCHG=y
CONFIG_HAVE_CMPXCHG_LOCAL=y
CONFIG_HAVE_CMPXCHG_DOUBLE=y
CONFIG_ARCH_WANT_IPC_PARSE_VERSION=y
CONFIG_HAVE_ARCH_SECCOMP_FILTER=y
CONFIG_HAVE_IRQ_TIME_ACCOUNTING=y
CONFIG_HAVE_ARCH_TRANSPARENT_HUGEPAGE=y
CONFIG_HAVE_ARCH_SOFT_DIRTY=y
CONFIG_MODULES_USE_ELF_REL=y
CONFIG_CLONE_BACKWARDS=y
CONFIG_OLD_SIGSUSPEND3=y
CONFIG_OLD_SIGACTION=y

#
# GCOV-based kernel profiling
#
CONFIG_GCOV_KERNEL=y
CONFIG_GCOV_PROFILE_ALL=y
CONFIG_HAVE_GENERIC_DMA_COHERENT=y
CONFIG_RT_MUTEXES=y
CONFIG_BASE_SMALL=0
# CONFIG_MODULES is not set
CONFIG_BLOCK=y
CONFIG_LBDAF=y
CONFIG_BLK_DEV_BSG=y
CONFIG_BLK_DEV_BSGLIB=y
CONFIG_BLK_DEV_INTEGRITY=y
# CONFIG_BLK_DEV_THROTTLING is not set
# CONFIG_CMDLINE_PARSER is not set

#
# Partition Types
#
CONFIG_PARTITION_ADVANCED=y
# CONFIG_ACORN_PARTITION is not set
# CONFIG_AIX_PARTITION is not set
# CONFIG_OSF_PARTITION is not set
# CONFIG_AMIGA_PARTITION is not set
# CONFIG_ATARI_PARTITION is not set
CONFIG_MAC_PARTITION=y
# CONFIG_MSDOS_PARTITION is not set
# CONFIG_LDM_PARTITION is not set
# CONFIG_SGI_PARTITION is not set
# CONFIG_ULTRIX_PARTITION is not set
CONFIG_SUN_PARTITION=y
CONFIG_KARMA_PARTITION=y
# CONFIG_EFI_PARTITION is not set
CONFIG_SYSV68_PARTITION=y
# CONFIG_CMDLINE_PARTITION is not set

#
# IO Schedulers
#
CONFIG_IOSCHED_NOOP=y
CONFIG_IOSCHED_DEADLINE=y
CONFIG_IOSCHED_CFQ=y
# CONFIG_CFQ_GROUP_IOSCHED is not set
# CONFIG_DEFAULT_DEADLINE is not set
# CONFIG_DEFAULT_CFQ is not set
CONFIG_DEFAULT_NOOP=y
CONFIG_DEFAULT_IOSCHED="noop"
CONFIG_PADATA=y
CONFIG_ASN1=y
CONFIG_UNINLINE_SPIN_UNLOCK=y
# CONFIG_FREEZER is not set

#
# Processor type and features
#
# CONFIG_ZONE_DMA is not set
CONFIG_SMP=y
CONFIG_X86_MPPARSE=y
CONFIG_X86_BIGSMP=y
# CONFIG_X86_EXTENDED_PLATFORM is not set
# CONFIG_X86_INTEL_LPSS is not set
# CONFIG_X86_32_IRIS is not set
# CONFIG_SCHED_OMIT_FRAME_POINTER is not set
CONFIG_HYPERVISOR_GUEST=y
CONFIG_PARAVIRT=y
# CONFIG_PARAVIRT_DEBUG is not set
# CONFIG_PARAVIRT_SPINLOCKS is not set
# CONFIG_XEN is not set
# CONFIG_XEN_PRIVILEGED_GUEST is not set
CONFIG_KVM_GUEST=y
# CONFIG_KVM_DEBUG_FS is not set
# CONFIG_LGUEST_GUEST is not set
# CONFIG_PARAVIRT_TIME_ACCOUNTING is not set
CONFIG_PARAVIRT_CLOCK=y
CONFIG_NO_BOOTMEM=y
CONFIG_MEMTEST=y
# CONFIG_M486 is not set
# CONFIG_M586 is not set
# CONFIG_M586TSC is not set
# CONFIG_M586MMX is not set
# CONFIG_M686 is not set
# CONFIG_MPENTIUMII is not set
# CONFIG_MPENTIUMIII is not set
CONFIG_MPENTIUMM=y
# CONFIG_MPENTIUM4 is not set
# CONFIG_MK6 is not set
# CONFIG_MK7 is not set
# CONFIG_MK8 is not set
# CONFIG_MCRUSOE is not set
# CONFIG_MEFFICEON is not set
# CONFIG_MWINCHIPC6 is not set
# CONFIG_MWINCHIP3D is not set
# CONFIG_MELAN is not set
# CONFIG_MGEODEGX1 is not set
# CONFIG_MGEODE_LX is not set
# CONFIG_MCYRIXIII is not set
# CONFIG_MVIAC3_2 is not set
# CONFIG_MVIAC7 is not set
# CONFIG_MCORE2 is not set
# CONFIG_MATOM is not set
CONFIG_X86_GENERIC=y
CONFIG_X86_INTERNODE_CACHE_SHIFT=6
CONFIG_X86_L1_CACHE_SHIFT=6
CONFIG_X86_INTEL_USERCOPY=y
CONFIG_X86_USE_PPRO_CHECKSUM=y
CONFIG_X86_TSC=y
CONFIG_X86_CMPXCHG64=y
CONFIG_X86_CMOV=y
CONFIG_X86_MINIMUM_CPU_FAMILY=5
CONFIG_X86_DEBUGCTLMSR=y
CONFIG_PROCESSOR_SELECT=y
CONFIG_CPU_SUP_INTEL=y
# CONFIG_CPU_SUP_CYRIX_32 is not set
# CONFIG_CPU_SUP_AMD is not set
# CONFIG_CPU_SUP_CENTAUR is not set
# CONFIG_CPU_SUP_TRANSMETA_32 is not set
# CONFIG_CPU_SUP_UMC_32 is not set
CONFIG_HPET_TIMER=y
CONFIG_HPET_EMULATE_RTC=y
# CONFIG_DMI is not set
CONFIG_NR_CPUS=32
# CONFIG_SCHED_SMT is not set
# CONFIG_SCHED_MC is not set
# CONFIG_PREEMPT_NONE is not set
CONFIG_PREEMPT_VOLUNTARY=y
# CONFIG_PREEMPT is not set
CONFIG_PREEMPT_COUNT=y
CONFIG_X86_LOCAL_APIC=y
CONFIG_X86_IO_APIC=y
# CONFIG_X86_REROUTE_FOR_BROKEN_BOOT_IRQS is not set
# CONFIG_X86_MCE is not set
# CONFIG_VM86 is not set
CONFIG_TOSHIBA=y
CONFIG_I8K=y
CONFIG_X86_REBOOTFIXUPS=y
CONFIG_MICROCODE=y
CONFIG_MICROCODE_INTEL=y
# CONFIG_MICROCODE_AMD is not set
CONFIG_MICROCODE_OLD_INTERFACE=y
CONFIG_MICROCODE_INTEL_LIB=y
# CONFIG_MICROCODE_INTEL_EARLY is not set
# CONFIG_MICROCODE_AMD_EARLY is not set
# CONFIG_MICROCODE_EARLY is not set
# CONFIG_X86_MSR is not set
# CONFIG_X86_CPUID is not set
CONFIG_NOHIGHMEM=y
# CONFIG_HIGHMEM4G is not set
# CONFIG_HIGHMEM64G is not set
CONFIG_VMSPLIT_3G=y
# CONFIG_VMSPLIT_2G is not set
# CONFIG_VMSPLIT_1G is not set
CONFIG_PAGE_OFFSET=0xC0000000
CONFIG_X86_PAE=y
CONFIG_ARCH_PHYS_ADDR_T_64BIT=y
CONFIG_NEED_NODE_MEMMAP_SIZE=y
CONFIG_ARCH_FLATMEM_ENABLE=y
CONFIG_ARCH_SPARSEMEM_ENABLE=y
CONFIG_ARCH_SELECT_MEMORY_MODEL=y
CONFIG_ILLEGAL_POINTER_VALUE=0
CONFIG_SELECT_MEMORY_MODEL=y
# CONFIG_FLATMEM_MANUAL is not set
CONFIG_SPARSEMEM_MANUAL=y
CONFIG_SPARSEMEM=y
CONFIG_HAVE_MEMORY_PRESENT=y
CONFIG_SPARSEMEM_STATIC=y
CONFIG_HAVE_MEMBLOCK=y
CONFIG_HAVE_MEMBLOCK_NODE_MAP=y
CONFIG_ARCH_DISCARD_MEMBLOCK=y
CONFIG_MEMORY_ISOLATION=y
# CONFIG_HAVE_BOOTMEM_INFO_NODE is not set
CONFIG_SPLIT_PTLOCK_CPUS=4
CONFIG_ARCH_ENABLE_SPLIT_PMD_PTLOCK=y
# CONFIG_COMPACTION is not set
CONFIG_MIGRATION=y
CONFIG_PHYS_ADDR_T_64BIT=y
CONFIG_ZONE_DMA_FLAG=0
CONFIG_NEED_BOUNCE_POOL=y
CONFIG_VIRT_TO_BUS=y
# CONFIG_KSM is not set
CONFIG_DEFAULT_MMAP_MIN_ADDR=4096
# CONFIG_TRANSPARENT_HUGEPAGE is not set
CONFIG_CROSS_MEMORY_ATTACH=y
CONFIG_CLEANCACHE=y
# CONFIG_FRONTSWAP is not set
CONFIG_CMA=y
CONFIG_CMA_DEBUG=y
# CONFIG_ZBUD is not set
CONFIG_MEM_SOFT_DIRTY=y
CONFIG_X86_CHECK_BIOS_CORRUPTION=y
# CONFIG_X86_BOOTPARAM_MEMORY_CORRUPTION_CHECK is not set
CONFIG_X86_RESERVE_LOW=64
CONFIG_MATH_EMULATION=y
CONFIG_MTRR=y
# CONFIG_MTRR_SANITIZER is not set
CONFIG_X86_PAT=y
CONFIG_ARCH_USES_PG_UNCACHED=y
CONFIG_ARCH_RANDOM=y
# CONFIG_X86_SMAP is not set
# CONFIG_EFI is not set
# CONFIG_SECCOMP is not set
# CONFIG_CC_STACKPROTECTOR is not set
# CONFIG_HZ_100 is not set
# CONFIG_HZ_250 is not set
# CONFIG_HZ_300 is not set
CONFIG_HZ_1000=y
CONFIG_HZ=1000
CONFIG_SCHED_HRTICK=y
CONFIG_KEXEC=y
CONFIG_PHYSICAL_START=0x1000000
CONFIG_RELOCATABLE=y
CONFIG_X86_NEED_RELOCS=y
CONFIG_PHYSICAL_ALIGN=0x200000
# CONFIG_HOTPLUG_CPU is not set
# CONFIG_COMPAT_VDSO is not set
# CONFIG_CMDLINE_BOOL is not set

#
# Power management and ACPI options
#
# CONFIG_SUSPEND is not set
# CONFIG_HIBERNATION is not set
# CONFIG_PM_RUNTIME is not set
CONFIG_ACPI=y
# CONFIG_ACPI_PROCFS is not set
# CONFIG_ACPI_PROCFS_POWER is not set
# CONFIG_ACPI_EC_DEBUGFS is not set
CONFIG_ACPI_AC=y
CONFIG_ACPI_BATTERY=y
CONFIG_ACPI_BUTTON=y
CONFIG_ACPI_FAN=y
# CONFIG_ACPI_DOCK is not set
CONFIG_ACPI_PROCESSOR=y
# CONFIG_ACPI_PROCESSOR_AGGREGATOR is not set
CONFIG_ACPI_THERMAL=y
# CONFIG_ACPI_CUSTOM_DSDT is not set
# CONFIG_ACPI_INITRD_TABLE_OVERRIDE is not set
CONFIG_ACPI_BLACKLIST_YEAR=0
# CONFIG_ACPI_DEBUG is not set
# CONFIG_ACPI_PCI_SLOT is not set
CONFIG_X86_PM_TIMER=y
# CONFIG_ACPI_CONTAINER is not set
# CONFIG_ACPI_SBS is not set
# CONFIG_ACPI_HED is not set
# CONFIG_ACPI_CUSTOM_METHOD is not set
# CONFIG_ACPI_APEI is not set
CONFIG_SFI=y

#
# CPU Frequency scaling
#
CONFIG_CPU_FREQ=y
CONFIG_CPU_FREQ_TABLE=y
CONFIG_CPU_FREQ_GOV_COMMON=y
CONFIG_CPU_FREQ_STAT=y
# CONFIG_CPU_FREQ_STAT_DETAILS is not set
# CONFIG_CPU_FREQ_DEFAULT_GOV_PERFORMANCE is not set
# CONFIG_CPU_FREQ_DEFAULT_GOV_POWERSAVE is not set
CONFIG_CPU_FREQ_DEFAULT_GOV_USERSPACE=y
# CONFIG_CPU_FREQ_DEFAULT_GOV_ONDEMAND is not set
# CONFIG_CPU_FREQ_DEFAULT_GOV_CONSERVATIVE is not set
CONFIG_CPU_FREQ_GOV_PERFORMANCE=y
# CONFIG_CPU_FREQ_GOV_POWERSAVE is not set
CONFIG_CPU_FREQ_GOV_USERSPACE=y
CONFIG_CPU_FREQ_GOV_ONDEMAND=y
CONFIG_CPU_FREQ_GOV_CONSERVATIVE=y

#
# x86 CPU frequency scaling drivers
#
# CONFIG_X86_INTEL_PSTATE is not set
# CONFIG_X86_PCC_CPUFREQ is not set
# CONFIG_X86_ACPI_CPUFREQ is not set
CONFIG_X86_POWERNOW_K6=y
# CONFIG_X86_POWERNOW_K7 is not set
# CONFIG_X86_GX_SUSPMOD is not set
CONFIG_X86_SPEEDSTEP_CENTRINO=y
CONFIG_X86_SPEEDSTEP_CENTRINO_TABLE=y
CONFIG_X86_SPEEDSTEP_ICH=y
CONFIG_X86_SPEEDSTEP_SMI=y
CONFIG_X86_P4_CLOCKMOD=y
CONFIG_X86_CPUFREQ_NFORCE2=y
CONFIG_X86_LONGRUN=y
# CONFIG_X86_LONGHAUL is not set
# CONFIG_X86_E_POWERSAVER is not set

#
# shared options
#
CONFIG_X86_SPEEDSTEP_LIB=y
CONFIG_X86_SPEEDSTEP_RELAXED_CAP_CHECK=y

#
# CPU Idle
#
CONFIG_CPU_IDLE=y
# CONFIG_CPU_IDLE_MULTIPLE_DRIVERS is not set
CONFIG_CPU_IDLE_GOV_LADDER=y
CONFIG_CPU_IDLE_GOV_MENU=y
# CONFIG_ARCH_NEEDS_CPU_IDLE_COUPLED is not set
# CONFIG_INTEL_IDLE is not set

#
# Bus options (PCI etc.)
#
CONFIG_PCI=y
# CONFIG_PCI_GOBIOS is not set
# CONFIG_PCI_GOMMCONFIG is not set
# CONFIG_PCI_GODIRECT is not set
CONFIG_PCI_GOANY=y
CONFIG_PCI_BIOS=y
CONFIG_PCI_DIRECT=y
CONFIG_PCI_MMCONFIG=y
CONFIG_PCI_DOMAINS=y
# CONFIG_PCI_CNB20LE_QUIRK is not set
# CONFIG_PCIEPORTBUS is not set
# CONFIG_PCI_MSI is not set
# CONFIG_PCI_DEBUG is not set
# CONFIG_PCI_REALLOC_ENABLE_AUTO is not set
# CONFIG_PCI_STUB is not set
CONFIG_HT_IRQ=y
# CONFIG_PCI_IOV is not set
# CONFIG_PCI_PRI is not set
# CONFIG_PCI_PASID is not set
# CONFIG_PCI_IOAPIC is not set
CONFIG_PCI_LABEL=y

#
# PCI host controller drivers
#
CONFIG_ISA_DMA_API=y
# CONFIG_ISA is not set
CONFIG_SCx200=y
CONFIG_SCx200HR_TIMER=y
CONFIG_ALIX=y
# CONFIG_NET5501 is not set
CONFIG_PCCARD=y
CONFIG_PCMCIA=y
CONFIG_PCMCIA_LOAD_CIS=y
CONFIG_CARDBUS=y

#
# PC-card bridges
#
# CONFIG_YENTA is not set
# CONFIG_PD6729 is not set
# CONFIG_I82092 is not set
# CONFIG_HOTPLUG_PCI is not set
# CONFIG_RAPIDIO is not set
CONFIG_X86_SYSFB=y

#
# Executable file formats / Emulations
#
CONFIG_BINFMT_ELF=y
CONFIG_ARCH_BINFMT_ELF_RANDOMIZE_PIE=y
CONFIG_CORE_DUMP_DEFAULT_ELF_HEADERS=y
CONFIG_BINFMT_SCRIPT=y
CONFIG_HAVE_AOUT=y
CONFIG_BINFMT_AOUT=y
CONFIG_BINFMT_MISC=y
CONFIG_COREDUMP=y
CONFIG_HAVE_ATOMIC_IOMAP=y
CONFIG_NET=y

#
# Networking options
#
CONFIG_PACKET=y
# CONFIG_PACKET_DIAG is not set
CONFIG_UNIX=y
# CONFIG_UNIX_DIAG is not set
CONFIG_XFRM=y
CONFIG_XFRM_ALGO=y
CONFIG_XFRM_SUB_POLICY=y
CONFIG_XFRM_MIGRATE=y
CONFIG_NET_KEY=y
CONFIG_NET_KEY_MIGRATE=y
# CONFIG_INET is not set
CONFIG_NETWORK_SECMARK=y
CONFIG_NETWORK_PHY_TIMESTAMPING=y
# CONFIG_NETFILTER is not set
CONFIG_ATM=y
CONFIG_ATM_LANE=y
CONFIG_STP=y
CONFIG_GARP=y
# CONFIG_BRIDGE is not set
CONFIG_HAVE_NET_DSA=y
CONFIG_NET_DSA=y
CONFIG_NET_DSA_TAG_DSA=y
CONFIG_NET_DSA_TAG_EDSA=y
CONFIG_NET_DSA_TAG_TRAILER=y
CONFIG_VLAN_8021Q=y
CONFIG_VLAN_8021Q_GVRP=y
# CONFIG_VLAN_8021Q_MVRP is not set
CONFIG_DECNET=y
CONFIG_DECNET_ROUTER=y
CONFIG_LLC=y
CONFIG_LLC2=y
CONFIG_IPX=y
CONFIG_IPX_INTERN=y
CONFIG_ATALK=y
# CONFIG_DEV_APPLETALK is not set
CONFIG_X25=y
# CONFIG_LAPB is not set
CONFIG_PHONET=y
# CONFIG_IEEE802154 is not set
# CONFIG_NET_SCHED is not set
# CONFIG_DCB is not set
CONFIG_DNS_RESOLVER=y
# CONFIG_BATMAN_ADV is not set
CONFIG_OPENVSWITCH=y
CONFIG_VSOCKETS=y
CONFIG_NETLINK_MMAP=y
CONFIG_NETLINK_DIAG=y
# CONFIG_NET_MPLS_GSO is not set
CONFIG_RPS=y
CONFIG_RFS_ACCEL=y
CONFIG_XPS=y
CONFIG_NETPRIO_CGROUP=y
CONFIG_NET_RX_BUSY_POLL=y
CONFIG_BQL=y
CONFIG_NET_FLOW_LIMIT=y

#
# Network testing
#
# CONFIG_HAMRADIO is not set
CONFIG_CAN=y
CONFIG_CAN_RAW=y
CONFIG_CAN_BCM=y
CONFIG_CAN_GW=y

#
# CAN Device Drivers
#
# CONFIG_CAN_VCAN is not set
# CONFIG_CAN_SLCAN is not set
CONFIG_CAN_DEV=y
# CONFIG_CAN_CALC_BITTIMING is not set
# CONFIG_CAN_LEDS is not set
# CONFIG_CAN_MCP251X is not set
# CONFIG_PCH_CAN is not set
CONFIG_CAN_SJA1000=y
CONFIG_CAN_SJA1000_ISA=y
# CONFIG_CAN_SJA1000_PLATFORM is not set
CONFIG_CAN_EMS_PCMCIA=y
# CONFIG_CAN_EMS_PCI is not set
CONFIG_CAN_PEAK_PCMCIA=y
# CONFIG_CAN_PEAK_PCI is not set
# CONFIG_CAN_KVASER_PCI is not set
# CONFIG_CAN_PLX_PCI is not set
# CONFIG_CAN_C_CAN is not set
CONFIG_CAN_CC770=y
CONFIG_CAN_CC770_ISA=y
# CONFIG_CAN_CC770_PLATFORM is not set
CONFIG_CAN_SOFTING=y
# CONFIG_CAN_SOFTING_CS is not set
# CONFIG_CAN_DEBUG_DEVICES is not set
CONFIG_IRDA=y

#
# IrDA protocols
#
# CONFIG_IRLAN is not set
# CONFIG_IRNET is not set
# CONFIG_IRCOMM is not set
CONFIG_IRDA_ULTRA=y

#
# IrDA options
#
CONFIG_IRDA_CACHE_LAST_LSAP=y
CONFIG_IRDA_FAST_RR=y
# CONFIG_IRDA_DEBUG is not set

#
# Infrared-port device drivers
#

#
# SIR device drivers
#
# CONFIG_IRTTY_SIR is not set

#
# Dongle support
#

#
# FIR device drivers
#
CONFIG_NSC_FIR=y
# CONFIG_WINBOND_FIR is not set
# CONFIG_TOSHIBA_FIR is not set
# CONFIG_SMC_IRCC_FIR is not set
# CONFIG_ALI_FIR is not set
# CONFIG_VLSI_FIR is not set
# CONFIG_VIA_FIR is not set
CONFIG_BT=y
# CONFIG_BT_RFCOMM is not set
CONFIG_BT_BNEP=y
# CONFIG_BT_BNEP_MC_FILTER is not set
# CONFIG_BT_BNEP_PROTO_FILTER is not set
# CONFIG_BT_HIDP is not set

#
# Bluetooth device drivers
#
CONFIG_BT_HCIBTSDIO=y
# CONFIG_BT_HCIUART is not set
CONFIG_BT_HCIDTL1=y
# CONFIG_BT_HCIBT3C is not set
CONFIG_BT_HCIBLUECARD=y
# CONFIG_BT_HCIBTUART is not set
# CONFIG_BT_HCIVHCI is not set
CONFIG_BT_MRVL=y
CONFIG_BT_MRVL_SDIO=y
CONFIG_FIB_RULES=y
# CONFIG_WIRELESS is not set
# CONFIG_WIMAX is not set
CONFIG_RFKILL=y
# CONFIG_RFKILL_INPUT is not set
# CONFIG_RFKILL_REGULATOR is not set
# CONFIG_NET_9P is not set
# CONFIG_CAIF is not set
# CONFIG_NFC is not set

#
# Device Drivers
#

#
# Generic Driver Options
#
CONFIG_UEVENT_HELPER_PATH=""
CONFIG_DEVTMPFS=y
# CONFIG_DEVTMPFS_MOUNT is not set
CONFIG_STANDALONE=y
CONFIG_PREVENT_FIRMWARE_BUILD=y
CONFIG_FW_LOADER=y
CONFIG_FIRMWARE_IN_KERNEL=y
CONFIG_EXTRA_FIRMWARE=""
CONFIG_FW_LOADER_USER_HELPER=y
# CONFIG_DEBUG_DRIVER is not set
CONFIG_DEBUG_DEVRES=y
# CONFIG_SYS_HYPERVISOR is not set
# CONFIG_GENERIC_CPU_DEVICES is not set
CONFIG_REGMAP=y
CONFIG_REGMAP_I2C=y
CONFIG_REGMAP_SPI=y
CONFIG_REGMAP_MMIO=y
CONFIG_REGMAP_IRQ=y
CONFIG_DMA_SHARED_BUFFER=y
# CONFIG_DMA_CMA is not set

#
# Bus devices
#
CONFIG_CONNECTOR=y
CONFIG_PROC_EVENTS=y
# CONFIG_MTD is not set
CONFIG_PARPORT=y
CONFIG_PARPORT_PC=y
# CONFIG_PARPORT_SERIAL is not set
# CONFIG_PARPORT_PC_FIFO is not set
# CONFIG_PARPORT_PC_SUPERIO is not set
CONFIG_PARPORT_PC_PCMCIA=y
# CONFIG_PARPORT_GSC is not set
CONFIG_PARPORT_AX88796=y
CONFIG_PARPORT_1284=y
CONFIG_PARPORT_NOT_PC=y
CONFIG_PNP=y
CONFIG_PNP_DEBUG_MESSAGES=y

#
# Protocols
#
CONFIG_PNPACPI=y
CONFIG_BLK_DEV=y
# CONFIG_BLK_DEV_FD is not set
# CONFIG_PARIDE is not set
# CONFIG_BLK_DEV_PCIESSD_MTIP32XX is not set
# CONFIG_BLK_CPQ_DA is not set
# CONFIG_BLK_CPQ_CISS_DA is not set
# CONFIG_BLK_DEV_DAC960 is not set
# CONFIG_BLK_DEV_UMEM is not set
# CONFIG_BLK_DEV_COW_COMMON is not set
# CONFIG_BLK_DEV_LOOP is not set

#
# DRBD disabled because PROC_FS or INET not selected
#
# CONFIG_BLK_DEV_NBD is not set
# CONFIG_BLK_DEV_NVME is not set
# CONFIG_BLK_DEV_SX8 is not set
# CONFIG_BLK_DEV_RAM is not set
# CONFIG_CDROM_PKTCDVD is not set
# CONFIG_ATA_OVER_ETH is not set
# CONFIG_BLK_DEV_HD is not set
# CONFIG_BLK_DEV_RSXX is not set

#
# Misc devices
#
CONFIG_SENSORS_LIS3LV02D=y
CONFIG_AD525X_DPOT=y
# CONFIG_AD525X_DPOT_I2C is not set
CONFIG_AD525X_DPOT_SPI=y
CONFIG_DUMMY_IRQ=y
# CONFIG_IBM_ASM is not set
# CONFIG_PHANTOM is not set
# CONFIG_INTEL_MID_PTI is not set
# CONFIG_SGI_IOC4 is not set
# CONFIG_TIFM_CORE is not set
CONFIG_ICS932S401=y
# CONFIG_ATMEL_SSC is not set
# CONFIG_ENCLOSURE_SERVICES is not set
# CONFIG_HP_ILO is not set
# CONFIG_APDS9802ALS is not set
CONFIG_ISL29003=y
CONFIG_ISL29020=y
CONFIG_SENSORS_TSL2550=y
# CONFIG_SENSORS_BH1780 is not set
CONFIG_SENSORS_BH1770=y
# CONFIG_SENSORS_APDS990X is not set
# CONFIG_HMC6352 is not set
CONFIG_DS1682=y
# CONFIG_TI_DAC7512 is not set
# CONFIG_VMWARE_BALLOON is not set
CONFIG_BMP085=y
CONFIG_BMP085_I2C=y
CONFIG_BMP085_SPI=y
# CONFIG_PCH_PHUB is not set
CONFIG_USB_SWITCH_FSA9480=y
CONFIG_LATTICE_ECP3_CONFIG=y
# CONFIG_SRAM is not set
CONFIG_C2PORT=y
CONFIG_C2PORT_DURAMAR_2150=y

#
# EEPROM support
#
# CONFIG_EEPROM_AT24 is not set
# CONFIG_EEPROM_AT25 is not set
CONFIG_EEPROM_LEGACY=y
# CONFIG_EEPROM_MAX6875 is not set
CONFIG_EEPROM_93CX6=y
CONFIG_EEPROM_93XX46=y
# CONFIG_CB710_CORE is not set

#
# Texas Instruments shared transport line discipline
#
# CONFIG_TI_ST is not set
CONFIG_SENSORS_LIS3_I2C=y

#
# Altera FPGA firmware download module
#
CONFIG_ALTERA_STAPL=y
# CONFIG_INTEL_MEI is not set
# CONFIG_INTEL_MEI_ME is not set
# CONFIG_VMWARE_VMCI is not set
CONFIG_HAVE_IDE=y
CONFIG_IDE=y

#
# Please see Documentation/ide/ide.txt for help/info on IDE drives
#
CONFIG_IDE_ATAPI=y
CONFIG_BLK_DEV_IDE_SATA=y
CONFIG_IDE_GD=y
CONFIG_IDE_GD_ATA=y
CONFIG_IDE_GD_ATAPI=y
CONFIG_BLK_DEV_IDECS=y
# CONFIG_BLK_DEV_DELKIN is not set
# CONFIG_BLK_DEV_IDECD is not set
CONFIG_BLK_DEV_IDETAPE=y
# CONFIG_BLK_DEV_IDEACPI is not set
CONFIG_IDE_TASK_IOCTL=y
# CONFIG_IDE_PROC_FS is not set

#
# IDE chipset support/bugfixes
#
CONFIG_IDE_GENERIC=y
CONFIG_BLK_DEV_PLATFORM=y
# CONFIG_BLK_DEV_CMD640 is not set
# CONFIG_BLK_DEV_IDEPNP is not set

#
# PCI IDE chipsets support
#
# CONFIG_BLK_DEV_GENERIC is not set
# CONFIG_BLK_DEV_OPTI621 is not set
# CONFIG_BLK_DEV_RZ1000 is not set
# CONFIG_BLK_DEV_AEC62XX is not set
# CONFIG_BLK_DEV_ALI15X3 is not set
# CONFIG_BLK_DEV_AMD74XX is not set
# CONFIG_BLK_DEV_ATIIXP is not set
# CONFIG_BLK_DEV_CMD64X is not set
# CONFIG_BLK_DEV_TRIFLEX is not set
# CONFIG_BLK_DEV_CS5520 is not set
# CONFIG_BLK_DEV_CS5530 is not set
# CONFIG_BLK_DEV_CS5535 is not set
# CONFIG_BLK_DEV_CS5536 is not set
# CONFIG_BLK_DEV_HPT366 is not set
# CONFIG_BLK_DEV_JMICRON is not set
# CONFIG_BLK_DEV_SC1200 is not set
# CONFIG_BLK_DEV_PIIX is not set
# CONFIG_BLK_DEV_IT8172 is not set
# CONFIG_BLK_DEV_IT8213 is not set
# CONFIG_BLK_DEV_IT821X is not set
# CONFIG_BLK_DEV_NS87415 is not set
# CONFIG_BLK_DEV_PDC202XX_OLD is not set
# CONFIG_BLK_DEV_PDC202XX_NEW is not set
# CONFIG_BLK_DEV_SVWKS is not set
# CONFIG_BLK_DEV_SIIMAGE is not set
# CONFIG_BLK_DEV_SIS5513 is not set
# CONFIG_BLK_DEV_SLC90E66 is not set
# CONFIG_BLK_DEV_TRM290 is not set
# CONFIG_BLK_DEV_VIA82CXXX is not set
# CONFIG_BLK_DEV_TC86C001 is not set
# CONFIG_BLK_DEV_IDEDMA is not set

#
# SCSI device support
#
CONFIG_SCSI_MOD=y
CONFIG_RAID_ATTRS=y
CONFIG_SCSI=y
CONFIG_SCSI_DMA=y
# CONFIG_SCSI_TGT is not set
CONFIG_SCSI_NETLINK=y
CONFIG_SCSI_PROC_FS=y

#
# SCSI support type (disk, tape, CD-ROM)
#
CONFIG_BLK_DEV_SD=y
CONFIG_CHR_DEV_ST=y
CONFIG_CHR_DEV_OSST=y
# CONFIG_BLK_DEV_SR is not set
# CONFIG_CHR_DEV_SG is not set
CONFIG_CHR_DEV_SCH=y
CONFIG_SCSI_MULTI_LUN=y
# CONFIG_SCSI_CONSTANTS is not set
CONFIG_SCSI_LOGGING=y
# CONFIG_SCSI_SCAN_ASYNC is not set

#
# SCSI Transports
#
CONFIG_SCSI_SPI_ATTRS=y
CONFIG_SCSI_FC_ATTRS=y
CONFIG_SCSI_ISCSI_ATTRS=y
# CONFIG_SCSI_SAS_ATTRS is not set
# CONFIG_SCSI_SAS_LIBSAS is not set
CONFIG_SCSI_SRP_ATTRS=y
CONFIG_SCSI_LOWLEVEL=y
# CONFIG_ISCSI_BOOT_SYSFS is not set
# CONFIG_SCSI_BNX2_ISCSI is not set
# CONFIG_SCSI_BNX2X_FCOE is not set
# CONFIG_BE2ISCSI is not set
# CONFIG_BLK_DEV_3W_XXXX_RAID is not set
# CONFIG_SCSI_HPSA is not set
# CONFIG_SCSI_3W_9XXX is not set
# CONFIG_SCSI_3W_SAS is not set
# CONFIG_SCSI_ACARD is not set
# CONFIG_SCSI_AACRAID is not set
# CONFIG_SCSI_AIC7XXX is not set
# CONFIG_SCSI_AIC7XXX_OLD is not set
# CONFIG_SCSI_AIC79XX is not set
# CONFIG_SCSI_AIC94XX is not set
# CONFIG_SCSI_MVSAS is not set
# CONFIG_SCSI_MVUMI is not set
# CONFIG_SCSI_DPT_I2O is not set
# CONFIG_SCSI_ADVANSYS is not set
# CONFIG_SCSI_ARCMSR is not set
# CONFIG_SCSI_ESAS2R is not set
# CONFIG_MEGARAID_NEWGEN is not set
# CONFIG_MEGARAID_LEGACY is not set
# CONFIG_MEGARAID_SAS is not set
# CONFIG_SCSI_MPT2SAS is not set
# CONFIG_SCSI_MPT3SAS is not set
CONFIG_SCSI_UFSHCD=y
# CONFIG_SCSI_UFSHCD_PCI is not set
CONFIG_SCSI_UFSHCD_PLATFORM=y
# CONFIG_SCSI_HPTIOP is not set
# CONFIG_SCSI_BUSLOGIC is not set
# CONFIG_VMWARE_PVSCSI is not set
CONFIG_LIBFC=y
CONFIG_LIBFCOE=y
# CONFIG_FCOE is not set
# CONFIG_FCOE_FNIC is not set
# CONFIG_SCSI_DMX3191D is not set
# CONFIG_SCSI_EATA is not set
# CONFIG_SCSI_FUTURE_DOMAIN is not set
# CONFIG_SCSI_GDTH is not set
# CONFIG_SCSI_ISCI is not set
# CONFIG_SCSI_IPS is not set
# CONFIG_SCSI_INITIO is not set
# CONFIG_SCSI_INIA100 is not set
# CONFIG_SCSI_PPA is not set
CONFIG_SCSI_IMM=y
# CONFIG_SCSI_IZIP_EPP16 is not set
CONFIG_SCSI_IZIP_SLOW_CTR=y
# CONFIG_SCSI_STEX is not set
# CONFIG_SCSI_SYM53C8XX_2 is not set
# CONFIG_SCSI_QLOGIC_1280 is not set
# CONFIG_SCSI_QLA_FC is not set
# CONFIG_SCSI_QLA_ISCSI is not set
# CONFIG_SCSI_LPFC is not set
# CONFIG_SCSI_DC395x is not set
# CONFIG_SCSI_DC390T is not set
# CONFIG_SCSI_NSP32 is not set
# CONFIG_SCSI_DEBUG is not set
# CONFIG_SCSI_PMCRAID is not set
# CONFIG_SCSI_PM8001 is not set
# CONFIG_SCSI_SRP is not set
# CONFIG_SCSI_BFA_FC is not set
# CONFIG_SCSI_CHELSIO_FCOE is not set
CONFIG_SCSI_LOWLEVEL_PCMCIA=y
CONFIG_SCSI_DH=y
# CONFIG_SCSI_DH_RDAC is not set
CONFIG_SCSI_DH_HP_SW=y
# CONFIG_SCSI_DH_EMC is not set
CONFIG_SCSI_DH_ALUA=y
CONFIG_SCSI_OSD_INITIATOR=y
# CONFIG_SCSI_OSD_ULD is not set
CONFIG_SCSI_OSD_DPRINT_SENSE=1
# CONFIG_SCSI_OSD_DEBUG is not set
# CONFIG_ATA is not set
# CONFIG_MD is not set
CONFIG_TARGET_CORE=y
CONFIG_TCM_IBLOCK=y
# CONFIG_TCM_FILEIO is not set
CONFIG_TCM_PSCSI=y
# CONFIG_LOOPBACK_TARGET is not set
# CONFIG_TCM_FC is not set
# CONFIG_ISCSI_TARGET is not set
# CONFIG_FUSION is not set

#
# IEEE 1394 (FireWire) support
#
# CONFIG_FIREWIRE is not set
# CONFIG_FIREWIRE_NOSY is not set
# CONFIG_I2O is not set
CONFIG_MACINTOSH_DRIVERS=y
CONFIG_MAC_EMUMOUSEBTN=y
CONFIG_NETDEVICES=y
CONFIG_MII=y
# CONFIG_NET_CORE is not set
CONFIG_ARCNET=y
CONFIG_ARCNET_1201=y
CONFIG_ARCNET_1051=y
CONFIG_ARCNET_RAW=y
# CONFIG_ARCNET_CAP is not set
CONFIG_ARCNET_COM90xx=y
# CONFIG_ARCNET_COM90xxIO is not set
CONFIG_ARCNET_RIM_I=y
CONFIG_ARCNET_COM20020=y
# CONFIG_ARCNET_COM20020_PCI is not set
CONFIG_ARCNET_COM20020_CS=y
# CONFIG_ATM_DRIVERS is not set

#
# CAIF transport drivers
#

#
# Distributed Switch Architecture drivers
#
CONFIG_NET_DSA_MV88E6XXX=y
CONFIG_NET_DSA_MV88E6060=y
CONFIG_NET_DSA_MV88E6XXX_NEED_PPU=y
CONFIG_NET_DSA_MV88E6131=y
CONFIG_NET_DSA_MV88E6123_61_65=y
CONFIG_ETHERNET=y
CONFIG_NET_VENDOR_3COM=y
# CONFIG_PCMCIA_3C574 is not set
# CONFIG_PCMCIA_3C589 is not set
# CONFIG_VORTEX is not set
# CONFIG_TYPHOON is not set
CONFIG_NET_VENDOR_ADAPTEC=y
# CONFIG_ADAPTEC_STARFIRE is not set
CONFIG_NET_VENDOR_ALTEON=y
# CONFIG_ACENIC is not set
CONFIG_NET_VENDOR_AMD=y
# CONFIG_AMD8111_ETH is not set
# CONFIG_PCNET32 is not set
CONFIG_PCMCIA_NMCLAN=y
CONFIG_NET_VENDOR_ARC=y
CONFIG_NET_VENDOR_ATHEROS=y
# CONFIG_ATL2 is not set
# CONFIG_ATL1 is not set
# CONFIG_ATL1E is not set
# CONFIG_ATL1C is not set
# CONFIG_ALX is not set
CONFIG_NET_CADENCE=y
CONFIG_ARM_AT91_ETHER=y
CONFIG_MACB=y
# CONFIG_NET_VENDOR_BROADCOM is not set
CONFIG_NET_VENDOR_BROCADE=y
# CONFIG_BNA is not set
CONFIG_NET_CALXEDA_XGMAC=y
CONFIG_NET_VENDOR_CHELSIO=y
# CONFIG_CHELSIO_T1 is not set
# CONFIG_CHELSIO_T4 is not set
# CONFIG_CHELSIO_T4VF is not set
CONFIG_NET_VENDOR_CISCO=y
# CONFIG_ENIC is not set
CONFIG_DNET=y
CONFIG_NET_VENDOR_DEC=y
# CONFIG_NET_TULIP is not set
CONFIG_NET_VENDOR_DLINK=y
# CONFIG_DL2K is not set
# CONFIG_SUNDANCE is not set
CONFIG_NET_VENDOR_EMULEX=y
# CONFIG_BE2NET is not set
CONFIG_NET_VENDOR_EXAR=y
# CONFIG_S2IO is not set
# CONFIG_VXGE is not set
CONFIG_NET_VENDOR_FUJITSU=y
CONFIG_PCMCIA_FMVJ18X=y
CONFIG_NET_VENDOR_HP=y
# CONFIG_HP100 is not set
CONFIG_NET_VENDOR_INTEL=y
# CONFIG_E100 is not set
# CONFIG_E1000 is not set
# CONFIG_E1000E is not set
# CONFIG_IGB is not set
# CONFIG_IGBVF is not set
# CONFIG_IXGB is not set
# CONFIG_IXGBE is not set
# CONFIG_I40E is not set
CONFIG_NET_VENDOR_I825XX=y
# CONFIG_IP1000 is not set
# CONFIG_JME is not set
CONFIG_NET_VENDOR_MARVELL=y
# CONFIG_MVMDIO is not set
# CONFIG_SKGE is not set
# CONFIG_SKY2 is not set
CONFIG_NET_VENDOR_MELLANOX=y
# CONFIG_MLX4_EN is not set
# CONFIG_MLX4_CORE is not set
# CONFIG_MLX5_CORE is not set
CONFIG_NET_VENDOR_MICREL=y
CONFIG_KS8842=y
CONFIG_KS8851=y
CONFIG_KS8851_MLL=y
# CONFIG_KSZ884X_PCI is not set
# CONFIG_NET_VENDOR_MICROCHIP is not set
# CONFIG_FEALNX is not set
CONFIG_NET_VENDOR_NATSEMI=y
# CONFIG_NATSEMI is not set
# CONFIG_NS83820 is not set
CONFIG_NET_VENDOR_8390=y
# CONFIG_PCMCIA_AXNET is not set
# CONFIG_NE2K_PCI is not set
# CONFIG_PCMCIA_PCNET is not set
CONFIG_NET_VENDOR_NVIDIA=y
# CONFIG_FORCEDETH is not set
CONFIG_NET_VENDOR_OKI=y
# CONFIG_PCH_GBE is not set
CONFIG_ETHOC=y
CONFIG_NET_PACKET_ENGINE=y
# CONFIG_HAMACHI is not set
# CONFIG_YELLOWFIN is not set
CONFIG_NET_VENDOR_QLOGIC=y
# CONFIG_QLA3XXX is not set
# CONFIG_QLCNIC is not set
# CONFIG_QLGE is not set
# CONFIG_NETXEN_NIC is not set
# CONFIG_NET_VENDOR_REALTEK is not set
# CONFIG_SH_ETH is not set
CONFIG_NET_VENDOR_RDC=y
# CONFIG_R6040 is not set
CONFIG_NET_VENDOR_SEEQ=y
CONFIG_NET_VENDOR_SILAN=y
# CONFIG_SC92031 is not set
CONFIG_NET_VENDOR_SIS=y
# CONFIG_SIS900 is not set
# CONFIG_SIS190 is not set
# CONFIG_SFC is not set
CONFIG_NET_VENDOR_SMSC=y
# CONFIG_PCMCIA_SMC91C92 is not set
# CONFIG_EPIC100 is not set
CONFIG_SMSC911X=y
# CONFIG_SMSC911X_ARCH_HOOKS is not set
# CONFIG_SMSC9420 is not set
CONFIG_NET_VENDOR_STMICRO=y
CONFIG_STMMAC_ETH=y
CONFIG_STMMAC_PLATFORM=y
# CONFIG_STMMAC_PCI is not set
# CONFIG_STMMAC_DEBUG_FS is not set
# CONFIG_STMMAC_DA is not set
CONFIG_NET_VENDOR_SUN=y
# CONFIG_HAPPYMEAL is not set
# CONFIG_SUNGEM is not set
# CONFIG_CASSINI is not set
# CONFIG_NIU is not set
CONFIG_NET_VENDOR_TEHUTI=y
# CONFIG_TEHUTI is not set
CONFIG_NET_VENDOR_TI=y
# CONFIG_TLAN is not set
CONFIG_NET_VENDOR_VIA=y
# CONFIG_VIA_RHINE is not set
# CONFIG_VIA_VELOCITY is not set
# CONFIG_NET_VENDOR_WIZNET is not set
CONFIG_NET_VENDOR_XIRCOM=y
# CONFIG_PCMCIA_XIRC2PS is not set
# CONFIG_FDDI is not set
# CONFIG_NET_SB1000 is not set
CONFIG_PHYLIB=y

#
# MII PHY device drivers
#
CONFIG_AT803X_PHY=y
CONFIG_AMD_PHY=y
CONFIG_MARVELL_PHY=y
CONFIG_DAVICOM_PHY=y
CONFIG_QSEMI_PHY=y
CONFIG_LXT_PHY=y
# CONFIG_CICADA_PHY is not set
CONFIG_VITESSE_PHY=y
# CONFIG_SMSC_PHY is not set
CONFIG_BROADCOM_PHY=y
CONFIG_BCM87XX_PHY=y
CONFIG_ICPLUS_PHY=y
CONFIG_REALTEK_PHY=y
CONFIG_NATIONAL_PHY=y
CONFIG_STE10XP=y
CONFIG_LSI_ET1011C_PHY=y
CONFIG_MICREL_PHY=y
# CONFIG_FIXED_PHY is not set
CONFIG_MDIO_BITBANG=y
# CONFIG_MDIO_GPIO is not set
# CONFIG_MICREL_KS8995MA is not set
CONFIG_PLIP=y
CONFIG_PPP=y
CONFIG_PPP_BSDCOMP=y
CONFIG_PPP_DEFLATE=y
CONFIG_PPP_FILTER=y
CONFIG_PPP_MPPE=y
# CONFIG_PPP_MULTILINK is not set
CONFIG_PPPOATM=y
# CONFIG_PPPOE is not set
# CONFIG_PPP_ASYNC is not set
# CONFIG_PPP_SYNC_TTY is not set
# CONFIG_SLIP is not set
CONFIG_SLHC=y
# CONFIG_WLAN is not set

#
# Enable WiMAX (Networking options) to see the WiMAX drivers
#
# CONFIG_WAN is not set
CONFIG_ISDN=y
# CONFIG_ISDN_I4L is not set
# CONFIG_ISDN_CAPI is not set
# CONFIG_ISDN_DRV_GIGASET is not set
CONFIG_MISDN=y
CONFIG_MISDN_DSP=y
CONFIG_MISDN_L1OIP=y

#
# mISDN hardware drivers
#
# CONFIG_MISDN_HFCPCI is not set
# CONFIG_MISDN_HFCMULTI is not set
# CONFIG_MISDN_AVMFRITZ is not set
# CONFIG_MISDN_SPEEDFAX is not set
# CONFIG_MISDN_INFINEON is not set
# CONFIG_MISDN_W6692 is not set
# CONFIG_MISDN_NETJET is not set

#
# Input device support
#
CONFIG_INPUT=y
CONFIG_INPUT_FF_MEMLESS=y
CONFIG_INPUT_POLLDEV=y
CONFIG_INPUT_SPARSEKMAP=y
CONFIG_INPUT_MATRIXKMAP=y

#
# Userland interfaces
#
# CONFIG_INPUT_MOUSEDEV is not set
# CONFIG_INPUT_JOYDEV is not set
CONFIG_INPUT_EVDEV=y
# CONFIG_INPUT_EVBUG is not set

#
# Input Device Drivers
#
CONFIG_INPUT_KEYBOARD=y
# CONFIG_KEYBOARD_ADP5520 is not set
# CONFIG_KEYBOARD_ADP5588 is not set
# CONFIG_KEYBOARD_ADP5589 is not set
CONFIG_KEYBOARD_ATKBD=y
# CONFIG_KEYBOARD_QT1070 is not set
# CONFIG_KEYBOARD_QT2160 is not set
# CONFIG_KEYBOARD_LKKBD is not set
# CONFIG_KEYBOARD_GPIO is not set
# CONFIG_KEYBOARD_GPIO_POLLED is not set
# CONFIG_KEYBOARD_TCA6416 is not set
# CONFIG_KEYBOARD_TCA8418 is not set
# CONFIG_KEYBOARD_MATRIX is not set
# CONFIG_KEYBOARD_LM8323 is not set
# CONFIG_KEYBOARD_LM8333 is not set
# CONFIG_KEYBOARD_MAX7359 is not set
# CONFIG_KEYBOARD_MCS is not set
# CONFIG_KEYBOARD_MPR121 is not set
# CONFIG_KEYBOARD_NEWTON is not set
# CONFIG_KEYBOARD_OPENCORES is not set
# CONFIG_KEYBOARD_STOWAWAY is not set
# CONFIG_KEYBOARD_SUNKBD is not set
# CONFIG_KEYBOARD_STMPE is not set
# CONFIG_KEYBOARD_TC3589X is not set
# CONFIG_KEYBOARD_TWL4030 is not set
# CONFIG_KEYBOARD_XTKBD is not set
# CONFIG_KEYBOARD_CROS_EC is not set
CONFIG_INPUT_MOUSE=y
CONFIG_MOUSE_PS2=y
# CONFIG_MOUSE_PS2_ALPS is not set
# CONFIG_MOUSE_PS2_LOGIPS2PP is not set
# CONFIG_MOUSE_PS2_SYNAPTICS is not set
CONFIG_MOUSE_PS2_CYPRESS=y
# CONFIG_MOUSE_PS2_TRACKPOINT is not set
# CONFIG_MOUSE_PS2_ELANTECH is not set
# CONFIG_MOUSE_PS2_SENTELIC is not set
# CONFIG_MOUSE_PS2_TOUCHKIT is not set
CONFIG_MOUSE_SERIAL=y
# CONFIG_MOUSE_APPLETOUCH is not set
# CONFIG_MOUSE_BCM5974 is not set
# CONFIG_MOUSE_CYAPA is not set
CONFIG_MOUSE_VSXXXAA=y
CONFIG_MOUSE_GPIO=y
CONFIG_MOUSE_SYNAPTICS_I2C=y
# CONFIG_MOUSE_SYNAPTICS_USB is not set
# CONFIG_INPUT_JOYSTICK is not set
CONFIG_INPUT_TABLET=y
# CONFIG_TABLET_USB_ACECAD is not set
# CONFIG_TABLET_USB_AIPTEK is not set
# CONFIG_TABLET_USB_HANWANG is not set
# CONFIG_TABLET_USB_KBTAB is not set
# CONFIG_TABLET_USB_WACOM is not set
# CONFIG_INPUT_TOUCHSCREEN is not set
CONFIG_INPUT_MISC=y
# CONFIG_INPUT_88PM80X_ONKEY is not set
# CONFIG_INPUT_AD714X is not set
CONFIG_INPUT_BMA150=y
CONFIG_INPUT_PCSPKR=y
# CONFIG_INPUT_MMA8450 is not set
# CONFIG_INPUT_MPU3050 is not set
# CONFIG_INPUT_APANEL is not set
CONFIG_INPUT_GP2A=y
# CONFIG_INPUT_GPIO_TILT_POLLED is not set
CONFIG_INPUT_WISTRON_BTNS=y
# CONFIG_INPUT_ATLAS_BTNS is not set
# CONFIG_INPUT_ATI_REMOTE2 is not set
# CONFIG_INPUT_KEYSPAN_REMOTE is not set
# CONFIG_INPUT_KXTJ9 is not set
# CONFIG_INPUT_POWERMATE is not set
# CONFIG_INPUT_YEALINK is not set
# CONFIG_INPUT_CM109 is not set
CONFIG_INPUT_RETU_PWRBUTTON=y
# CONFIG_INPUT_TWL4030_PWRBUTTON is not set
# CONFIG_INPUT_TWL4030_VIBRA is not set
# CONFIG_INPUT_UINPUT is not set
# CONFIG_INPUT_PCF8574 is not set
