Return-Path: <owner-linux-mm@kvack.org>
Received: from mail-pa0-f45.google.com (mail-pa0-f45.google.com [209.85.220.45])
	by kanga.kvack.org (Postfix) with ESMTP id C484A6B0031
	for <linux-mm@kvack.org>; Tue, 14 Jan 2014 08:19:33 -0500 (EST)
Received: by mail-pa0-f45.google.com with SMTP id ld10so4556687pab.32
        for <linux-mm@kvack.org>; Tue, 14 Jan 2014 05:19:33 -0800 (PST)
Received: from mga11.intel.com (mga11.intel.com. [192.55.52.93])
        by mx.google.com with ESMTP id ai8si518793pad.9.2014.01.14.05.19.31
        for <linux-mm@kvack.org>;
        Tue, 14 Jan 2014 05:19:32 -0800 (PST)
Date: Tue, 14 Jan 2014 21:19:15 +0800
From: Fengguang Wu <fengguang.wu@intel.com>
Subject: [slub] WARNING: CPU: 0 PID: 0 at mm/slub.c:1511 __kmem_cache_create()
Message-ID: <20140114131915.GA26942@localhost>
MIME-Version: 1.0
Content-Type: multipart/mixed; boundary="45Z9DzgjV8m4Oswq"
Content-Disposition: inline
Sender: owner-linux-mm@kvack.org
List-ID: <linux-mm.kvack.org>
To: Peter Zijlstra <peterz@infradead.org>
Cc: Pekka Enberg <penberg@kernel.org>, linux-mm@kvack.org, linux-kernel@vger.kernel.org, Dave Hansen <dave.hansen@intel.com>


--45Z9DzgjV8m4Oswq
Content-Type: text/plain; charset=us-ascii
Content-Disposition: inline

Greetings,

I got the below dmesg and the first bad commit is

commit c65c1877bd6826ce0d9713d76e30a7bed8e49f38
Author:     Peter Zijlstra <peterz@infradead.org>
AuthorDate: Fri Jan 10 13:23:49 2014 +0100
Commit:     Pekka Enberg <penberg@kernel.org>
CommitDate: Mon Jan 13 21:34:39 2014 +0200

    slub: use lockdep_assert_held
    
    Instead of using comments in an attempt at getting the locking right,
    use proper assertions that actively warn you if you got it wrong.
    
    Also add extra braces in a few sites to comply with coding-style.
    
    Signed-off-by: Peter Zijlstra <peterz@infradead.org>
    Signed-off-by: Pekka Enberg <penberg@kernel.org>

===================================================
PARENT COMMIT NOT CLEAN. LOOK OUT FOR WRONG BISECT!
===================================================

+------------------------------------------------------------+--------------+--------------+
|                                                            | 8afb1474db47 | 4ce63c662360 |
+------------------------------------------------------------+--------------+--------------+
| boot_successes                                             | 67           | 0            |
| boot_failures                                              | 13           | 29           |
| WARNING:CPU:PID:at_kernel/events/core.c:perf_swevent_add() | 13           | 3            |
| WARNING:CPU:PID:at_mm/slub.c:__kmem_cache_create()         | 0            | 29           |
+------------------------------------------------------------+--------------+--------------+

[    0.000000]       .text : 0x41000000 - 0x41277e78   (2527 kB)
[    0.000000] Checking if this processor honours the WP bit even in supervisor mode...Ok.
[    0.000000] ------------[ cut here ]------------
[    0.000000] WARNING: CPU: 0 PID: 0 at mm/slub.c:1511 __kmem_cache_create+0x219/0x229()
[    0.000000] Modules linked in:
[    0.000000] CPU: 0 PID: 0 Comm: swapper Not tainted 3.13.0-rc8-01969-g4ce63c6 #127
[    0.000000]  00000000 00000000 413fdf08 412710de 413fdf38 4102bb54 4137f43b 00000000
[    0.000000]  00000000 41388b53 000005e7 41093e15 41093e15 415c76e0 4009a000 4e31c810
[    0.000000]  413fdf48 4102bbe7 00000009 00000000 413fdf80 41093e15 4126f38b 00000000
[    0.000000] Call Trace:
[    0.000000]  [<412710de>] dump_stack+0x16/0x18
[    0.000000]  [<4102bb54>] warn_slowpath_common+0x70/0x87
[    0.000000]  [<41093e15>] ? __kmem_cache_create+0x219/0x229
[    0.000000]  [<41093e15>] ? __kmem_cache_create+0x219/0x229
[    0.000000]  [<4102bbe7>] warn_slowpath_null+0x1d/0x1f
[    0.000000]  [<41093e15>] __kmem_cache_create+0x219/0x229
[    0.000000]  [<4126f38b>] ? printk+0x38/0x3a
[    0.000000]  [<415a170f>] create_boot_cache+0x32/0x5d
[    0.000000]  [<415a2663>] kmem_cache_init+0x48/0xd4
[    0.000000]  [<4158c7d3>] start_kernel+0x176/0x329
[    0.000000]  [<4158c493>] ? repair_env_string+0x51/0x51
[    0.000000]  [<4158c2af>] i386_start_kernel+0x79/0x7d
[    0.000000] ---[ end trace db4b7fde7786bb07 ]---
[    0.000000] SLUB: HWalign=128, Order=0-3, MinObjects=0, CPUs=1, Nodes=1

git bisect start 4ce63c662360dbc01efaba87ffadd97378d89a11 7e22e91102c6b9df7c4ae2168910e19d2bb14cd6 --
git bisect good ab99033234a066211c8585e1af5c46951ac4a161  # 18:17     20+      4  Merge 'drm-intel/drm-intel-nightly' into devel-roam-i386-201401140347
git bisect good d35ea44219e64da8dc67362c10b5dbcba7f18b49  # 18:27     20+      5  Merge 'net-next/master' into devel-roam-i386-201401140347
git bisect  bad f822a99c9447a00d7206f1aa013474252a85f190  # 18:33      0-      5  Merge 'slab/slab/next' into devel-roam-i386-201401140347
git bisect good 8afb1474db4701d1ab80cd8251137a3260e6913e  # 18:58     20+      2  slub: Fix calculation of cpu slabs
git bisect  bad 26e4f2057516f1c457e0e95346a00303f983ad53  # 19:08      0-      3  slub: Fix possible format string bug.
git bisect  bad c65c1877bd6826ce0d9713d76e30a7bed8e49f38  # 19:14      0-      7  slub: use lockdep_assert_held
# first bad commit: [c65c1877bd6826ce0d9713d76e30a7bed8e49f38] slub: use lockdep_assert_held
git bisect good 8afb1474db4701d1ab80cd8251137a3260e6913e  # 19:25     60+     13  slub: Fix calculation of cpu slabs
git bisect  bad 4ce63c662360dbc01efaba87ffadd97378d89a11  # 19:25      0-     29  0day head guard for 'devel-roam-i386-201401140347'
git bisect good 73b782c4a36ff1dffbd90123416fed218842d180  # 19:44     60+      8  Revert "slub: use lockdep_assert_held"
git bisect good a6da83f98267bc8ee4e34aa899169991eb0ceb93  # 20:08     60+     14  Merge branch 'merge' of git://git.kernel.org/pub/scm/linux/kernel/git/benh/powerpc
git bisect  bad cf1c1d193e37b9f79eedddc6bbd71b9f5f9751e5  # 20:17      0-      1  Add linux-next specific files for 20140114

Thanks,
Fengguang

--45Z9DzgjV8m4Oswq
Content-Type: text/plain; charset=us-ascii
Content-Disposition: attachment; filename="dmesg-quantal-cairo-7:20140114040959:i386-randconfig-r5-0114:3.13.0-rc8-01969-g4ce63c6:127"
Content-Transfer-Encoding: quoted-printable

early console in setup code
Probing EDD (edd=3Doff to disable)... ok
[    0.000000] Linux version 3.13.0-rc8-01969-g4ce63c6 (kbuild@roam) (gcc v=
ersion 4.8.1 (Debian 4.8.1-8) ) #127 Tue Jan 14 04:03:30 CST 2014
[    0.000000] e820: BIOS-provided physical RAM map:
[    0.000000] BIOS-e820: [mem 0x0000000000000000-0x000000000009fbff] usable
[    0.000000] BIOS-e820: [mem 0x000000000009fc00-0x000000000009ffff] reser=
ved
[    0.000000] BIOS-e820: [mem 0x00000000000f0000-0x00000000000fffff] reser=
ved
[    0.000000] BIOS-e820: [mem 0x0000000000100000-0x000000000fffdfff] usable
[    0.000000] BIOS-e820: [mem 0x000000000fffe000-0x000000000fffffff] reser=
ved
[    0.000000] BIOS-e820: [mem 0x00000000feffc000-0x00000000feffffff] reser=
ved
[    0.000000] BIOS-e820: [mem 0x00000000fffc0000-0x00000000ffffffff] reser=
ved
[    0.000000] NX (Execute Disable) protection: active
[    0.000000] Hypervisor detected: KVM
[    0.000000] e820: update [mem 0x00000000-0x00000fff] usable =3D=3D> rese=
rved
[    0.000000] e820: remove [mem 0x000a0000-0x000fffff] usable
[    0.000000] e820: last_pfn =3D 0xfffe max_arch_pfn =3D 0x1000000
[    0.000000] MTRR default type: write-back
[    0.000000] MTRR fixed ranges enabled:
[    0.000000]   00000-9FFFF write-back
[    0.000000]   A0000-BFFFF uncachable
[    0.000000]   C0000-FFFFF write-protect
[    0.000000] MTRR variable ranges enabled:
[    0.000000]   0 base 0080000000 mask FF80000000 uncachable
[    0.000000]   1 disabled
[    0.000000]   2 disabled
[    0.000000]   3 disabled
[    0.000000]   4 disabled
[    0.000000]   5 disabled
[    0.000000]   6 disabled
[    0.000000]   7 disabled
[    0.000000] x86 PAT enabled: cpu 0, old 0x70406, new 0x7010600070106
[    0.000000] Scan for SMP in [mem 0x00000000-0x000003ff]
[    0.000000] Scan for SMP in [mem 0x0009fc00-0x0009ffff]
[    0.000000] Scan for SMP in [mem 0x000f0000-0x000fffff]
[    0.000000] found SMP MP-table at [mem 0x000fdac0-0x000fdacf] mapped at =
[400fdac0]
[    0.000000]   mpc: fdad0-fdbec
[    0.000000] initial memory mapped: [mem 0x00000000-0x029fffff]
[    0.000000] Base memory trampoline at [4009b000] 9b000 size 16384
[    0.000000] init_memory_mapping: [mem 0x00000000-0x000fffff]
[    0.000000]  [mem 0x00000000-0x000fffff] page 4k
[    0.000000] init_memory_mapping: [mem 0x0e400000-0x0e5fffff]
[    0.000000]  [mem 0x0e400000-0x0e5fffff] page 4k
[    0.000000] BRK [0x01bfd000, 0x01bfdfff] PGTABLE
[    0.000000] init_memory_mapping: [mem 0x0c000000-0x0e3fffff]
[    0.000000]  [mem 0x0c000000-0x0e3fffff] page 4k
[    0.000000] BRK [0x01bfe000, 0x01bfefff] PGTABLE
[    0.000000] BRK [0x01bff000, 0x01bfffff] PGTABLE
[    0.000000] BRK [0x01c00000, 0x01c00fff] PGTABLE
[    0.000000] BRK [0x01c01000, 0x01c01fff] PGTABLE
[    0.000000] BRK [0x01c02000, 0x01c02fff] PGTABLE
[    0.000000] init_memory_mapping: [mem 0x00100000-0x0bffffff]
[    0.000000]  [mem 0x00100000-0x0bffffff] page 4k
[    0.000000] init_memory_mapping: [mem 0x0e600000-0x0fffdfff]
[    0.000000]  [mem 0x0e600000-0x0fffdfff] page 4k
[    0.000000] RAMDISK: [mem 0x0e7ab000-0x0ffeffff]
[    0.000000] ACPI: RSDP 000fd930 000014 (v00 BOCHS )
[    0.000000] ACPI: RSDT 0fffe450 000034 (v01 BOCHS  BXPCRSDT 00000001 BXP=
C 00000001)
[    0.000000] ACPI: FACP 0fffff80 000074 (v01 BOCHS  BXPCFACP 00000001 BXP=
C 00000001)
[    0.000000] ACPI: DSDT 0fffe490 0011A9 (v01   BXPC   BXDSDT 00000001 INT=
L 20100528)
[    0.000000] ACPI: FACS 0fffff40 000040
[    0.000000] ACPI: SSDT 0ffff7a0 000796 (v01 BOCHS  BXPCSSDT 00000001 BXP=
C 00000001)
[    0.000000] ACPI: APIC 0ffff680 000080 (v01 BOCHS  BXPCAPIC 00000001 BXP=
C 00000001)
[    0.000000] ACPI: HPET 0ffff640 000038 (v01 BOCHS  BXPCHPET 00000001 BXP=
C 00000001)
[    0.000000] ACPI: Local APIC address 0xfee00000
[    0.000000] mapped APIC to         ffffb000 (        fee00000)
[    0.000000] 255MB LOWMEM available.
[    0.000000]   mapped low ram: 0 - 0fffe000
[    0.000000]   low ram: 0 - 0fffe000
[    0.000000] kvm-clock: Using msrs 4b564d01 and 4b564d00
[    0.000000] kvm-clock: cpu 0, msr 0:fffd001, boot clock
[    0.000000] Zone ranges:
[    0.000000]   Normal   [mem 0x00001000-0x0fffdfff]
[    0.000000] Movable zone start for each node
[    0.000000] Early memory node ranges
[    0.000000]   node   0: [mem 0x00001000-0x0009efff]
[    0.000000]   node   0: [mem 0x00100000-0x0fffdfff]
[    0.000000] On node 0 totalpages: 65436
[    0.000000] free_area_init_node: node 0, pgdat 4158157c, node_mem_map 4e=
31b028
[    0.000000]   Normal zone: 640 pages used for memmap
[    0.000000]   Normal zone: 0 pages reserved
[    0.000000]   Normal zone: 65436 pages, LIFO batch:15
[    0.000000] Using APIC driver default
[    0.000000] ACPI: PM-Timer IO Port: 0xb008
[    0.000000] ACPI: Local APIC address 0xfee00000
[    0.000000] mapped APIC to         ffffb000 (        fee00000)
[    0.000000] ACPI: LAPIC (acpi_id[0x00] lapic_id[0x00] enabled)
[    0.000000] ACPI: LAPIC (acpi_id[0x01] lapic_id[0x01] enabled)
[    0.000000] ACPI: NR_CPUS/possible_cpus limit of 1 reached.  Processor 1=
/0x1 ignored.
[    0.000000] ACPI: LAPIC_NMI (acpi_id[0xff] dfl dfl lint[0x1])
[    0.000000] ACPI: IOAPIC (id[0x00] address[0xfec00000] gsi_base[0])
[    0.000000] IOAPIC[0]: apic_id 0, version 17, address 0xfec00000, GSI 0-=
23
[    0.000000] ACPI: INT_SRC_OVR (bus 0 bus_irq 0 global_irq 2 dfl dfl)
[    0.000000] Int: type 0, pol 0, trig 0, bus 00, IRQ 00, APIC ID 0, APIC =
INT 02
[    0.000000] ACPI: INT_SRC_OVR (bus 0 bus_irq 5 global_irq 5 high level)
[    0.000000] Int: type 0, pol 1, trig 3, bus 00, IRQ 05, APIC ID 0, APIC =
INT 05
[    0.000000] ACPI: INT_SRC_OVR (bus 0 bus_irq 9 global_irq 9 high level)
[    0.000000] Int: type 0, pol 1, trig 3, bus 00, IRQ 09, APIC ID 0, APIC =
INT 09
[    0.000000] ACPI: INT_SRC_OVR (bus 0 bus_irq 10 global_irq 10 high level)
[    0.000000] Int: type 0, pol 1, trig 3, bus 00, IRQ 0a, APIC ID 0, APIC =
INT 0a
[    0.000000] ACPI: INT_SRC_OVR (bus 0 bus_irq 11 global_irq 11 high level)
[    0.000000] Int: type 0, pol 1, trig 3, bus 00, IRQ 0b, APIC ID 0, APIC =
INT 0b
[    0.000000] ACPI: IRQ0 used by override.
[    0.000000] Int: type 0, pol 0, trig 0, bus 00, IRQ 01, APIC ID 0, APIC =
INT 01
[    0.000000] ACPI: IRQ2 used by override.
[    0.000000] Int: type 0, pol 0, trig 0, bus 00, IRQ 03, APIC ID 0, APIC =
INT 03
[    0.000000] Int: type 0, pol 0, trig 0, bus 00, IRQ 04, APIC ID 0, APIC =
INT 04
[    0.000000] ACPI: IRQ5 used by override.
[    0.000000] Int: type 0, pol 0, trig 0, bus 00, IRQ 06, APIC ID 0, APIC =
INT 06
[    0.000000] Int: type 0, pol 0, trig 0, bus 00, IRQ 07, APIC ID 0, APIC =
INT 07
[    0.000000] Int: type 0, pol 0, trig 0, bus 00, IRQ 08, APIC ID 0, APIC =
INT 08
[    0.000000] ACPI: IRQ9 used by override.
[    0.000000] ACPI: IRQ10 used by override.
[    0.000000] ACPI: IRQ11 used by override.
[    0.000000] Int: type 0, pol 0, trig 0, bus 00, IRQ 0c, APIC ID 0, APIC =
INT 0c
[    0.000000] Int: type 0, pol 0, trig 0, bus 00, IRQ 0d, APIC ID 0, APIC =
INT 0d
[    0.000000] Int: type 0, pol 0, trig 0, bus 00, IRQ 0e, APIC ID 0, APIC =
INT 0e
[    0.000000] Int: type 0, pol 0, trig 0, bus 00, IRQ 0f, APIC ID 0, APIC =
INT 0f
[    0.000000] Using ACPI (MADT) for SMP configuration information
[    0.000000] ACPI: HPET id: 0x8086a201 base: 0xfed00000
[    0.000000] mapped IOAPIC to ffffa000 (fec00000)
[    0.000000] nr_irqs_gsi: 40
[    0.000000] KVM setup async PF for cpu 0
[    0.000000] kvm-stealtime: cpu 0, msr 1410a00
[    0.000000] e820: [mem 0x10000000-0xfeffbfff] available for PCI devices
[    0.000000] Booting paravirtualized kernel on KVM
[    0.000000] pcpu-alloc: s0 r0 d32768 u32768 alloc=3D1*32768
[    0.000000] pcpu-alloc: [0] 0=20
[    0.000000] Built 1 zonelists in Zone order, mobility grouping on.  Tota=
l pages: 64796
[    0.000000] Kernel command line: hung_task_panic=3D1 earlyprintk=3DttyS0=
,115200 debug apic=3Ddebug sysrq_always_enabled panic=3D10  prompt_ramdisk=
=3D0 console=3DttyS0,115200 console=3Dtty0 vga=3Dnormal  root=3D/dev/ram0 r=
w link=3D/kernel-tests/run-queue/kvm/i386-randconfig-r5-0114/devel-roam-i38=
6-201401140347/.vmlinuz-4ce63c662360dbc01efaba87ffadd97378d89a11-2014011404=
0828-3-cairo branch=3Dlinux-devel/devel-roam-i386-201401140347 BOOT_IMAGE=
=3D/kernel/i386-randconfig-r5-0114/4ce63c662360dbc01efaba87ffadd97378d89a11=
/vmlinuz-3.13.0-rc8-01969-g4ce63c6
[    0.000000] PID hash table entries: 1024 (order: 0, 4096 bytes)
[    0.000000] Dentry cache hash table entries: 32768 (order: 5, 131072 byt=
es)
[    0.000000] Inode-cache hash table entries: 16384 (order: 4, 65536 bytes)
[    0.000000] Initializing CPU#0
[    0.000000] Memory: 221300K/261744K available (2526K kernel code, 1598K =
rwdata, 1548K rodata, 316K init, 6196K bss, 40444K reserved)
[    0.000000] virtual kernel memory layout:
[    0.000000]     fixmap  : 0xfffa1000 - 0xfffff000   ( 376 kB)
[    0.000000]     vmalloc : 0x507fe000 - 0xfff9f000   (2807 MB)
[    0.000000]     lowmem  : 0x40000000 - 0x4fffe000   ( 255 MB)
[    0.000000]       .init : 0x4158c000 - 0x415db000   ( 316 kB)
[    0.000000]       .data : 0x41277e78 - 0x4158bac0   (3151 kB)
[    0.000000]       .text : 0x41000000 - 0x41277e78   (2527 kB)
[    0.000000] Checking if this processor honours the WP bit even in superv=
isor mode...Ok.
[    0.000000] ------------[ cut here ]------------
[    0.000000] WARNING: CPU: 0 PID: 0 at mm/slub.c:1511 __kmem_cache_create=
+0x219/0x229()
[    0.000000] Modules linked in:
[    0.000000] CPU: 0 PID: 0 Comm: swapper Not tainted 3.13.0-rc8-01969-g4c=
e63c6 #127
[    0.000000]  00000000 00000000 413fdf08 412710de 413fdf38 4102bb54 4137f=
43b 00000000
[    0.000000]  00000000 41388b53 000005e7 41093e15 41093e15 415c76e0 4009a=
000 4e31c810
[    0.000000]  413fdf48 4102bbe7 00000009 00000000 413fdf80 41093e15 4126f=
38b 00000000
[    0.000000] Call Trace:
[    0.000000]  [<412710de>] dump_stack+0x16/0x18
[    0.000000]  [<4102bb54>] warn_slowpath_common+0x70/0x87
[    0.000000]  [<41093e15>] ? __kmem_cache_create+0x219/0x229
[    0.000000]  [<41093e15>] ? __kmem_cache_create+0x219/0x229
[    0.000000]  [<4102bbe7>] warn_slowpath_null+0x1d/0x1f
[    0.000000]  [<41093e15>] __kmem_cache_create+0x219/0x229
[    0.000000]  [<4126f38b>] ? printk+0x38/0x3a
[    0.000000]  [<415a170f>] create_boot_cache+0x32/0x5d
[    0.000000]  [<415a2663>] kmem_cache_init+0x48/0xd4
[    0.000000]  [<4158c7d3>] start_kernel+0x176/0x329
[    0.000000]  [<4158c493>] ? repair_env_string+0x51/0x51
[    0.000000]  [<4158c2af>] i386_start_kernel+0x79/0x7d
[    0.000000] ---[ end trace db4b7fde7786bb07 ]---
[    0.000000] SLUB: HWalign=3D128, Order=3D0-3, MinObjects=3D0, CPUs=3D1, =
Nodes=3D1
[    0.000000] NR_IRQS:2304 nr_irqs:256 16
[    0.000000] CPU 0 irqstacks, hard=3D40094000 soft=3D40096000
[    0.000000] console [ttyS0] enabled
[    0.000000] Lock dependency validator: Copyright (c) 2006 Red Hat, Inc.,=
 Ingo Molnar
[    0.000000] ... MAX_LOCKDEP_SUBCLASSES:  8
[    0.000000] ... MAX_LOCK_DEPTH:          48
[    0.000000] ... MAX_LOCKDEP_KEYS:        8191
[    0.000000] ... CLASSHASH_SIZE:          4096
[    0.000000] ... MAX_LOCKDEP_ENTRIES:     16384
[    0.000000] ... MAX_LOCKDEP_CHAINS:      32768
[    0.000000] ... CHAINHASH_SIZE:          16384
[    0.000000]  memory used by lock dependency info: 3823 kB
[    0.000000]  per task-struct memory footprint: 1920 bytes
[    0.000000] ------------------------
[    0.000000] | Locking API testsuite:
[    0.000000] ------------------------------------------------------------=
----------------
[    0.000000]                                  | spin |wlock |rlock |mutex=
 | wsem | rsem |
[    0.000000]   ----------------------------------------------------------=
----------------
[    0.000000]                      A-A deadlock:  ok  |  ok  |  ok  |  ok =
 |  ok  |  ok  |
[    0.000000]                  A-B-B-A deadlock:  ok  |  ok  |  ok  |  ok =
 |  ok  |  ok  |
[    0.000000]              A-B-B-C-C-A deadlock:  ok  |  ok  |  ok  |  ok =
 |  ok  |  ok  |
[    0.000000]              A-B-C-A-B-C deadlock:  ok  |  ok  |  ok  |  ok =
 |  ok  |  ok  |
[    0.000000]          A-B-B-C-C-D-D-A deadlock:  ok  |  ok  |  ok  |  ok =
 |  ok  |  ok  |
[    0.000000]          A-B-C-D-B-D-D-A deadlock:  ok  |  ok  |  ok  |  ok =
 |  ok  |  ok  |
[    0.000000]          A-B-C-D-B-C-D-A deadlock:  ok  |  ok  |  ok  |  ok =
 |  ok  |  ok  |
[    0.000000]                     double unlock:  ok  |  ok  |  ok  |  ok =
 |  ok  |  ok  |
[    0.000000]                   initialize held:  ok  |  ok  |  ok  |  ok =
 |  ok  |  ok  |
[    0.000000]                  bad unlock order:  ok  |  ok  |  ok  |  ok =
 |  ok  |  ok  |
[    0.000000]   ----------------------------------------------------------=
----------------
[    0.000000]               recursive read-lock:             |  ok  |     =
        |  ok  |
[    0.000000]            recursive read-lock #2:             |  ok  |     =
        |  ok  |
[    0.000000]             mixed read-write-lock:             |  ok  |     =
        |  ok  |
[    0.000000]             mixed write-read-lock:             |  ok  |     =
        |  ok  |
[    0.000000]   ----------------------------------------------------------=
----------------
[    0.000000]      hard-irqs-on + irq-safe-A/12:  ok  |  ok  |  ok  |
[    0.000000]      soft-irqs-on + irq-safe-A/12:  ok  |  ok  |  ok  |
[    0.000000]      hard-irqs-on + irq-safe-A/21:  ok  |  ok  |  ok  |
[    0.000000]      soft-irqs-on + irq-safe-A/21:  ok  |  ok  |  ok  |
[    0.000000]        sirq-safe-A =3D> hirqs-on/12:  ok  |  ok  |  ok  |
[    0.000000]        sirq-safe-A =3D> hirqs-on/21:  ok  |  ok  |  ok  |
[    0.000000]          hard-safe-A + irqs-on/12:  ok  |  ok  |  ok  |
[    0.000000]          soft-safe-A + irqs-on/12:  ok  |  ok  |  ok  |
[    0.000000]          hard-safe-A + irqs-on/21:  ok  |  ok  |  ok  |
[    0.000000]          soft-safe-A + irqs-on/21:  ok  |  ok  |  ok  |
[    0.000000]     hard-safe-A + unsafe-B #1/123:  ok  |  ok  |  ok  |
[    0.000000]     soft-safe-A + unsafe-B #1/123:  ok  |  ok  |  ok  |
[    0.000000]     hard-safe-A + unsafe-B #1/132:  ok  |  ok  |  ok  |
[    0.000000]     soft-safe-A + unsafe-B #1/132:  ok  |  ok  |  ok  |
[    0.000000]     hard-safe-A + unsafe-B #1/213:  ok  |  ok  |  ok  |
[    0.000000]     soft-safe-A + unsafe-B #1/213:  ok  |  ok  |  ok  |
[    0.000000]     hard-safe-A + unsafe-B #1/231:  ok  |  ok  |  ok  |
[    0.000000]     soft-safe-A + unsafe-B #1/231:  ok  |  ok  |  ok  |
[    0.000000]     hard-safe-A + unsafe-B #1/312:  ok  |  ok  |  ok  |
[    0.000000]     soft-safe-A + unsafe-B #1/312:  ok  |  ok  |  ok  |
[    0.000000]     hard-safe-A + unsafe-B #1/321:  ok  |  ok  |  ok  |
[    0.000000]     soft-safe-A + unsafe-B #1/321:  ok  |  ok  |  ok  |
[    0.000000]     hard-safe-A + unsafe-B #2/123:  ok  |  ok  |  ok  |
[    0.000000]     soft-safe-A + unsafe-B #2/123:  ok  |  ok  |  ok  |
[    0.000000]     hard-safe-A + unsafe-B #2/132:  ok  |  ok  |  ok  |
[    0.000000]     soft-safe-A + unsafe-B #2/132:  ok  |  ok  |  ok  |
[    0.000000]     hard-safe-A + unsafe-B #2/213:  ok  |  ok  |  ok  |
[    0.000000]     soft-safe-A + unsafe-B #2/213:  ok  |  ok  |  ok  |
[    0.000000]     hard-safe-A + unsafe-B #2/231:  ok  |  ok  |  ok  |
[    0.000000]     soft-safe-A + unsafe-B #2/231:  ok  |  ok  |  ok  |
[    0.000000]     hard-safe-A + unsafe-B #2/312:  ok  |  ok  |  ok  |
[    0.000000]     soft-safe-A + unsafe-B #2/312:  ok  |  ok  |  ok  |
[    0.000000]     hard-safe-A + unsafe-B #2/321:  ok  |  ok  |  ok  |
[    0.000000]     soft-safe-A + unsafe-B #2/321:  ok  |  ok  |  ok  |
[    0.000000]       hard-irq lock-inversion/123:  ok  |  ok  |  ok  |
[    0.000000]       soft-irq lock-inversion/123:  ok  |  ok  |  ok  |
[    0.000000]       hard-irq lock-inversion/132:  ok  |  ok  |  ok  |
[    0.000000]       soft-irq lock-inversion/132:  ok  |  ok  |  ok  |
[    0.000000]       hard-irq lock-inversion/213:  ok  |  ok  |  ok  |
[    0.000000]       soft-irq lock-inversion/213:  ok  |  ok  |  ok  |
[    0.000000]       hard-irq lock-inversion/231:  ok  |  ok  |  ok  |
[    0.000000]       soft-irq lock-inversion/231:  ok  |  ok  |  ok  |
[    0.000000]       hard-irq lock-inversion/312:  ok  |  ok  |  ok  |
[    0.000000]       soft-irq lock-inversion/312:  ok  |  ok  |  ok  |
[    0.000000]       hard-irq lock-inversion/321:  ok  |  ok  |  ok  |
[    0.000000]       soft-irq lock-inversion/321:  ok  |  ok  |  ok  |
[    0.000000]       hard-irq read-recursion/123:  ok  |
[    0.000000]       soft-irq read-recursion/123:  ok  |
[    0.000000]       hard-irq read-recursion/132:  ok  |
[    0.000000]       soft-irq read-recursion/132:  ok  |
[    0.000000]       hard-irq read-recursion/213:  ok  |
[    0.000000]       soft-irq read-recursion/213:  ok  |
[    0.000000]       hard-irq read-recursion/231:  ok  |
[    0.000000]       soft-irq read-recursion/231:  ok  |
[    0.000000]       hard-irq read-recursion/312:  ok  |
[    0.000000]       soft-irq read-recursion/312:  ok  |
[    0.000000]       hard-irq read-recursion/321:  ok  |
[    0.000000]       soft-irq read-recursion/321:  ok  |
[    0.000000]   ----------------------------------------------------------=
----------------
[    0.000000]   | Wound/wait tests |
[    0.000000]   ---------------------
[    0.000000]                   ww api failures:  ok  |  ok  |  ok  |
[    0.000000]                ww contexts mixing:  ok  |  ok  |
[    0.000000]              finishing ww context:  ok  |  ok  |  ok  |  ok =
 |
[    0.000000]                locking mismatches:  ok  |  ok  |  ok  |
[    0.000000]                  EDEADLK handling:  ok  |  ok  |  ok  |  ok =
 |  ok  |  ok  |  ok  |  ok  |  ok  |  ok  |
[    0.000000]            spinlock nest unlocked:  ok  |
[    0.000000]   -----------------------------------------------------
[    0.000000]                                  |block | try  |context|
[    0.000000]   -----------------------------------------------------
[    0.000000]                           context:  ok  |  ok  |  ok  |
[    0.000000]                               try:  ok  |  ok  |  ok  |
[    0.000000]                             block:  ok  |  ok  |  ok  |
[    0.000000]                          spinlock:  ok  |  ok  |  ok  |
[    0.000000] -------------------------------------------------------
[    0.000000] Good, all 253 testcases passed! |
[    0.000000] ---------------------------------
[    0.000000] ODEBUG: 3 of 3 active objects replaced
[    0.000000] hpet clockevent registered
[    0.000000] tsc: Detected 2892.998 MHz processor
[    0.008000] Calibrating delay loop (skipped) preset value.. 5785.99 Bogo=
MIPS (lpj=3D11571992)
[    0.008000] pid_max: default: 32768 minimum: 301
[    0.008000] Security Framework initialized
[    0.008018] Yama: becoming mindful.
[    0.008615] Mount-cache hash table entries: 512
[    0.010189] mce: CPU supports 10 MCE banks
[    0.011010] Last level iTLB entries: 4KB 0, 2MB 0, 4MB 0
[    0.011010] Last level dTLB entries: 4KB 0, 2MB 0, 4MB 0
[    0.011010] tlb_flushall_shift: 6
[    0.012014] CPU: Intel Common KVM processor (fam: 0f, model: 06, steppin=
g: 01)
[    0.019891] ACPI: Core revision 20131115
[    0.023202] ACPI: All ACPI Tables successfully acquired
[    0.025037] Performance Events: unsupported Netburst CPU model 6 no PMU =
driver, software events only.
[    0.028346] Enabling APIC mode:  Flat.  Using 1 I/O APICs
[    0.029265] Getting VERSION: 50014
[    0.029851] Getting VERSION: 50014
[    0.030533] Getting ID: 0
[    0.031001] Getting ID: f000000
[    0.031603] Getting LVT0: 8700
[    0.032018] Getting LVT1: 8400
[    0.032662] enabled ExtINT on CPU#0
[    0.035123] ENABLING IO-APIC IRQs
[    0.035708] init IO_APIC IRQs
[    0.036015]  apic 0 pin 0 not connected
[    0.036746] IOAPIC[0]: Set routing entry (0-1 -> 0x31 -> IRQ 1 Mode:0 Ac=
tive:0 Dest:1)
[    0.038157] IOAPIC[0]: Set routing entry (0-2 -> 0x30 -> IRQ 0 Mode:0 Ac=
tive:0 Dest:1)
[    0.039480] IOAPIC[0]: Set routing entry (0-3 -> 0x33 -> IRQ 3 Mode:0 Ac=
tive:0 Dest:1)
[    0.040045] IOAPIC[0]: Set routing entry (0-4 -> 0x34 -> IRQ 4 Mode:0 Ac=
tive:0 Dest:1)
[    0.041433] IOAPIC[0]: Set routing entry (0-5 -> 0x35 -> IRQ 5 Mode:1 Ac=
tive:0 Dest:1)
[    0.044101] IOAPIC[0]: Set routing entry (0-6 -> 0x36 -> IRQ 6 Mode:0 Ac=
tive:0 Dest:1)
[    0.045424] IOAPIC[0]: Set routing entry (0-7 -> 0x37 -> IRQ 7 Mode:0 Ac=
tive:0 Dest:1)
[    0.046693] IOAPIC[0]: Set routing entry (0-8 -> 0x38 -> IRQ 8 Mode:0 Ac=
tive:0 Dest:1)
[    0.048044] IOAPIC[0]: Set routing entry (0-9 -> 0x39 -> IRQ 9 Mode:1 Ac=
tive:0 Dest:1)
[    0.049368] IOAPIC[0]: Set routing entry (0-10 -> 0x3a -> IRQ 10 Mode:1 =
Active:0 Dest:1)
[    0.050735] IOAPIC[0]: Set routing entry (0-11 -> 0x3b -> IRQ 11 Mode:1 =
Active:0 Dest:1)
[    0.052046] IOAPIC[0]: Set routing entry (0-12 -> 0x3c -> IRQ 12 Mode:0 =
Active:0 Dest:1)
[    0.053387] IOAPIC[0]: Set routing entry (0-13 -> 0x3d -> IRQ 13 Mode:0 =
Active:0 Dest:1)
[    0.054844] IOAPIC[0]: Set routing entry (0-14 -> 0x3e -> IRQ 14 Mode:0 =
Active:0 Dest:1)
[    0.056045] IOAPIC[0]: Set routing entry (0-15 -> 0x3f -> IRQ 15 Mode:0 =
Active:0 Dest:1)
[    0.057403]  apic 0 pin 16 not connected
[    0.058051]  apic 0 pin 17 not connected
[    0.058713]  apic 0 pin 18 not connected
[    0.060009]  apic 0 pin 19 not connected
[    0.060659]  apic 0 pin 20 not connected
[    0.061272]  apic 0 pin 21 not connected
[    0.061896]  apic 0 pin 22 not connected
[    0.062516]  apic 0 pin 23 not connected
[    0.064171] ..TIMER: vector=3D0x30 apic1=3D0 pin1=3D2 apic2=3D-1 pin2=3D=
-1
[    0.065387] Using local APIC timer interrupts.
[    0.065387] calibrating APIC timer ...
[    0.068000] ... lapic delta =3D 6249872
[    0.068000] ... PM-Timer delta =3D 357953
[    0.068000] ... PM-Timer result ok
[    0.068000] ..... delta 6249872
[    0.068000] ..... mult: 268429958
[    0.068000] ..... calibration result: 3999918
[    0.068000] ..... CPU clock speed is 2893.0253 MHz.
[    0.068000] ..... host bus clock speed is 999.3918 MHz.
[    0.068968] atomic64 test passed for i586+ platform with CX8 and with SSE
[    0.069836] pinctrl core: initialized pinctrl subsystem
[    0.070980] regulator-dummy: no parameters
[    0.071701] NET: Registered protocol family 16
[    0.072307] cpuidle: using governor ladder
[    0.072935] ACPI: bus type PCI registered
[    0.073596] PCI : PCI BIOS area is rw and x. Use pci=3Dnobios if you wan=
t it NX.
[    0.074418] PCI: PCI BIOS revision 2.10 entry at 0xfc6d5, last bus=3D0
[    0.075130] PCI: Using configuration type 1 for base access
[    0.077875] ACPI: Added _OSI(Module Device)
[    0.078387] ACPI: Added _OSI(Processor Device)
[    0.078889] ACPI: Added _OSI(3.0 _SCP Extensions)
[    0.079437] ACPI: Added _OSI(Processor Aggregator Device)
[    0.087730] ACPI: Interpreter enabled
[    0.088012] ACPI Exception: AE_NOT_FOUND, While evaluating Sleep State [=
\_S1_] (20131115/hwxface-580)
[    0.089907] ACPI Exception: AE_NOT_FOUND, While evaluating Sleep State [=
\_S2_] (20131115/hwxface-580)
[    0.092075] ACPI: (supports S0 S3 S5)
[    0.092871] ACPI: Using IOAPIC for interrupt routing
[    0.093890] PCI: Using host bridge windows from ACPI; if necessary, use =
"pci=3Dnocrs" and report a bug
[    0.096508] ACPI: No dock devices found.
[    0.106379] ACPI: PCI Root Bridge [PCI0] (domain 0000 [bus 00-ff])
[    0.107162] acpi PNP0A03:00: _OSC: OS supports [ASPM ClockPM Segments MS=
I]
[    0.107965] acpi PNP0A03:00: _OSC failed (AE_NOT_FOUND); disabling ASPM
[    0.108398] acpi PNP0A03:00: fail to add MMCONFIG information, can't acc=
ess extended PCI configuration space under this bridge.
[    0.109831] PCI host bridge to bus 0000:00
[    0.110303] pci_bus 0000:00: root bus resource [bus 00-ff]
[    0.110922] pci_bus 0000:00: root bus resource [io  0x0000-0x0cf7]
[    0.112007] pci_bus 0000:00: root bus resource [io  0x0d00-0xffff]
[    0.112711] pci_bus 0000:00: root bus resource [mem 0x000a0000-0x000bfff=
f]
[    0.113491] pci_bus 0000:00: root bus resource [mem 0x80000000-0xfebffff=
f]
[    0.114335] pci 0000:00:00.0: [8086:1237] type 00 class 0x060000
[    0.116084] pci 0000:00:01.0: [8086:7000] type 00 class 0x060100
[    0.117607] pci 0000:00:01.1: [8086:7010] type 00 class 0x010180
[    0.121242] pci 0000:00:01.1: reg 0x20: [io  0xc1c0-0xc1cf]
[    0.123658] pci 0000:00:01.3: [8086:7113] type 00 class 0x068000
[    0.124358] pci 0000:00:01.3: quirk: [io  0xb000-0xb03f] claimed by PIIX=
4 ACPI
[    0.125184] pci 0000:00:01.3: quirk: [io  0xb100-0xb10f] claimed by PIIX=
4 SMB
[    0.126442] pci 0000:00:02.0: [1013:00b8] type 00 class 0x030000
[    0.128772] pci 0000:00:02.0: reg 0x10: [mem 0xfc000000-0xfdffffff pref]
[    0.132760] pci 0000:00:02.0: reg 0x14: [mem 0xfebf0000-0xfebf0fff]
[    0.141526] pci 0000:00:02.0: reg 0x30: [mem 0xfebe0000-0xfebeffff pref]
[    0.143068] pci 0000:00:03.0: [8086:100e] type 00 class 0x020000
[    0.145255] pci 0000:00:03.0: reg 0x10: [mem 0xfeba0000-0xfebbffff]
[    0.147362] pci 0000:00:03.0: reg 0x14: [io  0xc000-0xc03f]
[    0.156850] pci 0000:00:03.0: reg 0x30: [mem 0xfebc0000-0xfebdffff pref]
[    0.158572] pci 0000:00:04.0: [1af4:1001] type 00 class 0x010000
[    0.160609] pci 0000:00:04.0: reg 0x10: [io  0xc040-0xc07f]
[    0.162464] pci 0000:00:04.0: reg 0x14: [mem 0xfebf1000-0xfebf1fff]
[    0.169803] pci 0000:00:05.0: [1af4:1001] type 00 class 0x010000
[    0.171762] pci 0000:00:05.0: reg 0x10: [io  0xc080-0xc0bf]
[    0.173184] pci 0000:00:05.0: reg 0x14: [mem 0xfebf2000-0xfebf2fff]
[    0.180591] pci 0000:00:06.0: [1af4:1001] type 00 class 0x010000
[    0.182544] pci 0000:00:06.0: reg 0x10: [io  0xc0c0-0xc0ff]
[    0.184601] pci 0000:00:06.0: reg 0x14: [mem 0xfebf3000-0xfebf3fff]
[    0.192085] pci 0000:00:07.0: [1af4:1001] type 00 class 0x010000
[    0.194007] pci 0000:00:07.0: reg 0x10: [io  0xc100-0xc13f]
[    0.195817] pci 0000:00:07.0: reg 0x14: [mem 0xfebf4000-0xfebf4fff]
[    0.202948] pci 0000:00:08.0: [1af4:1001] type 00 class 0x010000
[    0.204603] pci 0000:00:08.0: reg 0x10: [io  0xc140-0xc17f]
[    0.206506] pci 0000:00:08.0: reg 0x14: [mem 0xfebf5000-0xfebf5fff]
[    0.213768] pci 0000:00:09.0: [1af4:1001] type 00 class 0x010000
[    0.216007] pci 0000:00:09.0: reg 0x10: [io  0xc180-0xc1bf]
[    0.217842] pci 0000:00:09.0: reg 0x14: [mem 0xfebf6000-0xfebf6fff]
[    0.224577] pci 0000:00:0a.0: [8086:25ab] type 00 class 0x088000
[    0.225913] pci 0000:00:0a.0: reg 0x10: [mem 0xfebf7000-0xfebf700f]
[    0.231306] pci_bus 0000:00: on NUMA node 0
[    0.233193] ACPI: PCI Interrupt Link [LNKA] (IRQs 5 *10 11)
[    0.234143] ACPI: PCI Interrupt Link [LNKB] (IRQs 5 *10 11)
[    0.235054] ACPI: PCI Interrupt Link [LNKC] (IRQs 5 10 *11)
[    0.235961] ACPI: PCI Interrupt Link [LNKD] (IRQs 5 10 *11)
[    0.236320] ACPI: PCI Interrupt Link [LNKS] (IRQs *9)
[    0.237787] ACPI: Enabled 16 GPEs in block 00 to 0F
[    0.238388] ACPI: \_SB_.PCI0: notify handler is installed
[    0.239135] Found 1 acpi root devices
[    0.240451] vgaarb: device added: PCI:0000:00:02.0,decodes=3Dio+mem,owns=
=3Dio+mem,locks=3Dnone
[    0.241383] vgaarb: loaded
[    0.241694] vgaarb: bridge control possible 0000:00:02.0
[    0.242587] PCI: Using ACPI for IRQ routing
[    0.243083] PCI: pci_cache_line_size set to 64 bytes
[    0.243855] e820: reserve RAM buffer [mem 0x0009fc00-0x0009ffff]
[    0.244011] e820: reserve RAM buffer [mem 0x0fffe000-0x0fffffff]
[    0.245394] HPET: 3 timers in total, 0 timers will be used for per-cpu t=
imer
[    0.246226] hpet0: at MMIO 0xfed00000, IRQs 2, 8, 0
[    0.246855] hpet0: 3 comparators, 64-bit 100.000000 MHz counter
[    0.251296] Switched to clocksource kvm-clock
[    0.252000] pnp: PnP ACPI init
[    0.252000] ACPI: bus type PNP registered
[    0.252000] IOAPIC[0]: Set routing entry (0-8 -> 0x38 -> IRQ 8 Mode:0 Ac=
tive:0 Dest:1)
[    0.252176] pnp 00:00: Plug and Play ACPI device, IDs PNP0b00 (active)
[    0.253431] IOAPIC[0]: Set routing entry (0-1 -> 0x31 -> IRQ 1 Mode:0 Ac=
tive:0 Dest:1)
[    0.254942] pnp 00:01: Plug and Play ACPI device, IDs PNP0303 (active)
[    0.256219] IOAPIC[0]: Set routing entry (0-12 -> 0x3c -> IRQ 12 Mode:0 =
Active:0 Dest:1)
[    0.257765] pnp 00:02: Plug and Play ACPI device, IDs PNP0f13 (active)
[    0.258981] IOAPIC[0]: Set routing entry (0-6 -> 0x36 -> IRQ 6 Mode:0 Ac=
tive:0 Dest:1)
[    0.260469] pnp 00:03: [dma 2]
[    0.261090] pnp 00:03: Plug and Play ACPI device, IDs PNP0700 (active)
[    0.262355] IOAPIC[0]: Set routing entry (0-7 -> 0x37 -> IRQ 7 Mode:0 Ac=
tive:0 Dest:1)
[    0.263863] pnp 00:04: Plug and Play ACPI device, IDs PNP0400 (active)
[    0.265173] IOAPIC[0]: Set routing entry (0-4 -> 0x34 -> IRQ 4 Mode:0 Ac=
tive:0 Dest:1)
[    0.266693] pnp 00:05: Plug and Play ACPI device, IDs PNP0501 (active)
[    0.268310] pnp 00:06: Plug and Play ACPI device, IDs PNP0103 (active)
[    0.269715] pnp: PnP ACPI: found 7 devices
[    0.270460] ACPI: bus type PNP unregistered
[    0.306359] pci_bus 0000:00: resource 4 [io  0x0000-0x0cf7]
[    0.307390] pci_bus 0000:00: resource 5 [io  0x0d00-0xffff]
[    0.308433] pci_bus 0000:00: resource 6 [mem 0x000a0000-0x000bffff]
[    0.309556] pci_bus 0000:00: resource 7 [mem 0x80000000-0xfebfffff]
[    0.310732] NET: Registered protocol family 1
[    0.311532] pci 0000:00:00.0: Limiting direct PCI/PCI transfers
[    0.312641] pci 0000:00:01.0: PIIX3: Enabling Passive Release
[    0.313714] pci 0000:00:01.0: Activating ISA DMA hang workarounds
[    0.314831] pci 0000:00:02.0: Boot video device
[    0.315727] PCI: CLS 0 bytes, default 64
[    0.316822] Unpacking initramfs...
[    1.461208] debug: unmapping init [mem 0x4e7ab000-0x4ffeffff]
[    1.485510] DMA-API: preallocated 65536 debug entries
[    1.486690] DMA-API: debugging enabled by kernel config
[    1.488826] PCLMULQDQ-NI instructions are not detected.
[    1.490006] The force parameter has not been set to 1. The Iris poweroff=
 handler will not be installed.
[    1.492168] cryptomgr_test (12) used greatest stack depth: 7244 bytes le=
ft
[    1.494434] Initialise system trusted keyring
[    1.501024] VFS: Disk quotas dquot_6.5.2
[    1.502123] Dquot-cache hash table entries: 1024 (order 0, 4096 bytes)
[    1.503928] msgmni has been set to 432
[    1.505694] cryptomgr_test (21) used greatest stack depth: 6684 bytes le=
ft
[    1.507958] cryptomgr_test (24) used greatest stack depth: 6660 bytes le=
ft
[    1.509887] cryptomgr_test (25) used greatest stack depth: 6440 bytes le=
ft
[    1.511772] cryptomgr_test (26) used greatest stack depth: 6360 bytes le=
ft
[    1.515719] alg: No test for stdrng (krng)
[    1.530655] alg: No test for fips(ansi_cprng) (fips_ansi_cprng)
[    1.532337] Key type asymmetric registered
[    1.533319] Asymmetric key parser 'x509' registered
[    1.560196] Serial: 8250/16550 driver, 4 ports, IRQ sharing disabled
[    1.586197] 00:05: ttyS0 at I/O 0x3f8 (irq =3D 4, base_baud =3D 115200) =
is a 16550A
[    1.589083] sonypi: Sony Programmable I/O Controller Driver v1.26.
[    1.590784] Non-volatile memory driver v1.3
[    1.591768] Hangcheck: starting hangcheck timer 0.9.1 (tick is 180 secon=
ds, margin is 60 seconds).
[    1.593804] Hangcheck: Using getrawmonotonic().
[    1.594974] Phantom Linux Driver, version n0.9.8, init OK
[    1.596293] Silicon Labs C2 port support v. 0.51.0 - (C) 2007 Rodolfo Gi=
ometti
[    1.597970] Guest personality initialized and is inactive
[    1.599315] VMCI host device registered (name=3Dvmci, major=3D10, minor=
=3D62)
[    1.600880] Initialized host personality
[    1.602309] VFIO - User Level meta-driver version: 0.3
[    1.604426] i8042: PNP: PS/2 Controller [PNP0303:KBD,PNP0f13:MOU] at 0x6=
0,0x64 irq 1,12
[    1.607512] serio: i8042 KBD port at 0x60,0x64 irq 1
[    1.608776] serio: i8042 AUX port at 0x60,0x64 irq 12
[    1.610471] hv_vmbus: registering driver hyperv_keyboard
[    1.612958] input: AT Translated Set 2 keyboard as /devices/platform/i80=
42/serio0/input/input0
[    1.614933] evbug: Connected device: input0 (AT Translated Set 2 keyboar=
d at isa0060/serio0/input0)
[    1.617605] rtc rtc0: test: dev (254:0)
[    1.618487] rtc-test rtc-test.0: rtc core: registered test as rtc0
[    1.620477] rtc rtc1: test: dev (254:1)
[    1.621364] rtc-test rtc-test.1: rtc core: registered test as rtc1
[    1.622845] IR NEC protocol handler initialized
[    1.623867] IR Sony protocol handler initialized
[    1.624955] Driver for 1-wire Dallas network protocol.
[    1.627001] intel_powerclamp: Intel powerclamp does not run on family 15=
 model 6
[    1.628717] cpufreq-nforce2: No nForce2 chipset.
[    1.631241]=20
[    1.631241] printing PIC contents
[    1.632387] ... PIC  IMR: ffff
[    1.633113] ... PIC  IRR: 1013
[    1.633826] ... PIC  ISR: 0000
[    1.634513] ... PIC ELCR: 0c00
[    1.635216] printing local APIC contents on CPU#0/0:
[    1.636320] ... APIC ID:      00000000 (0)
[    1.636358] ... APIC VERSION: 00050014
[    1.636358] ... APIC TASKPRI: 00000000 (00)
[    1.636358] ... APIC PROCPRI: 00000000
[    1.636358] ... APIC LDR: 01000000
[    1.636358] ... APIC DFR: ffffffff
[    1.636358] ... APIC SPIV: 000001ff
[    1.636358] ... APIC ISR field:
[    1.636358] 000000000000000000000000000000000000000000000000000000000000=
0000
[    1.636358] ... APIC TMR field:
[    1.636358] 000000000200000000000000000000000000000000000000000000000000=
0000
[    1.636358] ... APIC IRR field:
[    1.636358] 000000000000000000000000000000000000000000000000000000000000=
8000
[    1.636358] ... APIC ESR: 00000000
[    1.636358] ... APIC ICR: 00000831
[    1.636358] ... APIC ICR2: 01000000
[    1.636358] ... APIC LVTT: 000000ef
[    1.636358] ... APIC LVTPC: 00010000
[    1.636358] ... APIC LVT0: 00010700
[    1.636358] ... APIC LVT1: 00000400
[    1.636358] ... APIC LVTERR: 000000fe
[    1.636358] ... APIC TMICT: 000377f9
[    1.636358] ... APIC TMCCT: 00000000
[    1.636358] ... APIC TDCR: 00000003
[    1.636358]=20
[    1.659000] number of MP IRQ sources: 15.
[    1.659895] number of IO-APIC #0 registers: 24.
[    1.660944] testing the IO APIC.......................
[    1.662127] IO APIC #0......
[    1.662801] .... register #00: 00000000
[    1.663654] .......    : physical APIC id: 00
[    1.664657] .......    : Delivery Type: 0
[    1.665556] .......    : LTS          : 0
[    1.666452] .... register #01: 00170011
[    1.667299] .......     : max redirection entries: 17
[    1.668474] .......     : PRQ implemented: 0
[    1.669437] .......     : IO APIC version: 11
[    1.670412] .... register #02: 00000000
[    1.671273] .......     : arbitration: 00
[    1.672191] .... IRQ redirection table:
[    1.673114] 1    0    0   0   0    0    0    00
[    1.674161] 0    0    0   0   0    1    1    31
[    1.675188] 0    0    0   0   0    1    1    30
[    1.676231] 0    0    0   0   0    1    1    33
[    1.677266] 1    0    0   0   0    1    1    34
[    1.678291] 1    1    0   0   0    1    1    35
[    1.679292] 0    0    0   0   0    1    1    36
[    1.680334] 0    0    0   0   0    1    1    37
[    1.681367] 0    0    0   0   0    1    1    38
[    1.682389] 0    1    0   0   0    1    1    39
[    1.683427] 1    1    0   0   0    1    1    3A
[    1.684493] 1    1    0   0   0    1    1    3B
[    1.685496] 0    0    0   0   0    1    1    3C
[    1.686524] 0    0    0   0   0    1    1    3D
[    1.687548] 0    0    0   0   0    1    1    3E
[    1.688619] 0    0    0   0   0    1    1    3F
[    1.689683] 1    0    0   0   0    0    0    00
[    1.690717] 1    0    0   0   0    0    0    00
[    1.691746] 1    0    0   0   0    0    0    00
[    1.692823] 1    0    0   0   0    0    0    00
[    1.693851] 1    0    0   0   0    0    0    00
[    1.694889] 1    0    0   0   0    0    0    00
[    1.695917] 1    0    0   0   0    0    0    00
[    1.696996] 1    0    0   0   0    0    0    00
[    1.698012] IRQ to pin mappings:
[    1.698742] IRQ0 -> 0:2
[    1.699364] IRQ1 -> 0:1
[    1.699986] IRQ3 -> 0:3
[    1.700643] IRQ4 -> 0:4
[    1.701250] IRQ5 -> 0:5
[    1.701856] IRQ6 -> 0:6
[    1.702471] IRQ7 -> 0:7
[    1.703106] IRQ8 -> 0:8
[    1.703726] IRQ9 -> 0:9
[    1.704381] IRQ10 -> 0:10
[    1.705031] IRQ11 -> 0:11
[    1.705689] IRQ12 -> 0:12
[    1.706337] IRQ13 -> 0:13
[    1.706990] IRQ14 -> 0:14
[    1.707626] IRQ15 -> 0:15
[    1.708332] .................................... done.
[    1.709485] Using IPI Shortcut mode
[    1.710545] Loading compiled-in X.509 certificates
[    1.714031] Loaded X.509 cert 'Magrathea: Glacier signing key: 78050fb16=
e15767fe193bc86e69aa23a324eeac1'
[    1.717367] Key type encrypted registered
[    1.719811] rtc-test rtc-test.0: setting system clock to 2014-01-13 20:0=
8:48 UTC (1389643728)
[    1.723498] debug: unmapping init [mem 0x4158c000-0x415dafff]
[    1.735252] random: init urandom read with 0 bits of entropy available
/bin/sh: /proc/self/fd/9: No such file or directory
/bin/sh: /proc/self/fd/9: No such file or directory
/bin/sh: /proc/self/fd/9: No such file or directory
[    2.488227] tsc: Refined TSC clocksource calibration: 2893.040 MHz
[   12.162745] sock: process `trinity-main' is using obsolete setsockopt SO=
_BSDCOMPAT
plymouth-upstart-bridge: ply-event-loop.c:497: ply_event_loop_new: Assertio=
n `loop->epoll_fd >=3D 0' failed.
/etc/lsb-base-logging.sh: line 5: 23534 Aborted                 plymouth --=
ping > /dev/null 2>&1
 * Asking all remaining processes to terminate...      =20
killall5[23537]: mount returned non-zero exit status
killall5[23537]: /proc not mounted, failed to mount.
/etc/lsb-base-logging.sh: line 5: 23541 Aborted                 plymouth --=
ping > /dev/null 2>&1

mount: proc has wrong device number or fs type proc not supported
killall5[23547]: mount returned non-zero exit status
killall5[23547]: /proc not mounted, failed to mount.
/etc/lsb-base-logging.sh: line 5: 23559 Aborted                 plymouth --=
ping > /dev/null 2>&1
 * All processes ended within 1 seconds....      =20

/etc/rc6.d/S40umountfs: line 20: /proc/mounts: No such file or directory
cat: /proc/1/maps: No such file or directory
cat: /proc/1/maps: No such file or directory
cat: /proc/1/maps: No such file or directory
cat: /proc/1/maps: No such file or directory
cat: /proc/1/maps: No such file or directory
cat: /proc/1/maps: No such file or directory
umount: /var/run: not mounted
umount: /var/lock: not mounted
umount: /dev/shm: not mounted
mount: / is busy
 * Will now restart
[   67.518151] Unregister pv shared memory for cpu 0
[   67.519959] reboot: Restarting system
[   67.520424] reboot: machine restart
Elapsed time: 65
qemu-system-x86_64 -cpu kvm64 -enable-kvm -kernel /kernel/i386-randconfig-r=
5-0114/4ce63c662360dbc01efaba87ffadd97378d89a11/vmlinuz-3.13.0-rc8-01969-g4=
ce63c6 -append 'hung_task_panic=3D1 earlyprintk=3DttyS0,115200 debug apic=
=3Ddebug sysrq_always_enabled panic=3D10  prompt_ramdisk=3D0 console=3DttyS=
0,115200 console=3Dtty0 vga=3Dnormal  root=3D/dev/ram0 rw link=3D/kernel-te=
sts/run-queue/kvm/i386-randconfig-r5-0114/devel-roam-i386-201401140347/.vml=
inuz-4ce63c662360dbc01efaba87ffadd97378d89a11-20140114040828-3-cairo branch=
=3Dlinux-devel/devel-roam-i386-201401140347 BOOT_IMAGE=3D/kernel/i386-randc=
onfig-r5-0114/4ce63c662360dbc01efaba87ffadd97378d89a11/vmlinuz-3.13.0-rc8-0=
1969-g4ce63c6'  -initrd /kernel-tests/initrd/quantal-core-i386.cgz -m 256M =
-smp 2 -net nic,vlan=3D1,model=3De1000 -net user,vlan=3D1,hostfwd=3Dtcp::97=
14-:22 -boot order=3Dnc -no-reboot -watchdog i6300esb -rtc base=3Dlocaltime=
 -drive file=3D/fs/LABEL=3DKVM/disk0-quantal-cairo-7,media=3Ddisk,if=3Dvirt=
io -drive file=3D/fs/LABEL=3DKVM/disk1-quantal-cairo-7,media=3Ddisk,if=3Dvi=
rtio -drive file=3D/fs/LABEL=3DKVM/disk2-quantal-cairo-7,media=3Ddisk,if=3D=
virtio -drive file=3D/fs/LABEL=3DKVM/disk3-quantal-cairo-7,media=3Ddisk,if=
=3Dvirtio -drive file=3D/fs/LABEL=3DKVM/disk4-quantal-cairo-7,media=3Ddisk,=
if=3Dvirtio -drive file=3D/fs/LABEL=3DKVM/disk5-quantal-cairo-7,media=3Ddis=
k,if=3Dvirtio -pidfile /dev/shm/kboot/pid-quantal-cairo-7 -serial file:/dev=
/shm/kboot/serial-quantal-cairo-7 -daemonize -display none -monitor null=20

--45Z9DzgjV8m4Oswq
Content-Type: text/plain; charset=us-ascii
Content-Disposition: attachment; filename="config-3.13.0-rc8-01969-g4ce63c6"

#
# Automatically generated file; DO NOT EDIT.
# Linux/i386 3.13.0-rc8 Kernel Configuration
#
# CONFIG_64BIT is not set
CONFIG_X86_32=y
CONFIG_X86=y
CONFIG_INSTRUCTION_DECODER=y
CONFIG_OUTPUT_FORMAT="elf32-i386"
CONFIG_ARCH_DEFCONFIG="arch/x86/configs/i386_defconfig"
CONFIG_LOCKDEP_SUPPORT=y
CONFIG_STACKTRACE_SUPPORT=y
CONFIG_HAVE_LATENCYTOP_SUPPORT=y
CONFIG_MMU=y
CONFIG_NEED_DMA_MAP_STATE=y
CONFIG_NEED_SG_DMA_LENGTH=y
CONFIG_GENERIC_ISA_DMA=y
CONFIG_GENERIC_BUG=y
CONFIG_GENERIC_HWEIGHT=y
CONFIG_ARCH_MAY_HAVE_PC_FDC=y
CONFIG_RWSEM_XCHGADD_ALGORITHM=y
CONFIG_GENERIC_CALIBRATE_DELAY=y
CONFIG_ARCH_HAS_CPU_RELAX=y
CONFIG_ARCH_HAS_CACHE_LINE_SIZE=y
CONFIG_ARCH_HAS_CPU_AUTOPROBE=y
CONFIG_HAVE_SETUP_PER_CPU_AREA=y
CONFIG_NEED_PER_CPU_EMBED_FIRST_CHUNK=y
CONFIG_NEED_PER_CPU_PAGE_FIRST_CHUNK=y
CONFIG_ARCH_HIBERNATION_POSSIBLE=y
CONFIG_ARCH_SUSPEND_POSSIBLE=y
CONFIG_ARCH_WANT_HUGE_PMD_SHARE=y
CONFIG_ARCH_WANT_GENERAL_HUGETLB=y
# CONFIG_ZONE_DMA32 is not set
# CONFIG_AUDIT_ARCH is not set
CONFIG_ARCH_SUPPORTS_OPTIMIZED_INLINING=y
CONFIG_ARCH_SUPPORTS_DEBUG_PAGEALLOC=y
CONFIG_HAVE_INTEL_TXT=y
CONFIG_X86_32_LAZY_GS=y
CONFIG_ARCH_HWEIGHT_CFLAGS="-fcall-saved-ecx -fcall-saved-edx"
CONFIG_ARCH_SUPPORTS_UPROBES=y
CONFIG_DEFCONFIG_LIST="/lib/modules/$UNAME_RELEASE/.config"
CONFIG_CONSTRUCTORS=y
CONFIG_IRQ_WORK=y
CONFIG_BUILDTIME_EXTABLE_SORT=y

#
# General setup
#
CONFIG_BROKEN_ON_SMP=y
CONFIG_INIT_ENV_ARG_LIMIT=32
CONFIG_CROSS_COMPILE=""
# CONFIG_COMPILE_TEST is not set
CONFIG_LOCALVERSION=""
CONFIG_LOCALVERSION_AUTO=y
CONFIG_HAVE_KERNEL_GZIP=y
CONFIG_HAVE_KERNEL_BZIP2=y
CONFIG_HAVE_KERNEL_LZMA=y
CONFIG_HAVE_KERNEL_XZ=y
CONFIG_HAVE_KERNEL_LZO=y
CONFIG_HAVE_KERNEL_LZ4=y
# CONFIG_KERNEL_GZIP is not set
# CONFIG_KERNEL_BZIP2 is not set
# CONFIG_KERNEL_LZMA is not set
CONFIG_KERNEL_XZ=y
# CONFIG_KERNEL_LZO is not set
# CONFIG_KERNEL_LZ4 is not set
CONFIG_DEFAULT_HOSTNAME="(none)"
CONFIG_SYSVIPC=y
# CONFIG_POSIX_MQUEUE is not set
# CONFIG_FHANDLE is not set
# CONFIG_AUDIT is not set

#
# IRQ subsystem
#
CONFIG_GENERIC_IRQ_PROBE=y
CONFIG_GENERIC_IRQ_SHOW=y
CONFIG_GENERIC_IRQ_CHIP=y
CONFIG_IRQ_DOMAIN=y
# CONFIG_IRQ_DOMAIN_DEBUG is not set
CONFIG_IRQ_FORCED_THREADING=y
CONFIG_SPARSE_IRQ=y
CONFIG_CLOCKSOURCE_WATCHDOG=y
CONFIG_KTIME_SCALAR=y
CONFIG_GENERIC_CLOCKEVENTS=y
CONFIG_GENERIC_CLOCKEVENTS_BUILD=y
CONFIG_GENERIC_CLOCKEVENTS_BROADCAST=y
CONFIG_GENERIC_CLOCKEVENTS_MIN_ADJUST=y
CONFIG_GENERIC_CMOS_UPDATE=y

#
# Timers subsystem
#
CONFIG_TICK_ONESHOT=y
CONFIG_HZ_PERIODIC=y
# CONFIG_NO_HZ_IDLE is not set
# CONFIG_NO_HZ is not set
CONFIG_HIGH_RES_TIMERS=y

#
# CPU/Task time and stats accounting
#
CONFIG_TICK_CPU_ACCOUNTING=y
# CONFIG_IRQ_TIME_ACCOUNTING is not set
CONFIG_BSD_PROCESS_ACCT=y
CONFIG_BSD_PROCESS_ACCT_V3=y
# CONFIG_TASKSTATS is not set

#
# RCU Subsystem
#
CONFIG_TINY_RCU=y
# CONFIG_PREEMPT_RCU is not set
# CONFIG_RCU_STALL_COMMON is not set
# CONFIG_TREE_RCU_TRACE is not set
CONFIG_IKCONFIG=y
CONFIG_LOG_BUF_SHIFT=17
CONFIG_HAVE_UNSTABLE_SCHED_CLOCK=y
CONFIG_ARCH_SUPPORTS_NUMA_BALANCING=y
CONFIG_ARCH_WANTS_PROT_NUMA_PROT_NONE=y
CONFIG_CHECKPOINT_RESTORE=y
CONFIG_NAMESPACES=y
CONFIG_UTS_NS=y
CONFIG_IPC_NS=y
CONFIG_USER_NS=y
CONFIG_PID_NS=y
CONFIG_NET_NS=y
CONFIG_UIDGID_STRICT_TYPE_CHECKS=y
# CONFIG_SCHED_AUTOGROUP is not set
# CONFIG_SYSFS_DEPRECATED is not set
# CONFIG_RELAY is not set
CONFIG_BLK_DEV_INITRD=y
CONFIG_INITRAMFS_SOURCE=""
CONFIG_RD_GZIP=y
# CONFIG_RD_BZIP2 is not set
# CONFIG_RD_LZMA is not set
CONFIG_RD_XZ=y
# CONFIG_RD_LZO is not set
# CONFIG_RD_LZ4 is not set
CONFIG_CC_OPTIMIZE_FOR_SIZE=y
CONFIG_ANON_INODES=y
CONFIG_HAVE_UID16=y
CONFIG_SYSCTL_EXCEPTION_TRACE=y
CONFIG_HAVE_PCSPKR_PLATFORM=y
CONFIG_EXPERT=y
# CONFIG_UID16 is not set
CONFIG_KALLSYMS=y
CONFIG_KALLSYMS_ALL=y
CONFIG_PRINTK=y
CONFIG_BUG=y
CONFIG_PCSPKR_PLATFORM=y
CONFIG_BASE_FULL=y
CONFIG_FUTEX=y
# CONFIG_EPOLL is not set
# CONFIG_SIGNALFD is not set
CONFIG_TIMERFD=y
# CONFIG_EVENTFD is not set
# CONFIG_SHMEM is not set
CONFIG_AIO=y
CONFIG_PCI_QUIRKS=y
# CONFIG_EMBEDDED is not set
CONFIG_HAVE_PERF_EVENTS=y
CONFIG_PERF_USE_VMALLOC=y

#
# Kernel Performance Events And Counters
#
CONFIG_PERF_EVENTS=y
CONFIG_DEBUG_PERF_USE_VMALLOC=y
CONFIG_VM_EVENT_COUNTERS=y
# CONFIG_SLUB_DEBUG is not set
CONFIG_COMPAT_BRK=y
# CONFIG_SLAB is not set
CONFIG_SLUB=y
# CONFIG_SLOB is not set
# CONFIG_PROFILING is not set
CONFIG_HAVE_OPROFILE=y
CONFIG_OPROFILE_NMI_TIMER=y
# CONFIG_KPROBES is not set
CONFIG_JUMP_LABEL=y
# CONFIG_HAVE_64BIT_ALIGNED_ACCESS is not set
CONFIG_HAVE_EFFICIENT_UNALIGNED_ACCESS=y
CONFIG_ARCH_USE_BUILTIN_BSWAP=y
CONFIG_HAVE_IOREMAP_PROT=y
CONFIG_HAVE_KPROBES=y
CONFIG_HAVE_KRETPROBES=y
CONFIG_HAVE_OPTPROBES=y
CONFIG_HAVE_KPROBES_ON_FTRACE=y
CONFIG_HAVE_ARCH_TRACEHOOK=y
CONFIG_HAVE_DMA_ATTRS=y
CONFIG_HAVE_DMA_CONTIGUOUS=y
CONFIG_GENERIC_SMP_IDLE_THREAD=y
CONFIG_HAVE_REGS_AND_STACK_ACCESS_API=y
CONFIG_HAVE_CLK=y
CONFIG_HAVE_DMA_API_DEBUG=y
CONFIG_HAVE_HW_BREAKPOINT=y
CONFIG_HAVE_MIXED_BREAKPOINTS_REGS=y
CONFIG_HAVE_USER_RETURN_NOTIFIER=y
CONFIG_HAVE_PERF_EVENTS_NMI=y
CONFIG_HAVE_PERF_REGS=y
CONFIG_HAVE_PERF_USER_STACK_DUMP=y
CONFIG_HAVE_ARCH_JUMP_LABEL=y
CONFIG_ARCH_HAVE_NMI_SAFE_CMPXCHG=y
CONFIG_HAVE_ALIGNED_STRUCT_PAGE=y
CONFIG_HAVE_CMPXCHG_LOCAL=y
CONFIG_HAVE_CMPXCHG_DOUBLE=y
CONFIG_ARCH_WANT_IPC_PARSE_VERSION=y
CONFIG_HAVE_ARCH_SECCOMP_FILTER=y
CONFIG_HAVE_IRQ_TIME_ACCOUNTING=y
CONFIG_HAVE_ARCH_TRANSPARENT_HUGEPAGE=y
CONFIG_HAVE_ARCH_SOFT_DIRTY=y
CONFIG_MODULES_USE_ELF_REL=y
CONFIG_CLONE_BACKWARDS=y
CONFIG_OLD_SIGSUSPEND3=y
CONFIG_OLD_SIGACTION=y

#
# GCOV-based kernel profiling
#
CONFIG_GCOV_KERNEL=y
# CONFIG_GCOV_PROFILE_ALL is not set
# CONFIG_GCOV_FORMAT_AUTODETECT is not set
CONFIG_GCOV_FORMAT_3_4=y
# CONFIG_GCOV_FORMAT_4_7 is not set
CONFIG_HAVE_GENERIC_DMA_COHERENT=y
CONFIG_RT_MUTEXES=y
CONFIG_BASE_SMALL=0
CONFIG_SYSTEM_TRUSTED_KEYRING=y
CONFIG_MODULES=y
CONFIG_MODULE_FORCE_LOAD=y
# CONFIG_MODULE_UNLOAD is not set
CONFIG_MODVERSIONS=y
CONFIG_MODULE_SRCVERSION_ALL=y
CONFIG_MODULE_SIG=y
# CONFIG_MODULE_SIG_FORCE is not set
CONFIG_MODULE_SIG_ALL=y
# CONFIG_MODULE_SIG_SHA1 is not set
# CONFIG_MODULE_SIG_SHA224 is not set
# CONFIG_MODULE_SIG_SHA256 is not set
# CONFIG_MODULE_SIG_SHA384 is not set
CONFIG_MODULE_SIG_SHA512=y
CONFIG_MODULE_SIG_HASH="sha512"
# CONFIG_BLOCK is not set
CONFIG_ASN1=y
CONFIG_UNINLINE_SPIN_UNLOCK=y
CONFIG_FREEZER=y

#
# Processor type and features
#
# CONFIG_ZONE_DMA is not set
# CONFIG_SMP is not set
CONFIG_X86_MPPARSE=y
CONFIG_X86_EXTENDED_PLATFORM=y
# CONFIG_X86_GOLDFISH is not set
# CONFIG_X86_WANT_INTEL_MID is not set
CONFIG_X86_INTEL_LPSS=y
CONFIG_X86_RDC321X=y
CONFIG_X86_SUPPORTS_MEMORY_FAILURE=y
CONFIG_X86_32_IRIS=y
# CONFIG_SCHED_OMIT_FRAME_POINTER is not set
CONFIG_HYPERVISOR_GUEST=y
CONFIG_PARAVIRT=y
# CONFIG_PARAVIRT_DEBUG is not set
# CONFIG_XEN_PRIVILEGED_GUEST is not set
CONFIG_KVM_GUEST=y
# CONFIG_KVM_DEBUG_FS is not set
# CONFIG_LGUEST_GUEST is not set
# CONFIG_PARAVIRT_TIME_ACCOUNTING is not set
CONFIG_PARAVIRT_CLOCK=y
CONFIG_NO_BOOTMEM=y
# CONFIG_MEMTEST is not set
CONFIG_M486=y
# CONFIG_M586 is not set
# CONFIG_M586TSC is not set
# CONFIG_M586MMX is not set
# CONFIG_M686 is not set
# CONFIG_MPENTIUMII is not set
# CONFIG_MPENTIUMIII is not set
# CONFIG_MPENTIUMM is not set
# CONFIG_MPENTIUM4 is not set
# CONFIG_MK6 is not set
# CONFIG_MK7 is not set
# CONFIG_MK8 is not set
# CONFIG_MCRUSOE is not set
# CONFIG_MEFFICEON is not set
# CONFIG_MWINCHIPC6 is not set
# CONFIG_MWINCHIP3D is not set
# CONFIG_MELAN is not set
# CONFIG_MGEODEGX1 is not set
# CONFIG_MGEODE_LX is not set
# CONFIG_MCYRIXIII is not set
# CONFIG_MVIAC3_2 is not set
# CONFIG_MVIAC7 is not set
# CONFIG_MCORE2 is not set
# CONFIG_MATOM is not set
CONFIG_X86_GENERIC=y
CONFIG_X86_INTERNODE_CACHE_SHIFT=6
CONFIG_X86_L1_CACHE_SHIFT=6
# CONFIG_X86_PPRO_FENCE is not set
CONFIG_X86_F00F_BUG=y
CONFIG_X86_INVD_BUG=y
CONFIG_X86_ALIGNMENT_16=y
CONFIG_X86_INTEL_USERCOPY=y
CONFIG_X86_CMPXCHG64=y
CONFIG_X86_MINIMUM_CPU_FAMILY=5
# CONFIG_PROCESSOR_SELECT is not set
CONFIG_CPU_SUP_INTEL=y
CONFIG_CPU_SUP_CYRIX_32=y
CONFIG_CPU_SUP_AMD=y
CONFIG_CPU_SUP_CENTAUR=y
CONFIG_CPU_SUP_TRANSMETA_32=y
CONFIG_CPU_SUP_UMC_32=y
CONFIG_HPET_TIMER=y
# CONFIG_DMI is not set
CONFIG_NR_CPUS=1
# CONFIG_PREEMPT_NONE is not set
CONFIG_PREEMPT_VOLUNTARY=y
# CONFIG_PREEMPT is not set
CONFIG_PREEMPT_COUNT=y
CONFIG_X86_LOCAL_APIC=y
CONFIG_X86_IO_APIC=y
# CONFIG_X86_REROUTE_FOR_BROKEN_BOOT_IRQS is not set
CONFIG_X86_MCE=y
CONFIG_X86_MCE_INTEL=y
# CONFIG_X86_MCE_AMD is not set
CONFIG_X86_ANCIENT_MCE=y
CONFIG_X86_MCE_THRESHOLD=y
CONFIG_X86_MCE_INJECT=m
CONFIG_X86_THERMAL_VECTOR=y
# CONFIG_VM86 is not set
CONFIG_TOSHIBA=m
# CONFIG_I8K is not set
CONFIG_X86_REBOOTFIXUPS=y
CONFIG_MICROCODE=y
# CONFIG_MICROCODE_INTEL is not set
# CONFIG_MICROCODE_AMD is not set
CONFIG_MICROCODE_OLD_INTERFACE=y
# CONFIG_MICROCODE_INTEL_EARLY is not set
# CONFIG_MICROCODE_AMD_EARLY is not set
CONFIG_MICROCODE_EARLY=y
CONFIG_X86_MSR=y
# CONFIG_X86_CPUID is not set
CONFIG_NOHIGHMEM=y
# CONFIG_HIGHMEM4G is not set
# CONFIG_VMSPLIT_3G is not set
# CONFIG_VMSPLIT_2G is not set
CONFIG_VMSPLIT_1G=y
CONFIG_PAGE_OFFSET=0x40000000
CONFIG_X86_PAE=y
CONFIG_ARCH_PHYS_ADDR_T_64BIT=y
CONFIG_ARCH_FLATMEM_ENABLE=y
CONFIG_ARCH_SPARSEMEM_ENABLE=y
CONFIG_ARCH_SELECT_MEMORY_MODEL=y
CONFIG_ILLEGAL_POINTER_VALUE=0
CONFIG_SELECT_MEMORY_MODEL=y
CONFIG_FLATMEM_MANUAL=y
# CONFIG_SPARSEMEM_MANUAL is not set
CONFIG_FLATMEM=y
CONFIG_FLAT_NODE_MEM_MAP=y
CONFIG_SPARSEMEM_STATIC=y
CONFIG_HAVE_MEMBLOCK=y
CONFIG_HAVE_MEMBLOCK_NODE_MAP=y
CONFIG_ARCH_DISCARD_MEMBLOCK=y
CONFIG_MEMORY_ISOLATION=y
# CONFIG_HAVE_BOOTMEM_INFO_NODE is not set
CONFIG_PAGEFLAGS_EXTENDED=y
CONFIG_SPLIT_PTLOCK_CPUS=4
CONFIG_ARCH_ENABLE_SPLIT_PMD_PTLOCK=y
# CONFIG_BALLOON_COMPACTION is not set
CONFIG_COMPACTION=y
CONFIG_MIGRATION=y
CONFIG_PHYS_ADDR_T_64BIT=y
CONFIG_ZONE_DMA_FLAG=0
CONFIG_VIRT_TO_BUS=y
# CONFIG_KSM is not set
CONFIG_DEFAULT_MMAP_MIN_ADDR=4096
CONFIG_ARCH_SUPPORTS_MEMORY_FAILURE=y
# CONFIG_MEMORY_FAILURE is not set
CONFIG_TRANSPARENT_HUGEPAGE=y
# CONFIG_TRANSPARENT_HUGEPAGE_ALWAYS is not set
CONFIG_TRANSPARENT_HUGEPAGE_MADVISE=y
# CONFIG_CROSS_MEMORY_ATTACH is not set
CONFIG_NEED_PER_CPU_KM=y
CONFIG_CLEANCACHE=y
CONFIG_CMA=y
# CONFIG_CMA_DEBUG is not set
# CONFIG_ZBUD is not set
CONFIG_X86_CHECK_BIOS_CORRUPTION=y
# CONFIG_X86_BOOTPARAM_MEMORY_CORRUPTION_CHECK is not set
CONFIG_X86_RESERVE_LOW=64
CONFIG_MATH_EMULATION=y
CONFIG_MTRR=y
# CONFIG_MTRR_SANITIZER is not set
CONFIG_X86_PAT=y
CONFIG_ARCH_USES_PG_UNCACHED=y
CONFIG_ARCH_RANDOM=y
CONFIG_X86_SMAP=y
# CONFIG_EFI is not set
# CONFIG_SECCOMP is not set
# CONFIG_CC_STACKPROTECTOR is not set
# CONFIG_HZ_100 is not set
CONFIG_HZ_250=y
# CONFIG_HZ_300 is not set
# CONFIG_HZ_1000 is not set
CONFIG_HZ=250
CONFIG_SCHED_HRTICK=y
CONFIG_KEXEC=y
CONFIG_PHYSICAL_START=0x1000000
# CONFIG_RELOCATABLE is not set
CONFIG_PHYSICAL_ALIGN=0x1000000
# CONFIG_COMPAT_VDSO is not set
# CONFIG_CMDLINE_BOOL is not set

#
# Power management and ACPI options
#
CONFIG_SUSPEND=y
CONFIG_SUSPEND_FREEZER=y
CONFIG_PM_SLEEP=y
CONFIG_PM_AUTOSLEEP=y
CONFIG_PM_WAKELOCKS=y
CONFIG_PM_WAKELOCKS_LIMIT=100
CONFIG_PM_WAKELOCKS_GC=y
CONFIG_PM_RUNTIME=y
CONFIG_PM=y
# CONFIG_PM_DEBUG is not set
CONFIG_PM_CLK=y
CONFIG_WQ_POWER_EFFICIENT_DEFAULT=y
CONFIG_ACPI=y
CONFIG_ACPI_SLEEP=y
CONFIG_ACPI_EC_DEBUGFS=y
# CONFIG_ACPI_AC is not set
# CONFIG_ACPI_BATTERY is not set
CONFIG_ACPI_BUTTON=m
# CONFIG_ACPI_FAN is not set
CONFIG_ACPI_DOCK=y
CONFIG_ACPI_PROCESSOR=y
CONFIG_ACPI_PROCESSOR_AGGREGATOR=y
# CONFIG_ACPI_THERMAL is not set
CONFIG_ACPI_CUSTOM_DSDT_FILE=""
# CONFIG_ACPI_CUSTOM_DSDT is not set
# CONFIG_ACPI_INITRD_TABLE_OVERRIDE is not set
CONFIG_ACPI_DEBUG=y
# CONFIG_ACPI_PCI_SLOT is not set
CONFIG_X86_PM_TIMER=y
# CONFIG_ACPI_CONTAINER is not set
# CONFIG_ACPI_SBS is not set
# CONFIG_ACPI_HED is not set
CONFIG_ACPI_CUSTOM_METHOD=m
# CONFIG_ACPI_APEI is not set
# CONFIG_ACPI_EXTLOG is not set
CONFIG_SFI=y
# CONFIG_APM is not set

#
# CPU Frequency scaling
#
CONFIG_CPU_FREQ=y
CONFIG_CPU_FREQ_GOV_COMMON=y
CONFIG_CPU_FREQ_STAT=m
# CONFIG_CPU_FREQ_STAT_DETAILS is not set
# CONFIG_CPU_FREQ_DEFAULT_GOV_PERFORMANCE is not set
# CONFIG_CPU_FREQ_DEFAULT_GOV_POWERSAVE is not set
CONFIG_CPU_FREQ_DEFAULT_GOV_USERSPACE=y
# CONFIG_CPU_FREQ_DEFAULT_GOV_ONDEMAND is not set
# CONFIG_CPU_FREQ_DEFAULT_GOV_CONSERVATIVE is not set
# CONFIG_CPU_FREQ_GOV_PERFORMANCE is not set
CONFIG_CPU_FREQ_GOV_POWERSAVE=y
CONFIG_CPU_FREQ_GOV_USERSPACE=y
CONFIG_CPU_FREQ_GOV_ONDEMAND=m
CONFIG_CPU_FREQ_GOV_CONSERVATIVE=m

#
# x86 CPU frequency scaling drivers
#
CONFIG_X86_INTEL_PSTATE=y
CONFIG_X86_PCC_CPUFREQ=m
CONFIG_X86_ACPI_CPUFREQ=y
CONFIG_X86_ACPI_CPUFREQ_CPB=y
CONFIG_X86_POWERNOW_K6=y
# CONFIG_X86_POWERNOW_K7 is not set
# CONFIG_X86_POWERNOW_K8 is not set
CONFIG_X86_AMD_FREQ_SENSITIVITY=m
CONFIG_X86_GX_SUSPMOD=m
CONFIG_X86_SPEEDSTEP_CENTRINO=m
CONFIG_X86_SPEEDSTEP_CENTRINO_TABLE=y
CONFIG_X86_SPEEDSTEP_ICH=y
CONFIG_X86_SPEEDSTEP_SMI=m
CONFIG_X86_P4_CLOCKMOD=y
CONFIG_X86_CPUFREQ_NFORCE2=y
CONFIG_X86_LONGRUN=m
# CONFIG_X86_LONGHAUL is not set
# CONFIG_X86_E_POWERSAVER is not set

#
# shared options
#
CONFIG_X86_SPEEDSTEP_LIB=y
# CONFIG_X86_SPEEDSTEP_RELAXED_CAP_CHECK is not set

#
# CPU Idle
#
CONFIG_CPU_IDLE=y
# CONFIG_CPU_IDLE_MULTIPLE_DRIVERS is not set
CONFIG_CPU_IDLE_GOV_LADDER=y
# CONFIG_CPU_IDLE_GOV_MENU is not set
# CONFIG_ARCH_NEEDS_CPU_IDLE_COUPLED is not set
CONFIG_INTEL_IDLE=y

#
# Bus options (PCI etc.)
#
CONFIG_PCI=y
# CONFIG_PCI_GOBIOS is not set
# CONFIG_PCI_GOMMCONFIG is not set
# CONFIG_PCI_GODIRECT is not set
CONFIG_PCI_GOANY=y
CONFIG_PCI_BIOS=y
CONFIG_PCI_DIRECT=y
CONFIG_PCI_MMCONFIG=y
CONFIG_PCI_DOMAINS=y
# CONFIG_PCI_CNB20LE_QUIRK is not set
CONFIG_PCIEPORTBUS=y
CONFIG_PCIEAER=y
CONFIG_PCIE_ECRC=y
# CONFIG_PCIEAER_INJECT is not set
CONFIG_PCIEASPM=y
# CONFIG_PCIEASPM_DEBUG is not set
# CONFIG_PCIEASPM_DEFAULT is not set
CONFIG_PCIEASPM_POWERSAVE=y
# CONFIG_PCIEASPM_PERFORMANCE is not set
CONFIG_PCIE_PME=y
CONFIG_PCI_MSI=y
# CONFIG_PCI_DEBUG is not set
# CONFIG_PCI_REALLOC_ENABLE_AUTO is not set
# CONFIG_PCI_STUB is not set
CONFIG_HT_IRQ=y
CONFIG_PCI_ATS=y
# CONFIG_PCI_IOV is not set
# CONFIG_PCI_PRI is not set
CONFIG_PCI_PASID=y
# CONFIG_PCI_IOAPIC is not set
CONFIG_PCI_LABEL=y

#
# PCI host controller drivers
#
CONFIG_ISA_DMA_API=y
# CONFIG_ISA is not set
CONFIG_SCx200=m
CONFIG_SCx200HR_TIMER=m
# CONFIG_ALIX is not set
# CONFIG_NET5501 is not set
CONFIG_AMD_NB=y
# CONFIG_PCCARD is not set
# CONFIG_HOTPLUG_PCI is not set
# CONFIG_RAPIDIO is not set
# CONFIG_X86_SYSFB is not set

#
# Executable file formats / Emulations
#
CONFIG_BINFMT_ELF=y
CONFIG_ARCH_BINFMT_ELF_RANDOMIZE_PIE=y
CONFIG_BINFMT_SCRIPT=y
CONFIG_HAVE_AOUT=y
CONFIG_BINFMT_AOUT=m
CONFIG_BINFMT_MISC=m
# CONFIG_COREDUMP is not set
CONFIG_HAVE_ATOMIC_IOMAP=y
CONFIG_NET=y

#
# Networking options
#
# CONFIG_PACKET is not set
CONFIG_UNIX=y
# CONFIG_UNIX_DIAG is not set
# CONFIG_NET_KEY is not set
# CONFIG_INET is not set
# CONFIG_NETWORK_SECMARK is not set
# CONFIG_NETWORK_PHY_TIMESTAMPING is not set
# CONFIG_NETFILTER is not set
# CONFIG_ATM is not set
# CONFIG_BRIDGE is not set
# CONFIG_VLAN_8021Q is not set
# CONFIG_DECNET is not set
# CONFIG_LLC2 is not set
# CONFIG_IPX is not set
# CONFIG_ATALK is not set
# CONFIG_X25 is not set
# CONFIG_LAPB is not set
# CONFIG_PHONET is not set
# CONFIG_IEEE802154 is not set
# CONFIG_NET_SCHED is not set
# CONFIG_DCB is not set
# CONFIG_DNS_RESOLVER is not set
# CONFIG_BATMAN_ADV is not set
# CONFIG_OPENVSWITCH is not set
# CONFIG_VSOCKETS is not set
# CONFIG_NETLINK_MMAP is not set
# CONFIG_NETLINK_DIAG is not set
# CONFIG_NET_MPLS_GSO is not set
# CONFIG_HSR is not set
CONFIG_NET_RX_BUSY_POLL=y
CONFIG_BQL=y

#
# Network testing
#
# CONFIG_HAMRADIO is not set
# CONFIG_CAN is not set
# CONFIG_IRDA is not set
# CONFIG_BT is not set
CONFIG_WIRELESS=y
# CONFIG_CFG80211 is not set
# CONFIG_LIB80211 is not set

#
# CFG80211 needs to be enabled for MAC80211
#
# CONFIG_WIMAX is not set
# CONFIG_RFKILL is not set
# CONFIG_RFKILL_REGULATOR is not set
# CONFIG_NET_9P is not set
# CONFIG_CAIF is not set
# CONFIG_NFC is not set

#
# Device Drivers
#

#
# Generic Driver Options
#
CONFIG_UEVENT_HELPER_PATH=""
# CONFIG_DEVTMPFS is not set
# CONFIG_STANDALONE is not set
CONFIG_PREVENT_FIRMWARE_BUILD=y
CONFIG_FW_LOADER=y
CONFIG_FIRMWARE_IN_KERNEL=y
CONFIG_EXTRA_FIRMWARE=""
# CONFIG_FW_LOADER_USER_HELPER is not set
# CONFIG_DEBUG_DRIVER is not set
CONFIG_DEBUG_DEVRES=y
# CONFIG_SYS_HYPERVISOR is not set
# CONFIG_GENERIC_CPU_DEVICES is not set
CONFIG_REGMAP=y
CONFIG_REGMAP_I2C=m
CONFIG_REGMAP_MMIO=y
CONFIG_REGMAP_IRQ=y
# CONFIG_DMA_SHARED_BUFFER is not set
# CONFIG_DMA_CMA is not set

#
# Bus devices
#
# CONFIG_CONNECTOR is not set
CONFIG_MTD=m
# CONFIG_MTD_TESTS is not set
CONFIG_MTD_REDBOOT_PARTS=m
CONFIG_MTD_REDBOOT_DIRECTORY_BLOCK=-1
# CONFIG_MTD_REDBOOT_PARTS_UNALLOCATED is not set
# CONFIG_MTD_REDBOOT_PARTS_READONLY is not set
CONFIG_MTD_CMDLINE_PARTS=m
CONFIG_MTD_AR7_PARTS=m

#
# User Modules And Translation Layers
#
CONFIG_MTD_OOPS=m

#
# RAM/ROM/Flash chip drivers
#
CONFIG_MTD_CFI=m
CONFIG_MTD_JEDECPROBE=m
CONFIG_MTD_GEN_PROBE=m
CONFIG_MTD_CFI_ADV_OPTIONS=y
# CONFIG_MTD_CFI_NOSWAP is not set
CONFIG_MTD_CFI_BE_BYTE_SWAP=y
# CONFIG_MTD_CFI_LE_BYTE_SWAP is not set
CONFIG_MTD_CFI_GEOMETRY=y
# CONFIG_MTD_MAP_BANK_WIDTH_1 is not set
# CONFIG_MTD_MAP_BANK_WIDTH_2 is not set
# CONFIG_MTD_MAP_BANK_WIDTH_4 is not set
# CONFIG_MTD_MAP_BANK_WIDTH_8 is not set
CONFIG_MTD_MAP_BANK_WIDTH_16=y
CONFIG_MTD_MAP_BANK_WIDTH_32=y
CONFIG_MTD_CFI_I1=y
# CONFIG_MTD_CFI_I2 is not set
CONFIG_MTD_CFI_I4=y
CONFIG_MTD_CFI_I8=y
CONFIG_MTD_OTP=y
CONFIG_MTD_CFI_INTELEXT=m
CONFIG_MTD_CFI_AMDSTD=m
# CONFIG_MTD_CFI_STAA is not set
CONFIG_MTD_CFI_UTIL=m
# CONFIG_MTD_RAM is not set
CONFIG_MTD_ROM=m
CONFIG_MTD_ABSENT=m

#
# Mapping drivers for chip access
#
# CONFIG_MTD_COMPLEX_MAPPINGS is not set
CONFIG_MTD_PHYSMAP=m
CONFIG_MTD_PHYSMAP_COMPAT=y
CONFIG_MTD_PHYSMAP_START=0x8000000
CONFIG_MTD_PHYSMAP_LEN=0
CONFIG_MTD_PHYSMAP_BANKWIDTH=2
CONFIG_MTD_SC520CDP=m
# CONFIG_MTD_NETSC520 is not set
CONFIG_MTD_TS5500=m
CONFIG_MTD_SCx200_DOCFLASH=m
CONFIG_MTD_AMD76XROM=m
CONFIG_MTD_ICHXROM=m
CONFIG_MTD_ESB2ROM=m
# CONFIG_MTD_CK804XROM is not set
CONFIG_MTD_SCB2_FLASH=m
CONFIG_MTD_NETtel=m
CONFIG_MTD_L440GX=m
CONFIG_MTD_INTEL_VR_NOR=m
# CONFIG_MTD_PLATRAM is not set

#
# Self-contained MTD device drivers
#
CONFIG_MTD_PMC551=m
# CONFIG_MTD_PMC551_BUGFIX is not set
CONFIG_MTD_PMC551_DEBUG=y
CONFIG_MTD_SLRAM=m
# CONFIG_MTD_PHRAM is not set
# CONFIG_MTD_MTDRAM is not set

#
# Disk-On-Chip Device Drivers
#
CONFIG_MTD_DOCG3=m
CONFIG_BCH_CONST_M=14
CONFIG_BCH_CONST_T=4
CONFIG_MTD_NAND_ECC=m
CONFIG_MTD_NAND_ECC_SMC=y
CONFIG_MTD_NAND=m
CONFIG_MTD_NAND_BCH=m
CONFIG_MTD_NAND_ECC_BCH=y
CONFIG_MTD_SM_COMMON=m
CONFIG_MTD_NAND_DENALI=m
CONFIG_MTD_NAND_DENALI_PCI=m
CONFIG_MTD_NAND_DENALI_DT=m
CONFIG_MTD_NAND_DENALI_SCRATCH_REG_ADDR=0xFF108018
CONFIG_MTD_NAND_GPIO=m
CONFIG_MTD_NAND_IDS=m
CONFIG_MTD_NAND_RICOH=m
CONFIG_MTD_NAND_DISKONCHIP=m
CONFIG_MTD_NAND_DISKONCHIP_PROBE_ADVANCED=y
CONFIG_MTD_NAND_DISKONCHIP_PROBE_ADDRESS=0
# CONFIG_MTD_NAND_DISKONCHIP_PROBE_HIGH is not set
# CONFIG_MTD_NAND_DISKONCHIP_BBTWRITE is not set
CONFIG_MTD_NAND_DOCG4=m
CONFIG_MTD_NAND_CAFE=m
# CONFIG_MTD_NAND_CS553X is not set
CONFIG_MTD_NAND_NANDSIM=m
CONFIG_MTD_NAND_PLATFORM=m
CONFIG_MTD_ONENAND=m
CONFIG_MTD_ONENAND_VERIFY_WRITE=y
CONFIG_MTD_ONENAND_GENERIC=m
CONFIG_MTD_ONENAND_OTP=y
# CONFIG_MTD_ONENAND_2X_PROGRAM is not set

#
# LPDDR flash memory drivers
#
CONFIG_MTD_LPDDR=m
CONFIG_MTD_QINFO_PROBE=m
CONFIG_MTD_UBI=m
CONFIG_MTD_UBI_WL_THRESHOLD=4096
CONFIG_MTD_UBI_BEB_LIMIT=20
CONFIG_MTD_UBI_FASTMAP=y
# CONFIG_MTD_UBI_GLUEBI is not set
# CONFIG_PARPORT is not set
CONFIG_ARCH_MIGHT_HAVE_PC_PARPORT=y
CONFIG_PNP=y
CONFIG_PNP_DEBUG_MESSAGES=y

#
# Protocols
#
CONFIG_PNPACPI=y

#
# Misc devices
#
CONFIG_SENSORS_LIS3LV02D=m
CONFIG_AD525X_DPOT=m
CONFIG_AD525X_DPOT_I2C=m
# CONFIG_ATMEL_PWM is not set
CONFIG_DUMMY_IRQ=m
# CONFIG_IBM_ASM is not set
CONFIG_PHANTOM=y
CONFIG_SGI_IOC4=m
CONFIG_TIFM_CORE=m
# CONFIG_TIFM_7XX1 is not set
# CONFIG_ICS932S401 is not set
# CONFIG_ATMEL_SSC is not set
CONFIG_ENCLOSURE_SERVICES=m
CONFIG_HP_ILO=y
# CONFIG_APDS9802ALS is not set
CONFIG_ISL29003=m
CONFIG_ISL29020=m
# CONFIG_SENSORS_TSL2550 is not set
CONFIG_SENSORS_BH1780=m
CONFIG_SENSORS_BH1770=m
CONFIG_SENSORS_APDS990X=m
# CONFIG_HMC6352 is not set
CONFIG_DS1682=m
CONFIG_VMWARE_BALLOON=m
CONFIG_BMP085=y
CONFIG_BMP085_I2C=m
# CONFIG_PCH_PHUB is not set
CONFIG_USB_SWITCH_FSA9480=m
CONFIG_SRAM=y
CONFIG_C2PORT=y
CONFIG_C2PORT_DURAMAR_2150=m

#
# EEPROM support
#
CONFIG_EEPROM_AT24=m
CONFIG_EEPROM_LEGACY=m
CONFIG_EEPROM_MAX6875=m
CONFIG_EEPROM_93CX6=m
CONFIG_CB710_CORE=m
CONFIG_CB710_DEBUG=y
CONFIG_CB710_DEBUG_ASSUMPTIONS=y

#
# Texas Instruments shared transport line discipline
#
# CONFIG_TI_ST is not set
CONFIG_SENSORS_LIS3_I2C=m

#
# Altera FPGA firmware download module
#
CONFIG_ALTERA_STAPL=m
CONFIG_VMWARE_VMCI=y

#
# Intel MIC Host Driver
#

#
# Intel MIC Card Driver
#
CONFIG_HAVE_IDE=y

#
# SCSI device support
#
CONFIG_SCSI_MOD=y
# CONFIG_SCSI_DMA is not set
# CONFIG_SCSI_NETLINK is not set
CONFIG_FUSION=y
CONFIG_FUSION_MAX_SGE=128
# CONFIG_FUSION_LOGGING is not set

#
# IEEE 1394 (FireWire) support
#
# CONFIG_FIREWIRE is not set
CONFIG_FIREWIRE_NOSY=y
# CONFIG_I2O is not set
# CONFIG_MACINTOSH_DRIVERS is not set
# CONFIG_NETDEVICES is not set

#
# Input device support
#
CONFIG_INPUT=y
CONFIG_INPUT_FF_MEMLESS=y
CONFIG_INPUT_POLLDEV=y
CONFIG_INPUT_SPARSEKMAP=y
CONFIG_INPUT_MATRIXKMAP=y

#
# Userland interfaces
#
# CONFIG_INPUT_MOUSEDEV is not set
CONFIG_INPUT_JOYDEV=m
CONFIG_INPUT_EVDEV=m
CONFIG_INPUT_EVBUG=y

#
# Input Device Drivers
#
CONFIG_INPUT_KEYBOARD=y
CONFIG_KEYBOARD_ADP5588=m
CONFIG_KEYBOARD_ADP5589=m
CONFIG_KEYBOARD_ATKBD=y
CONFIG_KEYBOARD_QT1070=m
CONFIG_KEYBOARD_QT2160=m
# CONFIG_KEYBOARD_LKKBD is not set
# CONFIG_KEYBOARD_GPIO is not set
# CONFIG_KEYBOARD_GPIO_POLLED is not set
CONFIG_KEYBOARD_TCA6416=m
CONFIG_KEYBOARD_TCA8418=m
CONFIG_KEYBOARD_MATRIX=y
CONFIG_KEYBOARD_LM8323=m
CONFIG_KEYBOARD_LM8333=m
# CONFIG_KEYBOARD_MAX7359 is not set
CONFIG_KEYBOARD_MCS=m
# CONFIG_KEYBOARD_MPR121 is not set
CONFIG_KEYBOARD_NEWTON=y
CONFIG_KEYBOARD_OPENCORES=m
CONFIG_KEYBOARD_SAMSUNG=m
# CONFIG_KEYBOARD_STOWAWAY is not set
CONFIG_KEYBOARD_SUNKBD=m
CONFIG_KEYBOARD_XTKBD=m
CONFIG_KEYBOARD_CROS_EC=m
CONFIG_INPUT_MOUSE=y
CONFIG_MOUSE_PS2=m
CONFIG_MOUSE_PS2_ALPS=y
# CONFIG_MOUSE_PS2_LOGIPS2PP is not set
# CONFIG_MOUSE_PS2_SYNAPTICS is not set
# CONFIG_MOUSE_PS2_CYPRESS is not set
CONFIG_MOUSE_PS2_TRACKPOINT=y
CONFIG_MOUSE_PS2_ELANTECH=y
# CONFIG_MOUSE_PS2_SENTELIC is not set
CONFIG_MOUSE_PS2_TOUCHKIT=y
CONFIG_MOUSE_SERIAL=m
# CONFIG_MOUSE_APPLETOUCH is not set
# CONFIG_MOUSE_BCM5974 is not set
# CONFIG_MOUSE_CYAPA is not set
# CONFIG_MOUSE_VSXXXAA is not set
# CONFIG_MOUSE_GPIO is not set
CONFIG_MOUSE_SYNAPTICS_I2C=m
# CONFIG_MOUSE_SYNAPTICS_USB is not set
# CONFIG_INPUT_JOYSTICK is not set
# CONFIG_INPUT_TABLET is not set
# CONFIG_INPUT_TOUCHSCREEN is not set
CONFIG_INPUT_MISC=y
# CONFIG_INPUT_AD714X is not set
# CONFIG_INPUT_BMA150 is not set
# CONFIG_INPUT_PCSPKR is not set
CONFIG_INPUT_MC13783_PWRBUTTON=m
# CONFIG_INPUT_MMA8450 is not set
# CONFIG_INPUT_MPU3050 is not set
# CONFIG_INPUT_APANEL is not set
CONFIG_INPUT_GP2A=m
CONFIG_INPUT_GPIO_TILT_POLLED=y
CONFIG_INPUT_WISTRON_BTNS=m
CONFIG_INPUT_ATLAS_BTNS=y
# CONFIG_INPUT_ATI_REMOTE2 is not set
# CONFIG_INPUT_KEYSPAN_REMOTE is not set
# CONFIG_INPUT_KXTJ9 is not set
# CONFIG_INPUT_POWERMATE is not set
# CONFIG_INPUT_YEALINK is not set
# CONFIG_INPUT_CM109 is not set
CONFIG_INPUT_RETU_PWRBUTTON=m
CONFIG_INPUT_UINPUT=m
CONFIG_INPUT_PCF50633_PMU=m
CONFIG_INPUT_PCF8574=m
CONFIG_INPUT_GPIO_ROTARY_ENCODER=m
# CONFIG_INPUT_ADXL34X is not set
CONFIG_INPUT_CMA3000=y
CONFIG_INPUT_CMA3000_I2C=m
# CONFIG_INPUT_IDEAPAD_SLIDEBAR is not set

#
# Hardware I/O ports
#
CONFIG_SERIO=y
CONFIG_SERIO_I8042=y
CONFIG_SERIO_SERPORT=y
CONFIG_SERIO_CT82C710=y
# CONFIG_SERIO_PCIPS2 is not set
CONFIG_SERIO_LIBPS2=y
CONFIG_SERIO_RAW=m
CONFIG_SERIO_ALTERA_PS2=y
CONFIG_SERIO_PS2MULT=m
CONFIG_SERIO_ARC_PS2=y
CONFIG_HYPERV_KEYBOARD=y
# CONFIG_GAMEPORT is not set

#
# Character devices
#
CONFIG_TTY=y
# CONFIG_VT is not set
CONFIG_UNIX98_PTYS=y
# CONFIG_DEVPTS_MULTIPLE_INSTANCES is not set
CONFIG_LEGACY_PTYS=y
CONFIG_LEGACY_PTY_COUNT=256
# CONFIG_SERIAL_NONSTANDARD is not set
# CONFIG_NOZOMI is not set
# CONFIG_N_GSM is not set
# CONFIG_TRACE_SINK is not set
# CONFIG_DEVKMEM is not set

#
# Serial drivers
#
CONFIG_SERIAL_8250=y
CONFIG_SERIAL_8250_DEPRECATED_OPTIONS=y
CONFIG_SERIAL_8250_PNP=y
CONFIG_SERIAL_8250_CONSOLE=y
CONFIG_FIX_EARLYCON_MEM=y
CONFIG_SERIAL_8250_DMA=y
CONFIG_SERIAL_8250_PCI=y
CONFIG_SERIAL_8250_NR_UARTS=4
CONFIG_SERIAL_8250_RUNTIME_UARTS=4
# CONFIG_SERIAL_8250_EXTENDED is not set
# CONFIG_SERIAL_8250_DW is not set

#
# Non-8250 serial port support
#
# CONFIG_SERIAL_MFD_HSU is not set
# CONFIG_SERIAL_UARTLITE is not set
CONFIG_SERIAL_CORE=y
CONFIG_SERIAL_CORE_CONSOLE=y
# CONFIG_SERIAL_JSM is not set
# CONFIG_SERIAL_SCCNXP is not set
# CONFIG_SERIAL_TIMBERDALE is not set
# CONFIG_SERIAL_ALTERA_JTAGUART is not set
# CONFIG_SERIAL_ALTERA_UART is not set
# CONFIG_SERIAL_PCH_UART is not set
# CONFIG_SERIAL_ARC is not set
# CONFIG_SERIAL_RP2 is not set
# CONFIG_SERIAL_FSL_LPUART is not set
# CONFIG_TTY_PRINTK is not set
# CONFIG_VIRTIO_CONSOLE is not set
CONFIG_IPMI_HANDLER=m
# CONFIG_IPMI_PANIC_EVENT is not set
CONFIG_IPMI_DEVICE_INTERFACE=m
# CONFIG_IPMI_SI is not set
CONFIG_IPMI_WATCHDOG=m
CONFIG_IPMI_POWEROFF=m
CONFIG_HW_RANDOM=y
# CONFIG_HW_RANDOM_TIMERIOMEM is not set
CONFIG_HW_RANDOM_INTEL=m
# CONFIG_HW_RANDOM_AMD is not set
CONFIG_HW_RANDOM_ATMEL=y
CONFIG_HW_RANDOM_GEODE=y
# CONFIG_HW_RANDOM_VIA is not set
# CONFIG_HW_RANDOM_VIRTIO is not set
CONFIG_HW_RANDOM_EXYNOS=m
CONFIG_HW_RANDOM_TPM=m
CONFIG_NVRAM=y
# CONFIG_R3964 is not set
CONFIG_APPLICOM=m
CONFIG_SONYPI=y
# CONFIG_MWAVE is not set
# CONFIG_SCx200_GPIO is not set
# CONFIG_PC8736x_GPIO is not set
# CONFIG_NSC_GPIO is not set
CONFIG_HPET=y
# CONFIG_HPET_MMAP is not set
CONFIG_HANGCHECK_TIMER=y
CONFIG_TCG_TPM=m
CONFIG_TCG_TIS=m
# CONFIG_TCG_TIS_I2C_ATMEL is not set
# CONFIG_TCG_TIS_I2C_INFINEON is not set
CONFIG_TCG_TIS_I2C_NUVOTON=m
# CONFIG_TCG_NSC is not set
CONFIG_TCG_ATMEL=m
CONFIG_TCG_INFINEON=m
CONFIG_TCG_ST33_I2C=m
CONFIG_TELCLOCK=m
CONFIG_DEVPORT=y
CONFIG_I2C=m
CONFIG_I2C_BOARDINFO=y
CONFIG_I2C_COMPAT=y
CONFIG_I2C_CHARDEV=m
# CONFIG_I2C_MUX is not set
CONFIG_I2C_HELPER_AUTO=y
CONFIG_I2C_SMBUS=m
CONFIG_I2C_ALGOBIT=m

#
# I2C Hardware Bus support
#

#
# PC SMBus host controller drivers
#
CONFIG_I2C_ALI1535=m
# CONFIG_I2C_ALI1563 is not set
# CONFIG_I2C_ALI15X3 is not set
# CONFIG_I2C_AMD756 is not set
CONFIG_I2C_AMD8111=m
# CONFIG_I2C_I801 is not set
CONFIG_I2C_ISCH=m
CONFIG_I2C_ISMT=m
# CONFIG_I2C_PIIX4 is not set
CONFIG_I2C_NFORCE2=m
CONFIG_I2C_NFORCE2_S4985=m
# CONFIG_I2C_SIS5595 is not set
CONFIG_I2C_SIS630=m
CONFIG_I2C_SIS96X=m
CONFIG_I2C_VIA=m
# CONFIG_I2C_VIAPRO is not set

#
# ACPI drivers
#
CONFIG_I2C_SCMI=m

#
# I2C system bus drivers (mostly embedded / system-on-chip)
#
CONFIG_I2C_CBUS_GPIO=m
CONFIG_I2C_DESIGNWARE_CORE=m
CONFIG_I2C_DESIGNWARE_PLATFORM=m
# CONFIG_I2C_DESIGNWARE_PCI is not set
CONFIG_I2C_EG20T=m
CONFIG_I2C_GPIO=m
CONFIG_I2C_KEMPLD=m
# CONFIG_I2C_OCORES is not set
# CONFIG_I2C_PCA_PLATFORM is not set
# CONFIG_I2C_PXA_PCI is not set
# CONFIG_I2C_SIMTEC is not set
# CONFIG_I2C_XILINX is not set

#
# External I2C/SMBus adapter drivers
#
CONFIG_I2C_PARPORT_LIGHT=m
# CONFIG_I2C_TAOS_EVM is not set

#
# Other I2C/SMBus bus drivers
#
CONFIG_SCx200_ACB=m
CONFIG_I2C_STUB=m
# CONFIG_I2C_DEBUG_CORE is not set
# CONFIG_I2C_DEBUG_ALGO is not set
# CONFIG_I2C_DEBUG_BUS is not set
# CONFIG_SPI is not set
CONFIG_HSI=m
CONFIG_HSI_BOARDINFO=y

#
# HSI clients
#
CONFIG_HSI_CHAR=m

#
# PPS support
#
CONFIG_PPS=m
# CONFIG_PPS_DEBUG is not set
CONFIG_NTP_PPS=y

#
# PPS clients support
#
CONFIG_PPS_CLIENT_KTIMER=m
# CONFIG_PPS_CLIENT_LDISC is not set
CONFIG_PPS_CLIENT_GPIO=m

#
# PPS generators support
#

#
# PTP clock support
#
CONFIG_PTP_1588_CLOCK=m

#
# Enable PHYLIB and NETWORK_PHY_TIMESTAMPING to see the additional clocks.
#
# CONFIG_PTP_1588_CLOCK_PCH is not set
CONFIG_PINCTRL=y

#
# Pin controllers
#
CONFIG_PINMUX=y
CONFIG_PINCONF=y
CONFIG_DEBUG_PINCTRL=y
CONFIG_PINCTRL_BAYTRAIL=y
CONFIG_ARCH_WANT_OPTIONAL_GPIOLIB=y
CONFIG_GPIOLIB=y
CONFIG_GPIO_DEVRES=y
CONFIG_GPIO_ACPI=y
CONFIG_DEBUG_GPIO=y
CONFIG_GPIO_SYSFS=y
CONFIG_GPIO_GENERIC=m
CONFIG_GPIO_MAX730X=m

#
# Memory mapped GPIO drivers:
#
CONFIG_GPIO_GENERIC_PLATFORM=m
CONFIG_GPIO_IT8761E=m
# CONFIG_GPIO_F7188X is not set
CONFIG_GPIO_TS5500=y
# CONFIG_GPIO_SCH is not set
CONFIG_GPIO_ICH=y
CONFIG_GPIO_VX855=y
CONFIG_GPIO_LYNXPOINT=y

#
# I2C GPIO expanders:
#
CONFIG_GPIO_MAX7300=m
CONFIG_GPIO_MAX732X=m
CONFIG_GPIO_PCA953X=m
# CONFIG_GPIO_PCF857X is not set
CONFIG_GPIO_ADP5588=m

#
# PCI GPIO expanders:
#
# CONFIG_GPIO_BT8XX is not set
CONFIG_GPIO_AMD8111=y
# CONFIG_GPIO_INTEL_MID is not set
CONFIG_GPIO_PCH=m
# CONFIG_GPIO_ML_IOH is not set
CONFIG_GPIO_TIMBERDALE=y
CONFIG_GPIO_RDC321X=y

#
# SPI GPIO expanders:
#
CONFIG_GPIO_MCP23S08=m

#
# AC97 GPIO expanders:
#

#
# LPC GPIO expanders:
#
CONFIG_GPIO_KEMPLD=m

#
# MODULbus GPIO expanders:
#
# CONFIG_GPIO_JANZ_TTL is not set

#
# USB GPIO expanders:
#
CONFIG_W1=y

#
# 1-wire Bus Masters
#
CONFIG_W1_MASTER_MATROX=m
CONFIG_W1_MASTER_DS2482=m
CONFIG_W1_MASTER_DS1WM=m
# CONFIG_W1_MASTER_GPIO is not set

#
# 1-wire Slaves
#
CONFIG_W1_SLAVE_THERM=y
# CONFIG_W1_SLAVE_SMEM is not set
# CONFIG_W1_SLAVE_DS2408 is not set
CONFIG_W1_SLAVE_DS2413=y
CONFIG_W1_SLAVE_DS2423=y
# CONFIG_W1_SLAVE_DS2431 is not set
CONFIG_W1_SLAVE_DS2433=m
# CONFIG_W1_SLAVE_DS2433_CRC is not set
# CONFIG_W1_SLAVE_DS2760 is not set
CONFIG_W1_SLAVE_DS2780=m
CONFIG_W1_SLAVE_DS2781=y
# CONFIG_W1_SLAVE_DS28E04 is not set
CONFIG_W1_SLAVE_BQ27000=m
CONFIG_POWER_SUPPLY=y
CONFIG_POWER_SUPPLY_DEBUG=y
CONFIG_PDA_POWER=m
# CONFIG_GENERIC_ADC_BATTERY is not set
# CONFIG_TEST_POWER is not set
CONFIG_BATTERY_DS2780=m
CONFIG_BATTERY_DS2781=y
CONFIG_BATTERY_DS2782=m
CONFIG_BATTERY_SBS=m
# CONFIG_BATTERY_BQ27x00 is not set
# CONFIG_BATTERY_MAX17040 is not set
CONFIG_BATTERY_MAX17042=m
CONFIG_CHARGER_PCF50633=m
CONFIG_CHARGER_MAX8903=y
CONFIG_CHARGER_LP8727=m
CONFIG_CHARGER_GPIO=y
CONFIG_CHARGER_MANAGER=y
# CONFIG_CHARGER_BQ2415X is not set
# CONFIG_CHARGER_BQ24190 is not set
CONFIG_CHARGER_BQ24735=m
CONFIG_CHARGER_SMB347=m
# CONFIG_POWER_RESET is not set
# CONFIG_POWER_AVS is not set
CONFIG_HWMON=y
CONFIG_HWMON_VID=y
CONFIG_HWMON_DEBUG_CHIP=y

#
# Native drivers
#
# CONFIG_SENSORS_AD7414 is not set
CONFIG_SENSORS_AD7418=m
# CONFIG_SENSORS_ADM1021 is not set
# CONFIG_SENSORS_ADM1025 is not set
CONFIG_SENSORS_ADM1026=m
# CONFIG_SENSORS_ADM1029 is not set
CONFIG_SENSORS_ADM1031=m
CONFIG_SENSORS_ADM9240=m
CONFIG_SENSORS_ADT7X10=m
CONFIG_SENSORS_ADT7410=m
CONFIG_SENSORS_ADT7411=m
CONFIG_SENSORS_ADT7462=m
# CONFIG_SENSORS_ADT7470 is not set
CONFIG_SENSORS_ADT7475=m
# CONFIG_SENSORS_ASC7621 is not set
CONFIG_SENSORS_K8TEMP=y
CONFIG_SENSORS_K10TEMP=y
# CONFIG_SENSORS_FAM15H_POWER is not set
# CONFIG_SENSORS_ASB100 is not set
CONFIG_SENSORS_ATXP1=m
CONFIG_SENSORS_DS620=m
CONFIG_SENSORS_DS1621=m
CONFIG_SENSORS_I5K_AMB=y
CONFIG_SENSORS_F71805F=y
# CONFIG_SENSORS_F71882FG is not set
CONFIG_SENSORS_F75375S=m
CONFIG_SENSORS_FSCHMD=m
CONFIG_SENSORS_G760A=m
CONFIG_SENSORS_G762=m
CONFIG_SENSORS_GL518SM=m
CONFIG_SENSORS_GL520SM=m
CONFIG_SENSORS_GPIO_FAN=m
# CONFIG_SENSORS_HIH6130 is not set
# CONFIG_SENSORS_HTU21 is not set
# CONFIG_SENSORS_CORETEMP is not set
# CONFIG_SENSORS_IBMAEM is not set
# CONFIG_SENSORS_IBMPEX is not set
# CONFIG_SENSORS_IIO_HWMON is not set
# CONFIG_SENSORS_IT87 is not set
CONFIG_SENSORS_JC42=m
# CONFIG_SENSORS_LINEAGE is not set
CONFIG_SENSORS_LM63=m
CONFIG_SENSORS_LM73=m
CONFIG_SENSORS_LM75=m
# CONFIG_SENSORS_LM77 is not set
CONFIG_SENSORS_LM78=m
CONFIG_SENSORS_LM80=m
# CONFIG_SENSORS_LM83 is not set
CONFIG_SENSORS_LM85=m
CONFIG_SENSORS_LM87=m
CONFIG_SENSORS_LM90=m
CONFIG_SENSORS_LM92=m
# CONFIG_SENSORS_LM93 is not set
CONFIG_SENSORS_LTC4151=m
# CONFIG_SENSORS_LTC4215 is not set
# CONFIG_SENSORS_LTC4245 is not set
CONFIG_SENSORS_LTC4261=m
# CONFIG_SENSORS_LM95234 is not set
CONFIG_SENSORS_LM95241=m
CONFIG_SENSORS_LM95245=m
CONFIG_SENSORS_MAX16065=m
CONFIG_SENSORS_MAX1619=m
CONFIG_SENSORS_MAX1668=m
# CONFIG_SENSORS_MAX197 is not set
CONFIG_SENSORS_MAX6639=m
CONFIG_SENSORS_MAX6642=m
CONFIG_SENSORS_MAX6650=m
CONFIG_SENSORS_MAX6697=m
# CONFIG_SENSORS_MCP3021 is not set
CONFIG_SENSORS_NCT6775=y
# CONFIG_SENSORS_NTC_THERMISTOR is not set
# CONFIG_SENSORS_PC87360 is not set
CONFIG_SENSORS_PC87427=m
# CONFIG_SENSORS_PCF8591 is not set
CONFIG_PMBUS=m
CONFIG_SENSORS_PMBUS=m
# CONFIG_SENSORS_ADM1275 is not set
# CONFIG_SENSORS_LM25066 is not set
# CONFIG_SENSORS_LTC2978 is not set
CONFIG_SENSORS_MAX16064=m
CONFIG_SENSORS_MAX34440=m
CONFIG_SENSORS_MAX8688=m
CONFIG_SENSORS_UCD9000=m
CONFIG_SENSORS_UCD9200=m
# CONFIG_SENSORS_ZL6100 is not set
# CONFIG_SENSORS_SHT15 is not set
# CONFIG_SENSORS_SHT21 is not set
CONFIG_SENSORS_SIS5595=y
# CONFIG_SENSORS_SMM665 is not set
CONFIG_SENSORS_DME1737=m
# CONFIG_SENSORS_EMC1403 is not set
# CONFIG_SENSORS_EMC2103 is not set
CONFIG_SENSORS_EMC6W201=m
CONFIG_SENSORS_SMSC47M1=y
# CONFIG_SENSORS_SMSC47M192 is not set
CONFIG_SENSORS_SMSC47B397=m
# CONFIG_SENSORS_SCH56XX_COMMON is not set
CONFIG_SENSORS_ADS1015=m
CONFIG_SENSORS_ADS7828=m
# CONFIG_SENSORS_AMC6821 is not set
# CONFIG_SENSORS_INA209 is not set
CONFIG_SENSORS_INA2XX=m
CONFIG_SENSORS_THMC50=m
# CONFIG_SENSORS_TMP102 is not set
CONFIG_SENSORS_TMP401=m
# CONFIG_SENSORS_TMP421 is not set
CONFIG_SENSORS_VIA_CPUTEMP=y
CONFIG_SENSORS_VIA686A=y
# CONFIG_SENSORS_VT1211 is not set
CONFIG_SENSORS_VT8231=m
CONFIG_SENSORS_W83781D=m
CONFIG_SENSORS_W83791D=m
CONFIG_SENSORS_W83792D=m
# CONFIG_SENSORS_W83793 is not set
CONFIG_SENSORS_W83795=m
CONFIG_SENSORS_W83795_FANCTRL=y
# CONFIG_SENSORS_W83L785TS is not set
# CONFIG_SENSORS_W83L786NG is not set
CONFIG_SENSORS_W83627HF=y
# CONFIG_SENSORS_W83627EHF is not set
CONFIG_SENSORS_APPLESMC=m
CONFIG_SENSORS_MC13783_ADC=m

#
# ACPI drivers
#
CONFIG_SENSORS_ACPI_POWER=m
# CONFIG_SENSORS_ATK0110 is not set
CONFIG_THERMAL=y
CONFIG_THERMAL_HWMON=y
CONFIG_THERMAL_DEFAULT_GOV_STEP_WISE=y
# CONFIG_THERMAL_DEFAULT_GOV_FAIR_SHARE is not set
# CONFIG_THERMAL_DEFAULT_GOV_USER_SPACE is not set
CONFIG_THERMAL_GOV_FAIR_SHARE=y
CONFIG_THERMAL_GOV_STEP_WISE=y
CONFIG_THERMAL_GOV_USER_SPACE=y
CONFIG_CPU_THERMAL=y
CONFIG_THERMAL_EMULATION=y
CONFIG_INTEL_POWERCLAMP=y
CONFIG_X86_PKG_TEMP_THERMAL=m

#
# Texas Instruments thermal drivers
#
# CONFIG_WATCHDOG is not set
CONFIG_SSB_POSSIBLE=y

#
# Sonics Silicon Backplane
#
# CONFIG_SSB is not set
CONFIG_BCMA_POSSIBLE=y

#
# Broadcom specific AMBA
#
CONFIG_BCMA=m
CONFIG_BCMA_HOST_PCI_POSSIBLE=y
CONFIG_BCMA_HOST_PCI=y
# CONFIG_BCMA_HOST_SOC is not set
# CONFIG_BCMA_DRIVER_GMAC_CMN is not set
# CONFIG_BCMA_DRIVER_GPIO is not set
# CONFIG_BCMA_DEBUG is not set

#
# Multifunction device drivers
#
CONFIG_MFD_CORE=y
# CONFIG_MFD_CS5535 is not set
CONFIG_MFD_CROS_EC=y
CONFIG_MFD_CROS_EC_I2C=m
CONFIG_MFD_MC13783=m
CONFIG_MFD_MC13XXX=m
CONFIG_MFD_MC13XXX_I2C=m
CONFIG_HTC_PASIC3=y
CONFIG_LPC_ICH=y
CONFIG_LPC_SCH=m
CONFIG_MFD_JANZ_CMODIO=m
CONFIG_MFD_KEMPLD=m
CONFIG_MFD_RETU=m
CONFIG_MFD_PCF50633=m
CONFIG_PCF50633_ADC=m
CONFIG_PCF50633_GPIO=m
CONFIG_MFD_RDC321X=y
CONFIG_MFD_RTSX_PCI=y
CONFIG_MFD_SI476X_CORE=m
# CONFIG_MFD_SM501 is not set
CONFIG_ABX500_CORE=y
CONFIG_MFD_SYSCON=y
CONFIG_MFD_TI_AM335X_TSCADC=m
CONFIG_TPS6105X=m
# CONFIG_TPS65010 is not set
CONFIG_TPS6507X=m
# CONFIG_MFD_TPS65217 is not set
CONFIG_MFD_TPS65912=y
CONFIG_MFD_WL1273_CORE=m
CONFIG_MFD_LM3533=m
CONFIG_MFD_TIMBERDALE=y
# CONFIG_MFD_TMIO is not set
CONFIG_MFD_VX855=y
# CONFIG_MFD_ARIZONA_I2C is not set
CONFIG_REGULATOR=y
# CONFIG_REGULATOR_DEBUG is not set
CONFIG_REGULATOR_FIXED_VOLTAGE=m
CONFIG_REGULATOR_VIRTUAL_CONSUMER=y
CONFIG_REGULATOR_USERSPACE_CONSUMER=m
# CONFIG_REGULATOR_AD5398 is not set
CONFIG_REGULATOR_ANATOP=y
CONFIG_REGULATOR_DA9210=m
CONFIG_REGULATOR_FAN53555=m
CONFIG_REGULATOR_GPIO=y
CONFIG_REGULATOR_ISL6271A=m
# CONFIG_REGULATOR_LP3971 is not set
CONFIG_REGULATOR_LP3972=m
CONFIG_REGULATOR_LP872X=m
CONFIG_REGULATOR_LP8755=m
CONFIG_REGULATOR_MAX1586=m
CONFIG_REGULATOR_MAX8649=m
CONFIG_REGULATOR_MAX8660=m
CONFIG_REGULATOR_MAX8952=m
# CONFIG_REGULATOR_MAX8973 is not set
CONFIG_REGULATOR_MC13XXX_CORE=m
CONFIG_REGULATOR_MC13783=m
CONFIG_REGULATOR_MC13892=m
CONFIG_REGULATOR_PCF50633=m
CONFIG_REGULATOR_PFUZE100=m
CONFIG_REGULATOR_TPS51632=m
CONFIG_REGULATOR_TPS6105X=m
# CONFIG_REGULATOR_TPS62360 is not set
CONFIG_REGULATOR_TPS65023=m
CONFIG_REGULATOR_TPS6507X=m
CONFIG_MEDIA_SUPPORT=y

#
# Multimedia core support
#
# CONFIG_MEDIA_CAMERA_SUPPORT is not set
# CONFIG_MEDIA_ANALOG_TV_SUPPORT is not set
CONFIG_MEDIA_DIGITAL_TV_SUPPORT=y
CONFIG_MEDIA_RADIO_SUPPORT=y
CONFIG_MEDIA_RC_SUPPORT=y
CONFIG_VIDEO_DEV=y
CONFIG_VIDEO_V4L2=m
# CONFIG_VIDEO_ADV_DEBUG is not set
CONFIG_VIDEO_FIXED_MINOR_RANGES=y
CONFIG_VIDEO_V4L2_INT_DEVICE=m
CONFIG_DVB_CORE=y
# CONFIG_TTPCI_EEPROM is not set
CONFIG_DVB_MAX_ADAPTERS=8
# CONFIG_DVB_DYNAMIC_MINORS is not set

#
# Media drivers
#
CONFIG_RC_CORE=y
CONFIG_RC_MAP=m
CONFIG_RC_DECODERS=y
CONFIG_LIRC=m
CONFIG_IR_LIRC_CODEC=m
CONFIG_IR_NEC_DECODER=y
CONFIG_IR_RC5_DECODER=m
# CONFIG_IR_RC6_DECODER is not set
# CONFIG_IR_JVC_DECODER is not set
CONFIG_IR_SONY_DECODER=y
# CONFIG_IR_RC5_SZ_DECODER is not set
CONFIG_IR_SANYO_DECODER=m
CONFIG_IR_MCE_KBD_DECODER=m
# CONFIG_RC_DEVICES is not set
# CONFIG_MEDIA_PCI_SUPPORT is not set

#
# Supported MMC/SDIO adapters
#
# CONFIG_RADIO_ADAPTERS is not set

#
# Media ancillary drivers (tuners, sensors, i2c, frontends)
#
# CONFIG_MEDIA_SUBDRV_AUTOSELECT is not set
CONFIG_MEDIA_ATTACH=y
# CONFIG_VIDEO_IR_I2C is not set

#
# Encoders, decoders, sensors and other helper chips
#

#
# Audio decoders, processors and mixers
#
# CONFIG_VIDEO_TVAUDIO is not set
CONFIG_VIDEO_TDA7432=m
CONFIG_VIDEO_TDA9840=m
# CONFIG_VIDEO_TEA6415C is not set
CONFIG_VIDEO_TEA6420=m
# CONFIG_VIDEO_MSP3400 is not set
CONFIG_VIDEO_CS5345=m
CONFIG_VIDEO_CS53L32A=m
CONFIG_VIDEO_TLV320AIC23B=m
# CONFIG_VIDEO_UDA1342 is not set
CONFIG_VIDEO_WM8775=m
CONFIG_VIDEO_WM8739=m
# CONFIG_VIDEO_VP27SMPX is not set
CONFIG_VIDEO_SONY_BTF_MPX=m

#
# RDS decoders
#
CONFIG_VIDEO_SAA6588=m

#
# Video decoders
#
# CONFIG_VIDEO_ADV7180 is not set
# CONFIG_VIDEO_ADV7183 is not set
CONFIG_VIDEO_BT819=m
# CONFIG_VIDEO_BT856 is not set
# CONFIG_VIDEO_BT866 is not set
CONFIG_VIDEO_KS0127=m
CONFIG_VIDEO_ML86V7667=m
# CONFIG_VIDEO_SAA7110 is not set
CONFIG_VIDEO_SAA711X=m
CONFIG_VIDEO_SAA7191=m
CONFIG_VIDEO_TVP514X=m
CONFIG_VIDEO_TVP5150=m
# CONFIG_VIDEO_TVP7002 is not set
CONFIG_VIDEO_TW2804=m
# CONFIG_VIDEO_TW9903 is not set
# CONFIG_VIDEO_TW9906 is not set
CONFIG_VIDEO_VPX3220=m

#
# Video and audio decoders
#
CONFIG_VIDEO_SAA717X=m
CONFIG_VIDEO_CX25840=m

#
# Video encoders
#
CONFIG_VIDEO_SAA7127=m
# CONFIG_VIDEO_SAA7185 is not set
CONFIG_VIDEO_ADV7170=m
CONFIG_VIDEO_ADV7175=m
# CONFIG_VIDEO_ADV7343 is not set
# CONFIG_VIDEO_ADV7393 is not set
# CONFIG_VIDEO_AK881X is not set
# CONFIG_VIDEO_THS8200 is not set

#
# Camera sensor devices
#

#
# Flash devices
#

#
# Video improvement chips
#
CONFIG_VIDEO_UPD64031A=m
CONFIG_VIDEO_UPD64083=m

#
# Miscellaneous helper chips
#
CONFIG_VIDEO_THS7303=m
# CONFIG_VIDEO_M52790 is not set

#
# Sensors used on soc_camera driver
#
CONFIG_MEDIA_TUNER=m

#
# Customize TV tuners
#
CONFIG_MEDIA_TUNER_SIMPLE=m
CONFIG_MEDIA_TUNER_TDA8290=m
CONFIG_MEDIA_TUNER_TDA827X=m
CONFIG_MEDIA_TUNER_TDA18271=m
CONFIG_MEDIA_TUNER_TDA9887=m
CONFIG_MEDIA_TUNER_TEA5761=m
# CONFIG_MEDIA_TUNER_TEA5767 is not set
CONFIG_MEDIA_TUNER_MT20XX=m
# CONFIG_MEDIA_TUNER_MT2060 is not set
CONFIG_MEDIA_TUNER_MT2063=m
CONFIG_MEDIA_TUNER_MT2266=m
CONFIG_MEDIA_TUNER_MT2131=m
CONFIG_MEDIA_TUNER_QT1010=m
CONFIG_MEDIA_TUNER_XC2028=m
# CONFIG_MEDIA_TUNER_XC5000 is not set
CONFIG_MEDIA_TUNER_XC4000=m
# CONFIG_MEDIA_TUNER_MXL5005S is not set
CONFIG_MEDIA_TUNER_MXL5007T=m
CONFIG_MEDIA_TUNER_MC44S803=m
CONFIG_MEDIA_TUNER_MAX2165=m
CONFIG_MEDIA_TUNER_TDA18218=m
# CONFIG_MEDIA_TUNER_FC0011 is not set
CONFIG_MEDIA_TUNER_FC0012=m
CONFIG_MEDIA_TUNER_FC0013=m
# CONFIG_MEDIA_TUNER_TDA18212 is not set
# CONFIG_MEDIA_TUNER_E4000 is not set
CONFIG_MEDIA_TUNER_FC2580=m
# CONFIG_MEDIA_TUNER_TUA9001 is not set
# CONFIG_MEDIA_TUNER_IT913X is not set
CONFIG_MEDIA_TUNER_R820T=m

#
# Customise DVB Frontends
#

#
# Multistandard (satellite) frontends
#
CONFIG_DVB_STB0899=m
# CONFIG_DVB_STB6100 is not set
CONFIG_DVB_STV090x=m
CONFIG_DVB_STV6110x=m

#
# Multistandard (cable + terrestrial) frontends
#
CONFIG_DVB_DRXK=m
CONFIG_DVB_TDA18271C2DD=m

#
# DVB-S (satellite) frontends
#
CONFIG_DVB_CX24110=m
CONFIG_DVB_CX24123=m
CONFIG_DVB_MT312=m
# CONFIG_DVB_ZL10036 is not set
CONFIG_DVB_ZL10039=m
CONFIG_DVB_S5H1420=m
CONFIG_DVB_STV0288=m
# CONFIG_DVB_STB6000 is not set
CONFIG_DVB_STV0299=m
CONFIG_DVB_STV6110=m
CONFIG_DVB_STV0900=m
CONFIG_DVB_TDA8083=m
CONFIG_DVB_TDA10086=m
CONFIG_DVB_TDA8261=m
# CONFIG_DVB_VES1X93 is not set
CONFIG_DVB_TUNER_ITD1000=m
# CONFIG_DVB_TUNER_CX24113 is not set
CONFIG_DVB_TDA826X=m
CONFIG_DVB_TUA6100=m
# CONFIG_DVB_CX24116 is not set
CONFIG_DVB_CX24117=m
# CONFIG_DVB_SI21XX is not set
# CONFIG_DVB_TS2020 is not set
# CONFIG_DVB_DS3000 is not set
CONFIG_DVB_MB86A16=m
CONFIG_DVB_TDA10071=m

#
# DVB-T (terrestrial) frontends
#
CONFIG_DVB_SP8870=m
CONFIG_DVB_SP887X=m
# CONFIG_DVB_CX22700 is not set
CONFIG_DVB_CX22702=m
CONFIG_DVB_S5H1432=m
# CONFIG_DVB_DRXD is not set
# CONFIG_DVB_L64781 is not set
CONFIG_DVB_TDA1004X=m
CONFIG_DVB_NXT6000=m
# CONFIG_DVB_MT352 is not set
CONFIG_DVB_ZL10353=m
CONFIG_DVB_DIB3000MB=m
# CONFIG_DVB_DIB3000MC is not set
CONFIG_DVB_DIB7000M=m
# CONFIG_DVB_DIB7000P is not set
CONFIG_DVB_DIB9000=m
# CONFIG_DVB_TDA10048 is not set
CONFIG_DVB_AF9013=m
CONFIG_DVB_EC100=m
# CONFIG_DVB_HD29L2 is not set
# CONFIG_DVB_STV0367 is not set
CONFIG_DVB_CXD2820R=m
CONFIG_DVB_RTL2830=m
# CONFIG_DVB_RTL2832 is not set

#
# DVB-C (cable) frontends
#
# CONFIG_DVB_VES1820 is not set
# CONFIG_DVB_TDA10021 is not set
CONFIG_DVB_TDA10023=m
CONFIG_DVB_STV0297=m

#
# ATSC (North American/Korean Terrestrial/Cable DTV) frontends
#
# CONFIG_DVB_NXT200X is not set
CONFIG_DVB_OR51211=m
# CONFIG_DVB_OR51132 is not set
CONFIG_DVB_BCM3510=m
CONFIG_DVB_LGDT330X=m
# CONFIG_DVB_LGDT3305 is not set
CONFIG_DVB_LG2160=m
CONFIG_DVB_S5H1409=m
CONFIG_DVB_AU8522=m
CONFIG_DVB_AU8522_DTV=m
CONFIG_DVB_AU8522_V4L=m
CONFIG_DVB_S5H1411=m

#
# ISDB-T (terrestrial) frontends
#
CONFIG_DVB_S921=m
CONFIG_DVB_DIB8000=m
# CONFIG_DVB_MB86A20S is not set

#
# Digital terrestrial only tuners/PLL
#
CONFIG_DVB_PLL=m
# CONFIG_DVB_TUNER_DIB0070 is not set
CONFIG_DVB_TUNER_DIB0090=m

#
# SEC control devices for DVB-S
#
CONFIG_DVB_LNBP21=m
CONFIG_DVB_LNBP22=m
CONFIG_DVB_ISL6405=m
CONFIG_DVB_ISL6421=m
# CONFIG_DVB_ISL6423 is not set
CONFIG_DVB_A8293=m
CONFIG_DVB_LGS8GL5=m
CONFIG_DVB_LGS8GXX=m
# CONFIG_DVB_ATBM8830 is not set
# CONFIG_DVB_TDA665x is not set
CONFIG_DVB_IX2505V=m
CONFIG_DVB_IT913X_FE=m
CONFIG_DVB_M88RS2000=m
CONFIG_DVB_AF9033=m

#
# Tools to develop new frontends
#
CONFIG_DVB_DUMMY_FE=y

#
# Graphics support
#
# CONFIG_AGP is not set
CONFIG_VGA_ARB=y
CONFIG_VGA_ARB_MAX_GPUS=16
CONFIG_VGA_SWITCHEROO=y
# CONFIG_DRM is not set
# CONFIG_VGASTATE is not set
# CONFIG_VIDEO_OUTPUT_CONTROL is not set
# CONFIG_FB is not set
# CONFIG_EXYNOS_VIDEO is not set
CONFIG_BACKLIGHT_LCD_SUPPORT=y
# CONFIG_LCD_CLASS_DEVICE is not set
CONFIG_BACKLIGHT_CLASS_DEVICE=y
CONFIG_BACKLIGHT_GENERIC=y
# CONFIG_BACKLIGHT_LM3533 is not set
CONFIG_BACKLIGHT_PWM=m
CONFIG_BACKLIGHT_APPLE=y
CONFIG_BACKLIGHT_SAHARA=y
# CONFIG_BACKLIGHT_ADP8860 is not set
CONFIG_BACKLIGHT_ADP8870=m
CONFIG_BACKLIGHT_PCF50633=m
CONFIG_BACKLIGHT_LM3630A=m
CONFIG_BACKLIGHT_LM3639=m
CONFIG_BACKLIGHT_LP855X=m
# CONFIG_BACKLIGHT_GPIO is not set
CONFIG_BACKLIGHT_LV5207LP=m
CONFIG_BACKLIGHT_BD6107=m
CONFIG_SOUND=m
CONFIG_SOUND_OSS_CORE=y
CONFIG_SOUND_OSS_CORE_PRECLAIM=y
# CONFIG_SND is not set
CONFIG_SOUND_PRIME=m
CONFIG_SOUND_OSS=m
# CONFIG_SOUND_TRACEINIT is not set
# CONFIG_SOUND_DMAP is not set
# CONFIG_SOUND_VMIDI is not set
CONFIG_SOUND_TRIX=m
CONFIG_SOUND_MSS=m
CONFIG_SOUND_MPU401=m
CONFIG_SOUND_PAS=m
CONFIG_SOUND_PSS=m
# CONFIG_PSS_MIXER is not set
# CONFIG_PSS_HAVE_BOOT is not set
CONFIG_SOUND_SB=m
# CONFIG_SOUND_YM3812 is not set
# CONFIG_SOUND_UART6850 is not set
# CONFIG_SOUND_AEDSP16 is not set
# CONFIG_SOUND_KAHLUA is not set

#
# HID support
#
CONFIG_HID=y
# CONFIG_HID_BATTERY_STRENGTH is not set
# CONFIG_HIDRAW is not set
CONFIG_UHID=y
CONFIG_HID_GENERIC=y

#
# Special HID drivers
#
CONFIG_HID_A4TECH=y
CONFIG_HID_ACRUX=m
# CONFIG_HID_ACRUX_FF is not set
# CONFIG_HID_APPLE is not set
# CONFIG_HID_AUREAL is not set
CONFIG_HID_BELKIN=y
CONFIG_HID_CHERRY=y
# CONFIG_HID_CHICONY is not set
CONFIG_HID_CYPRESS=y
# CONFIG_HID_DRAGONRISE is not set
CONFIG_HID_EMS_FF=m
# CONFIG_HID_ELECOM is not set
CONFIG_HID_EZKEY=m
CONFIG_HID_KEYTOUCH=m
CONFIG_HID_KYE=y
# CONFIG_HID_UCLOGIC is not set
# CONFIG_HID_WALTOP is not set
# CONFIG_HID_GYRATION is not set
CONFIG_HID_ICADE=y
# CONFIG_HID_TWINHAN is not set
CONFIG_HID_KENSINGTON=m
# CONFIG_HID_LCPOWER is not set
# CONFIG_HID_LENOVO_TPKBD is not set
CONFIG_HID_LOGITECH=y
CONFIG_HID_LOGITECH_DJ=m
# CONFIG_LOGITECH_FF is not set
# CONFIG_LOGIRUMBLEPAD2_FF is not set
CONFIG_LOGIG940_FF=y
# CONFIG_LOGIWHEELS_FF is not set
# CONFIG_HID_MAGICMOUSE is not set
CONFIG_HID_MICROSOFT=y
CONFIG_HID_MONTEREY=m
CONFIG_HID_MULTITOUCH=m
CONFIG_HID_ORTEK=m
# CONFIG_HID_PANTHERLORD is not set
CONFIG_HID_PETALYNX=y
CONFIG_HID_PICOLCD=y
# CONFIG_HID_PICOLCD_BACKLIGHT is not set
# CONFIG_HID_PICOLCD_LEDS is not set
CONFIG_HID_PICOLCD_CIR=y
CONFIG_HID_PRIMAX=m
CONFIG_HID_SAITEK=m
# CONFIG_HID_SAMSUNG is not set
CONFIG_HID_SPEEDLINK=y
CONFIG_HID_STEELSERIES=m
CONFIG_HID_SUNPLUS=y
CONFIG_HID_GREENASIA=m
CONFIG_GREENASIA_FF=y
# CONFIG_HID_HYPERV_MOUSE is not set
# CONFIG_HID_SMARTJOYPLUS is not set
CONFIG_HID_TIVO=y
# CONFIG_HID_TOPSEED is not set
CONFIG_HID_THINGM=y
# CONFIG_HID_THRUSTMASTER is not set
CONFIG_HID_WACOM=y
CONFIG_HID_WIIMOTE=m
CONFIG_HID_XINMO=m
CONFIG_HID_ZEROPLUS=y
# CONFIG_ZEROPLUS_FF is not set
CONFIG_HID_ZYDACRON=m
CONFIG_HID_SENSOR_HUB=m

#
# I2C HID support
#
CONFIG_I2C_HID=m
CONFIG_USB_OHCI_LITTLE_ENDIAN=y
CONFIG_USB_SUPPORT=y
CONFIG_USB_ARCH_HAS_HCD=y
# CONFIG_USB is not set

#
# USB port drivers
#

#
# USB Physical Layer drivers
#
# CONFIG_USB_PHY is not set
# CONFIG_NOP_USB_XCEIV is not set
# CONFIG_SAMSUNG_USB2PHY is not set
# CONFIG_SAMSUNG_USB3PHY is not set
# CONFIG_USB_GPIO_VBUS is not set
# CONFIG_USB_GADGET is not set
CONFIG_UWB=y
# CONFIG_UWB_WHCI is not set
# CONFIG_MMC is not set
# CONFIG_MEMSTICK is not set
CONFIG_NEW_LEDS=y
CONFIG_LEDS_CLASS=y

#
# LED drivers
#
# CONFIG_LEDS_LM3530 is not set
CONFIG_LEDS_LM3533=m
# CONFIG_LEDS_LM3642 is not set
# CONFIG_LEDS_PCA9532 is not set
# CONFIG_LEDS_GPIO is not set
CONFIG_LEDS_LP3944=m
CONFIG_LEDS_LP55XX_COMMON=m
CONFIG_LEDS_LP5521=m
CONFIG_LEDS_LP5523=m
CONFIG_LEDS_LP5562=m
CONFIG_LEDS_LP8501=m
# CONFIG_LEDS_PCA955X is not set
# CONFIG_LEDS_PCA963X is not set
CONFIG_LEDS_PCA9685=m
# CONFIG_LEDS_PWM is not set
CONFIG_LEDS_REGULATOR=y
CONFIG_LEDS_BD2802=m
CONFIG_LEDS_LT3593=y
# CONFIG_LEDS_MC13783 is not set
CONFIG_LEDS_TCA6507=m
# CONFIG_LEDS_LM355x is not set
CONFIG_LEDS_OT200=m
# CONFIG_LEDS_BLINKM is not set

#
# LED Triggers
#
CONFIG_LEDS_TRIGGERS=y
# CONFIG_LEDS_TRIGGER_TIMER is not set
CONFIG_LEDS_TRIGGER_ONESHOT=y
# CONFIG_LEDS_TRIGGER_HEARTBEAT is not set
CONFIG_LEDS_TRIGGER_BACKLIGHT=y
# CONFIG_LEDS_TRIGGER_CPU is not set
CONFIG_LEDS_TRIGGER_GPIO=m
CONFIG_LEDS_TRIGGER_DEFAULT_ON=m

#
# iptables trigger is under Netfilter config (LED target)
#
CONFIG_LEDS_TRIGGER_TRANSIENT=y
CONFIG_LEDS_TRIGGER_CAMERA=y
# CONFIG_ACCESSIBILITY is not set
# CONFIG_INFINIBAND is not set
# CONFIG_EDAC is not set
CONFIG_RTC_LIB=y
CONFIG_RTC_CLASS=y
CONFIG_RTC_HCTOSYS=y
CONFIG_RTC_SYSTOHC=y
CONFIG_RTC_HCTOSYS_DEVICE="rtc0"
CONFIG_RTC_DEBUG=y

#
# RTC interfaces
#
# CONFIG_RTC_INTF_SYSFS is not set
CONFIG_RTC_INTF_DEV=y
CONFIG_RTC_INTF_DEV_UIE_EMUL=y
CONFIG_RTC_DRV_TEST=y

#
# I2C RTC drivers
#
CONFIG_RTC_DRV_DS1307=m
CONFIG_RTC_DRV_DS1374=m
CONFIG_RTC_DRV_DS1672=m
CONFIG_RTC_DRV_DS3232=m
CONFIG_RTC_DRV_MAX6900=m
CONFIG_RTC_DRV_RS5C372=m
# CONFIG_RTC_DRV_ISL1208 is not set
# CONFIG_RTC_DRV_ISL12022 is not set
# CONFIG_RTC_DRV_X1205 is not set
CONFIG_RTC_DRV_PCF2127=m
CONFIG_RTC_DRV_PCF8523=m
CONFIG_RTC_DRV_PCF8563=m
CONFIG_RTC_DRV_PCF8583=m
CONFIG_RTC_DRV_M41T80=m
# CONFIG_RTC_DRV_M41T80_WDT is not set
# CONFIG_RTC_DRV_BQ32K is not set
CONFIG_RTC_DRV_S35390A=m
# CONFIG_RTC_DRV_FM3130 is not set
CONFIG_RTC_DRV_RX8581=m
# CONFIG_RTC_DRV_RX8025 is not set
# CONFIG_RTC_DRV_EM3027 is not set
CONFIG_RTC_DRV_RV3029C2=m

#
# SPI RTC drivers
#

#
# Platform RTC drivers
#
# CONFIG_RTC_DRV_CMOS is not set
CONFIG_RTC_DRV_DS1286=y
# CONFIG_RTC_DRV_DS1511 is not set
# CONFIG_RTC_DRV_DS1553 is not set
# CONFIG_RTC_DRV_DS1742 is not set
# CONFIG_RTC_DRV_STK17TA8 is not set
CONFIG_RTC_DRV_M48T86=y
CONFIG_RTC_DRV_M48T35=y
CONFIG_RTC_DRV_M48T59=m
CONFIG_RTC_DRV_MSM6242=m
# CONFIG_RTC_DRV_BQ4802 is not set
CONFIG_RTC_DRV_RP5C01=m
CONFIG_RTC_DRV_V3020=m
# CONFIG_RTC_DRV_DS2404 is not set
# CONFIG_RTC_DRV_PCF50633 is not set

#
# on-CPU RTC drivers
#
CONFIG_RTC_DRV_MC13XXX=m
CONFIG_RTC_DRV_MOXART=y

#
# HID Sensor RTC drivers
#
CONFIG_DMADEVICES=y
# CONFIG_DMADEVICES_DEBUG is not set

#
# DMA Devices
#
CONFIG_INTEL_MID_DMAC=m
CONFIG_INTEL_IOATDMA=m
CONFIG_DW_DMAC_CORE=y
CONFIG_DW_DMAC=y
CONFIG_DW_DMAC_PCI=m
CONFIG_TIMB_DMA=m
CONFIG_PCH_DMA=y
CONFIG_DMA_ENGINE=y
CONFIG_DMA_ACPI=y

#
# DMA Clients
#
CONFIG_ASYNC_TX_DMA=y
CONFIG_DMATEST=y
CONFIG_DMA_ENGINE_RAID=y
CONFIG_DCA=m
# CONFIG_AUXDISPLAY is not set
CONFIG_UIO=m
# CONFIG_UIO_CIF is not set
# CONFIG_UIO_PDRV_GENIRQ is not set
CONFIG_UIO_DMEM_GENIRQ=m
# CONFIG_UIO_AEC is not set
CONFIG_UIO_SERCOS3=m
CONFIG_UIO_PCI_GENERIC=m
# CONFIG_UIO_NETX is not set
CONFIG_UIO_MF624=m
CONFIG_VFIO_IOMMU_TYPE1=y
CONFIG_VFIO=y
# CONFIG_VIRT_DRIVERS is not set
CONFIG_VIRTIO=y

#
# Virtio drivers
#
# CONFIG_VIRTIO_PCI is not set
CONFIG_VIRTIO_BALLOON=y
CONFIG_VIRTIO_MMIO=y
# CONFIG_VIRTIO_MMIO_CMDLINE_DEVICES is not set

#
# Microsoft Hyper-V guest support
#
CONFIG_HYPERV=y
CONFIG_HYPERV_BALLOON=m
# CONFIG_STAGING is not set
CONFIG_X86_PLATFORM_DEVICES=y
CONFIG_ACERHDF=m
CONFIG_ASUS_LAPTOP=m
CONFIG_FUJITSU_LAPTOP=m
# CONFIG_FUJITSU_LAPTOP_DEBUG is not set
# CONFIG_FUJITSU_TABLET is not set
# CONFIG_HP_ACCEL is not set
CONFIG_PANASONIC_LAPTOP=y
CONFIG_THINKPAD_ACPI=y
# CONFIG_THINKPAD_ACPI_DEBUGFACILITIES is not set
CONFIG_THINKPAD_ACPI_DEBUG=y
# CONFIG_THINKPAD_ACPI_UNSAFE_LEDS is not set
# CONFIG_THINKPAD_ACPI_VIDEO is not set
CONFIG_THINKPAD_ACPI_HOTKEY_POLL=y
# CONFIG_SENSORS_HDAPS is not set
# CONFIG_ACPI_WMI is not set
# CONFIG_TOPSTAR_LAPTOP is not set
CONFIG_TOSHIBA_BT_RFKILL=m
CONFIG_ACPI_CMPC=y
# CONFIG_INTEL_IPS is not set
CONFIG_IBM_RTL=m
CONFIG_XO15_EBOOK=y
CONFIG_SAMSUNG_LAPTOP=y
CONFIG_SAMSUNG_Q10=m
CONFIG_APPLE_GMUX=m
# CONFIG_INTEL_RST is not set
CONFIG_INTEL_SMARTCONNECT=m
CONFIG_PVPANIC=m
CONFIG_CHROME_PLATFORMS=y
CONFIG_CLKDEV_LOOKUP=y
CONFIG_HAVE_CLK_PREPARE=y
CONFIG_COMMON_CLK=y

#
# Common Clock Framework
#
# CONFIG_COMMON_CLK_DEBUG is not set
# CONFIG_COMMON_CLK_SI5351 is not set

#
# Hardware Spinlock drivers
#
CONFIG_CLKSRC_I8253=y
CONFIG_CLKEVT_I8253=y
CONFIG_I8253_LOCK=y
CONFIG_CLKBLD_I8253=y
# CONFIG_MAILBOX is not set
CONFIG_IOMMU_API=y
CONFIG_IOMMU_SUPPORT=y
CONFIG_DMAR_TABLE=y
CONFIG_INTEL_IOMMU=y
# CONFIG_INTEL_IOMMU_DEFAULT_ON is not set
CONFIG_INTEL_IOMMU_FLOPPY_WA=y

#
# Remoteproc drivers
#
CONFIG_REMOTEPROC=m
CONFIG_STE_MODEM_RPROC=m

#
# Rpmsg drivers
#
CONFIG_PM_DEVFREQ=y

#
# DEVFREQ Governors
#
# CONFIG_DEVFREQ_GOV_SIMPLE_ONDEMAND is not set
CONFIG_DEVFREQ_GOV_PERFORMANCE=m
CONFIG_DEVFREQ_GOV_POWERSAVE=y
CONFIG_DEVFREQ_GOV_USERSPACE=m

#
# DEVFREQ Drivers
#
CONFIG_EXTCON=y

#
# Extcon Device Drivers
#
CONFIG_EXTCON_GPIO=m
CONFIG_EXTCON_ADC_JACK=m
# CONFIG_MEMORY is not set
CONFIG_IIO=m
CONFIG_IIO_BUFFER=y
# CONFIG_IIO_BUFFER_CB is not set
CONFIG_IIO_KFIFO_BUF=m
CONFIG_IIO_TRIGGERED_BUFFER=m
CONFIG_IIO_TRIGGER=y
CONFIG_IIO_CONSUMERS_PER_TRIGGER=2

#
# Accelerometers
#
# CONFIG_BMA180 is not set
CONFIG_HID_SENSOR_ACCEL_3D=m
# CONFIG_IIO_ST_ACCEL_3AXIS is not set

#
# Analog to digital converters
#
# CONFIG_MAX1363 is not set
CONFIG_MCP3422=m
CONFIG_NAU7802=m
# CONFIG_TI_ADC081C is not set
# CONFIG_TI_AM335X_ADC is not set

#
# Amplifiers
#

#
# Hid Sensor IIO Common
#
CONFIG_HID_SENSOR_IIO_COMMON=m
CONFIG_HID_SENSOR_IIO_TRIGGER=m
CONFIG_IIO_ST_SENSORS_I2C=m
CONFIG_IIO_ST_SENSORS_CORE=m

#
# Digital to analog converters
#
CONFIG_AD5064=m
CONFIG_AD5380=m
# CONFIG_AD5446 is not set
# CONFIG_MAX517 is not set
CONFIG_MCP4725=m

#
# Frequency Synthesizers DDS/PLL
#

#
# Clock Generator/Distribution
#

#
# Phase-Locked Loop (PLL) frequency synthesizers
#

#
# Digital gyroscope sensors
#
# CONFIG_HID_SENSOR_GYRO_3D is not set
CONFIG_IIO_ST_GYRO_3AXIS=m
CONFIG_IIO_ST_GYRO_I2C_3AXIS=m
CONFIG_ITG3200=m

#
# Inertial measurement units
#
# CONFIG_INV_MPU6050_IIO is not set

#
# Light sensors
#
CONFIG_ADJD_S311=m
CONFIG_APDS9300=m
