Date: Mon, 28 Apr 2008 17:42:36 +0100
From: Mel Gorman <mel@csn.ul.ie>
Subject: 2.6.25-mm1: Failing to probe IDE interface
Message-ID: <20080428164235.GA29229@csn.ul.ie>
References: <20080417160331.b4729f0c.akpm@linux-foundation.org>
MIME-Version: 1.0
Content-Type: multipart/mixed; boundary="0F1p//8PRICkK4MW"
Content-Disposition: inline
In-Reply-To: <20080417160331.b4729f0c.akpm@linux-foundation.org>
Sender: owner-linux-mm@kvack.org
Return-Path: <owner-linux-mm@kvack.org>
To: Andrew Morton <akpm@linux-foundation.org>
Cc: linux-kernel@vger.kernel.org, linux-mm@kvack.org, bzolnier@gmail.com
List-ID: <linux-mm.kvack.org>

--0F1p//8PRICkK4MW
Content-Type: text/plain; charset=iso-8859-15
Content-Disposition: inline

An old T21 is failing to boot and the relevant message appears to be

[    1.929536] Probing IDE interface ide0...
[   36.939317] ide0: Wait for ready failed before probe !
[   37.502676] ide0: DISABLED, NO IRQ
[   37.506356] ide0: failed to initialize IDE interface

The owner of ide-mm-ide-add-struct-ide_io_ports-take-2.patch with the
"DISABLED, NO IRQ" message is cc'd. I've attached the config, full boot log
and lspci -v for the machine in question. I'll start reverting some of the
these patches to see if ide-mm-ide-add-struct-ide_io_ports-take-2.patch
is really the culprit.

-- 
Mel Gorman
Part-time Phd Student                          Linux Technology Center
University of Limerick                         IBM Dublin Software Lab

--0F1p//8PRICkK4MW
Content-Type: text/plain; charset=iso-8859-15
Content-Disposition: attachment; filename=config-ide-failure

#
# Automatically generated make config: don't edit
# Linux kernel version: 2.6.25-mm1
# Mon Apr 28 17:24:36 2008
#
# CONFIG_64BIT is not set
CONFIG_X86_32=y
# CONFIG_X86_64 is not set
CONFIG_X86=y
# CONFIG_GENERIC_LOCKBREAK is not set
CONFIG_GENERIC_TIME=y
CONFIG_GENERIC_CMOS_UPDATE=y
CONFIG_CLOCKSOURCE_WATCHDOG=y
CONFIG_GENERIC_CLOCKEVENTS=y
CONFIG_GENERIC_CLOCKEVENTS_BROADCAST=y
CONFIG_LOCKDEP_SUPPORT=y
CONFIG_STACKTRACE_SUPPORT=y
CONFIG_HAVE_LATENCYTOP_SUPPORT=y
CONFIG_FAST_CMPXCHG_LOCAL=y
CONFIG_MMU=y
CONFIG_ZONE_DMA=y
CONFIG_GENERIC_ISA_DMA=y
CONFIG_GENERIC_IOMAP=y
CONFIG_GENERIC_BUG=y
CONFIG_GENERIC_HWEIGHT=y
# CONFIG_GENERIC_GPIO is not set
CONFIG_ARCH_MAY_HAVE_PC_FDC=y
# CONFIG_RWSEM_GENERIC_SPINLOCK is not set
CONFIG_RWSEM_XCHGADD_ALGORITHM=y
# CONFIG_ARCH_HAS_ILOG2_U32 is not set
# CONFIG_ARCH_HAS_ILOG2_U64 is not set
CONFIG_ARCH_HAS_CPU_IDLE_WAIT=y
CONFIG_GENERIC_CALIBRATE_DELAY=y
# CONFIG_GENERIC_TIME_VSYSCALL is not set
CONFIG_ARCH_HAS_CPU_RELAX=y
CONFIG_ARCH_HAS_CACHE_LINE_SIZE=y
CONFIG_HAVE_SETUP_PER_CPU_AREA=y
CONFIG_ARCH_HIBERNATION_POSSIBLE=y
CONFIG_ARCH_SUSPEND_POSSIBLE=y
# CONFIG_ZONE_DMA32 is not set
CONFIG_ARCH_POPULATES_NODE_MAP=y
# CONFIG_AUDIT_ARCH is not set
CONFIG_ARCH_SUPPORTS_AOUT=y
CONFIG_ARCH_SUPPORTS_OPTIMIZED_INLINING=y
CONFIG_GENERIC_HARDIRQS=y
CONFIG_GENERIC_IRQ_PROBE=y
CONFIG_GENERIC_PENDING_IRQ=y
CONFIG_X86_SMP=y
CONFIG_X86_32_SMP=y
CONFIG_X86_HT=y
CONFIG_X86_BIOS_REBOOT=y
CONFIG_X86_TRAMPOLINE=y
CONFIG_KTIME_SCALAR=y
CONFIG_DEFCONFIG_LIST="/lib/modules/$UNAME_RELEASE/.config"

#
# General setup
#
CONFIG_EXPERIMENTAL=y
CONFIG_LOCK_KERNEL=y
CONFIG_INIT_ENV_ARG_LIMIT=32
CONFIG_LOCALVERSION=""
CONFIG_LOCALVERSION_AUTO=y
CONFIG_SWAP=y
CONFIG_SYSVIPC=y
CONFIG_SYSVIPC_SYSCTL=y
CONFIG_POSIX_MQUEUE=y
# CONFIG_BSD_PROCESS_ACCT is not set
CONFIG_TASKSTATS=y
CONFIG_TASK_DELAY_ACCT=y
CONFIG_TASK_XACCT=y
CONFIG_TASK_IO_ACCOUNTING=y
# CONFIG_AUDIT is not set
# CONFIG_IKCONFIG is not set
CONFIG_LOG_BUF_SHIFT=15
CONFIG_CGROUPS=y
# CONFIG_CGROUP_DEBUG is not set
CONFIG_CGROUP_NS=y
# CONFIG_CGROUP_DEVICE is not set
CONFIG_CPUSETS=y
CONFIG_GROUP_SCHED=y
CONFIG_FAIR_GROUP_SCHED=y
# CONFIG_RT_GROUP_SCHED is not set
CONFIG_USER_SCHED=y
# CONFIG_CGROUP_SCHED is not set
CONFIG_CGROUP_CPUACCT=y
# CONFIG_RESOURCE_COUNTERS is not set
CONFIG_SYSFS_DEPRECATED=y
CONFIG_SYSFS_DEPRECATED_V2=y
CONFIG_PROC_PID_CPUSET=y
CONFIG_RELAY=y
CONFIG_NAMESPACES=y
# CONFIG_UTS_NS is not set
# CONFIG_IPC_NS is not set
# CONFIG_USER_NS is not set
# CONFIG_PID_NS is not set
CONFIG_BLK_DEV_INITRD=y
CONFIG_INITRAMFS_SOURCE=""
# CONFIG_CC_OPTIMIZE_FOR_SIZE is not set
CONFIG_SYSCTL=y
# CONFIG_EMBEDDED is not set
CONFIG_UID16=y
CONFIG_SYSCTL_SYSCALL=y
CONFIG_SYSCTL_SYSCALL_CHECK=y
CONFIG_KALLSYMS=y
CONFIG_KALLSYMS_ALL=y
# CONFIG_KALLSYMS_EXTRA_PASS is not set
CONFIG_HOTPLUG=y
CONFIG_PRINTK=y
CONFIG_BUG=y
CONFIG_ELF_CORE=y
CONFIG_COMPAT_BRK=y
CONFIG_BASE_FULL=y
CONFIG_FUTEX=y
CONFIG_ANON_INODES=y
CONFIG_EPOLL=y
CONFIG_SIGNALFD=y
CONFIG_TIMERFD=y
CONFIG_EVENTFD=y
CONFIG_SHMEM=y
CONFIG_VM_EVENT_COUNTERS=y
CONFIG_SLAB=y
# CONFIG_SLUB is not set
# CONFIG_SLOB is not set
CONFIG_PROFILING=y
# CONFIG_MARKERS is not set
CONFIG_OPROFILE=y
CONFIG_HAVE_OPROFILE=y
CONFIG_KPROBES=y
CONFIG_KRETPROBES=y
CONFIG_HAVE_KPROBES=y
CONFIG_HAVE_KRETPROBES=y
# CONFIG_HAVE_DMA_ATTRS is not set
CONFIG_PROC_PAGE_MONITOR=y
CONFIG_SLABINFO=y
CONFIG_RT_MUTEXES=y
# CONFIG_TINY_SHMEM is not set
CONFIG_BASE_SMALL=0
CONFIG_MODULES=y
CONFIG_MODULE_UNLOAD=y
CONFIG_MODULE_FORCE_UNLOAD=y
CONFIG_MODVERSIONS=y
# CONFIG_MODULE_SRCVERSION_ALL is not set
CONFIG_KMOD=y
CONFIG_STOP_MACHINE=y
CONFIG_BLOCK=y
CONFIG_LBD=y
# CONFIG_BLK_DEV_IO_TRACE is not set
CONFIG_LSF=y
# CONFIG_BLK_DEV_BSG is not set

#
# IO Schedulers
#
CONFIG_IOSCHED_NOOP=y
CONFIG_IOSCHED_AS=y
# CONFIG_IOSCHED_DEADLINE is not set
# CONFIG_IOSCHED_CFQ is not set
CONFIG_IOSCHED_BFQ=y
CONFIG_DEFAULT_AS=y
# CONFIG_DEFAULT_DEADLINE is not set
# CONFIG_DEFAULT_CFQ is not set
# CONFIG_DEFAULT_BFQ is not set
# CONFIG_DEFAULT_NOOP is not set
CONFIG_DEFAULT_IOSCHED="anticipatory"
CONFIG_CLASSIC_RCU=y

#
# Processor type and features
#
# CONFIG_TICK_ONESHOT is not set
# CONFIG_NO_HZ is not set
# CONFIG_HIGH_RES_TIMERS is not set
CONFIG_GENERIC_CLOCKEVENTS_BUILD=y
CONFIG_SMP=y
CONFIG_X86_PC=y
# CONFIG_X86_ELAN is not set
# CONFIG_X86_VOYAGER is not set
# CONFIG_X86_NUMAQ is not set
# CONFIG_X86_SUMMIT is not set
# CONFIG_X86_BIGSMP is not set
# CONFIG_X86_VISWS is not set
# CONFIG_X86_GENERICARCH is not set
# CONFIG_X86_ES7000 is not set
# CONFIG_X86_RDC321X is not set
# CONFIG_X86_VSMP is not set
CONFIG_SCHED_NO_NO_OMIT_FRAME_POINTER=y
# CONFIG_PARAVIRT_GUEST is not set
# CONFIG_M386 is not set
# CONFIG_M486 is not set
# CONFIG_M586 is not set
# CONFIG_M586TSC is not set
# CONFIG_M586MMX is not set
# CONFIG_M686 is not set
# CONFIG_MPENTIUMII is not set
CONFIG_MPENTIUMIII=y
# CONFIG_MPENTIUMM is not set
# CONFIG_MPENTIUM4 is not set
# CONFIG_MK6 is not set
# CONFIG_MK7 is not set
# CONFIG_MK8 is not set
# CONFIG_MCRUSOE is not set
# CONFIG_MEFFICEON is not set
# CONFIG_MWINCHIPC6 is not set
# CONFIG_MWINCHIP2 is not set
# CONFIG_MWINCHIP3D is not set
# CONFIG_MGEODEGX1 is not set
# CONFIG_MGEODE_LX is not set
# CONFIG_MCYRIXIII is not set
# CONFIG_MVIAC3_2 is not set
# CONFIG_MVIAC7 is not set
# CONFIG_MPSC is not set
# CONFIG_MCORE2 is not set
# CONFIG_GENERIC_CPU is not set
# CONFIG_X86_GENERIC is not set
CONFIG_X86_CMPXCHG=y
CONFIG_X86_L1_CACHE_SHIFT=5
CONFIG_X86_XADD=y
CONFIG_X86_WP_WORKS_OK=y
CONFIG_X86_INVLPG=y
CONFIG_X86_BSWAP=y
CONFIG_X86_POPAD_OK=y
CONFIG_X86_GOOD_APIC=y
CONFIG_X86_INTEL_USERCOPY=y
CONFIG_X86_USE_PPRO_CHECKSUM=y
CONFIG_X86_P6_NOP=y
CONFIG_X86_TSC=y
CONFIG_X86_CMOV=y
CONFIG_X86_MINIMUM_CPU_FAMILY=6
CONFIG_X86_DEBUGCTLMSR=y
CONFIG_X86_DS=y
CONFIG_X86_PTRACE_BTS=y
CONFIG_HPET_TIMER=y
CONFIG_DMI=y
# CONFIG_IOMMU_HELPER is not set
CONFIG_NR_CPUS=4
CONFIG_SCHED_SMT=y
CONFIG_SCHED_MC=y
CONFIG_PREEMPT_NONE=y
# CONFIG_PREEMPT_VOLUNTARY is not set
# CONFIG_PREEMPT is not set
CONFIG_X86_LOCAL_APIC=y
CONFIG_X86_IO_APIC=y
# CONFIG_X86_MCE is not set
CONFIG_VM86=y
# CONFIG_TOSHIBA is not set
# CONFIG_I8K is not set
# CONFIG_X86_REBOOTFIXUPS is not set
# CONFIG_MICROCODE is not set
# CONFIG_X86_MSR is not set
# CONFIG_X86_CPUID is not set
# CONFIG_NOHIGHMEM is not set
CONFIG_HIGHMEM4G=y
# CONFIG_HIGHMEM64G is not set
CONFIG_PAGE_OFFSET=0xC0000000
CONFIG_HIGHMEM=y
CONFIG_ARCH_FLATMEM_ENABLE=y
CONFIG_ARCH_SPARSEMEM_ENABLE=y
CONFIG_ARCH_SELECT_MEMORY_MODEL=y
CONFIG_SELECT_MEMORY_MODEL=y
CONFIG_FLATMEM_MANUAL=y
# CONFIG_DISCONTIGMEM_MANUAL is not set
# CONFIG_SPARSEMEM_MANUAL is not set
CONFIG_FLATMEM=y
CONFIG_FLAT_NODE_MEM_MAP=y
CONFIG_SPARSEMEM_STATIC=y
# CONFIG_SPARSEMEM_VMEMMAP_ENABLE is not set
CONFIG_PAGEFLAGS_EXTENDED=y
CONFIG_SPLIT_PTLOCK_CPUS=4
# CONFIG_RESOURCES_64BIT is not set
CONFIG_ZONE_DMA_FLAG=1
CONFIG_BOUNCE=y
CONFIG_VIRT_TO_BUS=y
CONFIG_HIGHPTE=y
# CONFIG_MATH_EMULATION is not set
CONFIG_MTRR=y
CONFIG_X86_PAT=y
# CONFIG_EFI is not set
CONFIG_IRQBALANCE=y
# CONFIG_SECCOMP is not set
# CONFIG_HZ_100 is not set
CONFIG_HZ_250=y
# CONFIG_HZ_300 is not set
# CONFIG_HZ_1000 is not set
CONFIG_HZ=250
# CONFIG_SCHED_HRTICK is not set
# CONFIG_KEXEC is not set
# CONFIG_CRASH_DUMP is not set
CONFIG_PHYSICAL_START=0x100000
# CONFIG_RELOCATABLE is not set
CONFIG_PHYSICAL_ALIGN=0x100000
CONFIG_HOTPLUG_CPU=y
CONFIG_COMPAT_VDSO=y
CONFIG_ARCH_ENABLE_MEMORY_HOTPLUG=y

#
# Power management options
#
CONFIG_PM=y
# CONFIG_PM_DEBUG is not set
CONFIG_PM_SLEEP_SMP=y
CONFIG_PM_SLEEP=y
CONFIG_SUSPEND=y
CONFIG_SUSPEND_FREEZER=y
CONFIG_HIBERNATION=y
CONFIG_PM_STD_PARTITION=""
CONFIG_ACPI=y
CONFIG_ACPI_SLEEP=y
CONFIG_ACPI_PROCFS=y
CONFIG_ACPI_PROCFS_POWER=y
CONFIG_ACPI_SYSFS_POWER=y
CONFIG_ACPI_PROC_EVENT=y
CONFIG_ACPI_AC=m
# CONFIG_ACPI_BATTERY is not set
# CONFIG_ACPI_BUTTON is not set
# CONFIG_ACPI_FAN is not set
# CONFIG_ACPI_DOCK is not set
# CONFIG_ACPI_PROCESSOR is not set
# CONFIG_ACPI_WMI is not set
# CONFIG_ACPI_ASUS is not set
# CONFIG_ACPI_TOSHIBA is not set
CONFIG_ACPI_CUSTOM_DSDT_FILE=""
# CONFIG_ACPI_CUSTOM_DSDT is not set
CONFIG_ACPI_BLACKLIST_YEAR=0
# CONFIG_ACPI_DEBUG is not set
CONFIG_ACPI_EC=y
# CONFIG_ACPI_PCI_SLOT is not set
CONFIG_ACPI_POWER=y
CONFIG_ACPI_SYSTEM=y
CONFIG_X86_PM_TIMER=y
# CONFIG_ACPI_CONTAINER is not set
# CONFIG_ACPI_SBS is not set
CONFIG_X86_APM_BOOT=y
CONFIG_APM=m
# CONFIG_APM_IGNORE_USER_SUSPEND is not set
# CONFIG_APM_DO_ENABLE is not set
# CONFIG_APM_CPU_IDLE is not set
# CONFIG_APM_DISPLAY_BLANK is not set
# CONFIG_APM_ALLOW_INTS is not set
# CONFIG_APM_REAL_MODE_POWER_OFF is not set

#
# CPU Frequency scaling
#
# CONFIG_CPU_FREQ is not set
# CONFIG_CPU_IDLE is not set

#
# Bus options (PCI etc.)
#
CONFIG_PCI=y
# CONFIG_PCI_GOBIOS is not set
# CONFIG_PCI_GOMMCONFIG is not set
# CONFIG_PCI_GODIRECT is not set
CONFIG_PCI_GOANY=y
# CONFIG_PCI_GOOLPC is not set
CONFIG_PCI_BIOS=y
CONFIG_PCI_DIRECT=y
CONFIG_PCI_MMCONFIG=y
CONFIG_PCI_DOMAINS=y
# CONFIG_PCIEPORTBUS is not set
CONFIG_ARCH_SUPPORTS_MSI=y
# CONFIG_PCI_MSI is not set
CONFIG_PCI_LEGACY=y
# CONFIG_PCI_DEBUG is not set
CONFIG_HT_IRQ=y
CONFIG_ISA_DMA_API=y
# CONFIG_ISA is not set
# CONFIG_MCA is not set
# CONFIG_SCx200 is not set
# CONFIG_OLPC is not set
# CONFIG_PCCARD is not set
# CONFIG_HOTPLUG_PCI is not set

#
# Executable file formats / Emulations
#
CONFIG_BINFMT_ELF=y
# CONFIG_BINFMT_AOUT is not set
# CONFIG_BINFMT_MISC is not set

#
# Networking
#
CONFIG_NET=y

#
# Networking options
#
CONFIG_PACKET=m
CONFIG_PACKET_MMAP=y
CONFIG_UNIX=m
CONFIG_XFRM=y
CONFIG_XFRM_USER=y
# CONFIG_XFRM_SUB_POLICY is not set
# CONFIG_XFRM_MIGRATE is not set
# CONFIG_XFRM_STATISTICS is not set
CONFIG_NET_KEY=y
# CONFIG_NET_KEY_MIGRATE is not set
CONFIG_INET=y
CONFIG_IP_MULTICAST=y
# CONFIG_IP_ADVANCED_ROUTER is not set
CONFIG_IP_FIB_HASH=y
# CONFIG_IP_PNP is not set
# CONFIG_NET_IPIP is not set
# CONFIG_NET_IPGRE is not set
# CONFIG_IP_MROUTE is not set
# CONFIG_ARPD is not set
# CONFIG_SYN_COOKIES is not set
CONFIG_INET_AH=y
CONFIG_INET_ESP=y
CONFIG_INET_IPCOMP=y
CONFIG_INET_XFRM_TUNNEL=y
CONFIG_INET_TUNNEL=y
CONFIG_INET_XFRM_MODE_TRANSPORT=y
CONFIG_INET_XFRM_MODE_TUNNEL=y
CONFIG_INET_XFRM_MODE_BEET=y
# CONFIG_INET_LRO is not set
# CONFIG_INET_DIAG is not set
# CONFIG_TCP_CONG_ADVANCED is not set
CONFIG_TCP_CONG_CUBIC=y
CONFIG_DEFAULT_TCP_CONG="cubic"
# CONFIG_TCP_MD5SIG is not set
# CONFIG_IPV6 is not set
# CONFIG_NETWORK_SECMARK is not set
# CONFIG_NETFILTER is not set
# CONFIG_IP_DCCP is not set
# CONFIG_IP_SCTP is not set
# CONFIG_TIPC is not set
# CONFIG_ATM is not set
# CONFIG_BRIDGE is not set
# CONFIG_VLAN_8021Q is not set
# CONFIG_DECNET is not set
# CONFIG_LLC2 is not set
# CONFIG_IPX is not set
# CONFIG_ATALK is not set
# CONFIG_X25 is not set
# CONFIG_LAPB is not set
# CONFIG_ECONET is not set
# CONFIG_WAN_ROUTER is not set
# CONFIG_NET_SCHED is not set

#
# Network testing
#
# CONFIG_NET_PKTGEN is not set
# CONFIG_NET_TCPPROBE is not set
# CONFIG_HAMRADIO is not set
# CONFIG_CAN is not set
# CONFIG_IRDA is not set
# CONFIG_BT is not set
# CONFIG_AF_RXRPC is not set

#
# Wireless
#
# CONFIG_CFG80211 is not set
# CONFIG_WIRELESS_EXT is not set
# CONFIG_MAC80211 is not set
# CONFIG_IEEE80211 is not set
# CONFIG_RFKILL is not set
# CONFIG_NET_9P is not set

#
# Device Drivers
#

#
# Generic Driver Options
#
CONFIG_UEVENT_HELPER_PATH="/sbin/hotplug"
# CONFIG_STANDALONE is not set
CONFIG_PREVENT_FIRMWARE_BUILD=y
CONFIG_FW_LOADER=m
# CONFIG_DEBUG_DRIVER is not set
# CONFIG_DEBUG_DEVRES is not set
# CONFIG_SYS_HYPERVISOR is not set
# CONFIG_CONNECTOR is not set
# CONFIG_MTD is not set
# CONFIG_PARPORT is not set
CONFIG_PNP=y
# CONFIG_PNP_DEBUG is not set

#
# Protocols
#
CONFIG_PNPACPI=y
CONFIG_BLK_DEV=y
CONFIG_BLK_DEV_FD=m
# CONFIG_BLK_CPQ_DA is not set
# CONFIG_BLK_CPQ_CISS_DA is not set
# CONFIG_BLK_DEV_DAC960 is not set
# CONFIG_BLK_DEV_UMEM is not set
# CONFIG_BLK_DEV_COW_COMMON is not set
CONFIG_BLK_DEV_LOOP=y
CONFIG_BLK_DEV_CRYPTOLOOP=y
# CONFIG_BLK_DEV_NBD is not set
# CONFIG_BLK_DEV_SX8 is not set
# CONFIG_BLK_DEV_UB is not set
CONFIG_BLK_DEV_RAM=m
CONFIG_BLK_DEV_RAM_COUNT=16
CONFIG_BLK_DEV_RAM_SIZE=4096
# CONFIG_BLK_DEV_XIP is not set
CONFIG_CDROM_PKTCDVD=m
CONFIG_CDROM_PKTCDVD_BUFFERS=8
# CONFIG_CDROM_PKTCDVD_WCACHE is not set
# CONFIG_ATA_OVER_ETH is not set
CONFIG_MISC_DEVICES=y
# CONFIG_IBM_ASM is not set
# CONFIG_PHANTOM is not set
# CONFIG_EEPROM_93CX6 is not set
# CONFIG_SGI_IOC4 is not set
# CONFIG_TIFM_CORE is not set
# CONFIG_TC1100_WMI is not set
# CONFIG_SONY_LAPTOP is not set
# CONFIG_THINKPAD_ACPI is not set
# CONFIG_ENCLOSURE_SERVICES is not set
CONFIG_HAVE_IDE=y
CONFIG_IDE=y
CONFIG_BLK_DEV_IDE=y

#
# Please see Documentation/ide/ide.txt for help/info on IDE drives
#
# CONFIG_BLK_DEV_IDE_SATA is not set
CONFIG_BLK_DEV_IDEDISK=y
# CONFIG_IDEDISK_MULTI_MODE is not set
CONFIG_BLK_DEV_IDECD=y
CONFIG_BLK_DEV_IDECD_VERBOSE_ERRORS=y
# CONFIG_BLK_DEV_IDETAPE is not set
# CONFIG_BLK_DEV_IDEFLOPPY is not set
# CONFIG_BLK_DEV_IDESCSI is not set
# CONFIG_BLK_DEV_IDEACPI is not set
# CONFIG_IDE_TASK_IOCTL is not set
CONFIG_IDE_PROC_FS=y

#
# IDE chipset support/bugfixes
#
CONFIG_IDE_GENERIC=y
# CONFIG_BLK_DEV_PLATFORM is not set
# CONFIG_BLK_DEV_CMD640 is not set
# CONFIG_BLK_DEV_IDEPNP is not set
CONFIG_BLK_DEV_IDEDMA_SFF=y

#
# PCI IDE chipsets support
#
CONFIG_BLK_DEV_IDEPCI=y
CONFIG_IDEPCI_PCIBUS_ORDER=y
# CONFIG_BLK_DEV_OFFBOARD is not set
CONFIG_BLK_DEV_GENERIC=y
# CONFIG_BLK_DEV_OPTI621 is not set
# CONFIG_BLK_DEV_RZ1000 is not set
CONFIG_BLK_DEV_IDEDMA_PCI=y
# CONFIG_BLK_DEV_AEC62XX is not set
# CONFIG_BLK_DEV_ALI15X3 is not set
CONFIG_BLK_DEV_AMD74XX=y
# CONFIG_BLK_DEV_ATIIXP is not set
# CONFIG_BLK_DEV_CMD64X is not set
# CONFIG_BLK_DEV_TRIFLEX is not set
# CONFIG_BLK_DEV_CY82C693 is not set
# CONFIG_BLK_DEV_CS5520 is not set
# CONFIG_BLK_DEV_CS5530 is not set
# CONFIG_BLK_DEV_CS5535 is not set
# CONFIG_BLK_DEV_HPT34X is not set
# CONFIG_BLK_DEV_HPT366 is not set
# CONFIG_BLK_DEV_JMICRON is not set
# CONFIG_BLK_DEV_SC1200 is not set
# CONFIG_BLK_DEV_PIIX is not set
# CONFIG_BLK_DEV_IT8213 is not set
# CONFIG_BLK_DEV_IT821X is not set
# CONFIG_BLK_DEV_NS87415 is not set
# CONFIG_BLK_DEV_PDC202XX_OLD is not set
# CONFIG_BLK_DEV_PDC202XX_NEW is not set
# CONFIG_BLK_DEV_SVWKS is not set
# CONFIG_BLK_DEV_SIIMAGE is not set
# CONFIG_BLK_DEV_SIS5513 is not set
# CONFIG_BLK_DEV_SLC90E66 is not set
# CONFIG_BLK_DEV_TRM290 is not set
CONFIG_BLK_DEV_VIA82CXXX=y
# CONFIG_BLK_DEV_TC86C001 is not set
CONFIG_BLK_DEV_IDEDMA=y
# CONFIG_BLK_DEV_HD_ONLY is not set
# CONFIG_BLK_DEV_HD is not set

#
# SCSI device support
#
# CONFIG_RAID_ATTRS is not set
CONFIG_SCSI=y
CONFIG_SCSI_DMA=y
# CONFIG_SCSI_TGT is not set
# CONFIG_SCSI_NETLINK is not set
CONFIG_SCSI_PROC_FS=y

#
# SCSI support type (disk, tape, CD-ROM)
#
CONFIG_BLK_DEV_SD=y
# CONFIG_CHR_DEV_ST is not set
# CONFIG_CHR_DEV_OSST is not set
# CONFIG_BLK_DEV_SR is not set
# CONFIG_CHR_DEV_SG is not set
# CONFIG_CHR_DEV_SCH is not set

#
# Some SCSI devices (e.g. CD jukebox) support multiple LUNs
#
CONFIG_SCSI_MULTI_LUN=y
CONFIG_SCSI_CONSTANTS=y
# CONFIG_SCSI_LOGGING is not set
# CONFIG_SCSI_SCAN_ASYNC is not set
CONFIG_SCSI_WAIT_SCAN=m

#
# SCSI Transports
#
CONFIG_SCSI_SPI_ATTRS=y
# CONFIG_SCSI_FC_ATTRS is not set
# CONFIG_SCSI_ISCSI_ATTRS is not set
# CONFIG_SCSI_SAS_LIBSAS is not set
# CONFIG_SCSI_SRP_ATTRS is not set
CONFIG_SCSI_LOWLEVEL=y
# CONFIG_ISCSI_TCP is not set
# CONFIG_BLK_DEV_3W_XXXX_RAID is not set
# CONFIG_SCSI_3W_9XXX is not set
# CONFIG_SCSI_ACARD is not set
# CONFIG_SCSI_AACRAID is not set
CONFIG_SCSI_AIC7XXX=y
CONFIG_AIC7XXX_CMDS_PER_DEVICE=32
CONFIG_AIC7XXX_RESET_DELAY_MS=15000
CONFIG_AIC7XXX_DEBUG_ENABLE=y
CONFIG_AIC7XXX_DEBUG_MASK=0
CONFIG_AIC7XXX_REG_PRETTY_PRINT=y
# CONFIG_SCSI_AIC7XXX_OLD is not set
# CONFIG_SCSI_AIC79XX is not set
# CONFIG_SCSI_AIC94XX is not set
# CONFIG_SCSI_DPT_I2O is not set
# CONFIG_SCSI_ADVANSYS is not set
# CONFIG_SCSI_ARCMSR is not set
# CONFIG_MEGARAID_NEWGEN is not set
# CONFIG_MEGARAID_LEGACY is not set
# CONFIG_MEGARAID_SAS is not set
# CONFIG_SCSI_HPTIOP is not set
# CONFIG_SCSI_BUSLOGIC is not set
# CONFIG_SCSI_DMX3191D is not set
# CONFIG_SCSI_EATA is not set
# CONFIG_SCSI_FUTURE_DOMAIN is not set
# CONFIG_SCSI_GDTH is not set
# CONFIG_SCSI_IPS is not set
# CONFIG_SCSI_INITIO is not set
# CONFIG_SCSI_INIA100 is not set
# CONFIG_SCSI_MVSAS is not set
# CONFIG_SCSI_STEX is not set
# CONFIG_SCSI_SYM53C8XX_2 is not set
# CONFIG_SCSI_QLOGIC_1280 is not set
# CONFIG_SCSI_QLA_FC is not set
# CONFIG_SCSI_QLA_ISCSI is not set
# CONFIG_SCSI_LPFC is not set
# CONFIG_SCSI_DC395x is not set
# CONFIG_SCSI_DC390T is not set
# CONFIG_SCSI_NSP32 is not set
# CONFIG_SCSI_DEBUG is not set
# CONFIG_SCSI_SRP is not set
# CONFIG_ATA is not set
# CONFIG_MD is not set
# CONFIG_FUSION is not set

#
# IEEE 1394 (FireWire) support
#
# CONFIG_FIREWIRE is not set
# CONFIG_IEEE1394 is not set
# CONFIG_I2O is not set
CONFIG_MACINTOSH_DRIVERS=y
# CONFIG_MAC_EMUMOUSEBTN is not set
CONFIG_NETDEVICES=y
# CONFIG_NETDEVICES_MULTIQUEUE is not set
CONFIG_DUMMY=m
# CONFIG_BONDING is not set
# CONFIG_MACVLAN is not set
# CONFIG_EQUALIZER is not set
CONFIG_TUN=y
# CONFIG_VETH is not set
# CONFIG_NET_SB1000 is not set
# CONFIG_ARCNET is not set
# CONFIG_PHYLIB is not set
CONFIG_NET_ETHERNET=y
CONFIG_MII=y
# CONFIG_HAPPYMEAL is not set
# CONFIG_SUNGEM is not set
# CONFIG_CASSINI is not set
CONFIG_NET_VENDOR_3COM=y
CONFIG_VORTEX=m
# CONFIG_TYPHOON is not set
CONFIG_NET_TULIP=y
CONFIG_DE2104X=m
CONFIG_TULIP=m
# CONFIG_TULIP_MWI is not set
# CONFIG_TULIP_MMIO is not set
# CONFIG_TULIP_NAPI is not set
CONFIG_DE4X5=m
CONFIG_WINBOND_840=m
CONFIG_DM9102=m
# CONFIG_ULI526X is not set
# CONFIG_HP100 is not set
# CONFIG_IBM_NEW_EMAC_ZMII is not set
# CONFIG_IBM_NEW_EMAC_RGMII is not set
# CONFIG_IBM_NEW_EMAC_TAH is not set
# CONFIG_IBM_NEW_EMAC_EMAC4 is not set
CONFIG_NET_PCI=y
CONFIG_PCNET32=m
# CONFIG_PCNET32_NAPI is not set
CONFIG_AMD8111_ETH=m
# CONFIG_AMD8111E_NAPI is not set
# CONFIG_ADAPTEC_STARFIRE is not set
# CONFIG_B44 is not set
# CONFIG_FORCEDETH is not set
# CONFIG_EEPRO100 is not set
CONFIG_E100=m
# CONFIG_FEALNX is not set
# CONFIG_NATSEMI is not set
# CONFIG_NE2K_PCI is not set
# CONFIG_8139CP is not set
# CONFIG_8139TOO is not set
# CONFIG_R6040 is not set
# CONFIG_SIS900 is not set
# CONFIG_EPIC100 is not set
# CONFIG_SUNDANCE is not set
# CONFIG_TLAN is not set
# CONFIG_VIA_RHINE is not set
# CONFIG_SC92031 is not set
CONFIG_NETDEV_1000=y
# CONFIG_ACENIC is not set
# CONFIG_DL2K is not set
# CONFIG_E1000 is not set
# CONFIG_E1000E is not set
# CONFIG_E1000E_ENABLED is not set
# CONFIG_IP1000 is not set
# CONFIG_IGB is not set
# CONFIG_NS83820 is not set
# CONFIG_HAMACHI is not set
# CONFIG_YELLOWFIN is not set
# CONFIG_R8169 is not set
# CONFIG_SIS190 is not set
# CONFIG_SKGE is not set
# CONFIG_SKY2 is not set
# CONFIG_VIA_VELOCITY is not set
# CONFIG_TIGON3 is not set
# CONFIG_BNX2 is not set
# CONFIG_QLA3XXX is not set
# CONFIG_ATL1 is not set
CONFIG_NETDEV_10000=y
# CONFIG_CHELSIO_T1 is not set
# CONFIG_CHELSIO_T3 is not set
# CONFIG_IXGBE is not set
# CONFIG_IXGB is not set
# CONFIG_S2IO is not set
# CONFIG_MYRI10GE is not set
# CONFIG_NETXEN_NIC is not set
# CONFIG_NIU is not set
# CONFIG_MLX4_CORE is not set
# CONFIG_TEHUTI is not set
# CONFIG_BNX2X is not set
# CONFIG_TR is not set

#
# Wireless LAN
#
# CONFIG_WLAN_PRE80211 is not set
# CONFIG_WLAN_80211 is not set
# CONFIG_IWLWIFI_LEDS is not set

#
# USB Network Adapters
#
# CONFIG_USB_CATC is not set
# CONFIG_USB_KAWETH is not set
# CONFIG_USB_PEGASUS is not set
# CONFIG_USB_RTL8150 is not set
# CONFIG_USB_USBNET is not set
# CONFIG_WAN is not set
# CONFIG_FDDI is not set
# CONFIG_HIPPI is not set
# CONFIG_PPP is not set
# CONFIG_SLIP is not set
# CONFIG_NET_FC is not set
# CONFIG_NETCONSOLE is not set
# CONFIG_NETPOLL is not set
# CONFIG_NET_POLL_CONTROLLER is not set
# CONFIG_ISDN is not set
# CONFIG_PHONE is not set

#
# Input device support
#
CONFIG_INPUT=y
# CONFIG_INPUT_FF_MEMLESS is not set
# CONFIG_INPUT_POLLDEV is not set

#
# Userland interfaces
#
CONFIG_INPUT_MOUSEDEV=y
CONFIG_INPUT_MOUSEDEV_PSAUX=y
CONFIG_INPUT_MOUSEDEV_SCREEN_X=1024
CONFIG_INPUT_MOUSEDEV_SCREEN_Y=768
# CONFIG_INPUT_JOYDEV is not set
CONFIG_INPUT_EVDEV=m
CONFIG_INPUT_EVBUG=m

#
# Input Device Drivers
#
CONFIG_INPUT_KEYBOARD=y
CONFIG_KEYBOARD_ATKBD=y
# CONFIG_KEYBOARD_SUNKBD is not set
# CONFIG_KEYBOARD_LKKBD is not set
CONFIG_KEYBOARD_XTKBD=m
CONFIG_KEYBOARD_NEWTON=m
# CONFIG_KEYBOARD_STOWAWAY is not set
CONFIG_INPUT_MOUSE=y
CONFIG_MOUSE_PS2=m
CONFIG_MOUSE_PS2_ALPS=y
CONFIG_MOUSE_PS2_LOGIPS2PP=y
CONFIG_MOUSE_PS2_SYNAPTICS=y
CONFIG_MOUSE_PS2_LIFEBOOK=y
CONFIG_MOUSE_PS2_TRACKPOINT=y
# CONFIG_MOUSE_PS2_TOUCHKIT is not set
# CONFIG_MOUSE_PS2_ELANTECH is not set
CONFIG_MOUSE_SERIAL=m
# CONFIG_MOUSE_APPLETOUCH is not set
# CONFIG_MOUSE_VSXXXAA is not set
# CONFIG_INPUT_JOYSTICK is not set
# CONFIG_INPUT_TABLET is not set
# CONFIG_INPUT_TOUCHSCREEN is not set
# CONFIG_INPUT_MISC is not set

#
# Hardware I/O ports
#
CONFIG_SERIO=y
CONFIG_SERIO_I8042=y
# CONFIG_SERIO_SERPORT is not set
# CONFIG_SERIO_CT82C710 is not set
# CONFIG_SERIO_PCIPS2 is not set
CONFIG_SERIO_LIBPS2=y
# CONFIG_SERIO_RAW is not set
# CONFIG_GAMEPORT is not set

#
# Character devices
#
CONFIG_VT=y
CONFIG_VT_CONSOLE=y
CONFIG_HW_CONSOLE=y
# CONFIG_VT_HW_CONSOLE_BINDING is not set
CONFIG_DEVKMEM=y
# CONFIG_SERIAL_NONSTANDARD is not set
# CONFIG_NOZOMI is not set

#
# Serial drivers
#
CONFIG_SERIAL_8250=y
CONFIG_SERIAL_8250_CONSOLE=y
CONFIG_FIX_EARLYCON_MEM=y
CONFIG_SERIAL_8250_PCI=y
CONFIG_SERIAL_8250_PNP=y
CONFIG_SERIAL_8250_NR_UARTS=4
CONFIG_SERIAL_8250_RUNTIME_UARTS=4
CONFIG_SERIAL_8250_EXTENDED=y
CONFIG_SERIAL_8250_MANY_PORTS=y
CONFIG_SERIAL_8250_SHARE_IRQ=y
# CONFIG_SERIAL_8250_DETECT_IRQ is not set
CONFIG_SERIAL_8250_RSA=y

#
# Non-8250 serial port support
#
CONFIG_SERIAL_CORE=y
CONFIG_SERIAL_CORE_CONSOLE=y
# CONFIG_SERIAL_JSM is not set
CONFIG_UNIX98_PTYS=y
CONFIG_LEGACY_PTYS=y
CONFIG_LEGACY_PTY_COUNT=256
CONFIG_IPMI_HANDLER=m
# CONFIG_IPMI_PANIC_EVENT is not set
CONFIG_IPMI_DEVICE_INTERFACE=m
CONFIG_IPMI_SI=m
CONFIG_IPMI_WATCHDOG=m
# CONFIG_IPMI_POWEROFF is not set
# CONFIG_HW_RANDOM is not set
# CONFIG_NVRAM is not set
# CONFIG_RTC is not set
# CONFIG_GEN_RTC is not set
# CONFIG_R3964 is not set
# CONFIG_APPLICOM is not set
# CONFIG_SONYPI is not set
# CONFIG_MWAVE is not set
# CONFIG_PC8736x_GPIO is not set
# CONFIG_NSC_GPIO is not set
# CONFIG_CS5535_GPIO is not set
# CONFIG_RAW_DRIVER is not set
# CONFIG_HPET is not set
CONFIG_HANGCHECK_TIMER=m
# CONFIG_TCG_TPM is not set
# CONFIG_TELCLOCK is not set
CONFIG_DEVPORT=y
# CONFIG_I2C is not set
# CONFIG_SPI is not set
# CONFIG_W1 is not set
CONFIG_POWER_SUPPLY=y
# CONFIG_POWER_SUPPLY_DEBUG is not set
# CONFIG_PDA_POWER is not set
# CONFIG_BATTERY_DS2760 is not set
# CONFIG_HWMON is not set
# CONFIG_THERMAL is not set
CONFIG_WATCHDOG=y
# CONFIG_WATCHDOG_NOWAYOUT is not set
CONFIG_WATCHDOG_CORE=m
# CONFIG_WATCHDOG_DEBUG_CORE is not set

#
# Watchdog Device Drivers
#
CONFIG_SOFT_WATCHDOG=y
# CONFIG_ACQUIRE_WDT is not set
# CONFIG_ADVANTECH_WDT is not set
# CONFIG_ALIM1535_WDT is not set
# CONFIG_ALIM7101_WDT is not set
# CONFIG_SC520_WDT is not set
# CONFIG_EUROTECH_WDT is not set
# CONFIG_IB700_WDT is not set
# CONFIG_IBMASR is not set
# CONFIG_WAFER_WDT is not set
# CONFIG_I6300ESB_WDT is not set
# CONFIG_ITCO_WDT is not set
# CONFIG_IT8712F_WDT is not set
# CONFIG_HP_WATCHDOG is not set
# CONFIG_SC1200_WDT is not set
# CONFIG_PC87413_WDT is not set
# CONFIG_60XX_WDT is not set
# CONFIG_SBC8360_WDT is not set
# CONFIG_SBC7240_WDT is not set
# CONFIG_CPU5_WDT is not set
# CONFIG_SMSC37B787_WDT is not set
# CONFIG_W83627HF_WDT is not set
# CONFIG_W83697HF_WDT is not set
# CONFIG_W83877F_WDT is not set
# CONFIG_W83977F_WDT is not set
# CONFIG_MACHZ_WDT is not set
# CONFIG_SBC_EPX_C3_WATCHDOG is not set

#
# PCI-based Watchdog Cards
#
# CONFIG_PCIPCWATCHDOG is not set
# CONFIG_WDTPCI is not set

#
# USB-based Watchdog Cards
#
# CONFIG_USBPCWATCHDOG is not set

#
# Sonics Silicon Backplane
#
CONFIG_SSB_POSSIBLE=y
# CONFIG_SSB is not set

#
# Multifunction device drivers
#
# CONFIG_MFD_SM501 is not set
# CONFIG_HTC_PASIC3 is not set

#
# Multimedia devices
#
# CONFIG_VIDEO_DEV is not set
# CONFIG_DVB_CORE is not set
CONFIG_DAB=y
# CONFIG_USB_DABUSB is not set

#
# Graphics support
#
CONFIG_AGP=m
# CONFIG_AGP_ALI is not set
# CONFIG_AGP_ATI is not set
# CONFIG_AGP_AMD is not set
# CONFIG_AGP_AMD64 is not set
CONFIG_AGP_INTEL=m
# CONFIG_AGP_NVIDIA is not set
CONFIG_AGP_SIS=m
# CONFIG_AGP_SWORKS is not set
CONFIG_AGP_VIA=m
# CONFIG_AGP_EFFICEON is not set
CONFIG_DRM=m
# CONFIG_DRM_TDFX is not set
# CONFIG_DRM_R128 is not set
# CONFIG_DRM_RADEON is not set
CONFIG_DRM_I810=m
# CONFIG_DRM_I830 is not set
# CONFIG_DRM_I915 is not set
# CONFIG_DRM_MGA is not set
# CONFIG_DRM_SIS is not set
# CONFIG_DRM_VIA is not set
CONFIG_DRM_SAVAGE=m
# CONFIG_VGASTATE is not set
CONFIG_VIDEO_OUTPUT_CONTROL=m
# CONFIG_FB is not set
# CONFIG_BACKLIGHT_LCD_SUPPORT is not set

#
# Display device support
#
# CONFIG_DISPLAY_SUPPORT is not set

#
# Console display driver support
#
CONFIG_VGA_CONSOLE=y
CONFIG_VGACON_SOFT_SCROLLBACK=y
CONFIG_VGACON_SOFT_SCROLLBACK_SIZE=64
CONFIG_VIDEO_SELECT=y
CONFIG_DUMMY_CONSOLE=y

#
# Sound
#
# CONFIG_SOUND is not set
CONFIG_HID_SUPPORT=y
CONFIG_HID=y
# CONFIG_HID_DEBUG is not set
# CONFIG_HIDRAW is not set

#
# USB Input Devices
#
CONFIG_USB_HID=m
# CONFIG_USB_HIDINPUT_POWERBOOK is not set
# CONFIG_HID_FF is not set
# CONFIG_USB_HIDDEV is not set

#
# USB HID Boot Protocol drivers
#
# CONFIG_USB_KBD is not set
# CONFIG_USB_MOUSE is not set
CONFIG_USB_SUPPORT=y
CONFIG_USB_ARCH_HAS_HCD=y
CONFIG_USB_ARCH_HAS_OHCI=y
CONFIG_USB_ARCH_HAS_EHCI=y
CONFIG_USB=m
# CONFIG_USB_DEBUG is not set
# CONFIG_USB_ANNOUNCE_NEW_DEVICES is not set

#
# Miscellaneous USB options
#
# CONFIG_USB_DEVICEFS is not set
CONFIG_USB_DEVICE_CLASS=y
# CONFIG_USB_DYNAMIC_MINORS is not set
# CONFIG_USB_SUSPEND is not set
# CONFIG_USB_OTG is not set
# CONFIG_USB_WUSB is not set

#
# USB Host Controller Drivers
#
CONFIG_USB_EHCI_HCD=m
# CONFIG_USB_EHCI_ROOT_HUB_TT is not set
# CONFIG_USB_EHCI_TT_NEWSCHED is not set
# CONFIG_USB_ISP116X_HCD is not set
CONFIG_USB_OHCI_HCD=m
# CONFIG_USB_OHCI_BIG_ENDIAN_DESC is not set
# CONFIG_USB_OHCI_BIG_ENDIAN_MMIO is not set
CONFIG_USB_OHCI_LITTLE_ENDIAN=y
CONFIG_USB_UHCI_HCD=m
# CONFIG_USB_SL811_HCD is not set
# CONFIG_USB_R8A66597_HCD is not set
# CONFIG_USB_HWA_HCD is not set

#
# USB Device Class drivers
#
# CONFIG_USB_ACM is not set
CONFIG_USB_PRINTER=m

#
# NOTE: USB_STORAGE enables SCSI, and 'SCSI disk support'
#

#
# may also be needed; see USB_STORAGE Help for more information
#
# CONFIG_USB_STORAGE is not set
# CONFIG_USB_LIBUSUAL is not set

#
# USB Imaging devices
#
# CONFIG_USB_MDC800 is not set
# CONFIG_USB_MICROTEK is not set
CONFIG_USB_MON=y

#
# USB port drivers
#
# CONFIG_USB_SERIAL is not set

#
# USB Miscellaneous drivers
#
# CONFIG_USB_EMI62 is not set
# CONFIG_USB_EMI26 is not set
# CONFIG_USB_ADUTUX is not set
# CONFIG_USB_AUERSWALD is not set
# CONFIG_USB_RIO500 is not set
# CONFIG_USB_LEGOTOWER is not set
# CONFIG_USB_LCD is not set
# CONFIG_USB_BERRY_CHARGE is not set
# CONFIG_USB_LED is not set
# CONFIG_USB_CYPRESS_CY7C63 is not set
# CONFIG_USB_CYTHERM is not set
# CONFIG_USB_PHIDGET is not set
# CONFIG_USB_IDMOUSE is not set
# CONFIG_USB_FTDI_ELAN is not set
# CONFIG_USB_APPLEDISPLAY is not set
# CONFIG_USB_SISUSBVGA is not set
# CONFIG_USB_LD is not set
# CONFIG_USB_TRANCEVIBRATOR is not set
# CONFIG_USB_IOWARRIOR is not set
# CONFIG_USB_GOTEMP is not set
# CONFIG_USB_GADGET is not set
# CONFIG_UWB is not set
# CONFIG_MMC is not set
# CONFIG_MEMSTICK is not set
# CONFIG_NEW_LEDS is not set
# CONFIG_ACCESSIBILITY is not set
# CONFIG_INFINIBAND is not set
# CONFIG_EDAC is not set
# CONFIG_RTC_CLASS is not set
# CONFIG_DMADEVICES is not set
# CONFIG_UIO is not set

#
# Firmware Drivers
#
CONFIG_EDD=m
# CONFIG_EDD_OFF is not set
# CONFIG_DELL_RBU is not set
# CONFIG_DCDBAS is not set
CONFIG_DMIID=y
# CONFIG_ISCSI_IBFT_FIND is not set

#
# File systems
#
CONFIG_EXT2_FS=y
CONFIG_EXT2_FS_XATTR=y
CONFIG_EXT2_FS_POSIX_ACL=y
CONFIG_EXT2_FS_SECURITY=y
# CONFIG_EXT2_FS_XIP is not set
CONFIG_EXT3_FS=y
CONFIG_EXT3_FS_XATTR=y
CONFIG_EXT3_FS_POSIX_ACL=y
CONFIG_EXT3_FS_SECURITY=y
# CONFIG_EXT4DEV_FS is not set
CONFIG_JBD=y
# CONFIG_JBD_DEBUG is not set
CONFIG_FS_MBCACHE=y
# CONFIG_REISER4_FS is not set
# CONFIG_REISERFS_FS is not set
# CONFIG_JFS_FS is not set
CONFIG_FS_POSIX_ACL=y
# CONFIG_XFS_FS is not set
# CONFIG_GFS2_FS is not set
# CONFIG_OCFS2_FS is not set
CONFIG_DNOTIFY=y
CONFIG_INOTIFY=y
CONFIG_INOTIFY_USER=y
# CONFIG_QUOTA is not set
CONFIG_AUTOFS_FS=y
CONFIG_AUTOFS4_FS=y
# CONFIG_FUSE_FS is not set

#
# CD-ROM/DVD Filesystems
#
CONFIG_ISO9660_FS=m
CONFIG_JOLIET=y
CONFIG_ZISOFS=y
# CONFIG_UDF_FS is not set

#
# DOS/FAT/NT Filesystems
#
# CONFIG_MSDOS_FS is not set
# CONFIG_VFAT_FS is not set
CONFIG_NTFS_FS=m
# CONFIG_NTFS_DEBUG is not set
# CONFIG_NTFS_RW is not set

#
# Pseudo filesystems
#
CONFIG_PROC_FS=y
CONFIG_PROC_KCORE=y
CONFIG_PROC_SYSCTL=y
CONFIG_SYSFS=y
CONFIG_TMPFS=y
# CONFIG_TMPFS_POSIX_ACL is not set
CONFIG_HUGETLBFS=y
CONFIG_HUGETLB_PAGE=y
# CONFIG_CONFIGFS_FS is not set

#
# Layered filesystems
#
# CONFIG_UNION_FS is not set

#
# Miscellaneous filesystems
#
# CONFIG_ADFS_FS is not set
# CONFIG_AFFS_FS is not set
# CONFIG_HFS_FS is not set
# CONFIG_HFSPLUS_FS is not set
# CONFIG_BEFS_FS is not set
# CONFIG_BFS_FS is not set
# CONFIG_EFS_FS is not set
# CONFIG_CRAMFS is not set
# CONFIG_VXFS_FS is not set
# CONFIG_MINIX_FS is not set
# CONFIG_HPFS_FS is not set
# CONFIG_QNX4FS_FS is not set
# CONFIG_ROMFS_FS is not set
# CONFIG_SYSV_FS is not set
# CONFIG_UFS_FS is not set
CONFIG_NETWORK_FILESYSTEMS=y
# CONFIG_NFS_FS is not set
# CONFIG_NFSD is not set
# CONFIG_SMB_FS is not set
# CONFIG_CIFS is not set
# CONFIG_NCP_FS is not set
# CONFIG_CODA_FS is not set
# CONFIG_AFS_FS is not set

#
# Partition Types
#
# CONFIG_PARTITION_ADVANCED is not set
CONFIG_MSDOS_PARTITION=y
CONFIG_NLS=y
CONFIG_NLS_DEFAULT="cp437"
CONFIG_NLS_CODEPAGE_437=m
# CONFIG_NLS_CODEPAGE_737 is not set
# CONFIG_NLS_CODEPAGE_775 is not set
# CONFIG_NLS_CODEPAGE_850 is not set
# CONFIG_NLS_CODEPAGE_852 is not set
# CONFIG_NLS_CODEPAGE_855 is not set
# CONFIG_NLS_CODEPAGE_857 is not set
# CONFIG_NLS_CODEPAGE_860 is not set
# CONFIG_NLS_CODEPAGE_861 is not set
# CONFIG_NLS_CODEPAGE_862 is not set
# CONFIG_NLS_CODEPAGE_863 is not set
# CONFIG_NLS_CODEPAGE_864 is not set
# CONFIG_NLS_CODEPAGE_865 is not set
# CONFIG_NLS_CODEPAGE_866 is not set
# CONFIG_NLS_CODEPAGE_869 is not set
# CONFIG_NLS_CODEPAGE_936 is not set
# CONFIG_NLS_CODEPAGE_950 is not set
# CONFIG_NLS_CODEPAGE_932 is not set
# CONFIG_NLS_CODEPAGE_949 is not set
# CONFIG_NLS_CODEPAGE_874 is not set
# CONFIG_NLS_ISO8859_8 is not set
# CONFIG_NLS_CODEPAGE_1250 is not set
# CONFIG_NLS_CODEPAGE_1251 is not set
CONFIG_NLS_ASCII=m
CONFIG_NLS_ISO8859_1=m
# CONFIG_NLS_ISO8859_2 is not set
# CONFIG_NLS_ISO8859_3 is not set
# CONFIG_NLS_ISO8859_4 is not set
# CONFIG_NLS_ISO8859_5 is not set
# CONFIG_NLS_ISO8859_6 is not set
# CONFIG_NLS_ISO8859_7 is not set
# CONFIG_NLS_ISO8859_9 is not set
# CONFIG_NLS_ISO8859_13 is not set
# CONFIG_NLS_ISO8859_14 is not set
CONFIG_NLS_ISO8859_15=m
# CONFIG_NLS_KOI8_R is not set
# CONFIG_NLS_KOI8_U is not set
CONFIG_NLS_UTF8=m
# CONFIG_DLM is not set

#
# Kernel hacking
#
CONFIG_TRACE_IRQFLAGS_SUPPORT=y
CONFIG_PRINTK_TIME=y
CONFIG_ENABLE_WARN_DEPRECATED=y
CONFIG_ENABLE_MUST_CHECK=y
CONFIG_MAGIC_SYSRQ=y
CONFIG_UNUSED_SYMBOLS=y
# CONFIG_PAGE_OWNER is not set
CONFIG_DEBUG_FS=y
# CONFIG_HEADERS_CHECK is not set
CONFIG_DEBUG_KERNEL=y
# CONFIG_DEBUG_SHIRQ is not set
CONFIG_DETECT_SOFTLOCKUP=y
CONFIG_SCHED_DEBUG=y
# CONFIG_SCHEDSTATS is not set
# CONFIG_TIMER_STATS is not set
# CONFIG_DEBUG_OBJECTS is not set
# CONFIG_DEBUG_SLAB is not set
# CONFIG_DEBUG_RT_MUTEXES is not set
# CONFIG_RT_MUTEX_TESTER is not set
CONFIG_DEBUG_SPINLOCK=y
CONFIG_DEBUG_MUTEXES=y
CONFIG_DEBUG_LOCK_ALLOC=y
# CONFIG_PROVE_LOCKING is not set
CONFIG_LOCKDEP=y
CONFIG_LOCK_STAT=y
# CONFIG_DEBUG_LOCKDEP is not set
CONFIG_DEBUG_SPINLOCK_SLEEP=y
# CONFIG_DEBUG_LOCKING_API_SELFTESTS is not set
CONFIG_STACKTRACE=y
# CONFIG_DEBUG_KOBJECT is not set
# CONFIG_DEBUG_HIGHMEM is not set
CONFIG_DEBUG_BUGVERBOSE=y
CONFIG_DEBUG_INFO=y
CONFIG_DEBUG_VM=y
# CONFIG_DEBUG_WRITECOUNT is not set
# CONFIG_DEBUG_LIST is not set
# CONFIG_DEBUG_SG is not set
CONFIG_FRAME_POINTER=y
# CONFIG_PROFILE_LIKELY is not set
# CONFIG_BOOT_PRINTK_DELAY is not set
# CONFIG_DEBUG_SYNCHRO_TEST is not set
# CONFIG_RCU_TORTURE_TEST is not set
# CONFIG_KPROBES_SANITY_TEST is not set
# CONFIG_BACKTRACE_SELF_TEST is not set
# CONFIG_LKDTM is not set
# CONFIG_FAULT_INJECTION is not set
# CONFIG_LATENCYTOP is not set
CONFIG_HAVE_FTRACE=y
# CONFIG_FTRACE is not set
# CONFIG_IRQSOFF_TRACER is not set
# CONFIG_SYSPROF_TRACER is not set
# CONFIG_SCHED_TRACER is not set
# CONFIG_CONTEXT_SWITCH_TRACER is not set
# CONFIG_PROVIDE_OHCI1394_DMA_INIT is not set
# CONFIG_SAMPLES is not set
# CONFIG_KGDB is not set
CONFIG_HAVE_ARCH_KGDB=y
CONFIG_NONPROMISC_DEVMEM=y
CONFIG_EARLY_PRINTK=y
# CONFIG_DEBUG_STACKOVERFLOW is not set
# CONFIG_DEBUG_STACK_USAGE is not set
# CONFIG_DEBUG_PAGEALLOC is not set
# CONFIG_X86_PTDUMP is not set
# CONFIG_DEBUG_RODATA is not set
# CONFIG_DEBUG_NX_TEST is not set
# CONFIG_4KSTACKS is not set
CONFIG_X86_FIND_SMP_CONFIG=y
CONFIG_X86_MPPARSE=y
CONFIG_DOUBLEFAULT=y
CONFIG_IO_DELAY_TYPE_0X80=0
CONFIG_IO_DELAY_TYPE_0XED=1
CONFIG_IO_DELAY_TYPE_UDELAY=2
CONFIG_IO_DELAY_TYPE_NONE=3
CONFIG_IO_DELAY_0X80=y
# CONFIG_IO_DELAY_0XED is not set
# CONFIG_IO_DELAY_UDELAY is not set
# CONFIG_IO_DELAY_NONE is not set
CONFIG_DEFAULT_IO_DELAY_TYPE=0
# CONFIG_DEBUG_BOOT_PARAMS is not set
# CONFIG_CPA_DEBUG is not set
CONFIG_OPTIMIZE_INLINING=y

#
# Security options
#
# CONFIG_KEYS is not set
# CONFIG_SECURITY is not set
# CONFIG_SECURITY_FILE_CAPABILITIES is not set
CONFIG_CRYPTO=y

#
# Crypto core or helper
#
CONFIG_CRYPTO_ALGAPI=y
CONFIG_CRYPTO_AEAD=y
CONFIG_CRYPTO_BLKCIPHER=y
CONFIG_CRYPTO_HASH=y
CONFIG_CRYPTO_MANAGER=y
# CONFIG_CRYPTO_GF128MUL is not set
CONFIG_CRYPTO_NULL=y
# CONFIG_CRYPTO_CRYPTD is not set
CONFIG_CRYPTO_AUTHENC=y
# CONFIG_CRYPTO_TEST is not set

#
# Authenticated Encryption with Associated Data
#
# CONFIG_CRYPTO_CCM is not set
# CONFIG_CRYPTO_GCM is not set
# CONFIG_CRYPTO_SEQIV is not set

#
# Block modes
#
CONFIG_CRYPTO_CBC=y
# CONFIG_CRYPTO_CTR is not set
# CONFIG_CRYPTO_CTS is not set
CONFIG_CRYPTO_ECB=m
# CONFIG_CRYPTO_LRW is not set
CONFIG_CRYPTO_PCBC=m
# CONFIG_CRYPTO_XTS is not set

#
# Hash modes
#
CONFIG_CRYPTO_HMAC=y
# CONFIG_CRYPTO_XCBC is not set

#
# Digest
#
CONFIG_CRYPTO_CRC32C=y
CONFIG_CRYPTO_MD4=y
CONFIG_CRYPTO_MD5=y
CONFIG_CRYPTO_MICHAEL_MIC=y
CONFIG_CRYPTO_SHA1=y
CONFIG_CRYPTO_SHA256=y
CONFIG_CRYPTO_SHA512=y
# CONFIG_CRYPTO_TGR192 is not set
CONFIG_CRYPTO_WP512=y

#
# Ciphers
#
# CONFIG_CRYPTO_AES is not set
# CONFIG_CRYPTO_AES_586 is not set
# CONFIG_CRYPTO_ANUBIS is not set
CONFIG_CRYPTO_ARC4=y
CONFIG_CRYPTO_BLOWFISH=y
# CONFIG_CRYPTO_CAMELLIA is not set
CONFIG_CRYPTO_CAST5=y
CONFIG_CRYPTO_CAST6=y
CONFIG_CRYPTO_DES=y
# CONFIG_CRYPTO_FCRYPT is not set
# CONFIG_CRYPTO_KHAZAD is not set
# CONFIG_CRYPTO_SALSA20 is not set
# CONFIG_CRYPTO_SALSA20_586 is not set
# CONFIG_CRYPTO_SEED is not set
CONFIG_CRYPTO_SERPENT=y
CONFIG_CRYPTO_TEA=y
CONFIG_CRYPTO_TWOFISH=y
CONFIG_CRYPTO_TWOFISH_COMMON=y
# CONFIG_CRYPTO_TWOFISH_586 is not set

#
# Compression
#
CONFIG_CRYPTO_DEFLATE=y
# CONFIG_CRYPTO_LZO is not set
CONFIG_CRYPTO_HW=y
# CONFIG_CRYPTO_DEV_PADLOCK is not set
CONFIG_CRYPTO_DEV_GEODE=m
# CONFIG_CRYPTO_DEV_HIFN_795X is not set
CONFIG_HAVE_KVM=y
CONFIG_VIRTUALIZATION=y
# CONFIG_KVM is not set
# CONFIG_LGUEST is not set
# CONFIG_VIRTIO_PCI is not set
# CONFIG_VIRTIO_BALLOON is not set

#
# Library routines
#
CONFIG_BITREVERSE=y
CONFIG_CRC_CCITT=y
# CONFIG_CRC16 is not set
# CONFIG_CRC_ITU_T is not set
CONFIG_CRC32=y
# CONFIG_CRC7 is not set
CONFIG_LIBCRC32C=y
CONFIG_ZLIB_INFLATE=y
CONFIG_ZLIB_DEFLATE=y
CONFIG_PLIST=y
CONFIG_HAS_IOMEM=y
CONFIG_HAS_IOPORT=y
CONFIG_HAS_DMA=y
# CONFIG_TRACE is not set

--0F1p//8PRICkK4MW
Content-Type: text/plain; charset=iso-8859-15
Content-Disposition: attachment; filename="ide-crash-failure.txt"

  Booting 'Debian GNU/Linux 2.6.25-mm1 Clean Serial'

root            (hd0,0)
 Filesystem type is ext2fs, partition type 0x83
kernel          /boot/vmlinuz-2.6.25-mm1 root=/dev/hda1 mminit_loglevel=4 logle
vel=9 console=tty0 console=ttyS0,9600 ro earlyprintk=serial,ttyS0,9600 kernelco
re=384MB movablecore=384MB profile=sleep,2 resume=/dev/hda2
   [Linux-bzImage, setup=0x2c00, size=0x1d95d0]
savedefault
boot
[    0.000000] Initializing cgroup subsys cpuset
[    0.000000] Linux version 2.6.25-mm1 (mel@arnold) (gcc version 4.2.3 (Debian 4.2.3-3)) #2 SMP Mon Apr 28 16:56:54 IST 2008
[    0.000000] BIOS-provided physical RAM map:
[    0.000000]  BIOS-e820: 0000000000000000 - 000000000009f800 (usable)
[    0.000000]  BIOS-e820: 000000000009f800 - 00000000000a0000 (reserved)
[    0.000000]  BIOS-e820: 00000000000e0000 - 0000000000100000 (reserved)
[    0.000000]  BIOS-e820: 0000000000100000 - 000000001fff0000 (usable)
[    0.000000]  BIOS-e820: 000000001fff0000 - 000000001fffec00 (ACPI data)
[    0.000000]  BIOS-e820: 000000001fffec00 - 0000000020000000 (ACPI NVS)
[    0.000000]  BIOS-e820: 00000000fff80000 - 0000000100000000 (reserved)
[    0.000000] console [earlyser0] enabled
[    0.000000] CPU and/or kernel does not support PAT.
[    0.000000] 0MB HIGHMEM available.
[    0.000000] 511MB LOWMEM available.
[    0.000000] mminit:: memory_register Entering add_active_range(0, 0, 131056) 0 entries of 256 used
[    0.000000] sizeof(struct page) = 56
[    0.000000] Zone PFN ranges:
[    0.000000]   DMA             0 ->     4096
[    0.000000]   Normal       4096 ->   131056
[    0.000000]   HighMem    131056 ->   131056
[    0.000000] Movable zone start PFN for each node
[    0.000000]   Node 0: 98304
[    0.000000] early_node_map[1] active PFN ranges
[    0.000000]     0:        0 ->   131056
[    0.000000] mminit:: pageflags_layout_widths Section 0 Node 0 Zone 2 Flags 19
[    0.000000] mminit:: pageflags_layout_shifts Section 0 Node 0 Zone 2
[    0.000000] mminit:: pageflags_layout_offsets Section 0 Node 0 Zone 30
[    0.000000] mminit:: pageflags_layout_zoneid Zone ID: 30 -> 32
[    0.000000] mminit:: pageflags_layout_usage location: 32 -> 30 unused 30 -> 19 flags 19 -> 0
[    0.000000] On node 0 totalpages: 131056
[    0.000000] Node 0 memmap at 0xc1000000 size 7340032 first pfn 0xc1000000
[    0.000000] mminit:: memmap_init DMA zone: 56 pages used for memmap
[    0.000000] mminit:: memmap_init DMA zone: 0 pages reserved
[    0.000000]   DMA zone: 4040 pages, LIFO batch:0
[    0.000000] mminit:: memmap_init Initialising map node 0 zone 0 pfns 0 -> 4096
[    0.000000] mminit:: memmap_init Normal zone: 1288 pages used for memmap
[    0.000000]   Normal zone: 92920 pages, LIFO batch:31
[    0.000000] mminit:: memmap_init Initialising map node 0 zone 1 pfns 4096 -> 98304
[    0.000000] mminit:: memmap_init HighMem zone: 0 pages used for memmap
[    0.000000] mminit:: memmap_init Movable zone: 447 pages used for memmap
[    0.000000]   Movable zone: 32305 pages, LIFO batch:7
[    0.000000] mminit:: memmap_init Initialising map node 0 zone 3 pfns 98304 -> 131056
[    0.000000] DMI 2.3 present.
[    0.000000] ACPI: RSDP 000F7160, 0014 (r0 PTLTD )
[    0.000000] ACPI: RSDT 1FFF4D07, 002C (r1 PTLTD    RSDT    6040000  LTP        0)
[    0.000000] ACPI: FACP 1FFFEB65, 0074 (r1 IBM    TP-T21    6040000             0)
[    0.000000] ACPI: DSDT 1FFF4D33, 9E32 (r1 IBM    TP-T21    6040000 MSFT  100000C)
[    0.000000] ACPI: FACS 1FFFF000, 0040
[    0.000000] ACPI: BOOT 1FFFEBD9, 0027 (r1 PTLTD  $SBFTBL$  6040000  LTP        1)
[    0.000000] ACPI: PM-Timer IO Port: 0x1008
[    0.000000] Allocating PCI resources starting at 30000000 (gap: 20000000:dff80000)
[    0.000000] PM: Registered nosave memory: 000000000009f000 - 00000000000a0000
[    0.000000] PM: Registered nosave memory: 00000000000a0000 - 00000000000e0000
[    0.000000] PM: Registered nosave memory: 00000000000e0000 - 0000000000100000
[    0.000000] SMP: Allowing 0 CPUs, 0 hotplug CPUs
[    0.000000] PERCPU: Allocating 323296 bytes of per cpu data
[    0.000000] mminit::zonelist general 0:DMA = 0:DMA 
[    0.000000] mminit::zonelist general 0:Normal = 0:Normal 0:DMA 
[    0.000000] mminit::zonelist general 0:Movable = 0:Movable 0:Normal 0:DMA 
[    0.000000] Built 1 zonelists in Zone order, mobility grouping on.  Total pages: 129265
[    0.000000] Kernel command line: root=/dev/hda1 mminit_loglevel=4 loglevel=9 console=tty0 console=ttyS0,9600 ro earlyprintk=serial,ttyS0,9600 kernelcore=384MB movablecore=384MB profile=sleep,2 resume=/dev/hda2
[    0.000000] kernel sleep profiling requires CONFIG_SCHEDSTATS
[    0.000000] Local APIC disabled by BIOS -- you can enable it with "lapic"
[    0.000000] mapped APIC to ffffb000 (01757000)
[    0.000000] Enabling fast FPU save and restore... done.
[    0.000000] Enabling unmasked SIMD FPU exception support... done.
[    0.000000] Initializing CPU#0
[    0.000000] PID hash table entries: 2048 (order: 11, 8192 bytes)
[    0.000000] Detected 796.561 MHz processor.
[    0.004000] Console: colour VGA+ 80x25
[    0.004000] console [tty0] enabled
[    0.000000] Initializing cgroup subsys cpuset
[    0.000000] Linux version 2.6.25-mm1 (mel@arnold) (gcc version 4.2.3 (Debian 4.2.3-3)) #2 SMP Mon Apr 28 16:56:54 IST 2008
[    0.000000] BIOS-provided physical RAM map:
[    0.000000]  BIOS-e820: 0000000000000000 - 000000000009f800 (usable)
[    0.000000]  BIOS-e820: 000000000009f800 - 00000000000a0000 (reserved)
[    0.000000]  BIOS-e820: 00000000000e0000 - 0000000000100000 (reserved)
[    0.000000]  BIOS-e820: 0000000000100000 - 000000001fff0000 (usable)
[    0.000000]  BIOS-e820: 000000001fff0000 - 000000001fffec00 (ACPI data)
[    0.000000]  BIOS-e820: 000000001fffec00 - 0000000020000000 (ACPI NVS)
[    0.000000]  BIOS-e820: 00000000fff80000 - 0000000100000000 (reserved)
[    0.000000] console [earlyser0] enabled
[    0.000000] CPU and/or kernel does not support PAT.
[    0.000000] 0MB HIGHMEM available.
[    0.000000] 511MB LOWMEM available.
[    0.000000] mminit:: memory_register Entering add_active_range(0, 0, 131056) 0 entries of 256 used
[    0.000000] sizeof(struct page) = 56
[    0.000000] Zone PFN ranges:
[    0.000000]   DMA             0 ->     4096
[    0.000000]   Normal       4096 ->   131056
[    0.000000]   HighMem    131056 ->   131056
[    0.000000] Movable zone start PFN for each node
[    0.000000]   Node 0: 98304
[    0.000000] early_node_map[1] active PFN ranges
[    0.000000]     0:        0 ->   131056
[    0.000000] mminit:: pageflags_layout_widths Section 0 Node 0 Zone 2 Flags 19
[    0.000000] mminit:: pageflags_layout_shifts Section 0 Node 0 Zone 2
[    0.000000] mminit:: pageflags_layout_offsets Section 0 Node 0 Zone 30
[    0.000000] mminit:: pageflags_layout_zoneid Zone ID: 30 -> 32
[    0.000000] mminit:: pageflags_layout_usage location: 32 -> 30 unused 30 -> 19 flags 19 -> 0
[    0.000000] On node 0 totalpages: 131056
[    0.000000] Node 0 memmap at 0xc1000000 size 7340032 first pfn 0xc1000000
[    0.000000] mminit:: memmap_init DMA zone: 56 pages used for memmap
[    0.000000] mminit:: memmap_init DMA zone: 0 pages reserved
[    0.000000]   DMA zone: 4040 pages, LIFO batch:0
[    0.000000] mminit:: memmap_init Initialising map node 0 zone 0 pfns 0 -> 4096
[    0.000000] mminit:: memmap_init Normal zone: 1288 pages used for memmap
[    0.000000]   Normal zone: 92920 pages, LIFO batch:31
[    0.000000] mminit:: memmap_init Initialising map node 0 zone 1 pfns 4096 -> 98304
[    0.000000] mminit:: memmap_init HighMem zone: 0 pages used for memmap
[    0.000000] mminit:: memmap_init Movable zone: 447 pages used for memmap
[    0.000000]   Movable zone: 32305 pages, LIFO batch:7
[    0.000000] mminit:: memmap_init Initialising map node 0 zone 3 pfns 98304 -> 131056
[    0.000000] DMI 2.3 present.
[    0.000000] ACPI: RSDP 000F7160, 0014 (r0 PTLTD )
[    0.000000] ACPI: RSDT 1FFF4D07, 002C (r1 PTLTD    RSDT    6040000  LTP        0)
[    0.000000] ACPI: FACP 1FFFEB65, 0074 (r1 IBM    TP-T21    6040000             0)
[    0.000000] ACPI: DSDT 1FFF4D33, 9E32 (r1 IBM    TP-T21    6040000 MSFT  100000C)
[    0.000000] ACPI: FACS 1FFFF000, 0040
[    0.000000] ACPI: BOOT 1FFFEBD9, 0027 (r1 PTLTD  $SBFTBL$  6040000  LTP        1)
[    0.000000] ACPI: PM-Timer IO Port: 0x1008
[    0.000000] Allocating PCI resources starting at 30000000 (gap: 20000000:dff80000)
[    0.000000] PM: Registered nosave memory: 000000000009f000 - 00000000000a0000
[    0.000000] PM: Registered nosave memory: 00000000000a0000 - 00000000000e0000
[    0.000000] PM: Registered nosave memory: 00000000000e0000 - 0000000000100000
[    0.000000] SMP: Allowing 0 CPUs, 0 hotplug CPUs
[    0.000000] PERCPU: Allocating 323296 bytes of per cpu data
[    0.000000] mminit::zonelist general 0:DMA = 0:DMA 
[    0.000000] mminit::zonelist general 0:Normal = 0:Normal 0:DMA 
[    0.000000] mminit::zonelist general 0:Movable = 0:Movable 0:Normal 0:DMA 
[    0.000000] Built 1 zonelists in Zone order, mobility grouping on.  Total pages: 129265
[    0.000000] Kernel command line: root=/dev/hda1 mminit_loglevel=4 loglevel=9 console=tty0 console=ttyS0,9600 ro earlyprintk=serial,ttyS0,9600 kernelcore=384MB movablecore=384MB profile=sleep,2 resume=/dev/hda2
[    0.000000] kernel sleep profiling requires CONFIG_SCHEDSTATS
[    0.000000] Local APIC disabled by BIOS -- you can enable it with "lapic"
[    0.000000] mapped APIC to ffffb000 (01757000)
[    0.000000] Enabling fast FPU save and restore... done.
[    0.000000] Enabling unmasked SIMD FPU exception support... done.
[    0.000000] Initializing CPU#0
[    0.000000] PID hash table entries: 2048 (order: 11, 8192 bytes)
[    0.000000] Detected 796.561 MHz processor.
[    0.004000] Console: colour VGA+ 80x25
[    0.004000] console [tty0] enabled
[    0.004000] console handover: boot [earlyser0] -> real [ttyS0]
[    0.004000] Lock dependency validator: Copyright (c) 2006 Red Hat, Inc., Ingo Molnar
[    0.004000] ... MAX_LOCKDEP_SUBCLASSES:    8
[    0.004000] ... MAX_LOCK_DEPTH:          48
[    0.004000] ... MAX_LOCKDEP_KEYS:        2048
[    0.004000] ... CLASSHASH_SIZE:           1024
[    0.004000] ... MAX_LOCKDEP_ENTRIES:     8192
[    0.004000] ... MAX_LOCKDEP_CHAINS:      16384
[    0.004000] ... CHAINHASH_SIZE:          8192
[    0.004000]  memory used by lock dependency info: 1024 kB
[    0.004000]  per task-struct memory footprint: 2688 bytes
[    0.004000] Dentry cache hash table entries: 65536 (order: 6, 262144 bytes)
[    0.004000] Inode-cache hash table entries: 32768 (order: 5, 131072 bytes)
[    0.004000] Memory: 509568k/524224k available (2376k kernel code, 14120k reserved, 1150k data, 512k init, 0k highmem)
[    0.004000] virtual kernel memory layout:
[    0.004000]     fixmap  : 0xfff81000 - 0xfffff000   ( 504 kB)
[    0.004000]     pkmap   : 0xff800000 - 0xffc00000   (4096 kB)
[    0.004000]     vmalloc : 0xe0800000 - 0xff7fe000   ( 495 MB)
[    0.004000]     lowmem  : 0xc0000000 - 0xdfff0000   ( 511 MB)
[    0.004000]       .init : 0xc0477000 - 0xc04f7000   ( 512 kB)
[    0.004000]       .data : 0xc0352145 - 0xc0471cc0   (1150 kB)
[    0.004000]       .text : 0xc0100000 - 0xc0352145   (2376 kB)
[    0.004000] Checking if this processor honours the WP bit even in supervisor mode...Ok.
[    0.004000] CPA: page pool initialized 1 of 1 pages preallocated
[    0.084013] Calibrating delay using timer specific routine.. 1596.30 BogoMIPS (lpj=3192618)
[    0.092248] Mount-cache hash table entries: 512
[    0.097054] Initializing cgroup subsys ns
[    0.100019] Initializing cgroup subsys cpuacct
[    0.104080] CPU: L1 I cache: 16K, L1 D cache: 16K
[    0.112015] CPU: L2 cache: 256K
[    0.116032] Compat vDSO mapped to ffffe000.
[    0.120029] Checking 'hlt' instruction... OK.
[    0.144639] SMP alternatives: switching to UP code
[    0.162381] Freeing SMP alternatives: 9k freed
[    0.164021] ACPI: Core revision 20080321
[    0.197108] ACPI: setting ELCR to 0200 (from 0800)
[    0.204347] weird, boot CPU (#0) not listedby the BIOS.
[    0.208023] SMP motherboard not detected.
[    0.212024] Local APIC not detected. Using dummy APIC emulation.
[    0.216021] SMP disabled
[    0.220439] Brought up 1 CPUs
[    0.224027] Total of 1 processors activated (1596.30 BogoMIPS).
[    0.228067] CPU0 attaching sched-domain:
[    0.232027]  domain 0: span 1
[    0.240023]   groups: 1
[    0.249535] net_namespace: 272 bytes
[    0.253265] NET: Registered protocol family 16
[    0.261136] ACPI: bus type pci registered
[    0.265039] PCI: PCI BIOS revision 2.10 entry at 0xfd94f, last bus=7
[    0.268055] PCI: Using configuration type 1
[    0.272025] Setting up standard PCI resources
[    0.295381] ACPI: EC: Look up EC in DSDT
[    0.600220] ACPI: EC: non-query interrupt received, switching to interrupt mode
[    0.733560] ACPI: Interpreter enabled
[    0.736057] ACPI: (supports S0 S1 S3 S4 S5)
[    0.760071] ACPI: Using PIC for interrupt routing
[    1.021421] ACPI: EC: GPE = 0x9, I/O: command/status = 0x66, data = 0x62
[    1.024077] ACPI: EC: driver started in interrupt mode
[    1.028485] ACPI: PCI Root Bridge [PCI0] (0000:00)
[    1.033893] pci 0000:00:07.3: quirk: region 1000-103f claimed by PIIX4 ACPI
[    1.036092] pci 0000:00:07.3: quirk: region 1040-104f claimed by PIIX4 SMB
[    1.040086] pci 0000:00:07.3: PIIX4 devres C PIO at 15e8-15ef
[    1.044078] pci 0000:00:07.3: PIIX4 devres I PIO at 03f0-03f7
[    1.048078] pci 0000:00:07.3: PIIX4 devres J PIO at 002e-002f
[    1.052588] ACPI: PCI Interrupt Routing Table [\_SB_.PCI0._PRT]
[    1.056348] ACPI: PCI Interrupt Routing Table [\_SB_.PCI0.AGP_._PRT]
[    1.080898] ACPI: PCI Interrupt Link [LNKA] (IRQs 3 4 5 6 7 9 10 *11)
[    1.108528] ACPI: PCI Interrupt Link [LNKB] (IRQs 3 4 5 6 7 9 10 *11)
[    1.140176] ACPI: PCI Interrupt Link [LNKC] (IRQs 3 4 5 6 7 9 10 *11)
[    1.171022] ACPI: PCI Interrupt Link [LNKD] (IRQs 3 4 5 6 7 9 10 *11)
[    1.199516] ACPI: Power Resource [PSER] (on)
[    1.200266] ACPI: Power Resource [PSIO] (on)
[    1.204531] Linux Plug and Play Support v0.97 (c) Adam Belay
[    1.208287] pnp: PnP ACPI init
[    1.212196] ACPI: bus type pnp registered
[    1.260102] Clocksource tsc unstable (delta = 1168016813 ns)
[    1.343327] pnp: PnP ACPI: found 15 devices
[    1.344096] ACPI: ACPI bus type pnp unregistered
[    1.349287] SCSI subsystem initialized
[    1.352846] PCI: Using ACPI for IRQ routing
[    1.357109] system 00:00: iomem range 0x0-0x9ffff could not be reserved
[    1.360101] system 00:00: iomem range 0xc0000-0xc3fff could not be reserved
[    1.364097] system 00:00: iomem range 0xc4000-0xc7fff could not be reserved
[    1.368098] system 00:00: iomem range 0xc8000-0xcbfff could not be reserved
[    1.372098] system 00:00: iomem range 0x0-0x0 could not be reserved
[    1.376098] system 00:00: iomem range 0x0-0x0 could not be reserved
[    1.380098] system 00:00: iomem range 0x0-0x0 could not be reserved
[    1.384098] system 00:00: iomem range 0x0-0x0 could not be reserved
[    1.388098] system 00:00: iomem range 0x0-0x0 could not be reserved
[    1.392099] system 00:00: iomem range 0xe0000-0xe3fff could not be reserved
[    1.396099] system 00:00: iomem range 0xe4000-0xe7fff could not be reserved
[    1.400100] system 00:00: iomem range 0xe8000-0xebfff could not be reserved
[    1.404100] system 00:00: iomem range 0xec000-0xeffff could not be reserved
[    1.408100] system 00:00: iomem range 0xf0000-0xfffff could not be reserved
[    1.412100] system 00:00: iomem range 0x100000-0x1fffffff could not be reserved
[    1.416101] system 00:00: iomem range 0xfff80000-0xffffffff could not be reserved
[    1.420145] system 00:02: ioport range 0x1000-0x103f has been reserved
[    1.424101] system 00:02: ioport range 0x1040-0x104f has been reserved
[    1.428101] system 00:02: ioport range 0xfe00-0xfe0f has been reserved
[    1.432173] system 00:09: ioport range 0x15e0-0x15ef has been reserved
[    1.471231] PCI: bogus alignment of resource 7 [100:1ff] (flags 100) of 0000:00:02.0
[    1.472102] PCI: bogus alignment of resource 8 [100:1ff] (flags 100) of 0000:00:02.0
[    1.476103] PCI: bogus alignment of resource 9 [4000000:7ffffff] (flags 1200) of 0000:00:02.0
[    1.480103] PCI: bogus alignment of resource 10 [4000000:7ffffff] (flags 200) of 0000:00:02.0
[    1.484104] PCI: bogus alignment of resource 7 [100:1ff] (flags 100) of 0000:00:02.1
[    1.488103] PCI: bogus alignment of resource 8 [100:1ff] (flags 100) of 0000:00:02.1
[    1.492103] PCI: bogus alignment of resource 9 [4000000:7ffffff] (flags 1200) of 0000:00:02.1
[    1.496104] PCI: bogus alignment of resource 10 [4000000:7ffffff] (flags 200) of 0000:00:02.1
[    1.500109] PCI: Bridge: 0000:00:01.0
[    1.504102]   IO window: disabled.
[    1.508113]   MEM window: 0xf0000000-0xf7ffffff
[    1.512108]   PREFETCH window: disabled.
[    1.516115] PCI: Bus 2, cardbus bridge: 0000:00:02.0
[    1.520104]   IO window: 0x00000100-0x000001ff
[    1.524110]   IO window: 0x00000100-0x000001ff
[    1.528111]   PREFETCH window: 0x04000000-0x07ffffff
[    1.532111]   MEM window: 0x04000000-0x07ffffff
[    1.536111] PCI: Bus 6, cardbus bridge: 0000:00:02.1
[    1.540105]   IO window: 0x00000100-0x000001ff
[    1.544112]   IO window: 0x00000100-0x000001ff
[    1.548112]   PREFETCH window: 0x04000000-0x07ffffff
[    1.552112]   MEM window: 0x04000000-0x07ffffff
[    1.556441] pci 0000:00:02.0: device not available because of BAR 7 [100:1ff] collisions
[    1.560272] pci 0000:00:02.1: device not available because of BAR 7 [100:1ff] collisions
[    1.564229] NET: Registered protocol family 2
[    1.572689] IP route cache hash table entries: 4096 (order: 2, 16384 bytes)
[    1.581338] TCP established hash table entries: 16384 (order: 5, 131072 bytes)
[    1.588133] TCP bind hash table entries: 16384 (order: 7, 589824 bytes)
[    1.598475] TCP: Hash tables configured (established 16384 bind 16384)
[    1.600202] TCP reno registered
[    1.605700] Simple Boot Flag at 0x35 set to 0x1
[    1.627697] Total HugeTLB memory allocated, 0
[    1.632742] msgmni has been set to 995 for ipc namespace c044bb00
[    1.636702] io scheduler noop registered
[    1.640114] io scheduler anticipatory registered (default)
[    1.644154] io scheduler bfq registered
[    1.648132] pci 0000:00:00.0: Limiting direct PCI/PCI transfers
[    1.652181] pci 0000:00:03.0: Firmware left e100 interrupts enabled; disabling
[    1.656193] pci 0000:01:00.0: Boot video device
[    1.867582] Serial: 8250/16550 driver $Revision: 1.90 $ 4 ports, IRQ sharing enabled
[    1.868727] serial8250: ttyS0 at I/O 0x3f8 (irq = 4) is a 16550A
[    1.872889] serial8250: ttyS1 at I/O 0x2f8 (irq = 3) is a NS16550A
[    1.882652] 00:0c: ttyS0 at I/O 0x3f8 (irq = 4) is a 16550A
[    1.886432] ACPI: PCI Interrupt Link [LNKC] enabled at IRQ 11
[    1.888139] PCI: setting IRQ 11 as level-triggered
[    1.892164] ACPI: PCI Interrupt 0000:00:03.1[A] -> Link [LNKC] -> GSI 11 (level, low) -> IRQ 11
[    1.911958] loop: module loaded
[    1.912172] tun: Universal TUN/TAP device driver, 1.6
[    1.916129] tun: (C) 1999-2004 Max Krasnyansky <maxk@qualcomm.com>
[    1.924313] Uniform Multi-Platform E-IDE driver
[    1.929536] Probing IDE interface ide0...
[   36.939317] ide0: Wait for ready failed before probe !
[   37.502676] ide0: DISABLED, NO IRQ
[   37.506356] ide0: failed to initialize IDE interface
[   37.511784] Driver 'sd' needs updating - please use bus_type methods
[   37.515296] PNP: PS/2 Controller [PNP0303:KBD,PNP0f13:MOU] at 0x60,0x64 irq 1,12
[   37.540655] serio: i8042 KBD port at 0x60,0x64 irq 1
[   37.542370] serio: i8042 AUX port at 0x60,0x64 irq 12
[   37.550580] mice: PS/2 mouse device common for all mice
[   37.555177] Software Watchdog Timer: 0.07 initialized. soft_noboot=0 soft_margin=60 sec (nowayout= 0)
[   37.558398] oprofile: using timer interrupt.
[   37.565094] TCP cubic registered
[   37.566358] Initializing XFRM netlink socket
[   37.570417] NET: Registered protocol family 15
[   37.574380] Using IPI No-Shortcut mode
[   37.583056] registered taskstats version 1
[   37.592201] input: AT Translated Set 2 keyboard as /class/input/input0
[   37.690672] VFS: Cannot open root device "hda1" or unknown-block(0,0)
[   37.694367] Please append a correct "root=" boot option; here are the available partitions:
[   37.698370] Kernel panic - not syncing: VFS: Unable to mount root fs on unknown-block(0,0)
[   37.702369] Pid: 1, comm: swapper Not tainted 2.6.25-mm1 #2
[   37.706367]  [<c01244e7>] panic+0x47/0x110
[   37.714368]  [<c0477c3d>] mount_block_root+0x10d/0x260
[   37.722369]  [<c018a637>] ? sys_mknod+0x27/0x30
[   37.734369]  [<c0477dea>] mount_root+0x5a/0x60
[   37.742369]  [<c0477e9d>] prepare_namespace+0xad/0x160
[   37.750370]  [<c017f510>] ? sys_access+0x20/0x30
[   37.758374]  [<c0477997>] kernel_init+0x1e7/0x2a0
[   37.766371]  [<c04777b0>] ? kernel_init+0x0/0x2a0
[   37.774372]  [<c04777b0>] ? kernel_init+0x0/0x2a0
[   37.782372]  [<c0103c3f>] kernel_thread_helper+0x7/0x18
[   37.790372]  =======================

--0F1p//8PRICkK4MW
Content-Type: text/plain; charset=iso-8859-15
Content-Disposition: attachment; filename="lspci-v-v.txt"

00:00.0 Host bridge: Intel Corporation 440BX/ZX/DX - 82443BX/ZX/DX Host bridge (rev 03)
	Control: I/O- Mem+ BusMaster+ SpecCycle- MemWINV- VGASnoop- ParErr- Stepping- SERR+ FastB2B- DisINTx-
	Status: Cap+ 66MHz- UDF- FastB2B- ParErr- DEVSEL=medium >TAbort- <TAbort- <MAbort+ >SERR- <PERR- INTx-
	Latency: 64
	Region 0: Memory at f8000000 (32-bit, prefetchable) [size=64M]
	Capabilities: [a0] AGP version 1.0
		Status: RQ=32 Iso- ArqSz=0 Cal=0 SBA+ ITACoh- GART64- HTrans- 64bit- FW- AGP3- Rate=x1,x2
		Command: RQ=1 ArqSz=0 Cal=0 SBA- AGP- GART64- 64bit- FW- Rate=<none>
	Kernel driver in use: agpgart-intel
	Kernel modules: intel-agp

00:01.0 PCI bridge: Intel Corporation 440BX/ZX/DX - 82443BX/ZX/DX AGP bridge (rev 03) (prog-if 00 [Normal decode])
	Control: I/O+ Mem+ BusMaster+ SpecCycle+ MemWINV+ VGASnoop- ParErr- Stepping- SERR- FastB2B- DisINTx-
	Status: Cap- 66MHz+ UDF- FastB2B- ParErr- DEVSEL=medium >TAbort- <TAbort- <MAbort- >SERR- <PERR- INTx-
	Latency: 128
	Bus: primary=00, secondary=01, subordinate=01, sec-latency=64
	Memory behind bridge: f0000000-f7ffffff
	Prefetchable memory behind bridge: 40000000-400fffff
	Secondary status: 66MHz+ FastB2B+ ParErr- DEVSEL=medium >TAbort- <TAbort- <MAbort+ <SERR- <PERR-
	BridgeCtl: Parity- SERR- NoISA+ VGA+ MAbort- >Reset- FastB2B+
		PriDiscTmr- SecDiscTmr- DiscTmrStat- DiscTmrSERREn-

00:02.0 CardBus bridge: Texas Instruments PCI1450 (rev 03)
	Subsystem: IBM ThinkPad A21m/T20/T22
	Control: I/O+ Mem+ BusMaster+ SpecCycle- MemWINV- VGASnoop- ParErr- Stepping- SERR- FastB2B- DisINTx-
	Status: Cap+ 66MHz- UDF- FastB2B- ParErr- DEVSEL=medium >TAbort- <TAbort- <MAbort- >SERR- <PERR- INTx-
	Latency: 64, Cache Line Size: 32 bytes
	Interrupt: pin A routed to IRQ 11
	Region 0: Memory at 50000000 (32-bit, non-prefetchable) [size=4K]
	Bus: primary=00, secondary=02, subordinate=05, sec-latency=176
	Memory window 0: 30000000-33fff000 (prefetchable)
	Memory window 1: 34000000-37fff000 (prefetchable)
	I/O window 0: 00001400-000014ff
	I/O window 1: 00001c00-00001cff
	BridgeCtl: Parity- SERR- ISA- VGA- MAbort- >Reset+ 16bInt+ PostWrite-
	16-bit legacy interface ports at 0001

00:02.1 CardBus bridge: Texas Instruments PCI1450 (rev 03)
	Subsystem: IBM ThinkPad A21m/T20/T22
	Control: I/O+ Mem+ BusMaster+ SpecCycle- MemWINV- VGASnoop- ParErr- Stepping- SERR- FastB2B- DisINTx-
	Status: Cap+ 66MHz- UDF- FastB2B- ParErr- DEVSEL=medium >TAbort- <TAbort- <MAbort- >SERR- <PERR- INTx-
	Latency: 64, Cache Line Size: 32 bytes
	Interrupt: pin B routed to IRQ 11
	Region 0: Memory at 50100000 (32-bit, non-prefetchable) [size=4K]
	Bus: primary=00, secondary=06, subordinate=09, sec-latency=176
	Memory window 0: 38000000-3bfff000 (prefetchable)
	Memory window 1: 3c000000-3ffff000 (prefetchable)
	I/O window 0: 00002000-000020ff
	I/O window 1: 00002400-000024ff
	BridgeCtl: Parity- SERR- ISA- VGA- MAbort- >Reset+ 16bInt+ PostWrite-
	16-bit legacy interface ports at 0001

00:03.0 Ethernet controller: Intel Corporation 82557/8/9/0/1 Ethernet Pro 100 (rev 09)
	Subsystem: Intel Corporation EtherExpress PRO/100+ MiniPCI
	Control: I/O+ Mem+ BusMaster+ SpecCycle- MemWINV+ VGASnoop- ParErr- Stepping- SERR- FastB2B- DisINTx-
	Status: Cap+ 66MHz- UDF- FastB2B+ ParErr- DEVSEL=medium >TAbort- <TAbort- <MAbort- >SERR- <PERR- INTx-
	Latency: 66 (2000ns min, 14000ns max), Cache Line Size: 32 bytes
	Interrupt: pin A routed to IRQ 11
	Region 0: Memory at e8120000 (32-bit, non-prefetchable) [size=4K]
	Region 1: I/O ports at 1800 [size=64]
	Region 2: Memory at e8100000 (32-bit, non-prefetchable) [size=128K]
	[virtual] Expansion ROM at 40100000 [disabled] [size=1M]
	Capabilities: [dc] Power Management version 2
		Flags: PMEClk- DSI+ D1+ D2+ AuxCurrent=0mA PME(D0+,D1+,D2+,D3hot+,D3cold+)
		Status: D0 PME-Enable- DSel=0 DScale=2 PME-
	Kernel driver in use: e100
	Kernel modules: e100

00:03.1 Serial controller: Xircom Mini-PCI V.90 56k Modem (prog-if 02 [16550])
	Subsystem: Intel Corporation Unknown device 2408
	Control: I/O+ Mem+ BusMaster- SpecCycle- MemWINV- VGASnoop- ParErr- Stepping- SERR- FastB2B- DisINTx-
	Status: Cap+ 66MHz- UDF- FastB2B- ParErr- DEVSEL=medium >TAbort- <TAbort- <MAbort- >SERR- <PERR- INTx-
	Interrupt: pin A routed to IRQ 11
	Region 0: I/O ports at 1840 [size=8]
	Region 1: Memory at e8121000 (32-bit, non-prefetchable) [size=4K]
	Capabilities: [dc] Power Management version 2
		Flags: PMEClk- DSI+ D1+ D2+ AuxCurrent=0mA PME(D0+,D1+,D2+,D3hot+,D3cold+)
		Status: D0 PME-Enable- DSel=0 DScale=2 PME-
	Kernel driver in use: serial

00:05.0 Multimedia audio controller: Cirrus Logic CS 4614/22/24/30 [CrystalClear SoundFusion Audio Accelerator] (rev 01)
	Subsystem: IBM ThinkPad A20m
	Control: I/O- Mem+ BusMaster- SpecCycle- MemWINV- VGASnoop- ParErr- Stepping- SERR- FastB2B- DisINTx-
	Status: Cap+ 66MHz- UDF- FastB2B- ParErr- DEVSEL=slow >TAbort- <TAbort- <MAbort- >SERR- <PERR- INTx-
	Interrupt: pin A routed to IRQ 11
	Region 0: Memory at e8122000 (32-bit, non-prefetchable) [size=4K]
	Region 1: Memory at e8000000 (32-bit, non-prefetchable) [size=1M]
	Capabilities: [40] Power Management version 2
		Flags: PMEClk- DSI+ D1+ D2+ AuxCurrent=0mA PME(D0-,D1-,D2-,D3hot-,D3cold-)
		Status: D0 PME-Enable- DSel=0 DScale=0 PME-

00:07.0 Bridge: Intel Corporation 82371AB/EB/MB PIIX4 ISA (rev 02)
	Control: I/O+ Mem+ BusMaster+ SpecCycle+ MemWINV- VGASnoop- ParErr- Stepping- SERR- FastB2B- DisINTx-
	Status: Cap- 66MHz- UDF- FastB2B+ ParErr- DEVSEL=medium >TAbort- <TAbort- <MAbort- >SERR- <PERR- INTx-
	Latency: 0

00:07.1 IDE interface: Intel Corporation 82371AB/EB/MB PIIX4 IDE (rev 01) (prog-if 80 [Master])
	Control: I/O+ Mem- BusMaster+ SpecCycle- MemWINV- VGASnoop- ParErr- Stepping- SERR- FastB2B- DisINTx-
	Status: Cap- 66MHz- UDF- FastB2B+ ParErr- DEVSEL=medium >TAbort- <TAbort- <MAbort- >SERR- <PERR- INTx-
	Latency: 64
	Region 0: [virtual] Memory at 000001f0 (32-bit, non-prefetchable) [disabled] [size=8]
	Region 1: [virtual] Memory at 000003f0 (type 3, non-prefetchable) [disabled] [size=1]
	Region 2: [virtual] Memory at 00000170 (32-bit, non-prefetchable) [disabled] [size=8]
	Region 3: [virtual] Memory at 00000370 (type 3, non-prefetchable) [disabled] [size=1]
	Region 4: I/O ports at 1850 [size=16]

00:07.2 USB Controller: Intel Corporation 82371AB/EB/MB PIIX4 USB (rev 01) (prog-if 00 [UHCI])
	Control: I/O+ Mem- BusMaster+ SpecCycle- MemWINV- VGASnoop- ParErr- Stepping- SERR- FastB2B- DisINTx-
	Status: Cap- 66MHz- UDF- FastB2B+ ParErr- DEVSEL=medium >TAbort- <TAbort- <MAbort- >SERR- <PERR- INTx-
	Latency: 64
	Interrupt: pin D routed to IRQ 11
	Region 4: I/O ports at 1860 [size=32]
	Kernel driver in use: uhci_hcd
	Kernel modules: uhci-hcd

00:07.3 Bridge: Intel Corporation 82371AB/EB/MB PIIX4 ACPI (rev 03)
	Control: I/O+ Mem+ BusMaster- SpecCycle- MemWINV- VGASnoop- ParErr- Stepping- SERR- FastB2B- DisINTx-
	Status: Cap- 66MHz- UDF- FastB2B+ ParErr- DEVSEL=medium >TAbort- <TAbort- <MAbort- >SERR- <PERR- INTx-
	Interrupt: pin ? routed to IRQ 9

01:00.0 VGA compatible controller: S3 Inc. 86C270-294 Savage/IX-MV (rev 11) (prog-if 00 [VGA controller])
	Subsystem: IBM Thinkpad T20/T22
	Control: I/O+ Mem+ BusMaster+ SpecCycle- MemWINV- VGASnoop- ParErr- Stepping- SERR- FastB2B- DisINTx-
	Status: Cap+ 66MHz+ UDF- FastB2B- ParErr- DEVSEL=medium >TAbort- <TAbort- <MAbort- >SERR- <PERR- INTx-
	Latency: 64 (1000ns min, 63750ns max), Cache Line Size: 32 bytes
	Interrupt: pin A routed to IRQ 11
	Region 0: Memory at f0000000 (32-bit, non-prefetchable) [size=128M]
	[virtual] Expansion ROM at 40000000 [disabled] [size=64K]
	Capabilities: [dc] Power Management version 1
		Flags: PMEClk- DSI+ D1+ D2+ AuxCurrent=0mA PME(D0-,D1-,D2-,D3hot-,D3cold-)
		Status: D0 PME-Enable- DSel=0 DScale=0 PME-
	Capabilities: [80] AGP version 1.0
		Status: RQ=32 Iso- ArqSz=0 Cal=0 SBA+ ITACoh- GART64- HTrans- 64bit- FW- AGP3- Rate=x1,x2
		Command: RQ=1 ArqSz=0 Cal=0 SBA- AGP- GART64- 64bit- FW- Rate=<none>


--0F1p//8PRICkK4MW--

--
To unsubscribe, send a message with 'unsubscribe linux-mm' in
the body to majordomo@kvack.org.  For more info on Linux MM,
see: http://www.linux-mm.org/ .
Don't email: <a href=mailto:"dont@kvack.org"> email@kvack.org </a>
