Return-Path: <owner-linux-mm@kvack.org>
Received: from mail-pd0-f171.google.com (mail-pd0-f171.google.com [209.85.192.171])
	by kanga.kvack.org (Postfix) with ESMTP id 6A3556B015C
	for <linux-mm@kvack.org>; Wed, 19 Mar 2014 07:55:54 -0400 (EDT)
Received: by mail-pd0-f171.google.com with SMTP id r10so8524038pdi.16
        for <linux-mm@kvack.org>; Wed, 19 Mar 2014 04:55:54 -0700 (PDT)
Received: from mga02.intel.com (mga02.intel.com. [134.134.136.20])
        by mx.google.com with ESMTP id hh1si14769616pac.341.2014.03.19.04.55.52
        for <linux-mm@kvack.org>;
        Wed, 19 Mar 2014 04:55:53 -0700 (PDT)
Date: Wed, 19 Mar 2014 19:55:40 +0800
From: Fengguang Wu <fengguang.wu@intel.com>
Subject: [mm/vmalloc] BUG: sleeping function called from invalid context at
 mm/vmalloc.c:74
Message-ID: <20140319115540.GA7277@localhost>
MIME-Version: 1.0
Content-Type: multipart/mixed; boundary="Kj7319i9nmIyA2yE"
Content-Disposition: inline
Sender: owner-linux-mm@kvack.org
List-ID: <linux-mm.kvack.org>
To: David Vrabel <david.vrabel@citrix.com>
Cc: LKML <linux-kernel@vger.kernel.org>, lkp@01.org, Linux Memory Management List <linux-mm@kvack.org>


--Kj7319i9nmIyA2yE
Content-Type: text/plain; charset=us-ascii
Content-Disposition: inline

Hi David,

FYI, we noticed the below BUG on

git://git.kernel.org/pub/scm/linux/kernel/git/next/linux-next.git master
commit 032dda8b6c4021d4be63bcc483b47fd26c6f48a2 ("mm/vmalloc: avoid soft lockup warnings when vunmap()'ing large ranges")

[  229.097122] BUG: sleeping function called from invalid context at mm/vmalloc.c:74                            
[  229.109704] in_atomic(): 1, irqs_disabled(): 0, pid: 13598, name: poll2_threads  
[  229.119755] CPU: 17 PID: 13598 Comm: poll2_threads Not tainted 3.14.0-rc6-next-20140317 #1
[  229.130914] Hardware name: Intel Corporation BRICKLAND/BRICKLAND, BIOS BKLDSDP1.86B.0031.R01.1304221600 04/22/2013
[  229.144432]  0000000000000000 ffff881840111d80 ffffffff81a3ae8a ffffc9001cf38000                                  
[  229.155417]  ffff881840111d90 ffffffff81101256 ffff881840111e08 ffffffff811b1540
[  229.166340]  ffffc9001cf48fff ffffc9001cf48fff 0000000000000000 ffff881840111dd0
[  229.177355] Call Trace:
[  229.181129]  [<ffffffff81a3ae8a>] dump_stack+0x4d/0x66
[  229.188012]  [<ffffffff81101256>] __might_sleep+0x10a/0x10c
[  229.195320]  [<ffffffff811b1540>] vunmap_page_range+0x143/0x2b2
[  229.203046]  [<ffffffff811b2174>] ? map_vm_area+0x2e/0x40
[  229.210184]  [<ffffffff811b2c95>] remove_vm_area+0x58/0x75
[  229.217361]  [<ffffffff811b2ced>] __vunmap+0x3b/0xaf
[  229.223979]  [<ffffffff811b2df5>] vfree+0x67/0x6a
[  229.230316]  [<ffffffff811f4868>] free_fdmem+0x2a/0x33
[  229.237140]  [<ffffffff811f4949>] __free_fdtable+0x16/0x2a
[  229.244313]  [<ffffffff811f4c1e>] expand_files+0x121/0x143
[  229.251516]  [<ffffffff811f5075>] __alloc_fd+0x5e/0xef
[  229.258363]  [<ffffffff811f5136>] get_unused_fd_flags+0x30/0x32
[  229.266038]  [<ffffffff811dcf02>] do_sys_open+0x12e/0x1d6
[  229.273127]  [<ffffffff811dcfc8>] SyS_open+0x1e/0x20
[  229.279718]  [<ffffffff81a49de9>] system_call_fastpath+0x16/0x1b

Thanks,
Fengguang

--Kj7319i9nmIyA2yE
Content-Type: text/plain; charset=us-ascii
Content-Disposition: attachment; filename=".dmesg"
Content-Transfer-Encoding: quoted-printable

[    0.000000] Initializing cgroup subsys cpuset
[    0.000000] Initializing cgroup subsys cpu
[    0.000000] Linux version 3.14.0-rc6-next-20140317 (kbuild@xian) (gcc ve=
rsion 4.8.2 (Debian 4.8.2-16) ) #1 SMP Mon Mar 17 20:01:18 CST 2014
[    0.000000] Command line: user=3Dlkp job=3D/lkp/scheduled/brickland1/cyc=
lic_will-it-scale-poll2-HEAD-8808b950581f71e3ee4cf8e6cae479f4c7106405.yaml =
ARCH=3Dx86_64 BOOT_IMAGE=3D/kernel/x86_64-lkp/8808b950581f71e3ee4cf8e6cae47=
9f4c7106405/vmlinuz-3.14.0-rc6-next-20140317 kconfig=3Dx86_64-lkp commit=3D=
8808b950581f71e3ee4cf8e6cae479f4c7106405 bm_initrd=3D/lkp/benchmarks/will-i=
t-scale.cgz modules_initrd=3D/kernel/x86_64-lkp/8808b950581f71e3ee4cf8e6cae=
479f4c7106405/modules.cgz max_uptime=3D900 RESULT_ROOT=3D/lkp/result/brickl=
and1/micro/will-it-scale/poll2/x86_64-lkp/8808b950581f71e3ee4cf8e6cae479f4c=
7106405/0 initrd=3D/kernel-tests/initrd/lkp-rootfs.cgz root=3D/dev/ram0 ip=
=3D::::brickland1::dhcp oops=3Dpanic ipmi_si.tryacpi=3D0 ipmi_watchdog.star=
t_now=3D1 earlyprintk=3DttyS0,115200 debug apic=3Ddebug sysrq_always_enable=
d rcupdate.rcu_cpu_stall_timeout=3D100 panic=3D10 softlockup_panic=3D1 nmi_=
watchdog=3Dpanic load_ramdisk=3D2 prompt_ramdisk=3D0 console=3DttyS0,115200=
 console=3Dtty0 vga=3Dnormal
[    0.000000] e820: BIOS-provided physical RAM map:
[    0.000000] BIOS-e820: [mem 0x0000000000000100-0x000000000009dfff] usable
[    0.000000] BIOS-e820: [mem 0x000000000009e000-0x000000000009ffff] reser=
ved
[    0.000000] BIOS-e820: [mem 0x00000000000e0000-0x00000000000fffff] reser=
ved
[    0.000000] BIOS-e820: [mem 0x0000000000100000-0x000000006509efff] usable
[    0.000000] BIOS-e820: [mem 0x000000006509f000-0x0000000065375fff] ACPI =
NVS
[    0.000000] BIOS-e820: [mem 0x0000000065376000-0x0000000065a6afff] usable
[    0.000000] BIOS-e820: [mem 0x0000000065a6b000-0x0000000065b29fff] ACPI =
data
[    0.000000] BIOS-e820: [mem 0x0000000065b2a000-0x0000000065df8fff] usable
[    0.000000] BIOS-e820: [mem 0x0000000065df9000-0x0000000066df8fff] ACPI =
NVS
[    0.000000] BIOS-e820: [mem 0x0000000066df9000-0x000000007abcefff] usable
[    0.000000] BIOS-e820: [mem 0x000000007abcf000-0x000000007accefff] reser=
ved
[    0.000000] BIOS-e820: [mem 0x000000007accf000-0x000000007b6fefff] ACPI =
NVS
[    0.000000] BIOS-e820: [mem 0x000000007b6ff000-0x000000007b7ebfff] ACPI =
data
[    0.000000] BIOS-e820: [mem 0x000000007b7ec000-0x000000007b7fffff] usable
[    0.000000] BIOS-e820: [mem 0x000000007b800000-0x000000008fffffff] reser=
ved
[    0.000000] BIOS-e820: [mem 0x00000000fed1c000-0x00000000fed1ffff] reser=
ved
[    0.000000] BIOS-e820: [mem 0x00000000ff800000-0x00000000ffffffff] reser=
ved
[    0.000000] BIOS-e820: [mem 0x0000000100000000-0x000000207fffffff] usable
[    0.000000] bootconsole [earlyser0] enabled
[    0.000000] NX (Execute Disable) protection: active
[    0.000000] SMBIOS 2.7 present.
[    0.000000] DMI: Intel Corporation BRICKLAND/BRICKLAND, BIOS BKLDSDP1.86=
B.0031.R01.1304221600 04/22/2013
[    0.000000] e820: update [mem 0x00000000-0x00000fff] usable =3D=3D> rese=
rved
[    0.000000] e820: remove [mem 0x000a0000-0x000fffff] usable
[    0.000000] No AGP bridge found
[    0.000000] e820: last_pfn =3D 0x2080000 max_arch_pfn =3D 0x400000000
[    0.000000] MTRR default type: write-back
[    0.000000] MTRR fixed ranges enabled:
[    0.000000]   00000-9FFFF write-back
[    0.000000]   A0000-BFFFF uncachable
[    0.000000]   C0000-DFFFF write-protect
[    0.000000]   E0000-FFFFF uncachable
[    0.000000] MTRR variable ranges enabled:
[    0.000000]   0 base 000080000000 mask 3FFF80000000 uncachable
[    0.000000]   1 base 380000000000 mask 3F8000000000 uncachable
[    0.000000]   2 base 00007C000000 mask 3FFFFC000000 uncachable
[    0.000000]   3 base 00007FC00000 mask 3FFFFFC00000 uncachable
[    0.000000]   4 disabled
[    0.000000]   5 disabled
[    0.000000]   6 disabled
[    0.000000]   7 disabled
[    0.000000]   8 disabled
[    0.000000]   9 disabled
[    0.000000] x86 PAT enabled: cpu 0, old 0x7010600070106, new 0x701060007=
0106
[    0.000000] e820: last_pfn =3D 0x7b800 max_arch_pfn =3D 0x400000000
[    0.000000] Scan for SMP in [mem 0x00000000-0x000003ff]
[    0.000000] Scan for SMP in [mem 0x0009fc00-0x0009ffff]
[    0.000000] Scan for SMP in [mem 0x000f0000-0x000fffff]
[    0.000000] Scan for SMP in [mem 0x0009d000-0x0009d3ff]
[    0.000000] Scanning 1 areas for low memory corruption
[    0.000000] Base memory trampoline at [ffff880000096000] 96000 size 24576
[    0.000000] Using GB pages for direct mapping
[    0.000000] init_memory_mapping: [mem 0x00000000-0x000fffff]
[    0.000000]  [mem 0x00000000-0x000fffff] page 4k
[    0.000000] BRK [0x0266c000, 0x0266cfff] PGTABLE
[    0.000000] BRK [0x0266d000, 0x0266dfff] PGTABLE
[    0.000000] BRK [0x0266e000, 0x0266efff] PGTABLE
[    0.000000] init_memory_mapping: [mem 0x207fe00000-0x207fffffff]
[    0.000000]  [mem 0x207fe00000-0x207fffffff] page 1G
[    0.000000] init_memory_mapping: [mem 0x207c000000-0x207fdfffff]
[    0.000000]  [mem 0x207c000000-0x207fdfffff] page 1G
[    0.000000] init_memory_mapping: [mem 0x2000000000-0x207bffffff]
[    0.000000]  [mem 0x2000000000-0x207bffffff] page 1G
[    0.000000] init_memory_mapping: [mem 0x1000000000-0x1fffffffff]
[    0.000000]  [mem 0x1000000000-0x1fffffffff] page 1G
[    0.000000] init_memory_mapping: [mem 0x00100000-0x6509efff]
[    0.000000]  [mem 0x00100000-0x001fffff] page 4k
[    0.000000]  [mem 0x00200000-0x64ffffff] page 2M
[    0.000000]  [mem 0x65000000-0x6509efff] page 4k
[    0.000000] init_memory_mapping: [mem 0x65376000-0x65a6afff]
[    0.000000]  [mem 0x65376000-0x653fffff] page 4k
[    0.000000]  [mem 0x65400000-0x659fffff] page 2M
[    0.000000]  [mem 0x65a00000-0x65a6afff] page 4k
[    0.000000] BRK [0x0266f000, 0x0266ffff] PGTABLE
[    0.000000] BRK [0x02670000, 0x02670fff] PGTABLE
[    0.000000] init_memory_mapping: [mem 0x65b2a000-0x65df8fff]
[    0.000000]  [mem 0x65b2a000-0x65df8fff] page 4k
[    0.000000] BRK [0x02671000, 0x02671fff] PGTABLE
[    0.000000] init_memory_mapping: [mem 0x66df9000-0x7abcefff]
[    0.000000]  [mem 0x66df9000-0x66dfffff] page 4k
[    0.000000]  [mem 0x66e00000-0x7a9fffff] page 2M
[    0.000000]  [mem 0x7aa00000-0x7abcefff] page 4k
[    0.000000] init_memory_mapping: [mem 0x7b7ec000-0x7b7fffff]
[    0.000000]  [mem 0x7b7ec000-0x7b7fffff] page 4k
[    0.000000] init_memory_mapping: [mem 0x100000000-0xfffffffff]
[    0.000000]  [mem 0x100000000-0xfffffffff] page 1G
[    0.000000] RAMDISK: [mem 0x6dbc4000-0x7abcefff]
[    0.000000] ACPI: RSDP 0x00000000000F0410 000024 (v02 INTEL )
[    0.000000] ACPI: XSDT 0x000000007B7EA0E8 0000AC (v01 INTEL  TIANO    00=
000000 MSFT 01000013)
[    0.000000] ACPI: FACP 0x000000007B7E7000 0000F4 (v04 INTEL  TIANO    00=
000000 MSFT 01000013)
[    0.000000] ACPI: DSDT 0x000000007B7B9000 022FFB (v02 INTEL  TIANO    00=
000003 MSFT 01000013)
[    0.000000] ACPI: FACS 0x000000007AE78000 000040
[    0.000000] ACPI: TCPA 0x000000007B7E9000 000064 (v02 INTEL  BRICKLAN 06=
222004 INTL 20121004)
[    0.000000] ACPI: BDAT 0x000000007B7E8000 000030 (v01 INTEL  TIANO    00=
000000 MSFT 01000013)
[    0.000000] ACPI: HPET 0x000000007B7E6000 000038 (v01 INTEL  TIANO    00=
000001 MSFT 01000013)
[    0.000000] ACPI: APIC 0x000000007B7E5000 00085C (v03 INTEL  TIANO    00=
000000 MSFT 01000013)
[    0.000000] ACPI: MCFG 0x000000007B7E4000 00003C (v01 INTEL  TIANO    00=
000001 MSFT 01000013)
[    0.000000] ACPI: MSCT 0x000000007B7E3000 000090 (v01 INTEL  TIANO    00=
000001 MSFT 01000013)
[    0.000000] ACPI: PCCT 0x000000007B7E2000 0000AC (v01 INTEL  TIANO    00=
000002 MSFT 01000013)
[    0.000000] ACPI: PMCT 0x000000007B7E1000 000060 (v01 INTEL  TIANO    00=
000000 MSFT 01000013)
[    0.000000] ACPI: RASF 0x000000007B7E0000 000030 (v01 INTEL  TIANO    00=
000001 MSFT 01000013)
[    0.000000] ACPI: SLIT 0x000000007B7DF000 00003C (v01 INTEL  TIANO    00=
000001 MSFT 01000013)
[    0.000000] ACPI: SRAT 0x000000007B7DE000 000E30 (v03 INTEL  TIANO    00=
000001 MSFT 01000013)
[    0.000000] ACPI: SVOS 0x000000007B7DD000 000032 (v01 INTEL  TIANO    00=
000000 MSFT 01000013)
[    0.000000] ACPI: WDDT 0x000000007B7DC000 000040 (v01 INTEL  TIANO    00=
000000 MSFT 01000013)
[    0.000000] ACPI: SSDT 0x0000000065A6B000 0BEF1B (v02 INTEL  SSDT  PM 00=
004000 INTL 20090521)
[    0.000000] ACPI: SSDT 0x000000007B7B8000 00008B (v02 INTEL  SpsNvs   00=
000002 INTL 20090521)
[    0.000000] ACPI: SPCR 0x000000007B7B7000 000050 (v01                 00=
000000      00000000)
[    0.000000] ACPI: Local APIC address 0xfee00000
[    0.000000] mapped APIC to ffffffffff5f3000 (        fee00000)
[    0.000000] SRAT: PXM 0 -> APIC 0x00 -> Node 0
[    0.000000] SRAT: PXM 0 -> APIC 0x02 -> Node 0
[    0.000000] SRAT: PXM 0 -> APIC 0x04 -> Node 0
[    0.000000] SRAT: PXM 0 -> APIC 0x06 -> Node 0
[    0.000000] SRAT: PXM 0 -> APIC 0x08 -> Node 0
[    0.000000] SRAT: PXM 0 -> APIC 0x0a -> Node 0
[    0.000000] SRAT: PXM 0 -> APIC 0x0c -> Node 0
[    0.000000] SRAT: PXM 0 -> APIC 0x0e -> Node 0
[    0.000000] SRAT: PXM 0 -> APIC 0x10 -> Node 0
[    0.000000] SRAT: PXM 0 -> APIC 0x12 -> Node 0
[    0.000000] SRAT: PXM 0 -> APIC 0x14 -> Node 0
[    0.000000] SRAT: PXM 0 -> APIC 0x16 -> Node 0
[    0.000000] SRAT: PXM 0 -> APIC 0x18 -> Node 0
[    0.000000] SRAT: PXM 0 -> APIC 0x1a -> Node 0
[    0.000000] SRAT: PXM 0 -> APIC 0x1c -> Node 0
[    0.000000] SRAT: PXM 1 -> APIC 0x20 -> Node 1
[    0.000000] SRAT: PXM 1 -> APIC 0x22 -> Node 1
[    0.000000] SRAT: PXM 1 -> APIC 0x24 -> Node 1
[    0.000000] SRAT: PXM 1 -> APIC 0x26 -> Node 1
[    0.000000] SRAT: PXM 1 -> APIC 0x28 -> Node 1
[    0.000000] SRAT: PXM 1 -> APIC 0x2a -> Node 1
[    0.000000] SRAT: PXM 1 -> APIC 0x2c -> Node 1
[    0.000000] SRAT: PXM 1 -> APIC 0x2e -> Node 1
[    0.000000] SRAT: PXM 1 -> APIC 0x30 -> Node 1
[    0.000000] SRAT: PXM 1 -> APIC 0x32 -> Node 1
[    0.000000] SRAT: PXM 1 -> APIC 0x34 -> Node 1
[    0.000000] SRAT: PXM 1 -> APIC 0x36 -> Node 1
[    0.000000] SRAT: PXM 1 -> APIC 0x38 -> Node 1
[    0.000000] SRAT: PXM 1 -> APIC 0x3a -> Node 1
[    0.000000] SRAT: PXM 1 -> APIC 0x3c -> Node 1
[    0.000000] SRAT: PXM 2 -> APIC 0x40 -> Node 2
[    0.000000] SRAT: PXM 2 -> APIC 0x42 -> Node 2
[    0.000000] SRAT: PXM 2 -> APIC 0x44 -> Node 2
[    0.000000] SRAT: PXM 2 -> APIC 0x46 -> Node 2
[    0.000000] SRAT: PXM 2 -> APIC 0x48 -> Node 2
[    0.000000] SRAT: PXM 2 -> APIC 0x4a -> Node 2
[    0.000000] SRAT: PXM 2 -> APIC 0x4c -> Node 2
[    0.000000] SRAT: PXM 2 -> APIC 0x4e -> Node 2
[    0.000000] SRAT: PXM 2 -> APIC 0x50 -> Node 2
[    0.000000] SRAT: PXM 2 -> APIC 0x52 -> Node 2
[    0.000000] SRAT: PXM 2 -> APIC 0x54 -> Node 2
[    0.000000] SRAT: PXM 2 -> APIC 0x56 -> Node 2
[    0.000000] SRAT: PXM 2 -> APIC 0x58 -> Node 2
[    0.000000] SRAT: PXM 2 -> APIC 0x5a -> Node 2
[    0.000000] SRAT: PXM 2 -> APIC 0x5c -> Node 2
[    0.000000] SRAT: PXM 3 -> APIC 0x60 -> Node 3
[    0.000000] SRAT: PXM 3 -> APIC 0x62 -> Node 3
[    0.000000] SRAT: PXM 3 -> APIC 0x64 -> Node 3
[    0.000000] SRAT: PXM 3 -> APIC 0x66 -> Node 3
[    0.000000] SRAT: PXM 3 -> APIC 0x68 -> Node 3
[    0.000000] SRAT: PXM 3 -> APIC 0x6a -> Node 3
[    0.000000] SRAT: PXM 3 -> APIC 0x6c -> Node 3
[    0.000000] SRAT: PXM 3 -> APIC 0x6e -> Node 3
[    0.000000] SRAT: PXM 3 -> APIC 0x70 -> Node 3
[    0.000000] SRAT: PXM 3 -> APIC 0x72 -> Node 3
[    0.000000] SRAT: PXM 3 -> APIC 0x74 -> Node 3
[    0.000000] SRAT: PXM 3 -> APIC 0x76 -> Node 3
[    0.000000] SRAT: PXM 3 -> APIC 0x78 -> Node 3
[    0.000000] SRAT: PXM 3 -> APIC 0x7a -> Node 3
[    0.000000] SRAT: PXM 3 -> APIC 0x7c -> Node 3
[    0.000000] SRAT: PXM 0 -> APIC 0x01 -> Node 0
[    0.000000] SRAT: PXM 0 -> APIC 0x03 -> Node 0
[    0.000000] SRAT: PXM 0 -> APIC 0x05 -> Node 0
[    0.000000] SRAT: PXM 0 -> APIC 0x07 -> Node 0
[    0.000000] SRAT: PXM 0 -> APIC 0x09 -> Node 0
[    0.000000] SRAT: PXM 0 -> APIC 0x0b -> Node 0
[    0.000000] SRAT: PXM 0 -> APIC 0x0d -> Node 0
[    0.000000] SRAT: PXM 0 -> APIC 0x0f -> Node 0
[    0.000000] SRAT: PXM 0 -> APIC 0x11 -> Node 0
[    0.000000] SRAT: PXM 0 -> APIC 0x13 -> Node 0
[    0.000000] SRAT: PXM 0 -> APIC 0x15 -> Node 0
[    0.000000] SRAT: PXM 0 -> APIC 0x17 -> Node 0
[    0.000000] SRAT: PXM 0 -> APIC 0x19 -> Node 0
[    0.000000] SRAT: PXM 0 -> APIC 0x1b -> Node 0
[    0.000000] SRAT: PXM 0 -> APIC 0x1d -> Node 0
[    0.000000] SRAT: PXM 1 -> APIC 0x21 -> Node 1
[    0.000000] SRAT: PXM 1 -> APIC 0x23 -> Node 1
[    0.000000] SRAT: PXM 1 -> APIC 0x25 -> Node 1
[    0.000000] SRAT: PXM 1 -> APIC 0x27 -> Node 1
[    0.000000] SRAT: PXM 1 -> APIC 0x29 -> Node 1
[    0.000000] SRAT: PXM 1 -> APIC 0x2b -> Node 1
[    0.000000] SRAT: PXM 1 -> APIC 0x2d -> Node 1
[    0.000000] SRAT: PXM 1 -> APIC 0x2f -> Node 1
[    0.000000] SRAT: PXM 1 -> APIC 0x31 -> Node 1
[    0.000000] SRAT: PXM 1 -> APIC 0x33 -> Node 1
[    0.000000] SRAT: PXM 1 -> APIC 0x35 -> Node 1
[    0.000000] SRAT: PXM 1 -> APIC 0x37 -> Node 1
[    0.000000] SRAT: PXM 1 -> APIC 0x39 -> Node 1
[    0.000000] SRAT: PXM 1 -> APIC 0x3b -> Node 1
[    0.000000] SRAT: PXM 1 -> APIC 0x3d -> Node 1
[    0.000000] SRAT: PXM 2 -> APIC 0x41 -> Node 2
[    0.000000] SRAT: PXM 2 -> APIC 0x43 -> Node 2
[    0.000000] SRAT: PXM 2 -> APIC 0x45 -> Node 2
[    0.000000] SRAT: PXM 2 -> APIC 0x47 -> Node 2
[    0.000000] SRAT: PXM 2 -> APIC 0x49 -> Node 2
[    0.000000] SRAT: PXM 2 -> APIC 0x4b -> Node 2
[    0.000000] SRAT: PXM 2 -> APIC 0x4d -> Node 2
[    0.000000] SRAT: PXM 2 -> APIC 0x4f -> Node 2
[    0.000000] SRAT: PXM 2 -> APIC 0x51 -> Node 2
[    0.000000] SRAT: PXM 2 -> APIC 0x53 -> Node 2
[    0.000000] SRAT: PXM 2 -> APIC 0x55 -> Node 2
[    0.000000] SRAT: PXM 2 -> APIC 0x57 -> Node 2
[    0.000000] SRAT: PXM 2 -> APIC 0x59 -> Node 2
[    0.000000] SRAT: PXM 2 -> APIC 0x5b -> Node 2
[    0.000000] SRAT: PXM 2 -> APIC 0x5d -> Node 2
[    0.000000] SRAT: PXM 3 -> APIC 0x61 -> Node 3
[    0.000000] SRAT: PXM 3 -> APIC 0x63 -> Node 3
[    0.000000] SRAT: PXM 3 -> APIC 0x65 -> Node 3
[    0.000000] SRAT: PXM 3 -> APIC 0x67 -> Node 3
[    0.000000] SRAT: PXM 3 -> APIC 0x69 -> Node 3
[    0.000000] SRAT: PXM 3 -> APIC 0x6b -> Node 3
[    0.000000] SRAT: PXM 3 -> APIC 0x6d -> Node 3
[    0.000000] SRAT: PXM 3 -> APIC 0x6f -> Node 3
[    0.000000] SRAT: PXM 3 -> APIC 0x71 -> Node 3
[    0.000000] SRAT: PXM 3 -> APIC 0x73 -> Node 3
[    0.000000] SRAT: PXM 3 -> APIC 0x75 -> Node 3
[    0.000000] SRAT: PXM 3 -> APIC 0x77 -> Node 3
[    0.000000] SRAT: PXM 3 -> APIC 0x79 -> Node 3
[    0.000000] SRAT: PXM 3 -> APIC 0x7b -> Node 3
[    0.000000] SRAT: PXM 3 -> APIC 0x7d -> Node 3
[    0.000000] SRAT: Node 0 PXM 0 [mem 0x00000000-0x7fffffff]
[    0.000000] SRAT: Node 0 PXM 0 [mem 0x100000000-0x87fffffff]
[    0.000000] SRAT: Node 1 PXM 1 [mem 0x880000000-0x107fffffff]
[    0.000000] SRAT: Node 2 PXM 2 [mem 0x1080000000-0x187fffffff]
[    0.000000] SRAT: Node 3 PXM 3 [mem 0x1880000000-0x207fffffff]
[    0.000000] NUMA: Initialized distance table, cnt=3D4
[    0.000000] NUMA: Node 0 [mem 0x00000000-0x7fffffff] + [mem 0x100000000-=
0x87fffffff] -> [mem 0x00000000-0x87fffffff]
[    0.000000] Initmem setup node 0 [mem 0x00000000-0x87fffffff]
[    0.000000]   NODE_DATA [mem 0x87fffb000-0x87fffffff]
[    0.000000] Initmem setup node 1 [mem 0x880000000-0x107fffffff]
[    0.000000]   NODE_DATA [mem 0x107fffb000-0x107fffffff]
[    0.000000] Initmem setup node 2 [mem 0x1080000000-0x187fffffff]
[    0.000000]   NODE_DATA [mem 0x187fffb000-0x187fffffff]
[    0.000000] Initmem setup node 3 [mem 0x1880000000-0x207fffffff]
[    0.000000]   NODE_DATA [mem 0x207fff5000-0x207fff9fff]
[    0.000000]  [ffffea0000000000-ffffea0021ffffff] PMD -> [ffff88085fe0000=
0-ffff88087fdfffff] on node 0
[    0.000000]  [ffffea0022000000-ffffea0041ffffff] PMD -> [ffff88105fe0000=
0-ffff88107fdfffff] on node 1
[    0.000000]  [ffffea0042000000-ffffea0061ffffff] PMD -> [ffff88185fe0000=
0-ffff88187fdfffff] on node 2
[    0.000000]  [ffffea0062000000-ffffea0081ffffff] PMD -> [ffff88205f60000=
0-ffff88207f5fffff] on node 3
[    0.000000] Zone ranges:
[    0.000000]   DMA      [mem 0x00001000-0x00ffffff]
[    0.000000]   DMA32    [mem 0x01000000-0xffffffff]
[    0.000000]   Normal   [mem 0x100000000-0x207fffffff]
[    0.000000] Movable zone start for each node
[    0.000000] Early memory node ranges
[    0.000000]   node   0: [mem 0x00001000-0x0009dfff]
[    0.000000]   node   0: [mem 0x00100000-0x6509efff]
[    0.000000]   node   0: [mem 0x65376000-0x65a6afff]
[    0.000000]   node   0: [mem 0x65b2a000-0x65df8fff]
[    0.000000]   node   0: [mem 0x66df9000-0x7abcefff]
[    0.000000]   node   0: [mem 0x7b7ec000-0x7b7fffff]
[    0.000000]   node   0: [mem 0x100000000-0x87fffffff]
[    0.000000]   node   1: [mem 0x880000000-0x107fffffff]
[    0.000000]   node   2: [mem 0x1080000000-0x187fffffff]
[    0.000000]   node   3: [mem 0x1880000000-0x207fffffff]
[    0.000000] On node 0 totalpages: 8361962
[    0.000000]   DMA zone: 64 pages used for memmap
[    0.000000]   DMA zone: 23 pages reserved
[    0.000000]   DMA zone: 3997 pages, LIFO batch:0
[    0.000000]   DMA32 zone: 7714 pages used for memmap
[    0.000000]   DMA32 zone: 493645 pages, LIFO batch:31
[    0.000000]   Normal zone: 122880 pages used for memmap
[    0.000000]   Normal zone: 7864320 pages, LIFO batch:31
[    0.000000] On node 1 totalpages: 8388608
[    0.000000]   Normal zone: 131072 pages used for memmap
[    0.000000]   Normal zone: 8388608 pages, LIFO batch:31
[    0.000000] On node 2 totalpages: 8388608
[    0.000000]   Normal zone: 131072 pages used for memmap
[    0.000000]   Normal zone: 8388608 pages, LIFO batch:31
[    0.000000] On node 3 totalpages: 8388608
[    0.000000]   Normal zone: 131072 pages used for memmap
[    0.000000]   Normal zone: 8388608 pages, LIFO batch:31
[    0.000000] ACPI: PM-Timer IO Port: 0x408
[    0.000000] ACPI: Local APIC address 0xfee00000
[    0.000000] mapped APIC to ffffffffff5f3000 (        fee00000)
[    0.000000] ACPI: LAPIC (acpi_id[0x00] lapic_id[0x00] enabled)
[    0.000000] ACPI: LAPIC (acpi_id[0x02] lapic_id[0x02] enabled)
[    0.000000] ACPI: LAPIC (acpi_id[0x04] lapic_id[0x04] enabled)
[    0.000000] ACPI: LAPIC (acpi_id[0x06] lapic_id[0x06] enabled)
[    0.000000] ACPI: LAPIC (acpi_id[0x08] lapic_id[0x08] enabled)
[    0.000000] ACPI: LAPIC (acpi_id[0x0a] lapic_id[0x0a] enabled)
[    0.000000] ACPI: LAPIC (acpi_id[0x0c] lapic_id[0x0c] enabled)
[    0.000000] ACPI: LAPIC (acpi_id[0x0e] lapic_id[0x0e] enabled)
[    0.000000] ACPI: LAPIC (acpi_id[0x10] lapic_id[0x10] enabled)
[    0.000000] ACPI: LAPIC (acpi_id[0x12] lapic_id[0x12] enabled)
[    0.000000] ACPI: LAPIC (acpi_id[0x14] lapic_id[0x14] enabled)
[    0.000000] ACPI: LAPIC (acpi_id[0x16] lapic_id[0x16] enabled)
[    0.000000] ACPI: LAPIC (acpi_id[0x18] lapic_id[0x18] enabled)
[    0.000000] ACPI: LAPIC (acpi_id[0x1a] lapic_id[0x1a] enabled)
[    0.000000] ACPI: LAPIC (acpi_id[0x1c] lapic_id[0x1c] enabled)
[    0.000000] ACPI: LAPIC (acpi_id[0x40] lapic_id[0x20] enabled)
[    0.000000] ACPI: LAPIC (acpi_id[0x42] lapic_id[0x22] enabled)
[    0.000000] ACPI: LAPIC (acpi_id[0x44] lapic_id[0x24] enabled)
[    0.000000] ACPI: LAPIC (acpi_id[0x46] lapic_id[0x26] enabled)
[    0.000000] ACPI: LAPIC (acpi_id[0x48] lapic_id[0x28] enabled)
[    0.000000] ACPI: LAPIC (acpi_id[0x4a] lapic_id[0x2a] enabled)
[    0.000000] ACPI: LAPIC (acpi_id[0x4c] lapic_id[0x2c] enabled)
[    0.000000] ACPI: LAPIC (acpi_id[0x4e] lapic_id[0x2e] enabled)
[    0.000000] ACPI: LAPIC (acpi_id[0x50] lapic_id[0x30] enabled)
[    0.000000] ACPI: LAPIC (acpi_id[0x52] lapic_id[0x32] enabled)
[    0.000000] ACPI: LAPIC (acpi_id[0x54] lapic_id[0x34] enabled)
[    0.000000] ACPI: LAPIC (acpi_id[0x56] lapic_id[0x36] enabled)
[    0.000000] ACPI: LAPIC (acpi_id[0x58] lapic_id[0x38] enabled)
[    0.000000] ACPI: LAPIC (acpi_id[0x5a] lapic_id[0x3a] enabled)
[    0.000000] ACPI: LAPIC (acpi_id[0x5c] lapic_id[0x3c] enabled)
[    0.000000] ACPI: LAPIC (acpi_id[0x80] lapic_id[0x40] enabled)
[    0.000000] ACPI: LAPIC (acpi_id[0x82] lapic_id[0x42] enabled)
[    0.000000] ACPI: LAPIC (acpi_id[0x84] lapic_id[0x44] enabled)
[    0.000000] ACPI: LAPIC (acpi_id[0x86] lapic_id[0x46] enabled)
[    0.000000] ACPI: LAPIC (acpi_id[0x88] lapic_id[0x48] enabled)
[    0.000000] ACPI: LAPIC (acpi_id[0x8a] lapic_id[0x4a] enabled)
[    0.000000] ACPI: LAPIC (acpi_id[0x8c] lapic_id[0x4c] enabled)
[    0.000000] ACPI: LAPIC (acpi_id[0x8e] lapic_id[0x4e] enabled)
[    0.000000] ACPI: LAPIC (acpi_id[0x90] lapic_id[0x50] enabled)
[    0.000000] ACPI: LAPIC (acpi_id[0x92] lapic_id[0x52] enabled)
[    0.000000] ACPI: LAPIC (acpi_id[0x94] lapic_id[0x54] enabled)
[    0.000000] ACPI: LAPIC (acpi_id[0x96] lapic_id[0x56] enabled)
[    0.000000] ACPI: LAPIC (acpi_id[0x98] lapic_id[0x58] enabled)
[    0.000000] ACPI: LAPIC (acpi_id[0x9a] lapic_id[0x5a] enabled)
[    0.000000] ACPI: LAPIC (acpi_id[0x9c] lapic_id[0x5c] enabled)
[    0.000000] ACPI: LAPIC (acpi_id[0xc0] lapic_id[0x60] enabled)
[    0.000000] ACPI: LAPIC (acpi_id[0xc2] lapic_id[0x62] enabled)
[    0.000000] ACPI: LAPIC (acpi_id[0xc4] lapic_id[0x64] enabled)
[    0.000000] ACPI: LAPIC (acpi_id[0xc6] lapic_id[0x66] enabled)
[    0.000000] ACPI: LAPIC (acpi_id[0xc8] lapic_id[0x68] enabled)
[    0.000000] ACPI: LAPIC (acpi_id[0xca] lapic_id[0x6a] enabled)
[    0.000000] ACPI: LAPIC (acpi_id[0xcc] lapic_id[0x6c] enabled)
[    0.000000] ACPI: LAPIC (acpi_id[0xce] lapic_id[0x6e] enabled)
[    0.000000] ACPI: LAPIC (acpi_id[0xd0] lapic_id[0x70] enabled)
[    0.000000] ACPI: LAPIC (acpi_id[0xd2] lapic_id[0x72] enabled)
[    0.000000] ACPI: LAPIC (acpi_id[0xd4] lapic_id[0x74] enabled)
[    0.000000] ACPI: LAPIC (acpi_id[0xd6] lapic_id[0x76] enabled)
[    0.000000] ACPI: LAPIC (acpi_id[0xd8] lapic_id[0x78] enabled)
[    0.000000] ACPI: LAPIC (acpi_id[0xda] lapic_id[0x7a] enabled)
[    0.000000] ACPI: LAPIC (acpi_id[0xdc] lapic_id[0x7c] enabled)
[    0.000000] ACPI: LAPIC (acpi_id[0x01] lapic_id[0x01] enabled)
[    0.000000] ACPI: LAPIC (acpi_id[0x03] lapic_id[0x03] enabled)
[    0.000000] ACPI: LAPIC (acpi_id[0x05] lapic_id[0x05] enabled)
[    0.000000] ACPI: LAPIC (acpi_id[0x07] lapic_id[0x07] enabled)
[    0.000000] ACPI: LAPIC (acpi_id[0x09] lapic_id[0x09] enabled)
[    0.000000] ACPI: LAPIC (acpi_id[0x0b] lapic_id[0x0b] enabled)
[    0.000000] ACPI: LAPIC (acpi_id[0x0d] lapic_id[0x0d] enabled)
[    0.000000] ACPI: LAPIC (acpi_id[0x0f] lapic_id[0x0f] enabled)
[    0.000000] ACPI: LAPIC (acpi_id[0x11] lapic_id[0x11] enabled)
[    0.000000] ACPI: LAPIC (acpi_id[0x13] lapic_id[0x13] enabled)
[    0.000000] ACPI: LAPIC (acpi_id[0x15] lapic_id[0x15] enabled)
[    0.000000] ACPI: LAPIC (acpi_id[0x17] lapic_id[0x17] enabled)
[    0.000000] ACPI: LAPIC (acpi_id[0x19] lapic_id[0x19] enabled)
[    0.000000] ACPI: LAPIC (acpi_id[0x1b] lapic_id[0x1b] enabled)
[    0.000000] ACPI: LAPIC (acpi_id[0x1d] lapic_id[0x1d] enabled)
[    0.000000] ACPI: LAPIC (acpi_id[0x41] lapic_id[0x21] enabled)
[    0.000000] ACPI: LAPIC (acpi_id[0x43] lapic_id[0x23] enabled)
[    0.000000] ACPI: LAPIC (acpi_id[0x45] lapic_id[0x25] enabled)
[    0.000000] ACPI: LAPIC (acpi_id[0x47] lapic_id[0x27] enabled)
[    0.000000] ACPI: LAPIC (acpi_id[0x49] lapic_id[0x29] enabled)
[    0.000000] ACPI: LAPIC (acpi_id[0x4b] lapic_id[0x2b] enabled)
[    0.000000] ACPI: LAPIC (acpi_id[0x4d] lapic_id[0x2d] enabled)
[    0.000000] ACPI: LAPIC (acpi_id[0x4f] lapic_id[0x2f] enabled)
[    0.000000] ACPI: LAPIC (acpi_id[0x51] lapic_id[0x31] enabled)
[    0.000000] ACPI: LAPIC (acpi_id[0x53] lapic_id[0x33] enabled)
[    0.000000] ACPI: LAPIC (acpi_id[0x55] lapic_id[0x35] enabled)
[    0.000000] ACPI: LAPIC (acpi_id[0x57] lapic_id[0x37] enabled)
[    0.000000] ACPI: LAPIC (acpi_id[0x59] lapic_id[0x39] enabled)
[    0.000000] ACPI: LAPIC (acpi_id[0x5b] lapic_id[0x3b] enabled)
[    0.000000] ACPI: LAPIC (acpi_id[0x5d] lapic_id[0x3d] enabled)
[    0.000000] ACPI: LAPIC (acpi_id[0x81] lapic_id[0x41] enabled)
[    0.000000] ACPI: LAPIC (acpi_id[0x83] lapic_id[0x43] enabled)
[    0.000000] ACPI: LAPIC (acpi_id[0x85] lapic_id[0x45] enabled)
[    0.000000] ACPI: LAPIC (acpi_id[0x87] lapic_id[0x47] enabled)
[    0.000000] ACPI: LAPIC (acpi_id[0x89] lapic_id[0x49] enabled)
[    0.000000] ACPI: LAPIC (acpi_id[0x8b] lapic_id[0x4b] enabled)
[    0.000000] ACPI: LAPIC (acpi_id[0x8d] lapic_id[0x4d] enabled)
[    0.000000] ACPI: LAPIC (acpi_id[0x8f] lapic_id[0x4f] enabled)
[    0.000000] ACPI: LAPIC (acpi_id[0x91] lapic_id[0x51] enabled)
[    0.000000] ACPI: LAPIC (acpi_id[0x93] lapic_id[0x53] enabled)
[    0.000000] ACPI: LAPIC (acpi_id[0x95] lapic_id[0x55] enabled)
[    0.000000] ACPI: LAPIC (acpi_id[0x97] lapic_id[0x57] enabled)
[    0.000000] ACPI: LAPIC (acpi_id[0x99] lapic_id[0x59] enabled)
[    0.000000] ACPI: LAPIC (acpi_id[0x9b] lapic_id[0x5b] enabled)
[    0.000000] ACPI: LAPIC (acpi_id[0x9d] lapic_id[0x5d] enabled)
[    0.000000] ACPI: LAPIC (acpi_id[0xc1] lapic_id[0x61] enabled)
[    0.000000] ACPI: LAPIC (acpi_id[0xc3] lapic_id[0x63] enabled)
[    0.000000] ACPI: LAPIC (acpi_id[0xc5] lapic_id[0x65] enabled)
[    0.000000] ACPI: LAPIC (acpi_id[0xc7] lapic_id[0x67] enabled)
[    0.000000] ACPI: LAPIC (acpi_id[0xc9] lapic_id[0x69] enabled)
[    0.000000] ACPI: LAPIC (acpi_id[0xcb] lapic_id[0x6b] enabled)
[    0.000000] ACPI: LAPIC (acpi_id[0xcd] lapic_id[0x6d] enabled)
[    0.000000] ACPI: LAPIC (acpi_id[0xcf] lapic_id[0x6f] enabled)
[    0.000000] ACPI: LAPIC (acpi_id[0xd1] lapic_id[0x71] enabled)
[    0.000000] ACPI: LAPIC (acpi_id[0xd3] lapic_id[0x73] enabled)
[    0.000000] ACPI: LAPIC (acpi_id[0xd5] lapic_id[0x75] enabled)
[    0.000000] ACPI: LAPIC (acpi_id[0xd7] lapic_id[0x77] enabled)
[    0.000000] ACPI: LAPIC (acpi_id[0xd9] lapic_id[0x79] enabled)
[    0.000000] ACPI: LAPIC (acpi_id[0xdb] lapic_id[0x7b] enabled)
[    0.000000] ACPI: LAPIC (acpi_id[0xdd] lapic_id[0x7d] enabled)
[    0.000000] ACPI: LAPIC (acpi_id[0xff] lapic_id[0xff] disabled)
[    0.000000] ACPI: LAPIC (acpi_id[0xff] lapic_id[0xff] disabled)
[    0.000000] ACPI: LAPIC (acpi_id[0xff] lapic_id[0xff] disabled)
[    0.000000] ACPI: LAPIC (acpi_id[0xff] lapic_id[0xff] disabled)
[    0.000000] ACPI: LAPIC (acpi_id[0xff] lapic_id[0xff] disabled)
[    0.000000] ACPI: LAPIC (acpi_id[0xff] lapic_id[0xff] disabled)
[    0.000000] ACPI: LAPIC (acpi_id[0xff] lapic_id[0xff] disabled)
[    0.000000] ACPI: LAPIC (acpi_id[0xff] lapic_id[0xff] disabled)
[    0.000000] ACPI: LAPIC (acpi_id[0xff] lapic_id[0xff] disabled)
[    0.000000] ACPI: LAPIC (acpi_id[0xff] lapic_id[0xff] disabled)
[    0.000000] ACPI: LAPIC (acpi_id[0xff] lapic_id[0xff] disabled)
[    0.000000] ACPI: LAPIC (acpi_id[0xff] lapic_id[0xff] disabled)
[    0.000000] ACPI: LAPIC (acpi_id[0xff] lapic_id[0xff] disabled)
[    0.000000] ACPI: LAPIC (acpi_id[0xff] lapic_id[0xff] disabled)
[    0.000000] ACPI: LAPIC (acpi_id[0xff] lapic_id[0xff] disabled)
[    0.000000] ACPI: LAPIC (acpi_id[0xff] lapic_id[0xff] disabled)
[    0.000000] ACPI: LAPIC (acpi_id[0xff] lapic_id[0xff] disabled)
[    0.000000] ACPI: LAPIC (acpi_id[0xff] lapic_id[0xff] disabled)
[    0.000000] ACPI: LAPIC (acpi_id[0xff] lapic_id[0xff] disabled)
[    0.000000] ACPI: LAPIC (acpi_id[0xff] lapic_id[0xff] disabled)
[    0.000000] ACPI: LAPIC (acpi_id[0xff] lapic_id[0xff] disabled)
[    0.000000] ACPI: LAPIC (acpi_id[0xff] lapic_id[0xff] disabled)
[    0.000000] ACPI: LAPIC (acpi_id[0xff] lapic_id[0xff] disabled)
[    0.000000] ACPI: LAPIC (acpi_id[0xff] lapic_id[0xff] disabled)
[    0.000000] ACPI: LAPIC_NMI (acpi_id[0x00] high level lint[0x1])
[    0.000000] ACPI: LAPIC_NMI (acpi_id[0x01] high level lint[0x1])
[    0.000000] ACPI: LAPIC_NMI (acpi_id[0x02] high level lint[0x1])
[    0.000000] ACPI: LAPIC_NMI (acpi_id[0x03] high level lint[0x1])
[    0.000000] ACPI: LAPIC_NMI (acpi_id[0x04] high level lint[0x1])
[    0.000000] ACPI: LAPIC_NMI (acpi_id[0x05] high level lint[0x1])
[    0.000000] ACPI: LAPIC_NMI (acpi_id[0x06] high level lint[0x1])
[    0.000000] ACPI: LAPIC_NMI (acpi_id[0x07] high level lint[0x1])
[    0.000000] ACPI: LAPIC_NMI (acpi_id[0x08] high level lint[0x1])
[    0.000000] ACPI: LAPIC_NMI (acpi_id[0x09] high level lint[0x1])
[    0.000000] ACPI: LAPIC_NMI (acpi_id[0x0a] high level lint[0x1])
[    0.000000] ACPI: LAPIC_NMI (acpi_id[0x0b] high level lint[0x1])
[    0.000000] ACPI: LAPIC_NMI (acpi_id[0x0c] high level lint[0x1])
[    0.000000] ACPI: LAPIC_NMI (acpi_id[0x0d] high level lint[0x1])
[    0.000000] ACPI: LAPIC_NMI (acpi_id[0x0e] high level lint[0x1])
[    0.000000] ACPI: LAPIC_NMI (acpi_id[0x0f] high level lint[0x1])
[    0.000000] ACPI: LAPIC_NMI (acpi_id[0x10] high level lint[0x1])
[    0.000000] ACPI: LAPIC_NMI (acpi_id[0x11] high level lint[0x1])
[    0.000000] ACPI: LAPIC_NMI (acpi_id[0x12] high level lint[0x1])
[    0.000000] ACPI: LAPIC_NMI (acpi_id[0x13] high level lint[0x1])
[    0.000000] ACPI: LAPIC_NMI (acpi_id[0x14] high level lint[0x1])
[    0.000000] ACPI: LAPIC_NMI (acpi_id[0x15] high level lint[0x1])
[    0.000000] ACPI: LAPIC_NMI (acpi_id[0x16] high level lint[0x1])
[    0.000000] ACPI: LAPIC_NMI (acpi_id[0x17] high level lint[0x1])
[    0.000000] ACPI: LAPIC_NMI (acpi_id[0x18] high level lint[0x1])
[    0.000000] ACPI: LAPIC_NMI (acpi_id[0x19] high level lint[0x1])
[    0.000000] ACPI: LAPIC_NMI (acpi_id[0x1a] high level lint[0x1])
[    0.000000] ACPI: LAPIC_NMI (acpi_id[0x1b] high level lint[0x1])
[    0.000000] ACPI: LAPIC_NMI (acpi_id[0x1c] high level lint[0x1])
[    0.000000] ACPI: LAPIC_NMI (acpi_id[0x1d] high level lint[0x1])
[    0.000000] ACPI: LAPIC_NMI (acpi_id[0x1e] high level lint[0x1])
[    0.000000] ACPI: LAPIC_NMI (acpi_id[0x1f] high level lint[0x1])
[    0.000000] ACPI: LAPIC_NMI (acpi_id[0x20] high level lint[0x1])
[    0.000000] ACPI: LAPIC_NMI (acpi_id[0x21] high level lint[0x1])
[    0.000000] ACPI: LAPIC_NMI (acpi_id[0x22] high level lint[0x1])
[    0.000000] ACPI: LAPIC_NMI (acpi_id[0x23] high level lint[0x1])
[    0.000000] ACPI: LAPIC_NMI (acpi_id[0x24] high level lint[0x1])
[    0.000000] ACPI: LAPIC_NMI (acpi_id[0x25] high level lint[0x1])
[    0.000000] ACPI: LAPIC_NMI (acpi_id[0x26] high level lint[0x1])
[    0.000000] ACPI: LAPIC_NMI (acpi_id[0x27] high level lint[0x1])
[    0.000000] ACPI: LAPIC_NMI (acpi_id[0x28] high level lint[0x1])
[    0.000000] ACPI: LAPIC_NMI (acpi_id[0x29] high level lint[0x1])
[    0.000000] ACPI: LAPIC_NMI (acpi_id[0x2a] high level lint[0x1])
[    0.000000] ACPI: LAPIC_NMI (acpi_id[0x2b] high level lint[0x1])
[    0.000000] ACPI: LAPIC_NMI (acpi_id[0x2c] high level lint[0x1])
[    0.000000] ACPI: LAPIC_NMI (acpi_id[0x2d] high level lint[0x1])
[    0.000000] ACPI: LAPIC_NMI (acpi_id[0x2e] high level lint[0x1])
[    0.000000] ACPI: LAPIC_NMI (acpi_id[0x2f] high level lint[0x1])
[    0.000000] ACPI: LAPIC_NMI (acpi_id[0x30] high level lint[0x1])
[    0.000000] ACPI: LAPIC_NMI (acpi_id[0x31] high level lint[0x1])
[    0.000000] ACPI: LAPIC_NMI (acpi_id[0x32] high level lint[0x1])
[    0.000000] ACPI: LAPIC_NMI (acpi_id[0x33] high level lint[0x1])
[    0.000000] ACPI: LAPIC_NMI (acpi_id[0x34] high level lint[0x1])
[    0.000000] ACPI: LAPIC_NMI (acpi_id[0x35] high level lint[0x1])
[    0.000000] ACPI: LAPIC_NMI (acpi_id[0x36] high level lint[0x1])
[    0.000000] ACPI: LAPIC_NMI (acpi_id[0x37] high level lint[0x1])
[    0.000000] ACPI: LAPIC_NMI (acpi_id[0x38] high level lint[0x1])
[    0.000000] ACPI: LAPIC_NMI (acpi_id[0x39] high level lint[0x1])
[    0.000000] ACPI: LAPIC_NMI (acpi_id[0x3a] high level lint[0x1])
[    0.000000] ACPI: LAPIC_NMI (acpi_id[0x3b] high level lint[0x1])
[    0.000000] ACPI: LAPIC_NMI (acpi_id[0x3c] high level lint[0x1])
[    0.000000] ACPI: LAPIC_NMI (acpi_id[0x3d] high level lint[0x1])
[    0.000000] ACPI: LAPIC_NMI (acpi_id[0x3e] high level lint[0x1])
[    0.000000] ACPI: LAPIC_NMI (acpi_id[0x3f] high level lint[0x1])
[    0.000000] ACPI: LAPIC_NMI (acpi_id[0x40] high level lint[0x1])
[    0.000000] ACPI: LAPIC_NMI (acpi_id[0x41] high level lint[0x1])
[    0.000000] ACPI: LAPIC_NMI (acpi_id[0x42] high level lint[0x1])
[    0.000000] ACPI: LAPIC_NMI (acpi_id[0x43] high level lint[0x1])
[    0.000000] ACPI: LAPIC_NMI (acpi_id[0x44] high level lint[0x1])
[    0.000000] ACPI: LAPIC_NMI (acpi_id[0x45] high level lint[0x1])
[    0.000000] ACPI: LAPIC_NMI (acpi_id[0x46] high level lint[0x1])
[    0.000000] ACPI: LAPIC_NMI (acpi_id[0x47] high level lint[0x1])
[    0.000000] ACPI: LAPIC_NMI (acpi_id[0x48] high level lint[0x1])
[    0.000000] ACPI: LAPIC_NMI (acpi_id[0x49] high level lint[0x1])
[    0.000000] ACPI: LAPIC_NMI (acpi_id[0x4a] high level lint[0x1])
[    0.000000] ACPI: LAPIC_NMI (acpi_id[0x4b] high level lint[0x1])
[    0.000000] ACPI: LAPIC_NMI (acpi_id[0x4c] high level lint[0x1])
[    0.000000] ACPI: LAPIC_NMI (acpi_id[0x4d] high level lint[0x1])
[    0.000000] ACPI: LAPIC_NMI (acpi_id[0x4e] high level lint[0x1])
[    0.000000] ACPI: LAPIC_NMI (acpi_id[0x4f] high level lint[0x1])
[    0.000000] ACPI: LAPIC_NMI (acpi_id[0x50] high level lint[0x1])
[    0.000000] ACPI: LAPIC_NMI (acpi_id[0x51] high level lint[0x1])
[    0.000000] ACPI: LAPIC_NMI (acpi_id[0x52] high level lint[0x1])
[    0.000000] ACPI: LAPIC_NMI (acpi_id[0x53] high level lint[0x1])
[    0.000000] ACPI: LAPIC_NMI (acpi_id[0x54] high level lint[0x1])
[    0.000000] ACPI: LAPIC_NMI (acpi_id[0x55] high level lint[0x1])
[    0.000000] ACPI: LAPIC_NMI (acpi_id[0x56] high level lint[0x1])
[    0.000000] ACPI: LAPIC_NMI (acpi_id[0x57] high level lint[0x1])
[    0.000000] ACPI: LAPIC_NMI (acpi_id[0x58] high level lint[0x1])
[    0.000000] ACPI: LAPIC_NMI (acpi_id[0x59] high level lint[0x1])
[    0.000000] ACPI: LAPIC_NMI (acpi_id[0x5a] high level lint[0x1])
[    0.000000] ACPI: LAPIC_NMI (acpi_id[0x5b] high level lint[0x1])
[    0.000000] ACPI: LAPIC_NMI (acpi_id[0x5c] high level lint[0x1])
[    0.000000] ACPI: LAPIC_NMI (acpi_id[0x5d] high level lint[0x1])
[    0.000000] ACPI: LAPIC_NMI (acpi_id[0x5e] high level lint[0x1])
[    0.000000] ACPI: LAPIC_NMI (acpi_id[0x5f] high level lint[0x1])
[    0.000000] ACPI: LAPIC_NMI (acpi_id[0x60] high level lint[0x1])
[    0.000000] ACPI: LAPIC_NMI (acpi_id[0x61] high level lint[0x1])
[    0.000000] ACPI: LAPIC_NMI (acpi_id[0x62] high level lint[0x1])
[    0.000000] ACPI: LAPIC_NMI (acpi_id[0x63] high level lint[0x1])
[    0.000000] ACPI: LAPIC_NMI (acpi_id[0x64] high level lint[0x1])
[    0.000000] ACPI: LAPIC_NMI (acpi_id[0x65] high level lint[0x1])
[    0.000000] ACPI: LAPIC_NMI (acpi_id[0x66] high level lint[0x1])
[    0.000000] ACPI: LAPIC_NMI (acpi_id[0x67] high level lint[0x1])
[    0.000000] ACPI: LAPIC_NMI (acpi_id[0x68] high level lint[0x1])
[    0.000000] ACPI: LAPIC_NMI (acpi_id[0x69] high level lint[0x1])
[    0.000000] ACPI: LAPIC_NMI (acpi_id[0x6a] high level lint[0x1])
[    0.000000] ACPI: LAPIC_NMI (acpi_id[0x6b] high level lint[0x1])
[    0.000000] ACPI: LAPIC_NMI (acpi_id[0x6c] high level lint[0x1])
[    0.000000] ACPI: LAPIC_NMI (acpi_id[0x6d] high level lint[0x1])
[    0.000000] ACPI: LAPIC_NMI (acpi_id[0x6e] high level lint[0x1])
[    0.000000] ACPI: LAPIC_NMI (acpi_id[0x6f] high level lint[0x1])
[    0.000000] ACPI: LAPIC_NMI (acpi_id[0x70] high level lint[0x1])
[    0.000000] ACPI: LAPIC_NMI (acpi_id[0x71] high level lint[0x1])
[    0.000000] ACPI: LAPIC_NMI (acpi_id[0x72] high level lint[0x1])
[    0.000000] ACPI: LAPIC_NMI (acpi_id[0x73] high level lint[0x1])
[    0.000000] ACPI: LAPIC_NMI (acpi_id[0x74] high level lint[0x1])
[    0.000000] ACPI: LAPIC_NMI (acpi_id[0x75] high level lint[0x1])
[    0.000000] ACPI: LAPIC_NMI (acpi_id[0x76] high level lint[0x1])
[    0.000000] ACPI: LAPIC_NMI (acpi_id[0x77] high level lint[0x1])
[    0.000000] ACPI: LAPIC_NMI (acpi_id[0x78] high level lint[0x1])
[    0.000000] ACPI: LAPIC_NMI (acpi_id[0x79] high level lint[0x1])
[    0.000000] ACPI: LAPIC_NMI (acpi_id[0x7a] high level lint[0x1])
[    0.000000] ACPI: LAPIC_NMI (acpi_id[0x7b] high level lint[0x1])
[    0.000000] ACPI: LAPIC_NMI (acpi_id[0x7c] high level lint[0x1])
[    0.000000] ACPI: LAPIC_NMI (acpi_id[0x7c] high level lint[0x1])
[    0.000000] ACPI: LAPIC_NMI (acpi_id[0x7d] high level lint[0x1])
[    0.000000] ACPI: LAPIC_NMI (acpi_id[0x7e] high level lint[0x1])
[    0.000000] ACPI: LAPIC_NMI (acpi_id[0x7f] high level lint[0x1])
[    0.000000] ACPI: LAPIC_NMI (acpi_id[0x80] high level lint[0x1])
[    0.000000] ACPI: LAPIC_NMI (acpi_id[0x81] high level lint[0x1])
[    0.000000] ACPI: LAPIC_NMI (acpi_id[0x82] high level lint[0x1])
[    0.000000] ACPI: LAPIC_NMI (acpi_id[0x83] high level lint[0x1])
[    0.000000] ACPI: LAPIC_NMI (acpi_id[0x84] high level lint[0x1])
[    0.000000] ACPI: LAPIC_NMI (acpi_id[0x85] high level lint[0x1])
[    0.000000] ACPI: LAPIC_NMI (acpi_id[0x86] high level lint[0x1])
[    0.000000] ACPI: LAPIC_NMI (acpi_id[0x87] high level lint[0x1])
[    0.000000] ACPI: LAPIC_NMI (acpi_id[0x88] high level lint[0x1])
[    0.000000] ACPI: LAPIC_NMI (acpi_id[0x89] high level lint[0x1])
[    0.000000] ACPI: LAPIC_NMI (acpi_id[0x8a] high level lint[0x1])
[    0.000000] ACPI: LAPIC_NMI (acpi_id[0x8b] high level lint[0x1])
[    0.000000] ACPI: LAPIC_NMI (acpi_id[0x8c] high level lint[0x1])
[    0.000000] ACPI: LAPIC_NMI (acpi_id[0x8d] high level lint[0x1])
[    0.000000] ACPI: LAPIC_NMI (acpi_id[0x8f] high level lint[0x1])
[    0.000000] ACPI: IOAPIC (id[0x08] address[0xfec00000] gsi_base[0])
[    0.000000] IOAPIC[0]: apic_id 8, version 32, address 0xfec00000, GSI 0-=
23
[    0.000000] ACPI: IOAPIC (id[0x09] address[0xfec01000] gsi_base[24])
[    0.000000] IOAPIC[1]: apic_id 9, version 32, address 0xfec01000, GSI 24=
-47
[    0.000000] ACPI: IOAPIC (id[0x0a] address[0xfec40000] gsi_base[48])
[    0.000000] IOAPIC[2]: apic_id 10, version 32, address 0xfec40000, GSI 4=
8-71
[    0.000000] ACPI: IOAPIC (id[0x0b] address[0xfec80000] gsi_base[72])
[    0.000000] IOAPIC[3]: apic_id 11, version 32, address 0xfec80000, GSI 7=
2-95
[    0.000000] ACPI: IOAPIC (id[0x0c] address[0xfecc0000] gsi_base[96])
[    0.000000] IOAPIC[4]: apic_id 12, version 32, address 0xfecc0000, GSI 9=
6-119
[    0.000000] ACPI: INT_SRC_OVR (bus 0 bus_irq 0 global_irq 2 dfl dfl)
[    0.000000] Int: type 0, pol 0, trig 0, bus 00, IRQ 00, APIC ID 8, APIC =
INT 02
[    0.000000] ACPI: INT_SRC_OVR (bus 0 bus_irq 9 global_irq 9 high level)
[    0.000000] Int: type 0, pol 1, trig 3, bus 00, IRQ 09, APIC ID 8, APIC =
INT 09
[    0.000000] ACPI: IRQ0 used by override.
[    0.000000] Int: type 0, pol 0, trig 0, bus 00, IRQ 01, APIC ID 8, APIC =
INT 01
[    0.000000] ACPI: IRQ2 used by override.
[    0.000000] Int: type 0, pol 0, trig 0, bus 00, IRQ 03, APIC ID 8, APIC =
INT 03
[    0.000000] Int: type 0, pol 0, trig 0, bus 00, IRQ 04, APIC ID 8, APIC =
INT 04
[    0.000000] Int: type 0, pol 0, trig 0, bus 00, IRQ 05, APIC ID 8, APIC =
INT 05
[    0.000000] Int: type 0, pol 0, trig 0, bus 00, IRQ 06, APIC ID 8, APIC =
INT 06
[    0.000000] Int: type 0, pol 0, trig 0, bus 00, IRQ 07, APIC ID 8, APIC =
INT 07
[    0.000000] Int: type 0, pol 0, trig 0, bus 00, IRQ 08, APIC ID 8, APIC =
INT 08
[    0.000000] ACPI: IRQ9 used by override.
[    0.000000] Int: type 0, pol 0, trig 0, bus 00, IRQ 0a, APIC ID 8, APIC =
INT 0a
[    0.000000] Int: type 0, pol 0, trig 0, bus 00, IRQ 0b, APIC ID 8, APIC =
INT 0b
[    0.000000] Int: type 0, pol 0, trig 0, bus 00, IRQ 0c, APIC ID 8, APIC =
INT 0c
[    0.000000] Int: type 0, pol 0, trig 0, bus 00, IRQ 0d, APIC ID 8, APIC =
INT 0d
[    0.000000] Int: type 0, pol 0, trig 0, bus 00, IRQ 0e, APIC ID 8, APIC =
INT 0e
[    0.000000] Int: type 0, pol 0, trig 0, bus 00, IRQ 0f, APIC ID 8, APIC =
INT 0f
[    0.000000] Using ACPI (MADT) for SMP configuration information
[    0.000000] ACPI: HPET id: 0x8086a301 base: 0xfed00000
[    0.000000] smpboot: Allowing 144 CPUs, 24 hotplug CPUs
[    0.000000] mapped IOAPIC to ffffffffff5f2000 (fec00000)
[    0.000000] mapped IOAPIC to ffffffffff5f1000 (fec01000)
[    0.000000] mapped IOAPIC to ffffffffff5f0000 (fec40000)
[    0.000000] mapped IOAPIC to ffffffffff5ef000 (fec80000)
[    0.000000] mapped IOAPIC to ffffffffff5ee000 (fecc0000)
[    0.000000] nr_irqs_gsi: 136
[    0.000000] PM: Registered nosave memory: [mem 0x0009e000-0x0009ffff]
[    0.000000] PM: Registered nosave memory: [mem 0x000a0000-0x000dffff]
[    0.000000] PM: Registered nosave memory: [mem 0x000e0000-0x000fffff]
[    0.000000] PM: Registered nosave memory: [mem 0x6509f000-0x65375fff]
[    0.000000] PM: Registered nosave memory: [mem 0x65a6b000-0x65b29fff]
[    0.000000] PM: Registered nosave memory: [mem 0x65df9000-0x66df8fff]
[    0.000000] PM: Registered nosave memory: [mem 0x7abcf000-0x7accefff]
[    0.000000] PM: Registered nosave memory: [mem 0x7accf000-0x7b6fefff]
[    0.000000] PM: Registered nosave memory: [mem 0x7b6ff000-0x7b7ebfff]
[    0.000000] PM: Registered nosave memory: [mem 0x7b800000-0x8fffffff]
[    0.000000] PM: Registered nosave memory: [mem 0x90000000-0xfed1bfff]
[    0.000000] PM: Registered nosave memory: [mem 0xfed1c000-0xfed1ffff]
[    0.000000] PM: Registered nosave memory: [mem 0xfed20000-0xff7fffff]
[    0.000000] PM: Registered nosave memory: [mem 0xff800000-0xffffffff]
[    0.000000] e820: [mem 0x90000000-0xfed1bfff] available for PCI devices
[    0.000000] Booting paravirtualized kernel on bare hardware
[    0.000000] setup_percpu: NR_CPUS:512 nr_cpumask_bits:512 nr_cpu_ids:144=
 nr_node_ids:4
[    0.000000] PERCPU: Embedded 27 pages/cpu @ffff88085f800000 s81088 r8192=
 d21312 u131072
[    0.000000] pcpu-alloc: s81088 r8192 d21312 u131072 alloc=3D1*2097152
[    0.000000] pcpu-alloc: [0] 000 001 002 003 004 005 006 007 008 009 010 =
011 012 013 014 060=20
[    0.000000] pcpu-alloc: [0] 061 062 063 064 065 066 067 068 069 070 071 =
072 073 074 120 124=20
[    0.000000] pcpu-alloc: [0] 128 132 136 140 --- --- --- --- --- --- --- =
--- --- --- --- ---=20
[    0.000000] pcpu-alloc: [1] 015 016 017 018 019 020 021 022 023 024 025 =
026 027 028 029 075=20
[    0.000000] pcpu-alloc: [1] 076 077 078 079 080 081 082 083 084 085 086 =
087 088 089 121 125=20
[    0.000000] pcpu-alloc: [1] 129 133 137 141 --- --- --- --- --- --- --- =
--- --- --- --- ---=20
[    0.000000] pcpu-alloc: [2] 030 031 032 033 034 035 036 037 038 039 040 =
041 042 043 044 090=20
[    0.000000] pcpu-alloc: [2] 091 092 093 094 095 096 097 098 099 100 101 =
102 103 104 122 126=20
[    0.000000] pcpu-alloc: [2] 130 134 138 142 --- --- --- --- --- --- --- =
--- --- --- --- ---=20
[    0.000000] pcpu-alloc: [3] 045 046 047 048 049 050 051 052 053 054 055 =
056 057 058 059 105=20
[    0.000000] pcpu-alloc: [3] 106 107 108 109 110 111 112 113 114 115 116 =
117 118 119 123 127=20
[    0.000000] pcpu-alloc: [3] 131 135 139 143 --- --- --- --- --- --- --- =
--- --- --- --- ---=20
[    0.000000] Built 4 zonelists in Zone order, mobility grouping on.  Tota=
l pages: 33003889
[    0.000000] Policy zone: Normal
[    0.000000] Kernel command line: user=3Dlkp job=3D/lkp/scheduled/brickla=
nd1/cyclic_will-it-scale-poll2-HEAD-8808b950581f71e3ee4cf8e6cae479f4c710640=
5.yaml ARCH=3Dx86_64 BOOT_IMAGE=3D/kernel/x86_64-lkp/8808b950581f71e3ee4cf8=
e6cae479f4c7106405/vmlinuz-3.14.0-rc6-next-20140317 kconfig=3Dx86_64-lkp co=
mmit=3D8808b950581f71e3ee4cf8e6cae479f4c7106405 bm_initrd=3D/lkp/benchmarks=
/will-it-scale.cgz modules_initrd=3D/kernel/x86_64-lkp/8808b950581f71e3ee4c=
f8e6cae479f4c7106405/modules.cgz max_uptime=3D900 RESULT_ROOT=3D/lkp/result=
/brickland1/micro/will-it-scale/poll2/x86_64-lkp/8808b950581f71e3ee4cf8e6ca=
e479f4c7106405/0 initrd=3D/kernel-tests/initrd/lkp-rootfs.cgz root=3D/dev/r=
am0 ip=3D::::brickland1::dhcp oops=3Dpanic ipmi_si.tryacpi=3D0 ipmi_watchdo=
g.start_now=3D1 earlyprintk=3DttyS0,115200 debug apic=3Ddebug sysrq_always_=
enabled rcupdate.rcu_cpu_stall_timeout=3D100 panic=3D10 softlockup_panic=3D=
1 nmi_watchdog=3Dpanic load_ramdisk=3D2 prompt_ramdisk=3D0 console=3DttyS0,=
115200 console=3Dtty0 vga=3Dnormal
[    0.000000] sysrq: sysrq always enabled.
[    0.000000] PID hash table entries: 4096 (order: 3, 32768 bytes)
[    0.000000] xsave: enabled xstate_bv 0x7, cntxt size 0x340
[    0.000000] Checking aperture...
[    0.000000] No AGP bridge found
[    0.000000] Memory: 131695560K/134111144K available (10556K kernel code,=
 1268K rwdata, 4292K rodata, 1436K init, 1760K bss, 2415584K reserved)
[    0.000000] SLUB: HWalign=3D64, Order=3D0-3, MinObjects=3D0, CPUs=3D144,=
 Nodes=3D4
[    0.000000] Hierarchical RCU implementation.
[    0.000000] RCU dyntick-idle grace-period acceleration is enabled.
[    0.000000] RCU restricting CPUs from NR_CPUS=3D512 to nr_cpu_ids=3D144.
[    0.000000] RCU: Adjusting geometry for rcu_fanout_leaf=3D16, nr_cpu_ids=
=3D144
[    0.000000] NR_IRQS:33024 nr_irqs:3464 16
[    0.000000] Console: colour VGA+ 80x25
[    0.000000] console [tty0] enabled
[    0.000000] bootconsole [earlyser0] disabled
[    0.000000] Initializing cgroup subsys cpuset
[    0.000000] Initializing cgroup subsys cpu
[    0.000000] Linux version 3.14.0-rc6-next-20140317 (kbuild@xian) (gcc ve=
rsion 4.8.2 (Debian 4.8.2-16) ) #1 SMP Mon Mar 17 20:01:18 CST 2014
[    0.000000] Command line: user=3Dlkp job=3D/lkp/scheduled/brickland1/cyc=
lic_will-it-scale-poll2-HEAD-8808b950581f71e3ee4cf8e6cae479f4c7106405.yaml =
ARCH=3Dx86_64 BOOT_IMAGE=3D/kernel/x86_64-lkp/8808b950581f71e3ee4cf8e6cae47=
9f4c7106405/vmlinuz-3.14.0-rc6-next-20140317 kconfig=3Dx86_64-lkp commit=3D=
8808b950581f71e3ee4cf8e6cae479f4c7106405 bm_initrd=3D/lkp/benchmarks/will-i=
t-scale.cgz modules_initrd=3D/kernel/x86_64-lkp/8808b950581f71e3ee4cf8e6cae=
479f4c7106405/modules.cgz max_uptime=3D900 RESULT_ROOT=3D/lkp/result/brickl=
and1/micro/will-it-scale/poll2/x86_64-lkp/8808b950581f71e3ee4cf8e6cae479f4c=
7106405/0 initrd=3D/kernel-tests/initrd/lkp-rootfs.cgz root=3D/dev/ram0 ip=
=3D::::brickland1::dhcp oops=3Dpanic ipmi_si.tryacpi=3D0 ipmi_watchdog.star=
t_now=3D1 earlyprintk=3DttyS0,115200 debug apic=3Ddebug sysrq_always_enable=
d rcupdate.rcu_cpu_stall_timeout=3D100 panic=3D10 softlockup_panic=3D1 nmi_=
watchdog=3Dpanic load_ramdisk=3D2 prompt_ramdisk=3D0 console=3DttyS0,115200=
 console=3Dtty0 vga=3Dnormal
[    0.000000] e820: BIOS-provided physical RAM map:
[    0.000000] BIOS-e820: [mem 0x0000000000000100-0x000000000009dfff] usable
[    0.000000] BIOS-e820: [mem 0x000000000009e000-0x000000000009ffff] reser=
ved
[    0.000000] BIOS-e820: [mem 0x00000000000e0000-0x00000000000fffff] reser=
ved
[    0.000000] BIOS-e820: [mem 0x0000000000100000-0x000000006509efff] usable
[    0.000000] BIOS-e820: [mem 0x000000006509f000-0x0000000065375fff] ACPI =
NVS
[    0.000000] BIOS-e820: [mem 0x0000000065376000-0x0000000065a6afff] usable
[    0.000000] BIOS-e820: [mem 0x0000000065a6b000-0x0000000065b29fff] ACPI =
data
[    0.000000] BIOS-e820: [mem 0x0000000065b2a000-0x0000000065df8fff] usable
[    0.000000] BIOS-e820: [mem 0x0000000065df9000-0x0000000066df8fff] ACPI =
NVS
[    0.000000] BIOS-e820: [mem 0x0000000066df9000-0x000000007abcefff] usable
[    0.000000] BIOS-e820: [mem 0x000000007abcf000-0x000000007accefff] reser=
ved
[    0.000000] BIOS-e820: [mem 0x000000007accf000-0x000000007b6fefff] ACPI =
NVS
[    0.000000] BIOS-e820: [mem 0x000000007b6ff000-0x000000007b7ebfff] ACPI =
data
[    0.000000] BIOS-e820: [mem 0x000000007b7ec000-0x000000007b7fffff] usable
[    0.000000] BIOS-e820: [mem 0x000000007b800000-0x000000008fffffff] reser=
ved
[    0.000000] BIOS-e820: [mem 0x00000000fed1c000-0x00000000fed1ffff] reser=
ved
[    0.000000] BIOS-e820: [mem 0x00000000ff800000-0x00000000ffffffff] reser=
ved
[    0.000000] BIOS-e820: [mem 0x0000000100000000-0x000000207fffffff] usable
[    0.000000] bootconsole [earlyser0] enabled
[    0.000000] NX (Execute Disable) protection: active
[    0.000000] SMBIOS 2.7 present.
[    0.000000] DMI: Intel Corporation BRICKLAND/BRICKLAND, BIOS BKLDSDP1.86=
B.0031.R01.1304221600 04/22/2013
[    0.000000] e820: update [mem 0x00000000-0x00000fff] usable =3D=3D> rese=
rved
[    0.000000] e820: remove [mem 0x000a0000-0x000fffff] usable
[    0.000000] No AGP bridge found
[    0.000000] e820: last_pfn =3D 0x2080000 max_arch_pfn =3D 0x400000000
[    0.000000] MTRR default type: write-back
[    0.000000] MTRR fixed ranges enabled:
[    0.000000]   00000-9FFFF write-back
[    0.000000]   A0000-BFFFF uncachable
[    0.000000]   C0000-DFFFF write-protect
[    0.000000]   E0000-FFFFF uncachable
[    0.000000] MTRR variable ranges enabled:
[    0.000000]   0 base 000080000000 mask 3FFF80000000 uncachable
[    0.000000]   1 base 380000000000 mask 3F8000000000 uncachable
[    0.000000]   2 base 00007C000000 mask 3FFFFC000000 uncachable
[    0.000000]   3 base 00007FC00000 mask 3FFFFFC00000 uncachable
[    0.000000]   4 disabled
[    0.000000]   5 disabled
[    0.000000]   6 disabled
[    0.000000]   7 disabled
[    0.000000]   8 disabled
[    0.000000]   9 disabled
[    0.000000] x86 PAT enabled: cpu 0, old 0x7010600070106, new 0x701060007=
0106
[    0.000000] e820: last_pfn =3D 0x7b800 max_arch_pfn =3D 0x400000000
[    0.000000] Scan for SMP in [mem 0x00000000-0x000003ff]
[    0.000000] Scan for SMP in [mem 0x0009fc00-0x0009ffff]
[    0.000000] Scan for SMP in [mem 0x000f0000-0x000fffff]
[    0.000000] Scan for SMP in [mem 0x0009d000-0x0009d3ff]
[    0.000000] Scanning 1 areas for low memory corruption
[    0.000000] Base memory trampoline at [ffff880000096000] 96000 size 24576
[    0.000000] Using GB pages for direct mapping
[    0.000000] init_memory_mapping: [mem 0x00000000-0x000fffff]
[    0.000000]  [mem 0x00000000-0x000fffff] page 4k
[    0.000000] BRK [0x0266c000, 0x0266cfff] PGTABLE
[    0.000000] BRK [0x0266d000, 0x0266dfff] PGTABLE
[    0.000000] BRK [0x0266e000, 0x0266efff] PGTABLE
[    0.000000] init_memory_mapping: [mem 0x207fe00000-0x207fffffff]
[    0.000000]  [mem 0x207fe00000-0x207fffffff] page 1G
[    0.000000] init_memory_mapping: [mem 0x207c000000-0x207fdfffff]
[    0.000000]  [mem 0x207c000000-0x207fdfffff] page 1G
[    0.000000] init_memory_mapping: [mem 0x2000000000-0x207bffffff]
[    0.000000]  [mem 0x2000000000-0x207bffffff] page 1G
[    0.000000] init_memory_mapping: [mem 0x1000000000-0x1fffffffff]
[    0.000000]  [mem 0x1000000000-0x1fffffffff] page 1G
[    0.000000] init_memory_mapping: [mem 0x00100000-0x6509efff]
[    0.000000]  [mem 0x00100000-0x001fffff] page 4k
[    0.000000]  [mem 0x00200000-0x64ffffff] page 2M
[    0.000000]  [mem 0x65000000-0x6509efff] page 4k
[    0.000000] init_memory_mapping: [mem 0x65376000-0x65a6afff]
[    0.000000]  [mem 0x65376000-0x653fffff] page 4k
[    0.000000]  [mem 0x65400000-0x659fffff] page 2M
[    0.000000]  [mem 0x65a00000-0x65a6afff] page 4k
[    0.000000] BRK [0x0266f000, 0x0266ffff] PGTABLE
[    0.000000] BRK [0x02670000, 0x02670fff] PGTABLE
[    0.000000] init_memory_mapping: [mem 0x65b2a000-0x65df8fff]
[    0.000000]  [mem 0x65b2a000-0x65df8fff] page 4k
[    0.000000] BRK [0x02671000, 0x02671fff] PGTABLE
[    0.000000] init_memory_mapping: [mem 0x66df9000-0x7abcefff]
[    0.000000]  [mem 0x66df9000-0x66dfffff] page 4k
[    0.000000]  [mem 0x66e00000-0x7a9fffff] page 2M
[    0.000000]  [mem 0x7aa00000-0x7abcefff] page 4k
[    0.000000] init_memory_mapping: [mem 0x7b7ec000-0x7b7fffff]
[    0.000000]  [mem 0x7b7ec000-0x7b7fffff] page 4k
[    0.000000] init_memory_mapping: [mem 0x100000000-0xfffffffff]
[    0.000000]  [mem 0x100000000-0xfffffffff] page 1G
[    0.000000] RAMDISK: [mem 0x6dbc4000-0x7abcefff]
[    0.000000] ACPI: RSDP 0x00000000000F0410 000024 (v02 INTEL )
[    0.000000] ACPI: XSDT 0x000000007B7EA0E8 0000AC (v01 INTEL  TIANO    00=
000000 MSFT 01000013)
[    0.000000] ACPI: FACP 0x000000007B7E7000 0000F4 (v04 INTEL  TIANO    00=
000000 MSFT 01000013)
[    0.000000] ACPI: DSDT 0x000000007B7B9000 022FFB (v02 INTEL  TIANO    00=
000003 MSFT 01000013)
[    0.000000] ACPI: FACS 0x000000007AE78000 000040
[    0.000000] ACPI: TCPA 0x000000007B7E9000 000064 (v02 INTEL  BRICKLAN 06=
222004 INTL 20121004)
[    0.000000] ACPI: BDAT 0x000000007B7E8000 000030 (v01 INTEL  TIANO    00=
000000 MSFT 01000013)
[    0.000000] ACPI: HPET 0x000000007B7E6000 000038 (v01 INTEL  TIANO    00=
000001 MSFT 01000013)
[    0.000000] ACPI: APIC 0x000000007B7E5000 00085C (v03 INTEL  TIANO    00=
000000 MSFT 01000013)
[    0.000000] ACPI: MCFG 0x000000007B7E4000 00003C (v01 INTEL  TIANO    00=
000001 MSFT 01000013)
[    0.000000] ACPI: MSCT 0x000000007B7E3000 000090 (v01 INTEL  TIANO    00=
000001 MSFT 01000013)
[    0.000000] ACPI: PCCT 0x000000007B7E2000 0000AC (v01 INTEL  TIANO    00=
000002 MSFT 01000013)
[    0.000000] ACPI: PMCT 0x000000007B7E1000 000060 (v01 INTEL  TIANO    00=
000000 MSFT 01000013)
[    0.000000] ACPI: RASF 0x000000007B7E0000 000030 (v01 INTEL  TIANO    00=
000001 MSFT 01000013)
[    0.000000] ACPI: SLIT 0x000000007B7DF000 00003C (v01 INTEL  TIANO    00=
000001 MSFT 01000013)
[    0.000000] ACPI: SRAT 0x000000007B7DE000 000E30 (v03 INTEL  TIANO    00=
000001 MSFT 01000013)
[    0.000000] ACPI: SVOS 0x000000007B7DD000 000032 (v01 INTEL  TIANO    00=
000000 MSFT 01000013)
[    0.000000] ACPI: WDDT 0x000000007B7DC000 000040 (v01 INTEL  TIANO    00=
000000 MSFT 01000013)
[    0.000000] ACPI: SSDT 0x0000000065A6B000 0BEF1B (v02 INTEL  SSDT  PM 00=
004000 INTL 20090521)
[    0.000000] ACPI: SSDT 0x000000007B7B8000 00008B (v02 INTEL  SpsNvs   00=
000002 INTL 20090521)
[    0.000000] ACPI: SPCR 0x000000007B7B7000 000050 (v01                 00=
000000      00000000)
[    0.000000] ACPI: Local APIC address 0xfee00000
[    0.000000] mapped APIC to ffffffffff5f3000 (        fee00000)
[    0.000000] SRAT: PXM 0 -> APIC 0x00 -> Node 0
[    0.000000] SRAT: PXM 0 -> APIC 0x02 -> Node 0
[    0.000000] SRAT: PXM 0 -> APIC 0x04 -> Node 0
[    0.000000] SRAT: PXM 0 -> APIC 0x06 -> Node 0
[    0.000000] SRAT: PXM 0 -> APIC 0x08 -> Node 0
[    0.000000] SRAT: PXM 0 -> APIC 0x0a -> Node 0
[    0.000000] SRAT: PXM 0 -> APIC 0x0c -> Node 0
[    0.000000] SRAT: PXM 0 -> APIC 0x0e -> Node 0
[    0.000000] SRAT: PXM 0 -> APIC 0x10 -> Node 0
[    0.000000] SRAT: PXM 0 -> APIC 0x12 -> Node 0
[    0.000000] SRAT: PXM 0 -> APIC 0x14 -> Node 0
[    0.000000] SRAT: PXM 0 -> APIC 0x16 -> Node 0
[    0.000000] SRAT: PXM 0 -> APIC 0x18 -> Node 0
[    0.000000] SRAT: PXM 0 -> APIC 0x1a -> Node 0
[    0.000000] SRAT: PXM 0 -> APIC 0x1c -> Node 0
[    0.000000] SRAT: PXM 1 -> APIC 0x20 -> Node 1
[    0.000000] SRAT: PXM 1 -> APIC 0x22 -> Node 1
[    0.000000] SRAT: PXM 1 -> APIC 0x24 -> Node 1
[    0.000000] SRAT: PXM 1 -> APIC 0x26 -> Node 1
[    0.000000] SRAT: PXM 1 -> APIC 0x28 -> Node 1
[    0.000000] SRAT: PXM 1 -> APIC 0x2a -> Node 1
[    0.000000] SRAT: PXM 1 -> APIC 0x2c -> Node 1
[    0.000000] SRAT: PXM 1 -> APIC 0x2e -> Node 1
[    0.000000] SRAT: PXM 1 -> APIC 0x30 -> Node 1
[    0.000000] SRAT: PXM 1 -> APIC 0x32 -> Node 1
[    0.000000] SRAT: PXM 1 -> APIC 0x34 -> Node 1
[    0.000000] SRAT: PXM 1 -> APIC 0x36 -> Node 1
[    0.000000] SRAT: PXM 1 -> APIC 0x38 -> Node 1
[    0.000000] SRAT: PXM 1 -> APIC 0x3a -> Node 1
[    0.000000] SRAT: PXM 1 -> APIC 0x3c -> Node 1
[    0.000000] SRAT: PXM 2 -> APIC 0x40 -> Node 2
[    0.000000] SRAT: PXM 2 -> APIC 0x42 -> Node 2
[    0.000000] SRAT: PXM 2 -> APIC 0x44 -> Node 2
[    0.000000] SRAT: PXM 2 -> APIC 0x46 -> Node 2
[    0.000000] SRAT: PXM 2 -> APIC 0x48 -> Node 2
[    0.000000] SRAT: PXM 2 -> APIC 0x4a -> Node 2
[    0.000000] SRAT: PXM 2 -> APIC 0x4c -> Node 2
[    0.000000] SRAT: PXM 2 -> APIC 0x4e -> Node 2
[    0.000000] SRAT: PXM 2 -> APIC 0x50 -> Node 2
[    0.000000] SRAT: PXM 2 -> APIC 0x52 -> Node 2
[    0.000000] SRAT: PXM 2 -> APIC 0x54 -> Node 2
[    0.000000] SRAT: PXM 2 -> APIC 0x56 -> Node 2
[    0.000000] SRAT: PXM 2 -> APIC 0x58 -> Node 2
[    0.000000] SRAT: PXM 2 -> APIC 0x5a -> Node 2
[    0.000000] SRAT: PXM 2 -> APIC 0x5c -> Node 2
[    0.000000] SRAT: PXM 3 -> APIC 0x60 -> Node 3
[    0.000000] SRAT: PXM 3 -> APIC 0x62 -> Node 3
[    0.000000] SRAT: PXM 3 -> APIC 0x64 -> Node 3
[    0.000000] SRAT: PXM 3 -> APIC 0x66 -> Node 3
[    0.000000] SRAT: PXM 3 -> APIC 0x68 -> Node 3
[    0.000000] SRAT: PXM 3 -> APIC 0x6a -> Node 3
[    0.000000] SRAT: PXM 3 -> APIC 0x6c -> Node 3
[    0.000000] SRAT: PXM 3 -> APIC 0x6e -> Node 3
[    0.000000] SRAT: PXM 3 -> APIC 0x70 -> Node 3
[    0.000000] SRAT: PXM 3 -> APIC 0x72 -> Node 3
[    0.000000] SRAT: PXM 3 -> APIC 0x74 -> Node 3
[    0.000000] SRAT: PXM 3 -> APIC 0x76 -> Node 3
[    0.000000] SRAT: PXM 3 -> APIC 0x78 -> Node 3
[    0.000000] SRAT: PXM 3 -> APIC 0x7a -> Node 3
[    0.000000] SRAT: PXM 3 -> APIC 0x7c -> Node 3
[    0.000000] SRAT: PXM 0 -> APIC 0x01 -> Node 0
[    0.000000] SRAT: PXM 0 -> APIC 0x03 -> Node 0
[    0.000000] SRAT: PXM 0 -> APIC 0x05 -> Node 0
[    0.000000] SRAT: PXM 0 -> APIC 0x07 -> Node 0
[    0.000000] SRAT: PXM 0 -> APIC 0x09 -> Node 0
[    0.000000] SRAT: PXM 0 -> APIC 0x0b -> Node 0
[    0.000000] SRAT: PXM 0 -> APIC 0x0d -> Node 0
[    0.000000] SRAT: PXM 0 -> APIC 0x0f -> Node 0
[    0.000000] SRAT: PXM 0 -> APIC 0x11 -> Node 0
[    0.000000] SRAT: PXM 0 -> APIC 0x13 -> Node 0
[    0.000000] SRAT: PXM 0 -> APIC 0x15 -> Node 0
[    0.000000] SRAT: PXM 0 -> APIC 0x17 -> Node 0
[    0.000000] SRAT: PXM 0 -> APIC 0x19 -> Node 0
[    0.000000] SRAT: PXM 0 -> APIC 0x1b -> Node 0
[    0.000000] SRAT: PXM 0 -> APIC 0x1d -> Node 0
[    0.000000] SRAT: PXM 1 -> APIC 0x21 -> Node 1
[    0.000000] SRAT: PXM 1 -> APIC 0x23 -> Node 1
[    0.000000] SRAT: PXM 1 -> APIC 0x25 -> Node 1
[    0.000000] SRAT: PXM 1 -> APIC 0x27 -> Node 1
[    0.000000] SRAT: PXM 1 -> APIC 0x29 -> Node 1
[    0.000000] SRAT: PXM 1 -> APIC 0x2b -> Node 1
[    0.000000] SRAT: PXM 1 -> APIC 0x2d -> Node 1
[    0.000000] SRAT: PXM 1 -> APIC 0x2f -> Node 1
[    0.000000] SRAT: PXM 1 -> APIC 0x31 -> Node 1
[    0.000000] SRAT: PXM 1 -> APIC 0x33 -> Node 1
[    0.000000] SRAT: PXM 1 -> APIC 0x35 -> Node 1
[    0.000000] SRAT: PXM 1 -> APIC 0x37 -> Node 1
[    0.000000] SRAT: PXM 1 -> APIC 0x39 -> Node 1
[    0.000000] SRAT: PXM 1 -> APIC 0x3b -> Node 1
[    0.000000] SRAT: PXM 1 -> APIC 0x3d -> Node 1
[    0.000000] SRAT: PXM 2 -> APIC 0x41 -> Node 2
[    0.000000] SRAT: PXM 2 -> APIC 0x43 -> Node 2
[    0.000000] SRAT: PXM 2 -> APIC 0x45 -> Node 2
[    0.000000] SRAT: PXM 2 -> APIC 0x47 -> Node 2
[    0.000000] SRAT: PXM 2 -> APIC 0x49 -> Node 2
[    0.000000] SRAT: PXM 2 -> APIC 0x4b -> Node 2
[    0.000000] SRAT: PXM 2 -> APIC 0x4d -> Node 2
[    0.000000] SRAT: PXM 2 -> APIC 0x4f -> Node 2
[    0.000000] SRAT: PXM 2 -> APIC 0x51 -> Node 2
[    0.000000] SRAT: PXM 2 -> APIC 0x53 -> Node 2
[    0.000000] SRAT: PXM 2 -> APIC 0x55 -> Node 2
[    0.000000] SRAT: PXM 2 -> APIC 0x57 -> Node 2
[    0.000000] SRAT: PXM 2 -> APIC 0x59 -> Node 2
[    0.000000] SRAT: PXM 2 -> APIC 0x5b -> Node 2
[    0.000000] SRAT: PXM 2 -> APIC 0x5d -> Node 2
[    0.000000] SRAT: PXM 3 -> APIC 0x61 -> Node 3
[    0.000000] SRAT: PXM 3 -> APIC 0x63 -> Node 3
[    0.000000] SRAT: PXM 3 -> APIC 0x65 -> Node 3
[    0.000000] SRAT: PXM 3 -> APIC 0x67 -> Node 3
[    0.000000] SRAT: PXM 3 -> APIC 0x69 -> Node 3
[    0.000000] SRAT: PXM 3 -> APIC 0x6b -> Node 3
[    0.000000] SRAT: PXM 3 -> APIC 0x6d -> Node 3
[    0.000000] SRAT: PXM 3 -> APIC 0x6f -> Node 3
[    0.000000] SRAT: PXM 3 -> APIC 0x71 -> Node 3
[    0.000000] SRAT: PXM 3 -> APIC 0x73 -> Node 3
[    0.000000] SRAT: PXM 3 -> APIC 0x75 -> Node 3
[    0.000000] SRAT: PXM 3 -> APIC 0x77 -> Node 3
[    0.000000] SRAT: PXM 3 -> APIC 0x79 -> Node 3
[    0.000000] SRAT: PXM 3 -> APIC 0x7b -> Node 3
[    0.000000] SRAT: PXM 3 -> APIC 0x7d -> Node 3
[    0.000000] SRAT: Node 0 PXM 0 [mem 0x00000000-0x7fffffff]
[    0.000000] SRAT: Node 0 PXM 0 [mem 0x100000000-0x87fffffff]
[    0.000000] SRAT: Node 1 PXM 1 [mem 0x880000000-0x107fffffff]
[    0.000000] SRAT: Node 2 PXM 2 [mem 0x1080000000-0x187fffffff]
[    0.000000] SRAT: Node 3 PXM 3 [mem 0x1880000000-0x207fffffff]
[    0.000000] NUMA: Initialized distance table, cnt=3D4
[    0.000000] NUMA: Node 0 [mem 0x00000000-0x7fffffff] + [mem 0x100000000-=
0x87fffffff] -> [mem 0x00000000-0x87fffffff]
[    0.000000] Initmem setup node 0 [mem 0x00000000-0x87fffffff]
[    0.000000]   NODE_DATA [mem 0x87fffb000-0x87fffffff]
[    0.000000] Initmem setup node 1 [mem 0x880000000-0x107fffffff]
[    0.000000]   NODE_DATA [mem 0x107fffb000-0x107fffffff]
[    0.000000] Initmem setup node 2 [mem 0x1080000000-0x187fffffff]
[    0.000000]   NODE_DATA [mem 0x187fffb000-0x187fffffff]
[    0.000000] Initmem setup node 3 [mem 0x1880000000-0x207fffffff]
[    0.000000]   NODE_DATA [mem 0x207fff5000-0x207fff9fff]
[    0.000000]  [ffffea0000000000-ffffea0021ffffff] PMD -> [ffff88085fe0000=
0-ffff88087fdfffff] on node 0
[    0.000000]  [ffffea0022000000-ffffea0041ffffff] PMD -> [ffff88105fe0000=
0-ffff88107fdfffff] on node 1
[    0.000000]  [ffffea0042000000-ffffea0061ffffff] PMD -> [ffff88185fe0000=
0-ffff88187fdfffff] on node 2
[    0.000000]  [ffffea0062000000-ffffea0081ffffff] PMD -> [ffff88205f60000=
0-ffff88207f5fffff] on node 3
[    0.000000] Zone ranges:
[    0.000000]   DMA      [mem 0x00001000-0x00ffffff]
[    0.000000]   DMA32    [mem 0x01000000-0xffffffff]
[    0.000000]   Normal   [mem 0x100000000-0x207fffffff]
[    0.000000] Movable zone start for each node
[    0.000000] Early memory node ranges
[    0.000000]   node   0: [mem 0x00001000-0x0009dfff]
[    0.000000]   node   0: [mem 0x00100000-0x6509efff]
[    0.000000]   node   0: [mem 0x65376000-0x65a6afff]
[    0.000000]   node   0: [mem 0x65b2a000-0x65df8fff]
[    0.000000]   node   0: [mem 0x66df9000-0x7abcefff]
[    0.000000]   node   0: [mem 0x7b7ec000-0x7b7fffff]
[    0.000000]   node   0: [mem 0x100000000-0x87fffffff]
[    0.000000]   node   1: [mem 0x880000000-0x107fffffff]
[    0.000000]   node   2: [mem 0x1080000000-0x187fffffff]
[    0.000000]   node   3: [mem 0x1880000000-0x207fffffff]
[    0.000000] On node 0 totalpages: 8361962
[    0.000000]   DMA zone: 64 pages used for memmap
[    0.000000]   DMA zone: 23 pages reserved
[    0.000000]   DMA zone: 3997 pages, LIFO batch:0
[    0.000000]   DMA32 zone: 7714 pages used for memmap
[    0.000000]   DMA32 zone: 493645 pages, LIFO batch:31
[    0.000000]   Normal zone: 122880 pages used for memmap
[    0.000000]   Normal zone: 7864320 pages, LIFO batch:31
[    0.000000] On node 1 totalpages: 8388608
[    0.000000]   Normal zone: 131072 pages used for memmap
[    0.000000]   Normal zone: 8388608 pages, LIFO batch:31
[    0.000000] On node 2 totalpages: 8388608
[    0.000000]   Normal zone: 131072 pages used for memmap
[    0.000000]   Normal zone: 8388608 pages, LIFO batch:31
[    0.000000] On node 3 totalpages: 8388608
[    0.000000]   Normal zone: 131072 pages used for memmap
[    0.000000]   Normal zone: 8388608 pages, LIFO batch:31
[    0.000000] ACPI: PM-Timer IO Port: 0x408
[    0.000000] ACPI: Local APIC address 0xfee00000
[    0.000000] mapped APIC to ffffffffff5f3000 (        fee00000)
[    0.000000] ACPI: LAPIC (acpi_id[0x00] lapic_id[0x00] enabled)
[    0.000000] ACPI: LAPIC (acpi_id[0x02] lapic_id[0x02] enabled)
[    0.000000] ACPI: LAPIC (acpi_id[0x04] lapic_id[0x04] enabled)
[    0.000000] ACPI: LAPIC (acpi_id[0x06] lapic_id[0x06] enabled)
[    0.000000] ACPI: LAPIC (acpi_id[0x08] lapic_id[0x08] enabled)
[    0.000000] ACPI: LAPIC (acpi_id[0x0a] lapic_id[0x0a] enabled)
[    0.000000] ACPI: LAPIC (acpi_id[0x0c] lapic_id[0x0c] enabled)
[    0.000000] ACPI: LAPIC (acpi_id[0x0e] lapic_id[0x0e] enabled)
[    0.000000] ACPI: LAPIC (acpi_id[0x10] lapic_id[0x10] enabled)
[    0.000000] ACPI: LAPIC (acpi_id[0x12] lapic_id[0x12] enabled)
[    0.000000] ACPI: LAPIC (acpi_id[0x14] lapic_id[0x14] enabled)
[    0.000000] ACPI: LAPIC (acpi_id[0x16] lapic_id[0x16] enabled)
[    0.000000] ACPI: LAPIC (acpi_id[0x18] lapic_id[0x18] enabled)
[    0.000000] ACPI: LAPIC (acpi_id[0x1a] lapic_id[0x1a] enabled)
[    0.000000] ACPI: LAPIC (acpi_id[0x1c] lapic_id[0x1c] enabled)
[    0.000000] ACPI: LAPIC (acpi_id[0x40] lapic_id[0x20] enabled)
[    0.000000] ACPI: LAPIC (acpi_id[0x42] lapic_id[0x22] enabled)
[    0.000000] ACPI: LAPIC (acpi_id[0x44] lapic_id[0x24] enabled)
[    0.000000] ACPI: LAPIC (acpi_id[0x46] lapic_id[0x26] enabled)
[    0.000000] ACPI: LAPIC (acpi_id[0x48] lapic_id[0x28] enabled)
[    0.000000] ACPI: LAPIC (acpi_id[0x4a] lapic_id[0x2a] enabled)
[    0.000000] ACPI: LAPIC (acpi_id[0x4c] lapic_id[0x2c] enabled)
[    0.000000] ACPI: LAPIC (acpi_id[0x4e] lapic_id[0x2e] enabled)
[    0.000000] ACPI: LAPIC (acpi_id[0x50] lapic_id[0x30] enabled)
[    0.000000] ACPI: LAPIC (acpi_id[0x52] lapic_id[0x32] enabled)
[    0.000000] ACPI: LAPIC (acpi_id[0x54] lapic_id[0x34] enabled)
[    0.000000] ACPI: LAPIC (acpi_id[0x56] lapic_id[0x36] enabled)
[    0.000000] ACPI: LAPIC (acpi_id[0x58] lapic_id[0x38] enabled)
[    0.000000] ACPI: LAPIC (acpi_id[0x5a] lapic_id[0x3a] enabled)
[    0.000000] ACPI: LAPIC (acpi_id[0x5c] lapic_id[0x3c] enabled)
[    0.000000] ACPI: LAPIC (acpi_id[0x80] lapic_id[0x40] enabled)
[    0.000000] ACPI: LAPIC (acpi_id[0x82] lapic_id[0x42] enabled)
[    0.000000] ACPI: LAPIC (acpi_id[0x84] lapic_id[0x44] enabled)
[    0.000000] ACPI: LAPIC (acpi_id[0x86] lapic_id[0x46] enabled)
[    0.000000] ACPI: LAPIC (acpi_id[0x88] lapic_id[0x48] enabled)
[    0.000000] ACPI: LAPIC (acpi_id[0x8a] lapic_id[0x4a] enabled)
[    0.000000] ACPI: LAPIC (acpi_id[0x8c] lapic_id[0x4c] enabled)
[    0.000000] ACPI: LAPIC (acpi_id[0x8e] lapic_id[0x4e] enabled)
[    0.000000] ACPI: LAPIC (acpi_id[0x90] lapic_id[0x50] enabled)
[    0.000000] ACPI: LAPIC (acpi_id[0x92] lapic_id[0x52] enabled)
[    0.000000] ACPI: LAPIC (acpi_id[0x94] lapic_id[0x54] enabled)
[    0.000000] ACPI: LAPIC (acpi_id[0x96] lapic_id[0x56] enabled)
[    0.000000] ACPI: LAPIC (acpi_id[0x98] lapic_id[0x58] enabled)
[    0.000000] ACPI: LAPIC (acpi_id[0x9a] lapic_id[0x5a] enabled)
[    0.000000] ACPI: LAPIC (acpi_id[0x9c] lapic_id[0x5c] enabled)
[    0.000000] ACPI: LAPIC (acpi_id[0xc0] lapic_id[0x60] enabled)
[    0.000000] ACPI: LAPIC (acpi_id[0xc2] lapic_id[0x62] enabled)
[    0.000000] ACPI: LAPIC (acpi_id[0xc4] lapic_id[0x64] enabled)
[    0.000000] ACPI: LAPIC (acpi_id[0xc6] lapic_id[0x66] enabled)
[    0.000000] ACPI: LAPIC (acpi_id[0xc8] lapic_id[0x68] enabled)
[    0.000000] ACPI: LAPIC (acpi_id[0xca] lapic_id[0x6a] enabled)
[    0.000000] ACPI: LAPIC (acpi_id[0xcc] lapic_id[0x6c] enabled)
[    0.000000] ACPI: LAPIC (acpi_id[0xce] lapic_id[0x6e] enabled)
[    0.000000] ACPI: LAPIC (acpi_id[0xd0] lapic_id[0x70] enabled)
[    0.000000] ACPI: LAPIC (acpi_id[0xd2] lapic_id[0x72] enabled)
[    0.000000] ACPI: LAPIC (acpi_id[0xd4] lapic_id[0x74] enabled)
[    0.000000] ACPI: LAPIC (acpi_id[0xd6] lapic_id[0x76] enabled)
[    0.000000] ACPI: LAPIC (acpi_id[0xd8] lapic_id[0x78] enabled)
[    0.000000] ACPI: LAPIC (acpi_id[0xda] lapic_id[0x7a] enabled)
[    0.000000] ACPI: LAPIC (acpi_id[0xdc] lapic_id[0x7c] enabled)
[    0.000000] ACPI: LAPIC (acpi_id[0x01] lapic_id[0x01] enabled)
[    0.000000] ACPI: LAPIC (acpi_id[0x03] lapic_id[0x03] enabled)
[    0.000000] ACPI: LAPIC (acpi_id[0x05] lapic_id[0x05] enabled)
[    0.000000] ACPI: LAPIC (acpi_id[0x07] lapic_id[0x07] enabled)
[    0.000000] ACPI: LAPIC (acpi_id[0x09] lapic_id[0x09] enabled)
[    0.000000] ACPI: LAPIC (acpi_id[0x0b] lapic_id[0x0b] enabled)
[    0.000000] ACPI: LAPIC (acpi_id[0x0d] lapic_id[0x0d] enabled)
[    0.000000] ACPI: LAPIC (acpi_id[0x0f] lapic_id[0x0f] enabled)
[    0.000000] ACPI: LAPIC (acpi_id[0x11] lapic_id[0x11] enabled)
[    0.000000] ACPI: LAPIC (acpi_id[0x13] lapic_id[0x13] enabled)
[    0.000000] ACPI: LAPIC (acpi_id[0x15] lapic_id[0x15] enabled)
[    0.000000] ACPI: LAPIC (acpi_id[0x17] lapic_id[0x17] enabled)
[    0.000000] ACPI: LAPIC (acpi_id[0x19] lapic_id[0x19] enabled)
[    0.000000] ACPI: LAPIC (acpi_id[0x1b] lapic_id[0x1b] enabled)
[    0.000000] ACPI: LAPIC (acpi_id[0x1d] lapic_id[0x1d] enabled)
[    0.000000] ACPI: LAPIC (acpi_id[0x41] lapic_id[0x21] enabled)
[    0.000000] ACPI: LAPIC (acpi_id[0x43] lapic_id[0x23] enabled)
[    0.000000] ACPI: LAPIC (acpi_id[0x45] lapic_id[0x25] enabled)
[    0.000000] ACPI: LAPIC (acpi_id[0x47] lapic_id[0x27] enabled)
[    0.000000] ACPI: LAPIC (acpi_id[0x49] lapic_id[0x29] enabled)
[    0.000000] ACPI: LAPIC (acpi_id[0x4b] lapic_id[0x2b] enabled)
[    0.000000] ACPI: LAPIC (acpi_id[0x4d] lapic_id[0x2d] enabled)
[    0.000000] ACPI: LAPIC (acpi_id[0x4f] lapic_id[0x2f] enabled)
[    0.000000] ACPI: LAPIC (acpi_id[0x51] lapic_id[0x31] enabled)
[    0.000000] ACPI: LAPIC (acpi_id[0x53] lapic_id[0x33] enabled)
[    0.000000] ACPI: LAPIC (acpi_id[0x55] lapic_id[0x35] enabled)
[    0.000000] ACPI: LAPIC (acpi_id[0x57] lapic_id[0x37] enabled)
[    0.000000] ACPI: LAPIC (acpi_id[0x59] lapic_id[0x39] enabled)
[    0.000000] ACPI: LAPIC (acpi_id[0x5b] lapic_id[0x3b] enabled)
[    0.000000] ACPI: LAPIC (acpi_id[0x5d] lapic_id[0x3d] enabled)
[    0.000000] ACPI: LAPIC (acpi_id[0x81] lapic_id[0x41] enabled)
[    0.000000] ACPI: LAPIC (acpi_id[0x83] lapic_id[0x43] enabled)
[    0.000000] ACPI: LAPIC (acpi_id[0x85] lapic_id[0x45] enabled)
[    0.000000] ACPI: LAPIC (acpi_id[0x87] lapic_id[0x47] enabled)
[    0.000000] ACPI: LAPIC (acpi_id[0x89] lapic_id[0x49] enabled)
[    0.000000] ACPI: LAPIC (acpi_id[0x8b] lapic_id[0x4b] enabled)
[    0.000000] ACPI: LAPIC (acpi_id[0x8d] lapic_id[0x4d] enabled)
[    0.000000] ACPI: LAPIC (acpi_id[0x8f] lapic_id[0x4f] enabled)
[    0.000000] ACPI: LAPIC (acpi_id[0x91] lapic_id[0x51] enabled)
[    0.000000] ACPI: LAPIC (acpi_id[0x93] lapic_id[0x53] enabled)
[    0.000000] ACPI: LAPIC (acpi_id[0x95] lapic_id[0x55] enabled)
[    0.000000] ACPI: LAPIC (acpi_id[0x97] lapic_id[0x57] enabled)
[    0.000000] ACPI: LAPIC (acpi_id[0x99] lapic_id[0x59] enabled)
[    0.000000] ACPI: LAPIC (acpi_id[0x9b] lapic_id[0x5b] enabled)
[    0.000000] ACPI: LAPIC (acpi_id[0x9d] lapic_id[0x5d] enabled)
[    0.000000] ACPI: LAPIC (acpi_id[0xc1] lapic_id[0x61] enabled)
[    0.000000] ACPI: LAPIC (acpi_id[0xc3] lapic_id[0x63] enabled)
[    0.000000] ACPI: LAPIC (acpi_id[0xc5] lapic_id[0x65] enabled)
[    0.000000] ACPI: LAPIC (acpi_id[0xc7] lapic_id[0x67] enabled)
[    0.000000] ACPI: LAPIC (acpi_id[0xc9] lapic_id[0x69] enabled)
[    0.000000] ACPI: LAPIC (acpi_id[0xcb] lapic_id[0x6b] enabled)
[    0.000000] ACPI: LAPIC (acpi_id[0xcd] lapic_id[0x6d] enabled)
[    0.000000] ACPI: LAPIC (acpi_id[0xcf] lapic_id[0x6f] enabled)
[    0.000000] ACPI: LAPIC (acpi_id[0xd1] lapic_id[0x71] enabled)
[    0.000000] ACPI: LAPIC (acpi_id[0xd3] lapic_id[0x73] enabled)
[    0.000000] ACPI: LAPIC (acpi_id[0xd5] lapic_id[0x75] enabled)
[    0.000000] ACPI: LAPIC (acpi_id[0xd7] lapic_id[0x77] enabled)
[    0.000000] ACPI: LAPIC (acpi_id[0xd9] lapic_id[0x79] enabled)
[    0.000000] ACPI: LAPIC (acpi_id[0xdb] lapic_id[0x7b] enabled)
[    0.000000] ACPI: LAPIC (acpi_id[0xdd] lapic_id[0x7d] enabled)
[    0.000000] ACPI: LAPIC (acpi_id[0xff] lapic_id[0xff] disabled)
[    0.000000] ACPI: LAPIC (acpi_id[0xff] lapic_id[0xff] disabled)
[    0.000000] ACPI: LAPIC (acpi_id[0xff] lapic_id[0xff] disabled)
[    0.000000] ACPI: LAPIC (acpi_id[0xff] lapic_id[0xff] disabled)
[    0.000000] ACPI: LAPIC (acpi_id[0xff] lapic_id[0xff] disabled)
[    0.000000] ACPI: LAPIC (acpi_id[0xff] lapic_id[0xff] disabled)
[    0.000000] ACPI: LAPIC (acpi_id[0xff] lapic_id[0xff] disabled)
[    0.000000] ACPI: LAPIC (acpi_id[0xff] lapic_id[0xff] disabled)
[    0.000000] ACPI: LAPIC (acpi_id[0xff] lapic_id[0xff] disabled)
[    0.000000] ACPI: LAPIC (acpi_id[0xff] lapic_id[0xff] disabled)
[    0.000000] ACPI: LAPIC (acpi_id[0xff] lapic_id[0xff] disabled)
[    0.000000] ACPI: LAPIC (acpi_id[0xff] lapic_id[0xff] disabled)
[    0.000000] ACPI: LAPIC (acpi_id[0xff] lapic_id[0xff] disabled)
[    0.000000] ACPI: LAPIC (acpi_id[0xff] lapic_id[0xff] disabled)
[    0.000000] ACPI: LAPIC (acpi_id[0xff] lapic_id[0xff] disabled)
[    0.000000] ACPI: LAPIC (acpi_id[0xff] lapic_id[0xff] disabled)
[    0.000000] ACPI: LAPIC (acpi_id[0xff] lapic_id[0xff] disabled)
[    0.000000] ACPI: LAPIC (acpi_id[0xff] lapic_id[0xff] disabled)
[    0.000000] ACPI: LAPIC (acpi_id[0xff] lapic_id[0xff] disabled)
[    0.000000] ACPI: LAPIC (acpi_id[0xff] lapic_id[0xff] disabled)
[    0.000000] ACPI: LAPIC (acpi_id[0xff] lapic_id[0xff] disabled)
[    0.000000] ACPI: LAPIC (acpi_id[0xff] lapic_id[0xff] disabled)
[    0.000000] ACPI: LAPIC (acpi_id[0xff] lapic_id[0xff] disabled)
[    0.000000] ACPI: LAPIC (acpi_id[0xff] lapic_id[0xff] disabled)
[    0.000000] ACPI: LAPIC_NMI (acpi_id[0x00] high level lint[0x1])
[    0.000000] ACPI: LAPIC_NMI (acpi_id[0x01] high level lint[0x1])
[    0.000000] ACPI: LAPIC_NMI (acpi_id[0x02] high level lint[0x1])
[    0.000000] ACPI: LAPIC_NMI (acpi_id[0x03] high level lint[0x1])
[    0.000000] ACPI: LAPIC_NMI (acpi_id[0x04] high level lint[0x1])
[    0.000000] ACPI: LAPIC_NMI (acpi_id[0x05] high level lint[0x1])
[    0.000000] ACPI: LAPIC_NMI (acpi_id[0x06] high level lint[0x1])
[    0.000000] ACPI: LAPIC_NMI (acpi_id[0x07] high level lint[0x1])
[    0.000000] ACPI: LAPIC_NMI (acpi_id[0x08] high level lint[0x1])
[    0.000000] ACPI: LAPIC_NMI (acpi_id[0x09] high level lint[0x1])
[    0.000000] ACPI: LAPIC_NMI (acpi_id[0x0a] high level lint[0x1])
[    0.000000] ACPI: LAPIC_NMI (acpi_id[0x0b] high level lint[0x1])
[    0.000000] ACPI: LAPIC_NMI (acpi_id[0x0c] high level lint[0x1])
[    0.000000] ACPI: LAPIC_NMI (acpi_id[0x0d] high level lint[0x1])
[    0.000000] ACPI: LAPIC_NMI (acpi_id[0x0e] high level lint[0x1])
[    0.000000] ACPI: LAPIC_NMI (acpi_id[0x0f] high level lint[0x1])
[    0.000000] ACPI: LAPIC_NMI (acpi_id[0x10] high level lint[0x1])
[    0.000000] ACPI: LAPIC_NMI (acpi_id[0x11] high level lint[0x1])
[    0.000000] ACPI: LAPIC_NMI (acpi_id[0x12] high level lint[0x1])
[    0.000000] ACPI: LAPIC_NMI (acpi_id[0x13] high level lint[0x1])
[    0.000000] ACPI: LAPIC_NMI (acpi_id[0x14] high level lint[0x1])
[    0.000000] ACPI: LAPIC_NMI (acpi_id[0x15] high level lint[0x1])
[    0.000000] ACPI: LAPIC_NMI (acpi_id[0x16] high level lint[0x1])
[    0.000000] ACPI: LAPIC_NMI (acpi_id[0x17] high level lint[0x1])
[    0.000000] ACPI: LAPIC_NMI (acpi_id[0x18] high level lint[0x1])
[    0.000000] ACPI: LAPIC_NMI (acpi_id[0x19] high level lint[0x1])
[    0.000000] ACPI: LAPIC_NMI (acpi_id[0x1a] high level lint[0x1])
[    0.000000] ACPI: LAPIC_NMI (acpi_id[0x1b] high level lint[0x1])
[    0.000000] ACPI: LAPIC_NMI (acpi_id[0x1c] high level lint[0x1])
[    0.000000] ACPI: LAPIC_NMI (acpi_id[0x1d] high level lint[0x1])
[    0.000000] ACPI: LAPIC_NMI (acpi_id[0x1e] high level lint[0x1])
[    0.000000] ACPI: LAPIC_NMI (acpi_id[0x1f] high level lint[0x1])
[    0.000000] ACPI: LAPIC_NMI (acpi_id[0x20] high level lint[0x1])
[    0.000000] ACPI: LAPIC_NMI (acpi_id[0x21] high level lint[0x1])
[    0.000000] ACPI: LAPIC_NMI (acpi_id[0x22] high level lint[0x1])
[    0.000000] ACPI: LAPIC_NMI (acpi_id[0x23] high level lint[0x1])
[    0.000000] ACPI: LAPIC_NMI (acpi_id[0x24] high level lint[0x1])
[    0.000000] ACPI: LAPIC_NMI (acpi_id[0x25] high level lint[0x1])
[    0.000000] ACPI: LAPIC_NMI (acpi_id[0x26] high level lint[0x1])
[    0.000000] ACPI: LAPIC_NMI (acpi_id[0x27] high level lint[0x1])
[    0.000000] ACPI: LAPIC_NMI (acpi_id[0x28] high level lint[0x1])
[    0.000000] ACPI: LAPIC_NMI (acpi_id[0x29] high level lint[0x1])
[    0.000000] ACPI: LAPIC_NMI (acpi_id[0x2a] high level lint[0x1])
[    0.000000] ACPI: LAPIC_NMI (acpi_id[0x2b] high level lint[0x1])
[    0.000000] ACPI: LAPIC_NMI (acpi_id[0x2c] high level lint[0x1])
[    0.000000] ACPI: LAPIC_NMI (acpi_id[0x2d] high level lint[0x1])
[    0.000000] ACPI: LAPIC_NMI (acpi_id[0x2e] high level lint[0x1])
[    0.000000] ACPI: LAPIC_NMI (acpi_id[0x2f] high level lint[0x1])
[    0.000000] ACPI: LAPIC_NMI (acpi_id[0x30] high level lint[0x1])
[    0.000000] ACPI: LAPIC_NMI (acpi_id[0x31] high level lint[0x1])
[    0.000000] ACPI: LAPIC_NMI (acpi_id[0x32] high level lint[0x1])
[    0.000000] ACPI: LAPIC_NMI (acpi_id[0x33] high level lint[0x1])
[    0.000000] ACPI: LAPIC_NMI (acpi_id[0x34] high level lint[0x1])
[    0.000000] ACPI: LAPIC_NMI (acpi_id[0x35] high level lint[0x1])
[    0.000000] ACPI: LAPIC_NMI (acpi_id[0x36] high level lint[0x1])
[    0.000000] ACPI: LAPIC_NMI (acpi_id[0x37] high level lint[0x1])
[    0.000000] ACPI: LAPIC_NMI (acpi_id[0x38] high level lint[0x1])
[    0.000000] ACPI: LAPIC_NMI (acpi_id[0x39] high level lint[0x1])
[    0.000000] ACPI: LAPIC_NMI (acpi_id[0x3a] high level lint[0x1])
[    0.000000] ACPI: LAPIC_NMI (acpi_id[0x3b] high level lint[0x1])
[    0.000000] ACPI: LAPIC_NMI (acpi_id[0x3c] high level lint[0x1])
[    0.000000] ACPI: LAPIC_NMI (acpi_id[0x3d] high level lint[0x1])
[    0.000000] ACPI: LAPIC_NMI (acpi_id[0x3e] high level lint[0x1])
[    0.000000] ACPI: LAPIC_NMI (acpi_id[0x3f] high level lint[0x1])
[    0.000000] ACPI: LAPIC_NMI (acpi_id[0x40] high level lint[0x1])
[    0.000000] ACPI: LAPIC_NMI (acpi_id[0x41] high level lint[0x1])
[    0.000000] ACPI: LAPIC_NMI (acpi_id[0x42] high level lint[0x1])
[    0.000000] ACPI: LAPIC_NMI (acpi_id[0x43] high level lint[0x1])
[    0.000000] ACPI: LAPIC_NMI (acpi_id[0x44] high level lint[0x1])
[    0.000000] ACPI: LAPIC_NMI (acpi_id[0x45] high level lint[0x1])
[    0.000000] ACPI: LAPIC_NMI (acpi_id[0x46] high level lint[0x1])
[    0.000000] ACPI: LAPIC_NMI (acpi_id[0x47] high level lint[0x1])
[    0.000000] ACPI: LAPIC_NMI (acpi_id[0x48] high level lint[0x1])
[    0.000000] ACPI: LAPIC_NMI (acpi_id[0x49] high level lint[0x1])
[    0.000000] ACPI: LAPIC_NMI (acpi_id[0x4a] high level lint[0x1])
[    0.000000] ACPI: LAPIC_NMI (acpi_id[0x4b] high level lint[0x1])
[    0.000000] ACPI: LAPIC_NMI (acpi_id[0x4c] high level lint[0x1])
[    0.000000] ACPI: LAPIC_NMI (acpi_id[0x4d] high level lint[0x1])
[    0.000000] ACPI: LAPIC_NMI (acpi_id[0x4e] high level lint[0x1])
[    0.000000] ACPI: LAPIC_NMI (acpi_id[0x4f] high level lint[0x1])
[    0.000000] ACPI: LAPIC_NMI (acpi_id[0x50] high level lint[0x1])
[    0.000000] ACPI: LAPIC_NMI (acpi_id[0x51] high level lint[0x1])
[    0.000000] ACPI: LAPIC_NMI (acpi_id[0x52] high level lint[0x1])
[    0.000000] ACPI: LAPIC_NMI (acpi_id[0x53] high level lint[0x1])
[    0.000000] ACPI: LAPIC_NMI (acpi_id[0x54] high level lint[0x1])
[    0.000000] ACPI: LAPIC_NMI (acpi_id[0x55] high level lint[0x1])
[    0.000000] ACPI: LAPIC_NMI (acpi_id[0x56] high level lint[0x1])
[    0.000000] ACPI: LAPIC_NMI (acpi_id[0x57] high level lint[0x1])
[    0.000000] ACPI: LAPIC_NMI (acpi_id[0x58] high level lint[0x1])
[    0.000000] ACPI: LAPIC_NMI (acpi_id[0x59] high level lint[0x1])
[    0.000000] ACPI: LAPIC_NMI (acpi_id[0x5a] high level lint[0x1])
[    0.000000] ACPI: LAPIC_NMI (acpi_id[0x5b] high level lint[0x1])
[    0.000000] ACPI: LAPIC_NMI (acpi_id[0x5c] high level lint[0x1])
[    0.000000] ACPI: LAPIC_NMI (acpi_id[0x5d] high level lint[0x1])
[    0.000000] ACPI: LAPIC_NMI (acpi_id[0x5e] high level lint[0x1])
[    0.000000] ACPI: LAPIC_NMI (acpi_id[0x5f] high level lint[0x1])
[    0.000000] ACPI: LAPIC_NMI (acpi_id[0x60] high level lint[0x1])
[    0.000000] ACPI: LAPIC_NMI (acpi_id[0x61] high level lint[0x1])
[    0.000000] ACPI: LAPIC_NMI (acpi_id[0x62] high level lint[0x1])
[    0.000000] ACPI: LAPIC_NMI (acpi_id[0x63] high level lint[0x1])
[    0.000000] ACPI: LAPIC_NMI (acpi_id[0x64] high level lint[0x1])
[    0.000000] ACPI: LAPIC_NMI (acpi_id[0x65] high level lint[0x1])
[    0.000000] ACPI: LAPIC_NMI (acpi_id[0x66] high level lint[0x1])
[    0.000000] ACPI: LAPIC_NMI (acpi_id[0x67] high level lint[0x1])
[    0.000000] ACPI: LAPIC_NMI (acpi_id[0x68] high level lint[0x1])
[    0.000000] ACPI: LAPIC_NMI (acpi_id[0x69] high level lint[0x1])
[    0.000000] ACPI: LAPIC_NMI (acpi_id[0x6a] high level lint[0x1])
[    0.000000] ACPI: LAPIC_NMI (acpi_id[0x6b] high level lint[0x1])
[    0.000000] ACPI: LAPIC_NMI (acpi_id[0x6c] high level lint[0x1])
[    0.000000] ACPI: LAPIC_NMI (acpi_id[0x6d] high level lint[0x1])
[    0.000000] ACPI: LAPIC_NMI (acpi_id[0x6e] high level lint[0x1])
[    0.000000] ACPI: LAPIC_NMI (acpi_id[0x6f] high level lint[0x1])
[    0.000000] ACPI: LAPIC_NMI (acpi_id[0x70] high level lint[0x1])
[    0.000000] ACPI: LAPIC_NMI (acpi_id[0x71] high level lint[0x1])
[    0.000000] ACPI: LAPIC_NMI (acpi_id[0x72] high level lint[0x1])
[    0.000000] ACPI: LAPIC_NMI (acpi_id[0x73] high level lint[0x1])
[    0.000000] ACPI: LAPIC_NMI (acpi_id[0x74] high level lint[0x1])
[    0.000000] ACPI: LAPIC_NMI (acpi_id[0x75] high level lint[0x1])
[    0.000000] ACPI: LAPIC_NMI (acpi_id[0x76] high level lint[0x1])
[    0.000000] ACPI: LAPIC_NMI (acpi_id[0x77] high level lint[0x1])
[    0.000000] ACPI: LAPIC_NMI (acpi_id[0x78] high level lint[0x1])
[    0.000000] ACPI: LAPIC_NMI (acpi_id[0x79] high level lint[0x1])
[    0.000000] ACPI: LAPIC_NMI (acpi_id[0x7a] high level lint[0x1])
[    0.000000] ACPI: LAPIC_NMI (acpi_id[0x7b] high level lint[0x1])
[    0.000000] ACPI: LAPIC_NMI (acpi_id[0x7c] high level lint[0x1])
[    0.000000] ACPI: LAPIC_NMI (acpi_id[0x7c] high level lint[0x1])
[    0.000000] ACPI: LAPIC_NMI (acpi_id[0x7d] high level lint[0x1])
[    0.000000] ACPI: LAPIC_NMI (acpi_id[0x7e] high level lint[0x1])
[    0.000000] ACPI: LAPIC_NMI (acpi_id[0x7f] high level lint[0x1])
[    0.000000] ACPI: LAPIC_NMI (acpi_id[0x80] high level lint[0x1])
[    0.000000] ACPI: LAPIC_NMI (acpi_id[0x81] high level lint[0x1])
[    0.000000] ACPI: LAPIC_NMI (acpi_id[0x82] high level lint[0x1])
[    0.000000] ACPI: LAPIC_NMI (acpi_id[0x83] high level lint[0x1])
[    0.000000] ACPI: LAPIC_NMI (acpi_id[0x84] high level lint[0x1])
[    0.000000] ACPI: LAPIC_NMI (acpi_id[0x85] high level lint[0x1])
[    0.000000] ACPI: LAPIC_NMI (acpi_id[0x86] high level lint[0x1])
[    0.000000] ACPI: LAPIC_NMI (acpi_id[0x87] high level lint[0x1])
[    0.000000] ACPI: LAPIC_NMI (acpi_id[0x88] high level lint[0x1])
[    0.000000] ACPI: LAPIC_NMI (acpi_id[0x89] high level lint[0x1])
[    0.000000] ACPI: LAPIC_NMI (acpi_id[0x8a] high level lint[0x1])
[    0.000000] ACPI: LAPIC_NMI (acpi_id[0x8b] high level lint[0x1])
[    0.000000] ACPI: LAPIC_NMI (acpi_id[0x8c] high level lint[0x1])
[    0.000000] ACPI: LAPIC_NMI (acpi_id[0x8d] high level lint[0x1])
[    0.000000] ACPI: LAPIC_NMI (acpi_id[0x8f] high level lint[0x1])
[    0.000000] ACPI: IOAPIC (id[0x08] address[0xfec00000] gsi_base[0])
[    0.000000] IOAPIC[0]: apic_id 8, version 32, address 0xfec00000, GSI 0-=
23
[    0.000000] ACPI: IOAPIC (id[0x09] address[0xfec01000] gsi_base[24])
[    0.000000] IOAPIC[1]: apic_id 9, version 32, address 0xfec01000, GSI 24=
-47
[    0.000000] ACPI: IOAPIC (id[0x0a] address[0xfec40000] gsi_base[48])
[    0.000000] IOAPIC[2]: apic_id 10, version 32, address 0xfec40000, GSI 4=
8-71
[    0.000000] ACPI: IOAPIC (id[0x0b] address[0xfec80000] gsi_base[72])
[    0.000000] IOAPIC[3]: apic_id 11, version 32, address 0xfec80000, GSI 7=
2-95
[    0.000000] ACPI: IOAPIC (id[0x0c] address[0xfecc0000] gsi_base[96])
[    0.000000] IOAPIC[4]: apic_id 12, version 32, address 0xfecc0000, GSI 9=
6-119
[    0.000000] ACPI: INT_SRC_OVR (bus 0 bus_irq 0 global_irq 2 dfl dfl)
[    0.000000] Int: type 0, pol 0, trig 0, bus 00, IRQ 00, APIC ID 8, APIC =
INT 02
[    0.000000] ACPI: INT_SRC_OVR (bus 0 bus_irq 9 global_irq 9 high level)
[    0.000000] Int: type 0, pol 1, trig 3, bus 00, IRQ 09, APIC ID 8, APIC =
INT 09
[    0.000000] ACPI: IRQ0 used by override.
[    0.000000] Int: type 0, pol 0, trig 0, bus 00, IRQ 01, APIC ID 8, APIC =
INT 01
[    0.000000] ACPI: IRQ2 used by override.
[    0.000000] Int: type 0, pol 0, trig 0, bus 00, IRQ 03, APIC ID 8, APIC =
INT 03
[    0.000000] Int: type 0, pol 0, trig 0, bus 00, IRQ 04, APIC ID 8, APIC =
INT 04
[    0.000000] Int: type 0, pol 0, trig 0, bus 00, IRQ 05, APIC ID 8, APIC =
INT 05
[    0.000000] Int: type 0, pol 0, trig 0, bus 00, IRQ 06, APIC ID 8, APIC =
INT 06
[    0.000000] Int: type 0, pol 0, trig 0, bus 00, IRQ 07, APIC ID 8, APIC =
INT 07
[    0.000000] Int: type 0, pol 0, trig 0, bus 00, IRQ 08, APIC ID 8, APIC =
INT 08
[    0.000000] ACPI: IRQ9 used by override.
[    0.000000] Int: type 0, pol 0, trig 0, bus 00, IRQ 0a, APIC ID 8, APIC =
INT 0a
[    0.000000] Int: type 0, pol 0, trig 0, bus 00, IRQ 0b, APIC ID 8, APIC =
INT 0b
[    0.000000] Int: type 0, pol 0, trig 0, bus 00, IRQ 0c, APIC ID 8, APIC =
INT 0c
[    0.000000] Int: type 0, pol 0, trig 0, bus 00, IRQ 0d, APIC ID 8, APIC =
INT 0d
[    0.000000] Int: type 0, pol 0, trig 0, bus 00, IRQ 0e, APIC ID 8, APIC =
INT 0e
[    0.000000] Int: type 0, pol 0, trig 0, bus 00, IRQ 0f, APIC ID 8, APIC =
INT 0f
[    0.000000] Using ACPI (MADT) for SMP configuration information
[    0.000000] ACPI: HPET id: 0x8086a301 base: 0xfed00000
[    0.000000] smpboot: Allowing 144 CPUs, 24 hotplug CPUs
[    0.000000] mapped IOAPIC to ffffffffff5f2000 (fec00000)
[    0.000000] mapped IOAPIC to ffffffffff5f1000 (fec01000)
[    0.000000] mapped IOAPIC to ffffffffff5f0000 (fec40000)
[    0.000000] mapped IOAPIC to ffffffffff5ef000 (fec80000)
[    0.000000] mapped IOAPIC to ffffffffff5ee000 (fecc0000)
[    0.000000] nr_irqs_gsi: 136
[    0.000000] PM: Registered nosave memory: [mem 0x0009e000-0x0009ffff]
[    0.000000] PM: Registered nosave memory: [mem 0x000a0000-0x000dffff]
[    0.000000] PM: Registered nosave memory: [mem 0x000e0000-0x000fffff]
[    0.000000] PM: Registered nosave memory: [mem 0x6509f000-0x65375fff]
[    0.000000] PM: Registered nosave memory: [mem 0x65a6b000-0x65b29fff]
[    0.000000] PM: Registered nosave memory: [mem 0x65df9000-0x66df8fff]
[    0.000000] PM: Registered nosave memory: [mem 0x7abcf000-0x7accefff]
[    0.000000] PM: Registered nosave memory: [mem 0x7accf000-0x7b6fefff]
[    0.000000] PM: Registered nosave memory: [mem 0x7b6ff000-0x7b7ebfff]
[    0.000000] PM: Registered nosave memory: [mem 0x7b800000-0x8fffffff]
[    0.000000] PM: Registered nosave memory: [mem 0x90000000-0xfed1bfff]
[    0.000000] PM: Registered nosave memory: [mem 0xfed1c000-0xfed1ffff]
[    0.000000] PM: Registered nosave memory: [mem 0xfed20000-0xff7fffff]
[    0.000000] PM: Registered nosave memory: [mem 0xff800000-0xffffffff]
[    0.000000] e820: [mem 0x90000000-0xfed1bfff] available for PCI devices
[    0.000000] Booting paravirtualized kernel on bare hardware
[    0.000000] setup_percpu: NR_CPUS:512 nr_cpumask_bits:512 nr_cpu_ids:144=
 nr_node_ids:4
[    0.000000] PERCPU: Embedded 27 pages/cpu @ffff88085f800000 s81088 r8192=
 d21312 u131072
[    0.000000] pcpu-alloc: s81088 r8192 d21312 u131072 alloc=3D1*2097152
[    0.000000] pcpu-alloc: [0] 000 001 002 003 004 005 006 007 008 009 010 =
011 012 013 014 060=20
[    0.000000] pcpu-alloc: [0] 061 062 063 064 065 066 067 068 069 070 071 =
072 073 074 120 124=20
[    0.000000] pcpu-alloc: [0] 128 132 136 140 --- --- --- --- --- --- --- =
--- --- --- --- ---=20
[    0.000000] pcpu-alloc: [1] 015 016 017 018 019 020 021 022 023 024 025 =
026 027 028 029 075=20
[    0.000000] pcpu-alloc: [1] 076 077 078 079 080 081 082 083 084 085 086 =
087 088 089 121 125=20
[    0.000000] pcpu-alloc: [1] 129 133 137 141 --- --- --- --- --- --- --- =
--- --- --- --- ---=20
[    0.000000] pcpu-alloc: [2] 030 031 032 033 034 035 036 037 038 039 040 =
041 042 043 044 090=20
[    0.000000] pcpu-alloc: [2] 091 092 093 094 095 096 097 098 099 100 101 =
102 103 104 122 126=20
[    0.000000] pcpu-alloc: [2] 130 134 138 142 --- --- --- --- --- --- --- =
--- --- --- --- ---=20
[    0.000000] pcpu-alloc: [3] 045 046 047 048 049 050 051 052 053 054 055 =
056 057 058 059 105=20
[    0.000000] pcpu-alloc: [3] 106 107 108 109 110 111 112 113 114 115 116 =
117 118 119 123 127=20
[    0.000000] pcpu-alloc: [3] 131 135 139 143 --- --- --- --- --- --- --- =
--- --- --- --- ---=20
[    0.000000] Built 4 zonelists in Zone order, mobility grouping on.  Tota=
l pages: 33003889
[    0.000000] Policy zone: Normal
[    0.000000] Kernel command line: user=3Dlkp job=3D/lkp/scheduled/brickla=
nd1/cyclic_will-it-scale-poll2-HEAD-8808b950581f71e3ee4cf8e6cae479f4c710640=
5.yaml ARCH=3Dx86_64 BOOT_IMAGE=3D/kernel/x86_64-lkp/8808b950581f71e3ee4cf8=
e6cae479f4c7106405/vmlinuz-3.14.0-rc6-next-20140317 kconfig=3Dx86_64-lkp co=
mmit=3D8808b950581f71e3ee4cf8e6cae479f4c7106405 bm_initrd=3D/lkp/benchmarks=
/will-it-scale.cgz modules_initrd=3D/kernel/x86_64-lkp/8808b950581f71e3ee4c=
f8e6cae479f4c7106405/modules.cgz max_uptime=3D900 RESULT_ROOT=3D/lkp/result=
/brickland1/micro/will-it-scale/poll2/x86_64-lkp/8808b950581f71e3ee4cf8e6ca=
e479f4c7106405/0 initrd=3D/kernel-tests/initrd/lkp-rootfs.cgz root=3D/dev/r=
am0 ip=3D::::brickland1::dhcp oops=3Dpanic ipmi_si.tryacpi=3D0 ipmi_watchdo=
g.start_now=3D1 earlyprintk=3DttyS0,115200 debug apic=3Ddebug sysrq_always_=
enabled rcupdate.rcu_cpu_stall_timeout=3D100 panic=3D10 softlockup_panic=3D=
1 nmi_watchdog=3Dpanic load_ramdisk=3D2 prompt_ramdisk=3D0 console=3DttyS0,=
115200 console=3Dtty0 vga=3Dnormal
[    0.000000] sysrq: sysrq always enabled.
[    0.000000] PID hash table entries: 4096 (order: 3, 32768 bytes)
[    0.000000] xsave: enabled xstate_bv 0x7, cntxt size 0x340
[    0.000000] Checking aperture...
[    0.000000] No AGP bridge found
[    0.000000] Memory: 131695560K/134111144K available (10556K kernel code,=
 1268K rwdata, 4292K rodata, 1436K init, 1760K bss, 2415584K reserved)
[    0.000000] SLUB: HWalign=3D64, Order=3D0-3, MinObjects=3D0, CPUs=3D144,=
 Nodes=3D4
[    0.000000] Hierarchical RCU implementation.
[    0.000000] RCU dyntick-idle grace-period acceleration is enabled.
[    0.000000] RCU restricting CPUs from NR_CPUS=3D512 to nr_cpu_ids=3D144.
[    0.000000] RCU: Adjusting geometry for rcu_fanout_leaf=3D16, nr_cpu_ids=
=3D144
[    0.000000] NR_IRQS:33024 nr_irqs:3464 16
[    0.000000] Console: colour VGA+ 80x25
[    0.000000] console [tty0] enabled
[    0.000000] bootconsole [earlyser0] disabled
[    0.000000] console [ttyS0] enabled
[    0.000000] allocated 536870912 bytes of page_cgroup
[    0.000000] please try 'cgroup_disable=3Dmemory' option if you don't wan=
t memory cgroups
[    0.000000] Disabling automatic NUMA balancing. Configure with numa_bala=
ncing=3D or the kernel.numa_balancing sysctl
[    0.000000] hpet clockevent registered
[    0.000000] tsc: Fast TSC calibration failed
[    0.000000] tsc: Unable to calibrate against PIT
[    0.000000] tsc: using HPET reference calibration
[    0.000000] tsc: Detected 2799.804 MHz processor
[    0.000208] Calibrating delay loop (skipped), value calculated using tim=
er frequency.. 5599.60 BogoMIPS (lpj=3D11199216)
[    0.012589] pid_max: default: 147456 minimum: 1152
[    0.018219] ACPI: Core revision 20140214
[    0.439176] ACPI: All ACPI Tables successfully acquired
[    0.484298] Dentry cache hash table entries: 16777216 (order: 15, 134217=
728 bytes)
[    0.640363] Inode-cache hash table entries: 8388608 (order: 14, 67108864=
 bytes)
[    0.714667] Mount-cache hash table entries: 256
[    0.722652] Initializing cgroup subsys memory
[    0.728665] Initializing cgroup subsys devices
[    0.734632] Initializing cgroup subsys freezer
[    0.740603] Initializing cgroup subsys blkio
[    0.746363] Initializing cgroup subsys perf_event
[    0.752634] Initializing cgroup subsys hugetlb
[    0.758948] CPU: Physical Processor ID: 0
[    0.764404] CPU: Processor Core ID: 0
[    0.772772] mce: CPU supports 32 MCE banks
[    0.778517] CPU0: Thermal LVT vector (0xfa) already installed
[    0.786022] Last level iTLB entries: 4KB 512, 2MB 8, 4MB 8
[    0.786022] Last level dTLB entries: 4KB 512, 2MB 32, 4MB 32, 1GB 0
[    0.786022] tlb_flushall_shift: 6
[    0.806156] Freeing SMP alternatives memory: 44K (ffffffff824a6000 - fff=
fffff824b1000)
[    0.823130] ftrace: allocating 40687 entries in 159 pages
[    0.908590] Getting VERSION: 1060015
[    0.913562] Getting VERSION: 1060015
[    0.918542] Getting ID: 0
[    0.922461] Getting ID: 0
[    0.926381] Switched APIC routing to physical flat.
[    0.932815] masked ExtINT on CPU#0
[    0.939425] ENABLING IO-APIC IRQs
[    0.944110] init IO_APIC IRQs
[    0.948408]  apic 8 pin 0 not connected
[    0.953692] IOAPIC[0]: Set routing entry (8-1 -> 0x31 -> IRQ 1 Mode:0 Ac=
tive:0 Dest:0)
[    0.964363] IOAPIC[0]: Set routing entry (8-2 -> 0x30 -> IRQ 0 Mode:0 Ac=
tive:0 Dest:0)
[    0.975036] IOAPIC[0]: Set routing entry (8-3 -> 0x33 -> IRQ 3 Mode:0 Ac=
tive:0 Dest:0)
[    0.985760] IOAPIC[0]: Set routing entry (8-4 -> 0x34 -> IRQ 4 Mode:0 Ac=
tive:0 Dest:0)
[    0.996433] IOAPIC[0]: Set routing entry (8-5 -> 0x35 -> IRQ 5 Mode:0 Ac=
tive:0 Dest:0)
[    1.007123] IOAPIC[0]: Set routing entry (8-6 -> 0x36 -> IRQ 6 Mode:0 Ac=
tive:0 Dest:0)
[    1.017808] IOAPIC[0]: Set routing entry (8-7 -> 0x37 -> IRQ 7 Mode:0 Ac=
tive:0 Dest:0)
[    1.028483] IOAPIC[0]: Set routing entry (8-8 -> 0x38 -> IRQ 8 Mode:0 Ac=
tive:0 Dest:0)
[    1.039158] IOAPIC[0]: Set routing entry (8-9 -> 0x39 -> IRQ 9 Mode:1 Ac=
tive:0 Dest:0)
[    1.049831] IOAPIC[0]: Set routing entry (8-10 -> 0x3a -> IRQ 10 Mode:0 =
Active:0 Dest:0)
[    1.060719] IOAPIC[0]: Set routing entry (8-11 -> 0x3b -> IRQ 11 Mode:0 =
Active:0 Dest:0)
[    1.071598] IOAPIC[0]: Set routing entry (8-12 -> 0x3c -> IRQ 12 Mode:0 =
Active:0 Dest:0)
[    1.082482] IOAPIC[0]: Set routing entry (8-13 -> 0x3d -> IRQ 13 Mode:0 =
Active:0 Dest:0)
[    1.093368] IOAPIC[0]: Set routing entry (8-14 -> 0x3e -> IRQ 14 Mode:0 =
Active:0 Dest:0)
[    1.104262] IOAPIC[0]: Set routing entry (8-15 -> 0x3f -> IRQ 15 Mode:0 =
Active:0 Dest:0)
[    1.115145]  apic 8 pin 16 not connected
[    1.120505]  apic 8 pin 17 not connected
[    1.125866]  apic 8 pin 18 not connected
[    1.131228]  apic 8 pin 19 not connected
[    1.136593]  apic 8 pin 20 not connected
[    1.141952]  apic 8 pin 21 not connected
[    1.147311]  apic 8 pin 22 not connected
[    1.152676]  apic 8 pin 23 not connected
[    1.158043]  apic 9 pin 0 not connected
[    1.163323]  apic 9 pin 1 not connected
[    1.168599]  apic 9 pin 2 not connected
[    1.173877]  apic 9 pin 3 not connected
[    1.179151]  apic 9 pin 4 not connected
[    1.184432]  apic 9 pin 5 not connected
[    1.189707]  apic 9 pin 6 not connected
[    1.194983]  apic 9 pin 7 not connected
[    1.200260]  apic 9 pin 8 not connected
[    1.205532]  apic 9 pin 9 not connected
[    1.210811]  apic 9 pin 10 not connected
[    1.216169]  apic 9 pin 11 not connected
[    1.221528]  apic 9 pin 12 not connected
[    1.226893]  apic 9 pin 13 not connected
[    1.232257]  apic 9 pin 14 not connected
[    1.237614]  apic 9 pin 15 not connected
[    1.242975]  apic 9 pin 16 not connected
[    1.248335]  apic 9 pin 17 not connected
[    1.253694]  apic 9 pin 18 not connected
[    1.259076]  apic 9 pin 19 not connected
[    1.264446]  apic 9 pin 20 not connected
[    1.269810]  apic 9 pin 21 not connected
[    1.275170]  apic 9 pin 22 not connected
[    1.280537]  apic 9 pin 23 not connected
[    1.285900]  apic 10 pin 0 not connected
[    1.291258]  apic 10 pin 1 not connected
[    1.296616]  apic 10 pin 2 not connected
[    1.301975]  apic 10 pin 3 not connected
[    1.307333]  apic 10 pin 4 not connected
[    1.312701]  apic 10 pin 5 not connected
[    1.318061]  apic 10 pin 6 not connected
[    1.323422]  apic 10 pin 7 not connected
[    1.328803]  apic 10 pin 8 not connected
[    1.334163]  apic 10 pin 9 not connected
[    1.339530]  apic 10 pin 10 not connected
[    1.345010]  apic 10 pin 11 not connected
[    1.350486]  apic 10 pin 12 not connected
[    1.355964]  apic 10 pin 13 not connected
[    1.361443]  apic 10 pin 14 not connected
[    1.366921]  apic 10 pin 15 not connected
[    1.372376]  apic 10 pin 16 not connected
[    1.377833]  apic 10 pin 17 not connected
[    1.383315]  apic 10 pin 18 not connected
[    1.388798]  apic 10 pin 19 not connected
[    1.394277]  apic 10 pin 20 not connected
[    1.399759]  apic 10 pin 21 not connected
[    1.405215]  apic 10 pin 22 not connected
[    1.410693]  apic 10 pin 23 not connected
[    1.416148]  apic 11 pin 0 not connected
[    1.421509]  apic 11 pin 1 not connected
[    1.426870]  apic 11 pin 2 not connected
[    1.432230]  apic 11 pin 3 not connected
[    1.437592]  apic 11 pin 4 not connected
[    1.442950]  apic 11 pin 5 not connected
[    1.448316]  apic 11 pin 6 not connected
[    1.453679]  apic 11 pin 7 not connected
[    1.459044]  apic 11 pin 8 not connected
[    1.464406]  apic 11 pin 9 not connected
[    1.469767]  apic 11 pin 10 not connected
[    1.475244]  apic 11 pin 11 not connected
[    1.480723]  apic 11 pin 12 not connected
[    1.486181]  apic 11 pin 13 not connected
[    1.491660]  apic 11 pin 14 not connected
[    1.497117]  apic 11 pin 15 not connected
[    1.502596]  apic 11 pin 16 not connected
[    1.508074]  apic 11 pin 17 not connected
[    1.513554]  apic 11 pin 18 not connected
