Return-Path: <owner-linux-mm@kvack.org>
Received: from mail-pd0-f175.google.com (mail-pd0-f175.google.com [209.85.192.175])
	by kanga.kvack.org (Postfix) with ESMTP id 8C3CE6B0032
	for <linux-mm@kvack.org>; Sat, 24 Jan 2015 23:36:26 -0500 (EST)
Received: by mail-pd0-f175.google.com with SMTP id fl12so5648269pdb.6
        for <linux-mm@kvack.org>; Sat, 24 Jan 2015 20:36:26 -0800 (PST)
Received: from mga03.intel.com (mga03.intel.com. [134.134.136.65])
        by mx.google.com with ESMTP id hz4si7751274pbb.8.2015.01.24.20.36.24
        for <linux-mm@kvack.org>;
        Sat, 24 Jan 2015 20:36:25 -0800 (PST)
Date: Sat, 24 Jan 2015 20:36:08 -0800
From: Fengguang Wu <fengguang.wu@intel.com>
Subject: [mm] WARNING: CPU: 1 PID: 681 at mm/mmap.c:2858 exit_mmap()
Message-ID: <20150125043608.GB6109@wfg-t540p.sh.intel.com>
MIME-Version: 1.0
Content-Type: multipart/mixed; boundary="jq0ap7NbKX2Kqbes"
Content-Disposition: inline
Sender: owner-linux-mm@kvack.org
List-ID: <linux-mm.kvack.org>
To: "Kirill A. Shutemov" <kirill.shutemov@linux.intel.com>
Cc: LKP <lkp@01.org>, linux-kernel@vger.kernel.org, linux-mm@kvack.org


--jq0ap7NbKX2Kqbes
Content-Type: text/plain; charset=us-ascii
Content-Disposition: inline

Greetings,

0day kernel testing robot got the below dmesg and the first bad commit is

git://git.kernel.org/pub/scm/linux/kernel/git/next/linux-next.git master

commit f7a7b53a90f7a489c4e435d1300db121f6b42776
Author:     Kirill A. Shutemov <kirill.shutemov@linux.intel.com>
AuthorDate: Fri Jan 23 10:11:34 2015 +1100
Commit:     Stephen Rothwell <sfr@canb.auug.org.au>
CommitDate: Fri Jan 23 10:11:34 2015 +1100

    mm: account pmd page tables to the process
    
    Dave noticed that unprivileged process can allocate significant amount of
    memory -- >500 MiB on x86_64 -- and stay unnoticed by oom-killer and
    memory cgroup.  The trick is to allocate a lot of PMD page tables.  Linux
    kernel doesn't account PMD tables to the process, only PTE.
    
    The use-cases below use few tricks to allocate a lot of PMD page tables
    while keeping VmRSS and VmPTE low.  oom_score for the process will be 0.
    
    	#include <errno.h>
    	#include <stdio.h>
    	#include <stdlib.h>
    	#include <unistd.h>
    	#include <sys/mman.h>
    	#include <sys/prctl.h>
    
    	#define PUD_SIZE (1UL << 30)
    	#define PMD_SIZE (1UL << 21)
    
    	#define NR_PUD 130000
    
    	int main(void)
    	{
    		char *addr = NULL;
    		unsigned long i;
    
    		prctl(PR_SET_THP_DISABLE);
    		for (i = 0; i < NR_PUD ; i++) {
    			addr = mmap(addr + PUD_SIZE, PUD_SIZE, PROT_WRITE|PROT_READ,
    					MAP_ANONYMOUS|MAP_PRIVATE, -1, 0);
    			if (addr == MAP_FAILED) {
    				perror("mmap");
    				break;
    			}
    			*addr = 'x';
    			munmap(addr, PMD_SIZE);
    			mmap(addr, PMD_SIZE, PROT_WRITE|PROT_READ,
    					MAP_ANONYMOUS|MAP_PRIVATE|MAP_FIXED, -1, 0);
    			if (addr == MAP_FAILED)
    				perror("re-mmap"), exit(1);
    		}
    		printf("PID %d consumed %lu KiB in PMD page tables\n",
    				getpid(), i * 4096 >> 10);
    		return pause();
    	}
    
    The patch addresses the issue by account PMD tables to the process the
    same way we account PTE.
    
    The main place where PMD tables is accounted is __pmd_alloc() and
    free_pmd_range(). But there're few corner cases:
    
     - HugeTLB can share PMD page tables. The patch handles by accounting
       the table to all processes who share it.
    
     - x86 PAE pre-allocates few PMD tables on fork.
    
     - Architectures with FIRST_USER_ADDRESS > 0. We need to adjust sanity
       check on exit(2).
    
    Accounting only happens on configuration where PMD page table's level is
    present (PMD is not folded).  As with nr_ptes we use per-mm counter.  The
    counter value is used to calculate baseline for badness score by
    oom-killer.
    
    Signed-off-by: Kirill A. Shutemov <kirill.shutemov@linux.intel.com>
    Reported-by: Dave Hansen <dave.hansen@linux.intel.com>
    Cc: Hugh Dickins <hughd@google.com>
    Reviewed-by: Cyrill Gorcunov <gorcunov@openvz.org>
    Cc: Pavel Emelyanov <xemul@openvz.org>
    Cc: David Rientjes <rientjes@google.com>
    Signed-off-by: Andrew Morton <akpm@linux-foundation.org>

+-----------------------------------+------------+------------+---------------+
|                                   | fe888c1f62 | f7a7b53a90 | next-20150123 |
+-----------------------------------+------------+------------+---------------+
| boot_successes                    | 1364       | 142        | 25            |
| boot_failures                     | 5          | 227        | 19            |
| BUG:kernel_test_crashed           | 5          |            |               |
| WARNING:at_mm/mmap.c:#exit_mmap() | 0          | 227        | 19            |
| backtrace:do_execve               | 0          | 227        | 19            |
| backtrace:SyS_execve              | 0          | 227        | 19            |
| backtrace:do_group_exit           | 0          | 227        | 19            |
| backtrace:SyS_exit_group          | 0          | 227        | 19            |
| backtrace:do_execveat_common      | 0          | 3          |               |
| backtrace:do_exit                 | 0          | 5          |               |
+-----------------------------------+------------+------------+---------------+

[   17.687075] Freeing unused kernel memory: 1716K (c190d000 - c1aba000)
[   17.808897] random: init urandom read with 5 bits of entropy available
[   17.828360] ------------[ cut here ]------------
[   17.828989] WARNING: CPU: 1 PID: 681 at mm/mmap.c:2858 exit_mmap+0x197/0x1ad()
[   17.830086] Modules linked in:
[   17.830549] CPU: 1 PID: 681 Comm: init Not tainted 3.19.0-rc5-gf7a7b53 #19
[   17.831339]  00000001 00000000 00000001 d388bd4c c14341a1 00000000 00000001 c16ebf08
[   17.832421]  d388bd68 c1056987 00000b2a c1150db8 00000001 00000001 00000000 d388bd78
[   17.833488]  c1056a11 00000009 00000000 d388bdd0 c1150db8 d3858380 ffffffff ffffffff
[   17.841323] Call Trace:
[   17.844215]  [<c14341a1>] dump_stack+0x78/0xa8
[   17.844700]  [<c1056987>] warn_slowpath_common+0xb7/0xce
[   17.847797]  [<c1150db8>] ? exit_mmap+0x197/0x1ad
[   17.850955]  [<c1056a11>] warn_slowpath_null+0x14/0x18
[   17.854131]  [<c1150db8>] exit_mmap+0x197/0x1ad
[   17.854629]  [<c10537ff>] mmput+0x52/0xef
[   17.857584]  [<c1175602>] flush_old_exec+0x923/0x99d
[   17.860806]  [<c11aea1e>] load_elf_binary+0x430/0x11af
[   17.861378]  [<c108559f>] ? local_clock+0x2f/0x39
[   17.865327]  [<c109817f>] ? lock_release_holdtime+0x60/0x6d
[   17.866002]  [<c1174159>] search_binary_handler+0x9c/0x20f
[   17.866588]  [<c11ac7e5>] load_script+0x339/0x355
[   17.874149]  [<c108550c>] ? sched_clock_cpu+0x188/0x1a3
[   17.874718]  [<c108559f>] ? local_clock+0x2f/0x39
[   17.878580]  [<c109817f>] ? lock_release_holdtime+0x60/0x6d
[   17.879355]  [<c109c1bf>] ? do_raw_read_unlock+0x28/0x53
[   17.879997]  [<c1174159>] search_binary_handler+0x9c/0x20f
[   17.887644]  [<c1176054>] do_execveat_common+0x6d6/0x954
[   17.890904]  [<c11762eb>] do_execve+0x19/0x1b
[   17.891389]  [<c1176586>] SyS_execve+0x21/0x25
[   17.895168]  [<c143be92>] syscall_call+0x7/0x7
[   17.895653] ---[ end trace 6a7094e9a1d04ce0 ]---
[   17.909585] ------------[ cut here ]------------

git bisect start de3d2c5b941c632685ab58613f981bf14a42676f ec6f34e5b552fb0a52e6aae1a5afbbb1605cc6cc --
git bisect good 505c8f8b41aaae2239941fc1c25bc8d4aa9188a6  # 08:42    369+      1  Merge remote-tracking branch 'kbuild/for-next'
git bisect good 5cdfab738b22d402bc764e9f5f93824ff5f3800f  # 08:46    369+      0  Merge remote-tracking branch 'audit/next'
git bisect good 551aa38a4d27c7e71791ded0ee4a746abe954f9b  # 08:53    369+      0  Merge remote-tracking branch 'usb-gadget/next'
git bisect good bf26a22140410ca8fee8de8d74d9b69eeac450d1  # 08:58    369+      3  Merge remote-tracking branch 'pwm/for-next'
git bisect good 522698e0cdb31f34ef897d463ddbe4d289a83b16  # 09:05    369+      1  Merge remote-tracking branch 'y2038/y2038'
git bisect good 879b01ab025b80f0350b3181f2eb86f1a3deadc2  # 09:10    369+      0  Merge remote-tracking branch 'livepatching/for-next'
git bisect  bad d347062b744695e0490a53c199fac1a184870d29  # 09:10      0-    156  Merge branch 'akpm-current/current'
git bisect  bad f7a7b53a90f7a489c4e435d1300db121f6b42776  # 09:34      0-      5  mm: account pmd page tables to the process
git bisect good 905d130bf8d5622c4dfa1667414993bb214d3a1e  # 10:50    369+      1  x86: drop _PAGE_FILE and pte_file()-related helpers
git bisect good daba3b6a1f18fc36eb6fe15eca008c3e658a8f72  # 11:39    369+      1  mm: numa: add paranoid check around pte_protnone_numa
git bisect good 077ccc6a5a442a0460aba99085a6b84578a01faf  # 12:21    369+      2  memcg: add BUILD_BUG_ON() for string tables
git bisect good 76c365c2fe9bc89844dee698b7d3382faa9afc75  # 12:31    369+      1  oom, PM: make OOM detection in the freezer path raceless
git bisect good 10c7667f091d0ab62b13d31f33bef469dc6683b4  # 13:27    369+      2  fs: shrinker: always scan at least one object of each type
git bisect good 8aac135aaf196fd1a0b8f9c08d3514b64cefc4b3  # 13:47    369+      1  mm: make FIRST_USER_ADDRESS unsigned long on all archs
git bisect good fe888c1f6277ea1b0d18dda12fff1dac4617905a  # 14:05    369+      1  arm: define __PAGETABLE_PMD_FOLDED for !LPAE
# first bad commit: [f7a7b53a90f7a489c4e435d1300db121f6b42776] mm: account pmd page tables to the process
git bisect good fe888c1f6277ea1b0d18dda12fff1dac4617905a  # 14:26   1000+      5  arm: define __PAGETABLE_PMD_FOLDED for !LPAE
# extra tests with DEBUG_INFO
git bisect good f7a7b53a90f7a489c4e435d1300db121f6b42776  # 14:46   1000+      0  mm: account pmd page tables to the process
# extra tests on HEAD of next/master
git bisect  bad de3d2c5b941c632685ab58613f981bf14a42676f  # 14:46      0-     19  Add linux-next specific files for 20150123
# extra tests on tree/branch next/master
git bisect  bad de3d2c5b941c632685ab58613f981bf14a42676f  # 14:46      0-     19  Add linux-next specific files for 20150123
# extra tests on tree/branch linus/master
git bisect good c4e00f1d31c4c83d15162782491689229bd92527  # 16:42   1000+      3  Merge branch 'for-linus' of git://git.kernel.org/pub/scm/linux/kernel/git/mason/linux-btrfs
# extra tests on tree/branch next/master
git bisect  bad de3d2c5b941c632685ab58613f981bf14a42676f  # 16:43      0-     19  Add linux-next specific files for 20150123


This script may reproduce the error.

----------------------------------------------------------------------------
#!/bin/bash

kernel=$1
initrd=quantal-core-i386.cgz

wget --no-clobber https://github.com/fengguang/reproduce-kernel-bug/raw/master/initrd/$initrd

kvm=(
	qemu-system-x86_64
	-cpu kvm64
	-enable-kvm
	-kernel $kernel
	-initrd $initrd
	-m 320
	-smp 2
	-net nic,vlan=1,model=e1000
	-net user,vlan=1
	-boot order=nc
	-no-reboot
	-watchdog i6300esb
	-rtc base=localtime
	-serial stdio
	-display none
	-monitor null 
)

append=(
	hung_task_panic=1
	earlyprintk=ttyS0,115200
	debug
	apic=debug
	sysrq_always_enabled
	rcupdate.rcu_cpu_stall_timeout=100
	panic=-1
	softlockup_panic=1
	nmi_watchdog=panic
	oops=panic
	load_ramdisk=2
	prompt_ramdisk=0
	console=ttyS0,115200
	console=tty0
	vga=normal
	root=/dev/ram0
	rw
	drbd.minor_count=8
)

"${kvm[@]}" --append "${append[*]}"
----------------------------------------------------------------------------

Thanks,
Fengguang

--jq0ap7NbKX2Kqbes
Content-Type: text/plain; charset=us-ascii
Content-Disposition: attachment; filename="dmesg-quantal-client9-17:20150124102932:i386-randconfig-x1-01141042:3.19.0-rc5-gf7a7b53:19"
Content-Transfer-Encoding: quoted-printable

early console in setup code
early console in decompress_kernel

Decompressing Linux... Parsing ELF... done.
Booting the kernel.
[    0.000000] Initializing cgroup subsys cpuset
[    0.000000] Initializing cgroup subsys cpu
[    0.000000] Linux version 3.19.0-rc5-gf7a7b53 (kbuild@xian) (gcc version=
 4.9.1 (Debian 4.9.1-19) ) #19 SMP Sat Jan 24 09:29:59 CST 2015
[    0.000000] KERNEL supported cpus:
[    0.000000]   Intel GenuineIntel
[    0.000000]   AMD AuthenticAMD
[    0.000000]   Centaur CentaurHauls
[    0.000000]   Transmeta GenuineTMx86
[    0.000000]   Transmeta TransmetaCPU
[    0.000000] e820: BIOS-provided physical RAM map:
[    0.000000] BIOS-e820: [mem 0x0000000000000000-0x000000000009fbff] usable
[    0.000000] BIOS-e820: [mem 0x000000000009fc00-0x000000000009ffff] reser=
ved
[    0.000000] BIOS-e820: [mem 0x00000000000f0000-0x00000000000fffff] reser=
ved
[    0.000000] BIOS-e820: [mem 0x0000000000100000-0x0000000013fdffff] usable
[    0.000000] BIOS-e820: [mem 0x0000000013fe0000-0x0000000013ffffff] reser=
ved
[    0.000000] BIOS-e820: [mem 0x00000000feffc000-0x00000000feffffff] reser=
ved
[    0.000000] BIOS-e820: [mem 0x00000000fffc0000-0x00000000ffffffff] reser=
ved
[    0.000000] bootconsole [earlyser0] enabled
[    0.000000] NX (Execute Disable) protection: active
[    0.000000] Hypervisor detected: KVM
[    0.000000] e820: update [mem 0x00000000-0x00000fff] usable =3D=3D> rese=
rved
[    0.000000] e820: remove [mem 0x000a0000-0x000fffff] usable
[    0.000000] e820: last_pfn =3D 0x13fe0 max_arch_pfn =3D 0x1000000
[    0.000000] MTRR default type: write-back
[    0.000000] MTRR fixed ranges enabled:
[    0.000000]   00000-9FFFF write-back
[    0.000000]   A0000-BFFFF uncachable
[    0.000000]   C0000-FFFFF write-protect
[    0.000000] MTRR variable ranges enabled:
[    0.000000]   0 base 0080000000 mask FF80000000 uncachable
[    0.000000]   1 disabled
[    0.000000]   2 disabled
[    0.000000]   3 disabled
[    0.000000]   4 disabled
[    0.000000]   5 disabled
[    0.000000]   6 disabled
[    0.000000]   7 disabled
[    0.000000] PAT configuration [0-7]: WB  WC  UC- UC  WB  WC  UC- UC =20
[    0.000000] Scan for SMP in [mem 0x00000000-0x000003ff]
[    0.000000] Scan for SMP in [mem 0x0009fc00-0x0009ffff]
[    0.000000] Scan for SMP in [mem 0x000f0000-0x000fffff]
[    0.000000] found SMP MP-table at [mem 0x000f0eb0-0x000f0ebf] mapped at =
[c00f0eb0]
[    0.000000]   mpc: f0ec0-f0fa4
[    0.000000] Scanning 1 areas for low memory corruption
[    0.000000] initial memory mapped: [mem 0x00000000-0x025fffff]
[    0.000000] Base memory trampoline at [c009b000] 9b000 size 16384
[    0.000000] init_memory_mapping: [mem 0x00000000-0x000fffff]
[    0.000000]  [mem 0x00000000-0x000fffff] page 4k
[    0.000000] init_memory_mapping: [mem 0x12400000-0x125fffff]
[    0.000000]  [mem 0x12400000-0x125fffff] page 2M
[    0.000000] init_memory_mapping: [mem 0x00100000-0x123fffff]
[    0.000000]  [mem 0x00100000-0x001fffff] page 4k
[    0.000000]  [mem 0x00200000-0x123fffff] page 2M
[    0.000000] init_memory_mapping: [mem 0x12600000-0x13fdffff]
[    0.000000]  [mem 0x12600000-0x13dfffff] page 2M
[    0.000000]  [mem 0x13e00000-0x13fdffff] page 4k
[    0.000000] BRK [0x020e6000, 0x020e6fff] PGTABLE
[    0.000000] BRK [0x020e7000, 0x020e8fff] PGTABLE
[    0.000000] BRK [0x020e9000, 0x020e9fff] PGTABLE
[    0.000000] BRK [0x020ea000, 0x020eafff] PGTABLE
[    0.000000] RAMDISK: [mem 0x12793000-0x13fd7fff]
[    0.000000] ACPI: Early table checksum verification disabled
[    0.000000] ACPI: RSDP 0x000F0C90 000014 (v00 BOCHS )
[    0.000000] ACPI: RSDT 0x13FE18BD 000034 (v01 BOCHS  BXPCRSDT 00000001 B=
XPC 00000001)
[    0.000000] ACPI: FACP 0x13FE0B37 000074 (v01 BOCHS  BXPCFACP 00000001 B=
XPC 00000001)
[    0.000000] ACPI: DSDT 0x13FE0040 000AF7 (v01 BOCHS  BXPCDSDT 00000001 B=
XPC 00000001)
[    0.000000] ACPI: FACS 0x13FE0000 000040
[    0.000000] ACPI: SSDT 0x13FE0BAB 000C5A (v01 BOCHS  BXPCSSDT 00000001 B=
XPC 00000001)
[    0.000000] ACPI: APIC 0x13FE1805 000080 (v01 BOCHS  BXPCAPIC 00000001 B=
XPC 00000001)
[    0.000000] ACPI: HPET 0x13FE1885 000038 (v01 BOCHS  BXPCHPET 00000001 B=
XPC 00000001)
[    0.000000] ACPI: Local APIC address 0xfee00000
[    0.000000] mapped APIC to         ffffc000 (        fee00000)
[    0.000000] 0MB HIGHMEM available.
[    0.000000] 319MB LOWMEM available.
[    0.000000]   mapped low ram: 0 - 13fe0000
[    0.000000]   low ram: 0 - 13fe0000
[    0.000000] kvm-clock: Using msrs 4b564d01 and 4b564d00
[    0.000000] kvm-clock: cpu 0, msr 0:13fdf001, primary cpu clock
[    0.000000] Zone ranges:
[    0.000000]   DMA      [mem 0x0000000000001000-0x0000000000ffffff]
[    0.000000]   Normal   [mem 0x0000000001000000-0x0000000013fdffff]
[    0.000000]   HighMem  empty
[    0.000000] Movable zone start for each node
[    0.000000] Early memory node ranges
[    0.000000]   node   0: [mem 0x0000000000001000-0x000000000009efff]
[    0.000000]   node   0: [mem 0x0000000000100000-0x0000000013fdffff]
[    0.000000] Initmem setup node 0 [mem 0x0000000000001000-0x0000000013fdf=
fff]
[    0.000000] On node 0 totalpages: 81790
[    0.000000] free_area_init_node: node 0, pgdat c17b2540, node_mem_map d2=
4c3024
[    0.000000]   DMA zone: 36 pages used for memmap
[    0.000000]   DMA zone: 0 pages reserved
[    0.000000]   DMA zone: 3998 pages, LIFO batch:0
[    0.000000]   Normal zone: 684 pages used for memmap
[    0.000000]   Normal zone: 77792 pages, LIFO batch:15
[    0.000000] Using APIC driver default
[    0.000000] ACPI: PM-Timer IO Port: 0x608
[    0.000000] ACPI: Local APIC address 0xfee00000
[    0.000000] mapped APIC to         ffffc000 (        fee00000)
[    0.000000] ACPI: LAPIC (acpi_id[0x00] lapic_id[0x00] enabled)
[    0.000000] ACPI: LAPIC (acpi_id[0x01] lapic_id[0x01] enabled)
[    0.000000] ACPI: LAPIC_NMI (acpi_id[0xff] dfl dfl lint[0x1])
[    0.000000] ACPI: IOAPIC (id[0x00] address[0xfec00000] gsi_base[0])
[    0.000000] IOAPIC[0]: apic_id 0, version 17, address 0xfec00000, GSI 0-=
23
[    0.000000] ACPI: INT_SRC_OVR (bus 0 bus_irq 0 global_irq 2 dfl dfl)
[    0.000000] Int: type 0, pol 0, trig 0, bus 00, IRQ 00, APIC ID 0, APIC =
INT 02
[    0.000000] ACPI: INT_SRC_OVR (bus 0 bus_irq 5 global_irq 5 high level)
[    0.000000] Int: type 0, pol 1, trig 3, bus 00, IRQ 05, APIC ID 0, APIC =
INT 05
[    0.000000] ACPI: INT_SRC_OVR (bus 0 bus_irq 9 global_irq 9 high level)
[    0.000000] Int: type 0, pol 1, trig 3, bus 00, IRQ 09, APIC ID 0, APIC =
INT 09
[    0.000000] ACPI: INT_SRC_OVR (bus 0 bus_irq 10 global_irq 10 high level)
[    0.000000] Int: type 0, pol 1, trig 3, bus 00, IRQ 0a, APIC ID 0, APIC =
INT 0a
[    0.000000] ACPI: INT_SRC_OVR (bus 0 bus_irq 11 global_irq 11 high level)
[    0.000000] Int: type 0, pol 1, trig 3, bus 00, IRQ 0b, APIC ID 0, APIC =
INT 0b
[    0.000000] ACPI: IRQ0 used by override.
[    0.000000] Int: type 0, pol 0, trig 0, bus 00, IRQ 01, APIC ID 0, APIC =
INT 01
[    0.000000] Int: type 0, pol 0, trig 0, bus 00, IRQ 03, APIC ID 0, APIC =
INT 03
[    0.000000] Int: type 0, pol 0, trig 0, bus 00, IRQ 04, APIC ID 0, APIC =
INT 04
[    0.000000] ACPI: IRQ5 used by override.
[    0.000000] Int: type 0, pol 0, trig 0, bus 00, IRQ 06, APIC ID 0, APIC =
INT 06
[    0.000000] Int: type 0, pol 0, trig 0, bus 00, IRQ 07, APIC ID 0, APIC =
INT 07
[    0.000000] Int: type 0, pol 0, trig 0, bus 00, IRQ 08, APIC ID 0, APIC =
INT 08
[    0.000000] ACPI: IRQ9 used by override.
[    0.000000] ACPI: IRQ10 used by override.
[    0.000000] ACPI: IRQ11 used by override.
[    0.000000] Int: type 0, pol 0, trig 0, bus 00, IRQ 0c, APIC ID 0, APIC =
INT 0c
[    0.000000] Int: type 0, pol 0, trig 0, bus 00, IRQ 0d, APIC ID 0, APIC =
INT 0d
[    0.000000] Int: type 0, pol 0, trig 0, bus 00, IRQ 0e, APIC ID 0, APIC =
INT 0e
[    0.000000] Int: type 0, pol 0, trig 0, bus 00, IRQ 0f, APIC ID 0, APIC =
INT 0f
[    0.000000] Using ACPI (MADT) for SMP configuration information
[    0.000000] ACPI: HPET id: 0x8086a201 base: 0xfed00000
[    0.000000] smpboot: Allowing 2 CPUs, 0 hotplug CPUs
[    0.000000] mapped IOAPIC to ffffb000 (fec00000)
[    0.000000] e820: [mem 0x14000000-0xfeffbfff] available for PCI devices
[    0.000000] Booting paravirtualized kernel on KVM
[    0.000000] setup_percpu: NR_CPUS:32 nr_cpumask_bits:32 nr_cpu_ids:2 nr_=
node_ids:1
[    0.000000] PERCPU: Embedded 336 pages/cpu @d2221000 s1346560 r0 d29696 =
u1376256
[    0.000000] pcpu-alloc: s1346560 r0 d29696 u1376256 alloc=3D336*4096
[    0.000000] pcpu-alloc: [0] 0 [0] 1=20
[    0.000000] KVM setup async PF for cpu 0
[    0.000000] kvm-stealtime: cpu 0, msr 12224780
[    0.000000] Built 1 zonelists in Zone order, mobility grouping on.  Tota=
l pages: 81070
[    0.000000] Kernel command line: hung_task_panic=3D1 earlyprintk=3DttyS0=
,115200 debug apic=3Ddebug sysrq_always_enabled rcupdate.rcu_cpu_stall_time=
out=3D100 panic=3D-1 softlockup_panic=3D1 nmi_watchdog=3Dpanic oops=3Dpanic=
 load_ramdisk=3D2 prompt_ramdisk=3D0 console=3DttyS0,115200 console=3Dtty0 =
vga=3Dnormal  root=3D/dev/ram0 rw link=3D/kbuild-tests/run-queue/kvm/i386-r=
andconfig-x1-01141042/next:master:f7a7b53a90f7a489c4e435d1300db121f6b42776:=
bisect-linux-3/.vmlinuz-f7a7b53a90f7a489c4e435d1300db121f6b42776-2015012409=
3102-332-client9 branch=3Dnext/master BOOT_IMAGE=3D/kernel/i386-randconfig-=
x1-01141042/f7a7b53a90f7a489c4e435d1300db121f6b42776/vmlinuz-3.19.0-rc5-gf7=
a7b53 drbd.minor_count=3D8
[    0.000000] PID hash table entries: 2048 (order: 1, 8192 bytes)
[    0.000000] Dentry cache hash table entries: 65536 (order: 6, 262144 byt=
es)
[    0.000000] Inode-cache hash table entries: 32768 (order: 5, 131072 byte=
s)
[    0.000000] Initializing CPU#0
[    0.000000] Initializing HighMem for node 0 (00000000:00000000)
[    0.000000] Memory: 278912K/327160K available (4340K kernel code, 1731K =
rwdata, 3184K rodata, 1716K init, 6236K bss, 48248K reserved, 0K cma-reserv=
ed, 0K highmem)
[    0.000000] virtual kernel memory layout:
[    0.000000]     fixmap  : 0xffd36000 - 0xfffff000   (2852 kB)
[    0.000000]     pkmap   : 0xffa00000 - 0xffc00000   (2048 kB)
[    0.000000]     vmalloc : 0xd47e0000 - 0xff9fe000   ( 690 MB)
[    0.000000]     lowmem  : 0xc0000000 - 0xd3fe0000   ( 319 MB)
[    0.000000]       .init : 0xc190d000 - 0xc1aba000   (1716 kB)
[    0.000000]       .data : 0xc143d624 - 0xc190be80   (4922 kB)
[    0.000000]       .text : 0xc1000000 - 0xc143d624   (4341 kB)
[    0.000000] Checking if this processor honours the WP bit even in superv=
isor mode...Ok.
[    0.000000] Hierarchical RCU implementation.
[    0.000000] RCU: Adjusting geometry for rcu_fanout_leaf=3D16, nr_cpu_ids=
=3D2
[    0.000000] Testing tracer nop: PASSED
[    0.000000] NR_IRQS:2304 nr_irqs:440 16
[    0.000000] CPU 0 irqstacks, hard=3Dd1c1c000 soft=3Dd1c1e000
[    0.000000] Initializing cgroup subsys cpuset
[    0.000000] Initializing cgroup subsys cpu
[    0.000000] Linux version 3.19.0-rc5-gf7a7b53 (kbuild@xian) (gcc version=
 4.9.1 (Debian 4.9.1-19) ) #19 SMP Sat Jan 24 09:29:59 CST 2015
[    0.000000] KERNEL supported cpus:
[    0.000000]   Intel GenuineIntel
[    0.000000]   AMD AuthenticAMD
[    0.000000]   Centaur CentaurHauls
[    0.000000]   Transmeta GenuineTMx86
[    0.000000]   Transmeta TransmetaCPU
[    0.000000] e820: BIOS-provided physical RAM map:
[    0.000000] BIOS-e820: [mem 0x0000000000000000-0x000000000009fbff] usable
[    0.000000] BIOS-e820: [mem 0x000000000009fc00-0x000000000009ffff] reser=
ved
[    0.000000] BIOS-e820: [mem 0x00000000000f0000-0x00000000000fffff] reser=
ved
[    0.000000] BIOS-e820: [mem 0x0000000000100000-0x0000000013fdffff] usable
[    0.000000] BIOS-e820: [mem 0x0000000013fe0000-0x0000000013ffffff] reser=
ved
[    0.000000] BIOS-e820: [mem 0x00000000feffc000-0x00000000feffffff] reser=
ved
[    0.000000] BIOS-e820: [mem 0x00000000fffc0000-0x00000000ffffffff] reser=
ved
[    0.000000] bootconsole [earlyser0] enabled
[    0.000000] NX (Execute Disable) protection: active
[    0.000000] Hypervisor detected: KVM
[    0.000000] e820: update [mem 0x00000000-0x00000fff] usable =3D=3D> rese=
rved
[    0.000000] e820: remove [mem 0x000a0000-0x000fffff] usable
[    0.000000] e820: last_pfn =3D 0x13fe0 max_arch_pfn =3D 0x1000000
[    0.000000] MTRR default type: write-back
[    0.000000] MTRR fixed ranges enabled:
[    0.000000]   00000-9FFFF write-back
[    0.000000]   A0000-BFFFF uncachable
[    0.000000]   C0000-FFFFF write-protect
[    0.000000] MTRR variable ranges enabled:
[    0.000000]   0 base 0080000000 mask FF80000000 uncachable
[    0.000000]   1 disabled
[    0.000000]   2 disabled
[    0.000000]   3 disabled
[    0.000000]   4 disabled
[    0.000000]   5 disabled
[    0.000000]   6 disabled
[    0.000000]   7 disabled
[    0.000000] PAT configuration [0-7]: WB  WC  UC- UC  WB  WC  UC- UC =20
[    0.000000] Scan for SMP in [mem 0x00000000-0x000003ff]
[    0.000000] Scan for SMP in [mem 0x0009fc00-0x0009ffff]
[    0.000000] Scan for SMP in [mem 0x000f0000-0x000fffff]
[    0.000000] found SMP MP-table at [mem 0x000f0eb0-0x000f0ebf] mapped at =
[c00f0eb0]
[    0.000000]   mpc: f0ec0-f0fa4
[    0.000000] Scanning 1 areas for low memory corruption
[    0.000000] initial memory mapped: [mem 0x00000000-0x025fffff]
[    0.000000] Base memory trampoline at [c009b000] 9b000 size 16384
[    0.000000] init_memory_mapping: [mem 0x00000000-0x000fffff]
[    0.000000]  [mem 0x00000000-0x000fffff] page 4k
[    0.000000] init_memory_mapping: [mem 0x12400000-0x125fffff]
[    0.000000]  [mem 0x12400000-0x125fffff] page 2M
[    0.000000] init_memory_mapping: [mem 0x00100000-0x123fffff]
[    0.000000]  [mem 0x00100000-0x001fffff] page 4k
[    0.000000]  [mem 0x00200000-0x123fffff] page 2M
[    0.000000] init_memory_mapping: [mem 0x12600000-0x13fdffff]
[    0.000000]  [mem 0x12600000-0x13dfffff] page 2M
[    0.000000]  [mem 0x13e00000-0x13fdffff] page 4k
[    0.000000] BRK [0x020e6000, 0x020e6fff] PGTABLE
[    0.000000] BRK [0x020e7000, 0x020e8fff] PGTABLE
[    0.000000] BRK [0x020e9000, 0x020e9fff] PGTABLE
[    0.000000] BRK [0x020ea000, 0x020eafff] PGTABLE
[    0.000000] RAMDISK: [mem 0x12793000-0x13fd7fff]
[    0.000000] ACPI: Early table checksum verification disabled
[    0.000000] ACPI: RSDP 0x000F0C90 000014 (v00 BOCHS )
[    0.000000] ACPI: RSDT 0x13FE18BD 000034 (v01 BOCHS  BXPCRSDT 00000001 B=
XPC 00000001)
[    0.000000] ACPI: FACP 0x13FE0B37 000074 (v01 BOCHS  BXPCFACP 00000001 B=
XPC 00000001)
[    0.000000] ACPI: DSDT 0x13FE0040 000AF7 (v01 BOCHS  BXPCDSDT 00000001 B=
XPC 00000001)
[    0.000000] ACPI: FACS 0x13FE0000 000040
[    0.000000] ACPI: SSDT 0x13FE0BAB 000C5A (v01 BOCHS  BXPCSSDT 00000001 B=
XPC 00000001)
[    0.000000] ACPI: APIC 0x13FE1805 000080 (v01 BOCHS  BXPCAPIC 00000001 B=
XPC 00000001)
[    0.000000] ACPI: HPET 0x13FE1885 000038 (v01 BOCHS  BXPCHPET 00000001 B=
XPC 00000001)
[    0.000000] ACPI: Local APIC address 0xfee00000
[    0.000000] mapped APIC to         ffffc000 (        fee00000)
[    0.000000] 0MB HIGHMEM available.
[    0.000000] 319MB LOWMEM available.
[    0.000000]   mapped low ram: 0 - 13fe0000
[    0.000000]   low ram: 0 - 13fe0000
[    0.000000] kvm-clock: Using msrs 4b564d01 and 4b564d00
[    0.000000] kvm-clock: cpu 0, msr 0:13fdf001, primary cpu clock
[    0.000000] Zone ranges:
[    0.000000]   DMA      [mem 0x0000000000001000-0x0000000000ffffff]
[    0.000000]   Normal   [mem 0x0000000001000000-0x0000000013fdffff]
[    0.000000]   HighMem  empty
[    0.000000] Movable zone start for each node
[    0.000000] Early memory node ranges
[    0.000000]   node   0: [mem 0x0000000000001000-0x000000000009efff]
[    0.000000]   node   0: [mem 0x0000000000100000-0x0000000013fdffff]
[    0.000000] Initmem setup node 0 [mem 0x0000000000001000-0x0000000013fdf=
fff]
[    0.000000] On node 0 totalpages: 81790
[    0.000000] free_area_init_node: node 0, pgdat c17b2540, node_mem_map d2=
4c3024
[    0.000000]   DMA zone: 36 pages used for memmap
[    0.000000]   DMA zone: 0 pages reserved
[    0.000000]   DMA zone: 3998 pages, LIFO batch:0
[    0.000000]   Normal zone: 684 pages used for memmap
[    0.000000]   Normal zone: 77792 pages, LIFO batch:15
[    0.000000] Using APIC driver default
[    0.000000] ACPI: PM-Timer IO Port: 0x608
[    0.000000] ACPI: Local APIC address 0xfee00000
[    0.000000] mapped APIC to         ffffc000 (        fee00000)
[    0.000000] ACPI: LAPIC (acpi_id[0x00] lapic_id[0x00] enabled)
[    0.000000] ACPI: LAPIC (acpi_id[0x01] lapic_id[0x01] enabled)
[    0.000000] ACPI: LAPIC_NMI (acpi_id[0xff] dfl dfl lint[0x1])
[    0.000000] ACPI: IOAPIC (id[0x00] address[0xfec00000] gsi_base[0])
[    0.000000] IOAPIC[0]: apic_id 0, version 17, address 0xfec00000, GSI 0-=
23
[    0.000000] ACPI: INT_SRC_OVR (bus 0 bus_irq 0 global_irq 2 dfl dfl)
[    0.000000] Int: type 0, pol 0, trig 0, bus 00, IRQ 00, APIC ID 0, APIC =
INT 02
[    0.000000] ACPI: INT_SRC_OVR (bus 0 bus_irq 5 global_irq 5 high level)
[    0.000000] Int: type 0, pol 1, trig 3, bus 00, IRQ 05, APIC ID 0, APIC =
INT 05
[    0.000000] ACPI: INT_SRC_OVR (bus 0 bus_irq 9 global_irq 9 high level)
[    0.000000] Int: type 0, pol 1, trig 3, bus 00, IRQ 09, APIC ID 0, APIC =
INT 09
[    0.000000] ACPI: INT_SRC_OVR (bus 0 bus_irq 10 global_irq 10 high level)
[    0.000000] Int: type 0, pol 1, trig 3, bus 00, IRQ 0a, APIC ID 0, APIC =
INT 0a
[    0.000000] ACPI: INT_SRC_OVR (bus 0 bus_irq 11 global_irq 11 high level)
[    0.000000] Int: type 0, pol 1, trig 3, bus 00, IRQ 0b, APIC ID 0, APIC =
INT 0b
[    0.000000] ACPI: IRQ0 used by override.
[    0.000000] Int: type 0, pol 0, trig 0, bus 00, IRQ 01, APIC ID 0, APIC =
INT 01
[    0.000000] Int: type 0, pol 0, trig 0, bus 00, IRQ 03, APIC ID 0, APIC =
INT 03
[    0.000000] Int: type 0, pol 0, trig 0, bus 00, IRQ 04, APIC ID 0, APIC =
INT 04
[    0.000000] ACPI: IRQ5 used by override.
[    0.000000] Int: type 0, pol 0, trig 0, bus 00, IRQ 06, APIC ID 0, APIC =
INT 06
[    0.000000] Int: type 0, pol 0, trig 0, bus 00, IRQ 07, APIC ID 0, APIC =
INT 07
[    0.000000] Int: type 0, pol 0, trig 0, bus 00, IRQ 08, APIC ID 0, APIC =
INT 08
[    0.000000] ACPI: IRQ9 used by override.
[    0.000000] ACPI: IRQ10 used by override.
[    0.000000] ACPI: IRQ11 used by override.
[    0.000000] Int: type 0, pol 0, trig 0, bus 00, IRQ 0c, APIC ID 0, APIC =
INT 0c
[    0.000000] Int: type 0, pol 0, trig 0, bus 00, IRQ 0d, APIC ID 0, APIC =
INT 0d
[    0.000000] Int: type 0, pol 0, trig 0, bus 00, IRQ 0e, APIC ID 0, APIC =
INT 0e
[    0.000000] Int: type 0, pol 0, trig 0, bus 00, IRQ 0f, APIC ID 0, APIC =
INT 0f
[    0.000000] Using ACPI (MADT) for SMP configuration information
[    0.000000] ACPI: HPET id: 0x8086a201 base: 0xfed00000
[    0.000000] smpboot: Allowing 2 CPUs, 0 hotplug CPUs
[    0.000000] mapped IOAPIC to ffffb000 (fec00000)
[    0.000000] e820: [mem 0x14000000-0xfeffbfff] available for PCI devices
[    0.000000] Booting paravirtualized kernel on KVM
[    0.000000] setup_percpu: NR_CPUS:32 nr_cpumask_bits:32 nr_cpu_ids:2 nr_=
node_ids:1
[    0.000000] PERCPU: Embedded 336 pages/cpu @d2221000 s1346560 r0 d29696 =
u1376256
[    0.000000] pcpu-alloc: s1346560 r0 d29696 u1376256 alloc=3D336*4096
[    0.000000] pcpu-alloc: [0] 0 [0] 1=20
[    0.000000] KVM setup async PF for cpu 0
[    0.000000] kvm-stealtime: cpu 0, msr 12224780
[    0.000000] Built 1 zonelists in Zone order, mobility grouping on.  Tota=
l pages: 81070
[    0.000000] Kernel command line: hung_task_panic=3D1 earlyprintk=3DttyS0=
,115200 debug apic=3Ddebug sysrq_always_enabled rcupdate.rcu_cpu_stall_time=
out=3D100 panic=3D-1 softlockup_panic=3D1 nmi_watchdog=3Dpanic oops=3Dpanic=
 load_ramdisk=3D2 prompt_ramdisk=3D0 console=3DttyS0,115200 console=3Dtty0 =
vga=3Dnormal  root=3D/dev/ram0 rw link=3D/kbuild-tests/run-queue/kvm/i386-r=
andconfig-x1-01141042/next:master:f7a7b53a90f7a489c4e435d1300db121f6b42776:=
bisect-linux-3/.vmlinuz-f7a7b53a90f7a489c4e435d1300db121f6b42776-2015012409=
3102-332-client9 branch=3Dnext/master BOOT_IMAGE=3D/kernel/i386-randconfig-=
x1-01141042/f7a7b53a90f7a489c4e435d1300db121f6b42776/vmlinuz-3.19.0-rc5-gf7=
a7b53 drbd.minor_count=3D8
[    0.000000] PID hash table entries: 2048 (order: 1, 8192 bytes)
[    0.000000] Dentry cache hash table entries: 65536 (order: 6, 262144 byt=
es)
[    0.000000] Inode-cache hash table entries: 32768 (order: 5, 131072 byte=
s)
[    0.000000] Initializing CPU#0
[    0.000000] Initializing HighMem for node 0 (00000000:00000000)
[    0.000000] Memory: 278912K/327160K available (4340K kernel code, 1731K =
rwdata, 3184K rodata, 1716K init, 6236K bss, 48248K reserved, 0K cma-reserv=
ed, 0K highmem)
[    0.000000] virtual kernel memory layout:
[    0.000000]     fixmap  : 0xffd36000 - 0xfffff000   (2852 kB)
[    0.000000]     pkmap   : 0xffa00000 - 0xffc00000   (2048 kB)
[    0.000000]     vmalloc : 0xd47e0000 - 0xff9fe000   ( 690 MB)
[    0.000000]     lowmem  : 0xc0000000 - 0xd3fe0000   ( 319 MB)
[    0.000000]       .init : 0xc190d000 - 0xc1aba000   (1716 kB)
[    0.000000]       .data : 0xc143d624 - 0xc190be80   (4922 kB)
[    0.000000]       .text : 0xc1000000 - 0xc143d624   (4341 kB)
[    0.000000] Checking if this processor honours the WP bit even in superv=
isor mode...Ok.
[    0.000000] Hierarchical RCU implementation.
[    0.000000] RCU: Adjusting geometry for rcu_fanout_leaf=3D16, nr_cpu_ids=
=3D2
[    0.000000] Testing tracer nop: PASSED
[    0.000000] NR_IRQS:2304 nr_irqs:440 16
[    0.000000] CPU 0 irqstacks, hard=3Dd1c1c000 soft=3Dd1c1e000
[    0.000000] console [ttyS0] enabled
[    0.000000] console [ttyS0] enabled
[    0.000000] Lock dependency validator: Copyright (c) 2006 Red Hat, Inc.,=
 Ingo Molnar
[    0.000000] Lock dependency validator: Copyright (c) 2006 Red Hat, Inc.,=
 Ingo Molnar
[    0.000000] ... MAX_LOCKDEP_SUBCLASSES:  8
[    0.000000] ... MAX_LOCKDEP_SUBCLASSES:  8
[    0.000000] ... MAX_LOCK_DEPTH:          48
[    0.000000] ... MAX_LOCK_DEPTH:          48
[    0.000000] ... MAX_LOCKDEP_KEYS:        8191
[    0.000000] ... MAX_LOCKDEP_KEYS:        8191
[    0.000000] ... CLASSHASH_SIZE:          4096
[    0.000000] ... CLASSHASH_SIZE:          4096
[    0.000000] ... MAX_LOCKDEP_ENTRIES:     32768
[    0.000000] ... MAX_LOCKDEP_ENTRIES:     32768
[    0.000000] ... MAX_LOCKDEP_CHAINS:      65536
[    0.000000] ... MAX_LOCKDEP_CHAINS:      65536
[    0.000000] ... CHAINHASH_SIZE:          32768
[    0.000000] ... CHAINHASH_SIZE:          32768
[    0.000000]  memory used by lock dependency info: 5151 kB
[    0.000000]  memory used by lock dependency info: 5151 kB
[    0.000000]  per task-struct memory footprint: 1920 bytes
[    0.000000]  per task-struct memory footprint: 1920 bytes
[    0.000000] ------------------------
[    0.000000] ------------------------
[    0.000000] | Locking API testsuite:
[    0.000000] | Locking API testsuite:
[    0.000000] ------------------------------------------------------------=
----------------
[    0.000000] ------------------------------------------------------------=
----------------
[    0.000000]                                  | spin |wlock |rlock |mutex=
 | wsem | rsem |
[    0.000000]                                  | spin |wlock |rlock |mutex=
 | wsem | rsem |
[    0.000000]   ----------------------------------------------------------=
----------------
[    0.000000]   ----------------------------------------------------------=
----------------
[    0.000000]                      A-A deadlock:
[    0.000000]                      A-A deadlock:failed|failed|failed|faile=
d|  ok  |  ok  |failed|failed|failed|failed|failed|failed|

[    0.000000]                  A-B-B-A deadlock:
[    0.000000]                  A-B-B-A deadlock:failed|failed|failed|faile=
d|  ok  |  ok  |failed|failed|failed|failed|failed|failed|

[    0.000000]              A-B-B-C-C-A deadlock:
[    0.000000]              A-B-B-C-C-A deadlock:failed|failed|failed|faile=
d|  ok  |  ok  |failed|failed|failed|failed|failed|failed|

[    0.000000]              A-B-C-A-B-C deadlock:
[    0.000000]              A-B-C-A-B-C deadlock:failed|failed|failed|faile=
d|  ok  |  ok  |failed|failed|failed|failed|failed|failed|

[    0.000000]          A-B-B-C-C-D-D-A deadlock:
[    0.000000]          A-B-B-C-C-D-D-A deadlock:failed|failed|failed|faile=
d|  ok  |  ok  |failed|failed|failed|failed|failed|failed|

[    0.000000]          A-B-C-D-B-D-D-A deadlock:
[    0.000000]          A-B-C-D-B-D-D-A deadlock:failed|failed|failed|faile=
d|  ok  |  ok  |failed|failed|failed|failed|failed|failed|

[    0.000000]          A-B-C-D-B-C-D-A deadlock:
[    0.000000]          A-B-C-D-B-C-D-A deadlock:failed|failed|failed|faile=
d|  ok  |  ok  |failed|failed|failed|failed|failed|failed|

[    0.000000]                     double unlock:
[    0.000000]                     double unlock:  ok  |  ok  |  ok  |  ok =
 |  ok  |  ok  |  ok  |  ok  |  ok  |  ok  |  ok  |  ok  |

[    0.000000]                   initialize held:
[    0.000000]                   initialize held:  ok  |  ok  |  ok  |  ok =
 |  ok  |  ok  |  ok  |  ok  |  ok  |  ok  |  ok  |  ok  |

[    0.000000]                  bad unlock order:
[    0.000000]                  bad unlock order:  ok  |  ok  |  ok  |  ok =
 |  ok  |  ok  |  ok  |  ok  |  ok  |  ok  |  ok  |  ok  |

[    0.000000]   ----------------------------------------------------------=
----------------
[    0.000000]   ----------------------------------------------------------=
----------------
[    0.000000]               recursive read-lock:
[    0.000000]               recursive read-lock:             |            =
 |  ok  |  ok  |             |             |failed|failed|

[    0.000000]            recursive read-lock #2:
[    0.000000]            recursive read-lock #2:             |            =
 |  ok  |  ok  |             |             |failed|failed|

[    0.000000]             mixed read-write-lock:
[    0.000000]             mixed read-write-lock:             |            =
 |failed|failed|             |             |failed|failed|

[    0.000000]             mixed write-read-lock:
[    0.000000]             mixed write-read-lock:             |            =
 |failed|failed|             |             |failed|failed|

[    0.000000]   ----------------------------------------------------------=
----------------
[    0.000000]   ----------------------------------------------------------=
----------------
[    0.000000]      hard-irqs-on + irq-safe-A/12:
[    0.000000]      hard-irqs-on + irq-safe-A/12:failed|failed|failed|faile=
d|  ok  |  ok  |

[    0.000000]      soft-irqs-on + irq-safe-A/12:
[    0.000000]      soft-irqs-on + irq-safe-A/12:failed|failed|failed|faile=
d|  ok  |  ok  |

[    0.000000]      hard-irqs-on + irq-safe-A/21:
[    0.000000]      hard-irqs-on + irq-safe-A/21:failed|failed|failed|faile=
d|  ok  |  ok  |

[    0.000000]      soft-irqs-on + irq-safe-A/21:
[    0.000000]      soft-irqs-on + irq-safe-A/21:failed|failed|failed|faile=
d|  ok  |  ok  |

[    0.000000]        sirq-safe-A =3D> hirqs-on/12:
[    0.000000]        sirq-safe-A =3D> hirqs-on/12:failed|failed|failed|fai=
led|  ok  |  ok  |

[    0.000000]        sirq-safe-A =3D> hirqs-on/21:
[    0.000000]        sirq-safe-A =3D> hirqs-on/21:failed|failed|failed|fai=
led|  ok  |  ok  |

[    0.000000]          hard-safe-A + irqs-on/12:
[    0.000000]          hard-safe-A + irqs-on/12:failed|failed|failed|faile=
d|  ok  |  ok  |

[    0.000000]          soft-safe-A + irqs-on/12:
[    0.000000]          soft-safe-A + irqs-on/12:failed|failed|failed|faile=
d|  ok  |  ok  |

[    0.000000]          hard-safe-A + irqs-on/21:
[    0.000000]          hard-safe-A + irqs-on/21:failed|failed|failed|faile=
d|  ok  |  ok  |

[    0.000000]          soft-safe-A + irqs-on/21:
[    0.000000]          soft-safe-A + irqs-on/21:failed|failed|failed|faile=
d|  ok  |  ok  |

[    0.000000]     hard-safe-A + unsafe-B #1/123:
[    0.000000]     hard-safe-A + unsafe-B #1/123:failed|failed|failed|faile=
d|  ok  |  ok  |

[    0.000000]     soft-safe-A + unsafe-B #1/123:
[    0.000000]     soft-safe-A + unsafe-B #1/123:failed|failed|failed|faile=
d|  ok  |  ok  |

[    0.000000]     hard-safe-A + unsafe-B #1/132:
[    0.000000]     hard-safe-A + unsafe-B #1/132:failed|failed|failed|faile=
d|  ok  |  ok  |

[    0.000000]     soft-safe-A + unsafe-B #1/132:
[    0.000000]     soft-safe-A + unsafe-B #1/132:failed|failed|failed|faile=
d|  ok  |  ok  |

[    0.000000]     hard-safe-A + unsafe-B #1/213:
[    0.000000]     hard-safe-A + unsafe-B #1/213:failed|failed|failed|faile=
d|  ok  |  ok  |

[    0.000000]     soft-safe-A + unsafe-B #1/213:
[    0.000000]     soft-safe-A + unsafe-B #1/213:failed|failed|failed|faile=
d|  ok  |  ok  |

[    0.000000]     hard-safe-A + unsafe-B #1/231:
[    0.000000]     hard-safe-A + unsafe-B #1/231:failed|failed|failed|faile=
d|  ok  |  ok  |

[    0.000000]     soft-safe-A + unsafe-B #1/231:
[    0.000000]     soft-safe-A + unsafe-B #1/231:failed|failed|failed|faile=
d|  ok  |  ok  |

[    0.000000]     hard-safe-A + unsafe-B #1/312:
[    0.000000]     hard-safe-A + unsafe-B #1/312:failed|failed|failed|faile=
d|  ok  |  ok  |

[    0.000000]     soft-safe-A + unsafe-B #1/312:
[    0.000000]     soft-safe-A + unsafe-B #1/312:failed|failed|failed|faile=
d|  ok  |  ok  |

[    0.000000]     hard-safe-A + unsafe-B #1/321:
[    0.000000]     hard-safe-A + unsafe-B #1/321:failed|failed|failed|faile=
d|  ok  |  ok  |

[    0.000000]     soft-safe-A + unsafe-B #1/321:
[    0.000000]     soft-safe-A + unsafe-B #1/321:failed|failed|failed|faile=
d|  ok  |  ok  |

[    0.000000]     hard-safe-A + unsafe-B #2/123:
[    0.000000]     hard-safe-A + unsafe-B #2/123:failed|failed|failed|faile=
d|  ok  |  ok  |

[    0.000000]     soft-safe-A + unsafe-B #2/123:
[    0.000000]     soft-safe-A + unsafe-B #2/123:failed|failed|failed|faile=
d|  ok  |  ok  |

[    0.000000]     hard-safe-A + unsafe-B #2/132:
[    0.000000]     hard-safe-A + unsafe-B #2/132:failed|failed|failed|faile=
d|  ok  |  ok  |

[    0.000000]     soft-safe-A + unsafe-B #2/132:
[    0.000000]     soft-safe-A + unsafe-B #2/132:failed|failed|failed|faile=
d|  ok  |  ok  |

[    0.000000]     hard-safe-A + unsafe-B #2/213:
[    0.000000]     hard-safe-A + unsafe-B #2/213:failed|failed|failed|faile=
d|  ok  |  ok  |

[    0.000000]     soft-safe-A + unsafe-B #2/213:
[    0.000000]     soft-safe-A + unsafe-B #2/213:failed|failed|failed|faile=
d|  ok  |  ok  |

[    0.000000]     hard-safe-A + unsafe-B #2/231:
[    0.000000]     hard-safe-A + unsafe-B #2/231:failed|failed|failed|faile=
d|  ok  |  ok  |

[    0.000000]     soft-safe-A + unsafe-B #2/231:
[    0.000000]     soft-safe-A + unsafe-B #2/231:failed|failed|failed|faile=
d|  ok  |  ok  |

[    0.000000]     hard-safe-A + unsafe-B #2/312:
[    0.000000]     hard-safe-A + unsafe-B #2/312:failed|failed|failed|faile=
d|  ok  |  ok  |

[    0.000000]     soft-safe-A + unsafe-B #2/312:
[    0.000000]     soft-safe-A + unsafe-B #2/312:failed|failed|failed|faile=
d|  ok  |  ok  |

[    0.000000]     hard-safe-A + unsafe-B #2/321:
[    0.000000]     hard-safe-A + unsafe-B #2/321:failed|failed|failed|faile=
d|  ok  |  ok  |

[    0.000000]     soft-safe-A + unsafe-B #2/321:
[    0.000000]     soft-safe-A + unsafe-B #2/321:failed|failed|failed|faile=
d|  ok  |  ok  |

[    0.000000]       hard-irq lock-inversion/123:
[    0.000000]       hard-irq lock-inversion/123:failed|failed|failed|faile=
d|  ok  |  ok  |

[    0.000000]       soft-irq lock-inversion/123:
[    0.000000]       soft-irq lock-inversion/123:failed|failed|failed|faile=
d|  ok  |  ok  |

[    0.000000]       hard-irq lock-inversion/132:
[    0.000000]       hard-irq lock-inversion/132:failed|failed|failed|faile=
d|  ok  |  ok  |

[    0.000000]       soft-irq lock-inversion/132:
[    0.000000]       soft-irq lock-inversion/132:failed|failed|failed|faile=
d|  ok  |  ok  |

[    0.000000]       hard-irq lock-inversion/213:
[    0.000000]       hard-irq lock-inversion/213:failed|failed|failed|faile=
d|  ok  |  ok  |

[    0.000000]       soft-irq lock-inversion/213:
[    0.000000]       soft-irq lock-inversion/213:failed|failed|failed|faile=
d|  ok  |  ok  |

[    0.000000]       hard-irq lock-inversion/231:
[    0.000000]       hard-irq lock-inversion/231:failed|failed|failed|faile=
d|  ok  |  ok  |

[    0.000000]       soft-irq lock-inversion/231:
[    0.000000]       soft-irq lock-inversion/231:failed|failed|failed|faile=
d|  ok  |  ok  |

[    0.000000]       hard-irq lock-inversion/312:
[    0.000000]       hard-irq lock-inversion/312:failed|failed|failed|faile=
d|  ok  |  ok  |

[    0.000000]       soft-irq lock-inversion/312:
[    0.000000]       soft-irq lock-inversion/312:failed|failed|failed|faile=
d|  ok  |  ok  |

[    0.000000]       hard-irq lock-inversion/321:
[    0.000000]       hard-irq lock-inversion/321:failed|failed|failed|faile=
d|  ok  |  ok  |

[    0.000000]       soft-irq lock-inversion/321:
[    0.000000]       soft-irq lock-inversion/321:failed|failed|failed|faile=
d|  ok  |  ok  |

[    0.000000]       hard-irq read-recursion/123:
[    0.000000]       hard-irq read-recursion/123:  ok  |  ok  |

[    0.000000]       soft-irq read-recursion/123:
[    0.000000]       soft-irq read-recursion/123:  ok  |  ok  |

[    0.000000]       hard-irq read-recursion/132:
[    0.000000]       hard-irq read-recursion/132:  ok  |  ok  |

[    0.000000]       soft-irq read-recursion/132:
[    0.000000]       soft-irq read-recursion/132:  ok  |  ok  |

[    0.000000]       hard-irq read-recursion/213:
[    0.000000]       hard-irq read-recursion/213:  ok  |  ok  |

[    0.000000]       soft-irq read-recursion/213:
[    0.000000]       soft-irq read-recursion/213:  ok  |  ok  |

[    0.000000]       hard-irq read-recursion/231:
[    0.000000]       hard-irq read-recursion/231:  ok  |  ok  |

[    0.000000]       soft-irq read-recursion/231:
[    0.000000]       soft-irq read-recursion/231:  ok  |  ok  |

[    0.000000]       hard-irq read-recursion/312:
[    0.000000]       hard-irq read-recursion/312:  ok  |  ok  |

[    0.000000]       soft-irq read-recursion/312:
[    0.000000]       soft-irq read-recursion/312:  ok  |  ok  |

[    0.000000]       hard-irq read-recursion/321:
[    0.000000]       hard-irq read-recursion/321:  ok  |  ok  |

[    0.000000]       soft-irq read-recursion/321:
[    0.000000]       soft-irq read-recursion/321:  ok  |  ok  |

[    0.000000]   ----------------------------------------------------------=
----------------
[    0.000000]   ----------------------------------------------------------=
----------------
[    0.000000]   | Wound/wait tests |
[    0.000000]   | Wound/wait tests |
[    0.000000]   ---------------------
[    0.000000]   ---------------------
[    0.000000]                   ww api failures:
[    0.000000]                   ww api failures:  ok  |  ok  |  ok  |  ok =
 |  ok  |  ok  |

[    0.000000]                ww contexts mixing:
[    0.000000]                ww contexts mixing:failed|failed|  ok  |  ok =
 |

[    0.000000]              finishing ww context:
[    0.000000]              finishing ww context:  ok  |  ok  |  ok  |  ok =
 |  ok  |  ok  |  ok  |  ok  |

[    0.000000]                locking mismatches:
[    0.000000]                locking mismatches:  ok  |  ok  |  ok  |  ok =
 |  ok  |  ok  |

[    0.000000]                  EDEADLK handling:
[    0.000000]                  EDEADLK handling:  ok  |  ok  |  ok  |  ok =
 |  ok  |  ok  |  ok  |  ok  |  ok  |  ok  |  ok  |  ok  |  ok  |  ok  |  o=
k  |  ok  |  ok  |  ok  |  ok  |  ok  |

[    0.000000]            spinlock nest unlocked:
[    0.000000]            spinlock nest unlocked:  ok  |  ok  |

[    0.000000]   -----------------------------------------------------
[    0.000000]   -----------------------------------------------------
[    0.000000]                                  |block | try  |context|
[    0.000000]                                  |block | try  |context|
[    0.000000]   -----------------------------------------------------
[    0.000000]   -----------------------------------------------------
[    0.000000]                           context:
[    0.000000]                           context:failed|failed|  ok  |  ok =
 |  ok  |  ok  |

[    0.000000]                               try:
[    0.000000]                               try:failed|failed|  ok  |  ok =
 |failed|failed|

[    0.000000]                             block:
[    0.000000]                             block:failed|failed|  ok  |  ok =
 |failed|failed|

[    0.000000]                          spinlock:
[    0.000000]                          spinlock:failed|failed|  ok  |  ok =
 |failed|failed|

[    0.000000] --------------------------------------------------------
[    0.000000] --------------------------------------------------------
[    0.000000] 141 out of 253 testcases failed, as expected. |
[    0.000000] 141 out of 253 testcases failed, as expected. |
[    0.000000] ----------------------------------------------------
[    0.000000] ----------------------------------------------------
[    0.000000] hpet clockevent registered
[    0.000000] hpet clockevent registered
[    0.000000] tsc: Detected 2925.998 MHz processor
[    0.000000] tsc: Detected 2925.998 MHz processor
[    0.006666] Calibrating delay loop (skipped) preset value..=20
[    0.006666] Calibrating delay loop (skipped) preset value.. 5854.82 Bogo=
MIPS (lpj=3D9753326)
5854.82 BogoMIPS (lpj=3D9753326)
[    0.006682] pid_max: default: 32768 minimum: 301
[    0.006682] pid_max: default: 32768 minimum: 301
[    0.007767] ACPI: Core revision 20141107
[    0.007767] ACPI: Core revision 20141107
[    0.028993] ACPI:=20
[    0.028993] ACPI: All ACPI Tables successfully acquiredAll ACPI Tables s=
uccessfully acquired

[    0.030232] Mount-cache hash table entries: 1024 (order: 0, 4096 bytes)
[    0.030232] Mount-cache hash table entries: 1024 (order: 0, 4096 bytes)
[    0.033344] Mountpoint-cache hash table entries: 1024 (order: 0, 4096 by=
tes)
[    0.033344] Mountpoint-cache hash table entries: 1024 (order: 0, 4096 by=
tes)
[    0.035457] Initializing cgroup subsys memory
[    0.035457] Initializing cgroup subsys memory
[    0.036465] Initializing cgroup subsys devices
[    0.036465] Initializing cgroup subsys devices
[    0.036710] Initializing cgroup subsys freezer
[    0.036710] Initializing cgroup subsys freezer
[    0.037878] Initializing cgroup subsys perf_event
[    0.037878] Initializing cgroup subsys perf_event
[    0.040025] Initializing cgroup subsys hugetlb
[    0.040025] Initializing cgroup subsys hugetlb
[    0.041299] Last level iTLB entries: 4KB 0, 2MB 0, 4MB 0
[    0.041299] Last level dTLB entries: 4KB 0, 2MB 0, 4MB 0, 1GB 0
[    0.041299] Last level iTLB entries: 4KB 0, 2MB 0, 4MB 0
[    0.041299] Last level dTLB entries: 4KB 0, 2MB 0, 4MB 0, 1GB 0
[    0.043762] Freeing SMP alternatives memory: 8K (c1aba000 - c1abc000)
[    0.043762] Freeing SMP alternatives memory: 8K (c1aba000 - c1abc000)
[    0.047312] Getting VERSION: 1050014
[    0.047312] Getting VERSION: 1050014
[    0.048158] Getting VERSION: 1050014
[    0.048158] Getting VERSION: 1050014
[    0.049111] Getting ID: 0
[    0.049111] Getting ID: 0
[    0.049750] Getting ID: f000000
[    0.049750] Getting ID: f000000
[    0.050027] Getting LVT0: 8700
[    0.050027] Getting LVT0: 8700
[    0.050850] Getting LVT1: 8400
[    0.050850] Getting LVT1: 8400
[    0.051621] Enabling APIC mode:  Flat.  Using 1 I/O APICs
[    0.051621] Enabling APIC mode:  Flat.  Using 1 I/O APICs
[    0.053431] enabled ExtINT on CPU#0
[    0.053431] enabled ExtINT on CPU#0
[    0.055441] ENABLING IO-APIC IRQs
[    0.055441] ENABLING IO-APIC IRQs
[    0.056403] init IO_APIC IRQs
[    0.056403] init IO_APIC IRQs
[    0.060010]  apic 0 pin 0 not connected
[    0.060010]  apic 0 pin 0 not connected
[    0.060899] IOAPIC[0]: Set routing entry (0-1 -> 0x31 -> IRQ 1 Mode:0 Ac=
tive:0 Dest:1)
[    0.060899] IOAPIC[0]: Set routing entry (0-1 -> 0x31 -> IRQ 1 Mode:0 Ac=
tive:0 Dest:1)
[    0.062880] IOAPIC[0]: Set routing entry (0-2 -> 0x30 -> IRQ 0 Mode:0 Ac=
tive:0 Dest:1)
[    0.062880] IOAPIC[0]: Set routing entry (0-2 -> 0x30 -> IRQ 0 Mode:0 Ac=
tive:0 Dest:1)
[    0.063376] IOAPIC[0]: Set routing entry (0-2 -> 0x30 -> IRQ 0 Mode:0 Ac=
tive:0 Dest:1)
[    0.063376] IOAPIC[0]: Set routing entry (0-2 -> 0x30 -> IRQ 0 Mode:0 Ac=
tive:0 Dest:1)
[    0.066709] IOAPIC[0]: Set routing entry (0-3 -> 0x33 -> IRQ 3 Mode:0 Ac=
tive:0 Dest:1)
[    0.066709] IOAPIC[0]: Set routing entry (0-3 -> 0x33 -> IRQ 3 Mode:0 Ac=
tive:0 Dest:1)
[    0.068670] IOAPIC[0]: Set routing entry (0-4 -> 0x34 -> IRQ 4 Mode:0 Ac=
tive:0 Dest:1)
[    0.068670] IOAPIC[0]: Set routing entry (0-4 -> 0x34 -> IRQ 4 Mode:0 Ac=
tive:0 Dest:1)
[    0.070058] IOAPIC[0]: Set routing entry (0-5 -> 0x35 -> IRQ 5 Mode:1 Ac=
tive:0 Dest:1)
[    0.070058] IOAPIC[0]: Set routing entry (0-5 -> 0x35 -> IRQ 5 Mode:1 Ac=
tive:0 Dest:1)
[    0.073382] IOAPIC[0]: Set routing entry (0-6 -> 0x36 -> IRQ 6 Mode:0 Ac=
tive:0 Dest:1)
[    0.073382] IOAPIC[0]: Set routing entry (0-6 -> 0x36 -> IRQ 6 Mode:0 Ac=
tive:0 Dest:1)
[    0.075395] IOAPIC[0]: Set routing entry (0-7 -> 0x37 -> IRQ 7 Mode:0 Ac=
tive:0 Dest:1)
[    0.075395] IOAPIC[0]: Set routing entry (0-7 -> 0x37 -> IRQ 7 Mode:0 Ac=
tive:0 Dest:1)
[    0.076724] IOAPIC[0]: Set routing entry (0-8 -> 0x38 -> IRQ 8 Mode:0 Ac=
tive:0 Dest:1)
[    0.076724] IOAPIC[0]: Set routing entry (0-8 -> 0x38 -> IRQ 8 Mode:0 Ac=
tive:0 Dest:1)
[    0.080036] IOAPIC[0]: Set routing entry (0-9 -> 0x39 -> IRQ 9 Mode:1 Ac=
tive:0 Dest:1)
[    0.080036] IOAPIC[0]: Set routing entry (0-9 -> 0x39 -> IRQ 9 Mode:1 Ac=
tive:0 Dest:1)
[    0.083375] IOAPIC[0]: Set routing entry (0-10 -> 0x3a -> IRQ 10 Mode:1 =
Active:0 Dest:1)
[    0.083375] IOAPIC[0]: Set routing entry (0-10 -> 0x3a -> IRQ 10 Mode:1 =
Active:0 Dest:1)
[    0.086714] IOAPIC[0]: Set routing entry (0-11 -> 0x3b -> IRQ 11 Mode:1 =
Active:0 Dest:1)
[    0.086714] IOAPIC[0]: Set routing entry (0-11 -> 0x3b -> IRQ 11 Mode:1 =
Active:0 Dest:1)
[    0.088633] IOAPIC[0]: Set routing entry (0-12 -> 0x3c -> IRQ 12 Mode:0 =
Active:0 Dest:1)
[    0.088633] IOAPIC[0]: Set routing entry (0-12 -> 0x3c -> IRQ 12 Mode:0 =
Active:0 Dest:1)
[    0.090052] IOAPIC[0]: Set routing entry (0-13 -> 0x3d -> IRQ 13 Mode:0 =
Active:0 Dest:1)
[    0.090052] IOAPIC[0]: Set routing entry (0-13 -> 0x3d -> IRQ 13 Mode:0 =
Active:0 Dest:1)
[    0.092086] IOAPIC[0]: Set routing entry (0-14 -> 0x3e -> IRQ 14 Mode:0 =
Active:0 Dest:1)
[    0.092086] IOAPIC[0]: Set routing entry (0-14 -> 0x3e -> IRQ 14 Mode:0 =
Active:0 Dest:1)
[    0.093391] IOAPIC[0]: Set routing entry (0-15 -> 0x3f -> IRQ 15 Mode:0 =
Active:0 Dest:1)
[    0.093391] IOAPIC[0]: Set routing entry (0-15 -> 0x3f -> IRQ 15 Mode:0 =
Active:0 Dest:1)
[    0.096705]  apic 0 pin 16 not connected
[    0.096705]  apic 0 pin 16 not connected
[    0.097606]  apic 0 pin 17 not connected
[    0.097606]  apic 0 pin 17 not connected
[    0.100009]  apic 0 pin 18 not connected
[    0.100009]  apic 0 pin 18 not connected
[    0.100909]  apic 0 pin 19 not connected
[    0.100909]  apic 0 pin 19 not connected
[    0.101917]  apic 0 pin 20 not connected
[    0.101917]  apic 0 pin 20 not connected
[    0.103349]  apic 0 pin 21 not connected
[    0.103349]  apic 0 pin 21 not connected
[    0.106672]  apic 0 pin 22 not connected
[    0.106672]  apic 0 pin 22 not connected
[    0.107557]  apic 0 pin 23 not connected
[    0.107557]  apic 0 pin 23 not connected
[    0.108632] ..TIMER: vector=3D0x30 apic1=3D0 pin1=3D2 apic2=3D-1 pin2=3D=
-1
[    0.108632] ..TIMER: vector=3D0x30 apic1=3D0 pin1=3D2 apic2=3D-1 pin2=3D=
-1
[    0.110013] smpboot: CPU0:=20
[    0.110013] smpboot: CPU0: Intel Intel Common KVM processorCommon KVM pr=
ocessor (fam: 0f, model: 06 (fam: 0f, model: 06, stepping: 01)
, stepping: 01)
[    0.117243] Using local APIC timer interrupts.
[    0.117243] calibrating APIC timer ...
[    0.117243] Using local APIC timer interrupts.
[    0.117243] calibrating APIC timer ...
[    0.123333] ... lapic delta =3D 12083431
[    0.123333] ... lapic delta =3D 12083431
[    0.123333] ... PM-Timer delta =3D 692054
[    0.123333] ... PM-Timer delta =3D 692054
[    0.123333] APIC calibration not consistent with PM-Timer: 193ms instead=
 of 100ms
[    0.123333] APIC calibration not consistent with PM-Timer: 193ms instead=
 of 100ms
[    0.123333] APIC delta adjusted to PM-Timer: 6249963 (12083431)
[    0.123333] APIC delta adjusted to PM-Timer: 6249963 (12083431)
[    0.123333] TSC delta adjusted to PM-Timer: 292599887 (565700964)
[    0.123333] TSC delta adjusted to PM-Timer: 292599887 (565700964)
[    0.123333] ..... delta 6249963
[    0.123333] ..... delta 6249963
[    0.123333] ..... mult: 268433893
[    0.123333] ..... mult: 268433893
[    0.123333] ..... calibration result: 3333313
[    0.123333] ..... calibration result: 3333313
[    0.123333] ..... CPU clock speed is 2926.0971 MHz.
[    0.123333] ..... CPU clock speed is 2926.0971 MHz.
[    0.123333] ..... host bus clock speed is 1000.0313 MHz.
[    0.123333] ..... host bus clock speed is 1000.0313 MHz.
[    0.123474] Performance Events:=20
[    0.123474] Performance Events: unsupported Netburst CPU model 6 unsuppo=
rted Netburst CPU model 6 no PMU driver, software events only.
no PMU driver, software events only.
[    0.134523] NMI watchdog: disabled (cpu0): hardware events not enabled
[    0.134523] NMI watchdog: disabled (cpu0): hardware events not enabled
[    0.137204] CPU 1 irqstacks, hard=3Dd1ccc000 soft=3Dd1cce000
[    0.137204] CPU 1 irqstacks, hard=3Dd1ccc000 soft=3Dd1cce000
[    0.140008] x86: Booting SMP configuration:
[    0.140008] x86: Booting SMP configuration:
[    0.143347] .... node  #0, CPUs: =20
[    0.143347] .... node  #0, CPUs:         #1 #1
[    0.003333] Initializing CPU#1
[    0.006666] kvm-clock: cpu 1, msr 0:13fdf041, secondary cpu clock
[    0.006666] masked ExtINT on CPU#1
[    0.186766] x86: Booted up 1 node, 2 CPUs
[    0.186766] x86: Booted up 1 node, 2 CPUs
[    0.187653] smpboot: Total of 2 processors activated (11708.65 BogoMIPS)
[    0.187653] smpboot: Total of 2 processors activated (11708.65 BogoMIPS)
[    0.190991] devtmpfs: initialized
[    0.190991] devtmpfs: initialized
[    0.186680] KVM setup async PF for cpu 1
[    0.186680] KVM setup async PF for cpu 1
[    0.186680] kvm-stealtime: cpu 1, msr 12374780
[    0.186680] kvm-stealtime: cpu 1, msr 12374780
[    0.246697] Testing tracer function:=20
[    0.246697] Testing tracer function: PASSED
PASSED
[    0.401476] Testing ftrace regs(no arch support):=20
[    0.401476] Testing ftrace regs(no arch support): PASSED
PASSED
[    0.496690] Testing tracer irqsoff:=20
[    0.496690] Testing tracer irqsoff: PASSED
PASSED
[    0.620598] prandom: seed boundary self test passed
[    0.620598] prandom: seed boundary self test passed
[    0.622566] prandom: 100 self tests passed
[    0.622566] prandom: 100 self tests passed
[    0.624602] NET: Registered protocol family 16
[    0.624602] NET: Registered protocol family 16
[    0.640022] cpuidle: using governor ladder
[    0.640022] cpuidle: using governor ladder
[    0.653355] cpuidle: using governor menu
[    0.653355] cpuidle: using governor menu
[    0.654694] ACPI: bus type PCI registered
[    0.654694] ACPI: bus type PCI registered
[    0.658639] PCI : PCI BIOS area is rw and x. Use pci=3Dnobios if you wan=
t it NX.
[    0.658639] PCI : PCI BIOS area is rw and x. Use pci=3Dnobios if you wan=
t it NX.
[    0.660015] PCI: PCI BIOS revision 2.10 entry at 0xfd456, last bus=3D0
[    0.660015] PCI: PCI BIOS revision 2.10 entry at 0xfd456, last bus=3D0
[    0.661427] PCI: Using configuration type 1 for base access
[    0.661427] PCI: Using configuration type 1 for base access
[    0.720090] Running resizable hashtable tests...
[    0.720090] Running resizable hashtable tests...
[    0.721106]   Adding 2048 keys
[    0.721106]   Adding 2048 keys
[    1.085811]   Traversal complete: counted=3D2048, nelems=3D2048, entries=
=3D2048
[    1.085811]   Traversal complete: counted=3D2048, nelems=3D2048, entries=
=3D2048
[    1.086957]   Table expansion iteration 0...
[    1.086957]   Table expansion iteration 0...
[    1.136732]   Verifying lookups...
[    1.136732]   Verifying lookups...
[    1.137899]   Table expansion iteration 1...
[    1.137899]   Table expansion iteration 1...
[    1.176765]   Verifying lookups...
[    1.176765]   Verifying lookups...
[    1.177873]   Table expansion iteration 2...
[    1.177873]   Table expansion iteration 2...
[    1.203492]   Verifying lookups...
[    1.203492]   Verifying lookups...
[    1.204594]   Table expansion iteration 3...
[    1.204594]   Table expansion iteration 3...
[    1.230279]   Verifying lookups...
[    1.230279]   Verifying lookups...
[    1.231311]   Table shrinkage iteration 0...
[    1.231311]   Table shrinkage iteration 0...
[    1.243368]   Verifying lookups...
[    1.243368]   Verifying lookups...
[    1.244510]   Table shrinkage iteration 1...
[    1.244510]   Table shrinkage iteration 1...
[    1.256702]   Verifying lookups...
[    1.256702]   Verifying lookups...
[    1.257737]   Table shrinkage iteration 2...
[    1.257737]   Table shrinkage iteration 2...
[    1.270028]   Verifying lookups...
[    1.270028]   Verifying lookups...
[    1.271022]   Table shrinkage iteration 3...
[    1.271022]   Table shrinkage iteration 3...
[    1.283360]   Verifying lookups...
[    1.283360]   Verifying lookups...
[    1.284635]   Traversal complete: counted=3D2048, nelems=3D2048, entries=
=3D2048
[    1.284635]   Traversal complete: counted=3D2048, nelems=3D2048, entries=
=3D2048
[    1.286323]   Deleting 2048 keys
[    1.286323]   Deleting 2048 keys
[    1.417235] ACPI: Added _OSI(Module Device)
[    1.417235] ACPI: Added _OSI(Module Device)
[    1.418324] ACPI: Added _OSI(Processor Device)
[    1.418324] ACPI: Added _OSI(Processor Device)
[    1.419431] ACPI: Added _OSI(3.0 _SCP Extensions)
[    1.419431] ACPI: Added _OSI(3.0 _SCP Extensions)
[    1.420011] ACPI: Added _OSI(Processor Aggregator Device)
[    1.420011] ACPI: Added _OSI(Processor Aggregator Device)
[    1.425683] IOAPIC[0]: Set routing entry (0-9 -> 0x39 -> IRQ 9 Mode:1 Ac=
tive:0 Dest:3)
[    1.425683] IOAPIC[0]: Set routing entry (0-9 -> 0x39 -> IRQ 9 Mode:1 Ac=
tive:0 Dest:3)
[    1.444927] ACPI: Interpreter enabled
[    1.444927] ACPI: Interpreter enabled
[    1.446703] ACPI: (supports S0 S5)
[    1.446703] ACPI: (supports S0 S5)
[    1.447598] ACPI: Using IOAPIC for interrupt routing
[    1.447598] ACPI: Using IOAPIC for interrupt routing
[    1.448998] PCI: Using host bridge windows from ACPI; if necessary, use =
"pci=3Dnocrs" and report a bug
[    1.448998] PCI: Using host bridge windows from ACPI; if necessary, use =
"pci=3Dnocrs" and report a bug
[    1.494068] ACPI: PCI Root Bridge [PCI0] (domain 0000 [bus 00-ff])
[    1.494068] ACPI: PCI Root Bridge [PCI0] (domain 0000 [bus 00-ff])
[    1.496684] acpi PNP0A03:00: _OSC: OS supports [Segments]
[    1.496684] acpi PNP0A03:00: _OSC: OS supports [Segments]
[    1.498078] acpi PNP0A03:00: _OSC failed (AE_NOT_FOUND); disabling ASPM
[    1.498078] acpi PNP0A03:00: _OSC failed (AE_NOT_FOUND); disabling ASPM
[    1.500751] acpi PNP0A03:00: fail to add MMCONFIG information, can't acc=
ess extended PCI configuration space under this bridge.
[    1.500751] acpi PNP0A03:00: fail to add MMCONFIG information, can't acc=
ess extended PCI configuration space under this bridge.
[    1.503562] PCI host bridge to bus 0000:00
[    1.503562] PCI host bridge to bus 0000:00
[    1.506681] pci_bus 0000:00: root bus resource [bus 00-ff]
[    1.506681] pci_bus 0000:00: root bus resource [bus 00-ff]
[    1.507843] pci_bus 0000:00: root bus resource [io  0x0000-0x0cf7]
[    1.507843] pci_bus 0000:00: root bus resource [io  0x0000-0x0cf7]
[    1.510011] pci_bus 0000:00: root bus resource [io  0x0d00-0xadff]
[    1.510011] pci_bus 0000:00: root bus resource [io  0x0d00-0xadff]
[    1.511344] pci_bus 0000:00: root bus resource [io  0xae0f-0xaeff]
[    1.511344] pci_bus 0000:00: root bus resource [io  0xae0f-0xaeff]
[    1.513346] pci_bus 0000:00: root bus resource [io  0xaf20-0xafdf]
[    1.513346] pci_bus 0000:00: root bus resource [io  0xaf20-0xafdf]
[    1.514668] pci_bus 0000:00: root bus resource [io  0xafe4-0xffff]
[    1.514668] pci_bus 0000:00: root bus resource [io  0xafe4-0xffff]
[    1.516679] pci_bus 0000:00: root bus resource [mem 0x000a0000-0x000bfff=
f]
[    1.516679] pci_bus 0000:00: root bus resource [mem 0x000a0000-0x000bfff=
f]
[    1.518132] pci_bus 0000:00: root bus resource [mem 0x14000000-0xfebffff=
f]
[    1.518132] pci_bus 0000:00: root bus resource [mem 0x14000000-0xfebffff=
f]
[    1.520084] pci 0000:00:00.0: [8086:1237] type 00 class 0x060000
[    1.520084] pci 0000:00:00.0: [8086:1237] type 00 class 0x060000
[    1.524486] pci 0000:00:01.0: [8086:7000] type 00 class 0x060100
[    1.524486] pci 0000:00:01.0: [8086:7000] type 00 class 0x060100
[    1.536916] pci 0000:00:01.1: [8086:7010] type 00 class 0x010180
[    1.536916] pci 0000:00:01.1: [8086:7010] type 00 class 0x010180
[    1.544303] pci 0000:00:01.1: reg 0x20: [io  0xc040-0xc04f]
[    1.544303] pci 0000:00:01.1: reg 0x20: [io  0xc040-0xc04f]
[    1.547934] pci 0000:00:01.1: legacy IDE quirk: reg 0x10: [io  0x01f0-0x=
01f7]
[    1.547934] pci 0000:00:01.1: legacy IDE quirk: reg 0x10: [io  0x01f0-0x=
01f7]
[    1.550008] pci 0000:00:01.1: legacy IDE quirk: reg 0x14: [io  0x03f6]
[    1.550008] pci 0000:00:01.1: legacy IDE quirk: reg 0x14: [io  0x03f6]
[    1.553341] pci 0000:00:01.1: legacy IDE quirk: reg 0x18: [io  0x0170-0x=
0177]
[    1.553341] pci 0000:00:01.1: legacy IDE quirk: reg 0x18: [io  0x0170-0x=
0177]
[    1.556674] pci 0000:00:01.1: legacy IDE quirk: reg 0x1c: [io  0x0376]
[    1.556674] pci 0000:00:01.1: legacy IDE quirk: reg 0x1c: [io  0x0376]
[    1.563532] pci 0000:00:01.3: [8086:7113] type 00 class 0x068000
[    1.563532] pci 0000:00:01.3: [8086:7113] type 00 class 0x068000
[    1.565257] pci 0000:00:01.3: quirk: [io  0x0600-0x063f] claimed by PIIX=
4 ACPI
[    1.565257] pci 0000:00:01.3: quirk: [io  0x0600-0x063f] claimed by PIIX=
4 ACPI
[    1.566687] pci 0000:00:01.3: quirk: [io  0x0700-0x070f] claimed by PIIX=
4 SMB
[    1.566687] pci 0000:00:01.3: quirk: [io  0x0700-0x070f] claimed by PIIX=
4 SMB
[    1.570890] pci 0000:00:02.0: [1013:00b8] type 00 class 0x030000
[    1.570890] pci 0000:00:02.0: [1013:00b8] type 00 class 0x030000
[    1.574663] pci 0000:00:02.0: reg 0x10: [mem 0xfc000000-0xfdffffff pref]
[    1.574663] pci 0000:00:02.0: reg 0x10: [mem 0xfc000000-0xfdffffff pref]
[    1.580577] pci 0000:00:02.0: reg 0x14: [mem 0xfebf0000-0xfebf0fff]
[    1.580577] pci 0000:00:02.0: reg 0x14: [mem 0xfebf0000-0xfebf0fff]
[    1.591864] pci 0000:00:02.0: reg 0x30: [mem 0xfebe0000-0xfebeffff pref]
[    1.591864] pci 0000:00:02.0: reg 0x30: [mem 0xfebe0000-0xfebeffff pref]
[    1.594147] pci 0000:00:03.0: [8086:100e] type 00 class 0x020000
[    1.594147] pci 0000:00:03.0: [8086:100e] type 00 class 0x020000
[    1.600148] pci 0000:00:03.0: reg 0x10: [mem 0xfebc0000-0xfebdffff]
[    1.600148] pci 0000:00:03.0: reg 0x10: [mem 0xfebc0000-0xfebdffff]
[    1.602501] pci 0000:00:03.0: reg 0x14: [io  0xc000-0xc03f]
[    1.602501] pci 0000:00:03.0: reg 0x14: [io  0xc000-0xc03f]
[    1.613345] pci 0000:00:03.0: reg 0x30: [mem 0xfeb80000-0xfebbffff pref]
[    1.613345] pci 0000:00:03.0: reg 0x30: [mem 0xfeb80000-0xfebbffff pref]
[    1.617505] pci 0000:00:04.0: [8086:25ab] type 00 class 0x088000
[    1.617505] pci 0000:00:04.0: [8086:25ab] type 00 class 0x088000
[    1.623669] pci 0000:00:04.0: reg 0x10: [mem 0xfebf1000-0xfebf100f]
[    1.623669] pci 0000:00:04.0: reg 0x10: [mem 0xfebf1000-0xfebf100f]
[    1.632709] pci_bus 0000:00: on NUMA node 0
[    1.632709] pci_bus 0000:00: on NUMA node 0
[    1.635469] ACPI: PCI Interrupt Link [LNKA] (IRQs
[    1.635469] ACPI: PCI Interrupt Link [LNKA] (IRQs 5 5 *10 *10 11 11))

[    1.637568] ACPI: PCI Interrupt Link [LNKB] (IRQs
[    1.637568] ACPI: PCI Interrupt Link [LNKB] (IRQs 5 5 *10 *10 11 11))

[    1.643525] ACPI: PCI Interrupt Link [LNKC] (IRQs
[    1.643525] ACPI: PCI Interrupt Link [LNKC] (IRQs 5 5 10 10 *11 *11))

[    1.645440] ACPI: PCI Interrupt Link [LNKD] (IRQs
[    1.645440] ACPI: PCI Interrupt Link [LNKD] (IRQs 5 5 10 10 *11 *11))

[    1.650412] ACPI: PCI Interrupt Link [LNKS] (IRQs
[    1.650412] ACPI: PCI Interrupt Link [LNKS] (IRQs *9 *9))

[    1.657524] ACPI:=20
[    1.657524] ACPI: Enabled 16 GPEs in block 00 to 0FEnabled 16 GPEs in bl=
ock 00 to 0F

[    1.667024] vgaarb: setting as boot device: PCI:0000:00:02.0
[    1.667024] vgaarb: setting as boot device: PCI:0000:00:02.0
[    1.668413] vgaarb: device added: PCI:0000:00:02.0,decodes=3Dio+mem,owns=
=3Dio+mem,locks=3Dnone
[    1.668413] vgaarb: device added: PCI:0000:00:02.0,decodes=3Dio+mem,owns=
=3Dio+mem,locks=3Dnone
[    1.670012] vgaarb: loaded
[    1.670012] vgaarb: loaded
[    1.670600] vgaarb: bridge control possible 0000:00:02.0
[    1.670600] vgaarb: bridge control possible 0000:00:02.0
[    1.677037] Linux video capture interface: v2.00
[    1.677037] Linux video capture interface: v2.00
[    1.680056] pps_core: LinuxPPS API ver. 1 registered
[    1.680056] pps_core: LinuxPPS API ver. 1 registered
[    1.681080] pps_core: Software ver. 5.3.6 - Copyright 2005-2007 Rodolfo =
Giometti <giometti@linux.it>
[    1.681080] pps_core: Software ver. 5.3.6 - Copyright 2005-2007 Rodolfo =
Giometti <giometti@linux.it>
[    1.687160] PCI: Using ACPI for IRQ routing
[    1.687160] PCI: Using ACPI for IRQ routing
[    1.690009] PCI: pci_cache_line_size set to 64 bytes
[    1.690009] PCI: pci_cache_line_size set to 64 bytes
[    1.691647] e820: reserve RAM buffer [mem 0x0009fc00-0x0009ffff]
[    1.691647] e820: reserve RAM buffer [mem 0x0009fc00-0x0009ffff]
[    1.693349] e820: reserve RAM buffer [mem 0x13fe0000-0x13ffffff]
[    1.693349] e820: reserve RAM buffer [mem 0x13fe0000-0x13ffffff]
[    1.697825] Switched to clocksource kvm-clock
[    1.697825] Switched to clocksource kvm-clock
[    1.706637] Warning: could not register all branches stats
[    1.706637] Warning: could not register all branches stats
[    1.711317] Warning: could not register annotated branches stats
[    1.711317] Warning: could not register annotated branches stats
[    1.803462] pnp: PnP ACPI init
[    1.803462] pnp: PnP ACPI init
[    1.804544] IOAPIC[0]: Set routing entry (0-8 -> 0x38 -> IRQ 8 Mode:0 Ac=
tive:0 Dest:3)
[    1.804544] IOAPIC[0]: Set routing entry (0-8 -> 0x38 -> IRQ 8 Mode:0 Ac=
tive:0 Dest:3)
[    1.809198] pnp 00:00: Plug and Play ACPI device, IDs PNP0b00 (active)
[    1.809198] pnp 00:00: Plug and Play ACPI device, IDs PNP0b00 (active)
[    1.816921] IOAPIC[0]: Set routing entry (0-1 -> 0x31 -> IRQ 1 Mode:0 Ac=
tive:0 Dest:3)
[    1.816921] IOAPIC[0]: Set routing entry (0-1 -> 0x31 -> IRQ 1 Mode:0 Ac=
tive:0 Dest:3)
[    1.819438] pnp 00:01: Plug and Play ACPI device, IDs PNP0303 (active)
[    1.819438] pnp 00:01: Plug and Play ACPI device, IDs PNP0303 (active)
[    1.825967] IOAPIC[0]: Set routing entry (0-12 -> 0x3c -> IRQ 12 Mode:0 =
Active:0 Dest:3)
[    1.825967] IOAPIC[0]: Set routing entry (0-12 -> 0x3c -> IRQ 12 Mode:0 =
Active:0 Dest:3)
[    1.832296] pnp 00:02: Plug and Play ACPI device, IDs PNP0f13 (active)
[    1.832296] pnp 00:02: Plug and Play ACPI device, IDs PNP0f13 (active)
[    1.838782] IOAPIC[0]: Set routing entry (0-6 -> 0x36 -> IRQ 6 Mode:0 Ac=
tive:0 Dest:3)
[    1.838782] IOAPIC[0]: Set routing entry (0-6 -> 0x36 -> IRQ 6 Mode:0 Ac=
tive:0 Dest:3)
[    1.844697] pnp 00:03: [dma 2]
[    1.844697] pnp 00:03: [dma 2]
[    1.848233] pnp 00:03: Plug and Play ACPI device, IDs PNP0700 (active)
[    1.848233] pnp 00:03: Plug and Play ACPI device, IDs PNP0700 (active)
[    1.849930] IOAPIC[0]: Set routing entry (0-7 -> 0x37 -> IRQ 7 Mode:0 Ac=
tive:0 Dest:3)
[    1.849930] IOAPIC[0]: Set routing entry (0-7 -> 0x37 -> IRQ 7 Mode:0 Ac=
tive:0 Dest:3)
[    1.858639] pnp 00:04: Plug and Play ACPI device, IDs PNP0400 (active)
[    1.858639] pnp 00:04: Plug and Play ACPI device, IDs PNP0400 (active)
[    1.864556] IOAPIC[0]: Set routing entry (0-4 -> 0x34 -> IRQ 4 Mode:0 Ac=
tive:0 Dest:3)
[    1.864556] IOAPIC[0]: Set routing entry (0-4 -> 0x34 -> IRQ 4 Mode:0 Ac=
tive:0 Dest:3)
[    1.869039] pnp 00:05: Plug and Play ACPI device, IDs PNP0501 (active)
[    1.869039] pnp 00:05: Plug and Play ACPI device, IDs PNP0501 (active)
[    1.879046] pnp: PnP ACPI: found 6 devices
[    1.879046] pnp: PnP ACPI: found 6 devices
[    1.930344] pci_bus 0000:00: resource 4 [io  0x0000-0x0cf7]
[    1.930344] pci_bus 0000:00: resource 4 [io  0x0000-0x0cf7]
[    1.932236] pci_bus 0000:00: resource 5 [io  0x0d00-0xadff]
[    1.932236] pci_bus 0000:00: resource 5 [io  0x0d00-0xadff]
[    1.940920] pci_bus 0000:00: resource 6 [io  0xae0f-0xaeff]
[    1.940920] pci_bus 0000:00: resource 6 [io  0xae0f-0xaeff]
[    1.945228] pci_bus 0000:00: resource 7 [io  0xaf20-0xafdf]
[    1.945228] pci_bus 0000:00: resource 7 [io  0xaf20-0xafdf]
[    1.946393] pci_bus 0000:00: resource 8 [io  0xafe4-0xffff]
[    1.946393] pci_bus 0000:00: resource 8 [io  0xafe4-0xffff]
[    1.953743] pci_bus 0000:00: resource 9 [mem 0x000a0000-0x000bffff]
[    1.953743] pci_bus 0000:00: resource 9 [mem 0x000a0000-0x000bffff]
[    1.957126] pci_bus 0000:00: resource 10 [mem 0x14000000-0xfebfffff]
[    1.957126] pci_bus 0000:00: resource 10 [mem 0x14000000-0xfebfffff]
[    1.959220] NET: Registered protocol family 1
[    1.959220] NET: Registered protocol family 1
[    1.966757] pci 0000:00:00.0: Limiting direct PCI/PCI transfers
[    1.966757] pci 0000:00:00.0: Limiting direct PCI/PCI transfers
[    1.970138] pci 0000:00:01.0: PIIX3: Enabling Passive Release
[    1.970138] pci 0000:00:01.0: PIIX3: Enabling Passive Release
[    1.972196] pci 0000:00:01.0: Activating ISA DMA hang workarounds
[    1.972196] pci 0000:00:01.0: Activating ISA DMA hang workarounds
[    1.977817] pci 0000:00:02.0: Video device with shadowed ROM
[    1.977817] pci 0000:00:02.0: Video device with shadowed ROM
[    1.981751] PCI: CLS 0 bytes, default 64
[    1.981751] PCI: CLS 0 bytes, default 64
[    1.985119] Unpacking initramfs...
[    1.985119] Unpacking initramfs...
[    6.640678] Freeing initrd memory: 24852K (d2793000 - d3fd8000)
[    6.640678] Freeing initrd memory: 24852K (d2793000 - d3fd8000)
[    6.642899] Scanning for low memory corruption every 60 seconds
[    6.642899] Scanning for low memory corruption every 60 seconds
[    6.664288] cryptomgr_test (26) used greatest stack depth: 7088 bytes le=
ft
[    6.664288] cryptomgr_test (26) used greatest stack depth: 7088 bytes le=
ft
[    6.680724] PCLMULQDQ-NI instructions are not detected.
[    6.680724] PCLMULQDQ-NI instructions are not detected.
[    6.681956] The force parameter has not been set to 1. The Iris poweroff=
 handler will not be installed.
[    6.681956] The force parameter has not been set to 1. The Iris poweroff=
 handler will not be installed.
[    6.683997] spin_lock-torture:--- Start of test [debug]: nwriters_stress=
=3D4 nreaders_stress=3D0 stat_interval=3D60 verbose=3D1 shuffle_interval=3D=
3 stutter=3D5 shutdown_secs=3D0 onoff_interval=3D0 onoff_holdoff=3D0
[    6.683997] spin_lock-torture:--- Start of test [debug]: nwriters_stress=
=3D4 nreaders_stress=3D0 stat_interval=3D60 verbose=3D1 shuffle_interval=3D=
3 stutter=3D5 shutdown_secs=3D0 onoff_interval=3D0 onoff_holdoff=3D0
[    6.694269] spin_lock-torture: Creating torture_shuffle task
[    6.694269] spin_lock-torture: Creating torture_shuffle task
[    6.696799] spin_lock-torture: torture_shuffle task started
[    6.696799] spin_lock-torture: torture_shuffle task started
[    6.698045] spin_lock-torture: Creating torture_stutter task
[    6.698045] spin_lock-torture: Creating torture_stutter task
[    6.703459] spin_lock-torture: torture_stutter task started
[    6.703459] spin_lock-torture: torture_stutter task started
[    6.706857] spin_lock-torture: Creating lock_torture_writer task
[    6.706857] spin_lock-torture: Creating lock_torture_writer task
[    6.708335] spin_lock-torture: lock_torture_writer task started
[    6.708335] spin_lock-torture: lock_torture_writer task started
[    6.714969] spin_lock-torture: Creating lock_torture_writer task
[    6.714969] spin_lock-torture: Creating lock_torture_writer task
[    6.723217] spin_lock-torture: lock_torture_writer task started
[    6.723217] spin_lock-torture: lock_torture_writer task started
[    6.740097] spin_lock-torture: Creating lock_torture_writer task
[    6.740097] spin_lock-torture: Creating lock_torture_writer task
[    6.743456] spin_lock-torture: lock_torture_writer task started
[    6.743456] spin_lock-torture: lock_torture_writer task started
[    6.751966] spin_lock-torture: Creating lock_torture_writer task
[    6.751966] spin_lock-torture: Creating lock_torture_writer task
[    6.767216] spin_lock-torture: Creating lock_torture_stats task
[    6.767216] spin_lock-torture: Creating lock_torture_stats task
[    6.768683] spin_lock-torture: lock_torture_writer task started
[    6.768683] spin_lock-torture: lock_torture_writer task started
[    6.775057] torture_init_begin: refusing rcu init: spin_lock running
[    6.775057] torture_init_begin: refusing rcu init: spin_lock running

[    6.778172] futex hash table entries: 512 (order: 3, 32768 bytes)
[    6.778172] futex hash table entries: 512 (order: 3, 32768 bytes)
[    6.779673] Initialise system trusted keyring
[    6.779673] Initialise system trusted keyring
[    6.780876] Kprobe smoke test: started
[    6.780876] Kprobe smoke test: started
[    6.802243] spin_lock-torture: lock_torture_stats task started
[    6.802243] spin_lock-torture: lock_torture_stats task started
[    6.910223] Kprobe smoke test: passed successfully
[    6.910223] Kprobe smoke test: passed successfully
[    6.912403] HugeTLB registered 2 MB page size, pre-allocated 0 pages
[    6.912403] HugeTLB registered 2 MB page size, pre-allocated 0 pages
[    6.913867] page_owner is disabled
[    6.913867] page_owner is disabled
[    6.919029] Key type asymmetric registered
[    6.919029] Key type asymmetric registered
[    6.919955] Asymmetric key parser 'x509' registered
[    6.919955] Asymmetric key parser 'x509' registered
[    6.921044] start plist test
[    6.921044] start plist test
[    6.949816] end plist test
[    6.949816] end plist test
[    6.957267] test_string_helpers: Running tests...
[    6.957267] test_string_helpers: Running tests...
[    6.987163] xz_dec_test: module loaded
[    6.987163] xz_dec_test: module loaded
[    6.988051] xz_dec_test: Create a device node with 'mknod xz_dec_test c =
251 0' and write .xz files to it.
[    6.988051] xz_dec_test: Create a device node with 'mknod xz_dec_test c =
251 0' and write .xz files to it.
[    6.997136] ipmi message handler version 39.2
[    6.997136] ipmi message handler version 39.2
[    6.998175] IPMI SSIF Interface driver
[    6.998175] IPMI SSIF Interface driver
[    6.999872] input: Power Button as /devices/LNXSYSTM:00/LNXPWRBN:00/inpu=
t/input0
[    6.999872] input: Power Button as /devices/LNXSYSTM:00/LNXPWRBN:00/inpu=
t/input0
[    7.008276] ACPI: Power Button [PWRF]
[    7.008276] ACPI: Power Button [PWRF]
[    7.379445] Serial: 8250/16550 driver, 4 ports, IRQ sharing disabled
[    7.379445] Serial: 8250/16550 driver, 4 ports, IRQ sharing disabled
[    7.457001] 00:05: ttyS0 at I/O 0x3f8 (irq =3D 4, base_baud =3D 115200) =
is a 16550A
[    7.457001] 00:05: ttyS0 at I/O 0x3f8 (irq =3D 4, base_baud =3D 115200) =
is a 16550A
[    7.471197] [drm] Initialized drm 1.1.0 20060810
[    7.471197] [drm] Initialized drm 1.1.0 20060810
[    7.472385] dummy-irq: no IRQ given.  Use irq=3DN
[    7.472385] dummy-irq: no IRQ given.  Use irq=3DN
[    7.485799] i8042: PNP: PS/2 Controller [PNP0303:KBD,PNP0f13:MOU] at 0x6=
0,0x64 irq 1,12
[    7.485799] i8042: PNP: PS/2 Controller [PNP0303:KBD,PNP0f13:MOU] at 0x6=
0,0x64 irq 1,12
[    7.521289] serio: i8042 KBD port at 0x60,0x64 irq 1
[    7.521289] serio: i8042 KBD port at 0x60,0x64 irq 1
[    7.522483] serio: i8042 AUX port at 0x60,0x64 irq 12
[    7.522483] serio: i8042 AUX port at 0x60,0x64 irq 12
[    7.792045] tsc: Refined TSC clocksource calibration: 2925.999 MHz
[    7.792045] tsc: Refined TSC clocksource calibration: 2925.999 MHz
[    7.807697] mousedev: PS/2 mouse device common for all mice
[    7.807697] mousedev: PS/2 mouse device common for all mice
[    7.810505] input: AT Translated Set 2 keyboard as /devices/platform/i80=
42/serio0/input/input1
[    7.810505] input: AT Translated Set 2 keyboard as /devices/platform/i80=
42/serio0/input/input1
[    7.846843] rtc (null): invalid alarm value: 1900-1-24 0:0:0
[    7.846843] rtc (null): invalid alarm value: 1900-1-24 0:0:0
[    7.866089] rtc-test rtc-test.0: rtc core: registered test as rtc0
[    7.866089] rtc-test rtc-test.0: rtc core: registered test as rtc0
[    7.875161] rtc (null): invalid alarm value: 1900-1-24 0:0:0
[    7.875161] rtc (null): invalid alarm value: 1900-1-24 0:0:0
[    7.876615] rtc-test rtc-test.1: rtc core: registered test as rtc1
[    7.876615] rtc-test rtc-test.1: rtc core: registered test as rtc1
[    7.884811] i2c /dev entries driver
[    7.884811] i2c /dev entries driver
[    7.903929] Driver for 1-wire Dallas network protocol.
[    7.903929] Driver for 1-wire Dallas network protocol.
[    7.914196] DS1WM w1 busmaster driver - (c) 2004 Szabolcs Gyurko
[    7.914196] DS1WM w1 busmaster driver - (c) 2004 Szabolcs Gyurko
[    7.915653] 1-Wire driver for the DS2760 battery monitor chip - (c) 2004=
-2005, Szabolcs Gyurko
[    7.915653] 1-Wire driver for the DS2760 battery monitor chip - (c) 2004=
-2005, Szabolcs Gyurko
[    7.920486] sbc8360: Timeout set at 60000 ms
[    7.920486] sbc8360: Timeout set at 60000 ms
[    7.949054] cpu5wdt: misc_register failed
[    7.949054] cpu5wdt: misc_register failed
[    7.949907] w83877f_wdt: cannot register miscdev on minor=3D130 (err=3D-=
16)
[    7.949907] w83877f_wdt: cannot register miscdev on minor=3D130 (err=3D-=
16)
[    7.951433] sbc_epx_c3: cannot register miscdev on minor=3D130 (err=3D-1=
6)
[    7.951433] sbc_epx_c3: cannot register miscdev on minor=3D130 (err=3D-1=
6)
[    7.953068] wbsd: Winbond W83L51xD SD/MMC card interface driver
[    7.953068] wbsd: Winbond W83L51xD SD/MMC card interface driver
[    7.974437] wbsd: Copyright(c) Pierre Ossman
[    7.974437] wbsd: Copyright(c) Pierre Ossman
[    7.976470] ledtrig-cpu: registered to indicate activity on CPUs
[    7.976470] ledtrig-cpu: registered to indicate activity on CPUs
[    7.978604] dcdbas dcdbas: Dell Systems Management Base Driver (version =
5.6.0-3.2)
[    7.978604] dcdbas dcdbas: Dell Systems Management Base Driver (version =
5.6.0-3.2)
[    8.006178] ... APIC ID:      00000000 (0)
[    8.006178] ... APIC ID:      00000000 (0)
[    8.007078] ... APIC VERSION: 01050014
[    8.007078] ... APIC VERSION: 01050014
[    8.007913] 00000000
[    8.007913] 000000000000000000000000000000000000000000000000000000000000=
000000000000000000000000000000000000000000000000000000000000

[    8.008611] 00000000
[    8.008611] 000000000e2000000e200000000000000000000000000000000000000000=
000000000000000000000000000000000000000000000000000000000000

[    8.008611] 00000000
[    8.008611] 000000000000000000000000000000000000000000000000000000000000=
000000000000000000000000000000000000000000000000800000008000

[    8.008611]=20
[    8.008611]=20
[    8.027319] number of MP IRQ sources: 15.
[    8.027319] number of MP IRQ sources: 15.
[    8.028243] number of IO-APIC #0 registers: 24.
[    8.028243] number of IO-APIC #0 registers: 24.
[    8.029202] testing the IO APIC.......................
[    8.029202] testing the IO APIC.......................
[    8.030330] IO APIC #0......
[    8.030330] IO APIC #0......
[    8.051020] .... register #00: 00000000
[    8.051020] .... register #00: 00000000
[    8.051871] .......    : physical APIC id: 00
[    8.051871] .......    : physical APIC id: 00
[    8.052813] .......    : Delivery Type: 0
[    8.052813] .......    : Delivery Type: 0
[    8.053707] .......    : LTS          : 0
[    8.053707] .......    : LTS          : 0
[    8.054613] .... register #01: 00170011
[    8.054613] .... register #01: 00170011
[    8.055432] .......     : max redirection entries: 17
[    8.055432] .......     : max redirection entries: 17
[    8.056539] .......     : PRQ implemented: 0
[    8.056539] .......     : PRQ implemented: 0
[    8.057476] .......     : IO APIC version: 11
[    8.057476] .......     : IO APIC version: 11
[    8.079612] .... register #02: 00000000
[    8.079612] .... register #02: 00000000
[    8.080653] .......     : arbitration: 00
[    8.080653] .......     : arbitration: 00
[    8.087924] .... IRQ redirection table:
[    8.087924] .... IRQ redirection table:
[    8.088947] 1    0    0   0   0    0    0    00
[    8.088947] 1    0    0   0   0    0    0    00
[    8.090163] 0    0    0   0   0    1    1    31
[    8.090163] 0    0    0   0   0    1    1    31
[    8.091179] 0    0    0   0   0    1    1    30
[    8.091179] 0    0    0   0   0    1    1    30
[    8.092161] 0    0    0   0   0    1    1    33
[    8.092161] 0    0    0   0   0    1    1    33
[    8.093145] 1    0    0   0   0    1    1    34
[    8.093145] 1    0    0   0   0    1    1    34
[    8.115191] 1    1    0   0   0    1    1    35
[    8.115191] 1    1    0   0   0    1    1    35
[    8.116178] 0    0    0   0   0    1    1    36
[    8.116178] 0    0    0   0   0    1    1    36
[    8.117197] 0    0    0   0   0    1    1    37
[    8.117197] 0    0    0   0   0    1    1    37
[    8.118345] 0    0    0   0   0    1    1    38
[    8.118345] 0    0    0   0   0    1    1    38
[    8.119576] 0    1    0   0   0    1    1    39
[    8.119576] 0    1    0   0   0    1    1    39
[    8.120664] 1    1    0   0   0    1    1    3A
[    8.120664] 1    1    0   0   0    1    1    3A
[    8.121651] 1    1    0   0   0    1    1    3B
[    8.121651] 1    1    0   0   0    1    1    3B
[    8.142834] 0    0    0   0   0    1    1    3C
[    8.142834] 0    0    0   0   0    1    1    3C
[    8.143918] 0    0    0   0   0    1    1    3D
[    8.143918] 0    0    0   0   0    1    1    3D
[    8.144905] 0    0    0   0   0    1    1    3E
[    8.144905] 0    0    0   0   0    1    1    3E
[    8.145865] 0    0    0   0   0    1    1    3F
[    8.145865] 0    0    0   0   0    1    1    3F
[    8.146854] 1    0    0   0   0    0    0    00
[    8.146854] 1    0    0   0   0    0    0    00
[    8.147861] 1    0    0   0   0    0    0    00
[    8.147861] 1    0    0   0   0    0    0    00
[    8.148874] 1    0    0   0   0    0    0    00
[    8.148874] 1    0    0   0   0    0    0    00
[    8.168119] 1    0    0   0   0    0    0    00
[    8.168119] 1    0    0   0   0    0    0    00
[    8.172452] 1    0    0   0   0    0    0    00
[    8.172452] 1    0    0   0   0    0    0    00
[    8.173469] 1    0    0   0   0    0    0    00
[    8.173469] 1    0    0   0   0    0    0    00
[    8.177969] 1    0    0   0   0    0    0    00
[    8.177969] 1    0    0   0   0    0    0    00
[    8.182310] 1    0    0   0   0    0    0    00
[    8.182310] 1    0    0   0   0    0    0    00
[    8.183298] IRQ to pin mappings:
[    8.183298] IRQ to pin mappings:
[    8.187555] IRQ0=20
[    8.187555] IRQ0 -> 0:2-> 0:2

[    8.188262] IRQ1=20
[    8.188262] IRQ1 -> 0:1-> 0:1

[    8.192264] IRQ3=20
[    8.192264] IRQ3 -> 0:3-> 0:3

[    8.192817] IRQ4=20
[    8.192817] IRQ4 -> 0:4-> 0:4

[    8.193397] IRQ5=20
[    8.193397] IRQ5 -> 0:5-> 0:5

[    8.198760] IRQ6=20
[    8.198760] IRQ6 -> 0:6-> 0:6

[    8.199343] IRQ7=20
[    8.199343] IRQ7 -> 0:7-> 0:7

[    8.199895] IRQ8=20
[    8.199895] IRQ8 -> 0:8-> 0:8

[    8.205180] IRQ9=20
[    8.205180] IRQ9 -> 0:9-> 0:9

[    8.205737] IRQ10=20
[    8.205737] IRQ10 -> 0:10-> 0:10

[    8.206341] IRQ11=20
[    8.206341] IRQ11 -> 0:11-> 0:11

[    8.210577] IRQ12=20
[    8.210577] IRQ12 -> 0:12-> 0:12

[    8.211198] IRQ13=20
[    8.211198] IRQ13 -> 0:13-> 0:13

[    8.214115] IRQ14=20
[    8.214115] IRQ14 -> 0:14-> 0:14

[    8.214844] IRQ15=20
[    8.214844] IRQ15 -> 0:15-> 0:15

[    8.217785] .................................... done.
[    8.217785] .................................... done.
[    8.222236] Using IPI Shortcut mode
[    8.222236] Using IPI Shortcut mode
[    8.247707] bootconsole [earlyser0] disabled
[    8.247707] bootconsole [earlyser0] disabled
[    8.248762] Loading compiled-in X.509 certificates
[    8.267645] Loaded X.509 cert 'Magrathea: Glacier signing key: eeb1b05cf=
6d1f0cc4de758239197d7c73071b5a3'
[    8.269190] Running tests on trace events:
[    8.269648] Testing event thermal_apic_exit:=20
[    8.300236] test-events (69) used greatest stack depth: 7008 bytes left
[    8.301267] OK
[    8.301462] Testing event thermal_apic_entry:=20
[    8.320183] test-events (71) used greatest stack depth: 6904 bytes left
[    8.321145] OK
[    8.321347] Testing event threshold_apic_exit: OK
[    8.347001] Testing event threshold_apic_entry: OK
[    8.360372] Testing event call_function_single_exit: OK
[    8.373723] Testing event call_function_single_entry: OK
[    8.390297] Testing event call_function_exit: OK
[    8.410345] Testing event call_function_entry: OK
[    8.423727] Testing event irq_work_exit: OK
[    8.440336] Testing event irq_work_entry: OK
[    8.456971] Testing event x86_platform_ipi_exit: OK
[    8.473658] Testing event x86_platform_ipi_entry: OK
[    8.487028] Testing event error_apic_exit: OK
[    8.500375] Testing event error_apic_entry: OK
[    8.516985] Testing event spurious_apic_exit: OK
[    8.530269] Testing event spurious_apic_entry: OK
[    8.546994] Testing event reschedule_exit: OK
[    8.563718] Testing event reschedule_entry: OK
[    8.587007] Testing event local_timer_exit: OK
[    8.610307] Testing event local_timer_entry: OK
[    8.636981] Testing event nmi_handler: OK
[    8.650320] Testing event sys_exit: OK
[    8.663585] Testing event sys_enter: OK
[    8.680348] Testing event tlb_flush: OK
[    8.693891] Testing event page_fault_kernel: OK
[    8.706983] Testing event page_fault_user: OK
[    8.730345] Testing event task_rename: OK
[    8.743606] Testing event task_newtask: OK
[    8.756978] Testing event softirq_raise: OK
[    8.770429] Testing event softirq_exit: OK
[    8.783695] Testing event softirq_entry: OK
[    8.797007] Testing event irq_handler_exit: OK
[    8.810279] Testing event irq_handler_entry: OK
[    8.823618] Testing event signal_deliver: OK
[    8.836982] Testing event signal_generate: OK
[    8.850321] Testing event workqueue_execute_end: OK
[    8.863660] Testing event workqueue_execute_start: OK
[    8.876945] Testing event workqueue_activate_work: OK
[    8.890264] Testing event workqueue_queue_work:=20
[    8.896761] input: ImExPS/2 Generic Explorer Mouse as /devices/platform/=
i8042/serio1/input/input3
[    8.903548] OK
[    8.903778] Testing event sched_wake_idle_without_ipi: OK
[    8.923643] Testing event sched_swap_numa: OK
[    8.936965] Testing event sched_stick_numa: OK
[    8.950359] Testing event sched_move_numa: OK
[    8.963670] Testing event sched_process_hang: OK
[    8.976965] Testing event sched_pi_setprio: OK
[    8.990272] Testing event sched_stat_runtime:=20
[    9.003512] test-events (117) used greatest stack depth: 6880 bytes left
[    9.004398] OK
[    9.004600] Testing event sched_stat_blocked: OK
[    9.017010] Testing event sched_stat_iowait: OK
[    9.030324] Testing event sched_stat_sleep: OK
[    9.043628] Testing event sched_stat_wait: OK
[    9.056957] Testing event sched_process_exec: OK
[    9.070274] Testing event sched_process_fork: OK
[    9.083715] Testing event sched_process_wait: OK
[    9.097029] Testing event sched_wait_task: OK
[    9.110319] Testing event sched_process_exit: OK
[    9.123654] Testing event sched_process_free: OK
[    9.136993] Testing event sched_migrate_task: OK
[    9.150374] Testing event sched_switch: OK
[    9.163707] Testing event sched_wakeup_new: OK
[    9.176969] Testing event sched_wakeup: OK
[    9.190312] Testing event sched_kthread_stop_ret: OK
[    9.203659] Testing event sched_kthread_stop: OK
[    9.217055] Testing event lock_acquired: OK
[    9.230470] Testing event lock_contended: OK
[    9.243644] Testing event lock_release:=20
[    9.256935] test-events (136) used greatest stack depth: 6848 bytes left
[    9.257804] OK
[    9.258017] Testing event lock_acquire:=20
[    9.270257] test-events (137) used greatest stack depth: 6832 bytes left
[    9.271153] OK
[    9.271352] Testing event console: OK
[    9.283711] Testing event rcu_barrier: OK
[    9.297054] Testing event rcu_torture_read: OK
[    9.310278] Testing event rcu_batch_end: OK
[    9.323638] Testing event rcu_invoke_kfree_callback: OK
[    9.337090] Testing event rcu_invoke_callback: OK
[    9.350401] Testing event rcu_batch_start: OK
[    9.363681] Testing event rcu_kfree_callback: OK
[    9.376968] Testing event rcu_callback: OK
[    9.390299] Testing event rcu_prep_idle: OK
[    9.403631] Testing event rcu_dyntick: OK
[    9.417044] Testing event rcu_fqs: OK
[    9.430331] Testing event rcu_quiescent_state_report: OK
[    9.443621] Testing event rcu_unlock_preempted_task: OK
[    9.456973] Testing event rcu_preempt_task: OK
[    9.470276] Testing event rcu_nocb_wake: OK
[    9.483672] Testing event rcu_grace_period_init: OK
[    9.500317] Testing event rcu_future_grace_period: OK
[    9.513671] Testing event rcu_grace_period: OK
[    9.527513] Testing event rcu_utilization: OK
[    9.540293] Testing event itimer_expire: OK
[    9.553643] Testing event itimer_state: OK
[    9.566964] Testing event hrtimer_cancel: OK
[    9.583637] Testing event hrtimer_expire_exit: OK
[    9.597001] Testing event hrtimer_expire_entry: OK
[    9.610382] Testing event hrtimer_start: OK
[    9.623704] Testing event hrtimer_init: OK
[    9.636985] Testing event timer_cancel: OK
[    9.650320] Testing event timer_expire_exit: OK
[    9.663672] Testing event timer_expire_entry: OK
[    9.677013] Testing event timer_start: OK
[    9.690371] Testing event timer_init: OK
[    9.703665] Testing event module_request: OK
[    9.717004] Testing event module_free: OK
[    9.730340] Testing event module_load: OK
[    9.743673] Testing event ftrace_test_filter: OK
[    9.757027] Testing event dev_pm_qos_remove_request: OK
[    9.770294] Testing event dev_pm_qos_update_request: OK
[    9.783665] Testing event dev_pm_qos_add_request: OK
[    9.797005] Testing event pm_qos_update_flags: OK
[    9.810348] Testing event pm_qos_update_target: OK
[    9.823682] Testing event pm_qos_update_request_timeout: OK
[    9.836963] Testing event pm_qos_remove_request: OK
[    9.850319] Testing event pm_qos_update_request: OK
[    9.863621] Testing event pm_qos_add_request: OK
[    9.877044] Testing event power_domain_target: OK
[    9.890349] Testing event clock_set_rate: OK
[    9.903648] Testing event clock_disable: OK
[    9.916981] Testing event clock_enable: OK
[    9.930331] Testing event wakeup_source_deactivate: OK
[    9.943676] Testing event wakeup_source_activate: OK
[    9.957042] Testing event suspend_resume: OK
[    9.970308] Testing event device_pm_callback_end: OK
[    9.983652] Testing event device_pm_callback_start: OK
[    9.997014] Testing event cpu_frequency: OK
[   10.010342] Testing event pstate_sample: OK
[   10.023679] Testing event cpu_idle: OK
[   10.037023] Testing event benchmark_event: OK
[   10.143641] Testing event mm_filemap_add_to_page_cache: OK
[   10.157014] Testing event mm_filemap_delete_from_page_cache: OK
[   10.170323] Testing event oom_score_adj_update: OK
[   10.183658] Testing event mm_lru_activate: OK
[   10.197019] Testing event mm_lru_insertion: OK
[   10.210340] Testing event mm_vmscan_lru_shrink_inactive: OK
[   10.223675] Testing event mm_vmscan_writepage: OK
[   10.236998] Testing event mm_vmscan_memcg_isolate: OK
[   10.250286] Testing event mm_vmscan_lru_isolate: OK
[   10.263701] Testing event mm_shrink_slab_end: OK
[   10.277897] Testing event mm_shrink_slab_start: OK
[   10.290345] Testing event mm_vmscan_memcg_softlimit_reclaim_end: OK
[   10.303628] Testing event mm_vmscan_memcg_reclaim_end: OK
[   10.317005] Testing event mm_vmscan_direct_reclaim_end: OK
[   10.330306] Testing event mm_vmscan_memcg_softlimit_reclaim_begin: OK
[   10.343711] Testing event mm_vmscan_memcg_reclaim_begin: OK
[   10.357027] Testing event mm_vmscan_direct_reclaim_begin: OK
[   10.370319] Testing event mm_vmscan_wakeup_kswapd: OK
[   10.383664] Testing event mm_vmscan_kswapd_wake: OK
[   10.396973] Testing event mm_vmscan_kswapd_sleep: OK
[   10.410319] Testing event mm_page_alloc_extfrag: OK
[   10.423730] Testing event mm_page_pcpu_drain: OK
[   10.436950] Testing event mm_page_alloc_zone_locked: OK
[   10.450271] Testing event mm_page_alloc: OK
[   10.463676] Testing event mm_page_free_batched: OK
[   10.477035] Testing event mm_page_free: OK
[   10.490328] Testing event kmem_cache_free: OK
[   10.503606] Testing event kfree: OK
[   10.516986] Testing event kmem_cache_alloc_node: OK
[   10.530282] Testing event kmalloc_node: OK
[   10.543659] Testing event kmem_cache_alloc: OK
[   10.557038] Testing event kmalloc: OK
[   10.570269] Testing event writeback_single_inode: OK
[   10.583630] Testing event writeback_single_inode_start: OK
[   10.596952] Testing event writeback_wait_iff_congested: OK
[   10.610345] Testing event writeback_congestion_wait: OK
[   10.623644] Testing event writeback_sb_inodes_requeue: OK
[   10.636950] Testing event balance_dirty_pages: OK
[   10.650300] Testing event bdi_dirty_ratelimit: OK
[   10.663659] Testing event global_dirty_state: OK
[   10.677089] Testing event writeback_queue_io: OK
[   10.690368] Testing event wbc_writepage: OK
[   10.703618] Testing event writeback_bdi_unregister: OK
[   10.716961] Testing event writeback_bdi_register: OK
[   10.730305] Testing event writeback_wake_background: OK
[   10.743672] Testing event writeback_nowork: OK
[   10.757003] Testing event writeback_pages_written: OK
[   10.770306] Testing event writeback_wait: OK
[   10.783622] Testing event writeback_written: OK
[   10.797001] Testing event writeback_start: OK
[   10.810348] Testing event writeback_exec: OK
[   10.823654] Testing event writeback_queue: OK
[   10.836951] Testing event writeback_write_inode: OK
[   10.850287] Testing event writeback_write_inode_start: OK
[   10.863624] Testing event writeback_dirty_inode: OK
[   10.876973] Testing event writeback_dirty_inode_start: OK
[   10.890330] Testing event writeback_dirty_page: OK
[   10.903645] Testing event gpio_value: OK
[   10.917162] Testing event gpio_direction: OK
[   10.930278] Testing event regulator_set_voltage_complete: OK
[   10.943676] Testing event regulator_set_voltage: OK
[   10.956998] Testing event regulator_disable_complete: OK
[   10.970302] Testing event regulator_disable: OK
[   10.983675] Testing event regulator_enable_complete: OK
[   10.996980] Testing event regulator_enable_delay: OK
[   11.010338] Testing event regulator_enable: OK
[   11.023667] Testing event urandom_read: OK
[   11.037041] Testing event random_read: OK
[   11.050280] Testing event extract_entropy_user: OK
[   11.063701] Testing event extract_entropy: OK
[   11.077047] Testing event get_random_bytes_arch: OK
[   11.090375] Testing event get_random_bytes: OK
[   11.103713] Testing event xfer_secondary_pool: OK
[   11.116994] Testing event add_disk_randomness: OK
[   11.130328] Testing event add_input_randomness: OK
[   11.143669] Testing event debit_entropy: OK
[   11.157029] Testing event push_to_pool: OK
[   11.170302] Testing event credit_entropy_bits: OK
[   11.183641] Testing event mix_pool_bytes_nolock: OK
[   11.197005] Testing event mix_pool_bytes: OK
[   11.210342] Testing event add_device_randomness: OK
[   11.223680] Testing event drm_vblank_event_delivered: OK
