Return-Path: <owner-linux-mm@kvack.org>
Received: from mail-pd0-f170.google.com (mail-pd0-f170.google.com [209.85.192.170])
	by kanga.kvack.org (Postfix) with ESMTP id 8CD6E6B0253
	for <linux-mm@kvack.org>; Mon, 13 Jul 2015 20:09:58 -0400 (EDT)
Received: by pdbqm3 with SMTP id qm3so88413907pdb.0
        for <linux-mm@kvack.org>; Mon, 13 Jul 2015 17:09:58 -0700 (PDT)
Received: from mga09.intel.com (mga09.intel.com. [134.134.136.24])
        by mx.google.com with ESMTP id bu1si30122136pbc.87.2015.07.13.17.09.57
        for <linux-mm@kvack.org>;
        Mon, 13 Jul 2015 17:09:57 -0700 (PDT)
Date: Tue, 14 Jul 2015 08:09:10 +0800
From: Fengguang Wu <fengguang.wu@intel.com>
Subject: [mminit] [ INFO: possible recursive locking detected ]
Message-ID: <20150714000910.GA8160@wfg-t540p.sh.intel.com>
Reply-To: kernel test robot <fengguang.wu@intel.com>
MIME-Version: 1.0
Content-Type: multipart/mixed; boundary="AqsLC8rIMeq19msA"
Content-Disposition: inline
Sender: owner-linux-mm@kvack.org
List-ID: <linux-mm.kvack.org>
To: Mel Gorman <mgorman@suse.de>
Cc: fengguang.wu@intel.com, Andrew Morton <akpm@linux-foundation.org>, Linux Memory Management List <linux-mm@kvack.org>, linux-kernel@vger.kernel.org, LKP <lkp@01.org>


--AqsLC8rIMeq19msA
Content-Type: text/plain; charset=us-ascii
Content-Disposition: inline

Greetings,

0day kernel testing robot got the below dmesg and the first bad commit is

git://git.kernel.org/pub/scm/linux/kernel/git/torvalds/linux.git master

commit 0e1cc95b4cc7293bb7b39175035e7f7e45c90977
Author:     Mel Gorman <mgorman@suse.de>
AuthorDate: Tue Jun 30 14:57:27 2015 -0700
Commit:     Linus Torvalds <torvalds@linux-foundation.org>
CommitDate: Tue Jun 30 19:44:56 2015 -0700

    mm: meminit: finish initialisation of struct pages before basic setup
    
    Waiman Long reported that 24TB machines hit OOM during basic setup when
    struct page initialisation was deferred.  One approach is to initialise
    memory on demand but it interferes with page allocator paths.  This patch
    creates dedicated threads to initialise memory before basic setup.  It
    then blocks on a rw_semaphore until completion as a wait_queue and counter
    is overkill.  This may be slower to boot but it's simplier overall and
    also gets rid of a section mangling which existed so kswapd could do the
    initialisation.
    
    [akpm@linux-foundation.org: include rwsem.h, use DECLARE_RWSEM, fix comment, remove unneeded cast]
    Signed-off-by: Mel Gorman <mgorman@suse.de>
    Cc: Waiman Long <waiman.long@hp.com
    Cc: Nathan Zimmer <nzimmer@sgi.com>
    Cc: Dave Hansen <dave.hansen@intel.com>
    Cc: Scott Norton <scott.norton@hp.com>
    Tested-by: Daniel J Blueman <daniel@numascale.com>
    Signed-off-by: Andrew Morton <akpm@linux-foundation.org>
    Signed-off-by: Linus Torvalds <torvalds@linux-foundation.org>

+-----------------------------------------------------+------------+------------+-----------------+
|                                                     | 74033a798f | 0e1cc95b4c | v4.2-rc1_071220 |
+-----------------------------------------------------+------------+------------+-----------------+
| boot_successes                                      | 0          | 0          | 0               |
| boot_failures                                       | 132        | 35         | 13              |
| kernel_BUG_at_include/linux/mtd/map.h               | 132        | 35         | 13              |
| invalid_opcode                                      | 132        | 35         | 13              |
| RIP:mtd_do_chip_probe                               | 132        | 35         | 13              |
| Kernel_panic-not_syncing:Fatal_exception            | 132        | 35         | 13              |
| backtrace:do_map_probe                              | 132        | 35         | 13              |
| backtrace:init_sbc_gxx                              | 132        | 35         | 13              |
| backtrace:kernel_init_freeable                      | 132        | 35         | 13              |
| INFO:possible_recursive_locking_detected            | 0          | 16         | 13              |
| backtrace:page_alloc_init_late                      | 0          | 16         | 13              |
| backtrace:down_write                                | 0          | 16         | 13              |
| WARNING:at_kernel/locking/lockdep.c:#lock_release() | 0          | 19         |                 |
| backtrace:up_read                                   | 0          | 19         |                 |
| backtrace:deferred_init_memmap                      | 0          | 19         |                 |
+-----------------------------------------------------+------------+------------+-----------------+

Attached parent dmesg too, which looks like an independent bug.

[    0.084000] ..... host bus clock speed is 1000.0062 MHz.
[    0.084323] 
[    0.084537] =============================================
[    0.085229] [ INFO: possible recursive locking detected ]
[    0.085913] 4.1.0-11369-g0e1cc95b4 #5 Not tainted
[    0.086524] ---------------------------------------------
[    0.087224] swapper/1 is trying to acquire lock:
[    0.087839]  (pgdat_init_rwsem){++++.+}, at: [<ffffffff82cebe9c>] page_alloc_init_late+0x7f/0x90
[    0.088000] 
[    0.088000] but task is already holding lock:
[    0.088000]  (pgdat_init_rwsem){++++.+}, at: [<ffffffff82cebe30>] page_alloc_init_late+0x13/0x90
[    0.088000] 
[    0.088000] other info that might help us debug this:
[    0.088000]  Possible unsafe locking scenario:
[    0.088000] 
[    0.088000]        CPU0
[    0.088000]        ----
[    0.088000]   lock(pgdat_init_rwsem);
[    0.088000]   lock(pgdat_init_rwsem);
[    0.088000] 
[    0.088000]  *** DEADLOCK ***
[    0.088000] 
[    0.088000]  May be due to missing lock nesting notation
[    0.088000] 
[    0.088000] 1 lock held by swapper/1:
[    0.088000]  #0:  (pgdat_init_rwsem){++++.+}, at: [<ffffffff82cebe30>] page_alloc_init_late+0x13/0x90
[    0.088000] 
[    0.088000] stack backtrace:
[    0.088000] CPU: 0 PID: 1 Comm: swapper Not tainted 4.1.0-11369-g0e1cc95b4 #5
[    0.088000] Hardware name: QEMU Standard PC (i440FX + PIIX, 1996), BIOS 1.7.5-20140531_083030-gandalf 04/01/2014
[    0.088000]  ffffffff83591d60 ffff880010ee7d78 ffffffff81a4cb82 ffff880010ee7e48
[    0.088000]  ffffffff810fb38c ffff880010ee7db8 00000000810e53f7 ffff880010ef0c70
[    0.088000]  0000000000000000 ffffffff83591d60 ffffffff834c0c00 00000000004b425a
[    0.088000] Call Trace:
[    0.088000]  [<ffffffff81a4cb82>] dump_stack+0x19/0x1b
[    0.088000]  [<ffffffff810fb38c>] __lock_acquire+0xe3b/0xfeb
[    0.088000]  [<ffffffff815910be>] ? check_preemption_disabled+0x3c/0x196
[    0.088000]  [<ffffffff810fbac2>] lock_acquire+0x10e/0x198
[    0.088000]  [<ffffffff82cebe9c>] ? page_alloc_init_late+0x7f/0x90
[    0.088000]  [<ffffffff81a587ab>] down_write+0x3d/0x8b
[    0.088000]  [<ffffffff82cebe9c>] ? page_alloc_init_late+0x7f/0x90
[    0.088000]  [<ffffffff82cebe9c>] page_alloc_init_late+0x7f/0x90
[    0.088000]  [<ffffffff82cc476d>] kernel_init_freeable+0x180/0x2c9
[    0.088000]  [<ffffffff81a39fce>] ? rest_init+0x155/0x155
[    0.088000]  [<ffffffff81a39fd7>] kernel_init+0x9/0x152
[    0.088000]  [<ffffffff81a5b0cf>] ret_from_fork+0x3f/0x70
[    0.088000]  [<ffffffff81a39fce>] ? rest_init+0x155/0x155
[    0.088611] devtmpfs: initialized
[    0.098991] clocksource: jiffies: mask: 0xffffffff max_cycles: 0xffffffff, max_idle_ns: 7645041785100000 ns
[    0.100542] xor: measuring software checksum speed

git bisect start d770e558e21961ad6cfdf0ff7df0eb5d7d4f0754 v4.1 --
git bisect good e382608254e06c8109f40044f5e693f2e04f3899  # 22:59     22+     22  Merge tag 'trace-v4.2' of git://git.kernel.org/pub/scm/linux/kernel/git/rostedt/linux-trace
git bisect  bad 5f1201d515819e7cfaaac3f0a30ff7b556261386  # 23:27      1-     20  Merge tag 'clk-for-linus-4.2' of git://git.kernel.org/pub/scm/linux/kernel/git/clk/linux
git bisect good 88793e5c774ec69351ef6b5200bb59f532e41bca  # 23:36     22+     22  Merge tag 'libnvdimm-for-4.2' of git://git.kernel.org/pub/scm/linux/kernel/git/djbw/nvdimm
git bisect good 7adf12b87f45a77d364464018fb8e9e1ac875152  # 23:41     22+     22  Merge tag 'for-linus-4.2-rc0-tag' of git://git.kernel.org/pub/scm/linux/kernel/git/xen/tip
git bisect good 8fff77551a9215a725650263e30fa105acca95ab  # 23:45     20+     20  Merge git://git.kernel.org/pub/scm/linux/kernel/git/herbert/crypto-2.6
git bisect  bad 2d01eedf1d14432f4db5388a49dc5596a8c5bd02  # 23:50      1-      2  Merge branch 'akpm' (patches from Andrew)
git bisect good d5fb82137b6cd39e67c4321f4f5ce9b03d4d04e6  # 00:16     33+     35  Merge branch 'irq-urgent-for-linus' of git://git.kernel.org/pub/scm/linux/kernel/git/tip/tip
git bisect good 6ac15baacb6ecd87c66209627753b96ded3b4515  # 00:21     33+     33  Merge branch 'timers-urgent-for-linus' of git://git.kernel.org/pub/scm/linux/kernel/git/tip/tip
git bisect  bad 9ce71148b027e2bd27016139cae1c39401587695  # 00:25      1-      5  devpts: if initialization failed, don't crash when opening /dev/ptmx
git bisect  bad 460b865e53c347ebf110e50d499718cd9b39d810  # 00:30      5-     33  fs: document seq_open()'s usage of file->private_data
git bisect good 7e18adb4f80bea90d30b62158694d97c31f71d37  # 00:35     33+     33  mm: meminit: initialise remaining struct pages in parallel with kswapd
git bisect good ac5d2539b2382689b1cdb90bd60dcd49f61c2773  # 00:41     31+     31  mm: meminit: reduce number of times pageblocks are set during struct page init
git bisect  bad 0e1cc95b4cc7293bb7b39175035e7f7e45c90977  # 00:45     11-     24  mm: meminit: finish initialisation of struct pages before basic setup
git bisect good 74033a798f5a5db368126ee6f690111cf019bf7a  # 00:48     32+     32  mm: meminit: remove mminit_verify_page_links
# first bad commit: [0e1cc95b4cc7293bb7b39175035e7f7e45c90977] mm: meminit: finish initialisation of struct pages before basic setup
git bisect good 74033a798f5a5db368126ee6f690111cf019bf7a  # 00:51    100+    132  mm: meminit: remove mminit_verify_page_links
# extra tests with DEBUG_INFO
git bisect  bad 0e1cc95b4cc7293bb7b39175035e7f7e45c90977  # 00:54      0-     45  mm: meminit: finish initialisation of struct pages before basic setup
# extra tests on HEAD of linux-devel/devel-hourly-2015071220
git bisect  bad 1ae922e305feca3d8af890cf4601ef6a6cb5bbf1  # 00:54      0-     13  0day head guard for 'devel-hourly-2015071220'
# extra tests on tree/branch linus/master
git bisect  bad bc0195aad0daa2ad5b0d76cce22b167bc3435590  # 00:58      4-     45  Linux 4.2-rc2
# extra tests with first bad commit reverted
git bisect good 44813dd2ca45b1917d85ba59197678fdf069ce76  # 01:06     99+     99  Revert "mm: meminit: finish initialisation of struct pages before basic setup"
# extra tests on tree/branch linus/master
git bisect  bad bc0195aad0daa2ad5b0d76cce22b167bc3435590  # 01:06      0-     99  Linux 4.2-rc2
# extra tests on tree/branch next/master
git bisect  bad 2eb62d762a2112579f259903e62ba18d16c51f66  # 01:17      3-     23  Add linux-next specific files for 20150713


This script may reproduce the error.

----------------------------------------------------------------------------
#!/bin/bash

kernel=$1
initrd=quantal-core-x86_64.cgz

wget --no-clobber https://github.com/fengguang/reproduce-kernel-bug/raw/master/initrd/$initrd

kvm=(
	qemu-system-x86_64
	-enable-kvm
	-cpu kvm64
	-kernel $kernel
	-initrd $initrd
	-m 300
	-smp 2
	-device e1000,netdev=net0
	-netdev user,id=net0
	-boot order=nc
	-no-reboot
	-watchdog i6300esb
	-rtc base=localtime
	-serial stdio
	-display none
	-monitor null 
)

append=(
	hung_task_panic=1
	earlyprintk=ttyS0,115200
	systemd.log_level=err
	debug
	apic=debug
	sysrq_always_enabled
	rcupdate.rcu_cpu_stall_timeout=100
	panic=-1
	softlockup_panic=1
	nmi_watchdog=panic
	oops=panic
	load_ramdisk=2
	prompt_ramdisk=0
	console=ttyS0,115200
	console=tty0
	vga=normal
	root=/dev/ram0
	rw
	drbd.minor_count=8
)

"${kvm[@]}" --append "${append[*]}"
----------------------------------------------------------------------------

---
0-DAY kernel test infrastructure                Open Source Technology Center
https://lists.01.org/pipermail/lkp                          Intel Corporation

--AqsLC8rIMeq19msA
Content-Type: text/plain; charset=us-ascii
Content-Disposition: attachment; filename="dmesg-quantal-ivb41-143:20150714004438:x86_64-randconfig-a0-07122022:4.1.0-11369-g0e1cc95b4:5"
Content-Transfer-Encoding: quoted-printable

early console in setup code
Probing EDD (edd=3Doff to disable)... ok
[    0.000000] Initializing cgroup subsys cpuset
[    0.000000] Initializing cgroup subsys cpu
[    0.000000] Linux version 4.1.0-11369-g0e1cc95b4 (kbuild@xian) (gcc vers=
ion 4.9.2 (Debian 4.9.2-10) ) #5 PREEMPT Tue Jul 14 00:43:43 CST 2015
[    0.000000] Command line: hung_task_panic=3D1 earlyprintk=3DttyS0,115200=
 systemd.log_level=3Derr debug apic=3Ddebug sysrq_always_enabled rcupdate.r=
cu_cpu_stall_timeout=3D100 panic=3D-1 softlockup_panic=3D1 nmi_watchdog=3Dp=
anic oops=3Dpanic load_ramdisk=3D2 prompt_ramdisk=3D0 console=3DttyS0,11520=
0 console=3Dtty0 vga=3Dnormal  root=3D/dev/ram0 rw link=3D/kbuild-tests/run=
-queue/kvm/x86_64-randconfig-a0-07122022/linux-devel:devel-hourly-201507122=
0:0e1cc95b4cc7293bb7b39175035e7f7e45c90977:bisect-linux-9/.vmlinuz-0e1cc95b=
4cc7293bb7b39175035e7f7e45c90977-20150714004405-25-ivb41 branch=3Dlinux-dev=
el/devel-hourly-2015071220 BOOT_IMAGE=3D/pkg/linux/x86_64-randconfig-a0-071=
22022/gcc-4.9/0e1cc95b4cc7293bb7b39175035e7f7e45c90977/vmlinuz-4.1.0-11369-=
g0e1cc95b4 drbd.minor_count=3D8
[    0.000000] KERNEL supported cpus:
[    0.000000]   Centaur CentaurHauls
[    0.000000] CPU: vendor_id 'GenuineIntel' unknown, using generic init.
[    0.000000] CPU: Your system may be unstable.
[    0.000000] x86/fpu: Legacy x87 FPU detected.
[    0.000000] x86/fpu: Using 'lazy' FPU context switches.
[    0.000000] e820: BIOS-provided physical RAM map:
[    0.000000] BIOS-e820: [mem 0x0000000000000000-0x000000000009fbff] usable
[    0.000000] BIOS-e820: [mem 0x000000000009fc00-0x000000000009ffff] reser=
ved
[    0.000000] BIOS-e820: [mem 0x00000000000f0000-0x00000000000fffff] reser=
ved
[    0.000000] BIOS-e820: [mem 0x0000000000100000-0x0000000012bdffff] usable
[    0.000000] BIOS-e820: [mem 0x0000000012be0000-0x0000000012bfffff] reser=
ved
[    0.000000] BIOS-e820: [mem 0x00000000feffc000-0x00000000feffffff] reser=
ved
[    0.000000] BIOS-e820: [mem 0x00000000fffc0000-0x00000000ffffffff] reser=
ved
[    0.000000] NX (Execute Disable) protection: active
[    0.000000] SMBIOS 2.8 present.
[    0.000000] DMI: QEMU Standard PC (i440FX + PIIX, 1996), BIOS 1.7.5-2014=
0531_083030-gandalf 04/01/2014
[    0.000000] Hypervisor detected: KVM
[    0.000000] e820: update [mem 0x00000000-0x00000fff] usable =3D=3D> rese=
rved
[    0.000000] e820: remove [mem 0x000a0000-0x000fffff] usable
[    0.000000] e820: last_pfn =3D 0x12be0 max_arch_pfn =3D 0x400000000
[    0.000000] MTRR default type: write-back
[    0.000000] MTRR fixed ranges enabled:
[    0.000000]   00000-9FFFF write-back
[    0.000000]   A0000-BFFFF uncachable
[    0.000000]   C0000-FFFFF write-protect
[    0.000000] MTRR variable ranges enabled:
[    0.000000]   0 base 0080000000 mask FF80000000 uncachable
[    0.000000]   1 disabled
[    0.000000]   2 disabled
[    0.000000]   3 disabled
[    0.000000]   4 disabled
[    0.000000]   5 disabled
[    0.000000]   6 disabled
[    0.000000]   7 disabled
[    0.000000] x86/PAT: Configuration [0-7]: WB  WT  UC- UC  WB  WT  UC- UC=
 =20
[    0.000000] Scan for SMP in [mem 0x00000000-0x000003ff]
[    0.000000] Scan for SMP in [mem 0x0009fc00-0x0009ffff]
[    0.000000] Scan for SMP in [mem 0x000f0000-0x000fffff]
[    0.000000] found SMP MP-table at [mem 0x000f0e80-0x000f0e8f] mapped at =
[ffff8800000f0e80]
[    0.000000]   mpc: f0e90-f0fac
[    0.000000] Scanning 1 areas for low memory corruption
[    0.000000] Base memory trampoline at [ffff880000099000] 99000 size 24576
[    0.000000] init_memory_mapping: [mem 0x00000000-0x000fffff]
[    0.000000]  [mem 0x00000000-0x000fffff] page 4k
[    0.000000] BRK [0x03cdc000, 0x03cdcfff] PGTABLE
[    0.000000] BRK [0x03cdd000, 0x03cddfff] PGTABLE
[    0.000000] BRK [0x03cde000, 0x03cdefff] PGTABLE
[    0.000000] init_memory_mapping: [mem 0x11200000-0x113fffff]
[    0.000000]  [mem 0x11200000-0x113fffff] page 4k
[    0.000000] BRK [0x03cdf000, 0x03cdffff] PGTABLE
[    0.000000] init_memory_mapping: [mem 0x00100000-0x111fffff]
[    0.000000]  [mem 0x00100000-0x111fffff] page 4k
[    0.000000] init_memory_mapping: [mem 0x11400000-0x12bdffff]
[    0.000000]  [mem 0x11400000-0x12bdffff] page 4k
[    0.000000] BRK [0x03ce0000, 0x03ce0fff] PGTABLE
[    0.000000] BRK [0x03ce1000, 0x03ce1fff] PGTABLE
[    0.000000] RAMDISK: [mem 0x11525000-0x12bd7fff]
[    0.000000] ACPI: Early table checksum verification disabled
[    0.000000] ACPI: RSDP 0x00000000000F0C60 000014 (v00 BOCHS )
[    0.000000] ACPI: RSDT 0x0000000012BE18BD 000034 (v01 BOCHS  BXPCRSDT 00=
000001 BXPC 00000001)
[    0.000000] ACPI: FACP 0x0000000012BE0B37 000074 (v01 BOCHS  BXPCFACP 00=
000001 BXPC 00000001)
[    0.000000] ACPI: DSDT 0x0000000012BE0040 000AF7 (v01 BOCHS  BXPCDSDT 00=
000001 BXPC 00000001)
[    0.000000] ACPI: FACS 0x0000000012BE0000 000040
[    0.000000] ACPI: SSDT 0x0000000012BE0BAB 000C5A (v01 BOCHS  BXPCSSDT 00=
000001 BXPC 00000001)
[    0.000000] ACPI: APIC 0x0000000012BE1805 000080 (v01 BOCHS  BXPCAPIC 00=
000001 BXPC 00000001)
[    0.000000] ACPI: HPET 0x0000000012BE1885 000038 (v01 BOCHS  BXPCHPET 00=
000001 BXPC 00000001)
[    0.000000] ACPI: Local APIC address 0xfee00000
[    0.000000] mapped APIC to ffffffffff5fc000 (        fee00000)
[    0.000000] kvm-clock: Using msrs 4b564d01 and 4b564d00
[    0.000000] kvm-clock: cpu 0, msr 0:12bdf001, primary cpu clock
[    0.000000] clocksource: kvm-clock: mask: 0xffffffffffffffff max_cycles:=
 0x1cd42e4dffb, max_idle_ns: 881590591483 ns
[    0.000000]  [ffffea0000000000-ffffea00005fffff] PMD -> [ffff88001040000=
0-ffff8800109fffff] on node 0
[    0.000000] Zone ranges:
[    0.000000]   DMA      [mem 0x0000000000001000-0x0000000000ffffff]
[    0.000000]   DMA32    [mem 0x0000000001000000-0x0000000012bdffff]
[    0.000000]   Normal   empty
[    0.000000] Movable zone start for each node
[    0.000000] Early memory node ranges
[    0.000000]   node   0: [mem 0x0000000000001000-0x000000000009efff]
[    0.000000]   node   0: [mem 0x0000000000100000-0x0000000012bdffff]
[    0.000000] Initmem setup node 0 [mem 0x0000000000001000-0x0000000012bdf=
fff]
[    0.000000] On node 0 totalpages: 76670
[    0.000000]   DMA zone: 64 pages used for memmap
[    0.000000]   DMA zone: 21 pages reserved
[    0.000000]   DMA zone: 3998 pages, LIFO batch:0
[    0.000000]   DMA32 zone: 1136 pages used for memmap
[    0.000000]   DMA32 zone: 72672 pages, LIFO batch:15
[    0.000000] ACPI: PM-Timer IO Port: 0x608
[    0.000000] ACPI: Local APIC address 0xfee00000
[    0.000000] mapped APIC to ffffffffff5fc000 (        fee00000)
[    0.000000] ACPI: NR_CPUS/possible_cpus limit of 1 reached.  Processor 1=
/0x1 ignored.
[    0.000000] ACPI: LAPIC_NMI (acpi_id[0xff] dfl dfl lint[0x1])
[    0.000000] IOAPIC[0]: apic_id 0, version 17, address 0xfec00000, GSI 0-=
23
[    0.000000] ACPI: INT_SRC_OVR (bus 0 bus_irq 0 global_irq 2 dfl dfl)
[    0.000000] Int: type 0, pol 0, trig 0, bus 00, IRQ 00, APIC ID 0, APIC =
INT 02
[    0.000000] ACPI: INT_SRC_OVR (bus 0 bus_irq 5 global_irq 5 high level)
[    0.000000] Int: type 0, pol 1, trig 3, bus 00, IRQ 05, APIC ID 0, APIC =
INT 05
[    0.000000] ACPI: INT_SRC_OVR (bus 0 bus_irq 9 global_irq 9 high level)
[    0.000000] Int: type 0, pol 1, trig 3, bus 00, IRQ 09, APIC ID 0, APIC =
INT 09
[    0.000000] ACPI: INT_SRC_OVR (bus 0 bus_irq 10 global_irq 10 high level)
[    0.000000] Int: type 0, pol 1, trig 3, bus 00, IRQ 0a, APIC ID 0, APIC =
INT 0a
[    0.000000] ACPI: INT_SRC_OVR (bus 0 bus_irq 11 global_irq 11 high level)
[    0.000000] Int: type 0, pol 1, trig 3, bus 00, IRQ 0b, APIC ID 0, APIC =
INT 0b
[    0.000000] ACPI: IRQ0 used by override.
[    0.000000] Int: type 0, pol 0, trig 0, bus 00, IRQ 01, APIC ID 0, APIC =
INT 01
[    0.000000] Int: type 0, pol 0, trig 0, bus 00, IRQ 03, APIC ID 0, APIC =
INT 03
[    0.000000] Int: type 0, pol 0, trig 0, bus 00, IRQ 04, APIC ID 0, APIC =
INT 04
[    0.000000] ACPI: IRQ5 used by override.
[    0.000000] Int: type 0, pol 0, trig 0, bus 00, IRQ 06, APIC ID 0, APIC =
INT 06
[    0.000000] Int: type 0, pol 0, trig 0, bus 00, IRQ 07, APIC ID 0, APIC =
INT 07
[    0.000000] Int: type 0, pol 0, trig 0, bus 00, IRQ 08, APIC ID 0, APIC =
INT 08
[    0.000000] ACPI: IRQ9 used by override.
[    0.000000] ACPI: IRQ10 used by override.
[    0.000000] ACPI: IRQ11 used by override.
[    0.000000] Int: type 0, pol 0, trig 0, bus 00, IRQ 0c, APIC ID 0, APIC =
INT 0c
[    0.000000] Int: type 0, pol 0, trig 0, bus 00, IRQ 0d, APIC ID 0, APIC =
INT 0d
[    0.000000] Int: type 0, pol 0, trig 0, bus 00, IRQ 0e, APIC ID 0, APIC =
INT 0e
[    0.000000] Int: type 0, pol 0, trig 0, bus 00, IRQ 0f, APIC ID 0, APIC =
INT 0f
[    0.000000] Using ACPI (MADT) for SMP configuration information
[    0.000000] ACPI: HPET id: 0x8086a201 base: 0xfed00000
[    0.000000] mapped IOAPIC to ffffffffff5fb000 (fec00000)
[    0.000000] KVM setup async PF for cpu 0
[    0.000000] kvm-stealtime: cpu 0, msr 242bd00
[    0.000000] e820: [mem 0x12c00000-0xfeffbfff] available for PCI devices
[    0.000000] Booting paravirtualized kernel on KVM
[    0.000000] clocksource: refined-jiffies: mask: 0xffffffff max_cycles: 0=
xffffffff, max_idle_ns: 7645519600211568 ns
[    0.000000] pcpu-alloc: s0 r0 d32768 u32768 alloc=3D1*32768
[    0.000000] pcpu-alloc: [0] 0=20
[    0.000000] Built 1 zonelists in Zone order, mobility grouping on.  Tota=
l pages: 75449
[    0.000000] Kernel command line: hung_task_panic=3D1 earlyprintk=3DttyS0=
,115200 systemd.log_level=3Derr debug apic=3Ddebug sysrq_always_enabled rcu=
pdate.rcu_cpu_stall_timeout=3D100 panic=3D-1 softlockup_panic=3D1 nmi_watch=
dog=3Dpanic oops=3Dpanic load_ramdisk=3D2 prompt_ramdisk=3D0 console=3DttyS=
0,115200 console=3Dtty0 vga=3Dnormal  root=3D/dev/ram0 rw link=3D/kbuild-te=
sts/run-queue/kvm/x86_64-randconfig-a0-07122022/linux-devel:devel-hourly-20=
15071220:0e1cc95b4cc7293bb7b39175035e7f7e45c90977:bisect-linux-9/.vmlinuz-0=
e1cc95b4cc7293bb7b39175035e7f7e45c90977-20150714004405-25-ivb41 branch=3Dli=
nux-devel/devel-hourly-2015071220 BOOT_IMAGE=3D/pkg/linux/x86_64-randconfig=
-a0-07122022/gcc-4.9/0e1cc95b4cc7293bb7b39175035e7f7e45c90977/vmlinuz-4.1.0=
-11369-g0e1cc95b4 drbd.minor_count=3D8
[    0.000000] PID hash table entries: 2048 (order: 2, 16384 bytes)
[    0.000000] Dentry cache hash table entries: 65536 (order: 7, 524288 byt=
es)
[    0.000000] Inode-cache hash table entries: 32768 (order: 6, 262144 byte=
s)
[    0.000000] Memory: 229112K/306680K available (10612K kernel code, 8966K=
 rwdata, 7080K rodata, 1084K init, 15396K bss, 77568K reserved, 0K cma-rese=
rved)
[    0.000000] SLUB: HWalign=3D64, Order=3D0-3, MinObjects=3D0, CPUs=3D1, N=
odes=3D1
[    0.000000] Running RCU self tests
[    0.000000] Preemptible hierarchical RCU implementation.
[    0.000000]=20
[    0.000000] **********************************************************
[    0.000000] **   NOTICE NOTICE NOTICE NOTICE NOTICE NOTICE NOTICE   **
[    0.000000] **                                                      **
[    0.000000] ** trace_printk() being used. Allocating extra memory.  **
[    0.000000] **                                                      **
[    0.000000] ** This means that this is a DEBUG kernel and it is     **
[    0.000000] ** unsafe for production use.                           **
[    0.000000] **                                                      **
[    0.000000] ** If you see this message and you are not debugging    **
[    0.000000] ** the kernel, report this immediately to your vendor!  **
[    0.000000] **                                                      **
[    0.000000] **   NOTICE NOTICE NOTICE NOTICE NOTICE NOTICE NOTICE   **
[    0.000000] **********************************************************
[    0.000000] NR_IRQS:4352 nr_irqs:256 16
[    0.000000] console [ttyS0] enabled
[    0.000000] Lock dependency validator: Copyright (c) 2006 Red Hat, Inc.,=
 Ingo Molnar
[    0.000000] ... MAX_LOCKDEP_SUBCLASSES:  8
[    0.000000] ... MAX_LOCK_DEPTH:          48
[    0.000000] ... MAX_LOCKDEP_KEYS:        8191
[    0.000000] ... CLASSHASH_SIZE:          4096
[    0.000000] ... MAX_LOCKDEP_ENTRIES:     32768
[    0.000000] ... MAX_LOCKDEP_CHAINS:      65536
[    0.000000] ... CHAINHASH_SIZE:          32768
[    0.000000]  memory used by lock dependency info: 8671 kB
[    0.000000]  per task-struct memory footprint: 2688 bytes
[    0.000000] ------------------------
[    0.000000] | Locking API testsuite:
[    0.000000] ------------------------------------------------------------=
----------------
[    0.000000]                                  | spin |wlock |rlock |mutex=
 | wsem | rsem |
[    0.000000]   ----------------------------------------------------------=
----------------
[    0.000000]                      A-A deadlock:  ok  |  ok  |  ok  |  ok =
 |  ok  |  ok  |
[    0.000000]                  A-B-B-A deadlock:  ok  |  ok  |  ok  |  ok =
 |  ok  |  ok  |
[    0.000000]              A-B-B-C-C-A deadlock:  ok  |  ok  |  ok  |  ok =
 |  ok  |  ok  |
[    0.000000]              A-B-C-A-B-C deadlock:  ok  |  ok  |  ok  |  ok =
 |  ok  |  ok  |
[    0.000000]          A-B-B-C-C-D-D-A deadlock:  ok  |  ok  |  ok  |  ok =
 |  ok  |  ok  |
[    0.000000]          A-B-C-D-B-D-D-A deadlock:  ok  |  ok  |  ok  |  ok =
 |  ok  |  ok  |
[    0.000000]          A-B-C-D-B-C-D-A deadlock:  ok  |  ok  |  ok  |  ok =
 |  ok  |  ok  |
[    0.000000]                     double unlock:  ok  |  ok  |  ok  |  ok =
 |  ok  |  ok  |
[    0.000000]                   initialize held:  ok  |  ok  |  ok  |  ok =
 |  ok  |  ok  |
[    0.000000]                  bad unlock order:  ok  |  ok  |  ok  |  ok =
 |  ok  |  ok  |
[    0.000000]   ----------------------------------------------------------=
----------------
[    0.000000]               recursive read-lock:             |  ok  |     =
        |  ok  |
[    0.000000]            recursive read-lock #2:             |  ok  |     =
        |  ok  |
[    0.000000]             mixed read-write-lock:             |  ok  |     =
        |  ok  |
[    0.000000]             mixed write-read-lock:             |  ok  |     =
        |  ok  |
[    0.000000]   ----------------------------------------------------------=
----------------
[    0.000000]      hard-irqs-on + irq-safe-A/12:  ok  |  ok  |  ok  |
[    0.000000]      soft-irqs-on + irq-safe-A/12:  ok  |  ok  |  ok  |
[    0.000000]      hard-irqs-on + irq-safe-A/21:  ok  |  ok  |  ok  |
[    0.000000]      soft-irqs-on + irq-safe-A/21:  ok  |  ok  |  ok  |
[    0.000000]        sirq-safe-A =3D> hirqs-on/12:  ok  |  ok  |  ok  |
[    0.000000]        sirq-safe-A =3D> hirqs-on/21:  ok  |  ok  |  ok  |
[    0.000000]          hard-safe-A + irqs-on/12:  ok  |  ok  |  ok  |
[    0.000000]          soft-safe-A + irqs-on/12:  ok  |  ok  |  ok  |
[    0.000000]          hard-safe-A + irqs-on/21:  ok  |  ok  |  ok  |
[    0.000000]          soft-safe-A + irqs-on/21:  ok  |  ok  |  ok  |
[    0.000000]     hard-safe-A + unsafe-B #1/123:  ok  |  ok  |  ok  |
[    0.000000]     soft-safe-A + unsafe-B #1/123:  ok  |  ok  |  ok  |
[    0.000000]     hard-safe-A + unsafe-B #1/132:  ok  |  ok  |  ok  |
[    0.000000]     soft-safe-A + unsafe-B #1/132:  ok  |  ok  |  ok  |
[    0.000000]     hard-safe-A + unsafe-B #1/213:  ok  |  ok  |  ok  |
[    0.000000]     soft-safe-A + unsafe-B #1/213:  ok  |  ok  |  ok  |
[    0.000000]     hard-safe-A + unsafe-B #1/231:  ok  |  ok  |  ok  |
[    0.000000]     soft-safe-A + unsafe-B #1/231:  ok  |  ok  |  ok  |
[    0.000000]     hard-safe-A + unsafe-B #1/312:  ok  |  ok  |  ok  |
[    0.000000]     soft-safe-A + unsafe-B #1/312:  ok  |  ok  |  ok  |
[    0.000000]     hard-safe-A + unsafe-B #1/321:  ok  |  ok  |  ok  |
[    0.000000]     soft-safe-A + unsafe-B #1/321:  ok  |  ok  |  ok  |
[    0.000000]     hard-safe-A + unsafe-B #2/123:  ok  |  ok  |  ok  |
[    0.000000]     soft-safe-A + unsafe-B #2/123:  ok  |  ok  |  ok  |
[    0.000000]     hard-safe-A + unsafe-B #2/132:  ok  |  ok  |  ok  |
[    0.000000]     soft-safe-A + unsafe-B #2/132:  ok  |  ok  |  ok  |
[    0.000000]     hard-safe-A + unsafe-B #2/213:  ok  |  ok  |  ok  |
[    0.000000]     soft-safe-A + unsafe-B #2/213:  ok  |  ok  |  ok  |
[    0.000000]     hard-safe-A + unsafe-B #2/231:  ok  |  ok  |  ok  |
[    0.000000]     soft-safe-A + unsafe-B #2/231:  ok  |  ok  |  ok  |
[    0.000000]     hard-safe-A + unsafe-B #2/312:  ok  |  ok  |  ok  |
[    0.000000]     soft-safe-A + unsafe-B #2/312:  ok  |  ok  |  ok  |
[    0.000000]     hard-safe-A + unsafe-B #2/321:  ok  |  ok  |  ok  |
[    0.000000]     soft-safe-A + unsafe-B #2/321:  ok  |  ok  |  ok  |
[    0.000000]       hard-irq lock-inversion/123:  ok  |  ok  |  ok  |
[    0.000000]       soft-irq lock-inversion/123:  ok  |  ok  |  ok  |
[    0.000000]       hard-irq lock-inversion/132:  ok  |  ok  |  ok  |
[    0.000000]       soft-irq lock-inversion/132:  ok  |  ok  |  ok  |
[    0.000000]       hard-irq lock-inversion/213:  ok  |  ok  |  ok  |
[    0.000000]       soft-irq lock-inversion/213:  ok  |  ok  |  ok  |
[    0.000000]       hard-irq lock-inversion/231:  ok  |  ok  |  ok  |
[    0.000000]       soft-irq lock-inversion/231:  ok  |  ok  |  ok  |
[    0.000000]       hard-irq lock-inversion/312:  ok  |  ok  |  ok  |
[    0.000000]       soft-irq lock-inversion/312:  ok  |  ok  |  ok  |
[    0.000000]       hard-irq lock-inversion/321:  ok  |  ok  |  ok  |
[    0.000000]       soft-irq lock-inversion/321:  ok  |  ok  |  ok  |
[    0.000000]       hard-irq read-recursion/123:  ok  |
[    0.000000]       soft-irq read-recursion/123:  ok  |
[    0.000000]       hard-irq read-recursion/132:  ok  |
[    0.000000]       soft-irq read-recursion/132:  ok  |
[    0.000000]       hard-irq read-recursion/213:  ok  |
[    0.000000]       soft-irq read-recursion/213:  ok  |
[    0.000000]       hard-irq read-recursion/231:  ok  |
[    0.000000]       soft-irq read-recursion/231:  ok  |
[    0.000000]       hard-irq read-recursion/312:  ok  |
[    0.000000]       soft-irq read-recursion/312:  ok  |
[    0.000000]       hard-irq read-recursion/321:  ok  |
[    0.000000]       soft-irq read-recursion/321:  ok  |
[    0.000000]   ----------------------------------------------------------=
----------------
[    0.000000]   | Wound/wait tests |
[    0.000000]   ---------------------
[    0.000000]                   ww api failures:  ok  |  ok  |  ok  |
[    0.000000]                ww contexts mixing:  ok  |  ok  |
[    0.000000]              finishing ww context:  ok  |  ok  |  ok  |  ok =
 |
[    0.000000]                locking mismatches:  ok  |  ok  |  ok  |
[    0.000000]                  EDEADLK handling:  ok  |  ok  |  ok  |  ok =
 |  ok  |  ok  |  ok  |  ok  |  ok  |  ok  |
[    0.000000]            spinlock nest unlocked:  ok  |
[    0.000000]   -----------------------------------------------------
[    0.000000]                                  |block | try  |context|
[    0.000000]   -----------------------------------------------------
[    0.000000]                           context:  ok  |  ok  |  ok  |
[    0.000000]                               try:  ok  |  ok  |  ok  |
[    0.000000]                             block:  ok  |  ok  |  ok  |
[    0.000000]                          spinlock:  ok  |  ok  |  ok  |
[    0.000000] -------------------------------------------------------
[    0.000000] Good, all 253 testcases passed! |
[    0.000000] ---------------------------------
[    0.000000] ODEBUG: selftest passed
[    0.000000] clocksource: hpet: mask: 0xffffffff max_cycles: 0xffffffff, =
max_idle_ns: 19112604467 ns
[    0.000000] hpet clockevent registered
[    0.000000] tsc: Detected 2693.506 MHz processor
[    0.008000] Calibrating delay loop (skipped) preset value.. 5387.01 Bogo=
MIPS (lpj=3D10774024)
[    0.008000] pid_max: default: 4096 minimum: 301
[    0.008000] ACPI: Core revision 20150515
[    0.068170] ACPI: All ACPI Tables successfully acquired
[    0.068967] Mount-cache hash table entries: 1024 (order: 1, 8192 bytes)
[    0.069584] Mountpoint-cache hash table entries: 1024 (order: 1, 8192 by=
tes)
[    0.072013] Initializing cgroup subsys perf_event
[    0.072496] Initializing cgroup subsys hugetlb
[    0.073024] Last level iTLB entries: 4KB 0, 2MB 0, 4MB 0
[    0.073521] Last level dTLB entries: 4KB 0, 2MB 0, 4MB 0, 1GB 0
[    0.074054] CPU: GenuineIntel Common KVM processor (fam: 0f, model: 06, =
stepping: 01)
[    0.076662] Performance Events: no PMU driver, software events only.
[    0.079436] x2apic enabled
[    0.079927] Switched APIC routing to physical x2apic.
[    0.080013] enabled ExtINT on CPU#0
[    0.081038] ENABLING IO-APIC IRQs
[    0.081361] init IO_APIC IRQs
[    0.081637]  apic 0 pin 0 not connected
[    0.082079] IOAPIC[0]: Set routing entry (0-1 -> 0x31 -> IRQ 1 Mode:0 Ac=
tive:0 Dest:0)
[    0.082861] IOAPIC[0]: Set routing entry (0-2 -> 0x30 -> IRQ 0 Mode:0 Ac=
tive:0 Dest:0)
[    0.083595] IOAPIC[0]: Set routing entry (0-3 -> 0x33 -> IRQ 3 Mode:0 Ac=
tive:0 Dest:0)
[    0.084000] IOAPIC[0]: Set routing entry (0-4 -> 0x34 -> IRQ 4 Mode:0 Ac=
tive:0 Dest:0)
[    0.084000] IOAPIC[0]: Set routing entry (0-5 -> 0x35 -> IRQ 5 Mode:1 Ac=
tive:0 Dest:0)
[    0.084000] IOAPIC[0]: Set routing entry (0-6 -> 0x36 -> IRQ 6 Mode:0 Ac=
tive:0 Dest:0)
[    0.084000] IOAPIC[0]: Set routing entry (0-7 -> 0x37 -> IRQ 7 Mode:0 Ac=
tive:0 Dest:0)
[    0.084000] IOAPIC[0]: Set routing entry (0-8 -> 0x38 -> IRQ 8 Mode:0 Ac=
tive:0 Dest:0)
[    0.084000] IOAPIC[0]: Set routing entry (0-9 -> 0x39 -> IRQ 9 Mode:1 Ac=
tive:0 Dest:0)
[    0.084000] IOAPIC[0]: Set routing entry (0-10 -> 0x3a -> IRQ 10 Mode:1 =
Active:0 Dest:0)
[    0.084000] IOAPIC[0]: Set routing entry (0-11 -> 0x3b -> IRQ 11 Mode:1 =
Active:0 Dest:0)
[    0.084000] IOAPIC[0]: Set routing entry (0-12 -> 0x3c -> IRQ 12 Mode:0 =
Active:0 Dest:0)
[    0.084000] IOAPIC[0]: Set routing entry (0-13 -> 0x3d -> IRQ 13 Mode:0 =
Active:0 Dest:0)
[    0.084000] IOAPIC[0]: Set routing entry (0-14 -> 0x3e -> IRQ 14 Mode:0 =
Active:0 Dest:0)
[    0.084000] IOAPIC[0]: Set routing entry (0-15 -> 0x3f -> IRQ 15 Mode:0 =
Active:0 Dest:0)
[    0.084000]  apic 0 pin 16 not connected
[    0.084000]  apic 0 pin 17 not connected
[    0.084000]  apic 0 pin 18 not connected
[    0.084000]  apic 0 pin 19 not connected
[    0.084000]  apic 0 pin 20 not connected
[    0.084000]  apic 0 pin 21 not connected
[    0.084000]  apic 0 pin 22 not connected
[    0.084000]  apic 0 pin 23 not connected
[    0.084000] ..TIMER: vector=3D0x30 apic1=3D0 pin1=3D2 apic2=3D-1 pin2=3D=
-1
[    0.084000] Using local APIC timer interrupts.
[    0.084000] calibrating APIC timer ...
[    0.084000] ... lapic delta =3D 6250097
[    0.084000] ... PM-Timer delta =3D 357967
[    0.084000] ... PM-Timer result ok
[    0.084000] ..... delta 6250097
[    0.084000] ..... mult: 268439622
[    0.084000] ..... calibration result: 4000062
[    0.084000] ..... CPU clock speed is 2693.2172 MHz.
[    0.084000] ..... host bus clock speed is 1000.0062 MHz.
[    0.084323]=20
[    0.084537] =3D=3D=3D=3D=3D=3D=3D=3D=3D=3D=3D=3D=3D=3D=3D=3D=3D=3D=3D=3D=
=3D=3D=3D=3D=3D=3D=3D=3D=3D=3D=3D=3D=3D=3D=3D=3D=3D=3D=3D=3D=3D=3D=3D=3D=3D
[    0.085229] [ INFO: possible recursive locking detected ]
[    0.085913] 4.1.0-11369-g0e1cc95b4 #5 Not tainted
[    0.086524] ---------------------------------------------
[    0.087224] swapper/1 is trying to acquire lock:
[    0.087839]  (pgdat_init_rwsem){++++.+}, at: [<ffffffff82cebe9c>] page_a=
lloc_init_late+0x7f/0x90
[    0.088000]=20
[    0.088000] but task is already holding lock:
[    0.088000]  (pgdat_init_rwsem){++++.+}, at: [<ffffffff82cebe30>] page_a=
lloc_init_late+0x13/0x90
[    0.088000]=20
[    0.088000] other info that might help us debug this:
[    0.088000]  Possible unsafe locking scenario:
[    0.088000]=20
[    0.088000]        CPU0
[    0.088000]        ----
[    0.088000]   lock(pgdat_init_rwsem);
[    0.088000]   lock(pgdat_init_rwsem);
[    0.088000]=20
[    0.088000]  *** DEADLOCK ***
[    0.088000]=20
[    0.088000]  May be due to missing lock nesting notation
[    0.088000]=20
[    0.088000] 1 lock held by swapper/1:
[    0.088000]  #0:  (pgdat_init_rwsem){++++.+}, at: [<ffffffff82cebe30>] p=
age_alloc_init_late+0x13/0x90
[    0.088000]=20
[    0.088000] stack backtrace:
[    0.088000] CPU: 0 PID: 1 Comm: swapper Not tainted 4.1.0-11369-g0e1cc95=
b4 #5
[    0.088000] Hardware name: QEMU Standard PC (i440FX + PIIX, 1996), BIOS =
1.7.5-20140531_083030-gandalf 04/01/2014
[    0.088000]  ffffffff83591d60 ffff880010ee7d78 ffffffff81a4cb82 ffff8800=
10ee7e48
[    0.088000]  ffffffff810fb38c ffff880010ee7db8 00000000810e53f7 ffff8800=
10ef0c70
[    0.088000]  0000000000000000 ffffffff83591d60 ffffffff834c0c00 00000000=
004b425a
[    0.088000] Call Trace:
[    0.088000]  [<ffffffff81a4cb82>] dump_stack+0x19/0x1b
[    0.088000]  [<ffffffff810fb38c>] __lock_acquire+0xe3b/0xfeb
[    0.088000]  [<ffffffff815910be>] ? check_preemption_disabled+0x3c/0x196
[    0.088000]  [<ffffffff810fbac2>] lock_acquire+0x10e/0x198
[    0.088000]  [<ffffffff82cebe9c>] ? page_alloc_init_late+0x7f/0x90
[    0.088000]  [<ffffffff81a587ab>] down_write+0x3d/0x8b
[    0.088000]  [<ffffffff82cebe9c>] ? page_alloc_init_late+0x7f/0x90
[    0.088000]  [<ffffffff82cebe9c>] page_alloc_init_late+0x7f/0x90
[    0.088000]  [<ffffffff82cc476d>] kernel_init_freeable+0x180/0x2c9
[    0.088000]  [<ffffffff81a39fce>] ? rest_init+0x155/0x155
[    0.088000]  [<ffffffff81a39fd7>] kernel_init+0x9/0x152
[    0.088000]  [<ffffffff81a5b0cf>] ret_from_fork+0x3f/0x70
[    0.088000]  [<ffffffff81a39fce>] ? rest_init+0x155/0x155
[    0.088611] devtmpfs: initialized
[    0.098991] clocksource: jiffies: mask: 0xffffffff max_cycles: 0xfffffff=
f, max_idle_ns: 7645041785100000 ns
[    0.100542] xor: measuring software checksum speed
[    0.140037]    prefetch64-sse: 10507.000 MB/sec
[    0.180015]    generic_sse: 10029.000 MB/sec
[    0.180582] xor: using function: prefetch64-sse (10507.000 MB/sec)
[    0.181401] prandom: seed boundary self test passed
[    0.182429] prandom: 100 self tests passed
[    0.184216] regulator-dummy: no parameters
[    0.184979] RTC time:  0:44:30, date: 07/14/15
[    0.186230] NET: Registered protocol family 16
[    0.200019] cpuidle: using governor ladder
[    0.212016] cpuidle: using governor menu
[    0.213052] ACPI: bus type PCI registered
[    0.214387] PCI: Using configuration type 1 for base access
[    0.316016] raid6: sse2x1   gen()  7669 MB/s
[    0.384011] raid6: sse2x1   xor()  5913 MB/s
[    0.452016] raid6: sse2x2   gen()  9242 MB/s
[    0.520010] raid6: sse2x2   xor()  6691 MB/s
[    0.588008] raid6: sse2x4   gen() 10616 MB/s
[    0.656004] raid6: sse2x4   xor()  7947 MB/s
[    0.656563] raid6: using algorithm sse2x4 gen() 10616 MB/s
[    0.657298] raid6: .... xor() 7947 MB/s, rmw enabled
[    0.657952] raid6: using intx1 recovery algorithm
[    0.660311] ACPI: Added _OSI(Module Device)
[    0.660895] ACPI: Added _OSI(Processor Device)
[    0.661482] ACPI: Added _OSI(3.0 _SCP Extensions)
[    0.662101] ACPI: Added _OSI(Processor Aggregator Device)
[    0.684774] ACPI: Interpreter enabled
[    0.685324] ACPI: (supports S0 S5)
[    0.685767] ACPI: Using IOAPIC for interrupt routing
[    0.686643] PCI: Using host bridge windows from ACPI; if necessary, use =
"pci=3Dnocrs" and report a bug
[    0.775316] ACPI: PCI Root Bridge [PCI0] (domain 0000 [bus 00-ff])
[    0.776034] acpi PNP0A03:00: _OSC: OS supports [Segments]
[    0.776847] acpi PNP0A03:00: _OSC failed (AE_NOT_FOUND); disabling ASPM
[    0.780267] PCI host bridge to bus 0000:00
[    0.780821] pci_bus 0000:00: root bus resource [bus 00-ff]
[    0.781544] pci_bus 0000:00: root bus resource [io  0x0000-0x0cf7 window]
[    0.782424] pci_bus 0000:00: root bus resource [io  0x0d00-0xadff window]
[    0.783313] pci_bus 0000:00: root bus resource [io  0xae0f-0xaeff window]
[    0.784012] pci_bus 0000:00: root bus resource [io  0xaf20-0xafdf window]
[    0.784912] pci_bus 0000:00: root bus resource [io  0xafe4-0xffff window]
[    0.785812] pci_bus 0000:00: root bus resource [mem 0x000a0000-0x000bfff=
f window]
[    0.786780] pci_bus 0000:00: root bus resource [mem 0x12c00000-0xfebffff=
f window]
[    0.787796] pci 0000:00:00.0: [8086:1237] type 00 class 0x060000
[    0.790581] pci 0000:00:01.0: [8086:7000] type 00 class 0x060100
[    0.794684] pci 0000:00:01.1: [8086:7010] type 00 class 0x010180
[    0.807218] pci 0000:00:01.1: reg 0x20: [io  0xc200-0xc20f]
[    0.812033] pci 0000:00:01.1: legacy IDE quirk: reg 0x10: [io  0x01f0-0x=
01f7]
[    0.812957] pci 0000:00:01.1: legacy IDE quirk: reg 0x14: [io  0x03f6]
[    0.813783] pci 0000:00:01.1: legacy IDE quirk: reg 0x18: [io  0x0170-0x=
0177]
[    0.814684] pci 0000:00:01.1: legacy IDE quirk: reg 0x1c: [io  0x0376]
[    0.817987] pci 0000:00:01.3: [8086:7113] type 00 class 0x068000
[    0.819130] pci 0000:00:01.3: can't claim BAR 7 [io  0x0600-0x063f]: add=
ress conflict with ACPI PM1a_EVT_BLK [io  0x0600-0x0603]
[    0.820016] pci 0000:00:01.3: quirk: [io  0x0700-0x070f] claimed by PIIX=
4 SMB
[    0.823312] pci 0000:00:02.0: [1013:00b8] type 00 class 0x030000
[    0.828014] pci 0000:00:02.0: reg 0x10: [mem 0xfc000000-0xfdffffff pref]
[    0.834232] pci 0000:00:02.0: reg 0x14: [mem 0xfebf0000-0xfebf0fff]
[    0.856019] pci 0000:00:02.0: reg 0x30: [mem 0xfebe0000-0xfebeffff pref]
[    0.860708] pci 0000:00:03.0: [8086:100e] type 00 class 0x020000
[    0.864007] pci 0000:00:03.0: reg 0x10: [mem 0xfebc0000-0xfebdffff]
[    0.870136] pci 0000:00:03.0: reg 0x14: [io  0xc000-0xc03f]
[    0.892007] pci 0000:00:03.0: reg 0x30: [mem 0xfeb80000-0xfebbffff pref]
[    0.896023] pci 0000:00:04.0: [1af4:1001] type 00 class 0x010000
[    0.900007] pci 0000:00:04.0: reg 0x10: [io  0xc040-0xc07f]
[    0.906139] pci 0000:00:04.0: reg 0x14: [mem 0xfebf1000-0xfebf1fff]
[    0.930478] pci 0000:00:05.0: [1af4:1001] type 00 class 0x010000
[    0.934133] pci 0000:00:05.0: reg 0x10: [io  0xc080-0xc0bf]
[    0.940007] pci 0000:00:05.0: reg 0x14: [mem 0xfebf2000-0xfebf2fff]
[    0.965559] pci 0000:00:06.0: [1af4:1001] type 00 class 0x010000
[    0.970139] pci 0000:00:06.0: reg 0x10: [io  0xc0c0-0xc0ff]
[    0.974128] pci 0000:00:06.0: reg 0x14: [mem 0xfebf3000-0xfebf3fff]
[    1.000319] pci 0000:00:07.0: [1af4:1001] type 00 class 0x010000
[    1.004007] pci 0000:00:07.0: reg 0x10: [io  0xc100-0xc13f]
[    1.010134] pci 0000:00:07.0: reg 0x14: [mem 0xfebf4000-0xfebf4fff]
[    1.034484] pci 0000:00:08.0: [1af4:1001] type 00 class 0x010000
[    1.040007] pci 0000:00:08.0: reg 0x10: [io  0xc140-0xc17f]
[    1.044007] pci 0000:00:08.0: reg 0x14: [mem 0xfebf5000-0xfebf5fff]
[    1.070041] pci 0000:00:09.0: [1af4:1001] type 00 class 0x010000
[    1.074155] pci 0000:00:09.0: reg 0x10: [io  0xc180-0xc1bf]
[    1.080007] pci 0000:00:09.0: reg 0x14: [mem 0xfebf6000-0xfebf6fff]
[    1.104830] pci 0000:00:0a.0: [1af4:1001] type 00 class 0x010000
[    1.108007] pci 0000:00:0a.0: reg 0x10: [io  0xc1c0-0xc1ff]
[    1.114140] pci 0000:00:0a.0: reg 0x14: [mem 0xfebf7000-0xfebf7fff]
[    1.138465] pci 0000:00:0b.0: [8086:25ab] type 00 class 0x088000
[    1.142169] pci 0000:00:0b.0: reg 0x10: [mem 0xfebf8000-0xfebf800f]
[    1.158476] pci_bus 0000:00: on NUMA node 0
[    1.166799] ACPI: PCI Interrupt Link [LNKA] (IRQs 5 *10 11)
[    1.169357] ACPI: PCI Interrupt Link [LNKB] (IRQs 5 *10 11)
[    1.171890] ACPI: PCI Interrupt Link [LNKC] (IRQs 5 10 *11)
[    1.173943] ACPI: PCI Interrupt Link [LNKD] (IRQs 5 10 *11)
[    1.175437] ACPI: PCI Interrupt Link [LNKS] (IRQs *9)
[    1.182015] ACPI: Enabled 16 GPEs in block 00 to 0F
[    1.187974] vgaarb: setting as boot device: PCI:0000:00:02.0
[    1.188000] vgaarb: device added: PCI:0000:00:02.0,decodes=3Dio+mem,owns=
=3Dio+mem,locks=3Dnone
[    1.188009] vgaarb: loaded
[    1.188372] vgaarb: bridge control possible 0000:00:02.0
[    1.195449] SCSI subsystem initialized
[    1.196156] libata version 3.00 loaded.
[    1.197673] EDAC MC: Ver: 3.0.0
[    1.200020] PCI: Using ACPI for IRQ routing
[    1.200596] PCI: pci_cache_line_size set to 64 bytes
[    1.201422] e820: reserve RAM buffer [mem 0x0009fc00-0x0009ffff]
[    1.202215] e820: reserve RAM buffer [mem 0x12be0000-0x13ffffff]
[    1.205206] clocksource: Switched to clocksource kvm-clock
[    1.207711] Warning: could not register all branches stats
[    1.208462] Warning: could not register annotated branches stats
[    1.298580] pnp: PnP ACPI init
[    1.299888] pnp 00:00: Plug and Play ACPI device, IDs PNP0b00 (active)
[    1.301408] pnp 00:01: Plug and Play ACPI device, IDs PNP0303 (active)
[    1.302936] pnp 00:02: Plug and Play ACPI device, IDs PNP0f13 (active)
[    1.304359] pnp 00:03: [dma 2]
[    1.305162] pnp 00:03: Plug and Play ACPI device, IDs PNP0700 (active)
[    1.306953] pnp 00:04: Plug and Play ACPI device, IDs PNP0400 (active)
[    1.308767] pnp 00:05: Plug and Play ACPI device, IDs PNP0501 (active)
[    1.314727] pnp: PnP ACPI: found 6 devices
[    1.325051] clocksource: acpi_pm: mask: 0xffffff max_cycles: 0xffffff, m=
ax_idle_ns: 2085701024 ns
[    1.326744] pci 0000:00:01.3: BAR 7: [io  size 0x0040] has bogus alignme=
nt
[    1.327634] pci_bus 0000:00: resource 4 [io  0x0000-0x0cf7 window]
[    1.328438] pci_bus 0000:00: resource 5 [io  0x0d00-0xadff window]
[    1.329242] pci_bus 0000:00: resource 6 [io  0xae0f-0xaeff window]
[    1.330038] pci_bus 0000:00: resource 7 [io  0xaf20-0xafdf window]
[    1.330834] pci_bus 0000:00: resource 8 [io  0xafe4-0xffff window]
[    1.331628] pci_bus 0000:00: resource 9 [mem 0x000a0000-0x000bffff windo=
w]
[    1.332524] pci_bus 0000:00: resource 10 [mem 0x12c00000-0xfebfffff wind=
ow]
[    1.333469] NET: Registered protocol family 1
[    1.334081] pci 0000:00:00.0: Limiting direct PCI/PCI transfers
[    1.334857] pci 0000:00:01.0: PIIX3: Enabling Passive Release
[    1.335612] pci 0000:00:01.0: Activating ISA DMA hang workarounds
[    1.336449] pci 0000:00:02.0: Video device with shadowed ROM
[    1.337253] PCI: CLS 0 bytes, default 64
[    1.338202] Trying to unpack rootfs image as initramfs...
[    2.444660] debug: unmapping init [mem 0xffff880011525000-0xffff880012bd=
7fff]
[    2.449380] Scanning for low memory corruption every 60 seconds
[    2.453618] sha256_ssse3: Neither AVX nor SSSE3 is available/usable.
[    2.454482] sha512_ssse3: Neither AVX nor SSSE3 is available/usable.
[    2.455311] CPU feature 'AVX registers' is not supported.
[    2.456055] CPU feature 'AVX registers' is not supported.
[    2.456754] CPU feature 'AVX registers' is not supported.
[    2.457469] CPU feature 'AVX registers' is not supported.
[    2.458210] AVX2 or AES-NI instructions are not detected.
[    2.461665] futex hash table entries: 16 (order: -2, 1536 bytes)
[    2.472324] HugeTLB registered 2 MB page size, pre-allocated 0 pages
[    2.528658] page_owner is disabled
[    2.529218] zpool: loaded
[    2.546263] squashfs: version 4.0 (2009/01/31) Phillip Lougher
[    2.554051] efs: 1.0a - http://aeschi.ch.eu.org/efs/
[    2.561375] romfs: ROMFS MTD (C) 2007 Red Hat, Inc.
[    2.563337] qnx6: QNX6 filesystem 1.0.0 registered.
[    2.567120] JFS: nTxBlock =3D 1789, nTxLock =3D 14319
[    2.569165] SGI XFS with security attributes, debug enabled
[    2.583957] NILFS version 2 loaded
[    2.602618] async_tx: api initialized (async)
[    2.605216] Block layer SCSI generic (bsg) driver version 0.4 loaded (ma=
jor 252)
[    2.606212] io scheduler noop registered
[    2.608755] io scheduler cfq registered (default)
[    2.614249] test_string_helpers: Running tests...
[    2.618632] test_hexdump: Running tests...
[    2.619805] crc32: CRC_LE_BITS =3D 32, CRC_BE BITS =3D 32
[    2.620441] crc32: self tests passed, processed 225944 bytes in 234164 n=
sec
[    2.621516] crc32c: CRC_LE_BITS =3D 32
[    2.621939] crc32c: self tests passed, processed 225944 bytes in 107519 =
nsec
[    2.637423] crc32_combine: 8373 self tests passed
[    2.656567] crc32c_combine: 8373 self tests passed
[    2.657429] rbtree testing -> 15849 cycles
[    3.306253] augmented rbtree testing
[    3.444076] tsc: Refined TSC clocksource calibration: 2693.499 MHz
[    3.444922] clocksource: tsc: mask: 0xffffffffffffffff max_cycles: 0x26d=
34171407, max_idle_ns: 440795332500 ns
[    4.118653]  -> 21868 cycles
[    4.206214] input: Power Button as /devices/LNXSYSTM:00/LNXPWRBN:00/inpu=
t/input0
[    4.207032] ACPI: Power Button [PWRF]
[    4.387335] Serial: 8250/16550 driver, 4 ports, IRQ sharing disabled
[    4.414471] 00:05: ttyS0 at I/O 0x3f8 (irq =3D 4, base_baud =3D 115200) =
is a 16550A
[    4.420826] ppdev: user-space parallel port driver
[    4.421519] telclk_interrupt =3D 0xf non-mcpbl0010 hw.
[    4.422327] [drm] Initialized drm 1.1.0 20060810
[    4.423949] parport_pc 00:04: reported by Plug and Play ACPI
[    4.425086] parport0: PC-style at 0x378, irq 7 [PCSPP(,...)]
[    4.459417] brd: module loaded
[    4.465223] null: module loaded
[    4.465805] dummy-irq: no IRQ given.  Use irq=3DN
[    4.467214] Silicon Labs C2 port support v. 0.51.0 - (C) 2007 Rodolfo Gi=
ometti
[    4.468815] c2port c2port0: C2 port uc added
[    4.469380] c2port c2port0: uc flash has 30 blocks x 512 bytes (15360 by=
tes total)
[    4.473497] Uniform Multi-Platform E-IDE driver
[    4.474745] ide_generic: please use "probe_mask=3D0x3f" module parameter=
 for probing all legacy ISA IDE ports
[    4.477487] rdac: device handler registered
[    4.478190] hp_sw: device handler registered
[    4.478781] emc: device handler registered
[    4.479333] alua: device handler registered
[    4.479899] osst :I: Tape driver with OnStream support version 0.99.4
[    4.479899] osst :I: $Id: osst.c,v 1.73 2005/01/01 21:13:34 wriede Exp $
[    4.483139] SCSI Media Changer driver v0.25=20
[    4.484115] osd: LOADED open-osd 0.2.1
[    4.491346] Rounding down aligned max_sectors from 4294967295 to 4294967=
288
[    4.493074] SSFDC read-only Flash Translation layer
[    4.493745] mtdoops: mtd device (mtddev=3Dname/number) must be supplied
[    4.494664] SBC-GXx flash: IO:0x258-0x259 MEM:0xdc000-0xdffff
[    4.495430] ------------[ cut here ]------------
[    4.496045] kernel BUG at include/linux/mtd/map.h:148!
[    4.496271] invalid opcode: 0000 [#1] PREEMPT DEBUG_PAGEALLOC=20
[    4.496271] CPU: 0 PID: 1 Comm: swapper Not tainted 4.1.0-11369-g0e1cc95=
b4 #5
[    4.496271] Hardware name: QEMU Standard PC (i440FX + PIIX, 1996), BIOS =
1.7.5-20140531_083030-gandalf 04/01/2014
[    4.496271] task: ffff880010ef0000 ti: ffff880010ee4000 task.ti: ffff880=
010ee4000
[    4.496271] RIP: 0010:[<ffffffff817eb248>]  [<ffffffff817eb248>] mtd_do_=
chip_probe+0x8/0xa
[    4.496271] RSP: 0000:ffff880010ee7dc8  EFLAGS: 00010282
[    4.496271] RAX: 0000000000000000 RBX: ffffffff826a4250 RCX: ffff880010e=
f0c01
[    4.496271] RDX: 0000000000000000 RSI: ffffffff826a4280 RDI: ffffffff826=
a48c0
[    4.496271] RBP: ffff880010ee7e28 R08: 0000000000000000 R09: 00000000000=
00000
[    4.496271] R10: 0000000000000064 R11: 0000000000000000 R12: ffffffff826=
a48c0
[    4.496271] R13: ffffffff82295dda R14: ffff8800091fb988 R15: ffffffff82d=
81910
[    4.496271] FS:  0000000000000000(0000) GS:ffffffff82424000(0000) knlGS:=
0000000000000000
[    4.496271] CS:  0010 DS: 0000 ES: 0000 CR0: 000000008005003b
[    4.496271] CR2: 0000000000000000 CR3: 000000000240e000 CR4: 00000000000=
006b0
[    4.496271] Stack:
[    4.496271]  ffff880010ee7de8 ffffffff8115a397 0000000000000000 ffffffff=
817e4f07
[    4.496271]  ffff880010ee7e18 0000000000000002 ffffffff826a4800 ffffffff=
82295dda
[    4.496271]  ffff8800091fb988 ffffffff82d81910 ffff880010ee7e38 ffffffff=
81a59c30
[    4.496271] Call Trace:
[    4.496271]  [<ffffffff8115a397>] ? trace_preempt_on+0x15/0x28
[    4.496271]  [<ffffffff817e4f07>] ? do_map_probe+0x73/0xa5
[    4.496271]  [<ffffffff81a59c30>] ? _raw_spin_unlock+0x62/0x79
[    4.496271]  [<ffffffff817e4f8e>] cfi_probe+0x10/0x12
[    4.496271]  [<ffffffff817e4f31>] do_map_probe+0x9d/0xa5
[    4.496271]  [<ffffffff82d2a63d>] ? init_amd76xrom+0x3c4/0x3c4
[    4.496271]  [<ffffffff82d2a741>] init_sbc_gxx+0x104/0x15b
[    4.496271]  [<ffffffff82cc44eb>] do_one_initcall+0x145/0x247
[    4.496271]  [<ffffffff810daf7c>] ? parse_args+0x34a/0x429
[    4.496271]  [<ffffffff82cc47f1>] kernel_init_freeable+0x204/0x2c9
[    4.496271]  [<ffffffff81a39fce>] ? rest_init+0x155/0x155
[    4.496271]  [<ffffffff81a39fd7>] kernel_init+0x9/0x152
[    4.496271]  [<ffffffff81a5b0cf>] ret_from_fork+0x3f/0x70
[    4.496271]  [<ffffffff81a39fce>] ? rest_init+0x155/0x155
[    4.496271] Code: ff 49 c7 86 88 00 00 00 e0 46 6a 82 4c 89 e7 e8 c7 f6 =
ff ff 48 83 c4 28 5b 41 5c 41 5d 41 5e 41 5f 5d c3 55 48 89 e5 48 83 ec 60 =
<0f> 0b 55 48 c7 c6 40 47 6a 82 48 89 e5 e8 e6 ff ff ff 5d c3 55=20
[    4.496271] RIP  [<ffffffff817eb248>] mtd_do_chip_probe+0x8/0xa
[    4.496271]  RSP <ffff880010ee7dc8>
[    4.536023] ---[ end trace 8a1d24c3085ea474 ]---
[    4.536643] Kernel panic - not syncing: Fatal exception
[    4.537325] Kernel Offset: disabled

Elapsed time: 10
qemu-system-x86_64 -enable-kvm -cpu kvm64 -kernel /pkg/linux/x86_64-randcon=
fig-a0-07122022/gcc-4.9/0e1cc95b4cc7293bb7b39175035e7f7e45c90977/vmlinuz-4.=
1.0-11369-g0e1cc95b4 -append 'hung_task_panic=3D1 earlyprintk=3DttyS0,11520=
0 systemd.log_level=3Derr debug apic=3Ddebug sysrq_always_enabled rcupdate.=
rcu_cpu_stall_timeout=3D100 panic=3D-1 softlockup_panic=3D1 nmi_watchdog=3D=
panic oops=3Dpanic load_ramdisk=3D2 prompt_ramdisk=3D0 console=3DttyS0,1152=
00 console=3Dtty0 vga=3Dnormal  root=3D/dev/ram0 rw link=3D/kbuild-tests/ru=
n-queue/kvm/x86_64-randconfig-a0-07122022/linux-devel:devel-hourly-20150712=
20:0e1cc95b4cc7293bb7b39175035e7f7e45c90977:bisect-linux-9/.vmlinuz-0e1cc95=
b4cc7293bb7b39175035e7f7e45c90977-20150714004405-25-ivb41 branch=3Dlinux-de=
vel/devel-hourly-2015071220 BOOT_IMAGE=3D/pkg/linux/x86_64-randconfig-a0-07=
122022/gcc-4.9/0e1cc95b4cc7293bb7b39175035e7f7e45c90977/vmlinuz-4.1.0-11369=
-g0e1cc95b4 drbd.minor_count=3D8'  -initrd /osimage/quantal/quantal-core-x8=
6_64.cgz -m 300 -smp 2 -device e1000,netdev=3Dnet0 -netdev user,id=3Dnet0 -=
boot order=3Dnc -no-reboot -watchdog i6300esb -rtc base=3Dlocaltime -drive =
file=3D/fs/sda5/disk0-quantal-ivb41-143,media=3Ddisk,if=3Dvirtio -drive fil=
e=3D/fs/sda5/disk1-quantal-ivb41-143,media=3Ddisk,if=3Dvirtio -drive file=
=3D/fs/sda5/disk2-quantal-ivb41-143,media=3Ddisk,if=3Dvirtio -drive file=3D=
/fs/sda5/disk3-quantal-ivb41-143,media=3Ddisk,if=3Dvirtio -drive file=3D/fs=
/sda5/disk4-quantal-ivb41-143,media=3Ddisk,if=3Dvirtio -drive file=3D/fs/sd=
a5/disk5-quantal-ivb41-143,media=3Ddisk,if=3Dvirtio -drive file=3D/fs/sda5/=
disk6-quantal-ivb41-143,media=3Ddisk,if=3Dvirtio -pidfile /dev/shm/kboot/pi=
d-quantal-ivb41-143 -serial file:/dev/shm/kboot/serial-quantal-ivb41-143 -d=
aemonize -display none -monitor null=20

--AqsLC8rIMeq19msA
Content-Type: text/plain; charset=us-ascii
Content-Disposition: attachment; filename="dmesg-quantal-intel12-10:20150714005040:x86_64-randconfig-a0-07122022:4.1.0-11368-g74033a7:2"
Content-Transfer-Encoding: quoted-printable

early console in setup code
Probing EDD (edd=3Doff to disable)... ok
[    0.000000] Initializing cgroup subsys cpuset
[    0.000000] Initializing cgroup subsys cpu
[    0.000000] Linux version 4.1.0-11368-g74033a7 (kbuild@lkp-ib04) (gcc ve=
rsion 4.9.2 (Debian 4.9.2-10) ) #2 PREEMPT Tue Jul 14 00:47:54 CST 2015
[    0.000000] Command line: hung_task_panic=3D1 earlyprintk=3DttyS0,115200=
 systemd.log_level=3Derr debug apic=3Ddebug sysrq_always_enabled rcupdate.r=
cu_cpu_stall_timeout=3D100 panic=3D-1 softlockup_panic=3D1 nmi_watchdog=3Dp=
anic oops=3Dpanic load_ramdisk=3D2 prompt_ramdisk=3D0 console=3DttyS0,11520=
0 console=3Dtty0 vga=3Dnormal  root=3D/dev/ram0 rw link=3D/kbuild-tests/run=
-queue/kvm/x86_64-randconfig-a0-07122022/linux-devel:devel-hourly-201507122=
0:74033a798f5a5db368126ee6f690111cf019bf7a:bisect-linux-9/.vmlinuz-74033a79=
8f5a5db368126ee6f690111cf019bf7a-20150714004901-96-intel12 branch=3Dlinux-d=
evel/devel-hourly-2015071220 BOOT_IMAGE=3D/pkg/linux/x86_64-randconfig-a0-0=
7122022/gcc-4.9/74033a798f5a5db368126ee6f690111cf019bf7a/vmlinuz-4.1.0-1136=
8-g74033a7 drbd.minor_count=3D8
[    0.000000] KERNEL supported cpus:
[    0.000000]   Centaur CentaurHauls
[    0.000000] CPU: vendor_id 'GenuineIntel' unknown, using generic init.
[    0.000000] CPU: Your system may be unstable.
[    0.000000] x86/fpu: Legacy x87 FPU detected.
[    0.000000] x86/fpu: Using 'lazy' FPU context switches.
[    0.000000] e820: BIOS-provided physical RAM map:
[    0.000000] BIOS-e820: [mem 0x0000000000000000-0x000000000009fbff] usable
[    0.000000] BIOS-e820: [mem 0x000000000009fc00-0x000000000009ffff] reser=
ved
[    0.000000] BIOS-e820: [mem 0x00000000000f0000-0x00000000000fffff] reser=
ved
[    0.000000] BIOS-e820: [mem 0x0000000000100000-0x0000000012bdffff] usable
[    0.000000] BIOS-e820: [mem 0x0000000012be0000-0x0000000012bfffff] reser=
ved
[    0.000000] BIOS-e820: [mem 0x00000000feffc000-0x00000000feffffff] reser=
ved
[    0.000000] BIOS-e820: [mem 0x00000000fffc0000-0x00000000ffffffff] reser=
ved
[    0.000000] NX (Execute Disable) protection: active
[    0.000000] SMBIOS 2.8 present.
[    0.000000] DMI: QEMU Standard PC (i440FX + PIIX, 1996), BIOS 1.7.5-2014=
0531_083030-gandalf 04/01/2014
[    0.000000] Hypervisor detected: KVM
[    0.000000] e820: update [mem 0x00000000-0x00000fff] usable =3D=3D> rese=
rved
[    0.000000] e820: remove [mem 0x000a0000-0x000fffff] usable
[    0.000000] e820: last_pfn =3D 0x12be0 max_arch_pfn =3D 0x400000000
[    0.000000] MTRR default type: write-back
[    0.000000] MTRR fixed ranges enabled:
[    0.000000]   00000-9FFFF write-back
[    0.000000]   A0000-BFFFF uncachable
[    0.000000]   C0000-FFFFF write-protect
[    0.000000] MTRR variable ranges enabled:
[    0.000000]   0 base 0080000000 mask FF80000000 uncachable
[    0.000000]   1 disabled
[    0.000000]   2 disabled
[    0.000000]   3 disabled
[    0.000000]   4 disabled
[    0.000000]   5 disabled
[    0.000000]   6 disabled
[    0.000000]   7 disabled
[    0.000000] x86/PAT: Configuration [0-7]: WB  WT  UC- UC  WB  WT  UC- UC=
 =20
[    0.000000] Scan for SMP in [mem 0x00000000-0x000003ff]
[    0.000000] Scan for SMP in [mem 0x0009fc00-0x0009ffff]
[    0.000000] Scan for SMP in [mem 0x000f0000-0x000fffff]
[    0.000000] found SMP MP-table at [mem 0x000f0e80-0x000f0e8f] mapped at =
[ffff8800000f0e80]
[    0.000000]   mpc: f0e90-f0fac
[    0.000000] Scanning 1 areas for low memory corruption
[    0.000000] Base memory trampoline at [ffff880000099000] 99000 size 24576
[    0.000000] init_memory_mapping: [mem 0x00000000-0x000fffff]
[    0.000000]  [mem 0x00000000-0x000fffff] page 4k
[    0.000000] BRK [0x03cdc000, 0x03cdcfff] PGTABLE
[    0.000000] BRK [0x03cdd000, 0x03cddfff] PGTABLE
[    0.000000] BRK [0x03cde000, 0x03cdefff] PGTABLE
[    0.000000] init_memory_mapping: [mem 0x11200000-0x113fffff]
[    0.000000]  [mem 0x11200000-0x113fffff] page 4k
[    0.000000] BRK [0x03cdf000, 0x03cdffff] PGTABLE
[    0.000000] init_memory_mapping: [mem 0x00100000-0x111fffff]
[    0.000000]  [mem 0x00100000-0x111fffff] page 4k
[    0.000000] init_memory_mapping: [mem 0x11400000-0x12bdffff]
[    0.000000]  [mem 0x11400000-0x12bdffff] page 4k
[    0.000000] BRK [0x03ce0000, 0x03ce0fff] PGTABLE
[    0.000000] BRK [0x03ce1000, 0x03ce1fff] PGTABLE
[    0.000000] RAMDISK: [mem 0x11525000-0x12bd7fff]
[    0.000000] ACPI: Early table checksum verification disabled
[    0.000000] ACPI: RSDP 0x00000000000F0C60 000014 (v00 BOCHS )
[    0.000000] ACPI: RSDT 0x0000000012BE18BD 000034 (v01 BOCHS  BXPCRSDT 00=
000001 BXPC 00000001)
[    0.000000] ACPI: FACP 0x0000000012BE0B37 000074 (v01 BOCHS  BXPCFACP 00=
000001 BXPC 00000001)
[    0.000000] ACPI: DSDT 0x0000000012BE0040 000AF7 (v01 BOCHS  BXPCDSDT 00=
000001 BXPC 00000001)
[    0.000000] ACPI: FACS 0x0000000012BE0000 000040
[    0.000000] ACPI: SSDT 0x0000000012BE0BAB 000C5A (v01 BOCHS  BXPCSSDT 00=
000001 BXPC 00000001)
[    0.000000] ACPI: APIC 0x0000000012BE1805 000080 (v01 BOCHS  BXPCAPIC 00=
000001 BXPC 00000001)
[    0.000000] ACPI: HPET 0x0000000012BE1885 000038 (v01 BOCHS  BXPCHPET 00=
000001 BXPC 00000001)
[    0.000000] ACPI: Local APIC address 0xfee00000
[    0.000000] mapped APIC to ffffffffff5fc000 (        fee00000)
[    0.000000] kvm-clock: Using msrs 4b564d01 and 4b564d00
[    0.000000] kvm-clock: cpu 0, msr 0:12bdf001, primary cpu clock
[    0.000000] clocksource: kvm-clock: mask: 0xffffffffffffffff max_cycles:=
 0x1cd42e4dffb, max_idle_ns: 881590591483 ns
[    0.000000]  [ffffea0000000000-ffffea00005fffff] PMD -> [ffff88001040000=
0-ffff8800109fffff] on node 0
[    0.000000] Zone ranges:
[    0.000000]   DMA      [mem 0x0000000000001000-0x0000000000ffffff]
[    0.000000]   DMA32    [mem 0x0000000001000000-0x0000000012bdffff]
[    0.000000]   Normal   empty
[    0.000000] Movable zone start for each node
[    0.000000] Early memory node ranges
[    0.000000]   node   0: [mem 0x0000000000001000-0x000000000009efff]
[    0.000000]   node   0: [mem 0x0000000000100000-0x0000000012bdffff]
[    0.000000] Initmem setup node 0 [mem 0x0000000000001000-0x0000000012bdf=
fff]
[    0.000000] On node 0 totalpages: 76670
[    0.000000]   DMA zone: 64 pages used for memmap
[    0.000000]   DMA zone: 21 pages reserved
[    0.000000]   DMA zone: 3998 pages, LIFO batch:0
[    0.000000]   DMA32 zone: 1136 pages used for memmap
[    0.000000]   DMA32 zone: 72672 pages, LIFO batch:15
[    0.000000] ACPI: PM-Timer IO Port: 0x608
[    0.000000] ACPI: Local APIC address 0xfee00000
[    0.000000] mapped APIC to ffffffffff5fc000 (        fee00000)
[    0.000000] ACPI: NR_CPUS/possible_cpus limit of 1 reached.  Processor 1=
/0x1 ignored.
[    0.000000] ACPI: LAPIC_NMI (acpi_id[0xff] dfl dfl lint[0x1])
[    0.000000] IOAPIC[0]: apic_id 0, version 17, address 0xfec00000, GSI 0-=
23
[    0.000000] ACPI: INT_SRC_OVR (bus 0 bus_irq 0 global_irq 2 dfl dfl)
[    0.000000] Int: type 0, pol 0, trig 0, bus 00, IRQ 00, APIC ID 0, APIC =
INT 02
[    0.000000] ACPI: INT_SRC_OVR (bus 0 bus_irq 5 global_irq 5 high level)
[    0.000000] Int: type 0, pol 1, trig 3, bus 00, IRQ 05, APIC ID 0, APIC =
INT 05
[    0.000000] ACPI: INT_SRC_OVR (bus 0 bus_irq 9 global_irq 9 high level)
[    0.000000] Int: type 0, pol 1, trig 3, bus 00, IRQ 09, APIC ID 0, APIC =
INT 09
[    0.000000] ACPI: INT_SRC_OVR (bus 0 bus_irq 10 global_irq 10 high level)
[    0.000000] Int: type 0, pol 1, trig 3, bus 00, IRQ 0a, APIC ID 0, APIC =
INT 0a
[    0.000000] ACPI: INT_SRC_OVR (bus 0 bus_irq 11 global_irq 11 high level)
[    0.000000] Int: type 0, pol 1, trig 3, bus 00, IRQ 0b, APIC ID 0, APIC =
INT 0b
[    0.000000] ACPI: IRQ0 used by override.
[    0.000000] Int: type 0, pol 0, trig 0, bus 00, IRQ 01, APIC ID 0, APIC =
INT 01
[    0.000000] Int: type 0, pol 0, trig 0, bus 00, IRQ 03, APIC ID 0, APIC =
INT 03
[    0.000000] Int: type 0, pol 0, trig 0, bus 00, IRQ 04, APIC ID 0, APIC =
INT 04
[    0.000000] ACPI: IRQ5 used by override.
[    0.000000] Int: type 0, pol 0, trig 0, bus 00, IRQ 06, APIC ID 0, APIC =
INT 06
[    0.000000] Int: type 0, pol 0, trig 0, bus 00, IRQ 07, APIC ID 0, APIC =
INT 07
[    0.000000] Int: type 0, pol 0, trig 0, bus 00, IRQ 08, APIC ID 0, APIC =
INT 08
[    0.000000] ACPI: IRQ9 used by override.
[    0.000000] ACPI: IRQ10 used by override.
[    0.000000] ACPI: IRQ11 used by override.
[    0.000000] Int: type 0, pol 0, trig 0, bus 00, IRQ 0c, APIC ID 0, APIC =
INT 0c
[    0.000000] Int: type 0, pol 0, trig 0, bus 00, IRQ 0d, APIC ID 0, APIC =
INT 0d
[    0.000000] Int: type 0, pol 0, trig 0, bus 00, IRQ 0e, APIC ID 0, APIC =
INT 0e
[    0.000000] Int: type 0, pol 0, trig 0, bus 00, IRQ 0f, APIC ID 0, APIC =
INT 0f
[    0.000000] Using ACPI (MADT) for SMP configuration information
[    0.000000] ACPI: HPET id: 0x8086a201 base: 0xfed00000
[    0.000000] mapped IOAPIC to ffffffffff5fb000 (fec00000)
[    0.000000] KVM setup async PF for cpu 0
[    0.000000] kvm-stealtime: cpu 0, msr 242bd00
[    0.000000] e820: [mem 0x12c00000-0xfeffbfff] available for PCI devices
[    0.000000] Booting paravirtualized kernel on KVM
[    0.000000] clocksource: refined-jiffies: mask: 0xffffffff max_cycles: 0=
xffffffff, max_idle_ns: 7645519600211568 ns
[    0.000000] pcpu-alloc: s0 r0 d32768 u32768 alloc=3D1*32768
[    0.000000] pcpu-alloc: [0] 0=20
[    0.000000] Built 1 zonelists in Zone order, mobility grouping on.  Tota=
l pages: 75449
[    0.000000] Kernel command line: hung_task_panic=3D1 earlyprintk=3DttyS0=
,115200 systemd.log_level=3Derr debug apic=3Ddebug sysrq_always_enabled rcu=
pdate.rcu_cpu_stall_timeout=3D100 panic=3D-1 softlockup_panic=3D1 nmi_watch=
dog=3Dpanic oops=3Dpanic load_ramdisk=3D2 prompt_ramdisk=3D0 console=3DttyS=
0,115200 console=3Dtty0 vga=3Dnormal  root=3D/dev/ram0 rw link=3D/kbuild-te=
sts/run-queue/kvm/x86_64-randconfig-a0-07122022/linux-devel:devel-hourly-20=
15071220:74033a798f5a5db368126ee6f690111cf019bf7a:bisect-linux-9/.vmlinuz-7=
4033a798f5a5db368126ee6f690111cf019bf7a-20150714004901-96-intel12 branch=3D=
linux-devel/devel-hourly-2015071220 BOOT_IMAGE=3D/pkg/linux/x86_64-randconf=
ig-a0-07122022/gcc-4.9/74033a798f5a5db368126ee6f690111cf019bf7a/vmlinuz-4.1=
=2E0-11368-g74033a7 drbd.minor_count=3D8
[    0.000000] PID hash table entries: 2048 (order: 2, 16384 bytes)
[    0.000000] Dentry cache hash table entries: 65536 (order: 7, 524288 byt=
es)
[    0.000000] Inode-cache hash table entries: 32768 (order: 6, 262144 byte=
s)
[    0.000000] Memory: 229112K/306680K available (10614K kernel code, 8966K=
 rwdata, 7080K rodata, 1084K init, 15396K bss, 77568K reserved, 0K cma-rese=
rved)
[    0.000000] SLUB: HWalign=3D64, Order=3D0-3, MinObjects=3D0, CPUs=3D1, N=
odes=3D1
[    0.000000] Running RCU self tests
[    0.000000] Preemptible hierarchical RCU implementation.
[    0.000000]=20
[    0.000000] **********************************************************
[    0.000000] **   NOTICE NOTICE NOTICE NOTICE NOTICE NOTICE NOTICE   **
[    0.000000] **                                                      **
[    0.000000] ** trace_printk() being used. Allocating extra memory.  **
[    0.000000] **                                                      **
[    0.000000] ** This means that this is a DEBUG kernel and it is     **
[    0.000000] ** unsafe for production use.                           **
[    0.000000] **                                                      **
[    0.000000] ** If you see this message and you are not debugging    **
[    0.000000] ** the kernel, report this immediately to your vendor!  **
[    0.000000] **                                                      **
[    0.000000] **   NOTICE NOTICE NOTICE NOTICE NOTICE NOTICE NOTICE   **
[    0.000000] **********************************************************
[    0.000000] NR_IRQS:4352 nr_irqs:256 16
[    0.000000] console [ttyS0] enabled
[    0.000000] Lock dependency validator: Copyright (c) 2006 Red Hat, Inc.,=
 Ingo Molnar
[    0.000000] ... MAX_LOCKDEP_SUBCLASSES:  8
[    0.000000] ... MAX_LOCK_DEPTH:          48
[    0.000000] ... MAX_LOCKDEP_KEYS:        8191
[    0.000000] ... CLASSHASH_SIZE:          4096
[    0.000000] ... MAX_LOCKDEP_ENTRIES:     32768
[    0.000000] ... MAX_LOCKDEP_CHAINS:      65536
[    0.000000] ... CHAINHASH_SIZE:          32768
[    0.000000]  memory used by lock dependency info: 8671 kB
[    0.000000]  per task-struct memory footprint: 2688 bytes
[    0.000000] ------------------------
[    0.000000] | Locking API testsuite:
[    0.000000] ------------------------------------------------------------=
----------------
[    0.000000]                                  | spin |wlock |rlock |mutex=
 | wsem | rsem |
[    0.000000]   ----------------------------------------------------------=
----------------
[    0.000000]                      A-A deadlock:  ok  |  ok  |  ok  |  ok =
 |  ok  |  ok  |
[    0.000000]                  A-B-B-A deadlock:  ok  |  ok  |  ok  |  ok =
 |  ok  |  ok  |
[    0.000000]              A-B-B-C-C-A deadlock:  ok  |  ok  |  ok  |  ok =
 |  ok  |  ok  |
[    0.000000]              A-B-C-A-B-C deadlock:  ok  |  ok  |  ok  |  ok =
 |  ok  |  ok  |
[    0.000000]          A-B-B-C-C-D-D-A deadlock:  ok  |  ok  |  ok  |  ok =
 |  ok  |  ok  |
[    0.000000]          A-B-C-D-B-D-D-A deadlock:  ok  |  ok  |  ok  |  ok =
 |  ok  |  ok  |
[    0.000000]          A-B-C-D-B-C-D-A deadlock:  ok  |  ok  |  ok  |  ok =
 |  ok  |  ok  |
[    0.000000]                     double unlock:  ok  |  ok  |  ok  |  ok =
 |  ok  |  ok  |
[    0.000000]                   initialize held:  ok  |  ok  |  ok  |  ok =
 |  ok  |  ok  |
[    0.000000]                  bad unlock order:  ok  |  ok  |  ok  |  ok =
 |  ok  |  ok  |
[    0.000000]   ----------------------------------------------------------=
----------------
[    0.000000]               recursive read-lock:             |  ok  |     =
        |  ok  |
[    0.000000]            recursive read-lock #2:             |  ok  |     =
        |  ok  |
[    0.000000]             mixed read-write-lock:             |  ok  |     =
        |  ok  |
[    0.000000]             mixed write-read-lock:             |  ok  |     =
        |  ok  |
[    0.000000]   ----------------------------------------------------------=
----------------
[    0.000000]      hard-irqs-on + irq-safe-A/12:  ok  |  ok  |  ok  |
[    0.000000]      soft-irqs-on + irq-safe-A/12:  ok  |  ok  |  ok  |
[    0.000000]      hard-irqs-on + irq-safe-A/21:  ok  |  ok  |  ok  |
[    0.000000]      soft-irqs-on + irq-safe-A/21:  ok  |  ok  |  ok  |
[    0.000000]        sirq-safe-A =3D> hirqs-on/12:  ok  |  ok  |  ok  |
[    0.000000]        sirq-safe-A =3D> hirqs-on/21:  ok  |  ok  |  ok  |
[    0.000000]          hard-safe-A + irqs-on/12:  ok  |  ok  |  ok  |
[    0.000000]          soft-safe-A + irqs-on/12:  ok  |  ok  |  ok  |
[    0.000000]          hard-safe-A + irqs-on/21:  ok  |  ok  |  ok  |
[    0.000000]          soft-safe-A + irqs-on/21:  ok  |  ok  |  ok  |
[    0.000000]     hard-safe-A + unsafe-B #1/123:  ok  |  ok  |  ok  |
[    0.000000]     soft-safe-A + unsafe-B #1/123:  ok  |  ok  |  ok  |
[    0.000000]     hard-safe-A + unsafe-B #1/132:  ok  |  ok  |  ok  |
[    0.000000]     soft-safe-A + unsafe-B #1/132:  ok  |  ok  |  ok  |
[    0.000000]     hard-safe-A + unsafe-B #1/213:  ok  |  ok  |  ok  |
[    0.000000]     soft-safe-A + unsafe-B #1/213:  ok  |  ok  |  ok  |
[    0.000000]     hard-safe-A + unsafe-B #1/231:  ok  |  ok  |  ok  |
[    0.000000]     soft-safe-A + unsafe-B #1/231:  ok  |  ok  |  ok  |
[    0.000000]     hard-safe-A + unsafe-B #1/312:  ok  |  ok  |  ok  |
[    0.000000]     soft-safe-A + unsafe-B #1/312:  ok  |  ok  |  ok  |
[    0.000000]     hard-safe-A + unsafe-B #1/321:  ok  |  ok  |  ok  |
[    0.000000]     soft-safe-A + unsafe-B #1/321:  ok  |  ok  |  ok  |
[    0.000000]     hard-safe-A + unsafe-B #2/123:  ok  |  ok  |  ok  |
[    0.000000]     soft-safe-A + unsafe-B #2/123:  ok  |  ok  |  ok  |
[    0.000000]     hard-safe-A + unsafe-B #2/132:  ok  |  ok  |  ok  |
[    0.000000]     soft-safe-A + unsafe-B #2/132:  ok  |  ok  |  ok  |
[    0.000000]     hard-safe-A + unsafe-B #2/213:  ok  |  ok  |  ok  |
[    0.000000]     soft-safe-A + unsafe-B #2/213:  ok  |  ok  |  ok  |
[    0.000000]     hard-safe-A + unsafe-B #2/231:  ok  |  ok  |  ok  |
[    0.000000]     soft-safe-A + unsafe-B #2/231:  ok  |  ok  |  ok  |
[    0.000000]     hard-safe-A + unsafe-B #2/312:  ok  |  ok  |  ok  |
[    0.000000]     soft-safe-A + unsafe-B #2/312:  ok  |  ok  |  ok  |
[    0.000000]     hard-safe-A + unsafe-B #2/321:  ok  |  ok  |  ok  |
[    0.000000]     soft-safe-A + unsafe-B #2/321:  ok  |  ok  |  ok  |
[    0.000000]       hard-irq lock-inversion/123:  ok  |  ok  |  ok  |
[    0.000000]       soft-irq lock-inversion/123:  ok  |  ok  |  ok  |
[    0.000000]       hard-irq lock-inversion/132:  ok  |  ok  |  ok  |
[    0.000000]       soft-irq lock-inversion/132:  ok  |  ok  |  ok  |
[    0.000000]       hard-irq lock-inversion/213:  ok  |  ok  |  ok  |
[    0.000000]       soft-irq lock-inversion/213:  ok  |  ok  |  ok  |
[    0.000000]       hard-irq lock-inversion/231:  ok  |  ok  |  ok  |
[    0.000000]       soft-irq lock-inversion/231:  ok  |  ok  |  ok  |
[    0.000000]       hard-irq lock-inversion/312:  ok  |  ok  |  ok  |
[    0.000000]       soft-irq lock-inversion/312:  ok  |  ok  |  ok  |
[    0.000000]       hard-irq lock-inversion/321:  ok  |  ok  |  ok  |
[    0.000000]       soft-irq lock-inversion/321:  ok  |  ok  |  ok  |
[    0.000000]       hard-irq read-recursion/123:  ok  |
[    0.000000]       soft-irq read-recursion/123:  ok  |
[    0.000000]       hard-irq read-recursion/132:  ok  |
[    0.000000]       soft-irq read-recursion/132:  ok  |
[    0.000000]       hard-irq read-recursion/213:  ok  |
[    0.000000]       soft-irq read-recursion/213:  ok  |
[    0.000000]       hard-irq read-recursion/231:  ok  |
[    0.000000]       soft-irq read-recursion/231:  ok  |
[    0.000000]       hard-irq read-recursion/312:  ok  |
[    0.000000]       soft-irq read-recursion/312:  ok  |
[    0.000000]       hard-irq read-recursion/321:  ok  |
[    0.000000]       soft-irq read-recursion/321:  ok  |
[    0.000000]   ----------------------------------------------------------=
----------------
[    0.000000]   | Wound/wait tests |
[    0.000000]   ---------------------
[    0.000000]                   ww api failures:  ok  |  ok  |  ok  |
[    0.000000]                ww contexts mixing:  ok  |  ok  |
[    0.000000]              finishing ww context:  ok  |  ok  |  ok  |  ok =
 |
[    0.000000]                locking mismatches:  ok  |  ok  |  ok  |
[    0.000000]                  EDEADLK handling:  ok  |  ok  |  ok  |  ok =
 |  ok  |  ok  |  ok  |  ok  |  ok  |  ok  |
[    0.000000]            spinlock nest unlocked:  ok  |
[    0.000000]   -----------------------------------------------------
[    0.000000]                                  |block | try  |context|
[    0.000000]   -----------------------------------------------------
[    0.000000]                           context:  ok  |  ok  |  ok  |
[    0.000000]                               try:  ok  |  ok  |  ok  |
[    0.000000]                             block:  ok  |  ok  |  ok  |
[    0.000000]                          spinlock:  ok  |  ok  |  ok  |
[    0.000000] -------------------------------------------------------
[    0.000000] Good, all 253 testcases passed! |
[    0.000000] ---------------------------------
[    0.000000] ODEBUG: selftest passed
[    0.000000] clocksource: hpet: mask: 0xffffffff max_cycles: 0xffffffff, =
max_idle_ns: 19112604467 ns
[    0.000000] hpet clockevent registered
[    0.000000] tsc: Detected 2926.328 MHz processor
[    0.365186] Calibrating delay loop (skipped) preset value.. 5852.65 Bogo=
MIPS (lpj=3D11705312)
[    0.366379] pid_max: default: 4096 minimum: 301
[    0.367228] ACPI: Core revision 20150515
[    0.454791] ACPI: All ACPI Tables successfully acquired
[    0.455713] Mount-cache hash table entries: 1024 (order: 1, 8192 bytes)
[    0.456318] Mountpoint-cache hash table entries: 1024 (order: 1, 8192 by=
tes)
[    0.459153] Initializing cgroup subsys perf_event
[    0.459684] Initializing cgroup subsys hugetlb
[    0.460248] Last level iTLB entries: 4KB 0, 2MB 0, 4MB 0
[    0.460735] Last level dTLB entries: 4KB 0, 2MB 0, 4MB 0, 1GB 0
[    0.461277] CPU: GenuineIntel Common KVM processor (fam: 0f, model: 06, =
stepping: 01)
[    0.464157] Performance Events: no PMU driver, software events only.
[    0.467330] x2apic enabled
[    0.467867] Switched APIC routing to physical x2apic.
[    0.468416] enabled ExtINT on CPU#0
[    0.469469] ENABLING IO-APIC IRQs
[    0.469819] init IO_APIC IRQs
[    0.470096]  apic 0 pin 0 not connected
[    0.470557] IOAPIC[0]: Set routing entry (0-1 -> 0x31 -> IRQ 1 Mode:0 Ac=
tive:0 Dest:0)
[    0.471362] IOAPIC[0]: Set routing entry (0-2 -> 0x30 -> IRQ 0 Mode:0 Ac=
tive:0 Dest:0)
[    0.472206] IOAPIC[0]: Set routing entry (0-3 -> 0x33 -> IRQ 3 Mode:0 Ac=
tive:0 Dest:0)
[    0.472949] IOAPIC[0]: Set routing entry (0-4 -> 0x34 -> IRQ 4 Mode:0 Ac=
tive:0 Dest:0)
[    0.473698] IOAPIC[0]: Set routing entry (0-5 -> 0x35 -> IRQ 5 Mode:1 Ac=
tive:0 Dest:0)
[    0.474453] IOAPIC[0]: Set routing entry (0-6 -> 0x36 -> IRQ 6 Mode:0 Ac=
tive:0 Dest:0)
[    0.475196] IOAPIC[0]: Set routing entry (0-7 -> 0x37 -> IRQ 7 Mode:0 Ac=
tive:0 Dest:0)
[    0.476010] IOAPIC[0]: Set routing entry (0-8 -> 0x38 -> IRQ 8 Mode:0 Ac=
tive:0 Dest:0)
[    0.476745] IOAPIC[0]: Set routing entry (0-9 -> 0x39 -> IRQ 9 Mode:1 Ac=
tive:0 Dest:0)
[    0.477522] IOAPIC[0]: Set routing entry (0-10 -> 0x3a -> IRQ 10 Mode:1 =
Active:0 Dest:0)
[    0.478273] IOAPIC[0]: Set routing entry (0-11 -> 0x3b -> IRQ 11 Mode:1 =
Active:0 Dest:0)
[    0.479036] IOAPIC[0]: Set routing entry (0-12 -> 0x3c -> IRQ 12 Mode:0 =
Active:0 Dest:0)
[    0.479887] IOAPIC[0]: Set routing entry (0-13 -> 0x3d -> IRQ 13 Mode:0 =
Active:0 Dest:0)
[    0.480637] IOAPIC[0]: Set routing entry (0-14 -> 0x3e -> IRQ 14 Mode:0 =
Active:0 Dest:0)
[    0.481409] IOAPIC[0]: Set routing entry (0-15 -> 0x3f -> IRQ 15 Mode:0 =
Active:0 Dest:0)
[    0.482135]  apic 0 pin 16 not connected
[    0.482488]  apic 0 pin 17 not connected
[    0.482856]  apic 0 pin 18 not connected
[    0.483210]  apic 0 pin 19 not connected
[    0.483563]  apic 0 pin 20 not connected
[    0.483988]  apic 0 pin 21 not connected
[    0.484340]  apic 0 pin 22 not connected
[    0.484691]  apic 0 pin 23 not connected
[    0.485194] ..TIMER: vector=3D0x30 apic1=3D0 pin1=3D2 apic2=3D-1 pin2=3D=
-1
[    0.485837] Using local APIC timer interrupts.
[    0.485837] calibrating APIC timer ...
[    0.591676] ... lapic delta =3D 6249716
[    0.592104] ... PM-Timer delta =3D 358005
[    0.592515] ... PM-Timer result ok
[    0.592914] ..... delta 6249716
[    0.593267] ..... mult: 268423258
[    0.593647] ..... calibration result: 3999818
[    0.594122] ..... CPU clock speed is 2926.2335 MHz.
[    0.594664] ..... host bus clock speed is 999.3818 MHz.
[    0.596731] devtmpfs: initialized
[    0.613080] clocksource: jiffies: mask: 0xffffffff max_cycles: 0xfffffff=
f, max_idle_ns: 7645041785100000 ns
[    0.615177] xor: measuring software checksum speed
[    0.655306]    prefetch64-sse:  8508.000 MB/sec
[    0.695285]    generic_sse:  8131.000 MB/sec
[    0.696001] xor: using function: prefetch64-sse (8508.000 MB/sec)
[    0.696979] prandom: seed boundary self test passed
[    0.698371] prandom: 100 self tests passed
[    0.701987] regulator-dummy: no parameters
[    0.703077] RTC time:  0:50:23, date: 07/14/15
[    0.705279] NET: Registered protocol family 16
[    0.719369] cpuidle: using governor ladder
[    0.731368] cpuidle: using governor menu
[    0.732584] ACPI: bus type PCI registered
[    0.734668] PCI: Using configuration type 1 for base access
[    0.871322] raid6: sse2x1   gen()  5313 MB/s
[    0.939294] raid6: sse2x1   xor()  3747 MB/s
[    1.007282] raid6: sse2x2   gen()  6811 MB/s
[    1.075271] raid6: sse2x2   xor()  5397 MB/s
[    1.143275] raid6: sse2x4   gen()  7886 MB/s
[    1.211269] raid6: sse2x4   xor()  5604 MB/s
[    1.211903] raid6: using algorithm sse2x4 gen() 7886 MB/s
[    1.212600] raid6: .... xor() 5604 MB/s, rmw enabled
[    1.213244] raid6: using intx1 recovery algorithm
[    1.217260] ACPI: Added _OSI(Module Device)
[    1.217898] ACPI: Added _OSI(Processor Device)
[    1.218534] ACPI: Added _OSI(3.0 _SCP Extensions)
[    1.219179] ACPI: Added _OSI(Processor Aggregator Device)
[    1.268447] ACPI: Interpreter enabled
[    1.269077] ACPI: (supports S0 S5)
[    1.269536] ACPI: Using IOAPIC for interrupt routing
[    1.270690] PCI: Using host bridge windows from ACPI; if necessary, use =
"pci=3Dnocrs" and report a bug
[    1.455132] ACPI: PCI Root Bridge [PCI0] (domain 0000 [bus 00-ff])
[    1.456092] acpi PNP0A03:00: _OSC: OS supports [Segments]
[    1.457214] acpi PNP0A03:00: _OSC failed (AE_NOT_FOUND); disabling ASPM
[    1.463806] PCI host bridge to bus 0000:00
[    1.464416] pci_bus 0000:00: root bus resource [bus 00-ff]
[    1.465175] pci_bus 0000:00: root bus resource [io  0x0000-0x0cf7 window]
[    1.466077] pci_bus 0000:00: root bus resource [io  0x0d00-0xadff window]
[    1.466931] pci_bus 0000:00: root bus resource [io  0xae0f-0xaeff window]
[    1.467762] pci_bus 0000:00: root bus resource [io  0xaf20-0xafdf window]
[    1.468647] pci_bus 0000:00: root bus resource [io  0xafe4-0xffff window]
[    1.469520] pci_bus 0000:00: root bus resource [mem 0x000a0000-0x000bfff=
f window]
[    1.470470] pci_bus 0000:00: root bus resource [mem 0x12c00000-0xfebffff=
f window]
[    1.471567] pci 0000:00:00.0: [8086:1237] type 00 class 0x060000
[    1.477552] pci 0000:00:01.0: [8086:7000] type 00 class 0x060100
[    1.482743] pci 0000:00:01.1: [8086:7010] type 00 class 0x010180
[    1.500056] pci 0000:00:01.1: reg 0x20: [io  0xc200-0xc20f]
[    1.507609] pci 0000:00:01.1: legacy IDE quirk: reg 0x10: [io  0x01f0-0x=
01f7]
[    1.508645] pci 0000:00:01.1: legacy IDE quirk: reg 0x14: [io  0x03f6]
[    1.509596] pci 0000:00:01.1: legacy IDE quirk: reg 0x18: [io  0x0170-0x=
0177]
[    1.510706] pci 0000:00:01.1: legacy IDE quirk: reg 0x1c: [io  0x0376]
[    1.516951] pci 0000:00:01.3: [8086:7113] type 00 class 0x068000
[    1.518490] pci 0000:00:01.3: can't claim BAR 7 [io  0x0600-0x063f]: add=
ress conflict with ACPI PM1a_EVT_BLK [io  0x0600-0x0603]
[    1.520218] pci 0000:00:01.3: quirk: [io  0x0700-0x070f] claimed by PIIX=
4 SMB
[    1.526602] pci 0000:00:02.0: [1013:00b8] type 00 class 0x030000
[    1.534633] pci 0000:00:02.0: reg 0x10: [mem 0xfc000000-0xfdffffff pref]
[    1.541872] pci 0000:00:02.0: reg 0x14: [mem 0xfebf0000-0xfebf0fff]
[    1.575941] pci 0000:00:02.0: reg 0x30: [mem 0xfebe0000-0xfebeffff pref]
[    1.583086] pci 0000:00:03.0: [8086:100e] type 00 class 0x020000
[    1.590805] pci 0000:00:03.0: reg 0x10: [mem 0xfebc0000-0xfebdffff]
[    1.598461] pci 0000:00:03.0: reg 0x14: [io  0xc000-0xc03f]
[    1.632967] pci 0000:00:03.0: reg 0x30: [mem 0xfeb80000-0xfebbffff pref]
[    1.640054] pci 0000:00:04.0: [1af4:1001] type 00 class 0x010000
[    1.647924] pci 0000:00:04.0: reg 0x10: [io  0xc040-0xc07f]
[    1.657052] pci 0000:00:04.0: reg 0x14: [mem 0xfebf1000-0xfebf1fff]
[    1.697438] pci 0000:00:05.0: [1af4:1001] type 00 class 0x010000
[    1.705459] pci 0000:00:05.0: reg 0x10: [io  0xc080-0xc0bf]
[    1.713233] pci 0000:00:05.0: reg 0x14: [mem 0xfebf2000-0xfebf2fff]
[    1.753654] pci 0000:00:06.0: [1af4:1001] type 00 class 0x010000
[    1.761956] pci 0000:00:06.0: reg 0x10: [io  0xc0c0-0xc0ff]
[    1.769681] pci 0000:00:06.0: reg 0x14: [mem 0xfebf3000-0xfebf3fff]
[    1.815534] pci 0000:00:07.0: [1af4:1001] type 00 class 0x010000
[    1.823524] pci 0000:00:07.0: reg 0x10: [io  0xc100-0xc13f]
[    1.832134] pci 0000:00:07.0: reg 0x14: [mem 0xfebf4000-0xfebf4fff]
[    1.878169] pci 0000:00:08.0: [1af4:1001] type 00 class 0x010000
[    1.885724] pci 0000:00:08.0: reg 0x10: [io  0xc140-0xc17f]
[    1.897505] pci 0000:00:08.0: reg 0x14: [mem 0xfebf5000-0xfebf5fff]
[    1.943815] pci 0000:00:09.0: [1af4:1001] type 00 class 0x010000
[    1.952163] pci 0000:00:09.0: reg 0x10: [io  0xc180-0xc1bf]
[    1.960834] pci 0000:00:09.0: reg 0x14: [mem 0xfebf6000-0xfebf6fff]
[    2.000364] pci 0000:00:0a.0: [1af4:1001] type 00 class 0x010000
[    2.009118] pci 0000:00:0a.0: reg 0x10: [io  0xc1c0-0xc1ff]
[    2.016510] pci 0000:00:0a.0: reg 0x14: [mem 0xfebf7000-0xfebf7fff]
[    2.056308] pci 0000:00:0b.0: [8086:25ab] type 00 class 0x088000
[    2.060281] pci 0000:00:0b.0: reg 0x10: [mem 0xfebf8000-0xfebf800f]
[    2.097338] pci_bus 0000:00: on NUMA node 0
[    2.127344] ACPI: PCI Interrupt Link [LNKA] (IRQs 5 *10 11)
[    2.133841] ACPI: PCI Interrupt Link [LNKB] (IRQs 5 *10 11)
[    2.143611] ACPI: PCI Interrupt Link [LNKC] (IRQs 5 10 *11)
[    2.152454] ACPI: PCI Interrupt Link [LNKD] (IRQs 5 10 *11)
[    2.157108] ACPI: PCI Interrupt Link [LNKS] (IRQs *9)
[    2.180634] ACPI: Enabled 16 GPEs in block 00 to 0F
[    2.198743] vgaarb: setting as boot device: PCI:0000:00:02.0
[    2.199822] vgaarb: device added: PCI:0000:00:02.0,decodes=3Dio+mem,owns=
=3Dio+mem,locks=3Dnone
[    2.201184] vgaarb: loaded
[    2.201683] vgaarb: bridge control possible 0000:00:02.0
[    2.212723] SCSI subsystem initialized
[    2.213724] libata version 3.00 loaded.
[    2.216527] EDAC MC: Ver: 3.0.0
[    2.221497] PCI: Using ACPI for IRQ routing
[    2.222176] PCI: pci_cache_line_size set to 64 bytes
[    2.223312] e820: reserve RAM buffer [mem 0x0009fc00-0x0009ffff]
[    2.224232] e820: reserve RAM buffer [mem 0x12be0000-0x13ffffff]
[    2.230565] clocksource: Switched to clocksource kvm-clock
[    2.242380] Warning: could not register all branches stats
[    2.243886] Warning: could not register annotated branches stats
[    2.532796] pnp: PnP ACPI init
[    2.536190] pnp 00:00: Plug and Play ACPI device, IDs PNP0b00 (active)
[    2.538964] pnp 00:01: Plug and Play ACPI device, IDs PNP0303 (active)
[    2.541699] pnp 00:02: Plug and Play ACPI device, IDs PNP0f13 (active)
[    2.543908] pnp 00:03: [dma 2]
[    2.545313] pnp 00:03: Plug and Play ACPI device, IDs PNP0700 (active)
[    2.548652] pnp 00:04: Plug and Play ACPI device, IDs PNP0400 (active)
[    2.552117] pnp 00:05: Plug and Play ACPI device, IDs PNP0501 (active)
[    2.565153] pnp: PnP ACPI: found 6 devices
[    2.583521] clocksource: acpi_pm: mask: 0xffffff max_cycles: 0xffffff, m=
ax_idle_ns: 2085701024 ns
[    2.586064] pci 0000:00:01.3: BAR 7: [io  size 0x0040] has bogus alignme=
nt
[    2.587136] pci_bus 0000:00: resource 4 [io  0x0000-0x0cf7 window]
[    2.588453] pci_bus 0000:00: resource 5 [io  0x0d00-0xadff window]
[    2.589881] pci_bus 0000:00: resource 6 [io  0xae0f-0xaeff window]
[    2.591317] pci_bus 0000:00: resource 7 [io  0xaf20-0xafdf window]
[    2.592772] pci_bus 0000:00: resource 8 [io  0xafe4-0xffff window]
[    2.594155] pci_bus 0000:00: resource 9 [mem 0x000a0000-0x000bffff windo=
w]
[    2.595829] pci_bus 0000:00: resource 10 [mem 0x12c00000-0xfebfffff wind=
ow]
[    2.597916] NET: Registered protocol family 1
[    2.599135] pci 0000:00:00.0: Limiting direct PCI/PCI transfers
[    2.600582] pci 0000:00:01.0: PIIX3: Enabling Passive Release
[    2.601968] pci 0000:00:01.0: Activating ISA DMA hang workarounds
[    2.603436] pci 0000:00:02.0: Video device with shadowed ROM
[    2.604987] PCI: CLS 0 bytes, default 64
[    2.608470] Trying to unpack rootfs image as initramfs...
[    5.482733] debug: unmapping init [mem 0xffff880011525000-0xffff880012bd=
7fff]
[    5.490747] Scanning for low memory corruption every 60 seconds
[    5.499833] sha256_ssse3: Neither AVX nor SSSE3 is available/usable.
[    5.500709] sha512_ssse3: Neither AVX nor SSSE3 is available/usable.
[    5.501545] CPU feature 'AVX registers' is not supported.
[    5.502240] CPU feature 'AVX registers' is not supported.
[    5.503126] CPU feature 'AVX registers' is not supported.
[    5.503777] CPU feature 'AVX registers' is not supported.
[    5.504404] AVX2 or AES-NI instructions are not detected.
[    5.510239] futex hash table entries: 16 (order: -2, 1536 bytes)
[    5.518705] HugeTLB registered 2 MB page size, pre-allocated 0 pages
[    5.656813] page_owner is disabled
[    5.657511] zpool: loaded
[    5.696451] squashfs: version 4.0 (2009/01/31) Phillip Lougher
[    5.713316] efs: 1.0a - http://aeschi.ch.eu.org/efs/
[    5.727980] romfs: ROMFS MTD (C) 2007 Red Hat, Inc.
[    5.731486] qnx6: QNX6 filesystem 1.0.0 registered.
[    5.738993] JFS: nTxBlock =3D 1789, nTxLock =3D 14319
[    5.742630] SGI XFS with security attributes, debug enabled
[    5.775698] NILFS version 2 loaded
[    5.821836] async_tx: api initialized (async)
[    5.824885] Block layer SCSI generic (bsg) driver version 0.4 loaded (ma=
jor 252)
[    5.825998] io scheduler noop registered
[    5.829450] io scheduler cfq registered (default)
[    5.841593] test_string_helpers: Running tests...
[    5.849640] test_hexdump: Running tests...
[    5.851311] crc32: CRC_LE_BITS =3D 32, CRC_BE BITS =3D 32
[    5.852082] crc32: self tests passed, processed 225944 bytes in 319083 n=
sec
[    5.853358] crc32c: CRC_LE_BITS =3D 32
[    5.853851] crc32c: self tests passed, processed 225944 bytes in 142270 =
nsec
[    5.873785] crc32_combine: 8373 self tests passed
[    5.893563] crc32c_combine: 8373 self tests passed
[    5.894961] rbtree testing
[    6.482733] tsc: Refined TSC clocksource calibration: 2926.323 MHz
[    6.483682] clocksource: tsc: mask: 0xffffffffffffffff max_cycles: 0x2a2=
e65aa0d0, max_idle_ns: 440795321978 ns
[    7.311026]  -> 41428 cycles
[    7.477329] augmented rbtree testing -> 56224 cycles
[    9.569948] input: Power Button as /devices/LNXSYSTM:00/LNXPWRBN:00/inpu=
t/input0
[    9.570922] ACPI: Power Button [PWRF]
[    9.915770] Serial: 8250/16550 driver, 4 ports, IRQ sharing disabled
[    9.940977] 00:05: ttyS0 at I/O 0x3f8 (irq =3D 4, base_baud =3D 115200) =
is a 16550A
[    9.951496] ppdev: user-space parallel port driver
[    9.952123] telclk_interrupt =3D 0xf non-mcpbl0010 hw.
[    9.953021] [drm] Initialized drm 1.1.0 20060810
[    9.954972] parport_pc 00:04: reported by Plug and Play ACPI
[    9.956269] parport0: PC-style at 0x378, irq 7 [PCSPP(,...)]
[   10.013093] brd: module loaded
[   10.021564] null: module loaded
[   10.022167] dummy-irq: no IRQ given.  Use irq=3DN
[   10.024077] Silicon Labs C2 port support v. 0.51.0 - (C) 2007 Rodolfo Gi=
ometti
[   10.025978] c2port c2port0: C2 port uc added
[   10.026470] c2port c2port0: uc flash has 30 blocks x 512 bytes (15360 by=
tes total)
[   10.032583] Uniform Multi-Platform E-IDE driver
[   10.034008] ide_generic: please use "probe_mask=3D0x3f" module parameter=
 for probing all legacy ISA IDE ports
[   10.037568] rdac: device handler registered
[   10.038332] hp_sw: device handler registered
[   10.038858] emc: device handler registered
[   10.039343] alua: device handler registered
[   10.039846] osst :I: Tape driver with OnStream support version 0.99.4
[   10.039846] osst :I: $Id: osst.c,v 1.73 2005/01/01 21:13:34 wriede Exp $
[   10.043954] SCSI Media Changer driver v0.25=20
[   10.045064] osd: LOADED open-osd 0.2.1
[   10.057224] Rounding down aligned max_sectors from 4294967295 to 4294967=
288
[   10.059620] SSFDC read-only Flash Translation layer
[   10.060222] mtdoops: mtd device (mtddev=3Dname/number) must be supplied
[   10.061100] SBC-GXx flash: IO:0x258-0x259 MEM:0xdc000-0xdffff
[   10.061772] ------------[ cut here ]------------
[   10.062288] kernel BUG at include/linux/mtd/map.h:148!
[   10.063061] invalid opcode: 0000 [#1] PREEMPT DEBUG_PAGEALLOC=20
[   10.063760] CPU: 0 PID: 1 Comm: swapper Not tainted 4.1.0-11368-g74033a7=
 #2
[   10.064531] Hardware name: QEMU Standard PC (i440FX + PIIX, 1996), BIOS =
1.7.5-20140531_083030-gandalf 04/01/2014
[   10.065680] task: ffff880010ef0000 ti: ffff880010ee4000 task.ti: ffff880=
010ee4000
[   10.066510] RIP: 0010:[<ffffffff817ea3c8>]  [<ffffffff817ea3c8>] mtd_do_=
chip_probe+0x8/0xa
[   10.067437] RSP: 0000:ffff880010ee7dc8  EFLAGS: 00010282
[   10.068016] RAX: 0000000000000000 RBX: ffffffff826a4250 RCX: 00000000000=
00000
[   10.068766] RDX: 0000000000000000 RSI: ffffffff826a4280 RDI: ffffffff826=
a48c0
[   10.069547] RBP: ffff880010ee7e28 R08: 0000000000000001 R09: 00000000000=
00000
[   10.070341] R10: 0000000000000000 R11: 0000000000000000 R12: ffffffff826=
a48c0
[   10.071140] R13: ffffffff82295c6d R14: ffff8800091e7988 R15: ffffffff82d=
81910
[   10.071921] FS:  0000000000000000(0000) GS:ffffffff82424000(0000) knlGS:=
0000000000000000
[   10.072802] CS:  0010 DS: 0000 ES: 0000 CR0: 000000008005003b
[   10.073433] CR2: 0000000000000000 CR3: 000000000240e000 CR4: 00000000000=
006b0
[   10.074225] Stack:
[   10.074457]  ffff880010ee7de8 ffffffff8115a397 0000000000000000 ffffffff=
817e4087
[   10.075340]  ffff880010ee7e18 0000000000000002 ffffffff826a4800 ffffffff=
82295c6d
[   10.076221]  ffff8800091e7988 ffffffff82d81910 ffff880010ee7e38 ffffffff=
81a5a288
[   10.077087] Call Trace:
[   10.077372]  [<ffffffff8115a397>] ? trace_preempt_on+0x15/0x28
[   10.078014]  [<ffffffff817e4087>] ? do_map_probe+0x73/0xa5
[   10.078625]  [<ffffffff81a5a288>] ? _raw_spin_unlock+0x62/0x79
[   10.079278]  [<ffffffff817e410e>] cfi_probe+0x10/0x12
[   10.079847]  [<ffffffff817e40b1>] do_map_probe+0x9d/0xa5
[   10.080434]  [<ffffffff82d29ee9>] ? init_amd76xrom+0x3c4/0x3c4
[   10.081081]  [<ffffffff82d29fed>] init_sbc_gxx+0x104/0x15b
[   10.081679]  [<ffffffff82cc44eb>] do_one_initcall+0x145/0x247
[   10.082323]  [<ffffffff810daf7c>] ? parse_args+0x34a/0x429
[   10.082956]  [<ffffffff82cc47ec>] kernel_init_freeable+0x1ff/0x2c4
[   10.083636]  [<ffffffff81a3914e>] ? rest_init+0x155/0x155
[   10.084231]  [<ffffffff81a39157>] kernel_init+0x9/0x152
[   10.084817]  [<ffffffff81a5b70f>] ret_from_fork+0x3f/0x70
[   10.085417]  [<ffffffff81a3914e>] ? rest_init+0x155/0x155
[   10.086002] Code: ff 49 c7 86 88 00 00 00 e0 46 6a 82 4c 89 e7 e8 c7 f6 =
ff ff 48 83 c4 28 5b 41 5c 41 5d 41 5e 41 5f 5d c3 55 48 89 e5 48 83 ec 60 =
<0f> 0b 55 48 c7 c6 40 47 6a 82 48 89 e5 e8 e6 ff ff ff 5d c3 55=20
[   10.089102] RIP  [<ffffffff817ea3c8>] mtd_do_chip_probe+0x8/0xa
[   10.089780]  RSP <ffff880010ee7dc8>
[   10.090588] ---[ end trace 254dce2551920e1c ]---
[   10.091118] Kernel panic - not syncing: Fatal exception
[   10.091683] Kernel Offset: disabled

Elapsed time: 20
qemu-system-x86_64 -enable-kvm -cpu kvm64 -kernel /pkg/linux/x86_64-randcon=
fig-a0-07122022/gcc-4.9/74033a798f5a5db368126ee6f690111cf019bf7a/vmlinuz-4.=
1.0-11368-g74033a7 -append 'hung_task_panic=3D1 earlyprintk=3DttyS0,115200 =
systemd.log_level=3Derr debug apic=3Ddebug sysrq_always_enabled rcupdate.rc=
u_cpu_stall_timeout=3D100 panic=3D-1 softlockup_panic=3D1 nmi_watchdog=3Dpa=
nic oops=3Dpanic load_ramdisk=3D2 prompt_ramdisk=3D0 console=3DttyS0,115200=
 console=3Dtty0 vga=3Dnormal  root=3D/dev/ram0 rw link=3D/kbuild-tests/run-=
queue/kvm/x86_64-randconfig-a0-07122022/linux-devel:devel-hourly-2015071220=
:74033a798f5a5db368126ee6f690111cf019bf7a:bisect-linux-9/.vmlinuz-74033a798=
f5a5db368126ee6f690111cf019bf7a-20150714004901-96-intel12 branch=3Dlinux-de=
vel/devel-hourly-2015071220 BOOT_IMAGE=3D/pkg/linux/x86_64-randconfig-a0-07=
122022/gcc-4.9/74033a798f5a5db368126ee6f690111cf019bf7a/vmlinuz-4.1.0-11368=
-g74033a7 drbd.minor_count=3D8'  -initrd /osimage/quantal/quantal-core-x86_=
64.cgz -m 300 -smp 2 -device e1000,netdev=3Dnet0 -netdev user,id=3Dnet0 -bo=
ot order=3Dnc -no-reboot -watchdog i6300esb -rtc base=3Dlocaltime -drive fi=
le=3D/fs/KVM/disk0-quantal-intel12-10,media=3Ddisk,if=3Dvirtio -drive file=
=3D/fs/KVM/disk1-quantal-intel12-10,media=3Ddisk,if=3Dvirtio -drive file=3D=
/fs/KVM/disk2-quantal-intel12-10,media=3Ddisk,if=3Dvirtio -drive file=3D/fs=
/KVM/disk3-quantal-intel12-10,media=3Ddisk,if=3Dvirtio -drive file=3D/fs/KV=
M/disk4-quantal-intel12-10,media=3Ddisk,if=3Dvirtio -drive file=3D/fs/KVM/d=
isk5-quantal-intel12-10,media=3Ddisk,if=3Dvirtio -drive file=3D/fs/KVM/disk=
6-quantal-intel12-10,media=3Ddisk,if=3Dvirtio -pidfile /dev/shm/kboot/pid-q=
uantal-intel12-10 -serial file:/dev/shm/kboot/serial-quantal-intel12-10 -da=
emonize -display none -monitor null=20

--AqsLC8rIMeq19msA
Content-Type: text/plain; charset=us-ascii
Content-Disposition: attachment; filename="config-4.1.0-11369-g0e1cc95b4"

#
# Automatically generated file; DO NOT EDIT.
# Linux/x86_64 4.1.0 Kernel Configuration
#
CONFIG_64BIT=y
CONFIG_X86_64=y
CONFIG_X86=y
CONFIG_INSTRUCTION_DECODER=y
CONFIG_OUTPUT_FORMAT="elf64-x86-64"
CONFIG_ARCH_DEFCONFIG="arch/x86/configs/x86_64_defconfig"
CONFIG_LOCKDEP_SUPPORT=y
CONFIG_STACKTRACE_SUPPORT=y
CONFIG_HAVE_LATENCYTOP_SUPPORT=y
CONFIG_MMU=y
CONFIG_NEED_DMA_MAP_STATE=y
CONFIG_NEED_SG_DMA_LENGTH=y
CONFIG_GENERIC_BUG=y
CONFIG_GENERIC_BUG_RELATIVE_POINTERS=y
CONFIG_GENERIC_HWEIGHT=y
CONFIG_RWSEM_XCHGADD_ALGORITHM=y
CONFIG_GENERIC_CALIBRATE_DELAY=y
CONFIG_ARCH_HAS_CPU_RELAX=y
CONFIG_ARCH_HAS_CACHE_LINE_SIZE=y
CONFIG_HAVE_SETUP_PER_CPU_AREA=y
CONFIG_NEED_PER_CPU_EMBED_FIRST_CHUNK=y
CONFIG_NEED_PER_CPU_PAGE_FIRST_CHUNK=y
CONFIG_ARCH_HIBERNATION_POSSIBLE=y
CONFIG_ARCH_SUSPEND_POSSIBLE=y
CONFIG_ARCH_WANT_HUGE_PMD_SHARE=y
CONFIG_ARCH_WANT_GENERAL_HUGETLB=y
CONFIG_ZONE_DMA32=y
CONFIG_AUDIT_ARCH=y
CONFIG_ARCH_SUPPORTS_OPTIMIZED_INLINING=y
CONFIG_ARCH_SUPPORTS_DEBUG_PAGEALLOC=y
CONFIG_ARCH_HWEIGHT_CFLAGS="-fcall-saved-rdi -fcall-saved-rsi -fcall-saved-rdx -fcall-saved-rcx -fcall-saved-r8 -fcall-saved-r9 -fcall-saved-r10 -fcall-saved-r11"
CONFIG_ARCH_SUPPORTS_UPROBES=y
CONFIG_FIX_EARLYCON_MEM=y
CONFIG_PGTABLE_LEVELS=4
CONFIG_DEFCONFIG_LIST="/lib/modules/$UNAME_RELEASE/.config"
CONFIG_IRQ_WORK=y
CONFIG_BUILDTIME_EXTABLE_SORT=y

#
# General setup
#
CONFIG_BROKEN_ON_SMP=y
CONFIG_INIT_ENV_ARG_LIMIT=32
CONFIG_CROSS_COMPILE=""
# CONFIG_COMPILE_TEST is not set
CONFIG_LOCALVERSION=""
CONFIG_LOCALVERSION_AUTO=y
CONFIG_HAVE_KERNEL_GZIP=y
CONFIG_HAVE_KERNEL_BZIP2=y
CONFIG_HAVE_KERNEL_LZMA=y
CONFIG_HAVE_KERNEL_XZ=y
CONFIG_HAVE_KERNEL_LZO=y
CONFIG_HAVE_KERNEL_LZ4=y
# CONFIG_KERNEL_GZIP is not set
CONFIG_KERNEL_BZIP2=y
# CONFIG_KERNEL_LZMA is not set
# CONFIG_KERNEL_XZ is not set
# CONFIG_KERNEL_LZO is not set
# CONFIG_KERNEL_LZ4 is not set
CONFIG_DEFAULT_HOSTNAME="(none)"
# CONFIG_SWAP is not set
CONFIG_SYSVIPC=y
# CONFIG_POSIX_MQUEUE is not set
CONFIG_CROSS_MEMORY_ATTACH=y
CONFIG_FHANDLE=y
# CONFIG_USELIB is not set
# CONFIG_AUDIT is not set
CONFIG_HAVE_ARCH_AUDITSYSCALL=y

#
# IRQ subsystem
#
CONFIG_GENERIC_IRQ_PROBE=y
CONFIG_GENERIC_IRQ_SHOW=y
CONFIG_GENERIC_IRQ_CHIP=y
CONFIG_IRQ_DOMAIN=y
CONFIG_IRQ_DOMAIN_HIERARCHY=y
# CONFIG_IRQ_DOMAIN_DEBUG is not set
CONFIG_IRQ_FORCED_THREADING=y
CONFIG_SPARSE_IRQ=y
CONFIG_CLOCKSOURCE_WATCHDOG=y
CONFIG_ARCH_CLOCKSOURCE_DATA=y
CONFIG_CLOCKSOURCE_VALIDATE_LAST_CYCLE=y
CONFIG_GENERIC_TIME_VSYSCALL=y
CONFIG_GENERIC_CLOCKEVENTS=y
CONFIG_GENERIC_CLOCKEVENTS_BROADCAST=y
CONFIG_GENERIC_CLOCKEVENTS_MIN_ADJUST=y
CONFIG_GENERIC_CMOS_UPDATE=y

#
# Timers subsystem
#
CONFIG_TICK_ONESHOT=y
CONFIG_NO_HZ_COMMON=y
# CONFIG_HZ_PERIODIC is not set
CONFIG_NO_HZ_IDLE=y
# CONFIG_NO_HZ is not set
CONFIG_HIGH_RES_TIMERS=y

#
# CPU/Task time and stats accounting
#
CONFIG_TICK_CPU_ACCOUNTING=y
# CONFIG_VIRT_CPU_ACCOUNTING_GEN is not set
# CONFIG_IRQ_TIME_ACCOUNTING is not set
CONFIG_BSD_PROCESS_ACCT=y
CONFIG_BSD_PROCESS_ACCT_V3=y
# CONFIG_TASKSTATS is not set

#
# RCU Subsystem
#
CONFIG_PREEMPT_RCU=y
# CONFIG_RCU_EXPERT is not set
CONFIG_SRCU=y
# CONFIG_TASKS_RCU is not set
CONFIG_RCU_STALL_COMMON=y
# CONFIG_TREE_RCU_TRACE is not set
# CONFIG_RCU_NOCB_CPU is not set
# CONFIG_RCU_EXPEDITE_BOOT is not set
CONFIG_BUILD_BIN2C=y
CONFIG_IKCONFIG=y
CONFIG_IKCONFIG_PROC=y
CONFIG_LOG_BUF_SHIFT=17
CONFIG_HAVE_UNSTABLE_SCHED_CLOCK=y
CONFIG_ARCH_SUPPORTS_NUMA_BALANCING=y
CONFIG_ARCH_SUPPORTS_INT128=y
CONFIG_CGROUPS=y
# CONFIG_CGROUP_DEBUG is not set
# CONFIG_CGROUP_FREEZER is not set
# CONFIG_CGROUP_DEVICE is not set
CONFIG_CPUSETS=y
# CONFIG_PROC_PID_CPUSET is not set
# CONFIG_CGROUP_CPUACCT is not set
CONFIG_PAGE_COUNTER=y
# CONFIG_MEMCG is not set
CONFIG_CGROUP_HUGETLB=y
CONFIG_CGROUP_PERF=y
CONFIG_CGROUP_SCHED=y
CONFIG_FAIR_GROUP_SCHED=y
# CONFIG_CFS_BANDWIDTH is not set
CONFIG_RT_GROUP_SCHED=y
