Return-Path: <owner-linux-mm@kvack.org>
Received: from mail-oi0-f71.google.com (mail-oi0-f71.google.com [209.85.218.71])
	by kanga.kvack.org (Postfix) with ESMTP id 499926B0033
	for <linux-mm@kvack.org>; Wed, 11 Jan 2017 11:22:38 -0500 (EST)
Received: by mail-oi0-f71.google.com with SMTP id x84so36851881oix.7
        for <linux-mm@kvack.org>; Wed, 11 Jan 2017 08:22:38 -0800 (PST)
Received: from mail-oi0-x242.google.com (mail-oi0-x242.google.com. [2607:f8b0:4003:c06::242])
        by mx.google.com with ESMTPS id j31si2459483otc.143.2017.01.11.08.22.32
        for <linux-mm@kvack.org>
        (version=TLS1_2 cipher=ECDHE-RSA-AES128-GCM-SHA256 bits=128/128);
        Wed, 11 Jan 2017 08:22:33 -0800 (PST)
Received: by mail-oi0-x242.google.com with SMTP id j15so22605183oih.0
        for <linux-mm@kvack.org>; Wed, 11 Jan 2017 08:22:32 -0800 (PST)
MIME-Version: 1.0
In-Reply-To: <0ea1cfeb-7c4a-3a3e-9be9-967298ba303c@suse.cz>
References: <CAFpQJXUq-JuEP=QPidy4p_=FN0rkH5Z-kfB4qBvsf6jMS87Edg@mail.gmail.com>
 <075075cc-3149-0df3-dd45-a81df1f1a506@suse.cz> <0ea1cfeb-7c4a-3a3e-9be9-967298ba303c@suse.cz>
From: Ganapatrao Kulkarni <gpkulkarni@gmail.com>
Date: Wed, 11 Jan 2017 21:52:29 +0530
Message-ID: <CAFpQJXWD8pSaWUrkn5Rxy-hjTCvrczuf0F3TdZ8VHj4DSYpivg@mail.gmail.com>
Subject: Re: getting oom/stalls for ltp test cpuset01 with latest/4.9 kernel
Content-Type: text/plain; charset=UTF-8
Sender: owner-linux-mm@kvack.org
List-ID: <linux-mm.kvack.org>
To: Vlastimil Babka <vbabka@suse.cz>
Cc: linux-mm@kvack.org, "linux-kernel@vger.kernel.org" <linux-kernel@vger.kernel.org>, Michal Hocko <mhocko@kernel.org>

Hi Vlastimil ,

On Wed, Jan 11, 2017 at 6:08 PM, Vlastimil Babka <vbabka@suse.cz> wrote:
> On 01/11/2017 12:05 PM, Vlastimil Babka wrote:
>> On 01/11/2017 11:50 AM, Ganapatrao Kulkarni wrote:
>>> Hi,
>>>
>>> we are seeing OOM/stalls messages when we run ltp cpuset01(cpuset01 -I
>>> 360) test for few minutes, even through the numa system has adequate
>>> memory on both nodes.
>>>
>>> this we have observed same on both arm64/thunderx numa and on x86 numa system!
>>>
>>> using latest ltp from master branch version 20160920-197-gbc4d3db
>>> and linux kernel version 4.9
>>>
>>> is this known bug already?
>>
>> Probably not.
>>
>> Is it possible that cpuset limits the process to one node, and numa
>> mempolicy to the other node?
>
> Ah, so 4.9 has commit 82e7d3abec86 ("oom: print nodemask in the oom
> report"), so such state should be visible in the oom report. Can you
> post it whole instead of just the header line (i.e. the last line in
> your report)? Thanks.

pasting complete dmesg log.

[   80.880531] Bluetooth: HCI socket layer initialized
[   80.880533] Bluetooth: L2CAP socket layer initialized
[   80.880540] Bluetooth: SCO socket layer initialized
[   81.080898] Bluetooth: BNEP (Ethernet Emulation) ver 1.3
[   81.080901] Bluetooth: BNEP filters: protocol multicast
[   81.080904] Bluetooth: BNEP socket layer initialized
[   81.278664] mgag200 0000:09:00.0: Video card doesn't support
cursors with partial transparency.
[   81.278668] mgag200 0000:09:00.0: Not enabling hardware cursor.
[  133.492439] usb 1-1.5: new low-speed USB device number 4 using ehci-pci
[  133.574627] usb 1-1.5: New USB device found, idVendor=0461, idProduct=4e22
[  133.574630] usb 1-1.5: New USB device strings: Mfr=1, Product=2,
SerialNumber=0
[  133.574633] usb 1-1.5: Product: USB Optical Mouse
[  133.574634] usb 1-1.5: Manufacturer: PixArt
[  133.577302] input: PixArt USB Optical Mouse as
/devices/pci0000:00/0000:00:1a.0/usb1/1-1/1-1.5/1-1.5:1.0/0003:0461:4E22.0003/input/input4
[  133.577523] hid-generic 0003:0461:4E22.0003: input,hidraw2: USB HID
v1.11 Mouse [PixArt USB Optical Mouse] on usb-0000:00:1a.0-1.5/input0
[ 1341.881889] loop: module loaded
[ 2280.275193] cgroup: new mount options do not match the existing
superblock, will be ignored
[ 2316.565940] cgroup: new mount options do not match the existing
superblock, will be ignored
[ 2393.388361] cpuset01: page allocation stalls for 10051ms, order:0,
mode:0x24280ca(GFP_HIGHUSER_MOVABLE|__GFP_ZERO)
[ 2393.388371] CPU: 9 PID: 18188 Comm: cpuset01 Not tainted 4.9.0 #1
[ 2393.388373] Hardware name: Dell Inc. PowerEdge T630/0W9WXC, BIOS
1.0.4 08/29/2014
[ 2393.388374]  ffffc9000c1afba8 ffffffff813c771e ffffffff81a40be8
0000000000000001
[ 2393.388377]  ffffc9000c1afc30 ffffffff811b8c9a 024280ca00000202
ffffffff81a40be8
[ 2393.388380]  ffffc9000c1afbd0 0000000000000010 ffffc9000c1afc40
ffffc9000c1afbf0
[ 2393.388383] Call Trace:
[ 2393.388392]  [<ffffffff813c771e>] dump_stack+0x63/0x85
[ 2393.388397]  [<ffffffff811b8c9a>] warn_alloc+0x13a/0x170
[ 2393.388399]  [<ffffffff811b95c4>] __alloc_pages_slowpath+0x884/0xac0
[ 2393.388402]  [<ffffffff811b9ac5>] __alloc_pages_nodemask+0x2c5/0x310
[ 2393.388405]  [<ffffffff8120f663>] alloc_pages_vma+0xb3/0x260
[ 2393.388410]  [<ffffffff811e0534>] ? anon_vma_interval_tree_insert+0x84/0x90
[ 2393.388413]  [<ffffffff811ea42c>] handle_mm_fault+0x129c/0x1550
[ 2393.388417]  [<ffffffff813d65bb>] ? call_rwsem_wake+0x1b/0x30
[ 2393.388422]  [<ffffffff8106a362>] __do_page_fault+0x222/0x4b0
[ 2393.388424]  [<ffffffff8106a61f>] do_page_fault+0x2f/0x80
[ 2393.388429]  [<ffffffff817ca588>] page_fault+0x28/0x30
[ 2393.388431] Mem-Info:
[ 2393.388437] active_anon:92316 inactive_anon:21059 isolated_anon:32
 active_file:202031 inactive_file:137088 isolated_file:0
 unevictable:16 dirty:20 writeback:5883 unstable:0
 slab_reclaimable:40274 slab_unreclaimable:21605
 mapped:26819 shmem:28393 pagetables:11375 bounce:0
 free:5494728 free_pcp:549 free_cma:0
[ 2393.388446] Node 0 active_anon:310368kB inactive_anon:25684kB
active_file:807836kB inactive_file:548592kB unevictable:60kB
isolated(anon):0kB isolated(file):0kB mapped:101672kB dirty:80kB
writeback:148kB shmem:0kB shmem_thp: 0kB shmem_pmdmapped: 0kB
anon_thp: 25780kB writeback_tmp:0kB unstable:0kB pages_scanned:0
all_unreclaimable? no
[ 2393.388455] Node 1 active_anon:58896kB inactive_anon:58552kB
active_file:288kB inactive_file:0kB unevictable:4kB
isolated(anon):128kB isolated(file):0kB mapped:5604kB dirty:0kB
writeback:23384kB shmem:0kB shmem_thp: 0kB shmem_pmdmapped: 0kB
anon_thp: 87792kB writeback_tmp:0kB unstable:0kB pages_scanned:0
all_unreclaimable? no
[ 2393.388457] Node 1 Normal free:11937124kB min:45532kB low:62044kB
high:78556kB active_anon:58896kB inactive_anon:58552kB
active_file:288kB inactive_file:0kB unevictable:4kB
writepending:23384kB present:16777216kB managed:16512808kB mlocked:4kB
slab_reclaimable:37876kB slab_unreclaimable:44812kB
kernel_stack:4264kB pagetables:27612kB bounce:0kB free_pcp:2240kB
local_pcp:0kB free_cma:0kB
[ 2393.388462] lowmem_reserve[]: 0 0 0 0
[ 2393.388465] Node 1 Normal: 1179*4kB (UME) 1396*8kB (UME) 1193*16kB
(UME) 910*32kB (UME) 721*64kB (UME) 568*128kB (UME) 444*256kB (UME)
328*512kB (ME) 223*1024kB (UM) 138*2048kB (ME) 2676*4096kB (M) =
11936412kB
[ 2393.388479] Node 0 hugepages_total=4 hugepages_free=4
hugepages_surp=0 hugepages_size=1048576kB
[ 2393.388481] Node 1 hugepages_total=4 hugepages_free=4
hugepages_surp=0 hugepages_size=1048576kB
[ 2393.388481] 374277 total pagecache pages
[ 2393.388483] 6667 pages in swap cache
[ 2393.388484] Swap cache stats: add 101786, delete 95119, find 393/682
[ 2393.388485] Free swap  = 15979384kB
[ 2393.388485] Total swap = 16383996kB
[ 2393.388486] 8331071 pages RAM
[ 2393.388486] 0 pages HighMem/MovableOnly
[ 2393.388487] 152036 pages reserved
[ 2393.388487] 0 pages hwpoisoned
[ 2397.331098] cpuset01 invoked oom-killer:
gfp_mask=0x24280ca(GFP_HIGHUSER_MOVABLE|__GFP_ZERO), nodemask=1,
order=0, oom_score_adj=0
[ 2397.331100] cpuset01 cpuset=1 mems_allowed=1
[ 2397.331106] CPU: 7 PID: 18188 Comm: cpuset01 Not tainted 4.9.0 #1
[ 2397.331107] Hardware name: Dell Inc. PowerEdge T630/0W9WXC, BIOS
1.0.4 08/29/2014
[ 2397.331108]  ffffc9000c1afb18 ffffffff813c771e ffffc9000c1afca0
ffff88085d596e00
[ 2397.331111]  ffffc9000c1afb90 ffffffff8123aa94 0000000000000000
0000000000000000
[ 2397.331114]  ffff88086c940000 ffffc9000c1afb60 ffffffff8120f582
ffffc9000c1afb80
[ 2397.331117] Call Trace:
[ 2397.331126]  [<ffffffff813c771e>] dump_stack+0x63/0x85
[ 2397.331131]  [<ffffffff8123aa94>] dump_header+0x7b/0x1f9
[ 2397.331135]  [<ffffffff8120f582>] ? mempolicy_nodemask_intersects+0x52/0x80
[ 2397.331139]  [<ffffffff8134b455>] ? security_capable_noaudit+0x45/0x60
[ 2397.331145]  [<ffffffff811b39c3>] oom_kill_process+0x213/0x3e0
[ 2397.331147]  [<ffffffff811b3eb0>] out_of_memory+0x140/0x4c0
[ 2397.331150]  [<ffffffff811b97df>] __alloc_pages_slowpath+0xa9f/0xac0
[ 2397.331153]  [<ffffffff811b9ac5>] __alloc_pages_nodemask+0x2c5/0x310
[ 2397.331155]  [<ffffffff8120f663>] alloc_pages_vma+0xb3/0x260
[ 2397.331159]  [<ffffffff811e0534>] ? anon_vma_interval_tree_insert+0x84/0x90
[ 2397.331162]  [<ffffffff811ea42c>] handle_mm_fault+0x129c/0x1550
[ 2397.331166]  [<ffffffff813d65bb>] ? call_rwsem_wake+0x1b/0x30
[ 2397.331171]  [<ffffffff8106a362>] __do_page_fault+0x222/0x4b0
[ 2397.331173]  [<ffffffff8106a61f>] do_page_fault+0x2f/0x80
[ 2397.331178]  [<ffffffff817ca588>] page_fault+0x28/0x30
[ 2397.331179] Mem-Info:
[ 2397.331186] active_anon:78898 inactive_anon:7674 isolated_anon:0
 active_file:202026 inactive_file:137665 isolated_file:0
 unevictable:16 dirty:0 writeback:1291 unstable:0
 slab_reclaimable:40274 slab_unreclaimable:21104
 mapped:26286 shmem:6851 pagetables:11375 bounce:0
 free:5521612 free_pcp:496 free_cma:0
[ 2397.331196] Node 0 active_anon:310432kB inactive_anon:25728kB
active_file:807844kB inactive_file:550708kB unevictable:60kB
isolated(anon):0kB isolated(file):0kB mapped:103508kB dirty:0kB
writeback:0kB shmem:0kB shmem_thp: 0kB shmem_pmdmapped: 0kB anon_thp:
25780kB writeback_tmp:0kB unstable:0kB pages_scanned:0
all_unreclaimable? no
[ 2397.331206] Node 1 active_anon:5160kB inactive_anon:4968kB
active_file:260kB inactive_file:0kB unevictable:4kB isolated(anon):0kB
isolated(file):0kB mapped:1636kB dirty:0kB writeback:5164kB shmem:0kB
shmem_thp: 0kB shmem_pmdmapped: 0kB anon_thp: 1624kB writeback_tmp:0kB
unstable:0kB pages_scanned:17440 all_unreclaimable? yes
[ 2397.331208] Node 1 Normal free:12046572kB min:45532kB low:62044kB
high:78556kB active_anon:5160kB inactive_anon:4968kB active_file:260kB
inactive_file:0kB unevictable:4kB writepending:5164kB
present:16777216kB managed:16512808kB mlocked:4kB
slab_reclaimable:37876kB slab_unreclaimable:42904kB
kernel_stack:4264kB pagetables:27612kB bounce:0kB free_pcp:1968kB
local_pcp:0kB free_cma:0kB
[ 2397.331213] lowmem_reserve[]: 0 0 0 0
[ 2397.331216] Node 1 Normal: 1199*4kB (UME) 1442*8kB (UME) 1165*16kB
(UME) 872*32kB (UME) 705*64kB (UME) 548*128kB (UME) 430*256kB (UME)
317*512kB (ME) 220*1024kB (UM) 136*2048kB (ME) 2708*4096kB (M) =
12046300kB
[ 2397.331230] Node 0 hugepages_total=4 hugepages_free=4
hugepages_surp=0 hugepages_size=1048576kB
[ 2397.331231] Node 1 hugepages_total=4 hugepages_free=4
hugepages_surp=0 hugepages_size=1048576kB
[ 2397.331233] 348299 total pagecache pages
[ 2397.331234] 1598 pages in swap cache
[ 2397.331235] Swap cache stats: add 123593, delete 121995, find 436/748
[ 2397.331236] Free swap  = 15892444kB
[ 2397.331236] Total swap = 16383996kB
[ 2397.331237] 8331071 pages RAM
[ 2397.331238] 0 pages HighMem/MovableOnly
[ 2397.331238] 152036 pages reserved
[ 2397.331239] 0 pages hwpoisoned
[ 2397.331240] [ pid ]   uid  tgid total_vm      rss nr_ptes nr_pmds
swapents oom_score_adj name
[ 2397.331247] [ 1320]     0  1320    48262     7703      94       3
    54             0 systemd-journal
[ 2397.331249] [ 1339]     0  1339    29859      366      26       3
    87             0 lvmetad
[ 2397.331252] [ 1366]     0  1366    10952      785      25       3
    86         -1000 systemd-udevd
[ 2397.331255] [ 1546]     0  1546    12258      463      25       3
   109         -1000 auditd
[ 2397.331256] [ 1557]     0  1557     4192      376      14       3
    44             0 alsactl
[ 2397.331258] [ 1558]     0  1558    95630      677      42       4
   498             0 accounts-daemon
[ 2397.331260] [ 1559]   172  1559    41156      423      17       4
    42             0 rtkit-daemon
[ 2397.331262] [ 1560]     0  1560    82920      496      63       3
   304             0 ModemManager
[ 2397.331264] [ 1561]    70  1561     7285      769      20       3
    36             0 avahi-daemon
[ 2397.331265] [ 1562]     0  1562     4322      530      14       3
    29             0 irqbalance
[ 2397.331267] [ 1563]     0  1563     6104      505      18       3
   127             0 smartd
[ 2397.331269] [ 1566]     0  1566     1091      320       7       3
    37             0 rngd
[ 2397.331271] [ 1567]     0  1567   176613     1288      58       4
  1320             0 rsyslogd
[ 2397.331273] [ 1570]    81  1570    12151      887      28       3
   110          -900 dbus-daemon
[ 2397.331275] [ 1571]    70  1571     6990        8      18       3
    48             0 avahi-daemon
[ 2397.331276] [ 1574]   991  1574    28962      527      27       3
    56             0 chronyd
[ 2397.331278] [ 1590]     0  1590     6062      476      16       3
    85             0 systemd-logind
[ 2397.331280] [ 1598]     0  1598   134629      609      77       3
   537             0 NetworkManager
[ 2397.331282] [ 1602]     0  1602     1620      388       9       3
    32             0 mcelog
[ 2397.331283] [ 1604]     0  1604    52255      533      53       3
   392             0 abrtd
[ 2397.331285] [ 1605]     0  1605   148115      788      63       4
   419             0 abrt-dump-journ
[ 2397.331287] [ 1613]     0  1613    51691      859      51       3
     0             0 abrt-watch-log
[ 2397.331289] [ 1622]     0  1622    50497      398      40       3
    72             0 gssproxy
[ 2397.331290] [ 1649]   995  1649   132342     1393      54       4
   868             0 polkitd
[ 2397.331292] [ 1690]     0  1690    20216      521      44       3
   200         -1000 sshd
[ 2397.331294] [ 1708]     0  1708     5945      453      17       3
    47             0 atd
[ 2397.331296] [ 1710]     0  1710    31112      477      18       3
   149             0 crond
[ 2397.331297] [ 1719]  1000  1719     9562      872      24       3
   173             0 systemd
[ 2397.331299] [ 1721]  1000  1721    18884      834      36       3
   275             0 (sd-pam)
[ 2397.331301] [ 1726]     0  1726    72807      611      47       3
   304             0 sddm
[ 2397.331303] [ 1762]  1000  1762   104348    23330     160       3
  1092             0 Xvnc
[ 2397.331305] [ 1765]     0  1765    97080    14901     145       3
  1895             0 Xorg.bin
[ 2397.331306] [ 1803]   989  1803     9562      872      23       3
   172             0 systemd
[ 2397.331308] [ 1804]   989  1804    18884      905      36       3
   204             0 (sd-pam)
[ 2397.331310] [ 1829]   989  1829     4015      251      13       3
     6             0 dbus-launch
[ 2397.331312] [ 1830]   989  1830    11712      268      27       3
    89             0 dbus-daemon
[ 2397.331313] [ 1834]  1000  1834    23696      812      49       4
     0             0 vncconfig
[ 2397.331315] [ 1836]  1000  1836    28369      430      11       3
     1             0 startkde
[ 2397.331317] [ 1845]  1000  1845     4015      216      13       3
    40             0 dbus-launch
[ 2397.331319] [ 1846]  1000  1846    11835      309      26       3
   167             0 dbus-daemon
[ 2397.331320] [ 1874]  1000  1874    13333      143      28       4
     3             0 ssh-agent
[ 2397.331322] [ 1903]  1000  1903    30532      218      15       3
    57             0 gpg-agent
[ 2397.331324] [ 1916]  1000  1916     1039       21       7       3
     0             0 start_kdeinit
[ 2397.331326] [ 1917]  1000  1917   138582     3030     187       4
   802             0 kdeinit4
[ 2397.331328] [ 1918]  1000  1918   139537     2039     174       4
   703             0 klauncher
[ 2397.331330] [ 1920]  1000  1920   736249     4516     356       6
  1991             0 kded4
[ 2397.331332] [ 1922]  1000  1922     2989      391      11       3
    50             0 gam_server
[ 2397.331333] [ 1926]  1000  1926   161611     2254     213       4
  1215             0 kglobalaccel
[ 2397.331335] [ 1958]   994  1958   100413     1256      48       3
   113             0 colord
[ 2397.331337] [ 1961]  1000  1961     1073      144       8       3
    22             0 kwrapper4
[ 2397.331339] [ 1962]  1000  1962   181547     2753     218       4
   687             0 ksmserver
[ 2397.331341] [ 1967]  1000  1967   207481     2152     162       4
   467             0 kactivitymanage
[ 2397.331342] [ 1968]     0  1968   108528      649      61       3
   308             0 upowerd
[ 2397.331344] [ 1989]     0  1989   107952      655      44       3
   194             0 udisksd
[ 2397.331346] [ 2021]  1000  2021   762607     5534     272       5
  1865             0 kwin
[ 2397.331348] [ 2049]  1000  2049   846858    13727     376       6
 11222             0 plasma-desktop
[ 2397.331349] [ 2050]  1000  2050   118825     4097     160       3
   542             0 baloo_file
[ 2397.331351] [ 2065]     0  2065   174636    12089     176       4
   418             0 packagekitd
[ 2397.331353] [ 2071]  1000  2071   109698     1427     147       4
   680             0 kuiserver
[ 2397.331355] [ 2073]  1000  2073    58632      586      49       3
   264             0 mission-control
[ 2397.331356] [ 2074]     0  2074     8083      458      20       3
    89             0 bluetoothd
[ 2397.331358] [ 2075]     0  2075    61086     1009      79       3
     8             0 sddm-helper
[ 2397.331360] [ 2109]  1001  2109     9563      890      24       3
   178             0 systemd
[ 2397.331362] [ 2110]  1001  2110    18884      788      36       3
   326             0 (sd-pam)
[ 2397.331364] [ 2116]  1001  2116    28369      362      12       3
    62             0 startkde
[ 2397.331365] [ 2168]  1001  2168     4015      196      12       3
    66             0 dbus-launch
[ 2397.331367] [ 2169]  1001  2169    11805      473      27       3
    23             0 dbus-daemon
[ 2397.331369] [ 2200]  1001  2200    13333      143      28       3
     4             0 ssh-agent
[ 2397.331371] [ 2252]  1001  2252    30531      180      14       3
    47             0 gpg-agent
[ 2397.331373] [ 2265]  1001  2265   114260     1559     154       4
   747             0 kwalletd
[ 2397.331374] [ 2275]  1001  2275     2989      398      12       3
    48             0 gam_server
[ 2397.331376] [ 2283]  1000  2283   119072      484      93       3
   345             0 pulseaudio
[ 2397.331378] [ 2286]  1001  2286     1039        0       7       3
    21             0 start_kdeinit
[ 2397.331380] [ 2287]  1000  2287   233901     3637     287       4
  3554             0 krunner
[ 2397.331381] [ 2288]  1000  2288    29139      462      28       3
   122             0 xsettings-kde
[ 2397.331383] [ 2291]  1001  2291   138584     2381     186       4
  1460             0 kdeinit4
[ 2397.331385] [ 2303]  1001  2303   139539     1236     173       4
  1290             0 klauncher
[ 2397.331387] [ 2304]  1000  2304   222646     3577     231       4
  1903             0 kmix
[ 2397.331388] [ 2318]  1001  2318   737850     3343     356       6
  2869             0 kded4
[ 2397.331390] [ 2319]  1000  2319   124813     2105     177       4
  3879             0 krfb
[ 2397.331392] [ 2328]  1000  2328   188073     5718     232       4
  1920             0 konsole
[ 2397.331394] [ 2330]  1000  2330   165241     2912     220       4
  1261             0 kwalletd
[ 2397.331395] [ 2335]  1000  2335   133538     1078     164       4
  1244             0 polkit-kde-auth
[ 2397.331397] [ 2336]  1000  2336   163057     2127     217       4
  1427             0 klipper
[ 2397.331399] [ 2344]  1001  2344   161613     2154     212       4
  1338             0 kglobalaccel
[ 2397.331401] [ 2346]     0  2346    27577      416      10       3
     0             0 agetty
[ 2397.331402] [ 2372]  1000  2372    29461      380      13       3
   645             0 bash
[ 2397.331404] [ 2378]  1000  2378    29461      394      14       3
   645             0 bash
[ 2397.331406] [ 2384]  1000  2384    29461      394      15       3
   645             0 bash
[ 2397.331407] [ 2400]  1000  2400   143931     2516     179       3
   583             0 knotify4
[ 2397.331409] [ 2515]  1001  2515   244347     1216     169       4
  1330             0 kactivitymanage
[ 2397.331411] [ 2521]  1001  2521     1073      151       7       3
     0             0 kwrapper4
[ 2397.331413] [ 2522]  1001  2522   181563     1422     218       4
  2058             0 ksmserver
[ 2397.331415] [ 2538]  1001  2538   762667     6417     268       5
   636             0 kwin
[ 2397.331416] [ 2560]     0  2560    27457      785      58       4
     0             0 login
[ 2397.331418] [ 2569]  1001  2569   947139     7500     406       6
 16353             0 plasma-desktop
[ 2397.331420] [ 2570]  1001  2570   137027     3393     160       4
   790             0 baloo_file
[ 2397.331422] [ 2587]  1001  2587   109700     1396     150       3
   680             0 kuiserver
[ 2397.331424] [ 2589]  1001  2589    58631      844      49       4
    22             0 mission-control
[ 2397.331425] [ 2629]  1001  2629     2984      492      12       3
     0             0 ksysguardd
[ 2397.331427] [ 2644]  1001  2644   233841     2701     285       4
  4059             0 krunner
[ 2397.331429] [ 2645]  1001  2645    29139      567      28       3
     0             0 xsettings-kde
[ 2397.331431] [ 2650]  1001  2650   163058     1518     217       4
  2009             0 klipper
[ 2397.331433] [ 2652]  1001  2652   133536     2005     164       3
   317             0 polkit-kde-auth
[ 2397.331435] [ 2653]  1001  2653   222676     3217     230       4
  2288             0 kmix
[ 2397.331437] [ 2656]  1001  2656   119066      641      93       3
   224             0 pulseaudio
[ 2397.331438] [ 2675]  1001  2675   143932     1721     180       3
  1384             0 knotify4
[ 2397.331440] [ 2735]  1001  2735    29484      589      13       3
   448             0 bash
[ 2397.331442] [ 3006]     0  3006    26613      394      47       3
   260          -900 cagibid
[ 2397.331444] [ 3026]  1001  3026   209489     4366     243       4
  2015             0 dolphin
[ 2397.331446] [ 3043]  1001  3043   186923     4803     228       4
  1435             0 konsole
[ 2397.331447] [ 3049]  1001  3049    29490      611      14       3
   472             0 bash
[ 2397.331449] [ 3670]     0  3670    30129      574      60       3
  3094             0 dhclient
[ 2397.331451] [ 3678]     0  3678    30129      396      57       3
  3085             0 dhclient
[ 2397.331453] [ 3713]     0  3713    34031      909      70       3
     3             0 sshd
[ 2397.331455] [ 3836]  1001  3836    34031      625      68       3
    42             0 sshd
[ 2397.331456] [ 3838]  1001  3838    29519     1049      15       3
    56             0 bash
[ 2397.331459] [18056]     0 18056    57238      815      67       3
     0             0 sudo
[ 2397.331461] [18057]     0 18057    28534      385      14       3
   223             0 runltp
[ 2397.331462] [18171]     0 18171     1856      312       9       3
    29             0 ltp-pan
[ 2397.331464] [18172]     0 18172     2160      373      10       3
    33             0 cpuset01
[ 2397.331466] [18174]     0 18174     2160        1      10       3
    32             0 cpuset01
[ 2397.331468] [18175]     0 18175     2170      151      10       3
    27             0 cpuset01
[ 2397.331469] [18176]     0 18176     2170      152      10       3
    26             0 cpuset01
[ 2397.331471] [18177]     0 18177     2170      152      10       3
    26             0 cpuset01
[ 2397.331473] [18178]     0 18178     2170      148      10       3
    30             0 cpuset01
[ 2397.331475] [18179]     0 18179     2170      153      10       3
    25             0 cpuset01
[ 2397.331476] [18180]     0 18180     2170      152      10       3
    26             0 cpuset01
[ 2397.331478] [18181]     0 18181     2170      153      10       3
    25             0 cpuset01
[ 2397.331480] [18182]     0 18182     2170      150      10       3
    28             0 cpuset01
[ 2397.331482] [18183]     0 18183     2170      151      10       3
    27             0 cpuset01
[ 2397.331483] [18184]     0 18184     2170      153      10       3
    25             0 cpuset01
[ 2397.331485] [18185]     0 18185     2170      152      10       3
    26             0 cpuset01
[ 2397.331487] [18186]     0 18186     2170      150      10       3
    25             0 cpuset01
[ 2397.331489] [18187]     0 18187     2170      144      10       3
    30             0 cpuset01
[ 2397.331490] [18188]     0 18188     2170      144      10       3
    32             0 cpuset01
[ 2397.331493] Out of memory: Kill process 2049 (plasma-desktop) score
3 or sacrifice child
[ 2397.331506] Killed process 2049 (plasma-desktop)
total-vm:3387432kB, anon-rss:23608kB, file-rss:22044kB,
shmem-rss:9256kB
[ 2397.340244] oom_reaper: reaped process 2049 (plasma-desktop), now
anon-rss:0kB, file-rss:124kB, shmem-rss:9256kB
[ 2398.146123] cpuset01 invoked oom-killer:
gfp_mask=0x24280ca(GFP_HIGHUSER_MOVABLE|__GFP_ZERO), nodemask=1,
order=0, oom_score_adj=0
[ 2398.146124] cpuset01 cpuset=1 mems_allowed=1
[ 2398.146128] CPU: 7 PID: 18188 Comm: cpuset01 Not tainted 4.9.0 #1
[ 2398.146129] Hardware name: Dell Inc. PowerEdge T630/0W9WXC, BIOS
1.0.4 08/29/2014
[ 2398.146130]  ffffc9000c1afb18 ffffffff813c771e ffffc9000c1afca0
ffff8804691a8000
[ 2398.146133]  ffffc9000c1afb90 ffffffff8123aa94 0000000000000000
0000000000000000
[ 2398.146136]  ffff88086c940000 ffffc9000c1afb60 ffffffff8120f582
ffffc9000c1afb80
[ 2398.146138] Call Trace:
[ 2398.146145]  [<ffffffff813c771e>] dump_stack+0x63/0x85
[ 2398.146149]  [<ffffffff8123aa94>] dump_header+0x7b/0x1f9
[ 2398.146152]  [<ffffffff8120f582>] ? mempolicy_nodemask_intersects+0x52/0x80
[ 2398.146156]  [<ffffffff8134b455>] ? security_capable_noaudit+0x45/0x60
[ 2398.146161]  [<ffffffff811b39c3>] oom_kill_process+0x213/0x3e0
[ 2398.146163]  [<ffffffff811b3eb0>] out_of_memory+0x140/0x4c0
[ 2398.146165]  [<ffffffff811b97df>] __alloc_pages_slowpath+0xa9f/0xac0
[ 2398.146167]  [<ffffffff811b9ac5>] __alloc_pages_nodemask+0x2c5/0x310
[ 2398.146169]  [<ffffffff8120f663>] alloc_pages_vma+0xb3/0x260
[ 2398.146173]  [<ffffffff811e0534>] ? anon_vma_interval_tree_insert+0x84/0x90
[ 2398.146176]  [<ffffffff811ea42c>] handle_mm_fault+0x129c/0x1550
[ 2398.146179]  [<ffffffff813d65bb>] ? call_rwsem_wake+0x1b/0x30
[ 2398.146184]  [<ffffffff8106a362>] __do_page_fault+0x222/0x4b0
[ 2398.146186]  [<ffffffff8106a61f>] do_page_fault+0x2f/0x80
[ 2398.146191]  [<ffffffff817ca588>] page_fault+0x28/0x30
[ 2398.146192] Mem-Info:
[ 2398.146198] active_anon:73711 inactive_anon:7617 isolated_anon:0
 active_file:202873 inactive_file:138195 isolated_file:0
 unevictable:16 dirty:114 writeback:1403 unstable:0
 slab_reclaimable:40274 slab_unreclaimable:21092
 mapped:27003 shmem:6876 pagetables:11012 bounce:0
 free:5525440 free_pcp:461 free_cma:0
[ 2398.146207] Node 0 active_anon:290896kB inactive_anon:25732kB
active_file:810964kB inactive_file:552576kB unevictable:60kB
isolated(anon):0kB isolated(file):0kB mapped:106464kB dirty:456kB
writeback:512kB shmem:0kB shmem_thp: 0kB shmem_pmdmapped: 0kB
anon_thp: 25780kB writeback_tmp:0kB unstable:0kB pages_scanned:0
all_unreclaimable? no
[ 2398.146217] Node 1 active_anon:3948kB inactive_anon:4736kB
active_file:528kB inactive_file:204kB unevictable:4kB
isolated(anon):0kB isolated(file):0kB mapped:1548kB dirty:0kB
writeback:5100kB shmem:0kB shmem_thp: 0kB shmem_pmdmapped: 0kB
anon_thp: 1724kB writeback_tmp:0kB unstable:0kB pages_scanned:16433
all_unreclaimable? yes
[ 2398.146220] Node 1 Normal free:12047352kB min:45532kB low:62044kB
high:78556kB active_anon:3948kB inactive_anon:4736kB active_file:528kB
inactive_file:204kB unevictable:4kB writepending:5100kB
present:16777216kB managed:16512808kB mlocked:4kB
slab_reclaimable:37876kB slab_unreclaimable:42856kB
kernel_stack:4248kB pagetables:26644kB bounce:0kB free_pcp:1900kB
local_pcp:120kB free_cma:0kB
[ 2398.146225] lowmem_reserve[]: 0 0 0 0
[ 2398.146227] Node 1 Normal: 1013*4kB (UME) 1308*8kB (UME) 1034*16kB
(UME) 742*32kB (UME) 581*64kB (UME) 450*128kB (UME) 362*256kB (UME)
275*512kB (ME) 189*1024kB (UM) 117*2048kB (ME) 2742*4096kB (M) =
12047444kB
[ 2398.146241] Node 0 hugepages_total=4 hugepages_free=4
hugepages_surp=0 hugepages_size=1048576kB
[ 2398.146243] Node 1 hugepages_total=4 hugepages_free=4
hugepages_surp=0 hugepages_size=1048576kB
[ 2398.146243] 349544 total pagecache pages
[ 2398.146245] 1416 pages in swap cache
[ 2398.146245] Swap cache stats: add 123673, delete 122257, find 490/844
[ 2398.146246] Free swap  = 15935548kB
[ 2398.146247] Total swap = 16383996kB
[ 2398.146248] 8331071 pages RAM
[ 2398.146249] 0 pages HighMem/MovableOnly
[ 2398.146249] 152036 pages reserved
[ 2398.146250] 0 pages hwpoisoned
[ 2398.146250] [ pid ]   uid  tgid total_vm      rss nr_ptes nr_pmds
swapents oom_score_adj name
[ 2398.146258] [ 1320]     0  1320    48262     8426      94       3
    54             0 systemd-journal
[ 2398.146260] [ 1339]     0  1339    29859      366      26       3
    87             0 lvmetad
[ 2398.146262] [ 1366]     0  1366    10952      785      25       3
    86         -1000 systemd-udevd
[ 2398.146264] [ 1546]     0  1546    12258      463      25       3
   109         -1000 auditd
[ 2398.146266] [ 1557]     0  1557     4192      376      14       3
    44             0 alsactl
[ 2398.146268] [ 1558]     0  1558    95630      677      42       4
   498             0 accounts-daemon
[ 2398.146270] [ 1559]   172  1559    41156      423      17       4
    42             0 rtkit-daemon
[ 2398.146271] [ 1560]     0  1560    82920      496      63       3
   304             0 ModemManager
[ 2398.146273] [ 1561]    70  1561     7285      769      20       3
    36             0 avahi-daemon
[ 2398.146275] [ 1562]     0  1562     4322      530      14       3
    29             0 irqbalance
[ 2398.146277] [ 1563]     0  1563     6104      505      18       3
   127             0 smartd
[ 2398.146278] [ 1566]     0  1566     1091      320       7       3
    37             0 rngd
[ 2398.146280] [ 1567]     0  1567   176613     1288      58       4
  1320             0 rsyslogd
[ 2398.146282] [ 1570]    81  1570    12151      865      28       3
   110          -900 dbus-daemon
[ 2398.146284] [ 1571]    70  1571     6990        8      18       3
    48             0 avahi-daemon
[ 2398.146285] [ 1574]   991  1574    28962      527      27       3
    56             0 chronyd
[ 2398.146287] [ 1590]     0  1590     6062      476      16       3
    85             0 systemd-logind
[ 2398.146289] [ 1598]     0  1598   134629      609      77       3
   537             0 NetworkManager
[ 2398.146291] [ 1602]     0  1602     1620      388       9       3
    32             0 mcelog
[ 2398.146292] [ 1604]     0  1604    52255      533      53       3
   392             0 abrtd
[ 2398.146294] [ 1605]     0  1605   148115      788      63       4
   419             0 abrt-dump-journ
[ 2398.146296] [ 1613]     0  1613    51691      859      51       3
     0             0 abrt-watch-log
[ 2398.146298] [ 1622]     0  1622    50497      398      40       3
    72             0 gssproxy
[ 2398.146299] [ 1649]   995  1649   132342     1393      54       4
   868             0 polkitd
[ 2398.146301] [ 1690]     0  1690    20216      521      44       3
   200         -1000 sshd
[ 2398.146303] [ 1708]     0  1708     5945      453      17       3
    47             0 atd
[ 2398.146304] [ 1710]     0  1710    31112      477      18       3
   149             0 crond
[ 2398.146306] [ 1719]  1000  1719     9562      872      24       3
   173             0 systemd
[ 2398.146308] [ 1721]  1000  1721    18884      834      36       3
   275             0 (sd-pam)
[ 2398.146310] [ 1726]     0  1726    72807      611      47       3
   304             0 sddm
[ 2398.146312] [ 1762]  1000  1762   104309    23795     160       3
  1092             0 Xvnc
[ 2398.146314] [ 1765]     0  1765    97080    14901     145       3
  1895             0 Xorg.bin
[ 2398.146315] [ 1803]   989  1803     9562      872      23       3
   172             0 systemd
[ 2398.146317] [ 1804]   989  1804    18884      905      36       3
   204             0 (sd-pam)
[ 2398.146319] [ 1829]   989  1829     4015      251      13       3
     6             0 dbus-launch
[ 2398.146321] [ 1830]   989  1830    11712      268      27       3
    89             0 dbus-daemon
[ 2398.146322] [ 1834]  1000  1834    23696      812      49       4
     0             0 vncconfig
[ 2398.146324] [ 1836]  1000  1836    28369      430      11       3
     1             0 startkde
[ 2398.146326] [ 1845]  1000  1845     4015      216      13       3
    40             0 dbus-launch
[ 2398.146328] [ 1846]  1000  1846    11835      309      26       3
   167             0 dbus-daemon
[ 2398.146330] [ 1874]  1000  1874    13333      143      28       4
     3             0 ssh-agent
[ 2398.146331] [ 1903]  1000  1903    30532      218      15       3
    57             0 gpg-agent
[ 2398.146333] [ 1916]  1000  1916     1039       21       7       3
     0             0 start_kdeinit
[ 2398.146335] [ 1917]  1000  1917   138582     3030     187       4
   802             0 kdeinit4
[ 2398.146337] [ 1918]  1000  1918   139537     2039     174       4
   703             0 klauncher
[ 2398.146338] [ 1920]  1000  1920   736249     4516     356       6
  1991             0 kded4
[ 2398.146340] [ 1922]  1000  1922     2989      391      11       3
    50             0 gam_server
[ 2398.146342] [ 1926]  1000  1926   161611     2254     213       4
  1215             0 kglobalaccel
[ 2398.146344] [ 1958]   994  1958   100413     1256      48       3
   113             0 colord
[ 2398.146345] [ 1961]  1000  1961     1073      144       8       3
    22             0 kwrapper4
[ 2398.146348] [ 1962]  1000  1962   181547     2753     218       4
   687             0 ksmserver
[ 2398.146349] [ 1967]  1000  1967   207481     2152     162       4
   467             0 kactivitymanage
[ 2398.146351] [ 1968]     0  1968   108528      649      61       3
   308             0 upowerd
[ 2398.146353] [ 1989]     0  1989   107952      655      44       3
   194             0 udisksd
[ 2398.146354] [ 2021]  1000  2021   762607     5534     272       5
  1865             0 kwin
[ 2398.146356] [ 2050]  1000  2050   118825     4097     160       3
   542             0 baloo_file
[ 2398.146358] [ 2065]     0  2065   174636    12089     176       4
   418             0 packagekitd
[ 2398.146360] [ 2071]  1000  2071   109698     1427     147       4
   680             0 kuiserver
[ 2398.146362] [ 2073]  1000  2073    58632      586      49       3
   264             0 mission-control
[ 2398.146363] [ 2074]     0  2074     8083      458      20       3
    89             0 bluetoothd
[ 2398.146365] [ 2075]     0  2075    61086     1009      79       3
     8             0 sddm-helper
[ 2398.146367] [ 2109]  1001  2109     9563      890      24       3
   178             0 systemd
[ 2398.146368] [ 2110]  1001  2110    18884      788      36       3
   326             0 (sd-pam)
[ 2398.146370] [ 2116]  1001  2116    28369      362      12       3
    62             0 startkde
[ 2398.146372] [ 2168]  1001  2168     4015      196      12       3
    66             0 dbus-launch
[ 2398.146373] [ 2169]  1001  2169    11805      473      27       3
    23             0 dbus-daemon
[ 2398.146375] [ 2200]  1001  2200    13333      143      28       3
     4             0 ssh-agent
[ 2398.146377] [ 2252]  1001  2252    30531      180      14       3
    47             0 gpg-agent
[ 2398.146379] [ 2265]  1001  2265   114260     1559     154       4
   747             0 kwalletd
[ 2398.146380] [ 2275]  1001  2275     2989      398      12       3
    48             0 gam_server
[ 2398.146382] [ 2283]  1000  2283   119072      484      93       3
   345             0 pulseaudio
[ 2398.146384] [ 2286]  1001  2286     1039        0       7       3
    21             0 start_kdeinit
[ 2398.146386] [ 2287]  1000  2287   233901     3637     287       4
  3554             0 krunner
[ 2398.146387] [ 2288]  1000  2288    29139      462      28       3
   122             0 xsettings-kde
[ 2398.146389] [ 2291]  1001  2291   138584     2381     186       4
  1460             0 kdeinit4
[ 2398.146391] [ 2303]  1001  2303   139539     1236     173       4
  1290             0 klauncher
[ 2398.146393] [ 2304]  1000  2304   222646     3577     231       4
  1903             0 kmix
[ 2398.146395] [ 2318]  1001  2318   737850     3343     356       6
  2869             0 kded4
[ 2398.146396] [ 2319]  1000  2319   124813     2105     177       4
  3879             0 krfb
[ 2398.146398] [ 2328]  1000  2328   188073     5718     232       4
  1920             0 konsole
[ 2398.146400] [ 2330]  1000  2330   165241     3028     220       4
  1261             0 kwalletd
[ 2398.146402] [ 2335]  1000  2335   133538     1078     164       4
  1244             0 polkit-kde-auth
[ 2398.146403] [ 2336]  1000  2336   163057     2127     217       4
  1427             0 klipper
[ 2398.146405] [ 2344]  1001  2344   161613     2154     212       4
  1338             0 kglobalaccel
[ 2398.146407] [ 2346]     0  2346    27577      416      10       3
     0             0 agetty
[ 2398.146408] [ 2372]  1000  2372    29461      380      13       3
   645             0 bash
[ 2398.146410] [ 2378]  1000  2378    29461      394      14       3
   645             0 bash
[ 2398.146412] [ 2384]  1000  2384    29461      394      15       3
   645             0 bash
[ 2398.146414] [ 2400]  1000  2400   143931     2516     179       3
   583             0 knotify4
[ 2398.146415] [ 2515]  1001  2515   244347     1216     169       4
  1330             0 kactivitymanage
[ 2398.146417] [ 2521]  1001  2521     1073      151       7       3
     0             0 kwrapper4
[ 2398.146419] [ 2522]  1001  2522   181563     1422     218       4
  2058             0 ksmserver
[ 2398.146420] [ 2538]  1001  2538   762667     6417     268       5
   636             0 kwin
[ 2398.146422] [ 2560]     0  2560    27457      785      58       4
     0             0 login
[ 2398.146424] [ 2569]  1001  2569   947139     7500     406       6
 16353             0 plasma-desktop
[ 2398.146426] [ 2570]  1001  2570   137027     3393     160       4
   790             0 baloo_file
[ 2398.146428] [ 2587]  1001  2587   109700     1396     150       3
   680             0 kuiserver
[ 2398.146429] [ 2589]  1001  2589    58631      844      49       4
    22             0 mission-control
[ 2398.146431] [ 2629]  1001  2629     2984      492      12       3
     0             0 ksysguardd
[ 2398.146433] [ 2644]  1001  2644   233841     2701     285       4
  4059             0 krunner
[ 2398.146435] [ 2645]  1001  2645    29139      567      28       3
     0             0 xsettings-kde
[ 2398.146436] [ 2650]  1001  2650   163058     1518     217       4
  2009             0 klipper
[ 2398.146438] [ 2652]  1001  2652   133536     2005     164       3
   317             0 polkit-kde-auth
[ 2398.146440] [ 2653]  1001  2653   222676     3217     230       4
  2288             0 kmix
[ 2398.146442] [ 2656]  1001  2656   119066      641      93       3
   224             0 pulseaudio
[ 2398.146443] [ 2675]  1001  2675   143932     1721     180       3
  1384             0 knotify4
[ 2398.146445] [ 2735]  1001  2735    29484      589      13       3
   448             0 bash
[ 2398.146447] [ 3006]     0  3006    26613      394      47       3
   260          -900 cagibid
[ 2398.146449] [ 3026]  1001  3026   209489     4366     243       4
  2015             0 dolphin
[ 2398.146451] [ 3043]  1001  3043   186923     4954     228       4
  1432             0 konsole
[ 2398.146453] [ 3049]  1001  3049    29490      611      14       3
   472             0 bash
[ 2398.146454] [ 3670]     0  3670    30129      574      60       3
  3094             0 dhclient
[ 2398.146456] [ 3678]     0  3678    30129      396      57       3
  3085             0 dhclient
[ 2398.146458] [ 3713]     0  3713    34031      909      70       3
     3             0 sshd
[ 2398.146459] [ 3836]  1001  3836    34031      625      68       3
    42             0 sshd
[ 2398.146461] [ 3838]  1001  3838    29519     1049      15       3
    56             0 bash
[ 2398.146463] [18056]     0 18056    57238      815      67       3
     0             0 sudo
[ 2398.146465] [18057]     0 18057    28534      385      14       3
   223             0 runltp
[ 2398.146467] [18171]     0 18171     1856      312       9       3
    29             0 ltp-pan
[ 2398.146468] [18172]     0 18172     2160      373      10       3
    33             0 cpuset01
[ 2398.146470] [18174]     0 18174     2160        1      10       3
    32             0 cpuset01
[ 2398.146472] [18175]     0 18175     2170      151      10       3
    27             0 cpuset01
[ 2398.146474] [18176]     0 18176     2170      152      10       3
    26             0 cpuset01
[ 2398.146476] [18177]     0 18177     2170      152      10       3
    26             0 cpuset01
[ 2398.146478] [18178]     0 18178     2170      148      10       3
    30             0 cpuset01
[ 2398.146479] [18179]     0 18179     2170      153      10       3
    25             0 cpuset01
[ 2398.146481] [18180]     0 18180     2170      152      10       3
    26             0 cpuset01
[ 2398.146483] [18181]     0 18181     2170      153      10       3
    25             0 cpuset01
[ 2398.146484] [18182]     0 18182     2170      150      10       3
    28             0 cpuset01
[ 2398.146486] [18183]     0 18183     2170      151      10       3
    27             0 cpuset01
[ 2398.146488] [18184]     0 18184     2170      153      10       3
    25             0 cpuset01
[ 2398.146490] [18185]     0 18185     2170      152      10       3
    26             0 cpuset01
[ 2398.146492] [18186]     0 18186     2160      150      10       3
    25             0 cpuset01
[ 2398.146493] [18187]     0 18187     2170      144      10       3
    30             0 cpuset01
[ 2398.146495] [18188]     0 18188     2170      144      10       3
    32             0 cpuset01
[ 2398.146498] Out of memory: Kill process 1762 (Xvnc) score 3 or
sacrifice child
[ 2398.146537] Killed process 1762 (Xvnc) total-vm:417236kB,
anon-rss:68216kB, file-rss:8736kB, shmem-rss:18228kB
[ 2398.166242] oom_reaper: reaped process 1762 (Xvnc), now
anon-rss:0kB, file-rss:0kB, shmem-rss:18228kB
[ 2398.169306] cpuset01 invoked oom-killer:
gfp_mask=0x24280ca(GFP_HIGHUSER_MOVABLE|__GFP_ZERO), nodemask=1,
order=0, oom_score_adj=0
[ 2398.169307] cpuset01 cpuset=1 mems_allowed=1
[ 2398.169310] CPU: 7 PID: 18188 Comm: cpuset01 Not tainted 4.9.0 #1
[ 2398.169311] Hardware name: Dell Inc. PowerEdge T630/0W9WXC, BIOS
1.0.4 08/29/2014
[ 2398.169312]  ffffc9000c1afb18 ffffffff813c771e ffffc9000c1afca0
ffff88073f0b2940
[ 2398.169314]  ffffc9000c1afb90 ffffffff8123aa94 0000000000000000
0000000000000000
[ 2398.169317]  ffff88086c940000 ffffc9000c1afb60 ffffffff8120f582
ffffc9000c1afb80
[ 2398.169319] Call Trace:
[ 2398.169323]  [<ffffffff813c771e>] dump_stack+0x63/0x85
[ 2398.169325]  [<ffffffff8123aa94>] dump_header+0x7b/0x1f9
[ 2398.169327]  [<ffffffff8120f582>] ? mempolicy_nodemask_intersects+0x52/0x80
[ 2398.169329]  [<ffffffff8134b455>] ? security_capable_noaudit+0x45/0x60
[ 2398.169332]  [<ffffffff811b39c3>] oom_kill_process+0x213/0x3e0
[ 2398.169334]  [<ffffffff811b3eb0>] out_of_memory+0x140/0x4c0
[ 2398.169336]  [<ffffffff811b97df>] __alloc_pages_slowpath+0xa9f/0xac0
[ 2398.169338]  [<ffffffff811b9ac5>] __alloc_pages_nodemask+0x2c5/0x310
[ 2398.169340]  [<ffffffff8120f663>] alloc_pages_vma+0xb3/0x260
[ 2398.169342]  [<ffffffff811e0534>] ? anon_vma_interval_tree_insert+0x84/0x90
[ 2398.169345]  [<ffffffff811ea42c>] handle_mm_fault+0x129c/0x1550
[ 2398.169347]  [<ffffffff813d65bb>] ? call_rwsem_wake+0x1b/0x30
[ 2398.169350]  [<ffffffff8106a362>] __do_page_fault+0x222/0x4b0
[ 2398.169352]  [<ffffffff8106a61f>] do_page_fault+0x2f/0x80
[ 2398.169355]  [<ffffffff817ca588>] page_fault+0x28/0x30
[ 2398.169356] Mem-Info:
[ 2398.169362] active_anon:56701 inactive_anon:7617 isolated_anon:0
 active_file:202873 inactive_file:138195 isolated_file:0
 unevictable:16 dirty:114 writeback:1403 unstable:0
 slab_reclaimable:40274 slab_unreclaimable:21092
 mapped:26436 shmem:6876 pagetables:11012 bounce:0
 free:5542199 free_pcp:510 free_cma:0
[ 2398.169372] Node 0 active_anon:222856kB inactive_anon:25732kB
active_file:810964kB inactive_file:552576kB unevictable:60kB
isolated(anon):0kB isolated(file):0kB mapped:104196kB dirty:456kB
writeback:512kB shmem:0kB shmem_thp: 0kB shmem_pmdmapped: 0kB
anon_thp: 25780kB writeback_tmp:0kB unstable:0kB pages_scanned:0
all_unreclaimable? no
[ 2398.169382] Node 1 active_anon:3948kB inactive_anon:4736kB
active_file:528kB inactive_file:204kB unevictable:4kB
isolated(anon):0kB isolated(file):0kB mapped:1548kB dirty:0kB
writeback:5100kB shmem:0kB shmem_thp: 0kB shmem_pmdmapped: 0kB
anon_thp: 1724kB writeback_tmp:0kB unstable:0kB pages_scanned:16433
all_unreclaimable? yes
[ 2398.169384] Node 1 Normal free:12046996kB min:45532kB low:62044kB
high:78556kB active_anon:3948kB inactive_anon:4736kB active_file:528kB
inactive_file:204kB unevictable:4kB writepending:5100kB
present:16777216kB managed:16512808kB mlocked:4kB
slab_reclaimable:37876kB slab_unreclaimable:42856kB
kernel_stack:4248kB pagetables:26644kB bounce:0kB free_pcp:2052kB
local_pcp:296kB free_cma:0kB
[ 2398.169388] lowmem_reserve[]: 0 0 0 0
[ 2398.169391] Node 1 Normal: 951*4kB (UME) 1308*8kB (UME) 1034*16kB
(UME) 742*32kB (UME) 581*64kB (UME) 450*128kB (UME) 362*256kB (UME)
275*512kB (ME) 189*1024kB (UM) 117*2048kB (ME) 2742*4096kB (M) =
12047196kB
[ 2398.169405] Node 0 hugepages_total=4 hugepages_free=4
hugepages_surp=0 hugepages_size=1048576kB
[ 2398.169406] Node 1 hugepages_total=4 hugepages_free=4
hugepages_surp=0 hugepages_size=1048576kB
[ 2398.169407] 349544 total pagecache pages
[ 2398.169407] 1429 pages in swap cache
[ 2398.169408] Swap cache stats: add 123689, delete 122260, find 494/863
[ 2398.169409] Free swap  = 15939856kB
[ 2398.169410] Total swap = 16383996kB
[ 2398.169411] 8331071 pages RAM
[ 2398.169411] 0 pages HighMem/MovableOnly
[ 2398.169412] 152036 pages reserved
[ 2398.169412] 0 pages hwpoisoned
[ 2398.169413] [ pid ]   uid  tgid total_vm      rss nr_ptes nr_pmds
swapents oom_score_adj name
[ 2398.169421] [ 1320]     0  1320    48262     8426      94       3
    54             0 systemd-journal
[ 2398.169423] [ 1339]     0  1339    29859      366      26       3
    87             0 lvmetad
[ 2398.169425] [ 1366]     0  1366    10952      785      25       3
    86         -1000 systemd-udevd
[ 2398.169427] [ 1546]     0  1546    12258      463      25       3
   109         -1000 auditd
[ 2398.169429] [ 1557]     0  1557     4192      376      14       3
    44             0 alsactl
[ 2398.169431] [ 1558]     0  1558    95630      677      42       4
   498             0 accounts-daemon
[ 2398.169432] [ 1559]   172  1559    41156      423      17       4
    42             0 rtkit-daemon
[ 2398.169434] [ 1560]     0  1560    82920      496      63       3
   304             0 ModemManager
[ 2398.169436] [ 1561]    70  1561     7285      769      20       3
    36             0 avahi-daemon
[ 2398.169437] [ 1562]     0  1562     4322      530      14       3
    29             0 irqbalance
[ 2398.169439] [ 1563]     0  1563     6104      505      18       3
   127             0 smartd
[ 2398.169441] [ 1566]     0  1566     1091      320       7       3
    37             0 rngd
[ 2398.169442] [ 1567]     0  1567   176613     1342      58       4
  1280             0 rsyslogd
[ 2398.169444] [ 1570]    81  1570    12151      865      28       3
   110          -900 dbus-daemon
[ 2398.169446] [ 1571]    70  1571     6990        8      18       3
    48             0 avahi-daemon
[ 2398.169448] [ 1574]   991  1574    28962      527      27       3
    56             0 chronyd
[ 2398.169450] [ 1590]     0  1590     6062      476      16       3
    85             0 systemd-logind
[ 2398.169452] [ 1598]     0  1598   134629      609      77       3
   537             0 NetworkManager
[ 2398.169453] [ 1602]     0  1602     1620      388       9       3
    32             0 mcelog
[ 2398.169455] [ 1604]     0  1604    52255      533      53       3
   392             0 abrtd
[ 2398.169457] [ 1605]     0  1605   148115      788      63       4
   419             0 abrt-dump-journ
[ 2398.169458] [ 1613]     0  1613    51691      859      51       3
     0             0 abrt-watch-log
[ 2398.169460] [ 1622]     0  1622    50497      398      40       3
    72             0 gssproxy
[ 2398.169462] [ 1649]   995  1649   132342     1393      54       4
   868             0 polkitd
[ 2398.169464] [ 1690]     0  1690    20216      521      44       3
   200         -1000 sshd
[ 2398.169465] [ 1708]     0  1708     5945      453      17       3
    47             0 atd
[ 2398.169467] [ 1710]     0  1710    31112      477      18       3
   149             0 crond
[ 2398.169469] [ 1719]  1000  1719     9562      872      24       3
   173             0 systemd
[ 2398.169470] [ 1721]  1000  1721    18884      834      36       3
   275             0 (sd-pam)
[ 2398.169472] [ 1726]     0  1726    72807      611      47       3
   304             0 sddm
[ 2398.169474] [ 1766]  1000  1762   104309     4557     160       3
     0             0 Xvnc
[ 2398.169476] [ 1765]     0  1765    97080    14901     145       3
  1895             0 Xorg.bin
[ 2398.169478] [ 1803]   989  1803     9562      872      23       3
   172             0 systemd
[ 2398.169479] [ 1804]   989  1804    18884      905      36       3
   204             0 (sd-pam)
[ 2398.169481] [ 1829]   989  1829     4015      251      13       3
     6             0 dbus-launch
[ 2398.169483] [ 1830]   989  1830    11712      268      27       3
    89             0 dbus-daemon
[ 2398.169484] [ 1834]  1000  1834    23696      812      49       4
     0             0 vncconfig
[ 2398.169486] [ 1836]  1000  1836    28369      430      11       3
     1             0 startkde
[ 2398.169488] [ 1845]  1000  1845     4015      216      13       3
    40             0 dbus-launch
[ 2398.169490] [ 1846]  1000  1846    11835      309      26       3
   167             0 dbus-daemon
[ 2398.169491] [ 1874]  1000  1874    13333      143      28       4
     3             0 ssh-agent
[ 2398.169493] [ 1903]  1000  1903    30532      218      15       3
    57             0 gpg-agent
[ 2398.169495] [ 1916]  1000  1916     1039       21       7       3
     0             0 start_kdeinit
[ 2398.169497] [ 1917]  1000  1917   138582     3030     187       4
   802             0 kdeinit4
[ 2398.169498] [ 1918]  1000  1918   139537     2039     174       4
   703             0 klauncher
[ 2398.169500] [ 1920]  1000  1920   736249     4516     356       6
  1991             0 kded4
[ 2398.169502] [ 1922]  1000  1922     2989      391      11       3
    50             0 gam_server
[ 2398.169503] [ 1926]  1000  1926   161611     2254     213       4
  1215             0 kglobalaccel
[ 2398.169505] [ 1958]   994  1958   100413     1256      48       3
   113             0 colord
[ 2398.169507] [ 1961]  1000  1961     1073      144       8       3
    22             0 kwrapper4
[ 2398.169509] [ 1962]  1000  1962   181547     2753     218       4
   687             0 ksmserver
[ 2398.169510] [ 1967]  1000  1967   207481     2152     162       4
   467             0 kactivitymanage
[ 2398.169512] [ 1968]     0  1968   108528      649      61       3
   308             0 upowerd
[ 2398.169514] [ 1989]     0  1989   107952      655      44       3
   194             0 udisksd
[ 2398.169516] [ 2021]  1000  2021   762607     5534     272       5
  1865             0 kwin
[ 2398.169517] [ 2050]  1000  2050   118825     4097     160       3
   542             0 baloo_file
[ 2398.169519] [ 2065]     0  2065   174636    12089     176       4
   418             0 packagekitd
[ 2398.169521] [ 2071]  1000  2071   109698     1427     147       4
   680             0 kuiserver
[ 2398.169523] [ 2073]  1000  2073    58632      586      49       3
   264             0 mission-control
[ 2398.169524] [ 2074]     0  2074     8083      458      20       3
    89             0 bluetoothd
[ 2398.169526] [ 2075]     0  2075    61086     1009      79       3
     8             0 sddm-helper
[ 2398.169528] [ 2109]  1001  2109     9563      890      24       3
   178             0 systemd
[ 2398.169529] [ 2110]  1001  2110    18884      788      36       3
   326             0 (sd-pam)
[ 2398.169531] [ 2116]  1001  2116    28369      362      12       3
    62             0 startkde
[ 2398.169533] [ 2168]  1001  2168     4015      196      12       3
    66             0 dbus-launch
[ 2398.169535] [ 2169]  1001  2169    11805      473      27       3
    23             0 dbus-daemon
[ 2398.169537] [ 2200]  1001  2200    13333      143      28       3
     4             0 ssh-agent
[ 2398.169538] [ 2252]  1001  2252    30531      180      14       3
    47             0 gpg-agent
[ 2398.169540] [ 2265]  1001  2265   114260     1559     154       4
   747             0 kwalletd
[ 2398.169541] [ 2275]  1001  2275     2989      398      12       3
    48             0 gam_server
[ 2398.169543] [ 2283]  1000  2283   119072      484      93       3
   345             0 pulseaudio
[ 2398.169545] [ 2286]  1001  2286     1039        0       7       3
    21             0 start_kdeinit
[ 2398.169546] [ 2287]  1000  2287   233901     3637     287       4
  3554             0 krunner
[ 2398.169548] [ 2288]  1000  2288    29139      462      28       3
   122             0 xsettings-kde
[ 2398.169550] [ 2291]  1001  2291   138584     2381     186       4
  1460             0 kdeinit4
[ 2398.169552] [ 2303]  1001  2303   139539     1236     173       4
  1290             0 klauncher
[ 2398.169553] [ 2304]  1000  2304   222646     3577     231       4
  1903             0 kmix
[ 2398.169555] [ 2318]  1001  2318   737850     3343     356       6
  2869             0 kded4
[ 2398.169557] [ 2319]  1000  2319   124813     2105     177       4
  3879             0 krfb
[ 2398.169559] [ 2328]  1000  2328   188073     5718     232       4
  1920             0 konsole
[ 2398.169560] [ 2330]  1000  2330   165241     3028     220       4
  1261             0 kwalletd
[ 2398.169562] [ 2335]  1000  2335   133538     1078     164       4
  1244             0 polkit-kde-auth
[ 2398.169564] [ 2336]  1000  2336   163057     2127     217       4
  1427             0 klipper
[ 2398.169566] [ 2344]  1001  2344   161613     2154     212       4
  1338             0 kglobalaccel
[ 2398.169567] [ 2346]     0  2346    27577      416      10       3
     0             0 agetty
[ 2398.169569] [ 2372]  1000  2372    29461      380      13       3
   645             0 bash
[ 2398.169571] [ 2378]  1000  2378    29461      394      14       3
   645             0 bash
[ 2398.169572] [ 2384]  1000  2384    29461      394      15       3
   645             0 bash
[ 2398.169574] [ 2400]  1000  2400   143931     2516     179       3
   583             0 knotify4
[ 2398.169576] [ 2515]  1001  2515   244347     1216     169       4
  1330             0 kactivitymanage
[ 2398.169577] [ 2521]  1001  2521     1073      151       7       3
     0             0 kwrapper4
[ 2398.169579] [ 2522]  1001  2522   181563     1422     218       4
  2058             0 ksmserver
[ 2398.169581] [ 2538]  1001  2538   762667     6417     268       5
   636             0 kwin
[ 2398.169583] [ 2560]     0  2560    27457      785      58       4
     0             0 login
[ 2398.169584] [ 2569]  1001  2569   947139     7500     406       6
 16353             0 plasma-desktop
[ 2398.169586] [ 2570]  1001  2570   137027     3393     160       4
   790             0 baloo_file
[ 2398.169587] [ 2587]  1001  2587   109700     1396     150       3
   680             0 kuiserver
[ 2398.169589] [ 2589]  1001  2589    58631      844      49       4
    22             0 mission-control
[ 2398.169591] [ 2629]  1001  2629     2984      492      12       3
     0             0 ksysguardd
[ 2398.169593] [ 2644]  1001  2644   233841     2701     285       4
  4059             0 krunner
[ 2398.169595] [ 2645]  1001  2645    29139      567      28       3
     0             0 xsettings-kde
[ 2398.169596] [ 2650]  1001  2650   163058     1518     217       4
  2009             0 klipper
[ 2398.169598] [ 2652]  1001  2652   133536     2005     164       3
   317             0 polkit-kde-auth
[ 2398.169600] [ 2653]  1001  2653   222676     3217     230       4
  2288             0 kmix
[ 2398.169602] [ 2656]  1001  2656   119066      641      93       3
   224             0 pulseaudio
[ 2398.169603] [ 2675]  1001  2675   143932     1721     180       3
  1384             0 knotify4
[ 2398.169605] [ 2735]  1001  2735    29484      589      13       3
   448             0 bash
[ 2398.169607] [ 3006]     0  3006    26613      394      47       3
   260          -900 cagibid
[ 2398.169608] [ 3026]  1001  3026   209489     4366     243       4
  2015             0 dolphin
[ 2398.169610] [ 3043]  1001  3043   186923     4954     228       4
  1432             0 konsole
[ 2398.169612] [ 3049]  1001  3049    29490      611      14       3
   472             0 bash
[ 2398.169614] [ 3670]     0  3670    30129      574      60       3
  3094             0 dhclient
[ 2398.169615] [ 3678]     0  3678    30129      396      57       3
  3085             0 dhclient
[ 2398.169617] [ 3713]     0  3713    34031      909      70       3
     3             0 sshd
[ 2398.169619] [ 3836]  1001  3836    34031      625      68       3
    42             0 sshd
[ 2398.169621] [ 3838]  1001  3838    29519     1049      15       3
    56             0 bash
[ 2398.169623] [18056]     0 18056    57238      815      67       3
     0             0 sudo
[ 2398.169625] [18057]     0 18057    28534      385      14       3
   223             0 runltp
[ 2398.169627] [18171]     0 18171     1856      312       9       3
    29             0 ltp-pan
[ 2398.169628] [18172]     0 18172     2160      373      10       3
    33             0 cpuset01
[ 2398.169630] [18174]     0 18174     2160        1      10       3
    32             0 cpuset01
[ 2398.169632] [18175]     0 18175     2170      151      10       3
    27             0 cpuset01
[ 2398.169634] [18176]     0 18176     2170      152      10       3
    26             0 cpuset01
[ 2398.169636] [18177]     0 18177     2170      152      10       3
    26             0 cpuset01
[ 2398.169637] [18178]     0 18178     2170      148      10       3
    30             0 cpuset01
[ 2398.169639] [18179]     0 18179     2170      153      10       3
    25             0 cpuset01
[ 2398.169641] [18180]     0 18180     2170      152      10       3
    26             0 cpuset01
[ 2398.169642] [18181]     0 18181     2170      153      10       3
    25             0 cpuset01
[ 2398.169644] [18182]     0 18182     2170      150      10       3
    28             0 cpuset01
[ 2398.169646] [18183]     0 18183     2170      151      10       3
    27             0 cpuset01
[ 2398.169648] [18184]     0 18184     2170      153      10       3
    25             0 cpuset01
[ 2398.169649] [18185]     0 18185     2170      152      10       3
    26             0 cpuset01
[ 2398.169651] [18186]     0 18186     2170      150      10       3
    25             0 cpuset01
[ 2398.169653] [18187]     0 18187     2170      144      10       3
    30             0 cpuset01
[ 2398.169654] [18188]     0 18188     2170      144      10       3
    32             0 cpuset01
[ 2398.169657] Out of memory: Kill process 2569 (plasma-desktop) score
2 or sacrifice child
[ 2398.169664] Killed process 2629 (ksysguardd) total-vm:11936kB,
anon-rss:424kB, file-rss:1544kB, shmem-rss:0kB
[ 2398.173987] cpuset01 invoked oom-killer:
gfp_mask=0x24280ca(GFP_HIGHUSER_MOVABLE|__GFP_ZERO), nodemask=1,
order=0, oom_score_adj=0
[ 2398.173988] cpuset01 cpuset=1 mems_allowed=1
[ 2398.173991] CPU: 7 PID: 18188 Comm: cpuset01 Not tainted 4.9.0 #1
[ 2398.173992] Hardware name: Dell Inc. PowerEdge T630/0W9WXC, BIOS
1.0.4 08/29/2014
[ 2398.173993]  ffffc9000c1afb18 ffffffff813c771e ffffc9000c1afca0
ffff88073f0b2940
[ 2398.173996]  ffffc9000c1afb90 ffffffff8123aa94 0000000000000000
0000000000000000
[ 2398.173998]  ffffc9000c1afbe0 ffffc9000c1afb60 ffffffff8120f582
ffffc9000c1afb80
[ 2398.174001] Call Trace:
[ 2398.174004]  [<ffffffff813c771e>] dump_stack+0x63/0x85
[ 2398.174007]  [<ffffffff8123aa94>] dump_header+0x7b/0x1f9
[ 2398.174008]  [<ffffffff8120f582>] ? mempolicy_nodemask_intersects+0x52/0x80
[ 2398.174011]  [<ffffffff8134b455>] ? security_capable_noaudit+0x45/0x60
[ 2398.174014]  [<ffffffff811b39c3>] oom_kill_process+0x213/0x3e0
[ 2398.174015]  [<ffffffff811b3eb0>] out_of_memory+0x140/0x4c0
[ 2398.174017]  [<ffffffff811b97df>] __alloc_pages_slowpath+0xa9f/0xac0
[ 2398.174020]  [<ffffffff811b9ac5>] __alloc_pages_nodemask+0x2c5/0x310
[ 2398.174022]  [<ffffffff8120f663>] alloc_pages_vma+0xb3/0x260
[ 2398.174024]  [<ffffffff811e0534>] ? anon_vma_interval_tree_insert+0x84/0x90
[ 2398.174027]  [<ffffffff811ea42c>] handle_mm_fault+0x129c/0x1550
[ 2398.174029]  [<ffffffff813d65bb>] ? call_rwsem_wake+0x1b/0x30
[ 2398.174032]  [<ffffffff8106a362>] __do_page_fault+0x222/0x4b0
[ 2398.174034]  [<ffffffff8106a61f>] do_page_fault+0x2f/0x80
[ 2398.174037]  [<ffffffff817ca588>] page_fault+0x28/0x30
[ 2398.174038] Mem-Info:
[ 2398.174043] active_anon:56620 inactive_anon:7617 isolated_anon:0
 active_file:202873 inactive_file:138195 isolated_file:0
 unevictable:16 dirty:114 writeback:1403 unstable:0
 slab_reclaimable:40274 slab_unreclaimable:21092
 mapped:26436 shmem:6876 pagetables:11012 bounce:0
 free:5542280 free_pcp:486 free_cma:0
[ 2398.174053] Node 0 active_anon:222532kB inactive_anon:25732kB
active_file:810964kB inactive_file:552576kB unevictable:60kB
isolated(anon):0kB isolated(file):0kB mapped:104196kB dirty:456kB
writeback:512kB shmem:0kB shmem_thp: 0kB shmem_pmdmapped: 0kB
anon_thp: 25780kB writeback_tmp:0kB unstable:0kB pages_scanned:0
all_unreclaimable? no
[ 2398.174062] Node 1 active_anon:3948kB inactive_anon:4736kB
active_file:528kB inactive_file:204kB unevictable:4kB
isolated(anon):0kB isolated(file):0kB mapped:1548kB dirty:0kB
writeback:5100kB shmem:0kB shmem_thp: 0kB shmem_pmdmapped: 0kB
anon_thp: 1724kB writeback_tmp:0kB unstable:0kB pages_scanned:16433
all_unreclaimable? yes
[ 2398.174065] Node 1 Normal free:12046996kB min:45532kB low:62044kB
high:78556kB active_anon:3948kB inactive_anon:4736kB active_file:528kB
inactive_file:204kB unevictable:4kB writepending:5100kB
present:16777216kB managed:16512808kB mlocked:4kB
slab_reclaimable:37876kB slab_unreclaimable:42856kB
kernel_stack:4248kB pagetables:26644kB bounce:0kB free_pcp:1940kB
local_pcp:164kB free_cma:0kB
[ 2398.174069] lowmem_reserve[]: 0 0 0 0
[ 2398.174071] Node 1 Normal: 951*4kB (UME) 1308*8kB (UME) 1034*16kB
(UME) 742*32kB (UME) 581*64kB (UME) 450*128kB (UME) 362*256kB (UME)
275*512kB (ME) 189*1024kB (UM) 117*2048kB (ME) 2742*4096kB (M) =
12047196kB
[ 2398.174085] Node 0 hugepages_total=4 hugepages_free=4
hugepages_surp=0 hugepages_size=1048576kB
[ 2398.174086] Node 1 hugepages_total=4 hugepages_free=4
hugepages_surp=0 hugepages_size=1048576kB
[ 2398.174087] 349544 total pagecache pages
[ 2398.174088] 1437 pages in swap cache
[ 2398.174089] Swap cache stats: add 123697, delete 122260, find 494/864
[ 2398.174089] Free swap  = 15939856kB
[ 2398.174090] Total swap = 16383996kB
[ 2398.174091] 8331071 pages RAM
[ 2398.174091] 0 pages HighMem/MovableOnly
[ 2398.174092] 152036 pages reserved
[ 2398.174092] 0 pages hwpoisoned
[ 2398.174093] [ pid ]   uid  tgid total_vm      rss nr_ptes nr_pmds
swapents oom_score_adj name
[ 2398.174100] [ 1320]     0  1320    48262     8426      94       3
    54             0 systemd-journal
[ 2398.174102] [ 1339]     0  1339    29859      366      26       3
    87             0 lvmetad
[ 2398.174104] [ 1366]     0  1366    10952      785      25       3
    86         -1000 systemd-udevd
[ 2398.174106] [ 1546]     0  1546    12258      463      25       3
   109         -1000 auditd
[ 2398.174108] [ 1557]     0  1557     4192      376      14       3
    44             0 alsactl
[ 2398.174110] [ 1558]     0  1558    95630      677      42       4
   498             0 accounts-daemon
[ 2398.174112] [ 1559]   172  1559    41156      423      17       4
    42             0 rtkit-daemon
[ 2398.174113] [ 1560]     0  1560    82920      496      63       3
   304             0 ModemManager
[ 2398.174115] [ 1561]    70  1561     7285      769      20       3
    36             0 avahi-daemon
[ 2398.174117] [ 1562]     0  1562     4322      530      14       3
    29             0 irqbalance
[ 2398.174119] [ 1563]     0  1563     6104      505      18       3
   127             0 smartd
[ 2398.174120] [ 1566]     0  1566     1091      320       7       3
    37             0 rngd
[ 2398.174122] [ 1567]     0  1567   176613     1342      58       4
  1280             0 rsyslogd
[ 2398.174124] [ 1570]    81  1570    12151      865      28       3
   110          -900 dbus-daemon
[ 2398.174126] [ 1571]    70  1571     6990        8      18       3
    48             0 avahi-daemon
[ 2398.174127] [ 1574]   991  1574    28962      527      27       3
    56             0 chronyd
[ 2398.174129] [ 1590]     0  1590     6062      476      16       3
    85             0 systemd-logind
[ 2398.174131] [ 1598]     0  1598   134629      609      77       3
   537             0 NetworkManager
[ 2398.174133] [ 1602]     0  1602     1620      388       9       3
    32             0 mcelog
[ 2398.174134] [ 1604]     0  1604    52255      533      53       3
   392             0 abrtd
[ 2398.174136] [ 1605]     0  1605   148115      788      63       4
   419             0 abrt-dump-journ
[ 2398.174138] [ 1613]     0  1613    51691      859      51       3
     0             0 abrt-watch-log
[ 2398.174139] [ 1622]     0  1622    50497      398      40       3
    72             0 gssproxy
[ 2398.174141] [ 1649]   995  1649   132342     1393      54       4
   868             0 polkitd
[ 2398.174143] [ 1690]     0  1690    20216      521      44       3
   200         -1000 sshd
[ 2398.174144] [ 1708]     0  1708     5945      453      17       3
    47             0 atd
[ 2398.174146] [ 1710]     0  1710    31112      477      18       3
   149             0 crond
[ 2398.174148] [ 1719]  1000  1719     9562      872      24       3
   173             0 systemd
[ 2398.174150] [ 1721]  1000  1721    18884      834      36       3
   275             0 (sd-pam)
[ 2398.174151] [ 1726]     0  1726    72807      611      47       3
   304             0 sddm
[ 2398.174153] [ 1766]  1000  1762   104309     4557     160       3
     0             0 Xvnc
[ 2398.174155] [ 1765]     0  1765    97080    14901     145       3
  1895             0 Xorg.bin
[ 2398.174157] [ 1803]   989  1803     9562      872      23       3
   172             0 systemd
[ 2398.174158] [ 1804]   989  1804    18884      905      36       3
   204             0 (sd-pam)
[ 2398.174160] [ 1829]   989  1829     4015      251      13       3
     6             0 dbus-launch
[ 2398.174162] [ 1830]   989  1830    11712      268      27       3
    89             0 dbus-daemon
[ 2398.174164] [ 1834]  1000  1834    23696      812      49       4
     0             0 vncconfig
[ 2398.174165] [ 1836]  1000  1836    28369      430      11       3
     1             0 startkde
[ 2398.174167] [ 1845]  1000  1845     4015      216      13       3
    40             0 dbus-launch
[ 2398.174169] [ 1846]  1000  1846    11835      309      26       3
   167             0 dbus-daemon
[ 2398.174170] [ 1874]  1000  1874    13333      143      28       4
     3             0 ssh-agent
[ 2398.174172] [ 1903]  1000  1903    30532      218      15       3
    57             0 gpg-agent
[ 2398.174174] [ 1916]  1000  1916     1039       21       7       3
     0             0 start_kdeinit
[ 2398.174176] [ 1917]  1000  1917   138582     3030     187       4
   802             0 kdeinit4
[ 2398.174177] [ 1918]  1000  1918   139537     2039     174       4
   703             0 klauncher
[ 2398.174179] [ 1920]  1000  1920   736249     4516     356       6
  1991             0 kded4
[ 2398.174180] [ 1922]  1000  1922     2989      391      11       3
    50             0 gam_server
[ 2398.174182] [ 1926]  1000  1926   161611     2254     213       4
  1215             0 kglobalaccel
[ 2398.174184] [ 1958]   994  1958   100413     1256      48       3
   113             0 colord
[ 2398.174186] [ 1961]  1000  1961     1073      144       8       3
    22             0 kwrapper4
[ 2398.174188] [ 1962]  1000  1962   181547     2753     218       4
   687             0 ksmserver
[ 2398.174189] [ 1967]  1000  1967   207481     2152     162       4
   467             0 kactivitymanage
[ 2398.174191] [ 1968]     0  1968   108528      649      61       3
   308             0 upowerd
[ 2398.174193] [ 1989]     0  1989   107952      655      44       3
   194             0 udisksd
[ 2398.174195] [ 2021]  1000  2021   762607     5534     272       5
  1865             0 kwin
[ 2398.174196] [ 2050]  1000  2050   118825     4097     160       3
   542             0 baloo_file
[ 2398.174198] [ 2065]     0  2065   174636    12089     176       4
   418             0 packagekitd
[ 2398.174200] [ 2071]  1000  2071   109698     1427     147       4
   680             0 kuiserver
[ 2398.174202] [ 2073]  1000  2073    58632      586      49       3
   264             0 mission-control
[ 2398.174203] [ 2074]     0  2074     8083      458      20       3
    89             0 bluetoothd
[ 2398.174205] [ 2075]     0  2075    61086     1009      79       3
     8             0 sddm-helper
[ 2398.174207] [ 2109]  1001  2109     9563      890      24       3
   178             0 systemd
[ 2398.174209] [ 2110]  1001  2110    18884      788      36       3
   326             0 (sd-pam)
[ 2398.174211] [ 2116]  1001  2116    28369      362      12       3
    62             0 startkde
[ 2398.174212] [ 2168]  1001  2168     4015      196      12       3
    66             0 dbus-launch
[ 2398.174214] [ 2169]  1001  2169    11805      473      27       3
    23             0 dbus-daemon
[ 2398.174216] [ 2200]  1001  2200    13333      143      28       3
     4             0 ssh-agent
[ 2398.174217] [ 2252]  1001  2252    30531      180      14       3
    47             0 gpg-agent
[ 2398.174219] [ 2265]  1001  2265   114260     1559     154       4
   747             0 kwalletd
[ 2398.174221] [ 2275]  1001  2275     2989      398      12       3
    48             0 gam_server
[ 2398.174223] [ 2283]  1000  2283   119072      484      93       3
   345             0 pulseaudio
[ 2398.174224] [ 2286]  1001  2286     1039        0       7       3
    21             0 start_kdeinit
[ 2398.174226] [ 2287]  1000  2287   233901     3637     287       4
  3554             0 krunner
[ 2398.174228] [ 2288]  1000  2288    29139      462      28       3
   122             0 xsettings-kde
[ 2398.174229] [ 2291]  1001  2291   138584     2381     186       4
  1460             0 kdeinit4
[ 2398.174231] [ 2303]  1001  2303   139539     1236     173       4
  1290             0 klauncher
[ 2398.174233] [ 2304]  1000  2304   222646     3577     231       4
  1903             0 kmix
[ 2398.174235] [ 2318]  1001  2318   737850     3343     356       6
  2869             0 kded4
[ 2398.174236] [ 2319]  1000  2319   124813     2105     177       4
  3879             0 krfb
[ 2398.174238] [ 2328]  1000  2328   188073     5718     232       4
  1920             0 konsole
[ 2398.174240] [ 2330]  1000  2330   165241     3028     220       4
  1261             0 kwalletd
[ 2398.174242] [ 2335]  1000  2335   133538     1078     164       4
  1244             0 polkit-kde-auth
[ 2398.174243] [ 2336]  1000  2336   163057     2127     217       4
  1427             0 klipper
[ 2398.174245] [ 2344]  1001  2344   161613     2154     212       4
  1338             0 kglobalaccel
[ 2398.174247] [ 2346]     0  2346    27577      416      10       3
     0             0 agetty
[ 2398.174248] [ 2372]  1000  2372    29461      380      13       3
   645             0 bash
[ 2398.174250] [ 2378]  1000  2378    29461      394      14       3
   645             0 bash
[ 2398.174252] [ 2384]  1000  2384    29461      394      15       3
   645             0 bash
[ 2398.174254] [ 2400]  1000  2400   143931     2516     179       3
   583             0 knotify4
[ 2398.174256] [ 2515]  1001  2515   244347     1216     169       4
  1330             0 kactivitymanage
[ 2398.174257] [ 2521]  1001  2521     1073      151       7       3
     0             0 kwrapper4
[ 2398.174259] [ 2522]  1001  2522   181563     1422     218       4
  2058             0 ksmserver
[ 2398.174261] [ 2538]  1001  2538   762667     6417     268       5
   636             0 kwin
[ 2398.174262] [ 2560]     0  2560    27457      785      58       4
     0             0 login
[ 2398.174264] [ 2569]  1001  2569   947139     7500     406       6
 16353             0 plasma-desktop
[ 2398.174266] [ 2570]  1001  2570   137027     3393     160       4
   790             0 baloo_file
[ 2398.174267] [ 2587]  1001  2587   109700     1396     150       3
   680             0 kuiserver
[ 2398.174269] [ 2589]  1001  2589    58631      844      49       4
    22             0 mission-control
[ 2398.174271] [ 2644]  1001  2644   233841     2701     285       4
  4059             0 krunner
[ 2398.174272] [ 2645]  1001  2645    29139      567      28       3
     0             0 xsettings-kde
[ 2398.174274] [ 2650]  1001  2650   163058     1518     217       4
  2009             0 klipper
[ 2398.174276] [ 2652]  1001  2652   133536     2005     164       3
   317             0 polkit-kde-auth
[ 2398.174278] [ 2653]  1001  2653   222676     3217     230       4
  2288             0 kmix
[ 2398.174279] [ 2656]  1001  2656   119066      641      93       3
   224             0 pulseaudio
[ 2398.174281] [ 2675]  1001  2675   143932     1721     180       3
  1384             0 knotify4
[ 2398.174283] [ 2735]  1001  2735    29484      589      13       3
   448             0 bash
[ 2398.174285] [ 3006]     0  3006    26613      394      47       3
   260          -900 cagibid
[ 2398.174287] [ 3026]  1001  3026   209489     4366     243       4
  2015             0 dolphin
[ 2398.174288] [ 3043]  1001  3043   186923     4954     228       4
  1432             0 konsole
[ 2398.174290] [ 3049]  1001  3049    29490      611      14       3
   472             0 bash
[ 2398.174292] [ 3670]     0  3670    30129      574      60       3
  3094             0 dhclient
[ 2398.174293] [ 3678]     0  3678    30129      396      57       3
  3085             0 dhclient
[ 2398.174295] [ 3713]     0  3713    34031      909      70       3
     3             0 sshd
[ 2398.174297] [ 3836]  1001  3836    34031      625      68       3
    42             0 sshd
[ 2398.174299] [ 3838]  1001  3838    29519     1049      15       3
    56             0 bash
[ 2398.174301] [18056]     0 18056    57238      815      67       3
     0             0 sudo
[ 2398.174303] [18057]     0 18057    28534      385      14       3
   223             0 runltp
[ 2398.174304] [18171]     0 18171     1856      312       9       3
    29             0 ltp-pan
[ 2398.174306] [18172]     0 18172     2160      373      10       3
    33             0 cpuset01
[ 2398.174308] [18174]     0 18174     2160        1      10       3
    32             0 cpuset01
[ 2398.174310] [18175]     0 18175     2160      151      10       3
    27             0 cpuset01
[ 2398.174311] [18176]     0 18176     2170      152      10       3
    26             0 cpuset01
[ 2398.174313] [18177]     0 18177     2170      152      10       3
    26             0 cpuset01
[ 2398.174315] [18178]     0 18178     2170      148      10       3
    30             0 cpuset01
[ 2398.174316] [18179]     0 18179     2170      153      10       3
    25             0 cpuset01
[ 2398.174318] [18180]     0 18180     2170      152      10       3
    26             0 cpuset01
[ 2398.174320] [18181]     0 18181     2170      153      10       3
    25             0 cpuset01
[ 2398.174322] [18182]     0 18182     2170      150      10       3
    28             0 cpuset01
[ 2398.174323] [18183]     0 18183     2170      151      10       3
    27             0 cpuset01
[ 2398.174325] [18184]     0 18184     2170      153      10       3
    25             0 cpuset01
[ 2398.174327] [18185]     0 18185     2170      152      10       3
    26             0 cpuset01
[ 2398.174329] [18186]     0 18186     2160      150      10       3
    25             0 cpuset01
[ 2398.174331] [18187]     0 18187     2170      144      10       3
    30             0 cpuset01
[ 2398.174332] [18188]     0 18188     2170      144      10       3
    32             0 cpuset01
[ 2398.174335] Out of memory: Kill process 2569 (plasma-desktop) score
2 or sacrifice child
[ 2398.174353] Killed process 2569 (plasma-desktop)
total-vm:3788556kB, anon-rss:5748kB, file-rss:21796kB,
shmem-rss:2456kB
[ 2398.182059] oom_reaper: reaped process 2569 (plasma-desktop), now
anon-rss:0kB, file-rss:384kB, shmem-rss:2456kB
[ 2398.185127] cpuset01 invoked oom-killer:
gfp_mask=0x24280ca(GFP_HIGHUSER_MOVABLE|__GFP_ZERO), nodemask=1,
order=0, oom_score_adj=0
[ 2398.185128] cpuset01 cpuset=1 mems_allowed=1
[ 2398.185131] CPU: 7 PID: 18188 Comm: cpuset01 Not tainted 4.9.0 #1
[ 2398.185132] Hardware name: Dell Inc. PowerEdge T630/0W9WXC, BIOS
1.0.4 08/29/2014
[ 2398.185133]  ffffc9000c1afb18 ffffffff813c771e ffffc9000c1afca0
ffff880868c5ee00
[ 2398.185136]  ffffc9000c1afb90 ffffffff8123aa94 0000000000000000
0000000000000000
[ 2398.185138]  ffff88086c940000 ffffc9000c1afb60 ffffffff8120f582
ffffc9000c1afb80
[ 2398.185140] Call Trace:
[ 2398.185144]  [<ffffffff813c771e>] dump_stack+0x63/0x85
[ 2398.185146]  [<ffffffff8123aa94>] dump_header+0x7b/0x1f9
[ 2398.185148]  [<ffffffff8120f582>] ? mempolicy_nodemask_intersects+0x52/0x80
[ 2398.185150]  [<ffffffff8134b455>] ? security_capable_noaudit+0x45/0x60
[ 2398.185153]  [<ffffffff811b39c3>] oom_kill_process+0x213/0x3e0
[ 2398.185154]  [<ffffffff811b3eb0>] out_of_memory+0x140/0x4c0
[ 2398.185156]  [<ffffffff811b97df>] __alloc_pages_slowpath+0xa9f/0xac0
[ 2398.185159]  [<ffffffff811b9ac5>] __alloc_pages_nodemask+0x2c5/0x310
[ 2398.185161]  [<ffffffff8120f663>] alloc_pages_vma+0xb3/0x260
[ 2398.185163]  [<ffffffff811e0534>] ? anon_vma_interval_tree_insert+0x84/0x90
[ 2398.185166]  [<ffffffff811ea42c>] handle_mm_fault+0x129c/0x1550
[ 2398.185168]  [<ffffffff813d65bb>] ? call_rwsem_wake+0x1b/0x30
[ 2398.185171]  [<ffffffff8106a362>] __do_page_fault+0x222/0x4b0
[ 2398.185173]  [<ffffffff8106a61f>] do_page_fault+0x2f/0x80
[ 2398.185175]  [<ffffffff817ca588>] page_fault+0x28/0x30
[ 2398.185176] Mem-Info:
[ 2398.185182] active_anon:55405 inactive_anon:7617 isolated_anon:0
 active_file:204898 inactive_file:136170 isolated_file:0
 unevictable:16 dirty:114 writeback:1403 unstable:0
 slab_reclaimable:40274 slab_unreclaimable:21092
 mapped:25059 shmem:6876 pagetables:11012 bounce:0
 free:5543657 free_pcp:503 free_cma:0
[ 2398.185191] Node 0 active_anon:217348kB inactive_anon:25732kB
active_file:819064kB inactive_file:544476kB unevictable:60kB
isolated(anon):0kB isolated(file):0kB mapped:98688kB dirty:456kB
writeback:512kB shmem:0kB shmem_thp: 0kB shmem_pmdmapped: 0kB
anon_thp: 25780kB writeback_tmp:0kB unstable:0kB pages_scanned:0
all_unreclaimable? no
[ 2398.185200] Node 1 active_anon:4272kB inactive_anon:4736kB
active_file:528kB inactive_file:204kB unevictable:4kB
isolated(anon):0kB isolated(file):0kB mapped:1548kB dirty:0kB
writeback:5100kB shmem:0kB shmem_thp: 0kB shmem_pmdmapped: 0kB
anon_thp: 1724kB writeback_tmp:0kB unstable:0kB pages_scanned:16433
all_unreclaimable? yes
[ 2398.185203] Node 1 Normal free:12046996kB min:45532kB low:62044kB
high:78556kB active_anon:4272kB inactive_anon:4736kB active_file:528kB
inactive_file:204kB unevictable:4kB writepending:5100kB
present:16777216kB managed:16512808kB mlocked:4kB
slab_reclaimable:37876kB slab_unreclaimable:42856kB
kernel_stack:4248kB pagetables:26644kB bounce:0kB free_pcp:1944kB
local_pcp:252kB free_cma:0kB
[ 2398.185207] lowmem_reserve[]: 0 0 0 0
[ 2398.185210] Node 1 Normal: 889*4kB (UME) 1308*8kB (UME) 1034*16kB
(UME) 742*32kB (UME) 581*64kB (UME) 450*128kB (UME) 362*256kB (UME)
275*512kB (ME) 189*1024kB (UM) 117*2048kB (ME) 2742*4096kB (M) =
12046948kB
[ 2398.185223] Node 0 hugepages_total=4 hugepages_free=4
hugepages_surp=0 hugepages_size=1048576kB
[ 2398.185224] Node 1 hugepages_total=4 hugepages_free=4
hugepages_surp=0 hugepages_size=1048576kB
[ 2398.185225] 349544 total pagecache pages
[ 2398.185226] 1448 pages in swap cache
[ 2398.185226] Swap cache stats: add 123708, delete 122260, find 494/871
[ 2398.185227] Free swap  = 16000184kB
[ 2398.185228] Total swap = 16383996kB
[ 2398.185229] 8331071 pages RAM
[ 2398.185230] 0 pages HighMem/MovableOnly
[ 2398.185230] 152036 pages reserved
[ 2398.185231] 0 pages hwpoisoned
[ 2398.185231] [ pid ]   uid  tgid total_vm      rss nr_ptes nr_pmds
swapents oom_score_adj name
[ 2398.185239] [ 1320]     0  1320    48262     8426      94       3
    54             0 systemd-journal
[ 2398.185241] [ 1339]     0  1339    29859      366      26       3
    87             0 lvmetad
[ 2398.185243] [ 1366]     0  1366    10952      785      25       3
    86         -1000 systemd-udevd
[ 2398.185245] [ 1546]     0  1546    12258      463      25       3
   109         -1000 auditd
[ 2398.185247] [ 1557]     0  1557     4192      376      14       3
    44             0 alsactl
[ 2398.185249] [ 1558]     0  1558    95630      677      42       4
   498             0 accounts-daemon
[ 2398.185250] [ 1559]   172  1559    41156      423      17       4
    42             0 rtkit-daemon
[ 2398.185252] [ 1560]     0  1560    82920      496      63       3
   304             0 ModemManager
[ 2398.185254] [ 1561]    70  1561     7285      769      20       3
    36             0 avahi-daemon
[ 2398.185256] [ 1562]     0  1562     4322      530      14       3
    29             0 irqbalance
[ 2398.185257] [ 1563]     0  1563     6104      505      18       3
   127             0 smartd
[ 2398.185259] [ 1566]     0  1566     1091      320       7       3
    37             0 rngd
[ 2398.185261] [ 1567]     0  1567   176613     1408      58       4
  1280             0 rsyslogd
[ 2398.185263] [ 1570]    81  1570    12151      865      28       3
   110          -900 dbus-daemon
[ 2398.185265] [ 1571]    70  1571     6990        8      18       3
    48             0 avahi-daemon
[ 2398.185266] [ 1574]   991  1574    28962      527      27       3
    56             0 chronyd
[ 2398.185268] [ 1590]     0  1590     6062      476      16       3
    85             0 systemd-logind
[ 2398.185270] [ 1598]     0  1598   134629      609      77       3
   537             0 NetworkManager
[ 2398.185272] [ 1602]     0  1602     1620      388       9       3
    32             0 mcelog
[ 2398.185273] [ 1604]     0  1604    52255      533      53       3
   392             0 abrtd
[ 2398.185275] [ 1605]     0  1605   148115      788      63       4
   419             0 abrt-dump-journ
[ 2398.185277] [ 1613]     0  1613    51691      859      51       3
     0             0 abrt-watch-log
[ 2398.185278] [ 1622]     0  1622    50497      398      40       3
    72             0 gssproxy
[ 2398.185280] [ 1649]   995  1649   132342     1393      54       4
   868             0 polkitd
[ 2398.185282] [ 1690]     0  1690    20216      521      44       3
   200         -1000 sshd
[ 2398.185284] [ 1708]     0  1708     5945      453      17       3
    47             0 atd
[ 2398.185285] [ 1710]     0  1710    31112      477      18       3
   149             0 crond
[ 2398.185287] [ 1719]  1000  1719     9562      872      24       3
   173             0 systemd
[ 2398.185289] [ 1721]  1000  1721    18884      834      36       3
   275             0 (sd-pam)
[ 2398.185290] [ 1726]     0  1726    72807      611      47       3
   304             0 sddm
[ 2398.185292] [ 1766]  1000  1762   104309     4557     160       3
     0             0 Xvnc
[ 2398.185294] [ 1765]     0  1765    97080    14901     145       3
  1895             0 Xorg.bin
[ 2398.185296] [ 1803]   989  1803     9562      872      23       3
   172             0 systemd
[ 2398.185297] [ 1804]   989  1804    18884      905      36       3
   204             0 (sd-pam)
[ 2398.185299] [ 1829]   989  1829     4015      251      13       3
     6             0 dbus-launch
[ 2398.185301] [ 1830]   989  1830    11712      268      27       3
    89             0 dbus-daemon
[ 2398.185303] [ 1834]  1000  1834    23696      812      49       4
     0             0 vncconfig
[ 2398.185304] [ 1836]  1000  1836    28369      430      11       3
     1             0 startkde
[ 2398.185306] [ 1845]  1000  1845     4015      216      13       3
    40             0 dbus-launch
[ 2398.185308] [ 1846]  1000  1846    11835      309      26       3
   167             0 dbus-daemon
[ 2398.185310] [ 1874]  1000  1874    13333      143      28       4
     3             0 ssh-agent
[ 2398.185311] [ 1903]  1000  1903    30532      218      15       3
    57             0 gpg-agent
[ 2398.185313] [ 1916]  1000  1916     1039       21       7       3
     0             0 start_kdeinit
[ 2398.185315] [ 1917]  1000  1917   138582     3030     187       4
   802             0 kdeinit4
[ 2398.185316] [ 1918]  1000  1918   139537     2039     174       4
   703             0 klauncher
[ 2398.185318] [ 1920]  1000  1920   736249     4516     356       6
  1991             0 kded4
[ 2398.185320] [ 1922]  1000  1922     2989      391      11       3
    50             0 gam_server
[ 2398.185322] [ 1926]  1000  1926   161611     2254     213       4
  1215             0 kglobalaccel
[ 2398.185323] [ 1958]   994  1958   100413     1256      48       3
   113             0 colord
[ 2398.185325] [ 1961]  1000  1961     1073      144       8       3
    22             0 kwrapper4
[ 2398.185327] [ 1962]  1000  1962   181547     2753     218       4
   687             0 ksmserver
[ 2398.185328] [ 1967]  1000  1967   207481     2152     162       4
   467             0 kactivitymanage
[ 2398.185330] [ 1968]     0  1968   108528      649      61       3
   308             0 upowerd
[ 2398.185332] [ 1989]     0  1989   107952      655      44       3
   194             0 udisksd
[ 2398.185334] [ 2021]  1000  2021   762607     5534     272       5
  1865             0 kwin
[ 2398.185335] [ 2050]  1000  2050   118825     4097     160       3
   542             0 baloo_file
[ 2398.185337] [ 2065]     0  2065   174636    12089     176       4
   418             0 packagekitd
[ 2398.185339] [ 2071]  1000  2071   109698     1427     147       4
   680             0 kuiserver
[ 2398.185341] [ 2073]  1000  2073    58632      586      49       3
   264             0 mission-control
[ 2398.185342] [ 2074]     0  2074     8083      458      20       3
    89             0 bluetoothd
[ 2398.185344] [ 2075]     0  2075    61086     1009      79       3
     8             0 sddm-helper
[ 2398.185346] [ 2109]  1001  2109     9563      890      24       3
   178             0 systemd
[ 2398.185348] [ 2110]  1001  2110    18884      788      36       3
   326             0 (sd-pam)
[ 2398.185349] [ 2116]  1001  2116    28369      362      12       3
    62             0 startkde
[ 2398.185351] [ 2168]  1001  2168     4015      196      12       3
    66             0 dbus-launch
[ 2398.185353] [ 2169]  1001  2169    11805      473      27       3
    23             0 dbus-daemon
[ 2398.185354] [ 2200]  1001  2200    13333      143      28       3
     4             0 ssh-agent
[ 2398.185356] [ 2252]  1001  2252    30531      180      14       3
    47             0 gpg-agent
[ 2398.185358] [ 2265]  1001  2265   114260     1559     154       4
   747             0 kwalletd
[ 2398.185360] [ 2275]  1001  2275     2989      398      12       3
    48             0 gam_server
[ 2398.185361] [ 2283]  1000  2283   119072      484      93       3
   345             0 pulseaudio
[ 2398.185363] [ 2286]  1001  2286     1039        0       7       3
    21             0 start_kdeinit
[ 2398.185365] [ 2287]  1000  2287   233901     3637     287       4
  3554             0 krunner
[ 2398.185366] [ 2288]  1000  2288    29139      462      28       3
   122             0 xsettings-kde
[ 2398.185368] [ 2291]  1001  2291   138584     2381     186       4
  1460             0 kdeinit4
[ 2398.185370] [ 2303]  1001  2303   139539     1236     173       4
  1290             0 klauncher
[ 2398.185372] [ 2304]  1000  2304   222646     3577     231       4
  1903             0 kmix
[ 2398.185373] [ 2318]  1001  2318   737850     3343     356       6
  2869             0 kded4
[ 2398.185375] [ 2319]  1000  2319   124813     2105     177       4
  3879             0 krfb
[ 2398.185377] [ 2328]  1000  2328   188073     5718     232       4
  1920             0 konsole
[ 2398.185378] [ 2330]  1000  2330   165241     3028     220       4
  1261             0 kwalletd
[ 2398.185380] [ 2335]  1000  2335   133538     1078     164       4
  1244             0 polkit-kde-auth
[ 2398.185382] [ 2336]  1000  2336   163057     2127     217       4
  1427             0 klipper
[ 2398.185384] [ 2344]  1001  2344   161613     2154     212       4
  1338             0 kglobalaccel
[ 2398.185385] [ 2346]     0  2346    27577      416      10       3
     0             0 agetty
[ 2398.185387] [ 2372]  1000  2372    29461      380      13       3
   645             0 bash
[ 2398.185389] [ 2378]  1000  2378    29461      394      14       3
   645             0 bash
[ 2398.185390] [ 2384]  1000  2384    29461      394      15       3
   645             0 bash
[ 2398.185392] [ 2400]  1000  2400   143931     2516     179       3
   583             0 knotify4
[ 2398.185394] [ 2515]  1001  2515   244347     1216     169       4
  1330             0 kactivitymanage
[ 2398.185395] [ 2521]  1001  2521     1073      151       7       3
     0             0 kwrapper4
[ 2398.185397] [ 2522]  1001  2522   181563     1422     218       4
  2058             0 ksmserver
[ 2398.185399] [ 2538]  1001  2538   762667     6417     268       5
   636             0 kwin
[ 2398.185400] [ 2560]     0  2560    27457      785      58       4
     0             0 login
[ 2398.185403] [ 2569]  1001  2569   947139      710     406       6
     0             0 plasma-desktop
[ 2398.185404] [ 2570]  1001  2570   137027     3393     160       4
   790             0 baloo_file
[ 2398.185406] [ 2587]  1001  2587   109700     1396     150       3
   680             0 kuiserver
[ 2398.185408] [ 2589]  1001  2589    58631      844      49       4
    22             0 mission-control
[ 2398.185410] [ 2644]  1001  2644   233841     2701     285       4
  4059             0 krunner
[ 2398.185411] [ 2645]  1001  2645    29139      567      28       3
     0             0 xsettings-kde
[ 2398.185413] [ 2650]  1001  2650   163058     1518     217       4
  2009             0 klipper
[ 2398.185415] [ 2652]  1001  2652   133536     2005     164       3
   317             0 polkit-kde-auth
[ 2398.185416] [ 2653]  1001  2653   222676     3217     230       4
  2288             0 kmix
[ 2398.185418] [ 2656]  1001  2656   119066      641      93       3
   224             0 pulseaudio
[ 2398.185420] [ 2675]  1001  2675   143932     1721     180       3
  1384             0 knotify4
[ 2398.185421] [ 2735]  1001  2735    29484      589      13       3
   448             0 bash
[ 2398.185423] [ 3006]     0  3006    26613      394      47       3
   260          -900 cagibid
[ 2398.185425] [ 3026]  1001  3026   209489     4366     243       4
  2015             0 dolphin
[ 2398.185427] [ 3043]  1001  3043   186923     4954     228       4
  1432             0 konsole
[ 2398.185428] [ 3049]  1001  3049    29490      611      14       3
   472             0 bash
[ 2398.185430] [ 3670]     0  3670    30129      574      60       3
  3094             0 dhclient
[ 2398.185432] [ 3678]     0  3678    30129      396      57       3
  3085             0 dhclient
[ 2398.185434] [ 3713]     0  3713    34031      909      70       3
     3             0 sshd
[ 2398.185435] [ 3836]  1001  3836    34031      625      68       3
    42             0 sshd
[ 2398.185437] [ 3838]  1001  3838    29519     1049      15       3
    56             0 bash
[ 2398.185439] [18056]     0 18056    57238      815      67       3
     0             0 sudo
[ 2398.185441] [18057]     0 18057    28534      385      14       3
   223             0 runltp
[ 2398.185443] [18171]     0 18171     1856      312       9       3
    29             0 ltp-pan
[ 2398.185445] [18172]     0 18172     2160      373      10       3
    33             0 cpuset01
[ 2398.185446] [18174]     0 18174     2160        1      10       3
    32             0 cpuset01
[ 2398.185448] [18175]     0 18175     2170      151      10       3
    27             0 cpuset01
[ 2398.185450] [18176]     0 18176     2170      152      10       3
    26             0 cpuset01
[ 2398.185452] [18177]     0 18177     2170      152      10       3
    26             0 cpuset01
[ 2398.185453] [18178]     0 18178     2170      148      10       3
    30             0 cpuset01
[ 2398.185455] [18179]     0 18179     2170      153      10       3
    25             0 cpuset01
[ 2398.185457] [18180]     0 18180     2170      152      10       3
    26             0 cpuset01
[ 2398.185459] [18181]     0 18181     2170      153      10       3
    25             0 cpuset01
[ 2398.185460] [18182]     0 18182     2170      150      10       3
    28             0 cpuset01
[ 2398.185462] [18183]     0 18183     2170      151      10       3
    27             0 cpuset01
[ 2398.185464] [18184]     0 18184     2170      153      10       3
    25             0 cpuset01
[ 2398.185465] [18185]     0 18185     2170      152      10       3
    26             0 cpuset01
[ 2398.185467] [18186]     0 18186     2170      150      10       3
    25             0 cpuset01
[ 2398.185469] [18187]     0 18187     2170      144      10       3
    30             0 cpuset01
[ 2398.185471] [18188]     0 18188     2170      144      10       3
    32             0 cpuset01
[ 2398.185474] Out of memory: Kill process 1765 (Xorg.bin) score 1 or
sacrifice child
[ 2398.185521] Killed process 1765 (Xorg.bin) total-vm:388320kB,
anon-rss:42844kB, file-rss:7988kB, shmem-rss:8772kB
[ 2398.191806] oom_reaper: reaped process 1765 (Xorg.bin), now
anon-rss:0kB, file-rss:0kB, shmem-rss:8772kB
[ 2398.194993] cpuset01 invoked oom-killer:
gfp_mask=0x24280ca(GFP_HIGHUSER_MOVABLE|__GFP_ZERO), nodemask=1,
order=0, oom_score_adj=0
[ 2398.194994] cpuset01 cpuset=1 mems_allowed=1
[ 2398.194997] CPU: 7 PID: 18188 Comm: cpuset01 Not tainted 4.9.0 #1
[ 2398.194998] Hardware name: Dell Inc. PowerEdge T630/0W9WXC, BIOS
1.0.4 08/29/2014
[ 2398.194999]  ffffc9000c1afb18 ffffffff813c771e ffffc9000c1afca0
ffff880466fb0000
[ 2398.195002]  ffffc9000c1afb90 ffffffff8123aa94 0000000000000000
0000000000000000
[ 2398.195004]  ffffc9000c1afbe0 ffffc9000c1afb60 ffffffff8120f582
ffffc9000c1afb80
[ 2398.195006] Call Trace:
[ 2398.195010]  [<ffffffff813c771e>] dump_stack+0x63/0x85
[ 2398.195012]  [<ffffffff8123aa94>] dump_header+0x7b/0x1f9
[ 2398.195014]  [<ffffffff8120f582>] ? mempolicy_nodemask_intersects+0x52/0x80
[ 2398.195017]  [<ffffffff8134b455>] ? security_capable_noaudit+0x45/0x60
[ 2398.195019]  [<ffffffff811b39c3>] oom_kill_process+0x213/0x3e0
[ 2398.195021]  [<ffffffff811b3eb0>] out_of_memory+0x140/0x4c0
[ 2398.195023]  [<ffffffff811b97df>] __alloc_pages_slowpath+0xa9f/0xac0
[ 2398.195025]  [<ffffffff811b9ac5>] __alloc_pages_nodemask+0x2c5/0x310
[ 2398.195027]  [<ffffffff8120f663>] alloc_pages_vma+0xb3/0x260
[ 2398.195030]  [<ffffffff811e0534>] ? anon_vma_interval_tree_insert+0x84/0x90
[ 2398.195032]  [<ffffffff811ea42c>] handle_mm_fault+0x129c/0x1550
[ 2398.195035]  [<ffffffff813d65bb>] ? call_rwsem_wake+0x1b/0x30
[ 2398.195037]  [<ffffffff8106a362>] __do_page_fault+0x222/0x4b0
[ 2398.195039]  [<ffffffff8106a61f>] do_page_fault+0x2f/0x80
[ 2398.195042]  [<ffffffff817ca588>] page_fault+0x28/0x30
[ 2398.195043] Mem-Info:
[ 2398.195048] active_anon:44632 inactive_anon:7617 isolated_anon:0
 active_file:204979 inactive_file:136089 isolated_file:0
 unevictable:16 dirty:114 writeback:1403 unstable:0
 slab_reclaimable:40274 slab_unreclaimable:21092
 mapped:23763 shmem:6876 pagetables:11012 bounce:0
 free:5554254 free_pcp:484 free_cma:0
[ 2398.195058] Node 0 active_anon:174256kB inactive_anon:25732kB
active_file:819388kB inactive_file:544152kB unevictable:60kB
isolated(anon):0kB isolated(file):0kB mapped:93504kB dirty:456kB
writeback:512kB shmem:0kB shmem_thp: 0kB shmem_pmdmapped: 0kB
anon_thp: 25780kB writeback_tmp:0kB unstable:0kB pages_scanned:0
all_unreclaimable? no
[ 2398.195068] Node 1 active_anon:4272kB inactive_anon:4736kB
active_file:528kB inactive_file:204kB unevictable:4kB
isolated(anon):0kB isolated(file):0kB mapped:1548kB dirty:0kB
writeback:5100kB shmem:0kB shmem_thp: 0kB shmem_pmdmapped: 0kB
anon_thp: 1724kB writeback_tmp:0kB unstable:0kB pages_scanned:16433
all_unreclaimable? yes
[ 2398.195070] Node 1 Normal free:12046616kB min:45532kB low:62044kB
high:78556kB active_anon:4272kB inactive_anon:4736kB active_file:528kB
inactive_file:204kB unevictable:4kB writepending:5100kB
present:16777216kB managed:16512808kB mlocked:4kB
slab_reclaimable:37876kB slab_unreclaimable:42856kB
kernel_stack:4248kB pagetables:26644kB bounce:0kB free_pcp:1960kB
local_pcp:216kB free_cma:0kB
[ 2398.195074] lowmem_reserve[]: 0 0 0 0
[ 2398.195078] Node 1 Normal: 864*4kB (UE) 1304*8kB (UME) 1034*16kB
(UME) 742*32kB (UME) 581*64kB (UME) 450*128kB (UME) 362*256kB (UME)
275*512kB (ME) 189*1024kB (UM) 117*2048kB (ME) 2742*4096kB (M) =
12046816kB
[ 2398.195091] Node 0 hugepages_total=4 hugepages_free=4
hugepages_surp=0 hugepages_size=1048576kB
[ 2398.195092] Node 1 hugepages_total=4 hugepages_free=4
hugepages_surp=0 hugepages_size=1048576kB
[ 2398.195093] 349544 total pagecache pages
[ 2398.195094] 1464 pages in swap cache
[ 2398.195095] Swap cache stats: add 123724, delete 122260, find 494/887
[ 2398.195096] Free swap  = 16007700kB
[ 2398.195096] Total swap = 16383996kB
[ 2398.195097] 8331071 pages RAM
[ 2398.195098] 0 pages HighMem/MovableOnly
[ 2398.195098] 152036 pages reserved
[ 2398.195099] 0 pages hwpoisoned
[ 2398.195100] [ pid ]   uid  tgid total_vm      rss nr_ptes nr_pmds
swapents oom_score_adj name
[ 2398.195107] [ 1320]     0  1320    48262     8426      94       3
    54             0 systemd-journal
[ 2398.195109] [ 1339]     0  1339    29859      366      26       3
    87             0 lvmetad
